2024-12-11 05:42:20,287 DEBUG loaded <trimesh.Trimesh(vertices.shape=(916, 3), faces.shape=(856, 3))> using `load_obj` in 0.0029s
2024-12-11 05:42:20,436 DEBUG loaded <trimesh.Trimesh(vertices.shape=(48, 3), faces.shape=(28, 3))> using `load_obj` in 0.0007s
2024-12-11 05:42:28,693 DEBUG loaded <trimesh.Trimesh(vertices.shape=(916, 3), faces.shape=(856, 3))> using `load_obj` in 0.0029s
2024-12-11 05:42:28,844 DEBUG loaded <trimesh.Trimesh(vertices.shape=(48, 3), faces.shape=(28, 3))> using `load_obj` in 0.0007s
2024-12-11 05:42:38,908 DEBUG loaded <trimesh.Trimesh(vertices.shape=(916, 3), faces.shape=(856, 3))> using `load_obj` in 0.0030s
2024-12-11 05:42:39,061 DEBUG loaded <trimesh.Trimesh(vertices.shape=(48, 3), faces.shape=(28, 3))> using `load_obj` in 0.0007s
2024-12-11 05:42:48,584 DEBUG loaded <trimesh.Trimesh(vertices.shape=(916, 3), faces.shape=(856, 3))> using `load_obj` in 0.0038s
2024-12-11 05:42:48,771 DEBUG loaded <trimesh.Trimesh(vertices.shape=(48, 3), faces.shape=(28, 3))> using `load_obj` in 0.0007s
2024-12-11 05:42:57,305 DEBUG loaded <trimesh.Trimesh(vertices.shape=(916, 3), faces.shape=(856, 3))> using `load_obj` in 0.0029s
2024-12-11 05:42:57,458 DEBUG loaded <trimesh.Trimesh(vertices.shape=(48, 3), faces.shape=(28, 3))> using `load_obj` in 0.0008s
2024-12-11 05:43:05,381 DEBUG loaded <trimesh.Trimesh(vertices.shape=(916, 3), faces.shape=(856, 3))> using `load_obj` in 0.0040s
2024-12-11 05:43:05,578 DEBUG loaded <trimesh.Trimesh(vertices.shape=(48, 3), faces.shape=(28, 3))> using `load_obj` in 0.0009s
2024-12-11 05:43:14,098 DEBUG loaded <trimesh.Trimesh(vertices.shape=(916, 3), faces.shape=(856, 3))> using `load_obj` in 0.0029s
2024-12-11 05:43:14,247 DEBUG loaded <trimesh.Trimesh(vertices.shape=(48, 3), faces.shape=(28, 3))> using `load_obj` in 0.0007s
2024-12-11 05:43:23,040 DEBUG loaded <trimesh.Trimesh(vertices.shape=(916, 3), faces.shape=(856, 3))> using `load_obj` in 0.0029s
2024-12-11 05:43:23,193 DEBUG loaded <trimesh.Trimesh(vertices.shape=(48, 3), faces.shape=(28, 3))> using `load_obj` in 0.0007s
2024-12-11 05:43:31,546 DEBUG loaded <trimesh.Trimesh(vertices.shape=(916, 3), faces.shape=(856, 3))> using `load_obj` in 0.0029s
2024-12-11 05:43:31,701 DEBUG loaded <trimesh.Trimesh(vertices.shape=(48, 3), faces.shape=(28, 3))> using `load_obj` in 0.0007s
2024-12-11 05:43:39,428 DEBUG loaded <trimesh.Trimesh(vertices.shape=(916, 3), faces.shape=(856, 3))> using `load_obj` in 0.0028s
2024-12-11 05:43:39,574 DEBUG loaded <trimesh.Trimesh(vertices.shape=(48, 3), faces.shape=(28, 3))> using `load_obj` in 0.0007s
2024-12-11 05:43:49,954 DEBUG loaded <trimesh.Trimesh(vertices.shape=(916, 3), faces.shape=(856, 3))> using `load_obj` in 0.0027s
2024-12-11 05:43:50,105 DEBUG loaded <trimesh.Trimesh(vertices.shape=(48, 3), faces.shape=(28, 3))> using `load_obj` in 0.0007s
2024-12-11 05:44:14,889 INFO =====> Skill params: [ 0.92332643  0.77770257  0.70919913  0.04959369 -0.5724409 ]
2024-12-11 05:44:14,889 INFO =====> Grad: [ 2.1229424e+03  5.6297681e+02  5.6219724e-06  4.9821774e+02
 -7.8565230e-05]
2024-12-11 05:44:14,889 INFO =====> Num. aborted data so far: 0
2024-12-11 05:44:14,890 INFO ===========> Epoch: 0 optimisation losses
2024-12-11 05:44:14,890 INFO =====> EMD Loss: 19.855682
2024-12-11 05:44:14,891 INFO =====> Height map loss: 6.792675
2024-12-11 05:44:15,286 DEBUG loaded <trimesh.Trimesh(vertices.shape=(916, 3), faces.shape=(856, 3))> using `load_obj` in 0.0031s
2024-12-11 05:44:15,441 DEBUG loaded <trimesh.Trimesh(vertices.shape=(48, 3), faces.shape=(28, 3))> using `load_obj` in 0.0007s
2024-12-11 05:44:24,415 INFO ==> EMD Loss: 19.614687
2024-12-11 05:44:24,415 INFO ==> Height map loss:  6.650044
2024-12-11 05:44:24,783 DEBUG loaded <trimesh.Trimesh(vertices.shape=(916, 3), faces.shape=(856, 3))> using `load_obj` in 0.0029s
2024-12-11 05:44:24,936 DEBUG loaded <trimesh.Trimesh(vertices.shape=(48, 3), faces.shape=(28, 3))> using `load_obj` in 0.0007s
2024-12-11 05:44:33,719 INFO ==> EMD Loss: 19.654766
2024-12-11 05:44:33,719 INFO ==> Height map loss:  6.577145
2024-12-11 05:44:34,246 DEBUG loaded <trimesh.Trimesh(vertices.shape=(916, 3), faces.shape=(856, 3))> using `load_obj` in 0.0040s
2024-12-11 05:44:34,447 DEBUG loaded <trimesh.Trimesh(vertices.shape=(48, 3), faces.shape=(28, 3))> using `load_obj` in 0.0009s
2024-12-11 05:44:43,703 INFO ==> EMD Loss: 19.780609
2024-12-11 05:44:43,703 INFO ==> Height map loss:  6.602290
2024-12-11 05:44:44,123 DEBUG loaded <trimesh.Trimesh(vertices.shape=(916, 3), faces.shape=(856, 3))> using `load_obj` in 0.0030s
2024-12-11 05:44:44,280 DEBUG loaded <trimesh.Trimesh(vertices.shape=(48, 3), faces.shape=(28, 3))> using `load_obj` in 0.0007s
2024-12-11 05:44:52,779 INFO ==> EMD Loss: 19.886866
2024-12-11 05:44:52,779 INFO ==> Height map loss:  6.885704
2024-12-11 05:44:53,140 DEBUG loaded <trimesh.Trimesh(vertices.shape=(916, 3), faces.shape=(856, 3))> using `load_obj` in 0.0029s
2024-12-11 05:44:53,291 DEBUG loaded <trimesh.Trimesh(vertices.shape=(48, 3), faces.shape=(28, 3))> using `load_obj` in 0.0007s
2024-12-11 05:45:01,238 INFO ==> EMD Loss: 20.173573
2024-12-11 05:45:01,238 INFO ==> Height map loss:  7.352957
2024-12-11 05:45:01,608 DEBUG loaded <trimesh.Trimesh(vertices.shape=(916, 3), faces.shape=(856, 3))> using `load_obj` in 0.0029s
2024-12-11 05:45:01,761 DEBUG loaded <trimesh.Trimesh(vertices.shape=(48, 3), faces.shape=(28, 3))> using `load_obj` in 0.0007s
2024-12-11 05:45:26,419 INFO =====> Skill params: [ 0.8758923   0.7302684   0.7083105   0.00215952 -0.56042516]
2024-12-11 05:45:26,419 INFO =====> Grad: [ 2.7034788e+03 -7.5408112e+02  3.8539034e-05  5.1001389e+02
 -8.2823135e-07]
2024-12-11 05:45:26,419 INFO =====> Num. aborted data so far: 0
2024-12-11 05:45:26,420 INFO ===========> Epoch: 1 optimisation losses
2024-12-11 05:45:26,420 INFO =====> EMD Loss: 19.654728
2024-12-11 05:45:26,420 INFO =====> Height map loss: 6.577157
2024-12-11 05:45:26,811 DEBUG loaded <trimesh.Trimesh(vertices.shape=(916, 3), faces.shape=(856, 3))> using `load_obj` in 0.0031s
2024-12-11 05:45:26,964 DEBUG loaded <trimesh.Trimesh(vertices.shape=(48, 3), faces.shape=(28, 3))> using `load_obj` in 0.0007s
2024-12-11 05:45:36,567 INFO ==> EMD Loss: 19.580793
2024-12-11 05:45:36,567 INFO ==> Height map loss:  6.515933
2024-12-11 05:45:36,935 DEBUG loaded <trimesh.Trimesh(vertices.shape=(916, 3), faces.shape=(856, 3))> using `load_obj` in 0.0030s
2024-12-11 05:45:37,092 DEBUG loaded <trimesh.Trimesh(vertices.shape=(48, 3), faces.shape=(28, 3))> using `load_obj` in 0.0007s
2024-12-11 05:45:46,485 INFO ==> EMD Loss: 20.063931
2024-12-11 05:45:46,485 INFO ==> Height map loss:  6.954869
2024-12-11 05:45:46,964 DEBUG loaded <trimesh.Trimesh(vertices.shape=(916, 3), faces.shape=(856, 3))> using `load_obj` in 0.0038s
2024-12-11 05:45:47,161 DEBUG loaded <trimesh.Trimesh(vertices.shape=(48, 3), faces.shape=(28, 3))> using `load_obj` in 0.0009s
2024-12-11 05:45:56,331 INFO ==> EMD Loss: 20.038633
2024-12-11 05:45:56,331 INFO ==> Height map loss:  6.947058
2024-12-11 05:45:56,695 DEBUG loaded <trimesh.Trimesh(vertices.shape=(916, 3), faces.shape=(856, 3))> using `load_obj` in 0.0029s
2024-12-11 05:45:56,845 DEBUG loaded <trimesh.Trimesh(vertices.shape=(48, 3), faces.shape=(28, 3))> using `load_obj` in 0.0007s
2024-12-11 05:46:06,007 INFO ==> EMD Loss: 20.073582
2024-12-11 05:46:06,007 INFO ==> Height map loss:  6.954555
2024-12-11 05:46:06,378 DEBUG loaded <trimesh.Trimesh(vertices.shape=(916, 3), faces.shape=(856, 3))> using `load_obj` in 0.0030s
2024-12-11 05:46:06,539 DEBUG loaded <trimesh.Trimesh(vertices.shape=(48, 3), faces.shape=(28, 3))> using `load_obj` in 0.0009s
2024-12-11 05:46:16,383 INFO ==> EMD Loss: 20.082813
2024-12-11 05:46:16,383 INFO ==> Height map loss:  6.953859
2024-12-11 05:46:16,751 DEBUG loaded <trimesh.Trimesh(vertices.shape=(916, 3), faces.shape=(856, 3))> using `load_obj` in 0.0030s
2024-12-11 05:46:16,904 DEBUG loaded <trimesh.Trimesh(vertices.shape=(48, 3), faces.shape=(28, 3))> using `load_obj` in 0.0007s
2024-12-11 05:46:41,184 INFO =====> Skill params: [ 0.86828446  0.73801017  0.7070378  -0.00479872 -0.56039846]
2024-12-11 05:46:41,184 INFO =====> Grad: [ 2.5518296e+03 -1.4053633e+03  4.1155490e-06  5.5358289e+02
 -3.0445506e-05]
2024-12-11 05:46:41,184 INFO =====> Num. aborted data so far: 0
2024-12-11 05:46:41,185 INFO ===========> Epoch: 2 optimisation losses
2024-12-11 05:46:41,185 INFO =====> EMD Loss: 19.580830
2024-12-11 05:46:41,185 INFO =====> Height map loss: 6.516029
2024-12-11 05:46:41,658 DEBUG loaded <trimesh.Trimesh(vertices.shape=(916, 3), faces.shape=(856, 3))> using `load_obj` in 0.0031s
2024-12-11 05:46:41,816 DEBUG loaded <trimesh.Trimesh(vertices.shape=(48, 3), faces.shape=(28, 3))> using `load_obj` in 0.0008s
2024-12-11 05:46:50,718 INFO ==> EMD Loss: 19.591047
2024-12-11 05:46:50,718 INFO ==> Height map loss:  6.345069
2024-12-11 05:46:51,086 DEBUG loaded <trimesh.Trimesh(vertices.shape=(916, 3), faces.shape=(856, 3))> using `load_obj` in 0.0029s
2024-12-11 05:46:51,240 DEBUG loaded <trimesh.Trimesh(vertices.shape=(48, 3), faces.shape=(28, 3))> using `load_obj` in 0.0007s
2024-12-11 05:47:00,115 INFO ==> EMD Loss: 20.063757
2024-12-11 05:47:00,115 INFO ==> Height map loss:  6.954737
2024-12-11 05:47:00,478 DEBUG loaded <trimesh.Trimesh(vertices.shape=(916, 3), faces.shape=(856, 3))> using `load_obj` in 0.0029s
2024-12-11 05:47:00,628 DEBUG loaded <trimesh.Trimesh(vertices.shape=(48, 3), faces.shape=(28, 3))> using `load_obj` in 0.0007s
2024-12-11 05:47:09,989 INFO ==> EMD Loss: 20.067104
2024-12-11 05:47:09,989 INFO ==> Height map loss:  6.951638
2024-12-11 05:47:10,619 DEBUG loaded <trimesh.Trimesh(vertices.shape=(916, 3), faces.shape=(856, 3))> using `load_obj` in 0.0044s
2024-12-11 05:47:10,862 DEBUG loaded <trimesh.Trimesh(vertices.shape=(48, 3), faces.shape=(28, 3))> using `load_obj` in 0.0010s
2024-12-11 05:47:20,264 INFO ==> EMD Loss: 20.073078
2024-12-11 05:47:20,264 INFO ==> Height map loss:  6.955177
2024-12-11 05:47:20,644 DEBUG loaded <trimesh.Trimesh(vertices.shape=(916, 3), faces.shape=(856, 3))> using `load_obj` in 0.0029s
2024-12-11 05:47:20,797 DEBUG loaded <trimesh.Trimesh(vertices.shape=(48, 3), faces.shape=(28, 3))> using `load_obj` in 0.0007s
2024-12-11 05:47:30,261 INFO ==> EMD Loss: 20.082243
2024-12-11 05:47:30,261 INFO ==> Height map loss:  6.955431
2024-12-11 05:47:30,634 DEBUG loaded <trimesh.Trimesh(vertices.shape=(916, 3), faces.shape=(856, 3))> using `load_obj` in 0.0029s
2024-12-11 05:47:30,788 DEBUG loaded <trimesh.Trimesh(vertices.shape=(48, 3), faces.shape=(28, 3))> using `load_obj` in 0.0007s
2024-12-11 05:47:56,406 INFO =====> Skill params: [ 0.86236763  0.7460594   0.7068946  -0.0108971  -0.55936986]
2024-12-11 05:47:56,406 INFO =====> Grad: [ 2.2798601e+03 -8.2947412e+02  4.6457084e-05  7.7284888e+02
 -2.8827374e-06]
2024-12-11 05:47:56,406 INFO =====> Num. aborted data so far: 0
2024-12-11 05:47:56,407 INFO ===========> Epoch: 3 optimisation losses
2024-12-11 05:47:56,407 INFO =====> EMD Loss: 19.591158
2024-12-11 05:47:56,407 INFO =====> Height map loss: 6.345098
2024-12-11 05:47:56,804 DEBUG loaded <trimesh.Trimesh(vertices.shape=(916, 3), faces.shape=(856, 3))> using `load_obj` in 0.0032s
2024-12-11 05:47:56,952 DEBUG loaded <trimesh.Trimesh(vertices.shape=(48, 3), faces.shape=(28, 3))> using `load_obj` in 0.0007s
2024-12-11 05:48:05,719 INFO ==> EMD Loss: 19.639050
2024-12-11 05:48:05,719 INFO ==> Height map loss:  6.453981
2024-12-11 05:48:06,092 DEBUG loaded <trimesh.Trimesh(vertices.shape=(916, 3), faces.shape=(856, 3))> using `load_obj` in 0.0029s
2024-12-11 05:48:06,247 DEBUG loaded <trimesh.Trimesh(vertices.shape=(48, 3), faces.shape=(28, 3))> using `load_obj` in 0.0007s
2024-12-11 05:48:15,141 INFO ==> EMD Loss: 20.063068
2024-12-11 05:48:15,141 INFO ==> Height map loss:  6.953474
2024-12-11 05:48:15,508 DEBUG loaded <trimesh.Trimesh(vertices.shape=(916, 3), faces.shape=(856, 3))> using `load_obj` in 0.0029s
2024-12-11 05:48:15,658 DEBUG loaded <trimesh.Trimesh(vertices.shape=(48, 3), faces.shape=(28, 3))> using `load_obj` in 0.0007s
2024-12-11 05:48:24,658 INFO ==> EMD Loss: 20.057880
2024-12-11 05:48:24,658 INFO ==> Height map loss:  6.950675
2024-12-11 05:48:25,033 DEBUG loaded <trimesh.Trimesh(vertices.shape=(916, 3), faces.shape=(856, 3))> using `load_obj` in 0.0029s
2024-12-11 05:48:25,182 DEBUG loaded <trimesh.Trimesh(vertices.shape=(48, 3), faces.shape=(28, 3))> using `load_obj` in 0.0008s
2024-12-11 05:48:34,875 INFO ==> EMD Loss: 20.067255
2024-12-11 05:48:34,875 INFO ==> Height map loss:  6.952456
2024-12-11 05:48:35,244 DEBUG loaded <trimesh.Trimesh(vertices.shape=(916, 3), faces.shape=(856, 3))> using `load_obj` in 0.0029s
2024-12-11 05:48:35,402 DEBUG loaded <trimesh.Trimesh(vertices.shape=(48, 3), faces.shape=(28, 3))> using `load_obj` in 0.0007s
2024-12-11 05:48:45,103 INFO ==> EMD Loss: 20.062872
2024-12-11 05:48:45,103 INFO ==> Height map loss:  6.950788
2024-12-11 05:48:45,467 DEBUG loaded <trimesh.Trimesh(vertices.shape=(916, 3), faces.shape=(856, 3))> using `load_obj` in 0.0029s
2024-12-11 05:48:45,613 DEBUG loaded <trimesh.Trimesh(vertices.shape=(48, 3), faces.shape=(28, 3))> using `load_obj` in 0.0007s
2024-12-11 05:49:11,080 INFO =====> Skill params: [ 0.85756296  0.7504881   0.70521706 -0.01741659 -0.5592672 ]
2024-12-11 05:49:11,080 INFO =====> Grad: [-2.6988701e+03  1.4176969e+03 -1.9174920e-06 -4.4181693e+02
  1.8083186e-04]
2024-12-11 05:49:11,080 INFO =====> Num. aborted data so far: 0
2024-12-11 05:49:11,081 INFO ===========> Epoch: 4 optimisation losses
2024-12-11 05:49:11,081 INFO =====> EMD Loss: 19.639038
2024-12-11 05:49:11,081 INFO =====> Height map loss: 6.453951
2024-12-11 05:49:11,490 DEBUG loaded <trimesh.Trimesh(vertices.shape=(916, 3), faces.shape=(856, 3))> using `load_obj` in 0.0030s
2024-12-11 05:49:11,651 DEBUG loaded <trimesh.Trimesh(vertices.shape=(48, 3), faces.shape=(28, 3))> using `load_obj` in 0.0007s
2024-12-11 05:49:20,409 INFO ==> EMD Loss: 19.580833
2024-12-11 05:49:20,409 INFO ==> Height map loss:  6.449944
2024-12-11 05:49:20,782 DEBUG loaded <trimesh.Trimesh(vertices.shape=(916, 3), faces.shape=(856, 3))> using `load_obj` in 0.0029s
2024-12-11 05:49:20,932 DEBUG loaded <trimesh.Trimesh(vertices.shape=(48, 3), faces.shape=(28, 3))> using `load_obj` in 0.0007s
2024-12-11 05:49:29,558 INFO ==> EMD Loss: 19.761658
2024-12-11 05:49:29,558 INFO ==> Height map loss:  6.768817
2024-12-11 05:49:29,987 DEBUG loaded <trimesh.Trimesh(vertices.shape=(916, 3), faces.shape=(856, 3))> using `load_obj` in 0.0030s
2024-12-11 05:49:30,141 DEBUG loaded <trimesh.Trimesh(vertices.shape=(48, 3), faces.shape=(28, 3))> using `load_obj` in 0.0007s
2024-12-11 05:49:38,608 INFO ==> EMD Loss: 20.303053
2024-12-11 05:49:38,608 INFO ==> Height map loss:  7.385619
2024-12-11 05:49:38,986 DEBUG loaded <trimesh.Trimesh(vertices.shape=(916, 3), faces.shape=(856, 3))> using `load_obj` in 0.0029s
2024-12-11 05:49:39,140 DEBUG loaded <trimesh.Trimesh(vertices.shape=(48, 3), faces.shape=(28, 3))> using `load_obj` in 0.0007s
2024-12-11 05:49:48,046 INFO ==> EMD Loss: 20.680288
2024-12-11 05:49:48,046 INFO ==> Height map loss:  8.043284
2024-12-11 05:49:48,425 DEBUG loaded <trimesh.Trimesh(vertices.shape=(916, 3), faces.shape=(856, 3))> using `load_obj` in 0.0030s
2024-12-11 05:49:48,578 DEBUG loaded <trimesh.Trimesh(vertices.shape=(48, 3), faces.shape=(28, 3))> using `load_obj` in 0.0007s
2024-12-11 05:49:56,970 INFO ==> EMD Loss: 21.117815
2024-12-11 05:49:56,971 INFO ==> Height map loss:  8.562207
2024-12-11 05:49:57,336 DEBUG loaded <trimesh.Trimesh(vertices.shape=(916, 3), faces.shape=(856, 3))> using `load_obj` in 0.0028s
2024-12-11 05:49:57,486 DEBUG loaded <trimesh.Trimesh(vertices.shape=(48, 3), faces.shape=(28, 3))> using `load_obj` in 0.0007s
2024-12-11 05:50:21,791 INFO =====> Skill params: [ 0.8626311   0.7443819   0.70529    -0.01378688 -0.56478745]
2024-12-11 05:50:21,791 INFO =====> Grad: [ 6.98756775e+02  4.88827179e+02 -1.36917315e-05  2.43811142e+02
  1.31400360e-04]
2024-12-11 05:50:21,791 INFO =====> Num. aborted data so far: 0
2024-12-11 05:50:21,792 INFO ===========> Epoch: 5 optimisation losses
2024-12-11 05:50:21,792 INFO =====> EMD Loss: 19.580679
2024-12-11 05:50:21,792 INFO =====> Height map loss: 6.449735
2024-12-11 05:50:22,237 DEBUG loaded <trimesh.Trimesh(vertices.shape=(916, 3), faces.shape=(856, 3))> using `load_obj` in 0.0041s
2024-12-11 05:50:22,437 DEBUG loaded <trimesh.Trimesh(vertices.shape=(48, 3), faces.shape=(28, 3))> using `load_obj` in 0.0009s
2024-12-11 05:50:31,515 INFO ==> EMD Loss: 19.606884
2024-12-11 05:50:31,516 INFO ==> Height map loss:  6.491402
2024-12-11 05:50:31,887 DEBUG loaded <trimesh.Trimesh(vertices.shape=(916, 3), faces.shape=(856, 3))> using `load_obj` in 0.0030s
2024-12-11 05:50:32,041 DEBUG loaded <trimesh.Trimesh(vertices.shape=(48, 3), faces.shape=(28, 3))> using `load_obj` in 0.0007s
2024-12-11 05:50:40,806 INFO ==> EMD Loss: 19.674314
2024-12-11 05:50:40,806 INFO ==> Height map loss:  6.651608
2024-12-11 05:50:41,334 DEBUG loaded <trimesh.Trimesh(vertices.shape=(916, 3), faces.shape=(856, 3))> using `load_obj` in 0.0047s
2024-12-11 05:50:41,583 DEBUG loaded <trimesh.Trimesh(vertices.shape=(48, 3), faces.shape=(28, 3))> using `load_obj` in 0.0010s
2024-12-11 05:50:50,399 INFO ==> EMD Loss: 19.770702
2024-12-11 05:50:50,399 INFO ==> Height map loss:  6.715182
2024-12-11 05:50:50,843 DEBUG loaded <trimesh.Trimesh(vertices.shape=(916, 3), faces.shape=(856, 3))> using `load_obj` in 0.0031s
2024-12-11 05:50:51,003 DEBUG loaded <trimesh.Trimesh(vertices.shape=(48, 3), faces.shape=(28, 3))> using `load_obj` in 0.0007s
2024-12-11 05:50:59,654 INFO ==> EMD Loss: 19.819000
2024-12-11 05:50:59,654 INFO ==> Height map loss:  6.798190
2024-12-11 05:51:00,028 DEBUG loaded <trimesh.Trimesh(vertices.shape=(916, 3), faces.shape=(856, 3))> using `load_obj` in 0.0029s
2024-12-11 05:51:00,188 DEBUG loaded <trimesh.Trimesh(vertices.shape=(48, 3), faces.shape=(28, 3))> using `load_obj` in 0.0008s
2024-12-11 05:51:08,873 INFO ==> EMD Loss: 19.965481
2024-12-11 05:51:08,873 INFO ==> Height map loss:  6.936237
2024-12-11 05:51:09,246 DEBUG loaded <trimesh.Trimesh(vertices.shape=(916, 3), faces.shape=(856, 3))> using `load_obj` in 0.0030s
2024-12-11 05:51:09,399 DEBUG loaded <trimesh.Trimesh(vertices.shape=(48, 3), faces.shape=(28, 3))> using `load_obj` in 0.0007s
2024-12-11 05:51:33,405 INFO =====> Skill params: [ 0.8612624   0.74222094  0.7058384  -0.01584781 -0.5686494 ]
2024-12-11 05:51:33,405 INFO =====> Grad: [-9.3868919e+01  5.0872836e+02 -3.9129289e-05  4.6474765e+02
  1.0460566e-06]
2024-12-11 05:51:33,405 INFO =====> Num. aborted data so far: 0
2024-12-11 05:51:33,406 INFO ===========> Epoch: 6 optimisation losses
2024-12-11 05:51:33,406 INFO =====> EMD Loss: 19.606823
2024-12-11 05:51:33,406 INFO =====> Height map loss: 6.491340
2024-12-11 05:51:33,813 DEBUG loaded <trimesh.Trimesh(vertices.shape=(916, 3), faces.shape=(856, 3))> using `load_obj` in 0.0030s
2024-12-11 05:51:33,970 DEBUG loaded <trimesh.Trimesh(vertices.shape=(48, 3), faces.shape=(28, 3))> using `load_obj` in 0.0007s
2024-12-11 05:51:42,889 INFO ==> EMD Loss: 19.542055
2024-12-11 05:51:42,889 INFO ==> Height map loss:  6.474761
2024-12-11 05:51:43,264 DEBUG loaded <trimesh.Trimesh(vertices.shape=(916, 3), faces.shape=(856, 3))> using `load_obj` in 0.0030s
2024-12-11 05:51:43,420 DEBUG loaded <trimesh.Trimesh(vertices.shape=(48, 3), faces.shape=(28, 3))> using `load_obj` in 0.0007s
2024-12-11 05:51:52,496 INFO ==> EMD Loss: 19.669641
2024-12-11 05:51:52,496 INFO ==> Height map loss:  6.610905
2024-12-11 05:51:52,865 DEBUG loaded <trimesh.Trimesh(vertices.shape=(916, 3), faces.shape=(856, 3))> using `load_obj` in 0.0029s
2024-12-11 05:51:53,018 DEBUG loaded <trimesh.Trimesh(vertices.shape=(48, 3), faces.shape=(28, 3))> using `load_obj` in 0.0007s
2024-12-11 05:52:01,675 INFO ==> EMD Loss: 19.705849
2024-12-11 05:52:01,675 INFO ==> Height map loss:  6.670025
2024-12-11 05:52:02,050 DEBUG loaded <trimesh.Trimesh(vertices.shape=(916, 3), faces.shape=(856, 3))> using `load_obj` in 0.0029s
2024-12-11 05:52:02,206 DEBUG loaded <trimesh.Trimesh(vertices.shape=(48, 3), faces.shape=(28, 3))> using `load_obj` in 0.0007s
2024-12-11 05:52:10,897 INFO ==> EMD Loss: 19.787704
2024-12-11 05:52:10,897 INFO ==> Height map loss:  6.818434
2024-12-11 05:52:11,279 DEBUG loaded <trimesh.Trimesh(vertices.shape=(916, 3), faces.shape=(856, 3))> using `load_obj` in 0.0030s
2024-12-11 05:52:11,433 DEBUG loaded <trimesh.Trimesh(vertices.shape=(48, 3), faces.shape=(28, 3))> using `load_obj` in 0.0007s
2024-12-11 05:52:20,003 INFO ==> EMD Loss: 19.842339
2024-12-11 05:52:20,003 INFO ==> Height map loss:  6.926036
2024-12-11 05:52:20,374 DEBUG loaded <trimesh.Trimesh(vertices.shape=(916, 3), faces.shape=(856, 3))> using `load_obj` in 0.0030s
2024-12-11 05:52:20,530 DEBUG loaded <trimesh.Trimesh(vertices.shape=(48, 3), faces.shape=(28, 3))> using `load_obj` in 0.0007s
2024-12-11 05:52:44,583 INFO =====> Skill params: [ 0.86145616  0.73992103  0.7074659  -0.01964302 -0.56868184]
2024-12-11 05:52:44,583 INFO =====> Grad: [-1.97820044e+03 -7.27170105e+02  1.18189855e-05  4.51231842e+02
 -2.97200440e-05]
2024-12-11 05:52:44,583 INFO =====> Num. aborted data so far: 0
2024-12-11 05:52:44,584 INFO ===========> Epoch: 7 optimisation losses
2024-12-11 05:52:44,584 INFO =====> EMD Loss: 19.542074
2024-12-11 05:52:44,584 INFO =====> Height map loss: 6.474537
2024-12-11 05:52:44,981 DEBUG loaded <trimesh.Trimesh(vertices.shape=(916, 3), faces.shape=(856, 3))> using `load_obj` in 0.0030s
2024-12-11 05:52:45,133 DEBUG loaded <trimesh.Trimesh(vertices.shape=(48, 3), faces.shape=(28, 3))> using `load_obj` in 0.0007s
2024-12-11 05:52:54,345 INFO ==> EMD Loss: 19.612982
2024-12-11 05:52:54,346 INFO ==> Height map loss:  6.474771
2024-12-11 05:52:54,719 DEBUG loaded <trimesh.Trimesh(vertices.shape=(916, 3), faces.shape=(856, 3))> using `load_obj` in 0.0029s
2024-12-11 05:52:54,878 DEBUG loaded <trimesh.Trimesh(vertices.shape=(48, 3), faces.shape=(28, 3))> using `load_obj` in 0.0007s
2024-12-11 05:53:03,756 INFO ==> EMD Loss: 19.704445
2024-12-11 05:53:03,756 INFO ==> Height map loss:  6.643885
2024-12-11 05:53:04,132 DEBUG loaded <trimesh.Trimesh(vertices.shape=(916, 3), faces.shape=(856, 3))> using `load_obj` in 0.0030s
2024-12-11 05:53:04,289 DEBUG loaded <trimesh.Trimesh(vertices.shape=(48, 3), faces.shape=(28, 3))> using `load_obj` in 0.0007s
2024-12-11 05:53:13,246 INFO ==> EMD Loss: 20.054644
2024-12-11 05:53:13,246 INFO ==> Height map loss:  6.958154
2024-12-11 05:53:13,615 DEBUG loaded <trimesh.Trimesh(vertices.shape=(916, 3), faces.shape=(856, 3))> using `load_obj` in 0.0029s
2024-12-11 05:53:13,764 DEBUG loaded <trimesh.Trimesh(vertices.shape=(48, 3), faces.shape=(28, 3))> using `load_obj` in 0.0007s
2024-12-11 05:53:22,891 INFO ==> EMD Loss: 20.055431
2024-12-11 05:53:22,891 INFO ==> Height map loss:  6.951637
2024-12-11 05:53:23,258 DEBUG loaded <trimesh.Trimesh(vertices.shape=(916, 3), faces.shape=(856, 3))> using `load_obj` in 0.0029s
2024-12-11 05:53:23,412 DEBUG loaded <trimesh.Trimesh(vertices.shape=(48, 3), faces.shape=(28, 3))> using `load_obj` in 0.0007s
2024-12-11 05:53:32,597 INFO ==> EMD Loss: 20.072981
2024-12-11 05:53:32,597 INFO ==> Height map loss:  6.953308
2024-12-11 05:53:32,966 DEBUG loaded <trimesh.Trimesh(vertices.shape=(916, 3), faces.shape=(856, 3))> using `load_obj` in 0.0029s
2024-12-11 05:53:33,117 DEBUG loaded <trimesh.Trimesh(vertices.shape=(48, 3), faces.shape=(28, 3))> using `load_obj` in 0.0007s
2024-12-11 05:53:57,239 INFO =====> Skill params: [ 0.865376    0.743176    0.7069485  -0.02323756 -0.56771636]
2024-12-11 05:53:57,240 INFO =====> Grad: [-1.0586150e+03  1.2423671e+03 -3.9582023e-06  4.8158432e+02
  1.5827540e-05]
2024-12-11 05:53:57,240 INFO =====> Num. aborted data so far: 0
2024-12-11 05:53:57,240 INFO ===========> Epoch: 8 optimisation losses
2024-12-11 05:53:57,240 INFO =====> EMD Loss: 19.612867
2024-12-11 05:53:57,240 INFO =====> Height map loss: 6.475063
2024-12-11 05:53:57,729 DEBUG loaded <trimesh.Trimesh(vertices.shape=(916, 3), faces.shape=(856, 3))> using `load_obj` in 0.0041s
2024-12-11 05:53:57,926 DEBUG loaded <trimesh.Trimesh(vertices.shape=(48, 3), faces.shape=(28, 3))> using `load_obj` in 0.0009s
2024-12-11 05:54:06,936 INFO ==> EMD Loss: 19.605413
2024-12-11 05:54:06,936 INFO ==> Height map loss:  6.549841
2024-12-11 05:54:07,308 DEBUG loaded <trimesh.Trimesh(vertices.shape=(916, 3), faces.shape=(856, 3))> using `load_obj` in 0.0030s
2024-12-11 05:54:07,461 DEBUG loaded <trimesh.Trimesh(vertices.shape=(48, 3), faces.shape=(28, 3))> using `load_obj` in 0.0007s
2024-12-11 05:54:16,386 INFO ==> EMD Loss: 19.765036
2024-12-11 05:54:16,386 INFO ==> Height map loss:  6.734098
2024-12-11 05:54:16,861 DEBUG loaded <trimesh.Trimesh(vertices.shape=(916, 3), faces.shape=(856, 3))> using `load_obj` in 0.0039s
2024-12-11 05:54:17,057 DEBUG loaded <trimesh.Trimesh(vertices.shape=(48, 3), faces.shape=(28, 3))> using `load_obj` in 0.0008s
2024-12-11 05:54:25,782 INFO ==> EMD Loss: 20.026709
2024-12-11 05:54:25,782 INFO ==> Height map loss:  7.075133
2024-12-11 05:54:26,233 DEBUG loaded <trimesh.Trimesh(vertices.shape=(916, 3), faces.shape=(856, 3))> using `load_obj` in 0.0039s
2024-12-11 05:54:26,391 DEBUG loaded <trimesh.Trimesh(vertices.shape=(48, 3), faces.shape=(28, 3))> using `load_obj` in 0.0007s
2024-12-11 05:54:35,012 INFO ==> EMD Loss: 20.401075
2024-12-11 05:54:35,012 INFO ==> Height map loss:  7.555825
2024-12-11 05:54:35,467 DEBUG loaded <trimesh.Trimesh(vertices.shape=(916, 3), faces.shape=(856, 3))> using `load_obj` in 0.0040s
2024-12-11 05:54:35,668 DEBUG loaded <trimesh.Trimesh(vertices.shape=(48, 3), faces.shape=(28, 3))> using `load_obj` in 0.0008s
2024-12-11 05:54:45,166 INFO ==> EMD Loss: 20.657381
2024-12-11 05:54:45,167 INFO ==> Height map loss:  7.929920
2024-12-11 05:54:45,542 DEBUG loaded <trimesh.Trimesh(vertices.shape=(916, 3), faces.shape=(856, 3))> using `load_obj` in 0.0029s
2024-12-11 05:54:45,695 DEBUG loaded <trimesh.Trimesh(vertices.shape=(48, 3), faces.shape=(28, 3))> using `load_obj` in 0.0007s
2024-12-11 05:55:09,743 INFO =====> Skill params: [ 0.8675294   0.7381893   0.70713115 -0.02695755 -0.56825745]
2024-12-11 05:55:09,744 INFO =====> Grad: [-2.6811084e+03  1.2366189e+03  5.9625868e-06 -8.3412213e+02
  3.8959774e-05]
2024-12-11 05:55:09,744 INFO =====> Num. aborted data so far: 0
2024-12-11 05:55:09,744 INFO ===========> Epoch: 9 optimisation losses
2024-12-11 05:55:09,744 INFO =====> EMD Loss: 19.605436
2024-12-11 05:55:09,744 INFO =====> Height map loss: 6.549828
2024-12-11 05:55:10,256 DEBUG loaded <trimesh.Trimesh(vertices.shape=(916, 3), faces.shape=(856, 3))> using `load_obj` in 0.0031s
2024-12-11 05:55:10,409 DEBUG loaded <trimesh.Trimesh(vertices.shape=(48, 3), faces.shape=(28, 3))> using `load_obj` in 0.0007s
2024-12-11 05:55:19,260 INFO ==> EMD Loss: 19.686443
2024-12-11 05:55:19,260 INFO ==> Height map loss:  6.658159
2024-12-11 05:55:19,714 DEBUG loaded <trimesh.Trimesh(vertices.shape=(916, 3), faces.shape=(856, 3))> using `load_obj` in 0.0040s
2024-12-11 05:55:19,909 DEBUG loaded <trimesh.Trimesh(vertices.shape=(48, 3), faces.shape=(28, 3))> using `load_obj` in 0.0008s
2024-12-11 05:55:29,247 INFO ==> EMD Loss: 19.810448
2024-12-11 05:55:29,247 INFO ==> Height map loss:  6.806868
2024-12-11 05:55:29,793 DEBUG loaded <trimesh.Trimesh(vertices.shape=(916, 3), faces.shape=(856, 3))> using `load_obj` in 0.0048s
2024-12-11 05:55:30,037 DEBUG loaded <trimesh.Trimesh(vertices.shape=(48, 3), faces.shape=(28, 3))> using `load_obj` in 0.0010s
2024-12-11 05:55:39,505 INFO ==> EMD Loss: 20.223242
2024-12-11 05:55:39,505 INFO ==> Height map loss:  7.329544
2024-12-11 05:55:39,988 DEBUG loaded <trimesh.Trimesh(vertices.shape=(916, 3), faces.shape=(856, 3))> using `load_obj` in 0.0030s
2024-12-11 05:55:40,144 DEBUG loaded <trimesh.Trimesh(vertices.shape=(48, 3), faces.shape=(28, 3))> using `load_obj` in 0.0007s
2024-12-11 05:55:48,938 INFO ==> EMD Loss: 20.707747
2024-12-11 05:55:48,938 INFO ==> Height map loss:  7.870770
2024-12-11 05:55:49,313 DEBUG loaded <trimesh.Trimesh(vertices.shape=(916, 3), faces.shape=(856, 3))> using `load_obj` in 0.0029s
2024-12-11 05:55:49,466 DEBUG loaded <trimesh.Trimesh(vertices.shape=(48, 3), faces.shape=(28, 3))> using `load_obj` in 0.0007s
2024-12-11 05:55:57,903 INFO ==> EMD Loss: 20.938351
2024-12-11 05:55:57,904 INFO ==> Height map loss:  8.352713
2024-12-11 05:55:58,276 DEBUG loaded <trimesh.Trimesh(vertices.shape=(916, 3), faces.shape=(856, 3))> using `load_obj` in 0.0029s
2024-12-11 05:55:58,425 DEBUG loaded <trimesh.Trimesh(vertices.shape=(48, 3), faces.shape=(28, 3))> using `load_obj` in 0.0007s
2024-12-11 05:56:22,398 INFO =====> Skill params: [ 0.87244594  0.7336077   0.7068413  -0.02143516 -0.5696463 ]
2024-12-11 05:56:22,398 INFO =====> Grad: [-2.6939771e+03  1.3444491e+03 -1.2865756e-06 -2.9485947e+02
 -4.6319743e-05]
2024-12-11 05:56:22,398 INFO =====> Num. aborted data so far: 0
2024-12-11 05:56:22,398 INFO ===========> Epoch: 10 optimisation losses
2024-12-11 05:56:22,398 INFO =====> EMD Loss: 19.686211
2024-12-11 05:56:22,399 INFO =====> Height map loss: 6.658127
2024-12-11 05:56:22,800 DEBUG loaded <trimesh.Trimesh(vertices.shape=(916, 3), faces.shape=(856, 3))> using `load_obj` in 0.0030s
2024-12-11 05:56:22,954 DEBUG loaded <trimesh.Trimesh(vertices.shape=(48, 3), faces.shape=(28, 3))> using `load_obj` in 0.0007s
2024-12-11 05:56:31,856 INFO ==> EMD Loss: 19.693935
2024-12-11 05:56:31,856 INFO ==> Height map loss:  6.657168
2024-12-11 05:56:32,252 DEBUG loaded <trimesh.Trimesh(vertices.shape=(916, 3), faces.shape=(856, 3))> using `load_obj` in 0.0040s
2024-12-11 05:56:32,448 DEBUG loaded <trimesh.Trimesh(vertices.shape=(48, 3), faces.shape=(28, 3))> using `load_obj` in 0.0008s
2024-12-11 05:56:41,442 INFO ==> EMD Loss: 19.846863
2024-12-11 05:56:41,442 INFO ==> Height map loss:  6.859505
2024-12-11 05:56:41,983 DEBUG loaded <trimesh.Trimesh(vertices.shape=(916, 3), faces.shape=(856, 3))> using `load_obj` in 0.0046s
2024-12-11 05:56:42,227 DEBUG loaded <trimesh.Trimesh(vertices.shape=(48, 3), faces.shape=(28, 3))> using `load_obj` in 0.0010s
2024-12-11 05:56:50,931 INFO ==> EMD Loss: 20.168858
2024-12-11 05:56:50,931 INFO ==> Height map loss:  7.284458
2024-12-11 05:56:51,321 DEBUG loaded <trimesh.Trimesh(vertices.shape=(916, 3), faces.shape=(856, 3))> using `load_obj` in 0.0048s
2024-12-11 05:56:51,526 DEBUG loaded <trimesh.Trimesh(vertices.shape=(48, 3), faces.shape=(28, 3))> using `load_obj` in 0.0007s
2024-12-11 05:57:00,051 INFO ==> EMD Loss: 20.419861
2024-12-11 05:57:00,051 INFO ==> Height map loss:  7.757032
2024-12-11 05:57:00,503 DEBUG loaded <trimesh.Trimesh(vertices.shape=(916, 3), faces.shape=(856, 3))> using `load_obj` in 0.0030s
2024-12-11 05:57:00,658 DEBUG loaded <trimesh.Trimesh(vertices.shape=(48, 3), faces.shape=(28, 3))> using `load_obj` in 0.0008s
2024-12-11 05:57:08,976 INFO ==> EMD Loss: 20.682034
2024-12-11 05:57:08,976 INFO ==> Height map loss:  8.272286
2024-12-11 05:57:09,346 DEBUG loaded <trimesh.Trimesh(vertices.shape=(916, 3), faces.shape=(856, 3))> using `load_obj` in 0.0029s
2024-12-11 05:57:09,497 DEBUG loaded <trimesh.Trimesh(vertices.shape=(48, 3), faces.shape=(28, 3))> using `load_obj` in 0.0007s
2024-12-11 05:57:33,760 INFO =====> Skill params: [ 0.8770108   0.72901386  0.7069072  -0.01942418 -0.56793433]
2024-12-11 05:57:33,760 INFO =====> Grad: [-7.8755493e+02  4.3320990e+02 -1.3751197e-05  7.1860161e+01
 -1.4757361e-05]
2024-12-11 05:57:33,760 INFO =====> Num. aborted data so far: 0
2024-12-11 05:57:33,761 INFO ===========> Epoch: 11 optimisation losses
2024-12-11 05:57:33,761 INFO =====> EMD Loss: 19.694147
2024-12-11 05:57:33,761 INFO =====> Height map loss: 6.657423
2024-12-11 05:57:34,211 DEBUG loaded <trimesh.Trimesh(vertices.shape=(916, 3), faces.shape=(856, 3))> using `load_obj` in 0.0033s
2024-12-11 05:57:34,373 DEBUG loaded <trimesh.Trimesh(vertices.shape=(48, 3), faces.shape=(28, 3))> using `load_obj` in 0.0008s
2024-12-11 05:57:43,139 INFO ==> EMD Loss: 19.664251
2024-12-11 05:57:43,139 INFO ==> Height map loss:  6.609897
2024-12-11 05:57:43,525 DEBUG loaded <trimesh.Trimesh(vertices.shape=(916, 3), faces.shape=(856, 3))> using `load_obj` in 0.0029s
2024-12-11 05:57:43,681 DEBUG loaded <trimesh.Trimesh(vertices.shape=(48, 3), faces.shape=(28, 3))> using `load_obj` in 0.0007s
2024-12-11 05:57:52,404 INFO ==> EMD Loss: 19.700600
2024-12-11 05:57:52,404 INFO ==> Height map loss:  6.668360
2024-12-11 05:57:52,803 DEBUG loaded <trimesh.Trimesh(vertices.shape=(916, 3), faces.shape=(856, 3))> using `load_obj` in 0.0030s
2024-12-11 05:57:52,961 DEBUG loaded <trimesh.Trimesh(vertices.shape=(48, 3), faces.shape=(28, 3))> using `load_obj` in 0.0008s
2024-12-11 05:58:01,770 INFO ==> EMD Loss: 19.838940
2024-12-11 05:58:01,770 INFO ==> Height map loss:  6.881954
2024-12-11 05:58:02,206 DEBUG loaded <trimesh.Trimesh(vertices.shape=(916, 3), faces.shape=(856, 3))> using `load_obj` in 0.0029s
2024-12-11 05:58:02,365 DEBUG loaded <trimesh.Trimesh(vertices.shape=(48, 3), faces.shape=(28, 3))> using `load_obj` in 0.0008s
2024-12-11 05:58:11,328 INFO ==> EMD Loss: 19.820671
2024-12-11 05:58:11,328 INFO ==> Height map loss:  6.930356
2024-12-11 05:58:11,749 DEBUG loaded <trimesh.Trimesh(vertices.shape=(916, 3), faces.shape=(856, 3))> using `load_obj` in 0.0028s
2024-12-11 05:58:11,898 DEBUG loaded <trimesh.Trimesh(vertices.shape=(48, 3), faces.shape=(28, 3))> using `load_obj` in 0.0007s
2024-12-11 05:58:20,380 INFO ==> EMD Loss: 19.992876
2024-12-11 05:58:20,380 INFO ==> Height map loss:  7.014172
2024-12-11 05:58:20,754 DEBUG loaded <trimesh.Trimesh(vertices.shape=(916, 3), faces.shape=(856, 3))> using `load_obj` in 0.0029s
2024-12-11 05:58:20,903 DEBUG loaded <trimesh.Trimesh(vertices.shape=(48, 3), faces.shape=(28, 3))> using `load_obj` in 0.0007s
2024-12-11 05:58:45,408 INFO =====> Skill params: [ 0.8784023   0.7274742   0.7076476  -0.01994003 -0.56736046]
2024-12-11 05:58:45,408 INFO =====> Grad: [ 2.6573877e+03 -1.5146204e+03 -2.5724294e-05  8.1898779e+02
 -3.2777007e-05]
2024-12-11 05:58:45,408 INFO =====> Num. aborted data so far: 0
2024-12-11 05:58:45,409 INFO ===========> Epoch: 12 optimisation losses
2024-12-11 05:58:45,409 INFO =====> EMD Loss: 19.659231
2024-12-11 05:58:45,409 INFO =====> Height map loss: 6.610136
2024-12-11 05:58:45,810 DEBUG loaded <trimesh.Trimesh(vertices.shape=(916, 3), faces.shape=(856, 3))> using `load_obj` in 0.0031s
2024-12-11 05:58:45,959 DEBUG loaded <trimesh.Trimesh(vertices.shape=(48, 3), faces.shape=(28, 3))> using `load_obj` in 0.0007s
2024-12-11 05:58:54,761 INFO ==> EMD Loss: 19.695713
2024-12-11 05:58:54,761 INFO ==> Height map loss:  6.677433
2024-12-11 05:58:55,138 DEBUG loaded <trimesh.Trimesh(vertices.shape=(916, 3), faces.shape=(856, 3))> using `load_obj` in 0.0029s
2024-12-11 05:58:55,287 DEBUG loaded <trimesh.Trimesh(vertices.shape=(48, 3), faces.shape=(28, 3))> using `load_obj` in 0.0007s
2024-12-11 05:59:04,168 INFO ==> EMD Loss: 19.967224
2024-12-11 05:59:04,168 INFO ==> Height map loss:  6.699254
2024-12-11 05:59:04,543 DEBUG loaded <trimesh.Trimesh(vertices.shape=(916, 3), faces.shape=(856, 3))> using `load_obj` in 0.0029s
2024-12-11 05:59:04,693 DEBUG loaded <trimesh.Trimesh(vertices.shape=(48, 3), faces.shape=(28, 3))> using `load_obj` in 0.0007s
2024-12-11 05:59:13,782 INFO ==> EMD Loss: 20.058458
2024-12-11 05:59:13,782 INFO ==> Height map loss:  6.948997
2024-12-11 05:59:14,162 DEBUG loaded <trimesh.Trimesh(vertices.shape=(916, 3), faces.shape=(856, 3))> using `load_obj` in 0.0029s
2024-12-11 05:59:14,311 DEBUG loaded <trimesh.Trimesh(vertices.shape=(48, 3), faces.shape=(28, 3))> using `load_obj` in 0.0007s
2024-12-11 05:59:23,664 INFO ==> EMD Loss: 20.050835
2024-12-11 05:59:23,664 INFO ==> Height map loss:  6.950383
2024-12-11 05:59:24,033 DEBUG loaded <trimesh.Trimesh(vertices.shape=(916, 3), faces.shape=(856, 3))> using `load_obj` in 0.0030s
2024-12-11 05:59:24,181 DEBUG loaded <trimesh.Trimesh(vertices.shape=(48, 3), faces.shape=(28, 3))> using `load_obj` in 0.0007s
2024-12-11 05:59:33,296 INFO ==> EMD Loss: 20.067110
2024-12-11 05:59:33,296 INFO ==> Height map loss:  6.952257
2024-12-11 05:59:33,669 DEBUG loaded <trimesh.Trimesh(vertices.shape=(916, 3), faces.shape=(856, 3))> using `load_obj` in 0.0029s
2024-12-11 05:59:33,818 DEBUG loaded <trimesh.Trimesh(vertices.shape=(48, 3), faces.shape=(28, 3))> using `load_obj` in 0.0007s
2024-12-11 05:59:57,994 INFO =====> Skill params: [ 0.8740144   0.7323438   0.7090906  -0.02512824 -0.5660302 ]
2024-12-11 05:59:57,994 INFO =====> Grad: [ 2.6974663e+03 -1.5296239e+03 -1.0037925e-06  5.0547054e+01
  1.4568796e-07]
2024-12-11 05:59:57,994 INFO =====> Num. aborted data so far: 0
2024-12-11 05:59:57,995 INFO ===========> Epoch: 13 optimisation losses
2024-12-11 05:59:57,995 INFO =====> EMD Loss: 19.696392
2024-12-11 05:59:57,995 INFO =====> Height map loss: 6.677956
2024-12-11 05:59:58,473 DEBUG loaded <trimesh.Trimesh(vertices.shape=(916, 3), faces.shape=(856, 3))> using `load_obj` in 0.0041s
2024-12-11 05:59:58,671 DEBUG loaded <trimesh.Trimesh(vertices.shape=(48, 3), faces.shape=(28, 3))> using `load_obj` in 0.0009s
2024-12-11 06:00:07,988 INFO ==> EMD Loss: 19.615622
2024-12-11 06:00:07,988 INFO ==> Height map loss:  6.532198
2024-12-11 06:00:08,372 DEBUG loaded <trimesh.Trimesh(vertices.shape=(916, 3), faces.shape=(856, 3))> using `load_obj` in 0.0031s
2024-12-11 06:00:08,528 DEBUG loaded <trimesh.Trimesh(vertices.shape=(48, 3), faces.shape=(28, 3))> using `load_obj` in 0.0007s
2024-12-11 06:00:17,584 INFO ==> EMD Loss: 19.872900
2024-12-11 06:00:17,584 INFO ==> Height map loss:  6.626746
2024-12-11 06:00:17,961 DEBUG loaded <trimesh.Trimesh(vertices.shape=(916, 3), faces.shape=(856, 3))> using `load_obj` in 0.0030s
2024-12-11 06:00:18,114 DEBUG loaded <trimesh.Trimesh(vertices.shape=(48, 3), faces.shape=(28, 3))> using `load_obj` in 0.0007s
2024-12-11 06:00:27,502 INFO ==> EMD Loss: 20.062986
2024-12-11 06:00:27,502 INFO ==> Height map loss:  6.952336
2024-12-11 06:00:27,891 DEBUG loaded <trimesh.Trimesh(vertices.shape=(916, 3), faces.shape=(856, 3))> using `load_obj` in 0.0030s
2024-12-11 06:00:28,043 DEBUG loaded <trimesh.Trimesh(vertices.shape=(48, 3), faces.shape=(28, 3))> using `load_obj` in 0.0007s
2024-12-11 06:00:37,117 INFO ==> EMD Loss: 20.051662
2024-12-11 06:00:37,117 INFO ==> Height map loss:  6.950587
2024-12-11 06:00:37,486 DEBUG loaded <trimesh.Trimesh(vertices.shape=(916, 3), faces.shape=(856, 3))> using `load_obj` in 0.0028s
2024-12-11 06:00:37,637 DEBUG loaded <trimesh.Trimesh(vertices.shape=(48, 3), faces.shape=(28, 3))> using `load_obj` in 0.0007s
2024-12-11 06:00:46,902 INFO ==> EMD Loss: 20.054733
2024-12-11 06:00:46,902 INFO ==> Height map loss:  6.944283
2024-12-11 06:00:47,279 DEBUG loaded <trimesh.Trimesh(vertices.shape=(916, 3), faces.shape=(856, 3))> using `load_obj` in 0.0030s
2024-12-11 06:00:47,429 DEBUG loaded <trimesh.Trimesh(vertices.shape=(48, 3), faces.shape=(28, 3))> using `load_obj` in 0.0007s
2024-12-11 06:01:11,739 INFO =====> Skill params: [ 0.86980647  0.7368928   0.70914996 -0.02546556 -0.56603646]
2024-12-11 06:01:11,740 INFO =====> Grad: [-2.6844082e+03  1.2683988e+03 -1.0076580e-05 -6.4267041e+02
  8.0106258e-07]
2024-12-11 06:01:11,740 INFO =====> Num. aborted data so far: 0
2024-12-11 06:01:11,740 INFO ===========> Epoch: 14 optimisation losses
2024-12-11 06:01:11,740 INFO =====> EMD Loss: 19.616028
2024-12-11 06:01:11,740 INFO =====> Height map loss: 6.530572
2024-12-11 06:01:12,157 DEBUG loaded <trimesh.Trimesh(vertices.shape=(916, 3), faces.shape=(856, 3))> using `load_obj` in 0.0029s
2024-12-11 06:01:12,311 DEBUG loaded <trimesh.Trimesh(vertices.shape=(48, 3), faces.shape=(28, 3))> using `load_obj` in 0.0007s
2024-12-11 06:01:21,112 INFO ==> EMD Loss: 19.695173
2024-12-11 06:01:21,112 INFO ==> Height map loss:  6.669305
2024-12-11 06:01:21,491 DEBUG loaded <trimesh.Trimesh(vertices.shape=(916, 3), faces.shape=(856, 3))> using `load_obj` in 0.0029s
2024-12-11 06:01:21,642 DEBUG loaded <trimesh.Trimesh(vertices.shape=(48, 3), faces.shape=(28, 3))> using `load_obj` in 0.0007s
2024-12-11 06:01:30,565 INFO ==> EMD Loss: 19.747604
2024-12-11 06:01:30,565 INFO ==> Height map loss:  6.809916
2024-12-11 06:01:30,941 DEBUG loaded <trimesh.Trimesh(vertices.shape=(916, 3), faces.shape=(856, 3))> using `load_obj` in 0.0029s
2024-12-11 06:01:31,097 DEBUG loaded <trimesh.Trimesh(vertices.shape=(48, 3), faces.shape=(28, 3))> using `load_obj` in 0.0007s
2024-12-11 06:01:39,727 INFO ==> EMD Loss: 20.005638
2024-12-11 06:01:39,727 INFO ==> Height map loss:  7.081218
2024-12-11 06:01:40,109 DEBUG loaded <trimesh.Trimesh(vertices.shape=(916, 3), faces.shape=(856, 3))> using `load_obj` in 0.0030s
2024-12-11 06:01:40,262 DEBUG loaded <trimesh.Trimesh(vertices.shape=(48, 3), faces.shape=(28, 3))> using `load_obj` in 0.0007s
2024-12-11 06:01:48,704 INFO ==> EMD Loss: 20.395939
2024-12-11 06:01:48,704 INFO ==> Height map loss:  7.494193
2024-12-11 06:01:49,070 DEBUG loaded <trimesh.Trimesh(vertices.shape=(916, 3), faces.shape=(856, 3))> using `load_obj` in 0.0029s
2024-12-11 06:01:49,225 DEBUG loaded <trimesh.Trimesh(vertices.shape=(48, 3), faces.shape=(28, 3))> using `load_obj` in 0.0007s
2024-12-11 06:01:57,645 INFO ==> EMD Loss: 20.407808
2024-12-11 06:01:57,645 INFO ==> Height map loss:  7.962491
2024-12-11 06:01:58,018 DEBUG loaded <trimesh.Trimesh(vertices.shape=(916, 3), faces.shape=(856, 3))> using `load_obj` in 0.0029s
2024-12-11 06:01:58,172 DEBUG loaded <trimesh.Trimesh(vertices.shape=(48, 3), faces.shape=(28, 3))> using `load_obj` in 0.0007s
2024-12-11 06:02:22,500 INFO =====> Skill params: [ 0.8738085   0.7332257   0.7097766  -0.02138448 -0.5660726 ]
2024-12-11 06:02:22,500 INFO =====> Grad: [-1.0162006e+03  1.4143916e+03 -7.7151426e-06 -6.3262047e+01
  6.4696535e-05]
2024-12-11 06:02:22,500 INFO =====> Num. aborted data so far: 0
2024-12-11 06:02:22,501 INFO ===========> Epoch: 15 optimisation losses
2024-12-11 06:02:22,501 INFO =====> EMD Loss: 19.695194
2024-12-11 06:02:22,501 INFO =====> Height map loss: 6.668734
2024-12-11 06:02:22,903 DEBUG loaded <trimesh.Trimesh(vertices.shape=(916, 3), faces.shape=(856, 3))> using `load_obj` in 0.0030s
2024-12-11 06:02:23,057 DEBUG loaded <trimesh.Trimesh(vertices.shape=(48, 3), faces.shape=(28, 3))> using `load_obj` in 0.0007s
2024-12-11 06:02:32,202 INFO ==> EMD Loss: 19.720320
2024-12-11 06:02:32,202 INFO ==> Height map loss:  6.652956
2024-12-11 06:02:32,588 DEBUG loaded <trimesh.Trimesh(vertices.shape=(916, 3), faces.shape=(856, 3))> using `load_obj` in 0.0030s
2024-12-11 06:02:32,746 DEBUG loaded <trimesh.Trimesh(vertices.shape=(48, 3), faces.shape=(28, 3))> using `load_obj` in 0.0007s
2024-12-11 06:02:41,392 INFO ==> EMD Loss: 19.785986
2024-12-11 06:02:41,392 INFO ==> Height map loss:  6.867375
2024-12-11 06:02:41,820 DEBUG loaded <trimesh.Trimesh(vertices.shape=(916, 3), faces.shape=(856, 3))> using `load_obj` in 0.0029s
2024-12-11 06:02:41,978 DEBUG loaded <trimesh.Trimesh(vertices.shape=(48, 3), faces.shape=(28, 3))> using `load_obj` in 0.0008s
2024-12-11 06:02:50,627 INFO ==> EMD Loss: 19.981146
2024-12-11 06:02:50,627 INFO ==> Height map loss:  7.069644
2024-12-11 06:02:51,077 DEBUG loaded <trimesh.Trimesh(vertices.shape=(916, 3), faces.shape=(856, 3))> using `load_obj` in 0.0029s
2024-12-11 06:02:51,233 DEBUG loaded <trimesh.Trimesh(vertices.shape=(48, 3), faces.shape=(28, 3))> using `load_obj` in 0.0007s
2024-12-11 06:02:59,565 INFO ==> EMD Loss: 20.458389
2024-12-11 06:02:59,565 INFO ==> Height map loss:  7.495393
2024-12-11 06:02:59,932 DEBUG loaded <trimesh.Trimesh(vertices.shape=(916, 3), faces.shape=(856, 3))> using `load_obj` in 0.0029s
2024-12-11 06:03:00,085 DEBUG loaded <trimesh.Trimesh(vertices.shape=(48, 3), faces.shape=(28, 3))> using `load_obj` in 0.0007s
2024-12-11 06:03:08,599 INFO ==> EMD Loss: 20.785061
2024-12-11 06:03:08,599 INFO ==> Height map loss:  7.837890
2024-12-11 06:03:09,145 DEBUG loaded <trimesh.Trimesh(vertices.shape=(916, 3), faces.shape=(856, 3))> using `load_obj` in 0.0048s
2024-12-11 06:03:09,346 DEBUG loaded <trimesh.Trimesh(vertices.shape=(48, 3), faces.shape=(28, 3))> using `load_obj` in 0.0009s
2024-12-11 06:03:34,026 INFO =====> Skill params: [ 0.8753833   0.7293014   0.7102816  -0.02096145 -0.5689979 ]
2024-12-11 06:03:34,026 INFO =====> Grad: [-7.5150934e+02 -7.2385638e+02 -3.9631370e-05 -6.4190894e+02
 -4.1705574e-05]
2024-12-11 06:03:34,026 INFO =====> Num. aborted data so far: 0
2024-12-11 06:03:34,027 INFO ===========> Epoch: 16 optimisation losses
2024-12-11 06:03:34,027 INFO =====> EMD Loss: 19.720396
2024-12-11 06:03:34,027 INFO =====> Height map loss: 6.652945
2024-12-11 06:03:34,429 DEBUG loaded <trimesh.Trimesh(vertices.shape=(916, 3), faces.shape=(856, 3))> using `load_obj` in 0.0028s
2024-12-11 06:03:34,582 DEBUG loaded <trimesh.Trimesh(vertices.shape=(48, 3), faces.shape=(28, 3))> using `load_obj` in 0.0008s
2024-12-11 06:03:44,214 INFO ==> EMD Loss: 19.699619
2024-12-11 06:03:44,214 INFO ==> Height map loss:  6.666920
2024-12-11 06:03:44,587 DEBUG loaded <trimesh.Trimesh(vertices.shape=(916, 3), faces.shape=(856, 3))> using `load_obj` in 0.0030s
2024-12-11 06:03:44,736 DEBUG loaded <trimesh.Trimesh(vertices.shape=(48, 3), faces.shape=(28, 3))> using `load_obj` in 0.0007s
2024-12-11 06:03:53,568 INFO ==> EMD Loss: 19.559919
2024-12-11 06:03:53,568 INFO ==> Height map loss:  6.463091
2024-12-11 06:03:53,943 DEBUG loaded <trimesh.Trimesh(vertices.shape=(916, 3), faces.shape=(856, 3))> using `load_obj` in 0.0029s
2024-12-11 06:03:54,095 DEBUG loaded <trimesh.Trimesh(vertices.shape=(48, 3), faces.shape=(28, 3))> using `load_obj` in 0.0007s
2024-12-11 06:04:03,053 INFO ==> EMD Loss: 19.556234
2024-12-11 06:04:03,053 INFO ==> Height map loss:  6.345767
2024-12-11 06:04:03,428 DEBUG loaded <trimesh.Trimesh(vertices.shape=(916, 3), faces.shape=(856, 3))> using `load_obj` in 0.0029s
2024-12-11 06:04:03,575 DEBUG loaded <trimesh.Trimesh(vertices.shape=(48, 3), faces.shape=(28, 3))> using `load_obj` in 0.0007s
2024-12-11 06:04:12,403 INFO ==> EMD Loss: 19.537481
2024-12-11 06:04:12,403 INFO ==> Height map loss:  6.230205
2024-12-11 06:04:12,770 DEBUG loaded <trimesh.Trimesh(vertices.shape=(916, 3), faces.shape=(856, 3))> using `load_obj` in 0.0029s
2024-12-11 06:04:12,918 DEBUG loaded <trimesh.Trimesh(vertices.shape=(48, 3), faces.shape=(28, 3))> using `load_obj` in 0.0007s
2024-12-11 06:04:22,070 INFO ==> EMD Loss: 19.457397
2024-12-11 06:04:22,070 INFO ==> Height map loss:  6.224103
2024-12-11 06:04:22,533 DEBUG loaded <trimesh.Trimesh(vertices.shape=(916, 3), faces.shape=(856, 3))> using `load_obj` in 0.0040s
2024-12-11 06:04:22,715 DEBUG loaded <trimesh.Trimesh(vertices.shape=(48, 3), faces.shape=(28, 3))> using `load_obj` in 0.0007s
2024-12-11 06:04:47,830 INFO =====> Skill params: [ 0.8997325   0.7706255   0.7628312   0.06071737 -0.53008795]
2024-12-11 06:04:47,830 INFO =====> Grad: [-2.6730867e+03  1.1706047e+03  1.6862477e-05 -5.0250961e+02
  5.7365989e-05]
2024-12-11 06:04:47,830 INFO =====> Num. aborted data so far: 0
2024-12-11 06:04:47,831 INFO ===========> Epoch: 17 optimisation losses
2024-12-11 06:04:47,831 INFO =====> EMD Loss: 19.457327
2024-12-11 06:04:47,831 INFO =====> Height map loss: 6.221473
2024-12-11 06:04:48,275 DEBUG loaded <trimesh.Trimesh(vertices.shape=(916, 3), faces.shape=(856, 3))> using `load_obj` in 0.0031s
2024-12-11 06:04:48,429 DEBUG loaded <trimesh.Trimesh(vertices.shape=(48, 3), faces.shape=(28, 3))> using `load_obj` in 0.0007s
2024-12-11 06:04:58,210 INFO ==> EMD Loss: 19.495689
2024-12-11 06:04:58,210 INFO ==> Height map loss:  6.224846
2024-12-11 06:04:58,586 DEBUG loaded <trimesh.Trimesh(vertices.shape=(916, 3), faces.shape=(856, 3))> using `load_obj` in 0.0030s
2024-12-11 06:04:58,739 DEBUG loaded <trimesh.Trimesh(vertices.shape=(48, 3), faces.shape=(28, 3))> using `load_obj` in 0.0007s
2024-12-11 06:05:07,949 INFO ==> EMD Loss: 19.602221
2024-12-11 06:05:07,949 INFO ==> Height map loss:  6.462627
2024-12-11 06:05:08,394 DEBUG loaded <trimesh.Trimesh(vertices.shape=(916, 3), faces.shape=(856, 3))> using `load_obj` in 0.0030s
2024-12-11 06:05:08,546 DEBUG loaded <trimesh.Trimesh(vertices.shape=(48, 3), faces.shape=(28, 3))> using `load_obj` in 0.0007s
2024-12-11 06:05:17,481 INFO ==> EMD Loss: 19.828003
2024-12-11 06:05:17,481 INFO ==> Height map loss:  6.820015
2024-12-11 06:05:17,924 DEBUG loaded <trimesh.Trimesh(vertices.shape=(916, 3), faces.shape=(856, 3))> using `load_obj` in 0.0029s
2024-12-11 06:05:18,072 DEBUG loaded <trimesh.Trimesh(vertices.shape=(48, 3), faces.shape=(28, 3))> using `load_obj` in 0.0007s
2024-12-11 06:05:26,862 INFO ==> EMD Loss: 20.212313
2024-12-11 06:05:26,862 INFO ==> Height map loss:  7.299487
2024-12-11 06:05:27,259 DEBUG loaded <trimesh.Trimesh(vertices.shape=(916, 3), faces.shape=(856, 3))> using `load_obj` in 0.0031s
2024-12-11 06:05:27,410 DEBUG loaded <trimesh.Trimesh(vertices.shape=(48, 3), faces.shape=(28, 3))> using `load_obj` in 0.0007s
2024-12-11 06:05:36,111 INFO ==> EMD Loss: 20.308100
2024-12-11 06:05:36,111 INFO ==> Height map loss:  7.728625
2024-12-11 06:05:36,493 DEBUG loaded <trimesh.Trimesh(vertices.shape=(916, 3), faces.shape=(856, 3))> using `load_obj` in 0.0029s
2024-12-11 06:05:36,643 DEBUG loaded <trimesh.Trimesh(vertices.shape=(48, 3), faces.shape=(28, 3))> using `load_obj` in 0.0007s
2024-12-11 06:06:01,621 INFO =====> Skill params: [ 0.9038458   0.76732355  0.76166177  0.06389296 -0.53279173]
2024-12-11 06:06:01,621 INFO =====> Grad: [-2.4677224e+03  6.4799341e+02  1.7428998e-05  7.4468817e+02
  2.3438120e-05]
2024-12-11 06:06:01,621 INFO =====> Num. aborted data so far: 0
2024-12-11 06:06:01,622 INFO ===========> Epoch: 18 optimisation losses
2024-12-11 06:06:01,622 INFO =====> EMD Loss: 19.495304
2024-12-11 06:06:01,622 INFO =====> Height map loss: 6.223079
2024-12-11 06:06:02,025 DEBUG loaded <trimesh.Trimesh(vertices.shape=(916, 3), faces.shape=(856, 3))> using `load_obj` in 0.0031s
2024-12-11 06:06:02,179 DEBUG loaded <trimesh.Trimesh(vertices.shape=(48, 3), faces.shape=(28, 3))> using `load_obj` in 0.0010s
2024-12-11 06:06:11,257 INFO ==> EMD Loss: 19.488161
2024-12-11 06:06:11,257 INFO ==> Height map loss:  6.281763
2024-12-11 06:06:11,637 DEBUG loaded <trimesh.Trimesh(vertices.shape=(916, 3), faces.shape=(856, 3))> using `load_obj` in 0.0029s
2024-12-11 06:06:11,791 DEBUG loaded <trimesh.Trimesh(vertices.shape=(48, 3), faces.shape=(28, 3))> using `load_obj` in 0.0008s
2024-12-11 06:06:20,824 INFO ==> EMD Loss: 19.517258
2024-12-11 06:06:20,825 INFO ==> Height map loss:  6.363869
2024-12-11 06:06:21,219 DEBUG loaded <trimesh.Trimesh(vertices.shape=(916, 3), faces.shape=(856, 3))> using `load_obj` in 0.0029s
2024-12-11 06:06:21,370 DEBUG loaded <trimesh.Trimesh(vertices.shape=(48, 3), faces.shape=(28, 3))> using `load_obj` in 0.0007s
2024-12-11 06:06:30,250 INFO ==> EMD Loss: 19.645815
2024-12-11 06:06:30,250 INFO ==> Height map loss:  6.589983
2024-12-11 06:06:30,657 DEBUG loaded <trimesh.Trimesh(vertices.shape=(916, 3), faces.shape=(856, 3))> using `load_obj` in 0.0029s
2024-12-11 06:06:30,805 DEBUG loaded <trimesh.Trimesh(vertices.shape=(48, 3), faces.shape=(28, 3))> using `load_obj` in 0.0007s
2024-12-11 06:06:39,571 INFO ==> EMD Loss: 19.834578
2024-12-11 06:06:39,571 INFO ==> Height map loss:  6.791986
2024-12-11 06:06:39,947 DEBUG loaded <trimesh.Trimesh(vertices.shape=(916, 3), faces.shape=(856, 3))> using `load_obj` in 0.0029s
2024-12-11 06:06:40,094 DEBUG loaded <trimesh.Trimesh(vertices.shape=(48, 3), faces.shape=(28, 3))> using `load_obj` in 0.0007s
2024-12-11 06:06:48,880 INFO ==> EMD Loss: 20.041222
2024-12-11 06:06:48,880 INFO ==> Height map loss:  7.080537
2024-12-11 06:06:49,325 DEBUG loaded <trimesh.Trimesh(vertices.shape=(916, 3), faces.shape=(856, 3))> using `load_obj` in 0.0039s
2024-12-11 06:06:49,519 DEBUG loaded <trimesh.Trimesh(vertices.shape=(48, 3), faces.shape=(28, 3))> using `load_obj` in 0.0008s
2024-12-11 06:07:14,729 INFO =====> Skill params: [ 0.90753365  0.7654354   0.76039904  0.05949706 -0.53394747]
2024-12-11 06:07:14,729 INFO =====> Grad: [-2.6862295e+03  1.6101305e+03 -5.8292003e-06 -9.5491779e+02
 -7.1456612e-05]
2024-12-11 06:07:14,729 INFO =====> Num. aborted data so far: 0
2024-12-11 06:07:14,729 INFO ===========> Epoch: 19 optimisation losses
2024-12-11 06:07:14,729 INFO =====> EMD Loss: 19.488180
2024-12-11 06:07:14,729 INFO =====> Height map loss: 6.281799
2024-12-11 06:07:15,156 DEBUG loaded <trimesh.Trimesh(vertices.shape=(916, 3), faces.shape=(856, 3))> using `load_obj` in 0.0031s
2024-12-11 06:07:15,310 DEBUG loaded <trimesh.Trimesh(vertices.shape=(48, 3), faces.shape=(28, 3))> using `load_obj` in 0.0008s
2024-12-11 06:07:24,327 INFO ==> EMD Loss: 19.543392
2024-12-11 06:07:24,327 INFO ==> Height map loss:  6.203145
2024-12-11 06:07:24,705 DEBUG loaded <trimesh.Trimesh(vertices.shape=(916, 3), faces.shape=(856, 3))> using `load_obj` in 0.0030s
2024-12-11 06:07:24,855 DEBUG loaded <trimesh.Trimesh(vertices.shape=(48, 3), faces.shape=(28, 3))> using `load_obj` in 0.0007s
2024-12-11 06:07:34,256 INFO ==> EMD Loss: 19.651091
2024-12-11 06:07:34,256 INFO ==> Height map loss:  6.411893
2024-12-11 06:07:34,632 DEBUG loaded <trimesh.Trimesh(vertices.shape=(916, 3), faces.shape=(856, 3))> using `load_obj` in 0.0029s
2024-12-11 06:07:34,780 DEBUG loaded <trimesh.Trimesh(vertices.shape=(48, 3), faces.shape=(28, 3))> using `load_obj` in 0.0007s
2024-12-11 06:07:43,476 INFO ==> EMD Loss: 19.721401
2024-12-11 06:07:43,476 INFO ==> Height map loss:  6.832512
2024-12-11 06:07:43,846 DEBUG loaded <trimesh.Trimesh(vertices.shape=(916, 3), faces.shape=(856, 3))> using `load_obj` in 0.0029s
2024-12-11 06:07:43,993 DEBUG loaded <trimesh.Trimesh(vertices.shape=(48, 3), faces.shape=(28, 3))> using `load_obj` in 0.0007s
2024-12-11 06:07:52,893 INFO ==> EMD Loss: 20.227627
2024-12-11 06:07:52,893 INFO ==> Height map loss:  7.397074
2024-12-11 06:07:53,317 DEBUG loaded <trimesh.Trimesh(vertices.shape=(916, 3), faces.shape=(856, 3))> using `load_obj` in 0.0039s
2024-12-11 06:07:53,514 DEBUG loaded <trimesh.Trimesh(vertices.shape=(48, 3), faces.shape=(28, 3))> using `load_obj` in 0.0009s
2024-12-11 06:08:02,274 INFO ==> EMD Loss: 20.481064
2024-12-11 06:08:02,274 INFO ==> Height map loss:  7.770648
2024-12-11 06:08:02,654 DEBUG loaded <trimesh.Trimesh(vertices.shape=(916, 3), faces.shape=(856, 3))> using `load_obj` in 0.0028s
2024-12-11 06:08:02,803 DEBUG loaded <trimesh.Trimesh(vertices.shape=(48, 3), faces.shape=(28, 3))> using `load_obj` in 0.0007s
2024-12-11 06:08:11,810 INFO ===========> Finished training.
2024-12-11 06:08:11,810 INFO ====> Final EMD Loss: 19.543667
2024-12-11 06:08:11,810 INFO ====> Final Height map loss: 6.200391
2024-12-11 06:08:11,810 INFO ====> Final skill params: [ 0.91139823  0.7610501   0.7608437   0.0645327  -0.53048897]
