2024-09-20 01:18:30,728 INFO ===> New TaichiEnv created.
2024-09-20 01:18:30,728 INFO ===> Specifications: horizon = 300, dt = 0.01, n_substeps = 20, dt_sub = 0.0005
2024-09-20 01:19:07,147 INFO =====> Epoch: 0
2024-09-20 01:19:07,147 INFO =====> EMD Loss: 26.55647087097168
2024-09-20 01:19:07,147 INFO =====> Height map loss: 25.923511505126953
2024-09-20 01:19:07,147 INFO =====> Trajectory grad mean: 30144.224609375
2024-09-20 01:19:07,147 INFO =====> Num. aborted data so far: 0
2024-09-20 01:19:07,354 INFO ===> New TaichiEnv created.
2024-09-20 01:19:07,354 INFO ===> Specifications: horizon = 300, dt = 0.01, n_substeps = 20, dt_sub = 0.0005
2024-09-20 01:19:44,133 INFO =====> Epoch: 1
2024-09-20 01:19:44,133 INFO =====> EMD Loss: 27.055706024169922
2024-09-20 01:19:44,133 INFO =====> Height map loss: 28.71456527709961
2024-09-20 01:19:44,133 INFO =====> Trajectory grad mean: 2060.179931640625
2024-09-20 01:19:44,133 INFO =====> Num. aborted data so far: 0
2024-09-20 01:19:44,340 INFO ===> New TaichiEnv created.
2024-09-20 01:19:44,340 INFO ===> Specifications: horizon = 300, dt = 0.01, n_substeps = 20, dt_sub = 0.0005
2024-09-20 01:20:20,834 INFO =====> Epoch: 2
2024-09-20 01:20:20,834 INFO =====> EMD Loss: 27.061939239501953
2024-09-20 01:20:20,834 INFO =====> Height map loss: 28.714969635009766
2024-09-20 01:20:20,834 INFO =====> Trajectory grad mean: 1.1444916725158691
2024-09-20 01:20:20,834 INFO =====> Num. aborted data so far: 0
2024-09-20 01:20:21,042 INFO ===> New TaichiEnv created.
2024-09-20 01:20:21,042 INFO ===> Specifications: horizon = 300, dt = 0.01, n_substeps = 20, dt_sub = 0.0005
2024-09-20 01:20:57,563 INFO =====> Epoch: 3
2024-09-20 01:20:57,563 INFO =====> EMD Loss: 27.06229591369629
2024-09-20 01:20:57,563 INFO =====> Height map loss: 28.715574264526367
2024-09-20 01:20:57,563 INFO =====> Trajectory grad mean: 1.0541249513626099
2024-09-20 01:20:57,563 INFO =====> Num. aborted data so far: 0
2024-09-20 01:20:57,774 INFO ===> New TaichiEnv created.
2024-09-20 01:20:57,774 INFO ===> Specifications: horizon = 300, dt = 0.01, n_substeps = 20, dt_sub = 0.0005
2024-09-20 01:21:34,320 INFO =====> Epoch: 4
2024-09-20 01:21:34,320 INFO =====> EMD Loss: 27.06194305419922
2024-09-20 01:21:34,321 INFO =====> Height map loss: 28.714351654052734
2024-09-20 01:21:34,321 INFO =====> Trajectory grad mean: 1.0583550930023193
2024-09-20 01:21:34,321 INFO =====> Num. aborted data so far: 0
2024-09-20 01:21:34,533 INFO ===> New TaichiEnv created.
2024-09-20 01:21:34,533 INFO ===> Specifications: horizon = 300, dt = 0.01, n_substeps = 20, dt_sub = 0.0005
2024-09-20 01:22:11,068 INFO =====> Epoch: 5
2024-09-20 01:22:11,068 INFO =====> EMD Loss: 27.061994552612305
2024-09-20 01:22:11,068 INFO =====> Height map loss: 28.71482276916504
2024-09-20 01:22:11,068 INFO =====> Trajectory grad mean: 1.0620975494384766
2024-09-20 01:22:11,068 INFO =====> Num. aborted data so far: 0
2024-09-20 01:22:11,283 INFO ===> New TaichiEnv created.
2024-09-20 01:22:11,283 INFO ===> Specifications: horizon = 300, dt = 0.01, n_substeps = 20, dt_sub = 0.0005
2024-09-20 01:22:48,106 INFO =====> Epoch: 6
2024-09-20 01:22:48,106 INFO =====> EMD Loss: 27.062278747558594
2024-09-20 01:22:48,106 INFO =====> Height map loss: 28.716838836669922
2024-09-20 01:22:48,106 INFO =====> Trajectory grad mean: 1.0654488801956177
2024-09-20 01:22:48,106 INFO =====> Num. aborted data so far: 0
2024-09-20 01:22:48,324 INFO ===> New TaichiEnv created.
2024-09-20 01:22:48,324 INFO ===> Specifications: horizon = 300, dt = 0.01, n_substeps = 20, dt_sub = 0.0005
2024-09-20 01:23:25,147 INFO =====> Epoch: 7
2024-09-20 01:23:25,147 INFO =====> EMD Loss: 27.061851501464844
2024-09-20 01:23:25,147 INFO =====> Height map loss: 28.712114334106445
2024-09-20 01:23:25,147 INFO =====> Trajectory grad mean: 1.0396825075149536
2024-09-20 01:23:25,147 INFO =====> Num. aborted data so far: 0
2024-09-20 01:23:25,365 INFO ===> New TaichiEnv created.
2024-09-20 01:23:25,366 INFO ===> Specifications: horizon = 300, dt = 0.01, n_substeps = 20, dt_sub = 0.0005
2024-09-20 01:24:01,938 INFO =====> Epoch: 8
2024-09-20 01:24:01,939 INFO =====> EMD Loss: 27.06205177307129
2024-09-20 01:24:01,939 INFO =====> Height map loss: 28.714630126953125
2024-09-20 01:24:01,939 INFO =====> Trajectory grad mean: 1.0424360036849976
2024-09-20 01:24:01,939 INFO =====> Num. aborted data so far: 0
2024-09-20 01:24:02,159 INFO ===> New TaichiEnv created.
2024-09-20 01:24:02,159 INFO ===> Specifications: horizon = 300, dt = 0.01, n_substeps = 20, dt_sub = 0.0005
2024-09-20 01:24:38,715 INFO =====> Epoch: 9
2024-09-20 01:24:38,715 INFO =====> EMD Loss: 27.06216049194336
2024-09-20 01:24:38,715 INFO =====> Height map loss: 28.713726043701172
2024-09-20 01:24:38,715 INFO =====> Trajectory grad mean: 1.0449533462524414
2024-09-20 01:24:38,715 INFO =====> Num. aborted data so far: 0
2024-09-20 01:24:38,937 INFO ===> New TaichiEnv created.
2024-09-20 01:24:38,937 INFO ===> Specifications: horizon = 300, dt = 0.01, n_substeps = 20, dt_sub = 0.0005
2024-09-20 01:25:15,496 INFO =====> Epoch: 10
2024-09-20 01:25:15,496 INFO =====> EMD Loss: 27.061798095703125
2024-09-20 01:25:15,496 INFO =====> Height map loss: 28.71480369567871
2024-09-20 01:25:15,496 INFO =====> Trajectory grad mean: 1.0539125204086304
2024-09-20 01:25:15,496 INFO =====> Num. aborted data so far: 0
2024-09-20 01:25:15,719 INFO ===> New TaichiEnv created.
2024-09-20 01:25:15,719 INFO ===> Specifications: horizon = 300, dt = 0.01, n_substeps = 20, dt_sub = 0.0005
2024-09-20 01:25:52,301 INFO =====> Epoch: 11
2024-09-20 01:25:52,301 INFO =====> EMD Loss: 27.06218910217285
2024-09-20 01:25:52,301 INFO =====> Height map loss: 28.71691131591797
2024-09-20 01:25:52,301 INFO =====> Trajectory grad mean: 1.0560485124588013
2024-09-20 01:25:52,301 INFO =====> Num. aborted data so far: 0
2024-09-20 01:25:52,526 INFO ===> New TaichiEnv created.
2024-09-20 01:25:52,526 INFO ===> Specifications: horizon = 300, dt = 0.01, n_substeps = 20, dt_sub = 0.0005
2024-09-20 01:26:29,108 INFO =====> Epoch: 12
2024-09-20 01:26:29,108 INFO =====> EMD Loss: 27.068880081176758
2024-09-20 01:26:29,108 INFO =====> Height map loss: 28.71632957458496
2024-09-20 01:26:29,108 INFO =====> Trajectory grad mean: 1.0580295324325562
2024-09-20 01:26:29,108 INFO =====> Num. aborted data so far: 0
2024-09-20 01:26:29,335 INFO ===> New TaichiEnv created.
2024-09-20 01:26:29,335 INFO ===> Specifications: horizon = 300, dt = 0.01, n_substeps = 20, dt_sub = 0.0005
2024-09-20 01:27:05,906 INFO =====> Epoch: 13
2024-09-20 01:27:05,906 INFO =====> EMD Loss: 27.06861114501953
2024-09-20 01:27:05,906 INFO =====> Height map loss: 28.71758460998535
2024-09-20 01:27:05,906 INFO =====> Trajectory grad mean: 1.0598722696304321
2024-09-20 01:27:05,906 INFO =====> Num. aborted data so far: 0
2024-09-20 01:27:06,134 INFO ===> New TaichiEnv created.
2024-09-20 01:27:06,135 INFO ===> Specifications: horizon = 300, dt = 0.01, n_substeps = 20, dt_sub = 0.0005
2024-09-20 01:27:42,709 INFO =====> Epoch: 14
2024-09-20 01:27:42,709 INFO =====> EMD Loss: 27.062034606933594
2024-09-20 01:27:42,709 INFO =====> Height map loss: 28.716552734375
2024-09-20 01:27:42,709 INFO =====> Trajectory grad mean: 1.06159508228302
2024-09-20 01:27:42,709 INFO =====> Num. aborted data so far: 0
2024-09-20 01:27:42,942 INFO ===> New TaichiEnv created.
2024-09-20 01:27:42,942 INFO ===> Specifications: horizon = 300, dt = 0.01, n_substeps = 20, dt_sub = 0.0005
2024-09-20 01:28:19,542 INFO =====> Epoch: 15
2024-09-20 01:28:19,542 INFO =====> EMD Loss: 27.061965942382812
2024-09-20 01:28:19,543 INFO =====> Height map loss: 28.7152099609375
2024-09-20 01:28:19,543 INFO =====> Trajectory grad mean: 1.0632108449935913
2024-09-20 01:28:19,543 INFO =====> Num. aborted data so far: 0
2024-09-20 01:28:19,774 INFO ===> New TaichiEnv created.
2024-09-20 01:28:19,774 INFO ===> Specifications: horizon = 300, dt = 0.01, n_substeps = 20, dt_sub = 0.0005
2024-09-20 01:28:56,417 INFO =====> Epoch: 16
2024-09-20 01:28:56,417 INFO =====> EMD Loss: 27.061939239501953
2024-09-20 01:28:56,417 INFO =====> Height map loss: 28.71503448486328
2024-09-20 01:28:56,417 INFO =====> Trajectory grad mean: 1.0646895170211792
2024-09-20 01:28:56,417 INFO =====> Num. aborted data so far: 0
2024-09-20 01:28:56,649 INFO ===> New TaichiEnv created.
2024-09-20 01:28:56,649 INFO ===> Specifications: horizon = 300, dt = 0.01, n_substeps = 20, dt_sub = 0.0005
2024-09-20 01:29:33,257 INFO =====> Epoch: 17
2024-09-20 01:29:33,257 INFO =====> EMD Loss: 27.06216812133789
2024-09-20 01:29:33,257 INFO =====> Height map loss: 28.717041015625
2024-09-20 01:29:33,257 INFO =====> Trajectory grad mean: 1.0660992860794067
2024-09-20 01:29:33,257 INFO =====> Num. aborted data so far: 0
2024-09-20 01:29:33,490 INFO ===> New TaichiEnv created.
2024-09-20 01:29:33,490 INFO ===> Specifications: horizon = 300, dt = 0.01, n_substeps = 20, dt_sub = 0.0005
2024-09-20 01:30:10,113 INFO =====> Epoch: 18
2024-09-20 01:30:10,113 INFO =====> EMD Loss: 27.062129974365234
2024-09-20 01:30:10,113 INFO =====> Height map loss: 28.716556549072266
2024-09-20 01:30:10,113 INFO =====> Trajectory grad mean: 1.0674192905426025
2024-09-20 01:30:10,113 INFO =====> Num. aborted data so far: 0
2024-09-20 01:30:10,347 INFO ===> New TaichiEnv created.
2024-09-20 01:30:10,347 INFO ===> Specifications: horizon = 300, dt = 0.01, n_substeps = 20, dt_sub = 0.0005
2024-09-20 01:30:46,987 INFO =====> Epoch: 19
2024-09-20 01:30:46,987 INFO =====> EMD Loss: 27.061904907226562
2024-09-20 01:30:46,987 INFO =====> Height map loss: 28.716428756713867
2024-09-20 01:30:46,987 INFO =====> Trajectory grad mean: -9.49443244934082
2024-09-20 01:30:46,987 INFO =====> Num. aborted data so far: 0
2024-09-20 01:30:47,223 INFO ===> New TaichiEnv created.
2024-09-20 01:30:47,223 INFO ===> Specifications: horizon = 300, dt = 0.01, n_substeps = 20, dt_sub = 0.0005
2024-09-20 01:31:23,801 INFO =====> Epoch: 20
2024-09-20 01:31:23,801 INFO =====> EMD Loss: 27.06192970275879
2024-09-20 01:31:23,801 INFO =====> Height map loss: 28.716899871826172
2024-09-20 01:31:23,801 INFO =====> Trajectory grad mean: 92.38381958007812
2024-09-20 01:31:23,801 INFO =====> Num. aborted data so far: 0
2024-09-20 01:31:24,039 INFO ===> New TaichiEnv created.
2024-09-20 01:31:24,039 INFO ===> Specifications: horizon = 300, dt = 0.01, n_substeps = 20, dt_sub = 0.0005
2024-09-20 01:32:00,683 INFO =====> Epoch: 21
2024-09-20 01:32:00,683 INFO =====> EMD Loss: 27.061994552612305
2024-09-20 01:32:00,683 INFO =====> Height map loss: 28.716571807861328
2024-09-20 01:32:00,683 INFO =====> Trajectory grad mean: 6.352316856384277
2024-09-20 01:32:00,683 INFO =====> Num. aborted data so far: 0
2024-09-20 01:32:00,923 INFO ===> New TaichiEnv created.
2024-09-20 01:32:00,923 INFO ===> Specifications: horizon = 300, dt = 0.01, n_substeps = 20, dt_sub = 0.0005
2024-09-20 01:32:37,832 INFO =====> Epoch: 22
2024-09-20 01:32:37,832 INFO =====> EMD Loss: 27.061931610107422
2024-09-20 01:32:37,832 INFO =====> Height map loss: 28.714834213256836
2024-09-20 01:32:37,832 INFO =====> Trajectory grad mean: 24.672653198242188
2024-09-20 01:32:37,832 INFO =====> Num. aborted data so far: 0
2024-09-20 01:32:38,072 INFO ===> New TaichiEnv created.
2024-09-20 01:32:38,072 INFO ===> Specifications: horizon = 300, dt = 0.01, n_substeps = 20, dt_sub = 0.0005
2024-09-20 01:33:14,987 INFO =====> Epoch: 23
2024-09-20 01:33:14,987 INFO =====> EMD Loss: 27.061908721923828
2024-09-20 01:33:14,987 INFO =====> Height map loss: 28.716611862182617
2024-09-20 01:33:14,987 INFO =====> Trajectory grad mean: 1.5503816604614258
2024-09-20 01:33:14,987 INFO =====> Num. aborted data so far: 0
2024-09-20 01:33:15,229 INFO ===> New TaichiEnv created.
2024-09-20 01:33:15,229 INFO ===> Specifications: horizon = 300, dt = 0.01, n_substeps = 20, dt_sub = 0.0005
2024-09-20 01:33:51,881 INFO =====> Epoch: 24
2024-09-20 01:33:51,881 INFO =====> EMD Loss: 27.06201934814453
2024-09-20 01:33:51,881 INFO =====> Height map loss: 28.729129791259766
2024-09-20 01:33:51,881 INFO =====> Trajectory grad mean: -26.998245239257812
2024-09-20 01:33:51,881 INFO =====> Num. aborted data so far: 0
2024-09-20 01:33:52,124 INFO ===> New TaichiEnv created.
2024-09-20 01:33:52,124 INFO ===> Specifications: horizon = 300, dt = 0.01, n_substeps = 20, dt_sub = 0.0005
2024-09-20 01:34:28,789 INFO =====> Epoch: 25
2024-09-20 01:34:28,789 INFO =====> EMD Loss: 27.06851577758789
2024-09-20 01:34:28,789 INFO =====> Height map loss: 28.716724395751953
2024-09-20 01:34:28,789 INFO =====> Trajectory grad mean: -9.513692855834961
2024-09-20 01:34:28,789 INFO =====> Num. aborted data so far: 0
2024-09-20 01:34:29,036 INFO ===> New TaichiEnv created.
2024-09-20 01:34:29,036 INFO ===> Specifications: horizon = 300, dt = 0.01, n_substeps = 20, dt_sub = 0.0005
2024-09-20 01:35:05,711 INFO =====> Epoch: 26
2024-09-20 01:35:05,711 INFO =====> EMD Loss: 27.061872482299805
2024-09-20 01:35:05,711 INFO =====> Height map loss: 28.71647071838379
2024-09-20 01:35:05,711 INFO =====> Trajectory grad mean: 43.04804611206055
2024-09-20 01:35:05,711 INFO =====> Num. aborted data so far: 0
2024-09-20 01:35:05,956 INFO ===> New TaichiEnv created.
2024-09-20 01:35:05,956 INFO ===> Specifications: horizon = 300, dt = 0.01, n_substeps = 20, dt_sub = 0.0005
2024-09-20 01:35:42,894 INFO =====> Epoch: 27
2024-09-20 01:35:42,894 INFO =====> EMD Loss: 27.061798095703125
2024-09-20 01:35:42,894 INFO =====> Height map loss: 28.714481353759766
2024-09-20 01:35:42,894 INFO =====> Trajectory grad mean: 8.81152057647705
2024-09-20 01:35:42,894 INFO =====> Num. aborted data so far: 0
2024-09-20 01:35:43,137 INFO ===> New TaichiEnv created.
2024-09-20 01:35:43,138 INFO ===> Specifications: horizon = 300, dt = 0.01, n_substeps = 20, dt_sub = 0.0005
2024-09-20 01:36:19,780 INFO =====> Epoch: 28
2024-09-20 01:36:19,780 INFO =====> EMD Loss: 27.062114715576172
2024-09-20 01:36:19,780 INFO =====> Height map loss: 28.716930389404297
2024-09-20 01:36:19,780 INFO =====> Trajectory grad mean: 16.752511978149414
2024-09-20 01:36:19,780 INFO =====> Num. aborted data so far: 0
2024-09-20 01:36:20,027 INFO ===> New TaichiEnv created.
2024-09-20 01:36:20,027 INFO ===> Specifications: horizon = 300, dt = 0.01, n_substeps = 20, dt_sub = 0.0005
2024-09-20 01:36:56,962 INFO =====> Epoch: 29
2024-09-20 01:36:56,963 INFO =====> EMD Loss: 27.06189727783203
2024-09-20 01:36:56,963 INFO =====> Height map loss: 28.716833114624023
2024-09-20 01:36:56,963 INFO =====> Trajectory grad mean: 16.00709342956543
2024-09-20 01:36:56,963 INFO =====> Num. aborted data so far: 0
2024-09-20 01:36:57,207 INFO ===> New TaichiEnv created.
2024-09-20 01:36:57,207 INFO ===> Specifications: horizon = 300, dt = 0.01, n_substeps = 20, dt_sub = 0.0005
2024-09-20 01:37:33,855 INFO =====> Epoch: 30
2024-09-20 01:37:33,855 INFO =====> EMD Loss: 27.068437576293945
2024-09-20 01:37:33,855 INFO =====> Height map loss: 28.716550827026367
2024-09-20 01:37:33,855 INFO =====> Trajectory grad mean: -8.381083488464355
2024-09-20 01:37:33,855 INFO =====> Num. aborted data so far: 0
2024-09-20 01:37:34,104 INFO ===> New TaichiEnv created.
2024-09-20 01:37:34,105 INFO ===> Specifications: horizon = 300, dt = 0.01, n_substeps = 20, dt_sub = 0.0005
2024-09-20 01:38:11,002 INFO =====> Epoch: 31
2024-09-20 01:38:11,002 INFO =====> EMD Loss: 27.061710357666016
2024-09-20 01:38:11,002 INFO =====> Height map loss: 28.715007781982422
2024-09-20 01:38:11,002 INFO =====> Trajectory grad mean: -15.071951866149902
2024-09-20 01:38:11,002 INFO =====> Num. aborted data so far: 0
2024-09-20 01:38:11,250 INFO ===> New TaichiEnv created.
2024-09-20 01:38:11,250 INFO ===> Specifications: horizon = 300, dt = 0.01, n_substeps = 20, dt_sub = 0.0005
2024-09-20 01:38:47,904 INFO =====> Epoch: 32
2024-09-20 01:38:47,904 INFO =====> EMD Loss: 27.0582218170166
2024-09-20 01:38:47,904 INFO =====> Height map loss: 28.716184616088867
2024-09-20 01:38:47,904 INFO =====> Trajectory grad mean: 1.8206112384796143
2024-09-20 01:38:47,904 INFO =====> Num. aborted data so far: 0
2024-09-20 01:38:48,155 INFO ===> New TaichiEnv created.
2024-09-20 01:38:48,155 INFO ===> Specifications: horizon = 300, dt = 0.01, n_substeps = 20, dt_sub = 0.0005
2024-09-20 01:39:24,825 INFO =====> Epoch: 33
2024-09-20 01:39:24,825 INFO =====> EMD Loss: 27.061975479125977
2024-09-20 01:39:24,825 INFO =====> Height map loss: 28.71536636352539
2024-09-20 01:39:24,825 INFO =====> Trajectory grad mean: -8.347941398620605
2024-09-20 01:39:24,825 INFO =====> Num. aborted data so far: 0
2024-09-20 01:39:25,075 INFO ===> New TaichiEnv created.
2024-09-20 01:39:25,075 INFO ===> Specifications: horizon = 300, dt = 0.01, n_substeps = 20, dt_sub = 0.0005
2024-09-20 01:40:01,735 INFO =====> Epoch: 34
2024-09-20 01:40:01,735 INFO =====> EMD Loss: 27.068883895874023
2024-09-20 01:40:01,735 INFO =====> Height map loss: 28.717487335205078
2024-09-20 01:40:01,735 INFO =====> Trajectory grad mean: -14.864275932312012
2024-09-20 01:40:01,735 INFO =====> Num. aborted data so far: 0
2024-09-20 01:40:01,985 INFO ===> New TaichiEnv created.
2024-09-20 01:40:01,985 INFO ===> Specifications: horizon = 300, dt = 0.01, n_substeps = 20, dt_sub = 0.0005
2024-09-20 01:40:38,631 INFO =====> Epoch: 35
2024-09-20 01:40:38,631 INFO =====> EMD Loss: 27.062183380126953
2024-09-20 01:40:38,632 INFO =====> Height map loss: 28.71668243408203
2024-09-20 01:40:38,632 INFO =====> Trajectory grad mean: -6.6247687339782715
2024-09-20 01:40:38,632 INFO =====> Num. aborted data so far: 0
2024-09-20 01:40:38,882 INFO ===> New TaichiEnv created.
2024-09-20 01:40:38,882 INFO ===> Specifications: horizon = 300, dt = 0.01, n_substeps = 20, dt_sub = 0.0005
2024-09-20 01:41:15,580 INFO =====> Epoch: 36
2024-09-20 01:41:15,580 INFO =====> EMD Loss: 27.061960220336914
2024-09-20 01:41:15,580 INFO =====> Height map loss: 28.714824676513672
2024-09-20 01:41:15,580 INFO =====> Trajectory grad mean: -2.7254085540771484
2024-09-20 01:41:15,580 INFO =====> Num. aborted data so far: 0
2024-09-20 01:41:15,831 INFO ===> New TaichiEnv created.
2024-09-20 01:41:15,831 INFO ===> Specifications: horizon = 300, dt = 0.01, n_substeps = 20, dt_sub = 0.0005
2024-09-20 01:41:52,429 INFO =====> Epoch: 37
2024-09-20 01:41:52,429 INFO =====> EMD Loss: 27.06196403503418
2024-09-20 01:41:52,429 INFO =====> Height map loss: 28.715383529663086
2024-09-20 01:41:52,429 INFO =====> Trajectory grad mean: 15.943594932556152
2024-09-20 01:41:52,429 INFO =====> Num. aborted data so far: 0
2024-09-20 01:41:52,682 INFO ===> New TaichiEnv created.
2024-09-20 01:41:52,682 INFO ===> Specifications: horizon = 300, dt = 0.01, n_substeps = 20, dt_sub = 0.0005
2024-09-20 01:42:29,347 INFO =====> Epoch: 38
2024-09-20 01:42:29,347 INFO =====> EMD Loss: 27.068500518798828
2024-09-20 01:42:29,347 INFO =====> Height map loss: 28.716514587402344
2024-09-20 01:42:29,347 INFO =====> Trajectory grad mean: 11.971048355102539
2024-09-20 01:42:29,347 INFO =====> Num. aborted data so far: 0
2024-09-20 01:42:29,599 INFO ===> New TaichiEnv created.
2024-09-20 01:42:29,599 INFO ===> Specifications: horizon = 300, dt = 0.01, n_substeps = 20, dt_sub = 0.0005
2024-09-20 01:43:06,296 INFO =====> Epoch: 39
2024-09-20 01:43:06,296 INFO =====> EMD Loss: 27.062053680419922
2024-09-20 01:43:06,296 INFO =====> Height map loss: 28.716327667236328
2024-09-20 01:43:06,296 INFO =====> Trajectory grad mean: -4.566683769226074
2024-09-20 01:43:06,296 INFO =====> Num. aborted data so far: 0
2024-09-20 01:43:06,548 INFO ===> New TaichiEnv created.
2024-09-20 01:43:06,548 INFO ===> Specifications: horizon = 300, dt = 0.01, n_substeps = 20, dt_sub = 0.0005
2024-09-20 01:43:43,212 INFO =====> Epoch: 40
2024-09-20 01:43:43,212 INFO =====> EMD Loss: 27.065074920654297
2024-09-20 01:43:43,212 INFO =====> Height map loss: 28.716508865356445
2024-09-20 01:43:43,212 INFO =====> Trajectory grad mean: -18.313945770263672
2024-09-20 01:43:43,212 INFO =====> Num. aborted data so far: 0
2024-09-20 01:43:43,466 INFO ===> New TaichiEnv created.
2024-09-20 01:43:43,466 INFO ===> Specifications: horizon = 300, dt = 0.01, n_substeps = 20, dt_sub = 0.0005
2024-09-20 01:44:20,135 INFO =====> Epoch: 41
2024-09-20 01:44:20,135 INFO =====> EMD Loss: 27.062053680419922
2024-09-20 01:44:20,135 INFO =====> Height map loss: 28.71683692932129
2024-09-20 01:44:20,135 INFO =====> Trajectory grad mean: 24.81604766845703
2024-09-20 01:44:20,135 INFO =====> Num. aborted data so far: 0
2024-09-20 01:44:20,390 INFO ===> New TaichiEnv created.
2024-09-20 01:44:20,390 INFO ===> Specifications: horizon = 300, dt = 0.01, n_substeps = 20, dt_sub = 0.0005
2024-09-20 01:44:57,231 INFO =====> Epoch: 42
2024-09-20 01:44:57,231 INFO =====> EMD Loss: 27.062057495117188
2024-09-20 01:44:57,231 INFO =====> Height map loss: 28.71505355834961
2024-09-20 01:44:57,231 INFO =====> Trajectory grad mean: -36.91920471191406
2024-09-20 01:44:57,231 INFO =====> Num. aborted data so far: 0
2024-09-20 01:44:57,487 INFO ===> New TaichiEnv created.
2024-09-20 01:44:57,487 INFO ===> Specifications: horizon = 300, dt = 0.01, n_substeps = 20, dt_sub = 0.0005
2024-09-20 01:45:34,150 INFO =====> Epoch: 43
2024-09-20 01:45:34,150 INFO =====> EMD Loss: 27.06187629699707
2024-09-20 01:45:34,150 INFO =====> Height map loss: 28.713544845581055
2024-09-20 01:45:34,150 INFO =====> Trajectory grad mean: 4.312680721282959
2024-09-20 01:45:34,150 INFO =====> Num. aborted data so far: 0
2024-09-20 01:45:34,403 INFO ===> New TaichiEnv created.
2024-09-20 01:45:34,403 INFO ===> Specifications: horizon = 300, dt = 0.01, n_substeps = 20, dt_sub = 0.0005
2024-09-20 01:46:11,096 INFO =====> Epoch: 44
2024-09-20 01:46:11,096 INFO =====> EMD Loss: 27.061874389648438
2024-09-20 01:46:11,096 INFO =====> Height map loss: 28.716360092163086
2024-09-20 01:46:11,096 INFO =====> Trajectory grad mean: -1.6384179592132568
2024-09-20 01:46:11,096 INFO =====> Num. aborted data so far: 0
2024-09-20 01:46:11,351 INFO ===> New TaichiEnv created.
2024-09-20 01:46:11,351 INFO ===> Specifications: horizon = 300, dt = 0.01, n_substeps = 20, dt_sub = 0.0005
2024-09-20 01:46:47,946 INFO =====> Epoch: 45
2024-09-20 01:46:47,946 INFO =====> EMD Loss: 27.0616512298584
2024-09-20 01:46:47,946 INFO =====> Height map loss: 28.710355758666992
2024-09-20 01:46:47,946 INFO =====> Trajectory grad mean: 10.867887496948242
2024-09-20 01:46:47,946 INFO =====> Num. aborted data so far: 0
2024-09-20 01:46:48,201 INFO ===> New TaichiEnv created.
2024-09-20 01:46:48,201 INFO ===> Specifications: horizon = 300, dt = 0.01, n_substeps = 20, dt_sub = 0.0005
2024-09-20 01:47:24,868 INFO =====> Epoch: 46
2024-09-20 01:47:24,868 INFO =====> EMD Loss: 27.061912536621094
2024-09-20 01:47:24,868 INFO =====> Height map loss: 28.716144561767578
2024-09-20 01:47:24,868 INFO =====> Trajectory grad mean: -3.612886667251587
2024-09-20 01:47:24,868 INFO =====> Num. aborted data so far: 0
2024-09-20 01:47:25,123 INFO ===> New TaichiEnv created.
2024-09-20 01:47:25,123 INFO ===> Specifications: horizon = 300, dt = 0.01, n_substeps = 20, dt_sub = 0.0005
2024-09-20 01:48:01,825 INFO =====> Epoch: 47
2024-09-20 01:48:01,825 INFO =====> EMD Loss: 27.06179428100586
2024-09-20 01:48:01,825 INFO =====> Height map loss: 28.7183895111084
2024-09-20 01:48:01,825 INFO =====> Trajectory grad mean: 48.606998443603516
2024-09-20 01:48:01,825 INFO =====> Num. aborted data so far: 0
2024-09-20 01:48:02,086 INFO ===> New TaichiEnv created.
2024-09-20 01:48:02,086 INFO ===> Specifications: horizon = 300, dt = 0.01, n_substeps = 20, dt_sub = 0.0005
2024-09-20 01:48:38,796 INFO =====> Epoch: 48
2024-09-20 01:48:38,796 INFO =====> EMD Loss: 27.061832427978516
2024-09-20 01:48:38,796 INFO =====> Height map loss: 28.714431762695312
2024-09-20 01:48:38,796 INFO =====> Trajectory grad mean: 6.16510534286499
2024-09-20 01:48:38,796 INFO =====> Num. aborted data so far: 0
2024-09-20 01:48:39,053 INFO ===> New TaichiEnv created.
2024-09-20 01:48:39,053 INFO ===> Specifications: horizon = 300, dt = 0.01, n_substeps = 20, dt_sub = 0.0005
2024-09-20 01:49:15,686 INFO =====> Epoch: 49
2024-09-20 01:49:15,686 INFO =====> EMD Loss: 27.06205940246582
2024-09-20 01:49:15,686 INFO =====> Height map loss: 28.71651268005371
2024-09-20 01:49:15,686 INFO =====> Trajectory grad mean: 7.46082067489624
2024-09-20 01:49:15,686 INFO =====> Num. aborted data so far: 0
2024-09-20 01:49:15,943 INFO ===> New TaichiEnv created.
2024-09-20 01:49:15,943 INFO ===> Specifications: horizon = 300, dt = 0.01, n_substeps = 20, dt_sub = 0.0005
2024-09-20 01:49:52,627 INFO =====> Epoch: 50
2024-09-20 01:49:52,627 INFO =====> EMD Loss: 27.065353393554688
2024-09-20 01:49:52,627 INFO =====> Height map loss: 28.719274520874023
2024-09-20 01:49:52,627 INFO =====> Trajectory grad mean: -0.5005858540534973
2024-09-20 01:49:52,627 INFO =====> Num. aborted data so far: 0
2024-09-20 01:49:52,885 INFO ===> New TaichiEnv created.
2024-09-20 01:49:52,885 INFO ===> Specifications: horizon = 300, dt = 0.01, n_substeps = 20, dt_sub = 0.0005
2024-09-20 01:50:29,581 INFO =====> Epoch: 51
2024-09-20 01:50:29,581 INFO =====> EMD Loss: 27.06197166442871
2024-09-20 01:50:29,581 INFO =====> Height map loss: 28.716705322265625
2024-09-20 01:50:29,581 INFO =====> Trajectory grad mean: 24.16595458984375
2024-09-20 01:50:29,581 INFO =====> Num. aborted data so far: 0
2024-09-20 01:50:29,839 INFO ===> New TaichiEnv created.
2024-09-20 01:50:29,839 INFO ===> Specifications: horizon = 300, dt = 0.01, n_substeps = 20, dt_sub = 0.0005
2024-09-20 01:51:06,443 INFO =====> Epoch: 52
2024-09-20 01:51:06,443 INFO =====> EMD Loss: 27.062044143676758
2024-09-20 01:51:06,443 INFO =====> Height map loss: 28.716691970825195
2024-09-20 01:51:06,443 INFO =====> Trajectory grad mean: 2.306626558303833
2024-09-20 01:51:06,443 INFO =====> Num. aborted data so far: 0
2024-09-20 01:51:06,704 INFO ===> New TaichiEnv created.
2024-09-20 01:51:06,704 INFO ===> Specifications: horizon = 300, dt = 0.01, n_substeps = 20, dt_sub = 0.0005
2024-09-20 01:51:43,390 INFO =====> Epoch: 53
2024-09-20 01:51:43,390 INFO =====> EMD Loss: 27.068696975708008
2024-09-20 01:51:43,390 INFO =====> Height map loss: 28.71659278869629
2024-09-20 01:51:43,390 INFO =====> Trajectory grad mean: -5.299069404602051
2024-09-20 01:51:43,390 INFO =====> Num. aborted data so far: 0
2024-09-20 01:51:43,650 INFO ===> New TaichiEnv created.
2024-09-20 01:51:43,650 INFO ===> Specifications: horizon = 300, dt = 0.01, n_substeps = 20, dt_sub = 0.0005
2024-09-20 01:52:20,596 INFO =====> Epoch: 54
2024-09-20 01:52:20,596 INFO =====> EMD Loss: 27.061906814575195
2024-09-20 01:52:20,596 INFO =====> Height map loss: 28.71638298034668
2024-09-20 01:52:20,596 INFO =====> Trajectory grad mean: 12.538050651550293
2024-09-20 01:52:20,597 INFO =====> Num. aborted data so far: 0
2024-09-20 01:52:20,856 INFO ===> New TaichiEnv created.
2024-09-20 01:52:20,856 INFO ===> Specifications: horizon = 300, dt = 0.01, n_substeps = 20, dt_sub = 0.0005
2024-09-20 01:52:57,487 INFO =====> Epoch: 55
2024-09-20 01:52:57,487 INFO =====> EMD Loss: 27.061853408813477
2024-09-20 01:52:57,487 INFO =====> Height map loss: 28.71654510498047
2024-09-20 01:52:57,487 INFO =====> Trajectory grad mean: -25.65652084350586
2024-09-20 01:52:57,487 INFO =====> Num. aborted data so far: 0
2024-09-20 01:52:57,747 INFO ===> New TaichiEnv created.
2024-09-20 01:52:57,747 INFO ===> Specifications: horizon = 300, dt = 0.01, n_substeps = 20, dt_sub = 0.0005
2024-09-20 01:53:34,453 INFO =====> Epoch: 56
2024-09-20 01:53:34,453 INFO =====> EMD Loss: 27.06207847595215
2024-09-20 01:53:34,453 INFO =====> Height map loss: 28.715497970581055
2024-09-20 01:53:34,453 INFO =====> Trajectory grad mean: -21.974685668945312
2024-09-20 01:53:34,453 INFO =====> Num. aborted data so far: 0
2024-09-20 01:53:34,717 INFO ===> New TaichiEnv created.
2024-09-20 01:53:34,717 INFO ===> Specifications: horizon = 300, dt = 0.01, n_substeps = 20, dt_sub = 0.0005
2024-09-20 01:54:11,399 INFO =====> Epoch: 57
2024-09-20 01:54:11,399 INFO =====> EMD Loss: 27.068618774414062
2024-09-20 01:54:11,399 INFO =====> Height map loss: 28.714811325073242
2024-09-20 01:54:11,399 INFO =====> Trajectory grad mean: -57.685977935791016
2024-09-20 01:54:11,399 INFO =====> Num. aborted data so far: 0
2024-09-20 01:54:11,660 INFO ===> New TaichiEnv created.
2024-09-20 01:54:11,660 INFO ===> Specifications: horizon = 300, dt = 0.01, n_substeps = 20, dt_sub = 0.0005
2024-09-20 01:54:48,560 INFO =====> Epoch: 58
2024-09-20 01:54:48,560 INFO =====> EMD Loss: 27.061948776245117
2024-09-20 01:54:48,560 INFO =====> Height map loss: 28.716501235961914
2024-09-20 01:54:48,560 INFO =====> Trajectory grad mean: 1.0898284912109375
2024-09-20 01:54:48,560 INFO =====> Num. aborted data so far: 0
2024-09-20 01:54:48,821 INFO ===> New TaichiEnv created.
2024-09-20 01:54:48,821 INFO ===> Specifications: horizon = 300, dt = 0.01, n_substeps = 20, dt_sub = 0.0005
2024-09-20 01:55:25,530 INFO =====> Epoch: 59
2024-09-20 01:55:25,530 INFO =====> EMD Loss: 27.062129974365234
2024-09-20 01:55:25,530 INFO =====> Height map loss: 28.71341896057129
2024-09-20 01:55:25,530 INFO =====> Trajectory grad mean: 1.0901460647583008
2024-09-20 01:55:25,530 INFO =====> Num. aborted data so far: 0
2024-09-20 01:55:25,795 INFO ===> New TaichiEnv created.
2024-09-20 01:55:25,795 INFO ===> Specifications: horizon = 300, dt = 0.01, n_substeps = 20, dt_sub = 0.0005
2024-09-20 01:56:02,507 INFO =====> Epoch: 60
2024-09-20 01:56:02,507 INFO =====> EMD Loss: 27.061725616455078
2024-09-20 01:56:02,507 INFO =====> Height map loss: 28.716514587402344
2024-09-20 01:56:02,507 INFO =====> Trajectory grad mean: 1.0904628038406372
2024-09-20 01:56:02,507 INFO =====> Num. aborted data so far: 0
2024-09-20 01:56:02,770 INFO ===> New TaichiEnv created.
2024-09-20 01:56:02,770 INFO ===> Specifications: horizon = 300, dt = 0.01, n_substeps = 20, dt_sub = 0.0005
2024-09-20 01:56:39,412 INFO =====> Epoch: 61
2024-09-20 01:56:39,412 INFO =====> EMD Loss: 27.062089920043945
2024-09-20 01:56:39,412 INFO =====> Height map loss: 28.714828491210938
2024-09-20 01:56:39,412 INFO =====> Trajectory grad mean: 1.0907624959945679
2024-09-20 01:56:39,412 INFO =====> Num. aborted data so far: 0
2024-09-20 01:56:39,674 INFO ===> New TaichiEnv created.
2024-09-20 01:56:39,674 INFO ===> Specifications: horizon = 300, dt = 0.01, n_substeps = 20, dt_sub = 0.0005
2024-09-20 01:57:16,386 INFO =====> Epoch: 62
2024-09-20 01:57:16,387 INFO =====> EMD Loss: 27.06200408935547
2024-09-20 01:57:16,387 INFO =====> Height map loss: 28.716466903686523
2024-09-20 01:57:16,387 INFO =====> Trajectory grad mean: 1.0910563468933105
2024-09-20 01:57:16,387 INFO =====> Num. aborted data so far: 0
2024-09-20 01:57:16,650 INFO ===> New TaichiEnv created.
2024-09-20 01:57:16,656 INFO ===> Specifications: horizon = 300, dt = 0.01, n_substeps = 20, dt_sub = 0.0005
2024-09-20 01:57:53,363 INFO =====> Epoch: 63
2024-09-20 01:57:53,364 INFO =====> EMD Loss: 27.062196731567383
2024-09-20 01:57:53,364 INFO =====> Height map loss: 28.71678924560547
2024-09-20 01:57:53,364 INFO =====> Trajectory grad mean: 1.0913501977920532
2024-09-20 01:57:53,364 INFO =====> Num. aborted data so far: 0
2024-09-20 01:57:53,628 INFO ===> New TaichiEnv created.
2024-09-20 01:57:53,628 INFO ===> Specifications: horizon = 300, dt = 0.01, n_substeps = 20, dt_sub = 0.0005
2024-09-20 01:58:30,245 INFO =====> Epoch: 64
2024-09-20 01:58:30,245 INFO =====> EMD Loss: 27.06217384338379
2024-09-20 01:58:30,245 INFO =====> Height map loss: 28.713573455810547
2024-09-20 01:58:30,245 INFO =====> Trajectory grad mean: 1.0916441679000854
2024-09-20 01:58:30,245 INFO =====> Num. aborted data so far: 0
2024-09-20 01:58:30,509 INFO ===> New TaichiEnv created.
2024-09-20 01:58:30,509 INFO ===> Specifications: horizon = 300, dt = 0.01, n_substeps = 20, dt_sub = 0.0005
2024-09-20 01:59:07,202 INFO =====> Epoch: 65
2024-09-20 01:59:07,203 INFO =====> EMD Loss: 27.06218719482422
2024-09-20 01:59:07,203 INFO =====> Height map loss: 28.71476936340332
2024-09-20 01:59:07,203 INFO =====> Trajectory grad mean: 1.0919394493103027
2024-09-20 01:59:07,203 INFO =====> Num. aborted data so far: 0
2024-09-20 01:59:07,467 INFO ===> New TaichiEnv created.
2024-09-20 01:59:07,467 INFO ===> Specifications: horizon = 300, dt = 0.01, n_substeps = 20, dt_sub = 0.0005
2024-09-20 01:59:44,100 INFO =====> Epoch: 66
2024-09-20 01:59:44,100 INFO =====> EMD Loss: 27.06207275390625
2024-09-20 01:59:44,100 INFO =====> Height map loss: 28.716794967651367
2024-09-20 01:59:44,100 INFO =====> Trajectory grad mean: 1.0922359228134155
2024-09-20 01:59:44,100 INFO =====> Num. aborted data so far: 0
2024-09-20 01:59:44,364 INFO ===> New TaichiEnv created.
2024-09-20 01:59:44,364 INFO ===> Specifications: horizon = 300, dt = 0.01, n_substeps = 20, dt_sub = 0.0005
2024-09-20 02:00:21,089 INFO =====> Epoch: 67
2024-09-20 02:00:21,089 INFO =====> EMD Loss: 27.06187629699707
2024-09-20 02:00:21,089 INFO =====> Height map loss: 28.7161922454834
2024-09-20 02:00:21,089 INFO =====> Trajectory grad mean: 1.0925335884094238
2024-09-20 02:00:21,089 INFO =====> Num. aborted data so far: 0
2024-09-20 02:00:21,356 INFO ===> New TaichiEnv created.
2024-09-20 02:00:21,356 INFO ===> Specifications: horizon = 300, dt = 0.01, n_substeps = 20, dt_sub = 0.0005
2024-09-20 02:00:58,024 INFO =====> Epoch: 68
2024-09-20 02:00:58,024 INFO =====> EMD Loss: 27.062145233154297
2024-09-20 02:00:58,024 INFO =====> Height map loss: 28.715465545654297
2024-09-20 02:00:58,024 INFO =====> Trajectory grad mean: 1.092832088470459
2024-09-20 02:00:58,024 INFO =====> Num. aborted data so far: 0
2024-09-20 02:00:58,292 INFO ===> New TaichiEnv created.
2024-09-20 02:00:58,292 INFO ===> Specifications: horizon = 300, dt = 0.01, n_substeps = 20, dt_sub = 0.0005
2024-09-20 02:01:35,027 INFO =====> Epoch: 69
2024-09-20 02:01:35,027 INFO =====> EMD Loss: 27.062105178833008
2024-09-20 02:01:35,027 INFO =====> Height map loss: 28.715024948120117
2024-09-20 02:01:35,027 INFO =====> Trajectory grad mean: 1.093126893043518
2024-09-20 02:01:35,027 INFO =====> Num. aborted data so far: 0
2024-09-20 02:01:35,293 INFO ===> New TaichiEnv created.
2024-09-20 02:01:35,293 INFO ===> Specifications: horizon = 300, dt = 0.01, n_substeps = 20, dt_sub = 0.0005
2024-09-20 02:02:12,017 INFO =====> Epoch: 70
2024-09-20 02:02:12,017 INFO =====> EMD Loss: 27.0620174407959
2024-09-20 02:02:12,017 INFO =====> Height map loss: 28.71689224243164
2024-09-20 02:02:12,017 INFO =====> Trajectory grad mean: 1.093404769897461
2024-09-20 02:02:12,017 INFO =====> Num. aborted data so far: 0
2024-09-20 02:02:12,283 INFO ===> New TaichiEnv created.
2024-09-20 02:02:12,283 INFO ===> Specifications: horizon = 300, dt = 0.01, n_substeps = 20, dt_sub = 0.0005
2024-09-20 02:02:48,958 INFO =====> Epoch: 71
2024-09-20 02:02:48,958 INFO =====> EMD Loss: 27.068721771240234
2024-09-20 02:02:48,958 INFO =====> Height map loss: 28.71457290649414
2024-09-20 02:02:48,958 INFO =====> Trajectory grad mean: 1.0936837196350098
2024-09-20 02:02:48,958 INFO =====> Num. aborted data so far: 0
2024-09-20 02:02:49,224 INFO ===> New TaichiEnv created.
2024-09-20 02:02:49,224 INFO ===> Specifications: horizon = 300, dt = 0.01, n_substeps = 20, dt_sub = 0.0005
2024-09-20 02:03:25,961 INFO =====> Epoch: 72
2024-09-20 02:03:25,961 INFO =====> EMD Loss: 27.06193733215332
2024-09-20 02:03:25,961 INFO =====> Height map loss: 28.716398239135742
2024-09-20 02:03:25,961 INFO =====> Trajectory grad mean: 1.0939379930496216
2024-09-20 02:03:25,961 INFO =====> Num. aborted data so far: 0
2024-09-20 02:03:26,230 INFO ===> New TaichiEnv created.
2024-09-20 02:03:26,230 INFO ===> Specifications: horizon = 300, dt = 0.01, n_substeps = 20, dt_sub = 0.0005
2024-09-20 02:04:02,861 INFO =====> Epoch: 73
2024-09-20 02:04:02,861 INFO =====> EMD Loss: 27.06188201904297
2024-09-20 02:04:02,861 INFO =====> Height map loss: 28.714752197265625
2024-09-20 02:04:02,861 INFO =====> Trajectory grad mean: 1.0941791534423828
2024-09-20 02:04:02,861 INFO =====> Num. aborted data so far: 0
2024-09-20 02:04:03,127 INFO ===> New TaichiEnv created.
2024-09-20 02:04:03,127 INFO ===> Specifications: horizon = 300, dt = 0.01, n_substeps = 20, dt_sub = 0.0005
2024-09-20 02:04:39,837 INFO =====> Epoch: 74
2024-09-20 02:04:39,837 INFO =====> EMD Loss: 27.0621280670166
2024-09-20 02:04:39,837 INFO =====> Height map loss: 28.716949462890625
2024-09-20 02:04:39,837 INFO =====> Trajectory grad mean: 1.0877774953842163
2024-09-20 02:04:39,837 INFO =====> Num. aborted data so far: 0
2024-09-20 02:04:40,103 INFO ===> New TaichiEnv created.
2024-09-20 02:04:40,103 INFO ===> Specifications: horizon = 300, dt = 0.01, n_substeps = 20, dt_sub = 0.0005
2024-09-20 02:05:17,091 INFO =====> Epoch: 75
2024-09-20 02:05:17,091 INFO =====> EMD Loss: 27.06203269958496
2024-09-20 02:05:17,091 INFO =====> Height map loss: 28.714468002319336
2024-09-20 02:05:17,091 INFO =====> Trajectory grad mean: 1.0880213975906372
2024-09-20 02:05:17,091 INFO =====> Num. aborted data so far: 0
2024-09-20 02:05:17,361 INFO ===> New TaichiEnv created.
2024-09-20 02:05:17,361 INFO ===> Specifications: horizon = 300, dt = 0.01, n_substeps = 20, dt_sub = 0.0005
2024-09-20 02:05:53,989 INFO =====> Epoch: 76
2024-09-20 02:05:53,989 INFO =====> EMD Loss: 27.062049865722656
2024-09-20 02:05:53,989 INFO =====> Height map loss: 28.714702606201172
2024-09-20 02:05:53,989 INFO =====> Trajectory grad mean: 1.088266134262085
2024-09-20 02:05:53,989 INFO =====> Num. aborted data so far: 0
2024-09-20 02:05:54,258 INFO ===> New TaichiEnv created.
2024-09-20 02:05:54,259 INFO ===> Specifications: horizon = 300, dt = 0.01, n_substeps = 20, dt_sub = 0.0005
2024-09-20 02:06:31,191 INFO =====> Epoch: 77
2024-09-20 02:06:31,191 INFO =====> EMD Loss: 27.062131881713867
2024-09-20 02:06:31,191 INFO =====> Height map loss: 28.71547508239746
2024-09-20 02:06:31,191 INFO =====> Trajectory grad mean: 1.0885127782821655
2024-09-20 02:06:31,192 INFO =====> Num. aborted data so far: 0
2024-09-20 02:06:31,458 INFO ===> New TaichiEnv created.
2024-09-20 02:06:31,458 INFO ===> Specifications: horizon = 300, dt = 0.01, n_substeps = 20, dt_sub = 0.0005
2024-09-20 02:07:08,093 INFO =====> Epoch: 78
2024-09-20 02:07:08,093 INFO =====> EMD Loss: 27.061946868896484
2024-09-20 02:07:08,093 INFO =====> Height map loss: 28.7153377532959
2024-09-20 02:07:08,093 INFO =====> Trajectory grad mean: 1.0887603759765625
2024-09-20 02:07:08,093 INFO =====> Num. aborted data so far: 0
2024-09-20 02:07:08,360 INFO ===> New TaichiEnv created.
2024-09-20 02:07:08,360 INFO ===> Specifications: horizon = 300, dt = 0.01, n_substeps = 20, dt_sub = 0.0005
2024-09-20 02:07:45,332 INFO =====> Epoch: 79
2024-09-20 02:07:45,332 INFO =====> EMD Loss: 27.06218719482422
2024-09-20 02:07:45,332 INFO =====> Height map loss: 28.71654510498047
2024-09-20 02:07:45,332 INFO =====> Trajectory grad mean: 1.0890088081359863
2024-09-20 02:07:45,332 INFO =====> Num. aborted data so far: 0
2024-09-20 02:07:45,602 INFO ===> New TaichiEnv created.
2024-09-20 02:07:45,602 INFO ===> Specifications: horizon = 300, dt = 0.01, n_substeps = 20, dt_sub = 0.0005
2024-09-20 02:08:22,250 INFO =====> Epoch: 80
2024-09-20 02:08:22,250 INFO =====> EMD Loss: 27.058382034301758
2024-09-20 02:08:22,250 INFO =====> Height map loss: 28.714677810668945
2024-09-20 02:08:22,250 INFO =====> Trajectory grad mean: 1.0892581939697266
2024-09-20 02:08:22,250 INFO =====> Num. aborted data so far: 0
2024-09-20 02:08:22,519 INFO ===> New TaichiEnv created.
2024-09-20 02:08:22,519 INFO ===> Specifications: horizon = 300, dt = 0.01, n_substeps = 20, dt_sub = 0.0005
2024-09-20 02:08:59,241 INFO =====> Epoch: 81
2024-09-20 02:08:59,241 INFO =====> EMD Loss: 27.068653106689453
2024-09-20 02:08:59,241 INFO =====> Height map loss: 28.719125747680664
2024-09-20 02:08:59,241 INFO =====> Trajectory grad mean: 1.0894960165023804
2024-09-20 02:08:59,241 INFO =====> Num. aborted data so far: 0
2024-09-20 02:08:59,510 INFO ===> New TaichiEnv created.
2024-09-20 02:08:59,510 INFO ===> Specifications: horizon = 300, dt = 0.01, n_substeps = 20, dt_sub = 0.0005
2024-09-20 02:09:36,148 INFO =====> Epoch: 82
2024-09-20 02:09:36,148 INFO =====> EMD Loss: 27.06212043762207
2024-09-20 02:09:36,148 INFO =====> Height map loss: 28.716787338256836
2024-09-20 02:09:36,148 INFO =====> Trajectory grad mean: 1.089734435081482
2024-09-20 02:09:36,148 INFO =====> Num. aborted data so far: 0
2024-09-20 02:09:36,418 INFO ===> New TaichiEnv created.
2024-09-20 02:09:36,418 INFO ===> Specifications: horizon = 300, dt = 0.01, n_substeps = 20, dt_sub = 0.0005
2024-09-20 02:10:13,139 INFO =====> Epoch: 83
2024-09-20 02:10:13,139 INFO =====> EMD Loss: 27.068756103515625
2024-09-20 02:10:13,139 INFO =====> Height map loss: 28.717077255249023
2024-09-20 02:10:13,139 INFO =====> Trajectory grad mean: 1.0899752378463745
2024-09-20 02:10:13,139 INFO =====> Num. aborted data so far: 0
2024-09-20 02:10:13,413 INFO ===> New TaichiEnv created.
2024-09-20 02:10:13,413 INFO ===> Specifications: horizon = 300, dt = 0.01, n_substeps = 20, dt_sub = 0.0005
2024-09-20 02:10:50,044 INFO =====> Epoch: 84
2024-09-20 02:10:50,044 INFO =====> EMD Loss: 27.06855583190918
2024-09-20 02:10:50,044 INFO =====> Height map loss: 28.716949462890625
2024-09-20 02:10:50,044 INFO =====> Trajectory grad mean: 1.0902175903320312
2024-09-20 02:10:50,044 INFO =====> Num. aborted data so far: 0
2024-09-20 02:10:50,314 INFO ===> New TaichiEnv created.
2024-09-20 02:10:50,314 INFO ===> Specifications: horizon = 300, dt = 0.01, n_substeps = 20, dt_sub = 0.0005
2024-09-20 02:11:27,031 INFO =====> Epoch: 85
2024-09-20 02:11:27,031 INFO =====> EMD Loss: 27.06224250793457
2024-09-20 02:11:27,031 INFO =====> Height map loss: 28.71896743774414
2024-09-20 02:11:27,031 INFO =====> Trajectory grad mean: 1.0904605388641357
2024-09-20 02:11:27,031 INFO =====> Num. aborted data so far: 0
2024-09-20 02:11:27,302 INFO ===> New TaichiEnv created.
2024-09-20 02:11:27,302 INFO ===> Specifications: horizon = 300, dt = 0.01, n_substeps = 20, dt_sub = 0.0005
2024-09-20 02:12:04,266 INFO =====> Epoch: 86
2024-09-20 02:12:04,266 INFO =====> EMD Loss: 27.06215476989746
2024-09-20 02:12:04,266 INFO =====> Height map loss: 28.71542739868164
2024-09-20 02:12:04,266 INFO =====> Trajectory grad mean: 1.0907050371170044
2024-09-20 02:12:04,266 INFO =====> Num. aborted data so far: 0
2024-09-20 02:12:04,540 INFO ===> New TaichiEnv created.
2024-09-20 02:12:04,540 INFO ===> Specifications: horizon = 300, dt = 0.01, n_substeps = 20, dt_sub = 0.0005
2024-09-20 02:12:41,160 INFO =====> Epoch: 87
2024-09-20 02:12:41,160 INFO =====> EMD Loss: 27.062074661254883
2024-09-20 02:12:41,160 INFO =====> Height map loss: 28.716991424560547
2024-09-20 02:12:41,160 INFO =====> Trajectory grad mean: 1.0909504890441895
2024-09-20 02:12:41,161 INFO =====> Num. aborted data so far: 0
2024-09-20 02:12:41,431 INFO ===> New TaichiEnv created.
2024-09-20 02:12:41,431 INFO ===> Specifications: horizon = 300, dt = 0.01, n_substeps = 20, dt_sub = 0.0005
2024-09-20 02:13:18,395 INFO =====> Epoch: 88
2024-09-20 02:13:18,395 INFO =====> EMD Loss: 27.06859016418457
2024-09-20 02:13:18,395 INFO =====> Height map loss: 28.71645736694336
2024-09-20 02:13:18,395 INFO =====> Trajectory grad mean: 1.0911973714828491
2024-09-20 02:13:18,395 INFO =====> Num. aborted data so far: 0
2024-09-20 02:13:18,664 INFO ===> New TaichiEnv created.
2024-09-20 02:13:18,664 INFO ===> Specifications: horizon = 300, dt = 0.01, n_substeps = 20, dt_sub = 0.0005
2024-09-20 02:13:55,295 INFO =====> Epoch: 89
2024-09-20 02:13:55,295 INFO =====> EMD Loss: 27.06210708618164
2024-09-20 02:13:55,295 INFO =====> Height map loss: 28.715030670166016
2024-09-20 02:13:55,295 INFO =====> Trajectory grad mean: 1.0914463996887207
2024-09-20 02:13:55,295 INFO =====> Num. aborted data so far: 0
2024-09-20 02:13:55,566 INFO ===> New TaichiEnv created.
2024-09-20 02:13:55,566 INFO ===> Specifications: horizon = 300, dt = 0.01, n_substeps = 20, dt_sub = 0.0005
2024-09-20 02:14:32,257 INFO =====> Epoch: 90
2024-09-20 02:14:32,258 INFO =====> EMD Loss: 27.062156677246094
2024-09-20 02:14:32,258 INFO =====> Height map loss: 28.71502685546875
2024-09-20 02:14:32,258 INFO =====> Trajectory grad mean: 1.0916903018951416
2024-09-20 02:14:32,258 INFO =====> Num. aborted data so far: 0
2024-09-20 02:14:32,531 INFO ===> New TaichiEnv created.
2024-09-20 02:14:32,531 INFO ===> Specifications: horizon = 300, dt = 0.01, n_substeps = 20, dt_sub = 0.0005
2024-09-20 02:15:09,153 INFO =====> Epoch: 91
2024-09-20 02:15:09,153 INFO =====> EMD Loss: 27.062122344970703
2024-09-20 02:15:09,153 INFO =====> Height map loss: 28.71501350402832
2024-09-20 02:15:09,153 INFO =====> Trajectory grad mean: 1.0919300317764282
2024-09-20 02:15:09,153 INFO =====> Num. aborted data so far: 0
2024-09-20 02:15:09,424 INFO ===> New TaichiEnv created.
2024-09-20 02:15:09,431 INFO ===> Specifications: horizon = 300, dt = 0.01, n_substeps = 20, dt_sub = 0.0005
2024-09-20 02:15:46,135 INFO =====> Epoch: 92
2024-09-20 02:15:46,135 INFO =====> EMD Loss: 27.062114715576172
2024-09-20 02:15:46,135 INFO =====> Height map loss: 28.716907501220703
2024-09-20 02:15:46,135 INFO =====> Trajectory grad mean: 1.0921708345413208
2024-09-20 02:15:46,135 INFO =====> Num. aborted data so far: 0
2024-09-20 02:15:46,407 INFO ===> New TaichiEnv created.
2024-09-20 02:15:46,407 INFO ===> Specifications: horizon = 300, dt = 0.01, n_substeps = 20, dt_sub = 0.0005
2024-09-20 02:16:23,313 INFO =====> Epoch: 93
2024-09-20 02:16:23,313 INFO =====> EMD Loss: 27.068796157836914
2024-09-20 02:16:23,313 INFO =====> Height map loss: 28.716562271118164
2024-09-20 02:16:23,314 INFO =====> Trajectory grad mean: 1.0924131870269775
2024-09-20 02:16:23,314 INFO =====> Num. aborted data so far: 0
2024-09-20 02:16:23,585 INFO ===> New TaichiEnv created.
2024-09-20 02:16:23,586 INFO ===> Specifications: horizon = 300, dt = 0.01, n_substeps = 20, dt_sub = 0.0005
2024-09-20 02:17:00,316 INFO =====> Epoch: 94
2024-09-20 02:17:00,316 INFO =====> EMD Loss: 27.068687438964844
2024-09-20 02:17:00,316 INFO =====> Height map loss: 28.7154541015625
2024-09-20 02:17:00,316 INFO =====> Trajectory grad mean: 1.0926568508148193
2024-09-20 02:17:00,316 INFO =====> Num. aborted data so far: 0
2024-09-20 02:17:00,587 INFO ===> New TaichiEnv created.
2024-09-20 02:17:00,587 INFO ===> Specifications: horizon = 300, dt = 0.01, n_substeps = 20, dt_sub = 0.0005
2024-09-20 02:17:37,493 INFO =====> Epoch: 95
2024-09-20 02:17:37,493 INFO =====> EMD Loss: 27.068939208984375
2024-09-20 02:17:37,493 INFO =====> Height map loss: 28.7143611907959
2024-09-20 02:17:37,493 INFO =====> Trajectory grad mean: 1.0929014682769775
2024-09-20 02:17:37,493 INFO =====> Num. aborted data so far: 0
2024-09-20 02:17:37,765 INFO ===> New TaichiEnv created.
2024-09-20 02:17:37,765 INFO ===> Specifications: horizon = 300, dt = 0.01, n_substeps = 20, dt_sub = 0.0005
2024-09-20 02:18:14,494 INFO =====> Epoch: 96
2024-09-20 02:18:14,494 INFO =====> EMD Loss: 27.058488845825195
2024-09-20 02:18:14,494 INFO =====> Height map loss: 28.71682357788086
2024-09-20 02:18:14,494 INFO =====> Trajectory grad mean: 1.0931484699249268
2024-09-20 02:18:14,494 INFO =====> Num. aborted data so far: 0
2024-09-20 02:18:14,768 INFO ===> New TaichiEnv created.
2024-09-20 02:18:14,768 INFO ===> Specifications: horizon = 300, dt = 0.01, n_substeps = 20, dt_sub = 0.0005
2024-09-20 02:18:51,390 INFO =====> Epoch: 97
2024-09-20 02:18:51,390 INFO =====> EMD Loss: 27.06205940246582
2024-09-20 02:18:51,390 INFO =====> Height map loss: 28.714780807495117
2024-09-20 02:18:51,390 INFO =====> Trajectory grad mean: 1.0933988094329834
2024-09-20 02:18:51,390 INFO =====> Num. aborted data so far: 0
2024-09-20 02:18:51,665 INFO ===> New TaichiEnv created.
2024-09-20 02:18:51,665 INFO ===> Specifications: horizon = 300, dt = 0.01, n_substeps = 20, dt_sub = 0.0005
2024-09-20 02:19:28,373 INFO =====> Epoch: 98
2024-09-20 02:19:28,373 INFO =====> EMD Loss: 27.06203269958496
2024-09-20 02:19:28,373 INFO =====> Height map loss: 28.71642303466797
2024-09-20 02:19:28,373 INFO =====> Trajectory grad mean: 1.0936521291732788
2024-09-20 02:19:28,373 INFO =====> Num. aborted data so far: 0
2024-09-20 02:19:28,643 INFO ===> New TaichiEnv created.
2024-09-20 02:19:28,643 INFO ===> Specifications: horizon = 300, dt = 0.01, n_substeps = 20, dt_sub = 0.0005
2024-09-20 02:20:05,289 INFO =====> Epoch: 99
2024-09-20 02:20:05,289 INFO =====> EMD Loss: 27.058242797851562
2024-09-20 02:20:05,289 INFO =====> Height map loss: 28.71685028076172
2024-09-20 02:20:05,289 INFO =====> Trajectory grad mean: 1.0939009189605713
2024-09-20 02:20:05,289 INFO =====> Num. aborted data so far: 0
2024-09-20 02:20:05,558 INFO ===> New TaichiEnv created.
2024-09-20 02:20:05,558 INFO ===> Specifications: horizon = 300, dt = 0.01, n_substeps = 20, dt_sub = 0.0005
2024-09-20 02:20:42,541 INFO =====> Epoch: 100
2024-09-20 02:20:42,541 INFO =====> EMD Loss: 27.061996459960938
2024-09-20 02:20:42,541 INFO =====> Height map loss: 28.714921951293945
2024-09-20 02:20:42,541 INFO =====> Trajectory grad mean: 1.0941487550735474
2024-09-20 02:20:42,541 INFO =====> Num. aborted data so far: 0
2024-09-20 02:20:42,816 INFO ===> New TaichiEnv created.
2024-09-20 02:20:42,816 INFO ===> Specifications: horizon = 300, dt = 0.01, n_substeps = 20, dt_sub = 0.0005
2024-09-20 02:21:19,443 INFO =====> Epoch: 101
2024-09-20 02:21:19,443 INFO =====> EMD Loss: 27.062257766723633
2024-09-20 02:21:19,443 INFO =====> Height map loss: 28.715316772460938
2024-09-20 02:21:19,443 INFO =====> Trajectory grad mean: 1.0943989753723145
2024-09-20 02:21:19,443 INFO =====> Num. aborted data so far: 0
2024-09-20 02:21:19,714 INFO ===> New TaichiEnv created.
2024-09-20 02:21:19,714 INFO ===> Specifications: horizon = 300, dt = 0.01, n_substeps = 20, dt_sub = 0.0005
2024-09-20 02:21:56,423 INFO =====> Epoch: 102
2024-09-20 02:21:56,423 INFO =====> EMD Loss: 27.06216812133789
2024-09-20 02:21:56,423 INFO =====> Height map loss: 28.716894149780273
2024-09-20 02:21:56,423 INFO =====> Trajectory grad mean: 1.0946494340896606
2024-09-20 02:21:56,423 INFO =====> Num. aborted data so far: 0
2024-09-20 02:21:56,695 INFO ===> New TaichiEnv created.
2024-09-20 02:21:56,696 INFO ===> Specifications: horizon = 300, dt = 0.01, n_substeps = 20, dt_sub = 0.0005
2024-09-20 02:22:33,343 INFO =====> Epoch: 103
2024-09-20 02:22:33,344 INFO =====> EMD Loss: 27.062252044677734
2024-09-20 02:22:33,344 INFO =====> Height map loss: 28.716659545898438
2024-09-20 02:22:33,344 INFO =====> Trajectory grad mean: 1.0949015617370605
2024-09-20 02:22:33,344 INFO =====> Num. aborted data so far: 0
2024-09-20 02:22:33,615 INFO ===> New TaichiEnv created.
2024-09-20 02:22:33,615 INFO ===> Specifications: horizon = 300, dt = 0.01, n_substeps = 20, dt_sub = 0.0005
2024-09-20 02:23:10,260 INFO =====> Epoch: 104
2024-09-20 02:23:10,260 INFO =====> EMD Loss: 27.061824798583984
2024-09-20 02:23:10,260 INFO =====> Height map loss: 28.71673583984375
2024-09-20 02:23:10,260 INFO =====> Trajectory grad mean: 1.0951546430587769
2024-09-20 02:23:10,260 INFO =====> Num. aborted data so far: 0
2024-09-20 02:23:10,531 INFO ===> New TaichiEnv created.
2024-09-20 02:23:10,531 INFO ===> Specifications: horizon = 300, dt = 0.01, n_substeps = 20, dt_sub = 0.0005
2024-09-20 02:23:47,260 INFO =====> Epoch: 105
2024-09-20 02:23:47,260 INFO =====> EMD Loss: 27.06881332397461
2024-09-20 02:23:47,260 INFO =====> Height map loss: 28.715206146240234
2024-09-20 02:23:47,260 INFO =====> Trajectory grad mean: 1.0954097509384155
2024-09-20 02:23:47,260 INFO =====> Num. aborted data so far: 0
2024-09-20 02:23:47,532 INFO ===> New TaichiEnv created.
2024-09-20 02:23:47,532 INFO ===> Specifications: horizon = 300, dt = 0.01, n_substeps = 20, dt_sub = 0.0005
2024-09-20 02:24:24,176 INFO =====> Epoch: 106
2024-09-20 02:24:24,176 INFO =====> EMD Loss: 27.058212280273438
2024-09-20 02:24:24,176 INFO =====> Height map loss: 28.716569900512695
2024-09-20 02:24:24,176 INFO =====> Trajectory grad mean: 1.0956599712371826
2024-09-20 02:24:24,176 INFO =====> Num. aborted data so far: 0
2024-09-20 02:24:24,446 INFO ===> New TaichiEnv created.
2024-09-20 02:24:24,446 INFO ===> Specifications: horizon = 300, dt = 0.01, n_substeps = 20, dt_sub = 0.0005
2024-09-20 02:25:01,447 INFO =====> Epoch: 107
2024-09-20 02:25:01,447 INFO =====> EMD Loss: 27.062028884887695
2024-09-20 02:25:01,447 INFO =====> Height map loss: 28.716703414916992
2024-09-20 02:25:01,447 INFO =====> Trajectory grad mean: 1.095909833908081
2024-09-20 02:25:01,447 INFO =====> Num. aborted data so far: 0
2024-09-20 02:25:01,721 INFO ===> New TaichiEnv created.
2024-09-20 02:25:01,721 INFO ===> Specifications: horizon = 300, dt = 0.01, n_substeps = 20, dt_sub = 0.0005
2024-09-20 02:25:38,368 INFO =====> Epoch: 108
2024-09-20 02:25:38,368 INFO =====> EMD Loss: 27.062255859375
2024-09-20 02:25:38,368 INFO =====> Height map loss: 28.71687889099121
2024-09-20 02:25:38,368 INFO =====> Trajectory grad mean: 1.0961534976959229
2024-09-20 02:25:38,368 INFO =====> Num. aborted data so far: 0
2024-09-20 02:25:38,641 INFO ===> New TaichiEnv created.
2024-09-20 02:25:38,641 INFO ===> Specifications: horizon = 300, dt = 0.01, n_substeps = 20, dt_sub = 0.0005
2024-09-20 02:26:15,283 INFO =====> Epoch: 109
2024-09-20 02:26:15,283 INFO =====> EMD Loss: 27.062088012695312
2024-09-20 02:26:15,283 INFO =====> Height map loss: 28.714794158935547
2024-09-20 02:26:15,283 INFO =====> Trajectory grad mean: 1.0963940620422363
2024-09-20 02:26:15,283 INFO =====> Num. aborted data so far: 0
2024-09-20 02:26:15,554 INFO ===> New TaichiEnv created.
2024-09-20 02:26:15,554 INFO ===> Specifications: horizon = 300, dt = 0.01, n_substeps = 20, dt_sub = 0.0005
2024-09-20 02:26:52,300 INFO =====> Epoch: 110
2024-09-20 02:26:52,300 INFO =====> EMD Loss: 27.061386108398438
2024-09-20 02:26:52,300 INFO =====> Height map loss: 28.711339950561523
2024-09-20 02:26:52,300 INFO =====> Trajectory grad mean: 1.0966309309005737
2024-09-20 02:26:52,300 INFO =====> Num. aborted data so far: 0
2024-09-20 02:26:52,572 INFO ===> New TaichiEnv created.
2024-09-20 02:26:52,572 INFO ===> Specifications: horizon = 300, dt = 0.01, n_substeps = 20, dt_sub = 0.0005
2024-09-20 02:27:29,203 INFO =====> Epoch: 111
2024-09-20 02:27:29,203 INFO =====> EMD Loss: 27.062162399291992
2024-09-20 02:27:29,203 INFO =====> Height map loss: 28.71698760986328
2024-09-20 02:27:29,203 INFO =====> Trajectory grad mean: 1.0968677997589111
2024-09-20 02:27:29,203 INFO =====> Num. aborted data so far: 0
2024-09-20 02:27:29,475 INFO ===> New TaichiEnv created.
2024-09-20 02:27:29,475 INFO ===> Specifications: horizon = 300, dt = 0.01, n_substeps = 20, dt_sub = 0.0005
2024-09-20 02:28:06,199 INFO =====> Epoch: 112
2024-09-20 02:28:06,199 INFO =====> EMD Loss: 27.06203269958496
2024-09-20 02:28:06,199 INFO =====> Height map loss: 28.716337203979492
2024-09-20 02:28:06,200 INFO =====> Trajectory grad mean: 1.0971065759658813
2024-09-20 02:28:06,200 INFO =====> Num. aborted data so far: 0
2024-09-20 02:28:06,476 INFO ===> New TaichiEnv created.
2024-09-20 02:28:06,476 INFO ===> Specifications: horizon = 300, dt = 0.01, n_substeps = 20, dt_sub = 0.0005
2024-09-20 02:28:43,129 INFO =====> Epoch: 113
2024-09-20 02:28:43,129 INFO =====> EMD Loss: 27.06218910217285
2024-09-20 02:28:43,129 INFO =====> Height map loss: 28.71358871459961
2024-09-20 02:28:43,129 INFO =====> Trajectory grad mean: 1.0973339080810547
2024-09-20 02:28:43,129 INFO =====> Num. aborted data so far: 0
2024-09-20 02:28:43,400 INFO ===> New TaichiEnv created.
2024-09-20 02:28:43,400 INFO ===> Specifications: horizon = 300, dt = 0.01, n_substeps = 20, dt_sub = 0.0005
2024-09-20 02:29:20,057 INFO =====> Epoch: 114
2024-09-20 02:29:20,057 INFO =====> EMD Loss: 27.062061309814453
2024-09-20 02:29:20,057 INFO =====> Height map loss: 28.716449737548828
2024-09-20 02:29:20,057 INFO =====> Trajectory grad mean: 1.097548484802246
2024-09-20 02:29:20,057 INFO =====> Num. aborted data so far: 0
2024-09-20 02:29:20,330 INFO ===> New TaichiEnv created.
2024-09-20 02:29:20,330 INFO ===> Specifications: horizon = 300, dt = 0.01, n_substeps = 20, dt_sub = 0.0005
2024-09-20 02:29:57,339 INFO =====> Epoch: 115
2024-09-20 02:29:57,339 INFO =====> EMD Loss: 27.062166213989258
2024-09-20 02:29:57,339 INFO =====> Height map loss: 28.715023040771484
2024-09-20 02:29:57,339 INFO =====> Trajectory grad mean: 1.0977563858032227
2024-09-20 02:29:57,339 INFO =====> Num. aborted data so far: 0
2024-09-20 02:29:57,618 INFO ===> New TaichiEnv created.
2024-09-20 02:29:57,618 INFO ===> Specifications: horizon = 300, dt = 0.01, n_substeps = 20, dt_sub = 0.0005
2024-09-20 02:30:34,520 INFO =====> Epoch: 116
2024-09-20 02:30:34,520 INFO =====> EMD Loss: 27.062101364135742
2024-09-20 02:30:34,520 INFO =====> Height map loss: 28.714725494384766
2024-09-20 02:30:34,520 INFO =====> Trajectory grad mean: 1.0979647636413574
2024-09-20 02:30:34,520 INFO =====> Num. aborted data so far: 0
2024-09-20 02:30:34,793 INFO ===> New TaichiEnv created.
2024-09-20 02:30:34,793 INFO ===> Specifications: horizon = 300, dt = 0.01, n_substeps = 20, dt_sub = 0.0005
2024-09-20 02:31:11,711 INFO =====> Epoch: 117
2024-09-20 02:31:11,711 INFO =====> EMD Loss: 27.061969757080078
2024-09-20 02:31:11,711 INFO =====> Height map loss: 28.71677017211914
2024-09-20 02:31:11,711 INFO =====> Trajectory grad mean: 1.098173975944519
2024-09-20 02:31:11,711 INFO =====> Num. aborted data so far: 0
2024-09-20 02:31:11,988 INFO ===> New TaichiEnv created.
2024-09-20 02:31:11,988 INFO ===> Specifications: horizon = 300, dt = 0.01, n_substeps = 20, dt_sub = 0.0005
2024-09-20 02:31:48,709 INFO =====> Epoch: 118
2024-09-20 02:31:48,709 INFO =====> EMD Loss: 27.062307357788086
2024-09-20 02:31:48,709 INFO =====> Height map loss: 28.7158260345459
2024-09-20 02:31:48,709 INFO =====> Trajectory grad mean: 1.098384976387024
2024-09-20 02:31:48,709 INFO =====> Num. aborted data so far: 0
2024-09-20 02:31:48,983 INFO ===> New TaichiEnv created.
2024-09-20 02:31:48,983 INFO ===> Specifications: horizon = 300, dt = 0.01, n_substeps = 20, dt_sub = 0.0005
2024-09-20 02:32:25,624 INFO =====> Epoch: 119
2024-09-20 02:32:25,624 INFO =====> EMD Loss: 27.06171226501465
2024-09-20 02:32:25,624 INFO =====> Height map loss: 28.710105895996094
2024-09-20 02:32:25,624 INFO =====> Trajectory grad mean: 1.0985957384109497
2024-09-20 02:32:25,624 INFO =====> Num. aborted data so far: 0
2024-09-20 02:32:25,899 INFO ===> New TaichiEnv created.
2024-09-20 02:32:25,899 INFO ===> Specifications: horizon = 300, dt = 0.01, n_substeps = 20, dt_sub = 0.0005
2024-09-20 02:33:02,641 INFO =====> Epoch: 120
2024-09-20 02:33:02,641 INFO =====> EMD Loss: 27.062183380126953
2024-09-20 02:33:02,641 INFO =====> Height map loss: 28.715200424194336
2024-09-20 02:33:02,641 INFO =====> Trajectory grad mean: 1.0988075733184814
2024-09-20 02:33:02,641 INFO =====> Num. aborted data so far: 0
2024-09-20 02:33:02,915 INFO ===> New TaichiEnv created.
2024-09-20 02:33:02,915 INFO ===> Specifications: horizon = 300, dt = 0.01, n_substeps = 20, dt_sub = 0.0005
2024-09-20 02:33:39,829 INFO =====> Epoch: 121
2024-09-20 02:33:39,829 INFO =====> EMD Loss: 27.062101364135742
2024-09-20 02:33:39,829 INFO =====> Height map loss: 28.717365264892578
2024-09-20 02:33:39,829 INFO =====> Trajectory grad mean: 1.0990208387374878
2024-09-20 02:33:39,829 INFO =====> Num. aborted data so far: 0
2024-09-20 02:33:40,104 INFO ===> New TaichiEnv created.
2024-09-20 02:33:40,104 INFO ===> Specifications: horizon = 300, dt = 0.01, n_substeps = 20, dt_sub = 0.0005
2024-09-20 02:34:16,805 INFO =====> Epoch: 122
2024-09-20 02:34:16,805 INFO =====> EMD Loss: 27.06878662109375
2024-09-20 02:34:16,805 INFO =====> Height map loss: 28.716575622558594
2024-09-20 02:34:16,805 INFO =====> Trajectory grad mean: 1.099231481552124
2024-09-20 02:34:16,805 INFO =====> Num. aborted data so far: 0
2024-09-20 02:34:17,078 INFO ===> New TaichiEnv created.
2024-09-20 02:34:17,079 INFO ===> Specifications: horizon = 300, dt = 0.01, n_substeps = 20, dt_sub = 0.0005
2024-09-20 02:34:53,816 INFO =====> Epoch: 123
2024-09-20 02:34:53,816 INFO =====> EMD Loss: 27.058256149291992
2024-09-20 02:34:53,816 INFO =====> Height map loss: 28.71500015258789
2024-09-20 02:34:53,816 INFO =====> Trajectory grad mean: 1.0994313955307007
2024-09-20 02:34:53,816 INFO =====> Num. aborted data so far: 0
2024-09-20 02:34:54,092 INFO ===> New TaichiEnv created.
2024-09-20 02:34:54,092 INFO ===> Specifications: horizon = 300, dt = 0.01, n_substeps = 20, dt_sub = 0.0005
2024-09-20 02:35:30,759 INFO =====> Epoch: 124
2024-09-20 02:35:30,759 INFO =====> EMD Loss: 27.062122344970703
2024-09-20 02:35:30,759 INFO =====> Height map loss: 28.714797973632812
2024-09-20 02:35:30,759 INFO =====> Trajectory grad mean: 1.0996336936950684
2024-09-20 02:35:30,759 INFO =====> Num. aborted data so far: 0
2024-09-20 02:35:31,035 INFO ===> New TaichiEnv created.
2024-09-20 02:35:31,035 INFO ===> Specifications: horizon = 300, dt = 0.01, n_substeps = 20, dt_sub = 0.0005
2024-09-20 02:36:07,722 INFO =====> Epoch: 125
2024-09-20 02:36:07,722 INFO =====> EMD Loss: 27.061960220336914
2024-09-20 02:36:07,722 INFO =====> Height map loss: 28.7136173248291
2024-09-20 02:36:07,722 INFO =====> Trajectory grad mean: 1.0998352766036987
2024-09-20 02:36:07,722 INFO =====> Num. aborted data so far: 0
2024-09-20 02:36:07,996 INFO ===> New TaichiEnv created.
2024-09-20 02:36:07,996 INFO ===> Specifications: horizon = 300, dt = 0.01, n_substeps = 20, dt_sub = 0.0005
2024-09-20 02:36:44,758 INFO =====> Epoch: 126
2024-09-20 02:36:44,758 INFO =====> EMD Loss: 27.0620174407959
2024-09-20 02:36:44,758 INFO =====> Height map loss: 28.7154541015625
2024-09-20 02:36:44,758 INFO =====> Trajectory grad mean: 1.100037693977356
2024-09-20 02:36:44,758 INFO =====> Num. aborted data so far: 0
2024-09-20 02:36:45,031 INFO ===> New TaichiEnv created.
2024-09-20 02:36:45,031 INFO ===> Specifications: horizon = 300, dt = 0.01, n_substeps = 20, dt_sub = 0.0005
2024-09-20 02:37:21,686 INFO =====> Epoch: 127
2024-09-20 02:37:21,686 INFO =====> EMD Loss: 27.062000274658203
2024-09-20 02:37:21,686 INFO =====> Height map loss: 28.716724395751953
2024-09-20 02:37:21,686 INFO =====> Trajectory grad mean: 1.100241780281067
2024-09-20 02:37:21,686 INFO =====> Num. aborted data so far: 0
2024-09-20 02:37:21,958 INFO ===> New TaichiEnv created.
2024-09-20 02:37:21,958 INFO ===> Specifications: horizon = 300, dt = 0.01, n_substeps = 20, dt_sub = 0.0005
2024-09-20 02:37:58,646 INFO =====> Epoch: 128
2024-09-20 02:37:58,647 INFO =====> EMD Loss: 27.058395385742188
2024-09-20 02:37:58,647 INFO =====> Height map loss: 28.716842651367188
2024-09-20 02:37:58,647 INFO =====> Trajectory grad mean: 1.1004464626312256
2024-09-20 02:37:58,647 INFO =====> Num. aborted data so far: 0
2024-09-20 02:37:58,922 INFO ===> New TaichiEnv created.
2024-09-20 02:37:58,922 INFO ===> Specifications: horizon = 300, dt = 0.01, n_substeps = 20, dt_sub = 0.0005
2024-09-20 02:38:35,577 INFO =====> Epoch: 129
2024-09-20 02:38:35,578 INFO =====> EMD Loss: 27.062137603759766
2024-09-20 02:38:35,578 INFO =====> Height map loss: 28.71685028076172
2024-09-20 02:38:35,578 INFO =====> Trajectory grad mean: 1.1006511449813843
2024-09-20 02:38:35,578 INFO =====> Num. aborted data so far: 0
2024-09-20 02:38:35,851 INFO ===> New TaichiEnv created.
2024-09-20 02:38:35,852 INFO ===> Specifications: horizon = 300, dt = 0.01, n_substeps = 20, dt_sub = 0.0005
2024-09-20 02:39:12,591 INFO =====> Epoch: 130
2024-09-20 02:39:12,591 INFO =====> EMD Loss: 27.06205940246582
2024-09-20 02:39:12,591 INFO =====> Height map loss: 28.714773178100586
2024-09-20 02:39:12,591 INFO =====> Trajectory grad mean: 1.1008579730987549
2024-09-20 02:39:12,591 INFO =====> Num. aborted data so far: 0
2024-09-20 02:39:12,866 INFO ===> New TaichiEnv created.
2024-09-20 02:39:12,866 INFO ===> Specifications: horizon = 300, dt = 0.01, n_substeps = 20, dt_sub = 0.0005
2024-09-20 02:39:49,771 INFO =====> Epoch: 131
2024-09-20 02:39:49,771 INFO =====> EMD Loss: 27.061573028564453
2024-09-20 02:39:49,771 INFO =====> Height map loss: 28.709836959838867
2024-09-20 02:39:49,771 INFO =====> Trajectory grad mean: 1.1010653972625732
2024-09-20 02:39:49,771 INFO =====> Num. aborted data so far: 0
2024-09-20 02:39:50,050 INFO ===> New TaichiEnv created.
2024-09-20 02:39:50,050 INFO ===> Specifications: horizon = 300, dt = 0.01, n_substeps = 20, dt_sub = 0.0005
2024-09-20 02:40:26,727 INFO =====> Epoch: 132
2024-09-20 02:40:26,727 INFO =====> EMD Loss: 27.062101364135742
2024-09-20 02:40:26,727 INFO =====> Height map loss: 28.71537971496582
2024-09-20 02:40:26,727 INFO =====> Trajectory grad mean: 1.1012730598449707
2024-09-20 02:40:26,727 INFO =====> Num. aborted data so far: 0
2024-09-20 02:40:27,000 INFO ===> New TaichiEnv created.
2024-09-20 02:40:27,001 INFO ===> Specifications: horizon = 300, dt = 0.01, n_substeps = 20, dt_sub = 0.0005
2024-09-20 02:41:03,747 INFO =====> Epoch: 133
2024-09-20 02:41:03,747 INFO =====> EMD Loss: 27.06197166442871
2024-09-20 02:41:03,747 INFO =====> Height map loss: 28.71649742126465
2024-09-20 02:41:03,747 INFO =====> Trajectory grad mean: 1.1014822721481323
2024-09-20 02:41:03,747 INFO =====> Num. aborted data so far: 0
2024-09-20 02:41:04,020 INFO ===> New TaichiEnv created.
2024-09-20 02:41:04,020 INFO ===> Specifications: horizon = 300, dt = 0.01, n_substeps = 20, dt_sub = 0.0005
2024-09-20 02:41:40,694 INFO =====> Epoch: 134
2024-09-20 02:41:40,694 INFO =====> EMD Loss: 27.061981201171875
2024-09-20 02:41:40,694 INFO =====> Height map loss: 28.714540481567383
2024-09-20 02:41:40,694 INFO =====> Trajectory grad mean: 1.1016913652420044
2024-09-20 02:41:40,694 INFO =====> Num. aborted data so far: 0
2024-09-20 02:41:40,967 INFO ===> New TaichiEnv created.
2024-09-20 02:41:40,967 INFO ===> Specifications: horizon = 300, dt = 0.01, n_substeps = 20, dt_sub = 0.0005
2024-09-20 02:42:17,628 INFO =====> Epoch: 135
2024-09-20 02:42:17,628 INFO =====> EMD Loss: 27.06186294555664
2024-09-20 02:42:17,628 INFO =====> Height map loss: 28.714672088623047
2024-09-20 02:42:17,628 INFO =====> Trajectory grad mean: 1.1019015312194824
2024-09-20 02:42:17,628 INFO =====> Num. aborted data so far: 0
2024-09-20 02:42:17,906 INFO ===> New TaichiEnv created.
2024-09-20 02:42:17,906 INFO ===> Specifications: horizon = 300, dt = 0.01, n_substeps = 20, dt_sub = 0.0005
2024-09-20 02:42:54,701 INFO =====> Epoch: 136
2024-09-20 02:42:54,701 INFO =====> EMD Loss: 27.06220245361328
2024-09-20 02:42:54,701 INFO =====> Height map loss: 28.715347290039062
2024-09-20 02:42:54,701 INFO =====> Trajectory grad mean: 1.1021130084991455
2024-09-20 02:42:54,701 INFO =====> Num. aborted data so far: 0
2024-09-20 02:42:54,976 INFO ===> New TaichiEnv created.
2024-09-20 02:42:54,976 INFO ===> Specifications: horizon = 300, dt = 0.01, n_substeps = 20, dt_sub = 0.0005
2024-09-20 02:43:31,632 INFO =====> Epoch: 137
2024-09-20 02:43:31,632 INFO =====> EMD Loss: 27.062192916870117
2024-09-20 02:43:31,632 INFO =====> Height map loss: 28.71653175354004
2024-09-20 02:43:31,633 INFO =====> Trajectory grad mean: 1.1023255586624146
2024-09-20 02:43:31,633 INFO =====> Num. aborted data so far: 0
2024-09-20 02:43:31,907 INFO ===> New TaichiEnv created.
2024-09-20 02:43:31,907 INFO ===> Specifications: horizon = 300, dt = 0.01, n_substeps = 20, dt_sub = 0.0005
2024-09-20 02:44:08,583 INFO =====> Epoch: 138
2024-09-20 02:44:08,583 INFO =====> EMD Loss: 27.062183380126953
2024-09-20 02:44:08,583 INFO =====> Height map loss: 28.71722412109375
2024-09-20 02:44:08,583 INFO =====> Trajectory grad mean: 1.1025381088256836
2024-09-20 02:44:08,583 INFO =====> Num. aborted data so far: 0
2024-09-20 02:44:08,858 INFO ===> New TaichiEnv created.
2024-09-20 02:44:08,858 INFO ===> Specifications: horizon = 300, dt = 0.01, n_substeps = 20, dt_sub = 0.0005
2024-09-20 02:44:45,545 INFO =====> Epoch: 139
2024-09-20 02:44:45,545 INFO =====> EMD Loss: 27.068647384643555
2024-09-20 02:44:45,545 INFO =====> Height map loss: 28.713348388671875
2024-09-20 02:44:45,545 INFO =====> Trajectory grad mean: 1.1027508974075317
2024-09-20 02:44:45,545 INFO =====> Num. aborted data so far: 0
2024-09-20 02:44:45,822 INFO ===> New TaichiEnv created.
2024-09-20 02:44:45,822 INFO ===> Specifications: horizon = 300, dt = 0.01, n_substeps = 20, dt_sub = 0.0005
2024-09-20 02:45:22,583 INFO =====> Epoch: 140
2024-09-20 02:45:22,583 INFO =====> EMD Loss: 27.061811447143555
2024-09-20 02:45:22,583 INFO =====> Height map loss: 28.7192325592041
2024-09-20 02:45:22,583 INFO =====> Trajectory grad mean: 1.102966070175171
2024-09-20 02:45:22,583 INFO =====> Num. aborted data so far: 0
2024-09-20 02:45:22,858 INFO ===> New TaichiEnv created.
2024-09-20 02:45:22,859 INFO ===> Specifications: horizon = 300, dt = 0.01, n_substeps = 20, dt_sub = 0.0005
2024-09-20 02:45:59,529 INFO =====> Epoch: 141
2024-09-20 02:45:59,529 INFO =====> EMD Loss: 27.062088012695312
2024-09-20 02:45:59,529 INFO =====> Height map loss: 28.71673011779785
2024-09-20 02:45:59,529 INFO =====> Trajectory grad mean: 1.1031806468963623
2024-09-20 02:45:59,529 INFO =====> Num. aborted data so far: 0
2024-09-20 02:45:59,806 INFO ===> New TaichiEnv created.
2024-09-20 02:45:59,806 INFO ===> Specifications: horizon = 300, dt = 0.01, n_substeps = 20, dt_sub = 0.0005
2024-09-20 02:46:36,516 INFO =====> Epoch: 142
2024-09-20 02:46:36,516 INFO =====> EMD Loss: 27.062183380126953
2024-09-20 02:46:36,516 INFO =====> Height map loss: 28.713716506958008
2024-09-20 02:46:36,516 INFO =====> Trajectory grad mean: 1.1033967733383179
2024-09-20 02:46:36,516 INFO =====> Num. aborted data so far: 0
2024-09-20 02:46:36,797 INFO ===> New TaichiEnv created.
2024-09-20 02:46:36,797 INFO ===> Specifications: horizon = 300, dt = 0.01, n_substeps = 20, dt_sub = 0.0005
2024-09-20 02:47:13,480 INFO =====> Epoch: 143
2024-09-20 02:47:13,480 INFO =====> EMD Loss: 27.068408966064453
2024-09-20 02:47:13,480 INFO =====> Height map loss: 28.711910247802734
2024-09-20 02:47:13,480 INFO =====> Trajectory grad mean: 1.103609561920166
2024-09-20 02:47:13,480 INFO =====> Num. aborted data so far: 0
2024-09-20 02:47:13,756 INFO ===> New TaichiEnv created.
2024-09-20 02:47:13,756 INFO ===> Specifications: horizon = 300, dt = 0.01, n_substeps = 20, dt_sub = 0.0005
2024-09-20 02:47:50,770 INFO =====> Epoch: 144
2024-09-20 02:47:50,770 INFO =====> EMD Loss: 27.06208038330078
2024-09-20 02:47:50,770 INFO =====> Height map loss: 28.716760635375977
2024-09-20 02:47:50,770 INFO =====> Trajectory grad mean: 1.10382080078125
2024-09-20 02:47:50,770 INFO =====> Num. aborted data so far: 0
2024-09-20 02:47:51,045 INFO ===> New TaichiEnv created.
2024-09-20 02:47:51,045 INFO ===> Specifications: horizon = 300, dt = 0.01, n_substeps = 20, dt_sub = 0.0005
2024-09-20 02:48:27,713 INFO =====> Epoch: 145
2024-09-20 02:48:27,713 INFO =====> EMD Loss: 27.062414169311523
2024-09-20 02:48:27,713 INFO =====> Height map loss: 28.715181350708008
2024-09-20 02:48:27,713 INFO =====> Trajectory grad mean: 1.104032039642334
2024-09-20 02:48:27,713 INFO =====> Num. aborted data so far: 0
2024-09-20 02:48:27,991 INFO ===> New TaichiEnv created.
2024-09-20 02:48:27,991 INFO ===> Specifications: horizon = 300, dt = 0.01, n_substeps = 20, dt_sub = 0.0005
2024-09-20 02:49:04,693 INFO =====> Epoch: 146
2024-09-20 02:49:04,693 INFO =====> EMD Loss: 27.06208038330078
2024-09-20 02:49:04,693 INFO =====> Height map loss: 28.71677589416504
2024-09-20 02:49:04,693 INFO =====> Trajectory grad mean: 1.1042439937591553
2024-09-20 02:49:04,693 INFO =====> Num. aborted data so far: 0
2024-09-20 02:49:04,968 INFO ===> New TaichiEnv created.
2024-09-20 02:49:04,968 INFO ===> Specifications: horizon = 300, dt = 0.01, n_substeps = 20, dt_sub = 0.0005
2024-09-20 02:49:41,650 INFO =====> Epoch: 147
2024-09-20 02:49:41,650 INFO =====> EMD Loss: 27.05841827392578
2024-09-20 02:49:41,650 INFO =====> Height map loss: 28.714895248413086
2024-09-20 02:49:41,650 INFO =====> Trajectory grad mean: 1.1044529676437378
2024-09-20 02:49:41,650 INFO =====> Num. aborted data so far: 0
2024-09-20 02:49:41,925 INFO ===> New TaichiEnv created.
2024-09-20 02:49:41,925 INFO ===> Specifications: horizon = 300, dt = 0.01, n_substeps = 20, dt_sub = 0.0005
2024-09-20 02:50:18,699 INFO =====> Epoch: 148
2024-09-20 02:50:18,699 INFO =====> EMD Loss: 27.06216812133789
2024-09-20 02:50:18,699 INFO =====> Height map loss: 28.714712142944336
2024-09-20 02:50:18,699 INFO =====> Trajectory grad mean: 1.104658842086792
2024-09-20 02:50:18,699 INFO =====> Num. aborted data so far: 0
2024-09-20 02:50:18,974 INFO ===> New TaichiEnv created.
2024-09-20 02:50:18,974 INFO ===> Specifications: horizon = 300, dt = 0.01, n_substeps = 20, dt_sub = 0.0005
2024-09-20 02:50:55,920 INFO =====> Epoch: 149
2024-09-20 02:50:55,920 INFO =====> EMD Loss: 27.062156677246094
2024-09-20 02:50:55,920 INFO =====> Height map loss: 28.714616775512695
2024-09-20 02:50:55,920 INFO =====> Trajectory grad mean: 1.1048625707626343
2024-09-20 02:50:55,920 INFO =====> Num. aborted data so far: 0
2024-09-20 02:50:55,920 INFO ====> Finished training.
2024-09-20 02:50:55,920 INFO ====> Final EMD loss: 27.062156677246094
2024-09-20 02:50:55,920 INFO ====> Final height map loss: 28.714616775512695
