2024-12-04 12:23:19,907 DEBUG loaded <trimesh.Trimesh(vertices.shape=(916, 3), faces.shape=(856, 3))> using `load_obj` in 0.0027s
2024-12-04 12:23:20,052 DEBUG loaded <trimesh.Trimesh(vertices.shape=(48, 3), faces.shape=(28, 3))> using `load_obj` in 0.0007s
2024-12-04 12:23:40,410 INFO =====> Skill params: [ 1.    0.45  0.8   0.   -0.1 ]
2024-12-04 12:23:40,411 INFO =====> Grad: [ 2.4347344e+03 -5.5091443e+02 -1.8951274e-05  4.3017834e+02
 -1.1740999e-05]
2024-12-04 12:23:40,411 INFO =====> Num. aborted data so far: 0
2024-12-04 12:23:40,419 INFO ===========> Epoch: 0 optimisation losses
2024-12-04 12:23:40,419 INFO =====> EMD Loss: 20.819187
2024-12-04 12:23:40,419 INFO =====> Height map loss: 12.041019
2024-12-04 12:23:40,419 INFO =====> Insertion loss: 0.000000
2024-12-04 12:23:40,716 DEBUG loaded <trimesh.Trimesh(vertices.shape=(916, 3), faces.shape=(856, 3))> using `load_obj` in 0.0029s
2024-12-04 12:23:40,853 DEBUG loaded <trimesh.Trimesh(vertices.shape=(48, 3), faces.shape=(28, 3))> using `load_obj` in 0.0007s
2024-12-04 12:23:48,486 INFO ==> EMD Loss: 20.934370
2024-12-04 12:23:48,486 INFO ==> Height map loss:  12.220769
2024-12-04 12:23:48,486 INFO ==> Insertion loss: 0.000000
2024-12-04 12:23:48,762 DEBUG loaded <trimesh.Trimesh(vertices.shape=(916, 3), faces.shape=(856, 3))> using `load_obj` in 0.0028s
2024-12-04 12:23:48,899 DEBUG loaded <trimesh.Trimesh(vertices.shape=(48, 3), faces.shape=(28, 3))> using `load_obj` in 0.0007s
2024-12-04 12:23:56,552 INFO ==> EMD Loss: 21.157202
2024-12-04 12:23:56,552 INFO ==> Height map loss:  12.577515
2024-12-04 12:23:56,552 INFO ==> Insertion loss: 0.000000
2024-12-04 12:23:56,845 DEBUG loaded <trimesh.Trimesh(vertices.shape=(916, 3), faces.shape=(856, 3))> using `load_obj` in 0.0029s
2024-12-04 12:23:56,983 DEBUG loaded <trimesh.Trimesh(vertices.shape=(48, 3), faces.shape=(28, 3))> using `load_obj` in 0.0007s
2024-12-04 12:24:04,954 INFO ==> EMD Loss: 21.324913
2024-12-04 12:24:04,954 INFO ==> Height map loss:  13.041636
2024-12-04 12:24:04,954 INFO ==> Insertion loss: 0.000000
2024-12-04 12:24:05,238 DEBUG loaded <trimesh.Trimesh(vertices.shape=(916, 3), faces.shape=(856, 3))> using `load_obj` in 0.0029s
2024-12-04 12:24:05,377 DEBUG loaded <trimesh.Trimesh(vertices.shape=(48, 3), faces.shape=(28, 3))> using `load_obj` in 0.0007s
2024-12-04 12:24:13,454 INFO ==> EMD Loss: 21.929846
2024-12-04 12:24:13,454 INFO ==> Height map loss:  13.540242
2024-12-04 12:24:13,454 INFO ==> Insertion loss: 0.000000
2024-12-04 12:24:13,747 DEBUG loaded <trimesh.Trimesh(vertices.shape=(916, 3), faces.shape=(856, 3))> using `load_obj` in 0.0028s
2024-12-04 12:24:13,885 DEBUG loaded <trimesh.Trimesh(vertices.shape=(48, 3), faces.shape=(28, 3))> using `load_obj` in 0.0007s
2024-12-04 12:24:22,202 INFO ==> EMD Loss: 21.842827
2024-12-04 12:24:22,202 INFO ==> Height map loss:  13.524363
2024-12-04 12:24:22,202 INFO ==> Insertion loss: 0.000000
2024-12-04 12:24:22,518 DEBUG loaded <trimesh.Trimesh(vertices.shape=(916, 3), faces.shape=(856, 3))> using `load_obj` in 0.0029s
2024-12-04 12:24:22,655 DEBUG loaded <trimesh.Trimesh(vertices.shape=(48, 3), faces.shape=(28, 3))> using `load_obj` in 0.0007s
2024-12-04 12:24:43,410 INFO =====> Skill params: [ 0.9936755   0.45632455  0.8003987  -0.00632456 -0.09975269]
2024-12-04 12:24:43,410 INFO =====> Grad: [ 2.0984236e+03 -8.7792099e+01  9.0415924e-06  1.3261179e+03
  1.3152894e-06]
2024-12-04 12:24:43,410 INFO =====> Num. aborted data so far: 0
2024-12-04 12:24:43,418 INFO ===========> Epoch: 1 optimisation losses
2024-12-04 12:24:43,418 INFO =====> EMD Loss: 20.940985
2024-12-04 12:24:43,418 INFO =====> Height map loss: 12.219501
2024-12-04 12:24:43,419 INFO =====> Insertion loss: 0.000000
2024-12-04 12:24:43,742 DEBUG loaded <trimesh.Trimesh(vertices.shape=(916, 3), faces.shape=(856, 3))> using `load_obj` in 0.0029s
2024-12-04 12:24:43,880 DEBUG loaded <trimesh.Trimesh(vertices.shape=(48, 3), faces.shape=(28, 3))> using `load_obj` in 0.0007s
2024-12-04 12:24:51,468 INFO ==> EMD Loss: 21.070438
2024-12-04 12:24:51,468 INFO ==> Height map loss:  12.318330
2024-12-04 12:24:51,468 INFO ==> Insertion loss: 0.000000
2024-12-04 12:24:51,765 DEBUG loaded <trimesh.Trimesh(vertices.shape=(916, 3), faces.shape=(856, 3))> using `load_obj` in 0.0028s
2024-12-04 12:24:51,904 DEBUG loaded <trimesh.Trimesh(vertices.shape=(48, 3), faces.shape=(28, 3))> using `load_obj` in 0.0007s
2024-12-04 12:24:59,661 INFO ==> EMD Loss: 20.765690
2024-12-04 12:24:59,662 INFO ==> Height map loss:  12.404307
2024-12-04 12:24:59,662 INFO ==> Insertion loss: 0.000000
2024-12-04 12:24:59,960 DEBUG loaded <trimesh.Trimesh(vertices.shape=(916, 3), faces.shape=(856, 3))> using `load_obj` in 0.0028s
2024-12-04 12:25:00,099 DEBUG loaded <trimesh.Trimesh(vertices.shape=(48, 3), faces.shape=(28, 3))> using `load_obj` in 0.0007s
2024-12-04 12:25:07,851 INFO ==> EMD Loss: 21.016602
2024-12-04 12:25:07,851 INFO ==> Height map loss:  12.421830
2024-12-04 12:25:07,851 INFO ==> Insertion loss: 0.000000
2024-12-04 12:25:08,153 DEBUG loaded <trimesh.Trimesh(vertices.shape=(916, 3), faces.shape=(856, 3))> using `load_obj` in 0.0028s
2024-12-04 12:25:08,289 DEBUG loaded <trimesh.Trimesh(vertices.shape=(48, 3), faces.shape=(28, 3))> using `load_obj` in 0.0007s
2024-12-04 12:25:15,899 INFO ==> EMD Loss: 21.193527
2024-12-04 12:25:15,899 INFO ==> Height map loss:  12.571106
2024-12-04 12:25:15,899 INFO ==> Insertion loss: 0.000000
2024-12-04 12:25:16,199 DEBUG loaded <trimesh.Trimesh(vertices.shape=(916, 3), faces.shape=(856, 3))> using `load_obj` in 0.0028s
2024-12-04 12:25:16,336 DEBUG loaded <trimesh.Trimesh(vertices.shape=(48, 3), faces.shape=(28, 3))> using `load_obj` in 0.0007s
2024-12-04 12:25:24,070 INFO ==> EMD Loss: 21.471039
2024-12-04 12:25:24,070 INFO ==> Height map loss:  12.902958
2024-12-04 12:25:24,071 INFO ==> Insertion loss: 0.000000
2024-12-04 12:25:24,378 DEBUG loaded <trimesh.Trimesh(vertices.shape=(916, 3), faces.shape=(856, 3))> using `load_obj` in 0.0029s
2024-12-04 12:25:24,517 DEBUG loaded <trimesh.Trimesh(vertices.shape=(48, 3), faces.shape=(28, 3))> using `load_obj` in 0.0007s
2024-12-04 12:25:45,237 INFO =====> Skill params: [ 0.9894227   0.45737225  0.8001983  -0.01236935 -0.0997819 ]
2024-12-04 12:25:45,237 INFO =====> Grad: [-2.3955085e+03  2.3245746e+02 -2.0533986e-05 -1.3436097e+03
  5.1129085e-05]
2024-12-04 12:25:45,238 INFO =====> Num. aborted data so far: 0
2024-12-04 12:25:45,246 INFO ===========> Epoch: 2 optimisation losses
2024-12-04 12:25:45,246 INFO =====> EMD Loss: 21.070099
2024-12-04 12:25:45,246 INFO =====> Height map loss: 12.321128
2024-12-04 12:25:45,246 INFO =====> Insertion loss: 0.000000
2024-12-04 12:25:45,579 DEBUG loaded <trimesh.Trimesh(vertices.shape=(916, 3), faces.shape=(856, 3))> using `load_obj` in 0.0030s
2024-12-04 12:25:45,718 DEBUG loaded <trimesh.Trimesh(vertices.shape=(48, 3), faces.shape=(28, 3))> using `load_obj` in 0.0007s
2024-12-04 12:25:53,531 INFO ==> EMD Loss: 20.934359
2024-12-04 12:25:53,531 INFO ==> Height map loss:  12.122342
2024-12-04 12:25:53,531 INFO ==> Insertion loss: 0.000000
2024-12-04 12:25:53,840 DEBUG loaded <trimesh.Trimesh(vertices.shape=(916, 3), faces.shape=(856, 3))> using `load_obj` in 0.0028s
2024-12-04 12:25:53,978 DEBUG loaded <trimesh.Trimesh(vertices.shape=(48, 3), faces.shape=(28, 3))> using `load_obj` in 0.0007s
2024-12-04 12:26:01,613 INFO ==> EMD Loss: 21.239258
2024-12-04 12:26:01,613 INFO ==> Height map loss:  12.148774
2024-12-04 12:26:01,613 INFO ==> Insertion loss: 0.000000
2024-12-04 12:26:01,928 DEBUG loaded <trimesh.Trimesh(vertices.shape=(916, 3), faces.shape=(856, 3))> using `load_obj` in 0.0030s
2024-12-04 12:26:02,066 DEBUG loaded <trimesh.Trimesh(vertices.shape=(48, 3), faces.shape=(28, 3))> using `load_obj` in 0.0007s
2024-12-04 12:26:09,670 INFO ==> EMD Loss: 21.094784
2024-12-04 12:26:09,670 INFO ==> Height map loss:  11.879961
2024-12-04 12:26:09,671 INFO ==> Insertion loss: 0.000000
2024-12-04 12:26:09,988 DEBUG loaded <trimesh.Trimesh(vertices.shape=(916, 3), faces.shape=(856, 3))> using `load_obj` in 0.0028s
2024-12-04 12:26:10,126 DEBUG loaded <trimesh.Trimesh(vertices.shape=(48, 3), faces.shape=(28, 3))> using `load_obj` in 0.0007s
2024-12-04 12:26:17,755 INFO ==> EMD Loss: 20.959881
2024-12-04 12:26:17,755 INFO ==> Height map loss:  11.681383
2024-12-04 12:26:17,755 INFO ==> Insertion loss: 0.000000
2024-12-04 12:26:18,116 DEBUG loaded <trimesh.Trimesh(vertices.shape=(916, 3), faces.shape=(856, 3))> using `load_obj` in 0.0029s
2024-12-04 12:26:18,257 DEBUG loaded <trimesh.Trimesh(vertices.shape=(48, 3), faces.shape=(28, 3))> using `load_obj` in 0.0007s
2024-12-04 12:26:25,724 INFO ==> EMD Loss: 20.620733
2024-12-04 12:26:25,724 INFO ==> Height map loss:  11.559422
2024-12-04 12:26:25,724 INFO ==> Insertion loss: 0.000000
2024-12-04 12:26:26,045 DEBUG loaded <trimesh.Trimesh(vertices.shape=(916, 3), faces.shape=(856, 3))> using `load_obj` in 0.0029s
2024-12-04 12:26:26,188 DEBUG loaded <trimesh.Trimesh(vertices.shape=(48, 3), faces.shape=(28, 3))> using `load_obj` in 0.0007s
2024-12-04 12:26:46,319 INFO =====> Skill params: [ 1.          0.40428793  0.80976564  0.07798722 -0.12329655]
2024-12-04 12:26:46,319 INFO =====> Grad: [ 2.1874084e+03 -6.6626941e+02  2.0945979e-05  1.1759985e+03
 -6.5318316e-05]
2024-12-04 12:26:46,319 INFO =====> Num. aborted data so far: 0
2024-12-04 12:26:46,327 INFO ===========> Epoch: 3 optimisation losses
2024-12-04 12:26:46,327 INFO =====> EMD Loss: 20.615738
2024-12-04 12:26:46,327 INFO =====> Height map loss: 11.562845
2024-12-04 12:26:46,327 INFO =====> Insertion loss: 0.000000
2024-12-04 12:26:46,666 DEBUG loaded <trimesh.Trimesh(vertices.shape=(916, 3), faces.shape=(856, 3))> using `load_obj` in 0.0029s
2024-12-04 12:26:46,807 DEBUG loaded <trimesh.Trimesh(vertices.shape=(48, 3), faces.shape=(28, 3))> using `load_obj` in 0.0007s
2024-12-04 12:26:54,366 INFO ==> EMD Loss: 20.606445
2024-12-04 12:26:54,366 INFO ==> Height map loss:  11.558219
2024-12-04 12:26:54,366 INFO ==> Insertion loss: 0.000000
2024-12-04 12:26:54,677 DEBUG loaded <trimesh.Trimesh(vertices.shape=(916, 3), faces.shape=(856, 3))> using `load_obj` in 0.0028s
2024-12-04 12:26:54,818 DEBUG loaded <trimesh.Trimesh(vertices.shape=(48, 3), faces.shape=(28, 3))> using `load_obj` in 0.0007s
2024-12-04 12:27:02,427 INFO ==> EMD Loss: 20.806747
2024-12-04 12:27:02,427 INFO ==> Height map loss:  11.798238
2024-12-04 12:27:02,427 INFO ==> Insertion loss: 0.000000
2024-12-04 12:27:02,742 DEBUG loaded <trimesh.Trimesh(vertices.shape=(916, 3), faces.shape=(856, 3))> using `load_obj` in 0.0029s
2024-12-04 12:27:02,882 DEBUG loaded <trimesh.Trimesh(vertices.shape=(48, 3), faces.shape=(28, 3))> using `load_obj` in 0.0007s
2024-12-04 12:27:10,562 INFO ==> EMD Loss: 20.975666
2024-12-04 12:27:10,562 INFO ==> Height map loss:  12.258038
2024-12-04 12:27:10,562 INFO ==> Insertion loss: 0.000000
2024-12-04 12:27:10,882 DEBUG loaded <trimesh.Trimesh(vertices.shape=(916, 3), faces.shape=(856, 3))> using `load_obj` in 0.0028s
2024-12-04 12:27:11,024 DEBUG loaded <trimesh.Trimesh(vertices.shape=(48, 3), faces.shape=(28, 3))> using `load_obj` in 0.0007s
2024-12-04 12:27:18,869 INFO ==> EMD Loss: 20.921963
2024-12-04 12:27:18,869 INFO ==> Height map loss:  12.260659
2024-12-04 12:27:18,869 INFO ==> Insertion loss: 0.000000
2024-12-04 12:27:19,185 DEBUG loaded <trimesh.Trimesh(vertices.shape=(916, 3), faces.shape=(856, 3))> using `load_obj` in 0.0028s
2024-12-04 12:27:19,327 DEBUG loaded <trimesh.Trimesh(vertices.shape=(48, 3), faces.shape=(28, 3))> using `load_obj` in 0.0007s
2024-12-04 12:27:27,157 INFO ==> EMD Loss: 21.115101
2024-12-04 12:27:27,158 INFO ==> Height map loss:  12.902037
2024-12-04 12:27:27,158 INFO ==> Insertion loss: 0.000000
2024-12-04 12:27:27,474 DEBUG loaded <trimesh.Trimesh(vertices.shape=(916, 3), faces.shape=(856, 3))> using `load_obj` in 0.0028s
2024-12-04 12:27:27,617 DEBUG loaded <trimesh.Trimesh(vertices.shape=(48, 3), faces.shape=(28, 3))> using `load_obj` in 0.0007s
2024-12-04 12:27:48,112 INFO =====> Skill params: [ 0.99672437  0.40925387  0.809253    0.07450692 -0.1217607 ]
2024-12-04 12:27:48,112 INFO =====> Grad: [ 1.6839255e+03 -1.3085664e+03 -1.7328941e-05  1.1750779e+03
  9.4861869e-05]
2024-12-04 12:27:48,112 INFO =====> Num. aborted data so far: 0
2024-12-04 12:27:48,120 INFO ===========> Epoch: 4 optimisation losses
2024-12-04 12:27:48,120 INFO =====> EMD Loss: 20.622770
2024-12-04 12:27:48,120 INFO =====> Height map loss: 11.573424
2024-12-04 12:27:48,120 INFO =====> Insertion loss: 0.000000
2024-12-04 12:27:48,466 DEBUG loaded <trimesh.Trimesh(vertices.shape=(916, 3), faces.shape=(856, 3))> using `load_obj` in 0.0030s
2024-12-04 12:27:48,609 DEBUG loaded <trimesh.Trimesh(vertices.shape=(48, 3), faces.shape=(28, 3))> using `load_obj` in 0.0007s
2024-12-04 12:27:56,223 INFO ==> EMD Loss: 20.642427
2024-12-04 12:27:56,223 INFO ==> Height map loss:  11.618331
2024-12-04 12:27:56,223 INFO ==> Insertion loss: 0.000000
2024-12-04 12:27:56,543 DEBUG loaded <trimesh.Trimesh(vertices.shape=(916, 3), faces.shape=(856, 3))> using `load_obj` in 0.0030s
2024-12-04 12:27:56,686 DEBUG loaded <trimesh.Trimesh(vertices.shape=(48, 3), faces.shape=(28, 3))> using `load_obj` in 0.0007s
2024-12-04 12:28:04,380 INFO ==> EMD Loss: 20.897888
2024-12-04 12:28:04,380 INFO ==> Height map loss:  11.801666
2024-12-04 12:28:04,380 INFO ==> Insertion loss: 0.000000
2024-12-04 12:28:04,699 DEBUG loaded <trimesh.Trimesh(vertices.shape=(916, 3), faces.shape=(856, 3))> using `load_obj` in 0.0029s
2024-12-04 12:28:04,843 DEBUG loaded <trimesh.Trimesh(vertices.shape=(48, 3), faces.shape=(28, 3))> using `load_obj` in 0.0007s
2024-12-04 12:28:12,640 INFO ==> EMD Loss: 20.293348
2024-12-04 12:28:12,640 INFO ==> Height map loss:  11.847590
2024-12-04 12:28:12,641 INFO ==> Insertion loss: 0.000000
2024-12-04 12:28:12,966 DEBUG loaded <trimesh.Trimesh(vertices.shape=(916, 3), faces.shape=(856, 3))> using `load_obj` in 0.0028s
2024-12-04 12:28:13,108 DEBUG loaded <trimesh.Trimesh(vertices.shape=(48, 3), faces.shape=(28, 3))> using `load_obj` in 0.0007s
2024-12-04 12:28:20,880 INFO ==> EMD Loss: 20.737926
2024-12-04 12:28:20,880 INFO ==> Height map loss:  12.219498
2024-12-04 12:28:20,880 INFO ==> Insertion loss: 0.000000
2024-12-04 12:28:21,208 DEBUG loaded <trimesh.Trimesh(vertices.shape=(916, 3), faces.shape=(856, 3))> using `load_obj` in 0.0028s
2024-12-04 12:28:21,351 DEBUG loaded <trimesh.Trimesh(vertices.shape=(48, 3), faces.shape=(28, 3))> using `load_obj` in 0.0007s
2024-12-04 12:28:29,367 INFO ==> EMD Loss: 20.689323
2024-12-04 12:28:29,367 INFO ==> Height map loss:  12.328676
2024-12-04 12:28:29,367 INFO ==> Insertion loss: 0.000000
2024-12-04 12:28:29,695 DEBUG loaded <trimesh.Trimesh(vertices.shape=(916, 3), faces.shape=(856, 3))> using `load_obj` in 0.0029s
2024-12-04 12:28:29,838 DEBUG loaded <trimesh.Trimesh(vertices.shape=(48, 3), faces.shape=(28, 3))> using `load_obj` in 0.0007s
2024-12-04 12:28:50,176 INFO =====> Skill params: [ 0.9942739   0.4146407   0.80969894  0.07133543 -0.1239645 ]
2024-12-04 12:28:50,176 INFO =====> Grad: [-2.2693367e+03  9.2634851e+02  4.1217700e-06 -1.2259115e+03
  5.0971499e-05]
2024-12-04 12:28:50,176 INFO =====> Num. aborted data so far: 0
2024-12-04 12:28:50,184 INFO ===========> Epoch: 5 optimisation losses
2024-12-04 12:28:50,184 INFO =====> EMD Loss: 20.642490
2024-12-04 12:28:50,184 INFO =====> Height map loss: 11.618410
2024-12-04 12:28:50,184 INFO =====> Insertion loss: 0.000000
2024-12-04 12:28:50,578 DEBUG loaded <trimesh.Trimesh(vertices.shape=(916, 3), faces.shape=(856, 3))> using `load_obj` in 0.0029s
2024-12-04 12:28:50,720 DEBUG loaded <trimesh.Trimesh(vertices.shape=(48, 3), faces.shape=(28, 3))> using `load_obj` in 0.0007s
2024-12-04 12:28:58,355 INFO ==> EMD Loss: 20.701092
2024-12-04 12:28:58,355 INFO ==> Height map loss:  11.587837
2024-12-04 12:28:58,355 INFO ==> Insertion loss: 0.000000
2024-12-04 12:28:58,693 DEBUG loaded <trimesh.Trimesh(vertices.shape=(916, 3), faces.shape=(856, 3))> using `load_obj` in 0.0029s
2024-12-04 12:28:58,837 DEBUG loaded <trimesh.Trimesh(vertices.shape=(48, 3), faces.shape=(28, 3))> using `load_obj` in 0.0007s
2024-12-04 12:29:06,454 INFO ==> EMD Loss: 20.507051
2024-12-04 12:29:06,454 INFO ==> Height map loss:  11.347761
2024-12-04 12:29:06,454 INFO ==> Insertion loss: 0.000000
2024-12-04 12:29:06,842 DEBUG loaded <trimesh.Trimesh(vertices.shape=(916, 3), faces.shape=(856, 3))> using `load_obj` in 0.0028s
2024-12-04 12:29:06,985 DEBUG loaded <trimesh.Trimesh(vertices.shape=(48, 3), faces.shape=(28, 3))> using `load_obj` in 0.0007s
2024-12-04 12:29:14,627 INFO ==> EMD Loss: 20.638447
2024-12-04 12:29:14,628 INFO ==> Height map loss:  11.193598
2024-12-04 12:29:14,628 INFO ==> Insertion loss: 0.000000
2024-12-04 12:29:14,979 DEBUG loaded <trimesh.Trimesh(vertices.shape=(916, 3), faces.shape=(856, 3))> using `load_obj` in 0.0028s
2024-12-04 12:29:15,123 DEBUG loaded <trimesh.Trimesh(vertices.shape=(48, 3), faces.shape=(28, 3))> using `load_obj` in 0.0007s
2024-12-04 12:29:22,556 INFO ==> EMD Loss: 20.176054
2024-12-04 12:29:22,556 INFO ==> Height map loss:  11.019682
2024-12-04 12:29:22,556 INFO ==> Insertion loss: 0.000000
2024-12-04 12:29:22,889 DEBUG loaded <trimesh.Trimesh(vertices.shape=(916, 3), faces.shape=(856, 3))> using `load_obj` in 0.0029s
2024-12-04 12:29:23,033 DEBUG loaded <trimesh.Trimesh(vertices.shape=(48, 3), faces.shape=(28, 3))> using `load_obj` in 0.0007s
2024-12-04 12:29:30,597 INFO ==> EMD Loss: 19.798784
2024-12-04 12:29:30,597 INFO ==> Height map loss:  10.868169
2024-12-04 12:29:30,597 INFO ==> Insertion loss: 0.000000
2024-12-04 12:29:30,927 DEBUG loaded <trimesh.Trimesh(vertices.shape=(916, 3), faces.shape=(856, 3))> using `load_obj` in 0.0028s
2024-12-04 12:29:31,069 DEBUG loaded <trimesh.Trimesh(vertices.shape=(48, 3), faces.shape=(28, 3))> using `load_obj` in 0.0007s
2024-12-04 12:29:51,039 INFO =====> Skill params: [ 1.          0.34679127  0.80746305  0.13241696 -0.14845598]
2024-12-04 12:29:51,039 INFO =====> Grad: [-1.8763214e+03  2.2193296e+03 -5.9906770e-06  1.4655465e+03
 -1.6437878e-05]
2024-12-04 12:29:51,039 INFO =====> Num. aborted data so far: 0
2024-12-04 12:29:51,047 INFO ===========> Epoch: 6 optimisation losses
2024-12-04 12:29:51,047 INFO =====> EMD Loss: 19.798800
2024-12-04 12:29:51,047 INFO =====> Height map loss: 10.868268
2024-12-04 12:29:51,047 INFO =====> Insertion loss: 0.000000
2024-12-04 12:29:51,412 DEBUG loaded <trimesh.Trimesh(vertices.shape=(916, 3), faces.shape=(856, 3))> using `load_obj` in 0.0029s
2024-12-04 12:29:51,555 DEBUG loaded <trimesh.Trimesh(vertices.shape=(48, 3), faces.shape=(28, 3))> using `load_obj` in 0.0007s
2024-12-04 12:29:59,095 INFO ==> EMD Loss: 19.771862
2024-12-04 12:29:59,095 INFO ==> Height map loss:  10.868078
2024-12-04 12:29:59,095 INFO ==> Insertion loss: 0.000000
2024-12-04 12:29:59,430 DEBUG loaded <trimesh.Trimesh(vertices.shape=(916, 3), faces.shape=(856, 3))> using `load_obj` in 0.0029s
2024-12-04 12:29:59,574 DEBUG loaded <trimesh.Trimesh(vertices.shape=(48, 3), faces.shape=(28, 3))> using `load_obj` in 0.0007s
2024-12-04 12:30:07,220 INFO ==> EMD Loss: 19.426510
2024-12-04 12:30:07,220 INFO ==> Height map loss:  10.876113
2024-12-04 12:30:07,220 INFO ==> Insertion loss: 0.000000
2024-12-04 12:30:07,552 DEBUG loaded <trimesh.Trimesh(vertices.shape=(916, 3), faces.shape=(856, 3))> using `load_obj` in 0.0029s
2024-12-04 12:30:07,696 DEBUG loaded <trimesh.Trimesh(vertices.shape=(48, 3), faces.shape=(28, 3))> using `load_obj` in 0.0007s
2024-12-04 12:30:15,106 INFO ==> EMD Loss: 19.569935
2024-12-04 12:30:15,106 INFO ==> Height map loss:  10.959576
2024-12-04 12:30:15,106 INFO ==> Insertion loss: 0.000000
2024-12-04 12:30:15,443 DEBUG loaded <trimesh.Trimesh(vertices.shape=(916, 3), faces.shape=(856, 3))> using `load_obj` in 0.0029s
2024-12-04 12:30:15,589 DEBUG loaded <trimesh.Trimesh(vertices.shape=(48, 3), faces.shape=(28, 3))> using `load_obj` in 0.0007s
2024-12-04 12:30:23,142 INFO ==> EMD Loss: 19.725586
2024-12-04 12:30:23,142 INFO ==> Height map loss:  11.240105
2024-12-04 12:30:23,142 INFO ==> Insertion loss: 0.000000
2024-12-04 12:30:23,478 DEBUG loaded <trimesh.Trimesh(vertices.shape=(916, 3), faces.shape=(856, 3))> using `load_obj` in 0.0028s
2024-12-04 12:30:23,623 DEBUG loaded <trimesh.Trimesh(vertices.shape=(48, 3), faces.shape=(28, 3))> using `load_obj` in 0.0007s
2024-12-04 12:30:31,050 INFO ==> EMD Loss: 19.452566
2024-12-04 12:30:31,050 INFO ==> Height map loss:  11.311340
2024-12-04 12:30:31,050 INFO ==> Insertion loss: 0.000000
2024-12-04 12:30:31,395 DEBUG loaded <trimesh.Trimesh(vertices.shape=(916, 3), faces.shape=(856, 3))> using `load_obj` in 0.0028s
2024-12-04 12:30:31,539 DEBUG loaded <trimesh.Trimesh(vertices.shape=(48, 3), faces.shape=(28, 3))> using `load_obj` in 0.0007s
2024-12-04 12:30:51,557 INFO =====> Skill params: [ 1.          0.341703    0.80763423  0.12912926 -0.14804061]
2024-12-04 12:30:51,557 INFO =====> Grad: [-1.8487911e+03  1.4305088e+03 -9.2304090e-06  6.4797858e+02
  9.1109679e-05]
2024-12-04 12:30:51,557 INFO =====> Num. aborted data so far: 0
2024-12-04 12:30:51,565 INFO ===========> Epoch: 7 optimisation losses
2024-12-04 12:30:51,565 INFO =====> EMD Loss: 19.731144
2024-12-04 12:30:51,565 INFO =====> Height map loss: 10.891756
2024-12-04 12:30:51,565 INFO =====> Insertion loss: 0.000000
2024-12-04 12:30:51,931 DEBUG loaded <trimesh.Trimesh(vertices.shape=(916, 3), faces.shape=(856, 3))> using `load_obj` in 0.0029s
2024-12-04 12:30:52,079 DEBUG loaded <trimesh.Trimesh(vertices.shape=(48, 3), faces.shape=(28, 3))> using `load_obj` in 0.0007s
2024-12-04 12:30:59,710 INFO ==> EMD Loss: 19.695889
2024-12-04 12:30:59,710 INFO ==> Height map loss:  10.806637
2024-12-04 12:30:59,710 INFO ==> Insertion loss: 0.000000
2024-12-04 12:31:00,047 DEBUG loaded <trimesh.Trimesh(vertices.shape=(916, 3), faces.shape=(856, 3))> using `load_obj` in 0.0029s
2024-12-04 12:31:00,191 DEBUG loaded <trimesh.Trimesh(vertices.shape=(48, 3), faces.shape=(28, 3))> using `load_obj` in 0.0007s
2024-12-04 12:31:07,603 INFO ==> EMD Loss: 19.420952
2024-12-04 12:31:07,603 INFO ==> Height map loss:  10.825258
2024-12-04 12:31:07,603 INFO ==> Insertion loss: 0.000000
2024-12-04 12:31:07,936 DEBUG loaded <trimesh.Trimesh(vertices.shape=(916, 3), faces.shape=(856, 3))> using `load_obj` in 0.0029s
2024-12-04 12:31:08,079 DEBUG loaded <trimesh.Trimesh(vertices.shape=(48, 3), faces.shape=(28, 3))> using `load_obj` in 0.0007s
2024-12-04 12:31:15,632 INFO ==> EMD Loss: 19.533468
2024-12-04 12:31:15,632 INFO ==> Height map loss:  10.987061
2024-12-04 12:31:15,632 INFO ==> Insertion loss: 0.000000
2024-12-04 12:31:15,968 DEBUG loaded <trimesh.Trimesh(vertices.shape=(916, 3), faces.shape=(856, 3))> using `load_obj` in 0.0030s
2024-12-04 12:31:16,111 DEBUG loaded <trimesh.Trimesh(vertices.shape=(48, 3), faces.shape=(28, 3))> using `load_obj` in 0.0007s
2024-12-04 12:31:23,600 INFO ==> EMD Loss: 19.197910
2024-12-04 12:31:23,600 INFO ==> Height map loss:  10.858589
2024-12-04 12:31:23,600 INFO ==> Insertion loss: 0.000000
2024-12-04 12:31:23,937 DEBUG loaded <trimesh.Trimesh(vertices.shape=(916, 3), faces.shape=(856, 3))> using `load_obj` in 0.0029s
2024-12-04 12:31:24,081 DEBUG loaded <trimesh.Trimesh(vertices.shape=(48, 3), faces.shape=(28, 3))> using `load_obj` in 0.0007s
2024-12-04 12:31:31,555 INFO ==> EMD Loss: 19.242872
2024-12-04 12:31:31,555 INFO ==> Height map loss:  10.876661
2024-12-04 12:31:31,555 INFO ==> Insertion loss: 0.000000
2024-12-04 12:31:31,908 DEBUG loaded <trimesh.Trimesh(vertices.shape=(916, 3), faces.shape=(856, 3))> using `load_obj` in 0.0029s
2024-12-04 12:31:32,052 DEBUG loaded <trimesh.Trimesh(vertices.shape=(48, 3), faces.shape=(28, 3))> using `load_obj` in 0.0007s
2024-12-04 12:31:52,036 INFO =====> Skill params: [ 1.          0.33866948  0.80791205  0.12764008 -0.15030633]
2024-12-04 12:31:52,036 INFO =====> Grad: [ 1.8323783e+03 -1.7255388e+03 -1.4535583e-05  4.8867267e+02
  3.8291359e-06]
2024-12-04 12:31:52,036 INFO =====> Num. aborted data so far: 0
2024-12-04 12:31:52,045 INFO ===========> Epoch: 8 optimisation losses
2024-12-04 12:31:52,045 INFO =====> EMD Loss: 19.695770
2024-12-04 12:31:52,045 INFO =====> Height map loss: 10.803915
2024-12-04 12:31:52,045 INFO =====> Insertion loss: 0.000000
2024-12-04 12:31:52,473 DEBUG loaded <trimesh.Trimesh(vertices.shape=(916, 3), faces.shape=(856, 3))> using `load_obj` in 0.0029s
2024-12-04 12:31:52,618 DEBUG loaded <trimesh.Trimesh(vertices.shape=(48, 3), faces.shape=(28, 3))> using `load_obj` in 0.0007s
2024-12-04 12:32:00,269 INFO ==> EMD Loss: 19.820848
2024-12-04 12:32:00,269 INFO ==> Height map loss:  10.854897
2024-12-04 12:32:00,269 INFO ==> Insertion loss: 0.000000
2024-12-04 12:32:00,613 DEBUG loaded <trimesh.Trimesh(vertices.shape=(916, 3), faces.shape=(856, 3))> using `load_obj` in 0.0030s
2024-12-04 12:32:00,758 DEBUG loaded <trimesh.Trimesh(vertices.shape=(48, 3), faces.shape=(28, 3))> using `load_obj` in 0.0007s
2024-12-04 12:32:08,297 INFO ==> EMD Loss: 19.932547
2024-12-04 12:32:08,298 INFO ==> Height map loss:  10.882845
2024-12-04 12:32:08,298 INFO ==> Insertion loss: 0.000000
2024-12-04 12:32:08,684 DEBUG loaded <trimesh.Trimesh(vertices.shape=(916, 3), faces.shape=(856, 3))> using `load_obj` in 0.0029s
2024-12-04 12:32:08,830 DEBUG loaded <trimesh.Trimesh(vertices.shape=(48, 3), faces.shape=(28, 3))> using `load_obj` in 0.0007s
2024-12-04 12:32:16,398 INFO ==> EMD Loss: 20.151615
2024-12-04 12:32:16,398 INFO ==> Height map loss:  10.962722
2024-12-04 12:32:16,398 INFO ==> Insertion loss: 0.000000
2024-12-04 12:32:16,829 DEBUG loaded <trimesh.Trimesh(vertices.shape=(916, 3), faces.shape=(856, 3))> using `load_obj` in 0.0029s
2024-12-04 12:32:16,973 DEBUG loaded <trimesh.Trimesh(vertices.shape=(48, 3), faces.shape=(28, 3))> using `load_obj` in 0.0007s
2024-12-04 12:32:24,432 INFO ==> EMD Loss: 20.271637
2024-12-04 12:32:24,432 INFO ==> Height map loss:  11.180024
2024-12-04 12:32:24,432 INFO ==> Insertion loss: 0.000000
2024-12-04 12:32:24,773 DEBUG loaded <trimesh.Trimesh(vertices.shape=(916, 3), faces.shape=(856, 3))> using `load_obj` in 0.0029s
2024-12-04 12:32:24,919 DEBUG loaded <trimesh.Trimesh(vertices.shape=(48, 3), faces.shape=(28, 3))> using `load_obj` in 0.0007s
2024-12-04 12:32:32,567 INFO ==> EMD Loss: 20.772768
2024-12-04 12:32:32,567 INFO ==> Height map loss:  11.161541
2024-12-04 12:32:32,567 INFO ==> Insertion loss: 0.000000
2024-12-04 12:32:32,907 DEBUG loaded <trimesh.Trimesh(vertices.shape=(916, 3), faces.shape=(856, 3))> using `load_obj` in 0.0030s
2024-12-04 12:32:33,053 DEBUG loaded <trimesh.Trimesh(vertices.shape=(48, 3), faces.shape=(28, 3))> using `load_obj` in 0.0007s
2024-12-04 12:32:52,888 INFO =====> Skill params: [ 0.997702    0.3419625   0.80837196  0.12647648 -0.15040669]
2024-12-04 12:32:52,889 INFO =====> Grad: [ 1.2928252e+03 -1.5663223e+03  1.3987595e-05 -9.7682501e+02
  4.5601242e-05]
2024-12-04 12:32:52,889 INFO =====> Num. aborted data so far: 0
2024-12-04 12:32:52,897 INFO ===========> Epoch: 9 optimisation losses
2024-12-04 12:32:52,897 INFO =====> EMD Loss: 19.638903
2024-12-04 12:32:52,897 INFO =====> Height map loss: 10.865343
2024-12-04 12:32:52,897 INFO =====> Insertion loss: 0.000000
2024-12-04 12:32:53,263 DEBUG loaded <trimesh.Trimesh(vertices.shape=(916, 3), faces.shape=(856, 3))> using `load_obj` in 0.0029s
2024-12-04 12:32:53,408 DEBUG loaded <trimesh.Trimesh(vertices.shape=(48, 3), faces.shape=(28, 3))> using `load_obj` in 0.0007s
2024-12-04 12:33:01,069 INFO ==> EMD Loss: 19.817448
2024-12-04 12:33:01,069 INFO ==> Height map loss:  10.895216
2024-12-04 12:33:01,069 INFO ==> Insertion loss: 0.000000
2024-12-04 12:33:01,417 DEBUG loaded <trimesh.Trimesh(vertices.shape=(916, 3), faces.shape=(856, 3))> using `load_obj` in 0.0029s
2024-12-04 12:33:01,561 DEBUG loaded <trimesh.Trimesh(vertices.shape=(48, 3), faces.shape=(28, 3))> using `load_obj` in 0.0007s
2024-12-04 12:33:09,028 INFO ==> EMD Loss: 19.730894
2024-12-04 12:33:09,028 INFO ==> Height map loss:  10.857832
2024-12-04 12:33:09,028 INFO ==> Insertion loss: 0.000000
2024-12-04 12:33:09,423 DEBUG loaded <trimesh.Trimesh(vertices.shape=(916, 3), faces.shape=(856, 3))> using `load_obj` in 0.0030s
2024-12-04 12:33:09,568 DEBUG loaded <trimesh.Trimesh(vertices.shape=(48, 3), faces.shape=(28, 3))> using `load_obj` in 0.0007s
2024-12-04 12:33:17,123 INFO ==> EMD Loss: 19.916914
2024-12-04 12:33:17,123 INFO ==> Height map loss:  10.793254
2024-12-04 12:33:17,123 INFO ==> Insertion loss: 0.000000
2024-12-04 12:33:17,498 DEBUG loaded <trimesh.Trimesh(vertices.shape=(916, 3), faces.shape=(856, 3))> using `load_obj` in 0.0029s
2024-12-04 12:33:17,642 DEBUG loaded <trimesh.Trimesh(vertices.shape=(48, 3), faces.shape=(28, 3))> using `load_obj` in 0.0007s
2024-12-04 12:33:25,050 INFO ==> EMD Loss: 20.044268
2024-12-04 12:33:25,050 INFO ==> Height map loss:  10.819931
2024-12-04 12:33:25,050 INFO ==> Insertion loss: 0.000000
2024-12-04 12:33:25,401 DEBUG loaded <trimesh.Trimesh(vertices.shape=(916, 3), faces.shape=(856, 3))> using `load_obj` in 0.0029s
2024-12-04 12:33:25,547 DEBUG loaded <trimesh.Trimesh(vertices.shape=(48, 3), faces.shape=(28, 3))> using `load_obj` in 0.0007s
2024-12-04 12:33:33,194 INFO ==> EMD Loss: 20.344725
2024-12-04 12:33:33,194 INFO ==> Height map loss:  10.708746
2024-12-04 12:33:33,195 INFO ==> Insertion loss: 0.000000
2024-12-04 12:33:33,543 DEBUG loaded <trimesh.Trimesh(vertices.shape=(916, 3), faces.shape=(856, 3))> using `load_obj` in 0.0029s
2024-12-04 12:33:33,687 DEBUG loaded <trimesh.Trimesh(vertices.shape=(48, 3), faces.shape=(28, 3))> using `load_obj` in 0.0007s
2024-12-04 12:33:53,504 INFO =====> Skill params: [ 0.964705    0.39836743  0.7990674   0.17219704 -0.17511787]
2024-12-04 12:33:53,505 INFO =====> Grad: [ 2.2412661e+03 -4.9063068e+02 -1.8186438e-07  1.4859987e+03
 -9.1627844e-05]
2024-12-04 12:33:53,505 INFO =====> Num. aborted data so far: 0
2024-12-04 12:33:53,512 INFO ===========> Epoch: 10 optimisation losses
2024-12-04 12:33:53,513 INFO =====> EMD Loss: 20.323645
2024-12-04 12:33:53,513 INFO =====> Height map loss: 10.707475
2024-12-04 12:33:53,513 INFO =====> Insertion loss: 0.000000
2024-12-04 12:33:53,896 DEBUG loaded <trimesh.Trimesh(vertices.shape=(916, 3), faces.shape=(856, 3))> using `load_obj` in 0.0029s
2024-12-04 12:33:54,044 DEBUG loaded <trimesh.Trimesh(vertices.shape=(48, 3), faces.shape=(28, 3))> using `load_obj` in 0.0007s
2024-12-04 12:34:01,662 INFO ==> EMD Loss: 20.353168
2024-12-04 12:34:01,662 INFO ==> Height map loss:  10.733248
2024-12-04 12:34:01,662 INFO ==> Insertion loss: 0.000000
2024-12-04 12:34:02,004 DEBUG loaded <trimesh.Trimesh(vertices.shape=(916, 3), faces.shape=(856, 3))> using `load_obj` in 0.0029s
2024-12-04 12:34:02,150 DEBUG loaded <trimesh.Trimesh(vertices.shape=(48, 3), faces.shape=(28, 3))> using `load_obj` in 0.0007s
2024-12-04 12:34:09,629 INFO ==> EMD Loss: 20.411358
2024-12-04 12:34:09,629 INFO ==> Height map loss:  10.776077
2024-12-04 12:34:09,629 INFO ==> Insertion loss: 0.000000
2024-12-04 12:34:09,974 DEBUG loaded <trimesh.Trimesh(vertices.shape=(916, 3), faces.shape=(856, 3))> using `load_obj` in 0.0029s
2024-12-04 12:34:10,118 DEBUG loaded <trimesh.Trimesh(vertices.shape=(48, 3), faces.shape=(28, 3))> using `load_obj` in 0.0007s
2024-12-04 12:34:17,740 INFO ==> EMD Loss: 20.353243
2024-12-04 12:34:17,740 INFO ==> Height map loss:  11.109987
2024-12-04 12:34:17,740 INFO ==> Insertion loss: 0.000000
2024-12-04 12:34:18,090 DEBUG loaded <trimesh.Trimesh(vertices.shape=(916, 3), faces.shape=(856, 3))> using `load_obj` in 0.0028s
2024-12-04 12:34:18,234 DEBUG loaded <trimesh.Trimesh(vertices.shape=(48, 3), faces.shape=(28, 3))> using `load_obj` in 0.0007s
2024-12-04 12:34:25,724 INFO ==> EMD Loss: 20.590342
2024-12-04 12:34:25,724 INFO ==> Height map loss:  11.463365
2024-12-04 12:34:25,724 INFO ==> Insertion loss: 0.000000
2024-12-04 12:34:26,121 DEBUG loaded <trimesh.Trimesh(vertices.shape=(916, 3), faces.shape=(856, 3))> using `load_obj` in 0.0029s
2024-12-04 12:34:26,264 DEBUG loaded <trimesh.Trimesh(vertices.shape=(48, 3), faces.shape=(28, 3))> using `load_obj` in 0.0007s
2024-12-04 12:34:33,906 INFO ==> EMD Loss: 20.702711
2024-12-04 12:34:33,906 INFO ==> Height map loss:  11.677929
2024-12-04 12:34:33,906 INFO ==> Insertion loss: 0.000000
2024-12-04 12:34:34,250 DEBUG loaded <trimesh.Trimesh(vertices.shape=(916, 3), faces.shape=(856, 3))> using `load_obj` in 0.0028s
2024-12-04 12:34:34,393 DEBUG loaded <trimesh.Trimesh(vertices.shape=(48, 3), faces.shape=(28, 3))> using `load_obj` in 0.0007s
2024-12-04 12:34:54,198 INFO =====> Skill params: [ 0.96198344  0.39928868  0.79907376  0.16902553 -0.1726998 ]
2024-12-04 12:34:54,198 INFO =====> Grad: [-2.2591780e+03  1.6104851e+03 -3.0312285e-05 -3.0645413e+02
 -9.9078961e-06]
2024-12-04 12:34:54,198 INFO =====> Num. aborted data so far: 0
2024-12-04 12:34:54,206 INFO ===========> Epoch: 11 optimisation losses
2024-12-04 12:34:54,207 INFO =====> EMD Loss: 20.353624
2024-12-04 12:34:54,207 INFO =====> Height map loss: 10.738628
2024-12-04 12:34:54,207 INFO =====> Insertion loss: 0.000000
2024-12-04 12:34:54,578 DEBUG loaded <trimesh.Trimesh(vertices.shape=(916, 3), faces.shape=(856, 3))> using `load_obj` in 0.0029s
2024-12-04 12:34:54,728 DEBUG loaded <trimesh.Trimesh(vertices.shape=(48, 3), faces.shape=(28, 3))> using `load_obj` in 0.0007s
2024-12-04 12:35:02,336 INFO ==> EMD Loss: 20.344978
2024-12-04 12:35:02,336 INFO ==> Height map loss:  10.832840
2024-12-04 12:35:02,336 INFO ==> Insertion loss: 0.000000
2024-12-04 12:35:02,685 DEBUG loaded <trimesh.Trimesh(vertices.shape=(916, 3), faces.shape=(856, 3))> using `load_obj` in 0.0029s
2024-12-04 12:35:02,839 DEBUG loaded <trimesh.Trimesh(vertices.shape=(48, 3), faces.shape=(28, 3))> using `load_obj` in 0.0007s
2024-12-04 12:35:10,360 INFO ==> EMD Loss: 19.826937
2024-12-04 12:35:10,360 INFO ==> Height map loss:  10.798459
2024-12-04 12:35:10,360 INFO ==> Insertion loss: 0.000000
2024-12-04 12:35:10,711 DEBUG loaded <trimesh.Trimesh(vertices.shape=(916, 3), faces.shape=(856, 3))> using `load_obj` in 0.0030s
2024-12-04 12:35:10,858 DEBUG loaded <trimesh.Trimesh(vertices.shape=(48, 3), faces.shape=(28, 3))> using `load_obj` in 0.0007s
2024-12-04 12:35:18,563 INFO ==> EMD Loss: 19.449030
2024-12-04 12:35:18,563 INFO ==> Height map loss:  10.765328
2024-12-04 12:35:18,563 INFO ==> Insertion loss: 0.000000
2024-12-04 12:35:18,915 DEBUG loaded <trimesh.Trimesh(vertices.shape=(916, 3), faces.shape=(856, 3))> using `load_obj` in 0.0029s
2024-12-04 12:35:19,061 DEBUG loaded <trimesh.Trimesh(vertices.shape=(48, 3), faces.shape=(28, 3))> using `load_obj` in 0.0007s
2024-12-04 12:35:26,479 INFO ==> EMD Loss: 19.755774
2024-12-04 12:35:26,479 INFO ==> Height map loss:  10.663980
2024-12-04 12:35:26,479 INFO ==> Insertion loss: 0.000000
2024-12-04 12:35:26,834 DEBUG loaded <trimesh.Trimesh(vertices.shape=(916, 3), faces.shape=(856, 3))> using `load_obj` in 0.0029s
2024-12-04 12:35:26,978 DEBUG loaded <trimesh.Trimesh(vertices.shape=(48, 3), faces.shape=(28, 3))> using `load_obj` in 0.0007s
2024-12-04 12:35:34,548 INFO ==> EMD Loss: 19.883801
2024-12-04 12:35:34,548 INFO ==> Height map loss:  11.166991
2024-12-04 12:35:34,548 INFO ==> Insertion loss: 0.000000
2024-12-04 12:35:34,900 DEBUG loaded <trimesh.Trimesh(vertices.shape=(916, 3), faces.shape=(856, 3))> using `load_obj` in 0.0029s
2024-12-04 12:35:35,044 DEBUG loaded <trimesh.Trimesh(vertices.shape=(48, 3), faces.shape=(28, 3))> using `load_obj` in 0.0007s
2024-12-04 12:35:54,912 INFO =====> Skill params: [ 1.          0.35659117  0.8156191   0.17930616 -0.16856954]
2024-12-04 12:35:54,913 INFO =====> Grad: [ 1.9293441e+03 -9.0137762e+02 -1.7737137e-05  1.1447867e+03
  6.0265943e-06]
2024-12-04 12:35:54,913 INFO =====> Num. aborted data so far: 0
2024-12-04 12:35:54,921 INFO ===========> Epoch: 12 optimisation losses
2024-12-04 12:35:54,921 INFO =====> EMD Loss: 19.756298
2024-12-04 12:35:54,921 INFO =====> Height map loss: 10.665564
2024-12-04 12:35:54,921 INFO =====> Insertion loss: 0.000000
2024-12-04 12:35:55,342 DEBUG loaded <trimesh.Trimesh(vertices.shape=(916, 3), faces.shape=(856, 3))> using `load_obj` in 0.0030s
2024-12-04 12:35:55,487 DEBUG loaded <trimesh.Trimesh(vertices.shape=(48, 3), faces.shape=(28, 3))> using `load_obj` in 0.0007s
2024-12-04 12:36:03,065 INFO ==> EMD Loss: 19.506777
2024-12-04 12:36:03,065 INFO ==> Height map loss:  10.630135
2024-12-04 12:36:03,065 INFO ==> Insertion loss: 0.000000
2024-12-04 12:36:03,483 DEBUG loaded <trimesh.Trimesh(vertices.shape=(916, 3), faces.shape=(856, 3))> using `load_obj` in 0.0029s
2024-12-04 12:36:03,627 DEBUG loaded <trimesh.Trimesh(vertices.shape=(48, 3), faces.shape=(28, 3))> using `load_obj` in 0.0007s
2024-12-04 12:36:11,055 INFO ==> EMD Loss: 19.646017
2024-12-04 12:36:11,055 INFO ==> Height map loss:  10.716797
2024-12-04 12:36:11,055 INFO ==> Insertion loss: 0.000000
2024-12-04 12:36:11,409 DEBUG loaded <trimesh.Trimesh(vertices.shape=(916, 3), faces.shape=(856, 3))> using `load_obj` in 0.0030s
2024-12-04 12:36:11,554 DEBUG loaded <trimesh.Trimesh(vertices.shape=(48, 3), faces.shape=(28, 3))> using `load_obj` in 0.0007s
2024-12-04 12:36:19,051 INFO ==> EMD Loss: 19.946835
2024-12-04 12:36:19,051 INFO ==> Height map loss:  10.801849
2024-12-04 12:36:19,051 INFO ==> Insertion loss: 0.000000
2024-12-04 12:36:19,484 DEBUG loaded <trimesh.Trimesh(vertices.shape=(916, 3), faces.shape=(856, 3))> using `load_obj` in 0.0029s
2024-12-04 12:36:19,629 DEBUG loaded <trimesh.Trimesh(vertices.shape=(48, 3), faces.shape=(28, 3))> using `load_obj` in 0.0007s
2024-12-04 12:36:27,311 INFO ==> EMD Loss: 20.203739
2024-12-04 12:36:27,311 INFO ==> Height map loss:  10.891468
2024-12-04 12:36:27,311 INFO ==> Insertion loss: 0.000000
2024-12-04 12:36:27,673 DEBUG loaded <trimesh.Trimesh(vertices.shape=(916, 3), faces.shape=(856, 3))> using `load_obj` in 0.0029s
2024-12-04 12:36:27,819 DEBUG loaded <trimesh.Trimesh(vertices.shape=(48, 3), faces.shape=(28, 3))> using `load_obj` in 0.0007s
2024-12-04 12:36:35,307 INFO ==> EMD Loss: 20.348337
2024-12-04 12:36:35,307 INFO ==> Height map loss:  10.972720
2024-12-04 12:36:35,308 INFO ==> Insertion loss: 0.000000
2024-12-04 12:36:35,660 DEBUG loaded <trimesh.Trimesh(vertices.shape=(916, 3), faces.shape=(856, 3))> using `load_obj` in 0.0028s
2024-12-04 12:36:35,806 DEBUG loaded <trimesh.Trimesh(vertices.shape=(48, 3), faces.shape=(28, 3))> using `load_obj` in 0.0007s
2024-12-04 12:36:55,944 INFO =====> Skill params: [ 0.9977829   0.35821426  0.81629556  0.17682393 -0.16874601]
2024-12-04 12:36:55,944 INFO =====> Grad: [ 1.7536288e+03 -3.0988635e+02 -1.1400398e-05 -5.3138019e+02
  2.8996776e-05]
2024-12-04 12:36:55,944 INFO =====> Num. aborted data so far: 0
2024-12-04 12:36:55,952 INFO ===========> Epoch: 13 optimisation losses
2024-12-04 12:36:55,952 INFO =====> EMD Loss: 19.501757
2024-12-04 12:36:55,952 INFO =====> Height map loss: 10.628894
2024-12-04 12:36:55,952 INFO =====> Insertion loss: 0.000000
2024-12-04 12:36:56,331 DEBUG loaded <trimesh.Trimesh(vertices.shape=(916, 3), faces.shape=(856, 3))> using `load_obj` in 0.0030s
2024-12-04 12:36:56,479 DEBUG loaded <trimesh.Trimesh(vertices.shape=(48, 3), faces.shape=(28, 3))> using `load_obj` in 0.0007s
2024-12-04 12:37:04,075 INFO ==> EMD Loss: 19.635408
2024-12-04 12:37:04,075 INFO ==> Height map loss:  10.639408
2024-12-04 12:37:04,075 INFO ==> Insertion loss: 0.000000
2024-12-04 12:37:04,427 DEBUG loaded <trimesh.Trimesh(vertices.shape=(916, 3), faces.shape=(856, 3))> using `load_obj` in 0.0029s
2024-12-04 12:37:04,575 DEBUG loaded <trimesh.Trimesh(vertices.shape=(48, 3), faces.shape=(28, 3))> using `load_obj` in 0.0007s
2024-12-04 12:37:12,141 INFO ==> EMD Loss: 19.596455
2024-12-04 12:37:12,141 INFO ==> Height map loss:  10.719627
2024-12-04 12:37:12,141 INFO ==> Insertion loss: 0.000000
2024-12-04 12:37:12,496 DEBUG loaded <trimesh.Trimesh(vertices.shape=(916, 3), faces.shape=(856, 3))> using `load_obj` in 0.0030s
2024-12-04 12:37:12,643 DEBUG loaded <trimesh.Trimesh(vertices.shape=(48, 3), faces.shape=(28, 3))> using `load_obj` in 0.0007s
2024-12-04 12:37:20,105 INFO ==> EMD Loss: 19.412060
2024-12-04 12:37:20,105 INFO ==> Height map loss:  10.726083
2024-12-04 12:37:20,105 INFO ==> Insertion loss: 0.000000
2024-12-04 12:37:20,459 DEBUG loaded <trimesh.Trimesh(vertices.shape=(916, 3), faces.shape=(856, 3))> using `load_obj` in 0.0029s
2024-12-04 12:37:20,606 DEBUG loaded <trimesh.Trimesh(vertices.shape=(48, 3), faces.shape=(28, 3))> using `load_obj` in 0.0007s
2024-12-04 12:37:28,005 INFO ==> EMD Loss: 19.475679
2024-12-04 12:37:28,005 INFO ==> Height map loss:  10.532985
2024-12-04 12:37:28,005 INFO ==> Insertion loss: 0.000000
2024-12-04 12:37:28,358 DEBUG loaded <trimesh.Trimesh(vertices.shape=(916, 3), faces.shape=(856, 3))> using `load_obj` in 0.0029s
2024-12-04 12:37:28,506 DEBUG loaded <trimesh.Trimesh(vertices.shape=(48, 3), faces.shape=(28, 3))> using `load_obj` in 0.0007s
2024-12-04 12:37:36,067 INFO ==> EMD Loss: 19.595648
2024-12-04 12:37:36,067 INFO ==> Height map loss:  10.559750
2024-12-04 12:37:36,067 INFO ==> Insertion loss: 0.000000
2024-12-04 12:37:36,434 DEBUG loaded <trimesh.Trimesh(vertices.shape=(916, 3), faces.shape=(856, 3))> using `load_obj` in 0.0029s
2024-12-04 12:37:36,580 DEBUG loaded <trimesh.Trimesh(vertices.shape=(48, 3), faces.shape=(28, 3))> using `load_obj` in 0.0007s
2024-12-04 12:37:56,318 INFO =====> Skill params: [ 0.9675779   0.36699924  0.8231519   0.19471473 -0.18203895]
2024-12-04 12:37:56,318 INFO =====> Grad: [ 2.05254175e+03 -1.00472943e+03 -2.37486365e-05 -1.44404626e+03
 -3.26090340e-05]
2024-12-04 12:37:56,318 INFO =====> Num. aborted data so far: 0
2024-12-04 12:37:56,326 INFO ===========> Epoch: 14 optimisation losses
2024-12-04 12:37:56,326 INFO =====> EMD Loss: 19.476381
2024-12-04 12:37:56,327 INFO =====> Height map loss: 10.533758
2024-12-04 12:37:56,327 INFO =====> Insertion loss: 0.000000
2024-12-04 12:37:56,714 DEBUG loaded <trimesh.Trimesh(vertices.shape=(916, 3), faces.shape=(856, 3))> using `load_obj` in 0.0030s
2024-12-04 12:37:56,865 DEBUG loaded <trimesh.Trimesh(vertices.shape=(48, 3), faces.shape=(28, 3))> using `load_obj` in 0.0007s
2024-12-04 12:38:04,451 INFO ==> EMD Loss: 19.733496
2024-12-04 12:38:04,451 INFO ==> Height map loss:  10.565314
2024-12-04 12:38:04,451 INFO ==> Insertion loss: 0.000000
2024-12-04 12:38:04,809 DEBUG loaded <trimesh.Trimesh(vertices.shape=(916, 3), faces.shape=(856, 3))> using `load_obj` in 0.0030s
2024-12-04 12:38:04,958 DEBUG loaded <trimesh.Trimesh(vertices.shape=(48, 3), faces.shape=(28, 3))> using `load_obj` in 0.0007s
2024-12-04 12:38:12,405 INFO ==> EMD Loss: 19.591394
2024-12-04 12:38:12,405 INFO ==> Height map loss:  11.038831
2024-12-04 12:38:12,405 INFO ==> Insertion loss: 0.000000
2024-12-04 12:38:12,763 DEBUG loaded <trimesh.Trimesh(vertices.shape=(916, 3), faces.shape=(856, 3))> using `load_obj` in 0.0029s
2024-12-04 12:38:12,913 DEBUG loaded <trimesh.Trimesh(vertices.shape=(48, 3), faces.shape=(28, 3))> using `load_obj` in 0.0007s
2024-12-04 12:38:20,317 INFO ==> EMD Loss: 19.530186
2024-12-04 12:38:20,317 INFO ==> Height map loss:  10.981491
2024-12-04 12:38:20,317 INFO ==> Insertion loss: 0.000000
2024-12-04 12:38:20,674 DEBUG loaded <trimesh.Trimesh(vertices.shape=(916, 3), faces.shape=(856, 3))> using `load_obj` in 0.0029s
2024-12-04 12:38:20,823 DEBUG loaded <trimesh.Trimesh(vertices.shape=(48, 3), faces.shape=(28, 3))> using `load_obj` in 0.0007s
2024-12-04 12:38:28,390 INFO ==> EMD Loss: 19.978504
2024-12-04 12:38:28,390 INFO ==> Height map loss:  11.385469
2024-12-04 12:38:28,390 INFO ==> Insertion loss: 0.000000
2024-12-04 12:38:28,745 DEBUG loaded <trimesh.Trimesh(vertices.shape=(916, 3), faces.shape=(856, 3))> using `load_obj` in 0.0030s
2024-12-04 12:38:28,894 DEBUG loaded <trimesh.Trimesh(vertices.shape=(48, 3), faces.shape=(28, 3))> using `load_obj` in 0.0007s
2024-12-04 12:38:36,324 INFO ==> EMD Loss: 20.287134
2024-12-04 12:38:36,324 INFO ==> Height map loss:  11.636109
2024-12-04 12:38:36,324 INFO ==> Insertion loss: 0.000000
2024-12-04 12:38:36,694 DEBUG loaded <trimesh.Trimesh(vertices.shape=(916, 3), faces.shape=(856, 3))> using `load_obj` in 0.0029s
2024-12-04 12:38:36,843 DEBUG loaded <trimesh.Trimesh(vertices.shape=(48, 3), faces.shape=(28, 3))> using `load_obj` in 0.0007s
2024-12-04 12:38:56,591 INFO =====> Skill params: [ 0.9652655   0.36890754  0.8241432   0.19772074 -0.18100266]
2024-12-04 12:38:56,591 INFO =====> Grad: [-2.0731113e+03  1.3894230e+03 -1.1296231e-05 -1.0340585e+03
 -6.7529756e-05]
2024-12-04 12:38:56,591 INFO =====> Num. aborted data so far: 0
2024-12-04 12:38:56,599 INFO ===========> Epoch: 15 optimisation losses
2024-12-04 12:38:56,599 INFO =====> EMD Loss: 19.732229
2024-12-04 12:38:56,599 INFO =====> Height map loss: 10.564648
2024-12-04 12:38:56,599 INFO =====> Insertion loss: 0.000000
2024-12-04 12:38:56,985 DEBUG loaded <trimesh.Trimesh(vertices.shape=(916, 3), faces.shape=(856, 3))> using `load_obj` in 0.0029s
2024-12-04 12:38:57,138 DEBUG loaded <trimesh.Trimesh(vertices.shape=(48, 3), faces.shape=(28, 3))> using `load_obj` in 0.0008s
2024-12-04 12:39:04,703 INFO ==> EMD Loss: 19.692757
2024-12-04 12:39:04,703 INFO ==> Height map loss:  10.931842
2024-12-04 12:39:04,703 INFO ==> Insertion loss: 0.000000
2024-12-04 12:39:05,063 DEBUG loaded <trimesh.Trimesh(vertices.shape=(916, 3), faces.shape=(856, 3))> using `load_obj` in 0.0030s
2024-12-04 12:39:05,212 DEBUG loaded <trimesh.Trimesh(vertices.shape=(48, 3), faces.shape=(28, 3))> using `load_obj` in 0.0007s
2024-12-04 12:39:12,687 INFO ==> EMD Loss: 19.719669
2024-12-04 12:39:12,687 INFO ==> Height map loss:  11.103285
2024-12-04 12:39:12,687 INFO ==> Insertion loss: 0.000000
2024-12-04 12:39:13,046 DEBUG loaded <trimesh.Trimesh(vertices.shape=(916, 3), faces.shape=(856, 3))> using `load_obj` in 0.0029s
2024-12-04 12:39:13,196 DEBUG loaded <trimesh.Trimesh(vertices.shape=(48, 3), faces.shape=(28, 3))> using `load_obj` in 0.0007s
2024-12-04 12:39:20,784 INFO ==> EMD Loss: 19.859715
2024-12-04 12:39:20,784 INFO ==> Height map loss:  11.309723
2024-12-04 12:39:20,784 INFO ==> Insertion loss: 0.000000
2024-12-04 12:39:21,143 DEBUG loaded <trimesh.Trimesh(vertices.shape=(916, 3), faces.shape=(856, 3))> using `load_obj` in 0.0029s
2024-12-04 12:39:21,294 DEBUG loaded <trimesh.Trimesh(vertices.shape=(48, 3), faces.shape=(28, 3))> using `load_obj` in 0.0007s
2024-12-04 12:39:28,885 INFO ==> EMD Loss: 20.213320
2024-12-04 12:39:28,885 INFO ==> Height map loss:  11.711443
2024-12-04 12:39:28,885 INFO ==> Insertion loss: 0.000000
2024-12-04 12:39:29,247 DEBUG loaded <trimesh.Trimesh(vertices.shape=(916, 3), faces.shape=(856, 3))> using `load_obj` in 0.0029s
2024-12-04 12:39:29,396 DEBUG loaded <trimesh.Trimesh(vertices.shape=(48, 3), faces.shape=(28, 3))> using `load_obj` in 0.0007s
2024-12-04 12:39:36,842 INFO ==> EMD Loss: 20.685177
2024-12-04 12:39:36,842 INFO ==> Height map loss:  12.439574
2024-12-04 12:39:36,842 INFO ==> Insertion loss: 0.000000
2024-12-04 12:39:37,200 DEBUG loaded <trimesh.Trimesh(vertices.shape=(916, 3), faces.shape=(856, 3))> using `load_obj` in 0.0029s
2024-12-04 12:39:37,349 DEBUG loaded <trimesh.Trimesh(vertices.shape=(48, 3), faces.shape=(28, 3))> using `load_obj` in 0.0007s
2024-12-04 12:39:57,123 INFO =====> Skill params: [ 0.9675597   0.36636123  0.82463866  0.19985645 -0.1788727 ]
2024-12-04 12:39:57,123 INFO =====> Grad: [ 2.0490505e+03 -8.1171527e+02  1.8220226e-06  1.5151389e+03
 -1.9894596e-05]
2024-12-04 12:39:57,123 INFO =====> Num. aborted data so far: 0
2024-12-04 12:39:57,131 INFO ===========> Epoch: 16 optimisation losses
2024-12-04 12:39:57,131 INFO =====> EMD Loss: 19.692738
2024-12-04 12:39:57,131 INFO =====> Height map loss: 10.931493
2024-12-04 12:39:57,131 INFO =====> Insertion loss: 0.000000
2024-12-04 12:39:57,518 DEBUG loaded <trimesh.Trimesh(vertices.shape=(916, 3), faces.shape=(856, 3))> using `load_obj` in 0.0030s
2024-12-04 12:39:57,673 DEBUG loaded <trimesh.Trimesh(vertices.shape=(48, 3), faces.shape=(28, 3))> using `load_obj` in 0.0007s
2024-12-04 12:40:05,305 INFO ==> EMD Loss: 19.663849
2024-12-04 12:40:05,305 INFO ==> Height map loss:  10.673431
2024-12-04 12:40:05,305 INFO ==> Insertion loss: 0.000000
2024-12-04 12:40:05,668 DEBUG loaded <trimesh.Trimesh(vertices.shape=(916, 3), faces.shape=(856, 3))> using `load_obj` in 0.0030s
2024-12-04 12:40:05,822 DEBUG loaded <trimesh.Trimesh(vertices.shape=(48, 3), faces.shape=(28, 3))> using `load_obj` in 0.0007s
2024-12-04 12:40:13,303 INFO ==> EMD Loss: 19.495529
2024-12-04 12:40:13,303 INFO ==> Height map loss:  10.747476
2024-12-04 12:40:13,303 INFO ==> Insertion loss: 0.000000
2024-12-04 12:40:13,663 DEBUG loaded <trimesh.Trimesh(vertices.shape=(916, 3), faces.shape=(856, 3))> using `load_obj` in 0.0029s
2024-12-04 12:40:13,817 DEBUG loaded <trimesh.Trimesh(vertices.shape=(48, 3), faces.shape=(28, 3))> using `load_obj` in 0.0007s
2024-12-04 12:40:21,246 INFO ==> EMD Loss: 19.797668
2024-12-04 12:40:21,246 INFO ==> Height map loss:  10.883477
2024-12-04 12:40:21,246 INFO ==> Insertion loss: 0.000000
2024-12-04 12:40:21,607 DEBUG loaded <trimesh.Trimesh(vertices.shape=(916, 3), faces.shape=(856, 3))> using `load_obj` in 0.0030s
2024-12-04 12:40:21,758 DEBUG loaded <trimesh.Trimesh(vertices.shape=(48, 3), faces.shape=(28, 3))> using `load_obj` in 0.0007s
2024-12-04 12:40:29,351 INFO ==> EMD Loss: 20.132032
2024-12-04 12:40:29,351 INFO ==> Height map loss:  10.834073
2024-12-04 12:40:29,351 INFO ==> Insertion loss: 0.000000
2024-12-04 12:40:29,707 DEBUG loaded <trimesh.Trimesh(vertices.shape=(916, 3), faces.shape=(856, 3))> using `load_obj` in 0.0029s
2024-12-04 12:40:29,857 DEBUG loaded <trimesh.Trimesh(vertices.shape=(48, 3), faces.shape=(28, 3))> using `load_obj` in 0.0007s
2024-12-04 12:40:37,279 INFO ==> EMD Loss: 20.366127
2024-12-04 12:40:37,279 INFO ==> Height map loss:  11.141308
2024-12-04 12:40:37,279 INFO ==> Insertion loss: 0.000000
2024-12-04 12:40:37,639 DEBUG loaded <trimesh.Trimesh(vertices.shape=(916, 3), faces.shape=(856, 3))> using `load_obj` in 0.0030s
2024-12-04 12:40:37,789 DEBUG loaded <trimesh.Trimesh(vertices.shape=(48, 3), faces.shape=(28, 3))> using `load_obj` in 0.0007s
2024-12-04 12:40:57,866 INFO =====> Skill params: [ 0.9653238   0.3678832   0.82455444  0.19693173 -0.17821486]
2024-12-04 12:40:57,866 INFO =====> Grad: [ 2.0671050e+03 -6.6000812e+02 -2.1104730e-05  1.5121173e+03
 -3.0008659e-05]
2024-12-04 12:40:57,866 INFO =====> Num. aborted data so far: 0
2024-12-04 12:40:57,874 INFO ===========> Epoch: 17 optimisation losses
2024-12-04 12:40:57,874 INFO =====> EMD Loss: 19.664742
2024-12-04 12:40:57,874 INFO =====> Height map loss: 10.673594
2024-12-04 12:40:57,875 INFO =====> Insertion loss: 0.000000
2024-12-04 12:40:58,273 DEBUG loaded <trimesh.Trimesh(vertices.shape=(916, 3), faces.shape=(856, 3))> using `load_obj` in 0.0030s
2024-12-04 12:40:58,423 DEBUG loaded <trimesh.Trimesh(vertices.shape=(48, 3), faces.shape=(28, 3))> using `load_obj` in 0.0007s
2024-12-04 12:41:06,079 INFO ==> EMD Loss: 19.565376
2024-12-04 12:41:06,079 INFO ==> Height map loss:  10.716422
2024-12-04 12:41:06,079 INFO ==> Insertion loss: 0.000000
2024-12-04 12:41:06,472 DEBUG loaded <trimesh.Trimesh(vertices.shape=(916, 3), faces.shape=(856, 3))> using `load_obj` in 0.0029s
2024-12-04 12:41:06,622 DEBUG loaded <trimesh.Trimesh(vertices.shape=(48, 3), faces.shape=(28, 3))> using `load_obj` in 0.0007s
2024-12-04 12:41:14,104 INFO ==> EMD Loss: 19.529467
2024-12-04 12:41:14,104 INFO ==> Height map loss:  10.756689
2024-12-04 12:41:14,104 INFO ==> Insertion loss: 0.000000
2024-12-04 12:41:14,473 DEBUG loaded <trimesh.Trimesh(vertices.shape=(916, 3), faces.shape=(856, 3))> using `load_obj` in 0.0029s
2024-12-04 12:41:14,624 DEBUG loaded <trimesh.Trimesh(vertices.shape=(48, 3), faces.shape=(28, 3))> using `load_obj` in 0.0007s
2024-12-04 12:41:22,169 INFO ==> EMD Loss: 19.852463
2024-12-04 12:41:22,170 INFO ==> Height map loss:  10.819750
2024-12-04 12:41:22,170 INFO ==> Insertion loss: 0.000000
2024-12-04 12:41:22,532 DEBUG loaded <trimesh.Trimesh(vertices.shape=(916, 3), faces.shape=(856, 3))> using `load_obj` in 0.0029s
2024-12-04 12:41:22,683 DEBUG loaded <trimesh.Trimesh(vertices.shape=(48, 3), faces.shape=(28, 3))> using `load_obj` in 0.0007s
2024-12-04 12:41:30,241 INFO ==> EMD Loss: 20.101515
2024-12-04 12:41:30,241 INFO ==> Height map loss:  10.881642
2024-12-04 12:41:30,241 INFO ==> Insertion loss: 0.000000
2024-12-04 12:41:30,612 DEBUG loaded <trimesh.Trimesh(vertices.shape=(916, 3), faces.shape=(856, 3))> using `load_obj` in 0.0029s
2024-12-04 12:41:30,767 DEBUG loaded <trimesh.Trimesh(vertices.shape=(48, 3), faces.shape=(28, 3))> using `load_obj` in 0.0007s
2024-12-04 12:41:38,348 INFO ==> EMD Loss: 20.340233
2024-12-04 12:41:38,348 INFO ==> Height map loss:  11.186012
2024-12-04 12:41:38,348 INFO ==> Insertion loss: 0.000000
2024-12-04 12:41:38,772 DEBUG loaded <trimesh.Trimesh(vertices.shape=(916, 3), faces.shape=(856, 3))> using `load_obj` in 0.0029s
2024-12-04 12:41:38,925 DEBUG loaded <trimesh.Trimesh(vertices.shape=(48, 3), faces.shape=(28, 3))> using `load_obj` in 0.0007s
2024-12-04 12:41:58,695 INFO =====> Skill params: [ 0.9630983   0.36916077  0.8255695   0.19416499 -0.17718294]
2024-12-04 12:41:58,696 INFO =====> Grad: [-2.0838811e+03  1.2248309e+03 -1.2235325e-05  5.2597418e+02
  2.6641219e-05]
2024-12-04 12:41:58,696 INFO =====> Num. aborted data so far: 0
2024-12-04 12:41:58,703 INFO ===========> Epoch: 18 optimisation losses
2024-12-04 12:41:58,703 INFO =====> EMD Loss: 19.564907
2024-12-04 12:41:58,703 INFO =====> Height map loss: 10.716629
2024-12-04 12:41:58,703 INFO =====> Insertion loss: 0.000000
2024-12-04 12:41:59,101 DEBUG loaded <trimesh.Trimesh(vertices.shape=(916, 3), faces.shape=(856, 3))> using `load_obj` in 0.0030s
2024-12-04 12:41:59,260 DEBUG loaded <trimesh.Trimesh(vertices.shape=(48, 3), faces.shape=(28, 3))> using `load_obj` in 0.0007s
2024-12-04 12:42:06,824 INFO ==> EMD Loss: 19.561634
2024-12-04 12:42:06,824 INFO ==> Height map loss:  10.967595
2024-12-04 12:42:06,824 INFO ==> Insertion loss: 0.000000
2024-12-04 12:42:07,183 DEBUG loaded <trimesh.Trimesh(vertices.shape=(916, 3), faces.shape=(856, 3))> using `load_obj` in 0.0028s
2024-12-04 12:42:07,339 DEBUG loaded <trimesh.Trimesh(vertices.shape=(48, 3), faces.shape=(28, 3))> using `load_obj` in 0.0007s
2024-12-04 12:42:14,712 INFO ==> EMD Loss: 19.791090
2024-12-04 12:42:14,712 INFO ==> Height map loss:  10.739742
2024-12-04 12:42:14,712 INFO ==> Insertion loss: 0.000000
2024-12-04 12:42:15,084 DEBUG loaded <trimesh.Trimesh(vertices.shape=(916, 3), faces.shape=(856, 3))> using `load_obj` in 0.0029s
2024-12-04 12:42:15,240 DEBUG loaded <trimesh.Trimesh(vertices.shape=(48, 3), faces.shape=(28, 3))> using `load_obj` in 0.0007s
2024-12-04 12:42:22,691 INFO ==> EMD Loss: 19.402029
2024-12-04 12:42:22,691 INFO ==> Height map loss:  10.844355
2024-12-04 12:42:22,691 INFO ==> Insertion loss: 0.000000
2024-12-04 12:42:23,062 DEBUG loaded <trimesh.Trimesh(vertices.shape=(916, 3), faces.shape=(856, 3))> using `load_obj` in 0.0029s
2024-12-04 12:42:23,215 DEBUG loaded <trimesh.Trimesh(vertices.shape=(48, 3), faces.shape=(28, 3))> using `load_obj` in 0.0007s
2024-12-04 12:42:30,638 INFO ==> EMD Loss: 19.538090
2024-12-04 12:42:30,638 INFO ==> Height map loss:  11.014319
2024-12-04 12:42:30,638 INFO ==> Insertion loss: 0.000000
2024-12-04 12:42:31,002 DEBUG loaded <trimesh.Trimesh(vertices.shape=(916, 3), faces.shape=(856, 3))> using `load_obj` in 0.0029s
2024-12-04 12:42:31,157 DEBUG loaded <trimesh.Trimesh(vertices.shape=(48, 3), faces.shape=(28, 3))> using `load_obj` in 0.0007s
2024-12-04 12:42:38,834 INFO ==> EMD Loss: 19.373692
2024-12-04 12:42:38,835 INFO ==> Height map loss:  10.796244
2024-12-04 12:42:38,835 INFO ==> Insertion loss: 0.000000
2024-12-04 12:42:39,265 DEBUG loaded <trimesh.Trimesh(vertices.shape=(916, 3), faces.shape=(856, 3))> using `load_obj` in 0.0030s
2024-12-04 12:42:39,418 DEBUG loaded <trimesh.Trimesh(vertices.shape=(48, 3), faces.shape=(28, 3))> using `load_obj` in 0.0007s
2024-12-04 12:42:59,197 INFO =====> Skill params: [ 0.9741741   0.35753953  0.8286563   0.1891568  -0.181956  ]
2024-12-04 12:42:59,197 INFO =====> Grad: [ 1.9726481e+03 -8.4469391e+02 -8.3655686e-07  1.4757301e+03
 -6.8763205e-05]
2024-12-04 12:42:59,197 INFO =====> Num. aborted data so far: 0
2024-12-04 12:42:59,205 INFO ===========> Epoch: 19 optimisation losses
2024-12-04 12:42:59,205 INFO =====> EMD Loss: 19.651478
2024-12-04 12:42:59,206 INFO =====> Height map loss: 10.740160
2024-12-04 12:42:59,206 INFO =====> Insertion loss: 0.000000
2024-12-04 12:42:59,593 DEBUG loaded <trimesh.Trimesh(vertices.shape=(916, 3), faces.shape=(856, 3))> using `load_obj` in 0.0029s
2024-12-04 12:42:59,752 DEBUG loaded <trimesh.Trimesh(vertices.shape=(48, 3), faces.shape=(28, 3))> using `load_obj` in 0.0007s
2024-12-04 12:43:07,200 INFO ==> EMD Loss: 19.412476
2024-12-04 12:43:07,200 INFO ==> Height map loss:  10.679641
2024-12-04 12:43:07,200 INFO ==> Insertion loss: 0.000000
2024-12-04 12:43:07,560 DEBUG loaded <trimesh.Trimesh(vertices.shape=(916, 3), faces.shape=(856, 3))> using `load_obj` in 0.0029s
2024-12-04 12:43:07,715 DEBUG loaded <trimesh.Trimesh(vertices.shape=(48, 3), faces.shape=(28, 3))> using `load_obj` in 0.0007s
2024-12-04 12:43:15,403 INFO ==> EMD Loss: 19.521139
2024-12-04 12:43:15,403 INFO ==> Height map loss:  10.779017
2024-12-04 12:43:15,403 INFO ==> Insertion loss: 0.000000
2024-12-04 12:43:15,764 DEBUG loaded <trimesh.Trimesh(vertices.shape=(916, 3), faces.shape=(856, 3))> using `load_obj` in 0.0029s
2024-12-04 12:43:15,922 DEBUG loaded <trimesh.Trimesh(vertices.shape=(48, 3), faces.shape=(28, 3))> using `load_obj` in 0.0007s
2024-12-04 12:43:23,392 INFO ==> EMD Loss: 19.899979
2024-12-04 12:43:23,392 INFO ==> Height map loss:  10.904481
2024-12-04 12:43:23,392 INFO ==> Insertion loss: 0.000000
2024-12-04 12:43:23,753 DEBUG loaded <trimesh.Trimesh(vertices.shape=(916, 3), faces.shape=(856, 3))> using `load_obj` in 0.0029s
2024-12-04 12:43:23,906 DEBUG loaded <trimesh.Trimesh(vertices.shape=(48, 3), faces.shape=(28, 3))> using `load_obj` in 0.0007s
2024-12-04 12:43:31,385 INFO ==> EMD Loss: 20.241043
2024-12-04 12:43:31,385 INFO ==> Height map loss:  11.049118
2024-12-04 12:43:31,385 INFO ==> Insertion loss: 0.000000
2024-12-04 12:43:31,751 DEBUG loaded <trimesh.Trimesh(vertices.shape=(916, 3), faces.shape=(856, 3))> using `load_obj` in 0.0029s
2024-12-04 12:43:31,903 DEBUG loaded <trimesh.Trimesh(vertices.shape=(48, 3), faces.shape=(28, 3))> using `load_obj` in 0.0007s
2024-12-04 12:43:39,654 INFO ==> EMD Loss: 21.084124
2024-12-04 12:43:39,654 INFO ==> Height map loss:  11.260593
2024-12-04 12:43:39,654 INFO ==> Insertion loss: 0.000000
2024-12-04 12:43:40,021 DEBUG loaded <trimesh.Trimesh(vertices.shape=(916, 3), faces.shape=(856, 3))> using `load_obj` in 0.0029s
2024-12-04 12:43:40,173 DEBUG loaded <trimesh.Trimesh(vertices.shape=(48, 3), faces.shape=(28, 3))> using `load_obj` in 0.0007s
2024-12-04 12:43:47,593 INFO ===========> Finished training.
2024-12-04 12:43:47,593 INFO ====> Final EMD Loss: 19.412525
2024-12-04 12:43:47,593 INFO ====> Final Height map loss: 10.674665
2024-12-04 12:43:47,593 INFO ====> Final Insertion loss: 0.000000
2024-12-04 12:43:47,593 INFO ====> Final skill params: [ 0.9720875   0.3591719   0.8287008   0.18647416 -0.17955352]
