2024-09-19 06:24:24,871 INFO ===> New TaichiEnv created.
2024-09-19 06:24:24,872 INFO ===> Specifications: horizon = 300, dt = 0.01, n_substeps = 20, dt_sub = 0.0005
2024-09-19 06:25:02,139 INFO =====> Epoch: 0
2024-09-19 06:25:02,139 INFO =====> EMD Loss: 28.626588821411133
2024-09-19 06:25:02,139 INFO =====> Height map loss: 26.18524169921875
2024-09-19 06:25:02,139 INFO =====> Trajectory grad mean: 1.341853141784668
2024-09-19 06:25:02,139 INFO =====> Num. aborted data so far: 0
2024-09-19 06:25:02,349 INFO ===> New TaichiEnv created.
2024-09-19 06:25:02,349 INFO ===> Specifications: horizon = 300, dt = 0.01, n_substeps = 20, dt_sub = 0.0005
2024-09-19 06:25:39,891 INFO =====> Epoch: 1
2024-09-19 06:25:39,891 INFO =====> EMD Loss: 33.95096969604492
2024-09-19 06:25:39,891 INFO =====> Height map loss: 31.835830688476562
2024-09-19 06:25:39,891 INFO =====> Trajectory grad mean: 0.925925076007843
2024-09-19 06:25:39,891 INFO =====> Num. aborted data so far: 0
2024-09-19 06:25:40,096 INFO ===> New TaichiEnv created.
2024-09-19 06:25:40,097 INFO ===> Specifications: horizon = 300, dt = 0.01, n_substeps = 20, dt_sub = 0.0005
2024-09-19 06:26:17,405 INFO =====> Epoch: 2
2024-09-19 06:26:17,405 INFO =====> EMD Loss: 30.494815826416016
2024-09-19 06:26:17,405 INFO =====> Height map loss: 26.040664672851562
2024-09-19 06:26:17,405 INFO =====> Trajectory grad mean: 0.9797860980033875
2024-09-19 06:26:17,405 INFO =====> Num. aborted data so far: 0
2024-09-19 06:26:17,615 INFO ===> New TaichiEnv created.
2024-09-19 06:26:17,615 INFO ===> Specifications: horizon = 300, dt = 0.01, n_substeps = 20, dt_sub = 0.0005
2024-09-19 06:26:54,830 INFO =====> Epoch: 3
2024-09-19 06:26:54,830 INFO =====> EMD Loss: 29.459165573120117
2024-09-19 06:26:54,830 INFO =====> Height map loss: 23.393505096435547
2024-09-19 06:26:54,830 INFO =====> Trajectory grad mean: 1.034633755683899
2024-09-19 06:26:54,830 INFO =====> Num. aborted data so far: 0
2024-09-19 06:26:55,042 INFO ===> New TaichiEnv created.
2024-09-19 06:26:55,042 INFO ===> Specifications: horizon = 300, dt = 0.01, n_substeps = 20, dt_sub = 0.0005
2024-09-19 06:27:32,269 INFO =====> Epoch: 4
2024-09-19 06:27:32,269 INFO =====> EMD Loss: 29.471113204956055
2024-09-19 06:27:32,269 INFO =====> Height map loss: 22.750259399414062
2024-09-19 06:27:32,269 INFO =====> Trajectory grad mean: 1.0867910385131836
2024-09-19 06:27:32,269 INFO =====> Num. aborted data so far: 0
2024-09-19 06:27:32,483 INFO ===> New TaichiEnv created.
2024-09-19 06:27:32,483 INFO ===> Specifications: horizon = 300, dt = 0.01, n_substeps = 20, dt_sub = 0.0005
2024-09-19 06:28:09,859 INFO =====> Epoch: 5
2024-09-19 06:28:09,859 INFO =====> EMD Loss: 30.7534122467041
2024-09-19 06:28:09,859 INFO =====> Height map loss: 25.369041442871094
2024-09-19 06:28:09,859 INFO =====> Trajectory grad mean: 1.1327568292617798
2024-09-19 06:28:09,859 INFO =====> Num. aborted data so far: 0
2024-09-19 06:28:10,076 INFO ===> New TaichiEnv created.
2024-09-19 06:28:10,076 INFO ===> Specifications: horizon = 300, dt = 0.01, n_substeps = 20, dt_sub = 0.0005
2024-09-19 06:28:47,588 INFO =====> Epoch: 6
2024-09-19 06:28:47,588 INFO =====> EMD Loss: 31.419681549072266
2024-09-19 06:28:47,588 INFO =====> Height map loss: 26.16781997680664
2024-09-19 06:28:47,588 INFO =====> Trajectory grad mean: 1.169384241104126
2024-09-19 06:28:47,588 INFO =====> Num. aborted data so far: 0
2024-09-19 06:28:47,805 INFO ===> New TaichiEnv created.
2024-09-19 06:28:47,805 INFO ===> Specifications: horizon = 300, dt = 0.01, n_substeps = 20, dt_sub = 0.0005
2024-09-19 06:29:25,462 INFO =====> Epoch: 7
2024-09-19 06:29:25,462 INFO =====> EMD Loss: 31.4585018157959
2024-09-19 06:29:25,462 INFO =====> Height map loss: 23.942821502685547
2024-09-19 06:29:25,462 INFO =====> Trajectory grad mean: 1.194083571434021
2024-09-19 06:29:25,462 INFO =====> Num. aborted data so far: 0
2024-09-19 06:29:25,680 INFO ===> New TaichiEnv created.
2024-09-19 06:29:25,680 INFO ===> Specifications: horizon = 300, dt = 0.01, n_substeps = 20, dt_sub = 0.0005
2024-09-19 06:30:03,180 INFO =====> Epoch: 8
2024-09-19 06:30:03,180 INFO =====> EMD Loss: 30.770254135131836
2024-09-19 06:30:03,180 INFO =====> Height map loss: 22.57581329345703
2024-09-19 06:30:03,180 INFO =====> Trajectory grad mean: 1.2050278186798096
2024-09-19 06:30:03,180 INFO =====> Num. aborted data so far: 0
2024-09-19 06:30:03,399 INFO ===> New TaichiEnv created.
2024-09-19 06:30:03,400 INFO ===> Specifications: horizon = 300, dt = 0.01, n_substeps = 20, dt_sub = 0.0005
2024-09-19 06:30:40,961 INFO =====> Epoch: 9
2024-09-19 06:30:40,961 INFO =====> EMD Loss: 30.552427291870117
2024-09-19 06:30:40,961 INFO =====> Height map loss: 21.637481689453125
2024-09-19 06:30:40,961 INFO =====> Trajectory grad mean: 1.2024306058883667
2024-09-19 06:30:40,961 INFO =====> Num. aborted data so far: 0
2024-09-19 06:30:41,182 INFO ===> New TaichiEnv created.
2024-09-19 06:30:41,182 INFO ===> Specifications: horizon = 300, dt = 0.01, n_substeps = 20, dt_sub = 0.0005
2024-09-19 06:31:18,856 INFO =====> Epoch: 10
2024-09-19 06:31:18,856 INFO =====> EMD Loss: 31.555072784423828
2024-09-19 06:31:18,856 INFO =====> Height map loss: 23.881208419799805
2024-09-19 06:31:18,856 INFO =====> Trajectory grad mean: 1.186906099319458
2024-09-19 06:31:18,856 INFO =====> Num. aborted data so far: 0
2024-09-19 06:31:19,079 INFO ===> New TaichiEnv created.
2024-09-19 06:31:19,079 INFO ===> Specifications: horizon = 300, dt = 0.01, n_substeps = 20, dt_sub = 0.0005
2024-09-19 06:31:57,044 INFO =====> Epoch: 11
2024-09-19 06:31:57,044 INFO =====> EMD Loss: 31.862375259399414
2024-09-19 06:31:57,044 INFO =====> Height map loss: 27.44314193725586
2024-09-19 06:31:57,044 INFO =====> Trajectory grad mean: 1.159299373626709
2024-09-19 06:31:57,044 INFO =====> Num. aborted data so far: 0
2024-09-19 06:31:57,267 INFO ===> New TaichiEnv created.
2024-09-19 06:31:57,268 INFO ===> Specifications: horizon = 300, dt = 0.01, n_substeps = 20, dt_sub = 0.0005
2024-09-19 06:32:35,207 INFO =====> Epoch: 12
2024-09-19 06:32:35,207 INFO =====> EMD Loss: 32.34379577636719
2024-09-19 06:32:35,207 INFO =====> Height map loss: 29.854829788208008
2024-09-19 06:32:35,207 INFO =====> Trajectory grad mean: 1.1213409900665283
2024-09-19 06:32:35,207 INFO =====> Num. aborted data so far: 0
2024-09-19 06:32:35,432 INFO ===> New TaichiEnv created.
2024-09-19 06:32:35,433 INFO ===> Specifications: horizon = 300, dt = 0.01, n_substeps = 20, dt_sub = 0.0005
2024-09-19 06:33:12,968 INFO =====> Epoch: 13
2024-09-19 06:33:12,968 INFO =====> EMD Loss: 31.543798446655273
2024-09-19 06:33:12,968 INFO =====> Height map loss: 28.50252342224121
2024-09-19 06:33:12,968 INFO =====> Trajectory grad mean: 1.0755492448806763
2024-09-19 06:33:12,968 INFO =====> Num. aborted data so far: 0
2024-09-19 06:33:13,196 INFO ===> New TaichiEnv created.
2024-09-19 06:33:13,196 INFO ===> Specifications: horizon = 300, dt = 0.01, n_substeps = 20, dt_sub = 0.0005
2024-09-19 06:33:50,630 INFO =====> Epoch: 14
2024-09-19 06:33:50,630 INFO =====> EMD Loss: 31.752540588378906
2024-09-19 06:33:50,630 INFO =====> Height map loss: 28.858226776123047
2024-09-19 06:33:50,630 INFO =====> Trajectory grad mean: 1.0250062942504883
2024-09-19 06:33:50,630 INFO =====> Num. aborted data so far: 0
2024-09-19 06:33:50,858 INFO ===> New TaichiEnv created.
2024-09-19 06:33:50,858 INFO ===> Specifications: horizon = 300, dt = 0.01, n_substeps = 20, dt_sub = 0.0005
2024-09-19 06:34:28,408 INFO =====> Epoch: 15
2024-09-19 06:34:28,408 INFO =====> EMD Loss: 31.637638092041016
2024-09-19 06:34:28,408 INFO =====> Height map loss: 27.57804298400879
2024-09-19 06:34:28,408 INFO =====> Trajectory grad mean: 0.9730637669563293
2024-09-19 06:34:28,408 INFO =====> Num. aborted data so far: 0
2024-09-19 06:34:28,639 INFO ===> New TaichiEnv created.
2024-09-19 06:34:28,639 INFO ===> Specifications: horizon = 300, dt = 0.01, n_substeps = 20, dt_sub = 0.0005
2024-09-19 06:35:06,206 INFO =====> Epoch: 16
2024-09-19 06:35:06,206 INFO =====> EMD Loss: 31.19902801513672
2024-09-19 06:35:06,206 INFO =====> Height map loss: 26.093515396118164
2024-09-19 06:35:06,206 INFO =====> Trajectory grad mean: 0.9408189654350281
2024-09-19 06:35:06,206 INFO =====> Num. aborted data so far: 0
2024-09-19 06:35:06,438 INFO ===> New TaichiEnv created.
2024-09-19 06:35:06,438 INFO ===> Specifications: horizon = 300, dt = 0.01, n_substeps = 20, dt_sub = 0.0005
2024-09-19 06:35:44,077 INFO =====> Epoch: 17
2024-09-19 06:35:44,077 INFO =====> EMD Loss: 31.18939781188965
2024-09-19 06:35:44,077 INFO =====> Height map loss: 25.28333282470703
2024-09-19 06:35:44,077 INFO =====> Trajectory grad mean: 0.9321494698524475
2024-09-19 06:35:44,077 INFO =====> Num. aborted data so far: 0
2024-09-19 06:35:44,313 INFO ===> New TaichiEnv created.
2024-09-19 06:35:44,314 INFO ===> Specifications: horizon = 300, dt = 0.01, n_substeps = 20, dt_sub = 0.0005
2024-09-19 06:36:22,117 INFO =====> Epoch: 18
2024-09-19 06:36:22,117 INFO =====> EMD Loss: 31.753395080566406
2024-09-19 06:36:22,117 INFO =====> Height map loss: 25.048879623413086
2024-09-19 06:36:22,117 INFO =====> Trajectory grad mean: 0.9276257157325745
2024-09-19 06:36:22,117 INFO =====> Num. aborted data so far: 0
2024-09-19 06:36:22,362 INFO ===> New TaichiEnv created.
2024-09-19 06:36:22,362 INFO ===> Specifications: horizon = 300, dt = 0.01, n_substeps = 20, dt_sub = 0.0005
2024-09-19 06:36:59,938 INFO =====> Epoch: 19
2024-09-19 06:36:59,938 INFO =====> EMD Loss: 31.81930160522461
2024-09-19 06:36:59,938 INFO =====> Height map loss: 24.771398544311523
2024-09-19 06:36:59,938 INFO =====> Trajectory grad mean: 0.9231473207473755
2024-09-19 06:36:59,938 INFO =====> Num. aborted data so far: 0
2024-09-19 06:37:00,176 INFO ===> New TaichiEnv created.
2024-09-19 06:37:00,176 INFO ===> Specifications: horizon = 300, dt = 0.01, n_substeps = 20, dt_sub = 0.0005
2024-09-19 06:37:37,904 INFO =====> Epoch: 20
2024-09-19 06:37:37,904 INFO =====> EMD Loss: 32.39387512207031
2024-09-19 06:37:37,904 INFO =====> Height map loss: 24.77020835876465
2024-09-19 06:37:37,904 INFO =====> Trajectory grad mean: 0.9187005162239075
2024-09-19 06:37:37,904 INFO =====> Num. aborted data so far: 0
2024-09-19 06:37:38,144 INFO ===> New TaichiEnv created.
2024-09-19 06:37:38,144 INFO ===> Specifications: horizon = 300, dt = 0.01, n_substeps = 20, dt_sub = 0.0005
2024-09-19 06:38:15,867 INFO =====> Epoch: 21
2024-09-19 06:38:15,867 INFO =====> EMD Loss: 31.876522064208984
2024-09-19 06:38:15,867 INFO =====> Height map loss: 25.127708435058594
2024-09-19 06:38:15,867 INFO =====> Trajectory grad mean: 0.9142923355102539
2024-09-19 06:38:15,867 INFO =====> Num. aborted data so far: 0
2024-09-19 06:38:16,107 INFO ===> New TaichiEnv created.
2024-09-19 06:38:16,107 INFO ===> Specifications: horizon = 300, dt = 0.01, n_substeps = 20, dt_sub = 0.0005
2024-09-19 06:38:53,876 INFO =====> Epoch: 22
2024-09-19 06:38:53,876 INFO =====> EMD Loss: 32.362308502197266
2024-09-19 06:38:53,876 INFO =====> Height map loss: 25.155019760131836
2024-09-19 06:38:53,876 INFO =====> Trajectory grad mean: 0.9099245667457581
2024-09-19 06:38:53,876 INFO =====> Num. aborted data so far: 0
2024-09-19 06:38:54,116 INFO ===> New TaichiEnv created.
2024-09-19 06:38:54,116 INFO ===> Specifications: horizon = 300, dt = 0.01, n_substeps = 20, dt_sub = 0.0005
2024-09-19 06:39:31,797 INFO =====> Epoch: 23
2024-09-19 06:39:31,797 INFO =====> EMD Loss: 32.308719635009766
2024-09-19 06:39:31,797 INFO =====> Height map loss: 25.094085693359375
2024-09-19 06:39:31,797 INFO =====> Trajectory grad mean: 0.9058339595794678
2024-09-19 06:39:31,797 INFO =====> Num. aborted data so far: 0
2024-09-19 06:39:32,038 INFO ===> New TaichiEnv created.
2024-09-19 06:39:32,038 INFO ===> Specifications: horizon = 300, dt = 0.01, n_substeps = 20, dt_sub = 0.0005
2024-09-19 06:40:09,896 INFO =====> Epoch: 24
2024-09-19 06:40:09,896 INFO =====> EMD Loss: 32.554847717285156
2024-09-19 06:40:09,896 INFO =====> Height map loss: 25.45180892944336
2024-09-19 06:40:09,896 INFO =====> Trajectory grad mean: 0.9055436253547668
2024-09-19 06:40:09,896 INFO =====> Num. aborted data so far: 0
2024-09-19 06:40:10,139 INFO ===> New TaichiEnv created.
2024-09-19 06:40:10,139 INFO ===> Specifications: horizon = 300, dt = 0.01, n_substeps = 20, dt_sub = 0.0005
2024-09-19 06:40:48,126 INFO =====> Epoch: 25
2024-09-19 06:40:48,126 INFO =====> EMD Loss: 32.56466293334961
2024-09-19 06:40:48,126 INFO =====> Height map loss: 25.442325592041016
2024-09-19 06:40:48,126 INFO =====> Trajectory grad mean: 0.9055436253547668
2024-09-19 06:40:48,126 INFO =====> Num. aborted data so far: 0
2024-09-19 06:40:48,370 INFO ===> New TaichiEnv created.
2024-09-19 06:40:48,370 INFO ===> Specifications: horizon = 300, dt = 0.01, n_substeps = 20, dt_sub = 0.0005
2024-09-19 06:41:26,163 INFO =====> Epoch: 26
2024-09-19 06:41:26,163 INFO =====> EMD Loss: 32.47673416137695
2024-09-19 06:41:26,163 INFO =====> Height map loss: 25.2576904296875
2024-09-19 06:41:26,163 INFO =====> Trajectory grad mean: 0.9055436253547668
2024-09-19 06:41:26,163 INFO =====> Num. aborted data so far: 0
2024-09-19 06:41:26,407 INFO ===> New TaichiEnv created.
2024-09-19 06:41:26,407 INFO ===> Specifications: horizon = 300, dt = 0.01, n_substeps = 20, dt_sub = 0.0005
2024-09-19 06:42:04,332 INFO =====> Epoch: 27
2024-09-19 06:42:04,332 INFO =====> EMD Loss: 32.72606658935547
2024-09-19 06:42:04,333 INFO =====> Height map loss: 25.473695755004883
2024-09-19 06:42:04,333 INFO =====> Trajectory grad mean: 0.9055436253547668
2024-09-19 06:42:04,333 INFO =====> Num. aborted data so far: 0
2024-09-19 06:42:04,580 INFO ===> New TaichiEnv created.
2024-09-19 06:42:04,580 INFO ===> Specifications: horizon = 300, dt = 0.01, n_substeps = 20, dt_sub = 0.0005
2024-09-19 06:42:42,517 INFO =====> Epoch: 28
2024-09-19 06:42:42,517 INFO =====> EMD Loss: 32.69965744018555
2024-09-19 06:42:42,517 INFO =====> Height map loss: 25.418956756591797
2024-09-19 06:42:42,517 INFO =====> Trajectory grad mean: 0.9055436253547668
2024-09-19 06:42:42,517 INFO =====> Num. aborted data so far: 0
2024-09-19 06:42:42,763 INFO ===> New TaichiEnv created.
2024-09-19 06:42:42,763 INFO ===> Specifications: horizon = 300, dt = 0.01, n_substeps = 20, dt_sub = 0.0005
2024-09-19 06:43:20,587 INFO =====> Epoch: 29
2024-09-19 06:43:20,587 INFO =====> EMD Loss: 32.64152908325195
2024-09-19 06:43:20,587 INFO =====> Height map loss: 25.450347900390625
2024-09-19 06:43:20,587 INFO =====> Trajectory grad mean: 0.9055436253547668
2024-09-19 06:43:20,587 INFO =====> Num. aborted data so far: 0
2024-09-19 06:43:20,834 INFO ===> New TaichiEnv created.
2024-09-19 06:43:20,834 INFO ===> Specifications: horizon = 300, dt = 0.01, n_substeps = 20, dt_sub = 0.0005
2024-09-19 06:43:58,591 INFO =====> Epoch: 30
2024-09-19 06:43:58,591 INFO =====> EMD Loss: 32.18510437011719
2024-09-19 06:43:58,591 INFO =====> Height map loss: 25.270841598510742
2024-09-19 06:43:58,591 INFO =====> Trajectory grad mean: 0.9055436253547668
2024-09-19 06:43:58,591 INFO =====> Num. aborted data so far: 0
2024-09-19 06:43:58,838 INFO ===> New TaichiEnv created.
2024-09-19 06:43:58,838 INFO ===> Specifications: horizon = 300, dt = 0.01, n_substeps = 20, dt_sub = 0.0005
2024-09-19 06:44:36,619 INFO =====> Epoch: 31
2024-09-19 06:44:36,620 INFO =====> EMD Loss: 32.3867301940918
2024-09-19 06:44:36,620 INFO =====> Height map loss: 25.261049270629883
2024-09-19 06:44:36,620 INFO =====> Trajectory grad mean: 0.9055436253547668
2024-09-19 06:44:36,620 INFO =====> Num. aborted data so far: 0
2024-09-19 06:44:36,869 INFO ===> New TaichiEnv created.
2024-09-19 06:44:36,869 INFO ===> Specifications: horizon = 300, dt = 0.01, n_substeps = 20, dt_sub = 0.0005
2024-09-19 06:45:14,763 INFO =====> Epoch: 32
2024-09-19 06:45:14,763 INFO =====> EMD Loss: 32.623573303222656
2024-09-19 06:45:14,763 INFO =====> Height map loss: 25.35277557373047
2024-09-19 06:45:14,763 INFO =====> Trajectory grad mean: 0.9055436253547668
2024-09-19 06:45:14,763 INFO =====> Num. aborted data so far: 0
2024-09-19 06:45:15,013 INFO ===> New TaichiEnv created.
2024-09-19 06:45:15,013 INFO ===> Specifications: horizon = 300, dt = 0.01, n_substeps = 20, dt_sub = 0.0005
2024-09-19 06:45:52,921 INFO =====> Epoch: 33
2024-09-19 06:45:52,921 INFO =====> EMD Loss: 32.57550048828125
2024-09-19 06:45:52,921 INFO =====> Height map loss: 25.38540267944336
2024-09-19 06:45:52,921 INFO =====> Trajectory grad mean: 0.9055436253547668
2024-09-19 06:45:52,921 INFO =====> Num. aborted data so far: 0
2024-09-19 06:45:53,170 INFO ===> New TaichiEnv created.
2024-09-19 06:45:53,170 INFO ===> Specifications: horizon = 300, dt = 0.01, n_substeps = 20, dt_sub = 0.0005
2024-09-19 06:46:30,965 INFO =====> Epoch: 34
2024-09-19 06:46:30,965 INFO =====> EMD Loss: 32.386898040771484
2024-09-19 06:46:30,965 INFO =====> Height map loss: 25.21380043029785
2024-09-19 06:46:30,965 INFO =====> Trajectory grad mean: 0.9055436253547668
2024-09-19 06:46:30,965 INFO =====> Num. aborted data so far: 0
2024-09-19 06:46:31,215 INFO ===> New TaichiEnv created.
2024-09-19 06:46:31,215 INFO ===> Specifications: horizon = 300, dt = 0.01, n_substeps = 20, dt_sub = 0.0005
2024-09-19 06:47:09,013 INFO =====> Epoch: 35
2024-09-19 06:47:09,013 INFO =====> EMD Loss: 32.45545196533203
2024-09-19 06:47:09,013 INFO =====> Height map loss: 25.29570770263672
2024-09-19 06:47:09,013 INFO =====> Trajectory grad mean: 0.9055436253547668
2024-09-19 06:47:09,013 INFO =====> Num. aborted data so far: 0
2024-09-19 06:47:09,268 INFO ===> New TaichiEnv created.
2024-09-19 06:47:09,268 INFO ===> Specifications: horizon = 300, dt = 0.01, n_substeps = 20, dt_sub = 0.0005
2024-09-19 06:47:46,999 INFO =====> Epoch: 36
2024-09-19 06:47:46,999 INFO =====> EMD Loss: 32.1791877746582
2024-09-19 06:47:46,999 INFO =====> Height map loss: 25.222505569458008
2024-09-19 06:47:46,999 INFO =====> Trajectory grad mean: 0.9055436253547668
2024-09-19 06:47:46,999 INFO =====> Num. aborted data so far: 0
2024-09-19 06:47:47,250 INFO ===> New TaichiEnv created.
2024-09-19 06:47:47,250 INFO ===> Specifications: horizon = 300, dt = 0.01, n_substeps = 20, dt_sub = 0.0005
2024-09-19 06:48:25,099 INFO =====> Epoch: 37
2024-09-19 06:48:25,099 INFO =====> EMD Loss: 32.649227142333984
2024-09-19 06:48:25,099 INFO =====> Height map loss: 25.393712997436523
2024-09-19 06:48:25,099 INFO =====> Trajectory grad mean: 0.9055436253547668
2024-09-19 06:48:25,099 INFO =====> Num. aborted data so far: 0
2024-09-19 06:48:25,351 INFO ===> New TaichiEnv created.
2024-09-19 06:48:25,351 INFO ===> Specifications: horizon = 300, dt = 0.01, n_substeps = 20, dt_sub = 0.0005
2024-09-19 06:49:03,136 INFO =====> Epoch: 38
2024-09-19 06:49:03,136 INFO =====> EMD Loss: 32.207332611083984
2024-09-19 06:49:03,136 INFO =====> Height map loss: 25.256208419799805
2024-09-19 06:49:03,136 INFO =====> Trajectory grad mean: 0.9055436253547668
2024-09-19 06:49:03,136 INFO =====> Num. aborted data so far: 0
2024-09-19 06:49:03,390 INFO ===> New TaichiEnv created.
2024-09-19 06:49:03,390 INFO ===> Specifications: horizon = 300, dt = 0.01, n_substeps = 20, dt_sub = 0.0005
2024-09-19 06:49:41,227 INFO =====> Epoch: 39
2024-09-19 06:49:41,227 INFO =====> EMD Loss: 32.24169158935547
2024-09-19 06:49:41,227 INFO =====> Height map loss: 25.242273330688477
2024-09-19 06:49:41,227 INFO =====> Trajectory grad mean: 0.9055436253547668
2024-09-19 06:49:41,227 INFO =====> Num. aborted data so far: 0
2024-09-19 06:49:41,482 INFO ===> New TaichiEnv created.
2024-09-19 06:49:41,482 INFO ===> Specifications: horizon = 300, dt = 0.01, n_substeps = 20, dt_sub = 0.0005
2024-09-19 06:50:19,403 INFO =====> Epoch: 40
2024-09-19 06:50:19,403 INFO =====> EMD Loss: 32.539939880371094
2024-09-19 06:50:19,403 INFO =====> Height map loss: 25.26289176940918
2024-09-19 06:50:19,403 INFO =====> Trajectory grad mean: 0.9055436253547668
2024-09-19 06:50:19,403 INFO =====> Num. aborted data so far: 0
2024-09-19 06:50:19,658 INFO ===> New TaichiEnv created.
2024-09-19 06:50:19,658 INFO ===> Specifications: horizon = 300, dt = 0.01, n_substeps = 20, dt_sub = 0.0005
2024-09-19 06:50:57,500 INFO =====> Epoch: 41
2024-09-19 06:50:57,501 INFO =====> EMD Loss: 32.31447219848633
2024-09-19 06:50:57,501 INFO =====> Height map loss: 25.267759323120117
2024-09-19 06:50:57,501 INFO =====> Trajectory grad mean: 0.9055436253547668
2024-09-19 06:50:57,501 INFO =====> Num. aborted data so far: 0
2024-09-19 06:50:57,755 INFO ===> New TaichiEnv created.
2024-09-19 06:50:57,755 INFO ===> Specifications: horizon = 300, dt = 0.01, n_substeps = 20, dt_sub = 0.0005
2024-09-19 06:51:35,560 INFO =====> Epoch: 42
2024-09-19 06:51:35,560 INFO =====> EMD Loss: 32.49144744873047
2024-09-19 06:51:35,560 INFO =====> Height map loss: 25.38917350769043
2024-09-19 06:51:35,560 INFO =====> Trajectory grad mean: 0.9055436253547668
2024-09-19 06:51:35,560 INFO =====> Num. aborted data so far: 0
2024-09-19 06:51:35,815 INFO ===> New TaichiEnv created.
2024-09-19 06:51:35,815 INFO ===> Specifications: horizon = 300, dt = 0.01, n_substeps = 20, dt_sub = 0.0005
2024-09-19 06:52:13,781 INFO =====> Epoch: 43
2024-09-19 06:52:13,781 INFO =====> EMD Loss: 32.52627944946289
2024-09-19 06:52:13,781 INFO =====> Height map loss: 25.370174407958984
2024-09-19 06:52:13,781 INFO =====> Trajectory grad mean: 0.9055436253547668
2024-09-19 06:52:13,781 INFO =====> Num. aborted data so far: 0
2024-09-19 06:52:14,042 INFO ===> New TaichiEnv created.
2024-09-19 06:52:14,042 INFO ===> Specifications: horizon = 300, dt = 0.01, n_substeps = 20, dt_sub = 0.0005
2024-09-19 06:52:52,136 INFO =====> Epoch: 44
2024-09-19 06:52:52,137 INFO =====> EMD Loss: 32.36745071411133
2024-09-19 06:52:52,137 INFO =====> Height map loss: 25.353355407714844
2024-09-19 06:52:52,137 INFO =====> Trajectory grad mean: 0.9055436253547668
2024-09-19 06:52:52,137 INFO =====> Num. aborted data so far: 0
2024-09-19 06:52:52,394 INFO ===> New TaichiEnv created.
2024-09-19 06:52:52,394 INFO ===> Specifications: horizon = 300, dt = 0.01, n_substeps = 20, dt_sub = 0.0005
2024-09-19 06:53:30,360 INFO =====> Epoch: 45
2024-09-19 06:53:30,360 INFO =====> EMD Loss: 32.26030731201172
2024-09-19 06:53:30,360 INFO =====> Height map loss: 25.261306762695312
2024-09-19 06:53:30,360 INFO =====> Trajectory grad mean: 0.9055436253547668
2024-09-19 06:53:30,360 INFO =====> Num. aborted data so far: 0
2024-09-19 06:53:30,618 INFO ===> New TaichiEnv created.
2024-09-19 06:53:30,618 INFO ===> Specifications: horizon = 300, dt = 0.01, n_substeps = 20, dt_sub = 0.0005
2024-09-19 06:54:08,392 INFO =====> Epoch: 46
2024-09-19 06:54:08,392 INFO =====> EMD Loss: 32.28356170654297
2024-09-19 06:54:08,392 INFO =====> Height map loss: 25.275644302368164
2024-09-19 06:54:08,392 INFO =====> Trajectory grad mean: 0.9055436253547668
2024-09-19 06:54:08,392 INFO =====> Num. aborted data so far: 0
2024-09-19 06:54:08,649 INFO ===> New TaichiEnv created.
2024-09-19 06:54:08,649 INFO ===> Specifications: horizon = 300, dt = 0.01, n_substeps = 20, dt_sub = 0.0005
2024-09-19 06:54:46,741 INFO =====> Epoch: 47
2024-09-19 06:54:46,741 INFO =====> EMD Loss: 32.37344741821289
2024-09-19 06:54:46,741 INFO =====> Height map loss: 25.344663619995117
2024-09-19 06:54:46,741 INFO =====> Trajectory grad mean: 0.9055436253547668
2024-09-19 06:54:46,741 INFO =====> Num. aborted data so far: 0
2024-09-19 06:54:47,003 INFO ===> New TaichiEnv created.
2024-09-19 06:54:47,003 INFO ===> Specifications: horizon = 300, dt = 0.01, n_substeps = 20, dt_sub = 0.0005
2024-09-19 06:55:24,870 INFO =====> Epoch: 48
2024-09-19 06:55:24,870 INFO =====> EMD Loss: 32.56294250488281
2024-09-19 06:55:24,870 INFO =====> Height map loss: 25.41396141052246
2024-09-19 06:55:24,870 INFO =====> Trajectory grad mean: 0.9055436253547668
2024-09-19 06:55:24,870 INFO =====> Num. aborted data so far: 0
2024-09-19 06:55:25,129 INFO ===> New TaichiEnv created.
2024-09-19 06:55:25,129 INFO ===> Specifications: horizon = 300, dt = 0.01, n_substeps = 20, dt_sub = 0.0005
2024-09-19 06:56:02,911 INFO =====> Epoch: 49
2024-09-19 06:56:02,911 INFO =====> EMD Loss: 32.259368896484375
2024-09-19 06:56:02,911 INFO =====> Height map loss: 25.2098331451416
2024-09-19 06:56:02,911 INFO =====> Trajectory grad mean: 0.9055436253547668
2024-09-19 06:56:02,911 INFO =====> Num. aborted data so far: 0
2024-09-19 06:56:03,170 INFO ===> New TaichiEnv created.
2024-09-19 06:56:03,170 INFO ===> Specifications: horizon = 300, dt = 0.01, n_substeps = 20, dt_sub = 0.0005
2024-09-19 06:56:41,030 INFO =====> Epoch: 50
2024-09-19 06:56:41,030 INFO =====> EMD Loss: 32.41975021362305
2024-09-19 06:56:41,030 INFO =====> Height map loss: 25.326738357543945
2024-09-19 06:56:41,030 INFO =====> Trajectory grad mean: 0.9055436253547668
2024-09-19 06:56:41,030 INFO =====> Num. aborted data so far: 0
2024-09-19 06:56:41,288 INFO ===> New TaichiEnv created.
2024-09-19 06:56:41,288 INFO ===> Specifications: horizon = 300, dt = 0.01, n_substeps = 20, dt_sub = 0.0005
2024-09-19 06:57:19,308 INFO =====> Epoch: 51
2024-09-19 06:57:19,308 INFO =====> EMD Loss: 32.66276168823242
2024-09-19 06:57:19,308 INFO =====> Height map loss: 25.447479248046875
2024-09-19 06:57:19,308 INFO =====> Trajectory grad mean: 0.9055436253547668
2024-09-19 06:57:19,308 INFO =====> Num. aborted data so far: 0
2024-09-19 06:57:19,569 INFO ===> New TaichiEnv created.
2024-09-19 06:57:19,569 INFO ===> Specifications: horizon = 300, dt = 0.01, n_substeps = 20, dt_sub = 0.0005
2024-09-19 06:57:57,553 INFO =====> Epoch: 52
2024-09-19 06:57:57,553 INFO =====> EMD Loss: 32.305076599121094
2024-09-19 06:57:57,553 INFO =====> Height map loss: 25.249174118041992
2024-09-19 06:57:57,553 INFO =====> Trajectory grad mean: 0.9055436253547668
2024-09-19 06:57:57,553 INFO =====> Num. aborted data so far: 0
2024-09-19 06:57:57,814 INFO ===> New TaichiEnv created.
2024-09-19 06:57:57,814 INFO ===> Specifications: horizon = 300, dt = 0.01, n_substeps = 20, dt_sub = 0.0005
2024-09-19 06:58:35,673 INFO =====> Epoch: 53
2024-09-19 06:58:35,673 INFO =====> EMD Loss: 32.57069778442383
2024-09-19 06:58:35,673 INFO =====> Height map loss: 25.391254425048828
2024-09-19 06:58:35,673 INFO =====> Trajectory grad mean: 0.9055436253547668
2024-09-19 06:58:35,673 INFO =====> Num. aborted data so far: 0
2024-09-19 06:58:35,934 INFO ===> New TaichiEnv created.
2024-09-19 06:58:35,934 INFO ===> Specifications: horizon = 300, dt = 0.01, n_substeps = 20, dt_sub = 0.0005
2024-09-19 06:59:14,074 INFO =====> Epoch: 54
2024-09-19 06:59:14,074 INFO =====> EMD Loss: 32.48047637939453
2024-09-19 06:59:14,074 INFO =====> Height map loss: 25.297086715698242
2024-09-19 06:59:14,074 INFO =====> Trajectory grad mean: 0.9055436253547668
2024-09-19 06:59:14,074 INFO =====> Num. aborted data so far: 0
2024-09-19 06:59:14,580 INFO ===> New TaichiEnv created.
2024-09-19 06:59:14,580 INFO ===> Specifications: horizon = 300, dt = 0.01, n_substeps = 20, dt_sub = 0.0005
2024-09-19 06:59:55,621 INFO =====> Epoch: 55
2024-09-19 06:59:55,621 INFO =====> EMD Loss: 32.48542404174805
2024-09-19 06:59:55,621 INFO =====> Height map loss: 25.408538818359375
2024-09-19 06:59:55,621 INFO =====> Trajectory grad mean: 0.9055436253547668
2024-09-19 06:59:55,621 INFO =====> Num. aborted data so far: 0
2024-09-19 06:59:55,884 INFO ===> New TaichiEnv created.
2024-09-19 06:59:55,884 INFO ===> Specifications: horizon = 300, dt = 0.01, n_substeps = 20, dt_sub = 0.0005
2024-09-19 07:00:34,009 INFO =====> Epoch: 56
2024-09-19 07:00:34,009 INFO =====> EMD Loss: 32.3272819519043
2024-09-19 07:00:34,009 INFO =====> Height map loss: 25.226402282714844
2024-09-19 07:00:34,009 INFO =====> Trajectory grad mean: 0.9055436253547668
2024-09-19 07:00:34,009 INFO =====> Num. aborted data so far: 0
2024-09-19 07:00:34,274 INFO ===> New TaichiEnv created.
2024-09-19 07:00:34,275 INFO ===> Specifications: horizon = 300, dt = 0.01, n_substeps = 20, dt_sub = 0.0005
2024-09-19 07:01:12,434 INFO =====> Epoch: 57
2024-09-19 07:01:12,434 INFO =====> EMD Loss: 32.290496826171875
2024-09-19 07:01:12,434 INFO =====> Height map loss: 25.247920989990234
2024-09-19 07:01:12,434 INFO =====> Trajectory grad mean: 0.9055436253547668
2024-09-19 07:01:12,434 INFO =====> Num. aborted data so far: 0
2024-09-19 07:01:12,696 INFO ===> New TaichiEnv created.
2024-09-19 07:01:12,696 INFO ===> Specifications: horizon = 300, dt = 0.01, n_substeps = 20, dt_sub = 0.0005
2024-09-19 07:01:50,837 INFO =====> Epoch: 58
2024-09-19 07:01:50,837 INFO =====> EMD Loss: 32.443668365478516
2024-09-19 07:01:50,837 INFO =====> Height map loss: 25.35472297668457
2024-09-19 07:01:50,837 INFO =====> Trajectory grad mean: 0.9055436253547668
2024-09-19 07:01:50,837 INFO =====> Num. aborted data so far: 0
2024-09-19 07:01:51,103 INFO ===> New TaichiEnv created.
2024-09-19 07:01:51,103 INFO ===> Specifications: horizon = 300, dt = 0.01, n_substeps = 20, dt_sub = 0.0005
2024-09-19 07:02:29,066 INFO =====> Epoch: 59
2024-09-19 07:02:29,066 INFO =====> EMD Loss: 32.43424606323242
2024-09-19 07:02:29,066 INFO =====> Height map loss: 25.270584106445312
2024-09-19 07:02:29,066 INFO =====> Trajectory grad mean: 0.9055436253547668
2024-09-19 07:02:29,066 INFO =====> Num. aborted data so far: 0
2024-09-19 07:02:29,330 INFO ===> New TaichiEnv created.
2024-09-19 07:02:29,330 INFO ===> Specifications: horizon = 300, dt = 0.01, n_substeps = 20, dt_sub = 0.0005
2024-09-19 07:03:07,392 INFO =====> Epoch: 60
2024-09-19 07:03:07,392 INFO =====> EMD Loss: 32.26097869873047
2024-09-19 07:03:07,392 INFO =====> Height map loss: 25.236289978027344
2024-09-19 07:03:07,392 INFO =====> Trajectory grad mean: 0.9055436253547668
2024-09-19 07:03:07,392 INFO =====> Num. aborted data so far: 0
2024-09-19 07:03:07,657 INFO ===> New TaichiEnv created.
2024-09-19 07:03:07,657 INFO ===> Specifications: horizon = 300, dt = 0.01, n_substeps = 20, dt_sub = 0.0005
2024-09-19 07:03:45,642 INFO =====> Epoch: 61
2024-09-19 07:03:45,642 INFO =====> EMD Loss: 32.76985549926758
2024-09-19 07:03:45,642 INFO =====> Height map loss: 25.415390014648438
2024-09-19 07:03:45,643 INFO =====> Trajectory grad mean: 0.9055436253547668
2024-09-19 07:03:45,643 INFO =====> Num. aborted data so far: 0
2024-09-19 07:03:45,906 INFO ===> New TaichiEnv created.
2024-09-19 07:03:45,906 INFO ===> Specifications: horizon = 300, dt = 0.01, n_substeps = 20, dt_sub = 0.0005
2024-09-19 07:04:23,908 INFO =====> Epoch: 62
2024-09-19 07:04:23,908 INFO =====> EMD Loss: 32.614925384521484
2024-09-19 07:04:23,908 INFO =====> Height map loss: 25.4305477142334
2024-09-19 07:04:23,908 INFO =====> Trajectory grad mean: 0.9055436253547668
2024-09-19 07:04:23,908 INFO =====> Num. aborted data so far: 0
2024-09-19 07:04:24,174 INFO ===> New TaichiEnv created.
2024-09-19 07:04:24,174 INFO ===> Specifications: horizon = 300, dt = 0.01, n_substeps = 20, dt_sub = 0.0005
2024-09-19 07:05:01,940 INFO =====> Epoch: 63
2024-09-19 07:05:01,941 INFO =====> EMD Loss: 32.27341079711914
2024-09-19 07:05:01,941 INFO =====> Height map loss: 25.247966766357422
2024-09-19 07:05:01,941 INFO =====> Trajectory grad mean: 0.9055436253547668
2024-09-19 07:05:01,941 INFO =====> Num. aborted data so far: 0
2024-09-19 07:05:02,204 INFO ===> New TaichiEnv created.
2024-09-19 07:05:02,204 INFO ===> Specifications: horizon = 300, dt = 0.01, n_substeps = 20, dt_sub = 0.0005
2024-09-19 07:05:39,990 INFO =====> Epoch: 64
2024-09-19 07:05:39,990 INFO =====> EMD Loss: 32.44655227661133
2024-09-19 07:05:39,990 INFO =====> Height map loss: 25.247072219848633
2024-09-19 07:05:39,990 INFO =====> Trajectory grad mean: 0.9055436253547668
2024-09-19 07:05:39,990 INFO =====> Num. aborted data so far: 0
2024-09-19 07:05:40,254 INFO ===> New TaichiEnv created.
2024-09-19 07:05:40,254 INFO ===> Specifications: horizon = 300, dt = 0.01, n_substeps = 20, dt_sub = 0.0005
2024-09-19 07:06:18,069 INFO =====> Epoch: 65
2024-09-19 07:06:18,069 INFO =====> EMD Loss: 32.195770263671875
2024-09-19 07:06:18,069 INFO =====> Height map loss: 25.296180725097656
2024-09-19 07:06:18,069 INFO =====> Trajectory grad mean: 0.9055436253547668
2024-09-19 07:06:18,069 INFO =====> Num. aborted data so far: 0
2024-09-19 07:06:18,334 INFO ===> New TaichiEnv created.
2024-09-19 07:06:18,334 INFO ===> Specifications: horizon = 300, dt = 0.01, n_substeps = 20, dt_sub = 0.0005
2024-09-19 07:06:56,186 INFO =====> Epoch: 66
2024-09-19 07:06:56,186 INFO =====> EMD Loss: 32.5742073059082
2024-09-19 07:06:56,186 INFO =====> Height map loss: 25.349855422973633
2024-09-19 07:06:56,186 INFO =====> Trajectory grad mean: 0.9055436253547668
2024-09-19 07:06:56,186 INFO =====> Num. aborted data so far: 0
2024-09-19 07:06:56,453 INFO ===> New TaichiEnv created.
2024-09-19 07:06:56,453 INFO ===> Specifications: horizon = 300, dt = 0.01, n_substeps = 20, dt_sub = 0.0005
2024-09-19 07:07:34,360 INFO =====> Epoch: 67
2024-09-19 07:07:34,360 INFO =====> EMD Loss: 32.608150482177734
2024-09-19 07:07:34,360 INFO =====> Height map loss: 25.238842010498047
2024-09-19 07:07:34,360 INFO =====> Trajectory grad mean: 0.9055436253547668
2024-09-19 07:07:34,360 INFO =====> Num. aborted data so far: 0
2024-09-19 07:07:34,628 INFO ===> New TaichiEnv created.
2024-09-19 07:07:34,628 INFO ===> Specifications: horizon = 300, dt = 0.01, n_substeps = 20, dt_sub = 0.0005
2024-09-19 07:08:12,358 INFO =====> Epoch: 68
2024-09-19 07:08:12,358 INFO =====> EMD Loss: 32.27043151855469
2024-09-19 07:08:12,358 INFO =====> Height map loss: 25.239885330200195
2024-09-19 07:08:12,358 INFO =====> Trajectory grad mean: 0.9055436253547668
2024-09-19 07:08:12,358 INFO =====> Num. aborted data so far: 0
2024-09-19 07:08:12,624 INFO ===> New TaichiEnv created.
2024-09-19 07:08:12,624 INFO ===> Specifications: horizon = 300, dt = 0.01, n_substeps = 20, dt_sub = 0.0005
2024-09-19 07:08:50,424 INFO =====> Epoch: 69
2024-09-19 07:08:50,425 INFO =====> EMD Loss: 32.042877197265625
2024-09-19 07:08:50,425 INFO =====> Height map loss: 25.233686447143555
2024-09-19 07:08:50,425 INFO =====> Trajectory grad mean: 0.9055436253547668
2024-09-19 07:08:50,425 INFO =====> Num. aborted data so far: 0
2024-09-19 07:08:50,691 INFO ===> New TaichiEnv created.
2024-09-19 07:08:50,691 INFO ===> Specifications: horizon = 300, dt = 0.01, n_substeps = 20, dt_sub = 0.0005
2024-09-19 07:09:28,562 INFO =====> Epoch: 70
2024-09-19 07:09:28,562 INFO =====> EMD Loss: 32.31918716430664
2024-09-19 07:09:28,562 INFO =====> Height map loss: 25.23245620727539
2024-09-19 07:09:28,562 INFO =====> Trajectory grad mean: 0.9055436253547668
2024-09-19 07:09:28,562 INFO =====> Num. aborted data so far: 0
2024-09-19 07:09:28,828 INFO ===> New TaichiEnv created.
2024-09-19 07:09:28,828 INFO ===> Specifications: horizon = 300, dt = 0.01, n_substeps = 20, dt_sub = 0.0005
2024-09-19 07:10:06,759 INFO =====> Epoch: 71
2024-09-19 07:10:06,759 INFO =====> EMD Loss: 32.77889633178711
2024-09-19 07:10:06,759 INFO =====> Height map loss: 25.45589828491211
2024-09-19 07:10:06,759 INFO =====> Trajectory grad mean: 0.9055436253547668
2024-09-19 07:10:06,759 INFO =====> Num. aborted data so far: 0
2024-09-19 07:10:07,026 INFO ===> New TaichiEnv created.
2024-09-19 07:10:07,026 INFO ===> Specifications: horizon = 300, dt = 0.01, n_substeps = 20, dt_sub = 0.0005
2024-09-19 07:10:44,911 INFO =====> Epoch: 72
2024-09-19 07:10:44,911 INFO =====> EMD Loss: 32.344181060791016
2024-09-19 07:10:44,911 INFO =====> Height map loss: 25.2612247467041
2024-09-19 07:10:44,911 INFO =====> Trajectory grad mean: 0.9055436253547668
2024-09-19 07:10:44,911 INFO =====> Num. aborted data so far: 0
2024-09-19 07:10:45,180 INFO ===> New TaichiEnv created.
2024-09-19 07:10:45,180 INFO ===> Specifications: horizon = 300, dt = 0.01, n_substeps = 20, dt_sub = 0.0005
2024-09-19 07:11:23,036 INFO =====> Epoch: 73
2024-09-19 07:11:23,036 INFO =====> EMD Loss: 32.409446716308594
2024-09-19 07:11:23,036 INFO =====> Height map loss: 25.29048728942871
2024-09-19 07:11:23,036 INFO =====> Trajectory grad mean: 0.9055436253547668
2024-09-19 07:11:23,036 INFO =====> Num. aborted data so far: 0
2024-09-19 07:11:23,303 INFO ===> New TaichiEnv created.
2024-09-19 07:11:23,303 INFO ===> Specifications: horizon = 300, dt = 0.01, n_substeps = 20, dt_sub = 0.0005
2024-09-19 07:12:01,208 INFO =====> Epoch: 74
2024-09-19 07:12:01,208 INFO =====> EMD Loss: 32.45107650756836
2024-09-19 07:12:01,208 INFO =====> Height map loss: 25.356117248535156
2024-09-19 07:12:01,208 INFO =====> Trajectory grad mean: 0.9055436253547668
2024-09-19 07:12:01,208 INFO =====> Num. aborted data so far: 0
2024-09-19 07:12:01,475 INFO ===> New TaichiEnv created.
2024-09-19 07:12:01,476 INFO ===> Specifications: horizon = 300, dt = 0.01, n_substeps = 20, dt_sub = 0.0005
2024-09-19 07:12:39,465 INFO =====> Epoch: 75
2024-09-19 07:12:39,465 INFO =====> EMD Loss: 32.63218307495117
2024-09-19 07:12:39,465 INFO =====> Height map loss: 25.38324546813965
2024-09-19 07:12:39,465 INFO =====> Trajectory grad mean: 0.9055436253547668
2024-09-19 07:12:39,465 INFO =====> Num. aborted data so far: 0
2024-09-19 07:12:39,732 INFO ===> New TaichiEnv created.
2024-09-19 07:12:39,732 INFO ===> Specifications: horizon = 300, dt = 0.01, n_substeps = 20, dt_sub = 0.0005
2024-09-19 07:13:17,743 INFO =====> Epoch: 76
2024-09-19 07:13:17,743 INFO =====> EMD Loss: 32.272743225097656
2024-09-19 07:13:17,743 INFO =====> Height map loss: 25.224016189575195
2024-09-19 07:13:17,743 INFO =====> Trajectory grad mean: 0.9055436253547668
2024-09-19 07:13:17,743 INFO =====> Num. aborted data so far: 0
2024-09-19 07:13:18,011 INFO ===> New TaichiEnv created.
2024-09-19 07:13:18,011 INFO ===> Specifications: horizon = 300, dt = 0.01, n_substeps = 20, dt_sub = 0.0005
2024-09-19 07:13:55,870 INFO =====> Epoch: 77
2024-09-19 07:13:55,870 INFO =====> EMD Loss: 32.3621940612793
2024-09-19 07:13:55,870 INFO =====> Height map loss: 25.323810577392578
2024-09-19 07:13:55,870 INFO =====> Trajectory grad mean: 0.9055436253547668
2024-09-19 07:13:55,870 INFO =====> Num. aborted data so far: 0
2024-09-19 07:13:56,138 INFO ===> New TaichiEnv created.
2024-09-19 07:13:56,138 INFO ===> Specifications: horizon = 300, dt = 0.01, n_substeps = 20, dt_sub = 0.0005
2024-09-19 07:14:33,915 INFO =====> Epoch: 78
2024-09-19 07:14:33,915 INFO =====> EMD Loss: 32.28512191772461
2024-09-19 07:14:33,915 INFO =====> Height map loss: 25.3154296875
2024-09-19 07:14:33,915 INFO =====> Trajectory grad mean: 0.9055436253547668
2024-09-19 07:14:33,915 INFO =====> Num. aborted data so far: 0
2024-09-19 07:14:34,187 INFO ===> New TaichiEnv created.
2024-09-19 07:14:34,187 INFO ===> Specifications: horizon = 300, dt = 0.01, n_substeps = 20, dt_sub = 0.0005
2024-09-19 07:15:12,069 INFO =====> Epoch: 79
2024-09-19 07:15:12,069 INFO =====> EMD Loss: 32.21295166015625
2024-09-19 07:15:12,069 INFO =====> Height map loss: 25.265493392944336
2024-09-19 07:15:12,069 INFO =====> Trajectory grad mean: 0.9055436253547668
2024-09-19 07:15:12,069 INFO =====> Num. aborted data so far: 0
2024-09-19 07:15:12,338 INFO ===> New TaichiEnv created.
2024-09-19 07:15:12,338 INFO ===> Specifications: horizon = 300, dt = 0.01, n_substeps = 20, dt_sub = 0.0005
2024-09-19 07:15:50,239 INFO =====> Epoch: 80
2024-09-19 07:15:50,239 INFO =====> EMD Loss: 32.5932502746582
2024-09-19 07:15:50,239 INFO =====> Height map loss: 25.369234085083008
2024-09-19 07:15:50,239 INFO =====> Trajectory grad mean: 0.9055436253547668
2024-09-19 07:15:50,239 INFO =====> Num. aborted data so far: 0
2024-09-19 07:15:50,508 INFO ===> New TaichiEnv created.
2024-09-19 07:15:50,508 INFO ===> Specifications: horizon = 300, dt = 0.01, n_substeps = 20, dt_sub = 0.0005
2024-09-19 07:16:28,418 INFO =====> Epoch: 81
2024-09-19 07:16:28,418 INFO =====> EMD Loss: 32.551204681396484
2024-09-19 07:16:28,418 INFO =====> Height map loss: 25.38191795349121
2024-09-19 07:16:28,418 INFO =====> Trajectory grad mean: 0.9055436253547668
2024-09-19 07:16:28,418 INFO =====> Num. aborted data so far: 0
2024-09-19 07:16:28,689 INFO ===> New TaichiEnv created.
2024-09-19 07:16:28,689 INFO ===> Specifications: horizon = 300, dt = 0.01, n_substeps = 20, dt_sub = 0.0005
2024-09-19 07:17:06,513 INFO =====> Epoch: 82
2024-09-19 07:17:06,513 INFO =====> EMD Loss: 32.522029876708984
2024-09-19 07:17:06,513 INFO =====> Height map loss: 25.232526779174805
2024-09-19 07:17:06,513 INFO =====> Trajectory grad mean: 0.9055436253547668
2024-09-19 07:17:06,513 INFO =====> Num. aborted data so far: 0
2024-09-19 07:17:06,782 INFO ===> New TaichiEnv created.
2024-09-19 07:17:06,782 INFO ===> Specifications: horizon = 300, dt = 0.01, n_substeps = 20, dt_sub = 0.0005
2024-09-19 07:17:44,629 INFO =====> Epoch: 83
2024-09-19 07:17:44,629 INFO =====> EMD Loss: 32.4643440246582
2024-09-19 07:17:44,629 INFO =====> Height map loss: 25.32103157043457
2024-09-19 07:17:44,629 INFO =====> Trajectory grad mean: 0.9055436253547668
2024-09-19 07:17:44,629 INFO =====> Num. aborted data so far: 0
2024-09-19 07:17:44,898 INFO ===> New TaichiEnv created.
2024-09-19 07:17:44,899 INFO ===> Specifications: horizon = 300, dt = 0.01, n_substeps = 20, dt_sub = 0.0005
2024-09-19 07:18:22,695 INFO =====> Epoch: 84
2024-09-19 07:18:22,695 INFO =====> EMD Loss: 32.41303253173828
2024-09-19 07:18:22,695 INFO =====> Height map loss: 25.278820037841797
2024-09-19 07:18:22,695 INFO =====> Trajectory grad mean: 0.9055436253547668
2024-09-19 07:18:22,695 INFO =====> Num. aborted data so far: 0
2024-09-19 07:18:22,968 INFO ===> New TaichiEnv created.
2024-09-19 07:18:22,968 INFO ===> Specifications: horizon = 300, dt = 0.01, n_substeps = 20, dt_sub = 0.0005
2024-09-19 07:19:01,188 INFO =====> Epoch: 85
2024-09-19 07:19:01,188 INFO =====> EMD Loss: 32.65383529663086
2024-09-19 07:19:01,188 INFO =====> Height map loss: 25.389907836914062
2024-09-19 07:19:01,188 INFO =====> Trajectory grad mean: 0.9055436253547668
2024-09-19 07:19:01,188 INFO =====> Num. aborted data so far: 0
2024-09-19 07:19:01,457 INFO ===> New TaichiEnv created.
2024-09-19 07:19:01,457 INFO ===> Specifications: horizon = 300, dt = 0.01, n_substeps = 20, dt_sub = 0.0005
2024-09-19 07:19:39,451 INFO =====> Epoch: 86
2024-09-19 07:19:39,451 INFO =====> EMD Loss: 32.75849151611328
2024-09-19 07:19:39,451 INFO =====> Height map loss: 25.3995304107666
2024-09-19 07:19:39,451 INFO =====> Trajectory grad mean: 0.9055436253547668
2024-09-19 07:19:39,451 INFO =====> Num. aborted data so far: 0
2024-09-19 07:19:39,723 INFO ===> New TaichiEnv created.
2024-09-19 07:19:39,723 INFO ===> Specifications: horizon = 300, dt = 0.01, n_substeps = 20, dt_sub = 0.0005
2024-09-19 07:20:17,934 INFO =====> Epoch: 87
2024-09-19 07:20:17,934 INFO =====> EMD Loss: 32.72285842895508
2024-09-19 07:20:17,934 INFO =====> Height map loss: 25.477832794189453
2024-09-19 07:20:17,934 INFO =====> Trajectory grad mean: 0.9055436253547668
2024-09-19 07:20:17,934 INFO =====> Num. aborted data so far: 0
2024-09-19 07:20:18,205 INFO ===> New TaichiEnv created.
2024-09-19 07:20:18,205 INFO ===> Specifications: horizon = 300, dt = 0.01, n_substeps = 20, dt_sub = 0.0005
2024-09-19 07:20:56,043 INFO =====> Epoch: 88
2024-09-19 07:20:56,043 INFO =====> EMD Loss: 32.2694091796875
2024-09-19 07:20:56,043 INFO =====> Height map loss: 25.259004592895508
2024-09-19 07:20:56,043 INFO =====> Trajectory grad mean: 0.9055436253547668
2024-09-19 07:20:56,043 INFO =====> Num. aborted data so far: 0
2024-09-19 07:20:56,316 INFO ===> New TaichiEnv created.
2024-09-19 07:20:56,316 INFO ===> Specifications: horizon = 300, dt = 0.01, n_substeps = 20, dt_sub = 0.0005
2024-09-19 07:21:34,287 INFO =====> Epoch: 89
2024-09-19 07:21:34,287 INFO =====> EMD Loss: 32.55049133300781
2024-09-19 07:21:34,287 INFO =====> Height map loss: 25.412111282348633
2024-09-19 07:21:34,287 INFO =====> Trajectory grad mean: 0.9055436253547668
2024-09-19 07:21:34,287 INFO =====> Num. aborted data so far: 0
2024-09-19 07:21:34,558 INFO ===> New TaichiEnv created.
2024-09-19 07:21:34,558 INFO ===> Specifications: horizon = 300, dt = 0.01, n_substeps = 20, dt_sub = 0.0005
2024-09-19 07:22:12,403 INFO =====> Epoch: 90
2024-09-19 07:22:12,404 INFO =====> EMD Loss: 32.16146469116211
2024-09-19 07:22:12,404 INFO =====> Height map loss: 25.223508834838867
2024-09-19 07:22:12,404 INFO =====> Trajectory grad mean: 0.9055436253547668
2024-09-19 07:22:12,404 INFO =====> Num. aborted data so far: 0
2024-09-19 07:22:12,676 INFO ===> New TaichiEnv created.
2024-09-19 07:22:12,676 INFO ===> Specifications: horizon = 300, dt = 0.01, n_substeps = 20, dt_sub = 0.0005
2024-09-19 07:22:50,492 INFO =====> Epoch: 91
2024-09-19 07:22:50,492 INFO =====> EMD Loss: 32.59748077392578
2024-09-19 07:22:50,492 INFO =====> Height map loss: 25.32815170288086
2024-09-19 07:22:50,492 INFO =====> Trajectory grad mean: 0.9055436253547668
2024-09-19 07:22:50,492 INFO =====> Num. aborted data so far: 0
2024-09-19 07:22:50,768 INFO ===> New TaichiEnv created.
2024-09-19 07:22:50,768 INFO ===> Specifications: horizon = 300, dt = 0.01, n_substeps = 20, dt_sub = 0.0005
2024-09-19 07:23:28,666 INFO =====> Epoch: 92
2024-09-19 07:23:28,666 INFO =====> EMD Loss: 32.27178955078125
2024-09-19 07:23:28,666 INFO =====> Height map loss: 25.26069450378418
2024-09-19 07:23:28,666 INFO =====> Trajectory grad mean: 0.9055436253547668
2024-09-19 07:23:28,666 INFO =====> Num. aborted data so far: 0
2024-09-19 07:23:28,938 INFO ===> New TaichiEnv created.
2024-09-19 07:23:28,938 INFO ===> Specifications: horizon = 300, dt = 0.01, n_substeps = 20, dt_sub = 0.0005
2024-09-19 07:24:06,801 INFO =====> Epoch: 93
2024-09-19 07:24:06,801 INFO =====> EMD Loss: 32.49171829223633
2024-09-19 07:24:06,801 INFO =====> Height map loss: 25.36696434020996
2024-09-19 07:24:06,801 INFO =====> Trajectory grad mean: 0.9055436253547668
2024-09-19 07:24:06,801 INFO =====> Num. aborted data so far: 0
2024-09-19 07:24:07,072 INFO ===> New TaichiEnv created.
2024-09-19 07:24:07,072 INFO ===> Specifications: horizon = 300, dt = 0.01, n_substeps = 20, dt_sub = 0.0005
2024-09-19 07:24:44,954 INFO =====> Epoch: 94
2024-09-19 07:24:44,955 INFO =====> EMD Loss: 32.35236740112305
2024-09-19 07:24:44,955 INFO =====> Height map loss: 25.23422622680664
2024-09-19 07:24:44,955 INFO =====> Trajectory grad mean: 0.9055436253547668
2024-09-19 07:24:44,955 INFO =====> Num. aborted data so far: 0
2024-09-19 07:24:45,226 INFO ===> New TaichiEnv created.
2024-09-19 07:24:45,226 INFO ===> Specifications: horizon = 300, dt = 0.01, n_substeps = 20, dt_sub = 0.0005
2024-09-19 07:25:23,117 INFO =====> Epoch: 95
2024-09-19 07:25:23,117 INFO =====> EMD Loss: 32.60126876831055
2024-09-19 07:25:23,117 INFO =====> Height map loss: 25.428678512573242
2024-09-19 07:25:23,117 INFO =====> Trajectory grad mean: 0.9055436253547668
2024-09-19 07:25:23,117 INFO =====> Num. aborted data so far: 0
2024-09-19 07:25:23,388 INFO ===> New TaichiEnv created.
2024-09-19 07:25:23,388 INFO ===> Specifications: horizon = 300, dt = 0.01, n_substeps = 20, dt_sub = 0.0005
2024-09-19 07:26:01,489 INFO =====> Epoch: 96
2024-09-19 07:26:01,489 INFO =====> EMD Loss: 32.53891372680664
2024-09-19 07:26:01,489 INFO =====> Height map loss: 25.261751174926758
2024-09-19 07:26:01,489 INFO =====> Trajectory grad mean: 0.9055436253547668
2024-09-19 07:26:01,489 INFO =====> Num. aborted data so far: 0
2024-09-19 07:26:01,762 INFO ===> New TaichiEnv created.
2024-09-19 07:26:01,762 INFO ===> Specifications: horizon = 300, dt = 0.01, n_substeps = 20, dt_sub = 0.0005
2024-09-19 07:26:39,602 INFO =====> Epoch: 97
2024-09-19 07:26:39,602 INFO =====> EMD Loss: 32.5673713684082
2024-09-19 07:26:39,602 INFO =====> Height map loss: 25.352645874023438
2024-09-19 07:26:39,602 INFO =====> Trajectory grad mean: 0.9055436253547668
2024-09-19 07:26:39,602 INFO =====> Num. aborted data so far: 0
2024-09-19 07:26:39,873 INFO ===> New TaichiEnv created.
2024-09-19 07:26:39,873 INFO ===> Specifications: horizon = 300, dt = 0.01, n_substeps = 20, dt_sub = 0.0005
2024-09-19 07:27:17,716 INFO =====> Epoch: 98
2024-09-19 07:27:17,716 INFO =====> EMD Loss: 32.58891677856445
2024-09-19 07:27:17,716 INFO =====> Height map loss: 25.347362518310547
2024-09-19 07:27:17,716 INFO =====> Trajectory grad mean: 0.9055436253547668
2024-09-19 07:27:17,716 INFO =====> Num. aborted data so far: 0
2024-09-19 07:27:17,987 INFO ===> New TaichiEnv created.
2024-09-19 07:27:17,987 INFO ===> Specifications: horizon = 300, dt = 0.01, n_substeps = 20, dt_sub = 0.0005
2024-09-19 07:27:55,700 INFO =====> Epoch: 99
2024-09-19 07:27:55,700 INFO =====> EMD Loss: 32.2282829284668
2024-09-19 07:27:55,700 INFO =====> Height map loss: 25.28318214416504
2024-09-19 07:27:55,700 INFO =====> Trajectory grad mean: 0.9055436253547668
2024-09-19 07:27:55,700 INFO =====> Num. aborted data so far: 0
2024-09-19 07:27:55,970 INFO ===> New TaichiEnv created.
2024-09-19 07:27:55,970 INFO ===> Specifications: horizon = 300, dt = 0.01, n_substeps = 20, dt_sub = 0.0005
2024-09-19 07:28:33,998 INFO =====> Epoch: 100
2024-09-19 07:28:33,998 INFO =====> EMD Loss: 32.628440856933594
2024-09-19 07:28:33,998 INFO =====> Height map loss: 25.291351318359375
2024-09-19 07:28:33,998 INFO =====> Trajectory grad mean: 0.9055436253547668
2024-09-19 07:28:33,998 INFO =====> Num. aborted data so far: 0
2024-09-19 07:28:34,270 INFO ===> New TaichiEnv created.
2024-09-19 07:28:34,270 INFO ===> Specifications: horizon = 300, dt = 0.01, n_substeps = 20, dt_sub = 0.0005
2024-09-19 07:29:12,056 INFO =====> Epoch: 101
2024-09-19 07:29:12,056 INFO =====> EMD Loss: 32.32706832885742
2024-09-19 07:29:12,056 INFO =====> Height map loss: 25.228015899658203
2024-09-19 07:29:12,056 INFO =====> Trajectory grad mean: 0.9055436253547668
2024-09-19 07:29:12,056 INFO =====> Num. aborted data so far: 0
2024-09-19 07:29:12,328 INFO ===> New TaichiEnv created.
2024-09-19 07:29:12,328 INFO ===> Specifications: horizon = 300, dt = 0.01, n_substeps = 20, dt_sub = 0.0005
2024-09-19 07:29:50,252 INFO =====> Epoch: 102
2024-09-19 07:29:50,252 INFO =====> EMD Loss: 32.51601028442383
2024-09-19 07:29:50,252 INFO =====> Height map loss: 25.26877784729004
2024-09-19 07:29:50,252 INFO =====> Trajectory grad mean: 0.9055436253547668
2024-09-19 07:29:50,252 INFO =====> Num. aborted data so far: 0
2024-09-19 07:29:50,527 INFO ===> New TaichiEnv created.
2024-09-19 07:29:50,527 INFO ===> Specifications: horizon = 300, dt = 0.01, n_substeps = 20, dt_sub = 0.0005
2024-09-19 07:30:28,329 INFO =====> Epoch: 103
2024-09-19 07:30:28,329 INFO =====> EMD Loss: 32.21010971069336
2024-09-19 07:30:28,329 INFO =====> Height map loss: 25.24514389038086
2024-09-19 07:30:28,329 INFO =====> Trajectory grad mean: 0.9055436253547668
2024-09-19 07:30:28,329 INFO =====> Num. aborted data so far: 0
2024-09-19 07:30:28,601 INFO ===> New TaichiEnv created.
2024-09-19 07:30:28,601 INFO ===> Specifications: horizon = 300, dt = 0.01, n_substeps = 20, dt_sub = 0.0005
2024-09-19 07:31:06,484 INFO =====> Epoch: 104
2024-09-19 07:31:06,484 INFO =====> EMD Loss: 32.644588470458984
2024-09-19 07:31:06,484 INFO =====> Height map loss: 25.463424682617188
2024-09-19 07:31:06,484 INFO =====> Trajectory grad mean: 0.9055436253547668
2024-09-19 07:31:06,484 INFO =====> Num. aborted data so far: 0
2024-09-19 07:31:06,756 INFO ===> New TaichiEnv created.
2024-09-19 07:31:06,756 INFO ===> Specifications: horizon = 300, dt = 0.01, n_substeps = 20, dt_sub = 0.0005
2024-09-19 07:31:44,612 INFO =====> Epoch: 105
2024-09-19 07:31:44,612 INFO =====> EMD Loss: 32.58732604980469
2024-09-19 07:31:44,612 INFO =====> Height map loss: 25.376235961914062
2024-09-19 07:31:44,612 INFO =====> Trajectory grad mean: 0.9055436253547668
2024-09-19 07:31:44,612 INFO =====> Num. aborted data so far: 0
2024-09-19 07:31:44,882 INFO ===> New TaichiEnv created.
2024-09-19 07:31:44,882 INFO ===> Specifications: horizon = 300, dt = 0.01, n_substeps = 20, dt_sub = 0.0005
2024-09-19 07:32:22,775 INFO =====> Epoch: 106
2024-09-19 07:32:22,775 INFO =====> EMD Loss: 32.6718864440918
2024-09-19 07:32:22,775 INFO =====> Height map loss: 25.382768630981445
2024-09-19 07:32:22,775 INFO =====> Trajectory grad mean: 0.9055436253547668
2024-09-19 07:32:22,775 INFO =====> Num. aborted data so far: 0
2024-09-19 07:32:23,049 INFO ===> New TaichiEnv created.
2024-09-19 07:32:23,049 INFO ===> Specifications: horizon = 300, dt = 0.01, n_substeps = 20, dt_sub = 0.0005
2024-09-19 07:33:01,049 INFO =====> Epoch: 107
2024-09-19 07:33:01,049 INFO =====> EMD Loss: 32.636695861816406
2024-09-19 07:33:01,049 INFO =====> Height map loss: 25.42365264892578
2024-09-19 07:33:01,049 INFO =====> Trajectory grad mean: 0.9055436253547668
2024-09-19 07:33:01,049 INFO =====> Num. aborted data so far: 0
2024-09-19 07:33:01,321 INFO ===> New TaichiEnv created.
2024-09-19 07:33:01,321 INFO ===> Specifications: horizon = 300, dt = 0.01, n_substeps = 20, dt_sub = 0.0005
2024-09-19 07:33:39,150 INFO =====> Epoch: 108
2024-09-19 07:33:39,150 INFO =====> EMD Loss: 32.506778717041016
2024-09-19 07:33:39,150 INFO =====> Height map loss: 25.221736907958984
2024-09-19 07:33:39,150 INFO =====> Trajectory grad mean: 0.9055436253547668
2024-09-19 07:33:39,150 INFO =====> Num. aborted data so far: 0
2024-09-19 07:33:39,424 INFO ===> New TaichiEnv created.
2024-09-19 07:33:39,424 INFO ===> Specifications: horizon = 300, dt = 0.01, n_substeps = 20, dt_sub = 0.0005
2024-09-19 07:34:17,458 INFO =====> Epoch: 109
2024-09-19 07:34:17,458 INFO =====> EMD Loss: 32.39142990112305
2024-09-19 07:34:17,458 INFO =====> Height map loss: 25.228946685791016
2024-09-19 07:34:17,458 INFO =====> Trajectory grad mean: 0.9055436253547668
2024-09-19 07:34:17,458 INFO =====> Num. aborted data so far: 0
2024-09-19 07:34:17,732 INFO ===> New TaichiEnv created.
2024-09-19 07:34:17,732 INFO ===> Specifications: horizon = 300, dt = 0.01, n_substeps = 20, dt_sub = 0.0005
2024-09-19 07:34:55,557 INFO =====> Epoch: 110
2024-09-19 07:34:55,557 INFO =====> EMD Loss: 32.32470703125
2024-09-19 07:34:55,557 INFO =====> Height map loss: 25.25551414489746
2024-09-19 07:34:55,557 INFO =====> Trajectory grad mean: 0.9055436253547668
2024-09-19 07:34:55,557 INFO =====> Num. aborted data so far: 0
2024-09-19 07:34:55,830 INFO ===> New TaichiEnv created.
2024-09-19 07:34:55,830 INFO ===> Specifications: horizon = 300, dt = 0.01, n_substeps = 20, dt_sub = 0.0005
2024-09-19 07:35:33,650 INFO =====> Epoch: 111
2024-09-19 07:35:33,650 INFO =====> EMD Loss: 32.412776947021484
2024-09-19 07:35:33,650 INFO =====> Height map loss: 25.243074417114258
2024-09-19 07:35:33,650 INFO =====> Trajectory grad mean: 0.9055436253547668
2024-09-19 07:35:33,650 INFO =====> Num. aborted data so far: 0
2024-09-19 07:35:33,924 INFO ===> New TaichiEnv created.
2024-09-19 07:35:33,924 INFO ===> Specifications: horizon = 300, dt = 0.01, n_substeps = 20, dt_sub = 0.0005
2024-09-19 07:36:11,873 INFO =====> Epoch: 112
2024-09-19 07:36:11,873 INFO =====> EMD Loss: 32.47554397583008
2024-09-19 07:36:11,873 INFO =====> Height map loss: 25.415122985839844
2024-09-19 07:36:11,873 INFO =====> Trajectory grad mean: 0.9055436253547668
2024-09-19 07:36:11,873 INFO =====> Num. aborted data so far: 0
2024-09-19 07:36:12,147 INFO ===> New TaichiEnv created.
2024-09-19 07:36:12,147 INFO ===> Specifications: horizon = 300, dt = 0.01, n_substeps = 20, dt_sub = 0.0005
2024-09-19 07:36:49,951 INFO =====> Epoch: 113
2024-09-19 07:36:49,951 INFO =====> EMD Loss: 32.28874206542969
2024-09-19 07:36:49,951 INFO =====> Height map loss: 25.233442306518555
2024-09-19 07:36:49,951 INFO =====> Trajectory grad mean: 0.9055436253547668
2024-09-19 07:36:49,951 INFO =====> Num. aborted data so far: 0
2024-09-19 07:36:50,227 INFO ===> New TaichiEnv created.
2024-09-19 07:36:50,227 INFO ===> Specifications: horizon = 300, dt = 0.01, n_substeps = 20, dt_sub = 0.0005
2024-09-19 07:37:28,209 INFO =====> Epoch: 114
2024-09-19 07:37:28,209 INFO =====> EMD Loss: 32.61829376220703
2024-09-19 07:37:28,209 INFO =====> Height map loss: 25.252944946289062
2024-09-19 07:37:28,209 INFO =====> Trajectory grad mean: 0.9055436253547668
2024-09-19 07:37:28,209 INFO =====> Num. aborted data so far: 0
2024-09-19 07:37:28,485 INFO ===> New TaichiEnv created.
2024-09-19 07:37:28,485 INFO ===> Specifications: horizon = 300, dt = 0.01, n_substeps = 20, dt_sub = 0.0005
2024-09-19 07:38:06,712 INFO =====> Epoch: 115
2024-09-19 07:38:06,712 INFO =====> EMD Loss: 32.47911071777344
2024-09-19 07:38:06,713 INFO =====> Height map loss: 25.269634246826172
2024-09-19 07:38:06,713 INFO =====> Trajectory grad mean: 0.9055436253547668
2024-09-19 07:38:06,713 INFO =====> Num. aborted data so far: 0
2024-09-19 07:38:06,986 INFO ===> New TaichiEnv created.
2024-09-19 07:38:06,986 INFO ===> Specifications: horizon = 300, dt = 0.01, n_substeps = 20, dt_sub = 0.0005
2024-09-19 07:38:44,756 INFO =====> Epoch: 116
2024-09-19 07:38:44,756 INFO =====> EMD Loss: 32.26920700073242
2024-09-19 07:38:44,756 INFO =====> Height map loss: 25.217838287353516
2024-09-19 07:38:44,756 INFO =====> Trajectory grad mean: 0.9055436253547668
2024-09-19 07:38:44,756 INFO =====> Num. aborted data so far: 0
2024-09-19 07:38:45,031 INFO ===> New TaichiEnv created.
2024-09-19 07:38:45,031 INFO ===> Specifications: horizon = 300, dt = 0.01, n_substeps = 20, dt_sub = 0.0005
2024-09-19 07:39:22,814 INFO =====> Epoch: 117
2024-09-19 07:39:22,814 INFO =====> EMD Loss: 32.190120697021484
2024-09-19 07:39:22,814 INFO =====> Height map loss: 25.278104782104492
2024-09-19 07:39:22,814 INFO =====> Trajectory grad mean: 0.9055436253547668
2024-09-19 07:39:22,814 INFO =====> Num. aborted data so far: 0
2024-09-19 07:39:23,089 INFO ===> New TaichiEnv created.
2024-09-19 07:39:23,089 INFO ===> Specifications: horizon = 300, dt = 0.01, n_substeps = 20, dt_sub = 0.0005
2024-09-19 07:40:01,324 INFO =====> Epoch: 118
2024-09-19 07:40:01,324 INFO =====> EMD Loss: 32.498165130615234
2024-09-19 07:40:01,324 INFO =====> Height map loss: 25.399084091186523
2024-09-19 07:40:01,324 INFO =====> Trajectory grad mean: 0.9055436253547668
2024-09-19 07:40:01,324 INFO =====> Num. aborted data so far: 0
2024-09-19 07:40:01,597 INFO ===> New TaichiEnv created.
2024-09-19 07:40:01,597 INFO ===> Specifications: horizon = 300, dt = 0.01, n_substeps = 20, dt_sub = 0.0005
2024-09-19 07:40:39,527 INFO =====> Epoch: 119
2024-09-19 07:40:39,527 INFO =====> EMD Loss: 32.68087387084961
2024-09-19 07:40:39,527 INFO =====> Height map loss: 25.428438186645508
2024-09-19 07:40:39,527 INFO =====> Trajectory grad mean: 0.9055436253547668
2024-09-19 07:40:39,527 INFO =====> Num. aborted data so far: 0
2024-09-19 07:40:39,802 INFO ===> New TaichiEnv created.
2024-09-19 07:40:39,803 INFO ===> Specifications: horizon = 300, dt = 0.01, n_substeps = 20, dt_sub = 0.0005
2024-09-19 07:41:17,637 INFO =====> Epoch: 120
2024-09-19 07:41:17,637 INFO =====> EMD Loss: 32.197025299072266
2024-09-19 07:41:17,637 INFO =====> Height map loss: 25.236339569091797
2024-09-19 07:41:17,637 INFO =====> Trajectory grad mean: 0.9055436253547668
2024-09-19 07:41:17,637 INFO =====> Num. aborted data so far: 0
2024-09-19 07:41:17,910 INFO ===> New TaichiEnv created.
2024-09-19 07:41:17,910 INFO ===> Specifications: horizon = 300, dt = 0.01, n_substeps = 20, dt_sub = 0.0005
2024-09-19 07:41:55,750 INFO =====> Epoch: 121
2024-09-19 07:41:55,750 INFO =====> EMD Loss: 32.56391143798828
2024-09-19 07:41:55,750 INFO =====> Height map loss: 25.336240768432617
2024-09-19 07:41:55,750 INFO =====> Trajectory grad mean: 0.9055436253547668
2024-09-19 07:41:55,750 INFO =====> Num. aborted data so far: 0
2024-09-19 07:41:56,023 INFO ===> New TaichiEnv created.
2024-09-19 07:41:56,023 INFO ===> Specifications: horizon = 300, dt = 0.01, n_substeps = 20, dt_sub = 0.0005
2024-09-19 07:42:33,854 INFO =====> Epoch: 122
2024-09-19 07:42:33,854 INFO =====> EMD Loss: 32.39899826049805
2024-09-19 07:42:33,854 INFO =====> Height map loss: 25.280052185058594
2024-09-19 07:42:33,854 INFO =====> Trajectory grad mean: 0.9055436253547668
2024-09-19 07:42:33,854 INFO =====> Num. aborted data so far: 0
2024-09-19 07:42:34,132 INFO ===> New TaichiEnv created.
2024-09-19 07:42:34,132 INFO ===> Specifications: horizon = 300, dt = 0.01, n_substeps = 20, dt_sub = 0.0005
2024-09-19 07:43:12,012 INFO =====> Epoch: 123
2024-09-19 07:43:12,013 INFO =====> EMD Loss: 32.462730407714844
2024-09-19 07:43:12,013 INFO =====> Height map loss: 25.28436851501465
2024-09-19 07:43:12,013 INFO =====> Trajectory grad mean: 0.9055436253547668
2024-09-19 07:43:12,013 INFO =====> Num. aborted data so far: 0
2024-09-19 07:43:12,287 INFO ===> New TaichiEnv created.
2024-09-19 07:43:12,287 INFO ===> Specifications: horizon = 300, dt = 0.01, n_substeps = 20, dt_sub = 0.0005
2024-09-19 07:43:50,152 INFO =====> Epoch: 124
2024-09-19 07:43:50,152 INFO =====> EMD Loss: 32.52995300292969
2024-09-19 07:43:50,152 INFO =====> Height map loss: 25.343910217285156
2024-09-19 07:43:50,152 INFO =====> Trajectory grad mean: 0.9055436253547668
2024-09-19 07:43:50,152 INFO =====> Num. aborted data so far: 0
2024-09-19 07:43:50,426 INFO ===> New TaichiEnv created.
2024-09-19 07:43:50,426 INFO ===> Specifications: horizon = 300, dt = 0.01, n_substeps = 20, dt_sub = 0.0005
2024-09-19 07:44:28,237 INFO =====> Epoch: 125
2024-09-19 07:44:28,237 INFO =====> EMD Loss: 32.45384979248047
2024-09-19 07:44:28,237 INFO =====> Height map loss: 25.244630813598633
2024-09-19 07:44:28,237 INFO =====> Trajectory grad mean: 0.9055436253547668
2024-09-19 07:44:28,237 INFO =====> Num. aborted data so far: 0
2024-09-19 07:44:28,515 INFO ===> New TaichiEnv created.
2024-09-19 07:44:28,516 INFO ===> Specifications: horizon = 300, dt = 0.01, n_substeps = 20, dt_sub = 0.0005
2024-09-19 07:45:06,494 INFO =====> Epoch: 126
2024-09-19 07:45:06,494 INFO =====> EMD Loss: 32.45335006713867
2024-09-19 07:45:06,494 INFO =====> Height map loss: 25.26053237915039
2024-09-19 07:45:06,494 INFO =====> Trajectory grad mean: 0.9055436253547668
2024-09-19 07:45:06,494 INFO =====> Num. aborted data so far: 0
2024-09-19 07:45:06,770 INFO ===> New TaichiEnv created.
2024-09-19 07:45:06,770 INFO ===> Specifications: horizon = 300, dt = 0.01, n_substeps = 20, dt_sub = 0.0005
2024-09-19 07:45:44,650 INFO =====> Epoch: 127
2024-09-19 07:45:44,650 INFO =====> EMD Loss: 32.46025466918945
2024-09-19 07:45:44,650 INFO =====> Height map loss: 25.243589401245117
2024-09-19 07:45:44,650 INFO =====> Trajectory grad mean: 0.9055436253547668
2024-09-19 07:45:44,650 INFO =====> Num. aborted data so far: 0
2024-09-19 07:45:44,927 INFO ===> New TaichiEnv created.
2024-09-19 07:45:44,927 INFO ===> Specifications: horizon = 300, dt = 0.01, n_substeps = 20, dt_sub = 0.0005
2024-09-19 07:46:22,760 INFO =====> Epoch: 128
2024-09-19 07:46:22,760 INFO =====> EMD Loss: 32.20344924926758
2024-09-19 07:46:22,760 INFO =====> Height map loss: 25.241924285888672
2024-09-19 07:46:22,760 INFO =====> Trajectory grad mean: 0.9055436253547668
2024-09-19 07:46:22,760 INFO =====> Num. aborted data so far: 0
2024-09-19 07:46:23,034 INFO ===> New TaichiEnv created.
2024-09-19 07:46:23,034 INFO ===> Specifications: horizon = 300, dt = 0.01, n_substeps = 20, dt_sub = 0.0005
2024-09-19 07:47:00,937 INFO =====> Epoch: 129
2024-09-19 07:47:00,937 INFO =====> EMD Loss: 32.54902267456055
2024-09-19 07:47:00,937 INFO =====> Height map loss: 25.387557983398438
2024-09-19 07:47:00,937 INFO =====> Trajectory grad mean: 0.9055436253547668
2024-09-19 07:47:00,937 INFO =====> Num. aborted data so far: 0
2024-09-19 07:47:01,212 INFO ===> New TaichiEnv created.
2024-09-19 07:47:01,212 INFO ===> Specifications: horizon = 300, dt = 0.01, n_substeps = 20, dt_sub = 0.0005
2024-09-19 07:47:39,065 INFO =====> Epoch: 130
2024-09-19 07:47:39,065 INFO =====> EMD Loss: 32.144859313964844
2024-09-19 07:47:39,065 INFO =====> Height map loss: 25.206565856933594
2024-09-19 07:47:39,065 INFO =====> Trajectory grad mean: 0.9055436253547668
2024-09-19 07:47:39,065 INFO =====> Num. aborted data so far: 0
2024-09-19 07:47:39,341 INFO ===> New TaichiEnv created.
2024-09-19 07:47:39,341 INFO ===> Specifications: horizon = 300, dt = 0.01, n_substeps = 20, dt_sub = 0.0005
2024-09-19 07:48:17,131 INFO =====> Epoch: 131
2024-09-19 07:48:17,131 INFO =====> EMD Loss: 32.29966735839844
2024-09-19 07:48:17,132 INFO =====> Height map loss: 25.279983520507812
2024-09-19 07:48:17,132 INFO =====> Trajectory grad mean: 0.9055436253547668
2024-09-19 07:48:17,132 INFO =====> Num. aborted data so far: 0
2024-09-19 07:48:17,410 INFO ===> New TaichiEnv created.
2024-09-19 07:48:17,410 INFO ===> Specifications: horizon = 300, dt = 0.01, n_substeps = 20, dt_sub = 0.0005
2024-09-19 07:48:55,204 INFO =====> Epoch: 132
2024-09-19 07:48:55,204 INFO =====> EMD Loss: 32.30052947998047
2024-09-19 07:48:55,204 INFO =====> Height map loss: 25.209407806396484
2024-09-19 07:48:55,204 INFO =====> Trajectory grad mean: 0.9055436253547668
2024-09-19 07:48:55,204 INFO =====> Num. aborted data so far: 0
2024-09-19 07:48:55,480 INFO ===> New TaichiEnv created.
2024-09-19 07:48:55,480 INFO ===> Specifications: horizon = 300, dt = 0.01, n_substeps = 20, dt_sub = 0.0005
2024-09-19 07:49:33,402 INFO =====> Epoch: 133
2024-09-19 07:49:33,402 INFO =====> EMD Loss: 32.1528434753418
2024-09-19 07:49:33,402 INFO =====> Height map loss: 25.28010368347168
2024-09-19 07:49:33,402 INFO =====> Trajectory grad mean: 0.9055436253547668
2024-09-19 07:49:33,402 INFO =====> Num. aborted data so far: 0
2024-09-19 07:49:33,678 INFO ===> New TaichiEnv created.
2024-09-19 07:49:33,678 INFO ===> Specifications: horizon = 300, dt = 0.01, n_substeps = 20, dt_sub = 0.0005
2024-09-19 07:50:11,562 INFO =====> Epoch: 134
2024-09-19 07:50:11,562 INFO =====> EMD Loss: 32.337642669677734
2024-09-19 07:50:11,562 INFO =====> Height map loss: 25.243873596191406
2024-09-19 07:50:11,562 INFO =====> Trajectory grad mean: 0.9055436253547668
2024-09-19 07:50:11,562 INFO =====> Num. aborted data so far: 0
2024-09-19 07:50:11,843 INFO ===> New TaichiEnv created.
2024-09-19 07:50:11,843 INFO ===> Specifications: horizon = 300, dt = 0.01, n_substeps = 20, dt_sub = 0.0005
2024-09-19 07:50:50,100 INFO =====> Epoch: 135
2024-09-19 07:50:50,100 INFO =====> EMD Loss: 32.58895492553711
2024-09-19 07:50:50,100 INFO =====> Height map loss: 25.405519485473633
2024-09-19 07:50:50,100 INFO =====> Trajectory grad mean: 0.9055436253547668
2024-09-19 07:50:50,100 INFO =====> Num. aborted data so far: 0
2024-09-19 07:50:50,378 INFO ===> New TaichiEnv created.
2024-09-19 07:50:50,378 INFO ===> Specifications: horizon = 300, dt = 0.01, n_substeps = 20, dt_sub = 0.0005
2024-09-19 07:51:28,398 INFO =====> Epoch: 136
2024-09-19 07:51:28,398 INFO =====> EMD Loss: 32.527462005615234
2024-09-19 07:51:28,398 INFO =====> Height map loss: 25.423667907714844
2024-09-19 07:51:28,398 INFO =====> Trajectory grad mean: 0.9055436253547668
2024-09-19 07:51:28,398 INFO =====> Num. aborted data so far: 0
2024-09-19 07:51:28,674 INFO ===> New TaichiEnv created.
2024-09-19 07:51:28,674 INFO ===> Specifications: horizon = 300, dt = 0.01, n_substeps = 20, dt_sub = 0.0005
2024-09-19 07:52:06,605 INFO =====> Epoch: 137
2024-09-19 07:52:06,606 INFO =====> EMD Loss: 32.54365539550781
2024-09-19 07:52:06,606 INFO =====> Height map loss: 25.375564575195312
2024-09-19 07:52:06,606 INFO =====> Trajectory grad mean: 0.9055436253547668
2024-09-19 07:52:06,606 INFO =====> Num. aborted data so far: 0
2024-09-19 07:52:06,881 INFO ===> New TaichiEnv created.
2024-09-19 07:52:06,881 INFO ===> Specifications: horizon = 300, dt = 0.01, n_substeps = 20, dt_sub = 0.0005
2024-09-19 07:52:44,809 INFO =====> Epoch: 138
2024-09-19 07:52:44,809 INFO =====> EMD Loss: 32.491546630859375
2024-09-19 07:52:44,809 INFO =====> Height map loss: 25.409500122070312
2024-09-19 07:52:44,809 INFO =====> Trajectory grad mean: 0.9055436253547668
2024-09-19 07:52:44,809 INFO =====> Num. aborted data so far: 0
2024-09-19 07:52:45,087 INFO ===> New TaichiEnv created.
2024-09-19 07:52:45,087 INFO ===> Specifications: horizon = 300, dt = 0.01, n_substeps = 20, dt_sub = 0.0005
2024-09-19 07:53:22,926 INFO =====> Epoch: 139
2024-09-19 07:53:22,926 INFO =====> EMD Loss: 32.46044158935547
2024-09-19 07:53:22,926 INFO =====> Height map loss: 25.281997680664062
2024-09-19 07:53:22,926 INFO =====> Trajectory grad mean: 0.9055436253547668
2024-09-19 07:53:22,926 INFO =====> Num. aborted data so far: 0
2024-09-19 07:53:23,204 INFO ===> New TaichiEnv created.
2024-09-19 07:53:23,204 INFO ===> Specifications: horizon = 300, dt = 0.01, n_substeps = 20, dt_sub = 0.0005
2024-09-19 07:54:01,099 INFO =====> Epoch: 140
2024-09-19 07:54:01,099 INFO =====> EMD Loss: 32.32107162475586
2024-09-19 07:54:01,099 INFO =====> Height map loss: 25.240428924560547
2024-09-19 07:54:01,099 INFO =====> Trajectory grad mean: 0.9055436253547668
2024-09-19 07:54:01,099 INFO =====> Num. aborted data so far: 0
2024-09-19 07:54:01,376 INFO ===> New TaichiEnv created.
2024-09-19 07:54:01,376 INFO ===> Specifications: horizon = 300, dt = 0.01, n_substeps = 20, dt_sub = 0.0005
2024-09-19 07:54:39,246 INFO =====> Epoch: 141
2024-09-19 07:54:39,246 INFO =====> EMD Loss: 32.58322525024414
2024-09-19 07:54:39,246 INFO =====> Height map loss: 25.441150665283203
2024-09-19 07:54:39,246 INFO =====> Trajectory grad mean: 0.9055436253547668
2024-09-19 07:54:39,246 INFO =====> Num. aborted data so far: 0
2024-09-19 07:54:39,522 INFO ===> New TaichiEnv created.
2024-09-19 07:54:39,522 INFO ===> Specifications: horizon = 300, dt = 0.01, n_substeps = 20, dt_sub = 0.0005
2024-09-19 07:55:17,374 INFO =====> Epoch: 142
2024-09-19 07:55:17,375 INFO =====> EMD Loss: 32.647281646728516
2024-09-19 07:55:17,375 INFO =====> Height map loss: 25.39560890197754
2024-09-19 07:55:17,375 INFO =====> Trajectory grad mean: 0.9055436253547668
2024-09-19 07:55:17,375 INFO =====> Num. aborted data so far: 0
2024-09-19 07:55:17,649 INFO ===> New TaichiEnv created.
2024-09-19 07:55:17,649 INFO ===> Specifications: horizon = 300, dt = 0.01, n_substeps = 20, dt_sub = 0.0005
2024-09-19 07:55:55,559 INFO =====> Epoch: 143
2024-09-19 07:55:55,559 INFO =====> EMD Loss: 32.652034759521484
2024-09-19 07:55:55,559 INFO =====> Height map loss: 25.37026596069336
2024-09-19 07:55:55,559 INFO =====> Trajectory grad mean: 0.9055436253547668
2024-09-19 07:55:55,559 INFO =====> Num. aborted data so far: 0
2024-09-19 07:55:55,838 INFO ===> New TaichiEnv created.
2024-09-19 07:55:55,838 INFO ===> Specifications: horizon = 300, dt = 0.01, n_substeps = 20, dt_sub = 0.0005
2024-09-19 07:56:33,892 INFO =====> Epoch: 144
2024-09-19 07:56:33,892 INFO =====> EMD Loss: 32.650184631347656
2024-09-19 07:56:33,892 INFO =====> Height map loss: 25.404829025268555
2024-09-19 07:56:33,892 INFO =====> Trajectory grad mean: 0.9055436253547668
2024-09-19 07:56:33,892 INFO =====> Num. aborted data so far: 0
2024-09-19 07:56:34,169 INFO ===> New TaichiEnv created.
2024-09-19 07:56:34,169 INFO ===> Specifications: horizon = 300, dt = 0.01, n_substeps = 20, dt_sub = 0.0005
2024-09-19 07:57:12,348 INFO =====> Epoch: 145
2024-09-19 07:57:12,348 INFO =====> EMD Loss: 32.524784088134766
2024-09-19 07:57:12,348 INFO =====> Height map loss: 25.38831901550293
2024-09-19 07:57:12,348 INFO =====> Trajectory grad mean: 0.9055436253547668
2024-09-19 07:57:12,348 INFO =====> Num. aborted data so far: 0
2024-09-19 07:57:12,623 INFO ===> New TaichiEnv created.
2024-09-19 07:57:12,623 INFO ===> Specifications: horizon = 300, dt = 0.01, n_substeps = 20, dt_sub = 0.0005
2024-09-19 07:57:50,354 INFO =====> Epoch: 146
2024-09-19 07:57:50,354 INFO =====> EMD Loss: 32.20573806762695
2024-09-19 07:57:50,354 INFO =====> Height map loss: 25.24353790283203
2024-09-19 07:57:50,354 INFO =====> Trajectory grad mean: 0.9055436253547668
2024-09-19 07:57:50,354 INFO =====> Num. aborted data so far: 0
2024-09-19 07:57:50,630 INFO ===> New TaichiEnv created.
2024-09-19 07:57:50,630 INFO ===> Specifications: horizon = 300, dt = 0.01, n_substeps = 20, dt_sub = 0.0005
2024-09-19 07:58:28,406 INFO =====> Epoch: 147
2024-09-19 07:58:28,406 INFO =====> EMD Loss: 32.282649993896484
2024-09-19 07:58:28,406 INFO =====> Height map loss: 25.284589767456055
2024-09-19 07:58:28,406 INFO =====> Trajectory grad mean: 0.9055436253547668
2024-09-19 07:58:28,406 INFO =====> Num. aborted data so far: 0
2024-09-19 07:58:28,681 INFO ===> New TaichiEnv created.
2024-09-19 07:58:28,681 INFO ===> Specifications: horizon = 300, dt = 0.01, n_substeps = 20, dt_sub = 0.0005
2024-09-19 07:59:06,671 INFO =====> Epoch: 148
2024-09-19 07:59:06,671 INFO =====> EMD Loss: 32.580570220947266
2024-09-19 07:59:06,672 INFO =====> Height map loss: 25.403358459472656
2024-09-19 07:59:06,672 INFO =====> Trajectory grad mean: 0.9055436253547668
2024-09-19 07:59:06,672 INFO =====> Num. aborted data so far: 0
2024-09-19 07:59:06,948 INFO ===> New TaichiEnv created.
2024-09-19 07:59:06,948 INFO ===> Specifications: horizon = 300, dt = 0.01, n_substeps = 20, dt_sub = 0.0005
2024-09-19 07:59:44,856 INFO =====> Epoch: 149
2024-09-19 07:59:44,856 INFO =====> EMD Loss: 32.55585861206055
2024-09-19 07:59:44,856 INFO =====> Height map loss: 25.347896575927734
2024-09-19 07:59:44,856 INFO =====> Trajectory grad mean: 0.9055436253547668
2024-09-19 07:59:44,856 INFO =====> Num. aborted data so far: 0
2024-09-19 07:59:44,864 INFO ====> Finished training.
2024-09-19 07:59:44,864 INFO ====> Final EMD loss: 32.55585861206055
2024-09-19 07:59:44,864 INFO ====> Final height map loss: 25.347896575927734
