2024-08-23 16:02:02,691 INFO ===> Start grad computation at:, 2024-8-23 16:2:2
2024-08-23 16:02:03,308 INFO ===> New TaichiEnv created.
2024-08-23 16:02:03,309 INFO ===> Specifications: horizon = 347, dt = 0.01, n_substeps = 20, dt_sub = 0.0005
2024-08-23 16:02:03,333 DEBUG loaded <trimesh.Trimesh(vertices.shape=(916, 3), faces.shape=(856, 3))> using `load_obj` in 0.0029s
2024-08-23 16:02:03,481 DEBUG loaded <trimesh.Trimesh(vertices.shape=(48, 3), faces.shape=(28, 3))> using `load_obj` in 0.0007s
2024-08-23 16:02:54,336 INFO =====> Epoch: 0
2024-08-23 16:02:54,336 INFO =====> Loss info: {'particle_has_naninf': False, 'height_map_loss': 68.79667663574219, 'emd_loss': 47.0988655090332, 'total_loss': 47.0988655090332}
2024-08-23 16:02:54,336 INFO =====> Param: E: [308156.6], nu: [0.4], rho: [1777.9098], sand_angle: [38.725033]
2024-08-23 16:02:54,336 INFO =====> Grad: [ 1.1672467e-02 -2.4941279e+04  1.8772581e+01  9.6475757e+02
 -1.5092609e+03 -2.6220908e+04]
2024-08-23 16:02:54,337 INFO =====> Num. aborted data so far: 0
2024-08-23 16:02:54,964 INFO ===> New TaichiEnv created.
2024-08-23 16:02:54,964 INFO ===> Specifications: horizon = 347, dt = 0.01, n_substeps = 20, dt_sub = 0.0005
2024-08-23 16:02:54,988 DEBUG loaded <trimesh.Trimesh(vertices.shape=(916, 3), faces.shape=(856, 3))> using `load_obj` in 0.0029s
2024-08-23 16:02:55,142 DEBUG loaded <trimesh.Trimesh(vertices.shape=(48, 3), faces.shape=(28, 3))> using `load_obj` in 0.0008s
2024-08-23 16:03:45,921 INFO =====> Epoch: 1
2024-08-23 16:03:45,921 INFO =====> Loss info: {'particle_has_naninf': False, 'height_map_loss': 70.54580688476562, 'emd_loss': 49.64283752441406, 'total_loss': 49.64283752441406}
2024-08-23 16:03:45,921 INFO =====> Param: E: [322458.97], nu: [0.4], rho: [1757.9557], sand_angle: [34.04052]
2024-08-23 16:03:45,921 INFO =====> Grad: [-1.9112827e-02 -4.2389078e+04 -1.1055521e+01  4.9831781e+02
 -5.6787812e+03  2.8715672e+04]
2024-08-23 16:03:45,921 INFO =====> Num. aborted data so far: 0
2024-08-23 16:03:46,526 INFO ===> New TaichiEnv created.
2024-08-23 16:03:46,526 INFO ===> Specifications: horizon = 347, dt = 0.01, n_substeps = 20, dt_sub = 0.0005
2024-08-23 16:03:46,549 DEBUG loaded <trimesh.Trimesh(vertices.shape=(916, 3), faces.shape=(856, 3))> using `load_obj` in 0.0029s
2024-08-23 16:03:46,692 DEBUG loaded <trimesh.Trimesh(vertices.shape=(48, 3), faces.shape=(28, 3))> using `load_obj` in 0.0007s
2024-08-23 16:04:36,958 INFO =====> Epoch: 2
2024-08-23 16:04:36,958 INFO =====> Loss info: {'particle_has_naninf': False, 'height_map_loss': 72.27755737304688, 'emd_loss': 51.9388427734375, 'total_loss': 51.9388427734375}
2024-08-23 16:04:36,958 INFO =====> Param: E: [345150.03], nu: [0.4], rho: [1791.4965], sand_angle: [31.469267]
2024-08-23 16:04:36,958 INFO =====> Grad: [-9.5359748e-03 -6.6926820e+04 -2.1214825e+01 -3.1951169e+02
 -2.5535771e+03 -1.6370406e+04]
2024-08-23 16:04:36,958 INFO =====> Num. aborted data so far: 0
2024-08-23 16:04:37,763 INFO ===> New TaichiEnv created.
2024-08-23 16:04:37,763 INFO ===> Specifications: horizon = 347, dt = 0.01, n_substeps = 20, dt_sub = 0.0005
2024-08-23 16:04:37,792 DEBUG loaded <trimesh.Trimesh(vertices.shape=(916, 3), faces.shape=(856, 3))> using `load_obj` in 0.0030s
2024-08-23 16:04:37,942 DEBUG loaded <trimesh.Trimesh(vertices.shape=(48, 3), faces.shape=(28, 3))> using `load_obj` in 0.0007s
2024-08-23 16:05:30,803 INFO =====> Epoch: 3
2024-08-23 16:05:30,803 INFO =====> Loss info: {'particle_has_naninf': False, 'height_map_loss': 72.8105697631836, 'emd_loss': 52.98139190673828, 'total_loss': 52.98139190673828}
2024-08-23 16:05:30,804 INFO =====> Param: E: [344498.8], nu: [0.4], rho: [1778.2067], sand_angle: [30.]
2024-08-23 16:05:30,804 INFO =====> Grad: [ 1.6209487e-02  7.2336333e+03  2.3089575e+01  6.4745868e+02
 -7.2922222e+03 -3.1202631e+04]
2024-08-23 16:05:30,804 INFO =====> Num. aborted data so far: 0
2024-08-23 16:05:31,409 INFO ===> New TaichiEnv created.
2024-08-23 16:05:31,410 INFO ===> Specifications: horizon = 347, dt = 0.01, n_substeps = 20, dt_sub = 0.0005
2024-08-23 16:05:31,432 DEBUG loaded <trimesh.Trimesh(vertices.shape=(916, 3), faces.shape=(856, 3))> using `load_obj` in 0.0028s
2024-08-23 16:05:31,576 DEBUG loaded <trimesh.Trimesh(vertices.shape=(48, 3), faces.shape=(28, 3))> using `load_obj` in 0.0007s
2024-08-23 16:06:22,536 INFO =====> Epoch: 4
2024-08-23 16:06:22,536 INFO =====> Loss info: {'particle_has_naninf': False, 'height_map_loss': 72.85182189941406, 'emd_loss': 53.12115478515625, 'total_loss': 53.12115478515625}
2024-08-23 16:06:22,536 INFO =====> Param: E: [334612.03], nu: [0.4], rho: [1739.5583], sand_angle: [30.]
2024-08-23 16:06:22,537 INFO =====> Grad: [ 1.0684613e-02  4.1475732e+03  2.4117811e+01 -1.1403356e+03
 -5.4048149e+03  3.1905173e+03]
2024-08-23 16:06:22,537 INFO =====> Num. aborted data so far: 0
2024-08-23 16:06:23,163 INFO ===> New TaichiEnv created.
2024-08-23 16:06:23,163 INFO ===> Specifications: horizon = 347, dt = 0.01, n_substeps = 20, dt_sub = 0.0005
2024-08-23 16:06:23,186 DEBUG loaded <trimesh.Trimesh(vertices.shape=(916, 3), faces.shape=(856, 3))> using `load_obj` in 0.0029s
2024-08-23 16:06:23,337 DEBUG loaded <trimesh.Trimesh(vertices.shape=(48, 3), faces.shape=(28, 3))> using `load_obj` in 0.0007s
2024-08-23 16:07:16,107 INFO =====> Epoch: 5
2024-08-23 16:07:16,107 INFO =====> Loss info: {'particle_has_naninf': False, 'height_map_loss': 72.97799682617188, 'emd_loss': 52.9581413269043, 'total_loss': 52.9581413269043}
2024-08-23 16:07:16,107 INFO =====> Param: E: [343804.1], nu: [0.4], rho: [1751.6198], sand_angle: [31.883665]
2024-08-23 16:07:16,107 INFO =====> Grad: [-2.3967953e-02  3.3581887e+04 -4.3202286e+01 -2.1568435e+03
  8.9536938e+02  4.7753156e+04]
2024-08-23 16:07:16,107 INFO =====> Num. aborted data so far: 0
2024-08-23 16:07:16,744 INFO ===> New TaichiEnv created.
2024-08-23 16:07:16,744 INFO ===> Specifications: horizon = 347, dt = 0.01, n_substeps = 20, dt_sub = 0.0005
2024-08-23 16:07:16,769 DEBUG loaded <trimesh.Trimesh(vertices.shape=(916, 3), faces.shape=(856, 3))> using `load_obj` in 0.0031s
2024-08-23 16:07:16,930 DEBUG loaded <trimesh.Trimesh(vertices.shape=(48, 3), faces.shape=(28, 3))> using `load_obj` in 0.0008s
2024-08-23 16:08:27,427 INFO =====> Epoch: 6
2024-08-23 16:08:27,427 INFO =====> Loss info: {'particle_has_naninf': False, 'height_map_loss': 72.48822021484375, 'emd_loss': 52.82936096191406, 'total_loss': 52.82936096191406}
2024-08-23 16:08:27,427 INFO =====> Param: E: [347469.62], nu: [0.39077282], rho: [1729.3295], sand_angle: [31.810932]
2024-08-23 16:08:27,427 INFO =====> Grad: [ 6.6774576e-03  8.9558828e+04  4.7519516e+01  1.8917063e+03
 -3.0293584e+03 -3.3757891e+04]
2024-08-23 16:08:27,427 INFO =====> Num. aborted data so far: 0
2024-08-23 16:08:28,083 INFO ===> New TaichiEnv created.
2024-08-23 16:08:28,083 INFO ===> Specifications: horizon = 347, dt = 0.01, n_substeps = 20, dt_sub = 0.0005
2024-08-23 16:08:28,107 DEBUG loaded <trimesh.Trimesh(vertices.shape=(916, 3), faces.shape=(856, 3))> using `load_obj` in 0.0029s
2024-08-23 16:08:28,251 DEBUG loaded <trimesh.Trimesh(vertices.shape=(48, 3), faces.shape=(28, 3))> using `load_obj` in 0.0007s
2024-08-23 16:09:19,319 INFO =====> Epoch: 7
2024-08-23 16:09:19,319 INFO =====> Loss info: {'particle_has_naninf': False, 'height_map_loss': 72.42243194580078, 'emd_loss': 52.73011016845703, 'total_loss': 52.73011016845703}
2024-08-23 16:09:19,319 INFO =====> Param: E: [338722.], nu: [0.3941535], rho: [1729.8696], sand_angle: [32.353855]
2024-08-23 16:09:19,319 INFO =====> Grad: [ 2.1071030e-02 -6.0769926e+04 -3.2003906e+01 -8.4260907e+02
 -2.4896555e+03  3.3225801e+04]
2024-08-23 16:09:19,319 INFO =====> Num. aborted data so far: 0
2024-08-23 16:09:20,008 INFO ===> New TaichiEnv created.
2024-08-23 16:09:20,008 INFO ===> Specifications: horizon = 347, dt = 0.01, n_substeps = 20, dt_sub = 0.0005
2024-08-23 16:09:20,039 DEBUG loaded <trimesh.Trimesh(vertices.shape=(916, 3), faces.shape=(856, 3))> using `load_obj` in 0.0040s
2024-08-23 16:09:20,233 DEBUG loaded <trimesh.Trimesh(vertices.shape=(48, 3), faces.shape=(28, 3))> using `load_obj` in 0.0008s
2024-08-23 16:10:13,927 INFO =====> Epoch: 8
2024-08-23 16:10:13,928 INFO =====> Loss info: {'particle_has_naninf': False, 'height_map_loss': 72.69535827636719, 'emd_loss': 52.621177673339844, 'total_loss': 52.621177673339844}
2024-08-23 16:10:13,928 INFO =====> Param: E: [332191.4], nu: [0.4], rho: [1713.7782], sand_angle: [32.099735]
2024-08-23 16:10:13,928 INFO =====> Grad: [-2.2585657e-03 -1.0484611e+05  3.0448631e+01  1.0555917e+03
 -3.2105029e+02  5.8488480e+04]
2024-08-23 16:10:13,928 INFO =====> Num. aborted data so far: 0
2024-08-23 16:10:14,531 INFO ===> New TaichiEnv created.
2024-08-23 16:10:14,531 INFO ===> Specifications: horizon = 347, dt = 0.01, n_substeps = 20, dt_sub = 0.0005
2024-08-23 16:10:14,555 DEBUG loaded <trimesh.Trimesh(vertices.shape=(916, 3), faces.shape=(856, 3))> using `load_obj` in 0.0029s
2024-08-23 16:10:14,700 DEBUG loaded <trimesh.Trimesh(vertices.shape=(48, 3), faces.shape=(28, 3))> using `load_obj` in 0.0007s
2024-08-23 16:11:05,635 INFO =====> Epoch: 9
2024-08-23 16:11:05,635 INFO =====> Loss info: {'particle_has_naninf': False, 'height_map_loss': 72.62405395507812, 'emd_loss': 52.8133430480957, 'total_loss': 52.8133430480957}
2024-08-23 16:11:05,635 INFO =====> Param: E: [332495.62], nu: [0.4], rho: [1693.6265], sand_angle: [31.655788]
2024-08-23 16:11:05,635 INFO =====> Grad: [-1.1417933e-02 -7.4000773e+04  1.1028209e+01  3.2598819e+02
  5.2188550e+02 -8.8935264e+03]
2024-08-23 16:11:05,635 INFO =====> Num. aborted data so far: 0
2024-08-23 16:11:06,259 INFO ===> New TaichiEnv created.
2024-08-23 16:11:06,259 INFO ===> Specifications: horizon = 347, dt = 0.01, n_substeps = 20, dt_sub = 0.0005
2024-08-23 16:11:06,282 DEBUG loaded <trimesh.Trimesh(vertices.shape=(916, 3), faces.shape=(856, 3))> using `load_obj` in 0.0029s
2024-08-23 16:11:06,427 DEBUG loaded <trimesh.Trimesh(vertices.shape=(48, 3), faces.shape=(28, 3))> using `load_obj` in 0.0007s
2024-08-23 16:12:19,467 INFO =====> Epoch: 10
2024-08-23 16:12:19,467 INFO =====> Loss info: {'particle_has_naninf': False, 'height_map_loss': 72.85904693603516, 'emd_loss': 52.87868881225586, 'total_loss': 52.87868881225586}
2024-08-23 16:12:19,467 INFO =====> Param: E: [335732.12], nu: [0.4], rho: [1672.5361], sand_angle: [30.409134]
2024-08-23 16:12:19,467 INFO =====> Grad: [-5.7559023e-03  4.1870005e+03  5.7717662e+00  1.4115551e+03
 -1.2377987e+03  9.2370508e+03]
2024-08-23 16:12:19,467 INFO =====> Num. aborted data so far: 0
2024-08-23 16:12:20,129 INFO ===> New TaichiEnv created.
2024-08-23 16:12:20,129 INFO ===> Specifications: horizon = 347, dt = 0.01, n_substeps = 20, dt_sub = 0.0005
2024-08-23 16:12:20,152 DEBUG loaded <trimesh.Trimesh(vertices.shape=(916, 3), faces.shape=(856, 3))> using `load_obj` in 0.0030s
2024-08-23 16:12:20,297 DEBUG loaded <trimesh.Trimesh(vertices.shape=(48, 3), faces.shape=(28, 3))> using `load_obj` in 0.0007s
2024-08-23 16:13:10,710 INFO =====> Epoch: 11
2024-08-23 16:13:10,710 INFO =====> Loss info: {'particle_has_naninf': False, 'height_map_loss': 72.87965393066406, 'emd_loss': 53.20206832885742, 'total_loss': 53.20206832885742}
2024-08-23 16:13:10,710 INFO =====> Param: E: [339332.28], nu: [0.4], rho: [1654.0409], sand_angle: [30.]
2024-08-23 16:13:10,710 INFO =====> Grad: [-1.3434436e-03 -1.0400241e+05 -8.7936854e-01 -7.7600903e+02
 -1.2889747e+03  6.4245012e+04]
2024-08-23 16:13:10,710 INFO =====> Num. aborted data so far: 0
2024-08-23 16:13:11,312 INFO ===> New TaichiEnv created.
2024-08-23 16:13:11,312 INFO ===> Specifications: horizon = 347, dt = 0.01, n_substeps = 20, dt_sub = 0.0005
2024-08-23 16:13:11,336 DEBUG loaded <trimesh.Trimesh(vertices.shape=(916, 3), faces.shape=(856, 3))> using `load_obj` in 0.0029s
2024-08-23 16:13:11,479 DEBUG loaded <trimesh.Trimesh(vertices.shape=(48, 3), faces.shape=(28, 3))> using `load_obj` in 0.0007s
2024-08-23 16:14:03,234 INFO =====> Epoch: 12
2024-08-23 16:14:03,234 INFO =====> Loss info: {'particle_has_naninf': False, 'height_map_loss': 73.53649139404297, 'emd_loss': 53.34456253051758, 'total_loss': 53.34456253051758}
2024-08-23 16:14:03,234 INFO =====> Param: E: [346464.1], nu: [0.4], rho: [1645.2399], sand_angle: [30.]
2024-08-23 16:14:03,234 INFO =====> Grad: [-7.7274083e-03 -1.9347325e+05 -1.4591652e+01  3.7672614e+02
  1.4477854e+03 -6.8654391e+04]
2024-08-23 16:14:03,234 INFO =====> Num. aborted data so far: 0
2024-08-23 16:14:03,870 INFO ===> New TaichiEnv created.
2024-08-23 16:14:03,870 INFO ===> Specifications: horizon = 347, dt = 0.01, n_substeps = 20, dt_sub = 0.0005
2024-08-23 16:14:03,898 DEBUG loaded <trimesh.Trimesh(vertices.shape=(916, 3), faces.shape=(856, 3))> using `load_obj` in 0.0055s
2024-08-23 16:14:04,052 DEBUG loaded <trimesh.Trimesh(vertices.shape=(48, 3), faces.shape=(28, 3))> using `load_obj` in 0.0007s
2024-08-23 16:14:56,369 INFO =====> Epoch: 13
2024-08-23 16:14:56,369 INFO =====> Loss info: {'particle_has_naninf': False, 'height_map_loss': 73.50020599365234, 'emd_loss': 53.45130920410156, 'total_loss': 53.45130920410156}
2024-08-23 16:14:56,369 INFO =====> Param: E: [349632.06], nu: [0.4], rho: [1644.8297], sand_angle: [30.]
2024-08-23 16:14:56,369 INFO =====> Grad: [ 6.3600265e-03  1.2144211e+04 -1.4299867e+01  1.1847411e+03
 -5.0178162e+02 -8.3295439e+03]
2024-08-23 16:14:56,369 INFO =====> Num. aborted data so far: 0
2024-08-23 16:14:56,967 INFO ===> New TaichiEnv created.
2024-08-23 16:14:56,967 INFO ===> Specifications: horizon = 347, dt = 0.01, n_substeps = 20, dt_sub = 0.0005
2024-08-23 16:14:56,990 DEBUG loaded <trimesh.Trimesh(vertices.shape=(916, 3), faces.shape=(856, 3))> using `load_obj` in 0.0029s
2024-08-23 16:14:57,133 DEBUG loaded <trimesh.Trimesh(vertices.shape=(48, 3), faces.shape=(28, 3))> using `load_obj` in 0.0007s
2024-08-23 16:15:48,249 INFO =====> Epoch: 14
2024-08-23 16:15:48,249 INFO =====> Loss info: {'particle_has_naninf': False, 'height_map_loss': 73.52571105957031, 'emd_loss': 53.47446060180664, 'total_loss': 53.47446060180664}
2024-08-23 16:15:48,250 INFO =====> Param: E: [348785.9], nu: [0.4], rho: [1639.1954], sand_angle: [30.]
2024-08-23 16:15:48,250 INFO =====> Grad: [ 7.3181349e-03 -6.5032305e+03  1.0115657e+01  2.9253989e+02
  2.7878809e+03 -6.4444578e+04]
2024-08-23 16:15:48,250 INFO =====> Num. aborted data so far: 0
2024-08-23 16:15:48,871 INFO ===> New TaichiEnv created.
2024-08-23 16:15:48,871 INFO ===> Specifications: horizon = 347, dt = 0.01, n_substeps = 20, dt_sub = 0.0005
2024-08-23 16:15:48,895 DEBUG loaded <trimesh.Trimesh(vertices.shape=(916, 3), faces.shape=(856, 3))> using `load_obj` in 0.0030s
2024-08-23 16:15:49,049 DEBUG loaded <trimesh.Trimesh(vertices.shape=(48, 3), faces.shape=(28, 3))> using `load_obj` in 0.0008s
2024-08-23 16:16:42,387 INFO =====> Epoch: 15
2024-08-23 16:16:42,387 INFO =====> Loss info: {'particle_has_naninf': False, 'height_map_loss': 73.5553970336914, 'emd_loss': 53.462196350097656, 'total_loss': 53.462196350097656}
2024-08-23 16:16:42,387 INFO =====> Param: E: [348027.12], nu: [0.4], rho: [1623.5824], sand_angle: [30.]
2024-08-23 16:16:42,387 INFO =====> Grad: [-1.5879443e-05 -8.6993438e+04  2.0776154e+01  9.0505560e+02
  3.3994131e+02 -4.5035531e+04]
2024-08-23 16:16:42,387 INFO =====> Num. aborted data so far: 0
2024-08-23 16:16:42,996 INFO ===> New TaichiEnv created.
2024-08-23 16:16:42,996 INFO ===> Specifications: horizon = 347, dt = 0.01, n_substeps = 20, dt_sub = 0.0005
2024-08-23 16:16:43,018 DEBUG loaded <trimesh.Trimesh(vertices.shape=(916, 3), faces.shape=(856, 3))> using `load_obj` in 0.0029s
2024-08-23 16:16:43,163 DEBUG loaded <trimesh.Trimesh(vertices.shape=(48, 3), faces.shape=(28, 3))> using `load_obj` in 0.0007s
2024-08-23 16:17:34,450 INFO =====> Epoch: 16
2024-08-23 16:17:34,450 INFO =====> Loss info: {'particle_has_naninf': False, 'height_map_loss': 73.70831298828125, 'emd_loss': 53.34797668457031, 'total_loss': 53.34797668457031}
2024-08-23 16:17:34,450 INFO =====> Param: E: [338704.97], nu: [0.4], rho: [1600.], sand_angle: [30.]
2024-08-23 16:17:34,451 INFO =====> Grad: [ 1.81633998e-02  1.30147492e+05  2.75187531e+01 -1.23996118e+03
  1.00726886e+03  2.58182832e+04]
2024-08-23 16:17:34,451 INFO =====> Num. aborted data so far: 0
2024-08-23 16:17:35,090 INFO ===> New TaichiEnv created.
2024-08-23 16:17:35,090 INFO ===> Specifications: horizon = 347, dt = 0.01, n_substeps = 20, dt_sub = 0.0005
2024-08-23 16:17:35,114 DEBUG loaded <trimesh.Trimesh(vertices.shape=(916, 3), faces.shape=(856, 3))> using `load_obj` in 0.0030s
2024-08-23 16:17:35,263 DEBUG loaded <trimesh.Trimesh(vertices.shape=(48, 3), faces.shape=(28, 3))> using `load_obj` in 0.0007s
2024-08-23 16:18:29,834 INFO =====> Epoch: 17
2024-08-23 16:18:29,834 INFO =====> Loss info: {'particle_has_naninf': False, 'height_map_loss': 73.52719116210938, 'emd_loss': 53.33558654785156, 'total_loss': 53.33558654785156}
2024-08-23 16:18:29,834 INFO =====> Param: E: [340335.97], nu: [0.4], rho: [1600.], sand_angle: [30.]
2024-08-23 16:18:29,834 INFO =====> Grad: [-2.1219438e-02 -7.8114711e+04 -1.8405714e+01  6.5680475e+02
 -1.8782257e+03 -1.1089970e+04]
2024-08-23 16:18:29,834 INFO =====> Num. aborted data so far: 0
2024-08-23 16:18:30,470 INFO ===> New TaichiEnv created.
2024-08-23 16:18:30,470 INFO ===> Specifications: horizon = 347, dt = 0.01, n_substeps = 20, dt_sub = 0.0005
2024-08-23 16:18:30,494 DEBUG loaded <trimesh.Trimesh(vertices.shape=(916, 3), faces.shape=(856, 3))> using `load_obj` in 0.0029s
2024-08-23 16:18:30,645 DEBUG loaded <trimesh.Trimesh(vertices.shape=(48, 3), faces.shape=(28, 3))> using `load_obj` in 0.0007s
2024-08-23 16:19:22,052 INFO =====> Epoch: 18
2024-08-23 16:19:22,052 INFO =====> Loss info: {'particle_has_naninf': False, 'height_map_loss': 73.67791748046875, 'emd_loss': 53.383934020996094, 'total_loss': 53.383934020996094}
2024-08-23 16:19:22,052 INFO =====> Param: E: [339636.8], nu: [0.4], rho: [1600.], sand_angle: [30.]
2024-08-23 16:19:22,053 INFO =====> Grad: [ 4.8516695e-03  1.0836939e+05  6.0762162e+00  1.9561831e+03
  2.4614919e+03 -8.5677328e+04]
2024-08-23 16:19:22,053 INFO =====> Num. aborted data so far: 0
2024-08-23 16:19:22,665 INFO ===> New TaichiEnv created.
2024-08-23 16:19:22,665 INFO ===> Specifications: horizon = 347, dt = 0.01, n_substeps = 20, dt_sub = 0.0005
2024-08-23 16:19:22,688 DEBUG loaded <trimesh.Trimesh(vertices.shape=(916, 3), faces.shape=(856, 3))> using `load_obj` in 0.0030s
2024-08-23 16:19:22,836 DEBUG loaded <trimesh.Trimesh(vertices.shape=(48, 3), faces.shape=(28, 3))> using `load_obj` in 0.0007s
2024-08-23 16:20:13,511 INFO =====> Epoch: 19
2024-08-23 16:20:13,511 INFO =====> Loss info: {'particle_has_naninf': False, 'height_map_loss': 73.188720703125, 'emd_loss': 53.18113327026367, 'total_loss': 53.18113327026367}
2024-08-23 16:20:13,511 INFO =====> Param: E: [333631.06], nu: [0.4], rho: [1601.949], sand_angle: [30.]
2024-08-23 16:20:13,511 INFO =====> Grad: [ 1.2159334e-02  6.2968641e+04 -3.4758713e+01 -7.7677008e+02
  1.9068423e+03  1.4372447e+04]
2024-08-23 16:20:13,511 INFO =====> Num. aborted data so far: 0
2024-08-23 16:20:14,245 INFO ===> New TaichiEnv created.
2024-08-23 16:20:14,245 INFO ===> Specifications: horizon = 347, dt = 0.01, n_substeps = 20, dt_sub = 0.0005
2024-08-23 16:20:14,269 DEBUG loaded <trimesh.Trimesh(vertices.shape=(916, 3), faces.shape=(856, 3))> using `load_obj` in 0.0031s
2024-08-23 16:20:14,419 DEBUG loaded <trimesh.Trimesh(vertices.shape=(48, 3), faces.shape=(28, 3))> using `load_obj` in 0.0007s
2024-08-23 16:21:06,931 INFO =====> Epoch: 20
2024-08-23 16:21:06,931 INFO =====> Loss info: {'particle_has_naninf': False, 'height_map_loss': 72.9388656616211, 'emd_loss': 53.0377082824707, 'total_loss': 53.0377082824707}
2024-08-23 16:21:06,931 INFO =====> Param: E: [324875.38], nu: [0.4], rho: [1600.], sand_angle: [30.]
2024-08-23 16:21:06,931 INFO =====> Grad: [ 7.5203422e-03 -3.6227902e+04  1.3041560e+01  1.1206465e+03
 -7.1171152e+03 -4.5546359e+04]
2024-08-23 16:21:06,931 INFO =====> Num. aborted data so far: 0
2024-08-23 16:21:07,533 INFO ===> New TaichiEnv created.
2024-08-23 16:21:07,533 INFO ===> Specifications: horizon = 347, dt = 0.01, n_substeps = 20, dt_sub = 0.0005
2024-08-23 16:21:07,556 DEBUG loaded <trimesh.Trimesh(vertices.shape=(916, 3), faces.shape=(856, 3))> using `load_obj` in 0.0029s
2024-08-23 16:21:07,700 DEBUG loaded <trimesh.Trimesh(vertices.shape=(48, 3), faces.shape=(28, 3))> using `load_obj` in 0.0007s
2024-08-23 16:21:58,954 INFO =====> Epoch: 21
2024-08-23 16:21:58,954 INFO =====> Loss info: {'particle_has_naninf': False, 'height_map_loss': 72.9289321899414, 'emd_loss': 52.89076232910156, 'total_loss': 52.89076232910156}
2024-08-23 16:21:58,954 INFO =====> Param: E: [307202.9], nu: [0.3970507], rho: [1600.], sand_angle: [30.]
2024-08-23 16:21:58,954 INFO =====> Grad: [ 2.5216293e-02  1.2668774e+05  4.0647892e+01  1.2240042e+03
 -1.2390629e+03 -6.9767173e+03]
2024-08-23 16:21:58,954 INFO =====> Num. aborted data so far: 0
2024-08-23 16:21:59,559 INFO ===> New TaichiEnv created.
2024-08-23 16:21:59,559 INFO ===> Specifications: horizon = 347, dt = 0.01, n_substeps = 20, dt_sub = 0.0005
2024-08-23 16:21:59,582 DEBUG loaded <trimesh.Trimesh(vertices.shape=(916, 3), faces.shape=(856, 3))> using `load_obj` in 0.0029s
2024-08-23 16:21:59,727 DEBUG loaded <trimesh.Trimesh(vertices.shape=(48, 3), faces.shape=(28, 3))> using `load_obj` in 0.0007s
2024-08-23 16:22:51,099 INFO =====> Epoch: 22
2024-08-23 16:22:51,099 INFO =====> Loss info: {'particle_has_naninf': False, 'height_map_loss': 72.83911895751953, 'emd_loss': 52.94976043701172, 'total_loss': 52.94976043701172}
2024-08-23 16:22:51,099 INFO =====> Param: E: [286598.78], nu: [0.3915754], rho: [1600.], sand_angle: [30.]
2024-08-23 16:22:51,100 INFO =====> Grad: [ 1.1695903e-02  4.1357043e+04 -1.2490395e+01 -4.6968991e+02
  8.2695715e+02  4.1371188e+04]
2024-08-23 16:22:51,100 INFO =====> Num. aborted data so far: 0
2024-08-23 16:22:51,735 INFO ===> New TaichiEnv created.
2024-08-23 16:22:51,735 INFO ===> Specifications: horizon = 347, dt = 0.01, n_substeps = 20, dt_sub = 0.0005
2024-08-23 16:22:51,762 DEBUG loaded <trimesh.Trimesh(vertices.shape=(916, 3), faces.shape=(856, 3))> using `load_obj` in 0.0029s
2024-08-23 16:22:51,909 DEBUG loaded <trimesh.Trimesh(vertices.shape=(48, 3), faces.shape=(28, 3))> using `load_obj` in 0.0007s
2024-08-23 16:23:42,710 INFO =====> Epoch: 23
2024-08-23 16:23:42,710 INFO =====> Loss info: {'particle_has_naninf': False, 'height_map_loss': 72.93500518798828, 'emd_loss': 53.05804443359375, 'total_loss': 53.05804443359375}
2024-08-23 16:23:42,710 INFO =====> Param: E: [268480.34], nu: [0.38615504], rho: [1600.], sand_angle: [30.]
2024-08-23 16:23:42,711 INFO =====> Grad: [-1.5486560e-03  6.3307754e+03 -1.0201380e+01  9.5061084e+02
  8.5973932e+02  2.8426861e+04]
2024-08-23 16:23:42,711 INFO =====> Num. aborted data so far: 0
2024-08-23 16:23:43,316 INFO ===> New TaichiEnv created.
2024-08-23 16:23:43,316 INFO ===> Specifications: horizon = 347, dt = 0.01, n_substeps = 20, dt_sub = 0.0005
2024-08-23 16:23:43,341 DEBUG loaded <trimesh.Trimesh(vertices.shape=(916, 3), faces.shape=(856, 3))> using `load_obj` in 0.0028s
2024-08-23 16:23:43,492 DEBUG loaded <trimesh.Trimesh(vertices.shape=(48, 3), faces.shape=(28, 3))> using `load_obj` in 0.0007s
2024-08-23 16:24:34,215 INFO =====> Epoch: 24
2024-08-23 16:24:34,216 INFO =====> Loss info: {'particle_has_naninf': False, 'height_map_loss': 73.1331787109375, 'emd_loss': 53.128536224365234, 'total_loss': 53.128536224365234}
2024-08-23 16:24:34,216 INFO =====> Param: E: [263081.22], nu: [0.38401374], rho: [1600.], sand_angle: [30.]
2024-08-23 16:24:34,216 INFO =====> Grad: [-2.5524391e-02 -4.0085637e+04  2.4765676e+01  1.7226110e+01
  1.5096309e+03  6.4151496e+04]
2024-08-23 16:24:34,216 INFO =====> Num. aborted data so far: 0
2024-08-23 16:24:34,898 INFO ===> New TaichiEnv created.
2024-08-23 16:24:34,898 INFO ===> Specifications: horizon = 347, dt = 0.01, n_substeps = 20, dt_sub = 0.0005
2024-08-23 16:24:34,922 DEBUG loaded <trimesh.Trimesh(vertices.shape=(916, 3), faces.shape=(856, 3))> using `load_obj` in 0.0030s
2024-08-23 16:24:35,075 DEBUG loaded <trimesh.Trimesh(vertices.shape=(48, 3), faces.shape=(28, 3))> using `load_obj` in 0.0007s
2024-08-23 16:25:27,399 INFO =====> Epoch: 25
2024-08-23 16:25:27,399 INFO =====> Loss info: {'particle_has_naninf': False, 'height_map_loss': 73.24739074707031, 'emd_loss': 53.17395782470703, 'total_loss': 53.17395782470703}
2024-08-23 16:25:27,399 INFO =====> Param: E: [252813.9], nu: [0.37807384], rho: [1600.931], sand_angle: [30.]
2024-08-23 16:25:27,400 INFO =====> Grad: [ 1.4129106e-02  5.7986094e+04 -3.9250431e+01 -9.9104169e+02
  1.8781875e+03  1.2613694e+04]
2024-08-23 16:25:27,400 INFO =====> Num. aborted data so far: 0
2024-08-23 16:25:28,005 INFO ===> New TaichiEnv created.
2024-08-23 16:25:28,006 INFO ===> Specifications: horizon = 347, dt = 0.01, n_substeps = 20, dt_sub = 0.0005
2024-08-23 16:25:28,029 DEBUG loaded <trimesh.Trimesh(vertices.shape=(916, 3), faces.shape=(856, 3))> using `load_obj` in 0.0029s
2024-08-23 16:25:28,175 DEBUG loaded <trimesh.Trimesh(vertices.shape=(48, 3), faces.shape=(28, 3))> using `load_obj` in 0.0007s
2024-08-23 16:26:20,065 INFO =====> Epoch: 26
2024-08-23 16:26:20,065 INFO =====> Loss info: {'particle_has_naninf': False, 'height_map_loss': 73.21894836425781, 'emd_loss': 53.236427307128906, 'total_loss': 53.236427307128906}
2024-08-23 16:26:20,065 INFO =====> Param: E: [250000.], nu: [0.37258607], rho: [1605.9905], sand_angle: [30.]
2024-08-23 16:26:20,065 INFO =====> Grad: [-6.1336751e-03  1.0861021e+03 -9.6260004e+00  2.5413770e+02
 -2.7227383e+02  5.1664352e+04]
2024-08-23 16:26:20,065 INFO =====> Num. aborted data so far: 0
2024-08-23 16:26:20,670 INFO ===> New TaichiEnv created.
2024-08-23 16:26:20,670 INFO ===> Specifications: horizon = 347, dt = 0.01, n_substeps = 20, dt_sub = 0.0005
2024-08-23 16:26:20,693 DEBUG loaded <trimesh.Trimesh(vertices.shape=(916, 3), faces.shape=(856, 3))> using `load_obj` in 0.0029s
2024-08-23 16:26:20,839 DEBUG loaded <trimesh.Trimesh(vertices.shape=(48, 3), faces.shape=(28, 3))> using `load_obj` in 0.0007s
2024-08-23 16:27:11,530 INFO =====> Epoch: 27
2024-08-23 16:27:11,531 INFO =====> Loss info: {'particle_has_naninf': False, 'height_map_loss': 73.2275161743164, 'emd_loss': 53.14607620239258, 'total_loss': 53.14607620239258}
2024-08-23 16:27:11,531 INFO =====> Param: E: [250000.], nu: [0.36951283], rho: [1626.2455], sand_angle: [30.]
2024-08-23 16:27:11,531 INFO =====> Grad: [-9.3315775e-03 -2.7078623e+04 -3.7290230e+01 -1.2793159e+03
  7.0016174e+02 -2.2029959e+04]
2024-08-23 16:27:11,531 INFO =====> Num. aborted data so far: 0
2024-08-23 16:27:12,166 INFO ===> New TaichiEnv created.
2024-08-23 16:27:12,166 INFO ===> Specifications: horizon = 347, dt = 0.01, n_substeps = 20, dt_sub = 0.0005
2024-08-23 16:27:12,190 DEBUG loaded <trimesh.Trimesh(vertices.shape=(916, 3), faces.shape=(856, 3))> using `load_obj` in 0.0030s
2024-08-23 16:27:12,340 DEBUG loaded <trimesh.Trimesh(vertices.shape=(48, 3), faces.shape=(28, 3))> using `load_obj` in 0.0007s
2024-08-23 16:28:04,203 INFO =====> Epoch: 28
2024-08-23 16:28:04,204 INFO =====> Loss info: {'particle_has_naninf': False, 'height_map_loss': 73.24571990966797, 'emd_loss': 53.25645065307617, 'total_loss': 53.25645065307617}
2024-08-23 16:28:04,204 INFO =====> Param: E: [250000.], nu: [0.36925805], rho: [1627.1216], sand_angle: [30.]
2024-08-23 16:28:04,204 INFO =====> Grad: [ 3.1261307e-03 -3.5541238e+04  4.0788330e+01  2.8198264e+02
 -7.3403354e+03  4.3035281e+04]
2024-08-23 16:28:04,204 INFO =====> Num. aborted data so far: 0
2024-08-23 16:28:04,803 INFO ===> New TaichiEnv created.
2024-08-23 16:28:04,803 INFO ===> Specifications: horizon = 347, dt = 0.01, n_substeps = 20, dt_sub = 0.0005
2024-08-23 16:28:04,826 DEBUG loaded <trimesh.Trimesh(vertices.shape=(916, 3), faces.shape=(856, 3))> using `load_obj` in 0.0029s
2024-08-23 16:28:04,970 DEBUG loaded <trimesh.Trimesh(vertices.shape=(48, 3), faces.shape=(28, 3))> using `load_obj` in 0.0007s
2024-08-23 16:28:55,993 INFO =====> Epoch: 29
2024-08-23 16:28:55,993 INFO =====> Loss info: {'particle_has_naninf': False, 'height_map_loss': 73.35125732421875, 'emd_loss': 53.3642578125, 'total_loss': 53.3642578125}
2024-08-23 16:28:55,994 INFO =====> Param: E: [259757.06], nu: [0.37351996], rho: [1643.8018], sand_angle: [30.224325]
2024-08-23 16:28:55,994 INFO =====> Grad: [-3.5549909e-02 -6.3018125e+04 -3.9904667e+01 -1.3735225e+03
  4.0106736e+03 -1.8358516e+04]
2024-08-23 16:28:55,994 INFO =====> Num. aborted data so far: 0
2024-08-23 16:28:56,599 INFO ===> New TaichiEnv created.
2024-08-23 16:28:56,599 INFO ===> Specifications: horizon = 347, dt = 0.01, n_substeps = 20, dt_sub = 0.0005
2024-08-23 16:28:56,625 DEBUG loaded <trimesh.Trimesh(vertices.shape=(916, 3), faces.shape=(856, 3))> using `load_obj` in 0.0029s
2024-08-23 16:28:56,773 DEBUG loaded <trimesh.Trimesh(vertices.shape=(48, 3), faces.shape=(28, 3))> using `load_obj` in 0.0007s
2024-08-23 16:29:49,278 INFO =====> Epoch: 30
2024-08-23 16:29:49,278 INFO =====> Loss info: {'particle_has_naninf': False, 'height_map_loss': 73.5040054321289, 'emd_loss': 53.44651794433594, 'total_loss': 53.44651794433594}
2024-08-23 16:29:49,278 INFO =====> Param: E: [278902.78], nu: [0.3827007], rho: [1680.0289], sand_angle: [30.542822]
2024-08-23 16:29:49,278 INFO =====> Grad: [-3.2646306e-02 -7.5714805e+04 -5.9658291e+01 -2.2729617e+02
  1.8050986e+03  4.6203195e+04]
2024-08-23 16:29:49,278 INFO =====> Num. aborted data so far: 0
2024-08-23 16:29:49,880 INFO ===> New TaichiEnv created.
2024-08-23 16:29:49,881 INFO ===> Specifications: horizon = 347, dt = 0.01, n_substeps = 20, dt_sub = 0.0005
2024-08-23 16:29:49,904 DEBUG loaded <trimesh.Trimesh(vertices.shape=(916, 3), faces.shape=(856, 3))> using `load_obj` in 0.0029s
2024-08-23 16:29:50,053 DEBUG loaded <trimesh.Trimesh(vertices.shape=(48, 3), faces.shape=(28, 3))> using `load_obj` in 0.0007s
2024-08-23 16:30:40,749 INFO =====> Epoch: 31
2024-08-23 16:30:40,749 INFO =====> Loss info: {'particle_has_naninf': False, 'height_map_loss': 73.04842376708984, 'emd_loss': 53.12897872924805, 'total_loss': 53.12897872924805}
2024-08-23 16:30:40,750 INFO =====> Param: E: [287162.34], nu: [0.39213765], rho: [1711.079], sand_angle: [31.243782]
2024-08-23 16:30:40,750 INFO =====> Grad: [ 2.6013765e-02 -1.5048607e+04  5.1376305e+00 -8.2134003e+02
  8.2743561e+02 -2.8001318e+04]
2024-08-23 16:30:40,750 INFO =====> Num. aborted data so far: 0
2024-08-23 16:30:41,356 INFO ===> New TaichiEnv created.
2024-08-23 16:30:41,356 INFO ===> Specifications: horizon = 347, dt = 0.01, n_substeps = 20, dt_sub = 0.0005
2024-08-23 16:30:41,380 DEBUG loaded <trimesh.Trimesh(vertices.shape=(916, 3), faces.shape=(856, 3))> using `load_obj` in 0.0029s
2024-08-23 16:30:41,526 DEBUG loaded <trimesh.Trimesh(vertices.shape=(48, 3), faces.shape=(28, 3))> using `load_obj` in 0.0007s
2024-08-23 16:31:31,954 INFO =====> Epoch: 32
2024-08-23 16:31:31,955 INFO =====> Loss info: {'particle_has_naninf': False, 'height_map_loss': 72.9312744140625, 'emd_loss': 53.04670715332031, 'total_loss': 53.04670715332031}
2024-08-23 16:31:31,955 INFO =====> Param: E: [291645.], nu: [0.39796034], rho: [1734.3921], sand_angle: [31.311049]
2024-08-23 16:31:31,955 INFO =====> Grad: [ 9.1980575e-03  3.7876242e+04  1.2829907e+01  1.1179282e+03
 -2.5646118e+03  2.5121947e+04]
2024-08-23 16:31:31,955 INFO =====> Num. aborted data so far: 0
2024-08-23 16:31:32,752 INFO ===> New TaichiEnv created.
2024-08-23 16:31:32,752 INFO ===> Specifications: horizon = 347, dt = 0.01, n_substeps = 20, dt_sub = 0.0005
2024-08-23 16:31:32,783 DEBUG loaded <trimesh.Trimesh(vertices.shape=(916, 3), faces.shape=(856, 3))> using `load_obj` in 0.0040s
2024-08-23 16:31:32,976 DEBUG loaded <trimesh.Trimesh(vertices.shape=(48, 3), faces.shape=(28, 3))> using `load_obj` in 0.0009s
2024-08-23 16:32:24,604 INFO =====> Epoch: 33
2024-08-23 16:32:24,604 INFO =====> Loss info: {'particle_has_naninf': False, 'height_map_loss': 72.90880584716797, 'emd_loss': 53.12537384033203, 'total_loss': 53.12537384033203}
2024-08-23 16:32:24,604 INFO =====> Param: E: [291684.4], nu: [0.4], rho: [1754.4785], sand_angle: [30.908112]
2024-08-23 16:32:24,604 INFO =====> Grad: [ 1.2240770e-02  2.8500264e+04  2.9771802e+00  9.2614294e+02
  1.1792941e+03 -2.9231098e+04]
2024-08-23 16:32:24,604 INFO =====> Num. aborted data so far: 0
2024-08-23 16:32:25,206 INFO ===> New TaichiEnv created.
2024-08-23 16:32:25,206 INFO ===> Specifications: horizon = 347, dt = 0.01, n_substeps = 20, dt_sub = 0.0005
2024-08-23 16:32:25,230 DEBUG loaded <trimesh.Trimesh(vertices.shape=(916, 3), faces.shape=(856, 3))> using `load_obj` in 0.0029s
2024-08-23 16:32:25,378 DEBUG loaded <trimesh.Trimesh(vertices.shape=(48, 3), faces.shape=(28, 3))> using `load_obj` in 0.0007s
2024-08-23 16:33:15,787 INFO =====> Epoch: 34
2024-08-23 16:33:15,787 INFO =====> Loss info: {'particle_has_naninf': False, 'height_map_loss': 72.89767456054688, 'emd_loss': 53.12050247192383, 'total_loss': 53.12050247192383}
2024-08-23 16:33:15,787 INFO =====> Param: E: [285760.72], nu: [0.39668515], rho: [1786.7007], sand_angle: [31.467327]
2024-08-23 16:33:15,787 INFO =====> Grad: [ 1.8354502e-02  8.5515133e+04 -3.8303146e+01 -1.8831215e+03
  4.4873418e+03  2.9185422e+04]
2024-08-23 16:33:15,787 INFO =====> Num. aborted data so far: 0
2024-08-23 16:33:16,415 INFO ===> New TaichiEnv created.
2024-08-23 16:33:16,416 INFO ===> Specifications: horizon = 347, dt = 0.01, n_substeps = 20, dt_sub = 0.0005
2024-08-23 16:33:16,439 DEBUG loaded <trimesh.Trimesh(vertices.shape=(916, 3), faces.shape=(856, 3))> using `load_obj` in 0.0029s
2024-08-23 16:33:16,582 DEBUG loaded <trimesh.Trimesh(vertices.shape=(48, 3), faces.shape=(28, 3))> using `load_obj` in 0.0007s
2024-08-23 16:34:07,606 INFO =====> Epoch: 35
2024-08-23 16:34:07,606 INFO =====> Loss info: {'particle_has_naninf': False, 'height_map_loss': 73.13540649414062, 'emd_loss': 53.3239631652832, 'total_loss': 53.3239631652832}
2024-08-23 16:34:07,607 INFO =====> Param: E: [285282.16], nu: [0.3914219], rho: [1815.4917], sand_angle: [31.551327]
2024-08-23 16:34:07,607 INFO =====> Grad: [-1.4945825e-02  3.0904740e+04  1.4423982e+00  8.6896130e+02
  3.5453894e+03  7.6641000e+04]
2024-08-23 16:34:07,607 INFO =====> Num. aborted data so far: 0
2024-08-23 16:34:08,221 INFO ===> New TaichiEnv created.
2024-08-23 16:34:08,221 INFO ===> Specifications: horizon = 347, dt = 0.01, n_substeps = 20, dt_sub = 0.0005
2024-08-23 16:34:08,245 DEBUG loaded <trimesh.Trimesh(vertices.shape=(916, 3), faces.shape=(856, 3))> using `load_obj` in 0.0030s
2024-08-23 16:34:08,389 DEBUG loaded <trimesh.Trimesh(vertices.shape=(48, 3), faces.shape=(28, 3))> using `load_obj` in 0.0007s
2024-08-23 16:35:00,979 INFO =====> Epoch: 36
2024-08-23 16:35:00,979 INFO =====> Loss info: {'particle_has_naninf': False, 'height_map_loss': 73.2587890625, 'emd_loss': 53.4109992980957, 'total_loss': 53.4109992980957}
2024-08-23 16:35:00,980 INFO =====> Param: E: [277328.], nu: [0.38201675], rho: [1832.7325], sand_angle: [31.64838]
2024-08-23 16:35:00,980 INFO =====> Grad: [ 2.3675501e-02  6.4039633e+04  2.2762287e+01 -4.2029251e+01
  4.0640010e+03  2.4605760e+04]
2024-08-23 16:35:00,980 INFO =====> Num. aborted data so far: 0
2024-08-23 16:35:01,600 INFO ===> New TaichiEnv created.
2024-08-23 16:35:01,600 INFO ===> Specifications: horizon = 347, dt = 0.01, n_substeps = 20, dt_sub = 0.0005
2024-08-23 16:35:01,625 DEBUG loaded <trimesh.Trimesh(vertices.shape=(916, 3), faces.shape=(856, 3))> using `load_obj` in 0.0028s
2024-08-23 16:35:01,778 DEBUG loaded <trimesh.Trimesh(vertices.shape=(48, 3), faces.shape=(28, 3))> using `load_obj` in 0.0007s
2024-08-23 16:35:53,141 INFO =====> Epoch: 37
2024-08-23 16:35:53,141 INFO =====> Loss info: {'particle_has_naninf': False, 'height_map_loss': 73.30534362792969, 'emd_loss': 53.4908332824707, 'total_loss': 53.4908332824707}
2024-08-23 16:35:53,141 INFO =====> Param: E: [277959.38], nu: [0.37824154], rho: [1861.4822], sand_angle: [32.90454]
2024-08-23 16:35:53,141 INFO =====> Grad: [-2.4527397e-02 -6.4331508e+04 -3.5510395e+01 -2.5615156e+03
  5.0190767e+03  2.2704891e+04]
2024-08-23 16:35:53,141 INFO =====> Num. aborted data so far: 0
2024-08-23 16:35:53,767 INFO ===> New TaichiEnv created.
2024-08-23 16:35:53,768 INFO ===> Specifications: horizon = 347, dt = 0.01, n_substeps = 20, dt_sub = 0.0005
2024-08-23 16:35:53,791 DEBUG loaded <trimesh.Trimesh(vertices.shape=(916, 3), faces.shape=(856, 3))> using `load_obj` in 0.0030s
2024-08-23 16:35:53,937 DEBUG loaded <trimesh.Trimesh(vertices.shape=(48, 3), faces.shape=(28, 3))> using `load_obj` in 0.0007s
2024-08-23 16:36:45,464 INFO =====> Epoch: 38
2024-08-23 16:36:45,465 INFO =====> Loss info: {'particle_has_naninf': False, 'height_map_loss': 73.6600112915039, 'emd_loss': 53.42290496826172, 'total_loss': 53.42290496826172}
2024-08-23 16:36:45,465 INFO =====> Param: E: [280616.03], nu: [0.37736768], rho: [1865.1349], sand_angle: [33.968765]
2024-08-23 16:36:45,465 INFO =====> Grad: [-6.6174469e-03 -3.4717875e+04  5.8316154e+01  1.7021129e+02
  2.9253643e+03  5.4958199e+04]
2024-08-23 16:36:45,465 INFO =====> Num. aborted data so far: 0
2024-08-23 16:36:46,063 INFO ===> New TaichiEnv created.
2024-08-23 16:36:46,064 INFO ===> Specifications: horizon = 347, dt = 0.01, n_substeps = 20, dt_sub = 0.0005
2024-08-23 16:36:46,087 DEBUG loaded <trimesh.Trimesh(vertices.shape=(916, 3), faces.shape=(856, 3))> using `load_obj` in 0.0029s
2024-08-23 16:36:46,231 DEBUG loaded <trimesh.Trimesh(vertices.shape=(48, 3), faces.shape=(28, 3))> using `load_obj` in 0.0007s
2024-08-23 16:37:36,884 INFO =====> Epoch: 39
2024-08-23 16:37:36,885 INFO =====> Loss info: {'particle_has_naninf': False, 'height_map_loss': 73.49456787109375, 'emd_loss': 53.18214416503906, 'total_loss': 53.18214416503906}
2024-08-23 16:37:36,885 INFO =====> Param: E: [286081.3], nu: [0.3743814], rho: [1868.7915], sand_angle: [35.2995]
2024-08-23 16:37:36,885 INFO =====> Grad: [-9.6518397e-03  2.9575324e+04 -9.1140711e-01 -7.9169489e+02
  2.6600881e+03 -4.9635396e+03]
2024-08-23 16:37:36,885 INFO =====> Num. aborted data so far: 0
2024-08-23 16:37:37,488 INFO ===> New TaichiEnv created.
2024-08-23 16:37:37,489 INFO ===> Specifications: horizon = 347, dt = 0.01, n_substeps = 20, dt_sub = 0.0005
2024-08-23 16:37:37,513 DEBUG loaded <trimesh.Trimesh(vertices.shape=(916, 3), faces.shape=(856, 3))> using `load_obj` in 0.0030s
2024-08-23 16:37:37,659 DEBUG loaded <trimesh.Trimesh(vertices.shape=(48, 3), faces.shape=(28, 3))> using `load_obj` in 0.0007s
2024-08-23 16:38:29,752 INFO =====> Epoch: 40
2024-08-23 16:38:29,752 INFO =====> Loss info: {'particle_has_naninf': False, 'height_map_loss': 73.59050750732422, 'emd_loss': 52.771034240722656, 'total_loss': 52.771034240722656}
2024-08-23 16:38:29,753 INFO =====> Param: E: [290441.6], nu: [0.37014505], rho: [1874.2617], sand_angle: [35.994984]
2024-08-23 16:38:29,753 INFO =====> Grad: [ 1.9118350e-03  2.0320746e+04 -5.8225894e+00  1.0766832e+03
 -1.4265128e+04 -2.7425070e+04]
2024-08-23 16:38:29,753 INFO =====> Num. aborted data so far: 0
2024-08-23 16:38:30,373 INFO ===> New TaichiEnv created.
2024-08-23 16:38:30,373 INFO ===> Specifications: horizon = 347, dt = 0.01, n_substeps = 20, dt_sub = 0.0005
2024-08-23 16:38:30,396 DEBUG loaded <trimesh.Trimesh(vertices.shape=(916, 3), faces.shape=(856, 3))> using `load_obj` in 0.0029s
2024-08-23 16:38:30,547 DEBUG loaded <trimesh.Trimesh(vertices.shape=(48, 3), faces.shape=(28, 3))> using `load_obj` in 0.0007s
2024-08-23 16:39:22,216 INFO =====> Epoch: 41
2024-08-23 16:39:22,216 INFO =====> Loss info: {'particle_has_naninf': False, 'height_map_loss': 73.38416290283203, 'emd_loss': 52.2932243347168, 'total_loss': 52.2932243347168}
2024-08-23 16:39:22,216 INFO =====> Param: E: [291963.6], nu: [0.3679783], rho: [1883.9817], sand_angle: [36.554546]
2024-08-23 16:39:22,217 INFO =====> Grad: [ 7.5371163e-03 -2.2255990e+04 -1.2807551e+01  1.5552211e+02
  2.6115469e+03 -2.3875547e+04]
2024-08-23 16:39:22,217 INFO =====> Num. aborted data so far: 0
2024-08-23 16:39:22,826 INFO ===> New TaichiEnv created.
2024-08-23 16:39:22,826 INFO ===> Specifications: horizon = 347, dt = 0.01, n_substeps = 20, dt_sub = 0.0005
2024-08-23 16:39:22,850 DEBUG loaded <trimesh.Trimesh(vertices.shape=(916, 3), faces.shape=(856, 3))> using `load_obj` in 0.0029s
2024-08-23 16:39:22,997 DEBUG loaded <trimesh.Trimesh(vertices.shape=(48, 3), faces.shape=(28, 3))> using `load_obj` in 0.0007s
2024-08-23 16:40:13,970 INFO =====> Epoch: 42
2024-08-23 16:40:13,970 INFO =====> Loss info: {'particle_has_naninf': False, 'height_map_loss': 73.06999969482422, 'emd_loss': 51.958335876464844, 'total_loss': 51.958335876464844}
2024-08-23 16:40:13,970 INFO =====> Param: E: [293684.2], nu: [0.3653481], rho: [1882.95], sand_angle: [36.790176]
2024-08-23 16:40:13,970 INFO =====> Grad: [-1.0291622e-03  8.6282529e+03  2.6337818e+01  5.7373987e+02
  2.5553127e+04  9.5579287e+03]
2024-08-23 16:40:13,970 INFO =====> Num. aborted data so far: 0
2024-08-23 16:40:14,570 INFO ===> New TaichiEnv created.
2024-08-23 16:40:14,570 INFO ===> Specifications: horizon = 347, dt = 0.01, n_substeps = 20, dt_sub = 0.0005
2024-08-23 16:40:14,593 DEBUG loaded <trimesh.Trimesh(vertices.shape=(916, 3), faces.shape=(856, 3))> using `load_obj` in 0.0028s
2024-08-23 16:40:14,740 DEBUG loaded <trimesh.Trimesh(vertices.shape=(48, 3), faces.shape=(28, 3))> using `load_obj` in 0.0007s
2024-08-23 16:41:06,196 INFO =====> Epoch: 43
2024-08-23 16:41:06,196 INFO =====> Loss info: {'particle_has_naninf': False, 'height_map_loss': 73.12678527832031, 'emd_loss': 52.050697326660156, 'total_loss': 52.050697326660156}
2024-08-23 16:41:06,196 INFO =====> Param: E: [299126.84], nu: [0.35979587], rho: [1867.1488], sand_angle: [36.372105]
2024-08-23 16:41:06,196 INFO =====> Grad: [-1.1866077e-02  4.1241930e+04  4.0722050e+01  1.3374590e+03
 -8.8246475e+03  1.7022549e+04]
2024-08-23 16:41:06,196 INFO =====> Num. aborted data so far: 0
2024-08-23 16:41:06,866 INFO ===> New TaichiEnv created.
2024-08-23 16:41:06,866 INFO ===> Specifications: horizon = 347, dt = 0.01, n_substeps = 20, dt_sub = 0.0005
2024-08-23 16:41:06,890 DEBUG loaded <trimesh.Trimesh(vertices.shape=(916, 3), faces.shape=(856, 3))> using `load_obj` in 0.0030s
2024-08-23 16:41:07,035 DEBUG loaded <trimesh.Trimesh(vertices.shape=(48, 3), faces.shape=(28, 3))> using `load_obj` in 0.0007s
2024-08-23 16:41:58,801 INFO =====> Epoch: 44
2024-08-23 16:41:58,801 INFO =====> Loss info: {'particle_has_naninf': False, 'height_map_loss': 73.76937866210938, 'emd_loss': 52.20410919189453, 'total_loss': 52.20410919189453}
2024-08-23 16:41:58,801 INFO =====> Param: E: [304383.88], nu: [0.35705888], rho: [1857.7543], sand_angle: [35.881516]
2024-08-23 16:41:58,801 INFO =====> Grad: [-9.2739018e-04 -2.9685668e+04 -1.3401988e+01  2.3292606e+02
  6.7548540e+03  7.2988945e+03]
2024-08-23 16:41:58,802 INFO =====> Num. aborted data so far: 0
2024-08-23 16:41:59,433 INFO ===> New TaichiEnv created.
2024-08-23 16:41:59,434 INFO ===> Specifications: horizon = 347, dt = 0.01, n_substeps = 20, dt_sub = 0.0005
2024-08-23 16:41:59,456 DEBUG loaded <trimesh.Trimesh(vertices.shape=(916, 3), faces.shape=(856, 3))> using `load_obj` in 0.0029s
2024-08-23 16:41:59,632 DEBUG loaded <trimesh.Trimesh(vertices.shape=(48, 3), faces.shape=(28, 3))> using `load_obj` in 0.0008s
2024-08-23 16:42:52,518 INFO =====> Epoch: 45
2024-08-23 16:42:52,518 INFO =====> Loss info: {'particle_has_naninf': False, 'height_map_loss': 73.732177734375, 'emd_loss': 52.378116607666016, 'total_loss': 52.378116607666016}
2024-08-23 16:42:52,518 INFO =====> Param: E: [309903.72], nu: [0.35266992], rho: [1837.7805], sand_angle: [34.623222]
2024-08-23 16:42:52,518 INFO =====> Grad: [-2.2133875e-03  2.4350219e+04  3.1507658e+01  1.7754421e+03
  1.7761756e+04  9.8262568e+03]
2024-08-23 16:42:52,518 INFO =====> Num. aborted data so far: 0
2024-08-23 16:42:53,146 INFO ===> New TaichiEnv created.
2024-08-23 16:42:53,146 INFO ===> Specifications: horizon = 347, dt = 0.01, n_substeps = 20, dt_sub = 0.0005
2024-08-23 16:42:53,170 DEBUG loaded <trimesh.Trimesh(vertices.shape=(916, 3), faces.shape=(856, 3))> using `load_obj` in 0.0029s
2024-08-23 16:42:53,322 DEBUG loaded <trimesh.Trimesh(vertices.shape=(48, 3), faces.shape=(28, 3))> using `load_obj` in 0.0007s
2024-08-23 16:43:44,715 INFO =====> Epoch: 46
2024-08-23 16:43:44,715 INFO =====> Loss info: {'particle_has_naninf': False, 'height_map_loss': 74.66068267822266, 'emd_loss': 53.73234558105469, 'total_loss': 53.73234558105469}
2024-08-23 16:43:44,715 INFO =====> Param: E: [315810.78], nu: [0.34751645], rho: [1818.5188], sand_angle: [33.614475]
2024-08-23 16:43:44,716 INFO =====> Grad: [-2.6342855e-03  1.4758880e+04  2.9774115e+00 -2.8640302e+02
 -1.3116886e+04 -3.1717578e+03]
2024-08-23 16:43:44,716 INFO =====> Num. aborted data so far: 0
2024-08-23 16:43:45,315 INFO ===> New TaichiEnv created.
2024-08-23 16:43:45,315 INFO ===> Specifications: horizon = 347, dt = 0.01, n_substeps = 20, dt_sub = 0.0005
2024-08-23 16:43:45,338 DEBUG loaded <trimesh.Trimesh(vertices.shape=(916, 3), faces.shape=(856, 3))> using `load_obj` in 0.0029s
2024-08-23 16:43:45,483 DEBUG loaded <trimesh.Trimesh(vertices.shape=(48, 3), faces.shape=(28, 3))> using `load_obj` in 0.0007s
2024-08-23 16:44:36,700 INFO =====> Epoch: 47
2024-08-23 16:44:36,700 INFO =====> Loss info: {'particle_has_naninf': False, 'height_map_loss': 74.78269958496094, 'emd_loss': 53.86808776855469, 'total_loss': 53.86808776855469}
2024-08-23 16:44:36,700 INFO =====> Param: E: [323858.56], nu: [0.33932543], rho: [1810.5792], sand_angle: [32.850914]
2024-08-23 16:44:36,700 INFO =====> Grad: [-7.9192063e-03  4.4507309e+04 -2.5374527e+01 -3.2209894e+02
  3.1726938e+04  4.8784262e+04]
2024-08-23 16:44:36,700 INFO =====> Num. aborted data so far: 0
2024-08-23 16:44:37,356 INFO ===> New TaichiEnv created.
2024-08-23 16:44:37,356 INFO ===> Specifications: horizon = 347, dt = 0.01, n_substeps = 20, dt_sub = 0.0005
2024-08-23 16:44:37,380 DEBUG loaded <trimesh.Trimesh(vertices.shape=(916, 3), faces.shape=(856, 3))> using `load_obj` in 0.0029s
2024-08-23 16:44:37,525 DEBUG loaded <trimesh.Trimesh(vertices.shape=(48, 3), faces.shape=(28, 3))> using `load_obj` in 0.0007s
2024-08-23 16:45:28,945 INFO =====> Epoch: 48
2024-08-23 16:45:28,945 INFO =====> Loss info: {'particle_has_naninf': False, 'height_map_loss': 75.18101501464844, 'emd_loss': 54.2141227722168, 'total_loss': 54.2141227722168}
2024-08-23 16:45:28,945 INFO =====> Param: E: [329309.], nu: [0.33109152], rho: [1807.8226], sand_angle: [32.217754]
2024-08-23 16:45:28,945 INFO =====> Grad: [ 5.40483184e-03  9.86794531e+03 -1.18968010e+01 -1.27076775e+02
 -9.26252930e+03 -4.85063945e+04]
2024-08-23 16:45:28,945 INFO =====> Num. aborted data so far: 0
2024-08-23 16:45:29,555 INFO ===> New TaichiEnv created.
2024-08-23 16:45:29,555 INFO ===> Specifications: horizon = 347, dt = 0.01, n_substeps = 20, dt_sub = 0.0005
2024-08-23 16:45:29,583 DEBUG loaded <trimesh.Trimesh(vertices.shape=(916, 3), faces.shape=(856, 3))> using `load_obj` in 0.0061s
2024-08-23 16:45:29,733 DEBUG loaded <trimesh.Trimesh(vertices.shape=(48, 3), faces.shape=(28, 3))> using `load_obj` in 0.0007s
2024-08-23 16:46:23,495 INFO =====> Epoch: 49
2024-08-23 16:46:23,495 INFO =====> Loss info: {'particle_has_naninf': False, 'height_map_loss': 75.03237915039062, 'emd_loss': 54.271732330322266, 'total_loss': 54.271732330322266}
2024-08-23 16:46:23,495 INFO =====> Param: E: [335362.62], nu: [0.32656777], rho: [1803.1451], sand_angle: [31.484419]
2024-08-23 16:46:23,495 INFO =====> Grad: [-3.1836638e-03 -3.6393809e+04  5.7622166e+00  3.2837994e+02
 -2.0833398e+04 -1.8592463e+04]
2024-08-23 16:46:23,495 INFO =====> Num. aborted data so far: 0
2024-08-23 16:46:24,110 INFO ===> New TaichiEnv created.
2024-08-23 16:46:24,110 INFO ===> Specifications: horizon = 347, dt = 0.01, n_substeps = 20, dt_sub = 0.0005
2024-08-23 16:46:24,134 DEBUG loaded <trimesh.Trimesh(vertices.shape=(916, 3), faces.shape=(856, 3))> using `load_obj` in 0.0030s
2024-08-23 16:46:24,285 DEBUG loaded <trimesh.Trimesh(vertices.shape=(48, 3), faces.shape=(28, 3))> using `load_obj` in 0.0007s
2024-08-23 16:47:14,817 INFO =====> Epoch: 50
2024-08-23 16:47:14,817 INFO =====> Loss info: {'particle_has_naninf': False, 'height_map_loss': 74.99777221679688, 'emd_loss': 54.292110443115234, 'total_loss': 54.292110443115234}
2024-08-23 16:47:14,817 INFO =====> Param: E: [345422.72], nu: [0.32233804], rho: [1786.8821], sand_angle: [30.]
2024-08-23 16:47:14,817 INFO =====> Grad: [-1.3285071e-02  1.4614320e+03  3.2178394e+01  1.7863989e+03
  2.7577008e+04 -3.4793449e+04]
2024-08-23 16:47:14,817 INFO =====> Num. aborted data so far: 0
2024-08-23 16:47:15,422 INFO ===> New TaichiEnv created.
2024-08-23 16:47:15,422 INFO ===> Specifications: horizon = 347, dt = 0.01, n_substeps = 20, dt_sub = 0.0005
2024-08-23 16:47:15,445 DEBUG loaded <trimesh.Trimesh(vertices.shape=(916, 3), faces.shape=(856, 3))> using `load_obj` in 0.0029s
2024-08-23 16:47:15,587 DEBUG loaded <trimesh.Trimesh(vertices.shape=(48, 3), faces.shape=(28, 3))> using `load_obj` in 0.0007s
2024-08-23 16:48:06,687 INFO =====> Epoch: 51
2024-08-23 16:48:06,687 INFO =====> Loss info: {'particle_has_naninf': False, 'height_map_loss': 75.81742095947266, 'emd_loss': 54.98438262939453, 'total_loss': 54.98438262939453}
2024-08-23 16:48:06,687 INFO =====> Param: E: [357515.66], nu: [0.31843352], rho: [1760.6277], sand_angle: [30.]
2024-08-23 16:48:06,687 INFO =====> Grad: [-8.5568773e-03  7.4805310e+02  3.1241655e+01  4.2743463e+02
 -1.4771001e+04 -1.1238333e+04]
2024-08-23 16:48:06,687 INFO =====> Num. aborted data so far: 0
2024-08-23 16:48:07,296 INFO ===> New TaichiEnv created.
2024-08-23 16:48:07,296 INFO ===> Specifications: horizon = 347, dt = 0.01, n_substeps = 20, dt_sub = 0.0005
2024-08-23 16:48:07,319 DEBUG loaded <trimesh.Trimesh(vertices.shape=(916, 3), faces.shape=(856, 3))> using `load_obj` in 0.0029s
2024-08-23 16:48:07,464 DEBUG loaded <trimesh.Trimesh(vertices.shape=(48, 3), faces.shape=(28, 3))> using `load_obj` in 0.0007s
2024-08-23 16:48:58,523 INFO =====> Epoch: 52
2024-08-23 16:48:58,523 INFO =====> Loss info: {'particle_has_naninf': False, 'height_map_loss': 75.6408920288086, 'emd_loss': 54.92738342285156, 'total_loss': 54.92738342285156}
2024-08-23 16:48:58,524 INFO =====> Param: E: [370231.5], nu: [0.31615165], rho: [1748.4126], sand_angle: [30.]
2024-08-23 16:48:58,524 INFO =====> Grad: [-4.9559572e-03 -1.5239716e+04 -3.0436308e+01 -8.7986633e+02
  9.8341571e+02 -1.5353243e+04]
2024-08-23 16:48:58,524 INFO =====> Num. aborted data so far: 0
2024-08-23 16:48:59,133 INFO ===> New TaichiEnv created.
2024-08-23 16:48:59,133 INFO ===> Specifications: horizon = 347, dt = 0.01, n_substeps = 20, dt_sub = 0.0005
2024-08-23 16:48:59,158 DEBUG loaded <trimesh.Trimesh(vertices.shape=(916, 3), faces.shape=(856, 3))> using `load_obj` in 0.0029s
2024-08-23 16:48:59,302 DEBUG loaded <trimesh.Trimesh(vertices.shape=(48, 3), faces.shape=(28, 3))> using `load_obj` in 0.0007s
2024-08-23 16:49:50,729 INFO =====> Epoch: 53
2024-08-23 16:49:50,729 INFO =====> Loss info: {'particle_has_naninf': False, 'height_map_loss': 75.43334197998047, 'emd_loss': 54.848915100097656, 'total_loss': 54.848915100097656}
2024-08-23 16:49:50,729 INFO =====> Param: E: [377416.22], nu: [0.31274414], rho: [1730.1188], sand_angle: [30.]
2024-08-23 16:49:50,729 INFO =====> Grad: [ 1.2159067e-02  1.5985246e+04  1.9387564e+01  1.0938793e+03
 -6.8722300e+03  6.7997095e+03]
2024-08-23 16:49:50,729 INFO =====> Num. aborted data so far: 0
2024-08-23 16:49:51,347 INFO ===> New TaichiEnv created.
2024-08-23 16:49:51,348 INFO ===> Specifications: horizon = 347, dt = 0.01, n_substeps = 20, dt_sub = 0.0005
2024-08-23 16:49:51,371 DEBUG loaded <trimesh.Trimesh(vertices.shape=(916, 3), faces.shape=(856, 3))> using `load_obj` in 0.0030s
2024-08-23 16:49:51,525 DEBUG loaded <trimesh.Trimesh(vertices.shape=(48, 3), faces.shape=(28, 3))> using `load_obj` in 0.0007s
2024-08-23 16:50:44,411 INFO =====> Epoch: 54
2024-08-23 16:50:44,412 INFO =====> Loss info: {'particle_has_naninf': False, 'height_map_loss': 75.60377502441406, 'emd_loss': 54.87580108642578, 'total_loss': 54.87580108642578}
2024-08-23 16:50:44,413 INFO =====> Param: E: [377796.6], nu: [0.307201], rho: [1706.648], sand_angle: [30.]
2024-08-23 16:50:44,413 INFO =====> Grad: [ 1.7263394e-02  2.9172596e+04  1.8437897e+01 -5.6440777e+01
 -3.2085943e+04  2.6951238e+03]
2024-08-23 16:50:44,413 INFO =====> Num. aborted data so far: 0
2024-08-23 16:50:45,026 INFO ===> New TaichiEnv created.
2024-08-23 16:50:45,026 INFO ===> Specifications: horizon = 347, dt = 0.01, n_substeps = 20, dt_sub = 0.0005
2024-08-23 16:50:45,049 DEBUG loaded <trimesh.Trimesh(vertices.shape=(916, 3), faces.shape=(856, 3))> using `load_obj` in 0.0029s
2024-08-23 16:50:45,195 DEBUG loaded <trimesh.Trimesh(vertices.shape=(48, 3), faces.shape=(28, 3))> using `load_obj` in 0.0007s
2024-08-23 16:51:37,453 INFO =====> Epoch: 55
2024-08-23 16:51:37,453 INFO =====> Loss info: {'particle_has_naninf': False, 'height_map_loss': 76.02816009521484, 'emd_loss': 54.96493148803711, 'total_loss': 54.96493148803711}
2024-08-23 16:51:37,453 INFO =====> Param: E: [381677.66], nu: [0.30480263], rho: [1703.6902], sand_angle: [30.]
2024-08-23 16:51:37,453 INFO =====> Grad: [-1.00403065e-02 -3.09612441e+04 -4.81664543e+01 -2.29609668e+03
  2.88672882e+02  1.56901201e+04]
2024-08-23 16:51:37,453 INFO =====> Num. aborted data so far: 0
2024-08-23 16:51:38,057 INFO ===> New TaichiEnv created.
2024-08-23 16:51:38,058 INFO ===> Specifications: horizon = 347, dt = 0.01, n_substeps = 20, dt_sub = 0.0005
2024-08-23 16:51:38,086 DEBUG loaded <trimesh.Trimesh(vertices.shape=(916, 3), faces.shape=(856, 3))> using `load_obj` in 0.0029s
2024-08-23 16:51:38,232 DEBUG loaded <trimesh.Trimesh(vertices.shape=(48, 3), faces.shape=(28, 3))> using `load_obj` in 0.0007s
2024-08-23 16:52:29,477 INFO =====> Epoch: 56
2024-08-23 16:52:29,477 INFO =====> Loss info: {'particle_has_naninf': False, 'height_map_loss': 75.85064697265625, 'emd_loss': 54.92750549316406, 'total_loss': 54.92750549316406}
2024-08-23 16:52:29,477 INFO =====> Param: E: [383464.66], nu: [0.30283347], rho: [1685.5988], sand_angle: [30.164583]
2024-08-23 16:52:29,477 INFO =====> Grad: [ 4.8814216e-03 -2.4396555e+03  4.2552883e+01 -3.8734137e+02
 -4.6535112e+03  9.9628232e+03]
2024-08-23 16:52:29,477 INFO =====> Num. aborted data so far: 0
2024-08-23 16:52:30,079 INFO ===> New TaichiEnv created.
2024-08-23 16:52:30,079 INFO ===> Specifications: horizon = 347, dt = 0.01, n_substeps = 20, dt_sub = 0.0005
2024-08-23 16:52:30,103 DEBUG loaded <trimesh.Trimesh(vertices.shape=(916, 3), faces.shape=(856, 3))> using `load_obj` in 0.0029s
2024-08-23 16:52:30,246 DEBUG loaded <trimesh.Trimesh(vertices.shape=(48, 3), faces.shape=(28, 3))> using `load_obj` in 0.0007s
2024-08-23 16:53:21,682 INFO =====> Epoch: 57
2024-08-23 16:53:21,682 INFO =====> Loss info: {'particle_has_naninf': False, 'height_map_loss': 75.94862365722656, 'emd_loss': 54.909339904785156, 'total_loss': 54.909339904785156}
2024-08-23 16:53:21,682 INFO =====> Param: E: [381888.47], nu: [0.29943505], rho: [1659.2816], sand_angle: [30.41799]
2024-08-23 16:53:21,682 INFO =====> Grad: [ 8.9468062e-03  1.8720623e+04  2.7633368e+01 -2.1995947e+02
 -3.1650098e+02  3.2654597e+03]
2024-08-23 16:53:21,682 INFO =====> Num. aborted data so far: 0
2024-08-23 16:53:22,306 INFO ===> New TaichiEnv created.
2024-08-23 16:53:22,306 INFO ===> Specifications: horizon = 347, dt = 0.01, n_substeps = 20, dt_sub = 0.0005
2024-08-23 16:53:22,330 DEBUG loaded <trimesh.Trimesh(vertices.shape=(916, 3), faces.shape=(856, 3))> using `load_obj` in 0.0030s
2024-08-23 16:53:22,475 DEBUG loaded <trimesh.Trimesh(vertices.shape=(48, 3), faces.shape=(28, 3))> using `load_obj` in 0.0007s
2024-08-23 16:54:14,862 INFO =====> Epoch: 58
2024-08-23 16:54:14,862 INFO =====> Loss info: {'particle_has_naninf': False, 'height_map_loss': 75.63018798828125, 'emd_loss': 54.654544830322266, 'total_loss': 54.654544830322266}
2024-08-23 16:54:14,862 INFO =====> Param: E: [376350.72], nu: [0.29271126], rho: [1633.1829], sand_angle: [30.652252]
2024-08-23 16:54:14,862 INFO =====> Grad: [ 1.1501825e-02  4.2251430e+04  6.0594316e+00 -8.8675985e+00
  1.0346300e+03  6.1228547e+04]
2024-08-23 16:54:14,862 INFO =====> Num. aborted data so far: 0
2024-08-23 16:54:15,473 INFO ===> New TaichiEnv created.
2024-08-23 16:54:15,473 INFO ===> Specifications: horizon = 347, dt = 0.01, n_substeps = 20, dt_sub = 0.0005
2024-08-23 16:54:15,497 DEBUG loaded <trimesh.Trimesh(vertices.shape=(916, 3), faces.shape=(856, 3))> using `load_obj` in 0.0031s
2024-08-23 16:54:15,644 DEBUG loaded <trimesh.Trimesh(vertices.shape=(48, 3), faces.shape=(28, 3))> using `load_obj` in 0.0007s
2024-08-23 16:55:06,798 INFO =====> Epoch: 59
2024-08-23 16:55:06,799 INFO =====> Loss info: {'particle_has_naninf': False, 'height_map_loss': 75.6919937133789, 'emd_loss': 54.50123596191406, 'total_loss': 54.50123596191406}
2024-08-23 16:55:06,799 INFO =====> Param: E: [375670.38], nu: [0.2912527], rho: [1623.8708], sand_angle: [31.160292]
2024-08-23 16:55:06,799 INFO =====> Grad: [-1.2031774e-02 -5.3138641e+04 -3.8486919e+01 -6.1715558e+02
  2.5779409e+03 -3.2196340e+03]
2024-08-23 16:55:06,799 INFO =====> Num. aborted data so far: 0
2024-08-23 16:55:07,407 INFO ===> New TaichiEnv created.
2024-08-23 16:55:07,408 INFO ===> Specifications: horizon = 347, dt = 0.01, n_substeps = 20, dt_sub = 0.0005
2024-08-23 16:55:07,431 DEBUG loaded <trimesh.Trimesh(vertices.shape=(916, 3), faces.shape=(856, 3))> using `load_obj` in 0.0029s
2024-08-23 16:55:07,575 DEBUG loaded <trimesh.Trimesh(vertices.shape=(48, 3), faces.shape=(28, 3))> using `load_obj` in 0.0007s
2024-08-23 16:55:59,083 INFO =====> Epoch: 60
2024-08-23 16:55:59,083 INFO =====> Loss info: {'particle_has_naninf': False, 'height_map_loss': 75.51052856445312, 'emd_loss': 54.346473693847656, 'total_loss': 54.346473693847656}
2024-08-23 16:55:59,083 INFO =====> Param: E: [380838.1], nu: [0.28992227], rho: [1618.2257], sand_angle: [31.941925]
2024-08-23 16:55:59,083 INFO =====> Grad: [-1.6164901e-02  7.7453545e+01 -7.6517725e+00 -6.6839441e+02
  8.8122129e+03 -5.5241968e+03]
2024-08-23 16:55:59,083 INFO =====> Num. aborted data so far: 0
2024-08-23 16:55:59,686 INFO ===> New TaichiEnv created.
2024-08-23 16:55:59,686 INFO ===> Specifications: horizon = 347, dt = 0.01, n_substeps = 20, dt_sub = 0.0005
2024-08-23 16:55:59,709 DEBUG loaded <trimesh.Trimesh(vertices.shape=(916, 3), faces.shape=(856, 3))> using `load_obj` in 0.0029s
2024-08-23 16:55:59,853 DEBUG loaded <trimesh.Trimesh(vertices.shape=(48, 3), faces.shape=(28, 3))> using `load_obj` in 0.0007s
2024-08-23 16:56:50,943 INFO =====> Epoch: 61
2024-08-23 16:56:50,943 INFO =====> Loss info: {'particle_has_naninf': False, 'height_map_loss': 74.98639678955078, 'emd_loss': 54.08296203613281, 'total_loss': 54.08296203613281}
2024-08-23 16:56:50,943 INFO =====> Param: E: [381602.03], nu: [0.28473946], rho: [1602.2487], sand_angle: [32.72707]
2024-08-23 16:56:50,944 INFO =====> Grad: [ 1.0880889e-02  4.5483391e+04  2.9850290e+01 -1.5641875e+02
 -2.1100588e+03 -1.1472518e+04]
2024-08-23 16:56:50,944 INFO =====> Num. aborted data so far: 0
2024-08-23 16:56:51,549 INFO ===> New TaichiEnv created.
2024-08-23 16:56:51,549 INFO ===> Specifications: horizon = 347, dt = 0.01, n_substeps = 20, dt_sub = 0.0005
2024-08-23 16:56:51,575 DEBUG loaded <trimesh.Trimesh(vertices.shape=(916, 3), faces.shape=(856, 3))> using `load_obj` in 0.0029s
2024-08-23 16:56:51,727 DEBUG loaded <trimesh.Trimesh(vertices.shape=(48, 3), faces.shape=(28, 3))> using `load_obj` in 0.0007s
2024-08-23 16:57:43,156 INFO =====> Epoch: 62
2024-08-23 16:57:43,156 INFO =====> Loss info: {'particle_has_naninf': False, 'height_map_loss': 75.02925109863281, 'emd_loss': 54.07114028930664, 'total_loss': 54.07114028930664}
2024-08-23 16:57:43,156 INFO =====> Param: E: [380166.44], nu: [0.2781766], rho: [1600.], sand_angle: [33.278976]
2024-08-23 16:57:43,156 INFO =====> Grad: [ 5.8945655e-03  2.1163078e+04  1.9995891e-01  3.2665414e+02
  2.5550063e+03 -2.0399723e+04]
2024-08-23 16:57:43,156 INFO =====> Num. aborted data so far: 0
2024-08-23 16:57:43,777 INFO ===> New TaichiEnv created.
2024-08-23 16:57:43,777 INFO ===> Specifications: horizon = 347, dt = 0.01, n_substeps = 20, dt_sub = 0.0005
2024-08-23 16:57:43,800 DEBUG loaded <trimesh.Trimesh(vertices.shape=(916, 3), faces.shape=(856, 3))> using `load_obj` in 0.0029s
2024-08-23 16:57:43,948 DEBUG loaded <trimesh.Trimesh(vertices.shape=(48, 3), faces.shape=(28, 3))> using `load_obj` in 0.0007s
2024-08-23 16:58:37,077 INFO =====> Epoch: 63
2024-08-23 16:58:37,077 INFO =====> Loss info: {'particle_has_naninf': False, 'height_map_loss': 75.01296997070312, 'emd_loss': 53.86727523803711, 'total_loss': 53.86727523803711}
2024-08-23 16:58:37,077 INFO =====> Param: E: [375327.], nu: [0.27055225], rho: [1600.], sand_angle: [34.24957]
2024-08-23 16:58:37,077 INFO =====> Grad: [ 9.7748274e-03  1.8874240e+04  2.3750431e+01 -9.6671783e+02
 -3.4805105e+03 -3.1926625e+04]
2024-08-23 16:58:37,077 INFO =====> Num. aborted data so far: 0
2024-08-23 16:58:37,713 INFO ===> New TaichiEnv created.
2024-08-23 16:58:37,713 INFO ===> Specifications: horizon = 347, dt = 0.01, n_substeps = 20, dt_sub = 0.0005
2024-08-23 16:58:37,737 DEBUG loaded <trimesh.Trimesh(vertices.shape=(916, 3), faces.shape=(856, 3))> using `load_obj` in 0.0029s
2024-08-23 16:58:37,893 DEBUG loaded <trimesh.Trimesh(vertices.shape=(48, 3), faces.shape=(28, 3))> using `load_obj` in 0.0008s
2024-08-23 16:59:28,890 INFO =====> Epoch: 64
2024-08-23 16:59:28,891 INFO =====> Loss info: {'particle_has_naninf': False, 'height_map_loss': 74.725830078125, 'emd_loss': 53.5844841003418, 'total_loss': 53.5844841003418}
2024-08-23 16:59:28,891 INFO =====> Param: E: [369978.7], nu: [0.2636075], rho: [1600.], sand_angle: [35.28477]
2024-08-23 16:59:28,891 INFO =====> Grad: [ 2.6279981e-03  3.1825073e+02 -6.8673987e+00 -3.1506790e+02
  5.0183078e+02  1.5789360e+04]
2024-08-23 16:59:28,891 INFO =====> Num. aborted data so far: 0
2024-08-23 16:59:29,498 INFO ===> New TaichiEnv created.
2024-08-23 16:59:29,498 INFO ===> Specifications: horizon = 347, dt = 0.01, n_substeps = 20, dt_sub = 0.0005
2024-08-23 16:59:29,521 DEBUG loaded <trimesh.Trimesh(vertices.shape=(916, 3), faces.shape=(856, 3))> using `load_obj` in 0.0029s
2024-08-23 16:59:29,672 DEBUG loaded <trimesh.Trimesh(vertices.shape=(48, 3), faces.shape=(28, 3))> using `load_obj` in 0.0007s
2024-08-23 17:00:20,224 INFO =====> Epoch: 65
2024-08-23 17:00:20,224 INFO =====> Loss info: {'particle_has_naninf': False, 'height_map_loss': 74.12506866455078, 'emd_loss': 52.89659881591797, 'total_loss': 52.89659881591797}
2024-08-23 17:00:20,224 INFO =====> Param: E: [370945.28], nu: [0.2602172], rho: [1600.], sand_angle: [35.99409]
2024-08-23 17:00:20,224 INFO =====> Grad: [-1.5836405e-02 -3.2153797e+04 -1.3909526e+00  4.5956461e+02
  7.7804395e+02 -4.1055031e+04]
2024-08-23 17:00:20,224 INFO =====> Num. aborted data so far: 0
2024-08-23 17:00:20,824 INFO ===> New TaichiEnv created.
2024-08-23 17:00:20,824 INFO ===> Specifications: horizon = 347, dt = 0.01, n_substeps = 20, dt_sub = 0.0005
2024-08-23 17:00:20,848 DEBUG loaded <trimesh.Trimesh(vertices.shape=(916, 3), faces.shape=(856, 3))> using `load_obj` in 0.0029s
2024-08-23 17:00:20,992 DEBUG loaded <trimesh.Trimesh(vertices.shape=(48, 3), faces.shape=(28, 3))> using `load_obj` in 0.0007s
2024-08-23 17:01:11,709 INFO =====> Epoch: 66
2024-08-23 17:01:11,710 INFO =====> Loss info: {'particle_has_naninf': False, 'height_map_loss': 73.34298706054688, 'emd_loss': 52.068931579589844, 'total_loss': 52.068931579589844}
2024-08-23 17:01:11,710 INFO =====> Param: E: [374032.88], nu: [0.2571011], rho: [1600.], sand_angle: [36.583473]
2024-08-23 17:01:11,710 INFO =====> Grad: [-6.0376888e-03  4.5572928e+02 -2.8293949e+01  1.0770624e+02
  2.5935659e+03  2.2788246e+04]
2024-08-23 17:01:11,710 INFO =====> Num. aborted data so far: 0
2024-08-23 17:01:12,352 INFO ===> New TaichiEnv created.
2024-08-23 17:01:12,352 INFO ===> Specifications: horizon = 347, dt = 0.01, n_substeps = 20, dt_sub = 0.0005
2024-08-23 17:01:12,376 DEBUG loaded <trimesh.Trimesh(vertices.shape=(916, 3), faces.shape=(856, 3))> using `load_obj` in 0.0029s
2024-08-23 17:01:12,518 DEBUG loaded <trimesh.Trimesh(vertices.shape=(48, 3), faces.shape=(28, 3))> using `load_obj` in 0.0007s
2024-08-23 17:02:03,346 INFO =====> Epoch: 67
2024-08-23 17:02:03,346 INFO =====> Loss info: {'particle_has_naninf': False, 'height_map_loss': 73.20697021484375, 'emd_loss': 51.912052154541016, 'total_loss': 51.912052154541016}
2024-08-23 17:02:03,346 INFO =====> Param: E: [372027.66], nu: [0.2538961], rho: [1600.], sand_angle: [36.710136]
2024-08-23 17:02:03,346 INFO =====> Grad: [ 1.3053309e-02  4.1531587e+03  3.1924664e+01  8.0798767e+02
 -8.4313232e+02  5.9579668e+04]
2024-08-23 17:02:03,346 INFO =====> Num. aborted data so far: 0
2024-08-23 17:02:03,965 INFO ===> New TaichiEnv created.
2024-08-23 17:02:03,965 INFO ===> Specifications: horizon = 347, dt = 0.01, n_substeps = 20, dt_sub = 0.0005
2024-08-23 17:02:03,989 DEBUG loaded <trimesh.Trimesh(vertices.shape=(916, 3), faces.shape=(856, 3))> using `load_obj` in 0.0030s
2024-08-23 17:02:04,136 DEBUG loaded <trimesh.Trimesh(vertices.shape=(48, 3), faces.shape=(28, 3))> using `load_obj` in 0.0007s
2024-08-23 17:02:55,527 INFO =====> Epoch: 68
2024-08-23 17:02:55,527 INFO =====> Loss info: {'particle_has_naninf': False, 'height_map_loss': 73.1462631225586, 'emd_loss': 51.864315032958984, 'total_loss': 51.864315032958984}
2024-08-23 17:02:55,527 INFO =====> Param: E: [377476.03], nu: [0.25391284], rho: [1600.], sand_angle: [37.5011]
2024-08-23 17:02:55,527 INFO =====> Grad: [-1.9909697e-02 -3.1765699e+04 -2.5808439e+01 -1.3603250e+03
  1.0678917e+04 -2.2240693e+04]
2024-08-23 17:02:55,527 INFO =====> Num. aborted data so far: 0
2024-08-23 17:02:56,137 INFO ===> New TaichiEnv created.
2024-08-23 17:02:56,137 INFO ===> Specifications: horizon = 347, dt = 0.01, n_substeps = 20, dt_sub = 0.0005
2024-08-23 17:02:56,161 DEBUG loaded <trimesh.Trimesh(vertices.shape=(916, 3), faces.shape=(856, 3))> using `load_obj` in 0.0030s
2024-08-23 17:02:56,312 DEBUG loaded <trimesh.Trimesh(vertices.shape=(48, 3), faces.shape=(28, 3))> using `load_obj` in 0.0007s
2024-08-23 17:03:46,459 INFO =====> Epoch: 69
2024-08-23 17:03:46,459 INFO =====> Loss info: {'particle_has_naninf': False, 'height_map_loss': 72.64778900146484, 'emd_loss': 51.39691162109375, 'total_loss': 51.39691162109375}
2024-08-23 17:03:46,459 INFO =====> Param: E: [390293.1], nu: [0.25497144], rho: [1618.6519], sand_angle: [39.10308]
2024-08-23 17:03:46,459 INFO =====> Grad: [-2.2184869e-02 -1.1288866e+04 -6.0029720e+01 -1.8426772e+03
 -2.4279561e+03  2.2074061e+04]
2024-08-23 17:03:46,459 INFO =====> Num. aborted data so far: 0
2024-08-23 17:03:47,070 INFO ===> New TaichiEnv created.
2024-08-23 17:03:47,070 INFO ===> Specifications: horizon = 347, dt = 0.01, n_substeps = 20, dt_sub = 0.0005
2024-08-23 17:03:47,094 DEBUG loaded <trimesh.Trimesh(vertices.shape=(916, 3), faces.shape=(856, 3))> using `load_obj` in 0.0030s
2024-08-23 17:03:47,238 DEBUG loaded <trimesh.Trimesh(vertices.shape=(48, 3), faces.shape=(28, 3))> using `load_obj` in 0.0007s
2024-08-23 17:04:38,571 INFO =====> Epoch: 70
2024-08-23 17:04:38,571 INFO =====> Loss info: {'particle_has_naninf': False, 'height_map_loss': 72.2308578491211, 'emd_loss': 50.50172805786133, 'total_loss': 50.50172805786133}
2024-08-23 17:04:38,571 INFO =====> Param: E: [400000.], nu: [0.2589747], rho: [1647.8615], sand_angle: [41.6175]
2024-08-23 17:04:38,571 INFO =====> Grad: [-1.2158072e-02 -3.2805758e+04 -3.4607815e+01 -2.3488865e+03
  5.7366035e+03 -2.6828896e+04]
2024-08-23 17:04:38,571 INFO =====> Num. aborted data so far: 0
2024-08-23 17:04:39,173 INFO ===> New TaichiEnv created.
2024-08-23 17:04:39,174 INFO ===> Specifications: horizon = 347, dt = 0.01, n_substeps = 20, dt_sub = 0.0005
2024-08-23 17:04:39,206 DEBUG loaded <trimesh.Trimesh(vertices.shape=(916, 3), faces.shape=(856, 3))> using `load_obj` in 0.0030s
2024-08-23 17:04:39,350 DEBUG loaded <trimesh.Trimesh(vertices.shape=(48, 3), faces.shape=(28, 3))> using `load_obj` in 0.0007s
2024-08-23 17:05:29,328 INFO =====> Epoch: 71
2024-08-23 17:05:29,329 INFO =====> Loss info: {'particle_has_naninf': False, 'height_map_loss': 70.6741714477539, 'emd_loss': 48.672447204589844, 'total_loss': 48.672447204589844}
2024-08-23 17:05:29,329 INFO =====> Param: E: [400000.], nu: [0.26173565], rho: [1658.2441], sand_angle: [43.653976]
2024-08-23 17:05:29,329 INFO =====> Grad: [-4.7581564e-03  9.2745898e+03  4.3751617e+01  5.0053003e+02
  7.2954995e+03  3.2024156e+04]
2024-08-23 17:05:29,329 INFO =====> Num. aborted data so far: 0
2024-08-23 17:05:29,969 INFO ===> New TaichiEnv created.
2024-08-23 17:05:29,969 INFO ===> Specifications: horizon = 347, dt = 0.01, n_substeps = 20, dt_sub = 0.0005
2024-08-23 17:05:29,993 DEBUG loaded <trimesh.Trimesh(vertices.shape=(916, 3), faces.shape=(856, 3))> using `load_obj` in 0.0030s
2024-08-23 17:05:30,141 DEBUG loaded <trimesh.Trimesh(vertices.shape=(48, 3), faces.shape=(28, 3))> using `load_obj` in 0.0007s
2024-08-23 17:06:20,937 INFO =====> Epoch: 72
2024-08-23 17:06:20,937 INFO =====> Loss info: {'particle_has_naninf': False, 'height_map_loss': 69.69046020507812, 'emd_loss': 47.96005630493164, 'total_loss': 47.96005630493164}
2024-08-23 17:06:20,938 INFO =====> Param: E: [400000.], nu: [0.2616428], rho: [1664.8785], sand_angle: [45.]
2024-08-23 17:06:20,938 INFO =====> Grad: [6.6664130e-03 2.7562609e+04 7.7089043e+00 1.5484425e+02 1.8131626e+03
 5.8078168e+04]
2024-08-23 17:06:20,938 INFO =====> Num. aborted data so far: 0
2024-08-23 17:06:21,553 INFO ===> New TaichiEnv created.
2024-08-23 17:06:21,553 INFO ===> Specifications: horizon = 347, dt = 0.01, n_substeps = 20, dt_sub = 0.0005
2024-08-23 17:06:21,577 DEBUG loaded <trimesh.Trimesh(vertices.shape=(916, 3), faces.shape=(856, 3))> using `load_obj` in 0.0029s
2024-08-23 17:06:21,724 DEBUG loaded <trimesh.Trimesh(vertices.shape=(48, 3), faces.shape=(28, 3))> using `load_obj` in 0.0008s
2024-08-23 17:07:11,781 INFO =====> Epoch: 73
2024-08-23 17:07:11,781 INFO =====> Loss info: {'particle_has_naninf': False, 'height_map_loss': 69.35567474365234, 'emd_loss': 47.03908157348633, 'total_loss': 47.03908157348633}
2024-08-23 17:07:11,781 INFO =====> Param: E: [400000.], nu: [0.26149678], rho: [1666.7678], sand_angle: [45.]
2024-08-23 17:07:11,781 INFO =====> Grad: [-5.3475229e-03  6.5378693e+02  1.1383397e+01 -8.7318610e+02
  4.3006973e+03  2.1721750e+04]
2024-08-23 17:07:11,781 INFO =====> Num. aborted data so far: 0
2024-08-23 17:07:12,397 INFO ===> New TaichiEnv created.
2024-08-23 17:07:12,397 INFO ===> Specifications: horizon = 347, dt = 0.01, n_substeps = 20, dt_sub = 0.0005
2024-08-23 17:07:12,421 DEBUG loaded <trimesh.Trimesh(vertices.shape=(916, 3), faces.shape=(856, 3))> using `load_obj` in 0.0029s
2024-08-23 17:07:12,565 DEBUG loaded <trimesh.Trimesh(vertices.shape=(48, 3), faces.shape=(28, 3))> using `load_obj` in 0.0007s
2024-08-23 17:08:02,477 INFO =====> Epoch: 74
2024-08-23 17:08:02,477 INFO =====> Loss info: {'particle_has_naninf': False, 'height_map_loss': 69.14579772949219, 'emd_loss': 46.95378875732422, 'total_loss': 46.95378875732422}
2024-08-23 17:08:02,477 INFO =====> Param: E: [400000.], nu: [0.25560614], rho: [1645.0332], sand_angle: [45.]
2024-08-23 17:08:02,477 INFO =====> Grad: [2.9631514e-02 6.0991703e+04 6.6782692e+01 9.2259906e+02 1.9996754e+03
 2.3755305e+04]
2024-08-23 17:08:02,477 INFO =====> Num. aborted data so far: 0
2024-08-23 17:08:03,090 INFO ===> New TaichiEnv created.
2024-08-23 17:08:03,091 INFO ===> Specifications: horizon = 347, dt = 0.01, n_substeps = 20, dt_sub = 0.0005
2024-08-23 17:08:03,114 DEBUG loaded <trimesh.Trimesh(vertices.shape=(916, 3), faces.shape=(856, 3))> using `load_obj` in 0.0029s
2024-08-23 17:08:03,263 DEBUG loaded <trimesh.Trimesh(vertices.shape=(48, 3), faces.shape=(28, 3))> using `load_obj` in 0.0007s
2024-08-23 17:08:52,320 INFO =====> Epoch: 75
2024-08-23 17:08:52,320 INFO =====> Loss info: {'particle_has_naninf': False, 'height_map_loss': 69.11614990234375, 'emd_loss': 46.937686920166016, 'total_loss': 46.937686920166016}
2024-08-23 17:08:52,321 INFO =====> Param: E: [400000.], nu: [0.25472572], rho: [1637.3429], sand_angle: [45.]
2024-08-23 17:08:52,321 INFO =====> Grad: [-1.1484745e-02 -4.6832465e+04 -3.3845253e+01 -1.7281553e+03
  4.5144087e+03 -1.0184184e+04]
2024-08-23 17:08:52,321 INFO =====> Num. aborted data so far: 0
2024-08-23 17:08:52,999 INFO ===> New TaichiEnv created.
2024-08-23 17:08:53,000 INFO ===> Specifications: horizon = 347, dt = 0.01, n_substeps = 20, dt_sub = 0.0005
2024-08-23 17:08:53,027 DEBUG loaded <trimesh.Trimesh(vertices.shape=(916, 3), faces.shape=(856, 3))> using `load_obj` in 0.0058s
2024-08-23 17:08:53,173 DEBUG loaded <trimesh.Trimesh(vertices.shape=(48, 3), faces.shape=(28, 3))> using `load_obj` in 0.0007s
2024-08-23 17:09:42,871 INFO =====> Epoch: 76
2024-08-23 17:09:42,871 INFO =====> Loss info: {'particle_has_naninf': False, 'height_map_loss': 68.97455596923828, 'emd_loss': 46.855690002441406, 'total_loss': 46.855690002441406}
2024-08-23 17:09:42,871 INFO =====> Param: E: [400000.], nu: [0.2553132], rho: [1632.0829], sand_angle: [45.]
2024-08-23 17:09:42,871 INFO =====> Grad: [-2.3108024e-02 -1.4552297e+04 -4.8570700e+00  6.8948401e+02
  1.6067943e+04  4.7714565e+03]
2024-08-23 17:09:42,872 INFO =====> Num. aborted data so far: 0
2024-08-23 17:09:43,524 INFO ===> New TaichiEnv created.
2024-08-23 17:09:43,524 INFO ===> Specifications: horizon = 347, dt = 0.01, n_substeps = 20, dt_sub = 0.0005
2024-08-23 17:09:43,547 DEBUG loaded <trimesh.Trimesh(vertices.shape=(916, 3), faces.shape=(856, 3))> using `load_obj` in 0.0029s
2024-08-23 17:09:43,691 DEBUG loaded <trimesh.Trimesh(vertices.shape=(48, 3), faces.shape=(28, 3))> using `load_obj` in 0.0007s
2024-08-23 17:10:34,115 INFO =====> Epoch: 77
2024-08-23 17:10:34,115 INFO =====> Loss info: {'particle_has_naninf': False, 'height_map_loss': 68.73163604736328, 'emd_loss': 46.79264450073242, 'total_loss': 46.79264450073242}
2024-08-23 17:10:34,115 INFO =====> Param: E: [400000.], nu: [0.25721934], rho: [1642.3995], sand_angle: [45.]
2024-08-23 17:10:34,115 INFO =====> Grad: [ 7.8947311e-03 -1.4351530e+04 -4.3079041e+01  1.2508909e+03
  3.7773242e+02 -1.7279371e+04]
2024-08-23 17:10:34,115 INFO =====> Num. aborted data so far: 0
2024-08-23 17:10:34,813 INFO ===> New TaichiEnv created.
2024-08-23 17:10:34,813 INFO ===> Specifications: horizon = 347, dt = 0.01, n_substeps = 20, dt_sub = 0.0005
2024-08-23 17:10:34,839 DEBUG loaded <trimesh.Trimesh(vertices.shape=(916, 3), faces.shape=(856, 3))> using `load_obj` in 0.0030s
2024-08-23 17:10:34,987 DEBUG loaded <trimesh.Trimesh(vertices.shape=(48, 3), faces.shape=(28, 3))> using `load_obj` in 0.0007s
2024-08-23 17:11:24,885 INFO =====> Epoch: 78
2024-08-23 17:11:24,885 INFO =====> Loss info: {'particle_has_naninf': False, 'height_map_loss': 68.78209686279297, 'emd_loss': 46.80082702636719, 'total_loss': 46.80082702636719}
2024-08-23 17:11:24,885 INFO =====> Param: E: [400000.], nu: [0.2609066], rho: [1644.3291], sand_angle: [45.]
2024-08-23 17:11:24,885 INFO =====> Grad: [-7.2033531e-03 -2.0378047e+04  2.1126158e+01  9.9644630e+01
 -7.0267441e+03  3.6226062e+04]
2024-08-23 17:11:24,885 INFO =====> Num. aborted data so far: 0
2024-08-23 17:11:25,492 INFO ===> New TaichiEnv created.
2024-08-23 17:11:25,492 INFO ===> Specifications: horizon = 347, dt = 0.01, n_substeps = 20, dt_sub = 0.0005
2024-08-23 17:11:25,515 DEBUG loaded <trimesh.Trimesh(vertices.shape=(916, 3), faces.shape=(856, 3))> using `load_obj` in 0.0029s
2024-08-23 17:11:25,664 DEBUG loaded <trimesh.Trimesh(vertices.shape=(48, 3), faces.shape=(28, 3))> using `load_obj` in 0.0007s
2024-08-23 17:12:15,009 INFO =====> Epoch: 79
2024-08-23 17:12:15,009 INFO =====> Loss info: {'particle_has_naninf': False, 'height_map_loss': 68.64892578125, 'emd_loss': 46.75051498413086, 'total_loss': 46.75051498413086}
2024-08-23 17:12:15,009 INFO =====> Param: E: [400000.], nu: [0.2651608], rho: [1637.7368], sand_angle: [45.]
2024-08-23 17:12:15,009 INFO =====> Grad: [-9.2070820e-03 -9.4400742e+03  2.3794973e+01 -1.1888876e+03
 -9.3939453e+03  1.7795174e+04]
2024-08-23 17:12:15,009 INFO =====> Num. aborted data so far: 0
2024-08-23 17:12:15,610 INFO ===> New TaichiEnv created.
2024-08-23 17:12:15,611 INFO ===> Specifications: horizon = 347, dt = 0.01, n_substeps = 20, dt_sub = 0.0005
2024-08-23 17:12:15,633 DEBUG loaded <trimesh.Trimesh(vertices.shape=(916, 3), faces.shape=(856, 3))> using `load_obj` in 0.0029s
2024-08-23 17:12:15,782 DEBUG loaded <trimesh.Trimesh(vertices.shape=(48, 3), faces.shape=(28, 3))> using `load_obj` in 0.0007s
2024-08-23 17:13:05,267 INFO =====> Epoch: 80
2024-08-23 17:13:05,267 INFO =====> Loss info: {'particle_has_naninf': False, 'height_map_loss': 68.75305938720703, 'emd_loss': 46.75533676147461, 'total_loss': 46.75533676147461}
2024-08-23 17:13:05,267 INFO =====> Param: E: [400000.], nu: [0.2683707], rho: [1636.6644], sand_angle: [45.]
2024-08-23 17:13:05,267 INFO =====> Grad: [-3.7338219e-03  6.5965884e+03 -1.3895773e+01 -1.0772013e+03
  1.6287095e+04 -3.2675084e+04]
2024-08-23 17:13:05,267 INFO =====> Num. aborted data so far: 0
2024-08-23 17:13:05,879 INFO ===> New TaichiEnv created.
2024-08-23 17:13:05,879 INFO ===> Specifications: horizon = 347, dt = 0.01, n_substeps = 20, dt_sub = 0.0005
2024-08-23 17:13:05,902 DEBUG loaded <trimesh.Trimesh(vertices.shape=(916, 3), faces.shape=(856, 3))> using `load_obj` in 0.0029s
2024-08-23 17:13:06,046 DEBUG loaded <trimesh.Trimesh(vertices.shape=(48, 3), faces.shape=(28, 3))> using `load_obj` in 0.0007s
2024-08-23 17:13:55,772 INFO =====> Epoch: 81
2024-08-23 17:13:55,773 INFO =====> Loss info: {'particle_has_naninf': False, 'height_map_loss': 68.74693298339844, 'emd_loss': 46.797733306884766, 'total_loss': 46.797733306884766}
2024-08-23 17:13:55,773 INFO =====> Param: E: [400000.], nu: [0.26637933], rho: [1626.9276], sand_angle: [45.]
2024-08-23 17:13:55,773 INFO =====> Grad: [ 2.2530749e-02  5.0042930e+04  2.4886402e+01  4.0679520e+02
 -7.3193721e+03 -1.1425213e+04]
2024-08-23 17:13:55,773 INFO =====> Num. aborted data so far: 0
2024-08-23 17:13:56,402 INFO ===> New TaichiEnv created.
2024-08-23 17:13:56,402 INFO ===> Specifications: horizon = 347, dt = 0.01, n_substeps = 20, dt_sub = 0.0005
2024-08-23 17:13:56,425 DEBUG loaded <trimesh.Trimesh(vertices.shape=(916, 3), faces.shape=(856, 3))> using `load_obj` in 0.0029s
2024-08-23 17:13:56,575 DEBUG loaded <trimesh.Trimesh(vertices.shape=(48, 3), faces.shape=(28, 3))> using `load_obj` in 0.0007s
2024-08-23 17:14:47,734 INFO =====> Epoch: 82
2024-08-23 17:14:47,734 INFO =====> Loss info: {'particle_has_naninf': False, 'height_map_loss': 68.62933349609375, 'emd_loss': 46.74000549316406, 'total_loss': 46.74000549316406}
2024-08-23 17:14:47,734 INFO =====> Param: E: [398024.84], nu: [0.25733864], rho: [1600.], sand_angle: [45.]
2024-08-23 17:14:47,734 INFO =====> Grad: [ 1.3814777e-02  7.4975211e+04  6.4547073e+01  2.9001718e+02
 -2.0131477e+04 -2.1222842e+04]
2024-08-23 17:14:47,734 INFO =====> Num. aborted data so far: 0
2024-08-23 17:14:48,360 INFO ===> New TaichiEnv created.
2024-08-23 17:14:48,360 INFO ===> Specifications: horizon = 347, dt = 0.01, n_substeps = 20, dt_sub = 0.0005
2024-08-23 17:14:48,384 DEBUG loaded <trimesh.Trimesh(vertices.shape=(916, 3), faces.shape=(856, 3))> using `load_obj` in 0.0029s
2024-08-23 17:14:48,538 DEBUG loaded <trimesh.Trimesh(vertices.shape=(48, 3), faces.shape=(28, 3))> using `load_obj` in 0.0008s
2024-08-23 17:15:38,655 INFO =====> Epoch: 83
2024-08-23 17:15:38,655 INFO =====> Loss info: {'particle_has_naninf': False, 'height_map_loss': 68.7421646118164, 'emd_loss': 46.777462005615234, 'total_loss': 46.777462005615234}
2024-08-23 17:15:38,655 INFO =====> Param: E: [396554.03], nu: [0.25001323], rho: [1600.], sand_angle: [45.]
2024-08-23 17:15:38,655 INFO =====> Grad: [-8.8467903e-04 -8.8315088e+03 -2.4097858e+01 -5.5863245e+02
 -8.1819663e+03 -1.3938967e+04]
2024-08-23 17:15:38,655 INFO =====> Num. aborted data so far: 0
2024-08-23 17:15:39,270 INFO ===> New TaichiEnv created.
2024-08-23 17:15:39,271 INFO ===> Specifications: horizon = 347, dt = 0.01, n_substeps = 20, dt_sub = 0.0005
2024-08-23 17:15:39,302 DEBUG loaded <trimesh.Trimesh(vertices.shape=(916, 3), faces.shape=(856, 3))> using `load_obj` in 0.0031s
2024-08-23 17:15:39,451 DEBUG loaded <trimesh.Trimesh(vertices.shape=(48, 3), faces.shape=(28, 3))> using `load_obj` in 0.0007s
2024-08-23 17:16:28,802 INFO =====> Epoch: 84
2024-08-23 17:16:28,802 INFO =====> Loss info: {'particle_has_naninf': False, 'height_map_loss': 68.96817779541016, 'emd_loss': 46.89982223510742, 'total_loss': 46.89982223510742}
2024-08-23 17:16:28,803 INFO =====> Param: E: [398581.25], nu: [0.2433644], rho: [1600.], sand_angle: [45.]
2024-08-23 17:16:28,803 INFO =====> Grad: [-9.3074460e-03  1.5544748e+02 -6.0728693e-01 -2.8110852e+02
  1.3509137e+04  2.4234231e+03]
2024-08-23 17:16:28,803 INFO =====> Num. aborted data so far: 0
2024-08-23 17:16:29,411 INFO ===> New TaichiEnv created.
2024-08-23 17:16:29,411 INFO ===> Specifications: horizon = 347, dt = 0.01, n_substeps = 20, dt_sub = 0.0005
2024-08-23 17:16:29,434 DEBUG loaded <trimesh.Trimesh(vertices.shape=(916, 3), faces.shape=(856, 3))> using `load_obj` in 0.0029s
2024-08-23 17:16:29,580 DEBUG loaded <trimesh.Trimesh(vertices.shape=(48, 3), faces.shape=(28, 3))> using `load_obj` in 0.0007s
2024-08-23 17:17:19,277 INFO =====> Epoch: 85
2024-08-23 17:17:19,277 INFO =====> Loss info: {'particle_has_naninf': False, 'height_map_loss': 68.8462905883789, 'emd_loss': 46.91419219970703, 'total_loss': 46.91419219970703}
2024-08-23 17:17:19,277 INFO =====> Param: E: [394290.78], nu: [0.24096479], rho: [1600.], sand_angle: [45.]
2024-08-23 17:17:19,277 INFO =====> Grad: [ 1.6998177e-02 -3.6633305e+04  5.1714714e+01 -5.6702222e+02
 -2.2166395e+04 -3.9319141e+04]
2024-08-23 17:17:19,278 INFO =====> Num. aborted data so far: 0
2024-08-23 17:17:19,909 INFO ===> New TaichiEnv created.
2024-08-23 17:17:19,909 INFO ===> Specifications: horizon = 347, dt = 0.01, n_substeps = 20, dt_sub = 0.0005
2024-08-23 17:17:19,932 DEBUG loaded <trimesh.Trimesh(vertices.shape=(916, 3), faces.shape=(856, 3))> using `load_obj` in 0.0030s
2024-08-23 17:17:20,081 DEBUG loaded <trimesh.Trimesh(vertices.shape=(48, 3), faces.shape=(28, 3))> using `load_obj` in 0.0007s
2024-08-23 17:18:10,517 INFO =====> Epoch: 86
2024-08-23 17:18:10,517 INFO =====> Loss info: {'particle_has_naninf': False, 'height_map_loss': 69.01758575439453, 'emd_loss': 46.981231689453125, 'total_loss': 46.981231689453125}
2024-08-23 17:18:10,517 INFO =====> Param: E: [394777.22], nu: [0.24099495], rho: [1600.], sand_angle: [45.]
2024-08-23 17:18:10,517 INFO =====> Grad: [-1.2095097e-02 -2.2269898e+04  1.0454305e+00 -9.2486717e+01
 -1.4949602e+02 -3.2273463e+04]
2024-08-23 17:18:10,517 INFO =====> Num. aborted data so far: 0
2024-08-23 17:18:11,123 INFO ===> New TaichiEnv created.
2024-08-23 17:18:11,123 INFO ===> Specifications: horizon = 347, dt = 0.01, n_substeps = 20, dt_sub = 0.0005
2024-08-23 17:18:11,150 DEBUG loaded <trimesh.Trimesh(vertices.shape=(916, 3), faces.shape=(856, 3))> using `load_obj` in 0.0029s
2024-08-23 17:18:11,303 DEBUG loaded <trimesh.Trimesh(vertices.shape=(48, 3), faces.shape=(28, 3))> using `load_obj` in 0.0007s
2024-08-23 17:19:01,527 INFO =====> Epoch: 87
2024-08-23 17:19:01,527 INFO =====> Loss info: {'particle_has_naninf': False, 'height_map_loss': 68.8459243774414, 'emd_loss': 46.89212417602539, 'total_loss': 46.89212417602539}
2024-08-23 17:19:01,527 INFO =====> Param: E: [387300.8], nu: [0.24009803], rho: [1600.], sand_angle: [45.]
2024-08-23 17:19:01,527 INFO =====> Grad: [ 2.2177808e-02  9.3004814e+03  2.1771246e+01  6.1810712e+02
 -3.4814209e+03 -1.1162333e+04]
2024-08-23 17:19:01,527 INFO =====> Num. aborted data so far: 0
2024-08-23 17:19:02,127 INFO ===> New TaichiEnv created.
2024-08-23 17:19:02,127 INFO ===> Specifications: horizon = 347, dt = 0.01, n_substeps = 20, dt_sub = 0.0005
2024-08-23 17:19:02,150 DEBUG loaded <trimesh.Trimesh(vertices.shape=(916, 3), faces.shape=(856, 3))> using `load_obj` in 0.0029s
2024-08-23 17:19:02,294 DEBUG loaded <trimesh.Trimesh(vertices.shape=(48, 3), faces.shape=(28, 3))> using `load_obj` in 0.0007s
2024-08-23 17:19:51,769 INFO =====> Epoch: 88
2024-08-23 17:19:51,769 INFO =====> Loss info: {'particle_has_naninf': False, 'height_map_loss': 68.82132720947266, 'emd_loss': 46.697845458984375, 'total_loss': 46.697845458984375}
2024-08-23 17:19:51,769 INFO =====> Param: E: [389161.7], nu: [0.24121466], rho: [1600.], sand_angle: [45.]
2024-08-23 17:19:51,769 INFO =====> Grad: [-2.4142567e-02 -1.9303703e+04 -2.5937120e+01  9.1541656e+02
  4.6350024e+02 -2.7824082e+04]
2024-08-23 17:19:51,769 INFO =====> Num. aborted data so far: 0
2024-08-23 17:19:52,410 INFO ===> New TaichiEnv created.
2024-08-23 17:19:52,410 INFO ===> Specifications: horizon = 347, dt = 0.01, n_substeps = 20, dt_sub = 0.0005
2024-08-23 17:19:52,433 DEBUG loaded <trimesh.Trimesh(vertices.shape=(916, 3), faces.shape=(856, 3))> using `load_obj` in 0.0029s
2024-08-23 17:19:52,578 DEBUG loaded <trimesh.Trimesh(vertices.shape=(48, 3), faces.shape=(28, 3))> using `load_obj` in 0.0007s
2024-08-23 17:20:41,400 INFO =====> Epoch: 89
2024-08-23 17:20:41,400 INFO =====> Loss info: {'particle_has_naninf': False, 'height_map_loss': 69.21717834472656, 'emd_loss': 46.784576416015625, 'total_loss': 46.784576416015625}
2024-08-23 17:20:41,400 INFO =====> Param: E: [393704.1], nu: [0.24730301], rho: [1600.], sand_angle: [45.]
2024-08-23 17:20:41,400 INFO =====> Grad: [-8.0816727e-03 -5.0910988e+04  1.7898798e+01 -6.7485010e+02
 -2.6146245e+03  2.2681367e+04]
2024-08-23 17:20:41,400 INFO =====> Num. aborted data so far: 0
2024-08-23 17:20:41,999 INFO ===> New TaichiEnv created.
2024-08-23 17:20:41,999 INFO ===> Specifications: horizon = 347, dt = 0.01, n_substeps = 20, dt_sub = 0.0005
2024-08-23 17:20:42,022 DEBUG loaded <trimesh.Trimesh(vertices.shape=(916, 3), faces.shape=(856, 3))> using `load_obj` in 0.0029s
2024-08-23 17:20:42,165 DEBUG loaded <trimesh.Trimesh(vertices.shape=(48, 3), faces.shape=(28, 3))> using `load_obj` in 0.0007s
2024-08-23 17:21:31,434 INFO =====> Epoch: 90
2024-08-23 17:21:31,434 INFO =====> Loss info: {'particle_has_naninf': False, 'height_map_loss': 69.1194839477539, 'emd_loss': 46.683406829833984, 'total_loss': 46.683406829833984}
2024-08-23 17:21:31,434 INFO =====> Param: E: [395465.84], nu: [0.25242743], rho: [1600.], sand_angle: [45.]
2024-08-23 17:21:31,434 INFO =====> Grad: [ 6.5939347e-03  3.8497451e+03  1.3626093e+01  1.1183424e+02
  3.9932111e+02 -4.5055957e+04]
2024-08-23 17:21:31,434 INFO =====> Num. aborted data so far: 0
2024-08-23 17:21:32,091 INFO ===> New TaichiEnv created.
2024-08-23 17:21:32,091 INFO ===> Specifications: horizon = 347, dt = 0.01, n_substeps = 20, dt_sub = 0.0005
2024-08-23 17:21:32,114 DEBUG loaded <trimesh.Trimesh(vertices.shape=(916, 3), faces.shape=(856, 3))> using `load_obj` in 0.0029s
2024-08-23 17:21:32,259 DEBUG loaded <trimesh.Trimesh(vertices.shape=(48, 3), faces.shape=(28, 3))> using `load_obj` in 0.0007s
2024-08-23 17:22:23,552 INFO =====> Epoch: 91
2024-08-23 17:22:23,552 INFO =====> Loss info: {'particle_has_naninf': False, 'height_map_loss': 69.09823608398438, 'emd_loss': 46.650936126708984, 'total_loss': 46.650936126708984}
2024-08-23 17:22:23,552 INFO =====> Param: E: [389883.28], nu: [0.25223133], rho: [1600.], sand_angle: [45.]
2024-08-23 17:22:23,552 INFO =====> Grad: [ 2.0252882e-02  4.7875508e+04 -7.6201878e+00 -5.9391101e+02
  9.8411406e+03  1.9629785e+04]
2024-08-23 17:22:23,552 INFO =====> Num. aborted data so far: 0
2024-08-23 17:22:24,177 INFO ===> New TaichiEnv created.
2024-08-23 17:22:24,177 INFO ===> Specifications: horizon = 347, dt = 0.01, n_substeps = 20, dt_sub = 0.0005
2024-08-23 17:22:24,201 DEBUG loaded <trimesh.Trimesh(vertices.shape=(916, 3), faces.shape=(856, 3))> using `load_obj` in 0.0029s
2024-08-23 17:22:24,358 DEBUG loaded <trimesh.Trimesh(vertices.shape=(48, 3), faces.shape=(28, 3))> using `load_obj` in 0.0008s
2024-08-23 17:23:13,412 INFO =====> Epoch: 92
2024-08-23 17:23:13,412 INFO =====> Loss info: {'particle_has_naninf': False, 'height_map_loss': 69.20890045166016, 'emd_loss': 46.7104377746582, 'total_loss': 46.7104377746582}
2024-08-23 17:23:13,413 INFO =====> Param: E: [382380.4], nu: [0.24969444], rho: [1600.], sand_angle: [45.]
2024-08-23 17:23:13,413 INFO =====> Grad: [ 6.9214981e-03  2.3382979e+04 -3.2329464e+01 -2.8743900e+02
 -1.4849385e+02  1.7165137e+04]
2024-08-23 17:23:13,413 INFO =====> Num. aborted data so far: 0
2024-08-23 17:23:14,015 INFO ===> New TaichiEnv created.
2024-08-23 17:23:14,015 INFO ===> Specifications: horizon = 347, dt = 0.01, n_substeps = 20, dt_sub = 0.0005
2024-08-23 17:23:14,038 DEBUG loaded <trimesh.Trimesh(vertices.shape=(916, 3), faces.shape=(856, 3))> using `load_obj` in 0.0029s
2024-08-23 17:23:14,182 DEBUG loaded <trimesh.Trimesh(vertices.shape=(48, 3), faces.shape=(28, 3))> using `load_obj` in 0.0007s
2024-08-23 17:24:03,303 INFO =====> Epoch: 93
2024-08-23 17:24:03,303 INFO =====> Loss info: {'particle_has_naninf': False, 'height_map_loss': 69.27545928955078, 'emd_loss': 46.67928695678711, 'total_loss': 46.67928695678711}
2024-08-23 17:24:03,303 INFO =====> Param: E: [382651.72], nu: [0.25106916], rho: [1600.], sand_angle: [45.]
2024-08-23 17:24:03,303 INFO =====> Grad: [-1.9791024e-02 -3.6213148e+04 -7.7917113e+00  5.8684158e+01
 -5.4662646e+03  1.3247114e+03]
2024-08-23 17:24:03,303 INFO =====> Num. aborted data so far: 0
2024-08-23 17:24:03,903 INFO ===> New TaichiEnv created.
2024-08-23 17:24:03,903 INFO ===> Specifications: horizon = 347, dt = 0.01, n_substeps = 20, dt_sub = 0.0005
2024-08-23 17:24:03,926 DEBUG loaded <trimesh.Trimesh(vertices.shape=(916, 3), faces.shape=(856, 3))> using `load_obj` in 0.0029s
2024-08-23 17:24:04,069 DEBUG loaded <trimesh.Trimesh(vertices.shape=(48, 3), faces.shape=(28, 3))> using `load_obj` in 0.0007s
2024-08-23 17:24:54,226 INFO =====> Epoch: 94
2024-08-23 17:24:54,226 INFO =====> Loss info: {'particle_has_naninf': False, 'height_map_loss': 69.03665161132812, 'emd_loss': 46.622222900390625, 'total_loss': 46.622222900390625}
2024-08-23 17:24:54,227 INFO =====> Param: E: [378487.97], nu: [0.2482474], rho: [1600.], sand_angle: [45.]
2024-08-23 17:24:54,227 INFO =====> Grad: [ 1.2470191e-02  4.0066129e+04  4.8742790e+01 -2.4529787e+02
 -2.9485747e+03 -8.0257938e+04]
2024-08-23 17:24:54,227 INFO =====> Num. aborted data so far: 0
2024-08-23 17:24:54,866 INFO ===> New TaichiEnv created.
2024-08-23 17:24:54,866 INFO ===> Specifications: horizon = 347, dt = 0.01, n_substeps = 20, dt_sub = 0.0005
2024-08-23 17:24:54,889 DEBUG loaded <trimesh.Trimesh(vertices.shape=(916, 3), faces.shape=(856, 3))> using `load_obj` in 0.0029s
2024-08-23 17:24:55,038 DEBUG loaded <trimesh.Trimesh(vertices.shape=(48, 3), faces.shape=(28, 3))> using `load_obj` in 0.0007s
2024-08-23 17:25:44,490 INFO =====> Epoch: 95
2024-08-23 17:25:44,490 INFO =====> Loss info: {'particle_has_naninf': False, 'height_map_loss': 69.0013656616211, 'emd_loss': 46.72043991088867, 'total_loss': 46.72043991088867}
2024-08-23 17:25:44,491 INFO =====> Param: E: [376507.34], nu: [0.24565788], rho: [1600.], sand_angle: [45.]
2024-08-23 17:25:44,491 INFO =====> Grad: [-5.0246823e-03  3.5295352e+02  6.8679520e+01 -2.2612634e+03
 -1.3592716e+03 -2.0511230e+04]
2024-08-23 17:25:44,491 INFO =====> Num. aborted data so far: 0
2024-08-23 17:25:45,103 INFO ===> New TaichiEnv created.
2024-08-23 17:25:45,103 INFO ===> Specifications: horizon = 347, dt = 0.01, n_substeps = 20, dt_sub = 0.0005
2024-08-23 17:25:45,126 DEBUG loaded <trimesh.Trimesh(vertices.shape=(916, 3), faces.shape=(856, 3))> using `load_obj` in 0.0030s
2024-08-23 17:25:45,275 DEBUG loaded <trimesh.Trimesh(vertices.shape=(48, 3), faces.shape=(28, 3))> using `load_obj` in 0.0007s
2024-08-23 17:26:36,718 INFO =====> Epoch: 96
2024-08-23 17:26:36,718 INFO =====> Loss info: {'particle_has_naninf': False, 'height_map_loss': 68.92607116699219, 'emd_loss': 46.782657623291016, 'total_loss': 46.782657623291016}
2024-08-23 17:26:36,719 INFO =====> Param: E: [372043.8], nu: [0.2446241], rho: [1600.], sand_angle: [45.]
2024-08-23 17:26:36,719 INFO =====> Grad: [ 7.4991537e-03 -1.2774311e+04  2.3413549e+01  8.0793951e+02
 -6.0722729e+03 -1.2083615e+04]
2024-08-23 17:26:36,719 INFO =====> Num. aborted data so far: 0
2024-08-23 17:26:37,347 INFO ===> New TaichiEnv created.
2024-08-23 17:26:37,348 INFO ===> Specifications: horizon = 347, dt = 0.01, n_substeps = 20, dt_sub = 0.0005
2024-08-23 17:26:37,370 DEBUG loaded <trimesh.Trimesh(vertices.shape=(916, 3), faces.shape=(856, 3))> using `load_obj` in 0.0029s
2024-08-23 17:26:37,514 DEBUG loaded <trimesh.Trimesh(vertices.shape=(48, 3), faces.shape=(28, 3))> using `load_obj` in 0.0007s
2024-08-23 17:27:27,249 INFO =====> Epoch: 97
2024-08-23 17:27:27,249 INFO =====> Loss info: {'particle_has_naninf': False, 'height_map_loss': 68.88196563720703, 'emd_loss': 46.87650680541992, 'total_loss': 46.87650680541992}
2024-08-23 17:27:27,249 INFO =====> Param: E: [370767.44], nu: [0.24297298], rho: [1600.], sand_angle: [45.]
2024-08-23 17:27:27,249 INFO =====> Grad: [-7.6997485e-03  6.9506133e+03 -1.0165609e+01  6.5974650e+00
  8.5485811e+03  1.5490067e+04]
2024-08-23 17:27:27,249 INFO =====> Num. aborted data so far: 0
2024-08-23 17:27:27,859 INFO ===> New TaichiEnv created.
2024-08-23 17:27:27,859 INFO ===> Specifications: horizon = 347, dt = 0.01, n_substeps = 20, dt_sub = 0.0005
2024-08-23 17:27:27,882 DEBUG loaded <trimesh.Trimesh(vertices.shape=(916, 3), faces.shape=(856, 3))> using `load_obj` in 0.0029s
2024-08-23 17:27:28,024 DEBUG loaded <trimesh.Trimesh(vertices.shape=(48, 3), faces.shape=(28, 3))> using `load_obj` in 0.0007s
2024-08-23 17:28:18,197 INFO =====> Epoch: 98
2024-08-23 17:28:18,197 INFO =====> Loss info: {'particle_has_naninf': False, 'height_map_loss': 69.09642791748047, 'emd_loss': 46.97700500488281, 'total_loss': 46.97700500488281}
2024-08-23 17:28:18,197 INFO =====> Param: E: [363216.2], nu: [0.23762752], rho: [1600.], sand_angle: [45.]
2024-08-23 17:28:18,197 INFO =====> Grad: [ 1.7961072e-02  3.7364930e+04  3.9849380e+01  1.3171329e+02
 -2.1703002e+04  1.8051910e+04]
2024-08-23 17:28:18,197 INFO =====> Num. aborted data so far: 0
2024-08-23 17:28:18,797 INFO ===> New TaichiEnv created.
2024-08-23 17:28:18,797 INFO ===> Specifications: horizon = 347, dt = 0.01, n_substeps = 20, dt_sub = 0.0005
2024-08-23 17:28:18,821 DEBUG loaded <trimesh.Trimesh(vertices.shape=(916, 3), faces.shape=(856, 3))> using `load_obj` in 0.0029s
2024-08-23 17:28:18,967 DEBUG loaded <trimesh.Trimesh(vertices.shape=(48, 3), faces.shape=(28, 3))> using `load_obj` in 0.0007s
2024-08-23 17:29:08,469 INFO =====> Epoch: 99
2024-08-23 17:29:08,469 INFO =====> Loss info: {'particle_has_naninf': False, 'height_map_loss': 69.02859497070312, 'emd_loss': 46.93178939819336, 'total_loss': 46.93178939819336}
2024-08-23 17:29:08,469 INFO =====> Param: E: [352648.53], nu: [0.23428793], rho: [1600.], sand_angle: [45.]
2024-08-23 17:29:08,469 INFO =====> Grad: [ 1.05055915e-02 -1.44115020e+04 -5.52843170e+01 -6.82529846e+02
  4.98500000e+02  2.97195840e+04]
2024-08-23 17:29:08,469 INFO =====> Num. aborted data so far: 0
2024-08-23 17:29:08,472 INFO ====> Finished training.
2024-08-23 17:29:08,472 INFO ====> Final loss: 
2024-08-23 17:29:08,472 INFO ====> Final params: E [352648.53], nu [0.23428793], rho [1600.], sand_angle [45.], manipulator_friction [1.3753564],container_friction [0.38795063]
2024-08-23 17:29:08,472 INFO ===> End grad computation at:, 2024-8-23 17:29:8
2024-08-23 17:29:08,472 INFO ===> Total time taken: 5225.780667066574 seconds
2024-08-23 17:29:08,472 INFO ===> Number of aborted data: 0
