2025-05-28 01:57:47,622 INFO =====> Skill params: [ 0.27392337 -0.46042657 -0.918053   -0.96694475  0.6265405 ]
2025-05-28 01:57:47,622 INFO =====> Grad: [ 62.44731 -11.62922   0.        0.        0.     ]
2025-05-28 01:57:47,622 INFO =====> Num. aborted data so far: 0
2025-05-28 01:57:47,623 INFO ===========> Epoch: 0 optimisation losses
2025-05-28 01:57:47,623 INFO =====> EMD Loss: 20.348143
2025-05-28 01:57:47,623 INFO =====> Height map loss: 6.910268
2025-05-28 01:57:57,787 INFO ==> EMD Loss: 20.347923
2025-05-28 01:57:57,787 INFO ==> Height map loss:  6.909927
2025-05-28 01:58:07,644 INFO ==> EMD Loss: 20.344437
2025-05-28 01:58:07,644 INFO ==> Height map loss:  6.908402
2025-05-28 01:58:17,441 INFO ==> EMD Loss: 20.344519
2025-05-28 01:58:17,441 INFO ==> Height map loss:  6.908156
2025-05-28 01:58:27,026 INFO ==> EMD Loss: 20.344229
2025-05-28 01:58:27,026 INFO ==> Height map loss:  6.908223
2025-05-28 01:58:36,634 INFO ==> EMD Loss: 20.343349
2025-05-28 01:58:36,635 INFO ==> Height map loss:  6.908834
2025-05-28 01:58:59,415 INFO =====> Skill params: [ 0.17905504 -0.36555827 -0.918053   -0.96694475  0.6265405 ]
2025-05-28 01:58:59,415 INFO =====> Grad: [174.45787  -92.985115   0.         0.         0.      ]
2025-05-28 01:58:59,415 INFO =====> Num. aborted data so far: 0
2025-05-28 01:58:59,416 INFO ===========> Epoch: 1 optimisation losses
2025-05-28 01:58:59,416 INFO =====> EMD Loss: 20.341171
2025-05-28 01:58:59,416 INFO =====> Height map loss: 6.908178
2025-05-28 01:59:09,110 INFO ==> EMD Loss: 20.340458
2025-05-28 01:59:09,110 INFO ==> Height map loss:  6.908002
2025-05-28 01:59:18,889 INFO ==> EMD Loss: 20.344210
2025-05-28 01:59:18,889 INFO ==> Height map loss:  6.906833
2025-05-28 01:59:28,444 INFO ==> EMD Loss: 20.343328
2025-05-28 01:59:28,444 INFO ==> Height map loss:  6.908811
2025-05-28 01:59:37,982 INFO ==> EMD Loss: 20.342052
2025-05-28 01:59:37,982 INFO ==> Height map loss:  6.905760
2025-05-28 01:59:47,300 INFO ==> EMD Loss: 20.343981
2025-05-28 01:59:47,300 INFO ==> Height map loss:  6.908683
2025-05-28 02:00:09,149 INFO =====> Skill params: [ 0.04430974 -0.22424693 -0.918053   -0.96694475  0.6265405 ]
2025-05-28 02:00:09,149 INFO =====> Grad: [ -2.0878406 -24.118088    0.          0.          0.       ]
2025-05-28 02:00:09,149 INFO =====> Num. aborted data so far: 0
2025-05-28 02:00:09,150 INFO ===========> Epoch: 2 optimisation losses
2025-05-28 02:00:09,150 INFO =====> EMD Loss: 20.342449
2025-05-28 02:00:09,150 INFO =====> Height map loss: 6.906964
2025-05-28 02:00:18,698 INFO ==> EMD Loss: 20.343348
2025-05-28 02:00:18,698 INFO ==> Height map loss:  6.905725
2025-05-28 02:00:28,057 INFO ==> EMD Loss: 20.342501
2025-05-28 02:00:28,057 INFO ==> Height map loss:  6.905779
2025-05-28 02:00:37,525 INFO ==> EMD Loss: 20.344797
2025-05-28 02:00:37,525 INFO ==> Height map loss:  6.907519
2025-05-28 02:00:46,850 INFO ==> EMD Loss: 20.344416
2025-05-28 02:00:46,850 INFO ==> Height map loss:  6.910172
2025-05-28 02:00:56,304 INFO ==> EMD Loss: 20.343166
2025-05-28 02:00:56,304 INFO ==> Height map loss:  6.905412
2025-05-28 02:01:17,692 INFO =====> Skill params: [ 0.04657598 -0.17453282 -0.918053   -0.96694475  0.6265405 ]
2025-05-28 02:01:17,692 INFO =====> Grad: [-272.78513 -102.35009 -240.47685    0.         0.     ]
2025-05-28 02:01:17,692 INFO =====> Num. aborted data so far: 0
2025-05-28 02:01:17,693 INFO ===========> Epoch: 3 optimisation losses
2025-05-28 02:01:17,693 INFO =====> EMD Loss: 20.342422
2025-05-28 02:01:17,693 INFO =====> Height map loss: 6.907913
2025-05-28 02:01:26,967 INFO ==> EMD Loss: 20.342777
2025-05-28 02:01:26,967 INFO ==> Height map loss:  6.906344
2025-05-28 02:01:36,362 INFO ==> EMD Loss: 20.362286
2025-05-28 02:01:36,362 INFO ==> Height map loss:  6.903214
2025-05-28 02:01:45,484 INFO ==> EMD Loss: 20.369093
2025-05-28 02:01:45,484 INFO ==> Height map loss:  6.908004
2025-05-28 02:01:54,863 INFO ==> EMD Loss: 20.346926
2025-05-28 02:01:54,863 INFO ==> Height map loss:  6.906569
2025-05-28 02:02:04,054 INFO ==> EMD Loss: 20.350132
2025-05-28 02:02:04,054 INFO ==> Height map loss:  6.908243
2025-05-28 02:02:25,251 INFO =====> Skill params: [ 0.08710824 -0.13844779 -0.8706188  -0.96694475  0.6265405 ]
2025-05-28 02:02:25,251 INFO =====> Grad: [-840.1122   362.91367 -253.5101     0.         0.     ]
2025-05-28 02:02:25,251 INFO =====> Num. aborted data so far: 0
2025-05-28 02:02:25,252 INFO ===========> Epoch: 4 optimisation losses
2025-05-28 02:02:25,252 INFO =====> EMD Loss: 20.346607
2025-05-28 02:02:25,252 INFO =====> Height map loss: 6.909140
2025-05-28 02:02:34,530 INFO ==> EMD Loss: 20.348555
2025-05-28 02:02:34,531 INFO ==> Height map loss:  6.909230
2025-05-28 02:02:44,101 INFO ==> EMD Loss: 20.351160
2025-05-28 02:02:44,101 INFO ==> Height map loss:  6.909499
2025-05-28 02:02:53,731 INFO ==> EMD Loss: 20.352205
2025-05-28 02:02:53,731 INFO ==> Height map loss:  6.910800
2025-05-28 02:03:03,343 INFO ==> EMD Loss: 20.351109
2025-05-28 02:03:03,343 INFO ==> Height map loss:  6.909733
2025-05-28 02:03:13,263 INFO ==> EMD Loss: 20.361340
2025-05-28 02:03:13,263 INFO ==> Height map loss:  6.909513
2025-05-28 02:03:34,543 INFO =====> Skill params: [ 0.09603288 -0.14739726 -0.863567   -0.96694475  0.6265405 ]
2025-05-28 02:03:34,543 INFO =====> Grad: [2162.8457   -388.65747   250.31073    86.85474    -9.461291]
2025-05-28 02:03:34,543 INFO =====> Num. aborted data so far: 0
2025-05-28 02:03:34,544 INFO ===========> Epoch: 5 optimisation losses
2025-05-28 02:03:34,544 INFO =====> EMD Loss: 20.347782
2025-05-28 02:03:34,544 INFO =====> Height map loss: 6.910289
2025-05-28 02:03:44,020 INFO ==> EMD Loss: 20.364740
2025-05-28 02:03:44,021 INFO ==> Height map loss:  6.899333
2025-05-28 02:03:53,347 INFO ==> EMD Loss: 20.340994
2025-05-28 02:03:53,347 INFO ==> Height map loss:  6.910069
2025-05-28 02:04:02,700 INFO ==> EMD Loss: 20.344187
2025-05-28 02:04:02,700 INFO ==> Height map loss:  6.908682
2025-05-28 02:04:11,822 INFO ==> EMD Loss: 20.341919
2025-05-28 02:04:11,823 INFO ==> Height map loss:  6.908193
2025-05-28 02:04:21,204 INFO ==> EMD Loss: 20.337566
2025-05-28 02:04:21,204 INFO ==> Height map loss:  6.905930
2025-05-28 02:04:42,324 INFO =====> Skill params: [ 0.08719955 -0.14048156 -0.869372   -0.9764316   0.63602734]
2025-05-28 02:04:42,324 INFO =====> Grad: [-1150.5017    351.05545  -252.785       0.          0.     ]
2025-05-28 02:04:42,324 INFO =====> Num. aborted data so far: 0
2025-05-28 02:04:42,325 INFO ===========> Epoch: 6 optimisation losses
2025-05-28 02:04:42,325 INFO =====> EMD Loss: 20.346485
2025-05-28 02:04:42,325 INFO =====> Height map loss: 6.909197
2025-05-28 02:04:51,749 INFO ==> EMD Loss: 20.347889
2025-05-28 02:04:51,749 INFO ==> Height map loss:  6.910024
2025-05-28 02:05:01,340 INFO ==> EMD Loss: 20.346020
2025-05-28 02:05:01,341 INFO ==> Height map loss:  6.907734
2025-05-28 02:05:10,790 INFO ==> EMD Loss: 20.350502
2025-05-28 02:05:10,790 INFO ==> Height map loss:  6.909594
2025-05-28 02:05:20,472 INFO ==> EMD Loss: 20.348373
2025-05-28 02:05:20,472 INFO ==> Height map loss:  6.909415
2025-05-28 02:05:30,096 INFO ==> EMD Loss: 20.344879
2025-05-28 02:05:30,097 INFO ==> Height map loss:  6.909221
2025-05-28 02:05:51,522 INFO =====> Skill params: [ 0.10915251 -0.16752793 -0.84348243 -0.9764316   0.63602734]
2025-05-28 02:05:51,522 INFO =====> Grad: [140.00774  -65.400375   0.         0.         0.      ]
2025-05-28 02:05:51,522 INFO =====> Num. aborted data so far: 0
2025-05-28 02:05:51,523 INFO ===========> Epoch: 7 optimisation losses
2025-05-28 02:05:51,523 INFO =====> EMD Loss: 20.345667
2025-05-28 02:05:51,523 INFO =====> Height map loss: 6.907822
2025-05-28 02:06:01,166 INFO ==> EMD Loss: 20.345999
2025-05-28 02:06:01,166 INFO ==> Height map loss:  6.907785
2025-05-28 02:06:10,570 INFO ==> EMD Loss: 20.345943
2025-05-28 02:06:10,570 INFO ==> Height map loss:  6.907782
2025-05-28 02:06:20,086 INFO ==> EMD Loss: 20.347712
2025-05-28 02:06:20,086 INFO ==> Height map loss:  6.909474
2025-05-28 02:06:29,429 INFO ==> EMD Loss: 20.347229
2025-05-28 02:06:29,429 INFO ==> Height map loss:  6.909487
2025-05-28 02:06:38,873 INFO ==> EMD Loss: 20.348415
2025-05-28 02:06:38,873 INFO ==> Height map loss:  6.909093
2025-05-28 02:07:00,196 INFO =====> Skill params: [ 0.10634144 -0.16224971 -0.84348243 -0.9764316   0.63602734]
2025-05-28 02:07:00,197 INFO =====> Grad: [-47.775917 -33.284973   0.         0.         0.      ]
2025-05-28 02:07:00,197 INFO =====> Num. aborted data so far: 0
2025-05-28 02:07:00,197 INFO ===========> Epoch: 8 optimisation losses
2025-05-28 02:07:00,197 INFO =====> EMD Loss: 20.345491
2025-05-28 02:07:00,197 INFO =====> Height map loss: 6.907938
2025-05-28 02:07:09,792 INFO ==> EMD Loss: 20.345942
2025-05-28 02:07:09,792 INFO ==> Height map loss:  6.907779
2025-05-28 02:07:19,180 INFO ==> EMD Loss: 20.346027
2025-05-28 02:07:19,180 INFO ==> Height map loss:  6.907872
2025-05-28 02:07:28,718 INFO ==> EMD Loss: 20.349407
2025-05-28 02:07:28,718 INFO ==> Height map loss:  6.909473
2025-05-28 02:07:38,099 INFO ==> EMD Loss: 20.349373
2025-05-28 02:07:38,099 INFO ==> Height map loss:  6.909451
2025-05-28 02:07:47,636 INFO ==> EMD Loss: 20.347673
2025-05-28 02:07:47,636 INFO ==> Height map loss:  6.909490
2025-05-28 02:08:08,990 INFO =====> Skill params: [ 0.10654362 -0.1616844  -0.84348243 -0.9764316   0.63602734]
2025-05-28 02:08:08,991 INFO =====> Grad: [-200.96834   16.49788    0.         0.         0.     ]
2025-05-28 02:08:08,991 INFO =====> Num. aborted data so far: 0
2025-05-28 02:08:08,991 INFO ===========> Epoch: 9 optimisation losses
2025-05-28 02:08:08,991 INFO =====> EMD Loss: 20.345545
2025-05-28 02:08:08,991 INFO =====> Height map loss: 6.907898
2025-05-28 02:08:18,649 INFO ==> EMD Loss: 20.345970
2025-05-28 02:08:18,649 INFO ==> Height map loss:  6.907798
2025-05-28 02:08:28,095 INFO ==> EMD Loss: 20.346224
2025-05-28 02:08:28,095 INFO ==> Height map loss:  6.909285
2025-05-28 02:08:37,718 INFO ==> EMD Loss: 20.348116
2025-05-28 02:08:37,718 INFO ==> Height map loss:  6.909303
2025-05-28 02:08:47,387 INFO ==> EMD Loss: 20.348288
2025-05-28 02:08:47,388 INFO ==> Height map loss:  6.907688
2025-05-28 02:08:56,926 INFO ==> EMD Loss: 20.348372
2025-05-28 02:08:56,926 INFO ==> Height map loss:  6.907595
2025-05-28 02:09:18,320 INFO =====> Skill params: [ 0.12439355 -0.16758871 -0.84348243 -0.9764316   0.63602734]
2025-05-28 02:09:18,321 INFO =====> Grad: [-169.51881    46.107033    0.          0.          0.      ]
2025-05-28 02:09:18,321 INFO =====> Num. aborted data so far: 0
2025-05-28 02:09:18,321 INFO ===========> Epoch: 10 optimisation losses
2025-05-28 02:09:18,321 INFO =====> EMD Loss: 20.346516
2025-05-28 02:09:18,321 INFO =====> Height map loss: 6.907656
2025-05-28 02:09:27,791 INFO ==> EMD Loss: 20.348446
2025-05-28 02:09:27,791 INFO ==> Height map loss:  6.907688
2025-05-28 02:09:37,472 INFO ==> EMD Loss: 20.348923
2025-05-28 02:09:37,472 INFO ==> Height map loss:  6.907693
2025-05-28 02:09:46,887 INFO ==> EMD Loss: 20.350382
2025-05-28 02:09:46,887 INFO ==> Height map loss:  6.909139
2025-05-28 02:09:56,569 INFO ==> EMD Loss: 20.351295
2025-05-28 02:09:56,569 INFO ==> Height map loss:  6.909435
2025-05-28 02:10:06,142 INFO ==> EMD Loss: 20.351706
2025-05-28 02:10:06,142 INFO ==> Height map loss:  6.909451
2025-05-28 02:10:27,675 INFO =====> Skill params: [ 0.12518434 -0.16845475 -0.84348243 -0.9764316   0.63602734]
2025-05-28 02:10:27,675 INFO =====> Grad: [-159.0689    45.61517    0.         0.         0.     ]
2025-05-28 02:10:27,675 INFO =====> Num. aborted data so far: 0
2025-05-28 02:10:27,676 INFO ===========> Epoch: 11 optimisation losses
2025-05-28 02:10:27,676 INFO =====> EMD Loss: 20.346540
2025-05-28 02:10:27,676 INFO =====> Height map loss: 6.909095
2025-05-28 02:10:37,051 INFO ==> EMD Loss: 20.348646
2025-05-28 02:10:37,051 INFO ==> Height map loss:  6.909196
2025-05-28 02:10:46,697 INFO ==> EMD Loss: 20.350002
2025-05-28 02:10:46,697 INFO ==> Height map loss:  6.909252
2025-05-28 02:10:56,116 INFO ==> EMD Loss: 20.350359
2025-05-28 02:10:56,116 INFO ==> Height map loss:  6.909197
2025-05-28 02:11:05,747 INFO ==> EMD Loss: 20.351332
2025-05-28 02:11:05,747 INFO ==> Height map loss:  6.909466
2025-05-28 02:11:15,209 INFO ==> EMD Loss: 20.351706
2025-05-28 02:11:15,209 INFO ==> Height map loss:  6.909402
2025-05-28 02:11:36,728 INFO =====> Skill params: [ 0.12596388 -0.16935384 -0.84348243 -0.9764316   0.63602734]
2025-05-28 02:11:36,728 INFO =====> Grad: [157.01341 -57.77502   0.        0.        0.     ]
2025-05-28 02:11:36,728 INFO =====> Num. aborted data so far: 0
2025-05-28 02:11:36,729 INFO ===========> Epoch: 12 optimisation losses
2025-05-28 02:11:36,729 INFO =====> EMD Loss: 20.346640
2025-05-28 02:11:36,729 INFO =====> Height map loss: 6.907574
2025-05-28 02:11:46,312 INFO ==> EMD Loss: 20.348511
2025-05-28 02:11:46,312 INFO ==> Height map loss:  6.907667
2025-05-28 02:11:55,720 INFO ==> EMD Loss: 20.348495
2025-05-28 02:11:55,720 INFO ==> Height map loss:  6.909352
2025-05-28 02:12:05,347 INFO ==> EMD Loss: 20.350273
2025-05-28 02:12:05,347 INFO ==> Height map loss:  6.909478
2025-05-28 02:12:14,723 INFO ==> EMD Loss: 20.349506
2025-05-28 02:12:14,723 INFO ==> Height map loss:  6.909520
2025-05-28 02:12:24,245 INFO ==> EMD Loss: 20.351513
2025-05-28 02:12:24,245 INFO ==> Height map loss:  6.909464
2025-05-28 02:12:45,502 INFO =====> Skill params: [ 0.12515575 -0.16816297 -0.84348243 -0.9764316   0.63602734]
2025-05-28 02:12:45,502 INFO =====> Grad: [164.63504  -50.955593   0.         0.         0.      ]
2025-05-28 02:12:45,502 INFO =====> Num. aborted data so far: 0
2025-05-28 02:12:45,503 INFO ===========> Epoch: 13 optimisation losses
2025-05-28 02:12:45,503 INFO =====> EMD Loss: 20.346596
2025-05-28 02:12:45,503 INFO =====> Height map loss: 6.907619
2025-05-28 02:12:55,148 INFO ==> EMD Loss: 20.348372
2025-05-28 02:12:55,148 INFO ==> Height map loss:  6.907663
2025-05-28 02:13:04,500 INFO ==> EMD Loss: 20.355701
2025-05-28 02:13:04,500 INFO ==> Height map loss:  6.909266
2025-05-28 02:13:14,108 INFO ==> EMD Loss: 20.350088
2025-05-28 02:13:14,108 INFO ==> Height map loss:  6.909477
2025-05-28 02:13:23,512 INFO ==> EMD Loss: 20.347775
2025-05-28 02:13:23,512 INFO ==> Height map loss:  6.909460
2025-05-28 02:13:33,067 INFO ==> EMD Loss: 20.351297
2025-05-28 02:13:33,067 INFO ==> Height map loss:  6.909452
2025-05-28 02:13:54,408 INFO =====> Skill params: [ 0.12426648 -0.16706333 -0.84348243 -0.9764316   0.63602734]
2025-05-28 02:13:54,408 INFO =====> Grad: [160.98299  -56.539173   0.         0.         0.      ]
2025-05-28 02:13:54,408 INFO =====> Num. aborted data so far: 0
2025-05-28 02:13:54,408 INFO ===========> Epoch: 14 optimisation losses
2025-05-28 02:13:54,409 INFO =====> EMD Loss: 20.346544
2025-05-28 02:13:54,409 INFO =====> Height map loss: 6.907610
2025-05-28 02:14:04,152 INFO ==> EMD Loss: 20.346601
2025-05-28 02:14:04,152 INFO ==> Height map loss:  6.907658
2025-05-28 02:14:13,493 INFO ==> EMD Loss: 20.348145
2025-05-28 02:14:13,494 INFO ==> Height map loss:  6.907755
2025-05-28 02:14:23,010 INFO ==> EMD Loss: 20.349855
2025-05-28 02:14:23,010 INFO ==> Height map loss:  6.909428
2025-05-28 02:14:32,465 INFO ==> EMD Loss: 20.351603
2025-05-28 02:14:32,466 INFO ==> Height map loss:  6.909401
2025-05-28 02:14:42,084 INFO ==> EMD Loss: 20.351511
2025-05-28 02:14:42,085 INFO ==> Height map loss:  6.909790
2025-05-28 02:15:03,395 INFO =====> Skill params: [ 0.12335414 -0.16578883 -0.84348243 -0.9764316   0.63602734]
2025-05-28 02:15:03,395 INFO =====> Grad: [-1239.4929    282.73813     0.          0.          0.     ]
2025-05-28 02:15:03,395 INFO =====> Num. aborted data so far: 0
2025-05-28 02:15:03,396 INFO ===========> Epoch: 15 optimisation losses
2025-05-28 02:15:03,396 INFO =====> EMD Loss: 20.346550
2025-05-28 02:15:03,396 INFO =====> Height map loss: 6.907596
2025-05-28 02:15:12,985 INFO ==> EMD Loss: 20.348970
2025-05-28 02:15:12,985 INFO ==> Height map loss:  6.907678
2025-05-28 02:15:22,428 INFO ==> EMD Loss: 20.348890
2025-05-28 02:15:22,428 INFO ==> Height map loss:  6.909237
2025-05-28 02:15:32,048 INFO ==> EMD Loss: 20.363329
2025-05-28 02:15:32,048 INFO ==> Height map loss:  6.907718
2025-05-28 02:15:41,616 INFO ==> EMD Loss: 20.368298
2025-05-28 02:15:41,616 INFO ==> Height map loss:  6.907691
2025-05-28 02:15:51,505 INFO ==> EMD Loss: 20.363979
2025-05-28 02:15:51,505 INFO ==> Height map loss:  6.909097
2025-05-28 02:16:13,407 INFO =====> Skill params: [ 0.12919118 -0.17127147 -0.84348243 -0.9764316   0.63602734]
2025-05-28 02:16:13,407 INFO =====> Grad: [-195.77263    12.087661    0.          0.          0.      ]
2025-05-28 02:16:13,407 INFO =====> Num. aborted data so far: 0
2025-05-28 02:16:13,408 INFO ===========> Epoch: 16 optimisation losses
2025-05-28 02:16:13,408 INFO =====> EMD Loss: 20.348255
2025-05-28 02:16:13,408 INFO =====> Height map loss: 6.909104
2025-05-28 02:16:23,163 INFO ==> EMD Loss: 20.348864
2025-05-28 02:16:23,163 INFO ==> Height map loss:  6.907676
2025-05-28 02:16:32,638 INFO ==> EMD Loss: 20.350191
2025-05-28 02:16:32,638 INFO ==> Height map loss:  6.909200
2025-05-28 02:16:42,312 INFO ==> EMD Loss: 20.350571
2025-05-28 02:16:42,312 INFO ==> Height map loss:  6.909172
2025-05-28 02:16:51,705 INFO ==> EMD Loss: 20.350880
2025-05-28 02:16:51,706 INFO ==> Height map loss:  6.909115
2025-05-28 02:17:01,381 INFO ==> EMD Loss: 20.351240
2025-05-28 02:17:01,381 INFO ==> Height map loss:  6.909001
2025-05-28 02:17:22,818 INFO =====> Skill params: [ 0.13015792 -0.17151846 -0.84348243 -0.9764316   0.63602734]
2025-05-28 02:17:22,818 INFO =====> Grad: [-55.43848   23.660057   0.         0.         0.      ]
2025-05-28 02:17:22,818 INFO =====> Num. aborted data so far: 0
2025-05-28 02:17:22,819 INFO ===========> Epoch: 17 optimisation losses
2025-05-28 02:17:22,819 INFO =====> EMD Loss: 20.348288
2025-05-28 02:17:22,819 INFO =====> Height map loss: 6.907662
2025-05-28 02:17:32,539 INFO ==> EMD Loss: 20.349030
2025-05-28 02:17:32,539 INFO ==> Height map loss:  6.907667
2025-05-28 02:17:42,013 INFO ==> EMD Loss: 20.350073
2025-05-28 02:17:42,014 INFO ==> Height map loss:  6.909173
2025-05-28 02:17:51,747 INFO ==> EMD Loss: 20.350410
2025-05-28 02:17:51,747 INFO ==> Height map loss:  6.909158
2025-05-28 02:18:01,173 INFO ==> EMD Loss: 20.350637
2025-05-28 02:18:01,173 INFO ==> Height map loss:  6.909222
2025-05-28 02:18:10,575 INFO ==> EMD Loss: 20.351274
2025-05-28 02:18:10,575 INFO ==> Height map loss:  6.909389
2025-05-28 02:18:32,122 INFO =====> Skill params: [ 0.13044636 -0.17202733 -0.84348243 -0.9764316   0.63602734]
2025-05-28 02:18:32,122 INFO =====> Grad: [-174.93427    35.125946    0.          0.          0.      ]
2025-05-28 02:18:32,123 INFO =====> Num. aborted data so far: 0
2025-05-28 02:18:32,123 INFO ===========> Epoch: 18 optimisation losses
2025-05-28 02:18:32,124 INFO =====> EMD Loss: 20.348228
2025-05-28 02:18:32,124 INFO =====> Height map loss: 6.907643
2025-05-28 02:18:41,862 INFO ==> EMD Loss: 20.350134
2025-05-28 02:18:41,862 INFO ==> Height map loss:  6.909153
2025-05-28 02:18:51,332 INFO ==> EMD Loss: 20.350521
2025-05-28 02:18:51,332 INFO ==> Height map loss:  6.909211
2025-05-28 02:19:00,806 INFO ==> EMD Loss: 20.350914
2025-05-28 02:19:00,806 INFO ==> Height map loss:  6.909081
2025-05-28 02:19:10,504 INFO ==> EMD Loss: 20.351765
2025-05-28 02:19:10,504 INFO ==> Height map loss:  6.909412
2025-05-28 02:19:19,893 INFO ==> EMD Loss: 20.351007
2025-05-28 02:19:19,893 INFO ==> Height map loss:  6.909589
2025-05-28 02:19:41,460 INFO =====> Skill params: [ 0.1399915  -0.1799628  -0.84348243 -0.9764316   0.63602734]
2025-05-28 02:19:41,460 INFO =====> Grad: [-5.187291 36.447918  0.        0.        0.      ]
2025-05-28 02:19:41,460 INFO =====> Num. aborted data so far: 0
2025-05-28 02:19:41,461 INFO ===========> Epoch: 19 optimisation losses
2025-05-28 02:19:41,461 INFO =====> EMD Loss: 20.350262
2025-05-28 02:19:41,461 INFO =====> Height map loss: 6.909173
2025-05-28 02:19:50,997 INFO ==> EMD Loss: 20.351391
2025-05-28 02:19:50,998 INFO ==> Height map loss:  6.909474
2025-05-28 02:20:00,707 INFO ==> EMD Loss: 20.351471
2025-05-28 02:20:00,707 INFO ==> Height map loss:  6.909384
2025-05-28 02:20:10,209 INFO ==> EMD Loss: 20.350605
2025-05-28 02:20:10,209 INFO ==> Height map loss:  6.909592
2025-05-28 02:20:19,949 INFO ==> EMD Loss: 20.350840
2025-05-28 02:20:19,949 INFO ==> Height map loss:  6.909650
2025-05-28 02:20:29,393 INFO ==> EMD Loss: 20.347204
2025-05-28 02:20:29,393 INFO ==> Height map loss:  6.908068
2025-05-28 02:20:39,004 INFO ===========> Finished training.
2025-05-28 02:20:39,004 INFO ====> Final EMD Loss: 20.347200
2025-05-28 02:20:39,004 INFO ====> Final Height map loss: 6.908088
2025-05-28 02:20:39,004 INFO ====> Final skill params: [ 0.14058821 -0.19724964 -0.84348243 -0.9764316   0.63602734]
