2025-07-25 02:49:38,052 INFO =====> Skill params: [ 0.01800392  0.2         0.8         0.         -0.5       ]
2025-07-25 02:49:38,052 INFO =====> Grad: [-3078.4836  -2120.5034    257.80118  -942.47797   999.99994]
2025-07-25 02:49:38,052 INFO =====> Num. aborted data so far: 0
2025-07-25 02:49:38,053 INFO ===========> Epoch: 0 optimisation losses
2025-07-25 02:49:38,053 INFO =====> EMD Loss: 17.113194
2025-07-25 02:49:38,053 INFO =====> Height map loss: 5.843747
2025-07-25 02:49:50,208 INFO ==> EMD Loss: 16.932983
2025-07-25 02:49:50,208 INFO ==> Height map loss:  5.831022
2025-07-25 02:50:02,417 INFO ==> EMD Loss: 16.644932
2025-07-25 02:50:02,417 INFO ==> Height map loss:  5.551556
2025-07-25 02:50:14,995 INFO ==> EMD Loss: 16.163157
2025-07-25 02:50:14,995 INFO ==> Height map loss:  5.292105
2025-07-25 02:50:26,960 INFO ==> EMD Loss: 15.733091
2025-07-25 02:50:26,960 INFO ==> Height map loss:  5.079844
2025-07-25 02:50:41,491 INFO ==> EMD Loss: 15.432248
2025-07-25 02:50:41,491 INFO ==> Height map loss:  5.085443
2025-07-25 02:51:06,153 INFO =====> Skill params: [ 0.16030642  0.3423025   0.65769756  0.1423025  -0.6423025 ]
2025-07-25 02:51:06,153 INFO =====> Grad: [ 1077.4346  -1092.8898    175.68231   588.99835  -662.0196 ]
2025-07-25 02:51:06,153 INFO =====> Num. aborted data so far: 0
2025-07-25 02:51:06,154 INFO ===========> Epoch: 1 optimisation losses
2025-07-25 02:51:06,154 INFO =====> EMD Loss: 15.718654
2025-07-25 02:51:06,154 INFO =====> Height map loss: 5.053493
2025-07-25 02:51:18,822 INFO ==> EMD Loss: 15.936654
2025-07-25 02:51:18,822 INFO ==> Height map loss:  5.293948
2025-07-25 02:51:31,584 INFO ==> EMD Loss: 16.202291
2025-07-25 02:51:31,584 INFO ==> Height map loss:  5.531133
2025-07-25 02:51:44,254 INFO ==> EMD Loss: 16.310772
2025-07-25 02:51:44,254 INFO ==> Height map loss:  6.051459
2025-07-25 02:51:57,480 INFO ==> EMD Loss: 16.704643
2025-07-25 02:51:57,480 INFO ==> Height map loss:  6.259557
2025-07-25 02:52:10,274 INFO ==> EMD Loss: 17.019552
2025-07-25 02:52:10,274 INFO ==> Height map loss:  6.469753
2025-07-25 02:52:42,672 INFO =====> Skill params: [ 0.15702286  0.34683126  0.65216285  0.13708363 -0.6368735 ]
2025-07-25 02:52:42,672 INFO =====> Grad: [1324.4789   -473.10617  -274.37735   -26.372091 -105.03222 ]
2025-07-25 02:52:42,672 INFO =====> Num. aborted data so far: 0
2025-07-25 02:52:42,673 INFO ===========> Epoch: 2 optimisation losses
2025-07-25 02:52:42,673 INFO =====> EMD Loss: 15.820505
2025-07-25 02:52:42,673 INFO =====> Height map loss: 5.283415
2025-07-25 02:52:56,279 INFO ==> EMD Loss: 15.978306
2025-07-25 02:52:56,279 INFO ==> Height map loss:  5.390864
2025-07-25 02:53:08,501 INFO ==> EMD Loss: 16.173338
2025-07-25 02:53:08,501 INFO ==> Height map loss:  5.474888
2025-07-25 02:53:21,385 INFO ==> EMD Loss: 16.155558
2025-07-25 02:53:21,385 INFO ==> Height map loss:  5.783874
2025-07-25 02:53:34,371 INFO ==> EMD Loss: 16.507574
2025-07-25 02:53:34,371 INFO ==> Height map loss:  6.136668
2025-07-25 02:53:47,448 INFO ==> EMD Loss: 16.822744
2025-07-25 02:53:47,448 INFO ==> Height map loss:  6.320332
2025-07-25 02:54:16,221 INFO =====> Skill params: [ 0.15314065  0.34885043  0.6587344   0.13732986 -0.6359697 ]
2025-07-25 02:54:16,222 INFO =====> Grad: [ 2928.3625    -1004.9095      173.03018      10.7757435   -18.010447 ]
2025-07-25 02:54:16,222 INFO =====> Num. aborted data so far: 0
2025-07-25 02:54:16,222 INFO ===========> Epoch: 3 optimisation losses
2025-07-25 02:54:16,222 INFO =====> EMD Loss: 16.020535
2025-07-25 02:54:16,222 INFO =====> Height map loss: 5.393919
2025-07-25 02:54:29,059 INFO ==> EMD Loss: 15.957782
2025-07-25 02:54:29,060 INFO ==> Height map loss:  5.328952
2025-07-25 02:54:41,921 INFO ==> EMD Loss: 16.239042
2025-07-25 02:54:41,921 INFO ==> Height map loss:  5.737396
2025-07-25 02:54:54,352 INFO ==> EMD Loss: 16.475149
2025-07-25 02:54:54,353 INFO ==> Height map loss:  6.221202
2025-07-25 02:55:10,823 INFO ==> EMD Loss: 16.941984
2025-07-25 02:55:10,823 INFO ==> Height map loss:  6.534184
2025-07-25 02:55:24,369 INFO ==> EMD Loss: 17.237328
2025-07-25 02:55:24,369 INFO ==> Height map loss:  6.966705
2025-07-25 02:55:51,236 INFO =====> Skill params: [ 0.14659321  0.35293156  0.6547665   0.13722381 -0.6358064 ]
2025-07-25 02:55:51,236 INFO =====> Grad: [-1448.57       547.7249     388.11246    237.61105     -7.355736]
2025-07-25 02:55:51,236 INFO =====> Num. aborted data so far: 0
2025-07-25 02:55:51,237 INFO ===========> Epoch: 4 optimisation losses
2025-07-25 02:55:51,237 INFO =====> EMD Loss: 15.941644
2025-07-25 02:55:51,237 INFO =====> Height map loss: 5.325632
2025-07-25 02:56:04,014 INFO ==> EMD Loss: 15.891890
2025-07-25 02:56:04,014 INFO ==> Height map loss:  5.374729
2025-07-25 02:56:16,601 INFO ==> EMD Loss: 15.673769
2025-07-25 02:56:16,601 INFO ==> Height map loss:  5.010930
2025-07-25 02:56:29,395 INFO ==> EMD Loss: 15.479820
2025-07-25 02:56:29,395 INFO ==> Height map loss:  4.954445
2025-07-25 02:56:41,642 INFO ==> EMD Loss: 15.318125
2025-07-25 02:56:41,643 INFO ==> Height map loss:  4.677364
2025-07-25 02:56:54,318 INFO ==> EMD Loss: 15.521646
2025-07-25 02:56:54,318 INFO ==> Height map loss:  4.583584
2025-07-25 02:57:24,556 INFO =====> Skill params: [ 0.21083987  0.30740649  0.5213529   0.08951093 -0.63440007]
2025-07-25 02:57:24,556 INFO =====> Grad: [1431.3184  -716.3915  -265.82904   44.7389  -191.30669]
2025-07-25 02:57:24,556 INFO =====> Num. aborted data so far: 0
2025-07-25 02:57:24,557 INFO ===========> Epoch: 5 optimisation losses
2025-07-25 02:57:24,557 INFO =====> EMD Loss: 15.512256
2025-07-25 02:57:24,557 INFO =====> Height map loss: 4.594035
2025-07-25 02:57:38,400 INFO ==> EMD Loss: 15.333884
2025-07-25 02:57:38,400 INFO ==> Height map loss:  4.594322
2025-07-25 02:57:49,690 INFO ==> EMD Loss: 15.414678
2025-07-25 02:57:49,690 INFO ==> Height map loss:  4.768440
2025-07-25 02:58:02,360 INFO ==> EMD Loss: 15.508761
2025-07-25 02:58:02,361 INFO ==> Height map loss:  4.977387
2025-07-25 02:58:15,066 INFO ==> EMD Loss: 15.916807
2025-07-25 02:58:15,066 INFO ==> Height map loss:  5.370361
2025-07-25 02:58:28,074 INFO ==> EMD Loss: 15.997862
2025-07-25 02:58:28,074 INFO ==> Height map loss:  5.633948
2025-07-25 02:58:56,054 INFO =====> Skill params: [ 0.20768458  0.31038594  0.5256473   0.08903804 -0.63251096]
2025-07-25 02:58:56,054 INFO =====> Grad: [-896.86273  741.1876   316.75      84.51648 -524.46124]
2025-07-25 02:58:56,054 INFO =====> Num. aborted data so far: 0
2025-07-25 02:58:56,055 INFO ===========> Epoch: 6 optimisation losses
2025-07-25 02:58:56,055 INFO =====> EMD Loss: 15.419194
2025-07-25 02:58:56,055 INFO =====> Height map loss: 4.592227
2025-07-25 02:59:08,533 INFO ==> EMD Loss: 15.518229
2025-07-25 02:59:08,533 INFO ==> Height map loss:  4.574202
2025-07-25 02:59:21,156 INFO ==> EMD Loss: 15.374487
2025-07-25 02:59:21,157 INFO ==> Height map loss:  4.645228
2025-07-25 02:59:37,065 INFO ==> EMD Loss: 15.432120
2025-07-25 02:59:37,066 INFO ==> Height map loss:  4.598694
2025-07-25 02:59:50,972 INFO ==> EMD Loss: 15.456510
2025-07-25 02:59:50,972 INFO ==> Height map loss:  4.645668
2025-07-25 03:00:01,863 INFO ==> EMD Loss: 15.869733
2025-07-25 03:00:01,863 INFO ==> Height map loss:  4.783214
2025-07-25 03:00:29,291 INFO =====> Skill params: [ 0.20972009  0.30731192  0.52095836  0.08810098 -0.62777936]
2025-07-25 03:00:29,291 INFO =====> Grad: [ 2841.2834  -1127.7327    189.71169   -63.6105   -368.68808]
2025-07-25 03:00:29,291 INFO =====> Num. aborted data so far: 0
2025-07-25 03:00:29,292 INFO ===========> Epoch: 7 optimisation losses
2025-07-25 03:00:29,292 INFO =====> EMD Loss: 15.560747
2025-07-25 03:00:29,292 INFO =====> Height map loss: 4.573586
2025-07-25 03:00:41,841 INFO ==> EMD Loss: 15.316248
2025-07-25 03:00:41,841 INFO ==> Height map loss:  4.586504
2025-07-25 03:00:54,574 INFO ==> EMD Loss: 15.515469
2025-07-25 03:00:54,574 INFO ==> Height map loss:  4.849822
2025-07-25 03:01:07,101 INFO ==> EMD Loss: 15.875279
2025-07-25 03:01:07,101 INFO ==> Height map loss:  5.465010
2025-07-25 03:01:20,147 INFO ==> EMD Loss: 16.202669
2025-07-25 03:01:20,147 INFO ==> Height map loss:  5.942567
2025-07-25 03:01:33,150 INFO ==> EMD Loss: 16.494276
2025-07-25 03:01:33,150 INFO ==> Height map loss:  6.203281
2025-07-25 03:02:03,149 INFO =====> Skill params: [ 0.20419465  0.31168664  0.5181325   0.08884212 -0.6244906 ]
2025-07-25 03:02:03,149 INFO =====> Grad: [-1998.9581     679.31287    380.35092     30.054768   305.60495 ]
2025-07-25 03:02:03,149 INFO =====> Num. aborted data so far: 0
2025-07-25 03:02:03,156 INFO ===========> Epoch: 8 optimisation losses
2025-07-25 03:02:03,156 INFO =====> EMD Loss: 15.324323
2025-07-25 03:02:03,156 INFO =====> Height map loss: 4.589805
2025-07-25 03:02:15,418 INFO ==> EMD Loss: 15.306046
2025-07-25 03:02:15,418 INFO ==> Height map loss:  4.592579
2025-07-25 03:02:25,545 INFO ==> EMD Loss: 15.261446
2025-07-25 03:02:25,545 INFO ==> Height map loss:  4.509511
2025-07-25 03:02:37,820 INFO ==> EMD Loss: 15.473841
2025-07-25 03:02:37,820 INFO ==> Height map loss:  4.591347
2025-07-25 03:02:50,007 INFO ==> EMD Loss: 15.647259
2025-07-25 03:02:50,007 INFO ==> Height map loss:  4.878764
2025-07-25 03:03:02,221 INFO ==> EMD Loss: 15.715463
2025-07-25 03:03:02,221 INFO ==> Height map loss:  5.159671
2025-07-25 03:03:29,852 INFO =====> Skill params: [ 0.22300337  0.29835758  0.49286246  0.08699791 -0.6382411 ]
2025-07-25 03:03:29,852 INFO =====> Grad: [ -34.124176  531.0277    274.1611    176.99867  -210.35132 ]
2025-07-25 03:03:29,852 INFO =====> Num. aborted data so far: 0
2025-07-25 03:03:29,853 INFO ===========> Epoch: 9 optimisation losses
2025-07-25 03:03:29,853 INFO =====> EMD Loss: 15.246540
2025-07-25 03:03:29,853 INFO =====> Height map loss: 4.456138
2025-07-25 03:03:42,567 INFO ==> EMD Loss: 15.214775
2025-07-25 03:03:42,567 INFO ==> Height map loss:  4.500884
2025-07-25 03:03:55,898 INFO ==> EMD Loss: 15.357354
2025-07-25 03:03:55,898 INFO ==> Height map loss:  4.453787
2025-07-25 03:04:11,669 INFO ==> EMD Loss: 15.269514
2025-07-25 03:04:11,669 INFO ==> Height map loss:  4.486125
2025-07-25 03:04:25,829 INFO ==> EMD Loss: 15.492833
2025-07-25 03:04:25,829 INFO ==> Height map loss:  4.502786
2025-07-25 03:04:37,314 INFO ==> EMD Loss: 15.594469
2025-07-25 03:04:37,314 INFO ==> Height map loss:  4.552026
2025-07-25 03:05:04,596 INFO =====> Skill params: [ 0.22334182  0.28765753  0.47506496  0.07586904 -0.6284781 ]
2025-07-25 03:05:04,596 INFO =====> Grad: [2268.7651  -718.5486  -176.9979    90.81926  262.8348 ]
2025-07-25 03:05:04,596 INFO =====> Num. aborted data so far: 0
2025-07-25 03:05:04,597 INFO ===========> Epoch: 10 optimisation losses
2025-07-25 03:05:04,597 INFO =====> EMD Loss: 15.303341
2025-07-25 03:05:04,597 INFO =====> Height map loss: 4.460267
2025-07-25 03:05:17,067 INFO ==> EMD Loss: 15.147463
2025-07-25 03:05:17,067 INFO ==> Height map loss:  4.503517
2025-07-25 03:05:29,456 INFO ==> EMD Loss: 15.362594
2025-07-25 03:05:29,457 INFO ==> Height map loss:  4.556436
2025-07-25 03:05:41,938 INFO ==> EMD Loss: 15.307544
2025-07-25 03:05:41,938 INFO ==> Height map loss:  4.573318
2025-07-25 03:05:54,368 INFO ==> EMD Loss: 15.425797
2025-07-25 03:05:54,368 INFO ==> Height map loss:  4.752260
2025-07-25 03:06:07,131 INFO ==> EMD Loss: 15.659199
2025-07-25 03:06:07,131 INFO ==> Height map loss:  5.097934
2025-07-25 03:06:34,700 INFO =====> Skill params: [ 0.21909894  0.29056317  0.477412    0.07467478 -0.6309603 ]
2025-07-25 03:06:34,700 INFO =====> Grad: [-2841.9995    948.68866  -196.33806  -599.3201    944.75165]
2025-07-25 03:06:34,700 INFO =====> Num. aborted data so far: 0
2025-07-25 03:06:34,701 INFO ===========> Epoch: 11 optimisation losses
2025-07-25 03:06:34,701 INFO =====> EMD Loss: 15.127826
2025-07-25 03:06:34,701 INFO =====> Height map loss: 4.520534
2025-07-25 03:06:49,169 INFO ==> EMD Loss: 15.395552
2025-07-25 03:06:49,169 INFO ==> Height map loss:  4.467198
2025-07-25 03:07:00,364 INFO ==> EMD Loss: 15.524540
2025-07-25 03:07:00,364 INFO ==> Height map loss:  4.731184
2025-07-25 03:07:10,872 INFO ==> EMD Loss: 15.559854
2025-07-25 03:07:10,872 INFO ==> Height map loss:  5.212719
2025-07-25 03:07:22,835 INFO ==> EMD Loss: 16.273216
2025-07-25 03:07:22,835 INFO ==> Height map loss:  5.953978
2025-07-25 03:07:34,094 INFO ==> EMD Loss: 16.801973
2025-07-25 03:07:34,094 INFO ==> Height map loss:  6.640331
2025-07-25 03:08:05,376 INFO =====> Skill params: [ 0.22392297  0.2868432   0.4800482   0.08092459 -0.6376392 ]
2025-07-25 03:08:05,377 INFO =====> Grad: [-616.3641   497.7039   278.727    -21.94328   90.41064]
2025-07-25 03:08:05,377 INFO =====> Num. aborted data so far: 0
2025-07-25 03:08:05,377 INFO ===========> Epoch: 12 optimisation losses
2025-07-25 03:08:05,377 INFO =====> EMD Loss: 15.407428
2025-07-25 03:08:05,377 INFO =====> Height map loss: 4.462195
2025-07-25 03:08:17,723 INFO ==> EMD Loss: 15.339805
2025-07-25 03:08:17,723 INFO ==> Height map loss:  4.508993
2025-07-25 03:08:27,837 INFO ==> EMD Loss: 15.475220
2025-07-25 03:08:27,837 INFO ==> Height map loss:  4.522059
2025-07-25 03:08:36,838 INFO ==> EMD Loss: 15.758294
2025-07-25 03:08:36,838 INFO ==> Height map loss:  4.642679
2025-07-25 03:08:45,533 INFO ==> EMD Loss: 15.814132
2025-07-25 03:08:45,533 INFO ==> Height map loss:  4.786013
2025-07-25 03:08:54,356 INFO ==> EMD Loss: 15.581089
2025-07-25 03:08:54,357 INFO ==> Height map loss:  4.902529
2025-07-25 03:09:13,859 INFO =====> Skill params: [ 0.2250184   0.2848328   0.4764057   0.08116572 -0.63831127]
2025-07-25 03:09:13,859 INFO =====> Grad: [2593.0796  -844.23224 -374.9152  -542.2449  -768.89624]
2025-07-25 03:09:13,866 INFO =====> Num. aborted data so far: 0
2025-07-25 03:09:13,868 INFO ===========> Epoch: 13 optimisation losses
2025-07-25 03:09:13,868 INFO =====> EMD Loss: 15.402920
2025-07-25 03:09:13,868 INFO =====> Height map loss: 4.527351
2025-07-25 03:09:26,039 INFO ==> EMD Loss: 15.468009
2025-07-25 03:09:26,039 INFO ==> Height map loss:  4.516887
2025-07-25 03:09:38,495 INFO ==> EMD Loss: 15.413234
2025-07-25 03:09:38,495 INFO ==> Height map loss:  4.627017
2025-07-25 03:09:51,197 INFO ==> EMD Loss: 15.639419
2025-07-25 03:09:51,197 INFO ==> Height map loss:  4.892716
2025-07-25 03:10:03,840 INFO ==> EMD Loss: 16.045111
2025-07-25 03:10:03,840 INFO ==> Height map loss:  5.345218
2025-07-25 03:10:16,453 INFO ==> EMD Loss: 16.470331
2025-07-25 03:10:16,453 INFO ==> Height map loss:  5.858836
2025-07-25 03:10:43,925 INFO =====> Skill params: [ 0.22069447  0.28819424  0.48094168  0.08640283 -0.63322556]
2025-07-25 03:10:43,925 INFO =====> Grad: [ 883.5847  -692.2933  -251.88864 -726.73065  872.96124]
2025-07-25 03:10:43,925 INFO =====> Num. aborted data so far: 0
2025-07-25 03:10:43,926 INFO ===========> Epoch: 14 optimisation losses
2025-07-25 03:10:43,926 INFO =====> EMD Loss: 15.572934
2025-07-25 03:10:43,926 INFO =====> Height map loss: 4.473327
2025-07-25 03:10:56,694 INFO ==> EMD Loss: 15.309912
2025-07-25 03:10:56,694 INFO ==> Height map loss:  4.533751
2025-07-25 03:11:08,911 INFO ==> EMD Loss: 15.395647
2025-07-25 03:11:08,911 INFO ==> Height map loss:  4.584798
2025-07-25 03:11:23,543 INFO ==> EMD Loss: 15.228960
2025-07-25 03:11:23,543 INFO ==> Height map loss:  4.526758
2025-07-25 03:11:34,550 INFO ==> EMD Loss: 15.286544
2025-07-25 03:11:34,550 INFO ==> Height map loss:  4.507964
2025-07-25 03:11:44,596 INFO ==> EMD Loss: 15.357283
2025-07-25 03:11:44,596 INFO ==> Height map loss:  4.602147
2025-07-25 03:12:11,810 INFO =====> Skill params: [ 0.19770452  0.329867    0.5265816   0.17391494 -0.71006674]
2025-07-25 03:12:11,810 INFO =====> Grad: [-1932.0654    816.88916  -149.39763  -686.9693    841.7085 ]
2025-07-25 03:12:11,810 INFO =====> Num. aborted data so far: 0
2025-07-25 03:12:11,811 INFO ===========> Epoch: 15 optimisation losses
2025-07-25 03:12:11,811 INFO =====> EMD Loss: 15.339426
2025-07-25 03:12:11,811 INFO =====> Height map loss: 4.491162
2025-07-25 03:12:24,291 INFO ==> EMD Loss: 15.334358
2025-07-25 03:12:24,291 INFO ==> Height map loss:  4.537378
2025-07-25 03:12:36,584 INFO ==> EMD Loss: 15.224140
2025-07-25 03:12:36,584 INFO ==> Height map loss:  4.549572
2025-07-25 03:12:48,848 INFO ==> EMD Loss: 15.509939
2025-07-25 03:12:48,848 INFO ==> Height map loss:  4.615395
2025-07-25 03:13:03,116 INFO ==> EMD Loss: 15.880092
2025-07-25 03:13:03,117 INFO ==> Height map loss:  4.990866
2025-07-25 03:13:17,180 INFO ==> EMD Loss: 15.756352
2025-07-25 03:13:17,180 INFO ==> Height map loss:  5.525799
2025-07-25 03:13:40,409 INFO =====> Skill params: [ 0.20101508  0.32662016  0.52844673  0.17887162 -0.7146311 ]
2025-07-25 03:13:40,410 INFO =====> Grad: [ 337.07874 -132.01357 -261.7711   -77.13554   83.11306]
2025-07-25 03:13:40,410 INFO =====> Num. aborted data so far: 0
2025-07-25 03:13:40,410 INFO ===========> Epoch: 16 optimisation losses
2025-07-25 03:13:40,410 INFO =====> EMD Loss: 15.321034
2025-07-25 03:13:40,410 INFO =====> Height map loss: 4.550105
2025-07-25 03:13:52,713 INFO ==> EMD Loss: 15.336571
2025-07-25 03:13:52,713 INFO ==> Height map loss:  4.540813
2025-07-25 03:14:05,040 INFO ==> EMD Loss: 15.304947
2025-07-25 03:14:05,040 INFO ==> Height map loss:  4.521188
2025-07-25 03:14:17,737 INFO ==> EMD Loss: 15.350847
2025-07-25 03:14:17,737 INFO ==> Height map loss:  4.562210
2025-07-25 03:14:30,117 INFO ==> EMD Loss: 15.343370
2025-07-25 03:14:30,117 INFO ==> Height map loss:  4.535572
2025-07-25 03:14:42,764 INFO ==> EMD Loss: 15.232857
2025-07-25 03:14:42,764 INFO ==> Height map loss:  4.599255
2025-07-25 03:15:10,363 INFO =====> Skill params: [ 0.19797723  0.32938093  0.5446365   0.18179932 -0.71700346]
2025-07-25 03:15:10,363 INFO =====> Grad: [ 2926.3948   -1037.8068     180.89163    -47.028927    62.87611 ]
2025-07-25 03:15:10,364 INFO =====> Num. aborted data so far: 0
2025-07-25 03:15:10,365 INFO ===========> Epoch: 17 optimisation losses
2025-07-25 03:15:10,365 INFO =====> EMD Loss: 15.423466
2025-07-25 03:15:10,365 INFO =====> Height map loss: 4.528715
2025-07-25 03:15:25,109 INFO ==> EMD Loss: 15.355481
2025-07-25 03:15:25,110 INFO ==> Height map loss:  4.560130
2025-07-25 03:15:37,541 INFO ==> EMD Loss: 15.389936
2025-07-25 03:15:37,541 INFO ==> Height map loss:  4.770140
2025-07-25 03:15:48,363 INFO ==> EMD Loss: 15.548139
2025-07-25 03:15:48,363 INFO ==> Height map loss:  5.102241
2025-07-25 03:16:01,001 INFO ==> EMD Loss: 15.755753
2025-07-25 03:16:01,001 INFO ==> Height map loss:  5.513044
2025-07-25 03:16:14,105 INFO ==> EMD Loss: 15.919117
2025-07-25 03:16:14,105 INFO ==> Height map loss:  5.918029
2025-07-25 03:16:42,125 INFO =====> Skill params: [ 0.19318032  0.3335021   0.5423476   0.18217534 -0.71738154]
2025-07-25 03:16:42,126 INFO =====> Grad: [1127.0199  -808.6123   165.19199  119.69451 -183.58441]
2025-07-25 03:16:42,126 INFO =====> Num. aborted data so far: 0
2025-07-25 03:16:42,126 INFO ===========> Epoch: 18 optimisation losses
2025-07-25 03:16:42,126 INFO =====> EMD Loss: 15.343924
2025-07-25 03:16:42,126 INFO =====> Height map loss: 4.554333
2025-07-25 03:16:54,846 INFO ==> EMD Loss: 15.248918
2025-07-25 03:16:54,846 INFO ==> Height map loss:  4.571177
2025-07-25 03:17:07,256 INFO ==> EMD Loss: 15.363935
2025-07-25 03:17:07,256 INFO ==> Height map loss:  4.741595
2025-07-25 03:17:19,586 INFO ==> EMD Loss: 15.423782
2025-07-25 03:17:19,586 INFO ==> Height map loss:  5.066514
2025-07-25 03:17:35,937 INFO ==> EMD Loss: 15.549019
2025-07-25 03:17:35,938 INFO ==> Height map loss:  5.074718
2025-07-25 03:17:51,476 INFO ==> EMD Loss: 15.859152
2025-07-25 03:17:51,476 INFO ==> Height map loss:  5.450157
2025-07-25 03:18:19,822 INFO =====> Skill params: [ 0.19127277  0.33669     0.5402014   0.18117222 -0.71622664]
2025-07-25 03:18:19,822 INFO =====> Grad: [-771.017      567.9935     306.6842     -68.301445    -2.1290326]
2025-07-25 03:18:19,822 INFO =====> Num. aborted data so far: 0
2025-07-25 03:18:19,823 INFO ===========> Epoch: 19 optimisation losses
2025-07-25 03:18:19,823 INFO =====> EMD Loss: 15.285482
2025-07-25 03:18:19,823 INFO =====> Height map loss: 4.566369
2025-07-25 03:18:31,881 INFO ==> EMD Loss: 15.298813
2025-07-25 03:18:31,881 INFO ==> Height map loss:  4.580575
2025-07-25 03:18:44,321 INFO ==> EMD Loss: 15.313610
2025-07-25 03:18:44,321 INFO ==> Height map loss:  4.553365
2025-07-25 03:18:56,624 INFO ==> EMD Loss: 15.177460
2025-07-25 03:18:56,624 INFO ==> Height map loss:  4.590997
2025-07-25 03:19:09,173 INFO ==> EMD Loss: 15.273115
2025-07-25 03:19:09,173 INFO ==> Height map loss:  4.562523
2025-07-25 03:19:21,429 INFO ==> EMD Loss: 15.708594
2025-07-25 03:19:21,429 INFO ==> Height map loss:  4.646856
2025-07-25 03:19:34,038 INFO ===========> Finished training.
2025-07-25 03:19:34,038 INFO ====> Final EMD Loss: 15.313615
2025-07-25 03:19:34,038 INFO ====> Final Height map loss: 4.553368
2025-07-25 03:19:34,038 INFO ====> Final skill params: [ 0.19807951  0.32523713  0.52099925  0.18418302 -0.71615607]
