2025-07-24 11:49:57,197 INFO =====> Skill params: [ 0.02364325  0.90092736 -0.71168077  0.8972989  -0.37633708]
2025-07-24 11:49:57,197 INFO =====> Grad: [-2995.1746   -328.58368    66.77643 -1260.4274   -379.26047]
2025-07-24 11:49:57,197 INFO =====> Num. aborted data so far: 0
2025-07-24 11:49:57,198 INFO ===========> Epoch: 0 optimisation losses
2025-07-24 11:49:57,198 INFO =====> EMD Loss: 15.388541
2025-07-24 11:49:57,198 INFO =====> Height map loss: 5.517505
2025-07-24 11:50:15,369 INFO ==> EMD Loss: 15.416749
2025-07-24 11:50:15,369 INFO ==> Height map loss:  5.474978
2025-07-24 11:50:33,422 INFO ==> EMD Loss: 15.699111
2025-07-24 11:50:33,423 INFO ==> Height map loss:  5.603761
2025-07-24 11:50:52,390 INFO ==> EMD Loss: 15.833776
2025-07-24 11:50:52,390 INFO ==> Height map loss:  5.644063
2025-07-24 11:51:09,029 INFO ==> EMD Loss: 15.855773
2025-07-24 11:51:09,029 INFO ==> Height map loss:  5.560968
2025-07-24 11:51:22,401 INFO ==> EMD Loss: 15.847069
2025-07-24 11:51:22,401 INFO ==> Height map loss:  5.663286
2025-07-24 11:52:05,409 INFO =====> Skill params: [ 0.03313008  0.9104142  -0.7211676   0.9067857  -0.36685026]
2025-07-24 11:52:05,409 INFO =====> Grad: [2152.163   -336.59204  -70.93545  689.0143  -148.93716]
2025-07-24 11:52:05,409 INFO =====> Num. aborted data so far: 0
2025-07-24 11:52:05,410 INFO ===========> Epoch: 1 optimisation losses
2025-07-24 11:52:05,410 INFO =====> EMD Loss: 15.426330
2025-07-24 11:52:05,410 INFO =====> Height map loss: 5.478232
2025-07-24 11:52:23,372 INFO ==> EMD Loss: 15.338041
2025-07-24 11:52:23,373 INFO ==> Height map loss:  5.591265
2025-07-24 11:52:41,461 INFO ==> EMD Loss: 15.357236
2025-07-24 11:52:41,461 INFO ==> Height map loss:  5.602835
2025-07-24 11:52:59,648 INFO ==> EMD Loss: 15.303478
2025-07-24 11:52:59,648 INFO ==> Height map loss:  5.598050
2025-07-24 11:53:15,962 INFO ==> EMD Loss: 15.279739
2025-07-24 11:53:15,962 INFO ==> Height map loss:  5.571134
2025-07-24 11:53:34,359 INFO ==> EMD Loss: 15.279719
2025-07-24 11:53:34,359 INFO ==> Height map loss:  5.576505
2025-07-24 11:54:20,564 INFO =====> Skill params: [-0.05278851  1.         -0.6150296   0.8357389  -0.3124234 ]
2025-07-24 11:54:20,565 INFO =====> Grad: [-2403.3184   -162.7432   -150.00002  -675.8106   -710.7976 ]
2025-07-24 11:54:20,565 INFO =====> Num. aborted data so far: 0
2025-07-24 11:54:20,565 INFO ===========> Epoch: 2 optimisation losses
2025-07-24 11:54:20,565 INFO =====> EMD Loss: 15.280928
2025-07-24 11:54:20,565 INFO =====> Height map loss: 5.578170
2025-07-24 11:54:41,559 INFO ==> EMD Loss: 15.379199
2025-07-24 11:54:41,559 INFO ==> Height map loss:  5.610836
2025-07-24 11:54:56,314 INFO ==> EMD Loss: 15.682405
2025-07-24 11:54:56,314 INFO ==> Height map loss:  5.668239
2025-07-24 11:55:15,410 INFO ==> EMD Loss: 15.743473
2025-07-24 11:55:15,410 INFO ==> Height map loss:  5.752885
2025-07-24 11:55:34,185 INFO ==> EMD Loss: 16.061567
2025-07-24 11:55:34,185 INFO ==> Height map loss:  5.983463
2025-07-24 11:55:51,413 INFO ==> EMD Loss: 16.545879
2025-07-24 11:55:51,413 INFO ==> Height map loss:  6.161533
2025-07-24 11:56:35,997 INFO =====> Skill params: [-0.04729275  1.         -0.60690004  0.84009033 -0.3040056 ]
2025-07-24 11:56:35,997 INFO =====> Grad: [-2403.3184   -293.4342   -150.00002  -731.50226  -770.57355]
2025-07-24 11:56:35,997 INFO =====> Num. aborted data so far: 0
2025-07-24 11:56:35,998 INFO ===========> Epoch: 3 optimisation losses
2025-07-24 11:56:35,998 INFO =====> EMD Loss: 15.477373
2025-07-24 11:56:35,998 INFO =====> Height map loss: 5.614643
2025-07-24 11:56:56,447 INFO ==> EMD Loss: 15.510648
2025-07-24 11:56:56,448 INFO ==> Height map loss:  5.629036
2025-07-24 11:57:13,483 INFO ==> EMD Loss: 15.678810
2025-07-24 11:57:13,483 INFO ==> Height map loss:  5.679915
2025-07-24 11:57:27,157 INFO ==> EMD Loss: 15.736003
2025-07-24 11:57:27,157 INFO ==> Height map loss:  5.727405
2025-07-24 11:57:42,931 INFO ==> EMD Loss: 15.894793
2025-07-24 11:57:42,931 INFO ==> Height map loss:  5.944833
2025-07-24 11:58:02,219 INFO ==> EMD Loss: 16.434315
2025-07-24 11:58:02,219 INFO ==> Height map loss:  6.187608
2025-07-24 11:58:48,787 INFO =====> Skill params: [-0.04234862  1.         -0.60054094  0.8444892  -0.29725102]
2025-07-24 11:58:48,787 INFO =====> Grad: [-2403.3184   -588.68097   150.00002   729.8769    742.67255]
2025-07-24 11:58:48,787 INFO =====> Num. aborted data so far: 0
2025-07-24 11:58:48,788 INFO ===========> Epoch: 4 optimisation losses
2025-07-24 11:58:48,788 INFO =====> EMD Loss: 15.529633
2025-07-24 11:58:48,788 INFO =====> Height map loss: 5.635162
2025-07-24 11:59:06,697 INFO ==> EMD Loss: 15.385159
2025-07-24 11:59:06,697 INFO ==> Height map loss:  5.613055
2025-07-24 11:59:19,913 INFO ==> EMD Loss: 15.385755
2025-07-24 11:59:19,913 INFO ==> Height map loss:  5.524391
2025-07-24 11:59:38,967 INFO ==> EMD Loss: 15.271539
2025-07-24 11:59:38,967 INFO ==> Height map loss:  5.390795
2025-07-24 11:59:57,312 INFO ==> EMD Loss: 15.252474
2025-07-24 11:59:57,312 INFO ==> Height map loss:  5.245295
2025-07-24 12:00:12,847 INFO ==> EMD Loss: 15.143723
2025-07-24 12:00:12,847 INFO ==> Height map loss:  5.124507
2025-07-24 12:00:53,069 INFO =====> Skill params: [ 0.04900579  1.         -0.71002966  0.761322   -0.40845224]
2025-07-24 12:00:53,069 INFO =====> Grad: [ 262.67117 -193.70619  150.00002  725.4651   715.4407 ]
2025-07-24 12:00:53,069 INFO =====> Num. aborted data so far: 0
2025-07-24 12:00:53,070 INFO ===========> Epoch: 5 optimisation losses
2025-07-24 12:00:53,070 INFO =====> EMD Loss: 15.154065
2025-07-24 12:00:53,070 INFO =====> Height map loss: 5.129998
2025-07-24 12:01:11,921 INFO ==> EMD Loss: 15.096771
2025-07-24 12:01:11,921 INFO ==> Height map loss:  5.105808
2025-07-24 12:01:30,710 INFO ==> EMD Loss: 15.028828
2025-07-24 12:01:30,710 INFO ==> Height map loss:  4.996431
2025-07-24 12:01:45,129 INFO ==> EMD Loss: 15.323745
2025-07-24 12:01:45,129 INFO ==> Height map loss:  4.943340
2025-07-24 12:02:02,764 INFO ==> EMD Loss: 15.296268
2025-07-24 12:02:02,764 INFO ==> Height map loss:  4.946167
2025-07-24 12:02:21,387 INFO ==> EMD Loss: 15.304671
2025-07-24 12:02:21,387 INFO ==> Height map loss:  4.958984
2025-07-24 12:03:22,047 INFO =====> Skill params: [ 0.04375152  1.         -0.75933105  0.7217296  -0.4569695 ]
2025-07-24 12:03:22,047 INFO =====> Grad: [-2403.3184   -175.81726  -150.00002  -733.0705   -670.3829 ]
2025-07-24 12:03:22,047 INFO =====> Num. aborted data so far: 0
2025-07-24 12:03:22,048 INFO ===========> Epoch: 6 optimisation losses
2025-07-24 12:03:22,048 INFO =====> EMD Loss: 15.326529
2025-07-24 12:03:22,048 INFO =====> Height map loss: 4.944147
2025-07-24 12:03:40,462 INFO ==> EMD Loss: 15.333692
2025-07-24 12:03:40,462 INFO ==> Height map loss:  4.948375
2025-07-24 12:03:58,406 INFO ==> EMD Loss: 15.151772
2025-07-24 12:03:58,406 INFO ==> Height map loss:  4.992227
2025-07-24 12:04:17,491 INFO ==> EMD Loss: 15.117557
2025-07-24 12:04:17,491 INFO ==> Height map loss:  5.109625
2025-07-24 12:04:35,577 INFO ==> EMD Loss: 15.245593
2025-07-24 12:04:35,578 INFO ==> Height map loss:  5.215425
2025-07-24 12:04:52,925 INFO ==> EMD Loss: 15.286649
2025-07-24 12:04:52,925 INFO ==> Height map loss:  5.302588
2025-07-24 12:05:36,408 INFO =====> Skill params: [ 0.04822128  1.         -0.75477326  0.72558314 -0.45269215]
2025-07-24 12:05:36,408 INFO =====> Grad: [2403.3184   264.87866  150.00002  733.706    673.37286]
2025-07-24 12:05:36,408 INFO =====> Num. aborted data so far: 0
2025-07-24 12:05:36,415 INFO ===========> Epoch: 7 optimisation losses
2025-07-24 12:05:36,415 INFO =====> EMD Loss: 15.323883
2025-07-24 12:05:36,415 INFO =====> Height map loss: 4.950585
2025-07-24 12:05:54,409 INFO ==> EMD Loss: 15.326844
2025-07-24 12:05:54,409 INFO ==> Height map loss:  4.943581
2025-07-24 12:06:07,502 INFO ==> EMD Loss: 15.304534
2025-07-24 12:06:07,502 INFO ==> Height map loss:  4.945587
2025-07-24 12:06:21,691 INFO ==> EMD Loss: 15.290592
2025-07-24 12:06:21,691 INFO ==> Height map loss:  4.949432
2025-07-24 12:06:39,769 INFO ==> EMD Loss: 15.210634
2025-07-24 12:06:39,769 INFO ==> Height map loss:  4.963868
2025-07-24 12:06:57,828 INFO ==> EMD Loss: 15.231159
2025-07-24 12:06:57,828 INFO ==> Height map loss:  4.955199
2025-07-24 12:07:38,120 INFO =====> Skill params: [ 0.0440015   0.9966569  -0.7590593   0.7218463  -0.45677918]
2025-07-24 12:07:38,120 INFO =====> Grad: [2375.918    -41.63863  150.90862  718.7218   685.95526]
2025-07-24 12:07:38,120 INFO =====> Num. aborted data so far: 0
2025-07-24 12:07:38,121 INFO ===========> Epoch: 8 optimisation losses
2025-07-24 12:07:38,121 INFO =====> EMD Loss: 15.321434
2025-07-24 12:07:38,121 INFO =====> Height map loss: 4.949927
2025-07-24 12:07:51,169 INFO ==> EMD Loss: 15.328437
2025-07-24 12:07:51,169 INFO ==> Height map loss:  4.941004
2025-07-24 12:08:09,936 INFO ==> EMD Loss: 15.279623
2025-07-24 12:08:09,937 INFO ==> Height map loss:  4.946256
2025-07-24 12:08:28,464 INFO ==> EMD Loss: 15.309488
2025-07-24 12:08:28,465 INFO ==> Height map loss:  4.959649
2025-07-24 12:08:47,123 INFO ==> EMD Loss: 15.319576
2025-07-24 12:08:47,124 INFO ==> Height map loss:  4.962031
2025-07-24 12:09:07,595 INFO ==> EMD Loss: 15.340060
2025-07-24 12:09:07,595 INFO ==> Height map loss:  4.959389
2025-07-24 12:09:42,369 INFO =====> Skill params: [ 0.04001191  0.9972099  -0.7631584   0.7182721  -0.46076223]
2025-07-24 12:09:42,369 INFO =====> Grad: [2374.6006  -467.72885  150.75842  439.014    387.86075]
2025-07-24 12:09:42,369 INFO =====> Num. aborted data so far: 0
2025-07-24 12:09:42,370 INFO ===========> Epoch: 9 optimisation losses
2025-07-24 12:09:42,370 INFO =====> EMD Loss: 15.322789
2025-07-24 12:09:42,370 INFO =====> Height map loss: 4.943801
2025-07-24 12:10:00,600 INFO ==> EMD Loss: 15.332102
2025-07-24 12:10:00,600 INFO ==> Height map loss:  4.939332
2025-07-24 12:10:19,469 INFO ==> EMD Loss: 15.294074
2025-07-24 12:10:19,469 INFO ==> Height map loss:  4.949889
2025-07-24 12:10:38,088 INFO ==> EMD Loss: 15.305569
2025-07-24 12:10:38,088 INFO ==> Height map loss:  4.953243
2025-07-24 12:10:56,954 INFO ==> EMD Loss: 15.312688
2025-07-24 12:10:56,954 INFO ==> Height map loss:  4.958704
2025-07-24 12:11:15,195 INFO ==> EMD Loss: 15.329071
2025-07-24 12:11:15,195 INFO ==> Height map loss:  4.962607
2025-07-24 12:11:50,343 INFO =====> Skill params: [ 0.03616911  1.         -0.7670873   0.7160356  -0.4630652 ]
2025-07-24 12:11:50,344 INFO =====> Grad: [-2403.3184    432.15744  -150.00002  -593.142    -562.99066]
2025-07-24 12:11:50,344 INFO =====> Num. aborted data so far: 0
2025-07-24 12:11:50,344 INFO ===========> Epoch: 10 optimisation losses
2025-07-24 12:11:50,344 INFO =====> EMD Loss: 15.338666
2025-07-24 12:11:50,344 INFO =====> Height map loss: 4.939978
2025-07-24 12:12:09,182 INFO ==> EMD Loss: 15.323961
2025-07-24 12:12:09,182 INFO ==> Height map loss:  4.942031
2025-07-24 12:12:27,848 INFO ==> EMD Loss: 15.014283
2025-07-24 12:12:27,848 INFO ==> Height map loss:  4.969718
2025-07-24 12:12:45,710 INFO ==> EMD Loss: 15.082434
2025-07-24 12:12:45,710 INFO ==> Height map loss:  5.077466
2025-07-24 12:12:58,722 INFO ==> EMD Loss: 15.209604
2025-07-24 12:12:58,722 INFO ==> Height map loss:  5.207629
2025-07-24 12:13:16,395 INFO ==> EMD Loss: 15.316042
2025-07-24 12:13:16,395 INFO ==> Height map loss:  5.263649
2025-07-24 12:13:56,554 INFO =====> Skill params: [ 0.03993241  0.99540746 -0.7633078   0.71905506 -0.45976207]
2025-07-24 12:13:56,554 INFO =====> Grad: [1001.53613 -234.71144  151.24773  718.42     683.82544]
2025-07-24 12:13:56,554 INFO =====> Num. aborted data so far: 0
2025-07-24 12:13:56,555 INFO ===========> Epoch: 11 optimisation losses
2025-07-24 12:13:56,555 INFO =====> EMD Loss: 15.327373
2025-07-24 12:13:56,555 INFO =====> Height map loss: 4.944503
2025-07-24 12:14:10,110 INFO ==> EMD Loss: 15.338862
2025-07-24 12:14:10,110 INFO ==> Height map loss:  4.939738
2025-07-24 12:14:28,729 INFO ==> EMD Loss: 15.296410
2025-07-24 12:14:28,729 INFO ==> Height map loss:  4.946209
2025-07-24 12:14:47,625 INFO ==> EMD Loss: 15.310299
2025-07-24 12:14:47,625 INFO ==> Height map loss:  4.958720
2025-07-24 12:15:05,944 INFO ==> EMD Loss: 15.319781
2025-07-24 12:15:05,944 INFO ==> Height map loss:  4.962045
2025-07-24 12:15:20,347 INFO ==> EMD Loss: 15.328356
2025-07-24 12:15:20,347 INFO ==> Height map loss:  4.959290
2025-07-24 12:16:01,841 INFO =====> Skill params: [ 0.03830383  0.99794114 -0.76700693  0.71548367 -0.46362478]
2025-07-24 12:16:01,841 INFO =====> Grad: [-2408.277     262.1291   -150.55981  -717.97125  -681.0919 ]
2025-07-24 12:16:01,841 INFO =====> Num. aborted data so far: 0
2025-07-24 12:16:01,842 INFO ===========> Epoch: 12 optimisation losses
2025-07-24 12:16:01,842 INFO =====> EMD Loss: 15.338858
2025-07-24 12:16:01,842 INFO =====> Height map loss: 4.939876
2025-07-24 12:16:20,177 INFO ==> EMD Loss: 15.323980
2025-07-24 12:16:20,177 INFO ==> Height map loss:  4.941901
2025-07-24 12:16:39,213 INFO ==> EMD Loss: 15.133360
2025-07-24 12:16:39,214 INFO ==> Height map loss:  4.968024
2025-07-24 12:16:52,600 INFO ==> EMD Loss: 15.092322
2025-07-24 12:16:52,600 INFO ==> Height map loss:  5.092920
2025-07-24 12:17:08,440 INFO ==> EMD Loss: 15.205837
2025-07-24 12:17:08,440 INFO ==> Height map loss:  5.216057
2025-07-24 12:17:26,864 INFO ==> EMD Loss: 15.322540
2025-07-24 12:17:26,864 INFO ==> Height map loss:  5.267403
2025-07-24 12:18:07,942 INFO =====> Skill params: [ 0.04208892  0.99509573 -0.7634145   0.71898097 -0.45989582]
2025-07-24 12:18:07,942 INFO =====> Grad: [2379.646   -422.749    151.33229  718.36993  683.76886]
2025-07-24 12:18:07,942 INFO =====> Num. aborted data so far: 0
2025-07-24 12:18:07,945 INFO ===========> Epoch: 13 optimisation losses
2025-07-24 12:18:07,945 INFO =====> EMD Loss: 15.323646
2025-07-24 12:18:07,945 INFO =====> Height map loss: 4.944365
2025-07-24 12:18:27,735 INFO ==> EMD Loss: 15.329572
2025-07-24 12:18:27,735 INFO ==> Height map loss:  4.940357
2025-07-24 12:18:43,249 INFO ==> EMD Loss: 15.295719
2025-07-24 12:18:43,249 INFO ==> Height map loss:  4.946030
2025-07-24 12:18:56,901 INFO ==> EMD Loss: 15.305766
2025-07-24 12:18:56,901 INFO ==> Height map loss:  4.959611
2025-07-24 12:19:15,682 INFO ==> EMD Loss: 15.316151
2025-07-24 12:19:15,682 INFO ==> Height map loss:  4.962002
2025-07-24 12:19:33,201 INFO ==> EMD Loss: 15.340199
2025-07-24 12:19:33,201 INFO ==> Height map loss:  4.959386
2025-07-24 12:20:18,081 INFO =====> Skill params: [ 0.03844836  0.999405   -0.766947    0.71554315 -0.4635393 ]
2025-07-24 12:20:18,081 INFO =====> Grad: [-2404.749    -321.95883  -150.16185  -717.9952   -681.13745]
2025-07-24 12:20:18,081 INFO =====> Num. aborted data so far: 0
2025-07-24 12:20:18,082 INFO ===========> Epoch: 14 optimisation losses
2025-07-24 12:20:18,082 INFO =====> EMD Loss: 15.338638
2025-07-24 12:20:18,082 INFO =====> Height map loss: 4.939791
2025-07-24 12:20:30,116 INFO ==> EMD Loss: 15.329387
2025-07-24 12:20:30,116 INFO ==> Height map loss:  4.940196
2025-07-24 12:20:41,957 INFO ==> EMD Loss: 15.342116
2025-07-24 12:20:41,957 INFO ==> Height map loss:  4.956764
2025-07-24 12:20:53,596 INFO ==> EMD Loss: 15.059070
2025-07-24 12:20:53,596 INFO ==> Height map loss:  5.025368
2025-07-24 12:21:05,472 INFO ==> EMD Loss: 15.147243
2025-07-24 12:21:05,472 INFO ==> Height map loss:  5.128161
2025-07-24 12:21:23,088 INFO ==> EMD Loss: 15.229524
2025-07-24 12:21:23,088 INFO ==> Height map loss:  5.221782
2025-07-24 12:22:09,111 INFO =====> Skill params: [ 0.042038    1.         -0.7635041   0.7189268  -0.45999116]
2025-07-24 12:22:09,111 INFO =====> Grad: [-2403.3184    148.78612  -150.00002  -732.6554   -668.2011 ]
2025-07-24 12:22:09,111 INFO =====> Num. aborted data so far: 0
2025-07-24 12:22:09,112 INFO ===========> Epoch: 15 optimisation losses
2025-07-24 12:22:09,112 INFO =====> EMD Loss: 15.329505
2025-07-24 12:22:09,112 INFO =====> Height map loss: 4.941903
2025-07-24 12:22:27,111 INFO ==> EMD Loss: 15.323002
2025-07-24 12:22:27,112 INFO ==> Height map loss:  4.943310
2025-07-24 12:22:47,557 INFO ==> EMD Loss: 15.254244
2025-07-24 12:22:47,558 INFO ==> Height map loss:  4.970135
2025-07-24 12:23:02,754 INFO ==> EMD Loss: 15.082644
2025-07-24 12:23:02,754 INFO ==> Height map loss:  5.084641
2025-07-24 12:23:15,826 INFO ==> EMD Loss: 15.163145
2025-07-24 12:23:15,826 INFO ==> Height map loss:  5.185840
2025-07-24 12:23:34,532 INFO ==> EMD Loss: 15.276890
2025-07-24 12:23:34,532 INFO ==> Height map loss:  5.239614
2025-07-24 12:24:20,374 INFO =====> Skill params: [ 0.04555077  0.9984384  -0.7601177   0.72232485 -0.45656914]
2025-07-24 12:24:20,374 INFO =====> Grad: [2250.7825  -179.18501  150.42462  732.9688   670.8454 ]
2025-07-24 12:24:20,374 INFO =====> Num. aborted data so far: 0
2025-07-24 12:24:20,375 INFO ===========> Epoch: 16 optimisation losses
2025-07-24 12:24:20,375 INFO =====> EMD Loss: 15.326758
2025-07-24 12:24:20,375 INFO =====> Height map loss: 4.944064
2025-07-24 12:24:38,567 INFO ==> EMD Loss: 15.329366
2025-07-24 12:24:38,567 INFO ==> Height map loss:  4.940985
2025-07-24 12:24:55,655 INFO ==> EMD Loss: 15.280584
2025-07-24 12:24:55,655 INFO ==> Height map loss:  4.948949
2025-07-24 12:25:08,801 INFO ==> EMD Loss: 15.309815
2025-07-24 12:25:08,801 INFO ==> Height map loss:  4.956680
2025-07-24 12:25:23,491 INFO ==> EMD Loss: 15.309043
2025-07-24 12:25:23,491 INFO ==> Height map loss:  4.961930
2025-07-24 12:25:41,863 INFO ==> EMD Loss: 15.330752
2025-07-24 12:25:41,863 INFO ==> Height map loss:  4.962536
2025-07-24 12:26:21,446 INFO =====> Skill params: [ 0.04229377  1.         -0.7634669   0.7189726  -0.4599524 ]
2025-07-24 12:26:21,446 INFO =====> Grad: [-2403.3184    401.57877  -150.00002  -732.6541   -668.2368 ]
2025-07-24 12:26:21,446 INFO =====> Num. aborted data so far: 0
2025-07-24 12:26:21,446 INFO ===========> Epoch: 17 optimisation losses
2025-07-24 12:26:21,446 INFO =====> EMD Loss: 15.329476
2025-07-24 12:26:21,446 INFO =====> Height map loss: 4.941873
2025-07-24 12:26:39,982 INFO ==> EMD Loss: 15.326685
2025-07-24 12:26:39,982 INFO ==> Height map loss:  4.944208
2025-07-24 12:26:58,350 INFO ==> EMD Loss: 15.024196
2025-07-24 12:26:58,350 INFO ==> Height map loss:  4.984051
2025-07-24 12:27:17,993 INFO ==> EMD Loss: 15.094362
2025-07-24 12:27:17,993 INFO ==> Height map loss:  5.111504
2025-07-24 12:27:32,301 INFO ==> EMD Loss: 15.222103
2025-07-24 12:27:32,301 INFO ==> Height map loss:  5.215767
2025-07-24 12:27:47,261 INFO ==> EMD Loss: 15.331518
2025-07-24 12:27:47,261 INFO ==> Height map loss:  5.290174
2025-07-24 12:28:32,632 INFO =====> Skill params: [ 0.04571321  0.9958725  -0.76016647  0.7222827  -0.45662558]
2025-07-24 12:28:32,632 INFO =====> Grad: [-2377.79      -92.79252  -151.12157  -718.529    -686.2878 ]
2025-07-24 12:28:32,633 INFO =====> Num. aborted data so far: 0
2025-07-24 12:28:32,633 INFO ===========> Epoch: 18 optimisation losses
2025-07-24 12:28:32,633 INFO =====> EMD Loss: 15.320851
2025-07-24 12:28:32,633 INFO =====> Height map loss: 4.949930
2025-07-24 12:28:51,436 INFO ==> EMD Loss: 15.325795
2025-07-24 12:28:51,436 INFO ==> Height map loss:  4.949605
2025-07-24 12:29:10,554 INFO ==> EMD Loss: 15.252564
2025-07-24 12:29:10,555 INFO ==> Height map loss:  4.977798
2025-07-24 12:29:30,701 INFO ==> EMD Loss: 15.070818
2025-07-24 12:29:30,702 INFO ==> Height map loss:  5.071832
2025-07-24 12:29:45,632 INFO ==> EMD Loss: 15.149753
2025-07-24 12:29:45,632 INFO ==> Height map loss:  5.150355
2025-07-24 12:29:59,194 INFO ==> EMD Loss: 15.246726
2025-07-24 12:29:59,194 INFO ==> Height map loss:  5.236588
2025-07-24 12:30:44,203 INFO =====> Skill params: [ 0.04905128  0.99687225 -0.7568787   0.72550154 -0.45325854]
2025-07-24 12:30:44,204 INFO =====> Grad: [2375.4053   334.77762  150.85011  718.79596  688.73553]
2025-07-24 12:30:44,204 INFO =====> Num. aborted data so far: 0
2025-07-24 12:30:44,204 INFO ===========> Epoch: 19 optimisation losses
2025-07-24 12:30:44,204 INFO =====> EMD Loss: 15.338874
2025-07-24 12:30:44,204 INFO =====> Height map loss: 4.954049
2025-07-24 12:31:03,219 INFO ==> EMD Loss: 15.334509
2025-07-24 12:31:03,219 INFO ==> Height map loss:  4.947392
2025-07-24 12:31:21,164 INFO ==> EMD Loss: 15.343411
2025-07-24 12:31:21,165 INFO ==> Height map loss:  4.942431
2025-07-24 12:31:37,483 INFO ==> EMD Loss: 15.298073
2025-07-24 12:31:37,483 INFO ==> Height map loss:  4.951333
2025-07-24 12:31:50,259 INFO ==> EMD Loss: 15.296305
2025-07-24 12:31:50,259 INFO ==> Height map loss:  4.954213
2025-07-24 12:32:03,074 INFO ==> EMD Loss: 15.322116
2025-07-24 12:32:03,074 INFO ==> Height map loss:  4.961732
2025-07-24 12:32:21,660 INFO ===========> Finished training.
2025-07-24 12:32:21,660 INFO ====> Final EMD Loss: 15.343484
2025-07-24 12:32:21,660 INFO ====> Final Height map loss: 4.942446
2025-07-24 12:32:21,661 INFO ====> Final skill params: [ 0.03257069  0.97922677 -0.7731289   0.7095223  -0.46993133]
