2024-12-04 13:46:46,133 DEBUG loaded <trimesh.Trimesh(vertices.shape=(916, 3), faces.shape=(856, 3))> using `load_obj` in 0.0030s
2024-12-04 13:46:46,286 DEBUG loaded <trimesh.Trimesh(vertices.shape=(48, 3), faces.shape=(28, 3))> using `load_obj` in 0.0007s
2024-12-04 13:47:08,335 INFO =====> Skill params: [ 1.    0.45  0.8   0.   -0.1 ]
2024-12-04 13:47:08,336 INFO =====> Grad: [-2.4347344e+03  1.7144298e+02  1.8981600e-05  1.3404131e+03
 -5.7762381e-06]
2024-12-04 13:47:08,336 INFO =====> Num. aborted data so far: 0
2024-12-04 13:47:08,344 INFO ===========> Epoch: 0 optimisation losses
2024-12-04 13:47:08,344 INFO =====> EMD Loss: 20.819027
2024-12-04 13:47:08,344 INFO =====> Height map loss: 12.040529
2024-12-04 13:47:08,344 INFO =====> Insertion loss: 0.000000
2024-12-04 13:47:08,765 DEBUG loaded <trimesh.Trimesh(vertices.shape=(916, 3), faces.shape=(856, 3))> using `load_obj` in 0.0029s
2024-12-04 13:47:08,915 DEBUG loaded <trimesh.Trimesh(vertices.shape=(48, 3), faces.shape=(28, 3))> using `load_obj` in 0.0007s
2024-12-04 13:47:16,550 INFO ==> EMD Loss: 21.116638
2024-12-04 13:47:16,550 INFO ==> Height map loss:  12.029246
2024-12-04 13:47:16,550 INFO ==> Insertion loss: 0.000000
2024-12-04 13:47:16,935 DEBUG loaded <trimesh.Trimesh(vertices.shape=(916, 3), faces.shape=(856, 3))> using `load_obj` in 0.0029s
2024-12-04 13:47:17,087 DEBUG loaded <trimesh.Trimesh(vertices.shape=(48, 3), faces.shape=(28, 3))> using `load_obj` in 0.0007s
2024-12-04 13:47:24,981 INFO ==> EMD Loss: 20.842113
2024-12-04 13:47:24,981 INFO ==> Height map loss:  11.963720
2024-12-04 13:47:24,981 INFO ==> Insertion loss: 0.000000
2024-12-04 13:47:25,365 DEBUG loaded <trimesh.Trimesh(vertices.shape=(916, 3), faces.shape=(856, 3))> using `load_obj` in 0.0029s
2024-12-04 13:47:25,518 DEBUG loaded <trimesh.Trimesh(vertices.shape=(48, 3), faces.shape=(28, 3))> using `load_obj` in 0.0007s
2024-12-04 13:47:33,308 INFO ==> EMD Loss: 20.794001
2024-12-04 13:47:33,308 INFO ==> Height map loss:  11.607743
2024-12-04 13:47:33,308 INFO ==> Insertion loss: 0.000000
2024-12-04 13:47:33,942 DEBUG loaded <trimesh.Trimesh(vertices.shape=(916, 3), faces.shape=(856, 3))> using `load_obj` in 0.0029s
2024-12-04 13:47:34,089 DEBUG loaded <trimesh.Trimesh(vertices.shape=(48, 3), faces.shape=(28, 3))> using `load_obj` in 0.0007s
2024-12-04 13:47:41,521 INFO ==> EMD Loss: 20.070267
2024-12-04 13:47:41,521 INFO ==> Height map loss:  11.362432
2024-12-04 13:47:41,521 INFO ==> Insertion loss: 0.000000
2024-12-04 13:47:42,157 DEBUG loaded <trimesh.Trimesh(vertices.shape=(916, 3), faces.shape=(856, 3))> using `load_obj` in 0.0030s
2024-12-04 13:47:42,307 DEBUG loaded <trimesh.Trimesh(vertices.shape=(48, 3), faces.shape=(28, 3))> using `load_obj` in 0.0007s
2024-12-04 13:47:50,159 INFO ==> EMD Loss: 19.971033
2024-12-04 13:47:50,159 INFO ==> Height map loss:  11.132532
2024-12-04 13:47:50,159 INFO ==> Insertion loss: 0.000000
2024-12-04 13:47:50,799 DEBUG loaded <trimesh.Trimesh(vertices.shape=(916, 3), faces.shape=(856, 3))> using `load_obj` in 0.0029s
2024-12-04 13:47:50,951 DEBUG loaded <trimesh.Trimesh(vertices.shape=(48, 3), faces.shape=(28, 3))> using `load_obj` in 0.0007s
2024-12-04 13:48:12,486 INFO =====> Skill params: [ 1.          0.3235089   0.79201347 -0.1264911  -0.09756523]
2024-12-04 13:48:12,486 INFO =====> Grad: [-1.0437200e+03  1.3763755e+03 -3.2015305e-06 -1.3188097e+03
 -6.0076698e-05]
2024-12-04 13:48:12,486 INFO =====> Num. aborted data so far: 0
2024-12-04 13:48:12,493 INFO ===========> Epoch: 1 optimisation losses
2024-12-04 13:48:12,494 INFO =====> EMD Loss: 19.970736
2024-12-04 13:48:12,494 INFO =====> Height map loss: 11.133477
2024-12-04 13:48:12,494 INFO =====> Insertion loss: 0.000000
2024-12-04 13:48:12,910 DEBUG loaded <trimesh.Trimesh(vertices.shape=(916, 3), faces.shape=(856, 3))> using `load_obj` in 0.0030s
2024-12-04 13:48:13,060 DEBUG loaded <trimesh.Trimesh(vertices.shape=(48, 3), faces.shape=(28, 3))> using `load_obj` in 0.0007s
2024-12-04 13:48:20,539 INFO ==> EMD Loss: 19.813118
2024-12-04 13:48:20,539 INFO ==> Height map loss:  11.067965
2024-12-04 13:48:20,539 INFO ==> Insertion loss: 0.000000
2024-12-04 13:48:20,926 DEBUG loaded <trimesh.Trimesh(vertices.shape=(916, 3), faces.shape=(856, 3))> using `load_obj` in 0.0030s
2024-12-04 13:48:21,081 DEBUG loaded <trimesh.Trimesh(vertices.shape=(48, 3), faces.shape=(28, 3))> using `load_obj` in 0.0007s
2024-12-04 13:48:28,876 INFO ==> EMD Loss: 19.914200
2024-12-04 13:48:28,877 INFO ==> Height map loss:  11.059010
2024-12-04 13:48:28,877 INFO ==> Insertion loss: 0.000000
2024-12-04 13:48:29,345 DEBUG loaded <trimesh.Trimesh(vertices.shape=(916, 3), faces.shape=(856, 3))> using `load_obj` in 0.0031s
2024-12-04 13:48:29,495 DEBUG loaded <trimesh.Trimesh(vertices.shape=(48, 3), faces.shape=(28, 3))> using `load_obj` in 0.0007s
2024-12-04 13:48:37,283 INFO ==> EMD Loss: 20.069469
2024-12-04 13:48:37,283 INFO ==> Height map loss:  11.288337
2024-12-04 13:48:37,283 INFO ==> Insertion loss: 0.000000
2024-12-04 13:48:37,931 DEBUG loaded <trimesh.Trimesh(vertices.shape=(916, 3), faces.shape=(856, 3))> using `load_obj` in 0.0029s
2024-12-04 13:48:38,082 DEBUG loaded <trimesh.Trimesh(vertices.shape=(48, 3), faces.shape=(28, 3))> using `load_obj` in 0.0007s
2024-12-04 13:48:45,573 INFO ==> EMD Loss: 19.872095
2024-12-04 13:48:45,573 INFO ==> Height map loss:  11.318748
2024-12-04 13:48:45,573 INFO ==> Insertion loss: 0.000000
2024-12-04 13:48:46,209 DEBUG loaded <trimesh.Trimesh(vertices.shape=(916, 3), faces.shape=(856, 3))> using `load_obj` in 0.0029s
2024-12-04 13:48:46,363 DEBUG loaded <trimesh.Trimesh(vertices.shape=(48, 3), faces.shape=(28, 3))> using `load_obj` in 0.0007s
2024-12-04 13:48:54,144 INFO ==> EMD Loss: 19.558161
2024-12-04 13:48:54,144 INFO ==> Height map loss:  11.623830
2024-12-04 13:48:54,144 INFO ==> Insertion loss: 0.000000
2024-12-04 13:48:54,788 DEBUG loaded <trimesh.Trimesh(vertices.shape=(916, 3), faces.shape=(856, 3))> using `load_obj` in 0.0030s
2024-12-04 13:48:54,938 DEBUG loaded <trimesh.Trimesh(vertices.shape=(48, 3), faces.shape=(28, 3))> using `load_obj` in 0.0007s
2024-12-04 13:49:16,081 INFO =====> Skill params: [ 1.          0.2921046   0.7923684  -0.10372692 -0.09103584]
2024-12-04 13:49:16,081 INFO =====> Grad: [-4.5295444e+01  1.2107504e+02  3.2438158e-05 -7.9297552e+02
 -2.0622183e-05]
2024-12-04 13:49:16,081 INFO =====> Num. aborted data so far: 0
2024-12-04 13:49:16,089 INFO ===========> Epoch: 2 optimisation losses
2024-12-04 13:49:16,089 INFO =====> EMD Loss: 19.916813
2024-12-04 13:49:16,089 INFO =====> Height map loss: 11.060899
2024-12-04 13:49:16,089 INFO =====> Insertion loss: 0.000000
2024-12-04 13:49:16,502 DEBUG loaded <trimesh.Trimesh(vertices.shape=(916, 3), faces.shape=(856, 3))> using `load_obj` in 0.0029s
2024-12-04 13:49:16,650 DEBUG loaded <trimesh.Trimesh(vertices.shape=(48, 3), faces.shape=(28, 3))> using `load_obj` in 0.0007s
2024-12-04 13:49:24,545 INFO ==> EMD Loss: 19.969101
2024-12-04 13:49:24,545 INFO ==> Height map loss:  11.112345
2024-12-04 13:49:24,545 INFO ==> Insertion loss: 0.000000
2024-12-04 13:49:24,930 DEBUG loaded <trimesh.Trimesh(vertices.shape=(916, 3), faces.shape=(856, 3))> using `load_obj` in 0.0031s
2024-12-04 13:49:25,080 DEBUG loaded <trimesh.Trimesh(vertices.shape=(48, 3), faces.shape=(28, 3))> using `load_obj` in 0.0007s
2024-12-04 13:49:32,909 INFO ==> EMD Loss: 19.957123
2024-12-04 13:49:32,909 INFO ==> Height map loss:  11.126447
2024-12-04 13:49:32,909 INFO ==> Insertion loss: 0.000000
2024-12-04 13:49:33,296 DEBUG loaded <trimesh.Trimesh(vertices.shape=(916, 3), faces.shape=(856, 3))> using `load_obj` in 0.0029s
2024-12-04 13:49:33,448 DEBUG loaded <trimesh.Trimesh(vertices.shape=(48, 3), faces.shape=(28, 3))> using `load_obj` in 0.0007s
2024-12-04 13:49:41,296 INFO ==> EMD Loss: 20.257059
2024-12-04 13:49:41,296 INFO ==> Height map loss:  11.184919
2024-12-04 13:49:41,296 INFO ==> Insertion loss: 0.000000
2024-12-04 13:49:41,953 DEBUG loaded <trimesh.Trimesh(vertices.shape=(916, 3), faces.shape=(856, 3))> using `load_obj` in 0.0029s
2024-12-04 13:49:42,103 DEBUG loaded <trimesh.Trimesh(vertices.shape=(48, 3), faces.shape=(28, 3))> using `load_obj` in 0.0007s
2024-12-04 13:49:49,542 INFO ==> EMD Loss: 20.312403
2024-12-04 13:49:49,542 INFO ==> Height map loss:  11.174191
2024-12-04 13:49:49,542 INFO ==> Insertion loss: 0.000000
2024-12-04 13:49:50,173 DEBUG loaded <trimesh.Trimesh(vertices.shape=(916, 3), faces.shape=(856, 3))> using `load_obj` in 0.0029s
2024-12-04 13:49:50,322 DEBUG loaded <trimesh.Trimesh(vertices.shape=(48, 3), faces.shape=(28, 3))> using `load_obj` in 0.0007s
2024-12-04 13:49:58,128 INFO ==> EMD Loss: 20.267681
2024-12-04 13:49:58,128 INFO ==> Height map loss:  11.204350
2024-12-04 13:49:58,128 INFO ==> Insertion loss: 0.000000
2024-12-04 13:49:58,790 DEBUG loaded <trimesh.Trimesh(vertices.shape=(916, 3), faces.shape=(856, 3))> using `load_obj` in 0.0030s
2024-12-04 13:49:58,941 DEBUG loaded <trimesh.Trimesh(vertices.shape=(48, 3), faces.shape=(28, 3))> using `load_obj` in 0.0007s
2024-12-04 13:50:20,134 INFO =====> Skill params: [ 1.          0.29152468  0.7916156  -0.10110165 -0.09056465]
2024-12-04 13:50:20,134 INFO =====> Grad: [ 1.3259681e+03 -2.1334734e+03  1.0146117e-05 -1.3535470e+03
 -6.0112225e-06]
2024-12-04 13:50:20,134 INFO =====> Num. aborted data so far: 0
2024-12-04 13:50:20,143 INFO ===========> Epoch: 3 optimisation losses
2024-12-04 13:50:20,143 INFO =====> EMD Loss: 19.969505
2024-12-04 13:50:20,143 INFO =====> Height map loss: 11.114186
2024-12-04 13:50:20,143 INFO =====> Insertion loss: 0.000000
2024-12-04 13:50:20,558 DEBUG loaded <trimesh.Trimesh(vertices.shape=(916, 3), faces.shape=(856, 3))> using `load_obj` in 0.0030s
2024-12-04 13:50:20,708 DEBUG loaded <trimesh.Trimesh(vertices.shape=(48, 3), faces.shape=(28, 3))> using `load_obj` in 0.0008s
2024-12-04 13:50:28,591 INFO ==> EMD Loss: 19.974508
2024-12-04 13:50:28,591 INFO ==> Height map loss:  11.133574
2024-12-04 13:50:28,591 INFO ==> Insertion loss: 0.000000
2024-12-04 13:50:29,011 DEBUG loaded <trimesh.Trimesh(vertices.shape=(916, 3), faces.shape=(856, 3))> using `load_obj` in 0.0031s
2024-12-04 13:50:29,167 DEBUG loaded <trimesh.Trimesh(vertices.shape=(48, 3), faces.shape=(28, 3))> using `load_obj` in 0.0007s
2024-12-04 13:50:37,062 INFO ==> EMD Loss: 19.633099
2024-12-04 13:50:37,062 INFO ==> Height map loss:  11.051653
2024-12-04 13:50:37,062 INFO ==> Insertion loss: 0.000000
2024-12-04 13:50:37,499 DEBUG loaded <trimesh.Trimesh(vertices.shape=(916, 3), faces.shape=(856, 3))> using `load_obj` in 0.0029s
2024-12-04 13:50:37,648 DEBUG loaded <trimesh.Trimesh(vertices.shape=(48, 3), faces.shape=(28, 3))> using `load_obj` in 0.0007s
2024-12-04 13:50:45,025 INFO ==> EMD Loss: 20.241455
2024-12-04 13:50:45,025 INFO ==> Height map loss:  11.345048
2024-12-04 13:50:45,025 INFO ==> Insertion loss: 0.000000
2024-12-04 13:50:45,664 DEBUG loaded <trimesh.Trimesh(vertices.shape=(916, 3), faces.shape=(856, 3))> using `load_obj` in 0.0028s
2024-12-04 13:50:45,816 DEBUG loaded <trimesh.Trimesh(vertices.shape=(48, 3), faces.shape=(28, 3))> using `load_obj` in 0.0007s
2024-12-04 13:50:53,552 INFO ==> EMD Loss: 20.405428
2024-12-04 13:50:53,552 INFO ==> Height map loss:  11.591221
2024-12-04 13:50:53,552 INFO ==> Insertion loss: 0.000000
2024-12-04 13:50:54,189 DEBUG loaded <trimesh.Trimesh(vertices.shape=(916, 3), faces.shape=(856, 3))> using `load_obj` in 0.0030s
2024-12-04 13:50:54,342 DEBUG loaded <trimesh.Trimesh(vertices.shape=(48, 3), faces.shape=(28, 3))> using `load_obj` in 0.0007s
2024-12-04 13:51:02,126 INFO ==> EMD Loss: 20.775867
2024-12-04 13:51:02,126 INFO ==> Height map loss:  11.763422
2024-12-04 13:51:02,126 INFO ==> Insertion loss: 0.000000
2024-12-04 13:51:02,763 DEBUG loaded <trimesh.Trimesh(vertices.shape=(916, 3), faces.shape=(856, 3))> using `load_obj` in 0.0030s
2024-12-04 13:51:02,917 DEBUG loaded <trimesh.Trimesh(vertices.shape=(48, 3), faces.shape=(28, 3))> using `load_obj` in 0.0007s
2024-12-04 13:51:24,107 INFO =====> Skill params: [ 0.9841106   0.31879455  0.7903756  -0.08217901 -0.08984094]
2024-12-04 13:51:24,107 INFO =====> Grad: [-9.97897583e+02  1.48917053e+03 -2.65183317e-05 -1.38522491e+02
 -1.19095175e-05]
2024-12-04 13:51:24,107 INFO =====> Num. aborted data so far: 0
2024-12-04 13:51:24,116 INFO ===========> Epoch: 4 optimisation losses
2024-12-04 13:51:24,116 INFO =====> EMD Loss: 19.640654
2024-12-04 13:51:24,116 INFO =====> Height map loss: 11.061069
2024-12-04 13:51:24,116 INFO =====> Insertion loss: 0.000000
2024-12-04 13:51:24,530 DEBUG loaded <trimesh.Trimesh(vertices.shape=(916, 3), faces.shape=(856, 3))> using `load_obj` in 0.0030s
2024-12-04 13:51:24,680 DEBUG loaded <trimesh.Trimesh(vertices.shape=(48, 3), faces.shape=(28, 3))> using `load_obj` in 0.0007s
2024-12-04 13:51:32,464 INFO ==> EMD Loss: 19.776062
2024-12-04 13:51:32,464 INFO ==> Height map loss:  11.163360
2024-12-04 13:51:32,464 INFO ==> Insertion loss: 0.000000
2024-12-04 13:51:32,852 DEBUG loaded <trimesh.Trimesh(vertices.shape=(916, 3), faces.shape=(856, 3))> using `load_obj` in 0.0030s
2024-12-04 13:51:33,007 DEBUG loaded <trimesh.Trimesh(vertices.shape=(48, 3), faces.shape=(28, 3))> using `load_obj` in 0.0007s
2024-12-04 13:51:40,928 INFO ==> EMD Loss: 19.941591
2024-12-04 13:51:40,929 INFO ==> Height map loss:  11.117763
2024-12-04 13:51:40,929 INFO ==> Insertion loss: 0.000000
2024-12-04 13:51:41,315 DEBUG loaded <trimesh.Trimesh(vertices.shape=(916, 3), faces.shape=(856, 3))> using `load_obj` in 0.0029s
2024-12-04 13:51:41,467 DEBUG loaded <trimesh.Trimesh(vertices.shape=(48, 3), faces.shape=(28, 3))> using `load_obj` in 0.0007s
2024-12-04 13:51:48,861 INFO ==> EMD Loss: 20.261009
2024-12-04 13:51:48,862 INFO ==> Height map loss:  11.162167
2024-12-04 13:51:48,862 INFO ==> Insertion loss: 0.000000
2024-12-04 13:51:49,497 DEBUG loaded <trimesh.Trimesh(vertices.shape=(916, 3), faces.shape=(856, 3))> using `load_obj` in 0.0029s
2024-12-04 13:51:49,647 DEBUG loaded <trimesh.Trimesh(vertices.shape=(48, 3), faces.shape=(28, 3))> using `load_obj` in 0.0007s
2024-12-04 13:51:57,552 INFO ==> EMD Loss: 20.253218
2024-12-04 13:51:57,552 INFO ==> Height map loss:  11.538132
2024-12-04 13:51:57,553 INFO ==> Insertion loss: 0.000000
2024-12-04 13:51:58,246 DEBUG loaded <trimesh.Trimesh(vertices.shape=(916, 3), faces.shape=(856, 3))> using `load_obj` in 0.0030s
2024-12-04 13:51:58,402 DEBUG loaded <trimesh.Trimesh(vertices.shape=(48, 3), faces.shape=(28, 3))> using `load_obj` in 0.0007s
2024-12-04 13:52:06,334 INFO ==> EMD Loss: 20.006502
2024-12-04 13:52:06,335 INFO ==> Height map loss:  11.394468
2024-12-04 13:52:06,335 INFO ==> Insertion loss: 0.000000
2024-12-04 13:52:06,970 DEBUG loaded <trimesh.Trimesh(vertices.shape=(916, 3), faces.shape=(856, 3))> using `load_obj` in 0.0030s
2024-12-04 13:52:07,118 DEBUG loaded <trimesh.Trimesh(vertices.shape=(48, 3), faces.shape=(28, 3))> using `load_obj` in 0.0007s
2024-12-04 13:52:28,348 INFO =====> Skill params: [ 0.99581957  0.30185285  0.7937721  -0.08014195 -0.08833131]
2024-12-04 13:52:28,348 INFO =====> Grad: [-4.9116995e+02  6.5226617e+02 -7.2704570e-06  1.3389257e+03
  2.1026697e-05]
2024-12-04 13:52:28,348 INFO =====> Num. aborted data so far: 0
2024-12-04 13:52:28,356 INFO ===========> Epoch: 5 optimisation losses
2024-12-04 13:52:28,356 INFO =====> EMD Loss: 19.941027
2024-12-04 13:52:28,356 INFO =====> Height map loss: 11.117819
2024-12-04 13:52:28,356 INFO =====> Insertion loss: 0.000000
2024-12-04 13:52:28,773 DEBUG loaded <trimesh.Trimesh(vertices.shape=(916, 3), faces.shape=(856, 3))> using `load_obj` in 0.0030s
2024-12-04 13:52:28,923 DEBUG loaded <trimesh.Trimesh(vertices.shape=(48, 3), faces.shape=(28, 3))> using `load_obj` in 0.0007s
2024-12-04 13:52:36,835 INFO ==> EMD Loss: 19.940882
2024-12-04 13:52:36,835 INFO ==> Height map loss:  11.045278
2024-12-04 13:52:36,835 INFO ==> Insertion loss: 0.000000
2024-12-04 13:52:37,222 DEBUG loaded <trimesh.Trimesh(vertices.shape=(916, 3), faces.shape=(856, 3))> using `load_obj` in 0.0029s
2024-12-04 13:52:37,369 DEBUG loaded <trimesh.Trimesh(vertices.shape=(48, 3), faces.shape=(28, 3))> using `load_obj` in 0.0007s
2024-12-04 13:52:44,802 INFO ==> EMD Loss: 19.911739
2024-12-04 13:52:44,802 INFO ==> Height map loss:  11.125420
2024-12-04 13:52:44,802 INFO ==> Insertion loss: 0.000000
2024-12-04 13:52:45,187 DEBUG loaded <trimesh.Trimesh(vertices.shape=(916, 3), faces.shape=(856, 3))> using `load_obj` in 0.0028s
2024-12-04 13:52:45,335 DEBUG loaded <trimesh.Trimesh(vertices.shape=(48, 3), faces.shape=(28, 3))> using `load_obj` in 0.0007s
2024-12-04 13:52:53,200 INFO ==> EMD Loss: 19.612404
2024-12-04 13:52:53,201 INFO ==> Height map loss:  11.113759
2024-12-04 13:52:53,201 INFO ==> Insertion loss: 0.000000
2024-12-04 13:52:53,885 DEBUG loaded <trimesh.Trimesh(vertices.shape=(916, 3), faces.shape=(856, 3))> using `load_obj` in 0.0030s
2024-12-04 13:52:54,034 DEBUG loaded <trimesh.Trimesh(vertices.shape=(48, 3), faces.shape=(28, 3))> using `load_obj` in 0.0007s
2024-12-04 13:53:01,935 INFO ==> EMD Loss: 19.505257
2024-12-04 13:53:01,936 INFO ==> Height map loss:  11.050861
2024-12-04 13:53:01,936 INFO ==> Insertion loss: 0.000000
2024-12-04 13:53:02,580 DEBUG loaded <trimesh.Trimesh(vertices.shape=(916, 3), faces.shape=(856, 3))> using `load_obj` in 0.0029s
2024-12-04 13:53:02,730 DEBUG loaded <trimesh.Trimesh(vertices.shape=(48, 3), faces.shape=(28, 3))> using `load_obj` in 0.0007s
2024-12-04 13:53:10,548 INFO ==> EMD Loss: 19.516966
2024-12-04 13:53:10,548 INFO ==> Height map loss:  11.113476
2024-12-04 13:53:10,548 INFO ==> Insertion loss: 0.000000
2024-12-04 13:53:11,220 DEBUG loaded <trimesh.Trimesh(vertices.shape=(916, 3), faces.shape=(856, 3))> using `load_obj` in 0.0029s
2024-12-04 13:53:11,370 DEBUG loaded <trimesh.Trimesh(vertices.shape=(48, 3), faces.shape=(28, 3))> using `load_obj` in 0.0007s
2024-12-04 13:53:32,698 INFO =====> Skill params: [ 0.99701273  0.30033422  0.7939683  -0.08361223 -0.088891  ]
2024-12-04 13:53:32,698 INFO =====> Grad: [-1.00161896e+03  1.55817224e+03 -1.37312472e-05  4.89045593e+02
 -2.20708025e-05]
2024-12-04 13:53:32,698 INFO =====> Num. aborted data so far: 0
2024-12-04 13:53:32,706 INFO ===========> Epoch: 6 optimisation losses
2024-12-04 13:53:32,706 INFO =====> EMD Loss: 19.938873
2024-12-04 13:53:32,706 INFO =====> Height map loss: 11.045149
2024-12-04 13:53:32,706 INFO =====> Insertion loss: 0.000000
2024-12-04 13:53:33,122 DEBUG loaded <trimesh.Trimesh(vertices.shape=(916, 3), faces.shape=(856, 3))> using `load_obj` in 0.0031s
2024-12-04 13:53:33,271 DEBUG loaded <trimesh.Trimesh(vertices.shape=(48, 3), faces.shape=(28, 3))> using `load_obj` in 0.0007s
2024-12-04 13:53:41,117 INFO ==> EMD Loss: 20.171581
2024-12-04 13:53:41,117 INFO ==> Height map loss:  11.112742
2024-12-04 13:53:41,117 INFO ==> Insertion loss: 0.000000
2024-12-04 13:53:41,511 DEBUG loaded <trimesh.Trimesh(vertices.shape=(916, 3), faces.shape=(856, 3))> using `load_obj` in 0.0029s
2024-12-04 13:53:41,657 DEBUG loaded <trimesh.Trimesh(vertices.shape=(48, 3), faces.shape=(28, 3))> using `load_obj` in 0.0007s
2024-12-04 13:53:49,189 INFO ==> EMD Loss: 20.138725
2024-12-04 13:53:49,189 INFO ==> Height map loss:  11.147646
2024-12-04 13:53:49,189 INFO ==> Insertion loss: 0.000000
2024-12-04 13:53:49,583 DEBUG loaded <trimesh.Trimesh(vertices.shape=(916, 3), faces.shape=(856, 3))> using `load_obj` in 0.0029s
2024-12-04 13:53:49,733 DEBUG loaded <trimesh.Trimesh(vertices.shape=(48, 3), faces.shape=(28, 3))> using `load_obj` in 0.0007s
2024-12-04 13:53:57,572 INFO ==> EMD Loss: 19.903254
2024-12-04 13:53:57,572 INFO ==> Height map loss:  11.339521
2024-12-04 13:53:57,572 INFO ==> Insertion loss: 0.000000
2024-12-04 13:53:58,274 DEBUG loaded <trimesh.Trimesh(vertices.shape=(916, 3), faces.shape=(856, 3))> using `load_obj` in 0.0030s
2024-12-04 13:53:58,428 DEBUG loaded <trimesh.Trimesh(vertices.shape=(48, 3), faces.shape=(28, 3))> using `load_obj` in 0.0007s
2024-12-04 13:54:06,267 INFO ==> EMD Loss: 19.910852
2024-12-04 13:54:06,267 INFO ==> Height map loss:  11.265376
2024-12-04 13:54:06,268 INFO ==> Insertion loss: 0.000000
2024-12-04 13:54:06,971 DEBUG loaded <trimesh.Trimesh(vertices.shape=(916, 3), faces.shape=(856, 3))> using `load_obj` in 0.0030s
2024-12-04 13:54:07,119 DEBUG loaded <trimesh.Trimesh(vertices.shape=(48, 3), faces.shape=(28, 3))> using `load_obj` in 0.0007s
2024-12-04 13:54:14,622 INFO ==> EMD Loss: 19.890593
2024-12-04 13:54:14,623 INFO ==> Height map loss:  11.438939
2024-12-04 13:54:14,623 INFO ==> Insertion loss: 0.000000
2024-12-04 13:54:15,258 DEBUG loaded <trimesh.Trimesh(vertices.shape=(916, 3), faces.shape=(856, 3))> using `load_obj` in 0.0030s
2024-12-04 13:54:15,407 DEBUG loaded <trimesh.Trimesh(vertices.shape=(48, 3), faces.shape=(28, 3))> using `load_obj` in 0.0007s
2024-12-04 13:54:37,064 INFO =====> Skill params: [ 0.9993895   0.29706186  0.7943582  -0.08491948 -0.08827469]
2024-12-04 13:54:37,064 INFO =====> Grad: [-9.1131018e+02  1.8231163e+03 -4.1464737e-05  9.9306736e+00
  2.7964850e-05]
2024-12-04 13:54:37,064 INFO =====> Num. aborted data so far: 0
2024-12-04 13:54:37,072 INFO ===========> Epoch: 7 optimisation losses
2024-12-04 13:54:37,072 INFO =====> EMD Loss: 20.171223
2024-12-04 13:54:37,072 INFO =====> Height map loss: 11.112473
2024-12-04 13:54:37,072 INFO =====> Insertion loss: 0.000000
2024-12-04 13:54:37,488 DEBUG loaded <trimesh.Trimesh(vertices.shape=(916, 3), faces.shape=(856, 3))> using `load_obj` in 0.0029s
2024-12-04 13:54:37,637 DEBUG loaded <trimesh.Trimesh(vertices.shape=(48, 3), faces.shape=(28, 3))> using `load_obj` in 0.0007s
2024-12-04 13:54:45,030 INFO ==> EMD Loss: 20.117868
2024-12-04 13:54:45,030 INFO ==> Height map loss:  11.073382
2024-12-04 13:54:45,030 INFO ==> Insertion loss: 0.000000
2024-12-04 13:54:45,421 DEBUG loaded <trimesh.Trimesh(vertices.shape=(916, 3), faces.shape=(856, 3))> using `load_obj` in 0.0029s
2024-12-04 13:54:45,571 DEBUG loaded <trimesh.Trimesh(vertices.shape=(48, 3), faces.shape=(28, 3))> using `load_obj` in 0.0007s
2024-12-04 13:54:53,547 INFO ==> EMD Loss: 20.353434
2024-12-04 13:54:53,547 INFO ==> Height map loss:  11.364571
2024-12-04 13:54:53,547 INFO ==> Insertion loss: 0.000000
2024-12-04 13:54:53,948 DEBUG loaded <trimesh.Trimesh(vertices.shape=(916, 3), faces.shape=(856, 3))> using `load_obj` in 0.0029s
2024-12-04 13:54:54,096 DEBUG loaded <trimesh.Trimesh(vertices.shape=(48, 3), faces.shape=(28, 3))> using `load_obj` in 0.0007s
2024-12-04 13:55:01,948 INFO ==> EMD Loss: 20.190943
2024-12-04 13:55:01,948 INFO ==> Height map loss:  11.402521
2024-12-04 13:55:01,948 INFO ==> Insertion loss: 0.000000
2024-12-04 13:55:02,606 DEBUG loaded <trimesh.Trimesh(vertices.shape=(916, 3), faces.shape=(856, 3))> using `load_obj` in 0.0029s
2024-12-04 13:55:02,756 DEBUG loaded <trimesh.Trimesh(vertices.shape=(48, 3), faces.shape=(28, 3))> using `load_obj` in 0.0007s
2024-12-04 13:55:10,225 INFO ==> EMD Loss: 19.744757
2024-12-04 13:55:10,225 INFO ==> Height map loss:  11.366974
2024-12-04 13:55:10,225 INFO ==> Insertion loss: 0.000000
2024-12-04 13:55:10,875 DEBUG loaded <trimesh.Trimesh(vertices.shape=(916, 3), faces.shape=(856, 3))> using `load_obj` in 0.0031s
2024-12-04 13:55:11,024 DEBUG loaded <trimesh.Trimesh(vertices.shape=(48, 3), faces.shape=(28, 3))> using `load_obj` in 0.0007s
2024-12-04 13:55:18,920 INFO ==> EMD Loss: 19.660126
2024-12-04 13:55:18,920 INFO ==> Height map loss:  11.342757
2024-12-04 13:55:18,920 INFO ==> Insertion loss: 0.000000
2024-12-04 13:55:19,568 DEBUG loaded <trimesh.Trimesh(vertices.shape=(916, 3), faces.shape=(856, 3))> using `load_obj` in 0.0030s
2024-12-04 13:55:19,718 DEBUG loaded <trimesh.Trimesh(vertices.shape=(48, 3), faces.shape=(28, 3))> using `load_obj` in 0.0008s
2024-12-04 13:55:40,968 INFO =====> Skill params: [ 1.          0.29365966  0.79557604 -0.08494746 -0.08909094]
2024-12-04 13:55:40,968 INFO =====> Grad: [-5.2715015e+02  7.4494171e+02 -9.6934982e-06 -1.2145253e+03
 -9.8277342e-05]
2024-12-04 13:55:40,968 INFO =====> Num. aborted data so far: 0
2024-12-04 13:55:40,976 INFO ===========> Epoch: 8 optimisation losses
2024-12-04 13:55:40,976 INFO =====> EMD Loss: 20.117010
2024-12-04 13:55:40,976 INFO =====> Height map loss: 11.083867
2024-12-04 13:55:40,976 INFO =====> Insertion loss: 0.000000
2024-12-04 13:55:41,392 DEBUG loaded <trimesh.Trimesh(vertices.shape=(916, 3), faces.shape=(856, 3))> using `load_obj` in 0.0030s
2024-12-04 13:55:41,541 DEBUG loaded <trimesh.Trimesh(vertices.shape=(48, 3), faces.shape=(28, 3))> using `load_obj` in 0.0007s
2024-12-04 13:55:49,390 INFO ==> EMD Loss: 20.153362
2024-12-04 13:55:49,390 INFO ==> Height map loss:  11.100628
2024-12-04 13:55:49,390 INFO ==> Insertion loss: 0.000000
2024-12-04 13:55:49,779 DEBUG loaded <trimesh.Trimesh(vertices.shape=(916, 3), faces.shape=(856, 3))> using `load_obj` in 0.0029s
2024-12-04 13:55:49,926 DEBUG loaded <trimesh.Trimesh(vertices.shape=(48, 3), faces.shape=(28, 3))> using `load_obj` in 0.0007s
2024-12-04 13:55:57,829 INFO ==> EMD Loss: 20.391167
2024-12-04 13:55:57,829 INFO ==> Height map loss:  11.201560
2024-12-04 13:55:57,829 INFO ==> Insertion loss: 0.000000
2024-12-04 13:55:58,217 DEBUG loaded <trimesh.Trimesh(vertices.shape=(916, 3), faces.shape=(856, 3))> using `load_obj` in 0.0030s
2024-12-04 13:55:58,370 DEBUG loaded <trimesh.Trimesh(vertices.shape=(48, 3), faces.shape=(28, 3))> using `load_obj` in 0.0007s
2024-12-04 13:56:05,769 INFO ==> EMD Loss: 20.392532
2024-12-04 13:56:05,769 INFO ==> Height map loss:  11.275911
2024-12-04 13:56:05,769 INFO ==> Insertion loss: 0.000000
2024-12-04 13:56:06,486 DEBUG loaded <trimesh.Trimesh(vertices.shape=(916, 3), faces.shape=(856, 3))> using `load_obj` in 0.0031s
2024-12-04 13:56:06,640 DEBUG loaded <trimesh.Trimesh(vertices.shape=(48, 3), faces.shape=(28, 3))> using `load_obj` in 0.0007s
2024-12-04 13:56:14,596 INFO ==> EMD Loss: 20.430527
2024-12-04 13:56:14,596 INFO ==> Height map loss:  11.574256
2024-12-04 13:56:14,597 INFO ==> Insertion loss: 0.000000
2024-12-04 13:56:15,238 DEBUG loaded <trimesh.Trimesh(vertices.shape=(916, 3), faces.shape=(856, 3))> using `load_obj` in 0.0029s
2024-12-04 13:56:15,387 DEBUG loaded <trimesh.Trimesh(vertices.shape=(48, 3), faces.shape=(28, 3))> using `load_obj` in 0.0007s
2024-12-04 13:56:23,259 INFO ==> EMD Loss: 20.130566
2024-12-04 13:56:23,259 INFO ==> Height map loss:  11.861424
2024-12-04 13:56:23,259 INFO ==> Insertion loss: 0.000000
2024-12-04 13:56:23,899 DEBUG loaded <trimesh.Trimesh(vertices.shape=(916, 3), faces.shape=(856, 3))> using `load_obj` in 0.0029s
2024-12-04 13:56:24,048 DEBUG loaded <trimesh.Trimesh(vertices.shape=(48, 3), faces.shape=(28, 3))> using `load_obj` in 0.0007s
2024-12-04 13:56:45,253 INFO =====> Skill params: [ 1.          0.2922321   0.7958758  -0.0818141  -0.08636303]
2024-12-04 13:56:45,253 INFO =====> Grad: [-7.0014191e+02  1.5221147e+03  1.8450546e-05  1.0585149e+03
  2.8085709e-05]
2024-12-04 13:56:45,253 INFO =====> Num. aborted data so far: 0
2024-12-04 13:56:45,261 INFO ===========> Epoch: 9 optimisation losses
2024-12-04 13:56:45,261 INFO =====> EMD Loss: 20.152920
2024-12-04 13:56:45,261 INFO =====> Height map loss: 11.094644
2024-12-04 13:56:45,261 INFO =====> Insertion loss: 0.000000
2024-12-04 13:56:45,679 DEBUG loaded <trimesh.Trimesh(vertices.shape=(916, 3), faces.shape=(856, 3))> using `load_obj` in 0.0030s
2024-12-04 13:56:45,831 DEBUG loaded <trimesh.Trimesh(vertices.shape=(48, 3), faces.shape=(28, 3))> using `load_obj` in 0.0007s
2024-12-04 13:56:53,752 INFO ==> EMD Loss: 20.148151
2024-12-04 13:56:53,752 INFO ==> Height map loss:  11.137834
2024-12-04 13:56:53,752 INFO ==> Insertion loss: 0.000000
2024-12-04 13:56:54,152 DEBUG loaded <trimesh.Trimesh(vertices.shape=(916, 3), faces.shape=(856, 3))> using `load_obj` in 0.0030s
2024-12-04 13:56:54,305 DEBUG loaded <trimesh.Trimesh(vertices.shape=(48, 3), faces.shape=(28, 3))> using `load_obj` in 0.0007s
2024-12-04 13:57:01,835 INFO ==> EMD Loss: 19.991529
2024-12-04 13:57:01,835 INFO ==> Height map loss:  11.168660
2024-12-04 13:57:01,835 INFO ==> Insertion loss: 0.000000
2024-12-04 13:57:02,228 DEBUG loaded <trimesh.Trimesh(vertices.shape=(916, 3), faces.shape=(856, 3))> using `load_obj` in 0.0029s
2024-12-04 13:57:02,377 DEBUG loaded <trimesh.Trimesh(vertices.shape=(48, 3), faces.shape=(28, 3))> using `load_obj` in 0.0007s
2024-12-04 13:57:10,309 INFO ==> EMD Loss: 19.572590
2024-12-04 13:57:10,309 INFO ==> Height map loss:  11.296653
2024-12-04 13:57:10,309 INFO ==> Insertion loss: 0.000000
2024-12-04 13:57:10,943 DEBUG loaded <trimesh.Trimesh(vertices.shape=(916, 3), faces.shape=(856, 3))> using `load_obj` in 0.0029s
2024-12-04 13:57:11,095 DEBUG loaded <trimesh.Trimesh(vertices.shape=(48, 3), faces.shape=(28, 3))> using `load_obj` in 0.0007s
2024-12-04 13:57:19,027 INFO ==> EMD Loss: 19.127768
2024-12-04 13:57:19,027 INFO ==> Height map loss:  11.174371
2024-12-04 13:57:19,028 INFO ==> Insertion loss: 0.000000
2024-12-04 13:57:19,667 DEBUG loaded <trimesh.Trimesh(vertices.shape=(916, 3), faces.shape=(856, 3))> using `load_obj` in 0.0031s
2024-12-04 13:57:19,815 DEBUG loaded <trimesh.Trimesh(vertices.shape=(48, 3), faces.shape=(28, 3))> using `load_obj` in 0.0007s
2024-12-04 13:57:27,304 INFO ==> EMD Loss: 19.129644
2024-12-04 13:57:27,305 INFO ==> Height map loss:  11.100593
2024-12-04 13:57:27,305 INFO ==> Insertion loss: 0.000000
2024-12-04 13:57:27,959 DEBUG loaded <trimesh.Trimesh(vertices.shape=(916, 3), faces.shape=(856, 3))> using `load_obj` in 0.0029s
2024-12-04 13:57:28,108 DEBUG loaded <trimesh.Trimesh(vertices.shape=(48, 3), faces.shape=(28, 3))> using `load_obj` in 0.0007s
2024-12-04 13:57:49,703 INFO =====> Skill params: [ 1.          0.23692799  0.78390145 -0.13421372 -0.10266093]
2024-12-04 13:57:49,703 INFO =====> Grad: [ 1.2819039e+03 -4.0489583e+03  4.6148089e-05  7.2049243e+02
  4.1535000e-05]
2024-12-04 13:57:49,703 INFO =====> Num. aborted data so far: 0
2024-12-04 13:57:49,711 INFO ===========> Epoch: 10 optimisation losses
2024-12-04 13:57:49,711 INFO =====> EMD Loss: 19.129341
2024-12-04 13:57:49,712 INFO =====> Height map loss: 11.099721
2024-12-04 13:57:49,712 INFO =====> Insertion loss: 0.000000
2024-12-04 13:57:50,132 DEBUG loaded <trimesh.Trimesh(vertices.shape=(916, 3), faces.shape=(856, 3))> using `load_obj` in 0.0030s
2024-12-04 13:57:50,282 DEBUG loaded <trimesh.Trimesh(vertices.shape=(48, 3), faces.shape=(28, 3))> using `load_obj` in 0.0008s
2024-12-04 13:57:57,775 INFO ==> EMD Loss: 19.014009
2024-12-04 13:57:57,775 INFO ==> Height map loss:  11.147872
2024-12-04 13:57:57,775 INFO ==> Insertion loss: 0.000000
2024-12-04 13:57:58,166 DEBUG loaded <trimesh.Trimesh(vertices.shape=(916, 3), faces.shape=(856, 3))> using `load_obj` in 0.0029s
2024-12-04 13:57:58,315 DEBUG loaded <trimesh.Trimesh(vertices.shape=(48, 3), faces.shape=(28, 3))> using `load_obj` in 0.0007s
2024-12-04 13:58:06,171 INFO ==> EMD Loss: 19.319233
2024-12-04 13:58:06,171 INFO ==> Height map loss:  11.092488
2024-12-04 13:58:06,171 INFO ==> Insertion loss: 0.000000
2024-12-04 13:58:06,558 DEBUG loaded <trimesh.Trimesh(vertices.shape=(916, 3), faces.shape=(856, 3))> using `load_obj` in 0.0031s
2024-12-04 13:58:06,707 DEBUG loaded <trimesh.Trimesh(vertices.shape=(48, 3), faces.shape=(28, 3))> using `load_obj` in 0.0007s
2024-12-04 13:58:14,530 INFO ==> EMD Loss: 19.394463
2024-12-04 13:58:14,530 INFO ==> Height map loss:  11.003733
2024-12-04 13:58:14,530 INFO ==> Insertion loss: 0.000000
2024-12-04 13:58:15,167 DEBUG loaded <trimesh.Trimesh(vertices.shape=(916, 3), faces.shape=(856, 3))> using `load_obj` in 0.0029s
2024-12-04 13:58:15,317 DEBUG loaded <trimesh.Trimesh(vertices.shape=(48, 3), faces.shape=(28, 3))> using `load_obj` in 0.0007s
2024-12-04 13:58:22,655 INFO ==> EMD Loss: 19.302586
2024-12-04 13:58:22,655 INFO ==> Height map loss:  10.809569
2024-12-04 13:58:22,655 INFO ==> Insertion loss: 0.000000
2024-12-04 13:58:23,302 DEBUG loaded <trimesh.Trimesh(vertices.shape=(916, 3), faces.shape=(856, 3))> using `load_obj` in 0.0030s
2024-12-04 13:58:23,451 DEBUG loaded <trimesh.Trimesh(vertices.shape=(48, 3), faces.shape=(28, 3))> using `load_obj` in 0.0007s
2024-12-04 13:58:31,217 INFO ==> EMD Loss: 19.304617
2024-12-04 13:58:31,217 INFO ==> Height map loss:  10.824753
2024-12-04 13:58:31,217 INFO ==> Insertion loss: 0.000000
2024-12-04 13:58:31,867 DEBUG loaded <trimesh.Trimesh(vertices.shape=(916, 3), faces.shape=(856, 3))> using `load_obj` in 0.0030s
2024-12-04 13:58:32,020 DEBUG loaded <trimesh.Trimesh(vertices.shape=(48, 3), faces.shape=(28, 3))> using `load_obj` in 0.0007s
2024-12-04 13:58:53,055 INFO =====> Skill params: [ 0.95581585  0.31044152  0.760929   -0.16124198 -0.12134227]
2024-12-04 13:58:53,055 INFO =====> Grad: [-1.7792217e+03 -1.2664147e+02  4.4768582e-05  6.0238110e+02
  5.3279593e-05]
2024-12-04 13:58:53,055 INFO =====> Num. aborted data so far: 0
2024-12-04 13:58:53,064 INFO ===========> Epoch: 11 optimisation losses
2024-12-04 13:58:53,064 INFO =====> EMD Loss: 19.305632
2024-12-04 13:58:53,064 INFO =====> Height map loss: 10.809058
2024-12-04 13:58:53,064 INFO =====> Insertion loss: 0.000000
2024-12-04 13:58:53,495 DEBUG loaded <trimesh.Trimesh(vertices.shape=(916, 3), faces.shape=(856, 3))> using `load_obj` in 0.0030s
2024-12-04 13:58:53,645 DEBUG loaded <trimesh.Trimesh(vertices.shape=(48, 3), faces.shape=(28, 3))> using `load_obj` in 0.0007s
2024-12-04 13:59:01,387 INFO ==> EMD Loss: 19.245253
2024-12-04 13:59:01,387 INFO ==> Height map loss:  10.798089
2024-12-04 13:59:01,387 INFO ==> Insertion loss: 0.000000
2024-12-04 13:59:01,790 DEBUG loaded <trimesh.Trimesh(vertices.shape=(916, 3), faces.shape=(856, 3))> using `load_obj` in 0.0029s
2024-12-04 13:59:01,942 DEBUG loaded <trimesh.Trimesh(vertices.shape=(48, 3), faces.shape=(28, 3))> using `load_obj` in 0.0007s
2024-12-04 13:59:09,761 INFO ==> EMD Loss: 19.298986
2024-12-04 13:59:09,761 INFO ==> Height map loss:  10.822196
2024-12-04 13:59:09,761 INFO ==> Insertion loss: 0.000000
2024-12-04 13:59:10,155 DEBUG loaded <trimesh.Trimesh(vertices.shape=(916, 3), faces.shape=(856, 3))> using `load_obj` in 0.0030s
2024-12-04 13:59:10,306 DEBUG loaded <trimesh.Trimesh(vertices.shape=(48, 3), faces.shape=(28, 3))> using `load_obj` in 0.0007s
2024-12-04 13:59:17,711 INFO ==> EMD Loss: 19.235580
2024-12-04 13:59:17,711 INFO ==> Height map loss:  10.793957
2024-12-04 13:59:17,711 INFO ==> Insertion loss: 0.000000
2024-12-04 13:59:18,431 DEBUG loaded <trimesh.Trimesh(vertices.shape=(916, 3), faces.shape=(856, 3))> using `load_obj` in 0.0030s
2024-12-04 13:59:18,586 DEBUG loaded <trimesh.Trimesh(vertices.shape=(48, 3), faces.shape=(28, 3))> using `load_obj` in 0.0007s
2024-12-04 13:59:26,450 INFO ==> EMD Loss: 18.836765
2024-12-04 13:59:26,450 INFO ==> Height map loss:  10.610169
2024-12-04 13:59:26,450 INFO ==> Insertion loss: 0.000000
2024-12-04 13:59:27,120 DEBUG loaded <trimesh.Trimesh(vertices.shape=(916, 3), faces.shape=(856, 3))> using `load_obj` in 0.0030s
2024-12-04 13:59:27,270 DEBUG loaded <trimesh.Trimesh(vertices.shape=(48, 3), faces.shape=(28, 3))> using `load_obj` in 0.0007s
2024-12-04 13:59:35,118 INFO ==> EMD Loss: 18.689430
2024-12-04 13:59:35,118 INFO ==> Height map loss:  10.568100
2024-12-04 13:59:35,118 INFO ==> Insertion loss: 0.000000
2024-12-04 13:59:35,794 DEBUG loaded <trimesh.Trimesh(vertices.shape=(916, 3), faces.shape=(856, 3))> using `load_obj` in 0.0029s
2024-12-04 13:59:35,944 DEBUG loaded <trimesh.Trimesh(vertices.shape=(48, 3), faces.shape=(28, 3))> using `load_obj` in 0.0007s
2024-12-04 13:59:57,002 INFO =====> Skill params: [ 1.          0.31367207  0.730526   -0.19204563 -0.15388793]
2024-12-04 13:59:57,002 INFO =====> Grad: [-1.6571587e+03  1.9140156e+03 -4.2795946e-06  1.5451997e+02
 -2.4937559e-05]
2024-12-04 13:59:57,002 INFO =====> Num. aborted data so far: 0
2024-12-04 13:59:57,010 INFO ===========> Epoch: 12 optimisation losses
2024-12-04 13:59:57,010 INFO =====> EMD Loss: 18.689381
2024-12-04 13:59:57,011 INFO =====> Height map loss: 10.568137
2024-12-04 13:59:57,011 INFO =====> Insertion loss: 0.000000
2024-12-04 13:59:57,441 DEBUG loaded <trimesh.Trimesh(vertices.shape=(916, 3), faces.shape=(856, 3))> using `load_obj` in 0.0030s
2024-12-04 13:59:57,591 DEBUG loaded <trimesh.Trimesh(vertices.shape=(48, 3), faces.shape=(28, 3))> using `load_obj` in 0.0007s
2024-12-04 14:00:05,418 INFO ==> EMD Loss: 18.702705
2024-12-04 14:00:05,418 INFO ==> Height map loss:  10.570087
2024-12-04 14:00:05,418 INFO ==> Insertion loss: 0.000000
2024-12-04 14:00:05,806 DEBUG loaded <trimesh.Trimesh(vertices.shape=(916, 3), faces.shape=(856, 3))> using `load_obj` in 0.0029s
2024-12-04 14:00:05,958 DEBUG loaded <trimesh.Trimesh(vertices.shape=(48, 3), faces.shape=(28, 3))> using `load_obj` in 0.0007s
2024-12-04 14:00:13,392 INFO ==> EMD Loss: 18.824274
2024-12-04 14:00:13,393 INFO ==> Height map loss:  10.677474
2024-12-04 14:00:13,393 INFO ==> Insertion loss: 0.000000
2024-12-04 14:00:13,824 DEBUG loaded <trimesh.Trimesh(vertices.shape=(916, 3), faces.shape=(856, 3))> using `load_obj` in 0.0030s
2024-12-04 14:00:13,981 DEBUG loaded <trimesh.Trimesh(vertices.shape=(48, 3), faces.shape=(28, 3))> using `load_obj` in 0.0007s
2024-12-04 14:00:21,744 INFO ==> EMD Loss: 18.601290
2024-12-04 14:00:21,745 INFO ==> Height map loss:  10.714303
2024-12-04 14:00:21,745 INFO ==> Insertion loss: 0.000000
2024-12-04 14:00:22,392 DEBUG loaded <trimesh.Trimesh(vertices.shape=(916, 3), faces.shape=(856, 3))> using `load_obj` in 0.0030s
2024-12-04 14:00:22,541 DEBUG loaded <trimesh.Trimesh(vertices.shape=(48, 3), faces.shape=(28, 3))> using `load_obj` in 0.0007s
2024-12-04 14:00:30,365 INFO ==> EMD Loss: 18.581934
2024-12-04 14:00:30,365 INFO ==> Height map loss:  10.647649
2024-12-04 14:00:30,365 INFO ==> Insertion loss: 0.000000
2024-12-04 14:00:31,008 DEBUG loaded <trimesh.Trimesh(vertices.shape=(916, 3), faces.shape=(856, 3))> using `load_obj` in 0.0029s
2024-12-04 14:00:31,162 DEBUG loaded <trimesh.Trimesh(vertices.shape=(48, 3), faces.shape=(28, 3))> using `load_obj` in 0.0007s
2024-12-04 14:00:38,577 INFO ==> EMD Loss: 18.640678
2024-12-04 14:00:38,577 INFO ==> Height map loss:  10.882053
2024-12-04 14:00:38,577 INFO ==> Insertion loss: 0.000000
2024-12-04 14:00:39,223 DEBUG loaded <trimesh.Trimesh(vertices.shape=(916, 3), faces.shape=(856, 3))> using `load_obj` in 0.0030s
2024-12-04 14:00:39,373 DEBUG loaded <trimesh.Trimesh(vertices.shape=(48, 3), faces.shape=(28, 3))> using `load_obj` in 0.0007s
2024-12-04 14:01:00,348 INFO =====> Skill params: [ 1.          0.3112885   0.7306791  -0.19246118 -0.15309148]
2024-12-04 14:01:00,349 INFO =====> Grad: [ 1.3968379e+03 -1.9130702e+03 -5.1196894e-06  5.5021674e+02
 -8.6599675e-06]
2024-12-04 14:01:00,349 INFO =====> Num. aborted data so far: 0
2024-12-04 14:01:00,356 INFO ===========> Epoch: 13 optimisation losses
2024-12-04 14:01:00,356 INFO =====> EMD Loss: 18.711905
2024-12-04 14:01:00,356 INFO =====> Height map loss: 10.570441
2024-12-04 14:01:00,356 INFO =====> Insertion loss: 0.000000
2024-12-04 14:01:00,775 DEBUG loaded <trimesh.Trimesh(vertices.shape=(916, 3), faces.shape=(856, 3))> using `load_obj` in 0.0030s
2024-12-04 14:01:00,923 DEBUG loaded <trimesh.Trimesh(vertices.shape=(48, 3), faces.shape=(28, 3))> using `load_obj` in 0.0007s
2024-12-04 14:01:08,795 INFO ==> EMD Loss: 18.661558
2024-12-04 14:01:08,795 INFO ==> Height map loss:  10.569490
2024-12-04 14:01:08,795 INFO ==> Insertion loss: 0.000000
2024-12-04 14:01:09,187 DEBUG loaded <trimesh.Trimesh(vertices.shape=(916, 3), faces.shape=(856, 3))> using `load_obj` in 0.0030s
2024-12-04 14:01:09,344 DEBUG loaded <trimesh.Trimesh(vertices.shape=(48, 3), faces.shape=(28, 3))> using `load_obj` in 0.0007s
2024-12-04 14:01:17,249 INFO ==> EMD Loss: 18.685266
2024-12-04 14:01:17,250 INFO ==> Height map loss:  10.636307
2024-12-04 14:01:17,250 INFO ==> Insertion loss: 0.000000
2024-12-04 14:01:17,639 DEBUG loaded <trimesh.Trimesh(vertices.shape=(916, 3), faces.shape=(856, 3))> using `load_obj` in 0.0029s
2024-12-04 14:01:17,787 DEBUG loaded <trimesh.Trimesh(vertices.shape=(48, 3), faces.shape=(28, 3))> using `load_obj` in 0.0007s
2024-12-04 14:01:25,177 INFO ==> EMD Loss: 19.132725
2024-12-04 14:01:25,177 INFO ==> Height map loss:  10.715500
2024-12-04 14:01:25,177 INFO ==> Insertion loss: 0.000000
2024-12-04 14:01:25,819 DEBUG loaded <trimesh.Trimesh(vertices.shape=(916, 3), faces.shape=(856, 3))> using `load_obj` in 0.0030s
2024-12-04 14:01:25,971 DEBUG loaded <trimesh.Trimesh(vertices.shape=(48, 3), faces.shape=(28, 3))> using `load_obj` in 0.0007s
2024-12-04 14:01:33,847 INFO ==> EMD Loss: 19.205532
2024-12-04 14:01:33,847 INFO ==> Height map loss:  10.774544
2024-12-04 14:01:33,847 INFO ==> Insertion loss: 0.000000
2024-12-04 14:01:34,486 DEBUG loaded <trimesh.Trimesh(vertices.shape=(916, 3), faces.shape=(856, 3))> using `load_obj` in 0.0030s
2024-12-04 14:01:34,636 DEBUG loaded <trimesh.Trimesh(vertices.shape=(48, 3), faces.shape=(28, 3))> using `load_obj` in 0.0007s
2024-12-04 14:01:42,396 INFO ==> EMD Loss: 19.408430
2024-12-04 14:01:42,396 INFO ==> Height map loss:  10.924253
2024-12-04 14:01:42,396 INFO ==> Insertion loss: 0.000000
2024-12-04 14:01:43,036 DEBUG loaded <trimesh.Trimesh(vertices.shape=(916, 3), faces.shape=(856, 3))> using `load_obj` in 0.0030s
2024-12-04 14:01:43,189 DEBUG loaded <trimesh.Trimesh(vertices.shape=(48, 3), faces.shape=(28, 3))> using `load_obj` in 0.0007s
2024-12-04 14:02:04,195 INFO =====> Skill params: [ 0.9975022   0.3136225   0.7308721  -0.19397555 -0.15280025]
2024-12-04 14:02:04,196 INFO =====> Grad: [ 7.5247052e+02 -1.3175081e+03 -5.7861193e-06  8.0585373e+01
  5.0289807e-05]
2024-12-04 14:02:04,196 INFO =====> Num. aborted data so far: 0
2024-12-04 14:02:04,204 INFO ===========> Epoch: 14 optimisation losses
2024-12-04 14:02:04,204 INFO =====> EMD Loss: 18.661575
2024-12-04 14:02:04,204 INFO =====> Height map loss: 10.567184
2024-12-04 14:02:04,204 INFO =====> Insertion loss: 0.000000
2024-12-04 14:02:04,626 DEBUG loaded <trimesh.Trimesh(vertices.shape=(916, 3), faces.shape=(856, 3))> using `load_obj` in 0.0030s
2024-12-04 14:02:04,781 DEBUG loaded <trimesh.Trimesh(vertices.shape=(48, 3), faces.shape=(28, 3))> using `load_obj` in 0.0007s
2024-12-04 14:02:12,554 INFO ==> EMD Loss: 18.713234
2024-12-04 14:02:12,554 INFO ==> Height map loss:  10.556885
2024-12-04 14:02:12,554 INFO ==> Insertion loss: 0.000000
2024-12-04 14:02:12,942 DEBUG loaded <trimesh.Trimesh(vertices.shape=(916, 3), faces.shape=(856, 3))> using `load_obj` in 0.0030s
2024-12-04 14:02:13,094 DEBUG loaded <trimesh.Trimesh(vertices.shape=(48, 3), faces.shape=(28, 3))> using `load_obj` in 0.0007s
2024-12-04 14:02:20,524 INFO ==> EMD Loss: 18.534306
2024-12-04 14:02:20,524 INFO ==> Height map loss:  10.617970
2024-12-04 14:02:20,524 INFO ==> Insertion loss: 0.000000
2024-12-04 14:02:20,911 DEBUG loaded <trimesh.Trimesh(vertices.shape=(916, 3), faces.shape=(856, 3))> using `load_obj` in 0.0029s
2024-12-04 14:02:21,067 DEBUG loaded <trimesh.Trimesh(vertices.shape=(48, 3), faces.shape=(28, 3))> using `load_obj` in 0.0007s
2024-12-04 14:02:28,874 INFO ==> EMD Loss: 18.659058
2024-12-04 14:02:28,875 INFO ==> Height map loss:  10.604897
2024-12-04 14:02:28,875 INFO ==> Insertion loss: 0.000000
2024-12-04 14:02:29,510 DEBUG loaded <trimesh.Trimesh(vertices.shape=(916, 3), faces.shape=(856, 3))> using `load_obj` in 0.0029s
2024-12-04 14:02:29,664 DEBUG loaded <trimesh.Trimesh(vertices.shape=(48, 3), faces.shape=(28, 3))> using `load_obj` in 0.0007s
2024-12-04 14:02:37,459 INFO ==> EMD Loss: 19.160530
2024-12-04 14:02:37,459 INFO ==> Height map loss:  10.587236
2024-12-04 14:02:37,459 INFO ==> Insertion loss: 0.000000
2024-12-04 14:02:38,091 DEBUG loaded <trimesh.Trimesh(vertices.shape=(916, 3), faces.shape=(856, 3))> using `load_obj` in 0.0029s
2024-12-04 14:02:38,245 DEBUG loaded <trimesh.Trimesh(vertices.shape=(48, 3), faces.shape=(28, 3))> using `load_obj` in 0.0007s
2024-12-04 14:02:45,631 INFO ==> EMD Loss: 18.778795
2024-12-04 14:02:45,631 INFO ==> Height map loss:  10.472503
2024-12-04 14:02:45,631 INFO ==> Insertion loss: 0.000000
2024-12-04 14:02:46,269 DEBUG loaded <trimesh.Trimesh(vertices.shape=(916, 3), faces.shape=(856, 3))> using `load_obj` in 0.0030s
2024-12-04 14:02:46,423 DEBUG loaded <trimesh.Trimesh(vertices.shape=(48, 3), faces.shape=(28, 3))> using `load_obj` in 0.0007s
2024-12-04 14:03:07,276 INFO =====> Skill params: [ 0.96982306  0.34635523  0.7354677  -0.19864824 -0.18711653]
2024-12-04 14:03:07,277 INFO =====> Grad: [-6.8490161e+02  5.4633191e+02  9.8448036e-06 -7.1456476e+02
 -1.3449603e-05]
2024-12-04 14:03:07,277 INFO =====> Num. aborted data so far: 0
2024-12-04 14:03:07,285 INFO ===========> Epoch: 15 optimisation losses
2024-12-04 14:03:07,285 INFO =====> EMD Loss: 18.780388
2024-12-04 14:03:07,285 INFO =====> Height map loss: 10.473174
2024-12-04 14:03:07,285 INFO =====> Insertion loss: 0.000000
2024-12-04 14:03:07,704 DEBUG loaded <trimesh.Trimesh(vertices.shape=(916, 3), faces.shape=(856, 3))> using `load_obj` in 0.0029s
2024-12-04 14:03:07,855 DEBUG loaded <trimesh.Trimesh(vertices.shape=(48, 3), faces.shape=(28, 3))> using `load_obj` in 0.0007s
2024-12-04 14:03:15,614 INFO ==> EMD Loss: 18.784275
2024-12-04 14:03:15,614 INFO ==> Height map loss:  10.531556
2024-12-04 14:03:15,614 INFO ==> Insertion loss: 0.000000
2024-12-04 14:03:16,006 DEBUG loaded <trimesh.Trimesh(vertices.shape=(916, 3), faces.shape=(856, 3))> using `load_obj` in 0.0029s
2024-12-04 14:03:16,162 DEBUG loaded <trimesh.Trimesh(vertices.shape=(48, 3), faces.shape=(28, 3))> using `load_obj` in 0.0007s
2024-12-04 14:03:24,001 INFO ==> EMD Loss: 18.751585
2024-12-04 14:03:24,001 INFO ==> Height map loss:  10.547011
2024-12-04 14:03:24,001 INFO ==> Insertion loss: 0.000000
2024-12-04 14:03:24,388 DEBUG loaded <trimesh.Trimesh(vertices.shape=(916, 3), faces.shape=(856, 3))> using `load_obj` in 0.0030s
2024-12-04 14:03:24,539 DEBUG loaded <trimesh.Trimesh(vertices.shape=(48, 3), faces.shape=(28, 3))> using `load_obj` in 0.0007s
2024-12-04 14:03:31,897 INFO ==> EMD Loss: 18.885761
2024-12-04 14:03:31,897 INFO ==> Height map loss:  10.498403
2024-12-04 14:03:31,897 INFO ==> Insertion loss: 0.000000
2024-12-04 14:03:32,533 DEBUG loaded <trimesh.Trimesh(vertices.shape=(916, 3), faces.shape=(856, 3))> using `load_obj` in 0.0029s
2024-12-04 14:03:32,684 DEBUG loaded <trimesh.Trimesh(vertices.shape=(48, 3), faces.shape=(28, 3))> using `load_obj` in 0.0007s
2024-12-04 14:03:40,666 INFO ==> EMD Loss: 18.747122
2024-12-04 14:03:40,666 INFO ==> Height map loss:  10.524899
2024-12-04 14:03:40,666 INFO ==> Insertion loss: 0.000000
2024-12-04 14:03:41,339 DEBUG loaded <trimesh.Trimesh(vertices.shape=(916, 3), faces.shape=(856, 3))> using `load_obj` in 0.0030s
2024-12-04 14:03:41,495 DEBUG loaded <trimesh.Trimesh(vertices.shape=(48, 3), faces.shape=(28, 3))> using `load_obj` in 0.0008s
2024-12-04 14:03:49,245 INFO ==> EMD Loss: 18.951488
2024-12-04 14:03:49,245 INFO ==> Height map loss:  10.568964
2024-12-04 14:03:49,245 INFO ==> Insertion loss: 0.000000
2024-12-04 14:03:49,884 DEBUG loaded <trimesh.Trimesh(vertices.shape=(916, 3), faces.shape=(856, 3))> using `load_obj` in 0.0029s
2024-12-04 14:03:50,036 DEBUG loaded <trimesh.Trimesh(vertices.shape=(48, 3), faces.shape=(28, 3))> using `load_obj` in 0.0007s
2024-12-04 14:04:10,858 INFO =====> Skill params: [ 0.982818    0.3392468   0.7313554  -0.17800665 -0.18229364]
2024-12-04 14:04:10,858 INFO =====> Grad: [-1.5963853e+02 -4.1836789e+02 -3.8938633e-06  2.1344208e+02
 -3.8639382e-06]
2024-12-04 14:04:10,858 INFO =====> Num. aborted data so far: 0
2024-12-04 14:04:10,866 INFO ===========> Epoch: 16 optimisation losses
2024-12-04 14:04:10,866 INFO =====> EMD Loss: 18.887484
2024-12-04 14:04:10,866 INFO =====> Height map loss: 10.498907
2024-12-04 14:04:10,867 INFO =====> Insertion loss: 0.000000
2024-12-04 14:04:11,282 DEBUG loaded <trimesh.Trimesh(vertices.shape=(916, 3), faces.shape=(856, 3))> using `load_obj` in 0.0030s
2024-12-04 14:04:11,431 DEBUG loaded <trimesh.Trimesh(vertices.shape=(48, 3), faces.shape=(28, 3))> using `load_obj` in 0.0007s
2024-12-04 14:04:19,228 INFO ==> EMD Loss: 18.907146
2024-12-04 14:04:19,228 INFO ==> Height map loss:  10.502529
2024-12-04 14:04:19,228 INFO ==> Insertion loss: 0.000000
2024-12-04 14:04:19,619 DEBUG loaded <trimesh.Trimesh(vertices.shape=(916, 3), faces.shape=(856, 3))> using `load_obj` in 0.0030s
2024-12-04 14:04:19,776 DEBUG loaded <trimesh.Trimesh(vertices.shape=(48, 3), faces.shape=(28, 3))> using `load_obj` in 0.0007s
2024-12-04 14:04:27,088 INFO ==> EMD Loss: 18.766045
2024-12-04 14:04:27,088 INFO ==> Height map loss:  10.484303
2024-12-04 14:04:27,088 INFO ==> Insertion loss: 0.000000
2024-12-04 14:04:27,478 DEBUG loaded <trimesh.Trimesh(vertices.shape=(916, 3), faces.shape=(856, 3))> using `load_obj` in 0.0029s
2024-12-04 14:04:27,633 DEBUG loaded <trimesh.Trimesh(vertices.shape=(48, 3), faces.shape=(28, 3))> using `load_obj` in 0.0007s
2024-12-04 14:04:35,415 INFO ==> EMD Loss: 18.785559
2024-12-04 14:04:35,415 INFO ==> Height map loss:  10.484817
2024-12-04 14:04:35,415 INFO ==> Insertion loss: 0.000000
2024-12-04 14:04:36,059 DEBUG loaded <trimesh.Trimesh(vertices.shape=(916, 3), faces.shape=(856, 3))> using `load_obj` in 0.0030s
2024-12-04 14:04:36,211 DEBUG loaded <trimesh.Trimesh(vertices.shape=(48, 3), faces.shape=(28, 3))> using `load_obj` in 0.0007s
2024-12-04 14:04:43,977 INFO ==> EMD Loss: 18.953442
2024-12-04 14:04:43,977 INFO ==> Height map loss:  10.535366
2024-12-04 14:04:43,978 INFO ==> Insertion loss: 0.000000
2024-12-04 14:04:44,618 DEBUG loaded <trimesh.Trimesh(vertices.shape=(916, 3), faces.shape=(856, 3))> using `load_obj` in 0.0029s
2024-12-04 14:04:44,771 DEBUG loaded <trimesh.Trimesh(vertices.shape=(48, 3), faces.shape=(28, 3))> using `load_obj` in 0.0007s
2024-12-04 14:04:52,188 INFO ==> EMD Loss: 19.129358
2024-12-04 14:04:52,188 INFO ==> Height map loss:  10.724636
2024-12-04 14:04:52,188 INFO ==> Insertion loss: 0.000000
2024-12-04 14:04:52,851 DEBUG loaded <trimesh.Trimesh(vertices.shape=(916, 3), faces.shape=(856, 3))> using `load_obj` in 0.0030s
2024-12-04 14:04:53,003 DEBUG loaded <trimesh.Trimesh(vertices.shape=(48, 3), faces.shape=(28, 3))> using `load_obj` in 0.0007s
2024-12-04 14:05:13,886 INFO =====> Skill params: [ 0.9844123   0.34210405  0.73221236 -0.18123923 -0.18156359]
2024-12-04 14:05:13,886 INFO =====> Grad: [ 1.9100436e+03 -2.3203887e+03  1.3612868e-05  1.0661196e+03
 -4.1354335e-05]
2024-12-04 14:05:13,886 INFO =====> Num. aborted data so far: 0
2024-12-04 14:05:13,894 INFO ===========> Epoch: 17 optimisation losses
2024-12-04 14:05:13,894 INFO =====> EMD Loss: 18.766041
2024-12-04 14:05:13,894 INFO =====> Height map loss: 10.483400
2024-12-04 14:05:13,894 INFO =====> Insertion loss: 0.000000
2024-12-04 14:05:14,316 DEBUG loaded <trimesh.Trimesh(vertices.shape=(916, 3), faces.shape=(856, 3))> using `load_obj` in 0.0029s
2024-12-04 14:05:14,467 DEBUG loaded <trimesh.Trimesh(vertices.shape=(48, 3), faces.shape=(28, 3))> using `load_obj` in 0.0007s
2024-12-04 14:05:22,269 INFO ==> EMD Loss: 19.195663
2024-12-04 14:05:22,269 INFO ==> Height map loss:  10.630260
2024-12-04 14:05:22,270 INFO ==> Insertion loss: 0.000000
2024-12-04 14:05:22,676 DEBUG loaded <trimesh.Trimesh(vertices.shape=(916, 3), faces.shape=(856, 3))> using `load_obj` in 0.0029s
2024-12-04 14:05:22,834 DEBUG loaded <trimesh.Trimesh(vertices.shape=(48, 3), faces.shape=(28, 3))> using `load_obj` in 0.0007s
2024-12-04 14:05:30,582 INFO ==> EMD Loss: 19.121788
2024-12-04 14:05:30,582 INFO ==> Height map loss:  10.759951
2024-12-04 14:05:30,582 INFO ==> Insertion loss: 0.000000
2024-12-04 14:05:30,969 DEBUG loaded <trimesh.Trimesh(vertices.shape=(916, 3), faces.shape=(856, 3))> using `load_obj` in 0.0029s
2024-12-04 14:05:31,116 DEBUG loaded <trimesh.Trimesh(vertices.shape=(48, 3), faces.shape=(28, 3))> using `load_obj` in 0.0007s
2024-12-04 14:05:38,493 INFO ==> EMD Loss: 19.277122
2024-12-04 14:05:38,493 INFO ==> Height map loss:  10.820713
2024-12-04 14:05:38,493 INFO ==> Insertion loss: 0.000000
2024-12-04 14:05:39,156 DEBUG loaded <trimesh.Trimesh(vertices.shape=(916, 3), faces.shape=(856, 3))> using `load_obj` in 0.0030s
2024-12-04 14:05:39,309 DEBUG loaded <trimesh.Trimesh(vertices.shape=(48, 3), faces.shape=(28, 3))> using `load_obj` in 0.0007s
2024-12-04 14:05:47,058 INFO ==> EMD Loss: 19.455921
2024-12-04 14:05:47,058 INFO ==> Height map loss:  11.136078
2024-12-04 14:05:47,058 INFO ==> Insertion loss: 0.000000
2024-12-04 14:05:47,696 DEBUG loaded <trimesh.Trimesh(vertices.shape=(916, 3), faces.shape=(856, 3))> using `load_obj` in 0.0030s
2024-12-04 14:05:47,850 DEBUG loaded <trimesh.Trimesh(vertices.shape=(48, 3), faces.shape=(28, 3))> using `load_obj` in 0.0007s
2024-12-04 14:05:55,648 INFO ==> EMD Loss: 19.604734
2024-12-04 14:05:55,648 INFO ==> Height map loss:  11.253402
2024-12-04 14:05:55,648 INFO ==> Insertion loss: 0.000000
2024-12-04 14:05:56,288 DEBUG loaded <trimesh.Trimesh(vertices.shape=(916, 3), faces.shape=(856, 3))> using `load_obj` in 0.0031s
2024-12-04 14:05:56,443 DEBUG loaded <trimesh.Trimesh(vertices.shape=(48, 3), faces.shape=(28, 3))> using `load_obj` in 0.0007s
2024-12-04 14:06:17,246 INFO =====> Skill params: [ 0.9810187   0.34505808  0.73158395 -0.18423663 -0.17996955]
2024-12-04 14:06:17,246 INFO =====> Grad: [-1.4205291e+03  1.0828883e+03  1.4570705e-05 -1.4988373e+03
 -1.4661800e-04]
2024-12-04 14:06:17,246 INFO =====> Num. aborted data so far: 0
2024-12-04 14:06:17,254 INFO ===========> Epoch: 18 optimisation losses
2024-12-04 14:06:17,255 INFO =====> EMD Loss: 19.196178
2024-12-04 14:06:17,255 INFO =====> Height map loss: 10.623429
2024-12-04 14:06:17,255 INFO =====> Insertion loss: 0.000000
2024-12-04 14:06:17,671 DEBUG loaded <trimesh.Trimesh(vertices.shape=(916, 3), faces.shape=(856, 3))> using `load_obj` in 0.0030s
2024-12-04 14:06:17,822 DEBUG loaded <trimesh.Trimesh(vertices.shape=(48, 3), faces.shape=(28, 3))> using `load_obj` in 0.0007s
2024-12-04 14:06:25,615 INFO ==> EMD Loss: 19.078802
2024-12-04 14:06:25,615 INFO ==> Height map loss:  10.610797
2024-12-04 14:06:25,615 INFO ==> Insertion loss: 0.000000
2024-12-04 14:06:26,013 DEBUG loaded <trimesh.Trimesh(vertices.shape=(916, 3), faces.shape=(856, 3))> using `load_obj` in 0.0029s
2024-12-04 14:06:26,165 DEBUG loaded <trimesh.Trimesh(vertices.shape=(48, 3), faces.shape=(28, 3))> using `load_obj` in 0.0007s
2024-12-04 14:06:33,505 INFO ==> EMD Loss: 19.346958
2024-12-04 14:06:33,505 INFO ==> Height map loss:  10.721568
2024-12-04 14:06:33,505 INFO ==> Insertion loss: 0.000000
2024-12-04 14:06:33,899 DEBUG loaded <trimesh.Trimesh(vertices.shape=(916, 3), faces.shape=(856, 3))> using `load_obj` in 0.0029s
2024-12-04 14:06:34,054 DEBUG loaded <trimesh.Trimesh(vertices.shape=(48, 3), faces.shape=(28, 3))> using `load_obj` in 0.0007s
2024-12-04 14:06:41,877 INFO ==> EMD Loss: 19.331680
2024-12-04 14:06:41,877 INFO ==> Height map loss:  10.836045
2024-12-04 14:06:41,877 INFO ==> Insertion loss: 0.000000
2024-12-04 14:06:42,524 DEBUG loaded <trimesh.Trimesh(vertices.shape=(916, 3), faces.shape=(856, 3))> using `load_obj` in 0.0029s
2024-12-04 14:06:42,676 DEBUG loaded <trimesh.Trimesh(vertices.shape=(48, 3), faces.shape=(28, 3))> using `load_obj` in 0.0007s
2024-12-04 14:06:50,596 INFO ==> EMD Loss: 19.597057
2024-12-04 14:06:50,596 INFO ==> Height map loss:  10.804948
2024-12-04 14:06:50,596 INFO ==> Insertion loss: 0.000000
2024-12-04 14:06:51,241 DEBUG loaded <trimesh.Trimesh(vertices.shape=(916, 3), faces.shape=(856, 3))> using `load_obj` in 0.0029s
2024-12-04 14:06:51,392 DEBUG loaded <trimesh.Trimesh(vertices.shape=(48, 3), faces.shape=(28, 3))> using `load_obj` in 0.0007s
2024-12-04 14:06:58,822 INFO ==> EMD Loss: 19.912483
2024-12-04 14:06:58,822 INFO ==> Height map loss:  10.993237
2024-12-04 14:06:58,822 INFO ==> Insertion loss: 0.000000
2024-12-04 14:06:59,459 DEBUG loaded <trimesh.Trimesh(vertices.shape=(916, 3), faces.shape=(856, 3))> using `load_obj` in 0.0030s
2024-12-04 14:06:59,609 DEBUG loaded <trimesh.Trimesh(vertices.shape=(48, 3), faces.shape=(28, 3))> using `load_obj` in 0.0007s
2024-12-04 14:07:20,560 INFO =====> Skill params: [ 0.983471    0.34364182  0.73087937 -0.18060164 -0.17563331]
2024-12-04 14:07:20,560 INFO =====> Grad: [-1.9223037e+03  1.9048413e+03  8.3918994e-06 -2.6512796e+02
  7.7536119e-05]
2024-12-04 14:07:20,560 INFO =====> Num. aborted data so far: 0
2024-12-04 14:07:20,568 INFO ===========> Epoch: 19 optimisation losses
2024-12-04 14:07:20,568 INFO =====> EMD Loss: 19.085249
2024-12-04 14:07:20,568 INFO =====> Height map loss: 10.612785
2024-12-04 14:07:20,568 INFO =====> Insertion loss: 0.000000
2024-12-04 14:07:20,988 DEBUG loaded <trimesh.Trimesh(vertices.shape=(916, 3), faces.shape=(856, 3))> using `load_obj` in 0.0030s
2024-12-04 14:07:21,136 DEBUG loaded <trimesh.Trimesh(vertices.shape=(48, 3), faces.shape=(28, 3))> using `load_obj` in 0.0007s
2024-12-04 14:07:28,929 INFO ==> EMD Loss: 18.874069
2024-12-04 14:07:28,929 INFO ==> Height map loss:  10.613425
2024-12-04 14:07:28,929 INFO ==> Insertion loss: 0.000000
2024-12-04 14:07:29,318 DEBUG loaded <trimesh.Trimesh(vertices.shape=(916, 3), faces.shape=(856, 3))> using `load_obj` in 0.0030s
2024-12-04 14:07:29,473 DEBUG loaded <trimesh.Trimesh(vertices.shape=(48, 3), faces.shape=(28, 3))> using `load_obj` in 0.0008s
2024-12-04 14:07:37,287 INFO ==> EMD Loss: 18.548100
2024-12-04 14:07:37,287 INFO ==> Height map loss:  10.471225
2024-12-04 14:07:37,287 INFO ==> Insertion loss: 0.000000
2024-12-04 14:07:37,675 DEBUG loaded <trimesh.Trimesh(vertices.shape=(916, 3), faces.shape=(856, 3))> using `load_obj` in 0.0029s
2024-12-04 14:07:37,823 DEBUG loaded <trimesh.Trimesh(vertices.shape=(48, 3), faces.shape=(28, 3))> using `load_obj` in 0.0007s
2024-12-04 14:07:45,162 INFO ==> EMD Loss: 18.633728
2024-12-04 14:07:45,162 INFO ==> Height map loss:  10.457294
2024-12-04 14:07:45,162 INFO ==> Insertion loss: 0.000000
2024-12-04 14:07:45,547 DEBUG loaded <trimesh.Trimesh(vertices.shape=(916, 3), faces.shape=(856, 3))> using `load_obj` in 0.0030s
2024-12-04 14:07:45,699 DEBUG loaded <trimesh.Trimesh(vertices.shape=(48, 3), faces.shape=(28, 3))> using `load_obj` in 0.0007s
2024-12-04 14:07:53,495 INFO ==> EMD Loss: 18.645878
2024-12-04 14:07:53,495 INFO ==> Height map loss:  10.395750
2024-12-04 14:07:53,496 INFO ==> Insertion loss: 0.000000
2024-12-04 14:07:54,135 DEBUG loaded <trimesh.Trimesh(vertices.shape=(916, 3), faces.shape=(856, 3))> using `load_obj` in 0.0030s
2024-12-04 14:07:54,290 DEBUG loaded <trimesh.Trimesh(vertices.shape=(48, 3), faces.shape=(28, 3))> using `load_obj` in 0.0007s
2024-12-04 14:08:02,068 INFO ==> EMD Loss: 18.447222
2024-12-04 14:08:02,068 INFO ==> Height map loss:  10.429399
2024-12-04 14:08:02,068 INFO ==> Insertion loss: 0.000000
2024-12-04 14:08:02,716 DEBUG loaded <trimesh.Trimesh(vertices.shape=(916, 3), faces.shape=(856, 3))> using `load_obj` in 0.0029s
2024-12-04 14:08:02,867 DEBUG loaded <trimesh.Trimesh(vertices.shape=(48, 3), faces.shape=(28, 3))> using `load_obj` in 0.0007s
2024-12-04 14:08:10,165 INFO ===========> Finished training.
2024-12-04 14:08:10,165 INFO ====> Final EMD Loss: 18.649590
2024-12-04 14:08:10,165 INFO ====> Final Height map loss: 10.395793
2024-12-04 14:08:10,165 INFO ====> Final Insertion loss: 0.000000
2024-12-04 14:08:10,166 INFO ====> Final skill params: [ 1.          0.30726266  0.7244776  -0.17049296 -0.20950115]
