2025-05-28 22:47:42,817 DEBUG loaded <trimesh.Trimesh(vertices.shape=(48, 3), faces.shape=(28, 3))> using `load_obj` in 0.0009s
2025-05-28 22:47:42,931 DEBUG loaded <trimesh.Trimesh(vertices.shape=(916, 3), faces.shape=(856, 3))> using `load_obj` in 0.0025s
2025-05-28 22:47:55,565 INFO =====> Skill params: [ 0.9733078  0.2        0.8        0.        -0.5      ]
2025-05-28 22:47:55,566 INFO =====> Grad: [-6.0522246e+00 -6.1478169e+03  2.3107074e+02  2.9288187e+02
  7.1665875e+02]
2025-05-28 22:47:55,566 INFO =====> Num. aborted data so far: 0
2025-05-28 22:47:55,566 INFO ===========> Epoch: 0 optimisation losses
2025-05-28 22:47:55,567 INFO =====> EMD Loss: 18.170858
2025-05-28 22:47:55,567 INFO =====> Height map loss: 7.393265
2025-05-28 22:47:55,899 DEBUG loaded <trimesh.Trimesh(vertices.shape=(48, 3), faces.shape=(28, 3))> using `load_obj` in 0.0007s
2025-05-28 22:47:56,011 DEBUG loaded <trimesh.Trimesh(vertices.shape=(916, 3), faces.shape=(856, 3))> using `load_obj` in 0.0027s
2025-05-28 22:48:01,262 INFO ==> EMD Loss: 17.991182
2025-05-28 22:48:01,262 INFO ==> Height map loss:  7.333651
2025-05-28 22:48:01,534 DEBUG loaded <trimesh.Trimesh(vertices.shape=(48, 3), faces.shape=(28, 3))> using `load_obj` in 0.0007s
2025-05-28 22:48:01,650 DEBUG loaded <trimesh.Trimesh(vertices.shape=(916, 3), faces.shape=(856, 3))> using `load_obj` in 0.0026s
2025-05-28 22:48:06,955 INFO ==> EMD Loss: 17.539715
2025-05-28 22:48:06,955 INFO ==> Height map loss:  7.241408
2025-05-28 22:48:07,297 DEBUG loaded <trimesh.Trimesh(vertices.shape=(48, 3), faces.shape=(28, 3))> using `load_obj` in 0.0007s
2025-05-28 22:48:07,413 DEBUG loaded <trimesh.Trimesh(vertices.shape=(916, 3), faces.shape=(856, 3))> using `load_obj` in 0.0026s
2025-05-28 22:48:12,627 INFO ==> EMD Loss: 17.321642
2025-05-28 22:48:12,627 INFO ==> Height map loss:  7.208727
2025-05-28 22:48:12,904 DEBUG loaded <trimesh.Trimesh(vertices.shape=(48, 3), faces.shape=(28, 3))> using `load_obj` in 0.0007s
2025-05-28 22:48:13,024 DEBUG loaded <trimesh.Trimesh(vertices.shape=(916, 3), faces.shape=(856, 3))> using `load_obj` in 0.0029s
2025-05-28 22:48:18,383 INFO ==> EMD Loss: 17.556570
2025-05-28 22:48:18,383 INFO ==> Height map loss:  7.093047
2025-05-28 22:48:18,669 DEBUG loaded <trimesh.Trimesh(vertices.shape=(48, 3), faces.shape=(28, 3))> using `load_obj` in 0.0008s
2025-05-28 22:48:18,790 DEBUG loaded <trimesh.Trimesh(vertices.shape=(916, 3), faces.shape=(856, 3))> using `load_obj` in 0.0028s
2025-05-28 22:48:24,151 INFO ==> EMD Loss: 17.605352
2025-05-28 22:48:24,151 INFO ==> Height map loss:  7.103062
2025-05-28 22:48:24,431 DEBUG loaded <trimesh.Trimesh(vertices.shape=(48, 3), faces.shape=(28, 3))> using `load_obj` in 0.0007s
2025-05-28 22:48:24,544 DEBUG loaded <trimesh.Trimesh(vertices.shape=(916, 3), faces.shape=(856, 3))> using `load_obj` in 0.0027s
2025-05-28 22:48:36,803 INFO =====> Skill params: [ 1.         0.3423025  0.6576975 -0.1423025 -0.6423025]
2025-05-28 22:48:36,803 INFO =====> Grad: [ -105.48768  -1938.6666     194.40523     22.919542  -156.1013  ]
2025-05-28 22:48:36,804 INFO =====> Num. aborted data so far: 0
2025-05-28 22:48:36,804 INFO ===========> Epoch: 1 optimisation losses
2025-05-28 22:48:36,804 INFO =====> EMD Loss: 17.562246
2025-05-28 22:48:36,804 INFO =====> Height map loss: 7.093016
2025-05-28 22:48:37,117 DEBUG loaded <trimesh.Trimesh(vertices.shape=(48, 3), faces.shape=(28, 3))> using `load_obj` in 0.0007s
2025-05-28 22:48:37,233 DEBUG loaded <trimesh.Trimesh(vertices.shape=(916, 3), faces.shape=(856, 3))> using `load_obj` in 0.0027s
2025-05-28 22:48:42,555 INFO ==> EMD Loss: 17.672619
2025-05-28 22:48:42,556 INFO ==> Height map loss:  7.218809
2025-05-28 22:48:42,839 DEBUG loaded <trimesh.Trimesh(vertices.shape=(48, 3), faces.shape=(28, 3))> using `load_obj` in 0.0008s
2025-05-28 22:48:42,955 DEBUG loaded <trimesh.Trimesh(vertices.shape=(916, 3), faces.shape=(856, 3))> using `load_obj` in 0.0026s
2025-05-28 22:48:48,255 INFO ==> EMD Loss: 17.644079
2025-05-28 22:48:48,255 INFO ==> Height map loss:  7.370710
2025-05-28 22:48:48,543 DEBUG loaded <trimesh.Trimesh(vertices.shape=(48, 3), faces.shape=(28, 3))> using `load_obj` in 0.0007s
2025-05-28 22:48:48,657 DEBUG loaded <trimesh.Trimesh(vertices.shape=(916, 3), faces.shape=(856, 3))> using `load_obj` in 0.0027s
2025-05-28 22:48:53,856 INFO ==> EMD Loss: 18.004360
2025-05-28 22:48:53,856 INFO ==> Height map loss:  7.720817
2025-05-28 22:48:54,238 DEBUG loaded <trimesh.Trimesh(vertices.shape=(48, 3), faces.shape=(28, 3))> using `load_obj` in 0.0008s
2025-05-28 22:48:54,356 DEBUG loaded <trimesh.Trimesh(vertices.shape=(916, 3), faces.shape=(856, 3))> using `load_obj` in 0.0027s
2025-05-28 22:48:59,715 INFO ==> EMD Loss: 18.368904
2025-05-28 22:48:59,715 INFO ==> Height map loss:  7.981531
2025-05-28 22:49:00,090 DEBUG loaded <trimesh.Trimesh(vertices.shape=(48, 3), faces.shape=(28, 3))> using `load_obj` in 0.0008s
2025-05-28 22:49:00,209 DEBUG loaded <trimesh.Trimesh(vertices.shape=(916, 3), faces.shape=(856, 3))> using `load_obj` in 0.0027s
2025-05-28 22:49:05,462 INFO ==> EMD Loss: 18.501421
2025-05-28 22:49:05,462 INFO ==> Height map loss:  8.128503
2025-05-28 22:49:05,764 DEBUG loaded <trimesh.Trimesh(vertices.shape=(48, 3), faces.shape=(28, 3))> using `load_obj` in 0.0007s
2025-05-28 22:49:05,882 DEBUG loaded <trimesh.Trimesh(vertices.shape=(916, 3), faces.shape=(856, 3))> using `load_obj` in 0.0027s
2025-05-28 22:49:18,278 INFO =====> Skill params: [ 1.          0.34529495  0.65140295 -0.1430824  -0.6401796 ]
2025-05-28 22:49:18,279 INFO =====> Grad: [   13.300101 -5917.9883    -235.71176    773.9695     -17.897678]
2025-05-28 22:49:18,279 INFO =====> Num. aborted data so far: 0
2025-05-28 22:49:18,279 INFO ===========> Epoch: 2 optimisation losses
2025-05-28 22:49:18,279 INFO =====> EMD Loss: 17.672569
2025-05-28 22:49:18,279 INFO =====> Height map loss: 7.218716
2025-05-28 22:49:18,605 DEBUG loaded <trimesh.Trimesh(vertices.shape=(48, 3), faces.shape=(28, 3))> using `load_obj` in 0.0008s
2025-05-28 22:49:18,722 DEBUG loaded <trimesh.Trimesh(vertices.shape=(916, 3), faces.shape=(856, 3))> using `load_obj` in 0.0028s
2025-05-28 22:49:24,066 INFO ==> EMD Loss: 17.686056
2025-05-28 22:49:24,066 INFO ==> Height map loss:  7.234633
2025-05-28 22:49:24,366 DEBUG loaded <trimesh.Trimesh(vertices.shape=(48, 3), faces.shape=(28, 3))> using `load_obj` in 0.0008s
2025-05-28 22:49:24,483 DEBUG loaded <trimesh.Trimesh(vertices.shape=(916, 3), faces.shape=(856, 3))> using `load_obj` in 0.0027s
2025-05-28 22:49:29,731 INFO ==> EMD Loss: 17.965824
2025-05-28 22:49:29,731 INFO ==> Height map loss:  7.660367
2025-05-28 22:49:30,032 DEBUG loaded <trimesh.Trimesh(vertices.shape=(48, 3), faces.shape=(28, 3))> using `load_obj` in 0.0008s
2025-05-28 22:49:30,152 DEBUG loaded <trimesh.Trimesh(vertices.shape=(916, 3), faces.shape=(856, 3))> using `load_obj` in 0.0028s
2025-05-28 22:49:35,566 INFO ==> EMD Loss: 18.271223
2025-05-28 22:49:35,566 INFO ==> Height map loss:  7.856688
2025-05-28 22:49:35,863 DEBUG loaded <trimesh.Trimesh(vertices.shape=(48, 3), faces.shape=(28, 3))> using `load_obj` in 0.0007s
2025-05-28 22:49:35,982 DEBUG loaded <trimesh.Trimesh(vertices.shape=(916, 3), faces.shape=(856, 3))> using `load_obj` in 0.0028s
2025-05-28 22:49:41,335 INFO ==> EMD Loss: 18.425688
2025-05-28 22:49:41,335 INFO ==> Height map loss:  8.023941
2025-05-28 22:49:41,637 DEBUG loaded <trimesh.Trimesh(vertices.shape=(48, 3), faces.shape=(28, 3))> using `load_obj` in 0.0008s
2025-05-28 22:49:41,756 DEBUG loaded <trimesh.Trimesh(vertices.shape=(916, 3), faces.shape=(856, 3))> using `load_obj` in 0.0028s
2025-05-28 22:49:47,350 INFO ==> EMD Loss: 18.501839
2025-05-28 22:49:47,350 INFO ==> Height map loss:  8.391590
2025-05-28 22:49:47,659 DEBUG loaded <trimesh.Trimesh(vertices.shape=(48, 3), faces.shape=(28, 3))> using `load_obj` in 0.0007s
2025-05-28 22:49:47,778 DEBUG loaded <trimesh.Trimesh(vertices.shape=(916, 3), faces.shape=(856, 3))> using `load_obj` in 0.0028s
2025-05-28 22:50:00,189 INFO =====> Skill params: [ 0.998752    0.3520528   0.65753865 -0.15205953 -0.6399231 ]
2025-05-28 22:50:00,189 INFO =====> Grad: [ -17.468246 1649.5531     57.268223 -191.82149  -876.1281  ]
2025-05-28 22:50:00,189 INFO =====> Num. aborted data so far: 0
2025-05-28 22:50:00,190 INFO ===========> Epoch: 3 optimisation losses
2025-05-28 22:50:00,190 INFO =====> EMD Loss: 17.686083
2025-05-28 22:50:00,190 INFO =====> Height map loss: 7.234662
2025-05-28 22:50:00,527 DEBUG loaded <trimesh.Trimesh(vertices.shape=(48, 3), faces.shape=(28, 3))> using `load_obj` in 0.0008s
2025-05-28 22:50:00,647 DEBUG loaded <trimesh.Trimesh(vertices.shape=(916, 3), faces.shape=(856, 3))> using `load_obj` in 0.0028s
2025-05-28 22:50:05,884 INFO ==> EMD Loss: 17.664978
2025-05-28 22:50:05,884 INFO ==> Height map loss:  7.317144
2025-05-28 22:50:06,274 DEBUG loaded <trimesh.Trimesh(vertices.shape=(48, 3), faces.shape=(28, 3))> using `load_obj` in 0.0008s
2025-05-28 22:50:06,394 DEBUG loaded <trimesh.Trimesh(vertices.shape=(916, 3), faces.shape=(856, 3))> using `load_obj` in 0.0028s
2025-05-28 22:50:11,805 INFO ==> EMD Loss: 17.686562
2025-05-28 22:50:11,805 INFO ==> Height map loss:  7.466310
2025-05-28 22:50:12,124 DEBUG loaded <trimesh.Trimesh(vertices.shape=(48, 3), faces.shape=(28, 3))> using `load_obj` in 0.0008s
2025-05-28 22:50:12,245 DEBUG loaded <trimesh.Trimesh(vertices.shape=(916, 3), faces.shape=(856, 3))> using `load_obj` in 0.0027s
2025-05-28 22:50:17,662 INFO ==> EMD Loss: 17.960865
2025-05-28 22:50:17,663 INFO ==> Height map loss:  7.726065
2025-05-28 22:50:17,995 DEBUG loaded <trimesh.Trimesh(vertices.shape=(48, 3), faces.shape=(28, 3))> using `load_obj` in 0.0007s
2025-05-28 22:50:18,117 DEBUG loaded <trimesh.Trimesh(vertices.shape=(916, 3), faces.shape=(856, 3))> using `load_obj` in 0.0027s
2025-05-28 22:50:23,406 INFO ==> EMD Loss: 18.153030
2025-05-28 22:50:23,406 INFO ==> Height map loss:  8.073067
2025-05-28 22:50:23,713 DEBUG loaded <trimesh.Trimesh(vertices.shape=(48, 3), faces.shape=(28, 3))> using `load_obj` in 0.0008s
2025-05-28 22:50:23,834 DEBUG loaded <trimesh.Trimesh(vertices.shape=(916, 3), faces.shape=(856, 3))> using `load_obj` in 0.0028s
2025-05-28 22:50:29,253 INFO ==> EMD Loss: 18.344170
2025-05-28 22:50:29,253 INFO ==> Height map loss:  8.487200
2025-05-28 22:50:29,652 DEBUG loaded <trimesh.Trimesh(vertices.shape=(48, 3), faces.shape=(28, 3))> using `load_obj` in 0.0008s
2025-05-28 22:50:29,773 DEBUG loaded <trimesh.Trimesh(vertices.shape=(916, 3), faces.shape=(856, 3))> using `load_obj` in 0.0027s
2025-05-28 22:50:42,080 INFO =====> Skill params: [ 1.          0.35010937  0.6559884  -0.1497828  -0.6322127 ]
2025-05-28 22:50:42,080 INFO =====> Grad: [ -18.74258 1174.8064    92.18156 -480.15472  -55.45249]
2025-05-28 22:50:42,081 INFO =====> Num. aborted data so far: 0
2025-05-28 22:50:42,082 INFO ===========> Epoch: 4 optimisation losses
2025-05-28 22:50:42,083 INFO =====> EMD Loss: 17.664997
2025-05-28 22:50:42,083 INFO =====> Height map loss: 7.317186
2025-05-28 22:50:42,441 DEBUG loaded <trimesh.Trimesh(vertices.shape=(48, 3), faces.shape=(28, 3))> using `load_obj` in 0.0008s
2025-05-28 22:50:42,562 DEBUG loaded <trimesh.Trimesh(vertices.shape=(916, 3), faces.shape=(856, 3))> using `load_obj` in 0.0027s
2025-05-28 22:50:47,957 INFO ==> EMD Loss: 17.752272
2025-05-28 22:50:47,957 INFO ==> Height map loss:  7.319551
2025-05-28 22:50:48,304 DEBUG loaded <trimesh.Trimesh(vertices.shape=(48, 3), faces.shape=(28, 3))> using `load_obj` in 0.0008s
2025-05-28 22:50:48,425 DEBUG loaded <trimesh.Trimesh(vertices.shape=(916, 3), faces.shape=(856, 3))> using `load_obj` in 0.0028s
2025-05-28 22:50:53,700 INFO ==> EMD Loss: 17.657883
2025-05-28 22:50:53,700 INFO ==> Height map loss:  7.293417
2025-05-28 22:50:54,099 DEBUG loaded <trimesh.Trimesh(vertices.shape=(48, 3), faces.shape=(28, 3))> using `load_obj` in 0.0008s
2025-05-28 22:50:54,220 DEBUG loaded <trimesh.Trimesh(vertices.shape=(916, 3), faces.shape=(856, 3))> using `load_obj` in 0.0027s
2025-05-28 22:50:59,617 INFO ==> EMD Loss: 17.573997
2025-05-28 22:50:59,617 INFO ==> Height map loss:  7.214203
2025-05-28 22:50:59,936 DEBUG loaded <trimesh.Trimesh(vertices.shape=(48, 3), faces.shape=(28, 3))> using `load_obj` in 0.0008s
2025-05-28 22:51:00,059 DEBUG loaded <trimesh.Trimesh(vertices.shape=(916, 3), faces.shape=(856, 3))> using `load_obj` in 0.0027s
2025-05-28 22:51:05,443 INFO ==> EMD Loss: 17.658323
2025-05-28 22:51:05,443 INFO ==> Height map loss:  7.095816
2025-05-28 22:51:05,771 DEBUG loaded <trimesh.Trimesh(vertices.shape=(48, 3), faces.shape=(28, 3))> using `load_obj` in 0.0008s
2025-05-28 22:51:05,893 DEBUG loaded <trimesh.Trimesh(vertices.shape=(916, 3), faces.shape=(856, 3))> using `load_obj` in 0.0028s
2025-05-28 22:51:11,194 INFO ==> EMD Loss: 17.499996
2025-05-28 22:51:11,194 INFO ==> Height map loss:  7.118596
2025-05-28 22:51:11,509 DEBUG loaded <trimesh.Trimesh(vertices.shape=(48, 3), faces.shape=(28, 3))> using `load_obj` in 0.0008s
2025-05-28 22:51:11,632 DEBUG loaded <trimesh.Trimesh(vertices.shape=(916, 3), faces.shape=(856, 3))> using `load_obj` in 0.0029s
2025-05-28 22:51:24,030 INFO =====> Skill params: [ 1.          0.328479    0.6179679  -0.07365384 -0.62450784]
2025-05-28 22:51:24,030 INFO =====> Grad: [   80.71621 -3248.6006    195.44185   813.7953    925.5366 ]
2025-05-28 22:51:24,030 INFO =====> Num. aborted data so far: 0
2025-05-28 22:51:24,031 INFO ===========> Epoch: 5 optimisation losses
2025-05-28 22:51:24,031 INFO =====> EMD Loss: 17.646936
2025-05-28 22:51:24,031 INFO =====> Height map loss: 7.095688
2025-05-28 22:51:24,373 DEBUG loaded <trimesh.Trimesh(vertices.shape=(48, 3), faces.shape=(28, 3))> using `load_obj` in 0.0008s
2025-05-28 22:51:24,497 DEBUG loaded <trimesh.Trimesh(vertices.shape=(916, 3), faces.shape=(856, 3))> using `load_obj` in 0.0028s
2025-05-28 22:51:29,770 INFO ==> EMD Loss: 17.493061
2025-05-28 22:51:29,770 INFO ==> Height map loss:  7.070584
2025-05-28 22:51:30,093 DEBUG loaded <trimesh.Trimesh(vertices.shape=(48, 3), faces.shape=(28, 3))> using `load_obj` in 0.0007s
2025-05-28 22:51:30,215 DEBUG loaded <trimesh.Trimesh(vertices.shape=(916, 3), faces.shape=(856, 3))> using `load_obj` in 0.0029s
2025-05-28 22:51:35,559 INFO ==> EMD Loss: 17.559277
2025-05-28 22:51:35,559 INFO ==> Height map loss:  7.059376
2025-05-28 22:51:35,875 DEBUG loaded <trimesh.Trimesh(vertices.shape=(48, 3), faces.shape=(28, 3))> using `load_obj` in 0.0008s
2025-05-28 22:51:35,996 DEBUG loaded <trimesh.Trimesh(vertices.shape=(916, 3), faces.shape=(856, 3))> using `load_obj` in 0.0029s
2025-05-28 22:51:41,261 INFO ==> EMD Loss: 17.397947
2025-05-28 22:51:41,261 INFO ==> Height map loss:  7.017350
2025-05-28 22:51:41,576 DEBUG loaded <trimesh.Trimesh(vertices.shape=(48, 3), faces.shape=(28, 3))> using `load_obj` in 0.0008s
2025-05-28 22:51:41,695 DEBUG loaded <trimesh.Trimesh(vertices.shape=(916, 3), faces.shape=(856, 3))> using `load_obj` in 0.0027s
2025-05-28 22:51:46,880 INFO ==> EMD Loss: 17.660278
2025-05-28 22:51:46,880 INFO ==> Height map loss:  6.986723
2025-05-28 22:51:47,199 DEBUG loaded <trimesh.Trimesh(vertices.shape=(48, 3), faces.shape=(28, 3))> using `load_obj` in 0.0007s
2025-05-28 22:51:47,318 DEBUG loaded <trimesh.Trimesh(vertices.shape=(916, 3), faces.shape=(856, 3))> using `load_obj` in 0.0028s
2025-05-28 22:51:52,606 INFO ==> EMD Loss: 17.533764
2025-05-28 22:51:52,606 INFO ==> Height map loss:  7.178012
2025-05-28 22:51:52,932 DEBUG loaded <trimesh.Trimesh(vertices.shape=(48, 3), faces.shape=(28, 3))> using `load_obj` in 0.0007s
2025-05-28 22:51:53,053 DEBUG loaded <trimesh.Trimesh(vertices.shape=(916, 3), faces.shape=(856, 3))> using `load_obj` in 0.0029s
2025-05-28 22:52:04,998 INFO =====> Skill params: [ 0.90471107  0.38612285  0.54501325 -0.17197578 -0.72265846]
2025-05-28 22:52:04,998 INFO =====> Grad: [-622.2222   6062.4893   -157.78229  -523.23914  -112.779724]
2025-05-28 22:52:04,998 INFO =====> Num. aborted data so far: 0
2025-05-28 22:52:04,999 INFO ===========> Epoch: 6 optimisation losses
2025-05-28 22:52:04,999 INFO =====> EMD Loss: 17.660368
2025-05-28 22:52:04,999 INFO =====> Height map loss: 6.986776
2025-05-28 22:52:05,351 DEBUG loaded <trimesh.Trimesh(vertices.shape=(48, 3), faces.shape=(28, 3))> using `load_obj` in 0.0008s
2025-05-28 22:52:05,473 DEBUG loaded <trimesh.Trimesh(vertices.shape=(916, 3), faces.shape=(856, 3))> using `load_obj` in 0.0028s
2025-05-28 22:52:10,713 INFO ==> EMD Loss: 17.476711
2025-05-28 22:52:10,713 INFO ==> Height map loss:  6.842998
2025-05-28 22:52:11,094 DEBUG loaded <trimesh.Trimesh(vertices.shape=(48, 3), faces.shape=(28, 3))> using `load_obj` in 0.0008s
2025-05-28 22:52:11,216 DEBUG loaded <trimesh.Trimesh(vertices.shape=(916, 3), faces.shape=(856, 3))> using `load_obj` in 0.0028s
2025-05-28 22:52:16,359 INFO ==> EMD Loss: 17.149073
2025-05-28 22:52:16,359 INFO ==> Height map loss:  6.417511
2025-05-28 22:52:16,677 DEBUG loaded <trimesh.Trimesh(vertices.shape=(48, 3), faces.shape=(28, 3))> using `load_obj` in 0.0007s
2025-05-28 22:52:16,797 DEBUG loaded <trimesh.Trimesh(vertices.shape=(916, 3), faces.shape=(856, 3))> using `load_obj` in 0.0027s
2025-05-28 22:52:22,123 INFO ==> EMD Loss: 16.601637
2025-05-28 22:52:22,123 INFO ==> Height map loss:  5.804608
2025-05-28 22:52:22,446 DEBUG loaded <trimesh.Trimesh(vertices.shape=(48, 3), faces.shape=(28, 3))> using `load_obj` in 0.0008s
2025-05-28 22:52:22,568 DEBUG loaded <trimesh.Trimesh(vertices.shape=(916, 3), faces.shape=(856, 3))> using `load_obj` in 0.0029s
2025-05-28 22:52:27,911 INFO ==> EMD Loss: 16.516155
2025-05-28 22:52:27,911 INFO ==> Height map loss:  5.610205
2025-05-28 22:52:28,232 DEBUG loaded <trimesh.Trimesh(vertices.shape=(48, 3), faces.shape=(28, 3))> using `load_obj` in 0.0008s
2025-05-28 22:52:28,352 DEBUG loaded <trimesh.Trimesh(vertices.shape=(916, 3), faces.shape=(856, 3))> using `load_obj` in 0.0027s
2025-05-28 22:52:33,605 INFO ==> EMD Loss: 16.504793
2025-05-28 22:52:33,605 INFO ==> Height map loss:  5.251915
2025-05-28 22:52:33,929 DEBUG loaded <trimesh.Trimesh(vertices.shape=(48, 3), faces.shape=(28, 3))> using `load_obj` in 0.0008s
2025-05-28 22:52:34,050 DEBUG loaded <trimesh.Trimesh(vertices.shape=(916, 3), faces.shape=(856, 3))> using `load_obj` in 0.0028s
2025-05-28 22:52:46,364 INFO =====> Skill params: [ 1.          0.26788098  0.62088436 -0.09151193 -0.7059148 ]
2025-05-28 22:52:46,365 INFO =====> Grad: [  -4.1906304 3506.4573     308.58743   -328.49054    581.4089   ]
2025-05-28 22:52:46,365 INFO =====> Num. aborted data so far: 0
2025-05-28 22:52:46,365 INFO ===========> Epoch: 7 optimisation losses
2025-05-28 22:52:46,365 INFO =====> EMD Loss: 16.504789
2025-05-28 22:52:46,365 INFO =====> Height map loss: 5.251902
2025-05-28 22:52:46,720 DEBUG loaded <trimesh.Trimesh(vertices.shape=(48, 3), faces.shape=(28, 3))> using `load_obj` in 0.0008s
2025-05-28 22:52:46,840 DEBUG loaded <trimesh.Trimesh(vertices.shape=(916, 3), faces.shape=(856, 3))> using `load_obj` in 0.0028s
2025-05-28 22:52:52,088 INFO ==> EMD Loss: 16.536369
2025-05-28 22:52:52,088 INFO ==> Height map loss:  5.204851
2025-05-28 22:52:52,421 DEBUG loaded <trimesh.Trimesh(vertices.shape=(48, 3), faces.shape=(28, 3))> using `load_obj` in 0.0007s
2025-05-28 22:52:52,543 DEBUG loaded <trimesh.Trimesh(vertices.shape=(916, 3), faces.shape=(856, 3))> using `load_obj` in 0.0028s
2025-05-28 22:52:57,858 INFO ==> EMD Loss: 16.548861
2025-05-28 22:52:57,858 INFO ==> Height map loss:  4.894798
2025-05-28 22:52:58,185 DEBUG loaded <trimesh.Trimesh(vertices.shape=(48, 3), faces.shape=(28, 3))> using `load_obj` in 0.0007s
2025-05-28 22:52:58,306 DEBUG loaded <trimesh.Trimesh(vertices.shape=(916, 3), faces.shape=(856, 3))> using `load_obj` in 0.0027s
2025-05-28 22:53:03,536 INFO ==> EMD Loss: 16.194309
2025-05-28 22:53:03,536 INFO ==> Height map loss:  4.634653
2025-05-28 22:53:03,899 DEBUG loaded <trimesh.Trimesh(vertices.shape=(48, 3), faces.shape=(28, 3))> using `load_obj` in 0.0007s
2025-05-28 22:53:04,020 DEBUG loaded <trimesh.Trimesh(vertices.shape=(916, 3), faces.shape=(856, 3))> using `load_obj` in 0.0028s
2025-05-28 22:53:09,325 INFO ==> EMD Loss: 15.833505
2025-05-28 22:53:09,325 INFO ==> Height map loss:  4.434994
2025-05-28 22:53:09,698 DEBUG loaded <trimesh.Trimesh(vertices.shape=(48, 3), faces.shape=(28, 3))> using `load_obj` in 0.0008s
2025-05-28 22:53:09,816 DEBUG loaded <trimesh.Trimesh(vertices.shape=(916, 3), faces.shape=(856, 3))> using `load_obj` in 0.0027s
2025-05-28 22:53:14,978 INFO ==> EMD Loss: 15.749651
2025-05-28 22:53:14,978 INFO ==> Height map loss:  4.424753
2025-05-28 22:53:15,311 DEBUG loaded <trimesh.Trimesh(vertices.shape=(48, 3), faces.shape=(28, 3))> using `load_obj` in 0.0008s
2025-05-28 22:53:15,432 DEBUG loaded <trimesh.Trimesh(vertices.shape=(916, 3), faces.shape=(856, 3))> using `load_obj` in 0.0027s
2025-05-28 22:53:27,493 INFO =====> Skill params: [ 1.          0.20049226  0.5001938  -0.04024469 -0.7879563 ]
2025-05-28 22:53:27,493 INFO =====> Grad: [ -23.429327 2558.1272    302.5892    442.96317  -740.77997 ]
2025-05-28 22:53:27,493 INFO =====> Num. aborted data so far: 0
2025-05-28 22:53:27,493 INFO ===========> Epoch: 8 optimisation losses
2025-05-28 22:53:27,493 INFO =====> EMD Loss: 15.749753
2025-05-28 22:53:27,493 INFO =====> Height map loss: 4.424858
2025-05-28 22:53:27,847 DEBUG loaded <trimesh.Trimesh(vertices.shape=(48, 3), faces.shape=(28, 3))> using `load_obj` in 0.0008s
2025-05-28 22:53:27,970 DEBUG loaded <trimesh.Trimesh(vertices.shape=(916, 3), faces.shape=(856, 3))> using `load_obj` in 0.0028s
2025-05-28 22:53:33,274 INFO ==> EMD Loss: 15.691347
2025-05-28 22:53:33,274 INFO ==> Height map loss:  4.383727
2025-05-28 22:53:33,605 DEBUG loaded <trimesh.Trimesh(vertices.shape=(48, 3), faces.shape=(28, 3))> using `load_obj` in 0.0008s
2025-05-28 22:53:33,729 DEBUG loaded <trimesh.Trimesh(vertices.shape=(916, 3), faces.shape=(856, 3))> using `load_obj` in 0.0029s
2025-05-28 22:53:38,926 INFO ==> EMD Loss: 15.630480
2025-05-28 22:53:38,926 INFO ==> Height map loss:  4.377836
2025-05-28 22:53:39,255 DEBUG loaded <trimesh.Trimesh(vertices.shape=(48, 3), faces.shape=(28, 3))> using `load_obj` in 0.0007s
2025-05-28 22:53:39,376 DEBUG loaded <trimesh.Trimesh(vertices.shape=(916, 3), faces.shape=(856, 3))> using `load_obj` in 0.0028s
2025-05-28 22:53:44,663 INFO ==> EMD Loss: 15.743093
2025-05-28 22:53:44,663 INFO ==> Height map loss:  4.226527
2025-05-28 22:53:44,984 DEBUG loaded <trimesh.Trimesh(vertices.shape=(48, 3), faces.shape=(28, 3))> using `load_obj` in 0.0008s
2025-05-28 22:53:45,107 DEBUG loaded <trimesh.Trimesh(vertices.shape=(916, 3), faces.shape=(856, 3))> using `load_obj` in 0.0028s
2025-05-28 22:53:50,240 INFO ==> EMD Loss: 15.866792
2025-05-28 22:53:50,240 INFO ==> Height map loss:  4.228752
2025-05-28 22:53:50,563 DEBUG loaded <trimesh.Trimesh(vertices.shape=(48, 3), faces.shape=(28, 3))> using `load_obj` in 0.0007s
2025-05-28 22:53:50,683 DEBUG loaded <trimesh.Trimesh(vertices.shape=(916, 3), faces.shape=(856, 3))> using `load_obj` in 0.0027s
2025-05-28 22:53:56,011 INFO ==> EMD Loss: 15.898062
2025-05-28 22:53:56,012 INFO ==> Height map loss:  4.023215
2025-05-28 22:53:56,338 DEBUG loaded <trimesh.Trimesh(vertices.shape=(48, 3), faces.shape=(28, 3))> using `load_obj` in 0.0008s
2025-05-28 22:53:56,458 DEBUG loaded <trimesh.Trimesh(vertices.shape=(916, 3), faces.shape=(856, 3))> using `load_obj` in 0.0027s
2025-05-28 22:54:08,500 INFO =====> Skill params: [ 1.          0.15050076  0.39595836 -0.10827226 -0.69267327]
2025-05-28 22:54:08,500 INFO =====> Grad: [   16.530167 -2353.543     -220.6396     630.46326    823.3178  ]
2025-05-28 22:54:08,500 INFO =====> Num. aborted data so far: 0
2025-05-28 22:54:08,501 INFO ===========> Epoch: 9 optimisation losses
2025-05-28 22:54:08,501 INFO =====> EMD Loss: 15.904589
2025-05-28 22:54:08,501 INFO =====> Height map loss: 4.018234
2025-05-28 22:54:08,858 DEBUG loaded <trimesh.Trimesh(vertices.shape=(48, 3), faces.shape=(28, 3))> using `load_obj` in 0.0008s
2025-05-28 22:54:08,978 DEBUG loaded <trimesh.Trimesh(vertices.shape=(916, 3), faces.shape=(856, 3))> using `load_obj` in 0.0028s
2025-05-28 22:54:14,320 INFO ==> EMD Loss: 15.921406
2025-05-28 22:54:14,320 INFO ==> Height map loss:  4.013064
2025-05-28 22:54:14,654 DEBUG loaded <trimesh.Trimesh(vertices.shape=(48, 3), faces.shape=(28, 3))> using `load_obj` in 0.0008s
2025-05-28 22:54:14,775 DEBUG loaded <trimesh.Trimesh(vertices.shape=(916, 3), faces.shape=(856, 3))> using `load_obj` in 0.0028s
2025-05-28 22:54:20,010 INFO ==> EMD Loss: 15.704700
2025-05-28 22:54:20,010 INFO ==> Height map loss:  4.185945
2025-05-28 22:54:20,340 DEBUG loaded <trimesh.Trimesh(vertices.shape=(48, 3), faces.shape=(28, 3))> using `load_obj` in 0.0008s
2025-05-28 22:54:20,463 DEBUG loaded <trimesh.Trimesh(vertices.shape=(916, 3), faces.shape=(856, 3))> using `load_obj` in 0.0028s
2025-05-28 22:54:25,756 INFO ==> EMD Loss: 15.769573
2025-05-28 22:54:25,757 INFO ==> Height map loss:  4.227569
2025-05-28 22:54:26,089 DEBUG loaded <trimesh.Trimesh(vertices.shape=(48, 3), faces.shape=(28, 3))> using `load_obj` in 0.0008s
2025-05-28 22:54:26,212 DEBUG loaded <trimesh.Trimesh(vertices.shape=(916, 3), faces.shape=(856, 3))> using `load_obj` in 0.0028s
2025-05-28 22:54:31,505 INFO ==> EMD Loss: 15.935363
2025-05-28 22:54:31,505 INFO ==> Height map loss:  4.276698
2025-05-28 22:54:31,838 DEBUG loaded <trimesh.Trimesh(vertices.shape=(48, 3), faces.shape=(28, 3))> using `load_obj` in 0.0008s
2025-05-28 22:54:31,961 DEBUG loaded <trimesh.Trimesh(vertices.shape=(916, 3), faces.shape=(856, 3))> using `load_obj` in 0.0028s
2025-05-28 22:54:37,136 INFO ==> EMD Loss: 15.911109
2025-05-28 22:54:37,136 INFO ==> Height map loss:  4.274666
2025-05-28 22:54:37,466 DEBUG loaded <trimesh.Trimesh(vertices.shape=(48, 3), faces.shape=(28, 3))> using `load_obj` in 0.0007s
2025-05-28 22:54:37,585 DEBUG loaded <trimesh.Trimesh(vertices.shape=(916, 3), faces.shape=(856, 3))> using `load_obj` in 0.0028s
2025-05-28 22:54:49,818 INFO =====> Skill params: [ 0.9997101   0.15284938  0.3996487  -0.11276636 -0.69748384]
2025-05-28 22:54:49,819 INFO =====> Grad: [   16.657244 -1725.3436      68.400894   537.71387    911.5566  ]
2025-05-28 22:54:49,819 INFO =====> Num. aborted data so far: 0
2025-05-28 22:54:49,819 INFO ===========> Epoch: 10 optimisation losses
2025-05-28 22:54:49,819 INFO =====> EMD Loss: 15.920753
2025-05-28 22:54:49,819 INFO =====> Height map loss: 4.012700
2025-05-28 22:54:50,179 DEBUG loaded <trimesh.Trimesh(vertices.shape=(48, 3), faces.shape=(28, 3))> using `load_obj` in 0.0008s
2025-05-28 22:54:50,302 DEBUG loaded <trimesh.Trimesh(vertices.shape=(916, 3), faces.shape=(856, 3))> using `load_obj` in 0.0028s
2025-05-28 22:54:55,504 INFO ==> EMD Loss: 15.777272
2025-05-28 22:54:55,504 INFO ==> Height map loss:  4.090578
2025-05-28 22:54:55,837 DEBUG loaded <trimesh.Trimesh(vertices.shape=(48, 3), faces.shape=(28, 3))> using `load_obj` in 0.0008s
2025-05-28 22:54:55,957 DEBUG loaded <trimesh.Trimesh(vertices.shape=(916, 3), faces.shape=(856, 3))> using `load_obj` in 0.0027s
2025-05-28 22:55:01,309 INFO ==> EMD Loss: 15.730335
2025-05-28 22:55:01,309 INFO ==> Height map loss:  4.221203
2025-05-28 22:55:01,647 DEBUG loaded <trimesh.Trimesh(vertices.shape=(48, 3), faces.shape=(28, 3))> using `load_obj` in 0.0008s
2025-05-28 22:55:01,768 DEBUG loaded <trimesh.Trimesh(vertices.shape=(916, 3), faces.shape=(856, 3))> using `load_obj` in 0.0028s
2025-05-28 22:55:06,938 INFO ==> EMD Loss: 15.859236
2025-05-28 22:55:06,938 INFO ==> Height map loss:  4.284651
2025-05-28 22:55:07,337 DEBUG loaded <trimesh.Trimesh(vertices.shape=(48, 3), faces.shape=(28, 3))> using `load_obj` in 0.0007s
2025-05-28 22:55:07,455 DEBUG loaded <trimesh.Trimesh(vertices.shape=(916, 3), faces.shape=(856, 3))> using `load_obj` in 0.0027s
2025-05-28 22:55:12,759 INFO ==> EMD Loss: 15.912359
2025-05-28 22:55:12,759 INFO ==> Height map loss:  4.357311
2025-05-28 22:55:13,178 DEBUG loaded <trimesh.Trimesh(vertices.shape=(48, 3), faces.shape=(28, 3))> using `load_obj` in 0.0008s
2025-05-28 22:55:13,301 DEBUG loaded <trimesh.Trimesh(vertices.shape=(916, 3), faces.shape=(856, 3))> using `load_obj` in 0.0028s
2025-05-28 22:55:18,475 INFO ==> EMD Loss: 16.027248
2025-05-28 22:55:18,475 INFO ==> Height map loss:  4.568674
2025-05-28 22:55:18,818 DEBUG loaded <trimesh.Trimesh(vertices.shape=(48, 3), faces.shape=(28, 3))> using `load_obj` in 0.0008s
2025-05-28 22:55:18,940 DEBUG loaded <trimesh.Trimesh(vertices.shape=(916, 3), faces.shape=(856, 3))> using `load_obj` in 0.0028s
2025-05-28 22:55:31,139 INFO =====> Skill params: [ 0.9994023   0.15463191  0.3984524  -0.11648358 -0.70231545]
2025-05-28 22:55:31,139 INFO =====> Grad: [   12.349055 -4164.736     -246.0594     129.57295   -856.33417 ]
2025-05-28 22:55:31,139 INFO =====> Num. aborted data so far: 0
2025-05-28 22:55:31,140 INFO ===========> Epoch: 11 optimisation losses
2025-05-28 22:55:31,140 INFO =====> EMD Loss: 15.777320
2025-05-28 22:55:31,140 INFO =====> Height map loss: 4.090587
2025-05-28 22:55:31,555 DEBUG loaded <trimesh.Trimesh(vertices.shape=(48, 3), faces.shape=(28, 3))> using `load_obj` in 0.0008s
2025-05-28 22:55:31,679 DEBUG loaded <trimesh.Trimesh(vertices.shape=(916, 3), faces.shape=(856, 3))> using `load_obj` in 0.0028s
2025-05-28 22:55:37,068 INFO ==> EMD Loss: 15.799397
2025-05-28 22:55:37,068 INFO ==> Height map loss:  4.060948
2025-05-28 22:55:37,413 DEBUG loaded <trimesh.Trimesh(vertices.shape=(48, 3), faces.shape=(28, 3))> using `load_obj` in 0.0008s
2025-05-28 22:55:37,535 DEBUG loaded <trimesh.Trimesh(vertices.shape=(916, 3), faces.shape=(856, 3))> using `load_obj` in 0.0027s
2025-05-28 22:55:42,804 INFO ==> EMD Loss: 15.776070
2025-05-28 22:55:42,804 INFO ==> Height map loss:  4.185600
2025-05-28 22:55:43,169 DEBUG loaded <trimesh.Trimesh(vertices.shape=(48, 3), faces.shape=(28, 3))> using `load_obj` in 0.0008s
2025-05-28 22:55:43,291 DEBUG loaded <trimesh.Trimesh(vertices.shape=(916, 3), faces.shape=(856, 3))> using `load_obj` in 0.0028s
2025-05-28 22:55:48,615 INFO ==> EMD Loss: 16.007473
2025-05-28 22:55:48,615 INFO ==> Height map loss:  4.326723
2025-05-28 22:55:49,012 DEBUG loaded <trimesh.Trimesh(vertices.shape=(48, 3), faces.shape=(28, 3))> using `load_obj` in 0.0008s
2025-05-28 22:55:49,135 DEBUG loaded <trimesh.Trimesh(vertices.shape=(916, 3), faces.shape=(856, 3))> using `load_obj` in 0.0028s
2025-05-28 22:55:54,366 INFO ==> EMD Loss: 16.240879
2025-05-28 22:55:54,366 INFO ==> Height map loss:  4.792074
2025-05-28 22:55:54,705 DEBUG loaded <trimesh.Trimesh(vertices.shape=(48, 3), faces.shape=(28, 3))> using `load_obj` in 0.0008s
2025-05-28 22:55:54,828 DEBUG loaded <trimesh.Trimesh(vertices.shape=(916, 3), faces.shape=(856, 3))> using `load_obj` in 0.0028s
2025-05-28 22:56:00,192 INFO ==> EMD Loss: 16.354979
2025-05-28 22:56:00,192 INFO ==> Height map loss:  5.329163
2025-05-28 22:56:00,529 DEBUG loaded <trimesh.Trimesh(vertices.shape=(48, 3), faces.shape=(28, 3))> using `load_obj` in 0.0008s
2025-05-28 22:56:00,652 DEBUG loaded <trimesh.Trimesh(vertices.shape=(916, 3), faces.shape=(856, 3))> using `load_obj` in 0.0028s
2025-05-28 22:56:13,104 INFO =====> Skill params: [ 0.99916184  0.15872385  0.4025449  -0.11742312 -0.6980435 ]
2025-05-28 22:56:13,104 INFO =====> Grad: [  -7.3132763 -485.22223    229.25743    817.00385    870.2472   ]
2025-05-28 22:56:13,105 INFO =====> Num. aborted data so far: 0
2025-05-28 22:56:13,105 INFO ===========> Epoch: 12 optimisation losses
2025-05-28 22:56:13,105 INFO =====> EMD Loss: 15.799501
2025-05-28 22:56:13,105 INFO =====> Height map loss: 4.061092
2025-05-28 22:56:13,564 DEBUG loaded <trimesh.Trimesh(vertices.shape=(48, 3), faces.shape=(28, 3))> using `load_obj` in 0.0008s
2025-05-28 22:56:13,687 DEBUG loaded <trimesh.Trimesh(vertices.shape=(916, 3), faces.shape=(856, 3))> using `load_obj` in 0.0028s
2025-05-28 22:56:19,028 INFO ==> EMD Loss: 15.802220
2025-05-28 22:56:19,028 INFO ==> Height map loss:  4.074802
2025-05-28 22:56:19,402 DEBUG loaded <trimesh.Trimesh(vertices.shape=(48, 3), faces.shape=(28, 3))> using `load_obj` in 0.0008s
2025-05-28 22:56:19,524 DEBUG loaded <trimesh.Trimesh(vertices.shape=(916, 3), faces.shape=(856, 3))> using `load_obj` in 0.0027s
2025-05-28 22:56:24,715 INFO ==> EMD Loss: 15.804820
2025-05-28 22:56:24,716 INFO ==> Height map loss:  4.280447
2025-05-28 22:56:25,057 DEBUG loaded <trimesh.Trimesh(vertices.shape=(48, 3), faces.shape=(28, 3))> using `load_obj` in 0.0008s
2025-05-28 22:56:25,181 DEBUG loaded <trimesh.Trimesh(vertices.shape=(916, 3), faces.shape=(856, 3))> using `load_obj` in 0.0028s
2025-05-28 22:56:30,510 INFO ==> EMD Loss: 15.891246
2025-05-28 22:56:30,510 INFO ==> Height map loss:  4.262652
2025-05-28 22:56:30,850 DEBUG loaded <trimesh.Trimesh(vertices.shape=(48, 3), faces.shape=(28, 3))> using `load_obj` in 0.0008s
2025-05-28 22:56:30,974 DEBUG loaded <trimesh.Trimesh(vertices.shape=(916, 3), faces.shape=(856, 3))> using `load_obj` in 0.0028s
2025-05-28 22:56:36,144 INFO ==> EMD Loss: 16.092960
2025-05-28 22:56:36,144 INFO ==> Height map loss:  4.499921
2025-05-28 22:56:36,482 DEBUG loaded <trimesh.Trimesh(vertices.shape=(48, 3), faces.shape=(28, 3))> using `load_obj` in 0.0008s
2025-05-28 22:56:36,602 DEBUG loaded <trimesh.Trimesh(vertices.shape=(916, 3), faces.shape=(856, 3))> using `load_obj` in 0.0028s
2025-05-28 22:56:41,862 INFO ==> EMD Loss: 15.825220
2025-05-28 22:56:41,862 INFO ==> Height map loss:  4.769006
2025-05-28 22:56:42,205 DEBUG loaded <trimesh.Trimesh(vertices.shape=(48, 3), faces.shape=(28, 3))> using `load_obj` in 0.0007s
2025-05-28 22:56:42,326 DEBUG loaded <trimesh.Trimesh(vertices.shape=(916, 3), faces.shape=(856, 3))> using `load_obj` in 0.0028s
2025-05-28 22:56:54,387 INFO =====> Skill params: [ 0.9993119   0.15922567  0.39884403 -0.12263917 -0.7021652 ]
2025-05-28 22:56:54,387 INFO =====> Grad: [   32.529938 -1457.9442      49.033775  -116.95521    748.5619  ]
2025-05-28 22:56:54,387 INFO =====> Num. aborted data so far: 0
2025-05-28 22:56:54,388 INFO ===========> Epoch: 13 optimisation losses
2025-05-28 22:56:54,388 INFO =====> EMD Loss: 15.802226
2025-05-28 22:56:54,388 INFO =====> Height map loss: 4.074738
2025-05-28 22:56:54,754 DEBUG loaded <trimesh.Trimesh(vertices.shape=(48, 3), faces.shape=(28, 3))> using `load_obj` in 0.0007s
2025-05-28 22:56:54,872 DEBUG loaded <trimesh.Trimesh(vertices.shape=(916, 3), faces.shape=(856, 3))> using `load_obj` in 0.0026s
2025-05-28 22:57:00,221 INFO ==> EMD Loss: 15.817572
2025-05-28 22:57:00,221 INFO ==> Height map loss:  4.072052
2025-05-28 22:57:00,562 DEBUG loaded <trimesh.Trimesh(vertices.shape=(48, 3), faces.shape=(28, 3))> using `load_obj` in 0.0007s
2025-05-28 22:57:00,685 DEBUG loaded <trimesh.Trimesh(vertices.shape=(916, 3), faces.shape=(856, 3))> using `load_obj` in 0.0028s
2025-05-28 22:57:05,881 INFO ==> EMD Loss: 15.861110
2025-05-28 22:57:05,881 INFO ==> Height map loss:  4.188432
2025-05-28 22:57:06,229 DEBUG loaded <trimesh.Trimesh(vertices.shape=(48, 3), faces.shape=(28, 3))> using `load_obj` in 0.0007s
2025-05-28 22:57:06,352 DEBUG loaded <trimesh.Trimesh(vertices.shape=(916, 3), faces.shape=(856, 3))> using `load_obj` in 0.0028s
2025-05-28 22:57:11,691 INFO ==> EMD Loss: 15.813725
2025-05-28 22:57:11,691 INFO ==> Height map loss:  4.283370
2025-05-28 22:57:12,036 DEBUG loaded <trimesh.Trimesh(vertices.shape=(48, 3), faces.shape=(28, 3))> using `load_obj` in 0.0008s
2025-05-28 22:57:12,158 DEBUG loaded <trimesh.Trimesh(vertices.shape=(916, 3), faces.shape=(856, 3))> using `load_obj` in 0.0028s
2025-05-28 22:57:17,374 INFO ==> EMD Loss: 15.813983
2025-05-28 22:57:17,374 INFO ==> Height map loss:  4.339810
2025-05-28 22:57:17,719 DEBUG loaded <trimesh.Trimesh(vertices.shape=(48, 3), faces.shape=(28, 3))> using `load_obj` in 0.0008s
2025-05-28 22:57:17,842 DEBUG loaded <trimesh.Trimesh(vertices.shape=(916, 3), faces.shape=(856, 3))> using `load_obj` in 0.0028s
2025-05-28 22:57:23,185 INFO ==> EMD Loss: 15.957980
2025-05-28 22:57:23,185 INFO ==> Height map loss:  4.444173
2025-05-28 22:57:23,534 DEBUG loaded <trimesh.Trimesh(vertices.shape=(48, 3), faces.shape=(28, 3))> using `load_obj` in 0.0008s
2025-05-28 22:57:23,656 DEBUG loaded <trimesh.Trimesh(vertices.shape=(916, 3), faces.shape=(856, 3))> using `load_obj` in 0.0028s
2025-05-28 22:57:35,893 INFO =====> Skill params: [ 0.99861014  0.16079322  0.39801288 -0.12185479 -0.7056423 ]
2025-05-28 22:57:35,894 INFO =====> Grad: [ -17.14979 1447.6987  -226.57057 -414.87988 -268.32983]
2025-05-28 22:57:35,895 INFO =====> Num. aborted data so far: 0
2025-05-28 22:57:35,896 INFO ===========> Epoch: 14 optimisation losses
2025-05-28 22:57:35,896 INFO =====> EMD Loss: 15.797946
2025-05-28 22:57:35,896 INFO =====> Height map loss: 4.088048
2025-05-28 22:57:36,337 DEBUG loaded <trimesh.Trimesh(vertices.shape=(48, 3), faces.shape=(28, 3))> using `load_obj` in 0.0008s
2025-05-28 22:57:36,460 DEBUG loaded <trimesh.Trimesh(vertices.shape=(916, 3), faces.shape=(856, 3))> using `load_obj` in 0.0028s
2025-05-28 22:57:41,676 INFO ==> EMD Loss: 15.766930
2025-05-28 22:57:41,676 INFO ==> Height map loss:  4.117872
2025-05-28 22:57:42,021 DEBUG loaded <trimesh.Trimesh(vertices.shape=(48, 3), faces.shape=(28, 3))> using `load_obj` in 0.0008s
2025-05-28 22:57:42,146 DEBUG loaded <trimesh.Trimesh(vertices.shape=(916, 3), faces.shape=(856, 3))> using `load_obj` in 0.0030s
2025-05-28 22:57:47,480 INFO ==> EMD Loss: 15.898102
2025-05-28 22:57:47,481 INFO ==> Height map loss:  4.087643
2025-05-28 22:57:47,824 DEBUG loaded <trimesh.Trimesh(vertices.shape=(48, 3), faces.shape=(28, 3))> using `load_obj` in 0.0008s
2025-05-28 22:57:47,947 DEBUG loaded <trimesh.Trimesh(vertices.shape=(916, 3), faces.shape=(856, 3))> using `load_obj` in 0.0029s
2025-05-28 22:57:53,147 INFO ==> EMD Loss: 15.756649
2025-05-28 22:57:53,147 INFO ==> Height map loss:  4.112772
2025-05-28 22:57:53,495 DEBUG loaded <trimesh.Trimesh(vertices.shape=(48, 3), faces.shape=(28, 3))> using `load_obj` in 0.0007s
2025-05-28 22:57:53,618 DEBUG loaded <trimesh.Trimesh(vertices.shape=(916, 3), faces.shape=(856, 3))> using `load_obj` in 0.0028s
2025-05-28 22:57:58,948 INFO ==> EMD Loss: 15.807231
2025-05-28 22:57:58,948 INFO ==> Height map loss:  4.013148
2025-05-28 22:57:59,300 DEBUG loaded <trimesh.Trimesh(vertices.shape=(48, 3), faces.shape=(28, 3))> using `load_obj` in 0.0007s
2025-05-28 22:57:59,423 DEBUG loaded <trimesh.Trimesh(vertices.shape=(916, 3), faces.shape=(856, 3))> using `load_obj` in 0.0027s
2025-05-28 22:58:04,658 INFO ==> EMD Loss: 15.772624
2025-05-28 22:58:04,658 INFO ==> Height map loss:  4.035724
2025-05-28 22:58:05,001 DEBUG loaded <trimesh.Trimesh(vertices.shape=(48, 3), faces.shape=(28, 3))> using `load_obj` in 0.0008s
2025-05-28 22:58:05,127 DEBUG loaded <trimesh.Trimesh(vertices.shape=(916, 3), faces.shape=(856, 3))> using `load_obj` in 0.0028s
2025-05-28 22:58:17,378 INFO =====> Skill params: [ 1.          0.13654229  0.45386392 -0.07982309 -0.6861214 ]
2025-05-28 22:58:17,378 INFO =====> Grad: [ -15.714897 1643.7869   -245.42625    16.725975  121.10923 ]
2025-05-28 22:58:17,378 INFO =====> Num. aborted data so far: 0
2025-05-28 22:58:17,379 INFO ===========> Epoch: 15 optimisation losses
2025-05-28 22:58:17,379 INFO =====> EMD Loss: 15.795881
2025-05-28 22:58:17,379 INFO =====> Height map loss: 4.013788
2025-05-28 22:58:17,754 DEBUG loaded <trimesh.Trimesh(vertices.shape=(48, 3), faces.shape=(28, 3))> using `load_obj` in 0.0008s
2025-05-28 22:58:17,879 DEBUG loaded <trimesh.Trimesh(vertices.shape=(916, 3), faces.shape=(856, 3))> using `load_obj` in 0.0028s
2025-05-28 22:58:23,067 INFO ==> EMD Loss: 15.629680
2025-05-28 22:58:23,068 INFO ==> Height map loss:  4.036883
2025-05-28 22:58:23,413 DEBUG loaded <trimesh.Trimesh(vertices.shape=(48, 3), faces.shape=(28, 3))> using `load_obj` in 0.0007s
2025-05-28 22:58:23,535 DEBUG loaded <trimesh.Trimesh(vertices.shape=(916, 3), faces.shape=(856, 3))> using `load_obj` in 0.0027s
2025-05-28 22:58:28,913 INFO ==> EMD Loss: 15.755514
2025-05-28 22:58:28,913 INFO ==> Height map loss:  4.094327
2025-05-28 22:58:29,261 DEBUG loaded <trimesh.Trimesh(vertices.shape=(48, 3), faces.shape=(28, 3))> using `load_obj` in 0.0008s
2025-05-28 22:58:29,386 DEBUG loaded <trimesh.Trimesh(vertices.shape=(916, 3), faces.shape=(856, 3))> using `load_obj` in 0.0028s
2025-05-28 22:58:34,594 INFO ==> EMD Loss: 15.665855
2025-05-28 22:58:34,594 INFO ==> Height map loss:  3.945226
2025-05-28 22:58:34,983 DEBUG loaded <trimesh.Trimesh(vertices.shape=(48, 3), faces.shape=(28, 3))> using `load_obj` in 0.0007s
2025-05-28 22:58:35,110 DEBUG loaded <trimesh.Trimesh(vertices.shape=(916, 3), faces.shape=(856, 3))> using `load_obj` in 0.0028s
2025-05-28 22:58:40,451 INFO ==> EMD Loss: 15.579000
2025-05-28 22:58:40,451 INFO ==> Height map loss:  3.961479
2025-05-28 22:58:40,800 DEBUG loaded <trimesh.Trimesh(vertices.shape=(48, 3), faces.shape=(28, 3))> using `load_obj` in 0.0008s
2025-05-28 22:58:40,926 DEBUG loaded <trimesh.Trimesh(vertices.shape=(916, 3), faces.shape=(856, 3))> using `load_obj` in 0.0028s
2025-05-28 22:58:46,169 INFO ==> EMD Loss: 15.705437
2025-05-28 22:58:46,169 INFO ==> Height map loss:  4.101810
2025-05-28 22:58:46,520 DEBUG loaded <trimesh.Trimesh(vertices.shape=(48, 3), faces.shape=(28, 3))> using `load_obj` in 0.0007s
2025-05-28 22:58:46,644 DEBUG loaded <trimesh.Trimesh(vertices.shape=(916, 3), faces.shape=(856, 3))> using `load_obj` in 0.0028s
2025-05-28 22:58:58,944 INFO =====> Skill params: [ 1.          0.11758257  0.49266067 -0.08101378 -0.6922998 ]
2025-05-28 22:58:58,944 INFO =====> Grad: [ -17.483547 1602.0132    334.57504   -92.96974    64.13958 ]
2025-05-28 22:58:58,944 INFO =====> Num. aborted data so far: 0
2025-05-28 22:58:58,945 INFO ===========> Epoch: 16 optimisation losses
2025-05-28 22:58:58,945 INFO =====> EMD Loss: 15.668262
2025-05-28 22:58:58,945 INFO =====> Height map loss: 3.945219
2025-05-28 22:58:59,321 DEBUG loaded <trimesh.Trimesh(vertices.shape=(48, 3), faces.shape=(28, 3))> using `load_obj` in 0.0008s
2025-05-28 22:58:59,448 DEBUG loaded <trimesh.Trimesh(vertices.shape=(916, 3), faces.shape=(856, 3))> using `load_obj` in 0.0028s
2025-05-28 22:59:04,691 INFO ==> EMD Loss: 15.656487
2025-05-28 22:59:04,691 INFO ==> Height map loss:  3.949971
2025-05-28 22:59:05,042 DEBUG loaded <trimesh.Trimesh(vertices.shape=(48, 3), faces.shape=(28, 3))> using `load_obj` in 0.0008s
2025-05-28 22:59:05,167 DEBUG loaded <trimesh.Trimesh(vertices.shape=(916, 3), faces.shape=(856, 3))> using `load_obj` in 0.0028s
2025-05-28 22:59:10,533 INFO ==> EMD Loss: 15.646536
2025-05-28 22:59:10,533 INFO ==> Height map loss:  4.000748
2025-05-28 22:59:10,891 DEBUG loaded <trimesh.Trimesh(vertices.shape=(48, 3), faces.shape=(28, 3))> using `load_obj` in 0.0008s
2025-05-28 22:59:11,016 DEBUG loaded <trimesh.Trimesh(vertices.shape=(916, 3), faces.shape=(856, 3))> using `load_obj` in 0.0028s
2025-05-28 22:59:16,223 INFO ==> EMD Loss: 15.464292
2025-05-28 22:59:16,223 INFO ==> Height map loss:  4.160184
2025-05-28 22:59:16,581 DEBUG loaded <trimesh.Trimesh(vertices.shape=(48, 3), faces.shape=(28, 3))> using `load_obj` in 0.0008s
2025-05-28 22:59:16,709 DEBUG loaded <trimesh.Trimesh(vertices.shape=(916, 3), faces.shape=(856, 3))> using `load_obj` in 0.0028s
2025-05-28 22:59:22,029 INFO ==> EMD Loss: 15.514206
2025-05-28 22:59:22,029 INFO ==> Height map loss:  4.256224
2025-05-28 22:59:22,408 DEBUG loaded <trimesh.Trimesh(vertices.shape=(48, 3), faces.shape=(28, 3))> using `load_obj` in 0.0008s
2025-05-28 22:59:22,534 DEBUG loaded <trimesh.Trimesh(vertices.shape=(916, 3), faces.shape=(856, 3))> using `load_obj` in 0.0028s
2025-05-28 22:59:27,738 INFO ==> EMD Loss: 15.625268
2025-05-28 22:59:27,738 INFO ==> Height map loss:  4.418781
2025-05-28 22:59:28,084 DEBUG loaded <trimesh.Trimesh(vertices.shape=(48, 3), faces.shape=(28, 3))> using `load_obj` in 0.0008s
2025-05-28 22:59:28,212 DEBUG loaded <trimesh.Trimesh(vertices.shape=(916, 3), faces.shape=(856, 3))> using `load_obj` in 0.0028s
2025-05-28 22:59:40,589 INFO =====> Skill params: [ 1.          0.11567463  0.48785415 -0.08031803 -0.6926445 ]
2025-05-28 22:59:40,589 INFO =====> Grad: [ -13.413557 1946.4484    334.0531   -113.64339    22.652906]
2025-05-28 22:59:40,589 INFO =====> Num. aborted data so far: 0
2025-05-28 22:59:40,591 INFO ===========> Epoch: 17 optimisation losses
2025-05-28 22:59:40,591 INFO =====> EMD Loss: 15.656661
2025-05-28 22:59:40,591 INFO =====> Height map loss: 3.949950
2025-05-28 22:59:40,963 DEBUG loaded <trimesh.Trimesh(vertices.shape=(48, 3), faces.shape=(28, 3))> using `load_obj` in 0.0008s
2025-05-28 22:59:41,092 DEBUG loaded <trimesh.Trimesh(vertices.shape=(916, 3), faces.shape=(856, 3))> using `load_obj` in 0.0029s
2025-05-28 22:59:46,344 INFO ==> EMD Loss: 15.608470
2025-05-28 22:59:46,344 INFO ==> Height map loss:  3.973226
2025-05-28 22:59:46,693 DEBUG loaded <trimesh.Trimesh(vertices.shape=(48, 3), faces.shape=(28, 3))> using `load_obj` in 0.0008s
2025-05-28 22:59:46,825 DEBUG loaded <trimesh.Trimesh(vertices.shape=(916, 3), faces.shape=(856, 3))> using `load_obj` in 0.0028s
2025-05-28 22:59:52,185 INFO ==> EMD Loss: 15.769700
2025-05-28 22:59:52,185 INFO ==> Height map loss:  4.078423
2025-05-28 22:59:52,534 DEBUG loaded <trimesh.Trimesh(vertices.shape=(48, 3), faces.shape=(28, 3))> using `load_obj` in 0.0008s
2025-05-28 22:59:52,662 DEBUG loaded <trimesh.Trimesh(vertices.shape=(916, 3), faces.shape=(856, 3))> using `load_obj` in 0.0028s
2025-05-28 22:59:57,864 INFO ==> EMD Loss: 15.531920
2025-05-28 22:59:57,864 INFO ==> Height map loss:  4.190917
2025-05-28 22:59:58,218 DEBUG loaded <trimesh.Trimesh(vertices.shape=(48, 3), faces.shape=(28, 3))> using `load_obj` in 0.0008s
2025-05-28 22:59:58,343 DEBUG loaded <trimesh.Trimesh(vertices.shape=(916, 3), faces.shape=(856, 3))> using `load_obj` in 0.0028s
2025-05-28 23:00:03,707 INFO ==> EMD Loss: 15.514454
2025-05-28 23:00:03,707 INFO ==> Height map loss:  4.406597
2025-05-28 23:00:04,057 DEBUG loaded <trimesh.Trimesh(vertices.shape=(48, 3), faces.shape=(28, 3))> using `load_obj` in 0.0008s
2025-05-28 23:00:04,182 DEBUG loaded <trimesh.Trimesh(vertices.shape=(916, 3), faces.shape=(856, 3))> using `load_obj` in 0.0028s
2025-05-28 23:00:09,355 INFO ==> EMD Loss: 15.619980
2025-05-28 23:00:09,355 INFO ==> Height map loss:  4.394483
2025-05-28 23:00:09,702 DEBUG loaded <trimesh.Trimesh(vertices.shape=(48, 3), faces.shape=(28, 3))> using `load_obj` in 0.0008s
2025-05-28 23:00:09,829 DEBUG loaded <trimesh.Trimesh(vertices.shape=(916, 3), faces.shape=(856, 3))> using `load_obj` in 0.0028s
2025-05-28 23:00:22,129 INFO =====> Skill params: [ 1.          0.11330832  0.48339048 -0.07942553 -0.6927728 ]
2025-05-28 23:00:22,129 INFO =====> Grad: [   21.647306 -1142.5062      19.63651    119.62572    380.81808 ]
2025-05-28 23:00:22,129 INFO =====> Num. aborted data so far: 0
2025-05-28 23:00:22,130 INFO ===========> Epoch: 18 optimisation losses
2025-05-28 23:00:22,130 INFO =====> EMD Loss: 15.608464
2025-05-28 23:00:22,130 INFO =====> Height map loss: 3.972515
2025-05-28 23:00:22,501 DEBUG loaded <trimesh.Trimesh(vertices.shape=(48, 3), faces.shape=(28, 3))> using `load_obj` in 0.0008s
2025-05-28 23:00:22,628 DEBUG loaded <trimesh.Trimesh(vertices.shape=(916, 3), faces.shape=(856, 3))> using `load_obj` in 0.0028s
2025-05-28 23:00:27,823 INFO ==> EMD Loss: 15.618673
2025-05-28 23:00:27,823 INFO ==> Height map loss:  3.981170
2025-05-28 23:00:28,168 DEBUG loaded <trimesh.Trimesh(vertices.shape=(48, 3), faces.shape=(28, 3))> using `load_obj` in 0.0008s
2025-05-28 23:00:28,294 DEBUG loaded <trimesh.Trimesh(vertices.shape=(916, 3), faces.shape=(856, 3))> using `load_obj` in 0.0028s
2025-05-28 23:00:33,644 INFO ==> EMD Loss: 15.775534
2025-05-28 23:00:33,644 INFO ==> Height map loss:  4.005813
2025-05-28 23:00:33,994 DEBUG loaded <trimesh.Trimesh(vertices.shape=(48, 3), faces.shape=(28, 3))> using `load_obj` in 0.0008s
2025-05-28 23:00:34,122 DEBUG loaded <trimesh.Trimesh(vertices.shape=(916, 3), faces.shape=(856, 3))> using `load_obj` in 0.0028s
2025-05-28 23:00:39,341 INFO ==> EMD Loss: 15.523670
2025-05-28 23:00:39,341 INFO ==> Height map loss:  4.117307
2025-05-28 23:00:39,687 DEBUG loaded <trimesh.Trimesh(vertices.shape=(48, 3), faces.shape=(28, 3))> using `load_obj` in 0.0007s
2025-05-28 23:00:39,814 DEBUG loaded <trimesh.Trimesh(vertices.shape=(916, 3), faces.shape=(856, 3))> using `load_obj` in 0.0028s
2025-05-28 23:00:45,147 INFO ==> EMD Loss: 15.522039
2025-05-28 23:00:45,147 INFO ==> Height map loss:  4.137533
2025-05-28 23:00:45,500 DEBUG loaded <trimesh.Trimesh(vertices.shape=(48, 3), faces.shape=(28, 3))> using `load_obj` in 0.0008s
2025-05-28 23:00:45,626 DEBUG loaded <trimesh.Trimesh(vertices.shape=(916, 3), faces.shape=(856, 3))> using `load_obj` in 0.0028s
2025-05-28 23:00:50,817 INFO ==> EMD Loss: 15.706443
2025-05-28 23:00:50,817 INFO ==> Height map loss:  4.154602
2025-05-28 23:00:51,175 DEBUG loaded <trimesh.Trimesh(vertices.shape=(48, 3), faces.shape=(28, 3))> using `load_obj` in 0.0008s
2025-05-28 23:00:51,301 DEBUG loaded <trimesh.Trimesh(vertices.shape=(916, 3), faces.shape=(856, 3))> using `load_obj` in 0.0028s
2025-05-28 23:01:03,561 INFO =====> Skill params: [ 0.99939555  0.11475527  0.483114   -0.08041048 -0.69498384]
2025-05-28 23:01:03,561 INFO =====> Grad: [   27.914192 -3302.0022    -333.80115   -611.2733      99.145935]
2025-05-28 23:01:03,561 INFO =====> Num. aborted data so far: 0
2025-05-28 23:01:03,562 INFO ===========> Epoch: 19 optimisation losses
2025-05-28 23:01:03,562 INFO =====> EMD Loss: 15.618678
2025-05-28 23:01:03,562 INFO =====> Height map loss: 3.981061
2025-05-28 23:01:03,940 DEBUG loaded <trimesh.Trimesh(vertices.shape=(48, 3), faces.shape=(28, 3))> using `load_obj` in 0.0008s
2025-05-28 23:01:04,067 DEBUG loaded <trimesh.Trimesh(vertices.shape=(916, 3), faces.shape=(856, 3))> using `load_obj` in 0.0030s
2025-05-28 23:01:09,311 INFO ==> EMD Loss: 15.628291
2025-05-28 23:01:09,311 INFO ==> Height map loss:  3.955646
2025-05-28 23:01:09,688 DEBUG loaded <trimesh.Trimesh(vertices.shape=(48, 3), faces.shape=(28, 3))> using `load_obj` in 0.0008s
2025-05-28 23:01:09,815 DEBUG loaded <trimesh.Trimesh(vertices.shape=(916, 3), faces.shape=(856, 3))> using `load_obj` in 0.0028s
2025-05-28 23:01:15,188 INFO ==> EMD Loss: 15.514425
2025-05-28 23:01:15,188 INFO ==> Height map loss:  4.105481
2025-05-28 23:01:15,543 DEBUG loaded <trimesh.Trimesh(vertices.shape=(48, 3), faces.shape=(28, 3))> using `load_obj` in 0.0008s
2025-05-28 23:01:15,668 DEBUG loaded <trimesh.Trimesh(vertices.shape=(916, 3), faces.shape=(856, 3))> using `load_obj` in 0.0027s
2025-05-28 23:01:20,913 INFO ==> EMD Loss: 15.670337
2025-05-28 23:01:20,913 INFO ==> Height map loss:  4.103031
2025-05-28 23:01:21,347 DEBUG loaded <trimesh.Trimesh(vertices.shape=(48, 3), faces.shape=(28, 3))> using `load_obj` in 0.0008s
2025-05-28 23:01:21,474 DEBUG loaded <trimesh.Trimesh(vertices.shape=(916, 3), faces.shape=(856, 3))> using `load_obj` in 0.0028s
2025-05-28 23:01:26,849 INFO ==> EMD Loss: 15.728794
2025-05-28 23:01:26,849 INFO ==> Height map loss:  4.253000
2025-05-28 23:01:27,209 DEBUG loaded <trimesh.Trimesh(vertices.shape=(48, 3), faces.shape=(28, 3))> using `load_obj` in 0.0008s
2025-05-28 23:01:27,334 DEBUG loaded <trimesh.Trimesh(vertices.shape=(916, 3), faces.shape=(856, 3))> using `load_obj` in 0.0028s
2025-05-28 23:01:32,539 INFO ==> EMD Loss: 16.275915
2025-05-28 23:01:32,539 INFO ==> Height map loss:  4.722190
2025-05-28 23:01:32,889 DEBUG loaded <trimesh.Trimesh(vertices.shape=(48, 3), faces.shape=(28, 3))> using `load_obj` in 0.0008s
2025-05-28 23:01:33,015 DEBUG loaded <trimesh.Trimesh(vertices.shape=(916, 3), faces.shape=(856, 3))> using `load_obj` in 0.0029s
2025-05-28 23:01:38,382 INFO ===========> Finished training.
2025-05-28 23:01:38,382 INFO ====> Final EMD Loss: 15.628345
2025-05-28 23:01:38,382 INFO ====> Final Height map loss: 3.957912
2025-05-28 23:01:38,382 INFO ====> Final skill params: [ 0.99857706  0.11875291  0.48750517 -0.0757801  -0.69558936]
