2024-08-29 04:03:37,571 INFO ===> Start grad computation at:, 2024-8-29 4:3:37
2024-08-29 04:03:37,929 INFO ===> New TaichiEnv created.
2024-08-29 04:03:37,929 INFO ===> Specifications: horizon = 311, dt = 0.01, n_substeps = 20, dt_sub = 0.0005
2024-08-29 04:03:37,951 DEBUG loaded <trimesh.Trimesh(vertices.shape=(916, 3), faces.shape=(856, 3))> using `load_obj` in 0.0029s
2024-08-29 04:03:38,095 DEBUG loaded <trimesh.Trimesh(vertices.shape=(48, 3), faces.shape=(28, 3))> using `load_obj` in 0.0007s
2024-08-29 04:06:52,578 INFO =====> Epoch: 0
2024-08-29 04:06:52,578 INFO =====> Loss info: {'particle_has_naninf': False, 'height_map_loss': 36.8317985534668, 'emd_loss': 35.36225128173828, 'total_loss': 35.36225128173828}
2024-08-29 04:06:52,578 INFO =====> Param: E: [674769.25], nu: [0.1866348], rho: [1767.5427], sand_angle: [30.472519]
2024-08-29 04:06:52,578 INFO =====> Grad: [-1.4339762e-02 -3.2553109e+04  3.9719772e+01  7.9491479e+02]
2024-08-29 04:06:52,578 INFO =====> Num. aborted data so far: 0
2024-08-29 04:06:52,959 INFO ===> New TaichiEnv created.
2024-08-29 04:06:52,959 INFO ===> Specifications: horizon = 311, dt = 0.01, n_substeps = 20, dt_sub = 0.0005
2024-08-29 04:06:52,983 DEBUG loaded <trimesh.Trimesh(vertices.shape=(916, 3), faces.shape=(856, 3))> using `load_obj` in 0.0030s
2024-08-29 04:06:53,141 DEBUG loaded <trimesh.Trimesh(vertices.shape=(48, 3), faces.shape=(28, 3))> using `load_obj` in 0.0008s
2024-08-29 04:10:07,271 INFO =====> Epoch: 1
2024-08-29 04:10:07,272 INFO =====> Loss info: {'particle_has_naninf': False, 'height_map_loss': 35.51372146606445, 'emd_loss': 34.681915283203125, 'total_loss': 34.681915283203125}
2024-08-29 04:10:07,272 INFO =====> Param: E: [724586.94], nu: [0.23489794], rho: [1814.4343], sand_angle: [32.442944]
2024-08-29 04:10:07,272 INFO =====> Grad: [-1.9532183e-02 -2.0782611e+04 -1.0862695e+02 -1.7176876e+03]
2024-08-29 04:10:07,272 INFO =====> Num. aborted data so far: 0
2024-08-29 04:10:07,642 INFO ===> New TaichiEnv created.
2024-08-29 04:10:07,642 INFO ===> Specifications: horizon = 311, dt = 0.01, n_substeps = 20, dt_sub = 0.0005
2024-08-29 04:10:07,664 DEBUG loaded <trimesh.Trimesh(vertices.shape=(916, 3), faces.shape=(856, 3))> using `load_obj` in 0.0030s
2024-08-29 04:10:07,828 DEBUG loaded <trimesh.Trimesh(vertices.shape=(48, 3), faces.shape=(28, 3))> using `load_obj` in 0.0008s
2024-08-29 04:13:22,282 INFO =====> Epoch: 2
2024-08-29 04:13:22,282 INFO =====> Loss info: {'particle_has_naninf': False, 'height_map_loss': 36.19704818725586, 'emd_loss': 35.03012466430664, 'total_loss': 35.03012466430664}
2024-08-29 04:13:22,283 INFO =====> Param: E: [739054.5], nu: [0.23342974], rho: [1782.8774], sand_angle: [31.950127]
2024-08-29 04:13:22,283 INFO =====> Grad: [1.6038490e-02 4.7899742e+04 1.6518893e+02 1.2520355e+03]
2024-08-29 04:13:22,283 INFO =====> Num. aborted data so far: 0
2024-08-29 04:13:22,653 INFO ===> New TaichiEnv created.
2024-08-29 04:13:22,653 INFO ===> Specifications: horizon = 311, dt = 0.01, n_substeps = 20, dt_sub = 0.0005
2024-08-29 04:13:22,676 DEBUG loaded <trimesh.Trimesh(vertices.shape=(916, 3), faces.shape=(856, 3))> using `load_obj` in 0.0029s
2024-08-29 04:13:22,823 DEBUG loaded <trimesh.Trimesh(vertices.shape=(48, 3), faces.shape=(28, 3))> using `load_obj` in 0.0007s
2024-08-29 04:16:36,400 INFO =====> Epoch: 3
2024-08-29 04:16:36,400 INFO =====> Loss info: {'particle_has_naninf': False, 'height_map_loss': 36.12550354003906, 'emd_loss': 35.02035903930664, 'total_loss': 35.02035903930664}
2024-08-29 04:16:36,400 INFO =====> Param: E: [747920.25], nu: [0.24151807], rho: [1778.9568], sand_angle: [31.439507]
2024-08-29 04:16:36,400 INFO =====> Grad: [ 2.9372391e-03 -2.0592859e+04 -7.5128250e+01  8.3712608e+01]
2024-08-29 04:16:36,401 INFO =====> Num. aborted data so far: 0
2024-08-29 04:16:36,759 INFO ===> New TaichiEnv created.
2024-08-29 04:16:36,759 INFO ===> Specifications: horizon = 311, dt = 0.01, n_substeps = 20, dt_sub = 0.0005
2024-08-29 04:16:36,784 DEBUG loaded <trimesh.Trimesh(vertices.shape=(916, 3), faces.shape=(856, 3))> using `load_obj` in 0.0029s
2024-08-29 04:16:36,928 DEBUG loaded <trimesh.Trimesh(vertices.shape=(48, 3), faces.shape=(28, 3))> using `load_obj` in 0.0007s
2024-08-29 04:19:49,801 INFO =====> Epoch: 4
2024-08-29 04:19:49,801 INFO =====> Loss info: {'particle_has_naninf': False, 'height_map_loss': 35.967918395996094, 'emd_loss': 34.92185974121094, 'total_loss': 34.92185974121094}
2024-08-29 04:19:49,801 INFO =====> Param: E: [762509.8], nu: [0.25342593], rho: [1757.8485], sand_angle: [29.93652]
2024-08-29 04:19:49,801 INFO =====> Grad: [-8.1911273e-03 -1.2577531e+04  7.5045143e+01  1.0088885e+03]
2024-08-29 04:19:49,801 INFO =====> Num. aborted data so far: 0
2024-08-29 04:19:50,163 INFO ===> New TaichiEnv created.
2024-08-29 04:19:50,164 INFO ===> Specifications: horizon = 311, dt = 0.01, n_substeps = 20, dt_sub = 0.0005
2024-08-29 04:19:50,189 DEBUG loaded <trimesh.Trimesh(vertices.shape=(916, 3), faces.shape=(856, 3))> using `load_obj` in 0.0029s
2024-08-29 04:19:50,335 DEBUG loaded <trimesh.Trimesh(vertices.shape=(48, 3), faces.shape=(28, 3))> using `load_obj` in 0.0007s
2024-08-29 04:23:05,488 INFO =====> Epoch: 5
2024-08-29 04:23:05,488 INFO =====> Loss info: {'particle_has_naninf': False, 'height_map_loss': 35.58492660522461, 'emd_loss': 34.78139114379883, 'total_loss': 34.78139114379883}
2024-08-29 04:23:05,488 INFO =====> Param: E: [771076.94], nu: [0.2540019], rho: [1733.7971], sand_angle: [28.66468]
2024-08-29 04:23:05,488 INFO =====> Grad: [ 4.5364993e-03  2.4386936e+04  2.6229862e+01 -2.2322500e+01]
2024-08-29 04:23:05,489 INFO =====> Num. aborted data so far: 0
2024-08-29 04:23:05,850 INFO ===> New TaichiEnv created.
2024-08-29 04:23:05,850 INFO ===> Specifications: horizon = 311, dt = 0.01, n_substeps = 20, dt_sub = 0.0005
2024-08-29 04:23:05,879 DEBUG loaded <trimesh.Trimesh(vertices.shape=(916, 3), faces.shape=(856, 3))> using `load_obj` in 0.0029s
2024-08-29 04:23:06,026 DEBUG loaded <trimesh.Trimesh(vertices.shape=(48, 3), faces.shape=(28, 3))> using `load_obj` in 0.0007s
2024-08-29 04:26:21,328 INFO =====> Epoch: 6
2024-08-29 04:26:21,329 INFO =====> Loss info: {'particle_has_naninf': False, 'height_map_loss': 35.24418640136719, 'emd_loss': 34.47309494018555, 'total_loss': 34.47309494018555}
2024-08-29 04:26:21,329 INFO =====> Param: E: [776564.6], nu: [0.25044915], rho: [1695.3783], sand_angle: [27.453209]
2024-08-29 04:26:21,329 INFO =====> Grad: [2.3897460e-03 1.1390904e+04 9.2334518e+01 9.9646667e+01]
2024-08-29 04:26:21,329 INFO =====> Num. aborted data so far: 0
2024-08-29 04:26:21,704 INFO ===> New TaichiEnv created.
2024-08-29 04:26:21,704 INFO ===> Specifications: horizon = 311, dt = 0.01, n_substeps = 20, dt_sub = 0.0005
2024-08-29 04:26:21,729 DEBUG loaded <trimesh.Trimesh(vertices.shape=(916, 3), faces.shape=(856, 3))> using `load_obj` in 0.0030s
2024-08-29 04:26:21,882 DEBUG loaded <trimesh.Trimesh(vertices.shape=(48, 3), faces.shape=(28, 3))> using `load_obj` in 0.0008s
2024-08-29 04:29:33,925 INFO =====> Epoch: 7
2024-08-29 04:29:33,925 INFO =====> Loss info: {'particle_has_naninf': False, 'height_map_loss': 34.89000701904297, 'emd_loss': 34.24904251098633, 'total_loss': 34.24904251098633}
2024-08-29 04:29:33,925 INFO =====> Param: E: [794885.6], nu: [0.26404133], rho: [1679.0076], sand_angle: [27.360603]
2024-08-29 04:29:33,925 INFO =====> Grad: [-2.1850554e-02 -6.0071398e+04 -8.2643730e+01 -9.6918622e+02]
2024-08-29 04:29:33,925 INFO =====> Num. aborted data so far: 0
2024-08-29 04:29:34,293 INFO ===> New TaichiEnv created.
2024-08-29 04:29:34,294 INFO ===> Specifications: horizon = 311, dt = 0.01, n_substeps = 20, dt_sub = 0.0005
2024-08-29 04:29:34,316 DEBUG loaded <trimesh.Trimesh(vertices.shape=(916, 3), faces.shape=(856, 3))> using `load_obj` in 0.0030s
2024-08-29 04:29:34,505 DEBUG loaded <trimesh.Trimesh(vertices.shape=(48, 3), faces.shape=(28, 3))> using `load_obj` in 0.0009s
2024-08-29 04:32:48,504 INFO =====> Epoch: 8
2024-08-29 04:32:48,504 INFO =====> Loss info: {'particle_has_naninf': False, 'height_map_loss': 34.915443420410156, 'emd_loss': 34.29378128051758, 'total_loss': 34.29378128051758}
2024-08-29 04:32:48,504 INFO =====> Param: E: [815440.56], nu: [0.27986413], rho: [1689.9205], sand_angle: [27.96387]
2024-08-29 04:32:48,504 INFO =====> Grad: [-7.1804435e-03 -1.5098901e+04 -1.4368465e+02 -7.7379694e+02]
2024-08-29 04:32:48,505 INFO =====> Num. aborted data so far: 0
2024-08-29 04:32:48,867 INFO ===> New TaichiEnv created.
2024-08-29 04:32:48,868 INFO ===> Specifications: horizon = 311, dt = 0.01, n_substeps = 20, dt_sub = 0.0005
2024-08-29 04:32:48,890 DEBUG loaded <trimesh.Trimesh(vertices.shape=(916, 3), faces.shape=(856, 3))> using `load_obj` in 0.0029s
2024-08-29 04:32:49,034 DEBUG loaded <trimesh.Trimesh(vertices.shape=(48, 3), faces.shape=(28, 3))> using `load_obj` in 0.0007s
2024-08-29 04:36:02,539 INFO =====> Epoch: 9
2024-08-29 04:36:02,539 INFO =====> Loss info: {'particle_has_naninf': False, 'height_map_loss': 35.08526611328125, 'emd_loss': 34.39741516113281, 'total_loss': 34.39741516113281}
2024-08-29 04:36:02,539 INFO =====> Param: E: [838839.44], nu: [0.29882768], rho: [1694.987], sand_angle: [27.618639]
2024-08-29 04:36:02,539 INFO =====> Grad: [-9.0005137e-03 -2.0584471e+04  2.8506828e+01  1.0374935e+03]
2024-08-29 04:36:02,539 INFO =====> Num. aborted data so far: 0
2024-08-29 04:36:02,902 INFO ===> New TaichiEnv created.
2024-08-29 04:36:02,902 INFO ===> Specifications: horizon = 311, dt = 0.01, n_substeps = 20, dt_sub = 0.0005
2024-08-29 04:36:02,925 DEBUG loaded <trimesh.Trimesh(vertices.shape=(916, 3), faces.shape=(856, 3))> using `load_obj` in 0.0028s
2024-08-29 04:36:03,069 DEBUG loaded <trimesh.Trimesh(vertices.shape=(48, 3), faces.shape=(28, 3))> using `load_obj` in 0.0007s
2024-08-29 04:39:17,140 INFO =====> Epoch: 10
2024-08-29 04:39:17,140 INFO =====> Loss info: {'particle_has_naninf': False, 'height_map_loss': 35.11455535888672, 'emd_loss': 34.32932662963867, 'total_loss': 34.32932662963867}
2024-08-29 04:39:17,141 INFO =====> Param: E: [860300.4], nu: [0.3208484], rho: [1708.4794], sand_angle: [27.900293]
2024-08-29 04:39:17,141 INFO =====> Grad: [-8.0862216e-04 -2.2465102e+04 -5.6872974e+01 -7.3549652e+02]
2024-08-29 04:39:17,141 INFO =====> Num. aborted data so far: 0
2024-08-29 04:39:17,501 INFO ===> New TaichiEnv created.
2024-08-29 04:39:17,502 INFO ===> Specifications: horizon = 311, dt = 0.01, n_substeps = 20, dt_sub = 0.0005
2024-08-29 04:39:17,530 DEBUG loaded <trimesh.Trimesh(vertices.shape=(916, 3), faces.shape=(856, 3))> using `load_obj` in 0.0063s
2024-08-29 04:39:17,676 DEBUG loaded <trimesh.Trimesh(vertices.shape=(48, 3), faces.shape=(28, 3))> using `load_obj` in 0.0007s
2024-08-29 04:42:33,188 INFO =====> Epoch: 11
2024-08-29 04:42:33,188 INFO =====> Loss info: {'particle_has_naninf': False, 'height_map_loss': 35.209938049316406, 'emd_loss': 34.40833282470703, 'total_loss': 34.40833282470703}
2024-08-29 04:42:33,188 INFO =====> Param: E: [880399.94], nu: [0.32902968], rho: [1716.932], sand_angle: [27.453766]
2024-08-29 04:42:33,188 INFO =====> Grad: [-1.3308000e-03  4.4524328e+04  2.3033464e+01  9.1002039e+02]
2024-08-29 04:42:33,188 INFO =====> Num. aborted data so far: 0
2024-08-29 04:42:33,554 INFO ===> New TaichiEnv created.
2024-08-29 04:42:33,554 INFO ===> Specifications: horizon = 311, dt = 0.01, n_substeps = 20, dt_sub = 0.0005
2024-08-29 04:42:33,576 DEBUG loaded <trimesh.Trimesh(vertices.shape=(916, 3), faces.shape=(856, 3))> using `load_obj` in 0.0029s
2024-08-29 04:42:33,720 DEBUG loaded <trimesh.Trimesh(vertices.shape=(48, 3), faces.shape=(28, 3))> using `load_obj` in 0.0007s
2024-08-29 04:45:49,278 INFO =====> Epoch: 12
2024-08-29 04:45:49,279 INFO =====> Loss info: {'particle_has_naninf': False, 'height_map_loss': 35.151676177978516, 'emd_loss': 34.33223342895508, 'total_loss': 34.33223342895508}
2024-08-29 04:45:49,279 INFO =====> Param: E: [900152.56], nu: [0.34459072], rho: [1713.483], sand_angle: [27.415426]
2024-08-29 04:45:49,279 INFO =====> Grad: [-2.7423259e-03 -4.1884090e+04  7.0425751e+01 -4.7954453e+02]
2024-08-29 04:45:49,279 INFO =====> Num. aborted data so far: 0
2024-08-29 04:45:49,652 INFO ===> New TaichiEnv created.
2024-08-29 04:45:49,652 INFO ===> Specifications: horizon = 311, dt = 0.01, n_substeps = 20, dt_sub = 0.0005
2024-08-29 04:45:49,677 DEBUG loaded <trimesh.Trimesh(vertices.shape=(916, 3), faces.shape=(856, 3))> using `load_obj` in 0.0028s
2024-08-29 04:45:49,833 DEBUG loaded <trimesh.Trimesh(vertices.shape=(48, 3), faces.shape=(28, 3))> using `load_obj` in 0.0008s
2024-08-29 04:49:03,575 INFO =====> Epoch: 13
2024-08-29 04:49:03,575 INFO =====> Loss info: {'particle_has_naninf': False, 'height_map_loss': 35.155025482177734, 'emd_loss': 34.31000518798828, 'total_loss': 34.31000518798828}
2024-08-29 04:49:03,575 INFO =====> Param: E: [924898.], nu: [0.36763442], rho: [1735.5284], sand_angle: [27.683643]
2024-08-29 04:49:03,575 INFO =====> Grad: [-1.3567115e-02 -5.4945766e+04 -1.8562984e+02 -4.0505457e+02]
2024-08-29 04:49:03,575 INFO =====> Num. aborted data so far: 0
2024-08-29 04:49:03,944 INFO ===> New TaichiEnv created.
2024-08-29 04:49:03,944 INFO ===> Specifications: horizon = 311, dt = 0.01, n_substeps = 20, dt_sub = 0.0005
2024-08-29 04:49:03,967 DEBUG loaded <trimesh.Trimesh(vertices.shape=(916, 3), faces.shape=(856, 3))> using `load_obj` in 0.0030s
2024-08-29 04:49:04,117 DEBUG loaded <trimesh.Trimesh(vertices.shape=(48, 3), faces.shape=(28, 3))> using `load_obj` in 0.0007s
2024-08-29 04:52:17,674 INFO =====> Epoch: 14
2024-08-29 04:52:17,674 INFO =====> Loss info: {'particle_has_naninf': False, 'height_map_loss': 35.30634689331055, 'emd_loss': 34.31688690185547, 'total_loss': 34.31688690185547}
2024-08-29 04:52:17,675 INFO =====> Param: E: [945617.3], nu: [0.3906302], rho: [1755.1027], sand_angle: [28.2662]
2024-08-29 04:52:17,675 INFO =====> Grad: [ 2.7904897e-03 -1.1839600e+04  2.8063259e+00 -4.6021756e+02]
2024-08-29 04:52:17,675 INFO =====> Num. aborted data so far: 0
2024-08-29 04:52:18,101 INFO ===> New TaichiEnv created.
2024-08-29 04:52:18,101 INFO ===> Specifications: horizon = 311, dt = 0.01, n_substeps = 20, dt_sub = 0.0005
2024-08-29 04:52:18,123 DEBUG loaded <trimesh.Trimesh(vertices.shape=(916, 3), faces.shape=(856, 3))> using `load_obj` in 0.0029s
2024-08-29 04:52:18,265 DEBUG loaded <trimesh.Trimesh(vertices.shape=(48, 3), faces.shape=(28, 3))> using `load_obj` in 0.0007s
2024-08-29 04:55:30,592 INFO =====> Epoch: 15
2024-08-29 04:55:30,593 INFO =====> Loss info: {'particle_has_naninf': False, 'height_map_loss': 35.639556884765625, 'emd_loss': 34.52816390991211, 'total_loss': 34.52816390991211}
2024-08-29 04:55:30,593 INFO =====> Param: E: [956252.06], nu: [0.39010715], rho: [1748.8766], sand_angle: [27.455492]
2024-08-29 04:55:30,593 INFO =====> Grad: [1.3024893e-02 1.1357130e+05 1.8327853e+02 1.9692291e+03]
2024-08-29 04:55:30,593 INFO =====> Num. aborted data so far: 0
2024-08-29 04:55:30,953 INFO ===> New TaichiEnv created.
2024-08-29 04:55:30,953 INFO ===> Specifications: horizon = 311, dt = 0.01, n_substeps = 20, dt_sub = 0.0005
2024-08-29 04:55:30,976 DEBUG loaded <trimesh.Trimesh(vertices.shape=(916, 3), faces.shape=(856, 3))> using `load_obj` in 0.0029s
2024-08-29 04:55:31,119 DEBUG loaded <trimesh.Trimesh(vertices.shape=(48, 3), faces.shape=(28, 3))> using `load_obj` in 0.0007s
2024-08-29 04:58:43,356 INFO =====> Epoch: 16
2024-08-29 04:58:43,356 INFO =====> Loss info: {'particle_has_naninf': False, 'height_map_loss': 35.41106033325195, 'emd_loss': 34.367610931396484, 'total_loss': 34.367610931396484}
2024-08-29 04:58:43,356 INFO =====> Param: E: [964735.5], nu: [0.3865673], rho: [1748.1515], sand_angle: [27.300682]
2024-08-29 04:58:43,356 INFO =====> Grad: [ 2.0492701e-03  2.1558895e+04 -4.0551262e+01 -8.9184717e+02]
2024-08-29 04:58:43,357 INFO =====> Num. aborted data so far: 0
2024-08-29 04:58:43,724 INFO ===> New TaichiEnv created.
2024-08-29 04:58:43,724 INFO ===> Specifications: horizon = 311, dt = 0.01, n_substeps = 20, dt_sub = 0.0005
2024-08-29 04:58:43,747 DEBUG loaded <trimesh.Trimesh(vertices.shape=(916, 3), faces.shape=(856, 3))> using `load_obj` in 0.0029s
2024-08-29 04:58:43,891 DEBUG loaded <trimesh.Trimesh(vertices.shape=(48, 3), faces.shape=(28, 3))> using `load_obj` in 0.0007s
2024-08-29 05:01:58,124 INFO =====> Epoch: 17
2024-08-29 05:01:58,124 INFO =====> Loss info: {'particle_has_naninf': False, 'height_map_loss': 35.33222198486328, 'emd_loss': 34.35282897949219, 'total_loss': 34.35282897949219}
2024-08-29 05:01:58,125 INFO =====> Param: E: [979359.9], nu: [0.38854936], rho: [1750.418], sand_angle: [27.153614]
2024-08-29 05:01:58,125 INFO =====> Grad: [-1.3341271e-02 -3.6481641e+04 -2.4041239e+01  1.0198186e+01]
2024-08-29 05:01:58,125 INFO =====> Num. aborted data so far: 0
2024-08-29 05:01:58,482 INFO ===> New TaichiEnv created.
2024-08-29 05:01:58,482 INFO ===> Specifications: horizon = 311, dt = 0.01, n_substeps = 20, dt_sub = 0.0005
2024-08-29 05:01:58,505 DEBUG loaded <trimesh.Trimesh(vertices.shape=(916, 3), faces.shape=(856, 3))> using `load_obj` in 0.0029s
2024-08-29 05:01:58,649 DEBUG loaded <trimesh.Trimesh(vertices.shape=(48, 3), faces.shape=(28, 3))> using `load_obj` in 0.0007s
2024-08-29 05:05:12,456 INFO =====> Epoch: 18
2024-08-29 05:05:12,456 INFO =====> Loss info: {'particle_has_naninf': False, 'height_map_loss': 35.3962516784668, 'emd_loss': 34.35144805908203, 'total_loss': 34.35144805908203}
2024-08-29 05:05:12,457 INFO =====> Param: E: [992347.94], nu: [0.3913315], rho: [1754.2389], sand_angle: [26.800325]
2024-08-29 05:05:12,457 INFO =====> Grad: [ 5.5038842e-04 -6.9249673e+03 -1.4359070e+01  3.4454160e+02]
2024-08-29 05:05:12,457 INFO =====> Num. aborted data so far: 0
2024-08-29 05:05:12,834 INFO ===> New TaichiEnv created.
2024-08-29 05:05:12,834 INFO ===> Specifications: horizon = 311, dt = 0.01, n_substeps = 20, dt_sub = 0.0005
2024-08-29 05:05:12,857 DEBUG loaded <trimesh.Trimesh(vertices.shape=(916, 3), faces.shape=(856, 3))> using `load_obj` in 0.0029s
2024-08-29 05:05:13,011 DEBUG loaded <trimesh.Trimesh(vertices.shape=(48, 3), faces.shape=(28, 3))> using `load_obj` in 0.0008s
2024-08-29 05:08:25,319 INFO =====> Epoch: 19
2024-08-29 05:08:25,319 INFO =====> Loss info: {'particle_has_naninf': False, 'height_map_loss': 35.322052001953125, 'emd_loss': 34.34538650512695, 'total_loss': 34.34538650512695}
2024-08-29 05:08:25,320 INFO =====> Param: E: [1000000.], nu: [0.4], rho: [1767.2163], sand_angle: [26.960003]
2024-08-29 05:08:25,320 INFO =====> Grad: [-1.1962791e-02 -7.8110062e+04 -7.8538506e+01 -7.4942615e+02]
2024-08-29 05:08:25,320 INFO =====> Num. aborted data so far: 0
2024-08-29 05:08:25,760 INFO ===> New TaichiEnv created.
2024-08-29 05:08:25,760 INFO ===> Specifications: horizon = 311, dt = 0.01, n_substeps = 20, dt_sub = 0.0005
2024-08-29 05:08:25,788 DEBUG loaded <trimesh.Trimesh(vertices.shape=(916, 3), faces.shape=(856, 3))> using `load_obj` in 0.0029s
2024-08-29 05:08:25,936 DEBUG loaded <trimesh.Trimesh(vertices.shape=(48, 3), faces.shape=(28, 3))> using `load_obj` in 0.0007s
2024-08-29 05:11:39,099 INFO =====> Epoch: 20
2024-08-29 05:11:39,099 INFO =====> Loss info: {'particle_has_naninf': False, 'height_map_loss': 35.42162322998047, 'emd_loss': 34.36870193481445, 'total_loss': 34.36870193481445}
2024-08-29 05:11:39,100 INFO =====> Param: E: [1000000.], nu: [0.4], rho: [1794.7094], sand_angle: [27.226265]
2024-08-29 05:11:39,100 INFO =====> Grad: [-2.1158211e-04 -4.6920988e+04 -1.3965221e+02 -1.8916574e+02]
2024-08-29 05:11:39,100 INFO =====> Num. aborted data so far: 0
2024-08-29 05:11:39,458 INFO ===> New TaichiEnv created.
2024-08-29 05:11:39,458 INFO ===> Specifications: horizon = 311, dt = 0.01, n_substeps = 20, dt_sub = 0.0005
2024-08-29 05:11:39,480 DEBUG loaded <trimesh.Trimesh(vertices.shape=(916, 3), faces.shape=(856, 3))> using `load_obj` in 0.0029s
2024-08-29 05:11:39,623 DEBUG loaded <trimesh.Trimesh(vertices.shape=(48, 3), faces.shape=(28, 3))> using `load_obj` in 0.0007s
2024-08-29 05:14:51,909 INFO =====> Epoch: 21
2024-08-29 05:14:51,909 INFO =====> Loss info: {'particle_has_naninf': False, 'height_map_loss': 35.475440979003906, 'emd_loss': 34.391639709472656, 'total_loss': 34.391639709472656}
2024-08-29 05:14:51,910 INFO =====> Param: E: [1000000.], nu: [0.4], rho: [1823.0925], sand_angle: [27.160513]
2024-08-29 05:14:51,910 INFO =====> Grad: [-1.6676901e-02 -7.7878773e+04 -2.8973043e+01  4.7644281e+02]
2024-08-29 05:14:51,910 INFO =====> Num. aborted data so far: 0
2024-08-29 05:14:52,324 INFO ===> New TaichiEnv created.
2024-08-29 05:14:52,324 INFO ===> Specifications: horizon = 311, dt = 0.01, n_substeps = 20, dt_sub = 0.0005
2024-08-29 05:14:52,347 DEBUG loaded <trimesh.Trimesh(vertices.shape=(916, 3), faces.shape=(856, 3))> using `load_obj` in 0.0028s
2024-08-29 05:14:52,492 DEBUG loaded <trimesh.Trimesh(vertices.shape=(48, 3), faces.shape=(28, 3))> using `load_obj` in 0.0007s
2024-08-29 05:18:04,930 INFO =====> Epoch: 22
2024-08-29 05:18:04,930 INFO =====> Loss info: {'particle_has_naninf': False, 'height_map_loss': 35.44856643676758, 'emd_loss': 34.412147521972656, 'total_loss': 34.412147521972656}
2024-08-29 05:18:04,930 INFO =====> Param: E: [1000000.], nu: [0.4], rho: [1840.7366], sand_angle: [26.524317]
2024-08-29 05:18:04,930 INFO =====> Grad: [ 9.0003945e-03 -2.2741182e+04  6.7088783e+01  9.1055273e+02]
2024-08-29 05:18:04,930 INFO =====> Num. aborted data so far: 0
2024-08-29 05:18:05,288 INFO ===> New TaichiEnv created.
2024-08-29 05:18:05,288 INFO ===> Specifications: horizon = 311, dt = 0.01, n_substeps = 20, dt_sub = 0.0005
2024-08-29 05:18:05,310 DEBUG loaded <trimesh.Trimesh(vertices.shape=(916, 3), faces.shape=(856, 3))> using `load_obj` in 0.0028s
2024-08-29 05:18:05,454 DEBUG loaded <trimesh.Trimesh(vertices.shape=(48, 3), faces.shape=(28, 3))> using `load_obj` in 0.0007s
2024-08-29 05:21:18,140 INFO =====> Epoch: 23
2024-08-29 05:21:18,140 INFO =====> Loss info: {'particle_has_naninf': False, 'height_map_loss': 35.2833366394043, 'emd_loss': 34.31096649169922, 'total_loss': 34.31096649169922}
2024-08-29 05:21:18,140 INFO =====> Param: E: [1000000.], nu: [0.4], rho: [1871.0972], sand_angle: [26.502487]
2024-08-29 05:21:18,140 INFO =====> Grad: [-8.257153e-03 -7.250610e+04 -1.306990e+02 -8.675738e+02]
2024-08-29 05:21:18,141 INFO =====> Num. aborted data so far: 0
2024-08-29 05:21:18,501 INFO ===> New TaichiEnv created.
2024-08-29 05:21:18,501 INFO ===> Specifications: horizon = 311, dt = 0.01, n_substeps = 20, dt_sub = 0.0005
2024-08-29 05:21:18,523 DEBUG loaded <trimesh.Trimesh(vertices.shape=(916, 3), faces.shape=(856, 3))> using `load_obj` in 0.0029s
2024-08-29 05:21:18,670 DEBUG loaded <trimesh.Trimesh(vertices.shape=(48, 3), faces.shape=(28, 3))> using `load_obj` in 0.0007s
2024-08-29 05:24:35,689 INFO =====> Epoch: 24
2024-08-29 05:24:35,689 INFO =====> Loss info: {'particle_has_naninf': False, 'height_map_loss': 35.29545211791992, 'emd_loss': 34.294437408447266, 'total_loss': 34.294437408447266}
2024-08-29 05:24:35,691 INFO =====> Param: E: [1000000.], nu: [0.4], rho: [1901.2615], sand_angle: [26.58474]
2024-08-29 05:24:35,691 INFO =====> Grad: [ 4.2990381e-03  2.7246666e+04 -2.1973274e+01 -1.6069275e+02]
2024-08-29 05:24:35,691 INFO =====> Num. aborted data so far: 0
2024-08-29 05:24:36,074 INFO ===> New TaichiEnv created.
2024-08-29 05:24:36,075 INFO ===> Specifications: horizon = 311, dt = 0.01, n_substeps = 20, dt_sub = 0.0005
2024-08-29 05:24:36,098 DEBUG loaded <trimesh.Trimesh(vertices.shape=(916, 3), faces.shape=(856, 3))> using `load_obj` in 0.0030s
2024-08-29 05:24:36,253 DEBUG loaded <trimesh.Trimesh(vertices.shape=(48, 3), faces.shape=(28, 3))> using `load_obj` in 0.0008s
2024-08-29 05:27:50,669 INFO =====> Epoch: 25
2024-08-29 05:27:50,669 INFO =====> Loss info: {'particle_has_naninf': False, 'height_map_loss': 35.29043197631836, 'emd_loss': 34.31972885131836, 'total_loss': 34.31972885131836}
2024-08-29 05:27:50,669 INFO =====> Param: E: [1000000.], nu: [0.4], rho: [1935.9426], sand_angle: [26.632795]
2024-08-29 05:27:50,669 INFO =====> Grad: [-1.8834604e-02 -1.9138576e+04 -6.4391876e+01  4.1777660e+01]
2024-08-29 05:27:50,669 INFO =====> Num. aborted data so far: 0
2024-08-29 05:27:51,079 INFO ===> New TaichiEnv created.
2024-08-29 05:27:51,079 INFO ===> Specifications: horizon = 311, dt = 0.01, n_substeps = 20, dt_sub = 0.0005
2024-08-29 05:27:51,102 DEBUG loaded <trimesh.Trimesh(vertices.shape=(916, 3), faces.shape=(856, 3))> using `load_obj` in 0.0030s
2024-08-29 05:27:51,251 DEBUG loaded <trimesh.Trimesh(vertices.shape=(48, 3), faces.shape=(28, 3))> using `load_obj` in 0.0007s
2024-08-29 05:31:05,987 INFO =====> Epoch: 26
2024-08-29 05:31:05,987 INFO =====> Loss info: {'particle_has_naninf': False, 'height_map_loss': 35.31601333618164, 'emd_loss': 34.346012115478516, 'total_loss': 34.346012115478516}
2024-08-29 05:31:05,987 INFO =====> Param: E: [1000000.], nu: [0.4], rho: [1980.1029], sand_angle: [27.028519]
2024-08-29 05:31:05,987 INFO =====> Grad: [-8.2921190e-03 -6.2754641e+04 -1.1911646e+02 -5.4556152e+02]
2024-08-29 05:31:05,987 INFO =====> Num. aborted data so far: 0
2024-08-29 05:31:06,355 INFO ===> New TaichiEnv created.
2024-08-29 05:31:06,356 INFO ===> Specifications: horizon = 311, dt = 0.01, n_substeps = 20, dt_sub = 0.0005
2024-08-29 05:31:06,378 DEBUG loaded <trimesh.Trimesh(vertices.shape=(916, 3), faces.shape=(856, 3))> using `load_obj` in 0.0030s
2024-08-29 05:31:06,530 DEBUG loaded <trimesh.Trimesh(vertices.shape=(48, 3), faces.shape=(28, 3))> using `load_obj` in 0.0007s
2024-08-29 05:34:19,923 INFO =====> Epoch: 27
2024-08-29 05:34:19,923 INFO =====> Loss info: {'particle_has_naninf': False, 'height_map_loss': 35.408843994140625, 'emd_loss': 34.37440872192383, 'total_loss': 34.37440872192383}
2024-08-29 05:34:19,923 INFO =====> Param: E: [1000000.], nu: [0.4], rho: [2030.7775], sand_angle: [27.394144]
2024-08-29 05:34:19,923 INFO =====> Grad: [-1.68660632e-03 -4.85562734e+04 -1.00098885e+02 -7.76311684e+00]
2024-08-29 05:34:19,923 INFO =====> Num. aborted data so far: 0
2024-08-29 05:34:20,311 INFO ===> New TaichiEnv created.
2024-08-29 05:34:20,311 INFO ===> Specifications: horizon = 311, dt = 0.01, n_substeps = 20, dt_sub = 0.0005
2024-08-29 05:34:20,338 DEBUG loaded <trimesh.Trimesh(vertices.shape=(916, 3), faces.shape=(856, 3))> using `load_obj` in 0.0060s
2024-08-29 05:34:20,480 DEBUG loaded <trimesh.Trimesh(vertices.shape=(48, 3), faces.shape=(28, 3))> using `load_obj` in 0.0007s
2024-08-29 05:37:32,177 INFO =====> Epoch: 28
2024-08-29 05:37:32,178 INFO =====> Loss info: {'particle_has_naninf': False, 'height_map_loss': 35.42771530151367, 'emd_loss': 34.40813064575195, 'total_loss': 34.40813064575195}
2024-08-29 05:37:32,178 INFO =====> Param: E: [1000000.], nu: [0.4], rho: [2072.6265], sand_angle: [27.544882]
2024-08-29 05:37:32,178 INFO =====> Grad: [8.7413872e-03 1.4533811e+05 3.6856998e+01 2.7511398e+02]
2024-08-29 05:37:32,178 INFO =====> Num. aborted data so far: 0
2024-08-29 05:37:32,538 INFO ===> New TaichiEnv created.
2024-08-29 05:37:32,538 INFO ===> Specifications: horizon = 311, dt = 0.01, n_substeps = 20, dt_sub = 0.0005
2024-08-29 05:37:32,561 DEBUG loaded <trimesh.Trimesh(vertices.shape=(916, 3), faces.shape=(856, 3))> using `load_obj` in 0.0029s
2024-08-29 05:37:32,704 DEBUG loaded <trimesh.Trimesh(vertices.shape=(48, 3), faces.shape=(28, 3))> using `load_obj` in 0.0007s
2024-08-29 05:40:45,158 INFO =====> Epoch: 29
2024-08-29 05:40:45,158 INFO =====> Loss info: {'particle_has_naninf': False, 'height_map_loss': 35.45510482788086, 'emd_loss': 34.41555404663086, 'total_loss': 34.41555404663086}
2024-08-29 05:40:45,158 INFO =====> Param: E: [1000000.], nu: [0.4], rho: [2115.4136], sand_angle: [27.844837]
2024-08-29 05:40:45,158 INFO =====> Grad: [-7.0389723e-03 -6.9117742e+04 -4.1775288e+01 -2.4396230e+02]
2024-08-29 05:40:45,158 INFO =====> Num. aborted data so far: 0
2024-08-29 05:40:45,595 INFO ===> New TaichiEnv created.
2024-08-29 05:40:45,595 INFO ===> Specifications: horizon = 311, dt = 0.01, n_substeps = 20, dt_sub = 0.0005
2024-08-29 05:40:45,617 DEBUG loaded <trimesh.Trimesh(vertices.shape=(916, 3), faces.shape=(856, 3))> using `load_obj` in 0.0029s
2024-08-29 05:40:45,761 DEBUG loaded <trimesh.Trimesh(vertices.shape=(48, 3), faces.shape=(28, 3))> using `load_obj` in 0.0007s
2024-08-29 05:44:01,175 INFO =====> Epoch: 30
2024-08-29 05:44:01,175 INFO =====> Loss info: {'particle_has_naninf': False, 'height_map_loss': 35.5258903503418, 'emd_loss': 34.46937561035156, 'total_loss': 34.46937561035156}
2024-08-29 05:44:01,176 INFO =====> Param: E: [1000000.], nu: [0.4], rho: [2142.925], sand_angle: [27.989084]
2024-08-29 05:44:01,176 INFO =====> Grad: [-4.3200419e-04 -1.4073845e+04  9.4458603e+01  1.9074896e+02]
2024-08-29 05:44:01,176 INFO =====> Num. aborted data so far: 0
2024-08-29 05:44:01,552 INFO ===> New TaichiEnv created.
2024-08-29 05:44:01,552 INFO ===> Specifications: horizon = 311, dt = 0.01, n_substeps = 20, dt_sub = 0.0005
2024-08-29 05:44:01,575 DEBUG loaded <trimesh.Trimesh(vertices.shape=(916, 3), faces.shape=(856, 3))> using `load_obj` in 0.0029s
2024-08-29 05:44:01,730 DEBUG loaded <trimesh.Trimesh(vertices.shape=(48, 3), faces.shape=(28, 3))> using `load_obj` in 0.0008s
2024-08-29 05:47:15,305 INFO =====> Epoch: 31
2024-08-29 05:47:15,305 INFO =====> Loss info: {'particle_has_naninf': False, 'height_map_loss': 35.53961181640625, 'emd_loss': 34.50615692138672, 'total_loss': 34.50615692138672}
2024-08-29 05:47:15,305 INFO =====> Param: E: [1000000.], nu: [0.4], rho: [2165.8743], sand_angle: [27.88528]
2024-08-29 05:47:15,305 INFO =====> Grad: [8.6879646e-03 5.3268566e+04 1.8174845e+01 3.4473724e+02]
2024-08-29 05:47:15,306 INFO =====> Num. aborted data so far: 0
2024-08-29 05:47:15,669 INFO ===> New TaichiEnv created.
2024-08-29 05:47:15,670 INFO ===> Specifications: horizon = 311, dt = 0.01, n_substeps = 20, dt_sub = 0.0005
2024-08-29 05:47:15,692 DEBUG loaded <trimesh.Trimesh(vertices.shape=(916, 3), faces.shape=(856, 3))> using `load_obj` in 0.0030s
2024-08-29 05:47:15,841 DEBUG loaded <trimesh.Trimesh(vertices.shape=(48, 3), faces.shape=(28, 3))> using `load_obj` in 0.0007s
2024-08-29 05:50:28,766 INFO =====> Epoch: 32
2024-08-29 05:50:28,767 INFO =====> Loss info: {'particle_has_naninf': False, 'height_map_loss': 35.522212982177734, 'emd_loss': 34.48222732543945, 'total_loss': 34.48222732543945}
2024-08-29 05:50:28,767 INFO =====> Param: E: [1000000.], nu: [0.4], rho: [2194.469], sand_angle: [27.627407]
2024-08-29 05:50:28,767 INFO =====> Grad: [-3.2880011e-03 -1.0015803e+05 -6.8038345e+01  2.3749313e+02]
2024-08-29 05:50:28,767 INFO =====> Num. aborted data so far: 0
2024-08-29 05:50:29,130 INFO ===> New TaichiEnv created.
2024-08-29 05:50:29,130 INFO ===> Specifications: horizon = 311, dt = 0.01, n_substeps = 20, dt_sub = 0.0005
2024-08-29 05:50:29,152 DEBUG loaded <trimesh.Trimesh(vertices.shape=(916, 3), faces.shape=(856, 3))> using `load_obj` in 0.0029s
2024-08-29 05:50:29,300 DEBUG loaded <trimesh.Trimesh(vertices.shape=(48, 3), faces.shape=(28, 3))> using `load_obj` in 0.0007s
2024-08-29 05:53:41,366 INFO =====> Epoch: 33
2024-08-29 05:53:41,366 INFO =====> Loss info: {'particle_has_naninf': False, 'height_map_loss': 35.457706451416016, 'emd_loss': 34.46992111206055, 'total_loss': 34.46992111206055}
2024-08-29 05:53:41,366 INFO =====> Param: E: [1000000.], nu: [0.4], rho: [2200.], sand_angle: [27.214355]
2024-08-29 05:53:41,366 INFO =====> Grad: [1.44753587e-02 1.20198125e+04 1.85839462e+01 2.56844360e+02]
2024-08-29 05:53:41,366 INFO =====> Num. aborted data so far: 0
2024-08-29 05:53:41,723 INFO ===> New TaichiEnv created.
2024-08-29 05:53:41,723 INFO ===> Specifications: horizon = 311, dt = 0.01, n_substeps = 20, dt_sub = 0.0005
2024-08-29 05:53:41,746 DEBUG loaded <trimesh.Trimesh(vertices.shape=(916, 3), faces.shape=(856, 3))> using `load_obj` in 0.0029s
2024-08-29 05:53:41,891 DEBUG loaded <trimesh.Trimesh(vertices.shape=(48, 3), faces.shape=(28, 3))> using `load_obj` in 0.0007s
2024-08-29 05:56:54,705 INFO =====> Epoch: 34
2024-08-29 05:56:54,705 INFO =====> Loss info: {'particle_has_naninf': False, 'height_map_loss': 35.36844253540039, 'emd_loss': 34.383934020996094, 'total_loss': 34.383934020996094}
2024-08-29 05:56:54,705 INFO =====> Param: E: [1000000.], nu: [0.4], rho: [2200.], sand_angle: [26.415485]
2024-08-29 05:56:54,705 INFO =====> Grad: [ 1.2219271e-03  4.9770527e+03 -2.1027813e+01  6.1229077e+02]
2024-08-29 05:56:54,705 INFO =====> Num. aborted data so far: 0
2024-08-29 05:56:55,135 INFO ===> New TaichiEnv created.
2024-08-29 05:56:55,135 INFO ===> Specifications: horizon = 311, dt = 0.01, n_substeps = 20, dt_sub = 0.0005
2024-08-29 05:56:55,162 DEBUG loaded <trimesh.Trimesh(vertices.shape=(916, 3), faces.shape=(856, 3))> using `load_obj` in 0.0029s
2024-08-29 05:56:55,305 DEBUG loaded <trimesh.Trimesh(vertices.shape=(48, 3), faces.shape=(28, 3))> using `load_obj` in 0.0007s
2024-08-29 06:00:09,155 INFO =====> Epoch: 35
2024-08-29 06:00:09,155 INFO =====> Loss info: {'particle_has_naninf': False, 'height_map_loss': 35.19802474975586, 'emd_loss': 34.2725715637207, 'total_loss': 34.2725715637207}
2024-08-29 06:00:09,155 INFO =====> Param: E: [1000000.], nu: [0.4], rho: [2200.], sand_angle: [26.678427]
2024-08-29 06:00:09,155 INFO =====> Grad: [-1.5153113e-02 -1.1828627e+05 -2.1486560e+02 -1.4251274e+03]
2024-08-29 06:00:09,155 INFO =====> Num. aborted data so far: 0
2024-08-29 06:00:09,582 INFO ===> New TaichiEnv created.
2024-08-29 06:00:09,582 INFO ===> Specifications: horizon = 311, dt = 0.01, n_substeps = 20, dt_sub = 0.0005
2024-08-29 06:00:09,605 DEBUG loaded <trimesh.Trimesh(vertices.shape=(916, 3), faces.shape=(856, 3))> using `load_obj` in 0.0029s
2024-08-29 06:00:09,748 DEBUG loaded <trimesh.Trimesh(vertices.shape=(48, 3), faces.shape=(28, 3))> using `load_obj` in 0.0007s
2024-08-29 06:03:25,011 INFO =====> Epoch: 36
2024-08-29 06:03:25,011 INFO =====> Loss info: {'particle_has_naninf': False, 'height_map_loss': 35.30625915527344, 'emd_loss': 34.308631896972656, 'total_loss': 34.308631896972656}
2024-08-29 06:03:25,011 INFO =====> Param: E: [1000000.], nu: [0.4], rho: [2200.], sand_angle: [26.429605]
2024-08-29 06:03:25,011 INFO =====> Grad: [ 1.4017904e-02  9.4679938e+04 -1.3609362e+01  7.2574200e+02]
2024-08-29 06:03:25,011 INFO =====> Num. aborted data so far: 0
2024-08-29 06:03:25,399 INFO ===> New TaichiEnv created.
2024-08-29 06:03:25,399 INFO ===> Specifications: horizon = 311, dt = 0.01, n_substeps = 20, dt_sub = 0.0005
2024-08-29 06:03:25,424 DEBUG loaded <trimesh.Trimesh(vertices.shape=(916, 3), faces.shape=(856, 3))> using `load_obj` in 0.0029s
2024-08-29 06:03:25,581 DEBUG loaded <trimesh.Trimesh(vertices.shape=(48, 3), faces.shape=(28, 3))> using `load_obj` in 0.0008s
2024-08-29 06:06:39,782 INFO =====> Epoch: 37
2024-08-29 06:06:39,782 INFO =====> Loss info: {'particle_has_naninf': False, 'height_map_loss': 35.20473098754883, 'emd_loss': 34.2601318359375, 'total_loss': 34.2601318359375}
2024-08-29 06:06:39,782 INFO =====> Param: E: [998966.2], nu: [0.4], rho: [2200.], sand_angle: [25.548578]
2024-08-29 06:06:39,782 INFO =====> Grad: [ 4.091526e-03 -2.851250e+04  4.307193e+01  9.979802e+02]
2024-08-29 06:06:39,782 INFO =====> Num. aborted data so far: 0
2024-08-29 06:06:40,235 INFO ===> New TaichiEnv created.
2024-08-29 06:06:40,235 INFO ===> Specifications: horizon = 311, dt = 0.01, n_substeps = 20, dt_sub = 0.0005
2024-08-29 06:06:40,259 DEBUG loaded <trimesh.Trimesh(vertices.shape=(916, 3), faces.shape=(856, 3))> using `load_obj` in 0.0029s
2024-08-29 06:06:40,409 DEBUG loaded <trimesh.Trimesh(vertices.shape=(48, 3), faces.shape=(28, 3))> using `load_obj` in 0.0007s
2024-08-29 06:09:52,283 INFO =====> Epoch: 38
2024-08-29 06:09:52,283 INFO =====> Loss info: {'particle_has_naninf': False, 'height_map_loss': 34.88554382324219, 'emd_loss': 34.12889099121094, 'total_loss': 34.12889099121094}
2024-08-29 06:09:52,283 INFO =====> Param: E: [1000000.], nu: [0.4], rho: [2200.], sand_angle: [24.991373]
2024-08-29 06:09:52,283 INFO =====> Grad: [-7.0058238e-03 -2.9371760e+04 -6.8295731e+01 -3.6367505e+02]
2024-08-29 06:09:52,283 INFO =====> Num. aborted data so far: 0
2024-08-29 06:09:52,727 INFO ===> New TaichiEnv created.
2024-08-29 06:09:52,727 INFO ===> Specifications: horizon = 311, dt = 0.01, n_substeps = 20, dt_sub = 0.0005
2024-08-29 06:09:52,756 DEBUG loaded <trimesh.Trimesh(vertices.shape=(916, 3), faces.shape=(856, 3))> using `load_obj` in 0.0039s
2024-08-29 06:09:52,949 DEBUG loaded <trimesh.Trimesh(vertices.shape=(48, 3), faces.shape=(28, 3))> using `load_obj` in 0.0008s
2024-08-29 06:13:05,968 INFO =====> Epoch: 39
2024-08-29 06:13:05,968 INFO =====> Loss info: {'particle_has_naninf': False, 'height_map_loss': 34.607234954833984, 'emd_loss': 34.05361557006836, 'total_loss': 34.05361557006836}
2024-08-29 06:13:05,969 INFO =====> Param: E: [1000000.], nu: [0.4], rho: [2200.], sand_angle: [24.684153]
2024-08-29 06:13:05,969 INFO =====> Grad: [-9.6483994e-03 -4.3360305e+04 -6.6054977e+01 -2.9569864e+02]
2024-08-29 06:13:05,969 INFO =====> Num. aborted data so far: 0
2024-08-29 06:13:06,333 INFO ===> New TaichiEnv created.
2024-08-29 06:13:06,334 INFO ===> Specifications: horizon = 311, dt = 0.01, n_substeps = 20, dt_sub = 0.0005
2024-08-29 06:13:06,357 DEBUG loaded <trimesh.Trimesh(vertices.shape=(916, 3), faces.shape=(856, 3))> using `load_obj` in 0.0030s
2024-08-29 06:13:06,514 DEBUG loaded <trimesh.Trimesh(vertices.shape=(48, 3), faces.shape=(28, 3))> using `load_obj` in 0.0008s
2024-08-29 06:16:18,409 INFO =====> Epoch: 40
2024-08-29 06:16:18,410 INFO =====> Loss info: {'particle_has_naninf': False, 'height_map_loss': 34.438316345214844, 'emd_loss': 34.020896911621094, 'total_loss': 34.020896911621094}
2024-08-29 06:16:18,410 INFO =====> Param: E: [1000000.], nu: [0.4], rho: [2200.], sand_angle: [25.378153]
2024-08-29 06:16:18,410 INFO =====> Grad: [-1.0529884e-02 -1.9606672e+05 -1.5984721e+02 -1.4800825e+03]
2024-08-29 06:16:18,410 INFO =====> Num. aborted data so far: 0
2024-08-29 06:16:18,773 INFO ===> New TaichiEnv created.
2024-08-29 06:16:18,774 INFO ===> Specifications: horizon = 311, dt = 0.01, n_substeps = 20, dt_sub = 0.0005
2024-08-29 06:16:18,796 DEBUG loaded <trimesh.Trimesh(vertices.shape=(916, 3), faces.shape=(856, 3))> using `load_obj` in 0.0029s
2024-08-29 06:16:18,939 DEBUG loaded <trimesh.Trimesh(vertices.shape=(48, 3), faces.shape=(28, 3))> using `load_obj` in 0.0007s
2024-08-29 06:19:32,067 INFO =====> Epoch: 41
2024-08-29 06:19:32,067 INFO =====> Loss info: {'particle_has_naninf': False, 'height_map_loss': 34.81108856201172, 'emd_loss': 34.07147216796875, 'total_loss': 34.07147216796875}
2024-08-29 06:19:32,067 INFO =====> Param: E: [1000000.], nu: [0.4], rho: [2200.], sand_angle: [26.346567]
2024-08-29 06:19:32,067 INFO =====> Grad: [-1.9872699e-02 -6.7241727e+04 -9.8664963e+01 -5.2156946e+02]
2024-08-29 06:19:32,067 INFO =====> Num. aborted data so far: 0
2024-08-29 06:19:32,429 INFO ===> New TaichiEnv created.
2024-08-29 06:19:32,429 INFO ===> Specifications: horizon = 311, dt = 0.01, n_substeps = 20, dt_sub = 0.0005
2024-08-29 06:19:32,451 DEBUG loaded <trimesh.Trimesh(vertices.shape=(916, 3), faces.shape=(856, 3))> using `load_obj` in 0.0028s
2024-08-29 06:19:32,595 DEBUG loaded <trimesh.Trimesh(vertices.shape=(48, 3), faces.shape=(28, 3))> using `load_obj` in 0.0007s
2024-08-29 06:22:45,799 INFO =====> Epoch: 42
2024-08-29 06:22:45,799 INFO =====> Loss info: {'particle_has_naninf': False, 'height_map_loss': 35.20147705078125, 'emd_loss': 34.29133605957031, 'total_loss': 34.29133605957031}
2024-08-29 06:22:45,799 INFO =====> Param: E: [1000000.], nu: [0.4], rho: [2200.], sand_angle: [27.025085]
2024-08-29 06:22:45,799 INFO =====> Grad: [4.4116536e-03 6.7864344e+04 2.7485081e+01 3.0502975e+02]
2024-08-29 06:22:45,799 INFO =====> Num. aborted data so far: 0
2024-08-29 06:22:46,182 INFO ===> New TaichiEnv created.
2024-08-29 06:22:46,182 INFO ===> Specifications: horizon = 311, dt = 0.01, n_substeps = 20, dt_sub = 0.0005
2024-08-29 06:22:46,206 DEBUG loaded <trimesh.Trimesh(vertices.shape=(916, 3), faces.shape=(856, 3))> using `load_obj` in 0.0029s
2024-08-29 06:22:46,361 DEBUG loaded <trimesh.Trimesh(vertices.shape=(48, 3), faces.shape=(28, 3))> using `load_obj` in 0.0008s
2024-08-29 06:26:01,941 INFO =====> Epoch: 43
2024-08-29 06:26:01,941 INFO =====> Loss info: {'particle_has_naninf': False, 'height_map_loss': 35.3117561340332, 'emd_loss': 34.40150833129883, 'total_loss': 34.40150833129883}
2024-08-29 06:26:01,941 INFO =====> Param: E: [1000000.], nu: [0.4], rho: [2200.], sand_angle: [27.336323]
2024-08-29 06:26:01,941 INFO =====> Grad: [-6.1161711e-04  1.7551430e+04 -6.4452028e+00  4.5772928e+02]
2024-08-29 06:26:01,941 INFO =====> Num. aborted data so far: 0
2024-08-29 06:26:02,398 INFO ===> New TaichiEnv created.
2024-08-29 06:26:02,398 INFO ===> Specifications: horizon = 311, dt = 0.01, n_substeps = 20, dt_sub = 0.0005
2024-08-29 06:26:02,429 DEBUG loaded <trimesh.Trimesh(vertices.shape=(916, 3), faces.shape=(856, 3))> using `load_obj` in 0.0039s
2024-08-29 06:26:02,622 DEBUG loaded <trimesh.Trimesh(vertices.shape=(48, 3), faces.shape=(28, 3))> using `load_obj` in 0.0009s
2024-08-29 06:29:16,294 INFO =====> Epoch: 44
2024-08-29 06:29:16,295 INFO =====> Loss info: {'particle_has_naninf': False, 'height_map_loss': 35.40909957885742, 'emd_loss': 34.439903259277344, 'total_loss': 34.439903259277344}
2024-08-29 06:29:16,295 INFO =====> Param: E: [998995.1], nu: [0.39767957], rho: [2200.], sand_angle: [26.551231]
2024-08-29 06:29:16,295 INFO =====> Grad: [2.9003667e-02 2.4428234e+05 1.5918939e+02 1.6575865e+03]
2024-08-29 06:29:16,295 INFO =====> Num. aborted data so far: 0
2024-08-29 06:29:16,747 INFO ===> New TaichiEnv created.
2024-08-29 06:29:16,747 INFO ===> Specifications: horizon = 311, dt = 0.01, n_substeps = 20, dt_sub = 0.0005
2024-08-29 06:29:16,770 DEBUG loaded <trimesh.Trimesh(vertices.shape=(916, 3), faces.shape=(856, 3))> using `load_obj` in 0.0029s
2024-08-29 06:29:16,920 DEBUG loaded <trimesh.Trimesh(vertices.shape=(48, 3), faces.shape=(28, 3))> using `load_obj` in 0.0007s
2024-08-29 06:32:30,164 INFO =====> Epoch: 45
2024-08-29 06:32:30,164 INFO =====> Loss info: {'particle_has_naninf': False, 'height_map_loss': 35.19731140136719, 'emd_loss': 34.2795295715332, 'total_loss': 34.2795295715332}
2024-08-29 06:32:30,164 INFO =====> Param: E: [992947.], nu: [0.3917449], rho: [2200.], sand_angle: [26.687752]
2024-08-29 06:32:30,164 INFO =====> Grad: [ 1.1302625e-02  5.4748859e+04 -6.2628326e+01 -1.3306874e+03]
2024-08-29 06:32:30,164 INFO =====> Num. aborted data so far: 0
2024-08-29 06:32:30,523 INFO ===> New TaichiEnv created.
2024-08-29 06:32:30,523 INFO ===> Specifications: horizon = 311, dt = 0.01, n_substeps = 20, dt_sub = 0.0005
2024-08-29 06:32:30,545 DEBUG loaded <trimesh.Trimesh(vertices.shape=(916, 3), faces.shape=(856, 3))> using `load_obj` in 0.0029s
2024-08-29 06:32:30,688 DEBUG loaded <trimesh.Trimesh(vertices.shape=(48, 3), faces.shape=(28, 3))> using `load_obj` in 0.0007s
2024-08-29 06:35:43,769 INFO =====> Epoch: 46
2024-08-29 06:35:43,769 INFO =====> Loss info: {'particle_has_naninf': False, 'height_map_loss': 35.23898696899414, 'emd_loss': 34.28479766845703, 'total_loss': 34.28479766845703}
2024-08-29 06:35:43,770 INFO =====> Param: E: [993780.9], nu: [0.3916876], rho: [2200.], sand_angle: [27.25705]
2024-08-29 06:35:43,770 INFO =====> Grad: [-1.3802318e-02 -7.5369477e+04 -1.1090906e+02 -7.1542328e+02]
2024-08-29 06:35:43,770 INFO =====> Num. aborted data so far: 0
2024-08-29 06:35:44,129 INFO ===> New TaichiEnv created.
2024-08-29 06:35:44,130 INFO ===> Specifications: horizon = 311, dt = 0.01, n_substeps = 20, dt_sub = 0.0005
2024-08-29 06:35:44,152 DEBUG loaded <trimesh.Trimesh(vertices.shape=(916, 3), faces.shape=(856, 3))> using `load_obj` in 0.0029s
2024-08-29 06:35:44,295 DEBUG loaded <trimesh.Trimesh(vertices.shape=(48, 3), faces.shape=(28, 3))> using `load_obj` in 0.0007s
2024-08-29 06:38:57,741 INFO =====> Epoch: 47
2024-08-29 06:38:57,741 INFO =====> Loss info: {'particle_has_naninf': False, 'height_map_loss': 35.29051208496094, 'emd_loss': 34.357845306396484, 'total_loss': 34.357845306396484}
2024-08-29 06:38:57,742 INFO =====> Param: E: [998555.75], nu: [0.3930483], rho: [2200.], sand_angle: [27.848047]
2024-08-29 06:38:57,742 INFO =====> Grad: [-8.8672535e-03 -2.0004119e+04  1.9241014e+01 -1.1678646e+02]
2024-08-29 06:38:57,742 INFO =====> Num. aborted data so far: 0
2024-08-29 06:38:58,104 INFO ===> New TaichiEnv created.
2024-08-29 06:38:58,104 INFO ===> Specifications: horizon = 311, dt = 0.01, n_substeps = 20, dt_sub = 0.0005
2024-08-29 06:38:58,126 DEBUG loaded <trimesh.Trimesh(vertices.shape=(916, 3), faces.shape=(856, 3))> using `load_obj` in 0.0029s
2024-08-29 06:38:58,269 DEBUG loaded <trimesh.Trimesh(vertices.shape=(48, 3), faces.shape=(28, 3))> using `load_obj` in 0.0007s
2024-08-29 06:42:11,507 INFO =====> Epoch: 48
2024-08-29 06:42:11,507 INFO =====> Loss info: {'particle_has_naninf': False, 'height_map_loss': 35.43882369995117, 'emd_loss': 34.4473762512207, 'total_loss': 34.4473762512207}
2024-08-29 06:42:11,508 INFO =====> Param: E: [1000000.], nu: [0.39503986], rho: [2200.], sand_angle: [28.853416]
2024-08-29 06:42:11,508 INFO =====> Grad: [-2.4383601e-03 -1.0588322e+04 -8.4932968e+01 -7.5073181e+02]
2024-08-29 06:42:11,508 INFO =====> Num. aborted data so far: 0
2024-08-29 06:42:11,888 INFO ===> New TaichiEnv created.
2024-08-29 06:42:11,888 INFO ===> Specifications: horizon = 311, dt = 0.01, n_substeps = 20, dt_sub = 0.0005
2024-08-29 06:42:11,911 DEBUG loaded <trimesh.Trimesh(vertices.shape=(916, 3), faces.shape=(856, 3))> using `load_obj` in 0.0029s
2024-08-29 06:42:12,065 DEBUG loaded <trimesh.Trimesh(vertices.shape=(48, 3), faces.shape=(28, 3))> using `load_obj` in 0.0008s
2024-08-29 06:45:26,045 INFO =====> Epoch: 49
2024-08-29 06:45:26,045 INFO =====> Loss info: {'particle_has_naninf': False, 'height_map_loss': 35.78728103637695, 'emd_loss': 34.62704849243164, 'total_loss': 34.62704849243164}
2024-08-29 06:45:26,046 INFO =====> Param: E: [1000000.], nu: [0.39211684], rho: [2200.], sand_angle: [29.531841]
2024-08-29 06:45:26,046 INFO =====> Grad: [9.6855778e-03 6.6098688e+04 6.5996071e+01 3.6733838e+02]
2024-08-29 06:45:26,046 INFO =====> Num. aborted data so far: 0
2024-08-29 06:45:26,487 INFO ===> New TaichiEnv created.
2024-08-29 06:45:26,488 INFO ===> Specifications: horizon = 311, dt = 0.01, n_substeps = 20, dt_sub = 0.0005
2024-08-29 06:45:26,517 DEBUG loaded <trimesh.Trimesh(vertices.shape=(916, 3), faces.shape=(856, 3))> using `load_obj` in 0.0040s
2024-08-29 06:45:26,710 DEBUG loaded <trimesh.Trimesh(vertices.shape=(48, 3), faces.shape=(28, 3))> using `load_obj` in 0.0009s
2024-08-29 06:48:39,509 INFO =====> Epoch: 50
2024-08-29 06:48:39,510 INFO =====> Loss info: {'particle_has_naninf': False, 'height_map_loss': 35.917213439941406, 'emd_loss': 34.79958724975586, 'total_loss': 34.79958724975586}
2024-08-29 06:48:39,510 INFO =====> Param: E: [1000000.], nu: [0.39431116], rho: [2200.], sand_angle: [30.74379]
2024-08-29 06:48:39,510 INFO =====> Grad: [-5.5371937e-03 -6.7609375e+04 -7.6692009e+01 -9.5678186e+02]
2024-08-29 06:48:39,510 INFO =====> Num. aborted data so far: 0
2024-08-29 06:48:39,871 INFO ===> New TaichiEnv created.
2024-08-29 06:48:39,871 INFO ===> Specifications: horizon = 311, dt = 0.01, n_substeps = 20, dt_sub = 0.0005
2024-08-29 06:48:39,894 DEBUG loaded <trimesh.Trimesh(vertices.shape=(916, 3), faces.shape=(856, 3))> using `load_obj` in 0.0029s
2024-08-29 06:48:40,040 DEBUG loaded <trimesh.Trimesh(vertices.shape=(48, 3), faces.shape=(28, 3))> using `load_obj` in 0.0007s
2024-08-29 06:51:52,950 INFO =====> Epoch: 51
2024-08-29 06:51:52,951 INFO =====> Loss info: {'particle_has_naninf': False, 'height_map_loss': 36.48397445678711, 'emd_loss': 35.04271697998047, 'total_loss': 35.04271697998047}
2024-08-29 06:51:52,951 INFO =====> Param: E: [1000000.], nu: [0.4], rho: [2200.], sand_angle: [32.575462]
2024-08-29 06:51:52,951 INFO =====> Grad: [ 1.4035051e-03 -5.3747535e+04 -5.8102814e+01 -1.2116445e+03]
2024-08-29 06:51:52,951 INFO =====> Num. aborted data so far: 0
2024-08-29 06:51:53,310 INFO ===> New TaichiEnv created.
2024-08-29 06:51:53,310 INFO ===> Specifications: horizon = 311, dt = 0.01, n_substeps = 20, dt_sub = 0.0005
2024-08-29 06:51:53,332 DEBUG loaded <trimesh.Trimesh(vertices.shape=(916, 3), faces.shape=(856, 3))> using `load_obj` in 0.0029s
2024-08-29 06:51:53,475 DEBUG loaded <trimesh.Trimesh(vertices.shape=(48, 3), faces.shape=(28, 3))> using `load_obj` in 0.0007s
2024-08-29 06:55:06,111 INFO =====> Epoch: 52
2024-08-29 06:55:06,111 INFO =====> Loss info: {'particle_has_naninf': False, 'height_map_loss': 37.028316497802734, 'emd_loss': 35.352317810058594, 'total_loss': 35.352317810058594}
2024-08-29 06:55:06,111 INFO =====> Param: E: [1000000.], nu: [0.4], rho: [2200.], sand_angle: [34.225433]
2024-08-29 06:55:06,112 INFO =====> Grad: [-2.7125590e-03  2.2917184e+04  4.4373985e+01  2.2275946e+01]
2024-08-29 06:55:06,112 INFO =====> Num. aborted data so far: 0
2024-08-29 06:55:06,469 INFO ===> New TaichiEnv created.
2024-08-29 06:55:06,469 INFO ===> Specifications: horizon = 311, dt = 0.01, n_substeps = 20, dt_sub = 0.0005
2024-08-29 06:55:06,492 DEBUG loaded <trimesh.Trimesh(vertices.shape=(916, 3), faces.shape=(856, 3))> using `load_obj` in 0.0029s
2024-08-29 06:55:06,635 DEBUG loaded <trimesh.Trimesh(vertices.shape=(48, 3), faces.shape=(28, 3))> using `load_obj` in 0.0007s
2024-08-29 06:58:20,409 INFO =====> Epoch: 53
2024-08-29 06:58:20,409 INFO =====> Loss info: {'particle_has_naninf': False, 'height_map_loss': 37.52540588378906, 'emd_loss': 35.67263412475586, 'total_loss': 35.67263412475586}
2024-08-29 06:58:20,410 INFO =====> Param: E: [1000000.], nu: [0.4], rho: [2200.], sand_angle: [35.487732]
2024-08-29 06:58:20,410 INFO =====> Grad: [2.9225599e-03 1.2047340e+04 2.3883045e+01 3.6816663e+02]
2024-08-29 06:58:20,410 INFO =====> Num. aborted data so far: 0
2024-08-29 06:58:20,768 INFO ===> New TaichiEnv created.
2024-08-29 06:58:20,768 INFO ===> Specifications: horizon = 311, dt = 0.01, n_substeps = 20, dt_sub = 0.0005
2024-08-29 06:58:20,791 DEBUG loaded <trimesh.Trimesh(vertices.shape=(916, 3), faces.shape=(856, 3))> using `load_obj` in 0.0029s
2024-08-29 06:58:20,934 DEBUG loaded <trimesh.Trimesh(vertices.shape=(48, 3), faces.shape=(28, 3))> using `load_obj` in 0.0007s
2024-08-29 07:01:36,656 INFO =====> Epoch: 54
2024-08-29 07:01:36,656 INFO =====> Loss info: {'particle_has_naninf': False, 'height_map_loss': 37.86404037475586, 'emd_loss': 35.91510009765625, 'total_loss': 35.91510009765625}
2024-08-29 07:01:36,656 INFO =====> Param: E: [1000000.], nu: [0.4], rho: [2200.], sand_angle: [38.017345]
2024-08-29 07:01:36,656 INFO =====> Grad: [-1.6377300e-02 -1.6250784e+05 -2.2619472e+02 -2.5300273e+03]
2024-08-29 07:01:36,656 INFO =====> Num. aborted data so far: 0
2024-08-29 07:01:37,027 INFO ===> New TaichiEnv created.
2024-08-29 07:01:37,028 INFO ===> Specifications: horizon = 311, dt = 0.01, n_substeps = 20, dt_sub = 0.0005
2024-08-29 07:01:37,052 DEBUG loaded <trimesh.Trimesh(vertices.shape=(916, 3), faces.shape=(856, 3))> using `load_obj` in 0.0029s
2024-08-29 07:01:37,205 DEBUG loaded <trimesh.Trimesh(vertices.shape=(48, 3), faces.shape=(28, 3))> using `load_obj` in 0.0008s
2024-08-29 07:04:50,702 INFO =====> Epoch: 55
2024-08-29 07:04:50,702 INFO =====> Loss info: {'particle_has_naninf': False, 'height_map_loss': 38.415069580078125, 'emd_loss': 36.26210021972656, 'total_loss': 36.26210021972656}
2024-08-29 07:04:50,703 INFO =====> Param: E: [1000000.], nu: [0.4], rho: [2200.], sand_angle: [40.]
2024-08-29 07:04:50,703 INFO =====> Grad: [-1.5628493e-03 -1.9069614e+05  3.2700768e+01 -1.4807736e+03]
2024-08-29 07:04:50,703 INFO =====> Num. aborted data so far: 0
2024-08-29 07:04:51,075 INFO ===> New TaichiEnv created.
2024-08-29 07:04:51,076 INFO ===> Specifications: horizon = 311, dt = 0.01, n_substeps = 20, dt_sub = 0.0005
2024-08-29 07:04:51,098 DEBUG loaded <trimesh.Trimesh(vertices.shape=(916, 3), faces.shape=(856, 3))> using `load_obj` in 0.0030s
2024-08-29 07:04:51,248 DEBUG loaded <trimesh.Trimesh(vertices.shape=(48, 3), faces.shape=(28, 3))> using `load_obj` in 0.0007s
2024-08-29 07:08:05,244 INFO =====> Epoch: 56
2024-08-29 07:08:05,244 INFO =====> Loss info: {'particle_has_naninf': False, 'height_map_loss': 38.91679382324219, 'emd_loss': 36.48977279663086, 'total_loss': 36.48977279663086}
2024-08-29 07:08:05,244 INFO =====> Param: E: [1000000.], nu: [0.4], rho: [2200.], sand_angle: [40.]
2024-08-29 07:08:05,244 INFO =====> Grad: [-2.3186930e-02 -4.3036570e+04 -1.9763884e+02 -2.3479404e+03]
2024-08-29 07:08:05,244 INFO =====> Num. aborted data so far: 0
2024-08-29 07:08:05,644 INFO ===> New TaichiEnv created.
2024-08-29 07:08:05,645 INFO ===> Specifications: horizon = 311, dt = 0.01, n_substeps = 20, dt_sub = 0.0005
2024-08-29 07:08:05,667 DEBUG loaded <trimesh.Trimesh(vertices.shape=(916, 3), faces.shape=(856, 3))> using `load_obj` in 0.0029s
2024-08-29 07:08:05,813 DEBUG loaded <trimesh.Trimesh(vertices.shape=(48, 3), faces.shape=(28, 3))> using `load_obj` in 0.0007s
2024-08-29 07:11:20,396 INFO =====> Epoch: 57
2024-08-29 07:11:20,396 INFO =====> Loss info: {'particle_has_naninf': False, 'height_map_loss': 38.909061431884766, 'emd_loss': 36.483543395996094, 'total_loss': 36.483543395996094}
2024-08-29 07:11:20,396 INFO =====> Param: E: [1000000.], nu: [0.4], rho: [2200.], sand_angle: [40.]
2024-08-29 07:11:20,396 INFO =====> Grad: [-1.8318482e-02 -9.7581008e+04 -2.9650923e+01 -1.2457515e+03]
2024-08-29 07:11:20,396 INFO =====> Num. aborted data so far: 0
2024-08-29 07:11:20,758 INFO ===> New TaichiEnv created.
2024-08-29 07:11:20,758 INFO ===> Specifications: horizon = 311, dt = 0.01, n_substeps = 20, dt_sub = 0.0005
2024-08-29 07:11:20,781 DEBUG loaded <trimesh.Trimesh(vertices.shape=(916, 3), faces.shape=(856, 3))> using `load_obj` in 0.0029s
2024-08-29 07:11:20,923 DEBUG loaded <trimesh.Trimesh(vertices.shape=(48, 3), faces.shape=(28, 3))> using `load_obj` in 0.0007s
2024-08-29 07:14:35,370 INFO =====> Epoch: 58
2024-08-29 07:14:35,370 INFO =====> Loss info: {'particle_has_naninf': False, 'height_map_loss': 38.926536560058594, 'emd_loss': 36.48524475097656, 'total_loss': 36.48524475097656}
2024-08-29 07:14:35,370 INFO =====> Param: E: [1000000.], nu: [0.4], rho: [2200.], sand_angle: [40.]
2024-08-29 07:14:35,370 INFO =====> Grad: [2.7150335e-02 1.9385559e+05 1.9914442e+02 1.4116733e+03]
2024-08-29 07:14:35,370 INFO =====> Num. aborted data so far: 0
2024-08-29 07:14:35,735 INFO ===> New TaichiEnv created.
2024-08-29 07:14:35,735 INFO ===> Specifications: horizon = 311, dt = 0.01, n_substeps = 20, dt_sub = 0.0005
2024-08-29 07:14:35,757 DEBUG loaded <trimesh.Trimesh(vertices.shape=(916, 3), faces.shape=(856, 3))> using `load_obj` in 0.0029s
2024-08-29 07:14:35,904 DEBUG loaded <trimesh.Trimesh(vertices.shape=(48, 3), faces.shape=(28, 3))> using `load_obj` in 0.0007s
2024-08-29 07:17:51,015 INFO =====> Epoch: 59
2024-08-29 07:17:51,015 INFO =====> Loss info: {'particle_has_naninf': False, 'height_map_loss': 38.9248161315918, 'emd_loss': 36.49363708496094, 'total_loss': 36.49363708496094}
2024-08-29 07:17:51,015 INFO =====> Param: E: [1000000.], nu: [0.4], rho: [2200.], sand_angle: [40.]
2024-08-29 07:17:51,015 INFO =====> Grad: [3.2422221e-03 1.5883991e+05 8.0509384e+01 2.5421973e+03]
2024-08-29 07:17:51,015 INFO =====> Num. aborted data so far: 0
2024-08-29 07:17:51,386 INFO ===> New TaichiEnv created.
2024-08-29 07:17:51,386 INFO ===> Specifications: horizon = 311, dt = 0.01, n_substeps = 20, dt_sub = 0.0005
2024-08-29 07:17:51,408 DEBUG loaded <trimesh.Trimesh(vertices.shape=(916, 3), faces.shape=(856, 3))> using `load_obj` in 0.0028s
2024-08-29 07:17:51,552 DEBUG loaded <trimesh.Trimesh(vertices.shape=(48, 3), faces.shape=(28, 3))> using `load_obj` in 0.0007s
2024-08-29 07:21:08,834 INFO =====> Epoch: 60
2024-08-29 07:21:08,834 INFO =====> Loss info: {'particle_has_naninf': False, 'height_map_loss': 38.92778396606445, 'emd_loss': 36.47089385986328, 'total_loss': 36.47089385986328}
2024-08-29 07:21:08,834 INFO =====> Param: E: [1000000.], nu: [0.4], rho: [2200.], sand_angle: [40.]
2024-08-29 07:21:08,834 INFO =====> Grad: [-1.9141927e-02 -3.2653316e+05 -1.2618940e+02 -4.2423804e+03]
2024-08-29 07:21:08,834 INFO =====> Num. aborted data so far: 0
2024-08-29 07:21:09,194 INFO ===> New TaichiEnv created.
2024-08-29 07:21:09,195 INFO ===> Specifications: horizon = 311, dt = 0.01, n_substeps = 20, dt_sub = 0.0005
2024-08-29 07:21:09,217 DEBUG loaded <trimesh.Trimesh(vertices.shape=(916, 3), faces.shape=(856, 3))> using `load_obj` in 0.0029s
2024-08-29 07:21:09,366 DEBUG loaded <trimesh.Trimesh(vertices.shape=(48, 3), faces.shape=(28, 3))> using `load_obj` in 0.0008s
2024-08-29 07:24:24,767 INFO =====> Epoch: 61
2024-08-29 07:24:24,767 INFO =====> Loss info: {'particle_has_naninf': False, 'height_map_loss': 38.92203140258789, 'emd_loss': 36.4923210144043, 'total_loss': 36.4923210144043}
2024-08-29 07:24:24,768 INFO =====> Param: E: [1000000.], nu: [0.4], rho: [2200.], sand_angle: [40.]
2024-08-29 07:24:24,768 INFO =====> Grad: [-7.4784234e-03  1.1752648e+03 -6.9814682e+01  4.6983539e+02]
2024-08-29 07:24:24,768 INFO =====> Num. aborted data so far: 0
2024-08-29 07:24:25,182 INFO ===> New TaichiEnv created.
2024-08-29 07:24:25,182 INFO ===> Specifications: horizon = 311, dt = 0.01, n_substeps = 20, dt_sub = 0.0005
2024-08-29 07:24:25,206 DEBUG loaded <trimesh.Trimesh(vertices.shape=(916, 3), faces.shape=(856, 3))> using `load_obj` in 0.0030s
2024-08-29 07:24:25,356 DEBUG loaded <trimesh.Trimesh(vertices.shape=(48, 3), faces.shape=(28, 3))> using `load_obj` in 0.0007s
2024-08-29 07:27:38,521 INFO =====> Epoch: 62
2024-08-29 07:27:38,521 INFO =====> Loss info: {'particle_has_naninf': False, 'height_map_loss': 38.933048248291016, 'emd_loss': 36.49410629272461, 'total_loss': 36.49410629272461}
2024-08-29 07:27:38,521 INFO =====> Param: E: [1000000.], nu: [0.4], rho: [2200.], sand_angle: [40.]
2024-08-29 07:27:38,522 INFO =====> Grad: [-1.0938306e-02  1.5994659e+04  7.0539970e+01 -1.0619913e+03]
2024-08-29 07:27:38,522 INFO =====> Num. aborted data so far: 0
2024-08-29 07:27:38,898 INFO ===> New TaichiEnv created.
2024-08-29 07:27:38,898 INFO ===> Specifications: horizon = 311, dt = 0.01, n_substeps = 20, dt_sub = 0.0005
2024-08-29 07:27:38,921 DEBUG loaded <trimesh.Trimesh(vertices.shape=(916, 3), faces.shape=(856, 3))> using `load_obj` in 0.0029s
2024-08-29 07:27:39,069 DEBUG loaded <trimesh.Trimesh(vertices.shape=(48, 3), faces.shape=(28, 3))> using `load_obj` in 0.0007s
2024-08-29 07:30:52,713 INFO =====> Epoch: 63
2024-08-29 07:30:52,713 INFO =====> Loss info: {'particle_has_naninf': False, 'height_map_loss': 38.92826843261719, 'emd_loss': 36.493316650390625, 'total_loss': 36.493316650390625}
2024-08-29 07:30:52,713 INFO =====> Param: E: [998693.8], nu: [0.3962329], rho: [2192.9028], sand_angle: [40.]
2024-08-29 07:30:52,714 INFO =====> Grad: [4.3963283e-02 3.0606322e+05 2.3929926e+02 3.8092617e+03]
2024-08-29 07:30:52,714 INFO =====> Num. aborted data so far: 0
2024-08-29 07:30:53,071 INFO ===> New TaichiEnv created.
2024-08-29 07:30:53,071 INFO ===> Specifications: horizon = 311, dt = 0.01, n_substeps = 20, dt_sub = 0.0005
2024-08-29 07:30:53,096 DEBUG loaded <trimesh.Trimesh(vertices.shape=(916, 3), faces.shape=(856, 3))> using `load_obj` in 0.0028s
2024-08-29 07:30:53,245 DEBUG loaded <trimesh.Trimesh(vertices.shape=(48, 3), faces.shape=(28, 3))> using `load_obj` in 0.0007s
2024-08-29 07:34:06,787 INFO =====> Epoch: 64
2024-08-29 07:34:06,787 INFO =====> Loss info: {'particle_has_naninf': False, 'height_map_loss': 38.913631439208984, 'emd_loss': 36.50889205932617, 'total_loss': 36.50889205932617}
2024-08-29 07:34:06,788 INFO =====> Param: E: [997471.7], nu: [0.38994354], rho: [2182.3787], sand_angle: [40.]
2024-08-29 07:34:06,788 INFO =====> Grad: [9.4587791e-05 5.5509023e+04 4.0830235e+01 1.0777261e+03]
2024-08-29 07:34:06,788 INFO =====> Num. aborted data so far: 0
2024-08-29 07:34:07,211 INFO ===> New TaichiEnv created.
2024-08-29 07:34:07,212 INFO ===> Specifications: horizon = 311, dt = 0.01, n_substeps = 20, dt_sub = 0.0005
2024-08-29 07:34:07,233 DEBUG loaded <trimesh.Trimesh(vertices.shape=(916, 3), faces.shape=(856, 3))> using `load_obj` in 0.0029s
2024-08-29 07:34:07,376 DEBUG loaded <trimesh.Trimesh(vertices.shape=(48, 3), faces.shape=(28, 3))> using `load_obj` in 0.0007s
2024-08-29 07:37:21,622 INFO =====> Epoch: 65
2024-08-29 07:37:21,623 INFO =====> Loss info: {'particle_has_naninf': False, 'height_map_loss': 38.88949203491211, 'emd_loss': 36.45951843261719, 'total_loss': 36.45951843261719}
2024-08-29 07:37:21,623 INFO =====> Param: E: [1000000.], nu: [0.39367244], rho: [2180.0215], sand_angle: [40.]
2024-08-29 07:37:21,623 INFO =====> Grad: [-2.1360522e-02 -1.8233912e+05 -7.1031548e+01 -2.1857449e+03]
2024-08-29 07:37:21,623 INFO =====> Num. aborted data so far: 0
2024-08-29 07:37:21,983 INFO ===> New TaichiEnv created.
2024-08-29 07:37:21,984 INFO ===> Specifications: horizon = 311, dt = 0.01, n_substeps = 20, dt_sub = 0.0005
2024-08-29 07:37:22,007 DEBUG loaded <trimesh.Trimesh(vertices.shape=(916, 3), faces.shape=(856, 3))> using `load_obj` in 0.0030s
2024-08-29 07:37:22,150 DEBUG loaded <trimesh.Trimesh(vertices.shape=(48, 3), faces.shape=(28, 3))> using `load_obj` in 0.0007s
2024-08-29 07:40:36,779 INFO =====> Epoch: 66
2024-08-29 07:40:36,779 INFO =====> Loss info: {'particle_has_naninf': False, 'height_map_loss': 38.89620590209961, 'emd_loss': 36.48234939575195, 'total_loss': 36.48234939575195}
2024-08-29 07:40:36,779 INFO =====> Param: E: [995254.06], nu: [0.38719615], rho: [2172.5115], sand_angle: [40.]
2024-08-29 07:40:36,779 INFO =====> Grad: [2.9321624e-02 1.9613291e+05 5.3125751e+01 1.7780677e+03]
2024-08-29 07:40:36,779 INFO =====> Num. aborted data so far: 0
2024-08-29 07:40:37,156 INFO ===> New TaichiEnv created.
2024-08-29 07:40:37,156 INFO ===> Specifications: horizon = 311, dt = 0.01, n_substeps = 20, dt_sub = 0.0005
2024-08-29 07:40:37,179 DEBUG loaded <trimesh.Trimesh(vertices.shape=(916, 3), faces.shape=(856, 3))> using `load_obj` in 0.0029s
2024-08-29 07:40:37,324 DEBUG loaded <trimesh.Trimesh(vertices.shape=(48, 3), faces.shape=(28, 3))> using `load_obj` in 0.0007s
2024-08-29 07:43:53,563 INFO =====> Epoch: 67
2024-08-29 07:43:53,563 INFO =====> Loss info: {'particle_has_naninf': False, 'height_map_loss': 38.8958740234375, 'emd_loss': 36.49204635620117, 'total_loss': 36.49204635620117}
2024-08-29 07:43:53,563 INFO =====> Param: E: [986838.8], nu: [0.38318524], rho: [2173.0508], sand_angle: [40.]
2024-08-29 07:43:53,563 INFO =====> Grad: [ 1.0958136e-02 -3.7062477e+04 -7.2091393e+01 -5.6403369e+02]
2024-08-29 07:43:53,563 INFO =====> Num. aborted data so far: 0
2024-08-29 07:43:53,994 INFO ===> New TaichiEnv created.
2024-08-29 07:43:53,994 INFO ===> Specifications: horizon = 311, dt = 0.01, n_substeps = 20, dt_sub = 0.0005
2024-08-29 07:43:54,017 DEBUG loaded <trimesh.Trimesh(vertices.shape=(916, 3), faces.shape=(856, 3))> using `load_obj` in 0.0030s
2024-08-29 07:43:54,165 DEBUG loaded <trimesh.Trimesh(vertices.shape=(48, 3), faces.shape=(28, 3))> using `load_obj` in 0.0007s
2024-08-29 07:47:10,025 INFO =====> Epoch: 68
2024-08-29 07:47:10,025 INFO =====> Loss info: {'particle_has_naninf': False, 'height_map_loss': 38.84685516357422, 'emd_loss': 36.479427337646484, 'total_loss': 36.479427337646484}
2024-08-29 07:47:10,026 INFO =====> Param: E: [977672.1], nu: [0.37680098], rho: [2169.5417], sand_angle: [39.808865]
2024-08-29 07:47:10,026 INFO =====> Grad: [4.0589888e-03 5.4744500e+04 3.9111931e+01 1.2824030e+03]
2024-08-29 07:47:10,026 INFO =====> Num. aborted data so far: 0
2024-08-29 07:47:10,437 INFO ===> New TaichiEnv created.
2024-08-29 07:47:10,437 INFO ===> Specifications: horizon = 311, dt = 0.01, n_substeps = 20, dt_sub = 0.0005
2024-08-29 07:47:10,460 DEBUG loaded <trimesh.Trimesh(vertices.shape=(916, 3), faces.shape=(856, 3))> using `load_obj` in 0.0030s
2024-08-29 07:47:10,610 DEBUG loaded <trimesh.Trimesh(vertices.shape=(48, 3), faces.shape=(28, 3))> using `load_obj` in 0.0007s
2024-08-29 07:50:25,770 INFO =====> Epoch: 69
2024-08-29 07:50:25,770 INFO =====> Loss info: {'particle_has_naninf': False, 'height_map_loss': 38.748802185058594, 'emd_loss': 36.408912658691406, 'total_loss': 36.408912658691406}
2024-08-29 07:50:25,771 INFO =====> Param: E: [974041.44], nu: [0.37893504], rho: [2177.9216], sand_angle: [40.]
2024-08-29 07:50:25,771 INFO =====> Grad: [-1.21723115e-02 -1.57014750e+05 -1.13097626e+02 -2.89274878e+03]
2024-08-29 07:50:25,771 INFO =====> Num. aborted data so far: 0
2024-08-29 07:50:26,143 INFO ===> New TaichiEnv created.
2024-08-29 07:50:26,143 INFO ===> Specifications: horizon = 311, dt = 0.01, n_substeps = 20, dt_sub = 0.0005
2024-08-29 07:50:26,169 DEBUG loaded <trimesh.Trimesh(vertices.shape=(916, 3), faces.shape=(856, 3))> using `load_obj` in 0.0029s
2024-08-29 07:50:26,316 DEBUG loaded <trimesh.Trimesh(vertices.shape=(48, 3), faces.shape=(28, 3))> using `load_obj` in 0.0007s
2024-08-29 07:53:41,763 INFO =====> Epoch: 70
2024-08-29 07:53:41,763 INFO =====> Loss info: {'particle_has_naninf': False, 'height_map_loss': 38.80087661743164, 'emd_loss': 36.436744689941406, 'total_loss': 36.436744689941406}
2024-08-29 07:53:41,764 INFO =====> Param: E: [971748.], nu: [0.38440144], rho: [2192.8694], sand_angle: [40.]
2024-08-29 07:53:41,764 INFO =====> Grad: [-2.6045577e-03 -7.0823836e+04 -7.2162132e+01 -1.4460522e+03]
2024-08-29 07:53:41,764 INFO =====> Num. aborted data so far: 0
2024-08-29 07:53:42,133 INFO ===> New TaichiEnv created.
2024-08-29 07:53:42,133 INFO ===> Specifications: horizon = 311, dt = 0.01, n_substeps = 20, dt_sub = 0.0005
2024-08-29 07:53:42,155 DEBUG loaded <trimesh.Trimesh(vertices.shape=(916, 3), faces.shape=(856, 3))> using `load_obj` in 0.0029s
2024-08-29 07:53:42,297 DEBUG loaded <trimesh.Trimesh(vertices.shape=(48, 3), faces.shape=(28, 3))> using `load_obj` in 0.0007s
2024-08-29 07:56:58,410 INFO =====> Epoch: 71
2024-08-29 07:56:58,410 INFO =====> Loss info: {'particle_has_naninf': False, 'height_map_loss': 38.83256912231445, 'emd_loss': 36.46220397949219, 'total_loss': 36.46220397949219}
2024-08-29 07:56:58,410 INFO =====> Param: E: [961208.4], nu: [0.38167128], rho: [2189.629], sand_angle: [40.]
2024-08-29 07:56:58,410 INFO =====> Grad: [2.2527607e-02 1.5363580e+05 1.6361560e+02 8.0664758e+02]
2024-08-29 07:56:58,410 INFO =====> Num. aborted data so far: 0
2024-08-29 07:56:58,777 INFO ===> New TaichiEnv created.
2024-08-29 07:56:58,777 INFO ===> Specifications: horizon = 311, dt = 0.01, n_substeps = 20, dt_sub = 0.0005
2024-08-29 07:56:58,800 DEBUG loaded <trimesh.Trimesh(vertices.shape=(916, 3), faces.shape=(856, 3))> using `load_obj` in 0.0028s
2024-08-29 07:56:58,943 DEBUG loaded <trimesh.Trimesh(vertices.shape=(48, 3), faces.shape=(28, 3))> using `load_obj` in 0.0007s
2024-08-29 08:00:14,815 INFO =====> Epoch: 72
2024-08-29 08:00:14,815 INFO =====> Loss info: {'particle_has_naninf': False, 'height_map_loss': 38.80740737915039, 'emd_loss': 36.447776794433594, 'total_loss': 36.447776794433594}
2024-08-29 08:00:14,815 INFO =====> Param: E: [945180.75], nu: [0.37431496], rho: [2172.4382], sand_angle: [39.93315]
2024-08-29 08:00:14,815 INFO =====> Grad: [1.7558591e-02 9.8970344e+04 1.4265993e+02 2.4183811e+03]
2024-08-29 08:00:14,815 INFO =====> Num. aborted data so far: 0
2024-08-29 08:00:15,173 INFO ===> New TaichiEnv created.
2024-08-29 08:00:15,174 INFO ===> Specifications: horizon = 311, dt = 0.01, n_substeps = 20, dt_sub = 0.0005
2024-08-29 08:00:15,196 DEBUG loaded <trimesh.Trimesh(vertices.shape=(916, 3), faces.shape=(856, 3))> using `load_obj` in 0.0028s
2024-08-29 08:00:15,338 DEBUG loaded <trimesh.Trimesh(vertices.shape=(48, 3), faces.shape=(28, 3))> using `load_obj` in 0.0007s
2024-08-29 08:03:30,359 INFO =====> Epoch: 73
2024-08-29 08:03:30,359 INFO =====> Loss info: {'particle_has_naninf': False, 'height_map_loss': 38.744544982910156, 'emd_loss': 36.40343475341797, 'total_loss': 36.40343475341797}
2024-08-29 08:03:30,359 INFO =====> Param: E: [933048.75], nu: [0.37499154], rho: [2168.206], sand_angle: [40.]
2024-08-29 08:03:30,359 INFO =====> Grad: [-6.2815011e-03 -1.4754183e+05 -1.1207593e+02 -2.4146626e+03]
2024-08-29 08:03:30,359 INFO =====> Num. aborted data so far: 0
2024-08-29 08:03:30,743 INFO ===> New TaichiEnv created.
2024-08-29 08:03:30,744 INFO ===> Specifications: horizon = 311, dt = 0.01, n_substeps = 20, dt_sub = 0.0005
2024-08-29 08:03:30,768 DEBUG loaded <trimesh.Trimesh(vertices.shape=(916, 3), faces.shape=(856, 3))> using `load_obj` in 0.0029s
2024-08-29 08:03:30,931 DEBUG loaded <trimesh.Trimesh(vertices.shape=(48, 3), faces.shape=(28, 3))> using `load_obj` in 0.0008s
2024-08-29 08:06:45,982 INFO =====> Epoch: 74
2024-08-29 08:06:45,982 INFO =====> Loss info: {'particle_has_naninf': False, 'height_map_loss': 38.74801254272461, 'emd_loss': 36.42156982421875, 'total_loss': 36.42156982421875}
2024-08-29 08:06:45,982 INFO =====> Param: E: [924186.7], nu: [0.38071325], rho: [2160.2844], sand_angle: [40.]
2024-08-29 08:06:45,983 INFO =====> Grad: [-5.58092585e-03 -1.04160625e+05  4.06598206e+01 -1.69954736e+03]
2024-08-29 08:06:45,983 INFO =====> Num. aborted data so far: 0
2024-08-29 08:06:46,354 INFO ===> New TaichiEnv created.
2024-08-29 08:06:46,354 INFO ===> Specifications: horizon = 311, dt = 0.01, n_substeps = 20, dt_sub = 0.0005
2024-08-29 08:06:46,376 DEBUG loaded <trimesh.Trimesh(vertices.shape=(916, 3), faces.shape=(856, 3))> using `load_obj` in 0.0030s
2024-08-29 08:06:46,526 DEBUG loaded <trimesh.Trimesh(vertices.shape=(48, 3), faces.shape=(28, 3))> using `load_obj` in 0.0007s
2024-08-29 08:10:01,071 INFO =====> Epoch: 75
2024-08-29 08:10:01,072 INFO =====> Loss info: {'particle_has_naninf': False, 'height_map_loss': 38.790794372558594, 'emd_loss': 36.400428771972656, 'total_loss': 36.400428771972656}
2024-08-29 08:10:01,072 INFO =====> Param: E: [915400.9], nu: [0.38744518], rho: [2148.9631], sand_angle: [40.]
2024-08-29 08:10:01,072 INFO =====> Grad: [ 1.9792079e-03 -3.1390320e+04  4.1029755e+01  3.5697345e+02]
2024-08-29 08:10:01,072 INFO =====> Num. aborted data so far: 0
2024-08-29 08:10:01,436 INFO ===> New TaichiEnv created.
2024-08-29 08:10:01,436 INFO ===> Specifications: horizon = 311, dt = 0.01, n_substeps = 20, dt_sub = 0.0005
2024-08-29 08:10:01,458 DEBUG loaded <trimesh.Trimesh(vertices.shape=(916, 3), faces.shape=(856, 3))> using `load_obj` in 0.0029s
2024-08-29 08:10:01,603 DEBUG loaded <trimesh.Trimesh(vertices.shape=(48, 3), faces.shape=(28, 3))> using `load_obj` in 0.0007s
2024-08-29 08:13:16,390 INFO =====> Epoch: 76
2024-08-29 08:13:16,390 INFO =====> Loss info: {'particle_has_naninf': False, 'height_map_loss': 38.83476638793945, 'emd_loss': 36.459415435791016, 'total_loss': 36.459415435791016}
2024-08-29 08:13:16,391 INFO =====> Param: E: [907477.8], nu: [0.39656815], rho: [2141.977], sand_angle: [40.]
2024-08-29 08:13:16,391 INFO =====> Grad: [-9.8279430e-05 -6.1253332e+04 -3.2072769e+01 -1.7684281e+03]
2024-08-29 08:13:16,391 INFO =====> Num. aborted data so far: 0
2024-08-29 08:13:16,746 INFO ===> New TaichiEnv created.
2024-08-29 08:13:16,746 INFO ===> Specifications: horizon = 311, dt = 0.01, n_substeps = 20, dt_sub = 0.0005
2024-08-29 08:13:16,769 DEBUG loaded <trimesh.Trimesh(vertices.shape=(916, 3), faces.shape=(856, 3))> using `load_obj` in 0.0030s
2024-08-29 08:13:16,911 DEBUG loaded <trimesh.Trimesh(vertices.shape=(48, 3), faces.shape=(28, 3))> using `load_obj` in 0.0007s
2024-08-29 08:16:31,123 INFO =====> Epoch: 77
2024-08-29 08:16:31,124 INFO =====> Loss info: {'particle_has_naninf': False, 'height_map_loss': 38.88920211791992, 'emd_loss': 36.46744918823242, 'total_loss': 36.46744918823242}
2024-08-29 08:16:31,124 INFO =====> Param: E: [900060.06], nu: [0.4], rho: [2125.0964], sand_angle: [40.]
2024-08-29 08:16:31,124 INFO =====> Grad: [6.1784365e-04 6.3889230e+04 1.0421133e+02 2.2360921e+00]
2024-08-29 08:16:31,124 INFO =====> Num. aborted data so far: 0
2024-08-29 08:16:31,486 INFO ===> New TaichiEnv created.
2024-08-29 08:16:31,486 INFO ===> Specifications: horizon = 311, dt = 0.01, n_substeps = 20, dt_sub = 0.0005
2024-08-29 08:16:31,508 DEBUG loaded <trimesh.Trimesh(vertices.shape=(916, 3), faces.shape=(856, 3))> using `load_obj` in 0.0029s
2024-08-29 08:16:31,650 DEBUG loaded <trimesh.Trimesh(vertices.shape=(48, 3), faces.shape=(28, 3))> using `load_obj` in 0.0007s
2024-08-29 08:19:47,516 INFO =====> Epoch: 78
2024-08-29 08:19:47,517 INFO =====> Loss info: {'particle_has_naninf': False, 'height_map_loss': 38.91606521606445, 'emd_loss': 36.4573974609375, 'total_loss': 36.4573974609375}
2024-08-29 08:19:47,517 INFO =====> Param: E: [891699.6], nu: [0.4], rho: [2112.9702], sand_angle: [40.]
2024-08-29 08:19:47,517 INFO =====> Grad: [ 4.2217090e-03 -1.6834777e+04 -3.0857298e+01 -2.1359790e+03]
2024-08-29 08:19:47,517 INFO =====> Num. aborted data so far: 0
2024-08-29 08:19:47,899 INFO ===> New TaichiEnv created.
2024-08-29 08:19:47,899 INFO ===> Specifications: horizon = 311, dt = 0.01, n_substeps = 20, dt_sub = 0.0005
2024-08-29 08:19:47,923 DEBUG loaded <trimesh.Trimesh(vertices.shape=(916, 3), faces.shape=(856, 3))> using `load_obj` in 0.0030s
2024-08-29 08:19:48,069 DEBUG loaded <trimesh.Trimesh(vertices.shape=(48, 3), faces.shape=(28, 3))> using `load_obj` in 0.0007s
2024-08-29 08:23:04,729 INFO =====> Epoch: 79
2024-08-29 08:23:04,729 INFO =====> Loss info: {'particle_has_naninf': False, 'height_map_loss': 38.911006927490234, 'emd_loss': 36.478424072265625, 'total_loss': 36.478424072265625}
2024-08-29 08:23:04,730 INFO =====> Param: E: [890919.6], nu: [0.4], rho: [2112.2898], sand_angle: [40.]
2024-08-29 08:23:04,730 INFO =====> Grad: [-1.7297300e-02 -1.0846552e+05 -1.0002082e+02 -5.2909155e+02]
2024-08-29 08:23:04,730 INFO =====> Num. aborted data so far: 0
2024-08-29 08:23:05,112 INFO ===> New TaichiEnv created.
2024-08-29 08:23:05,112 INFO ===> Specifications: horizon = 311, dt = 0.01, n_substeps = 20, dt_sub = 0.0005
2024-08-29 08:23:05,136 DEBUG loaded <trimesh.Trimesh(vertices.shape=(916, 3), faces.shape=(856, 3))> using `load_obj` in 0.0029s
2024-08-29 08:23:05,290 DEBUG loaded <trimesh.Trimesh(vertices.shape=(48, 3), faces.shape=(28, 3))> using `load_obj` in 0.0008s
2024-08-29 08:26:19,833 INFO =====> Epoch: 80
2024-08-29 08:26:19,833 INFO =====> Loss info: {'particle_has_naninf': False, 'height_map_loss': 38.91926574707031, 'emd_loss': 36.49348831176758, 'total_loss': 36.49348831176758}
2024-08-29 08:26:19,833 INFO =====> Param: E: [884579.1], nu: [0.3946816], rho: [2105.3435], sand_angle: [40.]
2024-08-29 08:26:19,833 INFO =====> Grad: [1.4576270e-02 2.9680394e+05 6.1668831e+01 1.8751537e+03]
2024-08-29 08:26:19,833 INFO =====> Num. aborted data so far: 0
2024-08-29 08:26:20,274 INFO ===> New TaichiEnv created.
2024-08-29 08:26:20,274 INFO ===> Specifications: horizon = 311, dt = 0.01, n_substeps = 20, dt_sub = 0.0005
2024-08-29 08:26:20,304 DEBUG loaded <trimesh.Trimesh(vertices.shape=(916, 3), faces.shape=(856, 3))> using `load_obj` in 0.0039s
2024-08-29 08:26:20,496 DEBUG loaded <trimesh.Trimesh(vertices.shape=(48, 3), faces.shape=(28, 3))> using `load_obj` in 0.0008s
2024-08-29 08:29:36,039 INFO =====> Epoch: 81
2024-08-29 08:29:36,039 INFO =====> Loss info: {'particle_has_naninf': False, 'height_map_loss': 38.86267852783203, 'emd_loss': 36.44496154785156, 'total_loss': 36.44496154785156}
2024-08-29 08:29:36,039 INFO =====> Param: E: [879736.25], nu: [0.39281812], rho: [2092.0188], sand_angle: [40.]
2024-08-29 08:29:36,039 INFO =====> Grad: [-2.3087987e-03 -6.1419957e+04  6.8476753e+01 -5.3929437e+02]
2024-08-29 08:29:36,039 INFO =====> Num. aborted data so far: 0
2024-08-29 08:29:36,406 INFO ===> New TaichiEnv created.
2024-08-29 08:29:36,406 INFO ===> Specifications: horizon = 311, dt = 0.01, n_substeps = 20, dt_sub = 0.0005
2024-08-29 08:29:36,430 DEBUG loaded <trimesh.Trimesh(vertices.shape=(916, 3), faces.shape=(856, 3))> using `load_obj` in 0.0029s
2024-08-29 08:29:36,576 DEBUG loaded <trimesh.Trimesh(vertices.shape=(48, 3), faces.shape=(28, 3))> using `load_obj` in 0.0007s
2024-08-29 08:32:50,937 INFO =====> Epoch: 82
2024-08-29 08:32:50,938 INFO =====> Loss info: {'particle_has_naninf': False, 'height_map_loss': 38.84815979003906, 'emd_loss': 36.48968505859375, 'total_loss': 36.48968505859375}
2024-08-29 08:32:50,938 INFO =====> Param: E: [872237.6], nu: [0.3944148], rho: [2073.7693], sand_angle: [40.]
2024-08-29 08:32:50,938 INFO =====> Grad: [ 7.9918215e-03 -6.8202578e+04  6.0066528e+01 -2.3377905e+03]
2024-08-29 08:32:50,938 INFO =====> Num. aborted data so far: 0
2024-08-29 08:32:51,294 INFO ===> New TaichiEnv created.
2024-08-29 08:32:51,294 INFO ===> Specifications: horizon = 311, dt = 0.01, n_substeps = 20, dt_sub = 0.0005
2024-08-29 08:32:51,320 DEBUG loaded <trimesh.Trimesh(vertices.shape=(916, 3), faces.shape=(856, 3))> using `load_obj` in 0.0050s
2024-08-29 08:32:51,464 DEBUG loaded <trimesh.Trimesh(vertices.shape=(48, 3), faces.shape=(28, 3))> using `load_obj` in 0.0007s
2024-08-29 08:36:05,352 INFO =====> Epoch: 83
2024-08-29 08:36:05,352 INFO =====> Loss info: {'particle_has_naninf': False, 'height_map_loss': 38.85582733154297, 'emd_loss': 36.501773834228516, 'total_loss': 36.501773834228516}
2024-08-29 08:36:05,352 INFO =====> Param: E: [856713.94], nu: [0.38560587], rho: [2048.8142], sand_angle: [40.]
2024-08-29 08:36:05,353 INFO =====> Grad: [2.2999864e-02 2.1682786e+05 8.2085320e+01 2.3597493e+03]
2024-08-29 08:36:05,353 INFO =====> Num. aborted data so far: 0
2024-08-29 08:36:05,708 INFO ===> New TaichiEnv created.
2024-08-29 08:36:05,709 INFO ===> Specifications: horizon = 311, dt = 0.01, n_substeps = 20, dt_sub = 0.0005
2024-08-29 08:36:05,731 DEBUG loaded <trimesh.Trimesh(vertices.shape=(916, 3), faces.shape=(856, 3))> using `load_obj` in 0.0029s
2024-08-29 08:36:05,874 DEBUG loaded <trimesh.Trimesh(vertices.shape=(48, 3), faces.shape=(28, 3))> using `load_obj` in 0.0007s
2024-08-29 08:39:21,370 INFO =====> Epoch: 84
2024-08-29 08:39:21,370 INFO =====> Loss info: {'particle_has_naninf': False, 'height_map_loss': 38.78821563720703, 'emd_loss': 36.44342803955078, 'total_loss': 36.44342803955078}
2024-08-29 08:39:21,371 INFO =====> Param: E: [845350.25], nu: [0.3793047], rho: [2027.2256], sand_angle: [40.]
2024-08-29 08:39:21,372 INFO =====> Grad: [-6.8939007e-03 -3.5256098e+04 -9.6760864e+00 -6.9558344e+02]
2024-08-29 08:39:21,372 INFO =====> Num. aborted data so far: 0
2024-08-29 08:39:21,739 INFO ===> New TaichiEnv created.
2024-08-29 08:39:21,739 INFO ===> Specifications: horizon = 311, dt = 0.01, n_substeps = 20, dt_sub = 0.0005
2024-08-29 08:39:21,761 DEBUG loaded <trimesh.Trimesh(vertices.shape=(916, 3), faces.shape=(856, 3))> using `load_obj` in 0.0029s
2024-08-29 08:39:21,906 DEBUG loaded <trimesh.Trimesh(vertices.shape=(48, 3), faces.shape=(28, 3))> using `load_obj` in 0.0007s
2024-08-29 08:42:37,279 INFO =====> Epoch: 85
2024-08-29 08:42:37,279 INFO =====> Loss info: {'particle_has_naninf': False, 'height_map_loss': 38.7327995300293, 'emd_loss': 36.42510223388672, 'total_loss': 36.42510223388672}
2024-08-29 08:42:37,279 INFO =====> Param: E: [835104.25], nu: [0.37862685], rho: [2022.249], sand_angle: [40.]
2024-08-29 08:42:37,280 INFO =====> Grad: [-1.1235318e-04 -1.0538897e+05 -1.3837961e+02 -1.2564047e+03]
2024-08-29 08:42:37,280 INFO =====> Num. aborted data so far: 0
2024-08-29 08:42:37,662 INFO ===> New TaichiEnv created.
2024-08-29 08:42:37,662 INFO ===> Specifications: horizon = 311, dt = 0.01, n_substeps = 20, dt_sub = 0.0005
2024-08-29 08:42:37,686 DEBUG loaded <trimesh.Trimesh(vertices.shape=(916, 3), faces.shape=(856, 3))> using `load_obj` in 0.0029s
2024-08-29 08:42:37,841 DEBUG loaded <trimesh.Trimesh(vertices.shape=(48, 3), faces.shape=(28, 3))> using `load_obj` in 0.0008s
2024-08-29 08:45:52,491 INFO =====> Epoch: 86
2024-08-29 08:45:52,491 INFO =====> Loss info: {'particle_has_naninf': False, 'height_map_loss': 38.73845291137695, 'emd_loss': 36.40147399902344, 'total_loss': 36.40147399902344}
2024-08-29 08:45:52,491 INFO =====> Param: E: [840630.06], nu: [0.38759476], rho: [2038.7875], sand_angle: [40.]
2024-08-29 08:45:52,491 INFO =====> Grad: [-3.8520891e-02 -2.0529212e+05 -2.0638107e+02 -4.1993350e+03]
2024-08-29 08:45:52,491 INFO =====> Num. aborted data so far: 0
2024-08-29 08:45:52,919 INFO ===> New TaichiEnv created.
2024-08-29 08:45:52,919 INFO ===> Specifications: horizon = 311, dt = 0.01, n_substeps = 20, dt_sub = 0.0005
2024-08-29 08:45:52,949 DEBUG loaded <trimesh.Trimesh(vertices.shape=(916, 3), faces.shape=(856, 3))> using `load_obj` in 0.0039s
2024-08-29 08:45:53,143 DEBUG loaded <trimesh.Trimesh(vertices.shape=(48, 3), faces.shape=(28, 3))> using `load_obj` in 0.0009s
2024-08-29 08:49:08,465 INFO =====> Epoch: 87
2024-08-29 08:49:08,465 INFO =====> Loss info: {'particle_has_naninf': False, 'height_map_loss': 38.792266845703125, 'emd_loss': 36.4680061340332, 'total_loss': 36.4680061340332}
2024-08-29 08:49:08,465 INFO =====> Param: E: [852634.], nu: [0.4], rho: [2061.9993], sand_angle: [40.]
2024-08-29 08:49:08,465 INFO =====> Grad: [-1.9088821e-02 -1.5278178e+05 -8.1706497e+01 -9.8527264e+02]
2024-08-29 08:49:08,465 INFO =====> Num. aborted data so far: 0
2024-08-29 08:49:08,839 INFO ===> New TaichiEnv created.
2024-08-29 08:49:08,839 INFO ===> Specifications: horizon = 311, dt = 0.01, n_substeps = 20, dt_sub = 0.0005
2024-08-29 08:49:08,861 DEBUG loaded <trimesh.Trimesh(vertices.shape=(916, 3), faces.shape=(856, 3))> using `load_obj` in 0.0029s
2024-08-29 08:49:09,008 DEBUG loaded <trimesh.Trimesh(vertices.shape=(48, 3), faces.shape=(28, 3))> using `load_obj` in 0.0007s
2024-08-29 08:52:23,757 INFO =====> Epoch: 88
2024-08-29 08:52:23,758 INFO =====> Loss info: {'particle_has_naninf': False, 'height_map_loss': 38.889930725097656, 'emd_loss': 36.48136520385742, 'total_loss': 36.48136520385742}
2024-08-29 08:52:23,758 INFO =====> Param: E: [871365.6], nu: [0.4], rho: [2099.1777], sand_angle: [40.]
2024-08-29 08:52:23,758 INFO =====> Grad: [-2.1916570e-02 -1.5963017e+05 -1.6416060e+02 -2.9202734e+03]
2024-08-29 08:52:23,758 INFO =====> Num. aborted data so far: 0
2024-08-29 08:52:24,126 INFO ===> New TaichiEnv created.
2024-08-29 08:52:24,127 INFO ===> Specifications: horizon = 311, dt = 0.01, n_substeps = 20, dt_sub = 0.0005
2024-08-29 08:52:24,149 DEBUG loaded <trimesh.Trimesh(vertices.shape=(916, 3), faces.shape=(856, 3))> using `load_obj` in 0.0029s
2024-08-29 08:52:24,292 DEBUG loaded <trimesh.Trimesh(vertices.shape=(48, 3), faces.shape=(28, 3))> using `load_obj` in 0.0007s
2024-08-29 08:55:38,217 INFO =====> Epoch: 89
2024-08-29 08:55:38,217 INFO =====> Loss info: {'particle_has_naninf': False, 'height_map_loss': 38.91269302368164, 'emd_loss': 36.49272537231445, 'total_loss': 36.49272537231445}
2024-08-29 08:55:38,218 INFO =====> Param: E: [887233.1], nu: [0.4], rho: [2136.739], sand_angle: [40.]
2024-08-29 08:55:38,218 INFO =====> Grad: [ 2.9447984e-03 -7.7323656e+04 -3.8952179e+01 -2.6590598e+03]
2024-08-29 08:55:38,218 INFO =====> Num. aborted data so far: 0
2024-08-29 08:55:38,577 INFO ===> New TaichiEnv created.
2024-08-29 08:55:38,577 INFO ===> Specifications: horizon = 311, dt = 0.01, n_substeps = 20, dt_sub = 0.0005
2024-08-29 08:55:38,599 DEBUG loaded <trimesh.Trimesh(vertices.shape=(916, 3), faces.shape=(856, 3))> using `load_obj` in 0.0029s
2024-08-29 08:55:38,742 DEBUG loaded <trimesh.Trimesh(vertices.shape=(48, 3), faces.shape=(28, 3))> using `load_obj` in 0.0007s
2024-08-29 08:58:53,681 INFO =====> Epoch: 90
2024-08-29 08:58:53,681 INFO =====> Loss info: {'particle_has_naninf': False, 'height_map_loss': 38.909996032714844, 'emd_loss': 36.480323791503906, 'total_loss': 36.480323791503906}
2024-08-29 08:58:53,681 INFO =====> Param: E: [897333.44], nu: [0.4], rho: [2173.993], sand_angle: [40.]
2024-08-29 08:58:53,681 INFO =====> Grad: [ 1.1392906e-02  8.1311188e+04 -3.2240215e+01 -4.2419687e+02]
2024-08-29 08:58:53,682 INFO =====> Num. aborted data so far: 0
2024-08-29 08:58:54,054 INFO ===> New TaichiEnv created.
2024-08-29 08:58:54,054 INFO ===> Specifications: horizon = 311, dt = 0.01, n_substeps = 20, dt_sub = 0.0005
2024-08-29 08:58:54,077 DEBUG loaded <trimesh.Trimesh(vertices.shape=(916, 3), faces.shape=(856, 3))> using `load_obj` in 0.0029s
2024-08-29 08:58:54,220 DEBUG loaded <trimesh.Trimesh(vertices.shape=(48, 3), faces.shape=(28, 3))> using `load_obj` in 0.0007s
2024-08-29 09:02:09,295 INFO =====> Epoch: 91
2024-08-29 09:02:09,295 INFO =====> Loss info: {'particle_has_naninf': False, 'height_map_loss': 38.884708404541016, 'emd_loss': 36.475852966308594, 'total_loss': 36.475852966308594}
2024-08-29 09:02:09,296 INFO =====> Param: E: [913855.8], nu: [0.4], rho: [2200.], sand_angle: [40.]
2024-08-29 09:02:09,296 INFO =====> Grad: [-2.0463500e-02 -8.7912422e+04  1.7026590e+01  6.9514244e+01]
2024-08-29 09:02:09,296 INFO =====> Num. aborted data so far: 0
2024-08-29 09:02:09,685 INFO ===> New TaichiEnv created.
2024-08-29 09:02:09,686 INFO ===> Specifications: horizon = 311, dt = 0.01, n_substeps = 20, dt_sub = 0.0005
2024-08-29 09:02:09,710 DEBUG loaded <trimesh.Trimesh(vertices.shape=(916, 3), faces.shape=(856, 3))> using `load_obj` in 0.0029s
2024-08-29 09:02:09,867 DEBUG loaded <trimesh.Trimesh(vertices.shape=(48, 3), faces.shape=(28, 3))> using `load_obj` in 0.0008s
2024-08-29 09:05:24,497 INFO =====> Epoch: 92
2024-08-29 09:05:24,498 INFO =====> Loss info: {'particle_has_naninf': False, 'height_map_loss': 38.903053283691406, 'emd_loss': 36.49015426635742, 'total_loss': 36.49015426635742}
2024-08-29 09:05:24,498 INFO =====> Param: E: [921289.06], nu: [0.4], rho: [2200.], sand_angle: [40.]
2024-08-29 09:05:24,498 INFO =====> Grad: [2.0162998e-02 9.4650344e+04 5.6795128e+01 2.6881921e+03]
2024-08-29 09:05:24,498 INFO =====> Num. aborted data so far: 0
2024-08-29 09:05:24,871 INFO ===> New TaichiEnv created.
2024-08-29 09:05:24,871 INFO ===> Specifications: horizon = 311, dt = 0.01, n_substeps = 20, dt_sub = 0.0005
2024-08-29 09:05:24,900 DEBUG loaded <trimesh.Trimesh(vertices.shape=(916, 3), faces.shape=(856, 3))> using `load_obj` in 0.0039s
2024-08-29 09:05:25,093 DEBUG loaded <trimesh.Trimesh(vertices.shape=(48, 3), faces.shape=(28, 3))> using `load_obj` in 0.0008s
2024-08-29 09:08:39,801 INFO =====> Epoch: 93
2024-08-29 09:08:39,801 INFO =====> Loss info: {'particle_has_naninf': False, 'height_map_loss': 38.90450668334961, 'emd_loss': 36.466590881347656, 'total_loss': 36.466590881347656}
2024-08-29 09:08:39,801 INFO =====> Param: E: [937949.1], nu: [0.4], rho: [2200.], sand_angle: [40.]
2024-08-29 09:08:39,801 INFO =====> Grad: [-2.8205233e-02  5.9535328e+04 -1.3730762e+02 -2.6854694e+02]
2024-08-29 09:08:39,801 INFO =====> Num. aborted data so far: 0
2024-08-29 09:08:40,170 INFO ===> New TaichiEnv created.
2024-08-29 09:08:40,170 INFO ===> Specifications: horizon = 311, dt = 0.01, n_substeps = 20, dt_sub = 0.0005
2024-08-29 09:08:40,193 DEBUG loaded <trimesh.Trimesh(vertices.shape=(916, 3), faces.shape=(856, 3))> using `load_obj` in 0.0030s
2024-08-29 09:08:40,343 DEBUG loaded <trimesh.Trimesh(vertices.shape=(48, 3), faces.shape=(28, 3))> using `load_obj` in 0.0007s
2024-08-29 09:11:55,149 INFO =====> Epoch: 94
2024-08-29 09:11:55,149 INFO =====> Loss info: {'particle_has_naninf': False, 'height_map_loss': 38.91143035888672, 'emd_loss': 36.45962905883789, 'total_loss': 36.45962905883789}
2024-08-29 09:11:55,150 INFO =====> Param: E: [955892.4], nu: [0.4], rho: [2200.], sand_angle: [40.]
2024-08-29 09:11:55,150 INFO =====> Grad: [-8.0617405e-03 -1.6953362e+05 -5.2561966e+01 -9.3802979e+02]
2024-08-29 09:11:55,150 INFO =====> Num. aborted data so far: 0
2024-08-29 09:11:55,514 INFO ===> New TaichiEnv created.
2024-08-29 09:11:55,514 INFO ===> Specifications: horizon = 311, dt = 0.01, n_substeps = 20, dt_sub = 0.0005
2024-08-29 09:11:55,537 DEBUG loaded <trimesh.Trimesh(vertices.shape=(916, 3), faces.shape=(856, 3))> using `load_obj` in 0.0029s
2024-08-29 09:11:55,679 DEBUG loaded <trimesh.Trimesh(vertices.shape=(48, 3), faces.shape=(28, 3))> using `load_obj` in 0.0007s
2024-08-29 09:15:09,664 INFO =====> Epoch: 95
2024-08-29 09:15:09,664 INFO =====> Loss info: {'particle_has_naninf': False, 'height_map_loss': 38.93556213378906, 'emd_loss': 36.483001708984375, 'total_loss': 36.483001708984375}
2024-08-29 09:15:09,664 INFO =====> Param: E: [967300.06], nu: [0.4], rho: [2200.], sand_angle: [40.]
2024-08-29 09:15:09,664 INFO =====> Grad: [ 1.3225641e-02  6.4441355e+04  4.0187702e+01 -2.4018710e+02]
2024-08-29 09:15:09,664 INFO =====> Num. aborted data so far: 0
2024-08-29 09:15:10,033 INFO ===> New TaichiEnv created.
2024-08-29 09:15:10,033 INFO ===> Specifications: horizon = 311, dt = 0.01, n_substeps = 20, dt_sub = 0.0005
2024-08-29 09:15:10,056 DEBUG loaded <trimesh.Trimesh(vertices.shape=(916, 3), faces.shape=(856, 3))> using `load_obj` in 0.0029s
2024-08-29 09:15:10,197 DEBUG loaded <trimesh.Trimesh(vertices.shape=(48, 3), faces.shape=(28, 3))> using `load_obj` in 0.0007s
