2025-05-25 18:25:56,641 INFO =====> Skill params: [ 0.46502045  0.2         0.8         0.         -0.5       ]
2025-05-25 18:25:56,641 INFO =====> Grad: [ 2421.3333     74.11413   231.07074  -155.08199 -1000.     ]
2025-05-25 18:25:56,642 INFO =====> Num. aborted data so far: 0
2025-05-25 18:25:56,642 INFO ===========> Epoch: 0 optimisation losses
2025-05-25 18:25:56,642 INFO =====> EMD Loss: 25.486801
2025-05-25 18:25:56,642 INFO =====> Height map loss: 11.982019
2025-05-25 18:26:05,597 INFO ==> EMD Loss: 25.178511
2025-05-25 18:26:05,597 INFO ==> Height map loss:  11.761332
2025-05-25 18:26:14,327 INFO ==> EMD Loss: 25.399183
2025-05-25 18:26:14,327 INFO ==> Height map loss:  12.482997
2025-05-25 18:26:23,184 INFO ==> EMD Loss: 26.259665
2025-05-25 18:26:23,184 INFO ==> Height map loss:  12.796613
2025-05-25 18:26:31,967 INFO ==> EMD Loss: 27.242695
2025-05-25 18:26:31,967 INFO ==> Height map loss:  13.549812
2025-05-25 18:26:40,904 INFO ==> EMD Loss: 28.021530
2025-05-25 18:26:40,905 INFO ==> Height map loss:  14.547981
2025-05-25 18:27:00,795 INFO =====> Skill params: [ 0.45553362  0.19051316  0.79051316  0.00948683 -0.49051318]
2025-05-25 18:27:00,795 INFO =====> Grad: [-2361.924    3558.5032   -253.5977   -306.02426   674.0553 ]
2025-05-25 18:27:00,795 INFO =====> Num. aborted data so far: 0
2025-05-25 18:27:00,796 INFO ===========> Epoch: 1 optimisation losses
2025-05-25 18:27:00,796 INFO =====> EMD Loss: 25.410469
2025-05-25 18:27:00,796 INFO =====> Height map loss: 11.947813
2025-05-25 18:27:09,640 INFO ==> EMD Loss: 24.953266
2025-05-25 18:27:09,640 INFO ==> Height map loss:  11.704378
2025-05-25 18:27:18,671 INFO ==> EMD Loss: 24.061525
2025-05-25 18:27:18,671 INFO ==> Height map loss:  10.445178
2025-05-25 18:27:27,456 INFO ==> EMD Loss: 23.471186
2025-05-25 18:27:27,456 INFO ==> Height map loss:  9.480624
2025-05-25 18:27:36,566 INFO ==> EMD Loss: 24.016886
2025-05-25 18:27:36,566 INFO ==> Height map loss:  9.528064
2025-05-25 18:27:45,682 INFO ==> EMD Loss: 24.512072
2025-05-25 18:27:45,683 INFO ==> Height map loss:  11.531937
2025-05-25 18:28:05,525 INFO =====> Skill params: [ 0.52354276  0.09566335  0.8622841   0.09498751 -0.54546106]
2025-05-25 18:28:05,525 INFO =====> Grad: [ 1035.5417  -6401.489     202.67915   343.55106   842.7208 ]
2025-05-25 18:28:05,525 INFO =====> Num. aborted data so far: 0
2025-05-25 18:28:05,526 INFO ===========> Epoch: 2 optimisation losses
2025-05-25 18:28:05,526 INFO =====> EMD Loss: 23.661232
2025-05-25 18:28:05,526 INFO =====> Height map loss: 9.596606
2025-05-25 18:28:14,621 INFO ==> EMD Loss: 23.521257
2025-05-25 18:28:14,621 INFO ==> Height map loss:  9.446465
2025-05-25 18:28:23,714 INFO ==> EMD Loss: 23.648680
2025-05-25 18:28:23,714 INFO ==> Height map loss:  9.882842
2025-05-25 18:28:32,486 INFO ==> EMD Loss: 23.721609
2025-05-25 18:28:32,486 INFO ==> Height map loss:  9.639141
2025-05-25 18:28:41,350 INFO ==> EMD Loss: 23.852236
2025-05-25 18:28:41,351 INFO ==> Height map loss:  10.198895
2025-05-25 18:28:50,150 INFO ==> EMD Loss: 23.691013
2025-05-25 18:28:50,150 INFO ==> Height map loss:  10.591363
2025-05-25 18:29:10,249 INFO =====> Skill params: [ 0.5205592   0.10405445  0.8571853   0.08806701 -0.55121714]
2025-05-25 18:29:10,249 INFO =====> Grad: [ 224.82469   58.62575 -300.49625  754.8658  -925.72235]
2025-05-25 18:29:10,255 INFO =====> Num. aborted data so far: 0
2025-05-25 18:29:10,256 INFO ===========> Epoch: 3 optimisation losses
2025-05-25 18:29:10,256 INFO =====> EMD Loss: 23.634249
2025-05-25 18:29:10,256 INFO =====> Height map loss: 9.665421
2025-05-25 18:29:19,217 INFO ==> EMD Loss: 23.551723
2025-05-25 18:29:19,217 INFO ==> Height map loss:  9.431731
2025-05-25 18:29:28,294 INFO ==> EMD Loss: 23.451725
2025-05-25 18:29:28,294 INFO ==> Height map loss:  9.850443
2025-05-25 18:29:37,407 INFO ==> EMD Loss: 23.630587
2025-05-25 18:29:37,407 INFO ==> Height map loss:  9.942215
2025-05-25 18:29:46,357 INFO ==> EMD Loss: 23.399401
2025-05-25 18:29:46,357 INFO ==> Height map loss:  10.476763
2025-05-25 18:29:55,632 INFO ==> EMD Loss: 23.753183
2025-05-25 18:29:55,632 INFO ==> Height map loss:  10.299518
2025-05-25 18:30:15,602 INFO =====> Skill params: [ 0.51987815  0.10397345  0.863287    0.07990298 -0.5457635 ]
2025-05-25 18:30:15,602 INFO =====> Grad: [  742.92755 -3841.6516   -170.77701   336.32965   214.96553]
2025-05-25 18:30:15,602 INFO =====> Num. aborted data so far: 0
2025-05-25 18:30:15,603 INFO ===========> Epoch: 4 optimisation losses
2025-05-25 18:30:15,603 INFO =====> EMD Loss: 23.441387
2025-05-25 18:30:15,603 INFO =====> Height map loss: 9.721704
2025-05-25 18:30:24,823 INFO ==> EMD Loss: 23.825695
2025-05-25 18:30:24,823 INFO ==> Height map loss:  9.518291
2025-05-25 18:30:33,752 INFO ==> EMD Loss: 23.687637
2025-05-25 18:30:33,752 INFO ==> Height map loss:  9.983448
2025-05-25 18:30:42,915 INFO ==> EMD Loss: 23.800697
2025-05-25 18:30:42,916 INFO ==> Height map loss:  10.308011
2025-05-25 18:30:51,770 INFO ==> EMD Loss: 24.082249
2025-05-25 18:30:51,771 INFO ==> Height map loss:  10.295875
2025-05-25 18:31:00,803 INFO ==> EMD Loss: 24.289293
2025-05-25 18:31:00,803 INFO ==> Height map loss:  10.948144
2025-05-25 18:31:20,918 INFO =====> Skill params: [ 0.5175768   0.10879272  0.8666978   0.07634811 -0.5470854 ]
2025-05-25 18:31:20,918 INFO =====> Grad: [-1142.6543  4737.3535  -263.9508  -689.8056  -717.5445]
2025-05-25 18:31:20,918 INFO =====> Num. aborted data so far: 0
2025-05-25 18:31:20,918 INFO ===========> Epoch: 5 optimisation losses
2025-05-25 18:31:20,919 INFO =====> EMD Loss: 23.731270
2025-05-25 18:31:20,919 INFO =====> Height map loss: 9.872542
2025-05-25 18:31:29,947 INFO ==> EMD Loss: 23.514894
2025-05-25 18:31:29,947 INFO ==> Height map loss:  9.532906
2025-05-25 18:31:39,126 INFO ==> EMD Loss: 23.654884
2025-05-25 18:31:39,126 INFO ==> Height map loss:  9.645700
2025-05-25 18:31:48,195 INFO ==> EMD Loss: 24.265493
2025-05-25 18:31:48,195 INFO ==> Height map loss:  9.553511
2025-05-25 18:31:57,503 INFO ==> EMD Loss: 25.170319
2025-05-25 18:31:57,503 INFO ==> Height map loss:  10.626083
2025-05-25 18:32:06,618 INFO ==> EMD Loss: 25.808216
2025-05-25 18:32:06,618 INFO ==> Height map loss:  11.247349
2025-05-25 18:32:26,643 INFO =====> Skill params: [ 0.52104896  0.10356519  0.8714927   0.08231981 -0.5429092 ]
2025-05-25 18:32:26,643 INFO =====> Grad: [ 1131.835  -5201.815    265.7652   315.2564  -962.0839]
2025-05-25 18:32:26,643 INFO =====> Num. aborted data so far: 0
2025-05-25 18:32:26,644 INFO ===========> Epoch: 6 optimisation losses
2025-05-25 18:32:26,644 INFO =====> EMD Loss: 23.432817
2025-05-25 18:32:26,644 INFO =====> Height map loss: 9.833083
2025-05-25 18:32:35,840 INFO ==> EMD Loss: 23.324482
2025-05-25 18:32:35,840 INFO ==> Height map loss:  9.998975
2025-05-25 18:32:44,778 INFO ==> EMD Loss: 23.808920
2025-05-25 18:32:44,778 INFO ==> Height map loss:  10.571565
2025-05-25 18:32:53,879 INFO ==> EMD Loss: 24.231823
2025-05-25 18:32:53,879 INFO ==> Height map loss:  11.082224
2025-05-25 18:33:02,856 INFO ==> EMD Loss: 24.897188
2025-05-25 18:33:02,856 INFO ==> Height map loss:  11.832389
2025-05-25 18:33:12,048 INFO ==> EMD Loss: 26.164509
2025-05-25 18:33:12,048 INFO ==> Height map loss:  12.518328
2025-05-25 18:33:31,956 INFO =====> Skill params: [ 0.5176625   0.10866652  0.86700815  0.07956678 -0.53789765]
2025-05-25 18:33:31,956 INFO =====> Grad: [ 1203.1746  -3323.318     252.63623   114.8673   -992.85516]
2025-05-25 18:33:31,956 INFO =====> Num. aborted data so far: 0
2025-05-25 18:33:31,957 INFO ===========> Epoch: 7 optimisation losses
2025-05-25 18:33:31,957 INFO =====> EMD Loss: 23.327801
2025-05-25 18:33:31,957 INFO =====> Height map loss: 10.015474
2025-05-25 18:33:41,198 INFO ==> EMD Loss: 23.582943
2025-05-25 18:33:41,198 INFO ==> Height map loss:  9.881353
2025-05-25 18:33:50,224 INFO ==> EMD Loss: 23.772171
2025-05-25 18:33:50,224 INFO ==> Height map loss:  10.317002
2025-05-25 18:33:59,360 INFO ==> EMD Loss: 24.408382
2025-05-25 18:33:59,361 INFO ==> Height map loss:  11.085135
2025-05-25 18:34:08,314 INFO ==> EMD Loss: 24.749846
2025-05-25 18:34:08,314 INFO ==> Height map loss:  11.749344
2025-05-25 18:34:17,429 INFO ==> EMD Loss: 25.719803
2025-05-25 18:34:17,430 INFO ==> Height map loss:  12.480246
2025-05-25 18:34:37,455 INFO =====> Skill params: [ 0.5141393   0.11189666  0.8629471   0.07851592 -0.5331709 ]
2025-05-25 18:34:37,455 INFO =====> Grad: [  862.6461  -3647.066    -274.37744  -979.2268    914.4925 ]
2025-05-25 18:34:37,455 INFO =====> Num. aborted data so far: 0
2025-05-25 18:34:37,456 INFO ===========> Epoch: 8 optimisation losses
2025-05-25 18:34:37,456 INFO =====> EMD Loss: 24.101780
2025-05-25 18:34:37,456 INFO =====> Height map loss: 10.101034
2025-05-25 18:34:46,478 INFO ==> EMD Loss: 24.401560
2025-05-25 18:34:46,478 INFO ==> Height map loss:  10.067361
2025-05-25 18:34:55,586 INFO ==> EMD Loss: 24.142250
2025-05-25 18:34:55,586 INFO ==> Height map loss:  10.052694
2025-05-25 18:35:04,450 INFO ==> EMD Loss: 23.560942
2025-05-25 18:35:04,450 INFO ==> Height map loss:  10.207569
2025-05-25 18:35:13,492 INFO ==> EMD Loss: 24.255833
2025-05-25 18:35:13,492 INFO ==> Height map loss:  10.581869
2025-05-25 18:35:22,334 INFO ==> EMD Loss: 24.719580
2025-05-25 18:35:22,334 INFO ==> Height map loss:  10.837122
2025-05-25 18:35:42,345 INFO =====> Skill params: [ 0.5013211   0.12927975  0.8838209   0.11197907 -0.5538269 ]
2025-05-25 18:35:42,345 INFO =====> Grad: [-9.4523388e-01  2.3036091e+03 -1.1607904e+02  1.5421815e+02
 -9.4565735e+02]
2025-05-25 18:35:42,345 INFO =====> Num. aborted data so far: 0
2025-05-25 18:35:42,345 INFO ===========> Epoch: 9 optimisation losses
2025-05-25 18:35:42,346 INFO =====> EMD Loss: 24.050423
2025-05-25 18:35:42,346 INFO =====> Height map loss: 10.084109
2025-05-25 18:35:51,335 INFO ==> EMD Loss: 24.008459
2025-05-25 18:35:51,335 INFO ==> Height map loss:  10.061183
2025-05-25 18:36:00,517 INFO ==> EMD Loss: 24.335154
2025-05-25 18:36:00,517 INFO ==> Height map loss:  10.143452
2025-05-25 18:36:09,470 INFO ==> EMD Loss: 23.999651
2025-05-25 18:36:09,470 INFO ==> Height map loss:  10.149659
2025-05-25 18:36:18,628 INFO ==> EMD Loss: 24.338068
2025-05-25 18:36:18,628 INFO ==> Height map loss:  10.319134
2025-05-25 18:36:27,627 INFO ==> EMD Loss: 24.408545
2025-05-25 18:36:27,627 INFO ==> Height map loss:  10.484051
2025-05-25 18:36:47,634 INFO =====> Skill params: [ 0.50132406  0.12703098  0.8856478   0.11087558 -0.54975885]
2025-05-25 18:36:47,634 INFO =====> Grad: [-406.84277  1035.4205   -257.5591   -215.67564   109.763756]
2025-05-25 18:36:47,634 INFO =====> Num. aborted data so far: 0
2025-05-25 18:36:47,635 INFO ===========> Epoch: 10 optimisation losses
2025-05-25 18:36:47,635 INFO =====> EMD Loss: 24.230738
2025-05-25 18:36:47,635 INFO =====> Height map loss: 10.109818
2025-05-25 18:36:56,899 INFO ==> EMD Loss: 24.071505
2025-05-25 18:36:56,899 INFO ==> Height map loss:  10.093477
2025-05-25 18:37:05,898 INFO ==> EMD Loss: 24.021477
2025-05-25 18:37:05,898 INFO ==> Height map loss:  9.997363
2025-05-25 18:37:15,004 INFO ==> EMD Loss: 24.017511
2025-05-25 18:37:15,004 INFO ==> Height map loss:  10.035877
2025-05-25 18:37:24,042 INFO ==> EMD Loss: 24.515192
2025-05-25 18:37:24,043 INFO ==> Height map loss:  9.707998
2025-05-25 18:37:33,218 INFO ==> EMD Loss: 24.067787
2025-05-25 18:37:33,219 INFO ==> Height map loss:  9.874250
2025-05-25 18:37:53,229 INFO =====> Skill params: [ 0.52127624  0.11114918  0.9440859   0.13492545 -0.5572145 ]
2025-05-25 18:37:53,229 INFO =====> Grad: [-1213.6594   5610.1826   -263.13037  -699.04846   271.20773]
2025-05-25 18:37:53,229 INFO =====> Num. aborted data so far: 0
2025-05-25 18:37:53,230 INFO ===========> Epoch: 11 optimisation losses
2025-05-25 18:37:53,230 INFO =====> EMD Loss: 24.316656
2025-05-25 18:37:53,230 INFO =====> Height map loss: 9.770196
2025-05-25 18:38:02,486 INFO ==> EMD Loss: 24.106592
2025-05-25 18:38:02,486 INFO ==> Height map loss:  9.832944
2025-05-25 18:38:11,629 INFO ==> EMD Loss: 24.501671
2025-05-25 18:38:11,629 INFO ==> Height map loss:  9.433948
2025-05-25 18:38:20,835 INFO ==> EMD Loss: 25.334030
2025-05-25 18:38:20,835 INFO ==> Height map loss:  10.149953
2025-05-25 18:38:29,944 INFO ==> EMD Loss: 26.053801
2025-05-25 18:38:29,944 INFO ==> Height map loss:  10.658661
2025-05-25 18:38:39,276 INFO ==> EMD Loss: 25.222614
2025-05-25 18:38:39,276 INFO ==> Height map loss:  11.556050
2025-05-25 18:38:59,758 INFO =====> Skill params: [ 0.540412    0.08565286  0.9632708   0.15864441 -0.5636278 ]
2025-05-25 18:38:59,758 INFO =====> Grad: [-870.1983  4669.864    287.04944   98.49321 1032.8167 ]
2025-05-25 18:38:59,758 INFO =====> Num. aborted data so far: 0
2025-05-25 18:38:59,759 INFO ===========> Epoch: 12 optimisation losses
2025-05-25 18:38:59,759 INFO =====> EMD Loss: 24.755173
2025-05-25 18:38:59,759 INFO =====> Height map loss: 9.578928
2025-05-25 18:39:09,031 INFO ==> EMD Loss: 24.597090
2025-05-25 18:39:09,031 INFO ==> Height map loss:  9.440628
2025-05-25 18:39:18,098 INFO ==> EMD Loss: 24.513071
2025-05-25 18:39:18,098 INFO ==> Height map loss:  9.860054
2025-05-25 18:39:27,308 INFO ==> EMD Loss: 24.532997
2025-05-25 18:39:27,308 INFO ==> Height map loss:  10.200222
2025-05-25 18:39:36,315 INFO ==> EMD Loss: 23.450399
2025-05-25 18:39:36,315 INFO ==> Height map loss:  10.281645
2025-05-25 18:39:45,549 INFO ==> EMD Loss: 23.966761
2025-05-25 18:39:45,549 INFO ==> Height map loss:  10.770285
2025-05-25 18:40:05,623 INFO =====> Skill params: [ 0.5431788   0.08160614  0.9592701   0.1579418  -0.5681531 ]
2025-05-25 18:40:05,623 INFO =====> Grad: [  820.6605  -5311.982    -267.45462  -246.70976   764.3174 ]
2025-05-25 18:40:05,623 INFO =====> Num. aborted data so far: 0
2025-05-25 18:40:05,623 INFO ===========> Epoch: 13 optimisation losses
2025-05-25 18:40:05,623 INFO =====> EMD Loss: 24.554182
2025-05-25 18:40:05,623 INFO =====> Height map loss: 9.692252
2025-05-25 18:40:14,924 INFO ==> EMD Loss: 24.641140
2025-05-25 18:40:14,924 INFO ==> Height map loss:  9.434865
2025-05-25 18:40:23,981 INFO ==> EMD Loss: 24.072321
2025-05-25 18:40:23,981 INFO ==> Height map loss:  9.589646
2025-05-25 18:40:33,194 INFO ==> EMD Loss: 24.118429
2025-05-25 18:40:33,194 INFO ==> Height map loss:  9.556032
2025-05-25 18:40:42,198 INFO ==> EMD Loss: 23.856609
2025-05-25 18:40:42,198 INFO ==> Height map loss:  9.782918
2025-05-25 18:40:51,409 INFO ==> EMD Loss: 23.644684
2025-05-25 18:40:51,410 INFO ==> Height map loss:  10.124825
2025-05-25 18:41:11,510 INFO =====> Skill params: [ 0.5405372   0.08592605  0.9629003   0.15976243 -0.5714615 ]
2025-05-25 18:41:11,511 INFO =====> Grad: [  872.5696  -4124.0854    271.82825   992.96405  -771.4145 ]
2025-05-25 18:41:11,511 INFO =====> Num. aborted data so far: 0
2025-05-25 18:41:11,511 INFO ===========> Epoch: 14 optimisation losses
2025-05-25 18:41:11,512 INFO =====> EMD Loss: 24.780388
2025-05-25 18:41:11,512 INFO =====> Height map loss: 9.482089
2025-05-25 18:41:20,835 INFO ==> EMD Loss: 24.352934
2025-05-25 18:41:20,835 INFO ==> Height map loss:  9.379323
2025-05-25 18:41:29,934 INFO ==> EMD Loss: 23.966722
2025-05-25 18:41:29,934 INFO ==> Height map loss:  9.737636
2025-05-25 18:41:39,276 INFO ==> EMD Loss: 24.079710
2025-05-25 18:41:39,276 INFO ==> Height map loss:  10.168254
2025-05-25 18:41:48,419 INFO ==> EMD Loss: 23.909401
2025-05-25 18:41:48,419 INFO ==> Height map loss:  10.506487
2025-05-25 18:41:57,740 INFO ==> EMD Loss: 24.207457
2025-05-25 18:41:57,740 INFO ==> Height map loss:  10.765781
2025-05-25 18:42:18,257 INFO =====> Skill params: [ 0.53771096  0.08923879  0.9593018   0.15377262 -0.56816155]
2025-05-25 18:42:18,257 INFO =====> Grad: [  133.55437  -1340.4227     -57.479206  -349.77246  -1004.0086  ]
2025-05-25 18:42:18,257 INFO =====> Num. aborted data so far: 0
2025-05-25 18:42:18,258 INFO ===========> Epoch: 15 optimisation losses
2025-05-25 18:42:18,258 INFO =====> EMD Loss: 24.143717
2025-05-25 18:42:18,258 INFO =====> Height map loss: 9.537016
2025-05-25 18:42:27,556 INFO ==> EMD Loss: 24.573658
2025-05-25 18:42:27,556 INFO ==> Height map loss:  9.380067
2025-05-25 18:42:36,688 INFO ==> EMD Loss: 23.802603
2025-05-25 18:42:36,688 INFO ==> Height map loss:  9.982293
2025-05-25 18:42:46,022 INFO ==> EMD Loss: 24.896568
2025-05-25 18:42:46,022 INFO ==> Height map loss:  10.331466
2025-05-25 18:42:55,138 INFO ==> EMD Loss: 24.020473
2025-05-25 18:42:55,139 INFO ==> Height map loss:  10.854223
2025-05-25 18:43:04,465 INFO ==> EMD Loss: 25.285927
2025-05-25 18:43:04,466 INFO ==> Height map loss:  10.829858
2025-05-25 18:43:24,646 INFO =====> Skill params: [ 0.5372555   0.09036571  0.96010107  0.15593795 -0.5640757 ]
2025-05-25 18:43:24,646 INFO =====> Grad: [ -115.41949 -1763.4366   -321.6758    615.91284   -82.63823]
2025-05-25 18:43:24,646 INFO =====> Num. aborted data so far: 0
2025-05-25 18:43:24,647 INFO ===========> Epoch: 16 optimisation losses
2025-05-25 18:43:24,647 INFO =====> EMD Loss: 24.303364
2025-05-25 18:43:24,647 INFO =====> Height map loss: 9.827199
2025-05-25 18:43:33,930 INFO ==> EMD Loss: 24.535650
2025-05-25 18:43:33,930 INFO ==> Height map loss:  9.379521
2025-05-25 18:43:43,007 INFO ==> EMD Loss: 23.997456
2025-05-25 18:43:43,007 INFO ==> Height map loss:  9.314534
2025-05-25 18:43:52,290 INFO ==> EMD Loss: 23.759487
2025-05-25 18:43:52,291 INFO ==> Height map loss:  9.594541
2025-05-25 18:44:01,390 INFO ==> EMD Loss: 24.373150
2025-05-25 18:44:01,390 INFO ==> Height map loss:  9.618468
2025-05-25 18:44:10,655 INFO ==> EMD Loss: 23.918922
2025-05-25 18:44:10,655 INFO ==> Height map loss:  9.659038
2025-05-25 18:44:30,703 INFO =====> Skill params: [ 0.53932804  0.09807558  0.98121125  0.13743415 -0.5623045 ]
2025-05-25 18:44:30,703 INFO =====> Grad: [-1000.41724  3008.2312   -267.66193  -951.6304    853.2332 ]
2025-05-25 18:44:30,703 INFO =====> Num. aborted data so far: 0
2025-05-25 18:44:30,704 INFO ===========> Epoch: 17 optimisation losses
2025-05-25 18:44:30,704 INFO =====> EMD Loss: 23.696949
2025-05-25 18:44:30,704 INFO =====> Height map loss: 9.714531
2025-05-25 18:44:39,947 INFO ==> EMD Loss: 24.471189
2025-05-25 18:44:39,947 INFO ==> Height map loss:  9.326913
2025-05-25 18:44:49,028 INFO ==> EMD Loss: 24.176819
2025-05-25 18:44:49,028 INFO ==> Height map loss:  9.294990
2025-05-25 18:44:58,264 INFO ==> EMD Loss: 24.971836
2025-05-25 18:44:58,264 INFO ==> Height map loss:  10.231706
2025-05-25 18:45:07,340 INFO ==> EMD Loss: 24.627691
2025-05-25 18:45:07,340 INFO ==> Height map loss:  10.518234
2025-05-25 18:45:16,613 INFO ==> EMD Loss: 24.782343
2025-05-25 18:45:16,613 INFO ==> Height map loss:  11.210906
2025-05-25 18:45:36,647 INFO =====> Skill params: [ 0.5569141   0.08476865  0.99845946  0.16287085 -0.58016306]
2025-05-25 18:45:36,647 INFO =====> Grad: [-858.6354   4073.2683    -15.511891  615.74615  1138.2494  ]
2025-05-25 18:45:36,647 INFO =====> Num. aborted data so far: 0
2025-05-25 18:45:36,648 INFO ===========> Epoch: 18 optimisation losses
2025-05-25 18:45:36,648 INFO =====> EMD Loss: 24.355135
2025-05-25 18:45:36,648 INFO =====> Height map loss: 10.154928
2025-05-25 18:45:45,873 INFO ==> EMD Loss: 24.471615
2025-05-25 18:45:45,873 INFO ==> Height map loss:  9.268743
2025-05-25 18:45:54,929 INFO ==> EMD Loss: 24.061811
2025-05-25 18:45:54,929 INFO ==> Height map loss:  10.494761
2025-05-25 18:46:04,309 INFO ==> EMD Loss: 23.700911
2025-05-25 18:46:04,309 INFO ==> Height map loss:  10.120961
2025-05-25 18:46:13,341 INFO ==> EMD Loss: 23.952814
2025-05-25 18:46:13,342 INFO ==> Height map loss:  10.824503
2025-05-25 18:46:22,646 INFO ==> EMD Loss: 25.024786
2025-05-25 18:46:22,646 INFO ==> Height map loss:  11.317744
2025-05-25 18:46:42,793 INFO =====> Skill params: [ 0.5599309   0.08124228  0.99867016  0.15961218 -0.58460194]
2025-05-25 18:46:42,794 INFO =====> Grad: [-814.0726  5629.334    324.40717  323.67096  230.75291]
2025-05-25 18:46:42,794 INFO =====> Num. aborted data so far: 0
2025-05-25 18:46:42,794 INFO ===========> Epoch: 19 optimisation losses
2025-05-25 18:46:42,794 INFO =====> EMD Loss: 24.574158
2025-05-25 18:46:42,794 INFO =====> Height map loss: 10.180873
2025-05-25 18:46:52,020 INFO ==> EMD Loss: 24.429071
2025-05-25 18:46:52,020 INFO ==> Height map loss:  9.261591
2025-05-25 18:47:01,053 INFO ==> EMD Loss: 24.189974
2025-05-25 18:47:01,053 INFO ==> Height map loss:  10.185698
2025-05-25 18:47:10,376 INFO ==> EMD Loss: 24.405396
2025-05-25 18:47:10,377 INFO ==> Height map loss:  10.221749
2025-05-25 18:47:19,464 INFO ==> EMD Loss: 24.447094
2025-05-25 18:47:19,464 INFO ==> Height map loss:  10.506087
2025-05-25 18:47:28,560 INFO ==> EMD Loss: 25.332979
2025-05-25 18:47:28,560 INFO ==> Height map loss:  11.309506
2025-05-25 18:47:37,897 INFO ===========> Finished training.
2025-05-25 18:47:37,897 INFO ====> Final EMD Loss: 24.426245
2025-05-25 18:47:37,897 INFO ====> Final Height map loss: 9.270695
2025-05-25 18:47:37,897 INFO ====> Final skill params: [ 0.5628043   0.07672492  0.99449885  0.15783842 -0.5855458 ]
