2025-05-27 20:57:25,980 INFO =====> Skill params: [ 0.79940385  0.2         0.8         0.         -0.5       ]
2025-05-27 20:57:25,980 INFO =====> Grad: [-638.29785 6768.738    295.35974 -228.56705 -145.45207]
2025-05-27 20:57:25,980 INFO =====> Num. aborted data so far: 0
2025-05-27 20:57:25,981 INFO ===========> Epoch: 0 optimisation losses
2025-05-27 20:57:25,981 INFO =====> EMD Loss: 18.625690
2025-05-27 20:57:25,981 INFO =====> Height map loss: 11.314446
2025-05-27 20:57:35,010 INFO ==> EMD Loss: 19.070200
2025-05-27 20:57:35,010 INFO ==> Height map loss:  11.371242
2025-05-27 20:57:43,877 INFO ==> EMD Loss: 18.948780
2025-05-27 20:57:43,878 INFO ==> Height map loss:  11.270355
2025-05-27 20:57:52,981 INFO ==> EMD Loss: 19.082085
2025-05-27 20:57:52,982 INFO ==> Height map loss:  11.262281
2025-05-27 20:58:02,026 INFO ==> EMD Loss: 18.846918
2025-05-27 20:58:02,026 INFO ==> Height map loss:  11.966358
2025-05-27 20:58:11,352 INFO ==> EMD Loss: 19.666451
2025-05-27 20:58:11,352 INFO ==> Height map loss:  11.863845
2025-05-27 20:58:32,522 INFO =====> Skill params: [ 0.89427215  0.10513168  0.70513165  0.09486833 -0.40513167]
2025-05-27 20:58:32,522 INFO =====> Grad: [ -633.9623  10615.755     204.46559  -546.83344  -441.28427]
2025-05-27 20:58:32,522 INFO =====> Num. aborted data so far: 0
2025-05-27 20:58:32,523 INFO ===========> Epoch: 1 optimisation losses
2025-05-27 20:58:32,524 INFO =====> EMD Loss: 19.091974
2025-05-27 20:58:32,524 INFO =====> Height map loss: 11.259535
2025-05-27 20:58:41,606 INFO ==> EMD Loss: 18.974892
2025-05-27 20:58:41,606 INFO ==> Height map loss:  11.334045
2025-05-27 20:58:50,880 INFO ==> EMD Loss: 19.131477
2025-05-27 20:58:50,880 INFO ==> Height map loss:  12.037429
2025-05-27 20:58:59,983 INFO ==> EMD Loss: 20.167721
2025-05-27 20:58:59,983 INFO ==> Height map loss:  12.480157
2025-05-27 20:59:09,336 INFO ==> EMD Loss: 20.244450
2025-05-27 20:59:09,337 INFO ==> Height map loss:  13.737199
2025-05-27 20:59:18,634 INFO ==> EMD Loss: 20.660568
2025-05-27 20:59:18,634 INFO ==> Height map loss:  14.111938
2025-05-27 20:59:39,988 INFO =====> Skill params: [ 0.90113235  0.09701436  0.6995396   0.10368714 -0.3960772 ]
2025-05-27 20:59:39,988 INFO =====> Grad: [  622.2222   -5598.258     -328.87875    108.352425  -852.2368  ]
2025-05-27 20:59:39,988 INFO =====> Num. aborted data so far: 0
2025-05-27 20:59:39,989 INFO ===========> Epoch: 2 optimisation losses
2025-05-27 20:59:39,989 INFO =====> EMD Loss: 18.974697
2025-05-27 20:59:39,989 INFO =====> Height map loss: 11.333895
2025-05-27 20:59:49,282 INFO ==> EMD Loss: 19.178520
2025-05-27 20:59:49,282 INFO ==> Height map loss:  11.713141
2025-05-27 20:59:58,418 INFO ==> EMD Loss: 19.402658
2025-05-27 20:59:58,418 INFO ==> Height map loss:  12.170280
2025-05-27 21:00:07,800 INFO ==> EMD Loss: 20.115120
2025-05-27 21:00:07,801 INFO ==> Height map loss:  12.844172
2025-05-27 21:00:16,960 INFO ==> EMD Loss: 20.711037
2025-05-27 21:00:16,960 INFO ==> Height map loss:  13.545835
2025-05-27 21:00:26,325 INFO ==> EMD Loss: 21.091496
2025-05-27 21:00:26,325 INFO ==> Height map loss:  13.585699
2025-05-27 21:00:47,677 INFO =====> Skill params: [ 0.89544934  0.10108918  0.70624584  0.10187898 -0.38764203]
2025-05-27 21:00:47,677 INFO =====> Grad: [  633.9623    -1895.5798     -330.0194    -1065.485        -6.3065267]
2025-05-27 21:00:47,684 INFO =====> Num. aborted data so far: 0
2025-05-27 21:00:47,685 INFO ===========> Epoch: 3 optimisation losses
2025-05-27 21:00:47,685 INFO =====> EMD Loss: 19.178814
2025-05-27 21:00:47,685 INFO =====> Height map loss: 11.713327
2025-05-27 21:00:56,864 INFO ==> EMD Loss: 18.885637
2025-05-27 21:00:56,864 INFO ==> Height map loss:  11.493586
2025-05-27 21:01:06,074 INFO ==> EMD Loss: 19.773233
2025-05-27 21:01:06,074 INFO ==> Height map loss:  11.868608
2025-05-27 21:01:15,125 INFO ==> EMD Loss: 19.815346
2025-05-27 21:01:15,125 INFO ==> Height map loss:  12.654284
2025-05-27 21:01:24,313 INFO ==> EMD Loss: 22.182188
2025-05-27 21:01:24,313 INFO ==> Height map loss:  13.269776
2025-05-27 21:01:33,405 INFO ==> EMD Loss: 21.379869
2025-05-27 21:01:33,405 INFO ==> Height map loss:  13.411923
2025-05-27 21:01:54,758 INFO =====> Skill params: [ 0.8903164   0.10252675  0.7119269   0.11034326 -0.38757622]
2025-05-27 21:01:54,759 INFO =====> Grad: [  633.9623  -4350.106     266.12466  -161.23097 -1024.3645 ]
2025-05-27 21:01:54,765 INFO =====> Num. aborted data so far: 0
2025-05-27 21:01:54,766 INFO ===========> Epoch: 4 optimisation losses
2025-05-27 21:01:54,766 INFO =====> EMD Loss: 18.890270
2025-05-27 21:01:54,766 INFO =====> Height map loss: 11.494010
2025-05-27 21:02:04,083 INFO ==> EMD Loss: 18.784788
2025-05-27 21:02:04,083 INFO ==> Height map loss:  11.816467
2025-05-27 21:02:13,231 INFO ==> EMD Loss: 18.997608
2025-05-27 21:02:13,231 INFO ==> Height map loss:  12.011471
2025-05-27 21:02:22,573 INFO ==> EMD Loss: 19.956600
2025-05-27 21:02:22,573 INFO ==> Height map loss:  12.517262
2025-05-27 21:02:31,707 INFO ==> EMD Loss: 20.601227
2025-05-27 21:02:31,708 INFO ==> Height map loss:  12.899074
2025-05-27 21:02:41,093 INFO ==> EMD Loss: 20.476271
2025-05-27 21:02:41,093 INFO ==> Height map loss:  13.206389
2025-05-27 21:03:02,389 INFO =====> Skill params: [ 0.8856165   0.10579181  0.70762336  0.11167991 -0.38031977]
2025-05-27 21:03:02,389 INFO =====> Grad: [  633.9623    -5166.9155     -218.10109      -6.8826265  -711.80804  ]
2025-05-27 21:03:02,389 INFO =====> Num. aborted data so far: 0
2025-05-27 21:03:02,390 INFO ===========> Epoch: 5 optimisation losses
2025-05-27 21:03:02,390 INFO =====> EMD Loss: 18.773354
2025-05-27 21:03:02,390 INFO =====> Height map loss: 11.807015
2025-05-27 21:03:11,763 INFO ==> EMD Loss: 19.181417
2025-05-27 21:03:11,763 INFO ==> Height map loss:  11.669822
2025-05-27 21:03:20,930 INFO ==> EMD Loss: 19.515182
2025-05-27 21:03:20,930 INFO ==> Height map loss:  12.193701
2025-05-27 21:03:30,241 INFO ==> EMD Loss: 20.026455
2025-05-27 21:03:30,241 INFO ==> Height map loss:  12.626570
2025-05-27 21:03:39,395 INFO ==> EMD Loss: 20.663586
2025-05-27 21:03:39,395 INFO ==> Height map loss:  13.093390
2025-05-27 21:03:48,752 INFO ==> EMD Loss: 20.700645
2025-05-27 21:03:48,753 INFO ==> Height map loss:  13.195700
2025-05-27 21:04:10,103 INFO =====> Skill params: [ 0.88122505  0.10954602  0.7110848   0.11174005 -0.37568283]
2025-05-27 21:04:10,104 INFO =====> Grad: [  623.07697 -5477.0483    265.4094   1035.9204    349.9624 ]
2025-05-27 21:04:10,104 INFO =====> Num. aborted data so far: 0
2025-05-27 21:04:10,104 INFO ===========> Epoch: 6 optimisation losses
2025-05-27 21:04:10,104 INFO =====> EMD Loss: 19.181608
2025-05-27 21:04:10,104 INFO =====> Height map loss: 11.670200
2025-05-27 21:04:19,344 INFO ==> EMD Loss: 19.109282
2025-05-27 21:04:19,344 INFO ==> Height map loss:  11.518480
2025-05-27 21:04:28,606 INFO ==> EMD Loss: 18.851641
2025-05-27 21:04:28,606 INFO ==> Height map loss:  11.516333
2025-05-27 21:04:37,712 INFO ==> EMD Loss: 19.493574
2025-05-27 21:04:37,712 INFO ==> Height map loss:  11.754835
2025-05-27 21:04:46,860 INFO ==> EMD Loss: 19.154697
2025-05-27 21:04:46,860 INFO ==> Height map loss:  11.847149
2025-05-27 21:04:55,886 INFO ==> EMD Loss: 19.270737
2025-05-27 21:04:55,886 INFO ==> Height map loss:  11.599146
2025-05-27 21:05:17,115 INFO =====> Skill params: [ 0.8607142   0.12872848  0.69097775  0.0781018  -0.38733038]
2025-05-27 21:05:17,115 INFO =====> Grad: [  635.2941  -5220.5273    256.95944  1045.2206   -700.5254 ]
2025-05-27 21:05:17,115 INFO =====> Num. aborted data so far: 0
2025-05-27 21:05:17,116 INFO ===========> Epoch: 7 optimisation losses
2025-05-27 21:05:17,116 INFO =====> EMD Loss: 18.853256
2025-05-27 21:05:17,116 INFO =====> Height map loss: 11.522882
2025-05-27 21:05:26,264 INFO ==> EMD Loss: 18.932928
2025-05-27 21:05:26,264 INFO ==> Height map loss:  11.918466
2025-05-27 21:05:35,653 INFO ==> EMD Loss: 19.121044
2025-05-27 21:05:35,653 INFO ==> Height map loss:  11.979226
2025-05-27 21:05:44,746 INFO ==> EMD Loss: 19.301342
2025-05-27 21:05:44,746 INFO ==> Height map loss:  12.341302
2025-05-27 21:05:54,010 INFO ==> EMD Loss: 19.786812
2025-05-27 21:05:54,010 INFO ==> Height map loss:  12.516899
2025-05-27 21:06:03,061 INFO ==> EMD Loss: 19.495285
2025-05-27 21:06:03,061 INFO ==> Height map loss:  12.401730
2025-05-27 21:06:24,226 INFO =====> Skill params: [ 0.85671604  0.13229957  0.6872111   0.07238922 -0.38296613]
2025-05-27 21:06:24,226 INFO =====> Grad: [  635.2941  -2281.9902   -314.91397   855.5062   1023.77423]
2025-05-27 21:06:24,226 INFO =====> Num. aborted data so far: 0
2025-05-27 21:06:24,227 INFO ===========> Epoch: 8 optimisation losses
2025-05-27 21:06:24,227 INFO =====> EMD Loss: 18.934160
2025-05-27 21:06:24,227 INFO =====> Height map loss: 11.919064
2025-05-27 21:06:33,578 INFO ==> EMD Loss: 18.930563
2025-05-27 21:06:33,578 INFO ==> Height map loss:  11.792827
2025-05-27 21:06:42,667 INFO ==> EMD Loss: 18.790535
2025-05-27 21:06:42,667 INFO ==> Height map loss:  11.788399
2025-05-27 21:06:51,877 INFO ==> EMD Loss: 19.026575
2025-05-27 21:06:51,878 INFO ==> Height map loss:  11.531436
2025-05-27 21:07:00,825 INFO ==> EMD Loss: 18.963779
2025-05-27 21:07:00,825 INFO ==> Height map loss:  11.526410
2025-05-27 21:07:09,995 INFO ==> EMD Loss: 18.816656
2025-05-27 21:07:09,995 INFO ==> Height map loss:  11.372889
2025-05-27 21:07:30,544 INFO =====> Skill params: [ 0.77968585  0.16472408  0.77380276 -0.01508302 -0.49267262]
2025-05-27 21:07:30,544 INFO =====> Grad: [  626.087   -6527.88       65.4355    554.90137   255.3704 ]
2025-05-27 21:07:30,544 INFO =====> Num. aborted data so far: 0
2025-05-27 21:07:30,545 INFO ===========> Epoch: 9 optimisation losses
2025-05-27 21:07:30,545 INFO =====> EMD Loss: 18.815716
2025-05-27 21:07:30,545 INFO =====> Height map loss: 11.373150
2025-05-27 21:07:39,788 INFO ==> EMD Loss: 18.787132
2025-05-27 21:07:39,788 INFO ==> Height map loss:  11.336221
2025-05-27 21:07:48,794 INFO ==> EMD Loss: 18.555992
2025-05-27 21:07:48,794 INFO ==> Height map loss:  11.482340
2025-05-27 21:07:57,914 INFO ==> EMD Loss: 18.611464
2025-05-27 21:07:57,914 INFO ==> Height map loss:  11.418549
2025-05-27 21:08:06,808 INFO ==> EMD Loss: 18.843620
2025-05-27 21:08:06,808 INFO ==> Height map loss:  11.490595
2025-05-27 21:08:15,885 INFO ==> EMD Loss: 18.751335
2025-05-27 21:08:15,885 INFO ==> Height map loss:  11.608521
2025-05-27 21:08:36,627 INFO =====> Skill params: [ 0.7759993   0.16906962  0.77285916 -0.01793498 -0.4940985 ]
2025-05-27 21:08:36,627 INFO =====> Grad: [-626.087   3990.0178  -242.47256 -168.97633 -147.48044]
2025-05-27 21:08:36,627 INFO =====> Num. aborted data so far: 0
2025-05-27 21:08:36,628 INFO ===========> Epoch: 10 optimisation losses
2025-05-27 21:08:36,628 INFO =====> EMD Loss: 18.787107
2025-05-27 21:08:36,628 INFO =====> Height map loss: 11.336452
2025-05-27 21:08:45,708 INFO ==> EMD Loss: 18.766771
2025-05-27 21:08:45,708 INFO ==> Height map loss:  11.344780
2025-05-27 21:08:54,957 INFO ==> EMD Loss: 18.530106
2025-05-27 21:08:54,957 INFO ==> Height map loss:  11.481666
2025-05-27 21:09:04,134 INFO ==> EMD Loss: 18.697210
2025-05-27 21:09:04,135 INFO ==> Height map loss:  11.088121
2025-05-27 21:09:13,329 INFO ==> EMD Loss: 18.107153
2025-05-27 21:09:13,329 INFO ==> Height map loss:  11.220226
2025-05-27 21:09:22,330 INFO ==> EMD Loss: 18.201439
2025-05-27 21:09:22,330 INFO ==> Height map loss:  11.058782
2025-05-27 21:09:43,411 INFO =====> Skill params: [ 8.4791905e-01  1.1536385e-01  8.4156913e-01  2.8925575e-04
 -4.7681040e-01]
2025-05-27 21:09:43,411 INFO =====> Grad: [  624.     -6082.2236   261.6589   967.0546  -999.6971]
2025-05-27 21:09:43,411 INFO =====> Num. aborted data so far: 0
2025-05-27 21:09:43,412 INFO ===========> Epoch: 11 optimisation losses
2025-05-27 21:09:43,412 INFO =====> EMD Loss: 18.201290
2025-05-27 21:09:43,412 INFO =====> Height map loss: 11.059473
2025-05-27 21:09:52,507 INFO ==> EMD Loss: 18.169701
2025-05-27 21:09:52,507 INFO ==> Height map loss:  11.067007
2025-05-27 21:10:01,804 INFO ==> EMD Loss: 18.875603
2025-05-27 21:10:01,805 INFO ==> Height map loss:  11.435549
2025-05-27 21:10:10,933 INFO ==> EMD Loss: 19.301929
2025-05-27 21:10:10,933 INFO ==> Height map loss:  11.810072
2025-05-27 21:10:20,305 INFO ==> EMD Loss: 19.238855
2025-05-27 21:10:20,305 INFO ==> Height map loss:  12.075307
2025-05-27 21:10:29,382 INFO ==> EMD Loss: 19.415693
2025-05-27 21:10:29,382 INFO ==> Height map loss:  12.419115
2025-05-27 21:10:50,517 INFO =====> Skill params: [ 0.8444092   0.11929147  0.8379558  -0.00446697 -0.47163436]
2025-05-27 21:10:50,517 INFO =====> Grad: [-624.      6388.371   -260.2831   -60.93431  574.5238 ]
2025-05-27 21:10:50,517 INFO =====> Num. aborted data so far: 0
2025-05-27 21:10:50,518 INFO ===========> Epoch: 12 optimisation losses
2025-05-27 21:10:50,518 INFO =====> EMD Loss: 18.170952
2025-05-27 21:10:50,518 INFO =====> Height map loss: 11.066906
2025-05-27 21:10:59,696 INFO ==> EMD Loss: 18.158216
2025-05-27 21:10:59,696 INFO ==> Height map loss:  11.049555
2025-05-27 21:11:08,997 INFO ==> EMD Loss: 18.267542
2025-05-27 21:11:08,997 INFO ==> Height map loss:  10.672687
2025-05-27 21:11:18,105 INFO ==> EMD Loss: 17.868816
2025-05-27 21:11:18,106 INFO ==> Height map loss:  10.217547
2025-05-27 21:11:27,365 INFO ==> EMD Loss: 17.768707
2025-05-27 21:11:27,365 INFO ==> Height map loss:  9.993739
2025-05-27 21:11:36,414 INFO ==> EMD Loss: 17.155136
2025-05-27 21:11:36,414 INFO ==> Height map loss:  9.625485
2025-05-27 21:11:57,818 INFO =====> Skill params: [ 0.91334593  0.04023185  0.90832645  0.00184756 -0.53117764]
2025-05-27 21:11:57,818 INFO =====> Grad: [  203.28464 -5840.048    -312.36926   424.5768    742.4201 ]
2025-05-27 21:11:57,818 INFO =====> Num. aborted data so far: 0
2025-05-27 21:11:57,818 INFO ===========> Epoch: 13 optimisation losses
2025-05-27 21:11:57,819 INFO =====> EMD Loss: 17.155142
2025-05-27 21:11:57,819 INFO =====> Height map loss: 9.625558
2025-05-27 21:12:07,016 INFO ==> EMD Loss: 16.922533
2025-05-27 21:12:07,016 INFO ==> Height map loss:  9.640275
2025-05-27 21:12:16,294 INFO ==> EMD Loss: 16.808449
2025-05-27 21:12:16,294 INFO ==> Height map loss:  9.608164
2025-05-27 21:12:25,416 INFO ==> EMD Loss: 16.961979
2025-05-27 21:12:25,416 INFO ==> Height map loss:  9.334784
2025-05-27 21:12:34,708 INFO ==> EMD Loss: 17.430593
2025-05-27 21:12:34,709 INFO ==> Height map loss:  9.282818
2025-05-27 21:12:43,702 INFO ==> EMD Loss: 17.611048
2025-05-27 21:12:43,702 INFO ==> Height map loss:  9.224159
2025-05-27 21:13:05,192 INFO =====> Skill params: [ 0.88985527  0.11092912  0.988918   -0.0432043  -0.6057557 ]
2025-05-27 21:13:05,192 INFO =====> Grad: [-633.9623   5795.3174    324.5511    187.08325   -83.408516]
2025-05-27 21:13:05,192 INFO =====> Num. aborted data so far: 0
2025-05-27 21:13:05,193 INFO ===========> Epoch: 14 optimisation losses
2025-05-27 21:13:05,193 INFO =====> EMD Loss: 17.611570
2025-05-27 21:13:05,193 INFO =====> Height map loss: 9.224126
2025-05-27 21:13:14,237 INFO ==> EMD Loss: 17.556330
2025-05-27 21:13:14,237 INFO ==> Height map loss:  9.166659
2025-05-27 21:13:23,472 INFO ==> EMD Loss: 16.721178
2025-05-27 21:13:23,472 INFO ==> Height map loss:  9.169301
2025-05-27 21:13:32,544 INFO ==> EMD Loss: 16.585548
2025-05-27 21:13:32,544 INFO ==> Height map loss:  8.889188
2025-05-27 21:13:41,828 INFO ==> EMD Loss: 16.060448
2025-05-27 21:13:41,828 INFO ==> Height map loss:  8.960798
2025-05-27 21:13:50,898 INFO ==> EMD Loss: 16.159586
2025-05-27 21:13:50,899 INFO ==> Height map loss:  9.011764
2025-05-27 21:14:12,107 INFO =====> Skill params: [ 0.92561716  0.076478    0.9489038  -0.05360387 -0.6013445 ]
2025-05-27 21:14:12,108 INFO =====> Grad: [  -36.62484  -5324.6045    -271.0812      68.304054   426.89035 ]
2025-05-27 21:14:12,108 INFO =====> Num. aborted data so far: 0
2025-05-27 21:14:12,108 INFO ===========> Epoch: 15 optimisation losses
2025-05-27 21:14:12,108 INFO =====> EMD Loss: 16.585407
2025-05-27 21:14:12,108 INFO =====> Height map loss: 8.889241
2025-05-27 21:14:21,257 INFO ==> EMD Loss: 16.544596
2025-05-27 21:14:21,257 INFO ==> Height map loss:  8.859114
2025-05-27 21:14:30,545 INFO ==> EMD Loss: 16.549076
2025-05-27 21:14:30,545 INFO ==> Height map loss:  8.800284
2025-05-27 21:14:39,653 INFO ==> EMD Loss: 16.576797
2025-05-27 21:14:39,654 INFO ==> Height map loss:  8.811337
2025-05-27 21:14:48,945 INFO ==> EMD Loss: 16.560865
2025-05-27 21:14:48,946 INFO ==> Height map loss:  9.076753
2025-05-27 21:14:57,958 INFO ==> EMD Loss: 16.320803
2025-05-27 21:14:57,959 INFO ==> Height map loss:  8.666784
2025-05-27 21:15:18,975 INFO =====> Skill params: [ 0.9299716   0.1394284   1.         -0.06160127 -0.6475096 ]
2025-05-27 21:15:18,976 INFO =====> Grad: [  -50.421337 -5376.854     -319.3808    -135.99112   -338.0143  ]
2025-05-27 21:15:18,976 INFO =====> Num. aborted data so far: 0
2025-05-27 21:15:18,976 INFO ===========> Epoch: 16 optimisation losses
2025-05-27 21:15:18,976 INFO =====> EMD Loss: 16.351870
2025-05-27 21:15:18,976 INFO =====> Height map loss: 8.666916
2025-05-27 21:15:28,158 INFO ==> EMD Loss: 16.444773
2025-05-27 21:15:28,158 INFO ==> Height map loss:  8.674522
2025-05-27 21:15:37,457 INFO ==> EMD Loss: 16.413340
2025-05-27 21:15:37,457 INFO ==> Height map loss:  8.716447
2025-05-27 21:15:46,560 INFO ==> EMD Loss: 16.520369
2025-05-27 21:15:46,560 INFO ==> Height map loss:  9.074015
2025-05-27 21:15:55,906 INFO ==> EMD Loss: 16.865417
2025-05-27 21:15:55,906 INFO ==> Height map loss:  9.179339
2025-05-27 21:16:04,955 INFO ==> EMD Loss: 17.233170
2025-05-27 21:16:04,955 INFO ==> Height map loss:  9.528950
2025-05-27 21:16:25,894 INFO =====> Skill params: [ 0.93028736  0.14258753  1.         -0.06076534 -0.64562154]
2025-05-27 21:16:25,894 INFO =====> Grad: [  13.454319 5027.3433   -252.03293  -738.14923  1061.5663  ]
2025-05-27 21:16:25,894 INFO =====> Num. aborted data so far: 0
2025-05-27 21:16:25,895 INFO ===========> Epoch: 17 optimisation losses
2025-05-27 21:16:25,895 INFO =====> EMD Loss: 16.479559
2025-05-27 21:16:25,895 INFO =====> Height map loss: 8.676874
2025-05-27 21:16:35,190 INFO ==> EMD Loss: 16.390062
2025-05-27 21:16:35,190 INFO ==> Height map loss:  8.592690
2025-05-27 21:16:44,548 INFO ==> EMD Loss: 16.478235
2025-05-27 21:16:44,548 INFO ==> Height map loss:  8.476289
2025-05-27 21:16:53,637 INFO ==> EMD Loss: 16.265821
2025-05-27 21:16:53,637 INFO ==> Height map loss:  8.220369
2025-05-27 21:17:02,896 INFO ==> EMD Loss: 15.603662
2025-05-27 21:17:02,896 INFO ==> Height map loss:  8.312928
2025-05-27 21:17:11,834 INFO ==> EMD Loss: 15.649045
2025-05-27 21:17:11,834 INFO ==> Height map loss:  8.233440
2025-05-27 21:17:32,743 INFO =====> Skill params: [ 0.92939925  0.11300458  1.         -0.01805787 -0.6978146 ]
2025-05-27 21:17:32,744 INFO =====> Grad: [ -28.205166 2295.2412    185.4352   -254.30794  -917.0845  ]
2025-05-27 21:17:32,744 INFO =====> Num. aborted data so far: 0
2025-05-27 21:17:32,745 INFO ===========> Epoch: 18 optimisation losses
2025-05-27 21:17:32,745 INFO =====> EMD Loss: 16.139671
2025-05-27 21:17:32,745 INFO =====> Height map loss: 8.221190
2025-05-27 21:17:41,866 INFO ==> EMD Loss: 16.214682
2025-05-27 21:17:41,866 INFO ==> Height map loss:  8.224264
2025-05-27 21:17:51,149 INFO ==> EMD Loss: 16.354507
2025-05-27 21:17:51,150 INFO ==> Height map loss:  8.491700
2025-05-27 21:18:00,246 INFO ==> EMD Loss: 16.528658
2025-05-27 21:18:00,246 INFO ==> Height map loss:  8.605104
2025-05-27 21:18:09,325 INFO ==> EMD Loss: 16.834362
2025-05-27 21:18:09,325 INFO ==> Height map loss:  8.662673
2025-05-27 21:18:18,584 INFO ==> EMD Loss: 17.107733
2025-05-27 21:18:18,585 INFO ==> Height map loss:  8.829069
2025-05-27 21:18:39,437 INFO =====> Skill params: [ 0.9295955   0.11159667  0.997759   -0.01652724 -0.6935652 ]
2025-05-27 21:18:39,438 INFO =====> Grad: [ -14.975162 4457.613    -214.58276   205.39093   856.4489  ]
2025-05-27 21:18:39,438 INFO =====> Num. aborted data so far: 0
2025-05-27 21:18:39,438 INFO ===========> Epoch: 19 optimisation losses
2025-05-27 21:18:39,438 INFO =====> EMD Loss: 16.323816
2025-05-27 21:18:39,438 INFO =====> Height map loss: 8.224453
2025-05-27 21:18:48,543 INFO ==> EMD Loss: 16.117785
2025-05-27 21:18:48,543 INFO ==> Height map loss:  8.203076
2025-05-27 21:18:57,799 INFO ==> EMD Loss: 16.060213
2025-05-27 21:18:57,799 INFO ==> Height map loss:  8.350658
2025-05-27 21:19:06,814 INFO ==> EMD Loss: 15.587356
2025-05-27 21:19:06,814 INFO ==> Height map loss:  8.223134
2025-05-27 21:19:15,805 INFO ==> EMD Loss: 15.244371
2025-05-27 21:19:15,805 INFO ==> Height map loss:  8.234531
2025-05-27 21:19:25,035 INFO ==> EMD Loss: 15.434789
2025-05-27 21:19:25,036 INFO ==> Height map loss:  8.191361
2025-05-27 21:19:33,992 INFO ===========> Finished training.
2025-05-27 21:19:33,992 INFO ====> Final EMD Loss: 15.434667
2025-05-27 21:19:33,992 INFO ====> Final Height map loss: 8.191154
2025-05-27 21:19:33,992 INFO ====> Final skill params: [ 0.9317916   0.05644161  1.         -0.0423464  -0.7701156 ]
