2025-05-25 20:49:33,982 INFO =====> Skill params: [-0.47677574 -0.4030177   0.62845147 -0.8161681   0.20020105]
2025-05-25 20:49:33,982 INFO =====> Grad: [-845.1451    964.9505   -284.2923    679.6928    -28.150293]
2025-05-25 20:49:33,982 INFO =====> Num. aborted data so far: 0
2025-05-25 20:49:33,983 INFO ===========> Epoch: 0 optimisation losses
2025-05-25 20:49:33,984 INFO =====> EMD Loss: 20.356335
2025-05-25 20:49:33,984 INFO =====> Height map loss: 6.907588
2025-05-25 20:49:44,095 INFO ==> EMD Loss: 20.355375
2025-05-25 20:49:44,095 INFO ==> Height map loss:  6.890748
2025-05-25 20:49:54,163 INFO ==> EMD Loss: 20.344566
2025-05-25 20:49:54,163 INFO ==> Height map loss:  6.910507
2025-05-25 20:50:04,670 INFO ==> EMD Loss: 20.354597
2025-05-25 20:50:04,670 INFO ==> Height map loss:  6.907729
2025-05-25 20:50:15,302 INFO ==> EMD Loss: 20.217663
2025-05-25 20:50:15,302 INFO ==> Height map loss:  6.873657
2025-05-25 20:50:26,283 INFO ==> EMD Loss: 20.566885
2025-05-25 20:50:26,283 INFO ==> Height map loss:  6.893350
2025-05-25 20:50:52,150 INFO =====> Skill params: [-0.33447322 -0.5453202   0.770754   -0.95847064  0.34250355]
2025-05-25 20:50:52,150 INFO =====> Grad: [-1876.6185     441.51868   -242.63754   -150.71324     20.914473]
2025-05-25 20:50:52,150 INFO =====> Num. aborted data so far: 0
2025-05-25 20:50:52,151 INFO ===========> Epoch: 1 optimisation losses
2025-05-25 20:50:52,151 INFO =====> EMD Loss: 20.218393
2025-05-25 20:50:52,151 INFO =====> Height map loss: 6.873541
2025-05-25 20:51:02,862 INFO ==> EMD Loss: 20.347311
2025-05-25 20:51:02,862 INFO ==> Height map loss:  6.910529
2025-05-25 20:51:13,792 INFO ==> EMD Loss: 20.351133
2025-05-25 20:51:13,793 INFO ==> Height map loss:  6.901440
2025-05-25 20:51:24,839 INFO ==> EMD Loss: 20.350975
2025-05-25 20:51:24,840 INFO ==> Height map loss:  6.911174
2025-05-25 20:51:35,719 INFO ==> EMD Loss: 20.352825
2025-05-25 20:51:35,720 INFO ==> Height map loss:  6.909751
2025-05-25 20:51:46,839 INFO ==> EMD Loss: 20.349476
2025-05-25 20:51:46,839 INFO ==> Height map loss:  6.912707
2025-05-25 20:52:12,989 INFO =====> Skill params: [-0.2908534  -0.5659265   0.80247885 -0.94767475  0.31325704]
2025-05-25 20:52:12,989 INFO =====> Grad: [ -92.1807   -122.83744    54.677822 -139.92142    94.310524]
2025-05-25 20:52:12,989 INFO =====> Num. aborted data so far: 0
2025-05-25 20:52:12,990 INFO ===========> Epoch: 2 optimisation losses
2025-05-25 20:52:12,990 INFO =====> EMD Loss: 20.350288
2025-05-25 20:52:12,990 INFO =====> Height map loss: 6.901363
2025-05-25 20:52:23,950 INFO ==> EMD Loss: 20.351646
2025-05-25 20:52:23,951 INFO ==> Height map loss:  6.901975
2025-05-25 20:52:34,847 INFO ==> EMD Loss: 20.349634
2025-05-25 20:52:34,847 INFO ==> Height map loss:  6.902556
2025-05-25 20:52:45,492 INFO ==> EMD Loss: 20.346958
2025-05-25 20:52:45,492 INFO ==> Height map loss:  6.905189
2025-05-25 20:52:56,253 INFO ==> EMD Loss: 20.345251
2025-05-25 20:52:56,253 INFO ==> Height map loss:  6.906861
2025-05-25 20:53:06,918 INFO ==> EMD Loss: 20.346905
2025-05-25 20:53:06,918 INFO ==> Height map loss:  6.903727
2025-05-25 20:53:33,201 INFO =====> Skill params: [-0.2904022  -0.56472754  0.80099034 -0.9456123   0.3042785 ]
2025-05-25 20:53:33,201 INFO =====> Grad: [-642.3366   -550.41345   284.9259    -14.043302  -57.080177]
2025-05-25 20:53:33,201 INFO =====> Num. aborted data so far: 0
2025-05-25 20:53:33,202 INFO ===========> Epoch: 3 optimisation losses
2025-05-25 20:53:33,202 INFO =====> EMD Loss: 20.351501
2025-05-25 20:53:33,202 INFO =====> Height map loss: 6.903312
2025-05-25 20:53:44,084 INFO ==> EMD Loss: 20.348583
2025-05-25 20:53:44,084 INFO ==> Height map loss:  6.903517
2025-05-25 20:53:54,986 INFO ==> EMD Loss: 20.351196
2025-05-25 20:53:54,986 INFO ==> Height map loss:  6.902171
2025-05-25 20:54:05,647 INFO ==> EMD Loss: 20.346746
2025-05-25 20:54:05,648 INFO ==> Height map loss:  6.910565
2025-05-25 20:54:16,408 INFO ==> EMD Loss: 20.359961
2025-05-25 20:54:16,408 INFO ==> Height map loss:  6.914032
2025-05-25 20:54:27,160 INFO ==> EMD Loss: 20.350103
2025-05-25 20:54:27,160 INFO ==> Height map loss:  6.900272
2025-05-25 20:54:51,966 INFO =====> Skill params: [-0.22782838 -0.4674791   0.6771225  -0.9412495   0.40234995]
2025-05-25 20:54:51,966 INFO =====> Grad: [-2900.2622     975.61084     83.74245    171.09718      9.464372]
2025-05-25 20:54:51,966 INFO =====> Num. aborted data so far: 0
2025-05-25 20:54:51,967 INFO ===========> Epoch: 4 optimisation losses
2025-05-25 20:54:51,967 INFO =====> EMD Loss: 20.351301
2025-05-25 20:54:51,967 INFO =====> Height map loss: 6.900305
2025-05-25 20:55:02,705 INFO ==> EMD Loss: 20.368256
2025-05-25 20:55:02,705 INFO ==> Height map loss:  6.910881
2025-05-25 20:55:13,345 INFO ==> EMD Loss: 20.356964
2025-05-25 20:55:13,345 INFO ==> Height map loss:  6.891517
2025-05-25 20:55:24,283 INFO ==> EMD Loss: 20.351681
2025-05-25 20:55:24,284 INFO ==> Height map loss:  6.910489
2025-05-25 20:55:35,316 INFO ==> EMD Loss: 20.595949
2025-05-25 20:55:35,316 INFO ==> Height map loss:  6.917521
2025-05-25 20:55:46,367 INFO ==> EMD Loss: 20.382746
2025-05-25 20:55:46,367 INFO ==> Height map loss:  6.903248
2025-05-25 20:56:11,822 INFO =====> Skill params: [-0.1878233  -0.5002865   0.66771907 -0.9546834   0.39808217]
2025-05-25 20:56:11,822 INFO =====> Grad: [-2337.911      735.78394    -98.05246   -363.65942     30.381102]
2025-05-25 20:56:11,822 INFO =====> Num. aborted data so far: 0
2025-05-25 20:56:11,823 INFO ===========> Epoch: 5 optimisation losses
2025-05-25 20:56:11,823 INFO =====> EMD Loss: 20.351582
2025-05-25 20:56:11,823 INFO =====> Height map loss: 6.891436
2025-05-25 20:56:22,531 INFO ==> EMD Loss: 20.350782
2025-05-25 20:56:22,531 INFO ==> Height map loss:  6.909737
2025-05-25 20:56:33,447 INFO ==> EMD Loss: 20.355734
2025-05-25 20:56:33,447 INFO ==> Height map loss:  6.917958
2025-05-25 20:56:44,261 INFO ==> EMD Loss: 20.349785
2025-05-25 20:56:44,261 INFO ==> Height map loss:  6.911275
2025-05-25 20:56:55,399 INFO ==> EMD Loss: 20.381859
2025-05-25 20:56:55,400 INFO ==> Height map loss:  6.919270
2025-05-25 20:57:06,409 INFO ==> EMD Loss: 20.344475
2025-05-25 20:57:06,409 INFO ==> Height map loss:  6.912292
2025-05-25 20:57:32,022 INFO =====> Skill params: [-0.18229723 -0.50485736  0.66997373 -0.9496007   0.3953192 ]
2025-05-25 20:57:32,023 INFO =====> Grad: [-2972.7563     942.9327     107.72168    263.01517    -29.675028]
2025-05-25 20:57:32,023 INFO =====> Num. aborted data so far: 0
2025-05-25 20:57:32,024 INFO ===========> Epoch: 6 optimisation losses
2025-05-25 20:57:32,024 INFO =====> EMD Loss: 20.350878
2025-05-25 20:57:32,024 INFO =====> Height map loss: 6.909823
2025-05-25 20:57:42,809 INFO ==> EMD Loss: 20.353062
2025-05-25 20:57:42,809 INFO ==> Height map loss:  6.911676
2025-05-25 20:57:53,812 INFO ==> EMD Loss: 20.346451
2025-05-25 20:57:53,812 INFO ==> Height map loss:  6.910437
2025-05-25 20:58:04,781 INFO ==> EMD Loss: 20.351007
2025-05-25 20:58:04,782 INFO ==> Height map loss:  6.910768
2025-05-25 20:58:16,007 INFO ==> EMD Loss: 20.345200
2025-05-25 20:58:16,008 INFO ==> Height map loss:  6.911849
2025-05-25 20:58:27,224 INFO ==> EMD Loss: 20.349991
2025-05-25 20:58:27,224 INFO ==> Height map loss:  6.914703
2025-05-25 20:58:53,082 INFO =====> Skill params: [-0.1531066  -0.5307323   0.6573868  -0.9675367   0.40894353]
2025-05-25 20:58:53,082 INFO =====> Grad: [ 5.7173059e+02 -3.4094189e+02  3.9072873e+02 -8.6042982e-01
 -5.9511703e-02]
2025-05-25 20:58:53,082 INFO =====> Num. aborted data so far: 0
2025-05-25 20:58:53,083 INFO ===========> Epoch: 7 optimisation losses
2025-05-25 20:58:53,083 INFO =====> EMD Loss: 20.347784
2025-05-25 20:58:53,083 INFO =====> Height map loss: 6.910450
2025-05-25 20:59:04,267 INFO ==> EMD Loss: 20.348320
2025-05-25 20:59:04,267 INFO ==> Height map loss:  6.911005
2025-05-25 20:59:14,981 INFO ==> EMD Loss: 20.364166
2025-05-25 20:59:14,981 INFO ==> Height map loss:  6.914363
2025-05-25 20:59:25,765 INFO ==> EMD Loss: 20.368443
2025-05-25 20:59:25,766 INFO ==> Height map loss:  6.903364
2025-05-25 20:59:36,333 INFO ==> EMD Loss: 20.360571
2025-05-25 20:59:36,333 INFO ==> Height map loss:  6.910568
2025-05-25 20:59:47,000 INFO ==> EMD Loss: 20.361874
2025-05-25 20:59:47,001 INFO ==> Height map loss:  6.891218
2025-05-25 21:00:25,094 INFO =====> Skill params: [-0.17659539 -0.49211085  0.5222563  -0.96728927  0.40905875]
2025-05-25 21:00:25,094 INFO =====> Grad: [-2963.2454     832.0939      65.728004   118.697685   214.42613 ]
2025-05-25 21:00:25,094 INFO =====> Num. aborted data so far: 0
2025-05-25 21:00:25,095 INFO ===========> Epoch: 8 optimisation losses
2025-05-25 21:00:25,095 INFO =====> EMD Loss: 20.361979
2025-05-25 21:00:25,095 INFO =====> Height map loss: 6.891230
2025-05-25 21:00:35,871 INFO ==> EMD Loss: 20.349417
2025-05-25 21:00:35,872 INFO ==> Height map loss:  6.909517
2025-05-25 21:00:46,532 INFO ==> EMD Loss: 20.361738
2025-05-25 21:00:46,532 INFO ==> Height map loss:  6.912250
2025-05-25 21:00:57,366 INFO ==> EMD Loss: 20.345419
2025-05-25 21:00:57,366 INFO ==> Height map loss:  6.912450
2025-05-25 21:01:08,163 INFO ==> EMD Loss: 20.371895
2025-05-25 21:01:08,163 INFO ==> Height map loss:  6.913805
2025-05-25 21:01:19,074 INFO ==> EMD Loss: 20.345213
2025-05-25 21:01:19,074 INFO ==> Height map loss:  6.912017
2025-05-25 21:01:44,504 INFO =====> Skill params: [-0.17128053 -0.49651182  0.5210677  -0.96905655  0.40035504]
2025-05-25 21:01:44,505 INFO =====> Grad: [2494.8672  -864.7261  -111.30386   86.54702  -10.71921]
2025-05-25 21:01:44,511 INFO =====> Num. aborted data so far: 0
2025-05-25 21:01:44,512 INFO ===========> Epoch: 9 optimisation losses
2025-05-25 21:01:44,512 INFO =====> EMD Loss: 20.349855
2025-05-25 21:01:44,512 INFO =====> Height map loss: 6.909550
2025-05-25 21:01:55,113 INFO ==> EMD Loss: 20.356537
2025-05-25 21:01:55,113 INFO ==> Height map loss:  6.893042
2025-05-25 21:02:05,780 INFO ==> EMD Loss: 20.344841
2025-05-25 21:02:05,780 INFO ==> Height map loss:  6.910321
2025-05-25 21:02:16,166 INFO ==> EMD Loss: 20.372581
2025-05-25 21:02:16,166 INFO ==> Height map loss:  6.908404
2025-05-25 21:02:26,635 INFO ==> EMD Loss: 20.372271
2025-05-25 21:02:26,636 INFO ==> Height map loss:  6.896673
2025-05-25 21:02:36,831 INFO ==> EMD Loss: 20.358566
2025-05-25 21:02:36,831 INFO ==> Height map loss:  6.905005
2025-05-25 21:03:02,111 INFO =====> Skill params: [-0.17550412 -0.49221396  0.5231382  -0.9704011   0.40081313]
2025-05-25 21:03:02,111 INFO =====> Grad: [-2963.2664    814.579     102.85941   340.56302   -21.32604]
2025-05-25 21:03:02,111 INFO =====> Num. aborted data so far: 0
2025-05-25 21:03:02,112 INFO ===========> Epoch: 10 optimisation losses
2025-05-25 21:03:02,112 INFO =====> EMD Loss: 20.356556
2025-05-25 21:03:02,112 INFO =====> Height map loss: 6.893102
2025-05-25 21:03:12,821 INFO ==> EMD Loss: 20.349936
2025-05-25 21:03:12,821 INFO ==> Height map loss:  6.909210
2025-05-25 21:03:23,688 INFO ==> EMD Loss: 20.581078
2025-05-25 21:03:23,689 INFO ==> Height map loss:  6.894306
2025-05-25 21:03:34,487 INFO ==> EMD Loss: 20.350050
2025-05-25 21:03:34,487 INFO ==> Height map loss:  6.911536
2025-05-25 21:03:45,623 INFO ==> EMD Loss: 20.354517
2025-05-25 21:03:45,623 INFO ==> Height map loss:  6.914359
2025-05-25 21:03:56,592 INFO ==> EMD Loss: 20.342937
2025-05-25 21:03:56,592 INFO ==> Height map loss:  6.911814
2025-05-25 21:04:22,212 INFO =====> Skill params: [-0.1524099  -0.5116737   0.51327395 -0.99444044  0.4055922 ]
2025-05-25 21:04:22,212 INFO =====> Grad: [2950.6694    -790.74164    -57.888966    28.74314     -3.9785144]
2025-05-25 21:04:22,212 INFO =====> Num. aborted data so far: 0
2025-05-25 21:04:22,213 INFO ===========> Epoch: 11 optimisation losses
2025-05-25 21:04:22,213 INFO =====> EMD Loss: 20.585367
2025-05-25 21:04:22,213 INFO =====> Height map loss: 6.893702
2025-05-25 21:04:32,863 INFO ==> EMD Loss: 20.359692
2025-05-25 21:04:32,863 INFO ==> Height map loss:  6.902521
2025-05-25 21:04:43,581 INFO ==> EMD Loss: 20.362478
2025-05-25 21:04:43,581 INFO ==> Height map loss:  6.898215
2025-05-25 21:04:54,074 INFO ==> EMD Loss: 20.344669
2025-05-25 21:04:54,074 INFO ==> Height map loss:  6.910657
2025-05-25 21:05:04,662 INFO ==> EMD Loss: 20.367891
2025-05-25 21:05:04,662 INFO ==> Height map loss:  6.908992
2025-05-25 21:05:14,988 INFO ==> EMD Loss: 20.378338
2025-05-25 21:05:14,988 INFO ==> Height map loss:  6.909020
2025-05-25 21:05:40,284 INFO =====> Skill params: [-0.17399476 -0.49331367  0.5190818  -0.9965769   0.4065318 ]
2025-05-25 21:05:40,285 INFO =====> Grad: [-2957.736     869.4562    112.67434   143.70593   -20.06257]
2025-05-25 21:05:40,285 INFO =====> Num. aborted data so far: 0
2025-05-25 21:05:40,285 INFO ===========> Epoch: 12 optimisation losses
2025-05-25 21:05:40,285 INFO =====> EMD Loss: 20.361914
2025-05-25 21:05:40,285 INFO =====> Height map loss: 6.898209
2025-05-25 21:05:50,981 INFO ==> EMD Loss: 20.352907
2025-05-25 21:05:50,981 INFO ==> Height map loss:  6.908729
2025-05-25 21:06:01,931 INFO ==> EMD Loss: 20.580404
2025-05-25 21:06:01,931 INFO ==> Height map loss:  6.893842
2025-05-25 21:06:12,715 INFO ==> EMD Loss: 20.346943
2025-05-25 21:06:12,715 INFO ==> Height map loss:  6.910840
2025-05-25 21:06:23,787 INFO ==> EMD Loss: 20.357382
2025-05-25 21:06:23,787 INFO ==> Height map loss:  6.912930
2025-05-25 21:06:34,728 INFO ==> EMD Loss: 20.342724
2025-05-25 21:06:34,728 INFO ==> Height map loss:  6.911870
2025-05-25 21:07:00,391 INFO =====> Skill params: [-0.1534403  -0.5127291   0.507525   -1.          0.41149884]
2025-05-25 21:07:00,391 INFO =====> Grad: [ 2.94420923e+03 -7.08348267e+02 -1.19621284e+02 -2.54275513e+01
  1.95407283e+00]
2025-05-25 21:07:00,391 INFO =====> Num. aborted data so far: 0
2025-05-25 21:07:00,392 INFO ===========> Epoch: 13 optimisation losses
2025-05-25 21:07:00,392 INFO =====> EMD Loss: 20.584112
2025-05-25 21:07:00,392 INFO =====> Height map loss: 6.893589
2025-05-25 21:07:11,152 INFO ==> EMD Loss: 20.360033
2025-05-25 21:07:11,152 INFO ==> Height map loss:  6.902683
2025-05-25 21:07:21,933 INFO ==> EMD Loss: 20.353775
2025-05-25 21:07:21,933 INFO ==> Height map loss:  6.910316
2025-05-25 21:07:32,494 INFO ==> EMD Loss: 20.347263
2025-05-25 21:07:32,494 INFO ==> Height map loss:  6.908422
2025-05-25 21:07:43,177 INFO ==> EMD Loss: 20.402609
2025-05-25 21:07:43,177 INFO ==> Height map loss:  6.873992
2025-05-25 21:07:53,572 INFO ==> EMD Loss: 20.361782
2025-05-25 21:07:53,572 INFO ==> Height map loss:  6.898827
2025-05-25 21:08:18,607 INFO =====> Skill params: [-0.21233961 -0.46553925  0.54495746 -0.9938759   0.40996906]
2025-05-25 21:08:18,607 INFO =====> Grad: [1807.824     -503.4011     382.53113     36.25268     -2.5379472]
2025-05-25 21:08:18,607 INFO =====> Num. aborted data so far: 0
2025-05-25 21:08:18,608 INFO ===========> Epoch: 14 optimisation losses
2025-05-25 21:08:18,608 INFO =====> EMD Loss: 20.402231
2025-05-25 21:08:18,608 INFO =====> Height map loss: 6.873882
2025-05-25 21:08:29,118 INFO ==> EMD Loss: 20.385559
2025-05-25 21:08:29,118 INFO ==> Height map loss:  6.891791
2025-05-25 21:08:39,627 INFO ==> EMD Loss: 20.345913
2025-05-25 21:08:39,627 INFO ==> Height map loss:  6.909270
2025-05-25 21:08:49,909 INFO ==> EMD Loss: 20.363594
2025-05-25 21:08:49,909 INFO ==> Height map loss:  6.913427
2025-05-25 21:09:00,385 INFO ==> EMD Loss: 20.354086
2025-05-25 21:09:00,385 INFO ==> Height map loss:  6.912092
2025-05-25 21:09:10,613 INFO ==> EMD Loss: 20.366133
2025-05-25 21:09:10,613 INFO ==> Height map loss:  6.906682
2025-05-25 21:09:35,437 INFO =====> Skill params: [-0.21479452 -0.46325207  0.53866345 -0.99448824  0.41010866]
2025-05-25 21:09:35,437 INFO =====> Grad: [2490.0989   -180.2791   -154.63998  -131.5584      8.611819]
2025-05-25 21:09:35,437 INFO =====> Num. aborted data so far: 0
2025-05-25 21:09:35,438 INFO ===========> Epoch: 15 optimisation losses
2025-05-25 21:09:35,438 INFO =====> EMD Loss: 20.385487
2025-05-25 21:09:35,438 INFO =====> Height map loss: 6.891679
2025-05-25 21:09:45,938 INFO ==> EMD Loss: 20.358690
2025-05-25 21:09:45,938 INFO ==> Height map loss:  6.897108
2025-05-25 21:09:56,638 INFO ==> EMD Loss: 20.354826
2025-05-25 21:09:56,638 INFO ==> Height map loss:  6.909187
2025-05-25 21:10:07,051 INFO ==> EMD Loss: 20.363863
2025-05-25 21:10:07,051 INFO ==> Height map loss:  6.914118
2025-05-25 21:10:17,656 INFO ==> EMD Loss: 20.361279
2025-05-25 21:10:17,656 INFO ==> Height map loss:  6.904679
2025-05-25 21:10:28,138 INFO ==> EMD Loss: 20.364433
2025-05-25 21:10:28,138 INFO ==> Height map loss:  6.912913
2025-05-25 21:10:52,968 INFO =====> Skill params: [-0.2181311 -0.4623922  0.5412443 -0.9922144  0.40961  ]
2025-05-25 21:10:52,968 INFO =====> Grad: [2936.5444   -553.8114    -47.912678  147.39093   -18.482077]
2025-05-25 21:10:52,968 INFO =====> Num. aborted data so far: 0
2025-05-25 21:10:52,969 INFO ===========> Epoch: 16 optimisation losses
2025-05-25 21:10:52,969 INFO =====> EMD Loss: 20.366716
2025-05-25 21:10:52,969 INFO =====> Height map loss: 6.896608
2025-05-25 21:11:03,497 INFO ==> EMD Loss: 20.370623
2025-05-25 21:11:03,497 INFO ==> Height map loss:  6.908324
2025-05-25 21:11:14,013 INFO ==> EMD Loss: 20.376257
2025-05-25 21:11:14,013 INFO ==> Height map loss:  6.911156
2025-05-25 21:11:24,358 INFO ==> EMD Loss: 20.354969
2025-05-25 21:11:24,358 INFO ==> Height map loss:  6.912312
2025-05-25 21:11:34,766 INFO ==> EMD Loss: 20.356016
2025-05-25 21:11:34,766 INFO ==> Height map loss:  6.905051
2025-05-25 21:11:44,960 INFO ==> EMD Loss: 20.348783
2025-05-25 21:11:44,960 INFO ==> Height map loss:  6.902169
2025-05-25 21:12:09,110 INFO =====> Skill params: [-0.29413712 -0.40896013  0.55803597 -1.          0.43201342]
2025-05-25 21:12:09,110 INFO =====> Grad: [ 2836.5623  -1091.7281   -148.31952  -460.78113    64.3561 ]
2025-05-25 21:12:09,110 INFO =====> Num. aborted data so far: 0
2025-05-25 21:12:09,111 INFO ===========> Epoch: 17 optimisation losses
2025-05-25 21:12:09,111 INFO =====> EMD Loss: 20.351278
2025-05-25 21:12:09,112 INFO =====> Height map loss: 6.901401
2025-05-25 21:12:19,416 INFO ==> EMD Loss: 20.357136
2025-05-25 21:12:19,416 INFO ==> Height map loss:  6.914840
2025-05-25 21:12:29,730 INFO ==> EMD Loss: 20.350981
2025-05-25 21:12:29,730 INFO ==> Height map loss:  6.909786
2025-05-25 21:12:39,778 INFO ==> EMD Loss: 20.177166
2025-05-25 21:12:39,779 INFO ==> Height map loss:  6.879606
2025-05-25 21:12:50,063 INFO ==> EMD Loss: 20.162674
2025-05-25 21:12:50,063 INFO ==> Height map loss:  6.884113
2025-05-25 21:13:00,027 INFO ==> EMD Loss: 20.318327
2025-05-25 21:13:00,027 INFO ==> Height map loss:  6.929401
2025-05-25 21:13:23,564 INFO =====> Skill params: [-0.32996616 -0.36104655  0.5843566  -0.93663335  0.39428878]
2025-05-25 21:13:23,564 INFO =====> Grad: [-2814.1494    518.3208   -254.39732   275.8075     65.29714]
2025-05-25 21:13:23,564 INFO =====> Num. aborted data so far: 0
2025-05-25 21:13:23,565 INFO ===========> Epoch: 18 optimisation losses
2025-05-25 21:13:23,565 INFO =====> EMD Loss: 20.179712
2025-05-25 21:13:23,565 INFO =====> Height map loss: 6.879245
2025-05-25 21:13:33,643 INFO ==> EMD Loss: 20.338621
2025-05-25 21:13:33,643 INFO ==> Height map loss:  6.905143
2025-05-25 21:13:43,882 INFO ==> EMD Loss: 20.319475
2025-05-25 21:13:43,882 INFO ==> Height map loss:  6.915378
2025-05-25 21:13:54,048 INFO ==> EMD Loss: 20.357992
2025-05-25 21:13:54,049 INFO ==> Height map loss:  6.899291
2025-05-25 21:14:04,101 INFO ==> EMD Loss: 20.332613
2025-05-25 21:14:04,101 INFO ==> Height map loss:  6.905209
2025-05-25 21:14:14,494 INFO ==> EMD Loss: 20.182873
2025-05-25 21:14:14,495 INFO ==> Height map loss:  6.866237
2025-05-25 21:14:38,557 INFO =====> Skill params: [-0.2602679  -0.40754133  0.6694281  -1.          0.3200319 ]
2025-05-25 21:14:38,558 INFO =====> Grad: [-2272.9556     447.19025   -167.46037    -17.889158    29.62685 ]
2025-05-25 21:14:38,558 INFO =====> Num. aborted data so far: 0
2025-05-25 21:14:38,558 INFO ===========> Epoch: 19 optimisation losses
2025-05-25 21:14:38,558 INFO =====> EMD Loss: 20.187794
2025-05-25 21:14:38,558 INFO =====> Height map loss: 6.866518
2025-05-25 21:14:48,767 INFO ==> EMD Loss: 20.371033
2025-05-25 21:14:48,767 INFO ==> Height map loss:  6.904870
2025-05-25 21:14:59,126 INFO ==> EMD Loss: 20.357769
2025-05-25 21:14:59,126 INFO ==> Height map loss:  6.910167
2025-05-25 21:15:09,341 INFO ==> EMD Loss: 20.372179
2025-05-25 21:15:09,341 INFO ==> Height map loss:  6.896882
2025-05-25 21:15:19,536 INFO ==> EMD Loss: 20.367689
2025-05-25 21:15:19,536 INFO ==> Height map loss:  6.901846
2025-05-25 21:15:29,980 INFO ==> EMD Loss: 20.376408
2025-05-25 21:15:29,980 INFO ==> Height map loss:  6.907090
2025-05-25 21:15:40,300 INFO ===========> Finished training.
2025-05-25 21:15:40,300 INFO ====> Final EMD Loss: 20.372192
2025-05-25 21:15:40,300 INFO ====> Final Height map loss: 6.896903
2025-05-25 21:15:40,300 INFO ====> Final skill params: [-0.23195069 -0.42817712  0.6976101  -0.997482    0.30257773]
