2024-09-19 11:10:33,652 INFO ===> New TaichiEnv created.
2024-09-19 11:10:33,652 INFO ===> Specifications: horizon = 300, dt = 0.01, n_substeps = 20, dt_sub = 0.0005
2024-09-19 11:11:10,650 INFO =====> Epoch: 0
2024-09-19 11:11:10,650 INFO =====> EMD Loss: 27.06216049194336
2024-09-19 11:11:10,650 INFO =====> Height map loss: 28.71429443359375
2024-09-19 11:11:10,650 INFO =====> Trajectory grad mean: 1.3808788061141968
2024-09-19 11:11:10,650 INFO =====> Num. aborted data so far: 0
2024-09-19 11:11:10,883 INFO ===> New TaichiEnv created.
2024-09-19 11:11:10,883 INFO ===> Specifications: horizon = 300, dt = 0.01, n_substeps = 20, dt_sub = 0.0005
2024-09-19 11:11:47,829 INFO =====> Epoch: 1
2024-09-19 11:11:47,829 INFO =====> EMD Loss: 31.333158493041992
2024-09-19 11:11:47,829 INFO =====> Height map loss: 34.835994720458984
2024-09-19 11:11:47,829 INFO =====> Trajectory grad mean: -164.02529907226562
2024-09-19 11:11:47,829 INFO =====> Num. aborted data so far: 0
2024-09-19 11:11:48,036 INFO ===> New TaichiEnv created.
2024-09-19 11:11:48,036 INFO ===> Specifications: horizon = 300, dt = 0.01, n_substeps = 20, dt_sub = 0.0005
2024-09-19 11:12:24,796 INFO =====> Epoch: 2
2024-09-19 11:12:24,796 INFO =====> EMD Loss: 29.48106575012207
2024-09-19 11:12:24,796 INFO =====> Height map loss: 30.839008331298828
2024-09-19 11:12:24,796 INFO =====> Trajectory grad mean: 91390.2265625
2024-09-19 11:12:24,796 INFO =====> Num. aborted data so far: 0
2024-09-19 11:12:25,014 INFO ===> New TaichiEnv created.
2024-09-19 11:12:25,014 INFO ===> Specifications: horizon = 300, dt = 0.01, n_substeps = 20, dt_sub = 0.0005
2024-09-19 11:13:01,596 INFO =====> Epoch: 3
2024-09-19 11:13:01,596 INFO =====> EMD Loss: 27.389816284179688
2024-09-19 11:13:01,596 INFO =====> Height map loss: 28.519207000732422
2024-09-19 11:13:01,596 INFO =====> Trajectory grad mean: 25925.896484375
2024-09-19 11:13:01,596 INFO =====> Num. aborted data so far: 0
2024-09-19 11:13:01,807 INFO ===> New TaichiEnv created.
2024-09-19 11:13:01,807 INFO ===> Specifications: horizon = 300, dt = 0.01, n_substeps = 20, dt_sub = 0.0005
2024-09-19 11:13:38,365 INFO =====> Epoch: 4
2024-09-19 11:13:38,365 INFO =====> EMD Loss: 27.263057708740234
2024-09-19 11:13:38,365 INFO =====> Height map loss: 28.900808334350586
2024-09-19 11:13:38,365 INFO =====> Trajectory grad mean: -2791.845703125
2024-09-19 11:13:38,365 INFO =====> Num. aborted data so far: 0
2024-09-19 11:13:38,580 INFO ===> New TaichiEnv created.
2024-09-19 11:13:38,580 INFO ===> Specifications: horizon = 300, dt = 0.01, n_substeps = 20, dt_sub = 0.0005
2024-09-19 11:14:15,392 INFO =====> Epoch: 5
2024-09-19 11:14:15,392 INFO =====> EMD Loss: 27.507986068725586
2024-09-19 11:14:15,392 INFO =====> Height map loss: 28.936059951782227
2024-09-19 11:14:15,392 INFO =====> Trajectory grad mean: 2730.2255859375
2024-09-19 11:14:15,392 INFO =====> Num. aborted data so far: 0
2024-09-19 11:14:15,609 INFO ===> New TaichiEnv created.
2024-09-19 11:14:15,609 INFO ===> Specifications: horizon = 300, dt = 0.01, n_substeps = 20, dt_sub = 0.0005
2024-09-19 11:14:52,200 INFO =====> Epoch: 6
2024-09-19 11:14:52,200 INFO =====> EMD Loss: 27.76563262939453
2024-09-19 11:14:52,200 INFO =====> Height map loss: 29.05231475830078
2024-09-19 11:14:52,200 INFO =====> Trajectory grad mean: -3477.427490234375
2024-09-19 11:14:52,200 INFO =====> Num. aborted data so far: 0
2024-09-19 11:14:52,418 INFO ===> New TaichiEnv created.
2024-09-19 11:14:52,418 INFO ===> Specifications: horizon = 300, dt = 0.01, n_substeps = 20, dt_sub = 0.0005
2024-09-19 11:15:28,979 INFO =====> Epoch: 7
2024-09-19 11:15:28,979 INFO =====> EMD Loss: 27.866336822509766
2024-09-19 11:15:28,979 INFO =====> Height map loss: 29.10677719116211
2024-09-19 11:15:28,979 INFO =====> Trajectory grad mean: -1988.1763916015625
2024-09-19 11:15:28,979 INFO =====> Num. aborted data so far: 0
2024-09-19 11:15:29,198 INFO ===> New TaichiEnv created.
2024-09-19 11:15:29,198 INFO ===> Specifications: horizon = 300, dt = 0.01, n_substeps = 20, dt_sub = 0.0005
2024-09-19 11:16:05,786 INFO =====> Epoch: 8
2024-09-19 11:16:05,786 INFO =====> EMD Loss: 27.948970794677734
2024-09-19 11:16:05,786 INFO =====> Height map loss: 29.274242401123047
2024-09-19 11:16:05,786 INFO =====> Trajectory grad mean: 5139.57421875
2024-09-19 11:16:05,786 INFO =====> Num. aborted data so far: 0
2024-09-19 11:16:06,006 INFO ===> New TaichiEnv created.
2024-09-19 11:16:06,006 INFO ===> Specifications: horizon = 300, dt = 0.01, n_substeps = 20, dt_sub = 0.0005
2024-09-19 11:16:42,573 INFO =====> Epoch: 9
2024-09-19 11:16:42,573 INFO =====> EMD Loss: 27.78607177734375
2024-09-19 11:16:42,573 INFO =====> Height map loss: 29.241966247558594
2024-09-19 11:16:42,573 INFO =====> Trajectory grad mean: -275.98223876953125
2024-09-19 11:16:42,573 INFO =====> Num. aborted data so far: 0
2024-09-19 11:16:42,795 INFO ===> New TaichiEnv created.
2024-09-19 11:16:42,795 INFO ===> Specifications: horizon = 300, dt = 0.01, n_substeps = 20, dt_sub = 0.0005
2024-09-19 11:17:19,376 INFO =====> Epoch: 10
2024-09-19 11:17:19,376 INFO =====> EMD Loss: 27.832521438598633
2024-09-19 11:17:19,376 INFO =====> Height map loss: 29.217906951904297
2024-09-19 11:17:19,376 INFO =====> Trajectory grad mean: 8880.708984375
2024-09-19 11:17:19,376 INFO =====> Num. aborted data so far: 0
2024-09-19 11:17:19,599 INFO ===> New TaichiEnv created.
2024-09-19 11:17:19,599 INFO ===> Specifications: horizon = 300, dt = 0.01, n_substeps = 20, dt_sub = 0.0005
2024-09-19 11:17:56,180 INFO =====> Epoch: 11
2024-09-19 11:17:56,180 INFO =====> EMD Loss: 27.767009735107422
2024-09-19 11:17:56,180 INFO =====> Height map loss: 29.20728302001953
2024-09-19 11:17:56,180 INFO =====> Trajectory grad mean: 606.6506958007812
2024-09-19 11:17:56,180 INFO =====> Num. aborted data so far: 0
2024-09-19 11:17:56,405 INFO ===> New TaichiEnv created.
2024-09-19 11:17:56,405 INFO ===> Specifications: horizon = 300, dt = 0.01, n_substeps = 20, dt_sub = 0.0005
2024-09-19 11:18:32,994 INFO =====> Epoch: 12
2024-09-19 11:18:32,994 INFO =====> EMD Loss: 27.58011245727539
2024-09-19 11:18:32,994 INFO =====> Height map loss: 29.04938316345215
2024-09-19 11:18:32,994 INFO =====> Trajectory grad mean: 2142.728515625
2024-09-19 11:18:32,994 INFO =====> Num. aborted data so far: 0
2024-09-19 11:18:33,219 INFO ===> New TaichiEnv created.
2024-09-19 11:18:33,220 INFO ===> Specifications: horizon = 300, dt = 0.01, n_substeps = 20, dt_sub = 0.0005
2024-09-19 11:19:09,799 INFO =====> Epoch: 13
2024-09-19 11:19:09,799 INFO =====> EMD Loss: 27.49853515625
2024-09-19 11:19:09,799 INFO =====> Height map loss: 29.03110122680664
2024-09-19 11:19:09,799 INFO =====> Trajectory grad mean: 1467.2513427734375
2024-09-19 11:19:09,799 INFO =====> Num. aborted data so far: 0
2024-09-19 11:19:10,026 INFO ===> New TaichiEnv created.
2024-09-19 11:19:10,026 INFO ===> Specifications: horizon = 300, dt = 0.01, n_substeps = 20, dt_sub = 0.0005
2024-09-19 11:19:46,792 INFO =====> Epoch: 14
2024-09-19 11:19:46,792 INFO =====> EMD Loss: 27.412630081176758
2024-09-19 11:19:46,792 INFO =====> Height map loss: 29.027873992919922
2024-09-19 11:19:46,792 INFO =====> Trajectory grad mean: -4515.794921875
2024-09-19 11:19:46,792 INFO =====> Num. aborted data so far: 0
2024-09-19 11:19:47,031 INFO ===> New TaichiEnv created.
2024-09-19 11:19:47,031 INFO ===> Specifications: horizon = 300, dt = 0.01, n_substeps = 20, dt_sub = 0.0005
2024-09-19 11:20:23,633 INFO =====> Epoch: 15
2024-09-19 11:20:23,633 INFO =====> EMD Loss: 27.31264305114746
2024-09-19 11:20:23,633 INFO =====> Height map loss: 28.971439361572266
2024-09-19 11:20:23,633 INFO =====> Trajectory grad mean: -3732.89208984375
2024-09-19 11:20:23,633 INFO =====> Num. aborted data so far: 0
2024-09-19 11:20:23,864 INFO ===> New TaichiEnv created.
2024-09-19 11:20:23,865 INFO ===> Specifications: horizon = 300, dt = 0.01, n_substeps = 20, dt_sub = 0.0005
2024-09-19 11:21:00,742 INFO =====> Epoch: 16
2024-09-19 11:21:00,742 INFO =====> EMD Loss: 27.344371795654297
2024-09-19 11:21:00,742 INFO =====> Height map loss: 28.899906158447266
2024-09-19 11:21:00,742 INFO =====> Trajectory grad mean: -5509.37060546875
2024-09-19 11:21:00,742 INFO =====> Num. aborted data so far: 0
2024-09-19 11:21:00,973 INFO ===> New TaichiEnv created.
2024-09-19 11:21:00,973 INFO ===> Specifications: horizon = 300, dt = 0.01, n_substeps = 20, dt_sub = 0.0005
2024-09-19 11:21:37,604 INFO =====> Epoch: 17
2024-09-19 11:21:37,604 INFO =====> EMD Loss: 27.43489646911621
2024-09-19 11:21:37,604 INFO =====> Height map loss: 28.99204444885254
2024-09-19 11:21:37,604 INFO =====> Trajectory grad mean: 4031.15087890625
2024-09-19 11:21:37,604 INFO =====> Num. aborted data so far: 0
2024-09-19 11:21:37,838 INFO ===> New TaichiEnv created.
2024-09-19 11:21:37,838 INFO ===> Specifications: horizon = 300, dt = 0.01, n_substeps = 20, dt_sub = 0.0005
2024-09-19 11:22:14,458 INFO =====> Epoch: 18
2024-09-19 11:22:14,458 INFO =====> EMD Loss: 27.36392593383789
2024-09-19 11:22:14,458 INFO =====> Height map loss: 28.973411560058594
2024-09-19 11:22:14,458 INFO =====> Trajectory grad mean: 10756.439453125
2024-09-19 11:22:14,458 INFO =====> Num. aborted data so far: 0
2024-09-19 11:22:14,691 INFO ===> New TaichiEnv created.
2024-09-19 11:22:14,691 INFO ===> Specifications: horizon = 300, dt = 0.01, n_substeps = 20, dt_sub = 0.0005
2024-09-19 11:22:51,300 INFO =====> Epoch: 19
2024-09-19 11:22:51,300 INFO =====> EMD Loss: 27.296815872192383
2024-09-19 11:22:51,300 INFO =====> Height map loss: 28.89893913269043
2024-09-19 11:22:51,300 INFO =====> Trajectory grad mean: 1704.337158203125
2024-09-19 11:22:51,300 INFO =====> Num. aborted data so far: 0
2024-09-19 11:22:51,536 INFO ===> New TaichiEnv created.
2024-09-19 11:22:51,536 INFO ===> Specifications: horizon = 300, dt = 0.01, n_substeps = 20, dt_sub = 0.0005
2024-09-19 11:23:28,132 INFO =====> Epoch: 20
2024-09-19 11:23:28,133 INFO =====> EMD Loss: 27.195112228393555
2024-09-19 11:23:28,133 INFO =====> Height map loss: 28.89775276184082
2024-09-19 11:23:28,133 INFO =====> Trajectory grad mean: -1942.8919677734375
2024-09-19 11:23:28,133 INFO =====> Num. aborted data so far: 0
2024-09-19 11:23:28,384 INFO ===> New TaichiEnv created.
2024-09-19 11:23:28,384 INFO ===> Specifications: horizon = 300, dt = 0.01, n_substeps = 20, dt_sub = 0.0005
2024-09-19 11:24:05,236 INFO =====> Epoch: 21
2024-09-19 11:24:05,236 INFO =====> EMD Loss: 27.24604606628418
2024-09-19 11:24:05,236 INFO =====> Height map loss: 28.873228073120117
2024-09-19 11:24:05,236 INFO =====> Trajectory grad mean: -3721.736328125
2024-09-19 11:24:05,236 INFO =====> Num. aborted data so far: 0
2024-09-19 11:24:05,474 INFO ===> New TaichiEnv created.
2024-09-19 11:24:05,474 INFO ===> Specifications: horizon = 300, dt = 0.01, n_substeps = 20, dt_sub = 0.0005
2024-09-19 11:24:42,061 INFO =====> Epoch: 22
2024-09-19 11:24:42,061 INFO =====> EMD Loss: 27.19116973876953
2024-09-19 11:24:42,061 INFO =====> Height map loss: 28.899194717407227
2024-09-19 11:24:42,061 INFO =====> Trajectory grad mean: 360.6087341308594
2024-09-19 11:24:42,061 INFO =====> Num. aborted data so far: 0
2024-09-19 11:24:42,299 INFO ===> New TaichiEnv created.
2024-09-19 11:24:42,299 INFO ===> Specifications: horizon = 300, dt = 0.01, n_substeps = 20, dt_sub = 0.0005
2024-09-19 11:25:18,861 INFO =====> Epoch: 23
2024-09-19 11:25:18,861 INFO =====> EMD Loss: 27.224687576293945
2024-09-19 11:25:18,861 INFO =====> Height map loss: 28.785924911499023
2024-09-19 11:25:18,861 INFO =====> Trajectory grad mean: 635.8477172851562
2024-09-19 11:25:18,861 INFO =====> Num. aborted data so far: 0
2024-09-19 11:25:19,100 INFO ===> New TaichiEnv created.
2024-09-19 11:25:19,100 INFO ===> Specifications: horizon = 300, dt = 0.01, n_substeps = 20, dt_sub = 0.0005
2024-09-19 11:25:55,696 INFO =====> Epoch: 24
2024-09-19 11:25:55,696 INFO =====> EMD Loss: 27.26041030883789
2024-09-19 11:25:55,696 INFO =====> Height map loss: 28.740480422973633
2024-09-19 11:25:55,696 INFO =====> Trajectory grad mean: 8155.82763671875
2024-09-19 11:25:55,696 INFO =====> Num. aborted data so far: 0
2024-09-19 11:25:55,936 INFO ===> New TaichiEnv created.
2024-09-19 11:25:55,936 INFO ===> Specifications: horizon = 300, dt = 0.01, n_substeps = 20, dt_sub = 0.0005
2024-09-19 11:26:32,839 INFO =====> Epoch: 25
2024-09-19 11:26:32,839 INFO =====> EMD Loss: 27.275625228881836
2024-09-19 11:26:32,839 INFO =====> Height map loss: 28.73276138305664
2024-09-19 11:26:32,839 INFO =====> Trajectory grad mean: 2225.913818359375
2024-09-19 11:26:32,839 INFO =====> Num. aborted data so far: 0
2024-09-19 11:26:33,081 INFO ===> New TaichiEnv created.
2024-09-19 11:26:33,081 INFO ===> Specifications: horizon = 300, dt = 0.01, n_substeps = 20, dt_sub = 0.0005
2024-09-19 11:27:09,708 INFO =====> Epoch: 26
2024-09-19 11:27:09,708 INFO =====> EMD Loss: 27.210641860961914
2024-09-19 11:27:09,708 INFO =====> Height map loss: 28.672203063964844
2024-09-19 11:27:09,708 INFO =====> Trajectory grad mean: 5607.91845703125
2024-09-19 11:27:09,708 INFO =====> Num. aborted data so far: 0
2024-09-19 11:27:09,950 INFO ===> New TaichiEnv created.
2024-09-19 11:27:09,950 INFO ===> Specifications: horizon = 300, dt = 0.01, n_substeps = 20, dt_sub = 0.0005
2024-09-19 11:27:46,579 INFO =====> Epoch: 27
2024-09-19 11:27:46,579 INFO =====> EMD Loss: 27.18416404724121
2024-09-19 11:27:46,579 INFO =====> Height map loss: 28.667226791381836
2024-09-19 11:27:46,579 INFO =====> Trajectory grad mean: -4160.1845703125
2024-09-19 11:27:46,579 INFO =====> Num. aborted data so far: 0
2024-09-19 11:27:46,822 INFO ===> New TaichiEnv created.
2024-09-19 11:27:46,822 INFO ===> Specifications: horizon = 300, dt = 0.01, n_substeps = 20, dt_sub = 0.0005
2024-09-19 11:28:23,515 INFO =====> Epoch: 28
2024-09-19 11:28:23,515 INFO =====> EMD Loss: 27.316547393798828
2024-09-19 11:28:23,515 INFO =====> Height map loss: 28.652753829956055
2024-09-19 11:28:23,515 INFO =====> Trajectory grad mean: 3790.78515625
2024-09-19 11:28:23,515 INFO =====> Num. aborted data so far: 0
2024-09-19 11:28:23,760 INFO ===> New TaichiEnv created.
2024-09-19 11:28:23,760 INFO ===> Specifications: horizon = 300, dt = 0.01, n_substeps = 20, dt_sub = 0.0005
2024-09-19 11:29:00,680 INFO =====> Epoch: 29
2024-09-19 11:29:00,680 INFO =====> EMD Loss: 27.303735733032227
2024-09-19 11:29:00,680 INFO =====> Height map loss: 28.50811767578125
2024-09-19 11:29:00,680 INFO =====> Trajectory grad mean: -3725.595458984375
2024-09-19 11:29:00,680 INFO =====> Num. aborted data so far: 0
2024-09-19 11:29:00,925 INFO ===> New TaichiEnv created.
2024-09-19 11:29:00,925 INFO ===> Specifications: horizon = 300, dt = 0.01, n_substeps = 20, dt_sub = 0.0005
2024-09-19 11:29:37,580 INFO =====> Epoch: 30
2024-09-19 11:29:37,580 INFO =====> EMD Loss: 27.39979362487793
2024-09-19 11:29:37,580 INFO =====> Height map loss: 28.473840713500977
2024-09-19 11:29:37,580 INFO =====> Trajectory grad mean: -3480.688720703125
2024-09-19 11:29:37,580 INFO =====> Num. aborted data so far: 0
2024-09-19 11:29:37,824 INFO ===> New TaichiEnv created.
2024-09-19 11:29:37,824 INFO ===> Specifications: horizon = 300, dt = 0.01, n_substeps = 20, dt_sub = 0.0005
2024-09-19 11:30:14,408 INFO =====> Epoch: 31
2024-09-19 11:30:14,408 INFO =====> EMD Loss: 27.44207000732422
2024-09-19 11:30:14,408 INFO =====> Height map loss: 28.44963264465332
2024-09-19 11:30:14,409 INFO =====> Trajectory grad mean: 19044.42578125
2024-09-19 11:30:14,409 INFO =====> Num. aborted data so far: 0
2024-09-19 11:30:14,654 INFO ===> New TaichiEnv created.
2024-09-19 11:30:14,654 INFO ===> Specifications: horizon = 300, dt = 0.01, n_substeps = 20, dt_sub = 0.0005
2024-09-19 11:30:51,396 INFO =====> Epoch: 32
2024-09-19 11:30:51,396 INFO =====> EMD Loss: 27.861175537109375
2024-09-19 11:30:51,396 INFO =====> Height map loss: 28.690561294555664
2024-09-19 11:30:51,396 INFO =====> Trajectory grad mean: 8649.90234375
2024-09-19 11:30:51,396 INFO =====> Num. aborted data so far: 0
2024-09-19 11:30:51,646 INFO ===> New TaichiEnv created.
2024-09-19 11:30:51,647 INFO ===> Specifications: horizon = 300, dt = 0.01, n_substeps = 20, dt_sub = 0.0005
2024-09-19 11:31:28,649 ERROR ===> [Warning] Aborting epoch: 33
2024-09-19 11:31:28,649 ERROR ===> [Warning] Particle has nan or inf: False
2024-09-19 11:31:28,649 ERROR ===> [Warning] Strange loss or gradient.
2024-09-19 11:31:28,649 ERROR ===> [Warning] Trajectory grad mean: -4693912064.0
2024-09-19 11:31:28,649 ERROR ===> [Warning] Loss info: {'particle_has_naninf': False, 'height_map_loss': 29.99864387512207, 'emd_loss': 28.73170280456543, 'total_loss': 28.73170280456543}
2024-09-19 11:31:28,650 INFO =====> Epoch: 33
2024-09-19 11:31:28,650 INFO =====> EMD Loss: nan
2024-09-19 11:31:28,650 INFO =====> Height map loss: nan
2024-09-19 11:31:28,650 INFO =====> Trajectory grad mean: 1.0000001111620804e-06
2024-09-19 11:31:28,650 INFO =====> Num. aborted data so far: 1
2024-09-19 11:31:28,896 INFO ===> New TaichiEnv created.
2024-09-19 11:31:28,897 INFO ===> Specifications: horizon = 300, dt = 0.01, n_substeps = 20, dt_sub = 0.0005
2024-09-19 11:32:05,772 ERROR ===> [Warning] Aborting epoch: 34
2024-09-19 11:32:05,772 ERROR ===> [Warning] Particle has nan or inf: False
2024-09-19 11:32:05,772 ERROR ===> [Warning] Strange loss or gradient.
2024-09-19 11:32:05,772 ERROR ===> [Warning] Trajectory grad mean: 3026082816.0
2024-09-19 11:32:05,772 ERROR ===> [Warning] Loss info: {'particle_has_naninf': False, 'height_map_loss': 30.732946395874023, 'emd_loss': 29.38351058959961, 'total_loss': 29.38351058959961}
2024-09-19 11:32:05,773 INFO =====> Epoch: 34
2024-09-19 11:32:05,773 INFO =====> EMD Loss: nan
2024-09-19 11:32:05,773 INFO =====> Height map loss: nan
2024-09-19 11:32:05,773 INFO =====> Trajectory grad mean: 1.0000001111620804e-06
2024-09-19 11:32:05,773 INFO =====> Num. aborted data so far: 2
2024-09-19 11:32:06,024 INFO ===> New TaichiEnv created.
2024-09-19 11:32:06,024 INFO ===> Specifications: horizon = 300, dt = 0.01, n_substeps = 20, dt_sub = 0.0005
2024-09-19 11:32:42,909 INFO =====> Epoch: 35
2024-09-19 11:32:42,909 INFO =====> EMD Loss: 30.129602432250977
2024-09-19 11:32:42,909 INFO =====> Height map loss: 31.633459091186523
2024-09-19 11:32:42,909 INFO =====> Trajectory grad mean: 15733.138671875
2024-09-19 11:32:42,909 INFO =====> Num. aborted data so far: 2
2024-09-19 11:32:43,158 INFO ===> New TaichiEnv created.
2024-09-19 11:32:43,158 INFO ===> Specifications: horizon = 300, dt = 0.01, n_substeps = 20, dt_sub = 0.0005
2024-09-19 11:33:20,031 INFO =====> Epoch: 36
2024-09-19 11:33:20,031 INFO =====> EMD Loss: 30.001907348632812
2024-09-19 11:33:20,031 INFO =====> Height map loss: 31.634000778198242
2024-09-19 11:33:20,031 INFO =====> Trajectory grad mean: -18582.333984375
2024-09-19 11:33:20,031 INFO =====> Num. aborted data so far: 2
2024-09-19 11:33:20,281 INFO ===> New TaichiEnv created.
2024-09-19 11:33:20,281 INFO ===> Specifications: horizon = 300, dt = 0.01, n_substeps = 20, dt_sub = 0.0005
2024-09-19 11:33:57,122 INFO =====> Epoch: 37
2024-09-19 11:33:57,122 INFO =====> EMD Loss: 29.88684844970703
2024-09-19 11:33:57,122 INFO =====> Height map loss: 31.23534393310547
2024-09-19 11:33:57,122 INFO =====> Trajectory grad mean: 3944.295654296875
2024-09-19 11:33:57,122 INFO =====> Num. aborted data so far: 2
2024-09-19 11:33:57,370 INFO ===> New TaichiEnv created.
2024-09-19 11:33:57,370 INFO ===> Specifications: horizon = 300, dt = 0.01, n_substeps = 20, dt_sub = 0.0005
2024-09-19 11:34:34,302 ERROR ===> [Warning] Aborting epoch: 38
2024-09-19 11:34:34,302 ERROR ===> [Warning] Particle has nan or inf: False
2024-09-19 11:34:34,302 ERROR ===> [Warning] Strange loss or gradient.
2024-09-19 11:34:34,302 ERROR ===> [Warning] Trajectory grad mean: 2859785728.0
2024-09-19 11:34:34,302 ERROR ===> [Warning] Loss info: {'particle_has_naninf': False, 'height_map_loss': 30.732206344604492, 'emd_loss': 29.317569732666016, 'total_loss': 29.317569732666016}
2024-09-19 11:34:34,303 INFO =====> Epoch: 38
2024-09-19 11:34:34,303 INFO =====> EMD Loss: nan
2024-09-19 11:34:34,304 INFO =====> Height map loss: nan
2024-09-19 11:34:34,304 INFO =====> Trajectory grad mean: 1.0000001111620804e-06
2024-09-19 11:34:34,304 INFO =====> Num. aborted data so far: 3
2024-09-19 11:34:34,553 INFO ===> New TaichiEnv created.
2024-09-19 11:34:34,553 INFO ===> Specifications: horizon = 300, dt = 0.01, n_substeps = 20, dt_sub = 0.0005
2024-09-19 11:35:11,393 ERROR ===> [Warning] Aborting epoch: 39
2024-09-19 11:35:11,393 ERROR ===> [Warning] Particle has nan or inf: False
2024-09-19 11:35:11,393 ERROR ===> [Warning] Strange loss or gradient.
2024-09-19 11:35:11,393 ERROR ===> [Warning] Trajectory grad mean: 2808611584.0
2024-09-19 11:35:11,393 ERROR ===> [Warning] Loss info: {'particle_has_naninf': False, 'height_map_loss': 30.162153244018555, 'emd_loss': 29.149375915527344, 'total_loss': 29.149375915527344}
2024-09-19 11:35:11,395 INFO =====> Epoch: 39
2024-09-19 11:35:11,395 INFO =====> EMD Loss: nan
2024-09-19 11:35:11,395 INFO =====> Height map loss: nan
2024-09-19 11:35:11,395 INFO =====> Trajectory grad mean: 1.0000001111620804e-06
2024-09-19 11:35:11,395 INFO =====> Num. aborted data so far: 4
2024-09-19 11:35:11,645 INFO ===> New TaichiEnv created.
2024-09-19 11:35:11,645 INFO ===> Specifications: horizon = 300, dt = 0.01, n_substeps = 20, dt_sub = 0.0005
2024-09-19 11:35:48,410 INFO =====> Epoch: 40
2024-09-19 11:35:48,410 INFO =====> EMD Loss: 28.881832122802734
2024-09-19 11:35:48,410 INFO =====> Height map loss: 29.89676856994629
2024-09-19 11:35:48,410 INFO =====> Trajectory grad mean: 5276622.0
2024-09-19 11:35:48,410 INFO =====> Num. aborted data so far: 4
2024-09-19 11:35:48,659 INFO ===> New TaichiEnv created.
2024-09-19 11:35:48,660 INFO ===> Specifications: horizon = 300, dt = 0.01, n_substeps = 20, dt_sub = 0.0005
2024-09-19 11:36:25,576 INFO =====> Epoch: 41
2024-09-19 11:36:25,576 INFO =====> EMD Loss: 29.529830932617188
2024-09-19 11:36:25,576 INFO =====> Height map loss: 30.67862319946289
2024-09-19 11:36:25,576 INFO =====> Trajectory grad mean: -902.7333984375
2024-09-19 11:36:25,576 INFO =====> Num. aborted data so far: 4
2024-09-19 11:36:25,827 INFO ===> New TaichiEnv created.
2024-09-19 11:36:25,827 INFO ===> Specifications: horizon = 300, dt = 0.01, n_substeps = 20, dt_sub = 0.0005
2024-09-19 11:37:02,644 INFO =====> Epoch: 42
2024-09-19 11:37:02,644 INFO =====> EMD Loss: 29.664752960205078
2024-09-19 11:37:02,644 INFO =====> Height map loss: 30.770986557006836
2024-09-19 11:37:02,644 INFO =====> Trajectory grad mean: 13295.9970703125
2024-09-19 11:37:02,644 INFO =====> Num. aborted data so far: 4
2024-09-19 11:37:02,896 INFO ===> New TaichiEnv created.
2024-09-19 11:37:02,896 INFO ===> Specifications: horizon = 300, dt = 0.01, n_substeps = 20, dt_sub = 0.0005
2024-09-19 11:37:39,903 INFO =====> Epoch: 43
2024-09-19 11:37:39,903 INFO =====> EMD Loss: 29.8855037689209
2024-09-19 11:37:39,903 INFO =====> Height map loss: 31.18815040588379
2024-09-19 11:37:39,903 INFO =====> Trajectory grad mean: -84139.609375
2024-09-19 11:37:39,903 INFO =====> Num. aborted data so far: 4
2024-09-19 11:37:40,155 INFO ===> New TaichiEnv created.
2024-09-19 11:37:40,155 INFO ===> Specifications: horizon = 300, dt = 0.01, n_substeps = 20, dt_sub = 0.0005
2024-09-19 11:38:17,137 INFO =====> Epoch: 44
2024-09-19 11:38:17,137 INFO =====> EMD Loss: 30.355762481689453
2024-09-19 11:38:17,137 INFO =====> Height map loss: 31.727094650268555
2024-09-19 11:38:17,137 INFO =====> Trajectory grad mean: 7013.93017578125
2024-09-19 11:38:17,137 INFO =====> Num. aborted data so far: 4
2024-09-19 11:38:17,390 INFO ===> New TaichiEnv created.
2024-09-19 11:38:17,390 INFO ===> Specifications: horizon = 300, dt = 0.01, n_substeps = 20, dt_sub = 0.0005
2024-09-19 11:38:54,587 INFO =====> Epoch: 45
2024-09-19 11:38:54,587 INFO =====> EMD Loss: 30.390056610107422
2024-09-19 11:38:54,587 INFO =====> Height map loss: 31.978900909423828
2024-09-19 11:38:54,587 INFO =====> Trajectory grad mean: -8993.453125
2024-09-19 11:38:54,587 INFO =====> Num. aborted data so far: 4
2024-09-19 11:38:54,846 INFO ===> New TaichiEnv created.
2024-09-19 11:38:54,846 INFO ===> Specifications: horizon = 300, dt = 0.01, n_substeps = 20, dt_sub = 0.0005
2024-09-19 11:39:31,955 INFO =====> Epoch: 46
2024-09-19 11:39:31,955 INFO =====> EMD Loss: 30.444032669067383
2024-09-19 11:39:31,955 INFO =====> Height map loss: 31.950212478637695
2024-09-19 11:39:31,955 INFO =====> Trajectory grad mean: -172629.421875
2024-09-19 11:39:31,955 INFO =====> Num. aborted data so far: 4
2024-09-19 11:39:32,209 INFO ===> New TaichiEnv created.
2024-09-19 11:39:32,209 INFO ===> Specifications: horizon = 300, dt = 0.01, n_substeps = 20, dt_sub = 0.0005
2024-09-19 11:40:09,285 INFO =====> Epoch: 47
2024-09-19 11:40:09,285 INFO =====> EMD Loss: 30.43140983581543
2024-09-19 11:40:09,285 INFO =====> Height map loss: 32.145748138427734
2024-09-19 11:40:09,285 INFO =====> Trajectory grad mean: 184425.765625
2024-09-19 11:40:09,285 INFO =====> Num. aborted data so far: 4
2024-09-19 11:40:09,540 INFO ===> New TaichiEnv created.
2024-09-19 11:40:09,540 INFO ===> Specifications: horizon = 300, dt = 0.01, n_substeps = 20, dt_sub = 0.0005
2024-09-19 11:40:46,610 ERROR ===> [Warning] Aborting epoch: 48
2024-09-19 11:40:46,610 ERROR ===> [Warning] Particle has nan or inf: False
2024-09-19 11:40:46,610 ERROR ===> [Warning] Strange loss or gradient.
2024-09-19 11:40:46,610 ERROR ===> [Warning] Trajectory grad mean: 2880670720.0
2024-09-19 11:40:46,610 ERROR ===> [Warning] Loss info: {'particle_has_naninf': False, 'height_map_loss': 32.15119171142578, 'emd_loss': 30.53789520263672, 'total_loss': 30.53789520263672}
2024-09-19 11:40:46,611 INFO =====> Epoch: 48
2024-09-19 11:40:46,612 INFO =====> EMD Loss: nan
2024-09-19 11:40:46,612 INFO =====> Height map loss: nan
2024-09-19 11:40:46,612 INFO =====> Trajectory grad mean: 1.0000001111620804e-06
2024-09-19 11:40:46,612 INFO =====> Num. aborted data so far: 5
2024-09-19 11:40:46,865 INFO ===> New TaichiEnv created.
2024-09-19 11:40:46,865 INFO ===> Specifications: horizon = 300, dt = 0.01, n_substeps = 20, dt_sub = 0.0005
2024-09-19 11:41:23,823 INFO =====> Epoch: 49
2024-09-19 11:41:23,823 INFO =====> EMD Loss: 30.60317611694336
2024-09-19 11:41:23,823 INFO =====> Height map loss: 32.28667449951172
2024-09-19 11:41:23,823 INFO =====> Trajectory grad mean: -1475.0718994140625
2024-09-19 11:41:23,823 INFO =====> Num. aborted data so far: 5
2024-09-19 11:41:24,079 INFO ===> New TaichiEnv created.
2024-09-19 11:41:24,079 INFO ===> Specifications: horizon = 300, dt = 0.01, n_substeps = 20, dt_sub = 0.0005
2024-09-19 11:42:01,081 INFO =====> Epoch: 50
2024-09-19 11:42:01,081 INFO =====> EMD Loss: 30.564701080322266
2024-09-19 11:42:01,081 INFO =====> Height map loss: 32.40410232543945
2024-09-19 11:42:01,081 INFO =====> Trajectory grad mean: 385950.84375
2024-09-19 11:42:01,081 INFO =====> Num. aborted data so far: 5
2024-09-19 11:42:01,337 INFO ===> New TaichiEnv created.
2024-09-19 11:42:01,337 INFO ===> Specifications: horizon = 300, dt = 0.01, n_substeps = 20, dt_sub = 0.0005
2024-09-19 11:42:38,252 INFO =====> Epoch: 51
2024-09-19 11:42:38,253 INFO =====> EMD Loss: 30.55348014831543
2024-09-19 11:42:38,253 INFO =====> Height map loss: 32.11589813232422
2024-09-19 11:42:38,253 INFO =====> Trajectory grad mean: -176046.453125
2024-09-19 11:42:38,253 INFO =====> Num. aborted data so far: 5
2024-09-19 11:42:38,508 INFO ===> New TaichiEnv created.
2024-09-19 11:42:38,508 INFO ===> Specifications: horizon = 300, dt = 0.01, n_substeps = 20, dt_sub = 0.0005
2024-09-19 11:43:15,444 ERROR ===> [Warning] Aborting epoch: 52
2024-09-19 11:43:15,444 ERROR ===> [Warning] Particle has nan or inf: False
2024-09-19 11:43:15,444 ERROR ===> [Warning] Strange loss or gradient.
2024-09-19 11:43:15,444 ERROR ===> [Warning] Trajectory grad mean: 162904304.0
2024-09-19 11:43:15,444 ERROR ===> [Warning] Loss info: {'particle_has_naninf': False, 'height_map_loss': 32.044761657714844, 'emd_loss': 30.540939331054688, 'total_loss': 30.540939331054688}
2024-09-19 11:43:15,445 INFO =====> Epoch: 52
2024-09-19 11:43:15,445 INFO =====> EMD Loss: nan
2024-09-19 11:43:15,445 INFO =====> Height map loss: nan
2024-09-19 11:43:15,445 INFO =====> Trajectory grad mean: 1.0000001111620804e-06
2024-09-19 11:43:15,445 INFO =====> Num. aborted data so far: 6
2024-09-19 11:43:15,703 INFO ===> New TaichiEnv created.
2024-09-19 11:43:15,703 INFO ===> Specifications: horizon = 300, dt = 0.01, n_substeps = 20, dt_sub = 0.0005
2024-09-19 11:43:52,705 INFO =====> Epoch: 53
2024-09-19 11:43:52,706 INFO =====> EMD Loss: 30.42925453186035
2024-09-19 11:43:52,706 INFO =====> Height map loss: 31.999156951904297
2024-09-19 11:43:52,706 INFO =====> Trajectory grad mean: -1581773.875
2024-09-19 11:43:52,706 INFO =====> Num. aborted data so far: 6
2024-09-19 11:43:52,962 INFO ===> New TaichiEnv created.
2024-09-19 11:43:52,962 INFO ===> Specifications: horizon = 300, dt = 0.01, n_substeps = 20, dt_sub = 0.0005
2024-09-19 11:44:30,000 INFO =====> Epoch: 54
2024-09-19 11:44:30,000 INFO =====> EMD Loss: 30.50543212890625
2024-09-19 11:44:30,000 INFO =====> Height map loss: 31.88220977783203
2024-09-19 11:44:30,000 INFO =====> Trajectory grad mean: 1598368.375
2024-09-19 11:44:30,000 INFO =====> Num. aborted data so far: 6
2024-09-19 11:44:30,259 INFO ===> New TaichiEnv created.
2024-09-19 11:44:30,260 INFO ===> Specifications: horizon = 300, dt = 0.01, n_substeps = 20, dt_sub = 0.0005
2024-09-19 11:45:07,150 INFO =====> Epoch: 55
2024-09-19 11:45:07,151 INFO =====> EMD Loss: 30.290952682495117
2024-09-19 11:45:07,151 INFO =====> Height map loss: 31.92241096496582
2024-09-19 11:45:07,151 INFO =====> Trajectory grad mean: -848128.125
2024-09-19 11:45:07,151 INFO =====> Num. aborted data so far: 6
2024-09-19 11:45:07,409 INFO ===> New TaichiEnv created.
2024-09-19 11:45:07,409 INFO ===> Specifications: horizon = 300, dt = 0.01, n_substeps = 20, dt_sub = 0.0005
2024-09-19 11:45:44,539 ERROR ===> [Warning] Aborting epoch: 56
2024-09-19 11:45:44,539 ERROR ===> [Warning] Particle has nan or inf: False
2024-09-19 11:45:44,539 ERROR ===> [Warning] Strange loss or gradient.
2024-09-19 11:45:44,539 ERROR ===> [Warning] Trajectory grad mean: 6621344825344.0
2024-09-19 11:45:44,539 ERROR ===> [Warning] Loss info: {'particle_has_naninf': False, 'height_map_loss': 31.64657974243164, 'emd_loss': 30.47669219970703, 'total_loss': 30.47669219970703}
2024-09-19 11:45:44,541 INFO =====> Epoch: 56
2024-09-19 11:45:44,541 INFO =====> EMD Loss: nan
2024-09-19 11:45:44,541 INFO =====> Height map loss: nan
2024-09-19 11:45:44,541 INFO =====> Trajectory grad mean: 1.0000001111620804e-06
2024-09-19 11:45:44,541 INFO =====> Num. aborted data so far: 7
2024-09-19 11:45:44,802 INFO ===> New TaichiEnv created.
2024-09-19 11:45:44,802 INFO ===> Specifications: horizon = 300, dt = 0.01, n_substeps = 20, dt_sub = 0.0005
2024-09-19 11:46:21,809 ERROR ===> [Warning] Aborting epoch: 57
2024-09-19 11:46:21,809 ERROR ===> [Warning] Particle has nan or inf: False
2024-09-19 11:46:21,809 ERROR ===> [Warning] Strange loss or gradient.
2024-09-19 11:46:21,809 ERROR ===> [Warning] Trajectory grad mean: 1556522860544.0
2024-09-19 11:46:21,810 ERROR ===> [Warning] Loss info: {'particle_has_naninf': False, 'height_map_loss': 31.724985122680664, 'emd_loss': 30.40644645690918, 'total_loss': 30.40644645690918}
2024-09-19 11:46:21,811 INFO =====> Epoch: 57
2024-09-19 11:46:21,811 INFO =====> EMD Loss: nan
2024-09-19 11:46:21,811 INFO =====> Height map loss: nan
2024-09-19 11:46:21,811 INFO =====> Trajectory grad mean: 1.0000001111620804e-06
2024-09-19 11:46:21,811 INFO =====> Num. aborted data so far: 8
2024-09-19 11:46:22,068 INFO ===> New TaichiEnv created.
2024-09-19 11:46:22,069 INFO ===> Specifications: horizon = 300, dt = 0.01, n_substeps = 20, dt_sub = 0.0005
2024-09-19 11:46:58,955 ERROR ===> [Warning] Aborting epoch: 58
2024-09-19 11:46:58,955 ERROR ===> [Warning] Particle has nan or inf: False
2024-09-19 11:46:58,955 ERROR ===> [Warning] Strange loss or gradient.
2024-09-19 11:46:58,955 ERROR ===> [Warning] Trajectory grad mean: 3394108416.0
2024-09-19 11:46:58,955 ERROR ===> [Warning] Loss info: {'particle_has_naninf': False, 'height_map_loss': 31.77790069580078, 'emd_loss': 30.37514877319336, 'total_loss': 30.37514877319336}
2024-09-19 11:46:58,956 INFO =====> Epoch: 58
2024-09-19 11:46:58,956 INFO =====> EMD Loss: nan
2024-09-19 11:46:58,956 INFO =====> Height map loss: nan
2024-09-19 11:46:58,956 INFO =====> Trajectory grad mean: 1.0000001111620804e-06
2024-09-19 11:46:58,956 INFO =====> Num. aborted data so far: 9
2024-09-19 11:46:59,219 INFO ===> New TaichiEnv created.
2024-09-19 11:46:59,219 INFO ===> Specifications: horizon = 300, dt = 0.01, n_substeps = 20, dt_sub = 0.0005
2024-09-19 11:47:36,250 INFO =====> Epoch: 59
2024-09-19 11:47:36,250 INFO =====> EMD Loss: 30.15055274963379
2024-09-19 11:47:36,250 INFO =====> Height map loss: 31.564340591430664
2024-09-19 11:47:36,250 INFO =====> Trajectory grad mean: 1759.2322998046875
2024-09-19 11:47:36,250 INFO =====> Num. aborted data so far: 9
2024-09-19 11:47:36,508 INFO ===> New TaichiEnv created.
2024-09-19 11:47:36,508 INFO ===> Specifications: horizon = 300, dt = 0.01, n_substeps = 20, dt_sub = 0.0005
2024-09-19 11:48:13,557 ERROR ===> [Warning] Aborting epoch: 60
2024-09-19 11:48:13,557 ERROR ===> [Warning] Particle has nan or inf: False
2024-09-19 11:48:13,557 ERROR ===> [Warning] Strange loss or gradient.
2024-09-19 11:48:13,557 ERROR ===> [Warning] Trajectory grad mean: 875372544.0
2024-09-19 11:48:13,557 ERROR ===> [Warning] Loss info: {'particle_has_naninf': False, 'height_map_loss': 31.101083755493164, 'emd_loss': 29.88787841796875, 'total_loss': 29.88787841796875}
2024-09-19 11:48:13,558 INFO =====> Epoch: 60
2024-09-19 11:48:13,558 INFO =====> EMD Loss: nan
2024-09-19 11:48:13,558 INFO =====> Height map loss: nan
2024-09-19 11:48:13,558 INFO =====> Trajectory grad mean: 1.0000001111620804e-06
2024-09-19 11:48:13,558 INFO =====> Num. aborted data so far: 10
2024-09-19 11:48:13,819 INFO ===> New TaichiEnv created.
2024-09-19 11:48:13,819 INFO ===> Specifications: horizon = 300, dt = 0.01, n_substeps = 20, dt_sub = 0.0005
2024-09-19 11:48:50,672 INFO =====> Epoch: 61
2024-09-19 11:48:50,672 INFO =====> EMD Loss: 29.848068237304688
2024-09-19 11:48:50,672 INFO =====> Height map loss: 30.96881103515625
2024-09-19 11:48:50,672 INFO =====> Trajectory grad mean: 512340.125
2024-09-19 11:48:50,672 INFO =====> Num. aborted data so far: 10
2024-09-19 11:48:50,932 INFO ===> New TaichiEnv created.
2024-09-19 11:48:50,932 INFO ===> Specifications: horizon = 300, dt = 0.01, n_substeps = 20, dt_sub = 0.0005
2024-09-19 11:49:27,900 INFO =====> Epoch: 62
2024-09-19 11:49:27,900 INFO =====> EMD Loss: 30.227214813232422
2024-09-19 11:49:27,900 INFO =====> Height map loss: 31.01679801940918
2024-09-19 11:49:27,900 INFO =====> Trajectory grad mean: 4829.02001953125
2024-09-19 11:49:27,900 INFO =====> Num. aborted data so far: 10
2024-09-19 11:49:28,165 INFO ===> New TaichiEnv created.
2024-09-19 11:49:28,165 INFO ===> Specifications: horizon = 300, dt = 0.01, n_substeps = 20, dt_sub = 0.0005
2024-09-19 11:50:05,164 INFO =====> Epoch: 63
2024-09-19 11:50:05,164 INFO =====> EMD Loss: 30.038938522338867
2024-09-19 11:50:05,164 INFO =====> Height map loss: 31.103736877441406
2024-09-19 11:50:05,164 INFO =====> Trajectory grad mean: 5477.57080078125
2024-09-19 11:50:05,164 INFO =====> Num. aborted data so far: 10
2024-09-19 11:50:05,424 INFO ===> New TaichiEnv created.
2024-09-19 11:50:05,424 INFO ===> Specifications: horizon = 300, dt = 0.01, n_substeps = 20, dt_sub = 0.0005
2024-09-19 11:50:42,275 INFO =====> Epoch: 64
2024-09-19 11:50:42,276 INFO =====> EMD Loss: 29.824953079223633
2024-09-19 11:50:42,276 INFO =====> Height map loss: 30.41126823425293
2024-09-19 11:50:42,276 INFO =====> Trajectory grad mean: 1360286.375
2024-09-19 11:50:42,276 INFO =====> Num. aborted data so far: 10
2024-09-19 11:50:42,539 INFO ===> New TaichiEnv created.
2024-09-19 11:50:42,539 INFO ===> Specifications: horizon = 300, dt = 0.01, n_substeps = 20, dt_sub = 0.0005
2024-09-19 11:51:19,541 INFO =====> Epoch: 65
2024-09-19 11:51:19,541 INFO =====> EMD Loss: 30.049171447753906
2024-09-19 11:51:19,541 INFO =====> Height map loss: 30.81085777282715
2024-09-19 11:51:19,541 INFO =====> Trajectory grad mean: 3119692.5
2024-09-19 11:51:19,541 INFO =====> Num. aborted data so far: 10
2024-09-19 11:51:19,802 INFO ===> New TaichiEnv created.
2024-09-19 11:51:19,802 INFO ===> Specifications: horizon = 300, dt = 0.01, n_substeps = 20, dt_sub = 0.0005
2024-09-19 11:51:56,689 INFO =====> Epoch: 66
2024-09-19 11:51:56,689 INFO =====> EMD Loss: 30.32266616821289
2024-09-19 11:51:56,689 INFO =====> Height map loss: 31.273609161376953
2024-09-19 11:51:56,689 INFO =====> Trajectory grad mean: -2649.60693359375
2024-09-19 11:51:56,689 INFO =====> Num. aborted data so far: 10
2024-09-19 11:51:56,952 INFO ===> New TaichiEnv created.
2024-09-19 11:51:56,953 INFO ===> Specifications: horizon = 300, dt = 0.01, n_substeps = 20, dt_sub = 0.0005
2024-09-19 11:52:33,890 INFO =====> Epoch: 67
2024-09-19 11:52:33,890 INFO =====> EMD Loss: 30.553815841674805
2024-09-19 11:52:33,890 INFO =====> Height map loss: 31.631528854370117
2024-09-19 11:52:33,890 INFO =====> Trajectory grad mean: 4069.098388671875
2024-09-19 11:52:33,890 INFO =====> Num. aborted data so far: 10
2024-09-19 11:52:34,152 INFO ===> New TaichiEnv created.
2024-09-19 11:52:34,152 INFO ===> Specifications: horizon = 300, dt = 0.01, n_substeps = 20, dt_sub = 0.0005
2024-09-19 11:53:11,116 INFO =====> Epoch: 68
2024-09-19 11:53:11,116 INFO =====> EMD Loss: 30.613080978393555
2024-09-19 11:53:11,116 INFO =====> Height map loss: 31.585054397583008
2024-09-19 11:53:11,116 INFO =====> Trajectory grad mean: 6031.02978515625
2024-09-19 11:53:11,116 INFO =====> Num. aborted data so far: 10
2024-09-19 11:53:11,381 INFO ===> New TaichiEnv created.
2024-09-19 11:53:11,381 INFO ===> Specifications: horizon = 300, dt = 0.01, n_substeps = 20, dt_sub = 0.0005
2024-09-19 11:53:48,406 INFO =====> Epoch: 69
2024-09-19 11:53:48,407 INFO =====> EMD Loss: 30.832733154296875
2024-09-19 11:53:48,407 INFO =====> Height map loss: 32.01582717895508
2024-09-19 11:53:48,407 INFO =====> Trajectory grad mean: -269061.65625
2024-09-19 11:53:48,407 INFO =====> Num. aborted data so far: 10
2024-09-19 11:53:48,667 INFO ===> New TaichiEnv created.
2024-09-19 11:53:48,667 INFO ===> Specifications: horizon = 300, dt = 0.01, n_substeps = 20, dt_sub = 0.0005
2024-09-19 11:54:26,067 INFO =====> Epoch: 70
2024-09-19 11:54:26,067 INFO =====> EMD Loss: 31.088590621948242
2024-09-19 11:54:26,068 INFO =====> Height map loss: 32.41038513183594
2024-09-19 11:54:26,068 INFO =====> Trajectory grad mean: -30605.78515625
2024-09-19 11:54:26,068 INFO =====> Num. aborted data so far: 10
2024-09-19 11:54:26,331 INFO ===> New TaichiEnv created.
2024-09-19 11:54:26,331 INFO ===> Specifications: horizon = 300, dt = 0.01, n_substeps = 20, dt_sub = 0.0005
2024-09-19 11:55:03,459 ERROR ===> [Warning] Aborting epoch: 71
2024-09-19 11:55:03,459 ERROR ===> [Warning] Particle has nan or inf: False
2024-09-19 11:55:03,459 ERROR ===> [Warning] Strange loss or gradient.
2024-09-19 11:55:03,459 ERROR ===> [Warning] Trajectory grad mean: -1283113746432.0
2024-09-19 11:55:03,459 ERROR ===> [Warning] Loss info: {'particle_has_naninf': False, 'height_map_loss': 32.72595977783203, 'emd_loss': 31.215452194213867, 'total_loss': 31.215452194213867}
2024-09-19 11:55:03,460 INFO =====> Epoch: 71
2024-09-19 11:55:03,460 INFO =====> EMD Loss: nan
2024-09-19 11:55:03,460 INFO =====> Height map loss: nan
2024-09-19 11:55:03,460 INFO =====> Trajectory grad mean: 1.0000001111620804e-06
2024-09-19 11:55:03,460 INFO =====> Num. aborted data so far: 11
2024-09-19 11:55:03,722 INFO ===> New TaichiEnv created.
2024-09-19 11:55:03,722 INFO ===> Specifications: horizon = 300, dt = 0.01, n_substeps = 20, dt_sub = 0.0005
2024-09-19 11:55:40,838 ERROR ===> [Warning] Aborting epoch: 72
2024-09-19 11:55:40,838 ERROR ===> [Warning] Particle has nan or inf: False
2024-09-19 11:55:40,838 ERROR ===> [Warning] Strange loss or gradient.
2024-09-19 11:55:40,838 ERROR ===> [Warning] Trajectory grad mean: 82751816.0
2024-09-19 11:55:40,845 ERROR ===> [Warning] Loss info: {'particle_has_naninf': False, 'height_map_loss': 32.449310302734375, 'emd_loss': 31.268531799316406, 'total_loss': 31.268531799316406}
2024-09-19 11:55:40,846 INFO =====> Epoch: 72
2024-09-19 11:55:40,846 INFO =====> EMD Loss: nan
2024-09-19 11:55:40,846 INFO =====> Height map loss: nan
2024-09-19 11:55:40,846 INFO =====> Trajectory grad mean: 1.0000001111620804e-06
2024-09-19 11:55:40,846 INFO =====> Num. aborted data so far: 12
2024-09-19 11:55:41,110 INFO ===> New TaichiEnv created.
2024-09-19 11:55:41,110 INFO ===> Specifications: horizon = 300, dt = 0.01, n_substeps = 20, dt_sub = 0.0005
2024-09-19 11:56:18,196 INFO =====> Epoch: 73
2024-09-19 11:56:18,196 INFO =====> EMD Loss: 31.256017684936523
2024-09-19 11:56:18,196 INFO =====> Height map loss: 32.58319091796875
2024-09-19 11:56:18,196 INFO =====> Trajectory grad mean: -117027.2421875
2024-09-19 11:56:18,196 INFO =====> Num. aborted data so far: 12
2024-09-19 11:56:18,460 INFO ===> New TaichiEnv created.
2024-09-19 11:56:18,460 INFO ===> Specifications: horizon = 300, dt = 0.01, n_substeps = 20, dt_sub = 0.0005
2024-09-19 11:56:55,633 ERROR ===> [Warning] Aborting epoch: 74
2024-09-19 11:56:55,633 ERROR ===> [Warning] Particle has nan or inf: False
2024-09-19 11:56:55,633 ERROR ===> [Warning] Strange loss or gradient.
2024-09-19 11:56:55,633 ERROR ===> [Warning] Trajectory grad mean: 16733087727616.0
2024-09-19 11:56:55,633 ERROR ===> [Warning] Loss info: {'particle_has_naninf': False, 'height_map_loss': 32.819732666015625, 'emd_loss': 31.46540641784668, 'total_loss': 31.46540641784668}
2024-09-19 11:56:55,634 INFO =====> Epoch: 74
2024-09-19 11:56:55,634 INFO =====> EMD Loss: nan
2024-09-19 11:56:55,634 INFO =====> Height map loss: nan
2024-09-19 11:56:55,634 INFO =====> Trajectory grad mean: 1.0000001111620804e-06
2024-09-19 11:56:55,634 INFO =====> Num. aborted data so far: 13
2024-09-19 11:56:55,897 INFO ===> New TaichiEnv created.
2024-09-19 11:56:55,897 INFO ===> Specifications: horizon = 300, dt = 0.01, n_substeps = 20, dt_sub = 0.0005
2024-09-19 11:57:33,113 ERROR ===> [Warning] Aborting epoch: 75
2024-09-19 11:57:33,113 ERROR ===> [Warning] Particle has nan or inf: False
2024-09-19 11:57:33,113 ERROR ===> [Warning] Strange loss or gradient.
2024-09-19 11:57:33,114 ERROR ===> [Warning] Trajectory grad mean: 90500489216.0
2024-09-19 11:57:33,114 ERROR ===> [Warning] Loss info: {'particle_has_naninf': False, 'height_map_loss': 32.58902359008789, 'emd_loss': 31.451332092285156, 'total_loss': 31.451332092285156}
2024-09-19 11:57:33,115 INFO =====> Epoch: 75
2024-09-19 11:57:33,115 INFO =====> EMD Loss: nan
2024-09-19 11:57:33,115 INFO =====> Height map loss: nan
2024-09-19 11:57:33,115 INFO =====> Trajectory grad mean: 1.0000001111620804e-06
2024-09-19 11:57:33,115 INFO =====> Num. aborted data so far: 14
2024-09-19 11:57:33,381 INFO ===> New TaichiEnv created.
2024-09-19 11:57:33,381 INFO ===> Specifications: horizon = 300, dt = 0.01, n_substeps = 20, dt_sub = 0.0005
2024-09-19 11:58:10,476 INFO =====> Epoch: 76
2024-09-19 11:58:10,476 INFO =====> EMD Loss: 31.580137252807617
2024-09-19 11:58:10,476 INFO =====> Height map loss: 32.750606536865234
2024-09-19 11:58:10,476 INFO =====> Trajectory grad mean: 368570.21875
2024-09-19 11:58:10,476 INFO =====> Num. aborted data so far: 14
2024-09-19 11:58:10,741 INFO ===> New TaichiEnv created.
2024-09-19 11:58:10,741 INFO ===> Specifications: horizon = 300, dt = 0.01, n_substeps = 20, dt_sub = 0.0005
2024-09-19 11:58:47,933 INFO =====> Epoch: 77
2024-09-19 11:58:47,933 INFO =====> EMD Loss: 31.733854293823242
2024-09-19 11:58:47,933 INFO =====> Height map loss: 32.693729400634766
2024-09-19 11:58:47,933 INFO =====> Trajectory grad mean: 944983.4375
2024-09-19 11:58:47,933 INFO =====> Num. aborted data so far: 14
2024-09-19 11:58:48,198 INFO ===> New TaichiEnv created.
2024-09-19 11:58:48,198 INFO ===> Specifications: horizon = 300, dt = 0.01, n_substeps = 20, dt_sub = 0.0005
2024-09-19 11:59:25,373 INFO =====> Epoch: 78
2024-09-19 11:59:25,373 INFO =====> EMD Loss: 32.106258392333984
2024-09-19 11:59:25,373 INFO =====> Height map loss: 33.29237747192383
2024-09-19 11:59:25,373 INFO =====> Trajectory grad mean: 2901.3818359375
2024-09-19 11:59:25,373 INFO =====> Num. aborted data so far: 14
2024-09-19 11:59:25,642 INFO ===> New TaichiEnv created.
2024-09-19 11:59:25,642 INFO ===> Specifications: horizon = 300, dt = 0.01, n_substeps = 20, dt_sub = 0.0005
2024-09-19 12:00:02,893 INFO =====> Epoch: 79
2024-09-19 12:00:02,893 INFO =====> EMD Loss: 32.162967681884766
2024-09-19 12:00:02,893 INFO =====> Height map loss: 33.146888732910156
2024-09-19 12:00:02,893 INFO =====> Trajectory grad mean: 17343.45703125
2024-09-19 12:00:02,893 INFO =====> Num. aborted data so far: 14
2024-09-19 12:00:03,158 INFO ===> New TaichiEnv created.
2024-09-19 12:00:03,158 INFO ===> Specifications: horizon = 300, dt = 0.01, n_substeps = 20, dt_sub = 0.0005
2024-09-19 12:00:40,446 INFO =====> Epoch: 80
2024-09-19 12:00:40,446 INFO =====> EMD Loss: 32.246456146240234
2024-09-19 12:00:40,446 INFO =====> Height map loss: 33.29985427856445
2024-09-19 12:00:40,446 INFO =====> Trajectory grad mean: -11089.763671875
2024-09-19 12:00:40,446 INFO =====> Num. aborted data so far: 14
2024-09-19 12:00:40,712 INFO ===> New TaichiEnv created.
2024-09-19 12:00:40,712 INFO ===> Specifications: horizon = 300, dt = 0.01, n_substeps = 20, dt_sub = 0.0005
2024-09-19 12:01:17,844 INFO =====> Epoch: 81
2024-09-19 12:01:17,844 INFO =====> EMD Loss: 32.29542922973633
2024-09-19 12:01:17,844 INFO =====> Height map loss: 33.09025192260742
2024-09-19 12:01:17,844 INFO =====> Trajectory grad mean: 2930.224365234375
2024-09-19 12:01:17,844 INFO =====> Num. aborted data so far: 14
2024-09-19 12:01:18,111 INFO ===> New TaichiEnv created.
2024-09-19 12:01:18,111 INFO ===> Specifications: horizon = 300, dt = 0.01, n_substeps = 20, dt_sub = 0.0005
2024-09-19 12:01:55,288 INFO =====> Epoch: 82
2024-09-19 12:01:55,288 INFO =====> EMD Loss: 32.3641471862793
2024-09-19 12:01:55,288 INFO =====> Height map loss: 33.099266052246094
2024-09-19 12:01:55,288 INFO =====> Trajectory grad mean: 7953.5673828125
2024-09-19 12:01:55,288 INFO =====> Num. aborted data so far: 14
2024-09-19 12:01:55,558 INFO ===> New TaichiEnv created.
2024-09-19 12:01:55,558 INFO ===> Specifications: horizon = 300, dt = 0.01, n_substeps = 20, dt_sub = 0.0005
2024-09-19 12:02:32,721 INFO =====> Epoch: 83
2024-09-19 12:02:32,721 INFO =====> EMD Loss: 32.409637451171875
2024-09-19 12:02:32,721 INFO =====> Height map loss: 33.221378326416016
2024-09-19 12:02:32,721 INFO =====> Trajectory grad mean: 1423.178955078125
2024-09-19 12:02:32,721 INFO =====> Num. aborted data so far: 14
2024-09-19 12:02:32,987 INFO ===> New TaichiEnv created.
2024-09-19 12:02:32,988 INFO ===> Specifications: horizon = 300, dt = 0.01, n_substeps = 20, dt_sub = 0.0005
2024-09-19 12:03:10,195 INFO =====> Epoch: 84
2024-09-19 12:03:10,195 INFO =====> EMD Loss: 32.44208908081055
2024-09-19 12:03:10,195 INFO =====> Height map loss: 33.18075180053711
2024-09-19 12:03:10,195 INFO =====> Trajectory grad mean: -7943.2265625
2024-09-19 12:03:10,195 INFO =====> Num. aborted data so far: 14
2024-09-19 12:03:10,463 INFO ===> New TaichiEnv created.
2024-09-19 12:03:10,463 INFO ===> Specifications: horizon = 300, dt = 0.01, n_substeps = 20, dt_sub = 0.0005
2024-09-19 12:03:47,940 INFO =====> Epoch: 85
2024-09-19 12:03:47,941 INFO =====> EMD Loss: 32.35001754760742
2024-09-19 12:03:47,941 INFO =====> Height map loss: 32.97773361206055
2024-09-19 12:03:47,941 INFO =====> Trajectory grad mean: -10528.4375
2024-09-19 12:03:47,941 INFO =====> Num. aborted data so far: 14
2024-09-19 12:03:48,211 INFO ===> New TaichiEnv created.
2024-09-19 12:03:48,211 INFO ===> Specifications: horizon = 300, dt = 0.01, n_substeps = 20, dt_sub = 0.0005
2024-09-19 12:04:25,339 INFO =====> Epoch: 86
2024-09-19 12:04:25,339 INFO =====> EMD Loss: 31.858678817749023
2024-09-19 12:04:25,339 INFO =====> Height map loss: 32.575843811035156
2024-09-19 12:04:25,339 INFO =====> Trajectory grad mean: -5894.2021484375
2024-09-19 12:04:25,339 INFO =====> Num. aborted data so far: 14
2024-09-19 12:04:25,607 INFO ===> New TaichiEnv created.
2024-09-19 12:04:25,607 INFO ===> Specifications: horizon = 300, dt = 0.01, n_substeps = 20, dt_sub = 0.0005
2024-09-19 12:05:02,688 INFO =====> Epoch: 87
2024-09-19 12:05:02,688 INFO =====> EMD Loss: 31.545494079589844
2024-09-19 12:05:02,688 INFO =====> Height map loss: 32.34979248046875
2024-09-19 12:05:02,688 INFO =====> Trajectory grad mean: -4730.06689453125
2024-09-19 12:05:02,688 INFO =====> Num. aborted data so far: 14
2024-09-19 12:05:02,955 INFO ===> New TaichiEnv created.
2024-09-19 12:05:02,955 INFO ===> Specifications: horizon = 300, dt = 0.01, n_substeps = 20, dt_sub = 0.0005
2024-09-19 12:05:40,096 INFO =====> Epoch: 88
2024-09-19 12:05:40,096 INFO =====> EMD Loss: 31.51658821105957
2024-09-19 12:05:40,096 INFO =====> Height map loss: 32.347381591796875
2024-09-19 12:05:40,096 INFO =====> Trajectory grad mean: -7813.33642578125
2024-09-19 12:05:40,096 INFO =====> Num. aborted data so far: 14
2024-09-19 12:05:40,362 INFO ===> New TaichiEnv created.
2024-09-19 12:05:40,369 INFO ===> Specifications: horizon = 300, dt = 0.01, n_substeps = 20, dt_sub = 0.0005
2024-09-19 12:06:17,322 INFO =====> Epoch: 89
2024-09-19 12:06:17,322 INFO =====> EMD Loss: 31.24664306640625
2024-09-19 12:06:17,322 INFO =====> Height map loss: 32.30255126953125
2024-09-19 12:06:17,322 INFO =====> Trajectory grad mean: -16346.162109375
2024-09-19 12:06:17,322 INFO =====> Num. aborted data so far: 14
2024-09-19 12:06:17,592 INFO ===> New TaichiEnv created.
2024-09-19 12:06:17,592 INFO ===> Specifications: horizon = 300, dt = 0.01, n_substeps = 20, dt_sub = 0.0005
2024-09-19 12:06:54,745 ERROR ===> [Warning] Aborting epoch: 90
2024-09-19 12:06:54,745 ERROR ===> [Warning] Particle has nan or inf: False
2024-09-19 12:06:54,745 ERROR ===> [Warning] Strange loss or gradient.
2024-09-19 12:06:54,745 ERROR ===> [Warning] Trajectory grad mean: 2408376064.0
2024-09-19 12:06:54,745 ERROR ===> [Warning] Loss info: {'particle_has_naninf': False, 'height_map_loss': 32.341827392578125, 'emd_loss': 31.384963989257812, 'total_loss': 31.384963989257812}
2024-09-19 12:06:54,746 INFO =====> Epoch: 90
2024-09-19 12:06:54,746 INFO =====> EMD Loss: nan
2024-09-19 12:06:54,746 INFO =====> Height map loss: nan
2024-09-19 12:06:54,746 INFO =====> Trajectory grad mean: 1.0000001111620804e-06
2024-09-19 12:06:54,746 INFO =====> Num. aborted data so far: 15
2024-09-19 12:06:55,012 INFO ===> New TaichiEnv created.
2024-09-19 12:06:55,012 INFO ===> Specifications: horizon = 300, dt = 0.01, n_substeps = 20, dt_sub = 0.0005
2024-09-19 12:07:32,025 INFO =====> Epoch: 91
2024-09-19 12:07:32,025 INFO =====> EMD Loss: 31.280773162841797
2024-09-19 12:07:32,025 INFO =====> Height map loss: 32.14377975463867
2024-09-19 12:07:32,025 INFO =====> Trajectory grad mean: -2646.2998046875
2024-09-19 12:07:32,025 INFO =====> Num. aborted data so far: 15
2024-09-19 12:07:32,291 INFO ===> New TaichiEnv created.
2024-09-19 12:07:32,291 INFO ===> Specifications: horizon = 300, dt = 0.01, n_substeps = 20, dt_sub = 0.0005
2024-09-19 12:08:09,416 INFO =====> Epoch: 92
2024-09-19 12:08:09,416 INFO =====> EMD Loss: 31.244443893432617
2024-09-19 12:08:09,416 INFO =====> Height map loss: 32.04230499267578
2024-09-19 12:08:09,416 INFO =====> Trajectory grad mean: 38452.265625
2024-09-19 12:08:09,416 INFO =====> Num. aborted data so far: 15
2024-09-19 12:08:09,707 INFO ===> New TaichiEnv created.
2024-09-19 12:08:09,707 INFO ===> Specifications: horizon = 300, dt = 0.01, n_substeps = 20, dt_sub = 0.0005
2024-09-19 12:08:46,714 INFO =====> Epoch: 93
2024-09-19 12:08:46,714 INFO =====> EMD Loss: 31.251041412353516
2024-09-19 12:08:46,714 INFO =====> Height map loss: 32.23807907104492
2024-09-19 12:08:46,714 INFO =====> Trajectory grad mean: -4458.82666015625
2024-09-19 12:08:46,714 INFO =====> Num. aborted data so far: 15
2024-09-19 12:08:46,982 INFO ===> New TaichiEnv created.
2024-09-19 12:08:46,983 INFO ===> Specifications: horizon = 300, dt = 0.01, n_substeps = 20, dt_sub = 0.0005
2024-09-19 12:09:24,065 INFO =====> Epoch: 94
2024-09-19 12:09:24,065 INFO =====> EMD Loss: 31.290889739990234
2024-09-19 12:09:24,065 INFO =====> Height map loss: 32.1104736328125
2024-09-19 12:09:24,065 INFO =====> Trajectory grad mean: 110838.0859375
2024-09-19 12:09:24,065 INFO =====> Num. aborted data so far: 15
2024-09-19 12:09:24,335 INFO ===> New TaichiEnv created.
2024-09-19 12:09:24,335 INFO ===> Specifications: horizon = 300, dt = 0.01, n_substeps = 20, dt_sub = 0.0005
2024-09-19 12:10:01,362 INFO =====> Epoch: 95
2024-09-19 12:10:01,362 INFO =====> EMD Loss: 31.43238067626953
2024-09-19 12:10:01,362 INFO =====> Height map loss: 32.12807846069336
2024-09-19 12:10:01,362 INFO =====> Trajectory grad mean: -3424.27294921875
2024-09-19 12:10:01,362 INFO =====> Num. aborted data so far: 15
2024-09-19 12:10:01,629 INFO ===> New TaichiEnv created.
2024-09-19 12:10:01,630 INFO ===> Specifications: horizon = 300, dt = 0.01, n_substeps = 20, dt_sub = 0.0005
2024-09-19 12:10:38,925 INFO =====> Epoch: 96
2024-09-19 12:10:38,925 INFO =====> EMD Loss: 31.677762985229492
2024-09-19 12:10:38,925 INFO =====> Height map loss: 32.13434982299805
2024-09-19 12:10:38,925 INFO =====> Trajectory grad mean: 6459.82373046875
2024-09-19 12:10:38,925 INFO =====> Num. aborted data so far: 15
2024-09-19 12:10:39,193 INFO ===> New TaichiEnv created.
2024-09-19 12:10:39,193 INFO ===> Specifications: horizon = 300, dt = 0.01, n_substeps = 20, dt_sub = 0.0005
2024-09-19 12:11:16,186 INFO =====> Epoch: 97
2024-09-19 12:11:16,186 INFO =====> EMD Loss: 31.61771011352539
2024-09-19 12:11:16,186 INFO =====> Height map loss: 32.3074836730957
2024-09-19 12:11:16,186 INFO =====> Trajectory grad mean: 4191.89892578125
2024-09-19 12:11:16,186 INFO =====> Num. aborted data so far: 15
2024-09-19 12:11:16,456 INFO ===> New TaichiEnv created.
2024-09-19 12:11:16,456 INFO ===> Specifications: horizon = 300, dt = 0.01, n_substeps = 20, dt_sub = 0.0005
2024-09-19 12:11:53,633 INFO =====> Epoch: 98
2024-09-19 12:11:53,633 INFO =====> EMD Loss: 31.82875633239746
2024-09-19 12:11:53,633 INFO =====> Height map loss: 32.46878433227539
2024-09-19 12:11:53,633 INFO =====> Trajectory grad mean: -10534.8564453125
2024-09-19 12:11:53,633 INFO =====> Num. aborted data so far: 15
2024-09-19 12:11:53,900 INFO ===> New TaichiEnv created.
2024-09-19 12:11:53,900 INFO ===> Specifications: horizon = 300, dt = 0.01, n_substeps = 20, dt_sub = 0.0005
2024-09-19 12:12:31,034 INFO =====> Epoch: 99
2024-09-19 12:12:31,034 INFO =====> EMD Loss: 31.98031234741211
2024-09-19 12:12:31,034 INFO =====> Height map loss: 32.40142059326172
2024-09-19 12:12:31,034 INFO =====> Trajectory grad mean: -903202.25
2024-09-19 12:12:31,034 INFO =====> Num. aborted data so far: 15
2024-09-19 12:12:31,302 INFO ===> New TaichiEnv created.
2024-09-19 12:12:31,302 INFO ===> Specifications: horizon = 300, dt = 0.01, n_substeps = 20, dt_sub = 0.0005
2024-09-19 12:13:08,495 INFO =====> Epoch: 100
2024-09-19 12:13:08,495 INFO =====> EMD Loss: 31.788753509521484
2024-09-19 12:13:08,495 INFO =====> Height map loss: 32.4446907043457
2024-09-19 12:13:08,495 INFO =====> Trajectory grad mean: 7868.0234375
2024-09-19 12:13:08,495 INFO =====> Num. aborted data so far: 15
2024-09-19 12:13:08,763 INFO ===> New TaichiEnv created.
2024-09-19 12:13:08,763 INFO ===> Specifications: horizon = 300, dt = 0.01, n_substeps = 20, dt_sub = 0.0005
2024-09-19 12:13:45,874 INFO =====> Epoch: 101
2024-09-19 12:13:45,874 INFO =====> EMD Loss: 31.34889030456543
2024-09-19 12:13:45,874 INFO =====> Height map loss: 31.794965744018555
2024-09-19 12:13:45,874 INFO =====> Trajectory grad mean: -10805.4990234375
2024-09-19 12:13:45,874 INFO =====> Num. aborted data so far: 15
2024-09-19 12:13:46,144 INFO ===> New TaichiEnv created.
2024-09-19 12:13:46,144 INFO ===> Specifications: horizon = 300, dt = 0.01, n_substeps = 20, dt_sub = 0.0005
2024-09-19 12:14:23,312 INFO =====> Epoch: 102
2024-09-19 12:14:23,312 INFO =====> EMD Loss: 31.255952835083008
2024-09-19 12:14:23,312 INFO =====> Height map loss: 31.685359954833984
2024-09-19 12:14:23,312 INFO =====> Trajectory grad mean: -1651.849609375
2024-09-19 12:14:23,312 INFO =====> Num. aborted data so far: 15
2024-09-19 12:14:23,581 INFO ===> New TaichiEnv created.
2024-09-19 12:14:23,581 INFO ===> Specifications: horizon = 300, dt = 0.01, n_substeps = 20, dt_sub = 0.0005
2024-09-19 12:15:00,943 INFO =====> Epoch: 103
2024-09-19 12:15:00,943 INFO =====> EMD Loss: 31.320457458496094
2024-09-19 12:15:00,943 INFO =====> Height map loss: 31.56756019592285
2024-09-19 12:15:00,943 INFO =====> Trajectory grad mean: 41421.09765625
2024-09-19 12:15:00,943 INFO =====> Num. aborted data so far: 15
2024-09-19 12:15:01,213 INFO ===> New TaichiEnv created.
2024-09-19 12:15:01,213 INFO ===> Specifications: horizon = 300, dt = 0.01, n_substeps = 20, dt_sub = 0.0005
2024-09-19 12:15:38,247 INFO =====> Epoch: 104
2024-09-19 12:15:38,247 INFO =====> EMD Loss: 31.03752326965332
2024-09-19 12:15:38,247 INFO =====> Height map loss: 31.352615356445312
2024-09-19 12:15:38,247 INFO =====> Trajectory grad mean: 125712.734375
2024-09-19 12:15:38,247 INFO =====> Num. aborted data so far: 15
2024-09-19 12:15:38,518 INFO ===> New TaichiEnv created.
2024-09-19 12:15:38,518 INFO ===> Specifications: horizon = 300, dt = 0.01, n_substeps = 20, dt_sub = 0.0005
2024-09-19 12:16:15,724 INFO =====> Epoch: 105
2024-09-19 12:16:15,724 INFO =====> EMD Loss: 31.09968376159668
2024-09-19 12:16:15,724 INFO =====> Height map loss: 31.14567756652832
2024-09-19 12:16:15,724 INFO =====> Trajectory grad mean: 28462.80859375
2024-09-19 12:16:15,724 INFO =====> Num. aborted data so far: 15
2024-09-19 12:16:15,993 INFO ===> New TaichiEnv created.
2024-09-19 12:16:15,993 INFO ===> Specifications: horizon = 300, dt = 0.01, n_substeps = 20, dt_sub = 0.0005
2024-09-19 12:16:53,072 INFO =====> Epoch: 106
2024-09-19 12:16:53,072 INFO =====> EMD Loss: 30.924053192138672
2024-09-19 12:16:53,072 INFO =====> Height map loss: 31.44550323486328
2024-09-19 12:16:53,072 INFO =====> Trajectory grad mean: -1166910.25
2024-09-19 12:16:53,072 INFO =====> Num. aborted data so far: 15
2024-09-19 12:16:53,340 INFO ===> New TaichiEnv created.
2024-09-19 12:16:53,340 INFO ===> Specifications: horizon = 300, dt = 0.01, n_substeps = 20, dt_sub = 0.0005
2024-09-19 12:17:30,530 INFO =====> Epoch: 107
2024-09-19 12:17:30,530 INFO =====> EMD Loss: 30.73419189453125
2024-09-19 12:17:30,530 INFO =====> Height map loss: 30.811412811279297
2024-09-19 12:17:30,530 INFO =====> Trajectory grad mean: 5125.5810546875
2024-09-19 12:17:30,530 INFO =====> Num. aborted data so far: 15
2024-09-19 12:17:30,801 INFO ===> New TaichiEnv created.
2024-09-19 12:17:30,801 INFO ===> Specifications: horizon = 300, dt = 0.01, n_substeps = 20, dt_sub = 0.0005
2024-09-19 12:18:07,791 INFO =====> Epoch: 108
2024-09-19 12:18:07,791 INFO =====> EMD Loss: 30.655498504638672
2024-09-19 12:18:07,791 INFO =====> Height map loss: 30.75146484375
2024-09-19 12:18:07,791 INFO =====> Trajectory grad mean: 14500.6259765625
2024-09-19 12:18:07,791 INFO =====> Num. aborted data so far: 15
2024-09-19 12:18:08,059 INFO ===> New TaichiEnv created.
2024-09-19 12:18:08,060 INFO ===> Specifications: horizon = 300, dt = 0.01, n_substeps = 20, dt_sub = 0.0005
2024-09-19 12:18:45,326 INFO =====> Epoch: 109
2024-09-19 12:18:45,326 INFO =====> EMD Loss: 30.60112953186035
2024-09-19 12:18:45,326 INFO =====> Height map loss: 30.454105377197266
2024-09-19 12:18:45,326 INFO =====> Trajectory grad mean: -3285.389892578125
2024-09-19 12:18:45,326 INFO =====> Num. aborted data so far: 15
2024-09-19 12:18:45,596 INFO ===> New TaichiEnv created.
2024-09-19 12:18:45,596 INFO ===> Specifications: horizon = 300, dt = 0.01, n_substeps = 20, dt_sub = 0.0005
2024-09-19 12:19:22,780 INFO =====> Epoch: 110
2024-09-19 12:19:22,780 INFO =====> EMD Loss: 30.672706604003906
2024-09-19 12:19:22,780 INFO =====> Height map loss: 30.286334991455078
2024-09-19 12:19:22,780 INFO =====> Trajectory grad mean: 1568.0006103515625
2024-09-19 12:19:22,780 INFO =====> Num. aborted data so far: 15
2024-09-19 12:19:23,050 INFO ===> New TaichiEnv created.
2024-09-19 12:19:23,050 INFO ===> Specifications: horizon = 300, dt = 0.01, n_substeps = 20, dt_sub = 0.0005
2024-09-19 12:20:00,146 INFO =====> Epoch: 111
2024-09-19 12:20:00,147 INFO =====> EMD Loss: 30.56084632873535
2024-09-19 12:20:00,147 INFO =====> Height map loss: 29.973491668701172
2024-09-19 12:20:00,147 INFO =====> Trajectory grad mean: 4794.626953125
2024-09-19 12:20:00,147 INFO =====> Num. aborted data so far: 15
2024-09-19 12:20:00,416 INFO ===> New TaichiEnv created.
2024-09-19 12:20:00,416 INFO ===> Specifications: horizon = 300, dt = 0.01, n_substeps = 20, dt_sub = 0.0005
2024-09-19 12:20:37,817 ERROR ===> [Warning] Aborting epoch: 112
2024-09-19 12:20:37,817 ERROR ===> [Warning] Particle has nan or inf: False
2024-09-19 12:20:37,817 ERROR ===> [Warning] Strange loss or gradient.
2024-09-19 12:20:37,817 ERROR ===> [Warning] Trajectory grad mean: 123900968.0
2024-09-19 12:20:37,817 ERROR ===> [Warning] Loss info: {'particle_has_naninf': False, 'height_map_loss': 30.12360191345215, 'emd_loss': 30.688602447509766, 'total_loss': 30.688602447509766}
2024-09-19 12:20:37,818 INFO =====> Epoch: 112
2024-09-19 12:20:37,818 INFO =====> EMD Loss: nan
2024-09-19 12:20:37,818 INFO =====> Height map loss: nan
2024-09-19 12:20:37,818 INFO =====> Trajectory grad mean: 1.0000001111620804e-06
2024-09-19 12:20:37,818 INFO =====> Num. aborted data so far: 16
2024-09-19 12:20:38,088 INFO ===> New TaichiEnv created.
2024-09-19 12:20:38,088 INFO ===> Specifications: horizon = 300, dt = 0.01, n_substeps = 20, dt_sub = 0.0005
2024-09-19 12:21:15,185 INFO =====> Epoch: 113
2024-09-19 12:21:15,185 INFO =====> EMD Loss: 30.620716094970703
2024-09-19 12:21:15,185 INFO =====> Height map loss: 30.04196548461914
2024-09-19 12:21:15,185 INFO =====> Trajectory grad mean: -78965.5390625
2024-09-19 12:21:15,185 INFO =====> Num. aborted data so far: 16
2024-09-19 12:21:15,455 INFO ===> New TaichiEnv created.
2024-09-19 12:21:15,455 INFO ===> Specifications: horizon = 300, dt = 0.01, n_substeps = 20, dt_sub = 0.0005
2024-09-19 12:21:52,476 ERROR ===> [Warning] Aborting epoch: 114
2024-09-19 12:21:52,477 ERROR ===> [Warning] Particle has nan or inf: False
2024-09-19 12:21:52,477 ERROR ===> [Warning] Strange loss or gradient.
2024-09-19 12:21:52,477 ERROR ===> [Warning] Trajectory grad mean: 2264696320.0
2024-09-19 12:21:52,477 ERROR ===> [Warning] Loss info: {'particle_has_naninf': False, 'height_map_loss': 30.027843475341797, 'emd_loss': 30.41064453125, 'total_loss': 30.41064453125}
2024-09-19 12:21:52,478 INFO =====> Epoch: 114
2024-09-19 12:21:52,478 INFO =====> EMD Loss: nan
2024-09-19 12:21:52,478 INFO =====> Height map loss: nan
2024-09-19 12:21:52,478 INFO =====> Trajectory grad mean: 1.0000001111620804e-06
2024-09-19 12:21:52,478 INFO =====> Num. aborted data so far: 17
2024-09-19 12:21:52,750 INFO ===> New TaichiEnv created.
2024-09-19 12:21:52,750 INFO ===> Specifications: horizon = 300, dt = 0.01, n_substeps = 20, dt_sub = 0.0005
2024-09-19 12:22:29,883 INFO =====> Epoch: 115
2024-09-19 12:22:29,883 INFO =====> EMD Loss: 30.37066078186035
2024-09-19 12:22:29,883 INFO =====> Height map loss: 29.84541130065918
2024-09-19 12:22:29,883 INFO =====> Trajectory grad mean: -126409.34375
2024-09-19 12:22:29,883 INFO =====> Num. aborted data so far: 17
2024-09-19 12:22:30,153 INFO ===> New TaichiEnv created.
2024-09-19 12:22:30,153 INFO ===> Specifications: horizon = 300, dt = 0.01, n_substeps = 20, dt_sub = 0.0005
2024-09-19 12:23:07,269 INFO =====> Epoch: 116
2024-09-19 12:23:07,269 INFO =====> EMD Loss: 30.58100128173828
2024-09-19 12:23:07,269 INFO =====> Height map loss: 29.825681686401367
2024-09-19 12:23:07,269 INFO =====> Trajectory grad mean: -11664.396484375
2024-09-19 12:23:07,269 INFO =====> Num. aborted data so far: 17
2024-09-19 12:23:07,539 INFO ===> New TaichiEnv created.
2024-09-19 12:23:07,539 INFO ===> Specifications: horizon = 300, dt = 0.01, n_substeps = 20, dt_sub = 0.0005
2024-09-19 12:23:44,868 ERROR ===> [Warning] Aborting epoch: 117
2024-09-19 12:23:44,868 ERROR ===> [Warning] Particle has nan or inf: False
2024-09-19 12:23:44,868 ERROR ===> [Warning] Strange loss or gradient.
2024-09-19 12:23:44,868 ERROR ===> [Warning] Trajectory grad mean: -60817584.0
2024-09-19 12:23:44,868 ERROR ===> [Warning] Loss info: {'particle_has_naninf': False, 'height_map_loss': 29.704710006713867, 'emd_loss': 30.373369216918945, 'total_loss': 30.373369216918945}
2024-09-19 12:23:44,869 INFO =====> Epoch: 117
2024-09-19 12:23:44,869 INFO =====> EMD Loss: nan
2024-09-19 12:23:44,869 INFO =====> Height map loss: nan
2024-09-19 12:23:44,869 INFO =====> Trajectory grad mean: 1.0000001111620804e-06
2024-09-19 12:23:44,869 INFO =====> Num. aborted data so far: 18
2024-09-19 12:23:45,143 INFO ===> New TaichiEnv created.
2024-09-19 12:23:45,143 INFO ===> Specifications: horizon = 300, dt = 0.01, n_substeps = 20, dt_sub = 0.0005
2024-09-19 12:24:22,369 ERROR ===> [Warning] Aborting epoch: 118
2024-09-19 12:24:22,369 ERROR ===> [Warning] Particle has nan or inf: False
2024-09-19 12:24:22,370 ERROR ===> [Warning] Strange loss or gradient.
2024-09-19 12:24:22,370 ERROR ===> [Warning] Trajectory grad mean: -360346528.0
2024-09-19 12:24:22,376 ERROR ===> [Warning] Loss info: {'particle_has_naninf': False, 'height_map_loss': 29.786197662353516, 'emd_loss': 30.476293563842773, 'total_loss': 30.476293563842773}
2024-09-19 12:24:22,378 INFO =====> Epoch: 118
2024-09-19 12:24:22,378 INFO =====> EMD Loss: nan
2024-09-19 12:24:22,378 INFO =====> Height map loss: nan
2024-09-19 12:24:22,378 INFO =====> Trajectory grad mean: 1.0000001111620804e-06
2024-09-19 12:24:22,378 INFO =====> Num. aborted data so far: 19
2024-09-19 12:24:22,650 INFO ===> New TaichiEnv created.
2024-09-19 12:24:22,650 INFO ===> Specifications: horizon = 300, dt = 0.01, n_substeps = 20, dt_sub = 0.0005
2024-09-19 12:24:59,762 INFO =====> Epoch: 119
2024-09-19 12:24:59,762 INFO =====> EMD Loss: 30.443952560424805
2024-09-19 12:24:59,762 INFO =====> Height map loss: 29.708105087280273
2024-09-19 12:24:59,762 INFO =====> Trajectory grad mean: -5934019.5
2024-09-19 12:24:59,762 INFO =====> Num. aborted data so far: 19
2024-09-19 12:25:00,031 INFO ===> New TaichiEnv created.
2024-09-19 12:25:00,031 INFO ===> Specifications: horizon = 300, dt = 0.01, n_substeps = 20, dt_sub = 0.0005
2024-09-19 12:25:37,474 ERROR ===> [Warning] Aborting epoch: 120
2024-09-19 12:25:37,474 ERROR ===> [Warning] Particle has nan or inf: False
2024-09-19 12:25:37,474 ERROR ===> [Warning] Strange loss or gradient.
2024-09-19 12:25:37,474 ERROR ===> [Warning] Trajectory grad mean: -5199204864.0
2024-09-19 12:25:37,474 ERROR ===> [Warning] Loss info: {'particle_has_naninf': False, 'height_map_loss': 29.734413146972656, 'emd_loss': 30.21170997619629, 'total_loss': 30.21170997619629}
2024-09-19 12:25:37,475 INFO =====> Epoch: 120
2024-09-19 12:25:37,475 INFO =====> EMD Loss: nan
2024-09-19 12:25:37,475 INFO =====> Height map loss: nan
2024-09-19 12:25:37,475 INFO =====> Trajectory grad mean: 1.0000001111620804e-06
2024-09-19 12:25:37,475 INFO =====> Num. aborted data so far: 20
2024-09-19 12:25:37,746 INFO ===> New TaichiEnv created.
2024-09-19 12:25:37,746 INFO ===> Specifications: horizon = 300, dt = 0.01, n_substeps = 20, dt_sub = 0.0005
2024-09-19 12:26:14,786 INFO =====> Epoch: 121
2024-09-19 12:26:14,786 INFO =====> EMD Loss: 30.494525909423828
2024-09-19 12:26:14,786 INFO =====> Height map loss: 29.82340431213379
2024-09-19 12:26:14,786 INFO =====> Trajectory grad mean: 29552298.0
2024-09-19 12:26:14,786 INFO =====> Num. aborted data so far: 20
2024-09-19 12:26:15,055 INFO ===> New TaichiEnv created.
2024-09-19 12:26:15,056 INFO ===> Specifications: horizon = 300, dt = 0.01, n_substeps = 20, dt_sub = 0.0005
2024-09-19 12:26:52,256 ERROR ===> [Warning] Aborting epoch: 122
2024-09-19 12:26:52,256 ERROR ===> [Warning] Particle has nan or inf: False
2024-09-19 12:26:52,256 ERROR ===> [Warning] Strange loss or gradient.
2024-09-19 12:26:52,256 ERROR ===> [Warning] Trajectory grad mean: 172705280.0
2024-09-19 12:26:52,256 ERROR ===> [Warning] Loss info: {'particle_has_naninf': False, 'height_map_loss': 29.95603370666504, 'emd_loss': 30.52065658569336, 'total_loss': 30.52065658569336}
2024-09-19 12:26:52,257 INFO =====> Epoch: 122
2024-09-19 12:26:52,257 INFO =====> EMD Loss: nan
2024-09-19 12:26:52,257 INFO =====> Height map loss: nan
2024-09-19 12:26:52,257 INFO =====> Trajectory grad mean: 1.0000001111620804e-06
2024-09-19 12:26:52,257 INFO =====> Num. aborted data so far: 21
2024-09-19 12:26:52,531 INFO ===> New TaichiEnv created.
2024-09-19 12:26:52,531 INFO ===> Specifications: horizon = 300, dt = 0.01, n_substeps = 20, dt_sub = 0.0005
2024-09-19 12:27:29,685 INFO =====> Epoch: 123
2024-09-19 12:27:29,685 INFO =====> EMD Loss: 30.088951110839844
2024-09-19 12:27:29,685 INFO =====> Height map loss: 29.866107940673828
2024-09-19 12:27:29,685 INFO =====> Trajectory grad mean: -9143.7705078125
2024-09-19 12:27:29,685 INFO =====> Num. aborted data so far: 21
2024-09-19 12:27:29,957 INFO ===> New TaichiEnv created.
2024-09-19 12:27:29,958 INFO ===> Specifications: horizon = 300, dt = 0.01, n_substeps = 20, dt_sub = 0.0005
2024-09-19 12:28:06,969 INFO =====> Epoch: 124
2024-09-19 12:28:06,969 INFO =====> EMD Loss: 29.991073608398438
2024-09-19 12:28:06,969 INFO =====> Height map loss: 29.680953979492188
2024-09-19 12:28:06,969 INFO =====> Trajectory grad mean: -4627104.5
2024-09-19 12:28:06,969 INFO =====> Num. aborted data so far: 21
2024-09-19 12:28:07,241 INFO ===> New TaichiEnv created.
2024-09-19 12:28:07,241 INFO ===> Specifications: horizon = 300, dt = 0.01, n_substeps = 20, dt_sub = 0.0005
2024-09-19 12:28:44,343 INFO =====> Epoch: 125
2024-09-19 12:28:44,343 INFO =====> EMD Loss: 30.127498626708984
2024-09-19 12:28:44,343 INFO =====> Height map loss: 30.028396606445312
2024-09-19 12:28:44,343 INFO =====> Trajectory grad mean: -3136870.75
2024-09-19 12:28:44,343 INFO =====> Num. aborted data so far: 21
2024-09-19 12:28:44,617 INFO ===> New TaichiEnv created.
2024-09-19 12:28:44,617 INFO ===> Specifications: horizon = 300, dt = 0.01, n_substeps = 20, dt_sub = 0.0005
2024-09-19 12:29:21,858 ERROR ===> [Warning] Aborting epoch: 126
2024-09-19 12:29:21,858 ERROR ===> [Warning] Particle has nan or inf: False
2024-09-19 12:29:21,858 ERROR ===> [Warning] Strange loss or gradient.
2024-09-19 12:29:21,858 ERROR ===> [Warning] Trajectory grad mean: 6.150631624456274e+17
2024-09-19 12:29:21,858 ERROR ===> [Warning] Loss info: {'particle_has_naninf': False, 'height_map_loss': 30.180299758911133, 'emd_loss': 30.448627471923828, 'total_loss': 30.448627471923828}
2024-09-19 12:29:21,859 INFO =====> Epoch: 126
2024-09-19 12:29:21,859 INFO =====> EMD Loss: nan
2024-09-19 12:29:21,859 INFO =====> Height map loss: nan
2024-09-19 12:29:21,859 INFO =====> Trajectory grad mean: 1.0000001111620804e-06
2024-09-19 12:29:21,859 INFO =====> Num. aborted data so far: 22
2024-09-19 12:29:22,130 INFO ===> New TaichiEnv created.
2024-09-19 12:29:22,130 INFO ===> Specifications: horizon = 300, dt = 0.01, n_substeps = 20, dt_sub = 0.0005
2024-09-19 12:29:59,201 ERROR ===> [Warning] Aborting epoch: 127
2024-09-19 12:29:59,201 ERROR ===> [Warning] Particle has nan or inf: False
2024-09-19 12:29:59,201 ERROR ===> [Warning] Strange loss or gradient.
2024-09-19 12:29:59,202 ERROR ===> [Warning] Trajectory grad mean: 1289358016512.0
2024-09-19 12:29:59,202 ERROR ===> [Warning] Loss info: {'particle_has_naninf': False, 'height_map_loss': 29.92561149597168, 'emd_loss': 30.234416961669922, 'total_loss': 30.234416961669922}
2024-09-19 12:29:59,203 INFO =====> Epoch: 127
2024-09-19 12:29:59,203 INFO =====> EMD Loss: nan
2024-09-19 12:29:59,203 INFO =====> Height map loss: nan
2024-09-19 12:29:59,203 INFO =====> Trajectory grad mean: 1.0000001111620804e-06
2024-09-19 12:29:59,203 INFO =====> Num. aborted data so far: 23
2024-09-19 12:29:59,474 INFO ===> New TaichiEnv created.
2024-09-19 12:29:59,474 INFO ===> Specifications: horizon = 300, dt = 0.01, n_substeps = 20, dt_sub = 0.0005
2024-09-19 12:30:36,474 INFO =====> Epoch: 128
2024-09-19 12:30:36,474 INFO =====> EMD Loss: 30.606611251831055
2024-09-19 12:30:36,474 INFO =====> Height map loss: 30.371444702148438
2024-09-19 12:30:36,474 INFO =====> Trajectory grad mean: 6227.884765625
2024-09-19 12:30:36,474 INFO =====> Num. aborted data so far: 23
2024-09-19 12:30:36,748 INFO ===> New TaichiEnv created.
2024-09-19 12:30:36,748 INFO ===> Specifications: horizon = 300, dt = 0.01, n_substeps = 20, dt_sub = 0.0005
2024-09-19 12:31:13,806 INFO =====> Epoch: 129
2024-09-19 12:31:13,806 INFO =====> EMD Loss: 30.959453582763672
2024-09-19 12:31:13,806 INFO =====> Height map loss: 30.859201431274414
2024-09-19 12:31:13,806 INFO =====> Trajectory grad mean: 87270.2578125
2024-09-19 12:31:13,806 INFO =====> Num. aborted data so far: 23
2024-09-19 12:31:14,076 INFO ===> New TaichiEnv created.
2024-09-19 12:31:14,076 INFO ===> Specifications: horizon = 300, dt = 0.01, n_substeps = 20, dt_sub = 0.0005
2024-09-19 12:31:51,396 INFO =====> Epoch: 130
2024-09-19 12:31:51,396 INFO =====> EMD Loss: 31.30071449279785
2024-09-19 12:31:51,396 INFO =====> Height map loss: 31.205961227416992
2024-09-19 12:31:51,396 INFO =====> Trajectory grad mean: 113139.4921875
2024-09-19 12:31:51,396 INFO =====> Num. aborted data so far: 23
2024-09-19 12:31:51,667 INFO ===> New TaichiEnv created.
2024-09-19 12:31:51,667 INFO ===> Specifications: horizon = 300, dt = 0.01, n_substeps = 20, dt_sub = 0.0005
2024-09-19 12:32:28,740 INFO =====> Epoch: 131
2024-09-19 12:32:28,740 INFO =====> EMD Loss: 31.32277488708496
2024-09-19 12:32:28,740 INFO =====> Height map loss: 31.652145385742188
2024-09-19 12:32:28,740 INFO =====> Trajectory grad mean: -6959.73095703125
2024-09-19 12:32:28,740 INFO =====> Num. aborted data so far: 23
2024-09-19 12:32:29,015 INFO ===> New TaichiEnv created.
2024-09-19 12:32:29,015 INFO ===> Specifications: horizon = 300, dt = 0.01, n_substeps = 20, dt_sub = 0.0005
2024-09-19 12:33:06,163 ERROR ===> [Warning] Aborting epoch: 132
2024-09-19 12:33:06,163 ERROR ===> [Warning] Particle has nan or inf: False
2024-09-19 12:33:06,163 ERROR ===> [Warning] Strange loss or gradient.
2024-09-19 12:33:06,163 ERROR ===> [Warning] Trajectory grad mean: -205442176.0
2024-09-19 12:33:06,163 ERROR ===> [Warning] Loss info: {'particle_has_naninf': False, 'height_map_loss': 31.650653839111328, 'emd_loss': 31.363662719726562, 'total_loss': 31.363662719726562}
2024-09-19 12:33:06,164 INFO =====> Epoch: 132
2024-09-19 12:33:06,164 INFO =====> EMD Loss: nan
2024-09-19 12:33:06,164 INFO =====> Height map loss: nan
2024-09-19 12:33:06,164 INFO =====> Trajectory grad mean: 1.0000001111620804e-06
2024-09-19 12:33:06,164 INFO =====> Num. aborted data so far: 24
2024-09-19 12:33:06,435 INFO ===> New TaichiEnv created.
2024-09-19 12:33:06,435 INFO ===> Specifications: horizon = 300, dt = 0.01, n_substeps = 20, dt_sub = 0.0005
2024-09-19 12:33:43,712 ERROR ===> [Warning] Aborting epoch: 133
2024-09-19 12:33:43,712 ERROR ===> [Warning] Particle has nan or inf: False
2024-09-19 12:33:43,712 ERROR ===> [Warning] Strange loss or gradient.
2024-09-19 12:33:43,713 ERROR ===> [Warning] Trajectory grad mean: 3601315584.0
2024-09-19 12:33:43,713 ERROR ===> [Warning] Loss info: {'particle_has_naninf': False, 'height_map_loss': 31.615591049194336, 'emd_loss': 31.096120834350586, 'total_loss': 31.096120834350586}
2024-09-19 12:33:43,714 INFO =====> Epoch: 133
2024-09-19 12:33:43,714 INFO =====> EMD Loss: nan
2024-09-19 12:33:43,714 INFO =====> Height map loss: nan
2024-09-19 12:33:43,714 INFO =====> Trajectory grad mean: 1.0000001111620804e-06
2024-09-19 12:33:43,714 INFO =====> Num. aborted data so far: 25
2024-09-19 12:33:43,985 INFO ===> New TaichiEnv created.
2024-09-19 12:33:43,985 INFO ===> Specifications: horizon = 300, dt = 0.01, n_substeps = 20, dt_sub = 0.0005
2024-09-19 12:34:21,166 INFO =====> Epoch: 134
2024-09-19 12:34:21,166 INFO =====> EMD Loss: 30.905418395996094
2024-09-19 12:34:21,166 INFO =====> Height map loss: 31.546993255615234
2024-09-19 12:34:21,166 INFO =====> Trajectory grad mean: -3438499.5
2024-09-19 12:34:21,166 INFO =====> Num. aborted data so far: 25
2024-09-19 12:34:21,438 INFO ===> New TaichiEnv created.
2024-09-19 12:34:21,438 INFO ===> Specifications: horizon = 300, dt = 0.01, n_substeps = 20, dt_sub = 0.0005
2024-09-19 12:34:58,601 INFO =====> Epoch: 135
2024-09-19 12:34:58,601 INFO =====> EMD Loss: 31.461746215820312
2024-09-19 12:34:58,601 INFO =====> Height map loss: 32.201751708984375
2024-09-19 12:34:58,601 INFO =====> Trajectory grad mean: 2750.471923828125
2024-09-19 12:34:58,601 INFO =====> Num. aborted data so far: 25
2024-09-19 12:34:58,873 INFO ===> New TaichiEnv created.
2024-09-19 12:34:58,873 INFO ===> Specifications: horizon = 300, dt = 0.01, n_substeps = 20, dt_sub = 0.0005
2024-09-19 12:35:36,103 INFO =====> Epoch: 136
2024-09-19 12:35:36,103 INFO =====> EMD Loss: 31.511493682861328
2024-09-19 12:35:36,103 INFO =====> Height map loss: 32.90364456176758
2024-09-19 12:35:36,103 INFO =====> Trajectory grad mean: -28835.501953125
2024-09-19 12:35:36,103 INFO =====> Num. aborted data so far: 25
2024-09-19 12:35:36,376 INFO ===> New TaichiEnv created.
2024-09-19 12:35:36,376 INFO ===> Specifications: horizon = 300, dt = 0.01, n_substeps = 20, dt_sub = 0.0005
2024-09-19 12:36:13,489 INFO =====> Epoch: 137
2024-09-19 12:36:13,490 INFO =====> EMD Loss: 31.648788452148438
2024-09-19 12:36:13,490 INFO =====> Height map loss: 32.69983673095703
2024-09-19 12:36:13,490 INFO =====> Trajectory grad mean: -19255.423828125
2024-09-19 12:36:13,490 INFO =====> Num. aborted data so far: 25
2024-09-19 12:36:13,762 INFO ===> New TaichiEnv created.
2024-09-19 12:36:13,762 INFO ===> Specifications: horizon = 300, dt = 0.01, n_substeps = 20, dt_sub = 0.0005
2024-09-19 12:36:51,134 INFO =====> Epoch: 138
2024-09-19 12:36:51,134 INFO =====> EMD Loss: 31.585281372070312
2024-09-19 12:36:51,134 INFO =====> Height map loss: 32.8106689453125
2024-09-19 12:36:51,134 INFO =====> Trajectory grad mean: 35651.234375
2024-09-19 12:36:51,134 INFO =====> Num. aborted data so far: 25
2024-09-19 12:36:51,407 INFO ===> New TaichiEnv created.
2024-09-19 12:36:51,408 INFO ===> Specifications: horizon = 300, dt = 0.01, n_substeps = 20, dt_sub = 0.0005
2024-09-19 12:37:28,580 INFO =====> Epoch: 139
2024-09-19 12:37:28,580 INFO =====> EMD Loss: 32.16511917114258
2024-09-19 12:37:28,580 INFO =====> Height map loss: 33.52156448364258
2024-09-19 12:37:28,580 INFO =====> Trajectory grad mean: 28642.693359375
2024-09-19 12:37:28,580 INFO =====> Num. aborted data so far: 25
2024-09-19 12:37:28,854 INFO ===> New TaichiEnv created.
2024-09-19 12:37:28,854 INFO ===> Specifications: horizon = 300, dt = 0.01, n_substeps = 20, dt_sub = 0.0005
2024-09-19 12:38:06,177 INFO =====> Epoch: 140
2024-09-19 12:38:06,177 INFO =====> EMD Loss: 31.950334548950195
2024-09-19 12:38:06,177 INFO =====> Height map loss: 32.77608108520508
2024-09-19 12:38:06,177 INFO =====> Trajectory grad mean: 1490275.5
2024-09-19 12:38:06,177 INFO =====> Num. aborted data so far: 25
2024-09-19 12:38:06,448 INFO ===> New TaichiEnv created.
2024-09-19 12:38:06,448 INFO ===> Specifications: horizon = 300, dt = 0.01, n_substeps = 20, dt_sub = 0.0005
2024-09-19 12:38:43,717 INFO =====> Epoch: 141
2024-09-19 12:38:43,717 INFO =====> EMD Loss: 32.480228424072266
2024-09-19 12:38:43,717 INFO =====> Height map loss: 33.50502014160156
2024-09-19 12:38:43,717 INFO =====> Trajectory grad mean: 118126.7890625
2024-09-19 12:38:43,717 INFO =====> Num. aborted data so far: 25
2024-09-19 12:38:43,989 INFO ===> New TaichiEnv created.
2024-09-19 12:38:43,989 INFO ===> Specifications: horizon = 300, dt = 0.01, n_substeps = 20, dt_sub = 0.0005
2024-09-19 12:39:21,225 INFO =====> Epoch: 142
2024-09-19 12:39:21,225 INFO =====> EMD Loss: 32.635459899902344
2024-09-19 12:39:21,225 INFO =====> Height map loss: 34.44804000854492
2024-09-19 12:39:21,225 INFO =====> Trajectory grad mean: 555761.8125
2024-09-19 12:39:21,225 INFO =====> Num. aborted data so far: 25
2024-09-19 12:39:21,496 INFO ===> New TaichiEnv created.
2024-09-19 12:39:21,496 INFO ===> Specifications: horizon = 300, dt = 0.01, n_substeps = 20, dt_sub = 0.0005
2024-09-19 12:39:58,724 INFO =====> Epoch: 143
2024-09-19 12:39:58,724 INFO =====> EMD Loss: 33.246219635009766
2024-09-19 12:39:58,724 INFO =====> Height map loss: 35.7803955078125
2024-09-19 12:39:58,724 INFO =====> Trajectory grad mean: -151486.1875
2024-09-19 12:39:58,724 INFO =====> Num. aborted data so far: 25
2024-09-19 12:39:58,998 INFO ===> New TaichiEnv created.
2024-09-19 12:39:58,998 INFO ===> Specifications: horizon = 300, dt = 0.01, n_substeps = 20, dt_sub = 0.0005
2024-09-19 12:40:36,488 ERROR ===> [Warning] Aborting epoch: 144
2024-09-19 12:40:36,488 ERROR ===> [Warning] Particle has nan or inf: False
2024-09-19 12:40:36,488 ERROR ===> [Warning] Strange loss or gradient.
2024-09-19 12:40:36,488 ERROR ===> [Warning] Trajectory grad mean: -195108847616.0
2024-09-19 12:40:36,488 ERROR ===> [Warning] Loss info: {'particle_has_naninf': False, 'height_map_loss': 37.13887405395508, 'emd_loss': 33.78444290161133, 'total_loss': 33.78444290161133}
2024-09-19 12:40:36,489 INFO =====> Epoch: 144
2024-09-19 12:40:36,489 INFO =====> EMD Loss: nan
2024-09-19 12:40:36,489 INFO =====> Height map loss: nan
2024-09-19 12:40:36,489 INFO =====> Trajectory grad mean: 1.0000001111620804e-06
2024-09-19 12:40:36,489 INFO =====> Num. aborted data so far: 26
2024-09-19 12:40:36,765 INFO ===> New TaichiEnv created.
2024-09-19 12:40:36,765 INFO ===> Specifications: horizon = 300, dt = 0.01, n_substeps = 20, dt_sub = 0.0005
2024-09-19 12:41:14,159 INFO =====> Epoch: 145
2024-09-19 12:41:14,159 INFO =====> EMD Loss: 34.1790771484375
2024-09-19 12:41:14,159 INFO =====> Height map loss: 38.15805435180664
2024-09-19 12:41:14,159 INFO =====> Trajectory grad mean: -2442.25537109375
2024-09-19 12:41:14,159 INFO =====> Num. aborted data so far: 26
2024-09-19 12:41:14,436 INFO ===> New TaichiEnv created.
2024-09-19 12:41:14,436 INFO ===> Specifications: horizon = 300, dt = 0.01, n_substeps = 20, dt_sub = 0.0005
2024-09-19 12:41:51,724 INFO =====> Epoch: 146
2024-09-19 12:41:51,724 INFO =====> EMD Loss: 33.98452377319336
2024-09-19 12:41:51,724 INFO =====> Height map loss: 37.656490325927734
2024-09-19 12:41:51,724 INFO =====> Trajectory grad mean: -85148.078125
2024-09-19 12:41:51,724 INFO =====> Num. aborted data so far: 26
2024-09-19 12:41:51,996 INFO ===> New TaichiEnv created.
2024-09-19 12:41:51,997 INFO ===> Specifications: horizon = 300, dt = 0.01, n_substeps = 20, dt_sub = 0.0005
2024-09-19 12:42:29,499 INFO =====> Epoch: 147
2024-09-19 12:42:29,499 INFO =====> EMD Loss: 33.89213180541992
2024-09-19 12:42:29,499 INFO =====> Height map loss: 37.31991958618164
2024-09-19 12:42:29,499 INFO =====> Trajectory grad mean: 1291.3914794921875
2024-09-19 12:42:29,499 INFO =====> Num. aborted data so far: 26
2024-09-19 12:42:29,774 INFO ===> New TaichiEnv created.
2024-09-19 12:42:29,774 INFO ===> Specifications: horizon = 300, dt = 0.01, n_substeps = 20, dt_sub = 0.0005
2024-09-19 12:43:07,209 INFO =====> Epoch: 148
2024-09-19 12:43:07,209 INFO =====> EMD Loss: 33.44990158081055
2024-09-19 12:43:07,209 INFO =====> Height map loss: 36.66912841796875
2024-09-19 12:43:07,209 INFO =====> Trajectory grad mean: 3123.784423828125
2024-09-19 12:43:07,209 INFO =====> Num. aborted data so far: 26
2024-09-19 12:43:07,483 INFO ===> New TaichiEnv created.
2024-09-19 12:43:07,483 INFO ===> Specifications: horizon = 300, dt = 0.01, n_substeps = 20, dt_sub = 0.0005
2024-09-19 12:43:44,815 INFO =====> Epoch: 149
2024-09-19 12:43:44,815 INFO =====> EMD Loss: 33.48107147216797
2024-09-19 12:43:44,815 INFO =====> Height map loss: 36.611507415771484
2024-09-19 12:43:44,815 INFO =====> Trajectory grad mean: 26728.048828125
2024-09-19 12:43:44,815 INFO =====> Num. aborted data so far: 26
2024-09-19 12:43:44,815 INFO ====> Finished training.
2024-09-19 12:43:44,815 INFO ====> Final EMD loss: 33.48107147216797
2024-09-19 12:43:44,815 INFO ====> Final height map loss: 36.611507415771484
