2024-12-10 22:14:34,055 DEBUG loaded <trimesh.Trimesh(vertices.shape=(916, 3), faces.shape=(856, 3))> using `load_obj` in 0.0027s
2024-12-10 22:14:34,200 DEBUG loaded <trimesh.Trimesh(vertices.shape=(48, 3), faces.shape=(28, 3))> using `load_obj` in 0.0007s
2024-12-10 22:14:56,302 INFO =====> Skill params: [ 0.27392337 -0.46042657 -0.918053   -0.96694475  0.6265405 ]
2024-12-10 22:14:56,302 INFO =====> Grad: [-4.523579 11.629222  0.        0.        0.      ]
2024-12-10 22:14:56,303 INFO =====> Num. aborted data so far: 0
2024-12-10 22:14:56,304 INFO ===========> Epoch: 0 optimisation losses
2024-12-10 22:14:56,304 INFO =====> EMD Loss: 16.471148
2024-12-10 22:14:56,304 INFO =====> Height map loss: 7.268401
2024-12-10 22:14:56,602 DEBUG loaded <trimesh.Trimesh(vertices.shape=(916, 3), faces.shape=(856, 3))> using `load_obj` in 0.0029s
2024-12-10 22:14:56,742 DEBUG loaded <trimesh.Trimesh(vertices.shape=(48, 3), faces.shape=(28, 3))> using `load_obj` in 0.0007s
2024-12-10 22:15:05,494 INFO ==> EMD Loss: 16.471231
2024-12-10 22:15:05,494 INFO ==> Height map loss:  7.270695
2024-12-10 22:15:05,769 DEBUG loaded <trimesh.Trimesh(vertices.shape=(916, 3), faces.shape=(856, 3))> using `load_obj` in 0.0028s
2024-12-10 22:15:05,906 DEBUG loaded <trimesh.Trimesh(vertices.shape=(48, 3), faces.shape=(28, 3))> using `load_obj` in 0.0007s
2024-12-10 22:15:13,874 INFO ==> EMD Loss: 16.463995
2024-12-10 22:15:13,874 INFO ==> Height map loss:  7.269763
2024-12-10 22:15:14,157 DEBUG loaded <trimesh.Trimesh(vertices.shape=(916, 3), faces.shape=(856, 3))> using `load_obj` in 0.0028s
2024-12-10 22:15:14,293 DEBUG loaded <trimesh.Trimesh(vertices.shape=(48, 3), faces.shape=(28, 3))> using `load_obj` in 0.0007s
2024-12-10 22:15:22,605 INFO ==> EMD Loss: 16.469288
2024-12-10 22:15:22,605 INFO ==> Height map loss:  7.269471
2024-12-10 22:15:22,887 DEBUG loaded <trimesh.Trimesh(vertices.shape=(916, 3), faces.shape=(856, 3))> using `load_obj` in 0.0028s
2024-12-10 22:15:23,022 DEBUG loaded <trimesh.Trimesh(vertices.shape=(48, 3), faces.shape=(28, 3))> using `load_obj` in 0.0007s
2024-12-10 22:15:31,825 INFO ==> EMD Loss: 16.470997
2024-12-10 22:15:31,825 INFO ==> Height map loss:  7.268609
2024-12-10 22:15:32,195 DEBUG loaded <trimesh.Trimesh(vertices.shape=(916, 3), faces.shape=(856, 3))> using `load_obj` in 0.0038s
2024-12-10 22:15:32,380 DEBUG loaded <trimesh.Trimesh(vertices.shape=(48, 3), faces.shape=(28, 3))> using `load_obj` in 0.0008s
2024-12-10 22:15:42,077 INFO ==> EMD Loss: 16.463707
2024-12-10 22:15:42,077 INFO ==> Height map loss:  7.267432
2024-12-10 22:15:42,451 DEBUG loaded <trimesh.Trimesh(vertices.shape=(916, 3), faces.shape=(856, 3))> using `load_obj` in 0.0038s
2024-12-10 22:15:42,635 DEBUG loaded <trimesh.Trimesh(vertices.shape=(48, 3), faces.shape=(28, 3))> using `load_obj` in 0.0008s
2024-12-10 22:16:08,983 INFO =====> Skill params: [ 0.46366    -0.65016323 -0.918053   -0.96694475  0.6265405 ]
2024-12-10 22:16:08,983 INFO =====> Grad: [0. 0. 0. 0. 0.]
2024-12-10 22:16:08,983 INFO =====> Num. aborted data so far: 0
2024-12-10 22:16:08,984 INFO ===========> Epoch: 1 optimisation losses
2024-12-10 22:16:08,984 INFO =====> EMD Loss: 16.463655
2024-12-10 22:16:08,984 INFO =====> Height map loss: 7.267360
2024-12-10 22:16:09,446 DEBUG loaded <trimesh.Trimesh(vertices.shape=(916, 3), faces.shape=(856, 3))> using `load_obj` in 0.0031s
2024-12-10 22:16:09,593 DEBUG loaded <trimesh.Trimesh(vertices.shape=(48, 3), faces.shape=(28, 3))> using `load_obj` in 0.0008s
2024-12-10 22:16:18,601 INFO ==> EMD Loss: 16.463657
2024-12-10 22:16:18,601 INFO ==> Height map loss:  7.267332
2024-12-10 22:16:18,986 DEBUG loaded <trimesh.Trimesh(vertices.shape=(916, 3), faces.shape=(856, 3))> using `load_obj` in 0.0029s
2024-12-10 22:16:19,128 DEBUG loaded <trimesh.Trimesh(vertices.shape=(48, 3), faces.shape=(28, 3))> using `load_obj` in 0.0007s
2024-12-10 22:16:28,094 INFO ==> EMD Loss: 16.463699
2024-12-10 22:16:28,094 INFO ==> Height map loss:  7.267353
2024-12-10 22:16:28,471 DEBUG loaded <trimesh.Trimesh(vertices.shape=(916, 3), faces.shape=(856, 3))> using `load_obj` in 0.0038s
2024-12-10 22:16:28,654 DEBUG loaded <trimesh.Trimesh(vertices.shape=(48, 3), faces.shape=(28, 3))> using `load_obj` in 0.0008s
2024-12-10 22:16:37,839 INFO ==> EMD Loss: 16.472191
2024-12-10 22:16:37,839 INFO ==> Height map loss:  7.267415
2024-12-10 22:16:38,135 DEBUG loaded <trimesh.Trimesh(vertices.shape=(916, 3), faces.shape=(856, 3))> using `load_obj` in 0.0028s
2024-12-10 22:16:38,273 DEBUG loaded <trimesh.Trimesh(vertices.shape=(48, 3), faces.shape=(28, 3))> using `load_obj` in 0.0007s
2024-12-10 22:16:46,964 INFO ==> EMD Loss: 16.471941
2024-12-10 22:16:46,964 INFO ==> Height map loss:  7.267157
2024-12-10 22:16:47,260 DEBUG loaded <trimesh.Trimesh(vertices.shape=(916, 3), faces.shape=(856, 3))> using `load_obj` in 0.0028s
2024-12-10 22:16:47,397 DEBUG loaded <trimesh.Trimesh(vertices.shape=(48, 3), faces.shape=(28, 3))> using `load_obj` in 0.0007s
2024-12-10 22:16:56,111 INFO ==> EMD Loss: 16.463655
2024-12-10 22:16:56,111 INFO ==> Height map loss:  7.267367
2024-12-10 22:16:56,412 DEBUG loaded <trimesh.Trimesh(vertices.shape=(916, 3), faces.shape=(856, 3))> using `load_obj` in 0.0028s
2024-12-10 22:16:56,550 DEBUG loaded <trimesh.Trimesh(vertices.shape=(48, 3), faces.shape=(28, 3))> using `load_obj` in 0.0007s
2024-12-10 22:17:22,342 INFO =====> Skill params: [ 0.46366    -0.65016323 -0.918053   -0.96694475  0.6265405 ]
2024-12-10 22:17:22,342 INFO =====> Grad: [0. 0. 0. 0. 0.]
2024-12-10 22:17:22,342 INFO =====> Num. aborted data so far: 0
2024-12-10 22:17:22,343 INFO ===========> Epoch: 2 optimisation losses
2024-12-10 22:17:22,343 INFO =====> EMD Loss: 16.463589
2024-12-10 22:17:22,343 INFO =====> Height map loss: 7.267214
2024-12-10 22:17:22,763 DEBUG loaded <trimesh.Trimesh(vertices.shape=(916, 3), faces.shape=(856, 3))> using `load_obj` in 0.0040s
2024-12-10 22:17:22,949 DEBUG loaded <trimesh.Trimesh(vertices.shape=(48, 3), faces.shape=(28, 3))> using `load_obj` in 0.0008s
2024-12-10 22:17:32,843 INFO ==> EMD Loss: 16.463703
2024-12-10 22:17:32,843 INFO ==> Height map loss:  7.267395
2024-12-10 22:17:33,166 DEBUG loaded <trimesh.Trimesh(vertices.shape=(916, 3), faces.shape=(856, 3))> using `load_obj` in 0.0029s
2024-12-10 22:17:33,309 DEBUG loaded <trimesh.Trimesh(vertices.shape=(48, 3), faces.shape=(28, 3))> using `load_obj` in 0.0007s
2024-12-10 22:17:42,490 INFO ==> EMD Loss: 16.463526
2024-12-10 22:17:42,490 INFO ==> Height map loss:  7.267261
2024-12-10 22:17:42,807 DEBUG loaded <trimesh.Trimesh(vertices.shape=(916, 3), faces.shape=(856, 3))> using `load_obj` in 0.0030s
2024-12-10 22:17:42,950 DEBUG loaded <trimesh.Trimesh(vertices.shape=(48, 3), faces.shape=(28, 3))> using `load_obj` in 0.0007s
2024-12-10 22:17:52,529 INFO ==> EMD Loss: 16.463591
2024-12-10 22:17:52,529 INFO ==> Height map loss:  7.267327
2024-12-10 22:17:52,844 DEBUG loaded <trimesh.Trimesh(vertices.shape=(916, 3), faces.shape=(856, 3))> using `load_obj` in 0.0028s
2024-12-10 22:17:52,982 DEBUG loaded <trimesh.Trimesh(vertices.shape=(48, 3), faces.shape=(28, 3))> using `load_obj` in 0.0007s
2024-12-10 22:18:01,884 INFO ==> EMD Loss: 16.463718
2024-12-10 22:18:01,884 INFO ==> Height map loss:  7.267342
2024-12-10 22:18:02,204 DEBUG loaded <trimesh.Trimesh(vertices.shape=(916, 3), faces.shape=(856, 3))> using `load_obj` in 0.0029s
2024-12-10 22:18:02,351 DEBUG loaded <trimesh.Trimesh(vertices.shape=(48, 3), faces.shape=(28, 3))> using `load_obj` in 0.0007s
2024-12-10 22:18:11,122 INFO ==> EMD Loss: 16.461287
2024-12-10 22:18:11,122 INFO ==> Height map loss:  7.267262
2024-12-10 22:18:11,432 DEBUG loaded <trimesh.Trimesh(vertices.shape=(916, 3), faces.shape=(856, 3))> using `load_obj` in 0.0028s
2024-12-10 22:18:11,570 DEBUG loaded <trimesh.Trimesh(vertices.shape=(48, 3), faces.shape=(28, 3))> using `load_obj` in 0.0007s
2024-12-10 22:18:36,905 INFO =====> Skill params: [ 0.46366    -0.65016323 -0.918053   -0.96694475  0.6265405 ]
2024-12-10 22:18:36,905 INFO =====> Grad: [0. 0. 0. 0. 0.]
2024-12-10 22:18:36,905 INFO =====> Num. aborted data so far: 0
2024-12-10 22:18:36,906 INFO ===========> Epoch: 3 optimisation losses
2024-12-10 22:18:36,906 INFO =====> EMD Loss: 16.463675
2024-12-10 22:18:36,906 INFO =====> Height map loss: 7.267416
2024-12-10 22:18:37,261 DEBUG loaded <trimesh.Trimesh(vertices.shape=(916, 3), faces.shape=(856, 3))> using `load_obj` in 0.0030s
2024-12-10 22:18:37,400 DEBUG loaded <trimesh.Trimesh(vertices.shape=(48, 3), faces.shape=(28, 3))> using `load_obj` in 0.0007s
2024-12-10 22:18:46,775 INFO ==> EMD Loss: 16.463659
2024-12-10 22:18:46,775 INFO ==> Height map loss:  7.267364
2024-12-10 22:18:47,093 DEBUG loaded <trimesh.Trimesh(vertices.shape=(916, 3), faces.shape=(856, 3))> using `load_obj` in 0.0028s
2024-12-10 22:18:47,233 DEBUG loaded <trimesh.Trimesh(vertices.shape=(48, 3), faces.shape=(28, 3))> using `load_obj` in 0.0007s
2024-12-10 22:18:56,020 INFO ==> EMD Loss: 16.472128
2024-12-10 22:18:56,020 INFO ==> Height map loss:  7.267382
2024-12-10 22:18:56,346 DEBUG loaded <trimesh.Trimesh(vertices.shape=(916, 3), faces.shape=(856, 3))> using `load_obj` in 0.0030s
2024-12-10 22:18:56,489 DEBUG loaded <trimesh.Trimesh(vertices.shape=(48, 3), faces.shape=(28, 3))> using `load_obj` in 0.0007s
2024-12-10 22:19:05,408 INFO ==> EMD Loss: 16.472200
2024-12-10 22:19:05,408 INFO ==> Height map loss:  7.267322
2024-12-10 22:19:05,729 DEBUG loaded <trimesh.Trimesh(vertices.shape=(916, 3), faces.shape=(856, 3))> using `load_obj` in 0.0029s
2024-12-10 22:19:05,875 DEBUG loaded <trimesh.Trimesh(vertices.shape=(48, 3), faces.shape=(28, 3))> using `load_obj` in 0.0007s
2024-12-10 22:19:14,844 INFO ==> EMD Loss: 16.463711
2024-12-10 22:19:14,844 INFO ==> Height map loss:  7.267349
2024-12-10 22:19:15,172 DEBUG loaded <trimesh.Trimesh(vertices.shape=(916, 3), faces.shape=(856, 3))> using `load_obj` in 0.0039s
2024-12-10 22:19:15,363 DEBUG loaded <trimesh.Trimesh(vertices.shape=(48, 3), faces.shape=(28, 3))> using `load_obj` in 0.0009s
2024-12-10 22:19:24,815 INFO ==> EMD Loss: 16.463602
2024-12-10 22:19:24,816 INFO ==> Height map loss:  7.267290
2024-12-10 22:19:25,140 DEBUG loaded <trimesh.Trimesh(vertices.shape=(916, 3), faces.shape=(856, 3))> using `load_obj` in 0.0029s
2024-12-10 22:19:25,287 DEBUG loaded <trimesh.Trimesh(vertices.shape=(48, 3), faces.shape=(28, 3))> using `load_obj` in 0.0007s
2024-12-10 22:19:51,340 INFO =====> Skill params: [ 0.46366    -0.65016323 -0.918053   -0.96694475  0.6265405 ]
2024-12-10 22:19:51,340 INFO =====> Grad: [0. 0. 0. 0. 0.]
2024-12-10 22:19:51,340 INFO =====> Num. aborted data so far: 0
2024-12-10 22:19:51,341 INFO ===========> Epoch: 4 optimisation losses
2024-12-10 22:19:51,341 INFO =====> EMD Loss: 16.463659
2024-12-10 22:19:51,341 INFO =====> Height map loss: 7.267315
2024-12-10 22:19:51,695 DEBUG loaded <trimesh.Trimesh(vertices.shape=(916, 3), faces.shape=(856, 3))> using `load_obj` in 0.0030s
2024-12-10 22:19:51,839 DEBUG loaded <trimesh.Trimesh(vertices.shape=(48, 3), faces.shape=(28, 3))> using `load_obj` in 0.0008s
2024-12-10 22:20:00,731 INFO ==> EMD Loss: 16.463631
2024-12-10 22:20:00,731 INFO ==> Height map loss:  7.267372
2024-12-10 22:20:01,134 DEBUG loaded <trimesh.Trimesh(vertices.shape=(916, 3), faces.shape=(856, 3))> using `load_obj` in 0.0039s
2024-12-10 22:20:01,324 DEBUG loaded <trimesh.Trimesh(vertices.shape=(48, 3), faces.shape=(28, 3))> using `load_obj` in 0.0008s
2024-12-10 22:20:10,237 INFO ==> EMD Loss: 16.463617
2024-12-10 22:20:10,237 INFO ==> Height map loss:  7.267320
2024-12-10 22:20:10,646 DEBUG loaded <trimesh.Trimesh(vertices.shape=(916, 3), faces.shape=(856, 3))> using `load_obj` in 0.0039s
2024-12-10 22:20:10,837 DEBUG loaded <trimesh.Trimesh(vertices.shape=(48, 3), faces.shape=(28, 3))> using `load_obj` in 0.0008s
2024-12-10 22:20:20,174 INFO ==> EMD Loss: 16.463631
2024-12-10 22:20:20,174 INFO ==> Height map loss:  7.267376
2024-12-10 22:20:20,650 DEBUG loaded <trimesh.Trimesh(vertices.shape=(916, 3), faces.shape=(856, 3))> using `load_obj` in 0.0039s
2024-12-10 22:20:20,840 DEBUG loaded <trimesh.Trimesh(vertices.shape=(48, 3), faces.shape=(28, 3))> using `load_obj` in 0.0008s
2024-12-10 22:20:30,139 INFO ==> EMD Loss: 16.472120
2024-12-10 22:20:30,139 INFO ==> Height map loss:  7.267325
2024-12-10 22:20:30,463 DEBUG loaded <trimesh.Trimesh(vertices.shape=(916, 3), faces.shape=(856, 3))> using `load_obj` in 0.0038s
2024-12-10 22:20:30,652 DEBUG loaded <trimesh.Trimesh(vertices.shape=(48, 3), faces.shape=(28, 3))> using `load_obj` in 0.0009s
2024-12-10 22:20:39,637 INFO ==> EMD Loss: 16.463636
2024-12-10 22:20:39,637 INFO ==> Height map loss:  7.267284
2024-12-10 22:20:39,974 DEBUG loaded <trimesh.Trimesh(vertices.shape=(916, 3), faces.shape=(856, 3))> using `load_obj` in 0.0028s
2024-12-10 22:20:40,118 DEBUG loaded <trimesh.Trimesh(vertices.shape=(48, 3), faces.shape=(28, 3))> using `load_obj` in 0.0007s
2024-12-10 22:21:05,658 INFO =====> Skill params: [ 0.46366    -0.65016323 -0.918053   -0.96694475  0.6265405 ]
2024-12-10 22:21:05,659 INFO =====> Grad: [0. 0. 0. 0. 0.]
2024-12-10 22:21:05,659 INFO =====> Num. aborted data so far: 0
2024-12-10 22:21:05,659 INFO ===========> Epoch: 5 optimisation losses
2024-12-10 22:21:05,659 INFO =====> EMD Loss: 16.463671
2024-12-10 22:21:05,659 INFO =====> Height map loss: 7.267388
2024-12-10 22:21:06,014 DEBUG loaded <trimesh.Trimesh(vertices.shape=(916, 3), faces.shape=(856, 3))> using `load_obj` in 0.0031s
2024-12-10 22:21:06,161 DEBUG loaded <trimesh.Trimesh(vertices.shape=(48, 3), faces.shape=(28, 3))> using `load_obj` in 0.0007s
2024-12-10 22:21:15,135 INFO ==> EMD Loss: 16.463577
2024-12-10 22:21:15,135 INFO ==> Height map loss:  7.267264
2024-12-10 22:21:15,462 DEBUG loaded <trimesh.Trimesh(vertices.shape=(916, 3), faces.shape=(856, 3))> using `load_obj` in 0.0029s
2024-12-10 22:21:15,609 DEBUG loaded <trimesh.Trimesh(vertices.shape=(48, 3), faces.shape=(28, 3))> using `load_obj` in 0.0007s
2024-12-10 22:21:24,537 INFO ==> EMD Loss: 16.463564
2024-12-10 22:21:24,537 INFO ==> Height map loss:  7.267356
2024-12-10 22:21:24,875 DEBUG loaded <trimesh.Trimesh(vertices.shape=(916, 3), faces.shape=(856, 3))> using `load_obj` in 0.0039s
2024-12-10 22:21:25,064 DEBUG loaded <trimesh.Trimesh(vertices.shape=(48, 3), faces.shape=(28, 3))> using `load_obj` in 0.0009s
2024-12-10 22:21:34,571 INFO ==> EMD Loss: 16.463644
2024-12-10 22:21:34,571 INFO ==> Height map loss:  7.267333
2024-12-10 22:21:34,903 DEBUG loaded <trimesh.Trimesh(vertices.shape=(916, 3), faces.shape=(856, 3))> using `load_obj` in 0.0029s
2024-12-10 22:21:35,050 DEBUG loaded <trimesh.Trimesh(vertices.shape=(48, 3), faces.shape=(28, 3))> using `load_obj` in 0.0007s
2024-12-10 22:21:44,058 INFO ==> EMD Loss: 16.463654
2024-12-10 22:21:44,058 INFO ==> Height map loss:  7.267355
2024-12-10 22:21:44,389 DEBUG loaded <trimesh.Trimesh(vertices.shape=(916, 3), faces.shape=(856, 3))> using `load_obj` in 0.0029s
2024-12-10 22:21:44,536 DEBUG loaded <trimesh.Trimesh(vertices.shape=(48, 3), faces.shape=(28, 3))> using `load_obj` in 0.0007s
2024-12-10 22:21:53,542 INFO ==> EMD Loss: 16.463583
2024-12-10 22:21:53,542 INFO ==> Height map loss:  7.267303
2024-12-10 22:21:54,038 DEBUG loaded <trimesh.Trimesh(vertices.shape=(916, 3), faces.shape=(856, 3))> using `load_obj` in 0.0048s
2024-12-10 22:21:54,275 DEBUG loaded <trimesh.Trimesh(vertices.shape=(48, 3), faces.shape=(28, 3))> using `load_obj` in 0.0010s
2024-12-10 22:22:20,743 INFO =====> Skill params: [ 0.46366    -0.65016323 -0.918053   -0.96694475  0.6265405 ]
2024-12-10 22:22:20,743 INFO =====> Grad: [0. 0. 0. 0. 0.]
2024-12-10 22:22:20,743 INFO =====> Num. aborted data so far: 0
2024-12-10 22:22:20,744 INFO ===========> Epoch: 6 optimisation losses
2024-12-10 22:22:20,744 INFO =====> EMD Loss: 16.463604
2024-12-10 22:22:20,744 INFO =====> Height map loss: 7.267306
2024-12-10 22:22:21,108 DEBUG loaded <trimesh.Trimesh(vertices.shape=(916, 3), faces.shape=(856, 3))> using `load_obj` in 0.0031s
2024-12-10 22:22:21,256 DEBUG loaded <trimesh.Trimesh(vertices.shape=(48, 3), faces.shape=(28, 3))> using `load_obj` in 0.0007s
2024-12-10 22:22:30,490 INFO ==> EMD Loss: 16.463615
2024-12-10 22:22:30,490 INFO ==> Height map loss:  7.267317
2024-12-10 22:22:30,859 DEBUG loaded <trimesh.Trimesh(vertices.shape=(916, 3), faces.shape=(856, 3))> using `load_obj` in 0.0039s
2024-12-10 22:22:31,051 DEBUG loaded <trimesh.Trimesh(vertices.shape=(48, 3), faces.shape=(28, 3))> using `load_obj` in 0.0009s
2024-12-10 22:22:40,712 INFO ==> EMD Loss: 16.463701
2024-12-10 22:22:40,712 INFO ==> Height map loss:  7.267367
2024-12-10 22:22:41,127 DEBUG loaded <trimesh.Trimesh(vertices.shape=(916, 3), faces.shape=(856, 3))> using `load_obj` in 0.0038s
2024-12-10 22:22:41,317 DEBUG loaded <trimesh.Trimesh(vertices.shape=(48, 3), faces.shape=(28, 3))> using `load_obj` in 0.0008s
2024-12-10 22:22:50,610 INFO ==> EMD Loss: 16.463654
2024-12-10 22:22:50,610 INFO ==> Height map loss:  7.267241
2024-12-10 22:22:50,944 DEBUG loaded <trimesh.Trimesh(vertices.shape=(916, 3), faces.shape=(856, 3))> using `load_obj` in 0.0028s
2024-12-10 22:22:51,086 DEBUG loaded <trimesh.Trimesh(vertices.shape=(48, 3), faces.shape=(28, 3))> using `load_obj` in 0.0007s
2024-12-10 22:22:59,737 INFO ==> EMD Loss: 16.463650
2024-12-10 22:22:59,737 INFO ==> Height map loss:  7.267369
2024-12-10 22:23:00,068 DEBUG loaded <trimesh.Trimesh(vertices.shape=(916, 3), faces.shape=(856, 3))> using `load_obj` in 0.0030s
2024-12-10 22:23:00,211 DEBUG loaded <trimesh.Trimesh(vertices.shape=(48, 3), faces.shape=(28, 3))> using `load_obj` in 0.0007s
2024-12-10 22:23:09,231 INFO ==> EMD Loss: 16.463614
2024-12-10 22:23:09,231 INFO ==> Height map loss:  7.267319
2024-12-10 22:23:09,651 DEBUG loaded <trimesh.Trimesh(vertices.shape=(916, 3), faces.shape=(856, 3))> using `load_obj` in 0.0039s
2024-12-10 22:23:09,842 DEBUG loaded <trimesh.Trimesh(vertices.shape=(48, 3), faces.shape=(28, 3))> using `load_obj` in 0.0008s
2024-12-10 22:23:35,580 INFO =====> Skill params: [ 0.46366    -0.65016323 -0.918053   -0.96694475  0.6265405 ]
2024-12-10 22:23:35,580 INFO =====> Grad: [0. 0. 0. 0. 0.]
2024-12-10 22:23:35,580 INFO =====> Num. aborted data so far: 0
2024-12-10 22:23:35,581 INFO ===========> Epoch: 7 optimisation losses
2024-12-10 22:23:35,581 INFO =====> EMD Loss: 16.463642
2024-12-10 22:23:35,581 INFO =====> Height map loss: 7.267400
2024-12-10 22:23:36,020 DEBUG loaded <trimesh.Trimesh(vertices.shape=(916, 3), faces.shape=(856, 3))> using `load_obj` in 0.0041s
2024-12-10 22:23:36,210 DEBUG loaded <trimesh.Trimesh(vertices.shape=(48, 3), faces.shape=(28, 3))> using `load_obj` in 0.0009s
2024-12-10 22:23:46,277 INFO ==> EMD Loss: 16.472092
2024-12-10 22:23:46,277 INFO ==> Height map loss:  7.267312
2024-12-10 22:23:46,611 DEBUG loaded <trimesh.Trimesh(vertices.shape=(916, 3), faces.shape=(856, 3))> using `load_obj` in 0.0030s
2024-12-10 22:23:46,754 DEBUG loaded <trimesh.Trimesh(vertices.shape=(48, 3), faces.shape=(28, 3))> using `load_obj` in 0.0007s
2024-12-10 22:23:55,743 INFO ==> EMD Loss: 16.463608
2024-12-10 22:23:55,743 INFO ==> Height map loss:  7.267327
2024-12-10 22:23:56,079 DEBUG loaded <trimesh.Trimesh(vertices.shape=(916, 3), faces.shape=(856, 3))> using `load_obj` in 0.0028s
2024-12-10 22:23:56,222 DEBUG loaded <trimesh.Trimesh(vertices.shape=(48, 3), faces.shape=(28, 3))> using `load_obj` in 0.0007s
2024-12-10 22:24:05,017 INFO ==> EMD Loss: 16.472008
2024-12-10 22:24:05,017 INFO ==> Height map loss:  7.267222
2024-12-10 22:24:05,348 DEBUG loaded <trimesh.Trimesh(vertices.shape=(916, 3), faces.shape=(856, 3))> using `load_obj` in 0.0028s
2024-12-10 22:24:05,490 DEBUG loaded <trimesh.Trimesh(vertices.shape=(48, 3), faces.shape=(28, 3))> using `load_obj` in 0.0007s
2024-12-10 22:24:14,269 INFO ==> EMD Loss: 16.463577
2024-12-10 22:24:14,269 INFO ==> Height map loss:  7.267258
2024-12-10 22:24:14,599 DEBUG loaded <trimesh.Trimesh(vertices.shape=(916, 3), faces.shape=(856, 3))> using `load_obj` in 0.0028s
2024-12-10 22:24:14,744 DEBUG loaded <trimesh.Trimesh(vertices.shape=(48, 3), faces.shape=(28, 3))> using `load_obj` in 0.0007s
2024-12-10 22:24:23,418 INFO ==> EMD Loss: 16.463596
2024-12-10 22:24:23,418 INFO ==> Height map loss:  7.267300
2024-12-10 22:24:23,756 DEBUG loaded <trimesh.Trimesh(vertices.shape=(916, 3), faces.shape=(856, 3))> using `load_obj` in 0.0029s
2024-12-10 22:24:23,902 DEBUG loaded <trimesh.Trimesh(vertices.shape=(48, 3), faces.shape=(28, 3))> using `load_obj` in 0.0008s
2024-12-10 22:24:49,637 INFO =====> Skill params: [ 0.46366    -0.65016323 -0.918053   -0.96694475  0.6265405 ]
2024-12-10 22:24:49,638 INFO =====> Grad: [0. 0. 0. 0. 0.]
2024-12-10 22:24:49,638 INFO =====> Num. aborted data so far: 0
2024-12-10 22:24:49,638 INFO ===========> Epoch: 8 optimisation losses
2024-12-10 22:24:49,638 INFO =====> EMD Loss: 16.463665
2024-12-10 22:24:49,638 INFO =====> Height map loss: 7.267339
2024-12-10 22:24:50,056 DEBUG loaded <trimesh.Trimesh(vertices.shape=(916, 3), faces.shape=(856, 3))> using `load_obj` in 0.0031s
2024-12-10 22:24:50,206 DEBUG loaded <trimesh.Trimesh(vertices.shape=(48, 3), faces.shape=(28, 3))> using `load_obj` in 0.0007s
2024-12-10 22:24:59,210 INFO ==> EMD Loss: 16.463623
2024-12-10 22:24:59,210 INFO ==> Height map loss:  7.267325
2024-12-10 22:24:59,550 DEBUG loaded <trimesh.Trimesh(vertices.shape=(916, 3), faces.shape=(856, 3))> using `load_obj` in 0.0030s
2024-12-10 22:24:59,704 DEBUG loaded <trimesh.Trimesh(vertices.shape=(48, 3), faces.shape=(28, 3))> using `load_obj` in 0.0007s
2024-12-10 22:25:08,832 INFO ==> EMD Loss: 16.472137
2024-12-10 22:25:08,832 INFO ==> Height map loss:  7.267416
2024-12-10 22:25:09,255 DEBUG loaded <trimesh.Trimesh(vertices.shape=(916, 3), faces.shape=(856, 3))> using `load_obj` in 0.0039s
2024-12-10 22:25:09,452 DEBUG loaded <trimesh.Trimesh(vertices.shape=(48, 3), faces.shape=(28, 3))> using `load_obj` in 0.0009s
2024-12-10 22:25:18,439 INFO ==> EMD Loss: 16.463539
2024-12-10 22:25:18,439 INFO ==> Height map loss:  7.267279
2024-12-10 22:25:18,868 DEBUG loaded <trimesh.Trimesh(vertices.shape=(916, 3), faces.shape=(856, 3))> using `load_obj` in 0.0040s
2024-12-10 22:25:19,061 DEBUG loaded <trimesh.Trimesh(vertices.shape=(48, 3), faces.shape=(28, 3))> using `load_obj` in 0.0009s
2024-12-10 22:25:27,929 INFO ==> EMD Loss: 16.463648
2024-12-10 22:25:27,930 INFO ==> Height map loss:  7.267298
2024-12-10 22:25:28,264 DEBUG loaded <trimesh.Trimesh(vertices.shape=(916, 3), faces.shape=(856, 3))> using `load_obj` in 0.0029s
2024-12-10 22:25:28,408 DEBUG loaded <trimesh.Trimesh(vertices.shape=(48, 3), faces.shape=(28, 3))> using `load_obj` in 0.0007s
2024-12-10 22:25:37,140 INFO ==> EMD Loss: 16.463638
2024-12-10 22:25:37,140 INFO ==> Height map loss:  7.267291
2024-12-10 22:25:37,527 DEBUG loaded <trimesh.Trimesh(vertices.shape=(916, 3), faces.shape=(856, 3))> using `load_obj` in 0.0030s
2024-12-10 22:25:37,678 DEBUG loaded <trimesh.Trimesh(vertices.shape=(48, 3), faces.shape=(28, 3))> using `load_obj` in 0.0007s
2024-12-10 22:26:03,230 INFO =====> Skill params: [ 0.46366    -0.65016323 -0.918053   -0.96694475  0.6265405 ]
2024-12-10 22:26:03,230 INFO =====> Grad: [0. 0. 0. 0. 0.]
2024-12-10 22:26:03,230 INFO =====> Num. aborted data so far: 0
2024-12-10 22:26:03,231 INFO ===========> Epoch: 9 optimisation losses
2024-12-10 22:26:03,231 INFO =====> EMD Loss: 16.463585
2024-12-10 22:26:03,231 INFO =====> Height map loss: 7.267334
2024-12-10 22:26:03,602 DEBUG loaded <trimesh.Trimesh(vertices.shape=(916, 3), faces.shape=(856, 3))> using `load_obj` in 0.0030s
2024-12-10 22:26:03,752 DEBUG loaded <trimesh.Trimesh(vertices.shape=(48, 3), faces.shape=(28, 3))> using `load_obj` in 0.0007s
2024-12-10 22:26:13,044 INFO ==> EMD Loss: 16.463596
2024-12-10 22:26:13,045 INFO ==> Height map loss:  7.267281
2024-12-10 22:26:13,466 DEBUG loaded <trimesh.Trimesh(vertices.shape=(916, 3), faces.shape=(856, 3))> using `load_obj` in 0.0039s
2024-12-10 22:26:13,657 DEBUG loaded <trimesh.Trimesh(vertices.shape=(48, 3), faces.shape=(28, 3))> using `load_obj` in 0.0009s
2024-12-10 22:26:23,416 INFO ==> EMD Loss: 16.463524
2024-12-10 22:26:23,416 INFO ==> Height map loss:  7.267236
2024-12-10 22:26:23,835 DEBUG loaded <trimesh.Trimesh(vertices.shape=(916, 3), faces.shape=(856, 3))> using `load_obj` in 0.0039s
2024-12-10 22:26:24,025 DEBUG loaded <trimesh.Trimesh(vertices.shape=(48, 3), faces.shape=(28, 3))> using `load_obj` in 0.0008s
2024-12-10 22:26:33,194 INFO ==> EMD Loss: 16.463631
2024-12-10 22:26:33,194 INFO ==> Height map loss:  7.267360
2024-12-10 22:26:33,539 DEBUG loaded <trimesh.Trimesh(vertices.shape=(916, 3), faces.shape=(856, 3))> using `load_obj` in 0.0030s
2024-12-10 22:26:33,703 DEBUG loaded <trimesh.Trimesh(vertices.shape=(48, 3), faces.shape=(28, 3))> using `load_obj` in 0.0009s
2024-12-10 22:26:42,844 INFO ==> EMD Loss: 16.463633
2024-12-10 22:26:42,844 INFO ==> Height map loss:  7.267379
2024-12-10 22:26:43,191 DEBUG loaded <trimesh.Trimesh(vertices.shape=(916, 3), faces.shape=(856, 3))> using `load_obj` in 0.0029s
2024-12-10 22:26:43,335 DEBUG loaded <trimesh.Trimesh(vertices.shape=(48, 3), faces.shape=(28, 3))> using `load_obj` in 0.0007s
2024-12-10 22:26:52,041 INFO ==> EMD Loss: 16.472078
2024-12-10 22:26:52,041 INFO ==> Height map loss:  7.267337
2024-12-10 22:26:52,388 DEBUG loaded <trimesh.Trimesh(vertices.shape=(916, 3), faces.shape=(856, 3))> using `load_obj` in 0.0029s
2024-12-10 22:26:52,530 DEBUG loaded <trimesh.Trimesh(vertices.shape=(48, 3), faces.shape=(28, 3))> using `load_obj` in 0.0007s
2024-12-10 22:27:18,287 INFO =====> Skill params: [ 0.46366    -0.65016323 -0.918053   -0.96694475  0.6265405 ]
2024-12-10 22:27:18,287 INFO =====> Grad: [0. 0. 0. 0. 0.]
2024-12-10 22:27:18,287 INFO =====> Num. aborted data so far: 0
2024-12-10 22:27:18,288 INFO ===========> Epoch: 10 optimisation losses
2024-12-10 22:27:18,288 INFO =====> EMD Loss: 16.463615
2024-12-10 22:27:18,288 INFO =====> Height map loss: 7.267356
2024-12-10 22:27:18,659 DEBUG loaded <trimesh.Trimesh(vertices.shape=(916, 3), faces.shape=(856, 3))> using `load_obj` in 0.0030s
2024-12-10 22:27:18,804 DEBUG loaded <trimesh.Trimesh(vertices.shape=(48, 3), faces.shape=(28, 3))> using `load_obj` in 0.0007s
2024-12-10 22:27:27,689 INFO ==> EMD Loss: 16.463652
2024-12-10 22:27:27,689 INFO ==> Height map loss:  7.267291
2024-12-10 22:27:28,042 DEBUG loaded <trimesh.Trimesh(vertices.shape=(916, 3), faces.shape=(856, 3))> using `load_obj` in 0.0030s
2024-12-10 22:27:28,186 DEBUG loaded <trimesh.Trimesh(vertices.shape=(48, 3), faces.shape=(28, 3))> using `load_obj` in 0.0007s
2024-12-10 22:27:37,334 INFO ==> EMD Loss: 16.463631
2024-12-10 22:27:37,334 INFO ==> Height map loss:  7.267331
2024-12-10 22:27:37,688 DEBUG loaded <trimesh.Trimesh(vertices.shape=(916, 3), faces.shape=(856, 3))> using `load_obj` in 0.0028s
2024-12-10 22:27:37,831 DEBUG loaded <trimesh.Trimesh(vertices.shape=(48, 3), faces.shape=(28, 3))> using `load_obj` in 0.0007s
2024-12-10 22:27:46,956 INFO ==> EMD Loss: 16.463526
2024-12-10 22:27:46,956 INFO ==> Height map loss:  7.267292
2024-12-10 22:27:47,303 DEBUG loaded <trimesh.Trimesh(vertices.shape=(916, 3), faces.shape=(856, 3))> using `load_obj` in 0.0028s
2024-12-10 22:27:47,446 DEBUG loaded <trimesh.Trimesh(vertices.shape=(48, 3), faces.shape=(28, 3))> using `load_obj` in 0.0007s
2024-12-10 22:27:56,425 INFO ==> EMD Loss: 16.463566
2024-12-10 22:27:56,425 INFO ==> Height map loss:  7.267277
2024-12-10 22:27:56,771 DEBUG loaded <trimesh.Trimesh(vertices.shape=(916, 3), faces.shape=(856, 3))> using `load_obj` in 0.0028s
2024-12-10 22:27:56,913 DEBUG loaded <trimesh.Trimesh(vertices.shape=(48, 3), faces.shape=(28, 3))> using `load_obj` in 0.0007s
2024-12-10 22:28:05,687 INFO ==> EMD Loss: 16.463638
2024-12-10 22:28:05,687 INFO ==> Height map loss:  7.267315
2024-12-10 22:28:06,028 DEBUG loaded <trimesh.Trimesh(vertices.shape=(916, 3), faces.shape=(856, 3))> using `load_obj` in 0.0029s
2024-12-10 22:28:06,170 DEBUG loaded <trimesh.Trimesh(vertices.shape=(48, 3), faces.shape=(28, 3))> using `load_obj` in 0.0007s
2024-12-10 22:28:31,998 INFO =====> Skill params: [ 0.46366    -0.65016323 -0.918053   -0.96694475  0.6265405 ]
2024-12-10 22:28:31,998 INFO =====> Grad: [0. 0. 0. 0. 0.]
2024-12-10 22:28:31,998 INFO =====> Num. aborted data so far: 0
2024-12-10 22:28:31,999 INFO ===========> Epoch: 11 optimisation losses
2024-12-10 22:28:31,999 INFO =====> EMD Loss: 16.472179
2024-12-10 22:28:31,999 INFO =====> Height map loss: 7.267351
2024-12-10 22:28:32,382 DEBUG loaded <trimesh.Trimesh(vertices.shape=(916, 3), faces.shape=(856, 3))> using `load_obj` in 0.0031s
2024-12-10 22:28:32,532 DEBUG loaded <trimesh.Trimesh(vertices.shape=(48, 3), faces.shape=(28, 3))> using `load_obj` in 0.0007s
2024-12-10 22:28:41,433 INFO ==> EMD Loss: 16.472071
2024-12-10 22:28:41,433 INFO ==> Height map loss:  7.267217
2024-12-10 22:28:41,810 DEBUG loaded <trimesh.Trimesh(vertices.shape=(916, 3), faces.shape=(856, 3))> using `load_obj` in 0.0029s
2024-12-10 22:28:41,956 DEBUG loaded <trimesh.Trimesh(vertices.shape=(48, 3), faces.shape=(28, 3))> using `load_obj` in 0.0007s
2024-12-10 22:28:51,067 INFO ==> EMD Loss: 16.463594
2024-12-10 22:28:51,067 INFO ==> Height map loss:  7.267268
2024-12-10 22:28:51,562 DEBUG loaded <trimesh.Trimesh(vertices.shape=(916, 3), faces.shape=(856, 3))> using `load_obj` in 0.0039s
2024-12-10 22:28:51,737 DEBUG loaded <trimesh.Trimesh(vertices.shape=(48, 3), faces.shape=(28, 3))> using `load_obj` in 0.0007s
2024-12-10 22:29:00,604 INFO ==> EMD Loss: 16.463516
2024-12-10 22:29:00,604 INFO ==> Height map loss:  7.267220
2024-12-10 22:29:00,963 DEBUG loaded <trimesh.Trimesh(vertices.shape=(916, 3), faces.shape=(856, 3))> using `load_obj` in 0.0030s
2024-12-10 22:29:01,110 DEBUG loaded <trimesh.Trimesh(vertices.shape=(48, 3), faces.shape=(28, 3))> using `load_obj` in 0.0007s
2024-12-10 22:29:10,028 INFO ==> EMD Loss: 16.472116
2024-12-10 22:29:10,028 INFO ==> Height map loss:  7.267315
2024-12-10 22:29:10,394 DEBUG loaded <trimesh.Trimesh(vertices.shape=(916, 3), faces.shape=(856, 3))> using `load_obj` in 0.0040s
2024-12-10 22:29:10,584 DEBUG loaded <trimesh.Trimesh(vertices.shape=(48, 3), faces.shape=(28, 3))> using `load_obj` in 0.0008s
2024-12-10 22:29:19,778 INFO ==> EMD Loss: 16.463570
2024-12-10 22:29:19,778 INFO ==> Height map loss:  7.267251
2024-12-10 22:29:20,126 DEBUG loaded <trimesh.Trimesh(vertices.shape=(916, 3), faces.shape=(856, 3))> using `load_obj` in 0.0029s
2024-12-10 22:29:20,268 DEBUG loaded <trimesh.Trimesh(vertices.shape=(48, 3), faces.shape=(28, 3))> using `load_obj` in 0.0007s
2024-12-10 22:29:45,890 INFO =====> Skill params: [ 0.46366    -0.65016323 -0.918053   -0.96694475  0.6265405 ]
2024-12-10 22:29:45,890 INFO =====> Grad: [0. 0. 0. 0. 0.]
2024-12-10 22:29:45,890 INFO =====> Num. aborted data so far: 0
2024-12-10 22:29:45,891 INFO ===========> Epoch: 12 optimisation losses
2024-12-10 22:29:45,891 INFO =====> EMD Loss: 16.463642
2024-12-10 22:29:45,891 INFO =====> Height map loss: 7.267352
2024-12-10 22:29:46,303 DEBUG loaded <trimesh.Trimesh(vertices.shape=(916, 3), faces.shape=(856, 3))> using `load_obj` in 0.0031s
2024-12-10 22:29:46,451 DEBUG loaded <trimesh.Trimesh(vertices.shape=(48, 3), faces.shape=(28, 3))> using `load_obj` in 0.0007s
2024-12-10 22:29:55,509 INFO ==> EMD Loss: 16.463604
2024-12-10 22:29:55,509 INFO ==> Height map loss:  7.267337
2024-12-10 22:29:55,862 DEBUG loaded <trimesh.Trimesh(vertices.shape=(916, 3), faces.shape=(856, 3))> using `load_obj` in 0.0030s
2024-12-10 22:29:56,010 DEBUG loaded <trimesh.Trimesh(vertices.shape=(48, 3), faces.shape=(28, 3))> using `load_obj` in 0.0007s
2024-12-10 22:30:04,970 INFO ==> EMD Loss: 16.463619
2024-12-10 22:30:04,970 INFO ==> Height map loss:  7.267360
2024-12-10 22:30:05,321 DEBUG loaded <trimesh.Trimesh(vertices.shape=(916, 3), faces.shape=(856, 3))> using `load_obj` in 0.0030s
2024-12-10 22:30:05,470 DEBUG loaded <trimesh.Trimesh(vertices.shape=(48, 3), faces.shape=(28, 3))> using `load_obj` in 0.0007s
2024-12-10 22:30:14,582 INFO ==> EMD Loss: 16.463612
2024-12-10 22:30:14,582 INFO ==> Height map loss:  7.267333
2024-12-10 22:30:15,017 DEBUG loaded <trimesh.Trimesh(vertices.shape=(916, 3), faces.shape=(856, 3))> using `load_obj` in 0.0038s
2024-12-10 22:30:15,205 DEBUG loaded <trimesh.Trimesh(vertices.shape=(48, 3), faces.shape=(28, 3))> using `load_obj` in 0.0008s
2024-12-10 22:30:24,303 INFO ==> EMD Loss: 16.463572
2024-12-10 22:30:24,303 INFO ==> Height map loss:  7.267323
2024-12-10 22:30:24,741 DEBUG loaded <trimesh.Trimesh(vertices.shape=(916, 3), faces.shape=(856, 3))> using `load_obj` in 0.0040s
2024-12-10 22:30:24,903 DEBUG loaded <trimesh.Trimesh(vertices.shape=(48, 3), faces.shape=(28, 3))> using `load_obj` in 0.0007s
2024-12-10 22:30:33,937 INFO ==> EMD Loss: 16.472086
2024-12-10 22:30:33,937 INFO ==> Height map loss:  7.267283
2024-12-10 22:30:34,290 DEBUG loaded <trimesh.Trimesh(vertices.shape=(916, 3), faces.shape=(856, 3))> using `load_obj` in 0.0029s
2024-12-10 22:30:34,436 DEBUG loaded <trimesh.Trimesh(vertices.shape=(48, 3), faces.shape=(28, 3))> using `load_obj` in 0.0007s
2024-12-10 22:30:59,758 INFO =====> Skill params: [ 0.46366    -0.65016323 -0.918053   -0.96694475  0.6265405 ]
2024-12-10 22:30:59,758 INFO =====> Grad: [0. 0. 0. 0. 0.]
2024-12-10 22:30:59,758 INFO =====> Num. aborted data so far: 0
2024-12-10 22:30:59,759 INFO ===========> Epoch: 13 optimisation losses
2024-12-10 22:30:59,759 INFO =====> EMD Loss: 16.463604
2024-12-10 22:30:59,759 INFO =====> Height map loss: 7.267296
2024-12-10 22:31:00,225 DEBUG loaded <trimesh.Trimesh(vertices.shape=(916, 3), faces.shape=(856, 3))> using `load_obj` in 0.0041s
2024-12-10 22:31:00,418 DEBUG loaded <trimesh.Trimesh(vertices.shape=(48, 3), faces.shape=(28, 3))> using `load_obj` in 0.0009s
2024-12-10 22:31:09,715 INFO ==> EMD Loss: 16.463516
2024-12-10 22:31:09,715 INFO ==> Height map loss:  7.267300
2024-12-10 22:31:10,155 DEBUG loaded <trimesh.Trimesh(vertices.shape=(916, 3), faces.shape=(856, 3))> using `load_obj` in 0.0040s
2024-12-10 22:31:10,351 DEBUG loaded <trimesh.Trimesh(vertices.shape=(48, 3), faces.shape=(28, 3))> using `load_obj` in 0.0009s
2024-12-10 22:31:19,610 INFO ==> EMD Loss: 16.463625
2024-12-10 22:31:19,610 INFO ==> Height map loss:  7.267352
2024-12-10 22:31:19,957 DEBUG loaded <trimesh.Trimesh(vertices.shape=(916, 3), faces.shape=(856, 3))> using `load_obj` in 0.0029s
2024-12-10 22:31:20,104 DEBUG loaded <trimesh.Trimesh(vertices.shape=(48, 3), faces.shape=(28, 3))> using `load_obj` in 0.0007s
2024-12-10 22:31:29,088 INFO ==> EMD Loss: 16.463535
2024-12-10 22:31:29,088 INFO ==> Height map loss:  7.267220
2024-12-10 22:31:29,439 DEBUG loaded <trimesh.Trimesh(vertices.shape=(916, 3), faces.shape=(856, 3))> using `load_obj` in 0.0030s
2024-12-10 22:31:29,590 DEBUG loaded <trimesh.Trimesh(vertices.shape=(48, 3), faces.shape=(28, 3))> using `load_obj` in 0.0007s
2024-12-10 22:31:38,659 INFO ==> EMD Loss: 16.463692
2024-12-10 22:31:38,659 INFO ==> Height map loss:  7.267392
2024-12-10 22:31:39,019 DEBUG loaded <trimesh.Trimesh(vertices.shape=(916, 3), faces.shape=(856, 3))> using `load_obj` in 0.0029s
2024-12-10 22:31:39,165 DEBUG loaded <trimesh.Trimesh(vertices.shape=(48, 3), faces.shape=(28, 3))> using `load_obj` in 0.0007s
2024-12-10 22:31:48,117 INFO ==> EMD Loss: 16.463627
2024-12-10 22:31:48,117 INFO ==> Height map loss:  7.267304
2024-12-10 22:31:48,495 DEBUG loaded <trimesh.Trimesh(vertices.shape=(916, 3), faces.shape=(856, 3))> using `load_obj` in 0.0029s
2024-12-10 22:31:48,641 DEBUG loaded <trimesh.Trimesh(vertices.shape=(48, 3), faces.shape=(28, 3))> using `load_obj` in 0.0007s
2024-12-10 22:32:14,041 INFO =====> Skill params: [ 0.46366    -0.65016323 -0.918053   -0.96694475  0.6265405 ]
2024-12-10 22:32:14,041 INFO =====> Grad: [0. 0. 0. 0. 0.]
2024-12-10 22:32:14,041 INFO =====> Num. aborted data so far: 0
2024-12-10 22:32:14,042 INFO ===========> Epoch: 14 optimisation losses
2024-12-10 22:32:14,042 INFO =====> EMD Loss: 16.463621
2024-12-10 22:32:14,043 INFO =====> Height map loss: 7.267336
2024-12-10 22:32:14,427 DEBUG loaded <trimesh.Trimesh(vertices.shape=(916, 3), faces.shape=(856, 3))> using `load_obj` in 0.0030s
2024-12-10 22:32:14,578 DEBUG loaded <trimesh.Trimesh(vertices.shape=(48, 3), faces.shape=(28, 3))> using `load_obj` in 0.0008s
2024-12-10 22:32:23,787 INFO ==> EMD Loss: 16.463551
2024-12-10 22:32:23,787 INFO ==> Height map loss:  7.267288
2024-12-10 22:32:24,144 DEBUG loaded <trimesh.Trimesh(vertices.shape=(916, 3), faces.shape=(856, 3))> using `load_obj` in 0.0029s
2024-12-10 22:32:24,290 DEBUG loaded <trimesh.Trimesh(vertices.shape=(48, 3), faces.shape=(28, 3))> using `load_obj` in 0.0007s
2024-12-10 22:32:33,136 INFO ==> EMD Loss: 16.463566
2024-12-10 22:32:33,136 INFO ==> Height map loss:  7.267290
2024-12-10 22:32:33,499 DEBUG loaded <trimesh.Trimesh(vertices.shape=(916, 3), faces.shape=(856, 3))> using `load_obj` in 0.0029s
2024-12-10 22:32:33,647 DEBUG loaded <trimesh.Trimesh(vertices.shape=(48, 3), faces.shape=(28, 3))> using `load_obj` in 0.0007s
2024-12-10 22:32:42,624 INFO ==> EMD Loss: 16.463600
2024-12-10 22:32:42,624 INFO ==> Height map loss:  7.267238
2024-12-10 22:32:42,994 DEBUG loaded <trimesh.Trimesh(vertices.shape=(916, 3), faces.shape=(856, 3))> using `load_obj` in 0.0029s
2024-12-10 22:32:43,141 DEBUG loaded <trimesh.Trimesh(vertices.shape=(48, 3), faces.shape=(28, 3))> using `load_obj` in 0.0007s
2024-12-10 22:32:52,290 INFO ==> EMD Loss: 16.463709
2024-12-10 22:32:52,290 INFO ==> Height map loss:  7.267402
2024-12-10 22:32:52,695 DEBUG loaded <trimesh.Trimesh(vertices.shape=(916, 3), faces.shape=(856, 3))> using `load_obj` in 0.0030s
2024-12-10 22:32:52,854 DEBUG loaded <trimesh.Trimesh(vertices.shape=(48, 3), faces.shape=(28, 3))> using `load_obj` in 0.0007s
2024-12-10 22:33:02,213 INFO ==> EMD Loss: 16.472208
2024-12-10 22:33:02,213 INFO ==> Height map loss:  7.267399
2024-12-10 22:33:02,569 DEBUG loaded <trimesh.Trimesh(vertices.shape=(916, 3), faces.shape=(856, 3))> using `load_obj` in 0.0028s
2024-12-10 22:33:02,717 DEBUG loaded <trimesh.Trimesh(vertices.shape=(48, 3), faces.shape=(28, 3))> using `load_obj` in 0.0007s
2024-12-10 22:33:27,971 INFO =====> Skill params: [ 0.46366    -0.65016323 -0.918053   -0.96694475  0.6265405 ]
2024-12-10 22:33:27,971 INFO =====> Grad: [0. 0. 0. 0. 0.]
2024-12-10 22:33:27,971 INFO =====> Num. aborted data so far: 0
2024-12-10 22:33:27,972 INFO ===========> Epoch: 15 optimisation losses
2024-12-10 22:33:27,972 INFO =====> EMD Loss: 16.463678
2024-12-10 22:33:27,972 INFO =====> Height map loss: 7.267406
2024-12-10 22:33:28,439 DEBUG loaded <trimesh.Trimesh(vertices.shape=(916, 3), faces.shape=(856, 3))> using `load_obj` in 0.0031s
2024-12-10 22:33:28,588 DEBUG loaded <trimesh.Trimesh(vertices.shape=(48, 3), faces.shape=(28, 3))> using `load_obj` in 0.0007s
2024-12-10 22:33:37,417 INFO ==> EMD Loss: 16.472069
2024-12-10 22:33:37,417 INFO ==> Height map loss:  7.267237
2024-12-10 22:33:37,785 DEBUG loaded <trimesh.Trimesh(vertices.shape=(916, 3), faces.shape=(856, 3))> using `load_obj` in 0.0030s
2024-12-10 22:33:37,942 DEBUG loaded <trimesh.Trimesh(vertices.shape=(48, 3), faces.shape=(28, 3))> using `load_obj` in 0.0007s
2024-12-10 22:33:46,960 INFO ==> EMD Loss: 16.463615
2024-12-10 22:33:46,960 INFO ==> Height map loss:  7.267326
2024-12-10 22:33:47,363 DEBUG loaded <trimesh.Trimesh(vertices.shape=(916, 3), faces.shape=(856, 3))> using `load_obj` in 0.0030s
2024-12-10 22:33:47,512 DEBUG loaded <trimesh.Trimesh(vertices.shape=(48, 3), faces.shape=(28, 3))> using `load_obj` in 0.0007s
2024-12-10 22:33:56,385 INFO ==> EMD Loss: 16.463621
2024-12-10 22:33:56,385 INFO ==> Height map loss:  7.267313
2024-12-10 22:33:56,766 DEBUG loaded <trimesh.Trimesh(vertices.shape=(916, 3), faces.shape=(856, 3))> using `load_obj` in 0.0040s
2024-12-10 22:33:56,939 DEBUG loaded <trimesh.Trimesh(vertices.shape=(48, 3), faces.shape=(28, 3))> using `load_obj` in 0.0007s
2024-12-10 22:34:05,868 INFO ==> EMD Loss: 16.463568
2024-12-10 22:34:05,868 INFO ==> Height map loss:  7.267282
2024-12-10 22:34:06,239 DEBUG loaded <trimesh.Trimesh(vertices.shape=(916, 3), faces.shape=(856, 3))> using `load_obj` in 0.0029s
2024-12-10 22:34:06,394 DEBUG loaded <trimesh.Trimesh(vertices.shape=(48, 3), faces.shape=(28, 3))> using `load_obj` in 0.0008s
2024-12-10 22:34:15,246 INFO ==> EMD Loss: 16.463545
2024-12-10 22:34:15,247 INFO ==> Height map loss:  7.267328
2024-12-10 22:34:15,606 DEBUG loaded <trimesh.Trimesh(vertices.shape=(916, 3), faces.shape=(856, 3))> using `load_obj` in 0.0028s
2024-12-10 22:34:15,752 DEBUG loaded <trimesh.Trimesh(vertices.shape=(48, 3), faces.shape=(28, 3))> using `load_obj` in 0.0007s
2024-12-10 22:34:41,022 INFO =====> Skill params: [ 0.46366    -0.65016323 -0.918053   -0.96694475  0.6265405 ]
2024-12-10 22:34:41,022 INFO =====> Grad: [0. 0. 0. 0. 0.]
2024-12-10 22:34:41,023 INFO =====> Num. aborted data so far: 0
2024-12-10 22:34:41,023 INFO ===========> Epoch: 16 optimisation losses
2024-12-10 22:34:41,023 INFO =====> EMD Loss: 16.463640
2024-12-10 22:34:41,023 INFO =====> Height map loss: 7.267340
2024-12-10 22:34:41,414 DEBUG loaded <trimesh.Trimesh(vertices.shape=(916, 3), faces.shape=(856, 3))> using `load_obj` in 0.0029s
2024-12-10 22:34:41,565 DEBUG loaded <trimesh.Trimesh(vertices.shape=(48, 3), faces.shape=(28, 3))> using `load_obj` in 0.0007s
2024-12-10 22:34:50,609 INFO ==> EMD Loss: 16.463524
2024-12-10 22:34:50,609 INFO ==> Height map loss:  7.267224
2024-12-10 22:34:50,984 DEBUG loaded <trimesh.Trimesh(vertices.shape=(916, 3), faces.shape=(856, 3))> using `load_obj` in 0.0029s
2024-12-10 22:34:51,135 DEBUG loaded <trimesh.Trimesh(vertices.shape=(48, 3), faces.shape=(28, 3))> using `load_obj` in 0.0007s
2024-12-10 22:35:00,042 INFO ==> EMD Loss: 16.463646
2024-12-10 22:35:00,042 INFO ==> Height map loss:  7.267321
2024-12-10 22:35:00,411 DEBUG loaded <trimesh.Trimesh(vertices.shape=(916, 3), faces.shape=(856, 3))> using `load_obj` in 0.0029s
2024-12-10 22:35:00,565 DEBUG loaded <trimesh.Trimesh(vertices.shape=(48, 3), faces.shape=(28, 3))> using `load_obj` in 0.0007s
2024-12-10 22:35:09,557 INFO ==> EMD Loss: 16.472103
2024-12-10 22:35:09,557 INFO ==> Height map loss:  7.267298
2024-12-10 22:35:09,916 DEBUG loaded <trimesh.Trimesh(vertices.shape=(916, 3), faces.shape=(856, 3))> using `load_obj` in 0.0028s
2024-12-10 22:35:10,068 DEBUG loaded <trimesh.Trimesh(vertices.shape=(48, 3), faces.shape=(28, 3))> using `load_obj` in 0.0007s
2024-12-10 22:35:18,898 INFO ==> EMD Loss: 16.463701
2024-12-10 22:35:18,899 INFO ==> Height map loss:  7.267416
2024-12-10 22:35:19,264 DEBUG loaded <trimesh.Trimesh(vertices.shape=(916, 3), faces.shape=(856, 3))> using `load_obj` in 0.0029s
2024-12-10 22:35:19,423 DEBUG loaded <trimesh.Trimesh(vertices.shape=(48, 3), faces.shape=(28, 3))> using `load_obj` in 0.0007s
2024-12-10 22:35:28,389 INFO ==> EMD Loss: 16.472111
2024-12-10 22:35:28,389 INFO ==> Height map loss:  7.267339
2024-12-10 22:35:28,797 DEBUG loaded <trimesh.Trimesh(vertices.shape=(916, 3), faces.shape=(856, 3))> using `load_obj` in 0.0031s
2024-12-10 22:35:28,949 DEBUG loaded <trimesh.Trimesh(vertices.shape=(48, 3), faces.shape=(28, 3))> using `load_obj` in 0.0007s
2024-12-10 22:35:54,367 INFO =====> Skill params: [ 0.46366    -0.65016323 -0.918053   -0.96694475  0.6265405 ]
2024-12-10 22:35:54,368 INFO =====> Grad: [0. 0. 0. 0. 0.]
2024-12-10 22:35:54,368 INFO =====> Num. aborted data so far: 0
2024-12-10 22:35:54,368 INFO ===========> Epoch: 17 optimisation losses
2024-12-10 22:35:54,368 INFO =====> EMD Loss: 16.463558
2024-12-10 22:35:54,368 INFO =====> Height map loss: 7.267228
2024-12-10 22:35:54,784 DEBUG loaded <trimesh.Trimesh(vertices.shape=(916, 3), faces.shape=(856, 3))> using `load_obj` in 0.0041s
2024-12-10 22:35:54,941 DEBUG loaded <trimesh.Trimesh(vertices.shape=(48, 3), faces.shape=(28, 3))> using `load_obj` in 0.0007s
2024-12-10 22:36:03,914 INFO ==> EMD Loss: 16.463694
2024-12-10 22:36:03,915 INFO ==> Height map loss:  7.267393
2024-12-10 22:36:04,277 DEBUG loaded <trimesh.Trimesh(vertices.shape=(916, 3), faces.shape=(856, 3))> using `load_obj` in 0.0030s
2024-12-10 22:36:04,432 DEBUG loaded <trimesh.Trimesh(vertices.shape=(48, 3), faces.shape=(28, 3))> using `load_obj` in 0.0007s
2024-12-10 22:36:13,313 INFO ==> EMD Loss: 16.463614
2024-12-10 22:36:13,313 INFO ==> Height map loss:  7.267316
2024-12-10 22:36:13,777 DEBUG loaded <trimesh.Trimesh(vertices.shape=(916, 3), faces.shape=(856, 3))> using `load_obj` in 0.0039s
2024-12-10 22:36:13,974 DEBUG loaded <trimesh.Trimesh(vertices.shape=(48, 3), faces.shape=(28, 3))> using `load_obj` in 0.0009s
2024-12-10 22:36:23,136 INFO ==> EMD Loss: 16.472006
2024-12-10 22:36:23,136 INFO ==> Height map loss:  7.267205
2024-12-10 22:36:23,584 DEBUG loaded <trimesh.Trimesh(vertices.shape=(916, 3), faces.shape=(856, 3))> using `load_obj` in 0.0039s
2024-12-10 22:36:23,783 DEBUG loaded <trimesh.Trimesh(vertices.shape=(48, 3), faces.shape=(28, 3))> using `load_obj` in 0.0009s
2024-12-10 22:36:32,840 INFO ==> EMD Loss: 16.472025
2024-12-10 22:36:32,840 INFO ==> Height map loss:  7.267264
2024-12-10 22:36:33,210 DEBUG loaded <trimesh.Trimesh(vertices.shape=(916, 3), faces.shape=(856, 3))> using `load_obj` in 0.0030s
2024-12-10 22:36:33,365 DEBUG loaded <trimesh.Trimesh(vertices.shape=(48, 3), faces.shape=(28, 3))> using `load_obj` in 0.0007s
2024-12-10 22:36:42,396 INFO ==> EMD Loss: 16.463625
2024-12-10 22:36:42,396 INFO ==> Height map loss:  7.267348
2024-12-10 22:36:42,766 DEBUG loaded <trimesh.Trimesh(vertices.shape=(916, 3), faces.shape=(856, 3))> using `load_obj` in 0.0030s
2024-12-10 22:36:42,925 DEBUG loaded <trimesh.Trimesh(vertices.shape=(48, 3), faces.shape=(28, 3))> using `load_obj` in 0.0007s
2024-12-10 22:37:08,744 INFO =====> Skill params: [ 0.46366    -0.65016323 -0.918053   -0.96694475  0.6265405 ]
2024-12-10 22:37:08,744 INFO =====> Grad: [0. 0. 0. 0. 0.]
2024-12-10 22:37:08,744 INFO =====> Num. aborted data so far: 0
2024-12-10 22:37:08,744 INFO ===========> Epoch: 18 optimisation losses
2024-12-10 22:37:08,744 INFO =====> EMD Loss: 16.463629
2024-12-10 22:37:08,744 INFO =====> Height map loss: 7.267231
2024-12-10 22:37:09,138 DEBUG loaded <trimesh.Trimesh(vertices.shape=(916, 3), faces.shape=(856, 3))> using `load_obj` in 0.0031s
2024-12-10 22:37:09,293 DEBUG loaded <trimesh.Trimesh(vertices.shape=(48, 3), faces.shape=(28, 3))> using `load_obj` in 0.0007s
2024-12-10 22:37:18,304 INFO ==> EMD Loss: 16.463612
2024-12-10 22:37:18,304 INFO ==> Height map loss:  7.267295
2024-12-10 22:37:18,691 DEBUG loaded <trimesh.Trimesh(vertices.shape=(916, 3), faces.shape=(856, 3))> using `load_obj` in 0.0030s
2024-12-10 22:37:18,851 DEBUG loaded <trimesh.Trimesh(vertices.shape=(48, 3), faces.shape=(28, 3))> using `load_obj` in 0.0007s
2024-12-10 22:37:27,811 INFO ==> EMD Loss: 16.463604
2024-12-10 22:37:27,811 INFO ==> Height map loss:  7.267282
2024-12-10 22:37:28,176 DEBUG loaded <trimesh.Trimesh(vertices.shape=(916, 3), faces.shape=(856, 3))> using `load_obj` in 0.0030s
2024-12-10 22:37:28,359 DEBUG loaded <trimesh.Trimesh(vertices.shape=(48, 3), faces.shape=(28, 3))> using `load_obj` in 0.0007s
2024-12-10 22:37:37,930 INFO ==> EMD Loss: 16.463566
2024-12-10 22:37:37,930 INFO ==> Height map loss:  7.267247
2024-12-10 22:37:38,296 DEBUG loaded <trimesh.Trimesh(vertices.shape=(916, 3), faces.shape=(856, 3))> using `load_obj` in 0.0030s
2024-12-10 22:37:38,492 DEBUG loaded <trimesh.Trimesh(vertices.shape=(48, 3), faces.shape=(28, 3))> using `load_obj` in 0.0009s
2024-12-10 22:37:47,749 INFO ==> EMD Loss: 16.463587
2024-12-10 22:37:47,749 INFO ==> Height map loss:  7.267314
2024-12-10 22:37:48,191 DEBUG loaded <trimesh.Trimesh(vertices.shape=(916, 3), faces.shape=(856, 3))> using `load_obj` in 0.0040s
2024-12-10 22:37:48,398 DEBUG loaded <trimesh.Trimesh(vertices.shape=(48, 3), faces.shape=(28, 3))> using `load_obj` in 0.0008s
2024-12-10 22:37:58,083 INFO ==> EMD Loss: 16.463591
2024-12-10 22:37:58,083 INFO ==> Height map loss:  7.267320
2024-12-10 22:37:58,513 DEBUG loaded <trimesh.Trimesh(vertices.shape=(916, 3), faces.shape=(856, 3))> using `load_obj` in 0.0039s
2024-12-10 22:37:58,721 DEBUG loaded <trimesh.Trimesh(vertices.shape=(48, 3), faces.shape=(28, 3))> using `load_obj` in 0.0009s
2024-12-10 22:38:24,937 INFO =====> Skill params: [ 0.46366    -0.65016323 -0.918053   -0.96694475  0.6265405 ]
2024-12-10 22:38:24,937 INFO =====> Grad: [0. 0. 0. 0. 0.]
2024-12-10 22:38:24,937 INFO =====> Num. aborted data so far: 0
2024-12-10 22:38:24,938 INFO ===========> Epoch: 19 optimisation losses
2024-12-10 22:38:24,938 INFO =====> EMD Loss: 16.463539
2024-12-10 22:38:24,938 INFO =====> Height map loss: 7.267244
2024-12-10 22:38:25,334 DEBUG loaded <trimesh.Trimesh(vertices.shape=(916, 3), faces.shape=(856, 3))> using `load_obj` in 0.0031s
2024-12-10 22:38:25,490 DEBUG loaded <trimesh.Trimesh(vertices.shape=(48, 3), faces.shape=(28, 3))> using `load_obj` in 0.0007s
2024-12-10 22:38:34,515 INFO ==> EMD Loss: 16.463634
2024-12-10 22:38:34,515 INFO ==> Height map loss:  7.267347
2024-12-10 22:38:34,881 DEBUG loaded <trimesh.Trimesh(vertices.shape=(916, 3), faces.shape=(856, 3))> using `load_obj` in 0.0030s
2024-12-10 22:38:35,044 DEBUG loaded <trimesh.Trimesh(vertices.shape=(48, 3), faces.shape=(28, 3))> using `load_obj` in 0.0007s
2024-12-10 22:38:44,160 INFO ==> EMD Loss: 16.463617
2024-12-10 22:38:44,160 INFO ==> Height map loss:  7.267273
2024-12-10 22:38:44,527 DEBUG loaded <trimesh.Trimesh(vertices.shape=(916, 3), faces.shape=(856, 3))> using `load_obj` in 0.0030s
2024-12-10 22:38:44,688 DEBUG loaded <trimesh.Trimesh(vertices.shape=(48, 3), faces.shape=(28, 3))> using `load_obj` in 0.0007s
2024-12-10 22:38:53,818 INFO ==> EMD Loss: 16.463570
2024-12-10 22:38:53,819 INFO ==> Height map loss:  7.267323
2024-12-10 22:38:54,188 DEBUG loaded <trimesh.Trimesh(vertices.shape=(916, 3), faces.shape=(856, 3))> using `load_obj` in 0.0030s
2024-12-10 22:38:54,351 DEBUG loaded <trimesh.Trimesh(vertices.shape=(48, 3), faces.shape=(28, 3))> using `load_obj` in 0.0007s
2024-12-10 22:39:03,697 INFO ==> EMD Loss: 16.463634
2024-12-10 22:39:03,698 INFO ==> Height map loss:  7.267301
2024-12-10 22:39:04,061 DEBUG loaded <trimesh.Trimesh(vertices.shape=(916, 3), faces.shape=(856, 3))> using `load_obj` in 0.0028s
2024-12-10 22:39:04,218 DEBUG loaded <trimesh.Trimesh(vertices.shape=(48, 3), faces.shape=(28, 3))> using `load_obj` in 0.0007s
2024-12-10 22:39:13,949 INFO ==> EMD Loss: 16.472090
2024-12-10 22:39:13,950 INFO ==> Height map loss:  7.267336
2024-12-10 22:39:14,314 DEBUG loaded <trimesh.Trimesh(vertices.shape=(916, 3), faces.shape=(856, 3))> using `load_obj` in 0.0029s
2024-12-10 22:39:14,472 DEBUG loaded <trimesh.Trimesh(vertices.shape=(48, 3), faces.shape=(28, 3))> using `load_obj` in 0.0007s
2024-12-10 22:39:23,490 INFO ===========> Finished training.
2024-12-10 22:39:23,490 INFO ====> Final EMD Loss: 16.463648
2024-12-10 22:39:23,490 INFO ====> Final Height map loss: 7.267287
2024-12-10 22:39:23,490 INFO ====> Final skill params: [ 0.46366    -0.65016323 -0.918053   -0.96694475  0.6265405 ]
