2024-12-10 16:10:41,093 DEBUG loaded <trimesh.Trimesh(vertices.shape=(916, 3), faces.shape=(856, 3))> using `load_obj` in 0.0029s
2024-12-10 16:10:41,242 DEBUG loaded <trimesh.Trimesh(vertices.shape=(48, 3), faces.shape=(28, 3))> using `load_obj` in 0.0007s
2024-12-10 16:11:02,378 INFO =====> Skill params: [ 0.8861122   0.02265511  0.9524874  -0.83832794  0.21471167]
2024-12-10 16:11:02,378 INFO =====> Grad: [ 1.3238347e+02 -6.9064829e+03 -1.4659508e-07 -9.2790399e+02
  1.0080363e-05]
2024-12-10 16:11:02,378 INFO =====> Num. aborted data so far: 0
2024-12-10 16:11:02,379 INFO ===========> Epoch: 0 optimisation losses
2024-12-10 16:11:02,379 INFO =====> EMD Loss: 20.494768
2024-12-10 16:11:02,379 INFO =====> Height map loss: 8.825472
2024-12-10 16:11:02,788 DEBUG loaded <trimesh.Trimesh(vertices.shape=(916, 3), faces.shape=(856, 3))> using `load_obj` in 0.0031s
2024-12-10 16:11:02,933 DEBUG loaded <trimesh.Trimesh(vertices.shape=(48, 3), faces.shape=(28, 3))> using `load_obj` in 0.0007s
2024-12-10 16:11:10,847 INFO ==> EMD Loss: 20.645782
2024-12-10 16:11:10,848 INFO ==> Height map loss:  9.110638
2024-12-10 16:11:11,225 DEBUG loaded <trimesh.Trimesh(vertices.shape=(916, 3), faces.shape=(856, 3))> using `load_obj` in 0.0029s
2024-12-10 16:11:11,371 DEBUG loaded <trimesh.Trimesh(vertices.shape=(48, 3), faces.shape=(28, 3))> using `load_obj` in 0.0007s
2024-12-10 16:11:18,889 INFO ==> EMD Loss: 21.164370
2024-12-10 16:11:18,889 INFO ==> Height map loss:  10.239119
2024-12-10 16:11:19,266 DEBUG loaded <trimesh.Trimesh(vertices.shape=(916, 3), faces.shape=(856, 3))> using `load_obj` in 0.0029s
2024-12-10 16:11:19,415 DEBUG loaded <trimesh.Trimesh(vertices.shape=(48, 3), faces.shape=(28, 3))> using `load_obj` in 0.0007s
2024-12-10 16:11:27,246 INFO ==> EMD Loss: 21.617216
2024-12-10 16:11:27,246 INFO ==> Height map loss:  10.701838
2024-12-10 16:11:27,661 DEBUG loaded <trimesh.Trimesh(vertices.shape=(916, 3), faces.shape=(856, 3))> using `load_obj` in 0.0029s
2024-12-10 16:11:27,807 DEBUG loaded <trimesh.Trimesh(vertices.shape=(48, 3), faces.shape=(28, 3))> using `load_obj` in 0.0007s
2024-12-10 16:11:35,561 INFO ==> EMD Loss: 22.625170
2024-12-10 16:11:35,562 INFO ==> Height map loss:  12.197783
2024-12-10 16:11:35,935 DEBUG loaded <trimesh.Trimesh(vertices.shape=(916, 3), faces.shape=(856, 3))> using `load_obj` in 0.0029s
2024-12-10 16:11:36,079 DEBUG loaded <trimesh.Trimesh(vertices.shape=(48, 3), faces.shape=(28, 3))> using `load_obj` in 0.0007s
2024-12-10 16:11:43,816 INFO ==> EMD Loss: 23.669035
2024-12-10 16:11:43,816 INFO ==> Height map loss:  13.068062
2024-12-10 16:11:44,194 DEBUG loaded <trimesh.Trimesh(vertices.shape=(916, 3), faces.shape=(856, 3))> using `load_obj` in 0.0029s
2024-12-10 16:11:44,340 DEBUG loaded <trimesh.Trimesh(vertices.shape=(48, 3), faces.shape=(28, 3))> using `load_obj` in 0.0007s
2024-12-10 16:12:05,450 INFO =====> Skill params: [ 0.87662536  0.03214194  0.95249206 -0.8288411   0.21439311]
2024-12-10 16:12:05,450 INFO =====> Grad: [ 1.1356455e+02 -4.8004204e+03  9.0990197e-06 -4.9322620e+01
  3.2366275e-05]
2024-12-10 16:12:05,450 INFO =====> Num. aborted data so far: 0
2024-12-10 16:12:05,451 INFO ===========> Epoch: 1 optimisation losses
2024-12-10 16:12:05,451 INFO =====> EMD Loss: 20.629044
2024-12-10 16:12:05,451 INFO =====> Height map loss: 9.152769
2024-12-10 16:12:05,854 DEBUG loaded <trimesh.Trimesh(vertices.shape=(916, 3), faces.shape=(856, 3))> using `load_obj` in 0.0030s
2024-12-10 16:12:05,999 DEBUG loaded <trimesh.Trimesh(vertices.shape=(48, 3), faces.shape=(28, 3))> using `load_obj` in 0.0007s
2024-12-10 16:12:13,929 INFO ==> EMD Loss: 20.691380
2024-12-10 16:12:13,929 INFO ==> Height map loss:  9.214865
2024-12-10 16:12:14,311 DEBUG loaded <trimesh.Trimesh(vertices.shape=(916, 3), faces.shape=(856, 3))> using `load_obj` in 0.0030s
2024-12-10 16:12:14,458 DEBUG loaded <trimesh.Trimesh(vertices.shape=(48, 3), faces.shape=(28, 3))> using `load_obj` in 0.0007s
2024-12-10 16:12:22,351 INFO ==> EMD Loss: 20.897827
2024-12-10 16:12:22,351 INFO ==> Height map loss:  9.653241
2024-12-10 16:12:22,776 DEBUG loaded <trimesh.Trimesh(vertices.shape=(916, 3), faces.shape=(856, 3))> using `load_obj` in 0.0029s
2024-12-10 16:12:22,921 DEBUG loaded <trimesh.Trimesh(vertices.shape=(48, 3), faces.shape=(28, 3))> using `load_obj` in 0.0007s
2024-12-10 16:12:30,396 INFO ==> EMD Loss: 21.114286
2024-12-10 16:12:30,396 INFO ==> Height map loss:  9.749920
2024-12-10 16:12:30,803 DEBUG loaded <trimesh.Trimesh(vertices.shape=(916, 3), faces.shape=(856, 3))> using `load_obj` in 0.0028s
2024-12-10 16:12:30,949 DEBUG loaded <trimesh.Trimesh(vertices.shape=(48, 3), faces.shape=(28, 3))> using `load_obj` in 0.0007s
2024-12-10 16:12:38,764 INFO ==> EMD Loss: 21.131845
2024-12-10 16:12:38,764 INFO ==> Height map loss:  9.838191
2024-12-10 16:12:39,139 DEBUG loaded <trimesh.Trimesh(vertices.shape=(916, 3), faces.shape=(856, 3))> using `load_obj` in 0.0030s
2024-12-10 16:12:39,285 DEBUG loaded <trimesh.Trimesh(vertices.shape=(48, 3), faces.shape=(28, 3))> using `load_obj` in 0.0007s
2024-12-10 16:12:47,044 INFO ==> EMD Loss: 21.344843
2024-12-10 16:12:47,044 INFO ==> Height map loss:  10.271698
2024-12-10 16:12:47,419 DEBUG loaded <trimesh.Trimesh(vertices.shape=(916, 3), faces.shape=(856, 3))> using `load_obj` in 0.0029s
2024-12-10 16:12:47,565 DEBUG loaded <trimesh.Trimesh(vertices.shape=(48, 3), faces.shape=(28, 3))> using `load_obj` in 0.0007s
2024-12-10 16:13:08,686 INFO =====> Skill params: [ 0.8702625   0.03774874  0.95218897 -0.8283104   0.21332186]
2024-12-10 16:13:08,686 INFO =====> Grad: [-2.3487852e+02  6.8729546e+03  5.7213128e-08 -9.8121786e+00
 -1.2655669e-07]
2024-12-10 16:13:08,686 INFO =====> Num. aborted data so far: 0
2024-12-10 16:13:08,687 INFO ===========> Epoch: 2 optimisation losses
2024-12-10 16:13:08,687 INFO =====> EMD Loss: 20.724155
2024-12-10 16:13:08,687 INFO =====> Height map loss: 9.169474
2024-12-10 16:13:09,092 DEBUG loaded <trimesh.Trimesh(vertices.shape=(916, 3), faces.shape=(856, 3))> using `load_obj` in 0.0029s
2024-12-10 16:13:09,237 DEBUG loaded <trimesh.Trimesh(vertices.shape=(48, 3), faces.shape=(28, 3))> using `load_obj` in 0.0007s
2024-12-10 16:13:17,183 INFO ==> EMD Loss: 20.659624
2024-12-10 16:13:17,183 INFO ==> Height map loss:  9.154722
2024-12-10 16:13:17,562 DEBUG loaded <trimesh.Trimesh(vertices.shape=(916, 3), faces.shape=(856, 3))> using `load_obj` in 0.0029s
2024-12-10 16:13:17,707 DEBUG loaded <trimesh.Trimesh(vertices.shape=(48, 3), faces.shape=(28, 3))> using `load_obj` in 0.0007s
2024-12-10 16:13:25,663 INFO ==> EMD Loss: 20.595961
2024-12-10 16:13:25,663 INFO ==> Height map loss:  8.869053
2024-12-10 16:13:26,040 DEBUG loaded <trimesh.Trimesh(vertices.shape=(916, 3), faces.shape=(856, 3))> using `load_obj` in 0.0029s
2024-12-10 16:13:26,186 DEBUG loaded <trimesh.Trimesh(vertices.shape=(48, 3), faces.shape=(28, 3))> using `load_obj` in 0.0007s
2024-12-10 16:13:33,846 INFO ==> EMD Loss: 20.424726
2024-12-10 16:13:33,846 INFO ==> Height map loss:  8.628631
2024-12-10 16:13:34,221 DEBUG loaded <trimesh.Trimesh(vertices.shape=(916, 3), faces.shape=(856, 3))> using `load_obj` in 0.0029s
2024-12-10 16:13:34,368 DEBUG loaded <trimesh.Trimesh(vertices.shape=(48, 3), faces.shape=(28, 3))> using `load_obj` in 0.0007s
2024-12-10 16:13:42,430 INFO ==> EMD Loss: 20.266542
2024-12-10 16:13:42,430 INFO ==> Height map loss:  8.371029
2024-12-10 16:13:42,813 DEBUG loaded <trimesh.Trimesh(vertices.shape=(916, 3), faces.shape=(856, 3))> using `load_obj` in 0.0029s
2024-12-10 16:13:42,966 DEBUG loaded <trimesh.Trimesh(vertices.shape=(48, 3), faces.shape=(28, 3))> using `load_obj` in 0.0007s
2024-12-10 16:13:51,037 INFO ==> EMD Loss: 20.195528
2024-12-10 16:13:51,037 INFO ==> Height map loss:  8.124238
2024-12-10 16:13:51,414 DEBUG loaded <trimesh.Trimesh(vertices.shape=(916, 3), faces.shape=(856, 3))> using `load_obj` in 0.0029s
2024-12-10 16:13:51,559 DEBUG loaded <trimesh.Trimesh(vertices.shape=(48, 3), faces.shape=(28, 3))> using `load_obj` in 0.0007s
2024-12-10 16:14:13,174 INFO =====> Skill params: [ 1.         -0.08854683  0.9521488  -0.8260847   0.21341017]
2024-12-10 16:14:13,174 INFO =====> Grad: [-4.7908447e+02 -4.3082036e+03  5.5048127e-05  4.6210941e+02
  6.0279308e-06]
2024-12-10 16:14:13,175 INFO =====> Num. aborted data so far: 0
2024-12-10 16:14:13,175 INFO ===========> Epoch: 3 optimisation losses
2024-12-10 16:14:13,175 INFO =====> EMD Loss: 20.187922
2024-12-10 16:14:13,175 INFO =====> Height map loss: 8.123957
2024-12-10 16:14:13,579 DEBUG loaded <trimesh.Trimesh(vertices.shape=(916, 3), faces.shape=(856, 3))> using `load_obj` in 0.0029s
2024-12-10 16:14:13,726 DEBUG loaded <trimesh.Trimesh(vertices.shape=(48, 3), faces.shape=(28, 3))> using `load_obj` in 0.0007s
2024-12-10 16:14:21,781 INFO ==> EMD Loss: 20.175400
2024-12-10 16:14:21,781 INFO ==> Height map loss:  8.109048
2024-12-10 16:14:22,156 DEBUG loaded <trimesh.Trimesh(vertices.shape=(916, 3), faces.shape=(856, 3))> using `load_obj` in 0.0029s
2024-12-10 16:14:22,303 DEBUG loaded <trimesh.Trimesh(vertices.shape=(48, 3), faces.shape=(28, 3))> using `load_obj` in 0.0007s
2024-12-10 16:14:30,368 INFO ==> EMD Loss: 20.195608
2024-12-10 16:14:30,369 INFO ==> Height map loss:  8.112547
2024-12-10 16:14:30,746 DEBUG loaded <trimesh.Trimesh(vertices.shape=(916, 3), faces.shape=(856, 3))> using `load_obj` in 0.0029s
2024-12-10 16:14:30,893 DEBUG loaded <trimesh.Trimesh(vertices.shape=(48, 3), faces.shape=(28, 3))> using `load_obj` in 0.0007s
2024-12-10 16:14:38,528 INFO ==> EMD Loss: 20.209387
2024-12-10 16:14:38,528 INFO ==> Height map loss:  8.016022
2024-12-10 16:14:38,908 DEBUG loaded <trimesh.Trimesh(vertices.shape=(916, 3), faces.shape=(856, 3))> using `load_obj` in 0.0029s
2024-12-10 16:14:39,058 DEBUG loaded <trimesh.Trimesh(vertices.shape=(48, 3), faces.shape=(28, 3))> using `load_obj` in 0.0007s
2024-12-10 16:14:47,086 INFO ==> EMD Loss: 20.193991
2024-12-10 16:14:47,086 INFO ==> Height map loss:  7.943923
2024-12-10 16:14:47,463 DEBUG loaded <trimesh.Trimesh(vertices.shape=(916, 3), faces.shape=(856, 3))> using `load_obj` in 0.0029s
2024-12-10 16:14:47,607 DEBUG loaded <trimesh.Trimesh(vertices.shape=(48, 3), faces.shape=(28, 3))> using `load_obj` in 0.0007s
2024-12-10 16:14:55,651 INFO ==> EMD Loss: 20.147932
2024-12-10 16:14:55,651 INFO ==> Height map loss:  7.899043
2024-12-10 16:14:56,033 DEBUG loaded <trimesh.Trimesh(vertices.shape=(916, 3), faces.shape=(856, 3))> using `load_obj` in 0.0029s
2024-12-10 16:14:56,179 DEBUG loaded <trimesh.Trimesh(vertices.shape=(48, 3), faces.shape=(28, 3))> using `load_obj` in 0.0007s
2024-12-10 16:15:17,682 INFO =====> Skill params: [ 1.         -0.01215971  0.9123069  -0.92156446  0.20897786]
2024-12-10 16:15:17,683 INFO =====> Grad: [-6.5790382e+01 -5.2959458e+03  1.6717879e-05 -1.4368285e+00
 -2.3849525e-05]
2024-12-10 16:15:17,683 INFO =====> Num. aborted data so far: 0
2024-12-10 16:15:17,683 INFO ===========> Epoch: 4 optimisation losses
2024-12-10 16:15:17,684 INFO =====> EMD Loss: 20.133928
2024-12-10 16:15:17,684 INFO =====> Height map loss: 7.898056
2024-12-10 16:15:18,093 DEBUG loaded <trimesh.Trimesh(vertices.shape=(916, 3), faces.shape=(856, 3))> using `load_obj` in 0.0031s
2024-12-10 16:15:18,238 DEBUG loaded <trimesh.Trimesh(vertices.shape=(48, 3), faces.shape=(28, 3))> using `load_obj` in 0.0007s
2024-12-10 16:15:26,289 INFO ==> EMD Loss: 20.147331
2024-12-10 16:15:26,289 INFO ==> Height map loss:  7.930059
2024-12-10 16:15:26,666 DEBUG loaded <trimesh.Trimesh(vertices.shape=(916, 3), faces.shape=(856, 3))> using `load_obj` in 0.0030s
2024-12-10 16:15:26,812 DEBUG loaded <trimesh.Trimesh(vertices.shape=(48, 3), faces.shape=(28, 3))> using `load_obj` in 0.0007s
2024-12-10 16:15:34,860 INFO ==> EMD Loss: 20.183285
2024-12-10 16:15:34,860 INFO ==> Height map loss:  8.061132
2024-12-10 16:15:35,243 DEBUG loaded <trimesh.Trimesh(vertices.shape=(916, 3), faces.shape=(856, 3))> using `load_obj` in 0.0029s
2024-12-10 16:15:35,387 DEBUG loaded <trimesh.Trimesh(vertices.shape=(48, 3), faces.shape=(28, 3))> using `load_obj` in 0.0007s
2024-12-10 16:15:43,022 INFO ==> EMD Loss: 20.262772
2024-12-10 16:15:43,022 INFO ==> Height map loss:  8.092750
2024-12-10 16:15:43,397 DEBUG loaded <trimesh.Trimesh(vertices.shape=(916, 3), faces.shape=(856, 3))> using `load_obj` in 0.0029s
2024-12-10 16:15:43,542 DEBUG loaded <trimesh.Trimesh(vertices.shape=(48, 3), faces.shape=(28, 3))> using `load_obj` in 0.0007s
2024-12-10 16:15:51,578 INFO ==> EMD Loss: 20.329432
2024-12-10 16:15:51,578 INFO ==> Height map loss:  8.239637
2024-12-10 16:15:51,956 DEBUG loaded <trimesh.Trimesh(vertices.shape=(916, 3), faces.shape=(856, 3))> using `load_obj` in 0.0028s
2024-12-10 16:15:52,100 DEBUG loaded <trimesh.Trimesh(vertices.shape=(48, 3), faces.shape=(28, 3))> using `load_obj` in 0.0007s
2024-12-10 16:16:00,159 INFO ==> EMD Loss: 20.394264
2024-12-10 16:16:00,160 INFO ==> Height map loss:  8.420963
2024-12-10 16:16:00,544 DEBUG loaded <trimesh.Trimesh(vertices.shape=(916, 3), faces.shape=(856, 3))> using `load_obj` in 0.0029s
2024-12-10 16:16:00,690 DEBUG loaded <trimesh.Trimesh(vertices.shape=(48, 3), faces.shape=(28, 3))> using `load_obj` in 0.0007s
2024-12-10 16:16:22,197 INFO =====> Skill params: [ 1.         -0.00777189  0.9116706  -0.9215488   0.20989776]
2024-12-10 16:16:22,197 INFO =====> Grad: [-4.2049984e+01 -5.2013804e+03 -5.2669948e-06  5.2696381e+01
  1.2671098e-06]
2024-12-10 16:16:22,197 INFO =====> Num. aborted data so far: 0
2024-12-10 16:16:22,198 INFO ===========> Epoch: 5 optimisation losses
2024-12-10 16:16:22,198 INFO =====> EMD Loss: 20.144846
2024-12-10 16:16:22,198 INFO =====> Height map loss: 7.931353
2024-12-10 16:16:22,601 DEBUG loaded <trimesh.Trimesh(vertices.shape=(916, 3), faces.shape=(856, 3))> using `load_obj` in 0.0030s
2024-12-10 16:16:22,745 DEBUG loaded <trimesh.Trimesh(vertices.shape=(48, 3), faces.shape=(28, 3))> using `load_obj` in 0.0007s
2024-12-10 16:16:30,768 INFO ==> EMD Loss: 20.176344
2024-12-10 16:16:30,768 INFO ==> Height map loss:  7.970734
2024-12-10 16:16:31,144 DEBUG loaded <trimesh.Trimesh(vertices.shape=(916, 3), faces.shape=(856, 3))> using `load_obj` in 0.0029s
2024-12-10 16:16:31,290 DEBUG loaded <trimesh.Trimesh(vertices.shape=(48, 3), faces.shape=(28, 3))> using `load_obj` in 0.0007s
2024-12-10 16:16:39,313 INFO ==> EMD Loss: 20.367689
2024-12-10 16:16:39,313 INFO ==> Height map loss:  8.084700
2024-12-10 16:16:39,716 DEBUG loaded <trimesh.Trimesh(vertices.shape=(916, 3), faces.shape=(856, 3))> using `load_obj` in 0.0029s
2024-12-10 16:16:39,862 DEBUG loaded <trimesh.Trimesh(vertices.shape=(48, 3), faces.shape=(28, 3))> using `load_obj` in 0.0007s
2024-12-10 16:16:47,504 INFO ==> EMD Loss: 20.251680
2024-12-10 16:16:47,504 INFO ==> Height map loss:  8.092834
2024-12-10 16:16:47,882 DEBUG loaded <trimesh.Trimesh(vertices.shape=(916, 3), faces.shape=(856, 3))> using `load_obj` in 0.0029s
2024-12-10 16:16:48,027 DEBUG loaded <trimesh.Trimesh(vertices.shape=(48, 3), faces.shape=(28, 3))> using `load_obj` in 0.0007s
2024-12-10 16:16:56,060 INFO ==> EMD Loss: 20.332462
2024-12-10 16:16:56,060 INFO ==> Height map loss:  8.170590
2024-12-10 16:16:56,436 DEBUG loaded <trimesh.Trimesh(vertices.shape=(916, 3), faces.shape=(856, 3))> using `load_obj` in 0.0029s
2024-12-10 16:16:56,582 DEBUG loaded <trimesh.Trimesh(vertices.shape=(48, 3), faces.shape=(28, 3))> using `load_obj` in 0.0007s
2024-12-10 16:17:04,630 INFO ==> EMD Loss: 20.311630
2024-12-10 16:17:04,630 INFO ==> Height map loss:  8.267699
2024-12-10 16:17:05,045 DEBUG loaded <trimesh.Trimesh(vertices.shape=(916, 3), faces.shape=(856, 3))> using `load_obj` in 0.0029s
2024-12-10 16:17:05,190 DEBUG loaded <trimesh.Trimesh(vertices.shape=(48, 3), faces.shape=(28, 3))> using `load_obj` in 0.0007s
2024-12-10 16:17:26,703 INFO =====> Skill params: [ 1.         -0.00367478  0.91188186 -0.92215246  0.20984624]
2024-12-10 16:17:26,703 INFO =====> Grad: [-1.2718468e+01 -3.4606501e+03 -1.4535744e-06 -4.0987299e+02
 -3.8029026e-05]
2024-12-10 16:17:26,703 INFO =====> Num. aborted data so far: 0
2024-12-10 16:17:26,704 INFO ===========> Epoch: 6 optimisation losses
2024-12-10 16:17:26,704 INFO =====> EMD Loss: 20.166821
2024-12-10 16:17:26,704 INFO =====> Height map loss: 7.954904
2024-12-10 16:17:27,108 DEBUG loaded <trimesh.Trimesh(vertices.shape=(916, 3), faces.shape=(856, 3))> using `load_obj` in 0.0031s
2024-12-10 16:17:27,251 DEBUG loaded <trimesh.Trimesh(vertices.shape=(48, 3), faces.shape=(28, 3))> using `load_obj` in 0.0007s
2024-12-10 16:17:35,302 INFO ==> EMD Loss: 20.170185
2024-12-10 16:17:35,302 INFO ==> Height map loss:  8.000496
2024-12-10 16:17:35,740 DEBUG loaded <trimesh.Trimesh(vertices.shape=(916, 3), faces.shape=(856, 3))> using `load_obj` in 0.0030s
2024-12-10 16:17:35,887 DEBUG loaded <trimesh.Trimesh(vertices.shape=(48, 3), faces.shape=(28, 3))> using `load_obj` in 0.0007s
2024-12-10 16:17:43,913 INFO ==> EMD Loss: 20.376633
2024-12-10 16:17:43,913 INFO ==> Height map loss:  8.178628
2024-12-10 16:17:44,290 DEBUG loaded <trimesh.Trimesh(vertices.shape=(916, 3), faces.shape=(856, 3))> using `load_obj` in 0.0028s
2024-12-10 16:17:44,437 DEBUG loaded <trimesh.Trimesh(vertices.shape=(48, 3), faces.shape=(28, 3))> using `load_obj` in 0.0007s
2024-12-10 16:17:52,135 INFO ==> EMD Loss: 20.828604
2024-12-10 16:17:52,135 INFO ==> Height map loss:  8.439776
2024-12-10 16:17:52,513 DEBUG loaded <trimesh.Trimesh(vertices.shape=(916, 3), faces.shape=(856, 3))> using `load_obj` in 0.0029s
2024-12-10 16:17:52,658 DEBUG loaded <trimesh.Trimesh(vertices.shape=(48, 3), faces.shape=(28, 3))> using `load_obj` in 0.0007s
2024-12-10 16:18:00,721 INFO ==> EMD Loss: 20.423597
2024-12-10 16:18:00,721 INFO ==> Height map loss:  8.593438
2024-12-10 16:18:01,101 DEBUG loaded <trimesh.Trimesh(vertices.shape=(916, 3), faces.shape=(856, 3))> using `load_obj` in 0.0029s
2024-12-10 16:18:01,244 DEBUG loaded <trimesh.Trimesh(vertices.shape=(48, 3), faces.shape=(28, 3))> using `load_obj` in 0.0007s
2024-12-10 16:18:09,320 INFO ==> EMD Loss: 20.554207
2024-12-10 16:18:09,320 INFO ==> Height map loss:  8.829722
2024-12-10 16:18:09,695 DEBUG loaded <trimesh.Trimesh(vertices.shape=(916, 3), faces.shape=(856, 3))> using `load_obj` in 0.0029s
2024-12-10 16:18:09,839 DEBUG loaded <trimesh.Trimesh(vertices.shape=(48, 3), faces.shape=(28, 3))> using `load_obj` in 0.0007s
2024-12-10 16:18:31,306 INFO =====> Skill params: [ 1.0000000e+00 -9.2475675e-04  9.1194332e-01 -9.1776443e-01
  2.1145244e-01]
2024-12-10 16:18:31,306 INFO =====> Grad: [-5.0034194e+00 -5.2452861e+03 -3.0968618e-05  3.6399042e+02
 -9.0936606e-05]
2024-12-10 16:18:31,306 INFO =====> Num. aborted data so far: 0
2024-12-10 16:18:31,307 INFO ===========> Epoch: 7 optimisation losses
2024-12-10 16:18:31,307 INFO =====> EMD Loss: 20.169933
2024-12-10 16:18:31,307 INFO =====> Height map loss: 8.002341
2024-12-10 16:18:31,710 DEBUG loaded <trimesh.Trimesh(vertices.shape=(916, 3), faces.shape=(856, 3))> using `load_obj` in 0.0031s
2024-12-10 16:18:31,859 DEBUG loaded <trimesh.Trimesh(vertices.shape=(48, 3), faces.shape=(28, 3))> using `load_obj` in 0.0007s
2024-12-10 16:18:39,898 INFO ==> EMD Loss: 20.202684
2024-12-10 16:18:39,898 INFO ==> Height map loss:  8.021930
2024-12-10 16:18:40,277 DEBUG loaded <trimesh.Trimesh(vertices.shape=(916, 3), faces.shape=(856, 3))> using `load_obj` in 0.0029s
2024-12-10 16:18:40,423 DEBUG loaded <trimesh.Trimesh(vertices.shape=(48, 3), faces.shape=(28, 3))> using `load_obj` in 0.0007s
2024-12-10 16:18:48,101 INFO ==> EMD Loss: 20.449308
2024-12-10 16:18:48,101 INFO ==> Height map loss:  8.069489
2024-12-10 16:18:48,479 DEBUG loaded <trimesh.Trimesh(vertices.shape=(916, 3), faces.shape=(856, 3))> using `load_obj` in 0.0030s
2024-12-10 16:18:48,625 DEBUG loaded <trimesh.Trimesh(vertices.shape=(48, 3), faces.shape=(28, 3))> using `load_obj` in 0.0007s
2024-12-10 16:18:56,710 INFO ==> EMD Loss: 20.200342
2024-12-10 16:18:56,710 INFO ==> Height map loss:  8.009103
2024-12-10 16:18:57,087 DEBUG loaded <trimesh.Trimesh(vertices.shape=(916, 3), faces.shape=(856, 3))> using `load_obj` in 0.0029s
2024-12-10 16:18:57,234 DEBUG loaded <trimesh.Trimesh(vertices.shape=(48, 3), faces.shape=(28, 3))> using `load_obj` in 0.0007s
2024-12-10 16:19:05,322 INFO ==> EMD Loss: 20.227962
2024-12-10 16:19:05,322 INFO ==> Height map loss:  7.988016
2024-12-10 16:19:05,698 DEBUG loaded <trimesh.Trimesh(vertices.shape=(916, 3), faces.shape=(856, 3))> using `load_obj` in 0.0029s
2024-12-10 16:19:05,843 DEBUG loaded <trimesh.Trimesh(vertices.shape=(48, 3), faces.shape=(28, 3))> using `load_obj` in 0.0007s
2024-12-10 16:19:13,588 INFO ==> EMD Loss: 20.357939
2024-12-10 16:19:13,588 INFO ==> Height map loss:  8.184252
2024-12-10 16:19:13,967 DEBUG loaded <trimesh.Trimesh(vertices.shape=(916, 3), faces.shape=(856, 3))> using `load_obj` in 0.0029s
2024-12-10 16:19:14,119 DEBUG loaded <trimesh.Trimesh(vertices.shape=(48, 3), faces.shape=(28, 3))> using `load_obj` in 0.0007s
2024-12-10 16:19:36,211 INFO =====> Skill params: [ 1.          0.05887792  0.9324285  -0.9743059   0.26730654]
2024-12-10 16:19:36,211 INFO =====> Grad: [-3.1856021e+02  5.1221240e+03  3.0968757e-05 -3.4452515e+02
 -4.2377429e-05]
2024-12-10 16:19:36,211 INFO =====> Num. aborted data so far: 0
2024-12-10 16:19:36,212 INFO ===========> Epoch: 8 optimisation losses
2024-12-10 16:19:36,212 INFO =====> EMD Loss: 20.226469
2024-12-10 16:19:36,212 INFO =====> Height map loss: 7.988246
2024-12-10 16:19:36,628 DEBUG loaded <trimesh.Trimesh(vertices.shape=(916, 3), faces.shape=(856, 3))> using `load_obj` in 0.0030s
2024-12-10 16:19:36,778 DEBUG loaded <trimesh.Trimesh(vertices.shape=(48, 3), faces.shape=(28, 3))> using `load_obj` in 0.0007s
2024-12-10 16:19:44,488 INFO ==> EMD Loss: 20.190018
2024-12-10 16:19:44,488 INFO ==> Height map loss:  7.984951
2024-12-10 16:19:44,866 DEBUG loaded <trimesh.Trimesh(vertices.shape=(916, 3), faces.shape=(856, 3))> using `load_obj` in 0.0028s
2024-12-10 16:19:45,011 DEBUG loaded <trimesh.Trimesh(vertices.shape=(48, 3), faces.shape=(28, 3))> using `load_obj` in 0.0007s
2024-12-10 16:19:53,105 INFO ==> EMD Loss: 20.196434
2024-12-10 16:19:53,105 INFO ==> Height map loss:  8.005663
2024-12-10 16:19:53,478 DEBUG loaded <trimesh.Trimesh(vertices.shape=(916, 3), faces.shape=(856, 3))> using `load_obj` in 0.0029s
2024-12-10 16:19:53,626 DEBUG loaded <trimesh.Trimesh(vertices.shape=(48, 3), faces.shape=(28, 3))> using `load_obj` in 0.0007s
2024-12-10 16:20:01,720 INFO ==> EMD Loss: 20.595078
2024-12-10 16:20:01,720 INFO ==> Height map loss:  8.022839
2024-12-10 16:20:02,102 DEBUG loaded <trimesh.Trimesh(vertices.shape=(916, 3), faces.shape=(856, 3))> using `load_obj` in 0.0029s
2024-12-10 16:20:02,251 DEBUG loaded <trimesh.Trimesh(vertices.shape=(48, 3), faces.shape=(28, 3))> using `load_obj` in 0.0007s
2024-12-10 16:20:10,365 INFO ==> EMD Loss: 20.157156
2024-12-10 16:20:10,366 INFO ==> Height map loss:  8.010272
2024-12-10 16:20:10,742 DEBUG loaded <trimesh.Trimesh(vertices.shape=(916, 3), faces.shape=(856, 3))> using `load_obj` in 0.0030s
2024-12-10 16:20:10,891 DEBUG loaded <trimesh.Trimesh(vertices.shape=(48, 3), faces.shape=(28, 3))> using `load_obj` in 0.0007s
2024-12-10 16:20:18,661 INFO ==> EMD Loss: 20.159782
2024-12-10 16:20:18,661 INFO ==> Height map loss:  7.982742
2024-12-10 16:20:19,047 DEBUG loaded <trimesh.Trimesh(vertices.shape=(916, 3), faces.shape=(856, 3))> using `load_obj` in 0.0029s
2024-12-10 16:20:19,194 DEBUG loaded <trimesh.Trimesh(vertices.shape=(48, 3), faces.shape=(28, 3))> using `load_obj` in 0.0007s
2024-12-10 16:20:41,477 INFO =====> Skill params: [ 1.         -0.01645251  0.9039635  -0.90438294  0.3032267 ]
2024-12-10 16:20:41,477 INFO =====> Grad: [-2.3842596e+01 -1.5994337e+03  6.0869443e-06 -3.4989868e+02
 -6.0047751e-07]
2024-12-10 16:20:41,477 INFO =====> Num. aborted data so far: 0
2024-12-10 16:20:41,478 INFO ===========> Epoch: 9 optimisation losses
2024-12-10 16:20:41,478 INFO =====> EMD Loss: 20.155489
2024-12-10 16:20:41,478 INFO =====> Height map loss: 7.976467
2024-12-10 16:20:41,885 DEBUG loaded <trimesh.Trimesh(vertices.shape=(916, 3), faces.shape=(856, 3))> using `load_obj` in 0.0030s
2024-12-10 16:20:42,038 DEBUG loaded <trimesh.Trimesh(vertices.shape=(48, 3), faces.shape=(28, 3))> using `load_obj` in 0.0007s
2024-12-10 16:20:49,763 INFO ==> EMD Loss: 20.176445
2024-12-10 16:20:49,764 INFO ==> Height map loss:  7.997282
2024-12-10 16:20:50,145 DEBUG loaded <trimesh.Trimesh(vertices.shape=(916, 3), faces.shape=(856, 3))> using `load_obj` in 0.0029s
2024-12-10 16:20:50,294 DEBUG loaded <trimesh.Trimesh(vertices.shape=(48, 3), faces.shape=(28, 3))> using `load_obj` in 0.0007s
2024-12-10 16:20:58,444 INFO ==> EMD Loss: 20.238199
2024-12-10 16:20:58,444 INFO ==> Height map loss:  8.081123
2024-12-10 16:20:58,826 DEBUG loaded <trimesh.Trimesh(vertices.shape=(916, 3), faces.shape=(856, 3))> using `load_obj` in 0.0029s
2024-12-10 16:20:58,971 DEBUG loaded <trimesh.Trimesh(vertices.shape=(48, 3), faces.shape=(28, 3))> using `load_obj` in 0.0007s
2024-12-10 16:21:07,116 INFO ==> EMD Loss: 20.242340
2024-12-10 16:21:07,116 INFO ==> Height map loss:  8.235851
2024-12-10 16:21:07,495 DEBUG loaded <trimesh.Trimesh(vertices.shape=(916, 3), faces.shape=(856, 3))> using `load_obj` in 0.0029s
2024-12-10 16:21:07,645 DEBUG loaded <trimesh.Trimesh(vertices.shape=(48, 3), faces.shape=(28, 3))> using `load_obj` in 0.0007s
2024-12-10 16:21:15,419 INFO ==> EMD Loss: 20.346193
2024-12-10 16:21:15,419 INFO ==> Height map loss:  8.433367
2024-12-10 16:21:15,795 DEBUG loaded <trimesh.Trimesh(vertices.shape=(916, 3), faces.shape=(856, 3))> using `load_obj` in 0.0028s
2024-12-10 16:21:15,942 DEBUG loaded <trimesh.Trimesh(vertices.shape=(48, 3), faces.shape=(28, 3))> using `load_obj` in 0.0007s
2024-12-10 16:21:24,070 INFO ==> EMD Loss: 20.607887
2024-12-10 16:21:24,070 INFO ==> Height map loss:  8.606825
2024-12-10 16:21:24,452 DEBUG loaded <trimesh.Trimesh(vertices.shape=(916, 3), faces.shape=(856, 3))> using `load_obj` in 0.0030s
2024-12-10 16:21:24,605 DEBUG loaded <trimesh.Trimesh(vertices.shape=(48, 3), faces.shape=(28, 3))> using `load_obj` in 0.0007s
2024-12-10 16:21:46,481 INFO =====> Skill params: [ 1.         -0.01522321  0.90366876 -0.9009014   0.30325353]
2024-12-10 16:21:46,481 INFO =====> Grad: [-6.9669716e+01 -4.2273286e+03 -1.6803677e-05 -1.0629216e+02
 -2.3644427e-05]
2024-12-10 16:21:46,481 INFO =====> Num. aborted data so far: 0
2024-12-10 16:21:46,483 INFO ===========> Epoch: 10 optimisation losses
2024-12-10 16:21:46,483 INFO =====> EMD Loss: 20.176344
2024-12-10 16:21:46,483 INFO =====> Height map loss: 7.996681
2024-12-10 16:21:46,895 DEBUG loaded <trimesh.Trimesh(vertices.shape=(916, 3), faces.shape=(856, 3))> using `load_obj` in 0.0031s
2024-12-10 16:21:47,043 DEBUG loaded <trimesh.Trimesh(vertices.shape=(48, 3), faces.shape=(28, 3))> using `load_obj` in 0.0007s
2024-12-10 16:21:55,189 INFO ==> EMD Loss: 20.156174
2024-12-10 16:21:55,189 INFO ==> Height map loss:  8.025360
2024-12-10 16:21:55,571 DEBUG loaded <trimesh.Trimesh(vertices.shape=(916, 3), faces.shape=(856, 3))> using `load_obj` in 0.0030s
2024-12-10 16:21:55,721 DEBUG loaded <trimesh.Trimesh(vertices.shape=(48, 3), faces.shape=(28, 3))> using `load_obj` in 0.0007s
2024-12-10 16:22:03,893 INFO ==> EMD Loss: 20.237780
2024-12-10 16:22:03,893 INFO ==> Height map loss:  8.133601
2024-12-10 16:22:04,276 DEBUG loaded <trimesh.Trimesh(vertices.shape=(916, 3), faces.shape=(856, 3))> using `load_obj` in 0.0029s
2024-12-10 16:22:04,422 DEBUG loaded <trimesh.Trimesh(vertices.shape=(48, 3), faces.shape=(28, 3))> using `load_obj` in 0.0007s
2024-12-10 16:22:12,152 INFO ==> EMD Loss: 20.401358
2024-12-10 16:22:12,152 INFO ==> Height map loss:  8.298198
2024-12-10 16:22:12,527 DEBUG loaded <trimesh.Trimesh(vertices.shape=(916, 3), faces.shape=(856, 3))> using `load_obj` in 0.0028s
2024-12-10 16:22:12,673 DEBUG loaded <trimesh.Trimesh(vertices.shape=(48, 3), faces.shape=(28, 3))> using `load_obj` in 0.0007s
2024-12-10 16:22:20,820 INFO ==> EMD Loss: 20.340471
2024-12-10 16:22:20,820 INFO ==> Height map loss:  8.400851
2024-12-10 16:22:21,196 DEBUG loaded <trimesh.Trimesh(vertices.shape=(916, 3), faces.shape=(856, 3))> using `load_obj` in 0.0029s
2024-12-10 16:22:21,342 DEBUG loaded <trimesh.Trimesh(vertices.shape=(48, 3), faces.shape=(28, 3))> using `load_obj` in 0.0007s
2024-12-10 16:22:29,469 INFO ==> EMD Loss: 20.386244
2024-12-10 16:22:29,469 INFO ==> Height map loss:  8.463860
2024-12-10 16:22:29,848 DEBUG loaded <trimesh.Trimesh(vertices.shape=(916, 3), faces.shape=(856, 3))> using `load_obj` in 0.0030s
2024-12-10 16:22:30,000 DEBUG loaded <trimesh.Trimesh(vertices.shape=(48, 3), faces.shape=(28, 3))> using `load_obj` in 0.0007s
2024-12-10 16:22:51,841 INFO =====> Skill params: [ 1.         -0.01200188  0.9045229  -0.89979416  0.30435935]
2024-12-10 16:22:51,841 INFO =====> Grad: [5.4261494e+01 4.5276172e+03 1.1816301e-05 1.0255831e+03 8.6894424e-06]
2024-12-10 16:22:51,841 INFO =====> Num. aborted data so far: 0
2024-12-10 16:22:51,841 INFO ===========> Epoch: 11 optimisation losses
2024-12-10 16:22:51,841 INFO =====> EMD Loss: 20.173872
2024-12-10 16:22:51,841 INFO =====> Height map loss: 8.041168
2024-12-10 16:22:52,249 DEBUG loaded <trimesh.Trimesh(vertices.shape=(916, 3), faces.shape=(856, 3))> using `load_obj` in 0.0030s
2024-12-10 16:22:52,403 DEBUG loaded <trimesh.Trimesh(vertices.shape=(48, 3), faces.shape=(28, 3))> using `load_obj` in 0.0007s
2024-12-10 16:23:00,524 INFO ==> EMD Loss: 20.147856
2024-12-10 16:23:00,524 INFO ==> Height map loss:  7.968640
2024-12-10 16:23:00,904 DEBUG loaded <trimesh.Trimesh(vertices.shape=(916, 3), faces.shape=(856, 3))> using `load_obj` in 0.0030s
2024-12-10 16:23:01,054 DEBUG loaded <trimesh.Trimesh(vertices.shape=(48, 3), faces.shape=(28, 3))> using `load_obj` in 0.0007s
2024-12-10 16:23:08,814 INFO ==> EMD Loss: 20.105112
2024-12-10 16:23:08,814 INFO ==> Height map loss:  7.786294
2024-12-10 16:23:09,199 DEBUG loaded <trimesh.Trimesh(vertices.shape=(916, 3), faces.shape=(856, 3))> using `load_obj` in 0.0028s
2024-12-10 16:23:09,349 DEBUG loaded <trimesh.Trimesh(vertices.shape=(48, 3), faces.shape=(28, 3))> using `load_obj` in 0.0007s
2024-12-10 16:23:17,509 INFO ==> EMD Loss: 20.042950
2024-12-10 16:23:17,509 INFO ==> Height map loss:  7.571862
2024-12-10 16:23:17,886 DEBUG loaded <trimesh.Trimesh(vertices.shape=(916, 3), faces.shape=(856, 3))> using `load_obj` in 0.0029s
2024-12-10 16:23:18,036 DEBUG loaded <trimesh.Trimesh(vertices.shape=(48, 3), faces.shape=(28, 3))> using `load_obj` in 0.0007s
2024-12-10 16:23:26,167 INFO ==> EMD Loss: 20.136068
2024-12-10 16:23:26,167 INFO ==> Height map loss:  7.455811
2024-12-10 16:23:26,587 DEBUG loaded <trimesh.Trimesh(vertices.shape=(916, 3), faces.shape=(856, 3))> using `load_obj` in 0.0030s
2024-12-10 16:23:26,733 DEBUG loaded <trimesh.Trimesh(vertices.shape=(48, 3), faces.shape=(28, 3))> using `load_obj` in 0.0007s
2024-12-10 16:23:34,890 INFO ==> EMD Loss: 20.124723
2024-12-10 16:23:34,890 INFO ==> Height map loss:  7.377150
2024-12-10 16:23:35,270 DEBUG loaded <trimesh.Trimesh(vertices.shape=(916, 3), faces.shape=(856, 3))> using `load_obj` in 0.0028s
2024-12-10 16:23:35,418 DEBUG loaded <trimesh.Trimesh(vertices.shape=(48, 3), faces.shape=(28, 3))> using `load_obj` in 0.0007s
2024-12-10 16:23:57,174 INFO =====> Skill params: [ 0.97779876 -0.07991812  0.8918886  -1.          0.2958007 ]
2024-12-10 16:23:57,174 INFO =====> Grad: [4.3766815e+02 4.0900344e+03 9.0654048e-06 2.8460989e+02 1.2611563e-05]
2024-12-10 16:23:57,175 INFO =====> Num. aborted data so far: 0
2024-12-10 16:23:57,176 INFO ===========> Epoch: 12 optimisation losses
2024-12-10 16:23:57,176 INFO =====> EMD Loss: 20.125210
2024-12-10 16:23:57,176 INFO =====> Height map loss: 7.377229
2024-12-10 16:23:57,669 DEBUG loaded <trimesh.Trimesh(vertices.shape=(916, 3), faces.shape=(856, 3))> using `load_obj` in 0.0030s
2024-12-10 16:23:57,814 DEBUG loaded <trimesh.Trimesh(vertices.shape=(48, 3), faces.shape=(28, 3))> using `load_obj` in 0.0007s
2024-12-10 16:24:05,555 INFO ==> EMD Loss: 20.128761
2024-12-10 16:24:05,555 INFO ==> Height map loss:  7.365443
2024-12-10 16:24:05,943 DEBUG loaded <trimesh.Trimesh(vertices.shape=(916, 3), faces.shape=(856, 3))> using `load_obj` in 0.0029s
2024-12-10 16:24:06,091 DEBUG loaded <trimesh.Trimesh(vertices.shape=(48, 3), faces.shape=(28, 3))> using `load_obj` in 0.0007s
2024-12-10 16:24:14,192 INFO ==> EMD Loss: 20.105097
2024-12-10 16:24:14,192 INFO ==> Height map loss:  7.281075
2024-12-10 16:24:14,579 DEBUG loaded <trimesh.Trimesh(vertices.shape=(916, 3), faces.shape=(856, 3))> using `load_obj` in 0.0031s
2024-12-10 16:24:14,731 DEBUG loaded <trimesh.Trimesh(vertices.shape=(48, 3), faces.shape=(28, 3))> using `load_obj` in 0.0007s
2024-12-10 16:24:22,806 INFO ==> EMD Loss: 20.266329
2024-12-10 16:24:22,806 INFO ==> Height map loss:  7.253115
2024-12-10 16:24:23,184 DEBUG loaded <trimesh.Trimesh(vertices.shape=(916, 3), faces.shape=(856, 3))> using `load_obj` in 0.0029s
2024-12-10 16:24:23,333 DEBUG loaded <trimesh.Trimesh(vertices.shape=(48, 3), faces.shape=(28, 3))> using `load_obj` in 0.0007s
2024-12-10 16:24:31,433 INFO ==> EMD Loss: 20.243183
2024-12-10 16:24:31,433 INFO ==> Height map loss:  7.253042
2024-12-10 16:24:31,814 DEBUG loaded <trimesh.Trimesh(vertices.shape=(916, 3), faces.shape=(856, 3))> using `load_obj` in 0.0029s
2024-12-10 16:24:31,964 DEBUG loaded <trimesh.Trimesh(vertices.shape=(48, 3), faces.shape=(28, 3))> using `load_obj` in 0.0007s
2024-12-10 16:24:39,585 INFO ==> EMD Loss: 20.157837
2024-12-10 16:24:39,585 INFO ==> Height map loss:  7.129041
2024-12-10 16:24:39,967 DEBUG loaded <trimesh.Trimesh(vertices.shape=(916, 3), faces.shape=(856, 3))> using `load_obj` in 0.0029s
2024-12-10 16:24:40,115 DEBUG loaded <trimesh.Trimesh(vertices.shape=(48, 3), faces.shape=(28, 3))> using `load_obj` in 0.0007s
2024-12-10 16:25:01,361 INFO =====> Skill params: [ 0.8439814  -0.14113107  0.8816862  -1.          0.28273818]
2024-12-10 16:25:01,361 INFO =====> Grad: [-8.9909918e+02 -2.5186858e+03 -8.6498167e-06 -8.3353436e+02
 -5.8538135e-05]
2024-12-10 16:25:01,361 INFO =====> Num. aborted data so far: 0
2024-12-10 16:25:01,362 INFO ===========> Epoch: 13 optimisation losses
2024-12-10 16:25:01,362 INFO =====> EMD Loss: 20.157705
2024-12-10 16:25:01,362 INFO =====> Height map loss: 7.128922
2024-12-10 16:25:01,776 DEBUG loaded <trimesh.Trimesh(vertices.shape=(916, 3), faces.shape=(856, 3))> using `load_obj` in 0.0029s
2024-12-10 16:25:01,922 DEBUG loaded <trimesh.Trimesh(vertices.shape=(48, 3), faces.shape=(28, 3))> using `load_obj` in 0.0007s
2024-12-10 16:25:09,942 INFO ==> EMD Loss: 20.079508
2024-12-10 16:25:09,942 INFO ==> Height map loss:  7.192561
2024-12-10 16:25:10,326 DEBUG loaded <trimesh.Trimesh(vertices.shape=(916, 3), faces.shape=(856, 3))> using `load_obj` in 0.0031s
2024-12-10 16:25:10,478 DEBUG loaded <trimesh.Trimesh(vertices.shape=(48, 3), faces.shape=(28, 3))> using `load_obj` in 0.0007s
2024-12-10 16:25:18,523 INFO ==> EMD Loss: 20.056437
2024-12-10 16:25:18,523 INFO ==> Height map loss:  7.323272
2024-12-10 16:25:18,902 DEBUG loaded <trimesh.Trimesh(vertices.shape=(916, 3), faces.shape=(856, 3))> using `load_obj` in 0.0030s
2024-12-10 16:25:19,049 DEBUG loaded <trimesh.Trimesh(vertices.shape=(48, 3), faces.shape=(28, 3))> using `load_obj` in 0.0007s
2024-12-10 16:25:27,182 INFO ==> EMD Loss: 20.275438
2024-12-10 16:25:27,182 INFO ==> Height map loss:  7.369518
2024-12-10 16:25:27,560 DEBUG loaded <trimesh.Trimesh(vertices.shape=(916, 3), faces.shape=(856, 3))> using `load_obj` in 0.0029s
2024-12-10 16:25:27,706 DEBUG loaded <trimesh.Trimesh(vertices.shape=(48, 3), faces.shape=(28, 3))> using `load_obj` in 0.0007s
2024-12-10 16:25:35,454 INFO ==> EMD Loss: 20.311056
2024-12-10 16:25:35,454 INFO ==> Height map loss:  7.475607
2024-12-10 16:25:35,830 DEBUG loaded <trimesh.Trimesh(vertices.shape=(916, 3), faces.shape=(856, 3))> using `load_obj` in 0.0030s
2024-12-10 16:25:35,975 DEBUG loaded <trimesh.Trimesh(vertices.shape=(48, 3), faces.shape=(28, 3))> using `load_obj` in 0.0007s
2024-12-10 16:25:44,182 INFO ==> EMD Loss: 20.403784
2024-12-10 16:25:44,182 INFO ==> Height map loss:  7.612083
2024-12-10 16:25:44,632 DEBUG loaded <trimesh.Trimesh(vertices.shape=(916, 3), faces.shape=(856, 3))> using `load_obj` in 0.0029s
2024-12-10 16:25:44,777 DEBUG loaded <trimesh.Trimesh(vertices.shape=(48, 3), faces.shape=(28, 3))> using `load_obj` in 0.0007s
2024-12-10 16:26:06,028 INFO =====> Skill params: [ 0.85191816 -0.13918653  0.8821985  -0.99469787  0.28576648]
2024-12-10 16:26:06,029 INFO =====> Grad: [-2.5633951e+02  2.2194136e+02 -3.4891946e-07 -2.3912880e+02
 -5.2255696e-06]
2024-12-10 16:26:06,029 INFO =====> Num. aborted data so far: 0
2024-12-10 16:26:06,029 INFO ===========> Epoch: 14 optimisation losses
2024-12-10 16:26:06,029 INFO =====> EMD Loss: 20.076530
2024-12-10 16:26:06,029 INFO =====> Height map loss: 7.192047
2024-12-10 16:26:06,453 DEBUG loaded <trimesh.Trimesh(vertices.shape=(916, 3), faces.shape=(856, 3))> using `load_obj` in 0.0030s
2024-12-10 16:26:06,602 DEBUG loaded <trimesh.Trimesh(vertices.shape=(48, 3), faces.shape=(28, 3))> using `load_obj` in 0.0007s
2024-12-10 16:26:14,633 INFO ==> EMD Loss: 20.069466
2024-12-10 16:26:14,633 INFO ==> Height map loss:  7.196332
2024-12-10 16:26:15,009 DEBUG loaded <trimesh.Trimesh(vertices.shape=(916, 3), faces.shape=(856, 3))> using `load_obj` in 0.0029s
2024-12-10 16:26:15,155 DEBUG loaded <trimesh.Trimesh(vertices.shape=(48, 3), faces.shape=(28, 3))> using `load_obj` in 0.0007s
2024-12-10 16:26:22,745 INFO ==> EMD Loss: 20.067114
2024-12-10 16:26:22,746 INFO ==> Height map loss:  7.216654
2024-12-10 16:26:23,129 DEBUG loaded <trimesh.Trimesh(vertices.shape=(916, 3), faces.shape=(856, 3))> using `load_obj` in 0.0028s
2024-12-10 16:26:23,278 DEBUG loaded <trimesh.Trimesh(vertices.shape=(48, 3), faces.shape=(28, 3))> using `load_obj` in 0.0007s
2024-12-10 16:26:31,333 INFO ==> EMD Loss: 20.065952
2024-12-10 16:26:31,333 INFO ==> Height map loss:  7.250747
2024-12-10 16:26:31,717 DEBUG loaded <trimesh.Trimesh(vertices.shape=(916, 3), faces.shape=(856, 3))> using `load_obj` in 0.0029s
2024-12-10 16:26:31,862 DEBUG loaded <trimesh.Trimesh(vertices.shape=(48, 3), faces.shape=(28, 3))> using `load_obj` in 0.0007s
2024-12-10 16:26:39,919 INFO ==> EMD Loss: 20.102461
2024-12-10 16:26:39,919 INFO ==> Height map loss:  7.322462
2024-12-10 16:26:40,296 DEBUG loaded <trimesh.Trimesh(vertices.shape=(916, 3), faces.shape=(856, 3))> using `load_obj` in 0.0029s
2024-12-10 16:26:40,442 DEBUG loaded <trimesh.Trimesh(vertices.shape=(48, 3), faces.shape=(28, 3))> using `load_obj` in 0.0007s
2024-12-10 16:26:48,496 INFO ==> EMD Loss: 20.107616
2024-12-10 16:26:48,496 INFO ==> Height map loss:  7.332070
2024-12-10 16:26:48,930 DEBUG loaded <trimesh.Trimesh(vertices.shape=(916, 3), faces.shape=(856, 3))> using `load_obj` in 0.0029s
2024-12-10 16:26:49,075 DEBUG loaded <trimesh.Trimesh(vertices.shape=(48, 3), faces.shape=(28, 3))> using `load_obj` in 0.0007s
2024-12-10 16:27:10,394 INFO =====> Skill params: [ 0.8542314  -0.13936712  0.88222027 -0.9931169   0.2860513 ]
2024-12-10 16:27:10,394 INFO =====> Grad: [ 9.0001642e+02  2.6735898e+03 -2.3599199e-05 -1.9871379e+02
 -1.3842628e-05]
2024-12-10 16:27:10,395 INFO =====> Num. aborted data so far: 0
2024-12-10 16:27:10,395 INFO ===========> Epoch: 15 optimisation losses
2024-12-10 16:27:10,395 INFO =====> EMD Loss: 20.073429
2024-12-10 16:27:10,395 INFO =====> Height map loss: 7.196351
2024-12-10 16:27:10,805 DEBUG loaded <trimesh.Trimesh(vertices.shape=(916, 3), faces.shape=(856, 3))> using `load_obj` in 0.0030s
2024-12-10 16:27:10,950 DEBUG loaded <trimesh.Trimesh(vertices.shape=(48, 3), faces.shape=(28, 3))> using `load_obj` in 0.0007s
2024-12-10 16:27:18,567 INFO ==> EMD Loss: 20.132984
2024-12-10 16:27:18,567 INFO ==> Height map loss:  7.151666
2024-12-10 16:27:18,942 DEBUG loaded <trimesh.Trimesh(vertices.shape=(916, 3), faces.shape=(856, 3))> using `load_obj` in 0.0029s
2024-12-10 16:27:19,087 DEBUG loaded <trimesh.Trimesh(vertices.shape=(48, 3), faces.shape=(28, 3))> using `load_obj` in 0.0007s
2024-12-10 16:27:27,071 INFO ==> EMD Loss: 20.339886
2024-12-10 16:27:27,071 INFO ==> Height map loss:  7.145007
2024-12-10 16:27:27,447 DEBUG loaded <trimesh.Trimesh(vertices.shape=(916, 3), faces.shape=(856, 3))> using `load_obj` in 0.0029s
2024-12-10 16:27:27,593 DEBUG loaded <trimesh.Trimesh(vertices.shape=(48, 3), faces.shape=(28, 3))> using `load_obj` in 0.0007s
2024-12-10 16:27:35,533 INFO ==> EMD Loss: 20.141314
2024-12-10 16:27:35,533 INFO ==> Height map loss:  7.157158
2024-12-10 16:27:35,908 DEBUG loaded <trimesh.Trimesh(vertices.shape=(916, 3), faces.shape=(856, 3))> using `load_obj` in 0.0029s
2024-12-10 16:27:36,052 DEBUG loaded <trimesh.Trimesh(vertices.shape=(48, 3), faces.shape=(28, 3))> using `load_obj` in 0.0007s
2024-12-10 16:27:43,505 INFO ==> EMD Loss: 20.105209
2024-12-10 16:27:43,505 INFO ==> Height map loss:  7.192236
2024-12-10 16:27:43,885 DEBUG loaded <trimesh.Trimesh(vertices.shape=(916, 3), faces.shape=(856, 3))> using `load_obj` in 0.0028s
2024-12-10 16:27:44,031 DEBUG loaded <trimesh.Trimesh(vertices.shape=(48, 3), faces.shape=(28, 3))> using `load_obj` in 0.0007s
2024-12-10 16:27:51,910 INFO ==> EMD Loss: 20.090355
2024-12-10 16:27:51,911 INFO ==> Height map loss:  7.178603
2024-12-10 16:27:52,287 DEBUG loaded <trimesh.Trimesh(vertices.shape=(916, 3), faces.shape=(856, 3))> using `load_obj` in 0.0030s
2024-12-10 16:27:52,431 DEBUG loaded <trimesh.Trimesh(vertices.shape=(48, 3), faces.shape=(28, 3))> using `load_obj` in 0.0007s
2024-12-10 16:28:13,496 INFO =====> Skill params: [ 0.8224524  -0.15051156  0.8898832  -0.9862654   0.2900139 ]
2024-12-10 16:28:13,496 INFO =====> Grad: [ 1.00971576e+03  2.53985474e+03  3.89802153e-07  3.21640961e+02
 -2.25227996e-06]
2024-12-10 16:28:13,496 INFO =====> Num. aborted data so far: 0
2024-12-10 16:28:13,497 INFO ===========> Epoch: 16 optimisation losses
2024-12-10 16:28:13,497 INFO =====> EMD Loss: 20.339836
2024-12-10 16:28:13,497 INFO =====> Height map loss: 7.145076
2024-12-10 16:28:13,898 DEBUG loaded <trimesh.Trimesh(vertices.shape=(916, 3), faces.shape=(856, 3))> using `load_obj` in 0.0029s
2024-12-10 16:28:14,045 DEBUG loaded <trimesh.Trimesh(vertices.shape=(48, 3), faces.shape=(28, 3))> using `load_obj` in 0.0007s
2024-12-10 16:28:22,019 INFO ==> EMD Loss: 20.146460
2024-12-10 16:28:22,019 INFO ==> Height map loss:  7.154424
2024-12-10 16:28:22,393 DEBUG loaded <trimesh.Trimesh(vertices.shape=(916, 3), faces.shape=(856, 3))> using `load_obj` in 0.0029s
2024-12-10 16:28:22,541 DEBUG loaded <trimesh.Trimesh(vertices.shape=(48, 3), faces.shape=(28, 3))> using `load_obj` in 0.0007s
2024-12-10 16:28:30,518 INFO ==> EMD Loss: 20.128868
2024-12-10 16:28:30,518 INFO ==> Height map loss:  7.129271
2024-12-10 16:28:30,900 DEBUG loaded <trimesh.Trimesh(vertices.shape=(916, 3), faces.shape=(856, 3))> using `load_obj` in 0.0029s
2024-12-10 16:28:31,046 DEBUG loaded <trimesh.Trimesh(vertices.shape=(48, 3), faces.shape=(28, 3))> using `load_obj` in 0.0007s
2024-12-10 16:28:38,562 INFO ==> EMD Loss: 20.110363
2024-12-10 16:28:38,562 INFO ==> Height map loss:  7.166249
2024-12-10 16:28:38,947 DEBUG loaded <trimesh.Trimesh(vertices.shape=(916, 3), faces.shape=(856, 3))> using `load_obj` in 0.0030s
2024-12-10 16:28:39,092 DEBUG loaded <trimesh.Trimesh(vertices.shape=(48, 3), faces.shape=(28, 3))> using `load_obj` in 0.0007s
2024-12-10 16:28:47,043 INFO ==> EMD Loss: 20.107853
2024-12-10 16:28:47,044 INFO ==> Height map loss:  7.151824
2024-12-10 16:28:47,420 DEBUG loaded <trimesh.Trimesh(vertices.shape=(916, 3), faces.shape=(856, 3))> using `load_obj` in 0.0029s
2024-12-10 16:28:47,567 DEBUG loaded <trimesh.Trimesh(vertices.shape=(48, 3), faces.shape=(28, 3))> using `load_obj` in 0.0007s
2024-12-10 16:28:55,442 INFO ==> EMD Loss: 20.055809
2024-12-10 16:28:55,443 INFO ==> Height map loss:  7.117450
2024-12-10 16:28:55,822 DEBUG loaded <trimesh.Trimesh(vertices.shape=(916, 3), faces.shape=(856, 3))> using `load_obj` in 0.0030s
2024-12-10 16:28:55,968 DEBUG loaded <trimesh.Trimesh(vertices.shape=(48, 3), faces.shape=(28, 3))> using `load_obj` in 0.0007s
2024-12-10 16:29:16,694 INFO =====> Skill params: [ 0.7046266  -0.19396387  0.8893495  -1.          0.29273206]
2024-12-10 16:29:16,694 INFO =====> Grad: [ 1.5000398e+03  1.1843060e+03 -2.7980544e-05 -2.0863763e+02
  3.3629676e-05]
2024-12-10 16:29:16,694 INFO =====> Num. aborted data so far: 0
2024-12-10 16:29:16,695 INFO ===========> Epoch: 17 optimisation losses
2024-12-10 16:29:16,695 INFO =====> EMD Loss: 20.055750
2024-12-10 16:29:16,695 INFO =====> Height map loss: 7.117434
2024-12-10 16:29:17,098 DEBUG loaded <trimesh.Trimesh(vertices.shape=(916, 3), faces.shape=(856, 3))> using `load_obj` in 0.0030s
2024-12-10 16:29:17,246 DEBUG loaded <trimesh.Trimesh(vertices.shape=(48, 3), faces.shape=(28, 3))> using `load_obj` in 0.0007s
2024-12-10 16:29:25,072 INFO ==> EMD Loss: 20.049078
2024-12-10 16:29:25,073 INFO ==> Height map loss:  7.106287
2024-12-10 16:29:25,452 DEBUG loaded <trimesh.Trimesh(vertices.shape=(916, 3), faces.shape=(856, 3))> using `load_obj` in 0.0029s
2024-12-10 16:29:25,599 DEBUG loaded <trimesh.Trimesh(vertices.shape=(48, 3), faces.shape=(28, 3))> using `load_obj` in 0.0007s
2024-12-10 16:29:33,013 INFO ==> EMD Loss: 20.054714
2024-12-10 16:29:33,013 INFO ==> Height map loss:  7.109173
2024-12-10 16:29:33,391 DEBUG loaded <trimesh.Trimesh(vertices.shape=(916, 3), faces.shape=(856, 3))> using `load_obj` in 0.0030s
2024-12-10 16:29:33,538 DEBUG loaded <trimesh.Trimesh(vertices.shape=(48, 3), faces.shape=(28, 3))> using `load_obj` in 0.0007s
2024-12-10 16:29:41,321 INFO ==> EMD Loss: 20.036501
2024-12-10 16:29:41,322 INFO ==> Height map loss:  7.107841
2024-12-10 16:29:41,700 DEBUG loaded <trimesh.Trimesh(vertices.shape=(916, 3), faces.shape=(856, 3))> using `load_obj` in 0.0030s
2024-12-10 16:29:41,848 DEBUG loaded <trimesh.Trimesh(vertices.shape=(48, 3), faces.shape=(28, 3))> using `load_obj` in 0.0007s
2024-12-10 16:29:49,572 INFO ==> EMD Loss: 20.046513
2024-12-10 16:29:49,572 INFO ==> Height map loss:  7.144961
2024-12-10 16:29:49,954 DEBUG loaded <trimesh.Trimesh(vertices.shape=(916, 3), faces.shape=(856, 3))> using `load_obj` in 0.0029s
2024-12-10 16:29:50,100 DEBUG loaded <trimesh.Trimesh(vertices.shape=(48, 3), faces.shape=(28, 3))> using `load_obj` in 0.0007s
2024-12-10 16:29:57,365 INFO ==> EMD Loss: 20.100307
2024-12-10 16:29:57,365 INFO ==> Height map loss:  7.070639
2024-12-10 16:29:57,741 DEBUG loaded <trimesh.Trimesh(vertices.shape=(916, 3), faces.shape=(856, 3))> using `load_obj` in 0.0029s
2024-12-10 16:29:57,888 DEBUG loaded <trimesh.Trimesh(vertices.shape=(48, 3), faces.shape=(28, 3))> using `load_obj` in 0.0007s
2024-12-10 16:30:18,000 INFO =====> Skill params: [ 0.5723487  -0.21518716  0.9288443  -0.9693642   0.2509991 ]
2024-12-10 16:30:18,000 INFO =====> Grad: [ 2.0636921e+03  2.0785455e+02 -4.3757518e-07  8.9407550e+02
  2.0275676e-05]
2024-12-10 16:30:18,000 INFO =====> Num. aborted data so far: 0
2024-12-10 16:30:18,001 INFO ===========> Epoch: 18 optimisation losses
2024-12-10 16:30:18,001 INFO =====> EMD Loss: 20.100136
2024-12-10 16:30:18,001 INFO =====> Height map loss: 7.070831
2024-12-10 16:30:18,404 DEBUG loaded <trimesh.Trimesh(vertices.shape=(916, 3), faces.shape=(856, 3))> using `load_obj` in 0.0030s
2024-12-10 16:30:18,554 DEBUG loaded <trimesh.Trimesh(vertices.shape=(48, 3), faces.shape=(28, 3))> using `load_obj` in 0.0007s
2024-12-10 16:30:26,246 INFO ==> EMD Loss: 20.076883
2024-12-10 16:30:26,246 INFO ==> Height map loss:  7.099984
2024-12-10 16:30:26,626 DEBUG loaded <trimesh.Trimesh(vertices.shape=(916, 3), faces.shape=(856, 3))> using `load_obj` in 0.0030s
2024-12-10 16:30:26,777 DEBUG loaded <trimesh.Trimesh(vertices.shape=(48, 3), faces.shape=(28, 3))> using `load_obj` in 0.0007s
2024-12-10 16:30:34,447 INFO ==> EMD Loss: 20.087027
2024-12-10 16:30:34,447 INFO ==> Height map loss:  7.062806
2024-12-10 16:30:34,864 DEBUG loaded <trimesh.Trimesh(vertices.shape=(916, 3), faces.shape=(856, 3))> using `load_obj` in 0.0029s
2024-12-10 16:30:35,016 DEBUG loaded <trimesh.Trimesh(vertices.shape=(48, 3), faces.shape=(28, 3))> using `load_obj` in 0.0007s
2024-12-10 16:30:42,177 INFO ==> EMD Loss: 20.149799
2024-12-10 16:30:42,178 INFO ==> Height map loss:  6.995469
2024-12-10 16:30:42,551 DEBUG loaded <trimesh.Trimesh(vertices.shape=(916, 3), faces.shape=(856, 3))> using `load_obj` in 0.0028s
2024-12-10 16:30:42,701 DEBUG loaded <trimesh.Trimesh(vertices.shape=(48, 3), faces.shape=(28, 3))> using `load_obj` in 0.0007s
2024-12-10 16:30:50,283 INFO ==> EMD Loss: 20.523901
2024-12-10 16:30:50,283 INFO ==> Height map loss:  7.003719
2024-12-10 16:30:50,663 DEBUG loaded <trimesh.Trimesh(vertices.shape=(916, 3), faces.shape=(856, 3))> using `load_obj` in 0.0029s
2024-12-10 16:30:50,812 DEBUG loaded <trimesh.Trimesh(vertices.shape=(48, 3), faces.shape=(28, 3))> using `load_obj` in 0.0007s
2024-12-10 16:30:58,427 INFO ==> EMD Loss: 20.155006
2024-12-10 16:30:58,427 INFO ==> Height map loss:  7.046795
2024-12-10 16:30:58,810 DEBUG loaded <trimesh.Trimesh(vertices.shape=(916, 3), faces.shape=(856, 3))> using `load_obj` in 0.0029s
2024-12-10 16:30:58,961 DEBUG loaded <trimesh.Trimesh(vertices.shape=(48, 3), faces.shape=(28, 3))> using `load_obj` in 0.0007s
2024-12-10 16:31:18,821 INFO =====> Skill params: [ 0.5049003  -0.21714991  0.9291698  -1.          0.23786582]
2024-12-10 16:31:18,821 INFO =====> Grad: [-2.3787336e+03  4.6954761e+02  2.4657893e-05 -4.7171909e+02
 -4.4727563e-05]
2024-12-10 16:31:18,821 INFO =====> Num. aborted data so far: 0
2024-12-10 16:31:18,822 INFO ===========> Epoch: 19 optimisation losses
2024-12-10 16:31:18,822 INFO =====> EMD Loss: 20.151192
2024-12-10 16:31:18,822 INFO =====> Height map loss: 6.994302
2024-12-10 16:31:19,223 DEBUG loaded <trimesh.Trimesh(vertices.shape=(916, 3), faces.shape=(856, 3))> using `load_obj` in 0.0031s
2024-12-10 16:31:19,374 DEBUG loaded <trimesh.Trimesh(vertices.shape=(48, 3), faces.shape=(28, 3))> using `load_obj` in 0.0007s
2024-12-10 16:31:27,036 INFO ==> EMD Loss: 20.152225
2024-12-10 16:31:27,036 INFO ==> Height map loss:  6.994054
2024-12-10 16:31:27,412 DEBUG loaded <trimesh.Trimesh(vertices.shape=(916, 3), faces.shape=(856, 3))> using `load_obj` in 0.0029s
2024-12-10 16:31:27,565 DEBUG loaded <trimesh.Trimesh(vertices.shape=(48, 3), faces.shape=(28, 3))> using `load_obj` in 0.0007s
2024-12-10 16:31:34,815 INFO ==> EMD Loss: 20.064388
2024-12-10 16:31:34,816 INFO ==> Height map loss:  7.076792
2024-12-10 16:31:35,190 DEBUG loaded <trimesh.Trimesh(vertices.shape=(916, 3), faces.shape=(856, 3))> using `load_obj` in 0.0029s
2024-12-10 16:31:35,338 DEBUG loaded <trimesh.Trimesh(vertices.shape=(48, 3), faces.shape=(28, 3))> using `load_obj` in 0.0007s
2024-12-10 16:31:43,038 INFO ==> EMD Loss: 20.088772
2024-12-10 16:31:43,038 INFO ==> Height map loss:  7.071379
2024-12-10 16:31:43,415 DEBUG loaded <trimesh.Trimesh(vertices.shape=(916, 3), faces.shape=(856, 3))> using `load_obj` in 0.0029s
2024-12-10 16:31:43,560 DEBUG loaded <trimesh.Trimesh(vertices.shape=(48, 3), faces.shape=(28, 3))> using `load_obj` in 0.0007s
2024-12-10 16:31:51,294 INFO ==> EMD Loss: 20.034643
2024-12-10 16:31:51,294 INFO ==> Height map loss:  7.148574
2024-12-10 16:31:51,725 DEBUG loaded <trimesh.Trimesh(vertices.shape=(916, 3), faces.shape=(856, 3))> using `load_obj` in 0.0030s
2024-12-10 16:31:51,873 DEBUG loaded <trimesh.Trimesh(vertices.shape=(48, 3), faces.shape=(28, 3))> using `load_obj` in 0.0007s
2024-12-10 16:31:59,226 INFO ==> EMD Loss: 20.111107
2024-12-10 16:31:59,226 INFO ==> Height map loss:  7.121299
2024-12-10 16:31:59,602 DEBUG loaded <trimesh.Trimesh(vertices.shape=(916, 3), faces.shape=(856, 3))> using `load_obj` in 0.0029s
2024-12-10 16:31:59,749 DEBUG loaded <trimesh.Trimesh(vertices.shape=(48, 3), faces.shape=(28, 3))> using `load_obj` in 0.0007s
2024-12-10 16:32:07,396 INFO ===========> Finished training.
2024-12-10 16:32:07,397 INFO ====> Final EMD Loss: 20.148359
2024-12-10 16:32:07,397 INFO ====> Final Height map loss: 6.994136
2024-12-10 16:32:07,397 INFO ====> Final skill params: [ 0.51110184 -0.21761672  0.9272752  -0.9970456   0.24077274]
