2024-09-18 20:51:43,632 INFO ===> New TaichiEnv created.
2024-09-18 20:51:43,632 INFO ===> Specifications: horizon = 300, dt = 0.01, n_substeps = 20, dt_sub = 0.0005
2024-09-18 20:52:20,843 INFO =====> Epoch: 0
2024-09-18 20:52:20,843 INFO =====> EMD Loss: 28.620405197143555
2024-09-18 20:52:20,843 INFO =====> Height map loss: 26.18813133239746
2024-09-18 20:52:20,843 INFO =====> Trajectory grad mean: 6972.15771484375
2024-09-18 20:52:20,843 INFO =====> Num. aborted data so far: 0
2024-09-18 20:52:21,050 INFO ===> New TaichiEnv created.
2024-09-18 20:52:21,050 INFO ===> Specifications: horizon = 300, dt = 0.01, n_substeps = 20, dt_sub = 0.0005
2024-09-18 20:52:58,558 INFO =====> Epoch: 1
2024-09-18 20:52:58,558 INFO =====> EMD Loss: 32.20541763305664
2024-09-18 20:52:58,558 INFO =====> Height map loss: 31.122844696044922
2024-09-18 20:52:58,558 INFO =====> Trajectory grad mean: 42460.59765625
2024-09-18 20:52:58,558 INFO =====> Num. aborted data so far: 0
2024-09-18 20:52:58,764 INFO ===> New TaichiEnv created.
2024-09-18 20:52:58,764 INFO ===> Specifications: horizon = 300, dt = 0.01, n_substeps = 20, dt_sub = 0.0005
2024-09-18 20:53:36,311 ERROR ===> [Warning] Aborting epoch: 2
2024-09-18 20:53:36,311 ERROR ===> [Warning] Particle has nan or inf: False
2024-09-18 20:53:36,311 ERROR ===> [Warning] Strange loss or gradient.
2024-09-18 20:53:36,311 ERROR ===> [Warning] Trajectory grad mean: 9644399394816.0
2024-09-18 20:53:36,311 ERROR ===> [Warning] Loss info: {'particle_has_naninf': False, 'height_map_loss': 28.77345848083496, 'emd_loss': 31.921262741088867, 'total_loss': 31.921262741088867}
2024-09-18 20:53:36,312 INFO =====> Epoch: 2
2024-09-18 20:53:36,312 INFO =====> EMD Loss: nan
2024-09-18 20:53:36,312 INFO =====> Height map loss: nan
2024-09-18 20:53:36,312 INFO =====> Trajectory grad mean: 1.0000001111620804e-06
2024-09-18 20:53:36,312 INFO =====> Num. aborted data so far: 1
2024-09-18 20:53:36,520 INFO ===> New TaichiEnv created.
2024-09-18 20:53:36,521 INFO ===> Specifications: horizon = 300, dt = 0.01, n_substeps = 20, dt_sub = 0.0005
2024-09-18 20:54:14,462 INFO =====> Epoch: 3
2024-09-18 20:54:14,462 INFO =====> EMD Loss: 34.339637756347656
2024-09-18 20:54:14,462 INFO =====> Height map loss: 30.85878562927246
2024-09-18 20:54:14,462 INFO =====> Trajectory grad mean: 30254.958984375
2024-09-18 20:54:14,462 INFO =====> Num. aborted data so far: 1
2024-09-18 20:54:14,672 INFO ===> New TaichiEnv created.
2024-09-18 20:54:14,672 INFO ===> Specifications: horizon = 300, dt = 0.01, n_substeps = 20, dt_sub = 0.0005
2024-09-18 20:54:52,657 INFO =====> Epoch: 4
2024-09-18 20:54:52,657 INFO =====> EMD Loss: 35.358360290527344
2024-09-18 20:54:52,657 INFO =====> Height map loss: 33.18861389160156
2024-09-18 20:54:52,657 INFO =====> Trajectory grad mean: -855607.5625
2024-09-18 20:54:52,657 INFO =====> Num. aborted data so far: 1
2024-09-18 20:54:52,870 INFO ===> New TaichiEnv created.
2024-09-18 20:54:52,870 INFO ===> Specifications: horizon = 300, dt = 0.01, n_substeps = 20, dt_sub = 0.0005
2024-09-18 20:55:31,991 ERROR ===> [Warning] Aborting epoch: 5
2024-09-18 20:55:31,991 ERROR ===> [Warning] Particle has nan or inf: False
2024-09-18 20:55:31,991 ERROR ===> [Warning] Strange loss or gradient.
2024-09-18 20:55:31,991 ERROR ===> [Warning] Trajectory grad mean: nan
2024-09-18 20:55:31,991 ERROR ===> [Warning] Loss info: {'particle_has_naninf': False, 'height_map_loss': 43.48455047607422, 'emd_loss': 42.43122100830078, 'total_loss': 42.43122100830078}
2024-09-18 20:55:31,992 INFO =====> Epoch: 5
2024-09-18 20:55:31,992 INFO =====> EMD Loss: nan
2024-09-18 20:55:31,992 INFO =====> Height map loss: nan
2024-09-18 20:55:31,992 INFO =====> Trajectory grad mean: 1.0000001111620804e-06
2024-09-18 20:55:31,992 INFO =====> Num. aborted data so far: 2
2024-09-18 20:55:32,207 INFO ===> New TaichiEnv created.
2024-09-18 20:55:32,207 INFO ===> Specifications: horizon = 300, dt = 0.01, n_substeps = 20, dt_sub = 0.0005
2024-09-18 20:56:11,880 INFO =====> Epoch: 6
2024-09-18 20:56:11,880 INFO =====> EMD Loss: 43.58171081542969
2024-09-18 20:56:11,880 INFO =====> Height map loss: 45.35858917236328
2024-09-18 20:56:11,880 INFO =====> Trajectory grad mean: -863712.1875
2024-09-18 20:56:11,880 INFO =====> Num. aborted data so far: 2
2024-09-18 20:56:12,097 INFO ===> New TaichiEnv created.
2024-09-18 20:56:12,097 INFO ===> Specifications: horizon = 300, dt = 0.01, n_substeps = 20, dt_sub = 0.0005
2024-09-18 20:56:51,556 INFO =====> Epoch: 7
2024-09-18 20:56:51,556 INFO =====> EMD Loss: 43.60549545288086
2024-09-18 20:56:51,556 INFO =====> Height map loss: 45.07740783691406
2024-09-18 20:56:51,556 INFO =====> Trajectory grad mean: 396255.40625
2024-09-18 20:56:51,556 INFO =====> Num. aborted data so far: 2
2024-09-18 20:56:51,773 INFO ===> New TaichiEnv created.
2024-09-18 20:56:51,773 INFO ===> Specifications: horizon = 300, dt = 0.01, n_substeps = 20, dt_sub = 0.0005
2024-09-18 20:57:29,946 INFO =====> Epoch: 8
2024-09-18 20:57:29,946 INFO =====> EMD Loss: 37.43295669555664
2024-09-18 20:57:29,946 INFO =====> Height map loss: 35.80248260498047
2024-09-18 20:57:29,946 INFO =====> Trajectory grad mean: -78141.0625
2024-09-18 20:57:29,946 INFO =====> Num. aborted data so far: 2
2024-09-18 20:57:30,166 INFO ===> New TaichiEnv created.
2024-09-18 20:57:30,166 INFO ===> Specifications: horizon = 300, dt = 0.01, n_substeps = 20, dt_sub = 0.0005
2024-09-18 20:58:08,245 INFO =====> Epoch: 9
2024-09-18 20:58:08,245 INFO =====> EMD Loss: 37.43170928955078
2024-09-18 20:58:08,245 INFO =====> Height map loss: 35.91507339477539
2024-09-18 20:58:08,245 INFO =====> Trajectory grad mean: -15802.390625
2024-09-18 20:58:08,245 INFO =====> Num. aborted data so far: 2
2024-09-18 20:58:08,466 INFO ===> New TaichiEnv created.
2024-09-18 20:58:08,467 INFO ===> Specifications: horizon = 300, dt = 0.01, n_substeps = 20, dt_sub = 0.0005
2024-09-18 20:58:46,753 INFO =====> Epoch: 10
2024-09-18 20:58:46,753 INFO =====> EMD Loss: 37.468631744384766
2024-09-18 20:58:46,753 INFO =====> Height map loss: 37.49721908569336
2024-09-18 20:58:46,753 INFO =====> Trajectory grad mean: -3683.2109375
2024-09-18 20:58:46,754 INFO =====> Num. aborted data so far: 2
2024-09-18 20:58:46,975 INFO ===> New TaichiEnv created.
2024-09-18 20:58:46,975 INFO ===> Specifications: horizon = 300, dt = 0.01, n_substeps = 20, dt_sub = 0.0005
2024-09-18 20:59:25,000 INFO =====> Epoch: 11
2024-09-18 20:59:25,000 INFO =====> EMD Loss: 37.21826171875
2024-09-18 20:59:25,000 INFO =====> Height map loss: 38.4085807800293
2024-09-18 20:59:25,000 INFO =====> Trajectory grad mean: 37745.53515625
2024-09-18 20:59:25,000 INFO =====> Num. aborted data so far: 2
2024-09-18 20:59:25,225 INFO ===> New TaichiEnv created.
2024-09-18 20:59:25,225 INFO ===> Specifications: horizon = 300, dt = 0.01, n_substeps = 20, dt_sub = 0.0005
2024-09-18 21:00:03,316 INFO =====> Epoch: 12
2024-09-18 21:00:03,316 INFO =====> EMD Loss: 37.3900146484375
2024-09-18 21:00:03,316 INFO =====> Height map loss: 37.173343658447266
2024-09-18 21:00:03,316 INFO =====> Trajectory grad mean: 36717.3359375
2024-09-18 21:00:03,316 INFO =====> Num. aborted data so far: 2
2024-09-18 21:00:03,542 INFO ===> New TaichiEnv created.
2024-09-18 21:00:03,542 INFO ===> Specifications: horizon = 300, dt = 0.01, n_substeps = 20, dt_sub = 0.0005
2024-09-18 21:00:41,527 INFO =====> Epoch: 13
2024-09-18 21:00:41,527 INFO =====> EMD Loss: 36.030006408691406
2024-09-18 21:00:41,527 INFO =====> Height map loss: 35.94294738769531
2024-09-18 21:00:41,527 INFO =====> Trajectory grad mean: 50870.10546875
2024-09-18 21:00:41,527 INFO =====> Num. aborted data so far: 2
2024-09-18 21:00:41,756 INFO ===> New TaichiEnv created.
2024-09-18 21:00:41,756 INFO ===> Specifications: horizon = 300, dt = 0.01, n_substeps = 20, dt_sub = 0.0005
2024-09-18 21:01:19,609 INFO =====> Epoch: 14
2024-09-18 21:01:19,609 INFO =====> EMD Loss: 34.262454986572266
2024-09-18 21:01:19,609 INFO =====> Height map loss: 33.57490158081055
2024-09-18 21:01:19,609 INFO =====> Trajectory grad mean: -10995619.0
2024-09-18 21:01:19,609 INFO =====> Num. aborted data so far: 2
2024-09-18 21:01:19,838 INFO ===> New TaichiEnv created.
2024-09-18 21:01:19,838 INFO ===> Specifications: horizon = 300, dt = 0.01, n_substeps = 20, dt_sub = 0.0005
2024-09-18 21:01:57,560 INFO =====> Epoch: 15
2024-09-18 21:01:57,560 INFO =====> EMD Loss: 32.58824920654297
2024-09-18 21:01:57,560 INFO =====> Height map loss: 29.44510269165039
2024-09-18 21:01:57,560 INFO =====> Trajectory grad mean: -75239.234375
2024-09-18 21:01:57,560 INFO =====> Num. aborted data so far: 2
2024-09-18 21:01:57,792 INFO ===> New TaichiEnv created.
2024-09-18 21:01:57,792 INFO ===> Specifications: horizon = 300, dt = 0.01, n_substeps = 20, dt_sub = 0.0005
2024-09-18 21:02:35,494 INFO =====> Epoch: 16
2024-09-18 21:02:35,495 INFO =====> EMD Loss: 33.75863265991211
2024-09-18 21:02:35,495 INFO =====> Height map loss: 30.797422409057617
2024-09-18 21:02:35,495 INFO =====> Trajectory grad mean: 5930.005859375
2024-09-18 21:02:35,495 INFO =====> Num. aborted data so far: 2
2024-09-18 21:02:35,727 INFO ===> New TaichiEnv created.
2024-09-18 21:02:35,727 INFO ===> Specifications: horizon = 300, dt = 0.01, n_substeps = 20, dt_sub = 0.0005
2024-09-18 21:03:13,552 INFO =====> Epoch: 17
2024-09-18 21:03:13,552 INFO =====> EMD Loss: 33.96360778808594
2024-09-18 21:03:13,552 INFO =====> Height map loss: 32.28239822387695
2024-09-18 21:03:13,553 INFO =====> Trajectory grad mean: -69297.703125
2024-09-18 21:03:13,553 INFO =====> Num. aborted data so far: 2
2024-09-18 21:03:13,786 INFO ===> New TaichiEnv created.
2024-09-18 21:03:13,786 INFO ===> Specifications: horizon = 300, dt = 0.01, n_substeps = 20, dt_sub = 0.0005
2024-09-18 21:03:51,576 INFO =====> Epoch: 18
2024-09-18 21:03:51,576 INFO =====> EMD Loss: 34.158416748046875
2024-09-18 21:03:51,576 INFO =====> Height map loss: 32.070491790771484
2024-09-18 21:03:51,576 INFO =====> Trajectory grad mean: 14371.818359375
2024-09-18 21:03:51,576 INFO =====> Num. aborted data so far: 2
2024-09-18 21:03:51,812 INFO ===> New TaichiEnv created.
2024-09-18 21:03:51,812 INFO ===> Specifications: horizon = 300, dt = 0.01, n_substeps = 20, dt_sub = 0.0005
2024-09-18 21:04:29,713 INFO =====> Epoch: 19
2024-09-18 21:04:29,713 INFO =====> EMD Loss: 33.87944793701172
2024-09-18 21:04:29,713 INFO =====> Height map loss: 31.728090286254883
2024-09-18 21:04:29,713 INFO =====> Trajectory grad mean: 2328.662353515625
2024-09-18 21:04:29,713 INFO =====> Num. aborted data so far: 2
2024-09-18 21:04:29,950 INFO ===> New TaichiEnv created.
2024-09-18 21:04:29,950 INFO ===> Specifications: horizon = 300, dt = 0.01, n_substeps = 20, dt_sub = 0.0005
2024-09-18 21:05:07,690 INFO =====> Epoch: 20
2024-09-18 21:05:07,690 INFO =====> EMD Loss: 33.25152587890625
2024-09-18 21:05:07,690 INFO =====> Height map loss: 31.66639518737793
2024-09-18 21:05:07,690 INFO =====> Trajectory grad mean: 7341.32470703125
2024-09-18 21:05:07,690 INFO =====> Num. aborted data so far: 2
2024-09-18 21:05:07,926 INFO ===> New TaichiEnv created.
2024-09-18 21:05:07,926 INFO ===> Specifications: horizon = 300, dt = 0.01, n_substeps = 20, dt_sub = 0.0005
2024-09-18 21:05:45,873 INFO =====> Epoch: 21
2024-09-18 21:05:45,873 INFO =====> EMD Loss: 34.35529708862305
2024-09-18 21:05:45,873 INFO =====> Height map loss: 35.68791198730469
2024-09-18 21:05:45,873 INFO =====> Trajectory grad mean: -12646.03125
2024-09-18 21:05:45,873 INFO =====> Num. aborted data so far: 2
2024-09-18 21:05:46,111 INFO ===> New TaichiEnv created.
2024-09-18 21:05:46,111 INFO ===> Specifications: horizon = 300, dt = 0.01, n_substeps = 20, dt_sub = 0.0005
2024-09-18 21:06:24,115 INFO =====> Epoch: 22
2024-09-18 21:06:24,115 INFO =====> EMD Loss: 35.09561538696289
2024-09-18 21:06:24,115 INFO =====> Height map loss: 39.99214172363281
2024-09-18 21:06:24,115 INFO =====> Trajectory grad mean: 66691.125
2024-09-18 21:06:24,116 INFO =====> Num. aborted data so far: 2
2024-09-18 21:06:24,357 INFO ===> New TaichiEnv created.
2024-09-18 21:06:24,357 INFO ===> Specifications: horizon = 300, dt = 0.01, n_substeps = 20, dt_sub = 0.0005
2024-09-18 21:07:02,365 INFO =====> Epoch: 23
2024-09-18 21:07:02,366 INFO =====> EMD Loss: 35.30498123168945
2024-09-18 21:07:02,366 INFO =====> Height map loss: 43.95622253417969
2024-09-18 21:07:02,366 INFO =====> Trajectory grad mean: 23282.84765625
2024-09-18 21:07:02,366 INFO =====> Num. aborted data so far: 2
2024-09-18 21:07:02,608 INFO ===> New TaichiEnv created.
2024-09-18 21:07:02,608 INFO ===> Specifications: horizon = 300, dt = 0.01, n_substeps = 20, dt_sub = 0.0005
2024-09-18 21:07:40,803 INFO =====> Epoch: 24
2024-09-18 21:07:40,803 INFO =====> EMD Loss: 35.88348388671875
2024-09-18 21:07:40,803 INFO =====> Height map loss: 48.60811233520508
2024-09-18 21:07:40,803 INFO =====> Trajectory grad mean: 38562.94921875
2024-09-18 21:07:40,803 INFO =====> Num. aborted data so far: 2
2024-09-18 21:07:41,044 INFO ===> New TaichiEnv created.
2024-09-18 21:07:41,044 INFO ===> Specifications: horizon = 300, dt = 0.01, n_substeps = 20, dt_sub = 0.0005
2024-09-18 21:08:19,038 INFO =====> Epoch: 25
2024-09-18 21:08:19,038 INFO =====> EMD Loss: 37.58326721191406
2024-09-18 21:08:19,038 INFO =====> Height map loss: 49.19637680053711
2024-09-18 21:08:19,038 INFO =====> Trajectory grad mean: 51886.11328125
2024-09-18 21:08:19,038 INFO =====> Num. aborted data so far: 2
2024-09-18 21:08:19,280 INFO ===> New TaichiEnv created.
2024-09-18 21:08:19,280 INFO ===> Specifications: horizon = 300, dt = 0.01, n_substeps = 20, dt_sub = 0.0005
2024-09-18 21:08:57,834 INFO =====> Epoch: 26
2024-09-18 21:08:57,834 INFO =====> EMD Loss: 40.13533401489258
2024-09-18 21:08:57,834 INFO =====> Height map loss: 50.44397735595703
2024-09-18 21:08:57,834 INFO =====> Trajectory grad mean: 164619.6875
2024-09-18 21:08:57,834 INFO =====> Num. aborted data so far: 2
2024-09-18 21:08:58,077 INFO ===> New TaichiEnv created.
2024-09-18 21:08:58,077 INFO ===> Specifications: horizon = 300, dt = 0.01, n_substeps = 20, dt_sub = 0.0005
2024-09-18 21:09:36,784 INFO =====> Epoch: 27
2024-09-18 21:09:36,784 INFO =====> EMD Loss: 43.17897415161133
2024-09-18 21:09:36,784 INFO =====> Height map loss: 51.574684143066406
2024-09-18 21:09:36,784 INFO =====> Trajectory grad mean: -36051.28515625
2024-09-18 21:09:36,784 INFO =====> Num. aborted data so far: 2
2024-09-18 21:09:37,029 INFO ===> New TaichiEnv created.
2024-09-18 21:09:37,029 INFO ===> Specifications: horizon = 300, dt = 0.01, n_substeps = 20, dt_sub = 0.0005
2024-09-18 21:10:15,571 INFO =====> Epoch: 28
2024-09-18 21:10:15,571 INFO =====> EMD Loss: 43.926212310791016
2024-09-18 21:10:15,571 INFO =====> Height map loss: 50.32281494140625
2024-09-18 21:10:15,571 INFO =====> Trajectory grad mean: 26720.419921875
2024-09-18 21:10:15,571 INFO =====> Num. aborted data so far: 2
2024-09-18 21:10:15,817 INFO ===> New TaichiEnv created.
2024-09-18 21:10:15,817 INFO ===> Specifications: horizon = 300, dt = 0.01, n_substeps = 20, dt_sub = 0.0005
2024-09-18 21:10:54,394 INFO =====> Epoch: 29
2024-09-18 21:10:54,394 INFO =====> EMD Loss: 43.94486999511719
2024-09-18 21:10:54,395 INFO =====> Height map loss: 50.88982009887695
2024-09-18 21:10:54,395 INFO =====> Trajectory grad mean: 15361.1982421875
2024-09-18 21:10:54,395 INFO =====> Num. aborted data so far: 2
2024-09-18 21:10:54,641 INFO ===> New TaichiEnv created.
2024-09-18 21:10:54,641 INFO ===> Specifications: horizon = 300, dt = 0.01, n_substeps = 20, dt_sub = 0.0005
2024-09-18 21:11:33,576 INFO =====> Epoch: 30
2024-09-18 21:11:33,576 INFO =====> EMD Loss: 47.69010925292969
2024-09-18 21:11:33,576 INFO =====> Height map loss: 56.65231704711914
2024-09-18 21:11:33,577 INFO =====> Trajectory grad mean: -6675.07763671875
2024-09-18 21:11:33,577 INFO =====> Num. aborted data so far: 2
2024-09-18 21:11:33,826 INFO ===> New TaichiEnv created.
2024-09-18 21:11:33,826 INFO ===> Specifications: horizon = 300, dt = 0.01, n_substeps = 20, dt_sub = 0.0005
2024-09-18 21:12:12,868 INFO =====> Epoch: 31
2024-09-18 21:12:12,868 INFO =====> EMD Loss: 49.601932525634766
2024-09-18 21:12:12,868 INFO =====> Height map loss: 60.32199478149414
2024-09-18 21:12:12,868 INFO =====> Trajectory grad mean: 92012.7109375
2024-09-18 21:12:12,868 INFO =====> Num. aborted data so far: 2
2024-09-18 21:12:13,115 INFO ===> New TaichiEnv created.
2024-09-18 21:12:13,115 INFO ===> Specifications: horizon = 300, dt = 0.01, n_substeps = 20, dt_sub = 0.0005
2024-09-18 21:12:51,905 INFO =====> Epoch: 32
2024-09-18 21:12:51,905 INFO =====> EMD Loss: 49.97565841674805
2024-09-18 21:12:51,905 INFO =====> Height map loss: 62.88621139526367
2024-09-18 21:12:51,905 INFO =====> Trajectory grad mean: 11894.212890625
2024-09-18 21:12:51,905 INFO =====> Num. aborted data so far: 2
2024-09-18 21:12:52,153 INFO ===> New TaichiEnv created.
2024-09-18 21:12:52,153 INFO ===> Specifications: horizon = 300, dt = 0.01, n_substeps = 20, dt_sub = 0.0005
2024-09-18 21:13:31,340 INFO =====> Epoch: 33
2024-09-18 21:13:31,340 INFO =====> EMD Loss: 52.88902282714844
2024-09-18 21:13:31,340 INFO =====> Height map loss: 68.37580871582031
2024-09-18 21:13:31,340 INFO =====> Trajectory grad mean: 18877.140625
2024-09-18 21:13:31,340 INFO =====> Num. aborted data so far: 2
2024-09-18 21:13:31,590 INFO ===> New TaichiEnv created.
2024-09-18 21:13:31,590 INFO ===> Specifications: horizon = 300, dt = 0.01, n_substeps = 20, dt_sub = 0.0005
2024-09-18 21:14:11,102 INFO =====> Epoch: 34
2024-09-18 21:14:11,102 INFO =====> EMD Loss: 53.142024993896484
2024-09-18 21:14:11,102 INFO =====> Height map loss: 70.5282974243164
2024-09-18 21:14:11,102 INFO =====> Trajectory grad mean: -2963.61181640625
2024-09-18 21:14:11,102 INFO =====> Num. aborted data so far: 2
2024-09-18 21:14:11,351 INFO ===> New TaichiEnv created.
2024-09-18 21:14:11,351 INFO ===> Specifications: horizon = 300, dt = 0.01, n_substeps = 20, dt_sub = 0.0005
2024-09-18 21:14:50,365 INFO =====> Epoch: 35
2024-09-18 21:14:50,365 INFO =====> EMD Loss: 54.00731658935547
2024-09-18 21:14:50,365 INFO =====> Height map loss: 73.25248718261719
2024-09-18 21:14:50,365 INFO =====> Trajectory grad mean: 10573.88671875
2024-09-18 21:14:50,365 INFO =====> Num. aborted data so far: 2
2024-09-18 21:14:50,615 INFO ===> New TaichiEnv created.
2024-09-18 21:14:50,616 INFO ===> Specifications: horizon = 300, dt = 0.01, n_substeps = 20, dt_sub = 0.0005
2024-09-18 21:15:29,792 INFO =====> Epoch: 36
2024-09-18 21:15:29,792 INFO =====> EMD Loss: 55.8619384765625
2024-09-18 21:15:29,792 INFO =====> Height map loss: 77.63407135009766
2024-09-18 21:15:29,793 INFO =====> Trajectory grad mean: 13894.166015625
2024-09-18 21:15:29,793 INFO =====> Num. aborted data so far: 2
2024-09-18 21:15:30,041 INFO ===> New TaichiEnv created.
2024-09-18 21:15:30,041 INFO ===> Specifications: horizon = 300, dt = 0.01, n_substeps = 20, dt_sub = 0.0005
2024-09-18 21:16:09,103 INFO =====> Epoch: 37
2024-09-18 21:16:09,103 INFO =====> EMD Loss: 56.84060287475586
2024-09-18 21:16:09,103 INFO =====> Height map loss: 80.2844009399414
2024-09-18 21:16:09,103 INFO =====> Trajectory grad mean: 1801.931884765625
2024-09-18 21:16:09,103 INFO =====> Num. aborted data so far: 2
2024-09-18 21:16:09,354 INFO ===> New TaichiEnv created.
2024-09-18 21:16:09,354 INFO ===> Specifications: horizon = 300, dt = 0.01, n_substeps = 20, dt_sub = 0.0005
2024-09-18 21:16:49,239 INFO =====> Epoch: 38
2024-09-18 21:16:49,239 INFO =====> EMD Loss: 59.014034271240234
2024-09-18 21:16:49,239 INFO =====> Height map loss: 83.7563247680664
2024-09-18 21:16:49,239 INFO =====> Trajectory grad mean: -4095579.75
2024-09-18 21:16:49,239 INFO =====> Num. aborted data so far: 2
2024-09-18 21:16:49,490 INFO ===> New TaichiEnv created.
2024-09-18 21:16:49,490 INFO ===> Specifications: horizon = 300, dt = 0.01, n_substeps = 20, dt_sub = 0.0005
2024-09-18 21:17:29,074 INFO =====> Epoch: 39
2024-09-18 21:17:29,074 INFO =====> EMD Loss: 57.062904357910156
2024-09-18 21:17:29,074 INFO =====> Height map loss: 81.13195037841797
2024-09-18 21:17:29,074 INFO =====> Trajectory grad mean: -80221.7734375
2024-09-18 21:17:29,074 INFO =====> Num. aborted data so far: 2
2024-09-18 21:17:29,326 INFO ===> New TaichiEnv created.
2024-09-18 21:17:29,326 INFO ===> Specifications: horizon = 300, dt = 0.01, n_substeps = 20, dt_sub = 0.0005
2024-09-18 21:18:08,744 INFO =====> Epoch: 40
2024-09-18 21:18:08,744 INFO =====> EMD Loss: 56.15633010864258
2024-09-18 21:18:08,744 INFO =====> Height map loss: 77.26038360595703
2024-09-18 21:18:08,744 INFO =====> Trajectory grad mean: 2932.430908203125
2024-09-18 21:18:08,744 INFO =====> Num. aborted data so far: 2
2024-09-18 21:18:08,996 INFO ===> New TaichiEnv created.
2024-09-18 21:18:08,996 INFO ===> Specifications: horizon = 300, dt = 0.01, n_substeps = 20, dt_sub = 0.0005
2024-09-18 21:18:48,205 INFO =====> Epoch: 41
2024-09-18 21:18:48,205 INFO =====> EMD Loss: 54.47360610961914
2024-09-18 21:18:48,205 INFO =====> Height map loss: 76.33682250976562
2024-09-18 21:18:48,205 INFO =====> Trajectory grad mean: -24093.32421875
2024-09-18 21:18:48,205 INFO =====> Num. aborted data so far: 2
2024-09-18 21:18:48,459 INFO ===> New TaichiEnv created.
2024-09-18 21:18:48,459 INFO ===> Specifications: horizon = 300, dt = 0.01, n_substeps = 20, dt_sub = 0.0005
2024-09-18 21:19:28,212 INFO =====> Epoch: 42
2024-09-18 21:19:28,212 INFO =====> EMD Loss: 54.078311920166016
2024-09-18 21:19:28,212 INFO =====> Height map loss: 71.65834045410156
2024-09-18 21:19:28,213 INFO =====> Trajectory grad mean: 21845.517578125
2024-09-18 21:19:28,213 INFO =====> Num. aborted data so far: 2
2024-09-18 21:19:28,467 INFO ===> New TaichiEnv created.
2024-09-18 21:19:28,467 INFO ===> Specifications: horizon = 300, dt = 0.01, n_substeps = 20, dt_sub = 0.0005
2024-09-18 21:20:07,844 INFO =====> Epoch: 43
2024-09-18 21:20:07,845 INFO =====> EMD Loss: 54.107139587402344
2024-09-18 21:20:07,845 INFO =====> Height map loss: 70.65616607666016
2024-09-18 21:20:07,845 INFO =====> Trajectory grad mean: 54909.51953125
2024-09-18 21:20:07,845 INFO =====> Num. aborted data so far: 2
2024-09-18 21:20:08,098 INFO ===> New TaichiEnv created.
2024-09-18 21:20:08,098 INFO ===> Specifications: horizon = 300, dt = 0.01, n_substeps = 20, dt_sub = 0.0005
2024-09-18 21:20:47,574 INFO =====> Epoch: 44
2024-09-18 21:20:47,574 INFO =====> EMD Loss: 52.99692916870117
2024-09-18 21:20:47,574 INFO =====> Height map loss: 66.9639663696289
2024-09-18 21:20:47,574 INFO =====> Trajectory grad mean: 65617.4921875
2024-09-18 21:20:47,574 INFO =====> Num. aborted data so far: 2
2024-09-18 21:20:47,829 INFO ===> New TaichiEnv created.
2024-09-18 21:20:47,829 INFO ===> Specifications: horizon = 300, dt = 0.01, n_substeps = 20, dt_sub = 0.0005
2024-09-18 21:21:26,795 INFO =====> Epoch: 45
2024-09-18 21:21:26,795 INFO =====> EMD Loss: 49.73029708862305
2024-09-18 21:21:26,795 INFO =====> Height map loss: 59.69629669189453
2024-09-18 21:21:26,795 INFO =====> Trajectory grad mean: 23153.14453125
2024-09-18 21:21:26,795 INFO =====> Num. aborted data so far: 2
2024-09-18 21:21:27,050 INFO ===> New TaichiEnv created.
2024-09-18 21:21:27,050 INFO ===> Specifications: horizon = 300, dt = 0.01, n_substeps = 20, dt_sub = 0.0005
2024-09-18 21:22:05,804 INFO =====> Epoch: 46
2024-09-18 21:22:05,805 INFO =====> EMD Loss: 47.91755294799805
2024-09-18 21:22:05,805 INFO =====> Height map loss: 57.47709655761719
2024-09-18 21:22:05,805 INFO =====> Trajectory grad mean: 6088.4228515625
2024-09-18 21:22:05,805 INFO =====> Num. aborted data so far: 2
2024-09-18 21:22:06,064 INFO ===> New TaichiEnv created.
2024-09-18 21:22:06,065 INFO ===> Specifications: horizon = 300, dt = 0.01, n_substeps = 20, dt_sub = 0.0005
2024-09-18 21:22:44,699 INFO =====> Epoch: 47
2024-09-18 21:22:44,699 INFO =====> EMD Loss: 46.58256149291992
2024-09-18 21:22:44,699 INFO =====> Height map loss: 55.54604721069336
2024-09-18 21:22:44,699 INFO =====> Trajectory grad mean: 65703.9921875
2024-09-18 21:22:44,699 INFO =====> Num. aborted data so far: 2
2024-09-18 21:22:44,956 INFO ===> New TaichiEnv created.
2024-09-18 21:22:44,956 INFO ===> Specifications: horizon = 300, dt = 0.01, n_substeps = 20, dt_sub = 0.0005
2024-09-18 21:23:24,039 INFO =====> Epoch: 48
2024-09-18 21:23:24,039 INFO =====> EMD Loss: 46.684261322021484
2024-09-18 21:23:24,039 INFO =====> Height map loss: 55.48295593261719
2024-09-18 21:23:24,039 INFO =====> Trajectory grad mean: -1110.4019775390625
2024-09-18 21:23:24,039 INFO =====> Num. aborted data so far: 2
2024-09-18 21:23:24,295 INFO ===> New TaichiEnv created.
2024-09-18 21:23:24,295 INFO ===> Specifications: horizon = 300, dt = 0.01, n_substeps = 20, dt_sub = 0.0005
2024-09-18 21:24:03,077 INFO =====> Epoch: 49
2024-09-18 21:24:03,077 INFO =====> EMD Loss: 45.60518264770508
2024-09-18 21:24:03,077 INFO =====> Height map loss: 53.5596809387207
2024-09-18 21:24:03,077 INFO =====> Trajectory grad mean: -9833.328125
2024-09-18 21:24:03,077 INFO =====> Num. aborted data so far: 2
2024-09-18 21:24:03,338 INFO ===> New TaichiEnv created.
2024-09-18 21:24:03,338 INFO ===> Specifications: horizon = 300, dt = 0.01, n_substeps = 20, dt_sub = 0.0005
2024-09-18 21:24:42,084 INFO =====> Epoch: 50
2024-09-18 21:24:42,084 INFO =====> EMD Loss: 46.69657897949219
2024-09-18 21:24:42,084 INFO =====> Height map loss: 55.07901382446289
2024-09-18 21:24:42,084 INFO =====> Trajectory grad mean: -118938.4609375
2024-09-18 21:24:42,084 INFO =====> Num. aborted data so far: 2
2024-09-18 21:24:42,342 INFO ===> New TaichiEnv created.
2024-09-18 21:24:42,342 INFO ===> Specifications: horizon = 300, dt = 0.01, n_substeps = 20, dt_sub = 0.0005
2024-09-18 21:25:21,077 INFO =====> Epoch: 51
2024-09-18 21:25:21,077 INFO =====> EMD Loss: 46.39745330810547
2024-09-18 21:25:21,077 INFO =====> Height map loss: 52.58208465576172
2024-09-18 21:25:21,077 INFO =====> Trajectory grad mean: -136123.1875
2024-09-18 21:25:21,077 INFO =====> Num. aborted data so far: 2
2024-09-18 21:25:21,334 INFO ===> New TaichiEnv created.
2024-09-18 21:25:21,334 INFO ===> Specifications: horizon = 300, dt = 0.01, n_substeps = 20, dt_sub = 0.0005
2024-09-18 21:26:00,166 INFO =====> Epoch: 52
2024-09-18 21:26:00,166 INFO =====> EMD Loss: 49.01508712768555
2024-09-18 21:26:00,166 INFO =====> Height map loss: 57.22107696533203
2024-09-18 21:26:00,166 INFO =====> Trajectory grad mean: -23440.841796875
2024-09-18 21:26:00,166 INFO =====> Num. aborted data so far: 2
2024-09-18 21:26:00,424 INFO ===> New TaichiEnv created.
2024-09-18 21:26:00,424 INFO ===> Specifications: horizon = 300, dt = 0.01, n_substeps = 20, dt_sub = 0.0005
2024-09-18 21:26:39,468 INFO =====> Epoch: 53
2024-09-18 21:26:39,468 INFO =====> EMD Loss: 50.13083267211914
2024-09-18 21:26:39,468 INFO =====> Height map loss: 58.512916564941406
2024-09-18 21:26:39,468 INFO =====> Trajectory grad mean: -161242.5
2024-09-18 21:26:39,468 INFO =====> Num. aborted data so far: 2
2024-09-18 21:26:39,727 INFO ===> New TaichiEnv created.
2024-09-18 21:26:39,727 INFO ===> Specifications: horizon = 300, dt = 0.01, n_substeps = 20, dt_sub = 0.0005
2024-09-18 21:27:18,660 INFO =====> Epoch: 54
2024-09-18 21:27:18,660 INFO =====> EMD Loss: 49.56641387939453
2024-09-18 21:27:18,660 INFO =====> Height map loss: 62.15367889404297
2024-09-18 21:27:18,660 INFO =====> Trajectory grad mean: 96331.4140625
2024-09-18 21:27:18,660 INFO =====> Num. aborted data so far: 2
2024-09-18 21:27:18,919 INFO ===> New TaichiEnv created.
2024-09-18 21:27:18,919 INFO ===> Specifications: horizon = 300, dt = 0.01, n_substeps = 20, dt_sub = 0.0005
2024-09-18 21:27:57,737 INFO =====> Epoch: 55
2024-09-18 21:27:57,737 INFO =====> EMD Loss: 49.26998519897461
2024-09-18 21:27:57,737 INFO =====> Height map loss: 62.39975357055664
2024-09-18 21:27:57,737 INFO =====> Trajectory grad mean: 13623.3466796875
2024-09-18 21:27:57,737 INFO =====> Num. aborted data so far: 2
2024-09-18 21:27:57,999 INFO ===> New TaichiEnv created.
2024-09-18 21:27:57,999 INFO ===> Specifications: horizon = 300, dt = 0.01, n_substeps = 20, dt_sub = 0.0005
2024-09-18 21:28:37,272 INFO =====> Epoch: 56
2024-09-18 21:28:37,272 INFO =====> EMD Loss: 49.47975158691406
2024-09-18 21:28:37,272 INFO =====> Height map loss: 62.681392669677734
2024-09-18 21:28:37,272 INFO =====> Trajectory grad mean: -11140.76171875
2024-09-18 21:28:37,272 INFO =====> Num. aborted data so far: 2
2024-09-18 21:28:37,532 INFO ===> New TaichiEnv created.
2024-09-18 21:28:37,532 INFO ===> Specifications: horizon = 300, dt = 0.01, n_substeps = 20, dt_sub = 0.0005
2024-09-18 21:29:16,528 INFO =====> Epoch: 57
2024-09-18 21:29:16,528 INFO =====> EMD Loss: 49.45290756225586
2024-09-18 21:29:16,528 INFO =====> Height map loss: 62.351318359375
2024-09-18 21:29:16,528 INFO =====> Trajectory grad mean: -18151.01171875
2024-09-18 21:29:16,528 INFO =====> Num. aborted data so far: 2
2024-09-18 21:29:16,789 INFO ===> New TaichiEnv created.
2024-09-18 21:29:16,789 INFO ===> Specifications: horizon = 300, dt = 0.01, n_substeps = 20, dt_sub = 0.0005
2024-09-18 21:29:55,931 INFO =====> Epoch: 58
2024-09-18 21:29:55,931 INFO =====> EMD Loss: 49.362388610839844
2024-09-18 21:29:55,931 INFO =====> Height map loss: 64.18333435058594
2024-09-18 21:29:55,931 INFO =====> Trajectory grad mean: -97107.296875
2024-09-18 21:29:55,931 INFO =====> Num. aborted data so far: 2
2024-09-18 21:29:56,195 INFO ===> New TaichiEnv created.
2024-09-18 21:29:56,195 INFO ===> Specifications: horizon = 300, dt = 0.01, n_substeps = 20, dt_sub = 0.0005
2024-09-18 21:30:35,283 INFO =====> Epoch: 59
2024-09-18 21:30:35,283 INFO =====> EMD Loss: 49.966217041015625
2024-09-18 21:30:35,283 INFO =====> Height map loss: 63.837738037109375
2024-09-18 21:30:35,283 INFO =====> Trajectory grad mean: -56071.12109375
2024-09-18 21:30:35,283 INFO =====> Num. aborted data so far: 2
2024-09-18 21:30:35,545 INFO ===> New TaichiEnv created.
2024-09-18 21:30:35,545 INFO ===> Specifications: horizon = 300, dt = 0.01, n_substeps = 20, dt_sub = 0.0005
2024-09-18 21:31:14,938 INFO =====> Epoch: 60
2024-09-18 21:31:14,938 INFO =====> EMD Loss: 50.10603332519531
2024-09-18 21:31:14,938 INFO =====> Height map loss: 64.42948913574219
2024-09-18 21:31:14,938 INFO =====> Trajectory grad mean: -49580.3515625
2024-09-18 21:31:14,938 INFO =====> Num. aborted data so far: 2
2024-09-18 21:31:15,199 INFO ===> New TaichiEnv created.
2024-09-18 21:31:15,199 INFO ===> Specifications: horizon = 300, dt = 0.01, n_substeps = 20, dt_sub = 0.0005
2024-09-18 21:31:54,644 INFO =====> Epoch: 61
2024-09-18 21:31:54,644 INFO =====> EMD Loss: 49.31080627441406
2024-09-18 21:31:54,644 INFO =====> Height map loss: 64.59815979003906
2024-09-18 21:31:54,644 INFO =====> Trajectory grad mean: 141447.09375
2024-09-18 21:31:54,644 INFO =====> Num. aborted data so far: 2
2024-09-18 21:31:54,906 INFO ===> New TaichiEnv created.
2024-09-18 21:31:54,906 INFO ===> Specifications: horizon = 300, dt = 0.01, n_substeps = 20, dt_sub = 0.0005
2024-09-18 21:32:34,227 INFO =====> Epoch: 62
2024-09-18 21:32:34,227 INFO =====> EMD Loss: 50.507789611816406
2024-09-18 21:32:34,227 INFO =====> Height map loss: 65.80284881591797
2024-09-18 21:32:34,227 INFO =====> Trajectory grad mean: 79759.7734375
2024-09-18 21:32:34,227 INFO =====> Num. aborted data so far: 2
2024-09-18 21:32:34,491 INFO ===> New TaichiEnv created.
2024-09-18 21:32:34,491 INFO ===> Specifications: horizon = 300, dt = 0.01, n_substeps = 20, dt_sub = 0.0005
2024-09-18 21:33:13,828 INFO =====> Epoch: 63
2024-09-18 21:33:13,828 INFO =====> EMD Loss: 51.249149322509766
2024-09-18 21:33:13,828 INFO =====> Height map loss: 69.22486114501953
2024-09-18 21:33:13,828 INFO =====> Trajectory grad mean: 33226.4140625
2024-09-18 21:33:13,828 INFO =====> Num. aborted data so far: 2
2024-09-18 21:33:14,091 INFO ===> New TaichiEnv created.
2024-09-18 21:33:14,091 INFO ===> Specifications: horizon = 300, dt = 0.01, n_substeps = 20, dt_sub = 0.0005
2024-09-18 21:33:53,313 INFO =====> Epoch: 64
2024-09-18 21:33:53,313 INFO =====> EMD Loss: 52.4942741394043
2024-09-18 21:33:53,313 INFO =====> Height map loss: 70.04927825927734
2024-09-18 21:33:53,313 INFO =====> Trajectory grad mean: -20206.54296875
2024-09-18 21:33:53,313 INFO =====> Num. aborted data so far: 2
2024-09-18 21:33:53,577 INFO ===> New TaichiEnv created.
2024-09-18 21:33:53,577 INFO ===> Specifications: horizon = 300, dt = 0.01, n_substeps = 20, dt_sub = 0.0005
2024-09-18 21:34:32,918 INFO =====> Epoch: 65
2024-09-18 21:34:32,919 INFO =====> EMD Loss: 53.85078430175781
2024-09-18 21:34:32,919 INFO =====> Height map loss: 73.15896606445312
2024-09-18 21:34:32,919 INFO =====> Trajectory grad mean: 31864.62109375
2024-09-18 21:34:32,919 INFO =====> Num. aborted data so far: 2
2024-09-18 21:34:33,183 INFO ===> New TaichiEnv created.
2024-09-18 21:34:33,183 INFO ===> Specifications: horizon = 300, dt = 0.01, n_substeps = 20, dt_sub = 0.0005
2024-09-18 21:35:12,441 INFO =====> Epoch: 66
2024-09-18 21:35:12,441 INFO =====> EMD Loss: 53.754268646240234
2024-09-18 21:35:12,441 INFO =====> Height map loss: 74.82410430908203
2024-09-18 21:35:12,441 INFO =====> Trajectory grad mean: -51041.23046875
2024-09-18 21:35:12,441 INFO =====> Num. aborted data so far: 2
2024-09-18 21:35:12,706 INFO ===> New TaichiEnv created.
2024-09-18 21:35:12,706 INFO ===> Specifications: horizon = 300, dt = 0.01, n_substeps = 20, dt_sub = 0.0005
2024-09-18 21:35:52,249 INFO =====> Epoch: 67
2024-09-18 21:35:52,250 INFO =====> EMD Loss: 52.89252853393555
2024-09-18 21:35:52,250 INFO =====> Height map loss: 78.48929595947266
2024-09-18 21:35:52,250 INFO =====> Trajectory grad mean: 13312.0712890625
2024-09-18 21:35:52,250 INFO =====> Num. aborted data so far: 2
2024-09-18 21:35:52,518 INFO ===> New TaichiEnv created.
2024-09-18 21:35:52,518 INFO ===> Specifications: horizon = 300, dt = 0.01, n_substeps = 20, dt_sub = 0.0005
2024-09-18 21:36:32,029 INFO =====> Epoch: 68
2024-09-18 21:36:32,029 INFO =====> EMD Loss: 50.36959457397461
2024-09-18 21:36:32,029 INFO =====> Height map loss: 79.80120086669922
2024-09-18 21:36:32,029 INFO =====> Trajectory grad mean: 3623.1982421875
2024-09-18 21:36:32,029 INFO =====> Num. aborted data so far: 2
2024-09-18 21:36:32,296 INFO ===> New TaichiEnv created.
2024-09-18 21:36:32,296 INFO ===> Specifications: horizon = 300, dt = 0.01, n_substeps = 20, dt_sub = 0.0005
2024-09-18 21:37:11,832 INFO =====> Epoch: 69
2024-09-18 21:37:11,832 INFO =====> EMD Loss: 49.777198791503906
2024-09-18 21:37:11,832 INFO =====> Height map loss: 78.928955078125
2024-09-18 21:37:11,832 INFO =====> Trajectory grad mean: 6615.91259765625
2024-09-18 21:37:11,832 INFO =====> Num. aborted data so far: 2
2024-09-18 21:37:12,100 INFO ===> New TaichiEnv created.
2024-09-18 21:37:12,100 INFO ===> Specifications: horizon = 300, dt = 0.01, n_substeps = 20, dt_sub = 0.0005
2024-09-18 21:37:51,860 INFO =====> Epoch: 70
2024-09-18 21:37:51,860 INFO =====> EMD Loss: 51.241249084472656
2024-09-18 21:37:51,860 INFO =====> Height map loss: 80.66506958007812
2024-09-18 21:37:51,860 INFO =====> Trajectory grad mean: -72856.71875
2024-09-18 21:37:51,860 INFO =====> Num. aborted data so far: 2
2024-09-18 21:37:52,124 INFO ===> New TaichiEnv created.
2024-09-18 21:37:52,124 INFO ===> Specifications: horizon = 300, dt = 0.01, n_substeps = 20, dt_sub = 0.0005
2024-09-18 21:38:31,449 INFO =====> Epoch: 71
2024-09-18 21:38:31,449 INFO =====> EMD Loss: 52.01667785644531
2024-09-18 21:38:31,449 INFO =====> Height map loss: 78.32028198242188
2024-09-18 21:38:31,449 INFO =====> Trajectory grad mean: -8346.998046875
2024-09-18 21:38:31,449 INFO =====> Num. aborted data so far: 2
2024-09-18 21:38:31,714 INFO ===> New TaichiEnv created.
2024-09-18 21:38:31,714 INFO ===> Specifications: horizon = 300, dt = 0.01, n_substeps = 20, dt_sub = 0.0005
2024-09-18 21:39:11,651 INFO =====> Epoch: 72
2024-09-18 21:39:11,651 INFO =====> EMD Loss: 53.68593978881836
2024-09-18 21:39:11,651 INFO =====> Height map loss: 81.54727172851562
2024-09-18 21:39:11,651 INFO =====> Trajectory grad mean: 3457.90478515625
2024-09-18 21:39:11,651 INFO =====> Num. aborted data so far: 2
2024-09-18 21:39:11,915 INFO ===> New TaichiEnv created.
2024-09-18 21:39:11,915 INFO ===> Specifications: horizon = 300, dt = 0.01, n_substeps = 20, dt_sub = 0.0005
2024-09-18 21:39:51,426 INFO =====> Epoch: 73
2024-09-18 21:39:51,426 INFO =====> EMD Loss: 53.75126266479492
2024-09-18 21:39:51,426 INFO =====> Height map loss: 80.3110122680664
2024-09-18 21:39:51,427 INFO =====> Trajectory grad mean: 17669.609375
2024-09-18 21:39:51,427 INFO =====> Num. aborted data so far: 2
2024-09-18 21:39:51,690 INFO ===> New TaichiEnv created.
2024-09-18 21:39:51,690 INFO ===> Specifications: horizon = 300, dt = 0.01, n_substeps = 20, dt_sub = 0.0005
2024-09-18 21:40:31,424 INFO =====> Epoch: 74
2024-09-18 21:40:31,424 INFO =====> EMD Loss: 54.468448638916016
2024-09-18 21:40:31,424 INFO =====> Height map loss: 79.51461791992188
2024-09-18 21:40:31,424 INFO =====> Trajectory grad mean: 83897.4140625
2024-09-18 21:40:31,424 INFO =====> Num. aborted data so far: 2
2024-09-18 21:40:31,687 INFO ===> New TaichiEnv created.
2024-09-18 21:40:31,687 INFO ===> Specifications: horizon = 300, dt = 0.01, n_substeps = 20, dt_sub = 0.0005
2024-09-18 21:41:11,174 INFO =====> Epoch: 75
2024-09-18 21:41:11,174 INFO =====> EMD Loss: 55.30488204956055
2024-09-18 21:41:11,174 INFO =====> Height map loss: 80.1246337890625
2024-09-18 21:41:11,174 INFO =====> Trajectory grad mean: -5130.99951171875
2024-09-18 21:41:11,174 INFO =====> Num. aborted data so far: 2
2024-09-18 21:41:11,438 INFO ===> New TaichiEnv created.
2024-09-18 21:41:11,438 INFO ===> Specifications: horizon = 300, dt = 0.01, n_substeps = 20, dt_sub = 0.0005
2024-09-18 21:41:51,150 INFO =====> Epoch: 76
2024-09-18 21:41:51,150 INFO =====> EMD Loss: 56.10993576049805
2024-09-18 21:41:51,150 INFO =====> Height map loss: 79.33407592773438
2024-09-18 21:41:51,150 INFO =====> Trajectory grad mean: -118780.421875
2024-09-18 21:41:51,150 INFO =====> Num. aborted data so far: 2
2024-09-18 21:41:51,414 INFO ===> New TaichiEnv created.
2024-09-18 21:41:51,414 INFO ===> Specifications: horizon = 300, dt = 0.01, n_substeps = 20, dt_sub = 0.0005
2024-09-18 21:42:31,003 INFO =====> Epoch: 77
2024-09-18 21:42:31,003 INFO =====> EMD Loss: 55.297080993652344
2024-09-18 21:42:31,003 INFO =====> Height map loss: 81.97777557373047
2024-09-18 21:42:31,003 INFO =====> Trajectory grad mean: 11324.7802734375
2024-09-18 21:42:31,003 INFO =====> Num. aborted data so far: 2
2024-09-18 21:42:31,269 INFO ===> New TaichiEnv created.
2024-09-18 21:42:31,269 INFO ===> Specifications: horizon = 300, dt = 0.01, n_substeps = 20, dt_sub = 0.0005
2024-09-18 21:43:10,929 INFO =====> Epoch: 78
2024-09-18 21:43:10,929 INFO =====> EMD Loss: 54.565799713134766
2024-09-18 21:43:10,929 INFO =====> Height map loss: 85.62077331542969
2024-09-18 21:43:10,929 INFO =====> Trajectory grad mean: 11209.6416015625
2024-09-18 21:43:10,929 INFO =====> Num. aborted data so far: 2
2024-09-18 21:43:11,197 INFO ===> New TaichiEnv created.
2024-09-18 21:43:11,197 INFO ===> Specifications: horizon = 300, dt = 0.01, n_substeps = 20, dt_sub = 0.0005
2024-09-18 21:43:50,932 INFO =====> Epoch: 79
2024-09-18 21:43:50,932 INFO =====> EMD Loss: 52.34992218017578
2024-09-18 21:43:50,932 INFO =====> Height map loss: 81.20745086669922
2024-09-18 21:43:50,932 INFO =====> Trajectory grad mean: 64065.3984375
2024-09-18 21:43:50,932 INFO =====> Num. aborted data so far: 2
2024-09-18 21:43:51,199 INFO ===> New TaichiEnv created.
2024-09-18 21:43:51,199 INFO ===> Specifications: horizon = 300, dt = 0.01, n_substeps = 20, dt_sub = 0.0005
2024-09-18 21:44:31,240 INFO =====> Epoch: 80
2024-09-18 21:44:31,240 INFO =====> EMD Loss: 52.078792572021484
2024-09-18 21:44:31,240 INFO =====> Height map loss: 80.16236877441406
2024-09-18 21:44:31,240 INFO =====> Trajectory grad mean: -4652.68212890625
2024-09-18 21:44:31,240 INFO =====> Num. aborted data so far: 2
2024-09-18 21:44:31,507 INFO ===> New TaichiEnv created.
2024-09-18 21:44:31,507 INFO ===> Specifications: horizon = 300, dt = 0.01, n_substeps = 20, dt_sub = 0.0005
2024-09-18 21:45:11,232 INFO =====> Epoch: 81
2024-09-18 21:45:11,232 INFO =====> EMD Loss: 50.66200637817383
2024-09-18 21:45:11,232 INFO =====> Height map loss: 71.68706512451172
2024-09-18 21:45:11,232 INFO =====> Trajectory grad mean: 35047.5078125
2024-09-18 21:45:11,232 INFO =====> Num. aborted data so far: 2
2024-09-18 21:45:11,499 INFO ===> New TaichiEnv created.
2024-09-18 21:45:11,499 INFO ===> Specifications: horizon = 300, dt = 0.01, n_substeps = 20, dt_sub = 0.0005
2024-09-18 21:45:51,246 INFO =====> Epoch: 82
2024-09-18 21:45:51,246 INFO =====> EMD Loss: 49.89931869506836
2024-09-18 21:45:51,246 INFO =====> Height map loss: 66.17964935302734
2024-09-18 21:45:51,246 INFO =====> Trajectory grad mean: 54689.77734375
2024-09-18 21:45:51,246 INFO =====> Num. aborted data so far: 2
2024-09-18 21:45:51,516 INFO ===> New TaichiEnv created.
2024-09-18 21:45:51,516 INFO ===> Specifications: horizon = 300, dt = 0.01, n_substeps = 20, dt_sub = 0.0005
2024-09-18 21:46:31,440 INFO =====> Epoch: 83
2024-09-18 21:46:31,440 INFO =====> EMD Loss: 48.87647247314453
2024-09-18 21:46:31,440 INFO =====> Height map loss: 63.72814178466797
2024-09-18 21:46:31,440 INFO =====> Trajectory grad mean: 37817.640625
2024-09-18 21:46:31,440 INFO =====> Num. aborted data so far: 2
2024-09-18 21:46:31,708 INFO ===> New TaichiEnv created.
2024-09-18 21:46:31,708 INFO ===> Specifications: horizon = 300, dt = 0.01, n_substeps = 20, dt_sub = 0.0005
2024-09-18 21:47:11,206 INFO =====> Epoch: 84
2024-09-18 21:47:11,206 INFO =====> EMD Loss: 48.64005661010742
2024-09-18 21:47:11,206 INFO =====> Height map loss: 61.9254150390625
2024-09-18 21:47:11,206 INFO =====> Trajectory grad mean: -41752.078125
2024-09-18 21:47:11,206 INFO =====> Num. aborted data so far: 2
2024-09-18 21:47:11,472 INFO ===> New TaichiEnv created.
2024-09-18 21:47:11,472 INFO ===> Specifications: horizon = 300, dt = 0.01, n_substeps = 20, dt_sub = 0.0005
2024-09-18 21:47:51,060 INFO =====> Epoch: 85
2024-09-18 21:47:51,060 INFO =====> EMD Loss: 47.586082458496094
2024-09-18 21:47:51,060 INFO =====> Height map loss: 59.96699523925781
2024-09-18 21:47:51,060 INFO =====> Trajectory grad mean: 16211.7236328125
2024-09-18 21:47:51,060 INFO =====> Num. aborted data so far: 2
2024-09-18 21:47:51,328 INFO ===> New TaichiEnv created.
2024-09-18 21:47:51,328 INFO ===> Specifications: horizon = 300, dt = 0.01, n_substeps = 20, dt_sub = 0.0005
2024-09-18 21:48:30,792 INFO =====> Epoch: 86
2024-09-18 21:48:30,792 INFO =====> EMD Loss: 46.631927490234375
2024-09-18 21:48:30,792 INFO =====> Height map loss: 58.6856575012207
2024-09-18 21:48:30,792 INFO =====> Trajectory grad mean: 20112.453125
2024-09-18 21:48:30,792 INFO =====> Num. aborted data so far: 2
2024-09-18 21:48:31,062 INFO ===> New TaichiEnv created.
2024-09-18 21:48:31,062 INFO ===> Specifications: horizon = 300, dt = 0.01, n_substeps = 20, dt_sub = 0.0005
2024-09-18 21:49:10,939 INFO =====> Epoch: 87
2024-09-18 21:49:10,939 INFO =====> EMD Loss: 46.794612884521484
2024-09-18 21:49:10,939 INFO =====> Height map loss: 58.45685577392578
2024-09-18 21:49:10,939 INFO =====> Trajectory grad mean: -445924.9375
2024-09-18 21:49:10,939 INFO =====> Num. aborted data so far: 2
2024-09-18 21:49:11,208 INFO ===> New TaichiEnv created.
2024-09-18 21:49:11,208 INFO ===> Specifications: horizon = 300, dt = 0.01, n_substeps = 20, dt_sub = 0.0005
2024-09-18 21:49:50,805 INFO =====> Epoch: 88
2024-09-18 21:49:50,805 INFO =====> EMD Loss: 46.859195709228516
2024-09-18 21:49:50,805 INFO =====> Height map loss: 57.82429885864258
2024-09-18 21:49:50,805 INFO =====> Trajectory grad mean: 68137.0859375
2024-09-18 21:49:50,805 INFO =====> Num. aborted data so far: 2
2024-09-18 21:49:51,073 INFO ===> New TaichiEnv created.
2024-09-18 21:49:51,073 INFO ===> Specifications: horizon = 300, dt = 0.01, n_substeps = 20, dt_sub = 0.0005
2024-09-18 21:50:30,169 INFO =====> Epoch: 89
2024-09-18 21:50:30,169 INFO =====> EMD Loss: 43.970645904541016
2024-09-18 21:50:30,169 INFO =====> Height map loss: 53.90730285644531
2024-09-18 21:50:30,169 INFO =====> Trajectory grad mean: 571089.0
2024-09-18 21:50:30,169 INFO =====> Num. aborted data so far: 2
2024-09-18 21:50:30,438 INFO ===> New TaichiEnv created.
2024-09-18 21:50:30,438 INFO ===> Specifications: horizon = 300, dt = 0.01, n_substeps = 20, dt_sub = 0.0005
2024-09-18 21:51:09,106 INFO =====> Epoch: 90
2024-09-18 21:51:09,106 INFO =====> EMD Loss: 42.089317321777344
2024-09-18 21:51:09,106 INFO =====> Height map loss: 52.19892120361328
2024-09-18 21:51:09,106 INFO =====> Trajectory grad mean: -71315.828125
2024-09-18 21:51:09,106 INFO =====> Num. aborted data so far: 2
2024-09-18 21:51:09,375 INFO ===> New TaichiEnv created.
2024-09-18 21:51:09,381 INFO ===> Specifications: horizon = 300, dt = 0.01, n_substeps = 20, dt_sub = 0.0005
2024-09-18 21:51:47,554 INFO =====> Epoch: 91
2024-09-18 21:51:47,554 INFO =====> EMD Loss: 40.86735916137695
2024-09-18 21:51:47,554 INFO =====> Height map loss: 49.299827575683594
2024-09-18 21:51:47,554 INFO =====> Trajectory grad mean: -43886.01953125
2024-09-18 21:51:47,554 INFO =====> Num. aborted data so far: 2
2024-09-18 21:51:47,823 INFO ===> New TaichiEnv created.
2024-09-18 21:51:47,823 INFO ===> Specifications: horizon = 300, dt = 0.01, n_substeps = 20, dt_sub = 0.0005
2024-09-18 21:52:26,241 INFO =====> Epoch: 92
2024-09-18 21:52:26,241 INFO =====> EMD Loss: 40.31712341308594
2024-09-18 21:52:26,241 INFO =====> Height map loss: 46.98210525512695
2024-09-18 21:52:26,241 INFO =====> Trajectory grad mean: 38138.84765625
2024-09-18 21:52:26,241 INFO =====> Num. aborted data so far: 2
2024-09-18 21:52:26,512 INFO ===> New TaichiEnv created.
2024-09-18 21:52:26,512 INFO ===> Specifications: horizon = 300, dt = 0.01, n_substeps = 20, dt_sub = 0.0005
2024-09-18 21:53:04,682 INFO =====> Epoch: 93
2024-09-18 21:53:04,682 INFO =====> EMD Loss: 39.98931121826172
2024-09-18 21:53:04,682 INFO =====> Height map loss: 47.044490814208984
2024-09-18 21:53:04,682 INFO =====> Trajectory grad mean: 8162.0205078125
2024-09-18 21:53:04,682 INFO =====> Num. aborted data so far: 2
2024-09-18 21:53:04,953 INFO ===> New TaichiEnv created.
2024-09-18 21:53:04,953 INFO ===> Specifications: horizon = 300, dt = 0.01, n_substeps = 20, dt_sub = 0.0005
2024-09-18 21:53:43,111 INFO =====> Epoch: 94
2024-09-18 21:53:43,111 INFO =====> EMD Loss: 39.784664154052734
2024-09-18 21:53:43,111 INFO =====> Height map loss: 45.86507034301758
2024-09-18 21:53:43,111 INFO =====> Trajectory grad mean: 19338.529296875
2024-09-18 21:53:43,111 INFO =====> Num. aborted data so far: 2
2024-09-18 21:53:43,381 INFO ===> New TaichiEnv created.
2024-09-18 21:53:43,381 INFO ===> Specifications: horizon = 300, dt = 0.01, n_substeps = 20, dt_sub = 0.0005
2024-09-18 21:54:21,459 INFO =====> Epoch: 95
2024-09-18 21:54:21,459 INFO =====> EMD Loss: 39.37686538696289
2024-09-18 21:54:21,459 INFO =====> Height map loss: 44.33641052246094
2024-09-18 21:54:21,459 INFO =====> Trajectory grad mean: -52945.71875
2024-09-18 21:54:21,459 INFO =====> Num. aborted data so far: 2
2024-09-18 21:54:21,728 INFO ===> New TaichiEnv created.
2024-09-18 21:54:21,728 INFO ===> Specifications: horizon = 300, dt = 0.01, n_substeps = 20, dt_sub = 0.0005
2024-09-18 21:55:00,182 INFO =====> Epoch: 96
2024-09-18 21:55:00,182 INFO =====> EMD Loss: 38.98383712768555
2024-09-18 21:55:00,183 INFO =====> Height map loss: 44.423770904541016
2024-09-18 21:55:00,183 INFO =====> Trajectory grad mean: -4680.5791015625
2024-09-18 21:55:00,183 INFO =====> Num. aborted data so far: 2
2024-09-18 21:55:00,451 INFO ===> New TaichiEnv created.
2024-09-18 21:55:00,451 INFO ===> Specifications: horizon = 300, dt = 0.01, n_substeps = 20, dt_sub = 0.0005
2024-09-18 21:55:39,042 INFO =====> Epoch: 97
2024-09-18 21:55:39,042 INFO =====> EMD Loss: 39.87078094482422
2024-09-18 21:55:39,042 INFO =====> Height map loss: 43.88758850097656
2024-09-18 21:55:39,042 INFO =====> Trajectory grad mean: 69.83734893798828
2024-09-18 21:55:39,042 INFO =====> Num. aborted data so far: 2
2024-09-18 21:55:39,310 INFO ===> New TaichiEnv created.
2024-09-18 21:55:39,311 INFO ===> Specifications: horizon = 300, dt = 0.01, n_substeps = 20, dt_sub = 0.0005
2024-09-18 21:56:17,938 INFO =====> Epoch: 98
2024-09-18 21:56:17,938 INFO =====> EMD Loss: 38.97226333618164
2024-09-18 21:56:17,938 INFO =====> Height map loss: 42.4498405456543
2024-09-18 21:56:17,938 INFO =====> Trajectory grad mean: 6930.107421875
2024-09-18 21:56:17,938 INFO =====> Num. aborted data so far: 2
2024-09-18 21:56:18,206 INFO ===> New TaichiEnv created.
2024-09-18 21:56:18,206 INFO ===> Specifications: horizon = 300, dt = 0.01, n_substeps = 20, dt_sub = 0.0005
2024-09-18 21:56:56,497 INFO =====> Epoch: 99
2024-09-18 21:56:56,497 INFO =====> EMD Loss: 38.61701965332031
2024-09-18 21:56:56,497 INFO =====> Height map loss: 41.4847526550293
2024-09-18 21:56:56,497 INFO =====> Trajectory grad mean: 90159.90625
2024-09-18 21:56:56,497 INFO =====> Num. aborted data so far: 2
2024-09-18 21:56:56,766 INFO ===> New TaichiEnv created.
2024-09-18 21:56:56,766 INFO ===> Specifications: horizon = 300, dt = 0.01, n_substeps = 20, dt_sub = 0.0005
2024-09-18 21:57:34,825 INFO =====> Epoch: 100
2024-09-18 21:57:34,825 INFO =====> EMD Loss: 36.33353805541992
2024-09-18 21:57:34,825 INFO =====> Height map loss: 39.712589263916016
2024-09-18 21:57:34,825 INFO =====> Trajectory grad mean: 115100.8359375
2024-09-18 21:57:34,825 INFO =====> Num. aborted data so far: 2
2024-09-18 21:57:35,094 INFO ===> New TaichiEnv created.
2024-09-18 21:57:35,094 INFO ===> Specifications: horizon = 300, dt = 0.01, n_substeps = 20, dt_sub = 0.0005
2024-09-18 21:58:13,236 INFO =====> Epoch: 101
2024-09-18 21:58:13,236 INFO =====> EMD Loss: 34.41855239868164
2024-09-18 21:58:13,236 INFO =====> Height map loss: 36.1998176574707
2024-09-18 21:58:13,237 INFO =====> Trajectory grad mean: 153485.34375
2024-09-18 21:58:13,237 INFO =====> Num. aborted data so far: 2
2024-09-18 21:58:13,506 INFO ===> New TaichiEnv created.
2024-09-18 21:58:13,506 INFO ===> Specifications: horizon = 300, dt = 0.01, n_substeps = 20, dt_sub = 0.0005
2024-09-18 21:58:51,409 INFO =====> Epoch: 102
2024-09-18 21:58:51,409 INFO =====> EMD Loss: 33.281253814697266
2024-09-18 21:58:51,409 INFO =====> Height map loss: 35.972660064697266
2024-09-18 21:58:51,409 INFO =====> Trajectory grad mean: -42456.03515625
2024-09-18 21:58:51,409 INFO =====> Num. aborted data so far: 2
2024-09-18 21:58:51,677 INFO ===> New TaichiEnv created.
2024-09-18 21:58:51,677 INFO ===> Specifications: horizon = 300, dt = 0.01, n_substeps = 20, dt_sub = 0.0005
2024-09-18 21:59:29,404 INFO =====> Epoch: 103
2024-09-18 21:59:29,404 INFO =====> EMD Loss: 32.963287353515625
2024-09-18 21:59:29,404 INFO =====> Height map loss: 35.76311111450195
2024-09-18 21:59:29,404 INFO =====> Trajectory grad mean: 85911.40625
2024-09-18 21:59:29,404 INFO =====> Num. aborted data so far: 2
2024-09-18 21:59:29,678 INFO ===> New TaichiEnv created.
2024-09-18 21:59:29,678 INFO ===> Specifications: horizon = 300, dt = 0.01, n_substeps = 20, dt_sub = 0.0005
2024-09-18 22:00:07,402 INFO =====> Epoch: 104
2024-09-18 22:00:07,402 INFO =====> EMD Loss: 32.6710319519043
2024-09-18 22:00:07,402 INFO =====> Height map loss: 35.62253952026367
2024-09-18 22:00:07,402 INFO =====> Trajectory grad mean: 55353.73828125
2024-09-18 22:00:07,402 INFO =====> Num. aborted data so far: 2
2024-09-18 22:00:07,672 INFO ===> New TaichiEnv created.
2024-09-18 22:00:07,672 INFO ===> Specifications: horizon = 300, dt = 0.01, n_substeps = 20, dt_sub = 0.0005
2024-09-18 22:00:45,411 INFO =====> Epoch: 105
2024-09-18 22:00:45,411 INFO =====> EMD Loss: 32.32585144042969
2024-09-18 22:00:45,411 INFO =====> Height map loss: 36.31220245361328
2024-09-18 22:00:45,411 INFO =====> Trajectory grad mean: -158511.296875
2024-09-18 22:00:45,411 INFO =====> Num. aborted data so far: 2
2024-09-18 22:00:45,681 INFO ===> New TaichiEnv created.
2024-09-18 22:00:45,681 INFO ===> Specifications: horizon = 300, dt = 0.01, n_substeps = 20, dt_sub = 0.0005
2024-09-18 22:01:23,328 INFO =====> Epoch: 106
2024-09-18 22:01:23,328 INFO =====> EMD Loss: 32.77130889892578
2024-09-18 22:01:23,328 INFO =====> Height map loss: 37.4077033996582
2024-09-18 22:01:23,328 INFO =====> Trajectory grad mean: 2089.79833984375
2024-09-18 22:01:23,328 INFO =====> Num. aborted data so far: 2
2024-09-18 22:01:23,598 INFO ===> New TaichiEnv created.
2024-09-18 22:01:23,598 INFO ===> Specifications: horizon = 300, dt = 0.01, n_substeps = 20, dt_sub = 0.0005
2024-09-18 22:02:01,402 INFO =====> Epoch: 107
2024-09-18 22:02:01,402 INFO =====> EMD Loss: 32.98896026611328
2024-09-18 22:02:01,402 INFO =====> Height map loss: 37.633819580078125
2024-09-18 22:02:01,402 INFO =====> Trajectory grad mean: 12581.9697265625
2024-09-18 22:02:01,402 INFO =====> Num. aborted data so far: 2
2024-09-18 22:02:01,675 INFO ===> New TaichiEnv created.
2024-09-18 22:02:01,675 INFO ===> Specifications: horizon = 300, dt = 0.01, n_substeps = 20, dt_sub = 0.0005
2024-09-18 22:02:39,476 INFO =====> Epoch: 108
2024-09-18 22:02:39,476 INFO =====> EMD Loss: 33.557132720947266
2024-09-18 22:02:39,476 INFO =====> Height map loss: 37.94269561767578
2024-09-18 22:02:39,476 INFO =====> Trajectory grad mean: -62615.9375
2024-09-18 22:02:39,476 INFO =====> Num. aborted data so far: 2
2024-09-18 22:02:39,746 INFO ===> New TaichiEnv created.
2024-09-18 22:02:39,746 INFO ===> Specifications: horizon = 300, dt = 0.01, n_substeps = 20, dt_sub = 0.0005
2024-09-18 22:03:17,456 INFO =====> Epoch: 109
2024-09-18 22:03:17,456 INFO =====> EMD Loss: 33.55180740356445
2024-09-18 22:03:17,456 INFO =====> Height map loss: 38.09074783325195
2024-09-18 22:03:17,456 INFO =====> Trajectory grad mean: -70624.7578125
2024-09-18 22:03:17,456 INFO =====> Num. aborted data so far: 2
2024-09-18 22:03:17,726 INFO ===> New TaichiEnv created.
2024-09-18 22:03:17,726 INFO ===> Specifications: horizon = 300, dt = 0.01, n_substeps = 20, dt_sub = 0.0005
2024-09-18 22:03:55,731 INFO =====> Epoch: 110
2024-09-18 22:03:55,731 INFO =====> EMD Loss: 35.5294075012207
2024-09-18 22:03:55,731 INFO =====> Height map loss: 40.52862548828125
2024-09-18 22:03:55,731 INFO =====> Trajectory grad mean: -5192.94873046875
2024-09-18 22:03:55,731 INFO =====> Num. aborted data so far: 2
2024-09-18 22:03:56,001 INFO ===> New TaichiEnv created.
2024-09-18 22:03:56,001 INFO ===> Specifications: horizon = 300, dt = 0.01, n_substeps = 20, dt_sub = 0.0005
2024-09-18 22:04:33,951 INFO =====> Epoch: 111
2024-09-18 22:04:33,951 INFO =====> EMD Loss: 37.308929443359375
2024-09-18 22:04:33,951 INFO =====> Height map loss: 43.215824127197266
2024-09-18 22:04:33,952 INFO =====> Trajectory grad mean: -16783.158203125
2024-09-18 22:04:33,952 INFO =====> Num. aborted data so far: 2
2024-09-18 22:04:34,222 INFO ===> New TaichiEnv created.
2024-09-18 22:04:34,222 INFO ===> Specifications: horizon = 300, dt = 0.01, n_substeps = 20, dt_sub = 0.0005
2024-09-18 22:05:12,270 INFO =====> Epoch: 112
2024-09-18 22:05:12,270 INFO =====> EMD Loss: 37.99699401855469
2024-09-18 22:05:12,270 INFO =====> Height map loss: 43.99147415161133
2024-09-18 22:05:12,270 INFO =====> Trajectory grad mean: -785.8598022460938
2024-09-18 22:05:12,270 INFO =====> Num. aborted data so far: 2
2024-09-18 22:05:12,542 INFO ===> New TaichiEnv created.
2024-09-18 22:05:12,542 INFO ===> Specifications: horizon = 300, dt = 0.01, n_substeps = 20, dt_sub = 0.0005
2024-09-18 22:05:50,617 INFO =====> Epoch: 113
2024-09-18 22:05:50,618 INFO =====> EMD Loss: 38.120147705078125
2024-09-18 22:05:50,618 INFO =====> Height map loss: 44.929351806640625
2024-09-18 22:05:50,618 INFO =====> Trajectory grad mean: -17220.541015625
2024-09-18 22:05:50,618 INFO =====> Num. aborted data so far: 2
2024-09-18 22:05:50,893 INFO ===> New TaichiEnv created.
2024-09-18 22:05:50,893 INFO ===> Specifications: horizon = 300, dt = 0.01, n_substeps = 20, dt_sub = 0.0005
2024-09-18 22:06:28,946 INFO =====> Epoch: 114
2024-09-18 22:06:28,947 INFO =====> EMD Loss: 38.4251708984375
2024-09-18 22:06:28,947 INFO =====> Height map loss: 44.95656967163086
2024-09-18 22:06:28,947 INFO =====> Trajectory grad mean: -1755.65283203125
2024-09-18 22:06:28,947 INFO =====> Num. aborted data so far: 2
2024-09-18 22:06:29,220 INFO ===> New TaichiEnv created.
2024-09-18 22:06:29,221 INFO ===> Specifications: horizon = 300, dt = 0.01, n_substeps = 20, dt_sub = 0.0005
2024-09-18 22:07:07,771 INFO =====> Epoch: 115
2024-09-18 22:07:07,771 INFO =====> EMD Loss: 38.3470344543457
2024-09-18 22:07:07,771 INFO =====> Height map loss: 45.03825378417969
2024-09-18 22:07:07,771 INFO =====> Trajectory grad mean: -82.22341918945312
2024-09-18 22:07:07,771 INFO =====> Num. aborted data so far: 2
2024-09-18 22:07:08,043 INFO ===> New TaichiEnv created.
2024-09-18 22:07:08,043 INFO ===> Specifications: horizon = 300, dt = 0.01, n_substeps = 20, dt_sub = 0.0005
2024-09-18 22:07:46,059 INFO =====> Epoch: 116
2024-09-18 22:07:46,059 INFO =====> EMD Loss: 38.188392639160156
2024-09-18 22:07:46,059 INFO =====> Height map loss: 45.14250946044922
2024-09-18 22:07:46,059 INFO =====> Trajectory grad mean: 11151.125
2024-09-18 22:07:46,059 INFO =====> Num. aborted data so far: 2
2024-09-18 22:07:46,330 INFO ===> New TaichiEnv created.
2024-09-18 22:07:46,330 INFO ===> Specifications: horizon = 300, dt = 0.01, n_substeps = 20, dt_sub = 0.0005
2024-09-18 22:08:24,412 INFO =====> Epoch: 117
2024-09-18 22:08:24,412 INFO =====> EMD Loss: 38.73054504394531
2024-09-18 22:08:24,412 INFO =====> Height map loss: 45.18069839477539
2024-09-18 22:08:24,412 INFO =====> Trajectory grad mean: -6851.92236328125
2024-09-18 22:08:24,412 INFO =====> Num. aborted data so far: 2
2024-09-18 22:08:24,683 INFO ===> New TaichiEnv created.
2024-09-18 22:08:24,683 INFO ===> Specifications: horizon = 300, dt = 0.01, n_substeps = 20, dt_sub = 0.0005
2024-09-18 22:09:02,763 INFO =====> Epoch: 118
2024-09-18 22:09:02,763 INFO =====> EMD Loss: 38.96462631225586
2024-09-18 22:09:02,763 INFO =====> Height map loss: 46.486900329589844
2024-09-18 22:09:02,763 INFO =====> Trajectory grad mean: 260997.875
2024-09-18 22:09:02,763 INFO =====> Num. aborted data so far: 2
2024-09-18 22:09:03,034 INFO ===> New TaichiEnv created.
2024-09-18 22:09:03,034 INFO ===> Specifications: horizon = 300, dt = 0.01, n_substeps = 20, dt_sub = 0.0005
2024-09-18 22:09:41,145 INFO =====> Epoch: 119
2024-09-18 22:09:41,145 INFO =====> EMD Loss: 39.35999298095703
2024-09-18 22:09:41,145 INFO =====> Height map loss: 46.08062744140625
2024-09-18 22:09:41,145 INFO =====> Trajectory grad mean: -29215.017578125
2024-09-18 22:09:41,145 INFO =====> Num. aborted data so far: 2
2024-09-18 22:09:41,417 INFO ===> New TaichiEnv created.
2024-09-18 22:09:41,417 INFO ===> Specifications: horizon = 300, dt = 0.01, n_substeps = 20, dt_sub = 0.0005
2024-09-18 22:10:19,778 INFO =====> Epoch: 120
2024-09-18 22:10:19,779 INFO =====> EMD Loss: 39.84782791137695
2024-09-18 22:10:19,779 INFO =====> Height map loss: 47.79789352416992
2024-09-18 22:10:19,779 INFO =====> Trajectory grad mean: 11566.126953125
2024-09-18 22:10:19,779 INFO =====> Num. aborted data so far: 2
2024-09-18 22:10:20,049 INFO ===> New TaichiEnv created.
2024-09-18 22:10:20,049 INFO ===> Specifications: horizon = 300, dt = 0.01, n_substeps = 20, dt_sub = 0.0005
2024-09-18 22:10:58,775 INFO =====> Epoch: 121
2024-09-18 22:10:58,775 INFO =====> EMD Loss: 41.49446487426758
2024-09-18 22:10:58,775 INFO =====> Height map loss: 49.2426643371582
2024-09-18 22:10:58,775 INFO =====> Trajectory grad mean: -384.06146240234375
2024-09-18 22:10:58,775 INFO =====> Num. aborted data so far: 2
2024-09-18 22:10:59,049 INFO ===> New TaichiEnv created.
2024-09-18 22:10:59,049 INFO ===> Specifications: horizon = 300, dt = 0.01, n_substeps = 20, dt_sub = 0.0005
2024-09-18 22:11:37,550 INFO =====> Epoch: 122
2024-09-18 22:11:37,550 INFO =====> EMD Loss: 41.61677932739258
2024-09-18 22:11:37,550 INFO =====> Height map loss: 49.99287796020508
2024-09-18 22:11:37,551 INFO =====> Trajectory grad mean: 6660.888671875
2024-09-18 22:11:37,551 INFO =====> Num. aborted data so far: 2
2024-09-18 22:11:37,824 INFO ===> New TaichiEnv created.
2024-09-18 22:11:37,824 INFO ===> Specifications: horizon = 300, dt = 0.01, n_substeps = 20, dt_sub = 0.0005
2024-09-18 22:12:16,252 INFO =====> Epoch: 123
2024-09-18 22:12:16,252 INFO =====> EMD Loss: 42.50517272949219
2024-09-18 22:12:16,252 INFO =====> Height map loss: 51.3543815612793
2024-09-18 22:12:16,252 INFO =====> Trajectory grad mean: 5381.74658203125
2024-09-18 22:12:16,252 INFO =====> Num. aborted data so far: 2
2024-09-18 22:12:16,527 INFO ===> New TaichiEnv created.
2024-09-18 22:12:16,527 INFO ===> Specifications: horizon = 300, dt = 0.01, n_substeps = 20, dt_sub = 0.0005
2024-09-18 22:12:55,093 INFO =====> Epoch: 124
2024-09-18 22:12:55,093 INFO =====> EMD Loss: 43.32618713378906
2024-09-18 22:12:55,093 INFO =====> Height map loss: 52.325435638427734
2024-09-18 22:12:55,093 INFO =====> Trajectory grad mean: -1913.578125
2024-09-18 22:12:55,093 INFO =====> Num. aborted data so far: 2
2024-09-18 22:12:55,370 INFO ===> New TaichiEnv created.
2024-09-18 22:12:55,370 INFO ===> Specifications: horizon = 300, dt = 0.01, n_substeps = 20, dt_sub = 0.0005
2024-09-18 22:13:34,196 INFO =====> Epoch: 125
2024-09-18 22:13:34,196 INFO =====> EMD Loss: 44.61222839355469
2024-09-18 22:13:34,196 INFO =====> Height map loss: 53.9273567199707
2024-09-18 22:13:34,196 INFO =====> Trajectory grad mean: -1248.5714111328125
2024-09-18 22:13:34,196 INFO =====> Num. aborted data so far: 2
2024-09-18 22:13:34,470 INFO ===> New TaichiEnv created.
2024-09-18 22:13:34,470 INFO ===> Specifications: horizon = 300, dt = 0.01, n_substeps = 20, dt_sub = 0.0005
2024-09-18 22:14:13,485 INFO =====> Epoch: 126
2024-09-18 22:14:13,485 INFO =====> EMD Loss: 44.87149429321289
2024-09-18 22:14:13,485 INFO =====> Height map loss: 54.516685485839844
2024-09-18 22:14:13,485 INFO =====> Trajectory grad mean: -8822.095703125
2024-09-18 22:14:13,485 INFO =====> Num. aborted data so far: 2
2024-09-18 22:14:13,759 INFO ===> New TaichiEnv created.
2024-09-18 22:14:13,759 INFO ===> Specifications: horizon = 300, dt = 0.01, n_substeps = 20, dt_sub = 0.0005
2024-09-18 22:14:52,758 INFO =====> Epoch: 127
2024-09-18 22:14:52,758 INFO =====> EMD Loss: 46.03998565673828
2024-09-18 22:14:52,758 INFO =====> Height map loss: 55.70284652709961
2024-09-18 22:14:52,758 INFO =====> Trajectory grad mean: -2546.80908203125
2024-09-18 22:14:52,758 INFO =====> Num. aborted data so far: 2
2024-09-18 22:14:53,030 INFO ===> New TaichiEnv created.
2024-09-18 22:14:53,030 INFO ===> Specifications: horizon = 300, dt = 0.01, n_substeps = 20, dt_sub = 0.0005
2024-09-18 22:15:32,169 INFO =====> Epoch: 128
2024-09-18 22:15:32,169 INFO =====> EMD Loss: 47.49803161621094
2024-09-18 22:15:32,169 INFO =====> Height map loss: 56.870849609375
2024-09-18 22:15:32,169 INFO =====> Trajectory grad mean: -870.1876831054688
2024-09-18 22:15:32,169 INFO =====> Num. aborted data so far: 2
2024-09-18 22:15:32,444 INFO ===> New TaichiEnv created.
2024-09-18 22:15:32,444 INFO ===> Specifications: horizon = 300, dt = 0.01, n_substeps = 20, dt_sub = 0.0005
2024-09-18 22:16:11,564 INFO =====> Epoch: 129
2024-09-18 22:16:11,564 INFO =====> EMD Loss: 47.647483825683594
2024-09-18 22:16:11,564 INFO =====> Height map loss: 57.37258529663086
2024-09-18 22:16:11,564 INFO =====> Trajectory grad mean: -4237.548828125
2024-09-18 22:16:11,564 INFO =====> Num. aborted data so far: 2
2024-09-18 22:16:11,836 INFO ===> New TaichiEnv created.
2024-09-18 22:16:11,836 INFO ===> Specifications: horizon = 300, dt = 0.01, n_substeps = 20, dt_sub = 0.0005
2024-09-18 22:16:51,112 INFO =====> Epoch: 130
2024-09-18 22:16:51,112 INFO =====> EMD Loss: 47.7476921081543
2024-09-18 22:16:51,112 INFO =====> Height map loss: 57.693241119384766
2024-09-18 22:16:51,112 INFO =====> Trajectory grad mean: -916.6637573242188
2024-09-18 22:16:51,112 INFO =====> Num. aborted data so far: 2
2024-09-18 22:16:51,386 INFO ===> New TaichiEnv created.
2024-09-18 22:16:51,386 INFO ===> Specifications: horizon = 300, dt = 0.01, n_substeps = 20, dt_sub = 0.0005
2024-09-18 22:17:30,678 INFO =====> Epoch: 131
2024-09-18 22:17:30,678 INFO =====> EMD Loss: 48.60135269165039
2024-09-18 22:17:30,678 INFO =====> Height map loss: 58.33179473876953
2024-09-18 22:17:30,678 INFO =====> Trajectory grad mean: -5201.50830078125
2024-09-18 22:17:30,678 INFO =====> Num. aborted data so far: 2
2024-09-18 22:17:30,952 INFO ===> New TaichiEnv created.
2024-09-18 22:17:30,952 INFO ===> Specifications: horizon = 300, dt = 0.01, n_substeps = 20, dt_sub = 0.0005
2024-09-18 22:18:10,331 INFO =====> Epoch: 132
2024-09-18 22:18:10,331 INFO =====> EMD Loss: 48.76532745361328
2024-09-18 22:18:10,331 INFO =====> Height map loss: 59.261375427246094
2024-09-18 22:18:10,331 INFO =====> Trajectory grad mean: 2278.7255859375
2024-09-18 22:18:10,331 INFO =====> Num. aborted data so far: 2
2024-09-18 22:18:10,607 INFO ===> New TaichiEnv created.
2024-09-18 22:18:10,607 INFO ===> Specifications: horizon = 300, dt = 0.01, n_substeps = 20, dt_sub = 0.0005
2024-09-18 22:18:49,890 INFO =====> Epoch: 133
2024-09-18 22:18:49,890 INFO =====> EMD Loss: 49.20425796508789
2024-09-18 22:18:49,890 INFO =====> Height map loss: 59.64961242675781
2024-09-18 22:18:49,890 INFO =====> Trajectory grad mean: -16136.9921875
2024-09-18 22:18:49,890 INFO =====> Num. aborted data so far: 2
2024-09-18 22:18:50,162 INFO ===> New TaichiEnv created.
2024-09-18 22:18:50,162 INFO ===> Specifications: horizon = 300, dt = 0.01, n_substeps = 20, dt_sub = 0.0005
2024-09-18 22:19:29,354 INFO =====> Epoch: 134
2024-09-18 22:19:29,354 INFO =====> EMD Loss: 49.158714294433594
2024-09-18 22:19:29,354 INFO =====> Height map loss: 60.111488342285156
2024-09-18 22:19:29,354 INFO =====> Trajectory grad mean: 12011.2373046875
2024-09-18 22:19:29,354 INFO =====> Num. aborted data so far: 2
2024-09-18 22:19:29,626 INFO ===> New TaichiEnv created.
2024-09-18 22:19:29,627 INFO ===> Specifications: horizon = 300, dt = 0.01, n_substeps = 20, dt_sub = 0.0005
2024-09-18 22:20:09,154 INFO =====> Epoch: 135
2024-09-18 22:20:09,154 INFO =====> EMD Loss: 49.01337432861328
2024-09-18 22:20:09,154 INFO =====> Height map loss: 60.457664489746094
2024-09-18 22:20:09,154 INFO =====> Trajectory grad mean: -20128.5390625
2024-09-18 22:20:09,154 INFO =====> Num. aborted data so far: 2
2024-09-18 22:20:09,426 INFO ===> New TaichiEnv created.
2024-09-18 22:20:09,426 INFO ===> Specifications: horizon = 300, dt = 0.01, n_substeps = 20, dt_sub = 0.0005
2024-09-18 22:20:48,737 INFO =====> Epoch: 136
2024-09-18 22:20:48,738 INFO =====> EMD Loss: 48.756019592285156
2024-09-18 22:20:48,738 INFO =====> Height map loss: 60.20950698852539
2024-09-18 22:20:48,738 INFO =====> Trajectory grad mean: -2805.448974609375
2024-09-18 22:20:48,738 INFO =====> Num. aborted data so far: 2
2024-09-18 22:20:49,010 INFO ===> New TaichiEnv created.
2024-09-18 22:20:49,010 INFO ===> Specifications: horizon = 300, dt = 0.01, n_substeps = 20, dt_sub = 0.0005
2024-09-18 22:21:28,497 INFO =====> Epoch: 137
2024-09-18 22:21:28,497 INFO =====> EMD Loss: 50.91062927246094
2024-09-18 22:21:28,497 INFO =====> Height map loss: 62.07324981689453
2024-09-18 22:21:28,497 INFO =====> Trajectory grad mean: -4384.416015625
2024-09-18 22:21:28,497 INFO =====> Num. aborted data so far: 2
2024-09-18 22:21:28,771 INFO ===> New TaichiEnv created.
2024-09-18 22:21:28,771 INFO ===> Specifications: horizon = 300, dt = 0.01, n_substeps = 20, dt_sub = 0.0005
2024-09-18 22:22:08,210 INFO =====> Epoch: 138
2024-09-18 22:22:08,210 INFO =====> EMD Loss: 51.88078689575195
2024-09-18 22:22:08,210 INFO =====> Height map loss: 63.72106170654297
2024-09-18 22:22:08,210 INFO =====> Trajectory grad mean: -1330.605224609375
2024-09-18 22:22:08,210 INFO =====> Num. aborted data so far: 2
2024-09-18 22:22:08,487 INFO ===> New TaichiEnv created.
2024-09-18 22:22:08,487 INFO ===> Specifications: horizon = 300, dt = 0.01, n_substeps = 20, dt_sub = 0.0005
2024-09-18 22:22:48,155 INFO =====> Epoch: 139
2024-09-18 22:22:48,155 INFO =====> EMD Loss: 52.557762145996094
2024-09-18 22:22:48,155 INFO =====> Height map loss: 65.21363067626953
2024-09-18 22:22:48,155 INFO =====> Trajectory grad mean: 20005.986328125
2024-09-18 22:22:48,155 INFO =====> Num. aborted data so far: 2
2024-09-18 22:22:48,427 INFO ===> New TaichiEnv created.
2024-09-18 22:22:48,427 INFO ===> Specifications: horizon = 300, dt = 0.01, n_substeps = 20, dt_sub = 0.0005
2024-09-18 22:23:27,945 INFO =====> Epoch: 140
2024-09-18 22:23:27,945 INFO =====> EMD Loss: 53.43588638305664
2024-09-18 22:23:27,945 INFO =====> Height map loss: 66.46484375
2024-09-18 22:23:27,945 INFO =====> Trajectory grad mean: -6470.1572265625
2024-09-18 22:23:27,945 INFO =====> Num. aborted data so far: 2
2024-09-18 22:23:28,218 INFO ===> New TaichiEnv created.
2024-09-18 22:23:28,218 INFO ===> Specifications: horizon = 300, dt = 0.01, n_substeps = 20, dt_sub = 0.0005
2024-09-18 22:24:07,670 INFO =====> Epoch: 141
2024-09-18 22:24:07,670 INFO =====> EMD Loss: 54.32790756225586
2024-09-18 22:24:07,670 INFO =====> Height map loss: 68.21527862548828
2024-09-18 22:24:07,670 INFO =====> Trajectory grad mean: -38552.6875
2024-09-18 22:24:07,670 INFO =====> Num. aborted data so far: 2
2024-09-18 22:24:07,946 INFO ===> New TaichiEnv created.
2024-09-18 22:24:07,946 INFO ===> Specifications: horizon = 300, dt = 0.01, n_substeps = 20, dt_sub = 0.0005
2024-09-18 22:24:47,451 INFO =====> Epoch: 142
2024-09-18 22:24:47,451 INFO =====> EMD Loss: 54.91733932495117
2024-09-18 22:24:47,451 INFO =====> Height map loss: 68.98027038574219
2024-09-18 22:24:47,451 INFO =====> Trajectory grad mean: -8198.6611328125
2024-09-18 22:24:47,451 INFO =====> Num. aborted data so far: 2
2024-09-18 22:24:47,727 INFO ===> New TaichiEnv created.
2024-09-18 22:24:47,727 INFO ===> Specifications: horizon = 300, dt = 0.01, n_substeps = 20, dt_sub = 0.0005
2024-09-18 22:25:27,196 INFO =====> Epoch: 143
2024-09-18 22:25:27,196 INFO =====> EMD Loss: 53.651512145996094
2024-09-18 22:25:27,196 INFO =====> Height map loss: 66.61036682128906
2024-09-18 22:25:27,196 INFO =====> Trajectory grad mean: 37076.44921875
2024-09-18 22:25:27,196 INFO =====> Num. aborted data so far: 2
2024-09-18 22:25:27,474 INFO ===> New TaichiEnv created.
2024-09-18 22:25:27,474 INFO ===> Specifications: horizon = 300, dt = 0.01, n_substeps = 20, dt_sub = 0.0005
2024-09-18 22:26:07,048 INFO =====> Epoch: 144
2024-09-18 22:26:07,048 INFO =====> EMD Loss: 51.875274658203125
2024-09-18 22:26:07,048 INFO =====> Height map loss: 64.74063873291016
2024-09-18 22:26:07,048 INFO =====> Trajectory grad mean: -13655.20703125
2024-09-18 22:26:07,048 INFO =====> Num. aborted data so far: 2
2024-09-18 22:26:07,326 INFO ===> New TaichiEnv created.
2024-09-18 22:26:07,326 INFO ===> Specifications: horizon = 300, dt = 0.01, n_substeps = 20, dt_sub = 0.0005
2024-09-18 22:26:46,452 INFO =====> Epoch: 145
2024-09-18 22:26:46,452 INFO =====> EMD Loss: 50.96396255493164
2024-09-18 22:26:46,452 INFO =====> Height map loss: 63.158058166503906
2024-09-18 22:26:46,452 INFO =====> Trajectory grad mean: 18388.5
2024-09-18 22:26:46,452 INFO =====> Num. aborted data so far: 2
2024-09-18 22:26:46,726 INFO ===> New TaichiEnv created.
2024-09-18 22:26:46,726 INFO ===> Specifications: horizon = 300, dt = 0.01, n_substeps = 20, dt_sub = 0.0005
2024-09-18 22:27:25,839 INFO =====> Epoch: 146
2024-09-18 22:27:25,839 INFO =====> EMD Loss: 49.909507751464844
2024-09-18 22:27:25,839 INFO =====> Height map loss: 61.654361724853516
2024-09-18 22:27:25,839 INFO =====> Trajectory grad mean: 534.9628295898438
2024-09-18 22:27:25,839 INFO =====> Num. aborted data so far: 2
2024-09-18 22:27:26,114 INFO ===> New TaichiEnv created.
2024-09-18 22:27:26,114 INFO ===> Specifications: horizon = 300, dt = 0.01, n_substeps = 20, dt_sub = 0.0005
2024-09-18 22:28:05,328 INFO =====> Epoch: 147
2024-09-18 22:28:05,328 INFO =====> EMD Loss: 49.04682540893555
2024-09-18 22:28:05,328 INFO =====> Height map loss: 59.932132720947266
2024-09-18 22:28:05,328 INFO =====> Trajectory grad mean: -9981.08984375
2024-09-18 22:28:05,328 INFO =====> Num. aborted data so far: 2
2024-09-18 22:28:05,606 INFO ===> New TaichiEnv created.
2024-09-18 22:28:05,606 INFO ===> Specifications: horizon = 300, dt = 0.01, n_substeps = 20, dt_sub = 0.0005
2024-09-18 22:28:44,691 INFO =====> Epoch: 148
2024-09-18 22:28:44,692 INFO =====> EMD Loss: 47.62656021118164
2024-09-18 22:28:44,692 INFO =====> Height map loss: 58.52018737792969
2024-09-18 22:28:44,692 INFO =====> Trajectory grad mean: 18035.751953125
2024-09-18 22:28:44,692 INFO =====> Num. aborted data so far: 2
2024-09-18 22:28:44,967 INFO ===> New TaichiEnv created.
2024-09-18 22:28:44,967 INFO ===> Specifications: horizon = 300, dt = 0.01, n_substeps = 20, dt_sub = 0.0005
2024-09-18 22:29:23,922 INFO =====> Epoch: 149
2024-09-18 22:29:23,923 INFO =====> EMD Loss: 47.73746871948242
2024-09-18 22:29:23,923 INFO =====> Height map loss: 57.82542037963867
2024-09-18 22:29:23,923 INFO =====> Trajectory grad mean: 47500.125
2024-09-18 22:29:23,923 INFO =====> Num. aborted data so far: 2
2024-09-18 22:29:23,923 INFO ====> Finished training.
2024-09-18 22:29:23,923 INFO ====> Final EMD loss: 47.73746871948242
2024-09-18 22:29:23,923 INFO ====> Final height map loss: 57.82542037963867
