2024-12-06 18:23:32,939 DEBUG loaded <trimesh.Trimesh(vertices.shape=(916, 3), faces.shape=(856, 3))> using `load_obj` in 0.0029s
2024-12-06 18:23:33,088 DEBUG loaded <trimesh.Trimesh(vertices.shape=(48, 3), faces.shape=(28, 3))> using `load_obj` in 0.0007s
2024-12-06 18:23:53,482 INFO =====> Skill params: [ 1.    0.45  0.8   0.   -0.1 ]
2024-12-06 18:23:53,482 INFO =====> Grad: [ 2.4347346e+03 -5.3484393e+02 -7.0491483e-06 -8.9132465e+02
 -3.2589225e-05]
2024-12-06 18:23:53,482 INFO =====> Num. aborted data so far: 0
2024-12-06 18:23:53,491 INFO ===========> Epoch: 0 optimisation losses
2024-12-06 18:23:53,491 INFO =====> EMD Loss: 18.998594
2024-12-06 18:23:53,491 INFO =====> Height map loss: 11.872494
2024-12-06 18:23:53,491 INFO =====> Insertion loss: 0.000000
2024-12-06 18:23:53,935 DEBUG loaded <trimesh.Trimesh(vertices.shape=(916, 3), faces.shape=(856, 3))> using `load_obj` in 0.0028s
2024-12-06 18:23:54,082 DEBUG loaded <trimesh.Trimesh(vertices.shape=(48, 3), faces.shape=(28, 3))> using `load_obj` in 0.0007s
2024-12-06 18:24:16,368 INFO =====> Skill params: [ 0.9051317   0.5448683   0.8022283   0.09486832 -0.08975573]
2024-12-06 18:24:16,368 INFO =====> Grad: [-2.5543020e+03  1.6387694e+03 -1.3372199e-05 -1.3486190e+03
 -1.5492989e-04]
2024-12-06 18:24:16,368 INFO =====> Num. aborted data so far: 0
2024-12-06 18:24:16,376 INFO ===========> Epoch: 1 optimisation losses
2024-12-06 18:24:16,376 INFO =====> EMD Loss: 17.994352
2024-12-06 18:24:16,376 INFO =====> Height map loss: 10.663830
2024-12-06 18:24:16,376 INFO =====> Insertion loss: 0.000000
2024-12-06 18:24:16,768 DEBUG loaded <trimesh.Trimesh(vertices.shape=(916, 3), faces.shape=(856, 3))> using `load_obj` in 0.0028s
2024-12-06 18:24:16,913 DEBUG loaded <trimesh.Trimesh(vertices.shape=(48, 3), faces.shape=(28, 3))> using `load_obj` in 0.0007s
2024-12-06 18:24:37,662 INFO =====> Skill params: [ 0.975497    0.4542444   0.806679    0.17524415 -0.04460704]
2024-12-06 18:24:37,663 INFO =====> Grad: [-2.4177771e+03 -1.4355791e+02 -5.4750763e-06  6.0298291e+02
 -1.5412942e-04]
2024-12-06 18:24:37,663 INFO =====> Num. aborted data so far: 0
2024-12-06 18:24:37,671 INFO ===========> Epoch: 2 optimisation losses
2024-12-06 18:24:37,671 INFO =====> EMD Loss: 19.492605
2024-12-06 18:24:37,671 INFO =====> Height map loss: 12.101455
2024-12-06 18:24:37,671 INFO =====> Insertion loss: 0.000000
2024-12-06 18:24:38,057 DEBUG loaded <trimesh.Trimesh(vertices.shape=(916, 3), faces.shape=(856, 3))> using `load_obj` in 0.0029s
2024-12-06 18:24:38,205 DEBUG loaded <trimesh.Trimesh(vertices.shape=(48, 3), faces.shape=(28, 3))> using `load_obj` in 0.0007s
2024-12-06 18:24:59,591 INFO =====> Skill params: [ 1.          0.4625802   0.8085995   0.14006415 -0.00224505]
2024-12-06 18:24:59,591 INFO =====> Grad: [-2.4460359e+03  1.7138198e+03 -5.0977005e-06  1.2204073e+03
 -1.7471339e-05]
2024-12-06 18:24:59,591 INFO =====> Num. aborted data so far: 0
2024-12-06 18:24:59,599 INFO ===========> Epoch: 3 optimisation losses
2024-12-06 18:24:59,599 INFO =====> EMD Loss: 19.372536
2024-12-06 18:24:59,599 INFO =====> Height map loss: 11.893031
2024-12-06 18:24:59,599 INFO =====> Insertion loss: 0.000000
2024-12-06 18:24:59,988 DEBUG loaded <trimesh.Trimesh(vertices.shape=(916, 3), faces.shape=(856, 3))> using `load_obj` in 0.0030s
2024-12-06 18:25:00,144 DEBUG loaded <trimesh.Trimesh(vertices.shape=(48, 3), faces.shape=(28, 3))> using `load_obj` in 0.0007s
2024-12-06 18:25:20,579 INFO =====> Skill params: [1.         0.392219   0.81048393 0.08120321 0.00280943]
2024-12-06 18:25:20,580 INFO =====> Grad: [ 2.1221094e+03 -1.1026875e+03  5.0459448e-06  1.5852981e+03
 -1.6385668e-04]
2024-12-06 18:25:20,580 INFO =====> Num. aborted data so far: 0
2024-12-06 18:25:20,587 INFO ===========> Epoch: 4 optimisation losses
2024-12-06 18:25:20,587 INFO =====> EMD Loss: 20.258619
2024-12-06 18:25:20,587 INFO =====> Height map loss: 12.701012
2024-12-06 18:25:20,587 INFO =====> Insertion loss: 0.000000
2024-12-06 18:25:20,981 DEBUG loaded <trimesh.Trimesh(vertices.shape=(916, 3), faces.shape=(856, 3))> using `load_obj` in 0.0029s
2024-12-06 18:25:21,133 DEBUG loaded <trimesh.Trimesh(vertices.shape=(48, 3), faces.shape=(28, 3))> using `load_obj` in 0.0007s
2024-12-06 18:25:42,026 INFO =====> Skill params: [0.9582648  0.4348495  0.8085182  0.01978062 0.0470193 ]
2024-12-06 18:25:42,027 INFO =====> Grad: [ 5.3936340e+02 -1.1017170e+03 -1.7872775e-05 -6.2062769e+02
 -5.3518011e-06]
2024-12-06 18:25:42,027 INFO =====> Num. aborted data so far: 0
2024-12-06 18:25:42,035 INFO ===========> Epoch: 5 optimisation losses
2024-12-06 18:25:42,035 INFO =====> EMD Loss: 19.593287
2024-12-06 18:25:42,035 INFO =====> Height map loss: 12.173031
2024-12-06 18:25:42,035 INFO =====> Insertion loss: 0.000000
2024-12-06 18:25:42,422 DEBUG loaded <trimesh.Trimesh(vertices.shape=(916, 3), faces.shape=(856, 3))> using `load_obj` in 0.0029s
2024-12-06 18:25:42,575 DEBUG loaded <trimesh.Trimesh(vertices.shape=(48, 3), faces.shape=(28, 3))> using `load_obj` in 0.0007s
2024-12-06 18:26:04,087 INFO =====> Skill params: [0.9471603  0.4754313  0.8158357  0.04426867 0.04854116]
2024-12-06 18:26:04,087 INFO =====> Grad: [ 2.5178342e+03 -2.8228789e+03  4.3007503e-07 -6.9767596e+02
  1.1483225e-05]
2024-12-06 18:26:04,087 INFO =====> Num. aborted data so far: 0
2024-12-06 18:26:04,095 INFO ===========> Epoch: 6 optimisation losses
2024-12-06 18:26:04,095 INFO =====> EMD Loss: 18.891012
2024-12-06 18:26:04,095 INFO =====> Height map loss: 11.554951
2024-12-06 18:26:04,095 INFO =====> Insertion loss: 0.000000
2024-12-06 18:26:04,491 DEBUG loaded <trimesh.Trimesh(vertices.shape=(916, 3), faces.shape=(856, 3))> using `load_obj` in 0.0028s
2024-12-06 18:26:04,644 DEBUG loaded <trimesh.Trimesh(vertices.shape=(48, 3), faces.shape=(28, 3))> using `load_obj` in 0.0007s
2024-12-06 18:26:27,542 INFO =====> Skill params: [0.8998111  0.54716206 0.8156501  0.07201689 0.04510138]
2024-12-06 18:26:27,542 INFO =====> Grad: [ 2.5481643e+03 -6.4189508e+02  6.2844501e-06  8.2368713e+02
 -8.2134022e-05]
2024-12-06 18:26:27,542 INFO =====> Num. aborted data so far: 0
2024-12-06 18:26:27,550 INFO ===========> Epoch: 7 optimisation losses
2024-12-06 18:26:27,551 INFO =====> EMD Loss: 18.059984
2024-12-06 18:26:27,551 INFO =====> Height map loss: 10.488678
2024-12-06 18:26:27,551 INFO =====> Insertion loss: 0.000000
2024-12-06 18:26:27,936 DEBUG loaded <trimesh.Trimesh(vertices.shape=(916, 3), faces.shape=(856, 3))> using `load_obj` in 0.0029s
2024-12-06 18:26:28,085 DEBUG loaded <trimesh.Trimesh(vertices.shape=(48, 3), faces.shape=(28, 3))> using `load_obj` in 0.0007s
2024-12-06 18:26:51,418 INFO =====> Skill params: [0.8552254  0.56407964 0.81279254 0.03956768 0.07011722]
2024-12-06 18:26:51,418 INFO =====> Grad: [ 2.6412922e+03 -1.9748840e+03  2.0440551e-05  6.3162012e+02
 -1.0823714e-08]
2024-12-06 18:26:51,418 INFO =====> Num. aborted data so far: 0
2024-12-06 18:26:51,426 INFO ===========> Epoch: 8 optimisation losses
2024-12-06 18:26:51,426 INFO =====> EMD Loss: 17.780083
2024-12-06 18:26:51,426 INFO =====> Height map loss: 10.117727
2024-12-06 18:26:51,426 INFO =====> Insertion loss: 0.000000
2024-12-06 18:26:51,819 DEBUG loaded <trimesh.Trimesh(vertices.shape=(916, 3), faces.shape=(856, 3))> using `load_obj` in 0.0029s
2024-12-06 18:26:51,968 DEBUG loaded <trimesh.Trimesh(vertices.shape=(48, 3), faces.shape=(28, 3))> using `load_obj` in 0.0007s
2024-12-06 18:27:15,758 INFO =====> Skill params: [0.8118899  0.611574   0.80304736 0.0142874  0.07012069]
2024-12-06 18:27:15,758 INFO =====> Grad: [-2.6760256e+03  1.3665437e+03  3.2626954e-06 -1.1794216e+03
  1.2644072e-06]
2024-12-06 18:27:15,758 INFO =====> Num. aborted data so far: 0
2024-12-06 18:27:15,767 INFO ===========> Epoch: 9 optimisation losses
2024-12-06 18:27:15,767 INFO =====> EMD Loss: 16.979431
2024-12-06 18:27:15,767 INFO =====> Height map loss: 9.196906
2024-12-06 18:27:15,768 INFO =====> Insertion loss: 0.000000
2024-12-06 18:27:16,155 DEBUG loaded <trimesh.Trimesh(vertices.shape=(916, 3), faces.shape=(856, 3))> using `load_obj` in 0.0029s
2024-12-06 18:27:16,303 DEBUG loaded <trimesh.Trimesh(vertices.shape=(48, 3), faces.shape=(28, 3))> using `load_obj` in 0.0007s
2024-12-06 18:27:40,107 INFO =====> Skill params: [0.85348463 0.5790337  0.801408   0.05835304 0.06969281]
2024-12-06 18:27:40,107 INFO =====> Grad: [-2.6508508e+03  2.1517686e+03 -5.8161231e-06 -1.1392444e+03
  3.7314963e-05]
2024-12-06 18:27:40,107 INFO =====> Num. aborted data so far: 0
2024-12-06 18:27:40,115 INFO ===========> Epoch: 10 optimisation losses
2024-12-06 18:27:40,115 INFO =====> EMD Loss: 17.781498
2024-12-06 18:27:40,115 INFO =====> Height map loss: 10.002569
2024-12-06 18:27:40,115 INFO =====> Insertion loss: 0.000000
2024-12-06 18:27:40,512 DEBUG loaded <trimesh.Trimesh(vertices.shape=(916, 3), faces.shape=(856, 3))> using `load_obj` in 0.0030s
2024-12-06 18:27:40,658 DEBUG loaded <trimesh.Trimesh(vertices.shape=(48, 3), faces.shape=(28, 3))> using `load_obj` in 0.0007s
2024-12-06 18:28:02,991 INFO =====> Skill params: [0.8929751  0.5320973  0.8044868  0.0989127  0.05651128]
2024-12-06 18:28:02,991 INFO =====> Grad: [-2.5402517e+03  1.3111593e+03 -6.0300581e-06  1.0854691e+03
 -4.4999579e-06]
2024-12-06 18:28:02,991 INFO =====> Num. aborted data so far: 0
2024-12-06 18:28:02,999 INFO ===========> Epoch: 11 optimisation losses
2024-12-06 18:28:02,999 INFO =====> EMD Loss: 18.297766
2024-12-06 18:28:02,999 INFO =====> Height map loss: 10.686439
2024-12-06 18:28:02,999 INFO =====> Insertion loss: 0.000000
2024-12-06 18:28:03,389 DEBUG loaded <trimesh.Trimesh(vertices.shape=(916, 3), faces.shape=(856, 3))> using `load_obj` in 0.0028s
2024-12-06 18:28:03,542 DEBUG loaded <trimesh.Trimesh(vertices.shape=(48, 3), faces.shape=(28, 3))> using `load_obj` in 0.0007s
2024-12-06 18:28:25,517 INFO =====> Skill params: [0.92974657 0.5033658  0.8078494  0.06148193 0.05818661]
2024-12-06 18:28:25,517 INFO =====> Grad: [ 2.8036298e+02  2.0177070e+03 -1.8440096e-06  1.2872827e+03
 -2.0941590e-04]
2024-12-06 18:28:25,517 INFO =====> Num. aborted data so far: 0
2024-12-06 18:28:25,525 INFO ===========> Epoch: 12 optimisation losses
2024-12-06 18:28:25,525 INFO =====> EMD Loss: 18.682732
2024-12-06 18:28:25,525 INFO =====> Height map loss: 11.203336
2024-12-06 18:28:25,525 INFO =====> Insertion loss: 0.000000
2024-12-06 18:28:25,918 DEBUG loaded <trimesh.Trimesh(vertices.shape=(916, 3), faces.shape=(856, 3))> using `load_obj` in 0.0028s
2024-12-06 18:28:26,072 DEBUG loaded <trimesh.Trimesh(vertices.shape=(48, 3), faces.shape=(28, 3))> using `load_obj` in 0.0007s
2024-12-06 18:28:47,559 INFO =====> Skill params: [0.925473   0.4615353  0.80893326 0.01951748 0.12030117]
2024-12-06 18:28:47,560 INFO =====> Grad: [-2.511398e+03  1.529018e+03  1.551447e-06  3.538572e+02 -8.899098e-05]
2024-12-06 18:28:47,560 INFO =====> Num. aborted data so far: 0
2024-12-06 18:28:47,568 INFO ===========> Epoch: 13 optimisation losses
2024-12-06 18:28:47,568 INFO =====> EMD Loss: 19.295561
2024-12-06 18:28:47,568 INFO =====> Height map loss: 11.555632
2024-12-06 18:28:47,568 INFO =====> Insertion loss: 0.000000
2024-12-06 18:28:47,963 DEBUG loaded <trimesh.Trimesh(vertices.shape=(916, 3), faces.shape=(856, 3))> using `load_obj` in 0.0030s
2024-12-06 18:28:48,113 DEBUG loaded <trimesh.Trimesh(vertices.shape=(48, 3), faces.shape=(28, 3))> using `load_obj` in 0.0007s
2024-12-06 18:29:09,196 INFO =====> Skill params: [0.9626056  0.4300192  0.80797213 0.00745668 0.14699966]
2024-12-06 18:29:09,196 INFO =====> Grad: [-2.4299075e+03  3.4605478e+02  2.8362083e-05 -1.6252281e+03
 -1.1214161e-04]
2024-12-06 18:29:09,196 INFO =====> Num. aborted data so far: 0
2024-12-06 18:29:09,204 INFO ===========> Epoch: 14 optimisation losses
2024-12-06 18:29:09,204 INFO =====> EMD Loss: 19.763273
2024-12-06 18:29:09,204 INFO =====> Height map loss: 12.158182
2024-12-06 18:29:09,204 INFO =====> Insertion loss: 0.000000
2024-12-06 18:29:09,679 DEBUG loaded <trimesh.Trimesh(vertices.shape=(916, 3), faces.shape=(856, 3))> using `load_obj` in 0.0029s
2024-12-06 18:29:09,830 DEBUG loaded <trimesh.Trimesh(vertices.shape=(48, 3), faces.shape=(28, 3))> using `load_obj` in 0.0007s
2024-12-06 18:29:31,013 INFO =====> Skill params: [0.9977778  0.42252398 0.7897944  0.057183   0.18021801]
2024-12-06 18:29:31,013 INFO =====> Grad: [-2.2962693e+03  6.3748627e+02 -1.1644896e-05 -1.6991630e+03
 -3.6317582e-05]
2024-12-06 18:29:31,013 INFO =====> Num. aborted data so far: 0
2024-12-06 18:29:31,022 INFO ===========> Epoch: 15 optimisation losses
2024-12-06 18:29:31,022 INFO =====> EMD Loss: 19.849943
2024-12-06 18:29:31,022 INFO =====> Height map loss: 11.982195
2024-12-06 18:29:31,022 INFO =====> Insertion loss: 0.000000
2024-12-06 18:29:31,410 DEBUG loaded <trimesh.Trimesh(vertices.shape=(916, 3), faces.shape=(856, 3))> using `load_obj` in 0.0028s
2024-12-06 18:29:31,557 DEBUG loaded <trimesh.Trimesh(vertices.shape=(48, 3), faces.shape=(28, 3))> using `load_obj` in 0.0007s
2024-12-06 18:29:53,082 INFO =====> Skill params: [1.         0.40813807 0.7976345  0.10463562 0.19147763]
2024-12-06 18:29:53,082 INFO =====> Grad: [-2.2082397e+03  6.5029865e+02  2.3311355e-05 -1.8255850e+03
  5.9708720e-05]
2024-12-06 18:29:53,082 INFO =====> Num. aborted data so far: 0
2024-12-06 18:29:53,090 INFO ===========> Epoch: 16 optimisation losses
2024-12-06 18:29:53,090 INFO =====> EMD Loss: 20.042128
2024-12-06 18:29:53,090 INFO =====> Height map loss: 12.278008
2024-12-06 18:29:53,090 INFO =====> Insertion loss: 0.000000
2024-12-06 18:29:53,478 DEBUG loaded <trimesh.Trimesh(vertices.shape=(916, 3), faces.shape=(856, 3))> using `load_obj` in 0.0029s
2024-12-06 18:29:53,621 DEBUG loaded <trimesh.Trimesh(vertices.shape=(48, 3), faces.shape=(28, 3))> using `load_obj` in 0.0007s
2024-12-06 18:30:14,840 INFO =====> Skill params: [1.         0.39287084 0.78133696 0.15139523 0.17236492]
2024-12-06 18:30:14,840 INFO =====> Grad: [ 2.1256360e+03 -7.8093933e+02 -1.5206746e-05  1.5172897e+03
  1.2090176e-04]
2024-12-06 18:30:14,840 INFO =====> Num. aborted data so far: 0
2024-12-06 18:30:14,848 INFO ===========> Epoch: 17 optimisation losses
2024-12-06 18:30:14,848 INFO =====> EMD Loss: 21.122101
2024-12-06 18:30:14,848 INFO =====> Height map loss: 13.509555
2024-12-06 18:30:14,848 INFO =====> Insertion loss: 0.000000
2024-12-06 18:30:15,237 DEBUG loaded <trimesh.Trimesh(vertices.shape=(916, 3), faces.shape=(856, 3))> using `load_obj` in 0.0028s
2024-12-06 18:30:15,381 DEBUG loaded <trimesh.Trimesh(vertices.shape=(48, 3), faces.shape=(28, 3))> using `load_obj` in 0.0007s
2024-12-06 18:30:36,536 INFO =====> Skill params: [0.9697681  0.41180795 0.79246587 0.11378644 0.13488933]
2024-12-06 18:30:36,536 INFO =====> Grad: [-2.2927549e+03  1.0049521e+03 -4.0517145e-05 -1.6974196e+02
  4.8424550e-05]
2024-12-06 18:30:36,536 INFO =====> Num. aborted data so far: 0
2024-12-06 18:30:36,544 INFO ===========> Epoch: 18 optimisation losses
2024-12-06 18:30:36,544 INFO =====> EMD Loss: 20.051844
2024-12-06 18:30:36,544 INFO =====> Height map loss: 12.305684
2024-12-06 18:30:36,544 INFO =====> Insertion loss: 0.000000
2024-12-06 18:30:36,950 DEBUG loaded <trimesh.Trimesh(vertices.shape=(916, 3), faces.shape=(856, 3))> using `load_obj` in 0.0028s
2024-12-06 18:30:37,099 DEBUG loaded <trimesh.Trimesh(vertices.shape=(48, 3), faces.shape=(28, 3))> using `load_obj` in 0.0007s
2024-12-06 18:30:57,830 INFO =====> Skill params: [1.         0.38701338 0.82215154 0.11821656 0.11928304]
2024-12-06 18:30:57,830 INFO =====> Grad: [-2.0939441e+03  8.8306757e+02 -9.6628255e-06  1.1412109e+03
  9.5164600e-05]
2024-12-06 18:30:57,830 INFO =====> Num. aborted data so far: 0
2024-12-06 18:30:57,839 INFO ===========> Epoch: 19 optimisation losses
2024-12-06 18:30:57,839 INFO =====> EMD Loss: 20.768047
2024-12-06 18:30:57,839 INFO =====> Height map loss: 12.879755
2024-12-06 18:30:57,839 INFO =====> Insertion loss: 0.000000
2024-12-06 18:30:58,228 DEBUG loaded <trimesh.Trimesh(vertices.shape=(916, 3), faces.shape=(856, 3))> using `load_obj` in 0.0029s
2024-12-06 18:30:58,380 DEBUG loaded <trimesh.Trimesh(vertices.shape=(48, 3), faces.shape=(28, 3))> using `load_obj` in 0.0007s
2024-12-06 18:31:05,961 INFO ===========> Finished training.
2024-12-06 18:31:05,961 INFO ====> Final EMD Loss: 20.672089
2024-12-06 18:31:05,961 INFO ====> Final Height map loss: 12.951669
2024-12-06 18:31:05,962 INFO ====> Final Insertion loss: 0.000000
2024-12-06 18:31:05,962 INFO ====> Final skill params: [1.         0.36469218 0.8295911  0.08841065 0.08868268]
