2024-12-06 08:32:02,867 DEBUG loaded <trimesh.Trimesh(vertices.shape=(916, 3), faces.shape=(856, 3))> using `load_obj` in 0.0029s
2024-12-06 08:32:03,014 DEBUG loaded <trimesh.Trimesh(vertices.shape=(48, 3), faces.shape=(28, 3))> using `load_obj` in 0.0007s
2024-12-06 08:32:23,902 INFO =====> Skill params: [ 1.    0.45  0.8   0.   -0.1 ]
2024-12-06 08:32:23,902 INFO =====> Grad: [ 2.2435337e+03 -5.0985300e+02 -9.6791609e-07  5.4217279e+02
 -2.5524874e-05]
2024-12-06 08:32:23,902 INFO =====> Num. aborted data so far: 0
2024-12-06 08:32:23,910 INFO ===========> Epoch: 0 optimisation losses
2024-12-06 08:32:23,910 INFO =====> EMD Loss: 19.000311
2024-12-06 08:32:23,910 INFO =====> Height map loss: 11.873061
2024-12-06 08:32:23,910 INFO =====> Insertion loss: 0.000000
2024-12-06 08:32:24,305 DEBUG loaded <trimesh.Trimesh(vertices.shape=(916, 3), faces.shape=(856, 3))> using `load_obj` in 0.0029s
2024-12-06 08:32:24,451 DEBUG loaded <trimesh.Trimesh(vertices.shape=(48, 3), faces.shape=(28, 3))> using `load_obj` in 0.0007s
2024-12-06 08:32:32,171 INFO ==> EMD Loss: 19.266830
2024-12-06 08:32:32,171 INFO ==> Height map loss:  11.965933
2024-12-06 08:32:32,171 INFO ==> Insertion loss: 0.000000
2024-12-06 08:32:32,539 DEBUG loaded <trimesh.Trimesh(vertices.shape=(916, 3), faces.shape=(856, 3))> using `load_obj` in 0.0029s
2024-12-06 08:32:32,690 DEBUG loaded <trimesh.Trimesh(vertices.shape=(48, 3), faces.shape=(28, 3))> using `load_obj` in 0.0007s
2024-12-06 08:32:40,423 INFO ==> EMD Loss: 18.870102
2024-12-06 08:32:40,423 INFO ==> Height map loss:  11.828194
2024-12-06 08:32:40,423 INFO ==> Insertion loss: 0.000000
2024-12-06 08:32:40,795 DEBUG loaded <trimesh.Trimesh(vertices.shape=(916, 3), faces.shape=(856, 3))> using `load_obj` in 0.0028s
2024-12-06 08:32:40,946 DEBUG loaded <trimesh.Trimesh(vertices.shape=(48, 3), faces.shape=(28, 3))> using `load_obj` in 0.0007s
2024-12-06 08:32:48,692 INFO ==> EMD Loss: 18.757044
2024-12-06 08:32:48,692 INFO ==> Height map loss:  11.797215
2024-12-06 08:32:48,692 INFO ==> Insertion loss: 0.000000
2024-12-06 08:32:49,125 DEBUG loaded <trimesh.Trimesh(vertices.shape=(916, 3), faces.shape=(856, 3))> using `load_obj` in 0.0029s
2024-12-06 08:32:49,275 DEBUG loaded <trimesh.Trimesh(vertices.shape=(48, 3), faces.shape=(28, 3))> using `load_obj` in 0.0007s
2024-12-06 08:32:57,067 INFO ==> EMD Loss: 18.842325
2024-12-06 08:32:57,067 INFO ==> Height map loss:  11.745368
2024-12-06 08:32:57,067 INFO ==> Insertion loss: 0.000000
2024-12-06 08:32:57,490 DEBUG loaded <trimesh.Trimesh(vertices.shape=(916, 3), faces.shape=(856, 3))> using `load_obj` in 0.0028s
2024-12-06 08:32:57,636 DEBUG loaded <trimesh.Trimesh(vertices.shape=(48, 3), faces.shape=(28, 3))> using `load_obj` in 0.0007s
2024-12-06 08:33:05,441 INFO ==> EMD Loss: 18.477821
2024-12-06 08:33:05,442 INFO ==> Height map loss:  11.589375
2024-12-06 08:33:05,442 INFO ==> Insertion loss: 0.000000
2024-12-06 08:33:05,809 DEBUG loaded <trimesh.Trimesh(vertices.shape=(916, 3), faces.shape=(856, 3))> using `load_obj` in 0.0029s
2024-12-06 08:33:05,955 DEBUG loaded <trimesh.Trimesh(vertices.shape=(48, 3), faces.shape=(28, 3))> using `load_obj` in 0.0007s
2024-12-06 08:33:27,226 INFO =====> Skill params: [ 0.96837723  0.48162276  0.80010206 -0.03162277 -0.09731941]
2024-12-06 08:33:27,226 INFO =====> Grad: [-2.4230110e+03  1.9431604e+02  2.7821576e-05  3.2720924e+01
  2.4473504e-05]
2024-12-06 08:33:27,226 INFO =====> Num. aborted data so far: 0
2024-12-06 08:33:27,235 INFO ===========> Epoch: 1 optimisation losses
2024-12-06 08:33:27,235 INFO =====> EMD Loss: 18.477983
2024-12-06 08:33:27,235 INFO =====> Height map loss: 11.589231
2024-12-06 08:33:27,235 INFO =====> Insertion loss: 0.000000
2024-12-06 08:33:27,631 DEBUG loaded <trimesh.Trimesh(vertices.shape=(916, 3), faces.shape=(856, 3))> using `load_obj` in 0.0029s
2024-12-06 08:33:27,779 DEBUG loaded <trimesh.Trimesh(vertices.shape=(48, 3), faces.shape=(28, 3))> using `load_obj` in 0.0007s
2024-12-06 08:33:35,577 INFO ==> EMD Loss: 18.378942
2024-12-06 08:33:35,577 INFO ==> Height map loss:  11.401191
2024-12-06 08:33:35,577 INFO ==> Insertion loss: 0.000000
2024-12-06 08:33:35,948 DEBUG loaded <trimesh.Trimesh(vertices.shape=(916, 3), faces.shape=(856, 3))> using `load_obj` in 0.0030s
2024-12-06 08:33:36,095 DEBUG loaded <trimesh.Trimesh(vertices.shape=(48, 3), faces.shape=(28, 3))> using `load_obj` in 0.0007s
2024-12-06 08:33:43,860 INFO ==> EMD Loss: 18.376230
2024-12-06 08:33:43,860 INFO ==> Height map loss:  11.589275
2024-12-06 08:33:43,861 INFO ==> Insertion loss: 0.000000
2024-12-06 08:33:44,272 DEBUG loaded <trimesh.Trimesh(vertices.shape=(916, 3), faces.shape=(856, 3))> using `load_obj` in 0.0029s
2024-12-06 08:33:44,419 DEBUG loaded <trimesh.Trimesh(vertices.shape=(48, 3), faces.shape=(28, 3))> using `load_obj` in 0.0007s
2024-12-06 08:33:52,179 INFO ==> EMD Loss: 18.383221
2024-12-06 08:33:52,179 INFO ==> Height map loss:  11.624682
2024-12-06 08:33:52,180 INFO ==> Insertion loss: 0.000000
2024-12-06 08:33:52,550 DEBUG loaded <trimesh.Trimesh(vertices.shape=(916, 3), faces.shape=(856, 3))> using `load_obj` in 0.0029s
2024-12-06 08:33:52,701 DEBUG loaded <trimesh.Trimesh(vertices.shape=(48, 3), faces.shape=(28, 3))> using `load_obj` in 0.0007s
2024-12-06 08:34:00,457 INFO ==> EMD Loss: 18.425392
2024-12-06 08:34:00,457 INFO ==> Height map loss:  11.599697
2024-12-06 08:34:00,457 INFO ==> Insertion loss: 0.000000
2024-12-06 08:34:00,828 DEBUG loaded <trimesh.Trimesh(vertices.shape=(916, 3), faces.shape=(856, 3))> using `load_obj` in 0.0029s
2024-12-06 08:34:00,973 DEBUG loaded <trimesh.Trimesh(vertices.shape=(48, 3), faces.shape=(28, 3))> using `load_obj` in 0.0007s
2024-12-06 08:34:08,696 INFO ==> EMD Loss: 18.506054
2024-12-06 08:34:08,696 INFO ==> Height map loss:  11.772950
2024-12-06 08:34:08,696 INFO ==> Insertion loss: 0.000000
2024-12-06 08:34:09,065 DEBUG loaded <trimesh.Trimesh(vertices.shape=(916, 3), faces.shape=(856, 3))> using `load_obj` in 0.0029s
2024-12-06 08:34:09,212 DEBUG loaded <trimesh.Trimesh(vertices.shape=(48, 3), faces.shape=(28, 3))> using `load_obj` in 0.0007s
2024-12-06 08:34:30,450 INFO =====> Skill params: [ 0.96956515  0.48103333  0.7999482  -0.03172316 -0.09745438]
2024-12-06 08:34:30,450 INFO =====> Grad: [-1.8897654e+03  2.7208829e+02  2.4434015e-05 -8.3777229e+01
  7.9765960e-06]
2024-12-06 08:34:30,451 INFO =====> Num. aborted data so far: 0
2024-12-06 08:34:30,459 INFO ===========> Epoch: 2 optimisation losses
2024-12-06 08:34:30,459 INFO =====> EMD Loss: 18.374741
2024-12-06 08:34:30,459 INFO =====> Height map loss: 11.410586
2024-12-06 08:34:30,459 INFO =====> Insertion loss: 0.000000
2024-12-06 08:34:30,857 DEBUG loaded <trimesh.Trimesh(vertices.shape=(916, 3), faces.shape=(856, 3))> using `load_obj` in 0.0029s
2024-12-06 08:34:31,006 DEBUG loaded <trimesh.Trimesh(vertices.shape=(48, 3), faces.shape=(28, 3))> using `load_obj` in 0.0007s
2024-12-06 08:34:38,813 INFO ==> EMD Loss: 18.378754
2024-12-06 08:34:38,813 INFO ==> Height map loss:  11.405751
2024-12-06 08:34:38,813 INFO ==> Insertion loss: 0.000000
2024-12-06 08:34:39,182 DEBUG loaded <trimesh.Trimesh(vertices.shape=(916, 3), faces.shape=(856, 3))> using `load_obj` in 0.0029s
2024-12-06 08:34:39,329 DEBUG loaded <trimesh.Trimesh(vertices.shape=(48, 3), faces.shape=(28, 3))> using `load_obj` in 0.0007s
2024-12-06 08:34:47,068 INFO ==> EMD Loss: 18.403797
2024-12-06 08:34:47,068 INFO ==> Height map loss:  11.622000
2024-12-06 08:34:47,068 INFO ==> Insertion loss: 0.000000
2024-12-06 08:34:47,485 DEBUG loaded <trimesh.Trimesh(vertices.shape=(916, 3), faces.shape=(856, 3))> using `load_obj` in 0.0029s
2024-12-06 08:34:47,633 DEBUG loaded <trimesh.Trimesh(vertices.shape=(48, 3), faces.shape=(28, 3))> using `load_obj` in 0.0007s
2024-12-06 08:34:55,386 INFO ==> EMD Loss: 18.451834
2024-12-06 08:34:55,386 INFO ==> Height map loss:  11.640153
2024-12-06 08:34:55,386 INFO ==> Insertion loss: 0.000000
2024-12-06 08:34:55,832 DEBUG loaded <trimesh.Trimesh(vertices.shape=(916, 3), faces.shape=(856, 3))> using `load_obj` in 0.0028s
2024-12-06 08:34:55,976 DEBUG loaded <trimesh.Trimesh(vertices.shape=(48, 3), faces.shape=(28, 3))> using `load_obj` in 0.0007s
2024-12-06 08:35:03,718 INFO ==> EMD Loss: 18.478664
2024-12-06 08:35:03,718 INFO ==> Height map loss:  11.730024
2024-12-06 08:35:03,718 INFO ==> Insertion loss: 0.000000
2024-12-06 08:35:04,085 DEBUG loaded <trimesh.Trimesh(vertices.shape=(916, 3), faces.shape=(856, 3))> using `load_obj` in 0.0029s
2024-12-06 08:35:04,228 DEBUG loaded <trimesh.Trimesh(vertices.shape=(48, 3), faces.shape=(28, 3))> using `load_obj` in 0.0007s
2024-12-06 08:35:11,938 INFO ==> EMD Loss: 18.433214
2024-12-06 08:35:11,938 INFO ==> Height map loss:  11.742065
2024-12-06 08:35:11,938 INFO ==> Insertion loss: 0.000000
2024-12-06 08:35:12,311 DEBUG loaded <trimesh.Trimesh(vertices.shape=(916, 3), faces.shape=(856, 3))> using `load_obj` in 0.0029s
2024-12-06 08:35:12,460 DEBUG loaded <trimesh.Trimesh(vertices.shape=(48, 3), faces.shape=(28, 3))> using `load_obj` in 0.0007s
2024-12-06 08:35:33,738 INFO =====> Skill params: [ 0.97039604  0.4802711   0.7998064  -0.03145613 -0.09750073]
2024-12-06 08:35:33,738 INFO =====> Grad: [ 1.3454321e+03 -2.3458659e+02 -1.5411575e-05 -3.7071582e+02
  1.7806427e-05]
2024-12-06 08:35:33,739 INFO =====> Num. aborted data so far: 0
2024-12-06 08:35:33,747 INFO ===========> Epoch: 3 optimisation losses
2024-12-06 08:35:33,747 INFO =====> EMD Loss: 18.378946
2024-12-06 08:35:33,747 INFO =====> Height map loss: 11.405277
2024-12-06 08:35:33,747 INFO =====> Insertion loss: 0.000000
2024-12-06 08:35:34,145 DEBUG loaded <trimesh.Trimesh(vertices.shape=(916, 3), faces.shape=(856, 3))> using `load_obj` in 0.0029s
2024-12-06 08:35:34,297 DEBUG loaded <trimesh.Trimesh(vertices.shape=(48, 3), faces.shape=(28, 3))> using `load_obj` in 0.0007s
2024-12-06 08:35:42,117 INFO ==> EMD Loss: 18.314314
2024-12-06 08:35:42,117 INFO ==> Height map loss:  11.418596
2024-12-06 08:35:42,117 INFO ==> Insertion loss: 0.000000
2024-12-06 08:35:42,488 DEBUG loaded <trimesh.Trimesh(vertices.shape=(916, 3), faces.shape=(856, 3))> using `load_obj` in 0.0029s
2024-12-06 08:35:42,643 DEBUG loaded <trimesh.Trimesh(vertices.shape=(48, 3), faces.shape=(28, 3))> using `load_obj` in 0.0007s
2024-12-06 08:35:50,464 INFO ==> EMD Loss: 18.436531
2024-12-06 08:35:50,465 INFO ==> Height map loss:  11.642083
2024-12-06 08:35:50,465 INFO ==> Insertion loss: 0.000000
2024-12-06 08:35:50,838 DEBUG loaded <trimesh.Trimesh(vertices.shape=(916, 3), faces.shape=(856, 3))> using `load_obj` in 0.0029s
2024-12-06 08:35:50,988 DEBUG loaded <trimesh.Trimesh(vertices.shape=(48, 3), faces.shape=(28, 3))> using `load_obj` in 0.0007s
2024-12-06 08:35:58,807 INFO ==> EMD Loss: 18.456118
2024-12-06 08:35:58,807 INFO ==> Height map loss:  11.635129
2024-12-06 08:35:58,808 INFO ==> Insertion loss: 0.000000
2024-12-06 08:35:59,175 DEBUG loaded <trimesh.Trimesh(vertices.shape=(916, 3), faces.shape=(856, 3))> using `load_obj` in 0.0029s
2024-12-06 08:35:59,325 DEBUG loaded <trimesh.Trimesh(vertices.shape=(48, 3), faces.shape=(28, 3))> using `load_obj` in 0.0007s
2024-12-06 08:36:07,189 INFO ==> EMD Loss: 18.487165
2024-12-06 08:36:07,189 INFO ==> Height map loss:  11.583313
2024-12-06 08:36:07,189 INFO ==> Insertion loss: 0.000000
2024-12-06 08:36:07,557 DEBUG loaded <trimesh.Trimesh(vertices.shape=(916, 3), faces.shape=(856, 3))> using `load_obj` in 0.0029s
2024-12-06 08:36:07,702 DEBUG loaded <trimesh.Trimesh(vertices.shape=(48, 3), faces.shape=(28, 3))> using `load_obj` in 0.0007s
2024-12-06 08:36:15,577 INFO ==> EMD Loss: 18.485735
2024-12-06 08:36:15,577 INFO ==> Height map loss:  11.572097
2024-12-06 08:36:15,577 INFO ==> Insertion loss: 0.000000
2024-12-06 08:36:15,950 DEBUG loaded <trimesh.Trimesh(vertices.shape=(916, 3), faces.shape=(856, 3))> using `load_obj` in 0.0029s
2024-12-06 08:36:16,098 DEBUG loaded <trimesh.Trimesh(vertices.shape=(48, 3), faces.shape=(28, 3))> using `load_obj` in 0.0007s
2024-12-06 08:36:37,137 INFO =====> Skill params: [ 0.96981597  0.4809056   0.79990053 -0.03047772 -0.09760953]
2024-12-06 08:36:37,137 INFO =====> Grad: [-2.4229075e+03  1.7970689e+02  2.3044469e-05 -6.1936395e+02
  3.2373220e-05]
2024-12-06 08:36:37,138 INFO =====> Num. aborted data so far: 0
2024-12-06 08:36:37,145 INFO ===========> Epoch: 4 optimisation losses
2024-12-06 08:36:37,145 INFO =====> EMD Loss: 18.314369
2024-12-06 08:36:37,145 INFO =====> Height map loss: 11.414083
2024-12-06 08:36:37,145 INFO =====> Insertion loss: 0.000000
2024-12-06 08:36:37,546 DEBUG loaded <trimesh.Trimesh(vertices.shape=(916, 3), faces.shape=(856, 3))> using `load_obj` in 0.0029s
2024-12-06 08:36:37,700 DEBUG loaded <trimesh.Trimesh(vertices.shape=(48, 3), faces.shape=(28, 3))> using `load_obj` in 0.0007s
2024-12-06 08:36:45,497 INFO ==> EMD Loss: 18.288513
2024-12-06 08:36:45,497 INFO ==> Height map loss:  11.420148
2024-12-06 08:36:45,497 INFO ==> Insertion loss: 0.000000
2024-12-06 08:36:45,872 DEBUG loaded <trimesh.Trimesh(vertices.shape=(916, 3), faces.shape=(856, 3))> using `load_obj` in 0.0028s
2024-12-06 08:36:46,022 DEBUG loaded <trimesh.Trimesh(vertices.shape=(48, 3), faces.shape=(28, 3))> using `load_obj` in 0.0007s
2024-12-06 08:36:53,797 INFO ==> EMD Loss: 18.428020
2024-12-06 08:36:53,797 INFO ==> Height map loss:  11.605399
2024-12-06 08:36:53,797 INFO ==> Insertion loss: 0.000000
2024-12-06 08:36:54,205 DEBUG loaded <trimesh.Trimesh(vertices.shape=(916, 3), faces.shape=(856, 3))> using `load_obj` in 0.0028s
2024-12-06 08:36:54,355 DEBUG loaded <trimesh.Trimesh(vertices.shape=(48, 3), faces.shape=(28, 3))> using `load_obj` in 0.0007s
2024-12-06 08:37:02,117 INFO ==> EMD Loss: 18.395086
2024-12-06 08:37:02,117 INFO ==> Height map loss:  11.616591
2024-12-06 08:37:02,117 INFO ==> Insertion loss: 0.000000
2024-12-06 08:37:02,488 DEBUG loaded <trimesh.Trimesh(vertices.shape=(916, 3), faces.shape=(856, 3))> using `load_obj` in 0.0030s
2024-12-06 08:37:02,638 DEBUG loaded <trimesh.Trimesh(vertices.shape=(48, 3), faces.shape=(28, 3))> using `load_obj` in 0.0007s
2024-12-06 08:37:10,398 INFO ==> EMD Loss: 18.417341
2024-12-06 08:37:10,399 INFO ==> Height map loss:  11.588243
2024-12-06 08:37:10,399 INFO ==> Insertion loss: 0.000000
2024-12-06 08:37:10,768 DEBUG loaded <trimesh.Trimesh(vertices.shape=(916, 3), faces.shape=(856, 3))> using `load_obj` in 0.0029s
2024-12-06 08:37:10,917 DEBUG loaded <trimesh.Trimesh(vertices.shape=(48, 3), faces.shape=(28, 3))> using `load_obj` in 0.0007s
2024-12-06 08:37:18,650 INFO ==> EMD Loss: 18.642742
2024-12-06 08:37:18,650 INFO ==> Height map loss:  11.841122
2024-12-06 08:37:18,651 INFO ==> Insertion loss: 0.000000
2024-12-06 08:37:19,022 DEBUG loaded <trimesh.Trimesh(vertices.shape=(916, 3), faces.shape=(856, 3))> using `load_obj` in 0.0029s
2024-12-06 08:37:19,174 DEBUG loaded <trimesh.Trimesh(vertices.shape=(48, 3), faces.shape=(28, 3))> using `load_obj` in 0.0007s
2024-12-06 08:37:40,440 INFO =====> Skill params: [ 0.9707196   0.4804182   0.79975283 -0.02931273 -0.09781624]
2024-12-06 08:37:40,440 INFO =====> Grad: [ 2.4121152e+03  6.1533600e+02 -5.3600714e-05  1.1061979e+03
  1.5423536e-04]
2024-12-06 08:37:40,440 INFO =====> Num. aborted data so far: 0
2024-12-06 08:37:40,448 INFO ===========> Epoch: 5 optimisation losses
2024-12-06 08:37:40,448 INFO =====> EMD Loss: 18.288399
2024-12-06 08:37:40,448 INFO =====> Height map loss: 11.413965
2024-12-06 08:37:40,448 INFO =====> Insertion loss: 0.000000
2024-12-06 08:37:40,848 DEBUG loaded <trimesh.Trimesh(vertices.shape=(916, 3), faces.shape=(856, 3))> using `load_obj` in 0.0030s
2024-12-06 08:37:41,000 DEBUG loaded <trimesh.Trimesh(vertices.shape=(48, 3), faces.shape=(28, 3))> using `load_obj` in 0.0007s
2024-12-06 08:37:48,794 INFO ==> EMD Loss: 18.505917
2024-12-06 08:37:48,794 INFO ==> Height map loss:  11.676551
2024-12-06 08:37:48,795 INFO ==> Insertion loss: 0.000000
2024-12-06 08:37:49,166 DEBUG loaded <trimesh.Trimesh(vertices.shape=(916, 3), faces.shape=(856, 3))> using `load_obj` in 0.0030s
2024-12-06 08:37:49,316 DEBUG loaded <trimesh.Trimesh(vertices.shape=(48, 3), faces.shape=(28, 3))> using `load_obj` in 0.0007s
2024-12-06 08:37:57,066 INFO ==> EMD Loss: 18.460072
2024-12-06 08:37:57,066 INFO ==> Height map loss:  11.723402
2024-12-06 08:37:57,066 INFO ==> Insertion loss: 0.000000
2024-12-06 08:37:57,526 DEBUG loaded <trimesh.Trimesh(vertices.shape=(916, 3), faces.shape=(856, 3))> using `load_obj` in 0.0029s
2024-12-06 08:37:57,672 DEBUG loaded <trimesh.Trimesh(vertices.shape=(48, 3), faces.shape=(28, 3))> using `load_obj` in 0.0007s
2024-12-06 08:38:05,429 INFO ==> EMD Loss: 19.025898
2024-12-06 08:38:05,429 INFO ==> Height map loss:  11.913346
2024-12-06 08:38:05,430 INFO ==> Insertion loss: 0.000000
2024-12-06 08:38:05,803 DEBUG loaded <trimesh.Trimesh(vertices.shape=(916, 3), faces.shape=(856, 3))> using `load_obj` in 0.0029s
2024-12-06 08:38:05,954 DEBUG loaded <trimesh.Trimesh(vertices.shape=(48, 3), faces.shape=(28, 3))> using `load_obj` in 0.0007s
2024-12-06 08:38:13,668 INFO ==> EMD Loss: 19.119396
2024-12-06 08:38:13,669 INFO ==> Height map loss:  11.910876
2024-12-06 08:38:13,669 INFO ==> Insertion loss: 0.000000
2024-12-06 08:38:14,046 DEBUG loaded <trimesh.Trimesh(vertices.shape=(916, 3), faces.shape=(856, 3))> using `load_obj` in 0.0029s
2024-12-06 08:38:14,193 DEBUG loaded <trimesh.Trimesh(vertices.shape=(48, 3), faces.shape=(28, 3))> using `load_obj` in 0.0007s
2024-12-06 08:38:21,867 INFO ==> EMD Loss: 19.267902
2024-12-06 08:38:21,867 INFO ==> Height map loss:  11.840677
2024-12-06 08:38:21,867 INFO ==> Insertion loss: 0.000000
2024-12-06 08:38:22,237 DEBUG loaded <trimesh.Trimesh(vertices.shape=(916, 3), faces.shape=(856, 3))> using `load_obj` in 0.0029s
2024-12-06 08:38:22,386 DEBUG loaded <trimesh.Trimesh(vertices.shape=(48, 3), faces.shape=(28, 3))> using `load_obj` in 0.0007s
2024-12-06 08:38:43,595 INFO =====> Skill params: [ 0.9699064   0.47924227  0.8001058  -0.03059532 -0.09868403]
2024-12-06 08:38:43,595 INFO =====> Grad: [ 2.3201792e+03 -3.4006442e+02  3.8954404e-05  2.4988351e+02
 -5.1445240e-05]
2024-12-06 08:38:43,595 INFO =====> Num. aborted data so far: 0
2024-12-06 08:38:43,603 INFO ===========> Epoch: 6 optimisation losses
2024-12-06 08:38:43,603 INFO =====> EMD Loss: 18.483469
2024-12-06 08:38:43,603 INFO =====> Height map loss: 11.677096
2024-12-06 08:38:43,603 INFO =====> Insertion loss: 0.000000
2024-12-06 08:38:44,001 DEBUG loaded <trimesh.Trimesh(vertices.shape=(916, 3), faces.shape=(856, 3))> using `load_obj` in 0.0029s
2024-12-06 08:38:44,149 DEBUG loaded <trimesh.Trimesh(vertices.shape=(48, 3), faces.shape=(28, 3))> using `load_obj` in 0.0007s
2024-12-06 08:38:51,908 INFO ==> EMD Loss: 18.382793
2024-12-06 08:38:51,908 INFO ==> Height map loss:  11.578399
2024-12-06 08:38:51,908 INFO ==> Insertion loss: 0.000000
2024-12-06 08:38:52,356 DEBUG loaded <trimesh.Trimesh(vertices.shape=(916, 3), faces.shape=(856, 3))> using `load_obj` in 0.0029s
2024-12-06 08:38:52,504 DEBUG loaded <trimesh.Trimesh(vertices.shape=(48, 3), faces.shape=(28, 3))> using `load_obj` in 0.0007s
2024-12-06 08:39:00,334 INFO ==> EMD Loss: 18.373533
2024-12-06 08:39:00,334 INFO ==> Height map loss:  11.402002
2024-12-06 08:39:00,334 INFO ==> Insertion loss: 0.000000
2024-12-06 08:39:00,734 DEBUG loaded <trimesh.Trimesh(vertices.shape=(916, 3), faces.shape=(856, 3))> using `load_obj` in 0.0029s
2024-12-06 08:39:00,881 DEBUG loaded <trimesh.Trimesh(vertices.shape=(48, 3), faces.shape=(28, 3))> using `load_obj` in 0.0007s
2024-12-06 08:39:08,661 INFO ==> EMD Loss: 18.362747
2024-12-06 08:39:08,661 INFO ==> Height map loss:  11.424942
2024-12-06 08:39:08,661 INFO ==> Insertion loss: 0.000000
2024-12-06 08:39:09,037 DEBUG loaded <trimesh.Trimesh(vertices.shape=(916, 3), faces.shape=(856, 3))> using `load_obj` in 0.0029s
2024-12-06 08:39:09,186 DEBUG loaded <trimesh.Trimesh(vertices.shape=(48, 3), faces.shape=(28, 3))> using `load_obj` in 0.0007s
2024-12-06 08:39:17,044 INFO ==> EMD Loss: 18.206512
2024-12-06 08:39:17,044 INFO ==> Height map loss:  11.471821
2024-12-06 08:39:17,044 INFO ==> Insertion loss: 0.000000
2024-12-06 08:39:17,420 DEBUG loaded <trimesh.Trimesh(vertices.shape=(916, 3), faces.shape=(856, 3))> using `load_obj` in 0.0029s
2024-12-06 08:39:17,569 DEBUG loaded <trimesh.Trimesh(vertices.shape=(48, 3), faces.shape=(28, 3))> using `load_obj` in 0.0007s
2024-12-06 08:39:25,416 INFO ==> EMD Loss: 18.217506
2024-12-06 08:39:25,416 INFO ==> Height map loss:  11.463845
2024-12-06 08:39:25,416 INFO ==> Insertion loss: 0.000000
2024-12-06 08:39:25,791 DEBUG loaded <trimesh.Trimesh(vertices.shape=(916, 3), faces.shape=(856, 3))> using `load_obj` in 0.0028s
2024-12-06 08:39:25,937 DEBUG loaded <trimesh.Trimesh(vertices.shape=(48, 3), faces.shape=(28, 3))> using `load_obj` in 0.0007s
2024-12-06 08:39:46,942 INFO =====> Skill params: [ 0.96625096  0.48238516  0.7987731  -0.03209462 -0.09718614]
2024-12-06 08:39:46,942 INFO =====> Grad: [-2.4090266e+03  5.1432098e+02  1.8184361e-05 -3.7335025e+02
 -2.2423558e-04]
2024-12-06 08:39:46,942 INFO =====> Num. aborted data so far: 0
2024-12-06 08:39:46,950 INFO ===========> Epoch: 7 optimisation losses
2024-12-06 08:39:46,950 INFO =====> EMD Loss: 18.365824
2024-12-06 08:39:46,950 INFO =====> Height map loss: 11.400702
2024-12-06 08:39:46,950 INFO =====> Insertion loss: 0.000000
2024-12-06 08:39:47,406 DEBUG loaded <trimesh.Trimesh(vertices.shape=(916, 3), faces.shape=(856, 3))> using `load_obj` in 0.0029s
2024-12-06 08:39:47,557 DEBUG loaded <trimesh.Trimesh(vertices.shape=(48, 3), faces.shape=(28, 3))> using `load_obj` in 0.0007s
2024-12-06 08:39:55,390 INFO ==> EMD Loss: 18.351887
2024-12-06 08:39:55,390 INFO ==> Height map loss:  11.419443
2024-12-06 08:39:55,390 INFO ==> Insertion loss: 0.000000
2024-12-06 08:39:55,796 DEBUG loaded <trimesh.Trimesh(vertices.shape=(916, 3), faces.shape=(856, 3))> using `load_obj` in 0.0028s
2024-12-06 08:39:55,945 DEBUG loaded <trimesh.Trimesh(vertices.shape=(48, 3), faces.shape=(28, 3))> using `load_obj` in 0.0007s
2024-12-06 08:40:03,753 INFO ==> EMD Loss: 18.383392
2024-12-06 08:40:03,753 INFO ==> Height map loss:  11.583537
2024-12-06 08:40:03,753 INFO ==> Insertion loss: 0.000000
2024-12-06 08:40:04,126 DEBUG loaded <trimesh.Trimesh(vertices.shape=(916, 3), faces.shape=(856, 3))> using `load_obj` in 0.0028s
2024-12-06 08:40:04,271 DEBUG loaded <trimesh.Trimesh(vertices.shape=(48, 3), faces.shape=(28, 3))> using `load_obj` in 0.0007s
2024-12-06 08:40:12,035 INFO ==> EMD Loss: 18.438694
2024-12-06 08:40:12,035 INFO ==> Height map loss:  11.636395
2024-12-06 08:40:12,035 INFO ==> Insertion loss: 0.000000
2024-12-06 08:40:12,408 DEBUG loaded <trimesh.Trimesh(vertices.shape=(916, 3), faces.shape=(856, 3))> using `load_obj` in 0.0029s
2024-12-06 08:40:12,554 DEBUG loaded <trimesh.Trimesh(vertices.shape=(48, 3), faces.shape=(28, 3))> using `load_obj` in 0.0007s
2024-12-06 08:40:20,316 INFO ==> EMD Loss: 18.430214
2024-12-06 08:40:20,316 INFO ==> Height map loss:  11.740546
2024-12-06 08:40:20,316 INFO ==> Insertion loss: 0.000000
2024-12-06 08:40:20,687 DEBUG loaded <trimesh.Trimesh(vertices.shape=(916, 3), faces.shape=(856, 3))> using `load_obj` in 0.0030s
2024-12-06 08:40:20,838 DEBUG loaded <trimesh.Trimesh(vertices.shape=(48, 3), faces.shape=(28, 3))> using `load_obj` in 0.0007s
2024-12-06 08:40:28,627 INFO ==> EMD Loss: 18.749779
2024-12-06 08:40:28,628 INFO ==> Height map loss:  11.758964
2024-12-06 08:40:28,628 INFO ==> Insertion loss: 0.000000
2024-12-06 08:40:29,002 DEBUG loaded <trimesh.Trimesh(vertices.shape=(916, 3), faces.shape=(856, 3))> using `load_obj` in 0.0029s
2024-12-06 08:40:29,148 DEBUG loaded <trimesh.Trimesh(vertices.shape=(48, 3), faces.shape=(28, 3))> using `load_obj` in 0.0007s
2024-12-06 08:40:50,389 INFO =====> Skill params: [ 0.9669649   0.48153874  0.7986424  -0.03164212 -0.09614801]
2024-12-06 08:40:50,389 INFO =====> Grad: [-2.3601296e+03 -2.5627200e+02 -3.7209349e-05 -6.0215283e+02
 -1.1216968e-04]
2024-12-06 08:40:50,389 INFO =====> Num. aborted data so far: 0
2024-12-06 08:40:50,397 INFO ===========> Epoch: 8 optimisation losses
2024-12-06 08:40:50,397 INFO =====> EMD Loss: 18.350693
2024-12-06 08:40:50,397 INFO =====> Height map loss: 11.421017
2024-12-06 08:40:50,397 INFO =====> Insertion loss: 0.000000
2024-12-06 08:40:50,800 DEBUG loaded <trimesh.Trimesh(vertices.shape=(916, 3), faces.shape=(856, 3))> using `load_obj` in 0.0031s
2024-12-06 08:40:50,947 DEBUG loaded <trimesh.Trimesh(vertices.shape=(48, 3), faces.shape=(28, 3))> using `load_obj` in 0.0007s
2024-12-06 08:40:58,802 INFO ==> EMD Loss: 18.333178
2024-12-06 08:40:58,803 INFO ==> Height map loss:  11.441217
2024-12-06 08:40:58,803 INFO ==> Insertion loss: 0.000000
2024-12-06 08:40:59,173 DEBUG loaded <trimesh.Trimesh(vertices.shape=(916, 3), faces.shape=(856, 3))> using `load_obj` in 0.0029s
2024-12-06 08:40:59,318 DEBUG loaded <trimesh.Trimesh(vertices.shape=(48, 3), faces.shape=(28, 3))> using `load_obj` in 0.0007s
2024-12-06 08:41:07,204 INFO ==> EMD Loss: 18.425140
2024-12-06 08:41:07,204 INFO ==> Height map loss:  11.622881
2024-12-06 08:41:07,204 INFO ==> Insertion loss: 0.000000
2024-12-06 08:41:07,575 DEBUG loaded <trimesh.Trimesh(vertices.shape=(916, 3), faces.shape=(856, 3))> using `load_obj` in 0.0029s
2024-12-06 08:41:07,722 DEBUG loaded <trimesh.Trimesh(vertices.shape=(48, 3), faces.shape=(28, 3))> using `load_obj` in 0.0007s
2024-12-06 08:41:15,588 INFO ==> EMD Loss: 18.408726
2024-12-06 08:41:15,588 INFO ==> Height map loss:  11.639433
2024-12-06 08:41:15,588 INFO ==> Insertion loss: 0.000000
2024-12-06 08:41:15,961 DEBUG loaded <trimesh.Trimesh(vertices.shape=(916, 3), faces.shape=(856, 3))> using `load_obj` in 0.0029s
2024-12-06 08:41:16,108 DEBUG loaded <trimesh.Trimesh(vertices.shape=(48, 3), faces.shape=(28, 3))> using `load_obj` in 0.0007s
2024-12-06 08:41:24,009 INFO ==> EMD Loss: 18.536137
2024-12-06 08:41:24,009 INFO ==> Height map loss:  11.606478
2024-12-06 08:41:24,009 INFO ==> Insertion loss: 0.000000
2024-12-06 08:41:24,397 DEBUG loaded <trimesh.Trimesh(vertices.shape=(916, 3), faces.shape=(856, 3))> using `load_obj` in 0.0029s
2024-12-06 08:41:24,543 DEBUG loaded <trimesh.Trimesh(vertices.shape=(48, 3), faces.shape=(28, 3))> using `load_obj` in 0.0007s
2024-12-06 08:41:32,425 INFO ==> EMD Loss: 18.506477
2024-12-06 08:41:32,425 INFO ==> Height map loss:  11.587594
2024-12-06 08:41:32,425 INFO ==> Insertion loss: 0.000000
2024-12-06 08:41:32,798 DEBUG loaded <trimesh.Trimesh(vertices.shape=(916, 3), faces.shape=(856, 3))> using `load_obj` in 0.0028s
2024-12-06 08:41:32,943 DEBUG loaded <trimesh.Trimesh(vertices.shape=(48, 3), faces.shape=(28, 3))> using `load_obj` in 0.0007s
2024-12-06 08:41:54,277 INFO =====> Skill params: [ 0.9676331   0.4819667   0.7989199  -0.03095036 -0.09563075]
2024-12-06 08:41:54,277 INFO =====> Grad: [-2.4198596e+03  8.0845416e+02 -1.4852194e-05 -6.9482440e+02
 -3.2488956e-06]
2024-12-06 08:41:54,277 INFO =====> Num. aborted data so far: 0
2024-12-06 08:41:54,285 INFO ===========> Epoch: 9 optimisation losses
2024-12-06 08:41:54,285 INFO =====> EMD Loss: 18.333097
2024-12-06 08:41:54,285 INFO =====> Height map loss: 11.441009
2024-12-06 08:41:54,285 INFO =====> Insertion loss: 0.000000
2024-12-06 08:41:54,683 DEBUG loaded <trimesh.Trimesh(vertices.shape=(916, 3), faces.shape=(856, 3))> using `load_obj` in 0.0029s
2024-12-06 08:41:54,830 DEBUG loaded <trimesh.Trimesh(vertices.shape=(48, 3), faces.shape=(28, 3))> using `load_obj` in 0.0007s
2024-12-06 08:42:02,659 INFO ==> EMD Loss: 18.316069
2024-12-06 08:42:02,660 INFO ==> Height map loss:  11.416267
2024-12-06 08:42:02,660 INFO ==> Insertion loss: 0.000000
2024-12-06 08:42:03,032 DEBUG loaded <trimesh.Trimesh(vertices.shape=(916, 3), faces.shape=(856, 3))> using `load_obj` in 0.0029s
2024-12-06 08:42:03,181 DEBUG loaded <trimesh.Trimesh(vertices.shape=(48, 3), faces.shape=(28, 3))> using `load_obj` in 0.0007s
2024-12-06 08:42:10,977 INFO ==> EMD Loss: 18.428804
2024-12-06 08:42:10,977 INFO ==> Height map loss:  11.633671
2024-12-06 08:42:10,977 INFO ==> Insertion loss: 0.000000
2024-12-06 08:42:11,351 DEBUG loaded <trimesh.Trimesh(vertices.shape=(916, 3), faces.shape=(856, 3))> using `load_obj` in 0.0029s
2024-12-06 08:42:11,497 DEBUG loaded <trimesh.Trimesh(vertices.shape=(48, 3), faces.shape=(28, 3))> using `load_obj` in 0.0007s
2024-12-06 08:42:19,301 INFO ==> EMD Loss: 18.754805
2024-12-06 08:42:19,301 INFO ==> Height map loss:  11.792447
2024-12-06 08:42:19,301 INFO ==> Insertion loss: 0.000000
2024-12-06 08:42:19,674 DEBUG loaded <trimesh.Trimesh(vertices.shape=(916, 3), faces.shape=(856, 3))> using `load_obj` in 0.0030s
2024-12-06 08:42:19,819 DEBUG loaded <trimesh.Trimesh(vertices.shape=(48, 3), faces.shape=(28, 3))> using `load_obj` in 0.0007s
2024-12-06 08:42:27,630 INFO ==> EMD Loss: 18.776167
2024-12-06 08:42:27,630 INFO ==> Height map loss:  11.760104
2024-12-06 08:42:27,630 INFO ==> Insertion loss: 0.000000
2024-12-06 08:42:28,004 DEBUG loaded <trimesh.Trimesh(vertices.shape=(916, 3), faces.shape=(856, 3))> using `load_obj` in 0.0029s
2024-12-06 08:42:28,150 DEBUG loaded <trimesh.Trimesh(vertices.shape=(48, 3), faces.shape=(28, 3))> using `load_obj` in 0.0007s
2024-12-06 08:42:36,019 INFO ==> EMD Loss: 18.888346
2024-12-06 08:42:36,019 INFO ==> Height map loss:  11.868791
2024-12-06 08:42:36,019 INFO ==> Insertion loss: 0.000000
2024-12-06 08:42:36,470 DEBUG loaded <trimesh.Trimesh(vertices.shape=(916, 3), faces.shape=(856, 3))> using `load_obj` in 0.0029s
2024-12-06 08:42:36,615 DEBUG loaded <trimesh.Trimesh(vertices.shape=(48, 3), faces.shape=(28, 3))> using `load_obj` in 0.0007s
2024-12-06 08:42:58,267 INFO =====> Skill params: [ 0.96829003  0.48090893  0.7990364  -0.03020759 -0.09561495]
2024-12-06 08:42:58,267 INFO =====> Grad: [-1.9857410e+03  3.0421036e+02 -2.2069911e-05 -5.4422412e+02
  7.2468865e-05]
2024-12-06 08:42:58,267 INFO =====> Num. aborted data so far: 0
2024-12-06 08:42:58,275 INFO ===========> Epoch: 10 optimisation losses
2024-12-06 08:42:58,275 INFO =====> EMD Loss: 18.321848
2024-12-06 08:42:58,275 INFO =====> Height map loss: 11.418634
2024-12-06 08:42:58,275 INFO =====> Insertion loss: 0.000000
2024-12-06 08:42:58,681 DEBUG loaded <trimesh.Trimesh(vertices.shape=(916, 3), faces.shape=(856, 3))> using `load_obj` in 0.0029s
2024-12-06 08:42:58,828 DEBUG loaded <trimesh.Trimesh(vertices.shape=(48, 3), faces.shape=(28, 3))> using `load_obj` in 0.0007s
2024-12-06 08:43:06,692 INFO ==> EMD Loss: 18.270550
2024-12-06 08:43:06,692 INFO ==> Height map loss:  11.433998
2024-12-06 08:43:06,692 INFO ==> Insertion loss: 0.000000
2024-12-06 08:43:07,065 DEBUG loaded <trimesh.Trimesh(vertices.shape=(916, 3), faces.shape=(856, 3))> using `load_obj` in 0.0028s
2024-12-06 08:43:07,212 DEBUG loaded <trimesh.Trimesh(vertices.shape=(48, 3), faces.shape=(28, 3))> using `load_obj` in 0.0007s
2024-12-06 08:43:15,021 INFO ==> EMD Loss: 18.422646
2024-12-06 08:43:15,021 INFO ==> Height map loss:  11.598050
2024-12-06 08:43:15,021 INFO ==> Insertion loss: 0.000000
2024-12-06 08:43:15,393 DEBUG loaded <trimesh.Trimesh(vertices.shape=(916, 3), faces.shape=(856, 3))> using `load_obj` in 0.0029s
2024-12-06 08:43:15,541 DEBUG loaded <trimesh.Trimesh(vertices.shape=(48, 3), faces.shape=(28, 3))> using `load_obj` in 0.0007s
2024-12-06 08:43:23,115 INFO ==> EMD Loss: 18.708710
2024-12-06 08:43:23,115 INFO ==> Height map loss:  11.694757
2024-12-06 08:43:23,115 INFO ==> Insertion loss: 0.000000
2024-12-06 08:43:23,494 DEBUG loaded <trimesh.Trimesh(vertices.shape=(916, 3), faces.shape=(856, 3))> using `load_obj` in 0.0029s
2024-12-06 08:43:23,644 DEBUG loaded <trimesh.Trimesh(vertices.shape=(48, 3), faces.shape=(28, 3))> using `load_obj` in 0.0007s
2024-12-06 08:43:31,446 INFO ==> EMD Loss: 18.891684
2024-12-06 08:43:31,446 INFO ==> Height map loss:  11.714929
2024-12-06 08:43:31,446 INFO ==> Insertion loss: 0.000000
2024-12-06 08:43:31,827 DEBUG loaded <trimesh.Trimesh(vertices.shape=(916, 3), faces.shape=(856, 3))> using `load_obj` in 0.0029s
2024-12-06 08:43:31,974 DEBUG loaded <trimesh.Trimesh(vertices.shape=(48, 3), faces.shape=(28, 3))> using `load_obj` in 0.0007s
2024-12-06 08:43:39,784 INFO ==> EMD Loss: 18.798870
2024-12-06 08:43:39,784 INFO ==> Height map loss:  11.788271
2024-12-06 08:43:39,784 INFO ==> Insertion loss: 0.000000
2024-12-06 08:43:40,155 DEBUG loaded <trimesh.Trimesh(vertices.shape=(916, 3), faces.shape=(856, 3))> using `load_obj` in 0.0028s
2024-12-06 08:43:40,299 DEBUG loaded <trimesh.Trimesh(vertices.shape=(48, 3), faces.shape=(28, 3))> using `load_obj` in 0.0007s
2024-12-06 08:44:01,613 INFO =====> Skill params: [ 0.96882474  0.4805034   0.7992176  -0.02963583 -0.09597642]
2024-12-06 08:44:01,614 INFO =====> Grad: [ 2.42699121e+03 -2.20269791e+02  2.25321019e-05  1.00990857e+03
  5.44421382e-05]
2024-12-06 08:44:01,614 INFO =====> Num. aborted data so far: 0
2024-12-06 08:44:01,622 INFO ===========> Epoch: 11 optimisation losses
2024-12-06 08:44:01,622 INFO =====> EMD Loss: 18.302025
2024-12-06 08:44:01,622 INFO =====> Height map loss: 11.422358
2024-12-06 08:44:01,622 INFO =====> Insertion loss: 0.000000
2024-12-06 08:44:02,021 DEBUG loaded <trimesh.Trimesh(vertices.shape=(916, 3), faces.shape=(856, 3))> using `load_obj` in 0.0029s
2024-12-06 08:44:02,166 DEBUG loaded <trimesh.Trimesh(vertices.shape=(48, 3), faces.shape=(28, 3))> using `load_obj` in 0.0007s
2024-12-06 08:44:10,039 INFO ==> EMD Loss: 18.343624
2024-12-06 08:44:10,039 INFO ==> Height map loss:  11.415132
2024-12-06 08:44:10,040 INFO ==> Insertion loss: 0.000000
2024-12-06 08:44:10,420 DEBUG loaded <trimesh.Trimesh(vertices.shape=(916, 3), faces.shape=(856, 3))> using `load_obj` in 0.0029s
2024-12-06 08:44:10,568 DEBUG loaded <trimesh.Trimesh(vertices.shape=(48, 3), faces.shape=(28, 3))> using `load_obj` in 0.0007s
2024-12-06 08:44:18,464 INFO ==> EMD Loss: 18.360373
2024-12-06 08:44:18,464 INFO ==> Height map loss:  11.401939
2024-12-06 08:44:18,464 INFO ==> Insertion loss: 0.000000
2024-12-06 08:44:18,841 DEBUG loaded <trimesh.Trimesh(vertices.shape=(916, 3), faces.shape=(856, 3))> using `load_obj` in 0.0029s
2024-12-06 08:44:18,985 DEBUG loaded <trimesh.Trimesh(vertices.shape=(48, 3), faces.shape=(28, 3))> using `load_obj` in 0.0007s
2024-12-06 08:44:26,842 INFO ==> EMD Loss: 18.356686
2024-12-06 08:44:26,842 INFO ==> Height map loss:  11.407680
2024-12-06 08:44:26,842 INFO ==> Insertion loss: 0.000000
2024-12-06 08:44:27,214 DEBUG loaded <trimesh.Trimesh(vertices.shape=(916, 3), faces.shape=(856, 3))> using `load_obj` in 0.0029s
2024-12-06 08:44:27,360 DEBUG loaded <trimesh.Trimesh(vertices.shape=(48, 3), faces.shape=(28, 3))> using `load_obj` in 0.0007s
2024-12-06 08:44:35,220 INFO ==> EMD Loss: 18.278244
2024-12-06 08:44:35,220 INFO ==> Height map loss:  11.423468
2024-12-06 08:44:35,220 INFO ==> Insertion loss: 0.000000
2024-12-06 08:44:35,594 DEBUG loaded <trimesh.Trimesh(vertices.shape=(916, 3), faces.shape=(856, 3))> using `load_obj` in 0.0029s
2024-12-06 08:44:35,739 DEBUG loaded <trimesh.Trimesh(vertices.shape=(48, 3), faces.shape=(28, 3))> using `load_obj` in 0.0007s
2024-12-06 08:44:43,607 INFO ==> EMD Loss: 18.300047
2024-12-06 08:44:43,607 INFO ==> Height map loss:  11.467498
2024-12-06 08:44:43,607 INFO ==> Insertion loss: 0.000000
2024-12-06 08:44:43,986 DEBUG loaded <trimesh.Trimesh(vertices.shape=(916, 3), faces.shape=(856, 3))> using `load_obj` in 0.0029s
2024-12-06 08:44:44,131 DEBUG loaded <trimesh.Trimesh(vertices.shape=(48, 3), faces.shape=(28, 3))> using `load_obj` in 0.0007s
2024-12-06 08:45:05,185 INFO =====> Skill params: [ 0.96566695  0.48202214  0.7982499  -0.03420114 -0.09738471]
2024-12-06 08:45:05,185 INFO =====> Grad: [-2.4358311e+03  1.0518817e+03  2.9041794e-05 -5.3328809e+02
  1.4093077e-06]
2024-12-06 08:45:05,185 INFO =====> Num. aborted data so far: 0
2024-12-06 08:45:05,193 INFO ===========> Epoch: 12 optimisation losses
2024-12-06 08:45:05,193 INFO =====> EMD Loss: 18.360281
2024-12-06 08:45:05,193 INFO =====> Height map loss: 11.401860
2024-12-06 08:45:05,193 INFO =====> Insertion loss: 0.000000
2024-12-06 08:45:05,593 DEBUG loaded <trimesh.Trimesh(vertices.shape=(916, 3), faces.shape=(856, 3))> using `load_obj` in 0.0029s
2024-12-06 08:45:05,742 DEBUG loaded <trimesh.Trimesh(vertices.shape=(48, 3), faces.shape=(28, 3))> using `load_obj` in 0.0007s
2024-12-06 08:45:13,614 INFO ==> EMD Loss: 18.365952
2024-12-06 08:45:13,614 INFO ==> Height map loss:  11.397805
2024-12-06 08:45:13,614 INFO ==> Insertion loss: 0.000000
2024-12-06 08:45:13,989 DEBUG loaded <trimesh.Trimesh(vertices.shape=(916, 3), faces.shape=(856, 3))> using `load_obj` in 0.0029s
2024-12-06 08:45:14,135 DEBUG loaded <trimesh.Trimesh(vertices.shape=(48, 3), faces.shape=(28, 3))> using `load_obj` in 0.0007s
2024-12-06 08:45:21,959 INFO ==> EMD Loss: 18.406981
2024-12-06 08:45:21,959 INFO ==> Height map loss:  11.617231
2024-12-06 08:45:21,959 INFO ==> Insertion loss: 0.000000
2024-12-06 08:45:22,334 DEBUG loaded <trimesh.Trimesh(vertices.shape=(916, 3), faces.shape=(856, 3))> using `load_obj` in 0.0029s
2024-12-06 08:45:22,479 DEBUG loaded <trimesh.Trimesh(vertices.shape=(48, 3), faces.shape=(28, 3))> using `load_obj` in 0.0007s
2024-12-06 08:45:30,267 INFO ==> EMD Loss: 18.454966
2024-12-06 08:45:30,267 INFO ==> Height map loss:  11.733787
2024-12-06 08:45:30,267 INFO ==> Insertion loss: 0.000000
2024-12-06 08:45:30,642 DEBUG loaded <trimesh.Trimesh(vertices.shape=(916, 3), faces.shape=(856, 3))> using `load_obj` in 0.0028s
2024-12-06 08:45:30,790 DEBUG loaded <trimesh.Trimesh(vertices.shape=(48, 3), faces.shape=(28, 3))> using `load_obj` in 0.0007s
2024-12-06 08:45:38,580 INFO ==> EMD Loss: 18.413977
2024-12-06 08:45:38,580 INFO ==> Height map loss:  11.744273
2024-12-06 08:45:38,580 INFO ==> Insertion loss: 0.000000
2024-12-06 08:45:38,954 DEBUG loaded <trimesh.Trimesh(vertices.shape=(916, 3), faces.shape=(856, 3))> using `load_obj` in 0.0029s
2024-12-06 08:45:39,101 DEBUG loaded <trimesh.Trimesh(vertices.shape=(48, 3), faces.shape=(28, 3))> using `load_obj` in 0.0007s
2024-12-06 08:45:46,857 INFO ==> EMD Loss: 18.816891
2024-12-06 08:45:46,857 INFO ==> Height map loss:  11.834799
2024-12-06 08:45:46,857 INFO ==> Insertion loss: 0.000000
2024-12-06 08:45:47,237 DEBUG loaded <trimesh.Trimesh(vertices.shape=(916, 3), faces.shape=(856, 3))> using `load_obj` in 0.0029s
2024-12-06 08:45:47,381 DEBUG loaded <trimesh.Trimesh(vertices.shape=(48, 3), faces.shape=(28, 3))> using `load_obj` in 0.0007s
2024-12-06 08:46:08,412 INFO =====> Skill params: [ 0.9662824   0.480923    0.7979905  -0.03371729 -0.0973924 ]
2024-12-06 08:46:08,412 INFO =====> Grad: [ 2.4471946e+03 -7.6926184e+02 -1.7545073e-05  1.4085659e+03
  1.4722568e-04]
2024-12-06 08:46:08,412 INFO =====> Num. aborted data so far: 0
2024-12-06 08:46:08,420 INFO ===========> Epoch: 13 optimisation losses
2024-12-06 08:46:08,420 INFO =====> EMD Loss: 18.366169
2024-12-06 08:46:08,420 INFO =====> Height map loss: 11.409653
2024-12-06 08:46:08,420 INFO =====> Insertion loss: 0.000000
2024-12-06 08:46:08,825 DEBUG loaded <trimesh.Trimesh(vertices.shape=(916, 3), faces.shape=(856, 3))> using `load_obj` in 0.0029s
2024-12-06 08:46:08,972 DEBUG loaded <trimesh.Trimesh(vertices.shape=(48, 3), faces.shape=(28, 3))> using `load_obj` in 0.0007s
2024-12-06 08:46:16,866 INFO ==> EMD Loss: 18.371441
2024-12-06 08:46:16,866 INFO ==> Height map loss:  11.399742
2024-12-06 08:46:16,866 INFO ==> Insertion loss: 0.000000
2024-12-06 08:46:17,240 DEBUG loaded <trimesh.Trimesh(vertices.shape=(916, 3), faces.shape=(856, 3))> using `load_obj` in 0.0029s
2024-12-06 08:46:17,387 DEBUG loaded <trimesh.Trimesh(vertices.shape=(48, 3), faces.shape=(28, 3))> using `load_obj` in 0.0007s
2024-12-06 08:46:25,225 INFO ==> EMD Loss: 18.252071
2024-12-06 08:46:25,225 INFO ==> Height map loss:  11.452020
2024-12-06 08:46:25,225 INFO ==> Insertion loss: 0.000000
2024-12-06 08:46:25,598 DEBUG loaded <trimesh.Trimesh(vertices.shape=(916, 3), faces.shape=(856, 3))> using `load_obj` in 0.0029s
2024-12-06 08:46:25,747 DEBUG loaded <trimesh.Trimesh(vertices.shape=(48, 3), faces.shape=(28, 3))> using `load_obj` in 0.0007s
2024-12-06 08:46:33,613 INFO ==> EMD Loss: 18.318501
2024-12-06 08:46:33,613 INFO ==> Height map loss:  11.461848
2024-12-06 08:46:33,613 INFO ==> Insertion loss: 0.000000
2024-12-06 08:46:33,988 DEBUG loaded <trimesh.Trimesh(vertices.shape=(916, 3), faces.shape=(856, 3))> using `load_obj` in 0.0029s
2024-12-06 08:46:34,134 DEBUG loaded <trimesh.Trimesh(vertices.shape=(48, 3), faces.shape=(28, 3))> using `load_obj` in 0.0007s
2024-12-06 08:46:42,013 INFO ==> EMD Loss: 18.595304
2024-12-06 08:46:42,013 INFO ==> Height map loss:  11.558590
2024-12-06 08:46:42,013 INFO ==> Insertion loss: 0.000000
2024-12-06 08:46:42,395 DEBUG loaded <trimesh.Trimesh(vertices.shape=(916, 3), faces.shape=(856, 3))> using `load_obj` in 0.0029s
2024-12-06 08:46:42,540 DEBUG loaded <trimesh.Trimesh(vertices.shape=(48, 3), faces.shape=(28, 3))> using `load_obj` in 0.0007s
2024-12-06 08:46:50,491 INFO ==> EMD Loss: 18.295750
2024-12-06 08:46:50,491 INFO ==> Height map loss:  11.482873
2024-12-06 08:46:50,491 INFO ==> Insertion loss: 0.000000
2024-12-06 08:46:50,866 DEBUG loaded <trimesh.Trimesh(vertices.shape=(916, 3), faces.shape=(856, 3))> using `load_obj` in 0.0029s
2024-12-06 08:46:51,012 DEBUG loaded <trimesh.Trimesh(vertices.shape=(48, 3), faces.shape=(28, 3))> using `load_obj` in 0.0007s
2024-12-06 08:47:12,330 INFO =====> Skill params: [ 0.9656798   0.4816698   0.7981548  -0.0347427  -0.09813853]
2024-12-06 08:47:12,330 INFO =====> Grad: [ 6.1317029e+02 -7.2402612e+02  1.0919935e-05 -5.7008667e+02
 -4.3785050e-05]
2024-12-06 08:47:12,330 INFO =====> Num. aborted data so far: 0
2024-12-06 08:47:12,338 INFO ===========> Epoch: 14 optimisation losses
2024-12-06 08:47:12,338 INFO =====> EMD Loss: 18.370806
2024-12-06 08:47:12,338 INFO =====> Height map loss: 11.397849
2024-12-06 08:47:12,338 INFO =====> Insertion loss: 0.000000
2024-12-06 08:47:12,742 DEBUG loaded <trimesh.Trimesh(vertices.shape=(916, 3), faces.shape=(856, 3))> using `load_obj` in 0.0029s
2024-12-06 08:47:12,889 DEBUG loaded <trimesh.Trimesh(vertices.shape=(48, 3), faces.shape=(28, 3))> using `load_obj` in 0.0007s
2024-12-06 08:47:20,756 INFO ==> EMD Loss: 18.353725
2024-12-06 08:47:20,756 INFO ==> Height map loss:  11.403362
2024-12-06 08:47:20,756 INFO ==> Insertion loss: 0.000000
2024-12-06 08:47:21,132 DEBUG loaded <trimesh.Trimesh(vertices.shape=(916, 3), faces.shape=(856, 3))> using `load_obj` in 0.0029s
2024-12-06 08:47:21,280 DEBUG loaded <trimesh.Trimesh(vertices.shape=(48, 3), faces.shape=(28, 3))> using `load_obj` in 0.0007s
2024-12-06 08:47:29,150 INFO ==> EMD Loss: 18.323677
2024-12-06 08:47:29,150 INFO ==> Height map loss:  11.414777
2024-12-06 08:47:29,150 INFO ==> Insertion loss: 0.000000
2024-12-06 08:47:29,528 DEBUG loaded <trimesh.Trimesh(vertices.shape=(916, 3), faces.shape=(856, 3))> using `load_obj` in 0.0028s
2024-12-06 08:47:29,672 DEBUG loaded <trimesh.Trimesh(vertices.shape=(48, 3), faces.shape=(28, 3))> using `load_obj` in 0.0007s
2024-12-06 08:47:37,295 INFO ==> EMD Loss: 18.374207
2024-12-06 08:47:37,296 INFO ==> Height map loss:  11.479495
2024-12-06 08:47:37,296 INFO ==> Insertion loss: 0.000000
2024-12-06 08:47:37,715 DEBUG loaded <trimesh.Trimesh(vertices.shape=(916, 3), faces.shape=(856, 3))> using `load_obj` in 0.0029s
2024-12-06 08:47:37,863 DEBUG loaded <trimesh.Trimesh(vertices.shape=(48, 3), faces.shape=(28, 3))> using `load_obj` in 0.0007s
2024-12-06 08:47:45,753 INFO ==> EMD Loss: 18.255180
2024-12-06 08:47:45,754 INFO ==> Height map loss:  11.472654
2024-12-06 08:47:45,754 INFO ==> Insertion loss: 0.000000
2024-12-06 08:47:46,125 DEBUG loaded <trimesh.Trimesh(vertices.shape=(916, 3), faces.shape=(856, 3))> using `load_obj` in 0.0029s
2024-12-06 08:47:46,271 DEBUG loaded <trimesh.Trimesh(vertices.shape=(48, 3), faces.shape=(28, 3))> using `load_obj` in 0.0007s
2024-12-06 08:47:54,192 INFO ==> EMD Loss: 18.242540
2024-12-06 08:47:54,192 INFO ==> Height map loss:  11.444479
2024-12-06 08:47:54,192 INFO ==> Insertion loss: 0.000000
2024-12-06 08:47:54,568 DEBUG loaded <trimesh.Trimesh(vertices.shape=(916, 3), faces.shape=(856, 3))> using `load_obj` in 0.0029s
2024-12-06 08:47:54,715 DEBUG loaded <trimesh.Trimesh(vertices.shape=(48, 3), faces.shape=(28, 3))> using `load_obj` in 0.0007s
2024-12-06 08:48:15,991 INFO =====> Skill params: [ 0.96552145  0.48234072  0.79804724 -0.03432108 -0.09790715]
2024-12-06 08:48:15,992 INFO =====> Grad: [ 2.4476543e+03 -1.2875557e+03 -1.8664882e-06  1.3127742e+03
 -7.5309013e-05]
2024-12-06 08:48:15,992 INFO =====> Num. aborted data so far: 0
2024-12-06 08:48:15,999 INFO ===========> Epoch: 15 optimisation losses
2024-12-06 08:48:16,000 INFO =====> EMD Loss: 18.353371
2024-12-06 08:48:16,000 INFO =====> Height map loss: 11.401200
2024-12-06 08:48:16,000 INFO =====> Insertion loss: 0.000000
2024-12-06 08:48:16,402 DEBUG loaded <trimesh.Trimesh(vertices.shape=(916, 3), faces.shape=(856, 3))> using `load_obj` in 0.0029s
2024-12-06 08:48:16,552 DEBUG loaded <trimesh.Trimesh(vertices.shape=(48, 3), faces.shape=(28, 3))> using `load_obj` in 0.0007s
2024-12-06 08:48:24,426 INFO ==> EMD Loss: 18.368343
2024-12-06 08:48:24,426 INFO ==> Height map loss:  11.419462
2024-12-06 08:48:24,426 INFO ==> Insertion loss: 0.000000
2024-12-06 08:48:24,807 DEBUG loaded <trimesh.Trimesh(vertices.shape=(916, 3), faces.shape=(856, 3))> using `load_obj` in 0.0029s
2024-12-06 08:48:24,956 DEBUG loaded <trimesh.Trimesh(vertices.shape=(48, 3), faces.shape=(28, 3))> using `load_obj` in 0.0007s
2024-12-06 08:48:32,818 INFO ==> EMD Loss: 18.376694
2024-12-06 08:48:32,818 INFO ==> Height map loss:  11.429006
2024-12-06 08:48:32,818 INFO ==> Insertion loss: 0.000000
2024-12-06 08:48:33,190 DEBUG loaded <trimesh.Trimesh(vertices.shape=(916, 3), faces.shape=(856, 3))> using `load_obj` in 0.0029s
2024-12-06 08:48:33,336 DEBUG loaded <trimesh.Trimesh(vertices.shape=(48, 3), faces.shape=(28, 3))> using `load_obj` in 0.0007s
2024-12-06 08:48:41,241 INFO ==> EMD Loss: 18.289856
2024-12-06 08:48:41,241 INFO ==> Height map loss:  11.406610
2024-12-06 08:48:41,241 INFO ==> Insertion loss: 0.000000
2024-12-06 08:48:41,617 DEBUG loaded <trimesh.Trimesh(vertices.shape=(916, 3), faces.shape=(856, 3))> using `load_obj` in 0.0029s
2024-12-06 08:48:41,764 DEBUG loaded <trimesh.Trimesh(vertices.shape=(48, 3), faces.shape=(28, 3))> using `load_obj` in 0.0007s
2024-12-06 08:48:49,406 INFO ==> EMD Loss: 18.194399
2024-12-06 08:48:49,406 INFO ==> Height map loss:  11.281308
2024-12-06 08:48:49,406 INFO ==> Insertion loss: 0.000000
2024-12-06 08:48:49,778 DEBUG loaded <trimesh.Trimesh(vertices.shape=(916, 3), faces.shape=(856, 3))> using `load_obj` in 0.0028s
2024-12-06 08:48:49,925 DEBUG loaded <trimesh.Trimesh(vertices.shape=(48, 3), faces.shape=(28, 3))> using `load_obj` in 0.0007s
2024-12-06 08:48:57,888 INFO ==> EMD Loss: 18.248709
2024-12-06 08:48:57,888 INFO ==> Height map loss:  11.249513
2024-12-06 08:48:57,888 INFO ==> Insertion loss: 0.000000
2024-12-06 08:48:58,273 DEBUG loaded <trimesh.Trimesh(vertices.shape=(916, 3), faces.shape=(856, 3))> using `load_obj` in 0.0029s
2024-12-06 08:48:58,418 DEBUG loaded <trimesh.Trimesh(vertices.shape=(48, 3), faces.shape=(28, 3))> using `load_obj` in 0.0007s
2024-12-06 08:49:20,001 INFO =====> Skill params: [ 0.95324135  0.5020259   0.7984347  -0.05150401 -0.08979785]
2024-12-06 08:49:20,001 INFO =====> Grad: [ 2.3936685e+03 -1.8039331e+02 -6.1992300e-06  1.2859885e+03
  2.0481813e-04]
2024-12-06 08:49:20,001 INFO =====> Num. aborted data so far: 0
2024-12-06 08:49:20,009 INFO ===========> Epoch: 16 optimisation losses
2024-12-06 08:49:20,009 INFO =====> EMD Loss: 18.251366
2024-12-06 08:49:20,009 INFO =====> Height map loss: 11.249626
2024-12-06 08:49:20,009 INFO =====> Insertion loss: 0.000000
2024-12-06 08:49:20,411 DEBUG loaded <trimesh.Trimesh(vertices.shape=(916, 3), faces.shape=(856, 3))> using `load_obj` in 0.0029s
2024-12-06 08:49:20,556 DEBUG loaded <trimesh.Trimesh(vertices.shape=(48, 3), faces.shape=(28, 3))> using `load_obj` in 0.0007s
2024-12-06 08:49:28,486 INFO ==> EMD Loss: 18.222973
2024-12-06 08:49:28,486 INFO ==> Height map loss:  11.250174
2024-12-06 08:49:28,486 INFO ==> Insertion loss: 0.000000
2024-12-06 08:49:28,858 DEBUG loaded <trimesh.Trimesh(vertices.shape=(916, 3), faces.shape=(856, 3))> using `load_obj` in 0.0029s
2024-12-06 08:49:29,005 DEBUG loaded <trimesh.Trimesh(vertices.shape=(48, 3), faces.shape=(28, 3))> using `load_obj` in 0.0007s
2024-12-06 08:49:36,958 INFO ==> EMD Loss: 18.114897
2024-12-06 08:49:36,958 INFO ==> Height map loss:  11.252203
2024-12-06 08:49:36,958 INFO ==> Insertion loss: 0.000000
2024-12-06 08:49:37,383 DEBUG loaded <trimesh.Trimesh(vertices.shape=(916, 3), faces.shape=(856, 3))> using `load_obj` in 0.0029s
2024-12-06 08:49:37,528 DEBUG loaded <trimesh.Trimesh(vertices.shape=(48, 3), faces.shape=(28, 3))> using `load_obj` in 0.0007s
2024-12-06 08:49:45,507 INFO ==> EMD Loss: 18.223835
2024-12-06 08:49:45,507 INFO ==> Height map loss:  11.255073
2024-12-06 08:49:45,507 INFO ==> Insertion loss: 0.000000
2024-12-06 08:49:45,879 DEBUG loaded <trimesh.Trimesh(vertices.shape=(916, 3), faces.shape=(856, 3))> using `load_obj` in 0.0029s
2024-12-06 08:49:46,025 DEBUG loaded <trimesh.Trimesh(vertices.shape=(48, 3), faces.shape=(28, 3))> using `load_obj` in 0.0007s
2024-12-06 08:49:54,006 INFO ==> EMD Loss: 18.231739
2024-12-06 08:49:54,006 INFO ==> Height map loss:  11.256480
2024-12-06 08:49:54,006 INFO ==> Insertion loss: 0.000000
2024-12-06 08:49:54,386 DEBUG loaded <trimesh.Trimesh(vertices.shape=(916, 3), faces.shape=(856, 3))> using `load_obj` in 0.0028s
2024-12-06 08:49:54,531 DEBUG loaded <trimesh.Trimesh(vertices.shape=(48, 3), faces.shape=(28, 3))> using `load_obj` in 0.0007s
2024-12-06 08:50:02,198 INFO ==> EMD Loss: 18.125944
2024-12-06 08:50:02,198 INFO ==> Height map loss:  11.200707
2024-12-06 08:50:02,198 INFO ==> Insertion loss: 0.000000
2024-12-06 08:50:02,616 DEBUG loaded <trimesh.Trimesh(vertices.shape=(916, 3), faces.shape=(856, 3))> using `load_obj` in 0.0029s
2024-12-06 08:50:02,762 DEBUG loaded <trimesh.Trimesh(vertices.shape=(48, 3), faces.shape=(28, 3))> using `load_obj` in 0.0007s
2024-12-06 08:50:24,469 INFO =====> Skill params: [ 0.94148916  0.5049209   0.7997898  -0.06697762 -0.1085283 ]
2024-12-06 08:50:24,470 INFO =====> Grad: [ 1.0367333e+03 -8.6416748e+02 -8.0323516e-06 -1.2525679e+03
  1.6271248e-05]
2024-12-06 08:50:24,470 INFO =====> Num. aborted data so far: 0
2024-12-06 08:50:24,477 INFO ===========> Epoch: 17 optimisation losses
2024-12-06 08:50:24,478 INFO =====> EMD Loss: 18.135265
2024-12-06 08:50:24,478 INFO =====> Height map loss: 11.203528
2024-12-06 08:50:24,478 INFO =====> Insertion loss: 0.000000
2024-12-06 08:50:24,877 DEBUG loaded <trimesh.Trimesh(vertices.shape=(916, 3), faces.shape=(856, 3))> using `load_obj` in 0.0029s
2024-12-06 08:50:25,022 DEBUG loaded <trimesh.Trimesh(vertices.shape=(48, 3), faces.shape=(28, 3))> using `load_obj` in 0.0007s
2024-12-06 08:50:32,990 INFO ==> EMD Loss: 18.211842
2024-12-06 08:50:32,990 INFO ==> Height map loss:  11.205570
2024-12-06 08:50:32,990 INFO ==> Insertion loss: 0.000000
2024-12-06 08:50:33,370 DEBUG loaded <trimesh.Trimesh(vertices.shape=(916, 3), faces.shape=(856, 3))> using `load_obj` in 0.0029s
2024-12-06 08:50:33,517 DEBUG loaded <trimesh.Trimesh(vertices.shape=(48, 3), faces.shape=(28, 3))> using `load_obj` in 0.0007s
2024-12-06 08:50:41,493 INFO ==> EMD Loss: 18.182308
2024-12-06 08:50:41,494 INFO ==> Height map loss:  11.145954
2024-12-06 08:50:41,494 INFO ==> Insertion loss: 0.000000
2024-12-06 08:50:41,866 DEBUG loaded <trimesh.Trimesh(vertices.shape=(916, 3), faces.shape=(856, 3))> using `load_obj` in 0.0029s
2024-12-06 08:50:42,011 DEBUG loaded <trimesh.Trimesh(vertices.shape=(48, 3), faces.shape=(28, 3))> using `load_obj` in 0.0007s
2024-12-06 08:50:50,027 INFO ==> EMD Loss: 18.027151
2024-12-06 08:50:50,027 INFO ==> Height map loss:  11.094103
2024-12-06 08:50:50,027 INFO ==> Insertion loss: 0.000000
2024-12-06 08:50:50,401 DEBUG loaded <trimesh.Trimesh(vertices.shape=(916, 3), faces.shape=(856, 3))> using `load_obj` in 0.0029s
2024-12-06 08:50:50,548 DEBUG loaded <trimesh.Trimesh(vertices.shape=(48, 3), faces.shape=(28, 3))> using `load_obj` in 0.0007s
2024-12-06 08:50:58,238 INFO ==> EMD Loss: 17.945082
2024-12-06 08:50:58,239 INFO ==> Height map loss:  11.052220
2024-12-06 08:50:58,239 INFO ==> Insertion loss: 0.000000
2024-12-06 08:50:58,621 DEBUG loaded <trimesh.Trimesh(vertices.shape=(916, 3), faces.shape=(856, 3))> using `load_obj` in 0.0028s
2024-12-06 08:50:58,767 DEBUG loaded <trimesh.Trimesh(vertices.shape=(48, 3), faces.shape=(28, 3))> using `load_obj` in 0.0007s
2024-12-06 08:51:06,774 INFO ==> EMD Loss: 17.917019
2024-12-06 08:51:06,774 INFO ==> Height map loss:  11.009445
2024-12-06 08:51:06,774 INFO ==> Insertion loss: 0.000000
2024-12-06 08:51:07,152 DEBUG loaded <trimesh.Trimesh(vertices.shape=(916, 3), faces.shape=(856, 3))> using `load_obj` in 0.0029s
2024-12-06 08:51:07,298 DEBUG loaded <trimesh.Trimesh(vertices.shape=(48, 3), faces.shape=(28, 3))> using `load_obj` in 0.0007s
2024-12-06 08:51:29,265 INFO =====> Skill params: [ 0.93619937  0.51819015  0.8016374  -0.05278165 -0.11009485]
2024-12-06 08:51:29,265 INFO =====> Grad: [-1.5232321e+03  1.6148926e+02  1.9128880e-05 -1.4017744e+03
  1.2169846e-04]
2024-12-06 08:51:29,265 INFO =====> Num. aborted data so far: 0
2024-12-06 08:51:29,273 INFO ===========> Epoch: 18 optimisation losses
2024-12-06 08:51:29,273 INFO =====> EMD Loss: 17.915762
2024-12-06 08:51:29,274 INFO =====> Height map loss: 11.004035
2024-12-06 08:51:29,274 INFO =====> Insertion loss: 0.000000
2024-12-06 08:51:29,678 DEBUG loaded <trimesh.Trimesh(vertices.shape=(916, 3), faces.shape=(856, 3))> using `load_obj` in 0.0030s
2024-12-06 08:51:29,822 DEBUG loaded <trimesh.Trimesh(vertices.shape=(48, 3), faces.shape=(28, 3))> using `load_obj` in 0.0007s
2024-12-06 08:51:37,857 INFO ==> EMD Loss: 17.921785
2024-12-06 08:51:37,857 INFO ==> Height map loss:  11.056026
2024-12-06 08:51:37,857 INFO ==> Insertion loss: 0.000000
2024-12-06 08:51:38,230 DEBUG loaded <trimesh.Trimesh(vertices.shape=(916, 3), faces.shape=(856, 3))> using `load_obj` in 0.0029s
2024-12-06 08:51:38,375 DEBUG loaded <trimesh.Trimesh(vertices.shape=(48, 3), faces.shape=(28, 3))> using `load_obj` in 0.0007s
2024-12-06 08:51:46,386 INFO ==> EMD Loss: 17.967514
2024-12-06 08:51:46,386 INFO ==> Height map loss:  11.082520
2024-12-06 08:51:46,386 INFO ==> Insertion loss: 0.000000
2024-12-06 08:51:46,817 DEBUG loaded <trimesh.Trimesh(vertices.shape=(916, 3), faces.shape=(856, 3))> using `load_obj` in 0.0029s
2024-12-06 08:51:46,964 DEBUG loaded <trimesh.Trimesh(vertices.shape=(48, 3), faces.shape=(28, 3))> using `load_obj` in 0.0007s
2024-12-06 08:51:54,962 INFO ==> EMD Loss: 17.867342
2024-12-06 08:51:54,962 INFO ==> Height map loss:  11.095852
2024-12-06 08:51:54,962 INFO ==> Insertion loss: 0.000000
2024-12-06 08:51:55,336 DEBUG loaded <trimesh.Trimesh(vertices.shape=(916, 3), faces.shape=(856, 3))> using `load_obj` in 0.0029s
2024-12-06 08:51:55,484 DEBUG loaded <trimesh.Trimesh(vertices.shape=(48, 3), faces.shape=(28, 3))> using `load_obj` in 0.0007s
2024-12-06 08:52:03,223 INFO ==> EMD Loss: 17.943066
2024-12-06 08:52:03,223 INFO ==> Height map loss:  10.998489
2024-12-06 08:52:03,223 INFO ==> Insertion loss: 0.000000
2024-12-06 08:52:03,596 DEBUG loaded <trimesh.Trimesh(vertices.shape=(916, 3), faces.shape=(856, 3))> using `load_obj` in 0.0029s
2024-12-06 08:52:03,744 DEBUG loaded <trimesh.Trimesh(vertices.shape=(48, 3), faces.shape=(28, 3))> using `load_obj` in 0.0007s
2024-12-06 08:52:11,685 INFO ==> EMD Loss: 18.048588
2024-12-06 08:52:11,685 INFO ==> Height map loss:  11.110849
2024-12-06 08:52:11,685 INFO ==> Insertion loss: 0.000000
2024-12-06 08:52:12,057 DEBUG loaded <trimesh.Trimesh(vertices.shape=(916, 3), faces.shape=(856, 3))> using `load_obj` in 0.0029s
2024-12-06 08:52:12,205 DEBUG loaded <trimesh.Trimesh(vertices.shape=(48, 3), faces.shape=(28, 3))> using `load_obj` in 0.0007s
2024-12-06 08:52:33,994 INFO =====> Skill params: [ 0.9421474   0.5162365   0.7981957  -0.04168218 -0.11872297]
2024-12-06 08:52:33,995 INFO =====> Grad: [ 2.5052551e+03 -1.3493121e+03  4.5555962e-06  1.4602841e+02
 -9.3595463e-06]
2024-12-06 08:52:33,995 INFO =====> Num. aborted data so far: 0
2024-12-06 08:52:34,002 INFO ===========> Epoch: 19 optimisation losses
2024-12-06 08:52:34,003 INFO =====> EMD Loss: 17.929699
2024-12-06 08:52:34,003 INFO =====> Height map loss: 11.000549
2024-12-06 08:52:34,003 INFO =====> Insertion loss: 0.000000
2024-12-06 08:52:34,403 DEBUG loaded <trimesh.Trimesh(vertices.shape=(916, 3), faces.shape=(856, 3))> using `load_obj` in 0.0029s
2024-12-06 08:52:34,554 DEBUG loaded <trimesh.Trimesh(vertices.shape=(48, 3), faces.shape=(28, 3))> using `load_obj` in 0.0007s
2024-12-06 08:52:42,555 INFO ==> EMD Loss: 17.931622
2024-12-06 08:52:42,555 INFO ==> Height map loss:  11.032075
2024-12-06 08:52:42,555 INFO ==> Insertion loss: 0.000000
2024-12-06 08:52:42,930 DEBUG loaded <trimesh.Trimesh(vertices.shape=(916, 3), faces.shape=(856, 3))> using `load_obj` in 0.0029s
2024-12-06 08:52:43,080 DEBUG loaded <trimesh.Trimesh(vertices.shape=(48, 3), faces.shape=(28, 3))> using `load_obj` in 0.0007s
2024-12-06 08:52:51,109 INFO ==> EMD Loss: 17.999306
2024-12-06 08:52:51,109 INFO ==> Height map loss:  10.946696
2024-12-06 08:52:51,109 INFO ==> Insertion loss: 0.000000
2024-12-06 08:52:51,534 DEBUG loaded <trimesh.Trimesh(vertices.shape=(916, 3), faces.shape=(856, 3))> using `load_obj` in 0.0028s
2024-12-06 08:52:51,683 DEBUG loaded <trimesh.Trimesh(vertices.shape=(48, 3), faces.shape=(28, 3))> using `load_obj` in 0.0007s
2024-12-06 08:52:59,454 INFO ==> EMD Loss: 17.792873
2024-12-06 08:52:59,454 INFO ==> Height map loss:  10.894996
2024-12-06 08:52:59,454 INFO ==> Insertion loss: 0.000000
2024-12-06 08:52:59,824 DEBUG loaded <trimesh.Trimesh(vertices.shape=(916, 3), faces.shape=(856, 3))> using `load_obj` in 0.0027s
2024-12-06 08:52:59,972 DEBUG loaded <trimesh.Trimesh(vertices.shape=(48, 3), faces.shape=(28, 3))> using `load_obj` in 0.0007s
2024-12-06 08:53:08,032 INFO ==> EMD Loss: 17.747149
2024-12-06 08:53:08,032 INFO ==> Height map loss:  10.736594
2024-12-06 08:53:08,033 INFO ==> Insertion loss: 0.000000
2024-12-06 08:53:08,457 DEBUG loaded <trimesh.Trimesh(vertices.shape=(916, 3), faces.shape=(856, 3))> using `load_obj` in 0.0029s
2024-12-06 08:53:08,605 DEBUG loaded <trimesh.Trimesh(vertices.shape=(48, 3), faces.shape=(28, 3))> using `load_obj` in 0.0007s
2024-12-06 08:53:16,716 INFO ==> EMD Loss: 17.704762
2024-12-06 08:53:16,716 INFO ==> Height map loss:  10.716154
2024-12-06 08:53:16,716 INFO ==> Insertion loss: 0.000000
2024-12-06 08:53:17,092 DEBUG loaded <trimesh.Trimesh(vertices.shape=(916, 3), faces.shape=(856, 3))> using `load_obj` in 0.0029s
2024-12-06 08:53:17,238 DEBUG loaded <trimesh.Trimesh(vertices.shape=(48, 3), faces.shape=(28, 3))> using `load_obj` in 0.0007s
2024-12-06 08:53:25,344 INFO ===========> Finished training.
2024-12-06 08:53:25,344 INFO ====> Final EMD Loss: 17.706154
2024-12-06 08:53:25,344 INFO ====> Final Height map loss: 10.718895
2024-12-06 08:53:25,344 INFO ====> Final Insertion loss: 0.000000
2024-12-06 08:53:25,344 INFO ====> Final skill params: [ 0.9295385   0.5348065   0.7970445  -0.04330513 -0.11779076]
