2025-05-25 12:24:39,693 INFO =====> Skill params: [ 0.02364325  0.90092736 -0.71168077  0.8972989  -0.37633708]
2025-05-25 12:24:39,694 INFO =====> Grad: [1790.8231    273.03708   418.976      38.598087 1212.3021  ]
2025-05-25 12:24:39,694 INFO =====> Num. aborted data so far: 0
2025-05-25 12:24:39,694 INFO ===========> Epoch: 0 optimisation losses
2025-05-25 12:24:39,694 INFO =====> EMD Loss: 15.517461
2025-05-25 12:24:39,694 INFO =====> Height map loss: 7.368867
2025-05-25 12:24:50,780 INFO ==> EMD Loss: 15.447523
2025-05-25 12:24:50,780 INFO ==> Height map loss:  7.314606
2025-05-25 12:25:01,493 INFO ==> EMD Loss: 15.265869
2025-05-25 12:25:01,493 INFO ==> Height map loss:  7.158811
2025-05-25 12:25:12,125 INFO ==> EMD Loss: 15.078131
2025-05-25 12:25:12,125 INFO ==> Height map loss:  6.991474
2025-05-25 12:25:22,295 INFO ==> EMD Loss: 14.758649
2025-05-25 12:25:22,296 INFO ==> Height map loss:  6.860563
2025-05-25 12:25:32,367 INFO ==> EMD Loss: 14.603903
2025-05-25 12:25:32,367 INFO ==> Height map loss:  6.649603
2025-05-25 12:25:56,708 INFO =====> Skill params: [-0.16609341  0.7111907  -0.90141743  0.7075622  -0.5660737 ]
2025-05-25 12:25:56,708 INFO =====> Grad: [2183.12      86.12419  293.51678  465.64154  681.8524 ]
2025-05-25 12:25:56,708 INFO =====> Num. aborted data so far: 0
2025-05-25 12:25:56,709 INFO ===========> Epoch: 1 optimisation losses
2025-05-25 12:25:56,709 INFO =====> EMD Loss: 14.613175
2025-05-25 12:25:56,709 INFO =====> Height map loss: 6.665307
2025-05-25 12:26:06,702 INFO ==> EMD Loss: 14.602039
2025-05-25 12:26:06,703 INFO ==> Height map loss:  6.648740
2025-05-25 12:26:16,704 INFO ==> EMD Loss: 14.591771
2025-05-25 12:26:16,704 INFO ==> Height map loss:  6.617610
2025-05-25 12:26:26,674 INFO ==> EMD Loss: 14.576061
2025-05-25 12:26:26,674 INFO ==> Height map loss:  6.603114
2025-05-25 12:26:39,231 INFO ==> EMD Loss: 14.580308
2025-05-25 12:26:39,232 INFO ==> Height map loss:  6.598324
2025-05-25 12:26:48,903 INFO ==> EMD Loss: 14.586193
2025-05-25 12:26:48,903 INFO ==> Height map loss:  6.598399
2025-05-25 12:27:12,127 INFO =====> Skill params: [-0.27839673  0.66629285 -0.9859506   0.56569767 -0.6386448 ]
2025-05-25 12:27:12,127 INFO =====> Grad: [ 667.08154  158.62564    0.      -158.7103  -133.97559]
2025-05-25 12:27:12,127 INFO =====> Num. aborted data so far: 0
2025-05-25 12:27:12,128 INFO ===========> Epoch: 2 optimisation losses
2025-05-25 12:27:12,128 INFO =====> EMD Loss: 14.580388
2025-05-25 12:27:12,128 INFO =====> Height map loss: 6.598382
2025-05-25 12:27:22,014 INFO ==> EMD Loss: 14.580371
2025-05-25 12:27:22,015 INFO ==> Height map loss:  6.598306
2025-05-25 12:27:31,721 INFO ==> EMD Loss: 14.581058
2025-05-25 12:27:31,721 INFO ==> Height map loss:  6.598110
2025-05-25 12:27:41,431 INFO ==> EMD Loss: 14.590555
2025-05-25 12:27:41,431 INFO ==> Height map loss:  6.600710
2025-05-25 12:27:50,832 INFO ==> EMD Loss: 14.587139
2025-05-25 12:27:50,832 INFO ==> Height map loss:  6.601013
2025-05-25 12:28:00,231 INFO ==> EMD Loss: 14.578080
2025-05-25 12:28:00,231 INFO ==> Height map loss:  6.604154
2025-05-25 12:28:23,141 INFO =====> Skill params: [-0.29008245  0.64151603 -0.9859506   0.58169234 -0.6336623 ]
2025-05-25 12:28:23,142 INFO =====> Grad: [2474.3933   387.50488    0.      -328.65952 -459.00162]
2025-05-25 12:28:23,142 INFO =====> Num. aborted data so far: 0
2025-05-25 12:28:23,142 INFO ===========> Epoch: 3 optimisation losses
2025-05-25 12:28:23,142 INFO =====> EMD Loss: 14.581463
2025-05-25 12:28:23,142 INFO =====> Height map loss: 6.598180
2025-05-25 12:28:32,723 INFO ==> EMD Loss: 14.582359
2025-05-25 12:28:32,723 INFO ==> Height map loss:  6.591400
2025-05-25 12:28:42,342 INFO ==> EMD Loss: 14.578594
2025-05-25 12:28:42,342 INFO ==> Height map loss:  6.600856
2025-05-25 12:28:51,699 INFO ==> EMD Loss: 14.576946
2025-05-25 12:28:51,699 INFO ==> Height map loss:  6.607011
2025-05-25 12:29:00,993 INFO ==> EMD Loss: 14.569818
2025-05-25 12:29:00,993 INFO ==> Height map loss:  6.606915
2025-05-25 12:29:10,173 INFO ==> EMD Loss: 14.586964
2025-05-25 12:29:10,174 INFO ==> Height map loss:  6.597827
2025-05-25 12:29:32,963 INFO =====> Skill params: [-0.29666388  0.6339028  -0.9859506   0.587316   -0.63029754]
2025-05-25 12:29:32,964 INFO =====> Grad: [-2038.9742    322.45822     0.        699.4342    413.57886]
2025-05-25 12:29:32,964 INFO =====> Num. aborted data so far: 0
2025-05-25 12:29:32,964 INFO ===========> Epoch: 4 optimisation losses
2025-05-25 12:29:32,964 INFO =====> EMD Loss: 14.583197
2025-05-25 12:29:32,964 INFO =====> Height map loss: 6.596730
2025-05-25 12:29:42,754 INFO ==> EMD Loss: 14.590849
2025-05-25 12:29:42,754 INFO ==> Height map loss:  6.593078
2025-05-25 12:29:52,213 INFO ==> EMD Loss: 14.595988
2025-05-25 12:29:52,213 INFO ==> Height map loss:  6.592348
2025-05-25 12:30:01,774 INFO ==> EMD Loss: 14.585010
2025-05-25 12:30:01,774 INFO ==> Height map loss:  6.591506
2025-05-25 12:30:11,125 INFO ==> EMD Loss: 14.630564
2025-05-25 12:30:11,126 INFO ==> Height map loss:  6.589892
2025-05-25 12:30:20,199 INFO ==> EMD Loss: 14.652463
2025-05-25 12:30:20,199 INFO ==> Height map loss:  6.592446
2025-05-25 12:30:55,663 INFO =====> Skill params: [-0.223218    0.55199164 -0.9859506   0.473584   -0.6757257 ]
2025-05-25 12:30:55,663 INFO =====> Grad: [-1979.5857    618.01074     0.        673.84656   459.37045]
2025-05-25 12:30:55,663 INFO =====> Num. aborted data so far: 0
2025-05-25 12:30:55,663 INFO ===========> Epoch: 5 optimisation losses
2025-05-25 12:30:55,664 INFO =====> EMD Loss: 14.630671
2025-05-25 12:30:55,664 INFO =====> Height map loss: 6.589891
2025-05-25 12:31:04,948 INFO ==> EMD Loss: 14.639488
2025-05-25 12:31:04,948 INFO ==> Height map loss:  6.593468
2025-05-25 12:31:14,198 INFO ==> EMD Loss: 14.643442
2025-05-25 12:31:14,199 INFO ==> Height map loss:  6.590742
2025-05-25 12:31:23,084 INFO ==> EMD Loss: 14.666464
2025-05-25 12:31:23,084 INFO ==> Height map loss:  6.602772
2025-05-25 12:31:31,969 INFO ==> EMD Loss: 14.739041
2025-05-25 12:31:31,969 INFO ==> Height map loss:  6.581317
2025-05-25 12:31:40,475 INFO ==> EMD Loss: 14.778606
2025-05-25 12:31:40,475 INFO ==> Height map loss:  6.572648
2025-05-25 12:31:59,592 INFO =====> Skill params: [-0.13460171  0.40813184 -0.9859506   0.35401386 -0.7421539 ]
2025-05-25 12:31:59,592 INFO =====> Grad: [-1931.6395    268.8766      0.        231.28572  1102.3551 ]
2025-05-25 12:31:59,592 INFO =====> Num. aborted data so far: 0
2025-05-25 12:31:59,593 INFO ===========> Epoch: 6 optimisation losses
2025-05-25 12:31:59,593 INFO =====> EMD Loss: 14.760430
2025-05-25 12:31:59,593 INFO =====> Height map loss: 6.561720
2025-05-25 12:32:08,271 INFO ==> EMD Loss: 14.742026
2025-05-25 12:32:08,271 INFO ==> Height map loss:  6.566930
2025-05-25 12:32:16,701 INFO ==> EMD Loss: 14.729708
2025-05-25 12:32:16,701 INFO ==> Height map loss:  6.535842
2025-05-25 12:32:25,178 INFO ==> EMD Loss: 14.658786
2025-05-25 12:32:25,178 INFO ==> Height map loss:  6.543291
2025-05-25 12:32:33,432 INFO ==> EMD Loss: 14.628074
2025-05-25 12:32:33,432 INFO ==> Height map loss:  6.488187
2025-05-25 12:32:41,817 INFO ==> EMD Loss: 14.626978
2025-05-25 12:32:41,817 INFO ==> Height map loss:  6.518426
2025-05-25 12:33:00,019 INFO =====> Skill params: [-0.07298248  0.3613958  -0.9859506   0.32238048 -0.83649874]
2025-05-25 12:33:00,019 INFO =====> Grad: [ 267.65973 -296.48807    0.      -752.2403   612.3336 ]
2025-05-25 12:33:00,019 INFO =====> Num. aborted data so far: 0
2025-05-25 12:33:00,020 INFO ===========> Epoch: 7 optimisation losses
2025-05-25 12:33:00,020 INFO =====> EMD Loss: 14.628617
2025-05-25 12:33:00,020 INFO =====> Height map loss: 6.486754
2025-05-25 12:33:08,521 INFO ==> EMD Loss: 14.619333
2025-05-25 12:33:08,521 INFO ==> Height map loss:  6.475628
2025-05-25 12:33:16,884 INFO ==> EMD Loss: 14.613403
2025-05-25 12:33:16,884 INFO ==> Height map loss:  6.506302
2025-05-25 12:33:25,383 INFO ==> EMD Loss: 14.593674
2025-05-25 12:33:25,383 INFO ==> Height map loss:  6.512467
2025-05-25 12:33:33,734 INFO ==> EMD Loss: 14.644032
2025-05-25 12:33:33,734 INFO ==> Height map loss:  6.549765
2025-05-25 12:33:42,413 INFO ==> EMD Loss: 14.657086
2025-05-25 12:33:42,413 INFO ==> Height map loss:  6.564461
2025-05-25 12:34:00,840 INFO =====> Skill params: [-0.07358129  0.3647792  -0.9859506   0.3281309  -0.8399319 ]
2025-05-25 12:34:00,841 INFO =====> Grad: [1811.6906  -153.47768    0.       251.17087 -908.85333]
2025-05-25 12:34:00,841 INFO =====> Num. aborted data so far: 0
2025-05-25 12:34:00,841 INFO ===========> Epoch: 8 optimisation losses
2025-05-25 12:34:00,841 INFO =====> EMD Loss: 14.635259
2025-05-25 12:34:00,841 INFO =====> Height map loss: 6.475610
2025-05-25 12:34:09,151 INFO ==> EMD Loss: 14.628853
2025-05-25 12:34:09,152 INFO ==> Height map loss:  6.486565
2025-05-25 12:34:17,666 INFO ==> EMD Loss: 14.656391
2025-05-25 12:34:17,666 INFO ==> Height map loss:  6.550367
2025-05-25 12:34:26,149 INFO ==> EMD Loss: 14.701552
2025-05-25 12:34:26,149 INFO ==> Height map loss:  6.534029
2025-05-25 12:34:34,827 INFO ==> EMD Loss: 14.676327
2025-05-25 12:34:34,827 INFO ==> Height map loss:  6.566427
2025-05-25 12:34:43,343 INFO ==> EMD Loss: 14.694313
2025-05-25 12:34:43,343 INFO ==> Height map loss:  6.573526
2025-05-25 12:35:01,790 INFO =====> Skill params: [-0.07747689  0.36659136 -0.9859506   0.32615152 -0.8352578 ]
2025-05-25 12:35:01,791 INFO =====> Grad: [-327.4317     -8.218775    0.        252.13832  1137.974   ]
2025-05-25 12:35:01,791 INFO =====> Num. aborted data so far: 0
2025-05-25 12:35:01,791 INFO ===========> Epoch: 9 optimisation losses
2025-05-25 12:35:01,792 INFO =====> EMD Loss: 14.626606
2025-05-25 12:35:01,792 INFO =====> Height map loss: 6.483727
2025-05-25 12:35:10,131 INFO ==> EMD Loss: 14.631948
2025-05-25 12:35:10,131 INFO ==> Height map loss:  6.504410
2025-05-25 12:35:18,601 INFO ==> EMD Loss: 14.630132
2025-05-25 12:35:18,602 INFO ==> Height map loss:  6.525092
2025-05-25 12:35:26,883 INFO ==> EMD Loss: 14.632350
2025-05-25 12:35:26,883 INFO ==> Height map loss:  6.580875
2025-05-25 12:35:35,302 INFO ==> EMD Loss: 14.590446
2025-05-25 12:35:35,302 INFO ==> Height map loss:  6.592141
2025-05-25 12:35:43,521 INFO ==> EMD Loss: 14.586389
2025-05-25 12:35:43,522 INFO ==> Height map loss:  6.591484
2025-05-25 12:36:01,899 INFO =====> Skill params: [-0.076737    0.36669365 -0.9859506   0.3241063  -0.84042954]
2025-05-25 12:36:01,899 INFO =====> Grad: [1007.4009  -112.47753    0.      -433.4125    70.53048]
2025-05-25 12:36:01,899 INFO =====> Num. aborted data so far: 0
2025-05-25 12:36:01,900 INFO ===========> Epoch: 10 optimisation losses
2025-05-25 12:36:01,900 INFO =====> EMD Loss: 14.627993
2025-05-25 12:36:01,900 INFO =====> Height map loss: 6.482982
2025-05-25 12:36:10,262 INFO ==> EMD Loss: 14.668281
2025-05-25 12:36:10,262 INFO ==> Height map loss:  6.530062
2025-05-25 12:36:18,676 INFO ==> EMD Loss: 14.624576
2025-05-25 12:36:18,676 INFO ==> Height map loss:  6.502032
2025-05-25 12:36:26,970 INFO ==> EMD Loss: 14.650886
2025-05-25 12:36:26,970 INFO ==> Height map loss:  6.547409
2025-05-25 12:36:35,508 INFO ==> EMD Loss: 14.665345
2025-05-25 12:36:35,508 INFO ==> Height map loss:  6.545984
2025-05-25 12:36:43,894 INFO ==> EMD Loss: 14.661670
2025-05-25 12:36:43,895 INFO ==> Height map loss:  6.535424
2025-05-25 12:37:02,444 INFO =====> Skill params: [-0.08836833  0.37398368 -0.9859506   0.34136528 -0.84211785]
2025-05-25 12:37:02,444 INFO =====> Grad: [ 556.6266  -133.895      0.        44.72049  187.03915]
2025-05-25 12:37:02,445 INFO =====> Num. aborted data so far: 0
2025-05-25 12:37:02,445 INFO ===========> Epoch: 11 optimisation losses
2025-05-25 12:37:02,445 INFO =====> EMD Loss: 14.617841
2025-05-25 12:37:02,445 INFO =====> Height map loss: 6.493060
2025-05-25 12:37:11,046 INFO ==> EMD Loss: 14.653255
2025-05-25 12:37:11,047 INFO ==> Height map loss:  6.554104
2025-05-25 12:37:19,374 INFO ==> EMD Loss: 14.688783
2025-05-25 12:37:19,374 INFO ==> Height map loss:  6.562250
2025-05-25 12:37:27,982 INFO ==> EMD Loss: 14.690219
2025-05-25 12:37:27,982 INFO ==> Height map loss:  6.552936
2025-05-25 12:37:36,368 INFO ==> EMD Loss: 14.656396
2025-05-25 12:37:36,368 INFO ==> Height map loss:  6.566705
2025-05-25 12:37:44,935 INFO ==> EMD Loss: 14.606606
2025-05-25 12:37:44,935 INFO ==> Height map loss:  6.576440
2025-05-25 12:38:03,613 INFO =====> Skill params: [-0.10178099  0.3919479  -0.9859506   0.3376139  -0.8515103 ]
2025-05-25 12:38:03,613 INFO =====> Grad: [-111.280556  -94.88513     0.        433.54596   843.0094  ]
2025-05-25 12:38:03,613 INFO =====> Num. aborted data so far: 0
2025-05-25 12:38:03,614 INFO ===========> Epoch: 12 optimisation losses
2025-05-25 12:38:03,614 INFO =====> EMD Loss: 14.688128
2025-05-25 12:38:03,614 INFO =====> Height map loss: 6.546917
2025-05-25 12:38:12,257 INFO ==> EMD Loss: 14.691470
2025-05-25 12:38:12,257 INFO ==> Height map loss:  6.552701
2025-05-25 12:38:20,681 INFO ==> EMD Loss: 14.601240
2025-05-25 12:38:20,681 INFO ==> Height map loss:  6.574903
2025-05-25 12:38:29,338 INFO ==> EMD Loss: 14.589752
2025-05-25 12:38:29,339 INFO ==> Height map loss:  6.582486
2025-05-25 12:38:37,791 INFO ==> EMD Loss: 14.581385
2025-05-25 12:38:37,791 INFO ==> Height map loss:  6.582176
2025-05-25 12:38:46,459 INFO ==> EMD Loss: 14.584597
2025-05-25 12:38:46,459 INFO ==> Height map loss:  6.589726
2025-05-25 12:39:04,928 INFO =====> Skill params: [-0.10149846  0.39327657 -0.9859506   0.33405963 -0.8555482 ]
2025-05-25 12:39:04,928 INFO =====> Grad: [-1880.3059    159.46657     0.       -340.2062  -1282.167  ]
2025-05-25 12:39:04,928 INFO =====> Num. aborted data so far: 0
2025-05-25 12:39:04,929 INFO ===========> Epoch: 13 optimisation losses
2025-05-25 12:39:04,929 INFO =====> EMD Loss: 14.678913
2025-05-25 12:39:04,929 INFO =====> Height map loss: 6.549124
2025-05-25 12:39:13,540 INFO ==> EMD Loss: 14.688821
2025-05-25 12:39:13,540 INFO ==> Height map loss:  6.553718
2025-05-25 12:39:21,901 INFO ==> EMD Loss: 14.619924
2025-05-25 12:39:21,901 INFO ==> Height map loss:  6.507445
2025-05-25 12:39:30,508 INFO ==> EMD Loss: 14.612281
2025-05-25 12:39:30,508 INFO ==> Height map loss:  6.462637
2025-05-25 12:39:38,838 INFO ==> EMD Loss: 14.617857
2025-05-25 12:39:38,838 INFO ==> Height map loss:  6.448136
2025-05-25 12:39:47,429 INFO ==> EMD Loss: 14.689923
2025-05-25 12:39:47,429 INFO ==> Height map loss:  6.416373
2025-05-25 12:40:05,833 INFO =====> Skill params: [-0.01259052  0.34758595 -0.9859506   0.3902234  -0.7486026 ]
2025-05-25 12:40:05,834 INFO =====> Grad: [-466.36392   -19.488125    0.        358.38855   340.52637 ]
2025-05-25 12:40:05,834 INFO =====> Num. aborted data so far: 0
2025-05-25 12:40:05,834 INFO ===========> Epoch: 14 optimisation losses
2025-05-25 12:40:05,834 INFO =====> EMD Loss: 14.675192
2025-05-25 12:40:05,834 INFO =====> Height map loss: 6.407893
2025-05-25 12:40:14,467 INFO ==> EMD Loss: 14.675920
2025-05-25 12:40:14,467 INFO ==> Height map loss:  6.414628
2025-05-25 12:40:22,787 INFO ==> EMD Loss: 14.684094
2025-05-25 12:40:22,787 INFO ==> Height map loss:  6.419345
2025-05-25 12:40:31,235 INFO ==> EMD Loss: 14.625424
2025-05-25 12:40:31,235 INFO ==> Height map loss:  6.436695
2025-05-25 12:40:39,541 INFO ==> EMD Loss: 14.628536
2025-05-25 12:40:39,541 INFO ==> Height map loss:  6.442209
2025-05-25 12:40:48,094 INFO ==> EMD Loss: 14.622502
2025-05-25 12:40:48,094 INFO ==> Height map loss:  6.470622
2025-05-25 12:41:06,468 INFO =====> Skill params: [-0.01143693  0.3478801  -0.9859506   0.38726103 -0.7500813 ]
2025-05-25 12:41:06,469 INFO =====> Grad: [-122.39061   -26.864878    0.        213.62804   885.3581  ]
2025-05-25 12:41:06,469 INFO =====> Num. aborted data so far: 0
2025-05-25 12:41:06,469 INFO ===========> Epoch: 15 optimisation losses
2025-05-25 12:41:06,469 INFO =====> EMD Loss: 14.681901
2025-05-25 12:41:06,469 INFO =====> Height map loss: 6.404390
2025-05-25 12:41:15,068 INFO ==> EMD Loss: 14.681984
2025-05-25 12:41:15,069 INFO ==> Height map loss:  6.411159
2025-05-25 12:41:23,389 INFO ==> EMD Loss: 14.645394
2025-05-25 12:41:23,390 INFO ==> Height map loss:  6.418970
2025-05-25 12:41:31,963 INFO ==> EMD Loss: 14.610176
2025-05-25 12:41:31,963 INFO ==> Height map loss:  6.446093
2025-05-25 12:41:40,238 INFO ==> EMD Loss: 14.652356
2025-05-25 12:41:40,238 INFO ==> Height map loss:  6.464466
2025-05-25 12:41:48,469 INFO ==> EMD Loss: 14.640137
2025-05-25 12:41:48,469 INFO ==> Height map loss:  6.481170
2025-05-25 12:42:07,012 INFO =====> Skill params: [-0.01111799  0.3483071  -0.9859506   0.38543454 -0.753808  ]
2025-05-25 12:42:07,013 INFO =====> Grad: [-1824.0591       -7.9120517     0.          709.00024    -232.14615  ]
2025-05-25 12:42:07,013 INFO =====> Num. aborted data so far: 0
2025-05-25 12:42:07,013 INFO ===========> Epoch: 16 optimisation losses
2025-05-25 12:42:07,013 INFO =====> EMD Loss: 14.673891
2025-05-25 12:42:07,013 INFO =====> Height map loss: 6.409468
2025-05-25 12:42:15,618 INFO ==> EMD Loss: 14.683943
2025-05-25 12:42:15,618 INFO ==> Height map loss:  6.419409
2025-05-25 12:42:23,995 INFO ==> EMD Loss: 14.646668
2025-05-25 12:42:23,995 INFO ==> Height map loss:  6.441967
2025-05-25 12:42:32,548 INFO ==> EMD Loss: 14.600711
2025-05-25 12:42:32,548 INFO ==> Height map loss:  6.459503
2025-05-25 12:42:40,893 INFO ==> EMD Loss: 14.638722
2025-05-25 12:42:40,893 INFO ==> Height map loss:  6.449350
2025-05-25 12:42:49,494 INFO ==> EMD Loss: 14.636581
2025-05-25 12:42:49,494 INFO ==> Height map loss:  6.467398
2025-05-25 12:43:07,978 INFO =====> Skill params: [-0.0066875   0.34843963 -0.9859506   0.3801348  -0.752784  ]
2025-05-25 12:43:07,978 INFO =====> Grad: [-134.43579  -50.36205    0.      -600.9504   606.8932 ]
2025-05-25 12:43:07,978 INFO =====> Num. aborted data so far: 0
2025-05-25 12:43:07,979 INFO ===========> Epoch: 17 optimisation losses
2025-05-25 12:43:07,979 INFO =====> EMD Loss: 14.668578
2025-05-25 12:43:07,979 INFO =====> Height map loss: 6.417778
2025-05-25 12:43:16,505 INFO ==> EMD Loss: 14.680806
2025-05-25 12:43:16,505 INFO ==> Height map loss:  6.415727
2025-05-25 12:43:24,850 INFO ==> EMD Loss: 14.616841
2025-05-25 12:43:24,850 INFO ==> Height map loss:  6.429081
2025-05-25 12:43:33,399 INFO ==> EMD Loss: 14.612659
2025-05-25 12:43:33,399 INFO ==> Height map loss:  6.408560
2025-05-25 12:43:41,742 INFO ==> EMD Loss: 14.625119
2025-05-25 12:43:41,742 INFO ==> Height map loss:  6.418571
2025-05-25 12:43:50,136 INFO ==> EMD Loss: 14.586696
2025-05-25 12:43:50,136 INFO ==> Height map loss:  6.414148
2025-05-25 12:44:09,235 INFO =====> Skill params: [-0.0032478   0.35729393 -0.9859506   0.42250142 -0.77983135]
2025-05-25 12:44:09,235 INFO =====> Grad: [142.65053     1.3987234   0.        640.5351    250.3402   ]
2025-05-25 12:44:09,235 INFO =====> Num. aborted data so far: 0
2025-05-25 12:44:09,236 INFO ===========> Epoch: 18 optimisation losses
2025-05-25 12:44:09,236 INFO =====> EMD Loss: 14.639380
2025-05-25 12:44:09,236 INFO =====> Height map loss: 6.408586
2025-05-25 12:44:17,829 INFO ==> EMD Loss: 14.614946
2025-05-25 12:44:17,829 INFO ==> Height map loss:  6.407613
2025-05-25 12:44:26,275 INFO ==> EMD Loss: 14.592109
2025-05-25 12:44:26,275 INFO ==> Height map loss:  6.444827
2025-05-25 12:44:34,575 INFO ==> EMD Loss: 14.631300
2025-05-25 12:44:34,575 INFO ==> Height map loss:  6.448618
2025-05-25 12:44:43,110 INFO ==> EMD Loss: 14.605074
2025-05-25 12:44:43,110 INFO ==> Height map loss:  6.447987
2025-05-25 12:44:51,500 INFO ==> EMD Loss: 14.626117
2025-05-25 12:44:51,500 INFO ==> Height map loss:  6.469353
2025-05-25 12:45:10,583 INFO =====> Skill params: [-0.00363222  0.357268   -0.9859506   0.41824692 -0.78099847]
2025-05-25 12:45:10,583 INFO =====> Grad: [ 722.6035       0.8463893    0.        -700.5102     107.92141  ]
2025-05-25 12:45:10,583 INFO =====> Num. aborted data so far: 0
2025-05-25 12:45:10,584 INFO ===========> Epoch: 19 optimisation losses
2025-05-25 12:45:10,584 INFO =====> EMD Loss: 14.616953
2025-05-25 12:45:10,584 INFO =====> Height map loss: 6.398910
2025-05-25 12:45:19,025 INFO ==> EMD Loss: 14.606019
2025-05-25 12:45:19,025 INFO ==> Height map loss:  6.406875
2025-05-25 12:45:27,695 INFO ==> EMD Loss: 14.612361
2025-05-25 12:45:27,695 INFO ==> Height map loss:  6.414672
2025-05-25 12:45:36,150 INFO ==> EMD Loss: 14.644979
2025-05-25 12:45:36,150 INFO ==> Height map loss:  6.402991
2025-05-25 12:45:44,787 INFO ==> EMD Loss: 14.642789
2025-05-25 12:45:44,787 INFO ==> Height map loss:  6.400427
2025-05-25 12:45:53,185 INFO ==> EMD Loss: 14.618279
2025-05-25 12:45:53,185 INFO ==> Height map loss:  6.405681
2025-05-25 12:46:01,510 INFO ===========> Finished training.
2025-05-25 12:46:01,510 INFO ====> Final EMD Loss: 14.642807
2025-05-25 12:46:01,510 INFO ====> Final Height map loss: 6.400338
2025-05-25 12:46:01,510 INFO ====> Final skill params: [-0.03372506  0.35702    -0.9859506   0.4835983  -0.7889414 ]
