2025-05-28 05:42:01,385 INFO =====> Skill params: [-0.30213484  0.2         0.8         0.         -0.5       ]
2025-05-28 05:42:01,385 INFO =====> Grad: [ 646.1539  2462.4326  -335.87564 -201.49728 -262.60458]
2025-05-28 05:42:01,385 INFO =====> Num. aborted data so far: 0
2025-05-28 05:42:01,386 INFO ===========> Epoch: 0 optimisation losses
2025-05-28 05:42:01,386 INFO =====> EMD Loss: 20.985703
2025-05-28 05:42:01,386 INFO =====> Height map loss: 5.906644
2025-05-28 05:42:10,336 INFO ==> EMD Loss: 21.031967
2025-05-28 05:42:10,336 INFO ==> Height map loss:  5.911871
2025-05-28 05:42:19,128 INFO ==> EMD Loss: 21.422276
2025-05-28 05:42:19,128 INFO ==> Height map loss:  5.667881
2025-05-28 05:42:28,182 INFO ==> EMD Loss: 20.928785
2025-05-28 05:42:28,182 INFO ==> Height map loss:  5.797851
2025-05-28 05:42:37,261 INFO ==> EMD Loss: 20.906683
2025-05-28 05:42:37,261 INFO ==> Height map loss:  5.567700
2025-05-28 05:42:46,517 INFO ==> EMD Loss: 21.206179
2025-05-28 05:42:46,517 INFO ==> Height map loss:  5.750706
2025-05-28 05:43:06,930 INFO =====> Skill params: [-0.44443735  0.0576975   0.9423025   0.1423025  -0.3576975 ]
2025-05-28 05:43:06,930 INFO =====> Grad: [-591.1464  4173.6333   290.1475   247.64575  158.02391]
2025-05-28 05:43:06,930 INFO =====> Num. aborted data so far: 0
2025-05-28 05:43:06,931 INFO ===========> Epoch: 1 optimisation losses
2025-05-28 05:43:06,931 INFO =====> EMD Loss: 20.841484
2025-05-28 05:43:06,931 INFO =====> Height map loss: 5.571354
2025-05-28 05:43:16,015 INFO ==> EMD Loss: 20.989431
2025-05-28 05:43:16,015 INFO ==> Height map loss:  5.703598
2025-05-28 05:43:25,102 INFO ==> EMD Loss: 20.941931
2025-05-28 05:43:25,102 INFO ==> Height map loss:  5.788750
2025-05-28 05:43:33,980 INFO ==> EMD Loss: 20.701578
2025-05-28 05:43:33,980 INFO ==> Height map loss:  5.912502
2025-05-28 05:43:43,042 INFO ==> EMD Loss: 21.365414
2025-05-28 05:43:43,042 INFO ==> Height map loss:  6.566156
2025-05-28 05:43:51,871 INFO ==> EMD Loss: 21.828741
2025-05-28 05:43:51,871 INFO ==> Height map loss:  7.333890
2025-05-28 05:44:12,249 INFO =====> Skill params: [-0.43785197  0.0494192   0.9359153   0.1347927  -0.362779  ]
2025-05-28 05:44:12,250 INFO =====> Grad: [  646.1539   3723.7942   -315.11688 -1059.592    -242.9276 ]
2025-05-28 05:44:12,250 INFO =====> Num. aborted data so far: 0
2025-05-28 05:44:12,250 INFO ===========> Epoch: 2 optimisation losses
2025-05-28 05:44:12,250 INFO =====> EMD Loss: 20.978786
2025-05-28 05:44:12,250 INFO =====> Height map loss: 5.703712
2025-05-28 05:44:21,439 INFO ==> EMD Loss: 20.783834
2025-05-28 05:44:21,439 INFO ==> Height map loss:  5.732223
2025-05-28 05:44:30,557 INFO ==> EMD Loss: 21.077858
2025-05-28 05:44:30,558 INFO ==> Height map loss:  5.770905
2025-05-28 05:44:39,845 INFO ==> EMD Loss: 21.238197
2025-05-28 05:44:39,845 INFO ==> Height map loss:  5.870489
2025-05-28 05:44:49,047 INFO ==> EMD Loss: 20.708239
2025-05-28 05:44:49,047 INFO ==> Height map loss:  5.770843
2025-05-28 05:44:58,493 INFO ==> EMD Loss: 20.726704
2025-05-28 05:44:58,493 INFO ==> Height map loss:  5.746466
2025-05-28 05:45:18,993 INFO =====> Skill params: [-0.44377744  0.04340084  0.9417068   0.14392795 -0.35656044]
2025-05-28 05:45:18,994 INFO =====> Grad: [-646.1539  6314.434   -286.0601  -583.7982   348.84753]
2025-05-28 05:45:18,994 INFO =====> Num. aborted data so far: 0
2025-05-28 05:45:18,994 INFO ===========> Epoch: 3 optimisation losses
2025-05-28 05:45:18,994 INFO =====> EMD Loss: 20.783947
2025-05-28 05:45:18,994 INFO =====> Height map loss: 5.732347
2025-05-28 05:45:28,123 INFO ==> EMD Loss: 20.712858
2025-05-28 05:45:28,123 INFO ==> Height map loss:  5.743605
2025-05-28 05:45:37,380 INFO ==> EMD Loss: 21.120949
2025-05-28 05:45:37,380 INFO ==> Height map loss:  6.037610
2025-05-28 05:45:46,339 INFO ==> EMD Loss: 22.144743
2025-05-28 05:45:46,339 INFO ==> Height map loss:  6.593936
2025-05-28 05:45:55,384 INFO ==> EMD Loss: 22.307373
2025-05-28 05:45:55,384 INFO ==> Height map loss:  7.540493
2025-05-28 05:46:04,257 INFO ==> EMD Loss: 22.788124
2025-05-28 05:46:04,257 INFO ==> Height map loss:  7.898205
2025-05-28 05:46:24,759 INFO =====> Skill params: [-0.4385606   0.03628563  0.94649196  0.14855848 -0.3632424 ]
2025-05-28 05:46:24,759 INFO =====> Grad: [  646.1539  -6155.2646   -207.08026   312.70383   215.42578]
2025-05-28 05:46:24,759 INFO =====> Num. aborted data so far: 0
2025-05-28 05:46:24,760 INFO ===========> Epoch: 4 optimisation losses
2025-05-28 05:46:24,760 INFO =====> EMD Loss: 20.712633
2025-05-28 05:46:24,760 INFO =====> Height map loss: 5.743606
2025-05-28 05:46:33,904 INFO ==> EMD Loss: 20.670261
2025-05-28 05:46:33,904 INFO ==> Height map loss:  5.734024
2025-05-28 05:46:43,184 INFO ==> EMD Loss: 21.323259
2025-05-28 05:46:43,184 INFO ==> Height map loss:  5.513071
2025-05-28 05:46:52,417 INFO ==> EMD Loss: 20.939693
2025-05-28 05:46:52,418 INFO ==> Height map loss:  5.889745
2025-05-28 05:47:01,615 INFO ==> EMD Loss: 21.237381
2025-05-28 05:47:01,615 INFO ==> Height map loss:  5.866757
2025-05-28 05:47:10,930 INFO ==> EMD Loss: 21.095531
2025-05-28 05:47:10,930 INFO ==> Height map loss:  6.071985
2025-05-28 05:47:31,426 INFO =====> Skill params: [-0.46234837  0.06524026  0.96353054  0.13595603 -0.38301134]
2025-05-28 05:47:31,426 INFO =====> Grad: [-6.6666669e+02  5.1836274e+03 -2.4763042e+02 -1.3010964e-01
  4.4374298e+02]
2025-05-28 05:47:31,426 INFO =====> Num. aborted data so far: 0
2025-05-28 05:47:31,426 INFO ===========> Epoch: 5 optimisation losses
2025-05-28 05:47:31,426 INFO =====> EMD Loss: 21.323420
2025-05-28 05:47:31,427 INFO =====> Height map loss: 5.513075
2025-05-28 05:47:40,824 INFO ==> EMD Loss: 21.543003
2025-05-28 05:47:40,824 INFO ==> Height map loss:  5.584156
2025-05-28 05:47:49,981 INFO ==> EMD Loss: 21.191490
2025-05-28 05:47:49,981 INFO ==> Height map loss:  5.705697
2025-05-28 05:47:59,273 INFO ==> EMD Loss: 21.084835
2025-05-28 05:47:59,273 INFO ==> Height map loss:  5.800091
2025-05-28 05:48:08,305 INFO ==> EMD Loss: 21.364462
2025-05-28 05:48:08,305 INFO ==> Height map loss:  6.221559
2025-05-28 05:48:17,526 INFO ==> EMD Loss: 21.660156
2025-05-28 05:48:17,526 INFO ==> Height map loss:  6.446463
2025-05-28 05:48:38,030 INFO =====> Skill params: [-0.45780593  0.06072055  0.9674436   0.13595714 -0.38937676]
2025-05-28 05:48:38,030 INFO =====> Grad: [  666.6667  -3577.2627    280.33063  -255.73804  -519.5447 ]
2025-05-28 05:48:38,030 INFO =====> Num. aborted data so far: 0
2025-05-28 05:48:38,031 INFO ===========> Epoch: 6 optimisation losses
2025-05-28 05:48:38,031 INFO =====> EMD Loss: 21.542942
2025-05-28 05:48:38,031 INFO =====> Height map loss: 5.584108
2025-05-28 05:48:47,161 INFO ==> EMD Loss: 21.350065
2025-05-28 05:48:47,161 INFO ==> Height map loss:  5.504872
2025-05-28 05:48:56,499 INFO ==> EMD Loss: 21.084517
2025-05-28 05:48:56,499 INFO ==> Height map loss:  5.868594
2025-05-28 05:49:05,672 INFO ==> EMD Loss: 20.751158
2025-05-28 05:49:05,672 INFO ==> Height map loss:  6.008233
2025-05-28 05:49:15,184 INFO ==> EMD Loss: 20.992258
2025-05-28 05:49:15,185 INFO ==> Height map loss:  6.001050
2025-05-28 05:49:24,483 INFO ==> EMD Loss: 21.152931
2025-05-28 05:49:24,483 INFO ==> Height map loss:  6.111031
2025-05-28 05:49:45,018 INFO =====> Skill params: [-0.46208048  0.06382708  0.9632542   0.13818353 -0.38332608]
2025-05-28 05:49:45,018 INFO =====> Grad: [-666.6667  5275.23    -279.29318 -637.3737  -155.24266]
2025-05-28 05:49:45,018 INFO =====> Num. aborted data so far: 0
2025-05-28 05:49:45,019 INFO ===========> Epoch: 7 optimisation losses
2025-05-28 05:49:45,020 INFO =====> EMD Loss: 21.351206
2025-05-28 05:49:45,020 INFO =====> Height map loss: 5.504929
2025-05-28 05:49:54,238 INFO ==> EMD Loss: 21.514444
2025-05-28 05:49:54,238 INFO ==> Height map loss:  5.597007
2025-05-28 05:50:03,513 INFO ==> EMD Loss: 21.230879
2025-05-28 05:50:03,513 INFO ==> Height map loss:  5.752525
2025-05-28 05:50:12,712 INFO ==> EMD Loss: 21.364126
2025-05-28 05:50:12,712 INFO ==> Height map loss:  5.897433
2025-05-28 05:50:21,810 INFO ==> EMD Loss: 21.733793
2025-05-28 05:50:21,810 INFO ==> Height map loss:  6.893942
2025-05-28 05:50:30,998 INFO ==> EMD Loss: 23.033815
2025-05-28 05:50:30,998 INFO ==> Height map loss:  7.058412
2025-05-28 05:50:51,316 INFO =====> Skill params: [-0.45801044  0.05952362  0.9672455   0.14316231 -0.38145766]
2025-05-28 05:50:51,316 INFO =====> Grad: [ -666.6667  -3216.5662    316.54178   116.23154  -308.34937]
2025-05-28 05:50:51,316 INFO =====> Num. aborted data so far: 0
2025-05-28 05:50:51,317 INFO ===========> Epoch: 8 optimisation losses
2025-05-28 05:50:51,317 INFO =====> EMD Loss: 21.514149
2025-05-28 05:50:51,317 INFO =====> Height map loss: 5.597042
2025-05-28 05:51:00,712 INFO ==> EMD Loss: 21.471094
2025-05-28 05:51:00,712 INFO ==> Height map loss:  5.597211
2025-05-28 05:51:09,834 INFO ==> EMD Loss: 21.438160
2025-05-28 05:51:09,834 INFO ==> Height map loss:  5.711028
2025-05-28 05:51:19,099 INFO ==> EMD Loss: 21.421509
2025-05-28 05:51:19,099 INFO ==> Height map loss:  5.985251
2025-05-28 05:51:28,160 INFO ==> EMD Loss: 21.166435
2025-05-28 05:51:28,160 INFO ==> Height map loss:  5.958744
2025-05-28 05:51:37,388 INFO ==> EMD Loss: 20.947334
2025-05-28 05:51:37,388 INFO ==> Height map loss:  5.902687
2025-05-28 05:51:57,648 INFO =====> Skill params: [-0.45410138  0.06217903  0.9629851   0.1422101  -0.37784114]
2025-05-28 05:51:57,649 INFO =====> Grad: [-666.6667  3776.9573  -279.8439   422.40253  513.6623 ]
2025-05-28 05:51:57,649 INFO =====> Num. aborted data so far: 0
2025-05-28 05:51:57,649 INFO ===========> Epoch: 9 optimisation losses
2025-05-28 05:51:57,649 INFO =====> EMD Loss: 21.471117
2025-05-28 05:51:57,649 INFO =====> Height map loss: 5.597492
2025-05-28 05:52:06,940 INFO ==> EMD Loss: 20.925533
2025-05-28 05:52:06,940 INFO ==> Height map loss:  5.525978
2025-05-28 05:52:16,015 INFO ==> EMD Loss: 20.808945
2025-05-28 05:52:16,015 INFO ==> Height map loss:  5.616572
2025-05-28 05:52:25,176 INFO ==> EMD Loss: 21.403902
2025-05-28 05:52:25,176 INFO ==> Height map loss:  5.713370
2025-05-28 05:52:34,098 INFO ==> EMD Loss: 21.192715
2025-05-28 05:52:34,098 INFO ==> Height map loss:  5.839694
2025-05-28 05:52:43,217 INFO ==> EMD Loss: 21.024162
2025-05-28 05:52:43,217 INFO ==> Height map loss:  6.104685
2025-05-28 05:53:03,651 INFO =====> Skill params: [-0.45032197  0.05907343  0.96664757  0.13880543 -0.3831184 ]
2025-05-28 05:53:03,651 INFO =====> Grad: [-666.6667 5110.1123   88.588   845.6632  551.5328]
2025-05-28 05:53:03,651 INFO =====> Num. aborted data so far: 0
2025-05-28 05:53:03,652 INFO ===========> Epoch: 10 optimisation losses
2025-05-28 05:53:03,652 INFO =====> EMD Loss: 20.925512
2025-05-28 05:53:03,652 INFO =====> Height map loss: 5.525861
2025-05-28 05:53:12,805 INFO ==> EMD Loss: 20.906809
2025-05-28 05:53:12,805 INFO ==> Height map loss:  5.545906
2025-05-28 05:53:22,042 INFO ==> EMD Loss: 20.992584
2025-05-28 05:53:22,042 INFO ==> Height map loss:  5.615640
2025-05-28 05:53:31,048 INFO ==> EMD Loss: 20.901701
2025-05-28 05:53:31,048 INFO ==> Height map loss:  5.717814
2025-05-28 05:53:40,210 INFO ==> EMD Loss: 20.362099
2025-05-28 05:53:40,210 INFO ==> Height map loss:  5.888311
2025-05-28 05:53:49,085 INFO ==> EMD Loss: 20.689217
2025-05-28 05:53:49,085 INFO ==> Height map loss:  5.936632
2025-05-28 05:54:09,443 INFO =====> Skill params: [-0.44664884  0.05506019  0.96543545  0.13307779 -0.38817286]
2025-05-28 05:54:09,443 INFO =====> Grad: [-646.1539  6494.621   -282.21335  953.91486 -297.83197]
2025-05-28 05:54:09,443 INFO =====> Num. aborted data so far: 0
2025-05-28 05:54:09,444 INFO ===========> Epoch: 11 optimisation losses
2025-05-28 05:54:09,444 INFO =====> EMD Loss: 20.906473
2025-05-28 05:54:09,444 INFO =====> Height map loss: 5.545781
2025-05-28 05:54:18,582 INFO ==> EMD Loss: 20.653484
2025-05-28 05:54:18,582 INFO ==> Height map loss:  5.520919
2025-05-28 05:54:27,809 INFO ==> EMD Loss: 21.545444
2025-05-28 05:54:27,809 INFO ==> Height map loss:  5.681832
2025-05-28 05:54:36,850 INFO ==> EMD Loss: 21.014479
2025-05-28 05:54:36,850 INFO ==> Height map loss:  5.846009
2025-05-28 05:54:46,054 INFO ==> EMD Loss: 20.718330
2025-05-28 05:54:46,054 INFO ==> Height map loss:  6.082747
2025-05-28 05:54:55,089 INFO ==> EMD Loss: 21.619516
2025-05-28 05:54:55,089 INFO ==> Height map loss:  6.132796
2025-05-28 05:55:15,593 INFO =====> Skill params: [-0.44315925  0.05038266  0.96917593  0.12754539 -0.3854196 ]
2025-05-28 05:55:15,594 INFO =====> Grad: [ -646.1539  -3814.2063    227.98734 -1002.25586   377.74258]
2025-05-28 05:55:15,594 INFO =====> Num. aborted data so far: 0
2025-05-28 05:55:15,594 INFO ===========> Epoch: 12 optimisation losses
2025-05-28 05:55:15,594 INFO =====> EMD Loss: 20.653311
2025-05-28 05:55:15,594 INFO =====> Height map loss: 5.520935
2025-05-28 05:55:24,717 INFO ==> EMD Loss: 20.807253
2025-05-28 05:55:24,717 INFO ==> Height map loss:  5.528815
2025-05-28 05:55:33,929 INFO ==> EMD Loss: 21.079098
2025-05-28 05:55:33,929 INFO ==> Height map loss:  5.570627
2025-05-28 05:55:42,982 INFO ==> EMD Loss: 20.775587
2025-05-28 05:55:42,982 INFO ==> Height map loss:  6.100201
2025-05-28 05:55:52,222 INFO ==> EMD Loss: 21.163963
2025-05-28 05:55:52,222 INFO ==> Height map loss:  6.110603
2025-05-28 05:56:01,219 INFO ==> EMD Loss: 21.444145
2025-05-28 05:56:01,219 INFO ==> Height map loss:  6.207436
2025-05-28 05:56:21,635 INFO =====> Skill params: [-0.4397297   0.05315217  0.96615636  0.1326924  -0.38885123]
2025-05-28 05:56:21,636 INFO =====> Grad: [-646.1539   7831.6865    -71.229675 -528.70807  -123.66857 ]
2025-05-28 05:56:21,636 INFO =====> Num. aborted data so far: 0
2025-05-28 05:56:21,636 INFO ===========> Epoch: 13 optimisation losses
2025-05-28 05:56:21,636 INFO =====> EMD Loss: 20.807037
2025-05-28 05:56:21,636 INFO =====> Height map loss: 5.528882
2025-05-28 05:56:30,742 INFO ==> EMD Loss: 20.729078
2025-05-28 05:56:30,743 INFO ==> Height map loss:  5.716526
2025-05-28 05:56:39,875 INFO ==> EMD Loss: 21.230070
2025-05-28 05:56:39,875 INFO ==> Height map loss:  5.903061
2025-05-28 05:56:48,878 INFO ==> EMD Loss: 21.031849
2025-05-28 05:56:48,878 INFO ==> Height map loss:  6.282628
2025-05-28 05:56:58,146 INFO ==> EMD Loss: 21.620258
2025-05-28 05:56:58,146 INFO ==> Height map loss:  6.480993
2025-05-28 05:57:07,201 INFO ==> EMD Loss: 22.269258
2025-05-28 05:57:07,201 INFO ==> Height map loss:  7.183217
2025-05-28 05:57:27,625 INFO =====> Skill params: [-0.43635157  0.04808474  0.9671454   0.13543244 -0.3876761 ]
2025-05-28 05:57:27,625 INFO =====> Grad: [-646.1539  1630.7393  -284.51984 -922.1349  -320.1187 ]
2025-05-28 05:57:27,625 INFO =====> Num. aborted data so far: 0
2025-05-28 05:57:27,626 INFO ===========> Epoch: 14 optimisation losses
2025-05-28 05:57:27,626 INFO =====> EMD Loss: 20.730022
2025-05-28 05:57:27,626 INFO =====> Height map loss: 5.716555
2025-05-28 05:57:36,751 INFO ==> EMD Loss: 21.017401
2025-05-28 05:57:36,751 INFO ==> Height map loss:  5.636749
2025-05-28 05:57:46,004 INFO ==> EMD Loss: 21.230263
2025-05-28 05:57:46,004 INFO ==> Height map loss:  5.818013
2025-05-28 05:57:54,989 INFO ==> EMD Loss: 21.371586
2025-05-28 05:57:54,989 INFO ==> Height map loss:  5.856486
2025-05-28 05:58:04,230 INFO ==> EMD Loss: 21.626389
2025-05-28 05:58:04,230 INFO ==> Height map loss:  6.375295
2025-05-28 05:58:13,290 INFO ==> EMD Loss: 22.549643
2025-05-28 05:58:13,290 INFO ==> Height map loss:  6.536968
2025-05-28 05:58:33,659 INFO =====> Skill params: [-0.43301782  0.04698007  0.9709584   0.13988158 -0.38463852]
2025-05-28 05:58:33,659 INFO =====> Grad: [ -672.       -7216.587      -29.419373   570.38385    604.7753  ]
2025-05-28 05:58:33,666 INFO =====> Num. aborted data so far: 0
2025-05-28 05:58:33,667 INFO ===========> Epoch: 15 optimisation losses
2025-05-28 05:58:33,667 INFO =====> EMD Loss: 21.017300
2025-05-28 05:58:33,667 INFO =====> Height map loss: 5.636631
2025-05-28 05:58:42,761 INFO ==> EMD Loss: 20.718304
2025-05-28 05:58:42,761 INFO ==> Height map loss:  5.651791
2025-05-28 05:58:51,987 INFO ==> EMD Loss: 21.099508
2025-05-28 05:58:51,987 INFO ==> Height map loss:  5.877228
2025-05-28 05:59:00,923 INFO ==> EMD Loss: 21.251726
2025-05-28 05:59:00,923 INFO ==> Height map loss:  5.902411
2025-05-28 05:59:10,149 INFO ==> EMD Loss: 20.972717
2025-05-28 05:59:10,149 INFO ==> Height map loss:  5.826931
2025-05-28 05:59:19,167 INFO ==> EMD Loss: 21.405054
2025-05-28 05:59:19,167 INFO ==> Height map loss:  5.718756
2025-05-28 05:59:39,687 INFO =====> Skill params: [-0.42960748  0.05150818  0.9713736   0.1371075  -0.38973898]
2025-05-28 05:59:39,687 INFO =====> Grad: [-672.      5898.3276   253.53854 -689.3715  -345.87402]
2025-05-28 05:59:39,687 INFO =====> Num. aborted data so far: 0
2025-05-28 05:59:39,688 INFO ===========> Epoch: 16 optimisation losses
2025-05-28 05:59:39,688 INFO =====> EMD Loss: 20.718470
2025-05-28 05:59:39,688 INFO =====> Height map loss: 5.651845
2025-05-28 05:59:48,798 INFO ==> EMD Loss: 20.708408
2025-05-28 05:59:48,799 INFO ==> Height map loss:  5.697384
2025-05-28 05:59:58,017 INFO ==> EMD Loss: 21.016918
2025-05-28 05:59:58,017 INFO ==> Height map loss:  5.874104
2025-05-28 06:00:07,022 INFO ==> EMD Loss: 21.240088
2025-05-28 06:00:07,023 INFO ==> Height map loss:  5.932570
2025-05-28 06:00:16,353 INFO ==> EMD Loss: 21.698544
2025-05-28 06:00:16,353 INFO ==> Height map loss:  6.586967
2025-05-28 06:00:25,451 INFO ==> EMD Loss: 21.478245
2025-05-28 06:00:25,451 INFO ==> Height map loss:  6.536432
2025-05-28 06:00:45,973 INFO =====> Skill params: [-0.4262459   0.04790017  0.9678687   0.1404193  -0.386814  ]
2025-05-28 06:00:45,973 INFO =====> Grad: [  672.      -3012.2744    283.53317  -252.49628   176.09372]
2025-05-28 06:00:45,973 INFO =====> Num. aborted data so far: 0
2025-05-28 06:00:45,974 INFO ===========> Epoch: 17 optimisation losses
2025-05-28 06:00:45,974 INFO =====> EMD Loss: 20.708530
2025-05-28 06:00:45,974 INFO =====> Height map loss: 5.697449
2025-05-28 06:00:55,163 INFO ==> EMD Loss: 20.700172
2025-05-28 06:00:55,163 INFO ==> Height map loss:  5.653844
2025-05-28 06:01:04,452 INFO ==> EMD Loss: 20.655254
2025-05-28 06:01:04,452 INFO ==> Height map loss:  5.572183
2025-05-28 06:01:13,490 INFO ==> EMD Loss: 21.326794
2025-05-28 06:01:13,490 INFO ==> Height map loss:  5.631623
2025-05-28 06:01:22,856 INFO ==> EMD Loss: 21.260904
2025-05-28 06:01:22,856 INFO ==> Height map loss:  5.899476
2025-05-28 06:01:32,079 INFO ==> EMD Loss: 20.767588
2025-05-28 06:01:32,079 INFO ==> Height map loss:  5.923169
2025-05-28 06:01:52,608 INFO =====> Skill params: [-0.44284302  0.05741422  0.94892895  0.14675516 -0.3945574 ]
2025-05-28 06:01:52,608 INFO =====> Grad: [ -646.1539  -5677.765    -238.4202    936.428     111.99719]
2025-05-28 06:01:52,608 INFO =====> Num. aborted data so far: 0
2025-05-28 06:01:52,609 INFO ===========> Epoch: 18 optimisation losses
2025-05-28 06:01:52,609 INFO =====> EMD Loss: 20.832441
2025-05-28 06:01:52,609 INFO =====> Height map loss: 5.572207
2025-05-28 06:02:01,782 INFO ==> EMD Loss: 21.092932
2025-05-28 06:02:01,782 INFO ==> Height map loss:  5.556510
2025-05-28 06:02:11,174 INFO ==> EMD Loss: 21.262579
2025-05-28 06:02:11,174 INFO ==> Height map loss:  5.703034
2025-05-28 06:02:20,188 INFO ==> EMD Loss: 20.918833
2025-05-28 06:02:20,189 INFO ==> Height map loss:  5.879861
2025-05-28 06:02:29,364 INFO ==> EMD Loss: 21.198353
2025-05-28 06:02:29,365 INFO ==> Height map loss:  5.781908
2025-05-28 06:02:38,399 INFO ==> EMD Loss: 21.431646
2025-05-28 06:02:38,399 INFO ==> Height map loss:  5.732923
2025-05-28 06:02:58,927 INFO =====> Skill params: [-0.4396721   0.06092619  0.95209414  0.14236403 -0.39558947]
2025-05-28 06:02:58,927 INFO =====> Grad: [  646.1539  -6507.6494    232.82993  -824.6417    111.61511]
2025-05-28 06:02:58,927 INFO =====> Num. aborted data so far: 0
2025-05-28 06:02:58,928 INFO ===========> Epoch: 19 optimisation losses
2025-05-28 06:02:58,928 INFO =====> EMD Loss: 21.093225
2025-05-28 06:02:58,928 INFO =====> Height map loss: 5.556530
2025-05-28 06:03:08,180 INFO ==> EMD Loss: 21.180346
2025-05-28 06:03:08,180 INFO ==> Height map loss:  5.550425
2025-05-28 06:03:17,563 INFO ==> EMD Loss: 21.698040
2025-05-28 06:03:17,563 INFO ==> Height map loss:  5.885979
2025-05-28 06:03:26,652 INFO ==> EMD Loss: 20.966131
2025-05-28 06:03:26,652 INFO ==> Height map loss:  5.952666
2025-05-28 06:03:35,975 INFO ==> EMD Loss: 21.199579
2025-05-28 06:03:35,976 INFO ==> Height map loss:  5.980223
2025-05-28 06:03:45,198 INFO ==> EMD Loss: 21.430403
2025-05-28 06:03:45,198 INFO ==> Height map loss:  6.068865
2025-05-28 06:03:54,333 INFO ===========> Finished training.
2025-05-28 06:03:54,333 INFO ====> Final EMD Loss: 21.180302
2025-05-28 06:03:54,333 INFO ====> Final Height map loss: 5.550285
2025-05-28 06:03:54,333 INFO ====> Final skill params: [-0.4428246   0.06479947  0.94901264  0.14610909 -0.39666668]
