2024-09-05 02:30:43,759 INFO ===> New TaichiEnv created.
2024-09-05 02:30:43,759 INFO ===> Specifications: horizon = 600, dt = 0.01, n_substeps = 20, dt_sub = 0.0005
2024-09-05 02:33:40,062 INFO =====> Epoch: 0
2024-09-05 02:33:40,062 INFO =====> Loss: 59.5839729309082
2024-09-05 02:33:40,062 INFO =====> Grad: [-6.1410110e-02 -2.8814696e-02  1.4602539e-10  9.7300857e-02
 -4.6566129e-09]
2024-09-05 02:33:40,062 INFO =====> Num. aborted data so far: 0
2024-09-05 02:33:40,372 INFO ===> New TaichiEnv created.
2024-09-05 02:33:40,372 INFO ===> Specifications: horizon = 600, dt = 0.01, n_substeps = 20, dt_sub = 0.0005
2024-09-05 02:36:12,781 INFO =====> Epoch: 1
2024-09-05 02:36:12,782 INFO =====> Loss: 59.6599006652832
2024-09-05 02:36:12,782 INFO =====> Grad: [-5.6207057e-02 -1.8000249e-02 -6.6889433e-10  1.4668418e-01
  0.0000000e+00]
2024-09-05 02:36:12,782 INFO =====> Num. aborted data so far: 0
2024-09-05 02:36:13,010 INFO ===> New TaichiEnv created.
2024-09-05 02:36:13,010 INFO ===> Specifications: horizon = 600, dt = 0.01, n_substeps = 20, dt_sub = 0.0005
2024-09-05 02:38:38,960 INFO =====> Epoch: 2
2024-09-05 02:38:38,960 INFO =====> Loss: 59.64982604980469
2024-09-05 02:38:38,960 INFO =====> Grad: [-5.0829098e-02 -4.8403172e-03  3.6747725e-09  1.9516315e-01
  4.6566129e-09]
2024-09-05 02:38:38,961 INFO =====> Num. aborted data so far: 0
2024-09-05 02:38:39,196 INFO ===> New TaichiEnv created.
2024-09-05 02:38:39,196 INFO ===> Specifications: horizon = 600, dt = 0.01, n_substeps = 20, dt_sub = 0.0005
2024-09-05 02:40:58,372 INFO =====> Epoch: 3
2024-09-05 02:40:58,372 INFO =====> Loss: 59.653472900390625
2024-09-05 02:40:58,372 INFO =====> Grad: [1.6765116e-01 1.1181648e-02 4.1035193e-09 2.4243884e-01 1.6763806e-08]
2024-09-05 02:40:58,372 INFO =====> Num. aborted data so far: 0
2024-09-05 02:40:58,595 INFO ===> New TaichiEnv created.
2024-09-05 02:40:58,595 INFO ===> Specifications: horizon = 600, dt = 0.01, n_substeps = 20, dt_sub = 0.0005
2024-09-05 02:43:24,032 INFO =====> Epoch: 4
2024-09-05 02:43:24,032 INFO =====> Loss: 59.65213394165039
2024-09-05 02:43:24,032 INFO =====> Grad: [-5.0829075e-02 -4.8403097e-03 -3.3978318e-09  2.8184429e-01
 -4.6566129e-09]
2024-09-05 02:43:24,032 INFO =====> Num. aborted data so far: 0
2024-09-05 02:43:24,257 INFO ===> New TaichiEnv created.
2024-09-05 02:43:24,258 INFO ===> Specifications: horizon = 600, dt = 0.01, n_substeps = 20, dt_sub = 0.0005
2024-09-05 02:45:43,192 INFO =====> Epoch: 5
2024-09-05 02:45:43,193 INFO =====> Loss: 59.65126419067383
2024-09-05 02:45:43,193 INFO =====> Grad: [-2.4872749e+00 -6.1731488e-01  1.0118562e-08  5.1285272e+00
  1.6763806e-07]
2024-09-05 02:45:43,193 INFO =====> Num. aborted data so far: 0
2024-09-05 02:45:43,420 INFO ===> New TaichiEnv created.
2024-09-05 02:45:43,421 INFO ===> Specifications: horizon = 600, dt = 0.01, n_substeps = 20, dt_sub = 0.0005
2024-09-05 02:47:54,513 INFO =====> Epoch: 6
2024-09-05 02:47:54,514 INFO =====> Loss: 59.564483642578125
2024-09-05 02:47:54,514 INFO =====> Grad: [-2.5770328e+00 -5.0689059e-01  3.3487510e-08  5.2101307e+00
  2.6077032e-08]
2024-09-05 02:47:54,514 INFO =====> Num. aborted data so far: 0
2024-09-05 02:47:54,744 INFO ===> New TaichiEnv created.
2024-09-05 02:47:54,744 INFO ===> Specifications: horizon = 600, dt = 0.01, n_substeps = 20, dt_sub = 0.0005
2024-09-05 02:49:58,905 INFO =====> Epoch: 7
2024-09-05 02:49:58,905 INFO =====> Loss: 59.544063568115234
2024-09-05 02:49:58,905 INFO =====> Grad: [1.5586102e-01 6.1419904e-02 2.8088545e-09 3.9102319e-01 0.0000000e+00]
2024-09-05 02:49:58,905 INFO =====> Num. aborted data so far: 0
2024-09-05 02:49:59,140 INFO ===> New TaichiEnv created.
2024-09-05 02:49:59,140 INFO ===> Specifications: horizon = 600, dt = 0.01, n_substeps = 20, dt_sub = 0.0005
2024-09-05 02:52:17,818 INFO =====> Epoch: 8
2024-09-05 02:52:17,818 INFO =====> Loss: 59.56343460083008
2024-09-05 02:52:17,818 INFO =====> Grad: [1.6196318e-01 3.7316367e-02 1.1045235e-09 4.2609495e-01 1.2572855e-08]
2024-09-05 02:52:17,818 INFO =====> Num. aborted data so far: 0
2024-09-05 02:52:18,085 INFO ===> New TaichiEnv created.
2024-09-05 02:52:18,085 INFO ===> Specifications: horizon = 600, dt = 0.01, n_substeps = 20, dt_sub = 0.0005
2024-09-05 02:54:35,002 INFO =====> Epoch: 9
2024-09-05 02:54:35,002 INFO =====> Loss: 59.6470947265625
2024-09-05 02:54:35,002 INFO =====> Grad: [ 1.6765116e-01  1.7878864e-02 -2.4356528e-09  4.4785842e-01
  1.1175871e-08]
2024-09-05 02:54:35,002 INFO =====> Num. aborted data so far: 0
2024-09-05 02:54:35,238 INFO ===> New TaichiEnv created.
2024-09-05 02:54:35,238 INFO ===> Specifications: horizon = 600, dt = 0.01, n_substeps = 20, dt_sub = 0.0005
2024-09-05 02:56:58,427 INFO =====> Epoch: 10
2024-09-05 02:56:58,427 INFO =====> Loss: 59.6517448425293
2024-09-05 02:56:58,427 INFO =====> Grad: [ 2.5203385e+00 -6.1783785e-01 -7.9242977e-09  5.6159258e+00
  1.3038516e-08]
2024-09-05 02:56:58,427 INFO =====> Num. aborted data so far: 0
2024-09-05 02:56:58,666 INFO ===> New TaichiEnv created.
2024-09-05 02:56:58,666 INFO ===> Specifications: horizon = 600, dt = 0.01, n_substeps = 20, dt_sub = 0.0005
2024-09-05 02:59:22,374 INFO =====> Epoch: 11
2024-09-05 02:59:22,374 INFO =====> Loss: 59.64210510253906
2024-09-05 02:59:22,374 INFO =====> Grad: [ 2.6061113e+00 -5.7753330e-01  2.7550692e-08  5.5555058e+00
 -4.5634806e-08]
2024-09-05 02:59:22,374 INFO =====> Num. aborted data so far: 0
2024-09-05 02:59:22,648 INFO ===> New TaichiEnv created.
2024-09-05 02:59:22,648 INFO ===> Specifications: horizon = 600, dt = 0.01, n_substeps = 20, dt_sub = 0.0005
2024-09-05 03:01:30,047 INFO =====> Epoch: 12
2024-09-05 03:01:30,047 INFO =====> Loss: 59.327880859375
2024-09-05 03:01:30,047 INFO =====> Grad: [-9.3915726e+01  2.0445952e+02 -3.7895246e-05 -3.1929280e+03
 -4.1723251e-07]
2024-09-05 03:01:30,047 INFO =====> Num. aborted data so far: 0
2024-09-05 03:01:30,290 INFO ===> New TaichiEnv created.
2024-09-05 03:01:30,290 INFO ===> Specifications: horizon = 600, dt = 0.01, n_substeps = 20, dt_sub = 0.0005
2024-09-05 03:03:47,655 INFO =====> Epoch: 13
2024-09-05 03:03:47,656 INFO =====> Loss: 59.65211486816406
2024-09-05 03:03:47,656 INFO =====> Grad: [-4.8815388e-02  5.8664866e-03 -2.7176905e-09  5.1476556e-01
 -1.0710210e-08]
2024-09-05 03:03:47,656 INFO =====> Num. aborted data so far: 0
2024-09-05 03:03:47,908 INFO ===> New TaichiEnv created.
2024-09-05 03:03:47,908 INFO ===> Specifications: horizon = 600, dt = 0.01, n_substeps = 20, dt_sub = 0.0005
2024-09-05 03:06:12,260 INFO =====> Epoch: 14
2024-09-05 03:06:12,260 INFO =====> Loss: 59.64887619018555
2024-09-05 03:06:12,260 INFO =====> Grad: [ 1.6187753e+02 -2.1397310e+02  4.3081900e-06  1.0396698e+03
  1.7136335e-07]
2024-09-05 03:06:12,260 INFO =====> Num. aborted data so far: 0
2024-09-05 03:06:12,504 INFO ===> New TaichiEnv created.
2024-09-05 03:06:12,504 INFO ===> Specifications: horizon = 600, dt = 0.01, n_substeps = 20, dt_sub = 0.0005
2024-09-05 03:08:28,082 INFO =====> Epoch: 15
2024-09-05 03:08:28,082 INFO =====> Loss: 59.47990798950195
2024-09-05 03:08:28,089 INFO =====> Grad: [-2.0386571e+03  1.5807583e+03 -3.9118226e-05 -1.7010336e+04
 -1.7695129e-08]
2024-09-05 03:08:28,089 INFO =====> Num. aborted data so far: 0
2024-09-05 03:08:28,335 INFO ===> New TaichiEnv created.
2024-09-05 03:08:28,335 INFO ===> Specifications: horizon = 600, dt = 0.01, n_substeps = 20, dt_sub = 0.0005
2024-09-05 03:10:52,226 INFO =====> Epoch: 16
2024-09-05 03:10:52,227 INFO =====> Loss: 59.64997482299805
2024-09-05 03:10:52,227 INFO =====> Grad: [-5.0829086e-02  2.0026471e-03  2.1941171e-09  5.1724386e-01
 -1.3038516e-08]
2024-09-05 03:10:52,227 INFO =====> Num. aborted data so far: 0
2024-09-05 03:10:52,474 INFO ===> New TaichiEnv created.
2024-09-05 03:10:52,474 INFO ===> Specifications: horizon = 600, dt = 0.01, n_substeps = 20, dt_sub = 0.0005
2024-09-05 03:13:22,933 INFO =====> Epoch: 17
2024-09-05 03:13:22,933 INFO =====> Loss: 59.48125457763672
2024-09-05 03:13:22,933 INFO =====> Grad: [-2.6167678e+03  2.5319333e+03  3.0639414e-05 -2.2674432e+04
  1.1920929e-05]
2024-09-05 03:13:22,933 INFO =====> Num. aborted data so far: 0
2024-09-05 03:13:23,182 INFO ===> New TaichiEnv created.
2024-09-05 03:13:23,182 INFO ===> Specifications: horizon = 600, dt = 0.01, n_substeps = 20, dt_sub = 0.0005
2024-09-05 03:16:00,554 INFO =====> Epoch: 18
2024-09-05 03:16:00,554 INFO =====> Loss: 59.56421661376953
2024-09-05 03:16:00,554 INFO =====> Grad: [-2.2257638e+00 -6.8633479e-01  4.6445567e-09  5.8357167e+00
  2.7939677e-09]
2024-09-05 03:16:00,554 INFO =====> Num. aborted data so far: 0
2024-09-05 03:16:00,810 INFO ===> New TaichiEnv created.
2024-09-05 03:16:00,810 INFO ===> Specifications: horizon = 600, dt = 0.01, n_substeps = 20, dt_sub = 0.0005
2024-09-05 03:18:30,950 INFO =====> Epoch: 19
2024-09-05 03:18:30,951 INFO =====> Loss: 59.671104431152344
2024-09-05 03:18:30,951 INFO =====> Grad: [ 3.4923688e+02  2.7443637e+02  3.9665210e-06 -2.0417474e+03
  4.7683716e-07]
2024-09-05 03:18:30,951 INFO =====> Num. aborted data so far: 0
2024-09-05 03:18:31,203 INFO ===> New TaichiEnv created.
2024-09-05 03:18:31,203 INFO ===> Specifications: horizon = 600, dt = 0.01, n_substeps = 20, dt_sub = 0.0005
2024-09-05 03:21:07,139 INFO =====> Epoch: 20
2024-09-05 03:21:07,139 INFO =====> Loss: 59.56399154663086
2024-09-05 03:21:07,139 INFO =====> Grad: [-2.2257638e+00 -6.2526387e-01  1.5860371e-08  5.6297503e+00
  1.4901161e-08]
2024-09-05 03:21:07,139 INFO =====> Num. aborted data so far: 0
2024-09-05 03:21:07,396 INFO ===> New TaichiEnv created.
2024-09-05 03:21:07,396 INFO ===> Specifications: horizon = 600, dt = 0.01, n_substeps = 20, dt_sub = 0.0005
2024-09-05 03:23:35,561 INFO =====> Epoch: 21
2024-09-05 03:23:35,561 INFO =====> Loss: 59.66516876220703
2024-09-05 03:23:35,561 INFO =====> Grad: [ 1.0482163e+03 -3.9923027e+01  1.0914873e-06  1.3801921e+03
  8.3819032e-09]
2024-09-05 03:23:35,561 INFO =====> Num. aborted data so far: 0
2024-09-05 03:23:35,819 INFO ===> New TaichiEnv created.
2024-09-05 03:23:35,819 INFO ===> Specifications: horizon = 600, dt = 0.01, n_substeps = 20, dt_sub = 0.0005
2024-09-05 03:25:57,221 INFO =====> Epoch: 22
2024-09-05 03:25:57,221 INFO =====> Loss: 59.64523696899414
2024-09-05 03:25:57,222 INFO =====> Grad: [ 1.4205648e+04  6.7304595e+03  5.1918742e-04 -6.9539297e+04
  3.7252903e-09]
2024-09-05 03:25:57,222 INFO =====> Num. aborted data so far: 0
2024-09-05 03:25:57,479 INFO ===> New TaichiEnv created.
2024-09-05 03:25:57,479 INFO ===> Specifications: horizon = 600, dt = 0.01, n_substeps = 20, dt_sub = 0.0005
2024-09-05 03:28:25,191 INFO =====> Epoch: 23
2024-09-05 03:28:25,191 INFO =====> Loss: 59.646663665771484
2024-09-05 03:28:25,191 INFO =====> Grad: [1.7524375e-01 1.9794693e-02 1.1222986e-09 4.7512257e-01 5.1222742e-09]
2024-09-05 03:28:25,191 INFO =====> Num. aborted data so far: 0
2024-09-05 03:28:25,447 INFO ===> New TaichiEnv created.
2024-09-05 03:28:25,447 INFO ===> Specifications: horizon = 600, dt = 0.01, n_substeps = 20, dt_sub = 0.0005
2024-09-05 03:30:59,328 INFO =====> Epoch: 24
2024-09-05 03:30:59,328 INFO =====> Loss: 59.64703369140625
2024-09-05 03:30:59,329 INFO =====> Grad: [ 2.3448772e+00 -5.1236033e-01  6.5313053e-09  5.3909731e+00
 -3.2596290e-09]
2024-09-05 03:30:59,329 INFO =====> Num. aborted data so far: 0
2024-09-05 03:30:59,590 INFO ===> New TaichiEnv created.
2024-09-05 03:30:59,590 INFO ===> Specifications: horizon = 600, dt = 0.01, n_substeps = 20, dt_sub = 0.0005
2024-09-05 03:33:26,749 INFO =====> Epoch: 25
2024-09-05 03:33:26,749 INFO =====> Loss: 59.66336441040039
2024-09-05 03:33:26,749 INFO =====> Grad: [ 2.4312205e+00 -4.3087697e-01  5.3954935e-08  5.4600878e+00
  5.5879354e-09]
2024-09-05 03:33:26,749 INFO =====> Num. aborted data so far: 0
2024-09-05 03:33:27,008 INFO ===> New TaichiEnv created.
2024-09-05 03:33:27,008 INFO ===> Specifications: horizon = 600, dt = 0.01, n_substeps = 20, dt_sub = 0.0005
2024-09-05 03:35:46,537 INFO =====> Epoch: 26
2024-09-05 03:35:46,537 INFO =====> Loss: 59.66223907470703
2024-09-05 03:35:46,537 INFO =====> Grad: [-5.4105014e-02  1.8454697e-02 -5.9612104e-10  4.9008843e-01
  5.5879354e-09]
2024-09-05 03:35:46,537 INFO =====> Num. aborted data so far: 0
2024-09-05 03:35:46,795 INFO ===> New TaichiEnv created.
2024-09-05 03:35:46,795 INFO ===> Specifications: horizon = 600, dt = 0.01, n_substeps = 20, dt_sub = 0.0005
2024-09-05 03:38:12,919 INFO =====> Epoch: 27
2024-09-05 03:38:12,919 INFO =====> Loss: 59.66053009033203
2024-09-05 03:38:12,919 INFO =====> Grad: [ 2.4312205e+00 -4.3087697e-01 -5.2666405e-09  5.3218579e+00
 -1.5366822e-08]
2024-09-05 03:38:12,919 INFO =====> Num. aborted data so far: 0
2024-09-05 03:38:13,181 INFO ===> New TaichiEnv created.
2024-09-05 03:38:13,185 INFO ===> Specifications: horizon = 600, dt = 0.01, n_substeps = 20, dt_sub = 0.0005
2024-09-05 03:40:32,833 INFO =====> Epoch: 28
2024-09-05 03:40:32,834 INFO =====> Loss: 59.65779495239258
2024-09-05 03:40:32,834 INFO =====> Grad: [ 2.5170653e+00 -4.0782493e-01 -3.4290313e-09  5.4600878e+00
  4.6566129e-09]
2024-09-05 03:40:32,834 INFO =====> Num. aborted data so far: 0
2024-09-05 03:40:33,096 INFO ===> New TaichiEnv created.
2024-09-05 03:40:33,096 INFO ===> Specifications: horizon = 600, dt = 0.01, n_substeps = 20, dt_sub = 0.0005
2024-09-05 03:42:46,132 INFO =====> Epoch: 29
2024-09-05 03:42:46,132 INFO =====> Loss: 59.645389556884766
2024-09-05 03:42:46,132 INFO =====> Grad: [ 1.1309813e+01 -5.8644753e+00 -5.2161852e-07  7.4608299e+01
 -1.0244548e-08]
2024-09-05 03:42:46,132 INFO =====> Num. aborted data so far: 0
2024-09-05 03:42:46,394 INFO ===> New TaichiEnv created.
2024-09-05 03:42:46,395 INFO ===> Specifications: horizon = 600, dt = 0.01, n_substeps = 20, dt_sub = 0.0005
2024-09-05 03:44:52,125 INFO =====> Epoch: 30
2024-09-05 03:44:52,125 INFO =====> Loss: 59.391822814941406
2024-09-05 03:44:52,125 INFO =====> Grad: [-1.8544631e+04 -1.6960926e+04 -3.1076092e-04  2.3283409e+05
 -9.9182129e-05]
2024-09-05 03:44:52,125 INFO =====> Num. aborted data so far: 0
2024-09-05 03:44:52,389 INFO ===> New TaichiEnv created.
2024-09-05 03:44:52,389 INFO ===> Specifications: horizon = 600, dt = 0.01, n_substeps = 20, dt_sub = 0.0005
2024-09-05 03:46:51,752 INFO =====> Epoch: 31
2024-09-05 03:46:51,752 INFO =====> Loss: 59.251792907714844
2024-09-05 03:46:51,752 INFO =====> Grad: [ 3.0543573e+02 -2.6787366e+02 -3.2845535e-05  5.6220522e+03
  2.9802322e-08]
2024-09-05 03:46:51,752 INFO =====> Num. aborted data so far: 0
2024-09-05 03:46:52,016 INFO ===> New TaichiEnv created.
2024-09-05 03:46:52,016 INFO ===> Specifications: horizon = 600, dt = 0.01, n_substeps = 20, dt_sub = 0.0005
2024-09-05 03:48:45,021 INFO =====> Epoch: 32
2024-09-05 03:48:45,021 INFO =====> Loss: 59.364166259765625
2024-09-05 03:48:45,021 INFO =====> Grad: [ 4.1774716e+05 -3.6685434e+05 -2.0956616e-03  2.1266258e+05
  1.0253906e-02]
2024-09-05 03:48:45,021 INFO =====> Num. aborted data so far: 0
2024-09-05 03:48:45,286 INFO ===> New TaichiEnv created.
2024-09-05 03:48:45,286 INFO ===> Specifications: horizon = 600, dt = 0.01, n_substeps = 20, dt_sub = 0.0005
2024-09-05 03:50:28,801 INFO =====> Epoch: 33
2024-09-05 03:50:28,802 INFO =====> Loss: 57.71009063720703
2024-09-05 03:50:28,802 INFO =====> Grad: [ 5.3430184e+04 -4.8141758e+04  1.4651523e-03 -2.7085156e+05
 -5.4931641e-04]
2024-09-05 03:50:28,802 INFO =====> Num. aborted data so far: 0
2024-09-05 03:50:29,067 INFO ===> New TaichiEnv created.
2024-09-05 03:50:29,067 INFO ===> Specifications: horizon = 600, dt = 0.01, n_substeps = 20, dt_sub = 0.0005
2024-09-05 03:52:10,477 INFO =====> Epoch: 34
2024-09-05 03:52:10,477 INFO =====> Loss: 60.20762252807617
2024-09-05 03:52:10,478 INFO =====> Grad: [ 3.3790840e+04  2.9440646e+04  1.5648371e-03 -1.2853274e+05
  2.0751953e-03]
2024-09-05 03:52:10,478 INFO =====> Num. aborted data so far: 0
2024-09-05 03:52:10,744 INFO ===> New TaichiEnv created.
2024-09-05 03:52:10,744 INFO ===> Specifications: horizon = 600, dt = 0.01, n_substeps = 20, dt_sub = 0.0005
2024-09-05 03:53:57,348 INFO =====> Epoch: 35
2024-09-05 03:53:57,348 INFO =====> Loss: 59.494136810302734
2024-09-05 03:53:57,348 INFO =====> Grad: [ 1.3798584e+03 -2.1911743e+03  1.6716804e-05  7.9466614e+02
  1.4495850e-04]
2024-09-05 03:53:57,348 INFO =====> Num. aborted data so far: 0
2024-09-05 03:53:57,614 INFO ===> New TaichiEnv created.
2024-09-05 03:53:57,614 INFO ===> Specifications: horizon = 600, dt = 0.01, n_substeps = 20, dt_sub = 0.0005
2024-09-05 03:55:35,196 INFO =====> Epoch: 36
2024-09-05 03:55:35,196 INFO =====> Loss: 59.34794616699219
2024-09-05 03:55:35,197 INFO =====> Grad: [-1.6977317e+03  5.5845908e+03  2.7868682e-05  4.2213677e+03
  8.0871582e-04]
2024-09-05 03:55:35,197 INFO =====> Num. aborted data so far: 0
2024-09-05 03:55:35,464 INFO ===> New TaichiEnv created.
2024-09-05 03:55:35,464 INFO ===> Specifications: horizon = 600, dt = 0.01, n_substeps = 20, dt_sub = 0.0005
2024-09-05 03:57:18,554 ERROR ===> [Warning] Aborting epoch: 37
2024-09-05 03:57:18,554 ERROR ===> [Warning] Particle has nan or inf: False
2024-09-05 03:57:18,554 ERROR ===> [Warning] Strange loss or gradient.
2024-09-05 03:57:18,554 ERROR ===> [Warning] Skill params: [-0.36583313 -0.30963898 -0.42406756 -1.          0.45326254]
2024-09-05 03:57:18,554 ERROR ===> [Warning] Skill params grad: [-1.9192368e+06  2.7005385e+06  3.9104596e-03 -1.1519012e+06
  3.7109375e-02]
2024-09-05 03:57:18,554 ERROR ===> [Warning] Loss info: {'particle_has_naninf': False, 'height_map_loss': 48.61455535888672, 'emd_loss': 59.19254684448242, 'total_loss': 59.19254684448242}
2024-09-05 03:57:18,554 INFO =====> Epoch: 37
2024-09-05 03:57:18,554 INFO =====> Loss: 59.19254684448242
2024-09-05 03:57:18,554 INFO =====> Grad: [-1.9192368e+06  2.7005385e+06  3.9104596e-03 -1.1519012e+06
  3.7109375e-02]
2024-09-05 03:57:18,554 INFO =====> Num. aborted data so far: 1
2024-09-05 03:57:18,826 INFO ===> New TaichiEnv created.
2024-09-05 03:57:18,826 INFO ===> Specifications: horizon = 600, dt = 0.01, n_substeps = 20, dt_sub = 0.0005
2024-09-05 03:59:01,867 INFO =====> Epoch: 38
2024-09-05 03:59:01,867 INFO =====> Loss: 59.19242477416992
2024-09-05 03:59:01,867 INFO =====> Grad: [-1.9332023e+05  2.6484606e+05  1.6454794e-03 -2.2858394e+05
  4.8828125e-03]
2024-09-05 03:59:01,867 INFO =====> Num. aborted data so far: 1
2024-09-05 03:59:02,137 INFO ===> New TaichiEnv created.
2024-09-05 03:59:02,137 INFO ===> Specifications: horizon = 600, dt = 0.01, n_substeps = 20, dt_sub = 0.0005
2024-09-05 04:00:51,398 INFO =====> Epoch: 39
2024-09-05 04:00:51,398 INFO =====> Loss: 59.48008728027344
2024-09-05 04:00:51,398 INFO =====> Grad: [ 2.8587284e+00 -2.5520495e-01 -4.1718106e-08  4.8058839e+00
  1.4901161e-08]
2024-09-05 04:00:51,398 INFO =====> Num. aborted data so far: 1
2024-09-05 04:00:51,671 INFO ===> New TaichiEnv created.
2024-09-05 04:00:51,672 INFO ===> Specifications: horizon = 600, dt = 0.01, n_substeps = 20, dt_sub = 0.0005
2024-09-05 04:02:33,000 INFO =====> Epoch: 40
2024-09-05 04:02:33,000 INFO =====> Loss: 59.19258499145508
2024-09-05 04:02:33,000 INFO =====> Grad: [-1.0215476e+05  1.3933242e+05 -9.5752912e-04  3.4913730e+04
 -2.8686523e-03]
2024-09-05 04:02:33,000 INFO =====> Num. aborted data so far: 1
2024-09-05 04:02:33,273 INFO ===> New TaichiEnv created.
2024-09-05 04:02:33,273 INFO ===> Specifications: horizon = 600, dt = 0.01, n_substeps = 20, dt_sub = 0.0005
2024-09-05 04:04:22,989 INFO =====> Epoch: 41
2024-09-05 04:04:22,989 INFO =====> Loss: 59.22166061401367
2024-09-05 04:04:22,990 INFO =====> Grad: [ 1.6888907e+02 -1.0074498e+02 -5.1469222e-05  2.9796519e+03
 -1.3709068e-06]
2024-09-05 04:04:22,990 INFO =====> Num. aborted data so far: 1
2024-09-05 04:04:23,261 INFO ===> New TaichiEnv created.
2024-09-05 04:04:23,261 INFO ===> Specifications: horizon = 600, dt = 0.01, n_substeps = 20, dt_sub = 0.0005
2024-09-05 04:06:06,600 INFO =====> Epoch: 42
2024-09-05 04:06:06,600 INFO =====> Loss: 59.22569274902344
2024-09-05 04:06:06,600 INFO =====> Grad: [ 3.0701648e+03 -6.8143765e+03 -2.1665555e-05  1.6655912e+04
  2.1362305e-04]
2024-09-05 04:06:06,600 INFO =====> Num. aborted data so far: 1
2024-09-05 04:06:06,870 INFO ===> New TaichiEnv created.
2024-09-05 04:06:06,870 INFO ===> Specifications: horizon = 600, dt = 0.01, n_substeps = 20, dt_sub = 0.0005
2024-09-05 04:07:46,763 INFO =====> Epoch: 43
2024-09-05 04:07:46,763 INFO =====> Loss: 60.675689697265625
2024-09-05 04:07:46,763 INFO =====> Grad: [-2.4998709e+04  2.2321431e+03 -1.7238525e-03 -8.9340586e+04
  4.5776367e-05]
2024-09-05 04:07:46,763 INFO =====> Num. aborted data so far: 1
2024-09-05 04:07:47,035 INFO ===> New TaichiEnv created.
2024-09-05 04:07:47,035 INFO ===> Specifications: horizon = 600, dt = 0.01, n_substeps = 20, dt_sub = 0.0005
2024-09-05 04:09:30,306 INFO =====> Epoch: 44
2024-09-05 04:09:30,307 INFO =====> Loss: 59.45682907104492
2024-09-05 04:09:30,307 INFO =====> Grad: [-3.4649020e+04  5.2009578e+04 -6.9129851e-04 -2.8195270e+04
 -2.4414062e-04]
2024-09-05 04:09:30,307 INFO =====> Num. aborted data so far: 1
2024-09-05 04:09:30,582 INFO ===> New TaichiEnv created.
2024-09-05 04:09:30,582 INFO ===> Specifications: horizon = 600, dt = 0.01, n_substeps = 20, dt_sub = 0.0005
2024-09-05 04:11:22,132 INFO =====> Epoch: 45
2024-09-05 04:11:22,133 INFO =====> Loss: 59.48149108886719
2024-09-05 04:11:22,133 INFO =====> Grad: [-7.4312427e+03  9.6664131e+03 -3.6166472e-04  1.1684273e+01
 -5.0354004e-04]
2024-09-05 04:11:22,133 INFO =====> Num. aborted data so far: 1
2024-09-05 04:11:22,407 INFO ===> New TaichiEnv created.
2024-09-05 04:11:22,407 INFO ===> Specifications: horizon = 600, dt = 0.01, n_substeps = 20, dt_sub = 0.0005
2024-09-05 04:13:19,606 INFO =====> Epoch: 46
2024-09-05 04:13:19,606 INFO =====> Loss: 59.24911880493164
2024-09-05 04:13:19,606 INFO =====> Grad: [-1.40372715e+01  2.19900696e+02  2.71307763e-05 -2.39003735e+03
  4.29153442e-06]
2024-09-05 04:13:19,606 INFO =====> Num. aborted data so far: 1
2024-09-05 04:13:19,879 INFO ===> New TaichiEnv created.
2024-09-05 04:13:19,879 INFO ===> Specifications: horizon = 600, dt = 0.01, n_substeps = 20, dt_sub = 0.0005
2024-09-05 04:15:25,190 INFO =====> Epoch: 47
2024-09-05 04:15:25,190 INFO =====> Loss: 59.484886169433594
2024-09-05 04:15:25,190 INFO =====> Grad: [ 2.6877279e+00 -5.4693198e-01 -2.4041407e-08  4.8118591e+00
 -1.0617077e-07]
2024-09-05 04:15:25,190 INFO =====> Num. aborted data so far: 1
2024-09-05 04:15:25,464 INFO ===> New TaichiEnv created.
2024-09-05 04:15:25,464 INFO ===> Specifications: horizon = 600, dt = 0.01, n_substeps = 20, dt_sub = 0.0005
2024-09-05 04:17:22,619 INFO =====> Epoch: 48
2024-09-05 04:17:22,619 INFO =====> Loss: 59.249202728271484
2024-09-05 04:17:22,619 INFO =====> Grad: [-9.1362944e+00 -1.0650898e+02 -8.0219997e-06  1.0514052e+03
 -1.5497208e-06]
2024-09-05 04:17:22,619 INFO =====> Num. aborted data so far: 1
2024-09-05 04:17:22,892 INFO ===> New TaichiEnv created.
2024-09-05 04:17:22,892 INFO ===> Specifications: horizon = 600, dt = 0.01, n_substeps = 20, dt_sub = 0.0005
2024-09-05 04:19:13,324 INFO =====> Epoch: 49
2024-09-05 04:19:13,324 INFO =====> Loss: 58.39685821533203
2024-09-05 04:19:13,324 INFO =====> Grad: [ 9.0834883e+03 -2.6974822e+03 -4.0553458e-04 -1.2417391e+04
  1.0375977e-03]
2024-09-05 04:19:13,324 INFO =====> Num. aborted data so far: 1
2024-09-05 04:19:13,598 INFO ===> New TaichiEnv created.
2024-09-05 04:19:13,598 INFO ===> Specifications: horizon = 600, dt = 0.01, n_substeps = 20, dt_sub = 0.0005
2024-09-05 04:21:02,313 INFO =====> Epoch: 50
2024-09-05 04:21:02,313 INFO =====> Loss: 61.02346420288086
2024-09-05 04:21:02,314 INFO =====> Grad: [ 1.2908906e+04 -8.8874023e+03 -2.6339763e-05  1.5711240e+04
  1.2969971e-04]
2024-09-05 04:21:02,314 INFO =====> Num. aborted data so far: 1
2024-09-05 04:21:02,589 INFO ===> New TaichiEnv created.
2024-09-05 04:21:02,589 INFO ===> Specifications: horizon = 600, dt = 0.01, n_substeps = 20, dt_sub = 0.0005
2024-09-05 04:22:43,753 INFO =====> Epoch: 51
2024-09-05 04:22:43,753 INFO =====> Loss: 59.097442626953125
2024-09-05 04:22:43,753 INFO =====> Grad: [-1.9132635e+04 -6.7195312e+03  5.0853111e-04 -7.2058336e+04
  5.1498413e-05]
2024-09-05 04:22:43,753 INFO =====> Num. aborted data so far: 1
2024-09-05 04:22:44,026 INFO ===> New TaichiEnv created.
2024-09-05 04:22:44,026 INFO ===> Specifications: horizon = 600, dt = 0.01, n_substeps = 20, dt_sub = 0.0005
2024-09-05 04:24:21,263 INFO =====> Epoch: 52
2024-09-05 04:24:21,263 INFO =====> Loss: 59.00699996948242
2024-09-05 04:24:21,263 INFO =====> Grad: [ 4.7018422e+04 -8.2327836e+04 -2.4211833e-04  8.8377207e+03
  2.2888184e-05]
2024-09-05 04:24:21,263 INFO =====> Num. aborted data so far: 1
2024-09-05 04:24:21,538 INFO ===> New TaichiEnv created.
2024-09-05 04:24:21,538 INFO ===> Specifications: horizon = 600, dt = 0.01, n_substeps = 20, dt_sub = 0.0005
2024-09-05 04:25:57,027 INFO =====> Epoch: 53
2024-09-05 04:25:57,027 INFO =====> Loss: 59.1859245300293
2024-09-05 04:25:57,027 INFO =====> Grad: [ 3.4230605e+04 -1.0763989e+05 -2.5687492e-04  1.6398109e+03
  8.1062317e-06]
2024-09-05 04:25:57,027 INFO =====> Num. aborted data so far: 1
2024-09-05 04:25:57,303 INFO ===> New TaichiEnv created.
2024-09-05 04:25:57,303 INFO ===> Specifications: horizon = 600, dt = 0.01, n_substeps = 20, dt_sub = 0.0005
2024-09-05 04:27:28,689 ERROR ===> [Warning] Aborting epoch: 54
2024-09-05 04:27:28,689 ERROR ===> [Warning] Particle has nan or inf: False
2024-09-05 04:27:28,689 ERROR ===> [Warning] Strange loss or gradient.
2024-09-05 04:27:28,690 ERROR ===> [Warning] Skill params: [-0.3658331  -0.10963897  0.05147418 -1.          0.26857913]
2024-09-05 04:27:28,696 ERROR ===> [Warning] Skill params grad: [ 1.4156164e+05 -1.3427660e+06 -7.3253806e-04  1.8800662e+04
 -2.2460938e-02]
2024-09-05 04:27:28,696 ERROR ===> [Warning] Loss info: {'particle_has_naninf': False, 'height_map_loss': 46.777099609375, 'emd_loss': 60.67990493774414, 'total_loss': 60.67990493774414}
2024-09-05 04:27:28,697 INFO =====> Epoch: 54
2024-09-05 04:27:28,697 INFO =====> Loss: 60.67990493774414
2024-09-05 04:27:28,697 INFO =====> Grad: [ 1.4156164e+05 -1.3427660e+06 -7.3253806e-04  1.8800662e+04
 -2.2460938e-02]
2024-09-05 04:27:28,697 INFO =====> Num. aborted data so far: 2
2024-09-05 04:27:28,976 INFO ===> New TaichiEnv created.
2024-09-05 04:27:28,976 INFO ===> Specifications: horizon = 600, dt = 0.01, n_substeps = 20, dt_sub = 0.0005
2024-09-05 04:29:00,603 INFO =====> Epoch: 55
2024-09-05 04:29:00,603 INFO =====> Loss: 60.6800537109375
2024-09-05 04:29:00,604 INFO =====> Grad: [-3.5904289e+04  3.1719381e+05  3.0001192e-03 -2.7327568e+03
 -9.5214844e-03]
2024-09-05 04:29:00,604 INFO =====> Num. aborted data so far: 2
2024-09-05 04:29:00,881 INFO ===> New TaichiEnv created.
2024-09-05 04:29:00,881 INFO ===> Specifications: horizon = 600, dt = 0.01, n_substeps = 20, dt_sub = 0.0005
2024-09-05 04:30:35,443 INFO =====> Epoch: 56
2024-09-05 04:30:35,443 INFO =====> Loss: 59.01464080810547
2024-09-05 04:30:35,443 INFO =====> Grad: [ 8.0733843e+03 -2.8379830e+04  1.8990399e-04 -5.7470176e+04
  6.1035156e-05]
2024-09-05 04:30:35,443 INFO =====> Num. aborted data so far: 2
2024-09-05 04:30:35,722 INFO ===> New TaichiEnv created.
2024-09-05 04:30:35,722 INFO ===> Specifications: horizon = 600, dt = 0.01, n_substeps = 20, dt_sub = 0.0005
2024-09-05 04:32:07,864 INFO =====> Epoch: 57
2024-09-05 04:32:07,864 INFO =====> Loss: 62.094181060791016
2024-09-05 04:32:07,864 INFO =====> Grad: [-2.2458072e+04  2.1186488e+05 -3.0005194e-04  5.3397555e+04
  1.5258789e-04]
2024-09-05 04:32:07,864 INFO =====> Num. aborted data so far: 2
2024-09-05 04:32:08,142 INFO ===> New TaichiEnv created.
2024-09-05 04:32:08,147 INFO ===> Specifications: horizon = 600, dt = 0.01, n_substeps = 20, dt_sub = 0.0005
2024-09-05 04:33:42,210 INFO =====> Epoch: 58
2024-09-05 04:33:42,210 INFO =====> Loss: 60.15283966064453
2024-09-05 04:33:42,210 INFO =====> Grad: [ 4.2279379e+04 -1.2807521e+05  8.0613035e-04  1.5770296e+04
 -9.4604492e-04]
2024-09-05 04:33:42,210 INFO =====> Num. aborted data so far: 2
2024-09-05 04:33:42,488 INFO ===> New TaichiEnv created.
2024-09-05 04:33:42,488 INFO ===> Specifications: horizon = 600, dt = 0.01, n_substeps = 20, dt_sub = 0.0005
2024-09-05 04:35:21,614 INFO =====> Epoch: 59
2024-09-05 04:35:21,614 INFO =====> Loss: 60.704734802246094
2024-09-05 04:35:21,614 INFO =====> Grad: [-1.40388154e+04  1.18126125e+05  1.93704182e-06 -2.49570508e+04
  7.62939453e-04]
2024-09-05 04:35:21,614 INFO =====> Num. aborted data so far: 2
2024-09-05 04:35:21,931 INFO ===> New TaichiEnv created.
2024-09-05 04:35:21,931 INFO ===> Specifications: horizon = 600, dt = 0.01, n_substeps = 20, dt_sub = 0.0005
2024-09-05 04:36:53,906 INFO =====> Epoch: 60
2024-09-05 04:36:53,907 INFO =====> Loss: 60.02754211425781
2024-09-05 04:36:53,907 INFO =====> Grad: [ 1.7242888e+05 -5.3364425e+05  2.0227856e-03  3.8431184e+04
 -9.7656250e-04]
2024-09-05 04:36:53,907 INFO =====> Num. aborted data so far: 2
2024-09-05 04:36:54,188 INFO ===> New TaichiEnv created.
2024-09-05 04:36:54,188 INFO ===> Specifications: horizon = 600, dt = 0.01, n_substeps = 20, dt_sub = 0.0005
2024-09-05 04:38:25,544 INFO =====> Epoch: 61
2024-09-05 04:38:25,544 INFO =====> Loss: 61.0018310546875
2024-09-05 04:38:25,551 INFO =====> Grad: [ 2.2992834e+03 -2.4216926e+04  1.5476829e-04 -2.4530572e+04
  5.3405762e-05]
2024-09-05 04:38:25,551 INFO =====> Num. aborted data so far: 2
2024-09-05 04:38:25,833 INFO ===> New TaichiEnv created.
2024-09-05 04:38:25,833 INFO ===> Specifications: horizon = 600, dt = 0.01, n_substeps = 20, dt_sub = 0.0005
2024-09-05 04:39:58,253 INFO =====> Epoch: 62
2024-09-05 04:39:58,253 INFO =====> Loss: 64.22111511230469
2024-09-05 04:39:58,253 INFO =====> Grad: [-7.2427490e+03  1.4101189e+05  9.5175626e-04 -2.3720521e+04
 -6.7138672e-04]
2024-09-05 04:39:58,253 INFO =====> Num. aborted data so far: 2
2024-09-05 04:39:58,536 INFO ===> New TaichiEnv created.
2024-09-05 04:39:58,536 INFO ===> Specifications: horizon = 600, dt = 0.01, n_substeps = 20, dt_sub = 0.0005
2024-09-05 04:41:28,035 INFO =====> Epoch: 63
2024-09-05 04:41:28,035 INFO =====> Loss: 62.01849365234375
2024-09-05 04:41:28,035 INFO =====> Grad: [-3.6653324e+04  2.9242066e+05  3.8747455e-04 -5.2155348e+04
 -6.1035156e-04]
2024-09-05 04:41:28,035 INFO =====> Num. aborted data so far: 2
2024-09-05 04:41:28,316 INFO ===> New TaichiEnv created.
2024-09-05 04:41:28,316 INFO ===> Specifications: horizon = 600, dt = 0.01, n_substeps = 20, dt_sub = 0.0005
2024-09-05 04:42:58,272 INFO =====> Epoch: 64
2024-09-05 04:42:58,272 INFO =====> Loss: 61.40007400512695
2024-09-05 04:42:58,272 INFO =====> Grad: [ 4.1210988e+04 -1.1078837e+05  1.4896656e-04  4.1116943e+03
 -6.1035156e-04]
2024-09-05 04:42:58,272 INFO =====> Num. aborted data so far: 2
2024-09-05 04:42:58,554 INFO ===> New TaichiEnv created.
2024-09-05 04:42:58,554 INFO ===> Specifications: horizon = 600, dt = 0.01, n_substeps = 20, dt_sub = 0.0005
2024-09-05 04:44:29,639 INFO =====> Epoch: 65
2024-09-05 04:44:29,639 INFO =====> Loss: 61.915687561035156
2024-09-05 04:44:29,639 INFO =====> Grad: [-6.1019136e+03  5.5276914e+04  2.1084183e-05 -2.0142734e+04
 -2.2125244e-04]
2024-09-05 04:44:29,639 INFO =====> Num. aborted data so far: 2
2024-09-05 04:44:29,924 INFO ===> New TaichiEnv created.
2024-09-05 04:44:29,924 INFO ===> Specifications: horizon = 600, dt = 0.01, n_substeps = 20, dt_sub = 0.0005
2024-09-05 04:46:00,764 INFO =====> Epoch: 66
2024-09-05 04:46:00,764 INFO =====> Loss: 60.933509826660156
2024-09-05 04:46:00,764 INFO =====> Grad: [ 5.8168291e+03 -1.3954575e+04 -1.6451994e-04  7.5442642e+03
  1.3732910e-04]
2024-09-05 04:46:00,764 INFO =====> Num. aborted data so far: 2
2024-09-05 04:46:01,048 INFO ===> New TaichiEnv created.
2024-09-05 04:46:01,048 INFO ===> Specifications: horizon = 600, dt = 0.01, n_substeps = 20, dt_sub = 0.0005
2024-09-05 04:47:32,003 INFO =====> Epoch: 67
2024-09-05 04:47:32,003 INFO =====> Loss: 61.91224670410156
2024-09-05 04:47:32,003 INFO =====> Grad: [ 7.9574477e+04 -6.6177994e+05 -4.9915252e-04 -4.2443270e+04
  1.2512207e-03]
2024-09-05 04:47:32,003 INFO =====> Num. aborted data so far: 2
2024-09-05 04:47:32,286 INFO ===> New TaichiEnv created.
2024-09-05 04:47:32,286 INFO ===> Specifications: horizon = 600, dt = 0.01, n_substeps = 20, dt_sub = 0.0005
2024-09-05 04:49:02,992 INFO =====> Epoch: 68
2024-09-05 04:49:02,992 INFO =====> Loss: 63.84541320800781
2024-09-05 04:49:02,992 INFO =====> Grad: [-5.25577832e+03  1.52900609e+05 -2.27566867e-04 -1.00251544e+03
 -6.71386719e-04]
2024-09-05 04:49:02,992 INFO =====> Num. aborted data so far: 2
2024-09-05 04:49:03,277 INFO ===> New TaichiEnv created.
2024-09-05 04:49:03,277 INFO ===> Specifications: horizon = 600, dt = 0.01, n_substeps = 20, dt_sub = 0.0005
2024-09-05 04:50:30,572 INFO =====> Epoch: 69
2024-09-05 04:50:30,572 INFO =====> Loss: 62.31041717529297
2024-09-05 04:50:30,572 INFO =====> Grad: [-1.3249335e+02 -4.0580418e+04  1.9920843e-03 -2.4490502e+04
  2.9253960e-04]
2024-09-05 04:50:30,572 INFO =====> Num. aborted data so far: 2
2024-09-05 04:50:30,857 INFO ===> New TaichiEnv created.
2024-09-05 04:50:30,857 INFO ===> Specifications: horizon = 600, dt = 0.01, n_substeps = 20, dt_sub = 0.0005
2024-09-05 04:51:57,270 INFO =====> Epoch: 70
2024-09-05 04:51:57,270 INFO =====> Loss: 60.869712829589844
2024-09-05 04:51:57,270 INFO =====> Grad: [-7.2650664e+03  1.1272362e+05  1.4821626e-07 -4.6922842e+03
  3.0517578e-05]
2024-09-05 04:51:57,270 INFO =====> Num. aborted data so far: 2
2024-09-05 04:51:57,554 INFO ===> New TaichiEnv created.
2024-09-05 04:51:57,554 INFO ===> Specifications: horizon = 600, dt = 0.01, n_substeps = 20, dt_sub = 0.0005
2024-09-05 04:53:22,708 INFO =====> Epoch: 71
2024-09-05 04:53:22,709 INFO =====> Loss: 59.922882080078125
2024-09-05 04:53:22,709 INFO =====> Grad: [-1.3002358e+04  5.0074711e+04 -6.8554655e-06 -4.9550117e+03
  1.4114380e-04]
2024-09-05 04:53:22,709 INFO =====> Num. aborted data so far: 2
2024-09-05 04:53:22,995 INFO ===> New TaichiEnv created.
2024-09-05 04:53:22,995 INFO ===> Specifications: horizon = 600, dt = 0.01, n_substeps = 20, dt_sub = 0.0005
2024-09-05 04:54:50,027 INFO =====> Epoch: 72
2024-09-05 04:54:50,027 INFO =====> Loss: 59.49464797973633
2024-09-05 04:54:50,027 INFO =====> Grad: [ 3.4724651e+03 -6.4281514e+03 -3.6972175e-05 -2.8839324e+03
 -3.5095215e-04]
2024-09-05 04:54:50,027 INFO =====> Num. aborted data so far: 2
2024-09-05 04:54:50,310 INFO ===> New TaichiEnv created.
2024-09-05 04:54:50,314 INFO ===> Specifications: horizon = 600, dt = 0.01, n_substeps = 20, dt_sub = 0.0005
2024-09-05 04:56:15,055 INFO =====> Epoch: 73
2024-09-05 04:56:15,055 INFO =====> Loss: 59.90732192993164
2024-09-05 04:56:15,055 INFO =====> Grad: [-7.4239712e+03  2.1077982e+04  2.8985518e-04 -5.4612827e+03
 -3.0517578e-05]
2024-09-05 04:56:15,055 INFO =====> Num. aborted data so far: 2
2024-09-05 04:56:15,340 INFO ===> New TaichiEnv created.
2024-09-05 04:56:15,340 INFO ===> Specifications: horizon = 600, dt = 0.01, n_substeps = 20, dt_sub = 0.0005
2024-09-05 04:57:43,299 INFO =====> Epoch: 74
2024-09-05 04:57:43,299 INFO =====> Loss: 59.46662902832031
2024-09-05 04:57:43,299 INFO =====> Grad: [-2.7271165e+03  4.0700117e+03  1.7538176e-04 -2.3604805e+03
 -1.4305115e-05]
2024-09-05 04:57:43,299 INFO =====> Num. aborted data so far: 2
2024-09-05 04:57:43,583 INFO ===> New TaichiEnv created.
2024-09-05 04:57:43,583 INFO ===> Specifications: horizon = 600, dt = 0.01, n_substeps = 20, dt_sub = 0.0005
2024-09-05 04:59:15,921 INFO =====> Epoch: 75
2024-09-05 04:59:15,921 INFO =====> Loss: 59.35271453857422
2024-09-05 04:59:15,921 INFO =====> Grad: [ 7.4530645e+03 -6.0191846e+03 -2.1645392e-06  1.9881038e+03
  1.7547607e-04]
2024-09-05 04:59:15,921 INFO =====> Num. aborted data so far: 2
2024-09-05 04:59:16,208 INFO ===> New TaichiEnv created.
2024-09-05 04:59:16,208 INFO ===> Specifications: horizon = 600, dt = 0.01, n_substeps = 20, dt_sub = 0.0005
2024-09-05 05:00:43,923 INFO =====> Epoch: 76
2024-09-05 05:00:43,923 INFO =====> Loss: 59.46664810180664
2024-09-05 05:00:43,923 INFO =====> Grad: [-4.8179043e+03  9.6933271e+03 -8.9234964e-05 -1.2369836e+03
 -1.3351440e-05]
2024-09-05 05:00:43,923 INFO =====> Num. aborted data so far: 2
2024-09-05 05:00:44,206 INFO ===> New TaichiEnv created.
2024-09-05 05:00:44,206 INFO ===> Specifications: horizon = 600, dt = 0.01, n_substeps = 20, dt_sub = 0.0005
2024-09-05 05:02:16,980 INFO =====> Epoch: 77
2024-09-05 05:02:16,980 INFO =====> Loss: 59.399322509765625
2024-09-05 05:02:16,980 INFO =====> Grad: [ 1.0765506e+04 -1.1929701e+04 -2.8544178e-05  6.7175885e+02
  1.3732910e-04]
2024-09-05 05:02:16,980 INFO =====> Num. aborted data so far: 2
2024-09-05 05:02:17,264 INFO ===> New TaichiEnv created.
2024-09-05 05:02:17,264 INFO ===> Specifications: horizon = 600, dt = 0.01, n_substeps = 20, dt_sub = 0.0005
2024-09-05 05:03:46,649 INFO =====> Epoch: 78
2024-09-05 05:03:46,649 INFO =====> Loss: 59.50045394897461
2024-09-05 05:03:46,649 INFO =====> Grad: [-1.4334058e+04  2.7639477e+04  3.2778011e-05 -5.9572222e+03
  4.6730042e-05]
2024-09-05 05:03:46,650 INFO =====> Num. aborted data so far: 2
2024-09-05 05:03:46,937 INFO ===> New TaichiEnv created.
2024-09-05 05:03:46,937 INFO ===> Specifications: horizon = 600, dt = 0.01, n_substeps = 20, dt_sub = 0.0005
2024-09-05 05:05:18,322 INFO =====> Epoch: 79
2024-09-05 05:05:18,322 INFO =====> Loss: 59.469661712646484
2024-09-05 05:05:18,322 INFO =====> Grad: [ 5.5109395e+04 -5.9799504e+04 -4.8081082e-04  5.0086631e+03
 -9.1552734e-05]
2024-09-05 05:05:18,322 INFO =====> Num. aborted data so far: 2
2024-09-05 05:05:18,608 INFO ===> New TaichiEnv created.
2024-09-05 05:05:18,609 INFO ===> Specifications: horizon = 600, dt = 0.01, n_substeps = 20, dt_sub = 0.0005
2024-09-05 05:06:47,757 INFO =====> Epoch: 80
2024-09-05 05:06:47,757 INFO =====> Loss: 59.50049591064453
2024-09-05 05:06:47,757 INFO =====> Grad: [-3.3697419e+03  7.8317002e+03  4.1940322e-04 -1.6295206e+03
 -4.3487549e-04]
2024-09-05 05:06:47,757 INFO =====> Num. aborted data so far: 2
2024-09-05 05:06:48,044 INFO ===> New TaichiEnv created.
2024-09-05 05:06:48,044 INFO ===> Specifications: horizon = 600, dt = 0.01, n_substeps = 20, dt_sub = 0.0005
2024-09-05 05:08:21,130 INFO =====> Epoch: 81
2024-09-05 05:08:21,130 INFO =====> Loss: 59.399085998535156
2024-09-05 05:08:21,130 INFO =====> Grad: [-4.0137273e+04  4.1838508e+04  4.0766964e-04 -2.7245515e+03
 -1.6021729e-04]
2024-09-05 05:08:21,130 INFO =====> Num. aborted data so far: 2
2024-09-05 05:08:21,418 INFO ===> New TaichiEnv created.
2024-09-05 05:08:21,418 INFO ===> Specifications: horizon = 600, dt = 0.01, n_substeps = 20, dt_sub = 0.0005
2024-09-05 05:09:58,110 INFO =====> Epoch: 82
2024-09-05 05:09:58,110 INFO =====> Loss: 59.393592834472656
2024-09-05 05:09:58,111 INFO =====> Grad: [ 6.53380225e+03 -5.00334619e+03 -1.32796358e-05 -4.54088013e+02
  1.04904175e-05]
2024-09-05 05:09:58,111 INFO =====> Num. aborted data so far: 2
2024-09-05 05:09:58,397 INFO ===> New TaichiEnv created.
2024-09-05 05:09:58,397 INFO ===> Specifications: horizon = 600, dt = 0.01, n_substeps = 20, dt_sub = 0.0005
2024-09-05 05:11:31,098 INFO =====> Epoch: 83
2024-09-05 05:11:31,098 INFO =====> Loss: 59.35759735107422
2024-09-05 05:11:31,098 INFO =====> Grad: [ 2.1478703e+04 -2.7175902e+04 -8.0059271e-04  2.1308872e+03
 -3.8146973e-06]
2024-09-05 05:11:31,098 INFO =====> Num. aborted data so far: 2
2024-09-05 05:11:31,387 INFO ===> New TaichiEnv created.
2024-09-05 05:11:31,387 INFO ===> Specifications: horizon = 600, dt = 0.01, n_substeps = 20, dt_sub = 0.0005
2024-09-05 05:13:01,933 INFO =====> Epoch: 84
2024-09-05 05:13:01,934 INFO =====> Loss: 59.31974792480469
2024-09-05 05:13:01,934 INFO =====> Grad: [ 1.1847841e+03 -2.5154678e+03 -1.2070939e-05 -6.9466522e+02
 -1.3732910e-04]
2024-09-05 05:13:01,934 INFO =====> Num. aborted data so far: 2
2024-09-05 05:13:02,221 INFO ===> New TaichiEnv created.
2024-09-05 05:13:02,221 INFO ===> Specifications: horizon = 600, dt = 0.01, n_substeps = 20, dt_sub = 0.0005
2024-09-05 05:14:31,259 INFO =====> Epoch: 85
2024-09-05 05:14:31,259 INFO =====> Loss: 59.507694244384766
2024-09-05 05:14:31,259 INFO =====> Grad: [-7.5497690e+03  4.0019738e+04  8.9608599e-05  4.1464102e+02
 -4.8828125e-04]
2024-09-05 05:14:31,259 INFO =====> Num. aborted data so far: 2
2024-09-05 05:14:31,549 INFO ===> New TaichiEnv created.
2024-09-05 05:14:31,549 INFO ===> Specifications: horizon = 600, dt = 0.01, n_substeps = 20, dt_sub = 0.0005
2024-09-05 05:16:04,087 INFO =====> Epoch: 86
2024-09-05 05:16:04,088 INFO =====> Loss: 59.32787322998047
2024-09-05 05:16:04,088 INFO =====> Grad: [-4.0091223e+03  8.0799668e+03  3.6384119e-04 -5.8907432e+03
  2.4259090e-05]
2024-09-05 05:16:04,088 INFO =====> Num. aborted data so far: 2
2024-09-05 05:16:04,376 INFO ===> New TaichiEnv created.
2024-09-05 05:16:04,376 INFO ===> Specifications: horizon = 600, dt = 0.01, n_substeps = 20, dt_sub = 0.0005
2024-09-05 05:17:38,974 INFO =====> Epoch: 87
2024-09-05 05:17:38,974 INFO =====> Loss: 59.3638801574707
2024-09-05 05:17:38,974 INFO =====> Grad: [-3.8084750e+04  3.9174867e+04  4.3401116e-04  5.2920752e+02
  7.6293945e-06]
2024-09-05 05:17:38,974 INFO =====> Num. aborted data so far: 2
2024-09-05 05:17:39,265 INFO ===> New TaichiEnv created.
2024-09-05 05:17:39,266 INFO ===> Specifications: horizon = 600, dt = 0.01, n_substeps = 20, dt_sub = 0.0005
2024-09-05 05:19:16,406 INFO =====> Epoch: 88
2024-09-05 05:19:16,406 INFO =====> Loss: 59.393489837646484
2024-09-05 05:19:16,406 INFO =====> Grad: [-3.0946721e+03  2.3763928e+03  3.7052581e-05  4.2654561e+03
  4.1198730e-04]
2024-09-05 05:19:16,406 INFO =====> Num. aborted data so far: 2
2024-09-05 05:19:16,700 INFO ===> New TaichiEnv created.
2024-09-05 05:19:16,700 INFO ===> Specifications: horizon = 600, dt = 0.01, n_substeps = 20, dt_sub = 0.0005
2024-09-05 05:20:59,480 INFO =====> Epoch: 89
2024-09-05 05:20:59,480 INFO =====> Loss: 59.4073600769043
2024-09-05 05:20:59,480 INFO =====> Grad: [ 1.1286028e+04 -6.0716431e+03 -2.0452832e-04 -4.3300388e+02
  6.4849854e-05]
2024-09-05 05:20:59,480 INFO =====> Num. aborted data so far: 2
2024-09-05 05:20:59,771 INFO ===> New TaichiEnv created.
2024-09-05 05:20:59,771 INFO ===> Specifications: horizon = 600, dt = 0.01, n_substeps = 20, dt_sub = 0.0005
2024-09-05 05:22:34,729 INFO =====> Epoch: 90
2024-09-05 05:22:34,729 INFO =====> Loss: 59.39546585083008
2024-09-05 05:22:34,729 INFO =====> Grad: [ 3.7107546e+03 -2.6242395e+03 -7.0900103e-05  5.3622699e+02
  5.9127808e-05]
2024-09-05 05:22:34,729 INFO =====> Num. aborted data so far: 2
2024-09-05 05:22:35,016 INFO ===> New TaichiEnv created.
2024-09-05 05:22:35,016 INFO ===> Specifications: horizon = 600, dt = 0.01, n_substeps = 20, dt_sub = 0.0005
2024-09-05 05:24:06,532 INFO =====> Epoch: 91
2024-09-05 05:24:06,532 INFO =====> Loss: 59.47230911254883
2024-09-05 05:24:06,533 INFO =====> Grad: [-1.0533284e+04  1.2602861e+04 -9.8245167e-05 -1.6665118e+03
  4.4822693e-05]
2024-09-05 05:24:06,533 INFO =====> Num. aborted data so far: 2
2024-09-05 05:24:06,820 INFO ===> New TaichiEnv created.
2024-09-05 05:24:06,820 INFO ===> Specifications: horizon = 600, dt = 0.01, n_substeps = 20, dt_sub = 0.0005
2024-09-05 05:25:39,990 INFO =====> Epoch: 92
2024-09-05 05:25:39,991 INFO =====> Loss: 59.459388732910156
2024-09-05 05:25:39,991 INFO =====> Grad: [-1.57494226e+03  1.75983765e+03  4.38081159e-04 -9.87014954e+02
 -1.02996826e-04]
2024-09-05 05:25:39,991 INFO =====> Num. aborted data so far: 2
2024-09-05 05:25:40,281 INFO ===> New TaichiEnv created.
2024-09-05 05:25:40,281 INFO ===> Specifications: horizon = 600, dt = 0.01, n_substeps = 20, dt_sub = 0.0005
2024-09-05 05:27:21,924 INFO =====> Epoch: 93
2024-09-05 05:27:21,924 INFO =====> Loss: 59.41431427001953
2024-09-05 05:27:21,924 INFO =====> Grad: [-2.4509985e+03  1.3670813e+03  4.7958882e-05 -1.5307285e+02
 -1.6689301e-05]
2024-09-05 05:27:21,924 INFO =====> Num. aborted data so far: 2
2024-09-05 05:27:22,217 INFO ===> New TaichiEnv created.
2024-09-05 05:27:22,217 INFO ===> Specifications: horizon = 600, dt = 0.01, n_substeps = 20, dt_sub = 0.0005
2024-09-05 05:29:11,269 INFO =====> Epoch: 94
2024-09-05 05:29:11,269 INFO =====> Loss: 59.37635040283203
2024-09-05 05:29:11,269 INFO =====> Grad: [ 2.8741760e+00 -3.2267466e-01 -3.2570711e-08  2.1731997e+00
  1.1175871e-07]
2024-09-05 05:29:11,270 INFO =====> Num. aborted data so far: 2
2024-09-05 05:29:11,566 INFO ===> New TaichiEnv created.
2024-09-05 05:29:11,566 INFO ===> Specifications: horizon = 600, dt = 0.01, n_substeps = 20, dt_sub = 0.0005
2024-09-05 05:30:53,711 INFO =====> Epoch: 95
2024-09-05 05:30:53,711 INFO =====> Loss: 59.49329376220703
2024-09-05 05:30:53,711 INFO =====> Grad: [ 6.0489805e+03 -3.4942148e+03  4.4842767e-05  1.5321350e+03
  8.3923340e-05]
2024-09-05 05:30:53,711 INFO =====> Num. aborted data so far: 2
2024-09-05 05:30:54,005 INFO ===> New TaichiEnv created.
2024-09-05 05:30:54,005 INFO ===> Specifications: horizon = 600, dt = 0.01, n_substeps = 20, dt_sub = 0.0005
2024-09-05 05:32:27,583 INFO =====> Epoch: 96
2024-09-05 05:32:27,583 INFO =====> Loss: 59.39539337158203
2024-09-05 05:32:27,583 INFO =====> Grad: [-3.3354058e+03  2.6896582e+03 -1.3562269e-05  3.4926981e+02
 -7.8007579e-06]
2024-09-05 05:32:27,583 INFO =====> Num. aborted data so far: 2
2024-09-05 05:32:27,874 INFO ===> New TaichiEnv created.
2024-09-05 05:32:27,875 INFO ===> Specifications: horizon = 600, dt = 0.01, n_substeps = 20, dt_sub = 0.0005
2024-09-05 05:34:10,020 INFO =====> Epoch: 97
2024-09-05 05:34:10,020 INFO =====> Loss: 59.40685272216797
2024-09-05 05:34:10,027 INFO =====> Grad: [-3.3213863e+04  2.9178746e+04 -1.1361626e-03 -1.4944820e+04
  3.8146973e-04]
2024-09-05 05:34:10,027 INFO =====> Num. aborted data so far: 2
2024-09-05 05:34:10,324 INFO ===> New TaichiEnv created.
2024-09-05 05:34:10,324 INFO ===> Specifications: horizon = 600, dt = 0.01, n_substeps = 20, dt_sub = 0.0005
2024-09-05 05:35:58,896 INFO =====> Epoch: 98
2024-09-05 05:35:58,896 INFO =====> Loss: 59.374420166015625
2024-09-05 05:35:58,896 INFO =====> Grad: [-3.5987154e-02  6.3599467e-02 -5.0627085e-09  1.0080570e-01
  1.0244548e-08]
2024-09-05 05:35:58,896 INFO =====> Num. aborted data so far: 2
2024-09-05 05:35:59,198 INFO ===> New TaichiEnv created.
2024-09-05 05:35:59,198 INFO ===> Specifications: horizon = 600, dt = 0.01, n_substeps = 20, dt_sub = 0.0005
2024-09-05 05:37:53,452 INFO =====> Epoch: 99
2024-09-05 05:37:53,452 INFO =====> Loss: 59.467750549316406
2024-09-05 05:37:53,459 INFO =====> Grad: [-2.6634729e+00 -4.5632470e-01  1.0206789e-07  2.7523649e+00
  1.9371510e-07]
2024-09-05 05:37:53,459 INFO =====> Num. aborted data so far: 2
2024-09-05 05:37:53,756 INFO ===> New TaichiEnv created.
2024-09-05 05:37:53,756 INFO ===> Specifications: horizon = 600, dt = 0.01, n_substeps = 20, dt_sub = 0.0005
2024-09-05 05:39:40,335 INFO =====> Epoch: 100
2024-09-05 05:39:40,336 INFO =====> Loss: 59.393165588378906
2024-09-05 05:39:40,336 INFO =====> Grad: [ 1.5429507e-01  8.0763534e-02 -4.4407806e-09  1.5399545e-01
  5.5879354e-09]
2024-09-05 05:39:40,336 INFO =====> Num. aborted data so far: 2
2024-09-05 05:39:40,629 INFO ===> New TaichiEnv created.
2024-09-05 05:39:40,629 INFO ===> Specifications: horizon = 600, dt = 0.01, n_substeps = 20, dt_sub = 0.0005
2024-09-05 05:41:33,352 INFO =====> Epoch: 101
2024-09-05 05:41:33,352 INFO =====> Loss: 59.46694564819336
2024-09-05 05:41:33,352 INFO =====> Grad: [-2.6634729e+00 -4.1234481e-01  2.5370323e-08  3.0278442e+00
  2.1234155e-07]
2024-09-05 05:41:33,352 INFO =====> Num. aborted data so far: 2
2024-09-05 05:41:33,649 INFO ===> New TaichiEnv created.
2024-09-05 05:41:33,649 INFO ===> Specifications: horizon = 600, dt = 0.01, n_substeps = 20, dt_sub = 0.0005
2024-09-05 05:43:19,357 INFO =====> Epoch: 102
2024-09-05 05:43:19,357 INFO =====> Loss: 59.47303009033203
2024-09-05 05:43:19,358 INFO =====> Grad: [-2.7558682e+00 -3.4516507e-01  2.5656448e-08  3.0935936e+00
 -1.0430813e-07]
2024-09-05 05:43:19,358 INFO =====> Num. aborted data so far: 2
2024-09-05 05:43:19,653 INFO ===> New TaichiEnv created.
2024-09-05 05:43:19,653 INFO ===> Specifications: horizon = 600, dt = 0.01, n_substeps = 20, dt_sub = 0.0005
2024-09-05 05:44:59,932 INFO =====> Epoch: 103
2024-09-05 05:44:59,932 INFO =====> Loss: 59.532962799072266
2024-09-05 05:44:59,933 INFO =====> Grad: [ 3.2325234e+03  1.1625217e+04 -5.2529783e-04 -9.6860137e+03
 -3.3569336e-04]
2024-09-05 05:44:59,933 INFO =====> Num. aborted data so far: 2
2024-09-05 05:45:00,226 INFO ===> New TaichiEnv created.
2024-09-05 05:45:00,226 INFO ===> Specifications: horizon = 600, dt = 0.01, n_substeps = 20, dt_sub = 0.0005
2024-09-05 05:46:46,947 INFO =====> Epoch: 104
2024-09-05 05:46:46,947 INFO =====> Loss: 59.39316177368164
2024-09-05 05:46:46,947 INFO =====> Grad: [-2.7558682e+00 -3.4516507e-01 -3.7045144e-08  3.3227484e+00
 -6.7055225e-08]
2024-09-05 05:46:46,947 INFO =====> Num. aborted data so far: 2
2024-09-05 05:46:47,246 INFO ===> New TaichiEnv created.
2024-09-05 05:46:47,247 INFO ===> Specifications: horizon = 600, dt = 0.01, n_substeps = 20, dt_sub = 0.0005
2024-09-05 05:48:27,920 INFO =====> Epoch: 105
2024-09-05 05:48:27,920 INFO =====> Loss: 59.371376037597656
2024-09-05 05:48:27,920 INFO =====> Grad: [ 9.5823262e+03 -1.7226068e+04  3.0143454e-04 -1.2619558e+03
  2.6702881e-05]
2024-09-05 05:48:27,920 INFO =====> Num. aborted data so far: 2
2024-09-05 05:48:28,218 INFO ===> New TaichiEnv created.
2024-09-05 05:48:28,218 INFO ===> Specifications: horizon = 600, dt = 0.01, n_substeps = 20, dt_sub = 0.0005
2024-09-05 05:50:00,488 INFO =====> Epoch: 106
2024-09-05 05:50:00,488 INFO =====> Loss: 59.46976089477539
2024-09-05 05:50:00,488 INFO =====> Grad: [ 2.4980770e+05  5.9169340e+04  2.0691091e-03 -9.4096865e+03
 -5.6457520e-04]
2024-09-05 05:50:00,488 INFO =====> Num. aborted data so far: 2
2024-09-05 05:50:00,778 INFO ===> New TaichiEnv created.
2024-09-05 05:50:00,778 INFO ===> Specifications: horizon = 600, dt = 0.01, n_substeps = 20, dt_sub = 0.0005
2024-09-05 05:51:42,153 INFO =====> Epoch: 107
2024-09-05 05:51:42,153 INFO =====> Loss: 59.38747024536133
2024-09-05 05:51:42,154 INFO =====> Grad: [-8.8366443e+02  3.7094287e+03 -1.7954534e-04 -1.1142994e+03
  1.4305115e-05]
2024-09-05 05:51:42,154 INFO =====> Num. aborted data so far: 2
2024-09-05 05:51:42,452 INFO ===> New TaichiEnv created.
2024-09-05 05:51:42,452 INFO ===> Specifications: horizon = 600, dt = 0.01, n_substeps = 20, dt_sub = 0.0005
2024-09-05 05:53:29,630 INFO =====> Epoch: 108
2024-09-05 05:53:29,630 INFO =====> Loss: 59.393089294433594
2024-09-05 05:53:29,630 INFO =====> Grad: [-2.7558682e+00 -3.4516507e-01 -5.2420450e-08  2.9298801e+00
  1.4901161e-08]
2024-09-05 05:53:29,630 INFO =====> Num. aborted data so far: 2
2024-09-05 05:53:29,922 INFO ===> New TaichiEnv created.
2024-09-05 05:53:29,923 INFO ===> Specifications: horizon = 600, dt = 0.01, n_substeps = 20, dt_sub = 0.0005
2024-09-05 05:55:09,650 INFO =====> Epoch: 109
2024-09-05 05:55:09,650 INFO =====> Loss: 59.37406539916992
2024-09-05 05:55:09,650 INFO =====> Grad: [-3.1751830e+04 -1.4738514e+04 -2.8483153e-03  3.6529226e+03
  3.8146973e-05]
2024-09-05 05:55:09,650 INFO =====> Num. aborted data so far: 2
2024-09-05 05:55:09,945 INFO ===> New TaichiEnv created.
2024-09-05 05:55:09,945 INFO ===> Specifications: horizon = 600, dt = 0.01, n_substeps = 20, dt_sub = 0.0005
2024-09-05 05:56:43,467 INFO =====> Epoch: 110
2024-09-05 05:56:43,467 INFO =====> Loss: 59.87113571166992
2024-09-05 05:56:43,467 INFO =====> Grad: [ 1.4995750e+03  1.3428469e+03 -8.4385814e-05  3.6171133e+03
 -1.5258789e-05]
2024-09-05 05:56:43,467 INFO =====> Num. aborted data so far: 2
2024-09-05 05:56:43,761 INFO ===> New TaichiEnv created.
2024-09-05 05:56:43,761 INFO ===> Specifications: horizon = 600, dt = 0.01, n_substeps = 20, dt_sub = 0.0005
2024-09-05 05:58:25,456 INFO =====> Epoch: 111
2024-09-05 05:58:25,456 INFO =====> Loss: 59.52422332763672
2024-09-05 05:58:25,456 INFO =====> Grad: [-5.3139168e+04  2.6801045e+04 -1.9552449e-03 -1.1528063e+04
 -5.1879883e-04]
2024-09-05 05:58:25,456 INFO =====> Num. aborted data so far: 2
2024-09-05 05:58:25,748 INFO ===> New TaichiEnv created.
2024-09-05 05:58:25,748 INFO ===> Specifications: horizon = 600, dt = 0.01, n_substeps = 20, dt_sub = 0.0005
2024-09-05 06:00:13,383 INFO =====> Epoch: 112
2024-09-05 06:00:13,383 INFO =====> Loss: 59.30784606933594
2024-09-05 06:00:13,383 INFO =====> Grad: [-3.0365727e+00 -4.8220226e-01 -1.9827873e-08  1.8415283e+03
 -6.1035156e-05]
2024-09-05 06:00:13,383 INFO =====> Num. aborted data so far: 2
2024-09-05 06:00:13,678 INFO ===> New TaichiEnv created.
2024-09-05 06:00:13,678 INFO ===> Specifications: horizon = 600, dt = 0.01, n_substeps = 20, dt_sub = 0.0005
2024-09-05 06:01:56,985 INFO =====> Epoch: 113
2024-09-05 06:01:56,986 INFO =====> Loss: 59.856380462646484
2024-09-05 06:01:56,986 INFO =====> Grad: [-1.0634041e+03 -1.1514033e+03 -1.6791084e-05  2.7045061e+03
  7.6293945e-06]
2024-09-05 06:01:56,986 INFO =====> Num. aborted data so far: 2
2024-09-05 06:01:57,279 INFO ===> New TaichiEnv created.
2024-09-05 06:01:57,279 INFO ===> Specifications: horizon = 600, dt = 0.01, n_substeps = 20, dt_sub = 0.0005
2024-09-05 06:03:35,290 INFO =====> Epoch: 114
2024-09-05 06:03:35,290 INFO =====> Loss: 61.020652770996094
2024-09-05 06:03:35,290 INFO =====> Grad: [ 2.43952979e+03  2.16388770e+03  1.10787005e-05 -1.72358069e+03
 -7.62939453e-05]
2024-09-05 06:03:35,290 INFO =====> Num. aborted data so far: 2
2024-09-05 06:03:35,585 INFO ===> New TaichiEnv created.
2024-09-05 06:03:35,585 INFO ===> Specifications: horizon = 600, dt = 0.01, n_substeps = 20, dt_sub = 0.0005
2024-09-05 06:05:18,847 INFO =====> Epoch: 115
2024-09-05 06:05:18,848 INFO =====> Loss: 59.85639572143555
2024-09-05 06:05:18,848 INFO =====> Grad: [ 4.8573740e+03 -4.7618740e+03  1.0975980e-03  5.1605967e+03
  8.2397461e-04]
2024-09-05 06:05:18,848 INFO =====> Num. aborted data so far: 2
2024-09-05 06:05:19,142 INFO ===> New TaichiEnv created.
2024-09-05 06:05:19,142 INFO ===> Specifications: horizon = 600, dt = 0.01, n_substeps = 20, dt_sub = 0.0005
2024-09-05 06:06:56,465 INFO =====> Epoch: 116
2024-09-05 06:06:56,466 INFO =====> Loss: 61.21537780761719
2024-09-05 06:06:56,466 INFO =====> Grad: [-1.4915482e+02 -2.8438750e+03 -7.5226271e-04  2.1315168e+01
 -3.8146973e-04]
2024-09-05 06:06:56,466 INFO =====> Num. aborted data so far: 2
2024-09-05 06:06:56,761 INFO ===> New TaichiEnv created.
2024-09-05 06:06:56,761 INFO ===> Specifications: horizon = 600, dt = 0.01, n_substeps = 20, dt_sub = 0.0005
2024-09-05 06:08:33,492 INFO =====> Epoch: 117
2024-09-05 06:08:33,492 INFO =====> Loss: 60.928035736083984
2024-09-05 06:08:33,493 INFO =====> Grad: [-3.1027981e+01  9.9244037e+02  2.1401182e-04  2.0554619e+03
  7.0571899e-05]
2024-09-05 06:08:33,493 INFO =====> Num. aborted data so far: 2
2024-09-05 06:08:33,786 INFO ===> New TaichiEnv created.
2024-09-05 06:08:33,786 INFO ===> Specifications: horizon = 600, dt = 0.01, n_substeps = 20, dt_sub = 0.0005
2024-09-05 06:10:10,189 INFO =====> Epoch: 118
2024-09-05 06:10:10,189 INFO =====> Loss: 60.97896194458008
2024-09-05 06:10:10,189 INFO =====> Grad: [ 6.1527462e+01  4.8324199e+03  6.1056926e-05 -5.9033051e+02
  3.3378601e-05]
2024-09-05 06:10:10,189 INFO =====> Num. aborted data so far: 2
2024-09-05 06:10:10,482 INFO ===> New TaichiEnv created.
2024-09-05 06:10:10,482 INFO ===> Specifications: horizon = 600, dt = 0.01, n_substeps = 20, dt_sub = 0.0005
2024-09-05 06:11:50,763 INFO =====> Epoch: 119
2024-09-05 06:11:50,763 INFO =====> Loss: 59.76679992675781
2024-09-05 06:11:50,763 INFO =====> Grad: [-3.83289459e+02 -6.47302673e+02  5.87647901e-06 -1.47165991e+03
  1.18255615e-04]
2024-09-05 06:11:50,763 INFO =====> Num. aborted data so far: 2
2024-09-05 06:11:51,057 INFO ===> New TaichiEnv created.
2024-09-05 06:11:51,057 INFO ===> Specifications: horizon = 600, dt = 0.01, n_substeps = 20, dt_sub = 0.0005
2024-09-05 06:13:26,021 INFO =====> Epoch: 120
2024-09-05 06:13:26,021 INFO =====> Loss: 60.81591796875
2024-09-05 06:13:26,021 INFO =====> Grad: [ 1.29274805e+03  2.36301123e+03  1.10138775e-04  4.44992627e+03
 -6.10351562e-05]
2024-09-05 06:13:26,021 INFO =====> Num. aborted data so far: 2
2024-09-05 06:13:26,314 INFO ===> New TaichiEnv created.
2024-09-05 06:13:26,315 INFO ===> Specifications: horizon = 600, dt = 0.01, n_substeps = 20, dt_sub = 0.0005
2024-09-05 06:15:05,464 INFO =====> Epoch: 121
2024-09-05 06:15:05,464 INFO =====> Loss: 59.289825439453125
2024-09-05 06:15:05,464 INFO =====> Grad: [ 3.6755679e+02  1.8077223e+02  3.0294512e-05 -1.8227812e+03
  6.0081482e-05]
2024-09-05 06:15:05,464 INFO =====> Num. aborted data so far: 2
2024-09-05 06:15:05,760 INFO ===> New TaichiEnv created.
2024-09-05 06:15:05,760 INFO ===> Specifications: horizon = 600, dt = 0.01, n_substeps = 20, dt_sub = 0.0005
2024-09-05 06:16:51,225 INFO =====> Epoch: 122
2024-09-05 06:16:51,225 INFO =====> Loss: 59.3887939453125
2024-09-05 06:16:51,225 INFO =====> Grad: [ 1.49145871e-01  1.03944734e-01 -3.19557114e-09  2.47341931e-01
 -1.02445483e-08]
2024-09-05 06:16:51,225 INFO =====> Num. aborted data so far: 2
2024-09-05 06:16:51,528 INFO ===> New TaichiEnv created.
2024-09-05 06:16:51,528 INFO ===> Specifications: horizon = 600, dt = 0.01, n_substeps = 20, dt_sub = 0.0005
2024-09-05 06:18:44,856 INFO =====> Epoch: 123
2024-09-05 06:18:44,856 INFO =====> Loss: 59.46904373168945
2024-09-05 06:18:44,856 INFO =====> Grad: [ 1.5586120e-01  6.7703314e-02 -3.7673775e-09  2.7429640e-01
  5.1222742e-09]
2024-09-05 06:18:44,856 INFO =====> Num. aborted data so far: 2
2024-09-05 06:18:45,153 INFO ===> New TaichiEnv created.
2024-09-05 06:18:45,153 INFO ===> Specifications: horizon = 600, dt = 0.01, n_substeps = 20, dt_sub = 0.0005
2024-09-05 06:20:44,519 INFO =====> Epoch: 124
2024-09-05 06:20:44,519 INFO =====> Loss: 59.4919548034668
2024-09-05 06:20:44,519 INFO =====> Grad: [1.6196343e-01 4.3826848e-02 2.7366256e-09 2.9495704e-01 3.3527613e-08]
2024-09-05 06:20:44,519 INFO =====> Num. aborted data so far: 2
2024-09-05 06:20:44,818 INFO ===> New TaichiEnv created.
2024-09-05 06:20:44,818 INFO ===> Specifications: horizon = 600, dt = 0.01, n_substeps = 20, dt_sub = 0.0005
2024-09-05 06:22:51,055 INFO =====> Epoch: 125
2024-09-05 06:22:51,056 INFO =====> Loss: 59.55413818359375
2024-09-05 06:22:51,056 INFO =====> Grad: [ 1.6765134e-01  2.4576295e-02 -3.9578412e-09  3.0237043e-01
  1.3969839e-08]
2024-09-05 06:22:51,056 INFO =====> Num. aborted data so far: 2
2024-09-05 06:22:51,359 INFO ===> New TaichiEnv created.
2024-09-05 06:22:51,359 INFO ===> Specifications: horizon = 600, dt = 0.01, n_substeps = 20, dt_sub = 0.0005
2024-09-05 06:25:02,818 INFO =====> Epoch: 126
2024-09-05 06:25:02,818 INFO =====> Loss: 59.465606689453125
2024-09-05 06:25:02,818 INFO =====> Grad: [-5.0829131e-02  8.8456469e-03  1.0380968e-09  3.0663732e-01
 -7.9162419e-09]
2024-09-05 06:25:02,818 INFO =====> Num. aborted data so far: 2
2024-09-05 06:25:03,124 INFO ===> New TaichiEnv created.
2024-09-05 06:25:03,124 INFO ===> Specifications: horizon = 600, dt = 0.01, n_substeps = 20, dt_sub = 0.0005
2024-09-05 06:27:22,124 INFO =====> Epoch: 127
2024-09-05 06:27:22,124 INFO =====> Loss: 59.63960266113281
2024-09-05 06:27:22,124 INFO =====> Grad: [-1.24545364e+02  1.07308678e+02  4.63259948e-06 -5.57382812e+02
  5.58793545e-09]
2024-09-05 06:27:22,124 INFO =====> Num. aborted data so far: 2
2024-09-05 06:27:22,437 INFO ===> New TaichiEnv created.
2024-09-05 06:27:22,437 INFO ===> Specifications: horizon = 600, dt = 0.01, n_substeps = 20, dt_sub = 0.0005
2024-09-05 06:29:47,379 INFO =====> Epoch: 128
2024-09-05 06:29:47,379 INFO =====> Loss: 59.656166076660156
2024-09-05 06:29:47,380 INFO =====> Grad: [-2.2257648e+00 -5.6419241e-01 -4.6822208e-08  3.5014303e+00
  1.8626451e-09]
2024-09-05 06:29:47,380 INFO =====> Num. aborted data so far: 2
2024-09-05 06:29:47,696 INFO ===> New TaichiEnv created.
2024-09-05 06:29:47,697 INFO ===> Specifications: horizon = 600, dt = 0.01, n_substeps = 20, dt_sub = 0.0005
2024-09-05 06:32:06,625 INFO =====> Epoch: 129
2024-09-05 06:32:06,625 INFO =====> Loss: 59.65531539916992
2024-09-05 06:32:06,625 INFO =====> Grad: [ 5.3976849e+02  3.4061270e+02 -8.2620863e-06 -1.5882382e+03
 -3.9339066e-06]
2024-09-05 06:32:06,625 INFO =====> Num. aborted data so far: 2
2024-09-05 06:32:06,940 INFO ===> New TaichiEnv created.
2024-09-05 06:32:06,940 INFO ===> Specifications: horizon = 600, dt = 0.01, n_substeps = 20, dt_sub = 0.0005
2024-09-05 06:34:33,430 INFO =====> Epoch: 130
2024-09-05 06:34:33,430 INFO =====> Loss: 59.64945983886719
2024-09-05 06:34:33,430 INFO =====> Grad: [-2.2257648e+00 -6.2526321e-01  2.2609566e-08  3.7073965e+00
 -1.8626451e-08]
2024-09-05 06:34:33,430 INFO =====> Num. aborted data so far: 2
2024-09-05 06:34:33,749 INFO ===> New TaichiEnv created.
2024-09-05 06:34:33,749 INFO ===> Specifications: horizon = 600, dt = 0.01, n_substeps = 20, dt_sub = 0.0005
2024-09-05 06:36:53,926 INFO =====> Epoch: 131
2024-09-05 06:36:53,926 INFO =====> Loss: 59.659114837646484
2024-09-05 06:36:53,926 INFO =====> Grad: [ 1.5169825e+03  7.2435303e+02  1.3101979e-05 -4.2779858e+03
 -6.6757202e-06]
2024-09-05 06:36:53,926 INFO =====> Num. aborted data so far: 2
2024-09-05 06:36:54,244 INFO ===> New TaichiEnv created.
2024-09-05 06:36:54,244 INFO ===> Specifications: horizon = 600, dt = 0.01, n_substeps = 20, dt_sub = 0.0005
2024-09-05 06:39:22,059 INFO =====> Epoch: 132
2024-09-05 06:39:22,060 INFO =====> Loss: 59.655941009521484
2024-09-05 06:39:22,060 INFO =====> Grad: [ 1.7775173e-01  1.0684280e-02  3.5358089e-10  3.4875861e-01
 -1.6763806e-08]
2024-09-05 06:39:22,060 INFO =====> Num. aborted data so far: 2
2024-09-05 06:39:22,381 INFO ===> New TaichiEnv created.
2024-09-05 06:39:22,381 INFO ===> Specifications: horizon = 600, dt = 0.01, n_substeps = 20, dt_sub = 0.0005
2024-09-05 06:41:56,647 INFO =====> Epoch: 133
2024-09-05 06:41:56,647 INFO =====> Loss: 59.640201568603516
2024-09-05 06:41:56,648 INFO =====> Grad: [-2.1362112e+00 -5.9574145e-01 -2.3382292e-08  4.0777874e+00
 -6.9849193e-09]
2024-09-05 06:41:56,648 INFO =====> Num. aborted data so far: 2
2024-09-05 06:41:56,971 INFO ===> New TaichiEnv created.
2024-09-05 06:41:56,972 INFO ===> Specifications: horizon = 600, dt = 0.01, n_substeps = 20, dt_sub = 0.0005
2024-09-05 06:44:25,182 INFO =====> Epoch: 134
2024-09-05 06:44:25,182 INFO =====> Loss: 59.64942169189453
2024-09-05 06:44:25,182 INFO =====> Grad: [-2.2257650e+00 -6.2526345e-01 -1.0334778e-08  4.1469021e+00
 -7.4505806e-09]
2024-09-05 06:44:25,182 INFO =====> Num. aborted data so far: 2
2024-09-05 06:44:25,504 INFO ===> New TaichiEnv created.
2024-09-05 06:44:25,504 INFO ===> Specifications: horizon = 600, dt = 0.01, n_substeps = 20, dt_sub = 0.0005
2024-09-05 06:46:47,637 INFO =====> Epoch: 135
2024-09-05 06:46:47,637 INFO =====> Loss: 59.65092468261719
2024-09-05 06:46:47,637 INFO =====> Grad: [-2.3946980e+03 -1.1946250e+03 -4.1221789e-05  8.1724434e+03
  1.0967255e-05]
2024-09-05 06:46:47,637 INFO =====> Num. aborted data so far: 2
2024-09-05 06:46:47,958 INFO ===> New TaichiEnv created.
2024-09-05 06:46:47,958 INFO ===> Specifications: horizon = 600, dt = 0.01, n_substeps = 20, dt_sub = 0.0005
2024-09-05 06:49:02,250 INFO =====> Epoch: 136
2024-09-05 06:49:02,250 INFO =====> Loss: 59.618309020996094
2024-09-05 06:49:02,250 INFO =====> Grad: [ 1.1557641e+00 -9.4893646e+01 -2.3205621e-06  2.3007062e+02
  1.0710210e-08]
2024-09-05 06:49:02,250 INFO =====> Num. aborted data so far: 2
2024-09-05 06:49:02,567 INFO ===> New TaichiEnv created.
2024-09-05 06:49:02,567 INFO ===> Specifications: horizon = 600, dt = 0.01, n_substeps = 20, dt_sub = 0.0005
2024-09-05 06:51:08,865 INFO =====> Epoch: 137
2024-09-05 06:51:08,865 INFO =====> Loss: 59.39139938354492
2024-09-05 06:51:08,865 INFO =====> Grad: [ 3.4828860e+03  2.8012927e+03 -1.1332799e-04 -1.9336098e+04
 -6.6757202e-06]
2024-09-05 06:51:08,865 INFO =====> Num. aborted data so far: 2
2024-09-05 06:51:09,182 INFO ===> New TaichiEnv created.
2024-09-05 06:51:09,182 INFO ===> Specifications: horizon = 600, dt = 0.01, n_substeps = 20, dt_sub = 0.0005
2024-09-05 06:53:24,642 INFO =====> Epoch: 138
2024-09-05 06:53:24,642 INFO =====> Loss: 59.637603759765625
2024-09-05 06:53:24,642 INFO =====> Grad: [-2.4013953e+00 -6.6215181e-01  1.6937019e-08  4.1193290e+00
 -2.9802322e-08]
2024-09-05 06:53:24,642 INFO =====> Num. aborted data so far: 2
2024-09-05 06:53:24,951 INFO ===> New TaichiEnv created.
2024-09-05 06:53:24,951 INFO ===> Specifications: horizon = 600, dt = 0.01, n_substeps = 20, dt_sub = 0.0005
2024-09-05 06:55:33,469 INFO =====> Epoch: 139
2024-09-05 06:55:33,469 INFO =====> Loss: 59.471065521240234
2024-09-05 06:55:33,470 INFO =====> Grad: [ 9.9323604e+03 -4.5154629e+04 -2.9395544e-04  2.9843078e+05
 -1.0244548e-08]
2024-09-05 06:55:33,470 INFO =====> Num. aborted data so far: 2
2024-09-05 06:55:33,776 INFO ===> New TaichiEnv created.
2024-09-05 06:55:33,776 INFO ===> Specifications: horizon = 600, dt = 0.01, n_substeps = 20, dt_sub = 0.0005
2024-09-05 06:57:34,995 INFO =====> Epoch: 140
2024-09-05 06:57:34,996 INFO =====> Loss: 59.29228591918945
2024-09-05 06:57:34,996 INFO =====> Grad: [-3.38364307e+03 -1.78104565e+03  1.05218205e-05  1.20291396e+04
 -1.04904175e-05]
2024-09-05 06:57:34,996 INFO =====> Num. aborted data so far: 2
2024-09-05 06:57:35,301 INFO ===> New TaichiEnv created.
2024-09-05 06:57:35,301 INFO ===> Specifications: horizon = 600, dt = 0.01, n_substeps = 20, dt_sub = 0.0005
2024-09-05 06:59:31,205 INFO =====> Epoch: 141
2024-09-05 06:59:31,205 INFO =====> Loss: 59.054500579833984
2024-09-05 06:59:31,205 INFO =====> Grad: [-2.5576196e+03 -8.6226776e+02 -5.4779994e-06  6.5494897e+03
 -4.6566129e-09]
2024-09-05 06:59:31,205 INFO =====> Num. aborted data so far: 2
2024-09-05 06:59:31,512 INFO ===> New TaichiEnv created.
2024-09-05 06:59:31,513 INFO ===> Specifications: horizon = 600, dt = 0.01, n_substeps = 20, dt_sub = 0.0005
2024-09-05 07:01:18,881 INFO =====> Epoch: 142
2024-09-05 07:01:18,882 INFO =====> Loss: 58.39891052246094
2024-09-05 07:01:18,882 INFO =====> Grad: [-1.6067138e+04  1.4285923e+04 -5.5678422e-04 -1.6916450e+05
  1.2207031e-04]
2024-09-05 07:01:18,882 INFO =====> Num. aborted data so far: 2
2024-09-05 07:01:19,180 INFO ===> New TaichiEnv created.
2024-09-05 07:01:19,180 INFO ===> Specifications: horizon = 600, dt = 0.01, n_substeps = 20, dt_sub = 0.0005
2024-09-05 07:03:15,603 INFO =====> Epoch: 143
2024-09-05 07:03:15,603 INFO =====> Loss: 59.30510711669922
2024-09-05 07:03:15,603 INFO =====> Grad: [-5.0262441e+03  1.1306254e+04  3.1031872e-04 -3.5598960e+03
  4.3487549e-04]
2024-09-05 07:03:15,603 INFO =====> Num. aborted data so far: 2
2024-09-05 07:03:15,908 INFO ===> New TaichiEnv created.
2024-09-05 07:03:15,908 INFO ===> Specifications: horizon = 600, dt = 0.01, n_substeps = 20, dt_sub = 0.0005
2024-09-05 07:05:18,095 INFO =====> Epoch: 144
2024-09-05 07:05:18,095 INFO =====> Loss: 59.463138580322266
2024-09-05 07:05:18,095 INFO =====> Grad: [ 1.5395470e-01  5.7502523e-02  3.5133598e-09  3.4808540e-01
 -9.3132257e-09]
2024-09-05 07:05:18,095 INFO =====> Num. aborted data so far: 2
2024-09-05 07:05:18,393 INFO ===> New TaichiEnv created.
2024-09-05 07:05:18,393 INFO ===> Specifications: horizon = 600, dt = 0.01, n_substeps = 20, dt_sub = 0.0005
2024-09-05 07:07:28,512 INFO =====> Epoch: 145
2024-09-05 07:07:28,512 INFO =====> Loss: 59.53357696533203
2024-09-05 07:07:28,512 INFO =====> Grad: [ 1.6044393e-01  3.5206724e-02  6.4534489e-11  3.7884524e-01
 -1.6763806e-08]
2024-09-05 07:07:28,512 INFO =====> Num. aborted data so far: 2
2024-09-05 07:07:28,818 INFO ===> New TaichiEnv created.
2024-09-05 07:07:28,818 INFO ===> Specifications: horizon = 600, dt = 0.01, n_substeps = 20, dt_sub = 0.0005
2024-09-05 07:09:45,662 INFO =====> Epoch: 146
2024-09-05 07:09:45,663 INFO =====> Loss: 59.62517547607422
2024-09-05 07:09:45,663 INFO =====> Grad: [-2.2446297e+01  3.2778143e+02 -4.9701184e-06 -1.6323025e+03
 -2.7939677e-09]
2024-09-05 07:09:45,663 INFO =====> Num. aborted data so far: 2
2024-09-05 07:09:45,974 INFO ===> New TaichiEnv created.
2024-09-05 07:09:45,974 INFO ===> Specifications: horizon = 600, dt = 0.01, n_substeps = 20, dt_sub = 0.0005
2024-09-05 07:12:10,576 INFO =====> Epoch: 147
2024-09-05 07:12:10,576 INFO =====> Loss: 59.61907958984375
2024-09-05 07:12:10,576 INFO =====> Grad: [-2.3181903e+00 -7.5083959e-01 -6.8996115e-09  4.4626069e+00
  1.6763806e-08]
2024-09-05 07:12:10,576 INFO =====> Num. aborted data so far: 2
2024-09-05 07:12:10,889 INFO ===> New TaichiEnv created.
2024-09-05 07:12:10,889 INFO ===> Specifications: horizon = 600, dt = 0.01, n_substeps = 20, dt_sub = 0.0005
2024-09-05 07:14:27,551 ERROR ===> [Warning] Aborting epoch: 148
2024-09-05 07:14:27,551 ERROR ===> [Warning] Particle has nan or inf: False
2024-09-05 07:14:27,551 ERROR ===> [Warning] Strange loss or gradient.
2024-09-05 07:14:27,551 ERROR ===> [Warning] Skill params: [ 0.2841669  -0.55963886 -0.01255997 -1.          0.27369624]
2024-09-05 07:14:27,552 ERROR ===> [Warning] Skill params grad: [-1.3988250e+06 -8.0339338e+05  4.0777005e-02  4.7472250e+06
  9.3132257e-10]
2024-09-05 07:14:27,552 ERROR ===> [Warning] Loss info: {'particle_has_naninf': False, 'height_map_loss': 48.67047119140625, 'emd_loss': 59.639137268066406, 'total_loss': 59.639137268066406}
2024-09-05 07:14:27,552 INFO =====> Epoch: 148
2024-09-05 07:14:27,552 INFO =====> Loss: 59.639137268066406
2024-09-05 07:14:27,552 INFO =====> Grad: [-1.3988250e+06 -8.0339338e+05  4.0777005e-02  4.7472250e+06
  9.3132257e-10]
2024-09-05 07:14:27,552 INFO =====> Num. aborted data so far: 3
2024-09-05 07:14:27,858 INFO ===> New TaichiEnv created.
2024-09-05 07:14:27,858 INFO ===> Specifications: horizon = 600, dt = 0.01, n_substeps = 20, dt_sub = 0.0005
2024-09-05 07:16:44,360 ERROR ===> [Warning] Aborting epoch: 149
2024-09-05 07:16:44,360 ERROR ===> [Warning] Particle has nan or inf: False
2024-09-05 07:16:44,360 ERROR ===> [Warning] Strange loss or gradient.
2024-09-05 07:16:44,360 ERROR ===> [Warning] Skill params: [ 0.2841669  -0.55963886 -0.01255997 -1.          0.27369624]
2024-09-05 07:16:44,360 ERROR ===> [Warning] Skill params grad: [-1.7356925e+06 -9.9662744e+05 -1.4685910e-02  5.8891470e+06
  9.3132257e-10]
2024-09-05 07:16:44,360 ERROR ===> [Warning] Loss info: {'particle_has_naninf': False, 'height_map_loss': 48.67049789428711, 'emd_loss': 59.639102935791016, 'total_loss': 59.639102935791016}
2024-09-05 07:16:44,360 INFO =====> Epoch: 149
2024-09-05 07:16:44,360 INFO =====> Loss: 59.639102935791016
2024-09-05 07:16:44,360 INFO =====> Grad: [-1.7356925e+06 -9.9662744e+05 -1.4685910e-02  5.8891470e+06
  9.3132257e-10]
2024-09-05 07:16:44,360 INFO =====> Num. aborted data so far: 4
2024-09-05 07:16:44,362 INFO ====> Finished training.
