2025-05-27 18:23:13,668 INFO =====> Skill params: [ 0.02364325  0.90092736 -0.71168077  0.8972989  -0.37633708]
2025-05-27 18:23:13,668 INFO =====> Grad: [-2995.1746    696.90515    66.77643 -1108.7714   -252.15234]
2025-05-27 18:23:13,668 INFO =====> Num. aborted data so far: 0
2025-05-27 18:23:13,669 INFO ===========> Epoch: 0 optimisation losses
2025-05-27 18:23:13,669 INFO =====> EMD Loss: 15.517459
2025-05-27 18:23:13,669 INFO =====> Height map loss: 7.368748
2025-05-27 18:23:24,881 INFO ==> EMD Loss: 15.543000
2025-05-27 18:23:24,881 INFO ==> Height map loss:  7.328790
2025-05-27 18:23:35,681 INFO ==> EMD Loss: 15.356039
2025-05-27 18:23:35,681 INFO ==> Height map loss:  7.053997
2025-05-27 18:23:46,342 INFO ==> EMD Loss: 15.283235
2025-05-27 18:23:46,342 INFO ==> Height map loss:  6.742355
2025-05-27 18:23:56,814 INFO ==> EMD Loss: 15.174938
2025-05-27 18:23:56,815 INFO ==> Height map loss:  6.542054
2025-05-27 18:24:07,184 INFO ==> EMD Loss: 14.783997
2025-05-27 18:24:07,184 INFO ==> Height map loss:  6.481224
2025-05-27 18:24:32,574 INFO =====> Skill params: [ 0.21337992  0.7111907  -0.90141743  1.         -0.18660042]
2025-05-27 18:24:32,574 INFO =====> Grad: [-2910.7998    -352.2882     -17.237684 -1672.233     -279.42294 ]
2025-05-27 18:24:32,581 INFO =====> Num. aborted data so far: 0
2025-05-27 18:24:32,582 INFO ===========> Epoch: 1 optimisation losses
2025-05-27 18:24:32,582 INFO =====> EMD Loss: 14.840370
2025-05-27 18:24:32,582 INFO =====> Height map loss: 6.472404
2025-05-27 18:24:43,050 INFO ==> EMD Loss: 14.857756
2025-05-27 18:24:43,050 INFO ==> Height map loss:  6.481627
2025-05-27 18:24:53,564 INFO ==> EMD Loss: 14.806916
2025-05-27 18:24:53,564 INFO ==> Height map loss:  6.466516
2025-05-27 18:25:04,147 INFO ==> EMD Loss: 14.864847
2025-05-27 18:25:04,147 INFO ==> Height map loss:  6.481633
2025-05-27 18:25:14,950 INFO ==> EMD Loss: 15.254571
2025-05-27 18:25:14,950 INFO ==> Height map loss:  6.521541
2025-05-27 18:25:25,794 INFO ==> EMD Loss: 15.239476
2025-05-27 18:25:25,794 INFO ==> Height map loss:  6.614182
2025-05-27 18:25:51,749 INFO =====> Skill params: [ 0.24732272  0.73349684 -0.8889632   1.         -0.15056707]
2025-05-27 18:25:51,749 INFO =====> Grad: [1888.7955   445.74478  424.20068 -300.4986  1138.3058 ]
2025-05-27 18:25:51,749 INFO =====> Num. aborted data so far: 0
2025-05-27 18:25:51,750 INFO ===========> Epoch: 2 optimisation losses
2025-05-27 18:25:51,750 INFO =====> EMD Loss: 14.794049
2025-05-27 18:25:51,750 INFO =====> Height map loss: 6.460098
2025-05-27 18:26:02,428 INFO ==> EMD Loss: 14.789439
2025-05-27 18:26:02,428 INFO ==> Height map loss:  6.461058
2025-05-27 18:26:12,763 INFO ==> EMD Loss: 14.848559
2025-05-27 18:26:12,763 INFO ==> Height map loss:  6.444239
2025-05-27 18:26:23,082 INFO ==> EMD Loss: 14.894123
2025-05-27 18:26:23,083 INFO ==> Height map loss:  6.456296
2025-05-27 18:26:33,067 INFO ==> EMD Loss: 14.819687
2025-05-27 18:26:33,067 INFO ==> Height map loss:  6.462920
2025-05-27 18:26:43,021 INFO ==> EMD Loss: 14.741397
2025-05-27 18:26:43,021 INFO ==> Height map loss:  6.502301
2025-05-27 18:27:08,418 INFO =====> Skill params: [ 0.22646989  0.7082935  -0.9358942   1.         -0.1959181 ]
2025-05-27 18:27:08,418 INFO =====> Grad: [-2917.2969   -338.86874     0.      -1132.6199   -443.64304]
2025-05-27 18:27:08,418 INFO =====> Num. aborted data so far: 0
2025-05-27 18:27:08,419 INFO ===========> Epoch: 3 optimisation losses
2025-05-27 18:27:08,419 INFO =====> EMD Loss: 14.821542
2025-05-27 18:27:08,419 INFO =====> Height map loss: 6.463967
2025-05-27 18:27:18,939 INFO ==> EMD Loss: 14.842672
2025-05-27 18:27:18,939 INFO ==> Height map loss:  6.451385
2025-05-27 18:27:29,457 INFO ==> EMD Loss: 14.835782
2025-05-27 18:27:29,457 INFO ==> Height map loss:  6.453693
2025-05-27 18:27:40,178 INFO ==> EMD Loss: 14.876125
2025-05-27 18:27:40,178 INFO ==> Height map loss:  6.451275
2025-05-27 18:27:50,767 INFO ==> EMD Loss: 14.981721
2025-05-27 18:27:50,767 INFO ==> Height map loss:  6.457875
2025-05-27 18:28:01,607 INFO ==> EMD Loss: 15.040652
2025-05-27 18:28:01,608 INFO ==> Height map loss:  6.507231
2025-05-27 18:28:27,636 INFO =====> Skill params: [ 0.28168467  0.7454584  -0.9358942   1.         -0.16123517]
2025-05-27 18:28:27,636 INFO =====> Grad: [-2928.99     -235.08607     0.      -1695.5656   -263.9025 ]
2025-05-27 18:28:27,636 INFO =====> Num. aborted data so far: 0
2025-05-27 18:28:27,637 INFO ===========> Epoch: 4 optimisation losses
2025-05-27 18:28:27,637 INFO =====> EMD Loss: 14.875099
2025-05-27 18:28:27,637 INFO =====> Height map loss: 6.446173
2025-05-27 18:28:38,214 INFO ==> EMD Loss: 14.897221
2025-05-27 18:28:38,214 INFO ==> Height map loss:  6.458408
2025-05-27 18:28:49,026 INFO ==> EMD Loss: 14.936687
2025-05-27 18:28:49,026 INFO ==> Height map loss:  6.432417
2025-05-27 18:28:59,730 INFO ==> EMD Loss: 15.004770
2025-05-27 18:28:59,730 INFO ==> Height map loss:  6.479973
2025-05-27 18:29:10,762 INFO ==> EMD Loss: 15.196136
2025-05-27 18:29:10,762 INFO ==> Height map loss:  6.518202
2025-05-27 18:29:21,543 INFO ==> EMD Loss: 15.225167
2025-05-27 18:29:21,543 INFO ==> Height map loss:  6.510038
2025-05-27 18:29:47,884 INFO =====> Skill params: [ 0.30656153  0.7585216  -0.9358942   1.         -0.15063645]
2025-05-27 18:29:47,884 INFO =====> Grad: [-2927.6902   -147.1604      0.       -542.18866  1282.2164 ]
2025-05-27 18:29:47,884 INFO =====> Num. aborted data so far: 0
2025-05-27 18:29:47,885 INFO ===========> Epoch: 5 optimisation losses
2025-05-27 18:29:47,885 INFO =====> EMD Loss: 14.928033
2025-05-27 18:29:47,885 INFO =====> Height map loss: 6.431397
2025-05-27 18:29:58,783 INFO ==> EMD Loss: 14.940609
2025-05-27 18:29:58,783 INFO ==> Height map loss:  6.437703
2025-05-27 18:30:09,550 INFO ==> EMD Loss: 15.022770
2025-05-27 18:30:09,550 INFO ==> Height map loss:  6.442051
2025-05-27 18:30:20,407 INFO ==> EMD Loss: 15.172097
2025-05-27 18:30:20,407 INFO ==> Height map loss:  6.418063
2025-05-27 18:30:31,075 INFO ==> EMD Loss: 14.926336
2025-05-27 18:30:31,075 INFO ==> Height map loss:  6.442217
2025-05-27 18:30:41,787 INFO ==> EMD Loss: 14.879968
2025-05-27 18:30:41,787 INFO ==> Height map loss:  6.364744
2025-05-27 18:31:08,156 INFO =====> Skill params: [ 0.3983272   0.79244494 -0.9358942   1.         -0.29350856]
2025-05-27 18:31:08,156 INFO =====> Grad: [-2882.9597    236.61476     0.      -1582.8342   -366.0256 ]
2025-05-27 18:31:08,156 INFO =====> Num. aborted data so far: 0
2025-05-27 18:31:08,157 INFO ===========> Epoch: 6 optimisation losses
2025-05-27 18:31:08,157 INFO =====> EMD Loss: 14.868270
2025-05-27 18:31:08,157 INFO =====> Height map loss: 6.378662
2025-05-27 18:31:18,870 INFO ==> EMD Loss: 14.835901
2025-05-27 18:31:18,871 INFO ==> Height map loss:  6.391938
2025-05-27 18:31:29,625 INFO ==> EMD Loss: 15.031937
2025-05-27 18:31:29,625 INFO ==> Height map loss:  6.358578
2025-05-27 18:31:40,182 INFO ==> EMD Loss: 14.962459
2025-05-27 18:31:40,182 INFO ==> Height map loss:  6.356194
2025-05-27 18:31:50,964 INFO ==> EMD Loss: 15.060432
2025-05-27 18:31:50,964 INFO ==> Height map loss:  6.362644
2025-05-27 18:32:01,385 INFO ==> EMD Loss: 14.820254
2025-05-27 18:32:01,385 INFO ==> Height map loss:  6.427330
2025-05-27 18:32:27,382 INFO =====> Skill params: [ 0.44089058  0.764933   -0.9358942   1.         -0.27254453]
2025-05-27 18:32:27,382 INFO =====> Grad: [ 2855.736    -916.62335     0.        322.60257 -1312.454  ]
2025-05-27 18:32:27,382 INFO =====> Num. aborted data so far: 0
2025-05-27 18:32:27,383 INFO ===========> Epoch: 7 optimisation losses
2025-05-27 18:32:27,383 INFO =====> EMD Loss: 14.923079
2025-05-27 18:32:27,383 INFO =====> Height map loss: 6.338345
2025-05-27 18:32:38,086 INFO ==> EMD Loss: 15.012103
2025-05-27 18:32:38,086 INFO ==> Height map loss:  6.355679
2025-05-27 18:32:49,054 INFO ==> EMD Loss: 15.008853
2025-05-27 18:32:49,054 INFO ==> Height map loss:  6.380260
2025-05-27 18:33:00,098 INFO ==> EMD Loss: 15.328222
2025-05-27 18:33:00,098 INFO ==> Height map loss:  6.477688
2025-05-27 18:33:11,381 INFO ==> EMD Loss: 15.355117
2025-05-27 18:33:11,381 INFO ==> Height map loss:  6.605464
2025-05-27 18:33:22,627 INFO ==> EMD Loss: 15.278737
2025-05-27 18:33:22,627 INFO ==> Height map loss:  6.662501
2025-05-27 18:33:48,791 INFO =====> Skill params: [ 0.43686607  0.7721812  -0.9358942   0.99889433 -0.26646307]
2025-05-27 18:33:48,791 INFO =====> Grad: [2831.8271  -582.1753     0.      1215.4406  -227.23575]
2025-05-27 18:33:48,791 INFO =====> Num. aborted data so far: 0
2025-05-27 18:33:48,792 INFO ===========> Epoch: 8 optimisation losses
2025-05-27 18:33:48,792 INFO =====> EMD Loss: 15.028987
2025-05-27 18:33:48,792 INFO =====> Height map loss: 6.353642
2025-05-27 18:33:59,645 INFO ==> EMD Loss: 14.887548
2025-05-27 18:33:59,645 INFO ==> Height map loss:  6.318729
2025-05-27 18:34:10,388 INFO ==> EMD Loss: 14.785897
2025-05-27 18:34:10,388 INFO ==> Height map loss:  6.366465
2025-05-27 18:34:21,350 INFO ==> EMD Loss: 15.074978
2025-05-27 18:34:21,350 INFO ==> Height map loss:  6.411123
2025-05-27 18:34:32,290 INFO ==> EMD Loss: 14.994222
2025-05-27 18:34:32,290 INFO ==> Height map loss:  6.523034
2025-05-27 18:34:43,369 INFO ==> EMD Loss: 15.036517
2025-05-27 18:34:43,369 INFO ==> Height map loss:  6.493886
2025-05-27 18:35:09,430 INFO =====> Skill params: [ 0.4330205   0.7765014  -0.9358942   0.99490947 -0.2653607 ]
2025-05-27 18:35:09,430 INFO =====> Grad: [-2872.4663    841.06335     0.      -1625.395    -358.73868]
2025-05-27 18:35:09,430 INFO =====> Num. aborted data so far: 0
2025-05-27 18:35:09,430 INFO ===========> Epoch: 9 optimisation losses
2025-05-27 18:35:09,431 INFO =====> EMD Loss: 14.873924
2025-05-27 18:35:09,431 INFO =====> Height map loss: 6.320632
2025-05-27 18:35:20,342 INFO ==> EMD Loss: 15.024265
2025-05-27 18:35:20,342 INFO ==> Height map loss:  6.353104
2025-05-27 18:35:30,896 INFO ==> EMD Loss: 14.928670
2025-05-27 18:35:30,896 INFO ==> Height map loss:  6.341829
2025-05-27 18:35:41,478 INFO ==> EMD Loss: 14.745097
2025-05-27 18:35:41,478 INFO ==> Height map loss:  6.430995
2025-05-27 18:35:51,768 INFO ==> EMD Loss: 14.743614
2025-05-27 18:35:51,768 INFO ==> Height map loss:  6.436022
2025-05-27 18:36:02,080 INFO ==> EMD Loss: 14.784191
2025-05-27 18:36:02,080 INFO ==> Height map loss:  6.511800
2025-05-27 18:36:27,691 INFO =====> Skill params: [ 0.45188373  0.74947035 -0.9358942   1.         -0.25635526]
2025-05-27 18:36:27,691 INFO =====> Grad: [-2851.2834   -278.74893     0.      -1635.9822   -366.0256 ]
2025-05-27 18:36:27,698 INFO =====> Num. aborted data so far: 0
2025-05-27 18:36:27,698 INFO ===========> Epoch: 10 optimisation losses
2025-05-27 18:36:27,698 INFO =====> EMD Loss: 15.021084
2025-05-27 18:36:27,698 INFO =====> Height map loss: 6.349490
2025-05-27 18:36:38,458 INFO ==> EMD Loss: 14.962730
2025-05-27 18:36:38,458 INFO ==> Height map loss:  6.378215
2025-05-27 18:36:49,245 INFO ==> EMD Loss: 15.077615
2025-05-27 18:36:49,245 INFO ==> Height map loss:  6.375295
2025-05-27 18:36:59,898 INFO ==> EMD Loss: 15.013954
2025-05-27 18:36:59,898 INFO ==> Height map loss:  6.390511
2025-05-27 18:37:10,728 INFO ==> EMD Loss: 15.027694
2025-05-27 18:37:10,728 INFO ==> Height map loss:  6.357718
2025-05-27 18:37:21,362 INFO ==> EMD Loss: 15.033368
2025-05-27 18:37:21,362 INFO ==> Height map loss:  6.376378
2025-05-27 18:37:47,711 INFO =====> Skill params: [ 0.5065511   0.7772551  -0.9358942   1.         -0.22788641]
2025-05-27 18:37:47,711 INFO =====> Grad: [-2843.704     450.37332     0.       -451.3448   1287.3656 ]
2025-05-27 18:37:47,718 INFO =====> Num. aborted data so far: 0
2025-05-27 18:37:47,718 INFO ===========> Epoch: 11 optimisation losses
2025-05-27 18:37:47,718 INFO =====> EMD Loss: 15.041194
2025-05-27 18:37:47,718 INFO =====> Height map loss: 6.359385
2025-05-27 18:37:58,443 INFO ==> EMD Loss: 15.009917
2025-05-27 18:37:58,443 INFO ==> Height map loss:  6.361188
2025-05-27 18:38:09,211 INFO ==> EMD Loss: 14.985023
2025-05-27 18:38:09,212 INFO ==> Height map loss:  6.383830
2025-05-27 18:38:19,656 INFO ==> EMD Loss: 14.861507
2025-05-27 18:38:19,656 INFO ==> Height map loss:  6.433993
2025-05-27 18:38:30,229 INFO ==> EMD Loss: 14.947935
2025-05-27 18:38:30,230 INFO ==> Height map loss:  6.437354
2025-05-27 18:38:40,587 INFO ==> EMD Loss: 14.844019
2025-05-27 18:38:40,587 INFO ==> Height map loss:  6.529948
2025-05-27 18:39:07,003 INFO =====> Skill params: [ 0.5101037   0.7742616  -0.9358942   1.         -0.23353794]
2025-05-27 18:39:07,003 INFO =====> Grad: [-2022.7059   -449.25626     0.        834.9564   -516.2936 ]
2025-05-27 18:39:07,003 INFO =====> Num. aborted data so far: 0
2025-05-27 18:39:07,004 INFO ===========> Epoch: 12 optimisation losses
2025-05-27 18:39:07,004 INFO =====> EMD Loss: 15.014446
2025-05-27 18:39:07,004 INFO =====> Height map loss: 6.367648
2025-05-27 18:39:17,695 INFO ==> EMD Loss: 15.037189
2025-05-27 18:39:17,695 INFO ==> Height map loss:  6.358287
2025-05-27 18:39:28,699 INFO ==> EMD Loss: 15.025484
2025-05-27 18:39:28,699 INFO ==> Height map loss:  6.388069
2025-05-27 18:39:39,639 INFO ==> EMD Loss: 15.122323
2025-05-27 18:39:39,639 INFO ==> Height map loss:  6.369507
2025-05-27 18:39:50,718 INFO ==> EMD Loss: 15.015027
2025-05-27 18:39:50,718 INFO ==> Height map loss:  6.371450
2025-05-27 18:40:01,686 INFO ==> EMD Loss: 15.045419
2025-05-27 18:40:01,686 INFO ==> Height map loss:  6.320704
2025-05-27 18:40:29,209 INFO =====> Skill params: [ 0.5613933   0.83401084 -0.9358942   0.9510351  -0.18720214]
2025-05-27 18:40:29,210 INFO =====> Grad: [2844.2744  -597.34106    0.       246.0339   589.40924]
2025-05-27 18:40:29,210 INFO =====> Num. aborted data so far: 0
2025-05-27 18:40:29,210 INFO ===========> Epoch: 13 optimisation losses
2025-05-27 18:40:29,210 INFO =====> EMD Loss: 15.017667
2025-05-27 18:40:29,210 INFO =====> Height map loss: 6.324065
2025-05-27 18:40:43,228 INFO ==> EMD Loss: 14.962718
2025-05-27 18:40:43,228 INFO ==> Height map loss:  6.307861
2025-05-27 18:40:54,600 INFO ==> EMD Loss: 14.880873
2025-05-27 18:40:54,600 INFO ==> Height map loss:  6.312112
2025-05-27 18:41:05,880 INFO ==> EMD Loss: 15.066359
2025-05-27 18:41:05,880 INFO ==> Height map loss:  6.365160
2025-05-27 18:41:17,304 INFO ==> EMD Loss: 15.151764
2025-05-27 18:41:17,305 INFO ==> Height map loss:  6.410033
2025-05-27 18:41:28,524 INFO ==> EMD Loss: 15.124150
2025-05-27 18:41:28,524 INFO ==> Height map loss:  6.546683
2025-05-27 18:41:56,059 INFO =====> Skill params: [ 0.55786484  0.8378414  -0.9358942   0.9502771  -0.18987699]
2025-05-27 18:41:56,059 INFO =====> Grad: [2833.2788  -169.24701    0.      1752.8743   294.43317]
2025-05-27 18:41:56,059 INFO =====> Num. aborted data so far: 0
2025-05-27 18:41:56,060 INFO ===========> Epoch: 14 optimisation losses
2025-05-27 18:41:56,060 INFO =====> EMD Loss: 14.975242
2025-05-27 18:41:56,060 INFO =====> Height map loss: 6.318209
2025-05-27 18:42:07,142 INFO ==> EMD Loss: 15.027296
2025-05-27 18:42:07,142 INFO ==> Height map loss:  6.314548
2025-05-27 18:42:18,371 INFO ==> EMD Loss: 14.957691
2025-05-27 18:42:18,371 INFO ==> Height map loss:  6.364906
2025-05-27 18:42:29,503 INFO ==> EMD Loss: 14.839277
2025-05-27 18:42:29,504 INFO ==> Height map loss:  6.392018
2025-05-27 18:42:40,752 INFO ==> EMD Loss: 14.884960
2025-05-27 18:42:40,752 INFO ==> Height map loss:  6.462210
2025-05-27 18:42:51,792 INFO ==> EMD Loss: 14.948010
2025-05-27 18:42:51,792 INFO ==> Height map loss:  6.532507
2025-05-27 18:43:19,427 INFO =====> Skill params: [ 0.55441374  0.8389772  -0.9358942   0.9453958  -0.19127019]
2025-05-27 18:43:19,427 INFO =====> Grad: [2830.8225  -247.86995    0.      1386.8562   211.42747]
2025-05-27 18:43:19,427 INFO =====> Num. aborted data so far: 0
2025-05-27 18:43:19,428 INFO ===========> Epoch: 15 optimisation losses
2025-05-27 18:43:19,428 INFO =====> EMD Loss: 14.965157
2025-05-27 18:43:19,428 INFO =====> Height map loss: 6.294949
2025-05-27 18:43:30,538 INFO ==> EMD Loss: 15.043164
2025-05-27 18:43:30,538 INFO ==> Height map loss:  6.325303
2025-05-27 18:43:41,797 INFO ==> EMD Loss: 15.022197
2025-05-27 18:43:41,797 INFO ==> Height map loss:  6.385220
2025-05-27 18:43:52,903 INFO ==> EMD Loss: 14.860385
2025-05-27 18:43:52,903 INFO ==> Height map loss:  6.370299
2025-05-27 18:44:04,270 INFO ==> EMD Loss: 14.847324
2025-05-27 18:44:04,270 INFO ==> Height map loss:  6.453451
2025-05-27 18:44:15,369 INFO ==> EMD Loss: 14.954847
2025-05-27 18:44:15,370 INFO ==> Height map loss:  6.531299
2025-05-27 18:44:42,962 INFO =====> Skill params: [ 0.55101967  0.84070146 -0.9358942   0.9416548  -0.19231828]
2025-05-27 18:44:42,963 INFO =====> Grad: [-2826.4978    283.06573     0.      -1329.9752    162.58026]
2025-05-27 18:44:42,963 INFO =====> Num. aborted data so far: 0
2025-05-27 18:44:42,964 INFO ===========> Epoch: 16 optimisation losses
2025-05-27 18:44:42,964 INFO =====> EMD Loss: 15.044291
2025-05-27 18:44:42,964 INFO =====> Height map loss: 6.324622
2025-05-27 18:44:54,109 INFO ==> EMD Loss: 15.017761
2025-05-27 18:44:54,109 INFO ==> Height map loss:  6.313527
2025-05-27 18:45:05,423 INFO ==> EMD Loss: 15.109122
2025-05-27 18:45:05,424 INFO ==> Height map loss:  6.362043
2025-05-27 18:45:16,386 INFO ==> EMD Loss: 15.025572
2025-05-27 18:45:16,386 INFO ==> Height map loss:  6.348071
2025-05-27 18:45:27,354 INFO ==> EMD Loss: 15.038715
2025-05-27 18:45:27,354 INFO ==> Height map loss:  6.445312
2025-05-27 18:45:38,113 INFO ==> EMD Loss: 15.083368
2025-05-27 18:45:38,113 INFO ==> Height map loss:  6.513083
2025-05-27 18:46:05,675 INFO =====> Skill params: [ 0.5543627   0.8386739  -0.9358942   0.9451676  -0.19316442]
2025-05-27 18:46:05,675 INFO =====> Grad: [-2831.7979    926.8014      0.      -1750.0784   -287.02792]
2025-05-27 18:46:05,675 INFO =====> Num. aborted data so far: 0
2025-05-27 18:46:05,676 INFO ===========> Epoch: 17 optimisation losses
2025-05-27 18:46:05,676 INFO =====> EMD Loss: 14.963372
2025-05-27 18:46:05,676 INFO =====> Height map loss: 6.294285
2025-05-27 18:46:16,772 INFO ==> EMD Loss: 14.847486
2025-05-27 18:46:16,772 INFO ==> Height map loss:  6.306618
2025-05-27 18:46:27,829 INFO ==> EMD Loss: 15.010262
2025-05-27 18:46:27,829 INFO ==> Height map loss:  6.359020
2025-05-27 18:46:38,660 INFO ==> EMD Loss: 15.185602
2025-05-27 18:46:38,660 INFO ==> Height map loss:  6.544011
2025-05-27 18:46:49,205 INFO ==> EMD Loss: 15.158612
2025-05-27 18:46:49,206 INFO ==> Height map loss:  6.616642
2025-05-27 18:46:59,910 INFO ==> EMD Loss: 15.123041
2025-05-27 18:46:59,911 INFO ==> Height map loss:  6.695654
2025-05-27 18:47:27,683 INFO =====> Skill params: [ 0.5576715   0.8330424  -0.9358942   0.9495018  -0.19161102]
2025-05-27 18:47:27,684 INFO =====> Grad: [-2848.6023    779.0554      0.       -335.79684  1365.2938 ]
2025-05-27 18:47:27,684 INFO =====> Num. aborted data so far: 0
2025-05-27 18:47:27,684 INFO ===========> Epoch: 18 optimisation losses
2025-05-27 18:47:27,684 INFO =====> EMD Loss: 14.989964
2025-05-27 18:47:27,684 INFO =====> Height map loss: 6.307369
2025-05-27 18:47:38,782 INFO ==> EMD Loss: 14.984506
2025-05-27 18:47:38,782 INFO ==> Height map loss:  6.313780
2025-05-27 18:47:49,805 INFO ==> EMD Loss: 15.003799
2025-05-27 18:47:49,805 INFO ==> Height map loss:  6.346411
2025-05-27 18:48:00,569 INFO ==> EMD Loss: 14.818034
2025-05-27 18:48:00,569 INFO ==> Height map loss:  6.398757
2025-05-27 18:48:11,243 INFO ==> EMD Loss: 14.803996
2025-05-27 18:48:11,243 INFO ==> Height map loss:  6.474777
2025-05-27 18:48:21,709 INFO ==> EMD Loss: 14.813311
2025-05-27 18:48:21,709 INFO ==> Height map loss:  6.510966
2025-05-27 18:48:49,158 INFO =====> Skill params: [ 0.56096214  0.8286262  -0.9358942   0.9503747  -0.19763081]
2025-05-27 18:48:49,158 INFO =====> Grad: [2811.4783  -309.6658     0.      1648.3428   302.89877]
2025-05-27 18:48:49,158 INFO =====> Num. aborted data so far: 0
2025-05-27 18:48:49,159 INFO ===========> Epoch: 19 optimisation losses
2025-05-27 18:48:49,159 INFO =====> EMD Loss: 14.982408
2025-05-27 18:48:49,159 INFO =====> Height map loss: 6.317553
2025-05-27 18:49:00,243 INFO ==> EMD Loss: 14.989128
2025-05-27 18:49:00,244 INFO ==> Height map loss:  6.307429
2025-05-27 18:49:11,560 INFO ==> EMD Loss: 14.997261
2025-05-27 18:49:11,560 INFO ==> Height map loss:  6.337074
2025-05-27 18:49:22,560 INFO ==> EMD Loss: 14.809000
2025-05-27 18:49:22,560 INFO ==> Height map loss:  6.386949
2025-05-27 18:49:33,627 INFO ==> EMD Loss: 14.845052
2025-05-27 18:49:33,627 INFO ==> Height map loss:  6.433279
2025-05-27 18:49:45,017 INFO ==> EMD Loss: 14.937851
2025-05-27 18:49:45,017 INFO ==> Height map loss:  6.517473
2025-05-27 18:49:56,122 INFO ===========> Finished training.
2025-05-27 18:49:56,122 INFO ====> Final EMD Loss: 14.989827
2025-05-27 18:49:56,122 INFO ====> Final Height map loss: 6.307339
2025-05-27 18:49:56,122 INFO ====> Final skill params: [ 0.55774194  0.8304423  -0.9358942   0.9462967  -0.19902332]
