2024-12-10 08:41:27,280 DEBUG loaded <trimesh.Trimesh(vertices.shape=(916, 3), faces.shape=(856, 3))> using `load_obj` in 0.0029s
2024-12-10 08:41:27,425 DEBUG loaded <trimesh.Trimesh(vertices.shape=(48, 3), faces.shape=(28, 3))> using `load_obj` in 0.0007s
2024-12-10 08:41:48,811 INFO =====> Skill params: [ 1.    0.45  0.8   0.   -0.1 ]
2024-12-10 08:41:48,811 INFO =====> Grad: [ 2.4347344e+03 -5.1688599e+02 -1.8981600e-05  1.0346521e+03
 -1.0728865e-05]
2024-12-10 08:41:48,811 INFO =====> Num. aborted data so far: 0
2024-12-10 08:41:48,819 INFO ===========> Epoch: 0 optimisation losses
2024-12-10 08:41:48,819 INFO =====> EMD Loss: 20.825439
2024-12-10 08:41:48,819 INFO =====> Height map loss: 11.298241
2024-12-10 08:41:48,819 INFO =====> Insertion loss: 0.000000
2024-12-10 08:41:49,253 DEBUG loaded <trimesh.Trimesh(vertices.shape=(916, 3), faces.shape=(856, 3))> using `load_obj` in 0.0028s
2024-12-10 08:41:49,401 DEBUG loaded <trimesh.Trimesh(vertices.shape=(48, 3), faces.shape=(28, 3))> using `load_obj` in 0.0007s
2024-12-10 08:41:57,176 INFO ==> EMD Loss: 20.836264
2024-12-10 08:41:57,176 INFO ==> Height map loss:  11.394132
2024-12-10 08:41:57,176 INFO ==> Insertion loss: 0.000000
2024-12-10 08:41:57,828 DEBUG loaded <trimesh.Trimesh(vertices.shape=(916, 3), faces.shape=(856, 3))> using `load_obj` in 0.0030s
2024-12-10 08:41:57,978 DEBUG loaded <trimesh.Trimesh(vertices.shape=(48, 3), faces.shape=(28, 3))> using `load_obj` in 0.0007s
2024-12-10 08:42:05,990 INFO ==> EMD Loss: 20.397623
2024-12-10 08:42:05,990 INFO ==> Height map loss:  11.040277
2024-12-10 08:42:05,990 INFO ==> Insertion loss: 0.000000
2024-12-10 08:42:06,625 DEBUG loaded <trimesh.Trimesh(vertices.shape=(916, 3), faces.shape=(856, 3))> using `load_obj` in 0.0029s
2024-12-10 08:42:06,776 DEBUG loaded <trimesh.Trimesh(vertices.shape=(48, 3), faces.shape=(28, 3))> using `load_obj` in 0.0007s
2024-12-10 08:42:14,845 INFO ==> EMD Loss: 19.818884
2024-12-10 08:42:14,845 INFO ==> Height map loss:  10.330867
2024-12-10 08:42:14,845 INFO ==> Insertion loss: 0.000000
2024-12-10 08:42:15,474 DEBUG loaded <trimesh.Trimesh(vertices.shape=(916, 3), faces.shape=(856, 3))> using `load_obj` in 0.0030s
2024-12-10 08:42:15,622 DEBUG loaded <trimesh.Trimesh(vertices.shape=(48, 3), faces.shape=(28, 3))> using `load_obj` in 0.0007s
2024-12-10 08:42:23,789 INFO ==> EMD Loss: 18.790953
2024-12-10 08:42:23,789 INFO ==> Height map loss:  9.469700
2024-12-10 08:42:23,789 INFO ==> Insertion loss: 0.000000
2024-12-10 08:42:24,414 DEBUG loaded <trimesh.Trimesh(vertices.shape=(916, 3), faces.shape=(856, 3))> using `load_obj` in 0.0029s
2024-12-10 08:42:24,564 DEBUG loaded <trimesh.Trimesh(vertices.shape=(48, 3), faces.shape=(28, 3))> using `load_obj` in 0.0007s
2024-12-10 08:42:32,869 INFO ==> EMD Loss: 18.001295
2024-12-10 08:42:32,869 INFO ==> Height map loss:  8.689769
2024-12-10 08:42:32,869 INFO ==> Insertion loss: 0.000000
2024-12-10 08:42:33,492 DEBUG loaded <trimesh.Trimesh(vertices.shape=(916, 3), faces.shape=(856, 3))> using `load_obj` in 0.0029s
2024-12-10 08:42:33,641 DEBUG loaded <trimesh.Trimesh(vertices.shape=(48, 3), faces.shape=(28, 3))> using `load_obj` in 0.0007s
2024-12-10 08:42:57,460 INFO =====> Skill params: [ 0.8735089   0.5764911   0.80798656 -0.1264911  -0.09547968]
2024-12-10 08:42:57,461 INFO =====> Grad: [ 1.8570708e+03 -1.0927074e+03 -7.3392694e-06 -3.6777191e+02
  1.7580871e-06]
2024-12-10 08:42:57,461 INFO =====> Num. aborted data so far: 0
2024-12-10 08:42:57,469 INFO ===========> Epoch: 1 optimisation losses
2024-12-10 08:42:57,469 INFO =====> EMD Loss: 18.001148
2024-12-10 08:42:57,469 INFO =====> Height map loss: 8.689683
2024-12-10 08:42:57,469 INFO =====> Insertion loss: 0.000000
2024-12-10 08:42:57,873 DEBUG loaded <trimesh.Trimesh(vertices.shape=(916, 3), faces.shape=(856, 3))> using `load_obj` in 0.0028s
2024-12-10 08:42:58,017 DEBUG loaded <trimesh.Trimesh(vertices.shape=(48, 3), faces.shape=(28, 3))> using `load_obj` in 0.0007s
2024-12-10 08:43:06,097 INFO ==> EMD Loss: 17.974987
2024-12-10 08:43:06,097 INFO ==> Height map loss:  8.578637
2024-12-10 08:43:06,097 INFO ==> Insertion loss: 0.000000
2024-12-10 08:43:06,720 DEBUG loaded <trimesh.Trimesh(vertices.shape=(916, 3), faces.shape=(856, 3))> using `load_obj` in 0.0029s
2024-12-10 08:43:06,870 DEBUG loaded <trimesh.Trimesh(vertices.shape=(48, 3), faces.shape=(28, 3))> using `load_obj` in 0.0007s
2024-12-10 08:43:15,309 INFO ==> EMD Loss: 17.879423
2024-12-10 08:43:15,309 INFO ==> Height map loss:  8.238887
2024-12-10 08:43:15,309 INFO ==> Insertion loss: 0.000000
2024-12-10 08:43:15,931 DEBUG loaded <trimesh.Trimesh(vertices.shape=(916, 3), faces.shape=(856, 3))> using `load_obj` in 0.0029s
2024-12-10 08:43:16,081 DEBUG loaded <trimesh.Trimesh(vertices.shape=(48, 3), faces.shape=(28, 3))> using `load_obj` in 0.0007s
2024-12-10 08:43:24,652 INFO ==> EMD Loss: 17.440313
2024-12-10 08:43:24,652 INFO ==> Height map loss:  7.626230
2024-12-10 08:43:24,652 INFO ==> Insertion loss: 0.000000
2024-12-10 08:43:25,269 DEBUG loaded <trimesh.Trimesh(vertices.shape=(916, 3), faces.shape=(856, 3))> using `load_obj` in 0.0029s
2024-12-10 08:43:25,416 DEBUG loaded <trimesh.Trimesh(vertices.shape=(48, 3), faces.shape=(28, 3))> using `load_obj` in 0.0007s
2024-12-10 08:43:34,152 INFO ==> EMD Loss: 17.020958
2024-12-10 08:43:34,152 INFO ==> Height map loss:  7.114506
2024-12-10 08:43:34,152 INFO ==> Insertion loss: 0.000000
2024-12-10 08:43:34,787 DEBUG loaded <trimesh.Trimesh(vertices.shape=(916, 3), faces.shape=(856, 3))> using `load_obj` in 0.0029s
2024-12-10 08:43:34,932 DEBUG loaded <trimesh.Trimesh(vertices.shape=(48, 3), faces.shape=(28, 3))> using `load_obj` in 0.0007s
2024-12-10 08:43:43,784 INFO ==> EMD Loss: 16.443928
2024-12-10 08:43:43,784 INFO ==> Height map loss:  6.492241
2024-12-10 08:43:43,784 INFO ==> Insertion loss: 0.000000
2024-12-10 08:43:44,406 DEBUG loaded <trimesh.Trimesh(vertices.shape=(916, 3), faces.shape=(856, 3))> using `load_obj` in 0.0029s
2024-12-10 08:43:44,551 DEBUG loaded <trimesh.Trimesh(vertices.shape=(48, 3), faces.shape=(28, 3))> using `load_obj` in 0.0007s
2024-12-10 08:44:10,457 INFO =====> Skill params: [ 0.79425037  0.69189465  0.8112405  -0.08211012 -0.09626045]
2024-12-10 08:44:10,457 INFO =====> Grad: [-1.3137151e+03  7.7671558e+02  1.9127583e-05  1.3762743e+03
 -2.1530199e-05]
2024-12-10 08:44:10,457 INFO =====> Num. aborted data so far: 0
2024-12-10 08:44:10,465 INFO ===========> Epoch: 2 optimisation losses
2024-12-10 08:44:10,465 INFO =====> EMD Loss: 16.445400
2024-12-10 08:44:10,465 INFO =====> Height map loss: 6.492348
2024-12-10 08:44:10,465 INFO =====> Insertion loss: 0.000000
2024-12-10 08:44:10,871 DEBUG loaded <trimesh.Trimesh(vertices.shape=(916, 3), faces.shape=(856, 3))> using `load_obj` in 0.0029s
2024-12-10 08:44:11,016 DEBUG loaded <trimesh.Trimesh(vertices.shape=(48, 3), faces.shape=(28, 3))> using `load_obj` in 0.0007s
2024-12-10 08:44:19,831 INFO ==> EMD Loss: 16.605366
2024-12-10 08:44:19,831 INFO ==> Height map loss:  6.697748
2024-12-10 08:44:19,831 INFO ==> Insertion loss: 0.000000
2024-12-10 08:44:20,458 DEBUG loaded <trimesh.Trimesh(vertices.shape=(916, 3), faces.shape=(856, 3))> using `load_obj` in 0.0029s
2024-12-10 08:44:20,605 DEBUG loaded <trimesh.Trimesh(vertices.shape=(48, 3), faces.shape=(28, 3))> using `load_obj` in 0.0007s
2024-12-10 08:44:29,355 INFO ==> EMD Loss: 16.807335
2024-12-10 08:44:29,355 INFO ==> Height map loss:  6.947752
2024-12-10 08:44:29,355 INFO ==> Insertion loss: 0.000000
2024-12-10 08:44:29,977 DEBUG loaded <trimesh.Trimesh(vertices.shape=(916, 3), faces.shape=(856, 3))> using `load_obj` in 0.0029s
2024-12-10 08:44:30,123 DEBUG loaded <trimesh.Trimesh(vertices.shape=(48, 3), faces.shape=(28, 3))> using `load_obj` in 0.0007s
2024-12-10 08:44:38,518 INFO ==> EMD Loss: 16.826527
2024-12-10 08:44:38,518 INFO ==> Height map loss:  7.123451
2024-12-10 08:44:38,518 INFO ==> Insertion loss: 0.000000
2024-12-10 08:44:39,144 DEBUG loaded <trimesh.Trimesh(vertices.shape=(916, 3), faces.shape=(856, 3))> using `load_obj` in 0.0029s
2024-12-10 08:44:39,289 DEBUG loaded <trimesh.Trimesh(vertices.shape=(48, 3), faces.shape=(28, 3))> using `load_obj` in 0.0007s
2024-12-10 08:44:47,894 INFO ==> EMD Loss: 16.847143
2024-12-10 08:44:47,895 INFO ==> Height map loss:  7.247162
2024-12-10 08:44:47,895 INFO ==> Insertion loss: 0.000000
2024-12-10 08:44:48,518 DEBUG loaded <trimesh.Trimesh(vertices.shape=(916, 3), faces.shape=(856, 3))> using `load_obj` in 0.0029s
2024-12-10 08:44:48,662 DEBUG loaded <trimesh.Trimesh(vertices.shape=(48, 3), faces.shape=(28, 3))> using `load_obj` in 0.0007s
2024-12-10 08:44:57,182 INFO ==> EMD Loss: 17.142044
2024-12-10 08:44:57,182 INFO ==> Height map loss:  7.513216
2024-12-10 08:44:57,182 INFO ==> Insertion loss: 0.000000
2024-12-10 08:44:57,810 DEBUG loaded <trimesh.Trimesh(vertices.shape=(916, 3), faces.shape=(856, 3))> using `load_obj` in 0.0029s
2024-12-10 08:44:57,956 DEBUG loaded <trimesh.Trimesh(vertices.shape=(48, 3), faces.shape=(28, 3))> using `load_obj` in 0.0007s
2024-12-10 08:45:23,681 INFO =====> Skill params: [ 0.79692763  0.68832546  0.81079465 -0.08723655 -0.0957581 ]
2024-12-10 08:45:23,682 INFO =====> Grad: [ 1.6227578e+03 -7.5856622e+02 -1.9954619e-05 -6.4858929e+02
  7.7545983e-06]
2024-12-10 08:45:23,682 INFO =====> Num. aborted data so far: 0
2024-12-10 08:45:23,689 INFO ===========> Epoch: 3 optimisation losses
2024-12-10 08:45:23,690 INFO =====> EMD Loss: 16.605236
2024-12-10 08:45:23,690 INFO =====> Height map loss: 6.697671
2024-12-10 08:45:23,690 INFO =====> Insertion loss: 0.000000
2024-12-10 08:45:24,096 DEBUG loaded <trimesh.Trimesh(vertices.shape=(916, 3), faces.shape=(856, 3))> using `load_obj` in 0.0029s
2024-12-10 08:45:24,240 DEBUG loaded <trimesh.Trimesh(vertices.shape=(48, 3), faces.shape=(28, 3))> using `load_obj` in 0.0007s
2024-12-10 08:45:33,105 INFO ==> EMD Loss: 16.452629
2024-12-10 08:45:33,105 INFO ==> Height map loss:  6.461865
2024-12-10 08:45:33,105 INFO ==> Insertion loss: 0.000000
2024-12-10 08:45:33,732 DEBUG loaded <trimesh.Trimesh(vertices.shape=(916, 3), faces.shape=(856, 3))> using `load_obj` in 0.0029s
2024-12-10 08:45:33,878 DEBUG loaded <trimesh.Trimesh(vertices.shape=(48, 3), faces.shape=(28, 3))> using `load_obj` in 0.0007s
2024-12-10 08:45:42,772 INFO ==> EMD Loss: 16.251272
2024-12-10 08:45:42,772 INFO ==> Height map loss:  6.324445
2024-12-10 08:45:42,772 INFO ==> Insertion loss: 0.000000
2024-12-10 08:45:43,397 DEBUG loaded <trimesh.Trimesh(vertices.shape=(916, 3), faces.shape=(856, 3))> using `load_obj` in 0.0029s
2024-12-10 08:45:43,542 DEBUG loaded <trimesh.Trimesh(vertices.shape=(48, 3), faces.shape=(28, 3))> using `load_obj` in 0.0007s
2024-12-10 08:45:52,215 INFO ==> EMD Loss: 15.953257
2024-12-10 08:45:52,215 INFO ==> Height map loss:  5.955159
2024-12-10 08:45:52,215 INFO ==> Insertion loss: 0.000000
2024-12-10 08:45:52,844 DEBUG loaded <trimesh.Trimesh(vertices.shape=(916, 3), faces.shape=(856, 3))> using `load_obj` in 0.0028s
2024-12-10 08:45:52,989 DEBUG loaded <trimesh.Trimesh(vertices.shape=(48, 3), faces.shape=(28, 3))> using `load_obj` in 0.0007s
2024-12-10 08:46:02,051 INFO ==> EMD Loss: 15.727363
2024-12-10 08:46:02,051 INFO ==> Height map loss:  5.824511
2024-12-10 08:46:02,051 INFO ==> Insertion loss: 0.000000
2024-12-10 08:46:02,674 DEBUG loaded <trimesh.Trimesh(vertices.shape=(916, 3), faces.shape=(856, 3))> using `load_obj` in 0.0029s
2024-12-10 08:46:02,820 DEBUG loaded <trimesh.Trimesh(vertices.shape=(48, 3), faces.shape=(28, 3))> using `load_obj` in 0.0007s
2024-12-10 08:46:11,923 INFO ==> EMD Loss: 15.411664
2024-12-10 08:46:11,924 INFO ==> Height map loss:  5.414119
2024-12-10 08:46:11,924 INFO ==> Insertion loss: 0.000000
2024-12-10 08:46:12,554 DEBUG loaded <trimesh.Trimesh(vertices.shape=(916, 3), faces.shape=(856, 3))> using `load_obj` in 0.0029s
2024-12-10 08:46:12,699 DEBUG loaded <trimesh.Trimesh(vertices.shape=(48, 3), faces.shape=(28, 3))> using `load_obj` in 0.0007s
2024-12-10 08:46:39,566 INFO =====> Skill params: [ 0.7358693   0.751867    0.8205709  -0.03999094 -0.09957072]
2024-12-10 08:46:39,566 INFO =====> Grad: [-4.88800018e+02 -6.39622375e+02 -1.58894672e-05  1.13864404e+03
  1.00479425e-04]
2024-12-10 08:46:39,567 INFO =====> Num. aborted data so far: 0
2024-12-10 08:46:39,575 INFO ===========> Epoch: 4 optimisation losses
2024-12-10 08:46:39,575 INFO =====> EMD Loss: 15.411633
2024-12-10 08:46:39,576 INFO =====> Height map loss: 5.414389
2024-12-10 08:46:39,576 INFO =====> Insertion loss: 0.000000
2024-12-10 08:46:39,981 DEBUG loaded <trimesh.Trimesh(vertices.shape=(916, 3), faces.shape=(856, 3))> using `load_obj` in 0.0029s
2024-12-10 08:46:40,124 DEBUG loaded <trimesh.Trimesh(vertices.shape=(48, 3), faces.shape=(28, 3))> using `load_obj` in 0.0007s
2024-12-10 08:46:49,208 INFO ==> EMD Loss: 15.376500
2024-12-10 08:46:49,208 INFO ==> Height map loss:  5.381249
2024-12-10 08:46:49,208 INFO ==> Insertion loss: 0.000000
2024-12-10 08:46:49,832 DEBUG loaded <trimesh.Trimesh(vertices.shape=(916, 3), faces.shape=(856, 3))> using `load_obj` in 0.0029s
2024-12-10 08:46:49,978 DEBUG loaded <trimesh.Trimesh(vertices.shape=(48, 3), faces.shape=(28, 3))> using `load_obj` in 0.0007s
2024-12-10 08:46:59,122 INFO ==> EMD Loss: 15.268716
2024-12-10 08:46:59,122 INFO ==> Height map loss:  5.345459
2024-12-10 08:46:59,122 INFO ==> Insertion loss: 0.000000
2024-12-10 08:46:59,802 DEBUG loaded <trimesh.Trimesh(vertices.shape=(916, 3), faces.shape=(856, 3))> using `load_obj` in 0.0029s
2024-12-10 08:46:59,947 DEBUG loaded <trimesh.Trimesh(vertices.shape=(48, 3), faces.shape=(28, 3))> using `load_obj` in 0.0007s
2024-12-10 08:47:08,868 INFO ==> EMD Loss: 15.246688
2024-12-10 08:47:08,868 INFO ==> Height map loss:  5.343243
2024-12-10 08:47:08,868 INFO ==> Insertion loss: 0.000000
2024-12-10 08:47:09,491 DEBUG loaded <trimesh.Trimesh(vertices.shape=(916, 3), faces.shape=(856, 3))> using `load_obj` in 0.0029s
2024-12-10 08:47:09,636 DEBUG loaded <trimesh.Trimesh(vertices.shape=(48, 3), faces.shape=(28, 3))> using `load_obj` in 0.0007s
2024-12-10 08:47:18,917 INFO ==> EMD Loss: 15.249405
2024-12-10 08:47:18,917 INFO ==> Height map loss:  5.344278
2024-12-10 08:47:18,917 INFO ==> Insertion loss: 0.000000
2024-12-10 08:47:19,548 DEBUG loaded <trimesh.Trimesh(vertices.shape=(916, 3), faces.shape=(856, 3))> using `load_obj` in 0.0029s
2024-12-10 08:47:19,693 DEBUG loaded <trimesh.Trimesh(vertices.shape=(48, 3), faces.shape=(28, 3))> using `load_obj` in 0.0007s
2024-12-10 08:47:29,008 INFO ==> EMD Loss: 15.247019
2024-12-10 08:47:29,008 INFO ==> Height map loss:  5.340102
2024-12-10 08:47:29,008 INFO ==> Insertion loss: 0.000000
2024-12-10 08:47:29,686 DEBUG loaded <trimesh.Trimesh(vertices.shape=(916, 3), faces.shape=(856, 3))> using `load_obj` in 0.0029s
2024-12-10 08:47:29,836 DEBUG loaded <trimesh.Trimesh(vertices.shape=(48, 3), faces.shape=(28, 3))> using `load_obj` in 0.0007s
2024-12-10 08:47:57,407 INFO =====> Skill params: [ 0.7550321   0.80343664  0.8287593  -0.11191241 -0.14772299]
2024-12-10 08:47:57,407 INFO =====> Grad: [ 1.0929506e+03 -5.3425726e+02  5.9166941e-06 -5.6802313e+02
  4.6192294e-05]
2024-12-10 08:47:57,407 INFO =====> Num. aborted data so far: 0
2024-12-10 08:47:57,415 INFO ===========> Epoch: 5 optimisation losses
2024-12-10 08:47:57,415 INFO =====> EMD Loss: 15.246966
2024-12-10 08:47:57,415 INFO =====> Height map loss: 5.341478
2024-12-10 08:47:57,415 INFO =====> Insertion loss: 0.000000
2024-12-10 08:47:57,823 DEBUG loaded <trimesh.Trimesh(vertices.shape=(916, 3), faces.shape=(856, 3))> using `load_obj` in 0.0029s
2024-12-10 08:47:57,967 DEBUG loaded <trimesh.Trimesh(vertices.shape=(48, 3), faces.shape=(28, 3))> using `load_obj` in 0.0007s
2024-12-10 08:48:07,278 INFO ==> EMD Loss: 15.246490
2024-12-10 08:48:07,278 INFO ==> Height map loss:  5.341425
2024-12-10 08:48:07,278 INFO ==> Insertion loss: 0.000000
2024-12-10 08:48:07,917 DEBUG loaded <trimesh.Trimesh(vertices.shape=(916, 3), faces.shape=(856, 3))> using `load_obj` in 0.0029s
2024-12-10 08:48:08,063 DEBUG loaded <trimesh.Trimesh(vertices.shape=(48, 3), faces.shape=(28, 3))> using `load_obj` in 0.0007s
2024-12-10 08:48:17,113 INFO ==> EMD Loss: 15.246222
2024-12-10 08:48:17,113 INFO ==> Height map loss:  5.341110
2024-12-10 08:48:17,113 INFO ==> Insertion loss: 0.000000
2024-12-10 08:48:17,748 DEBUG loaded <trimesh.Trimesh(vertices.shape=(916, 3), faces.shape=(856, 3))> using `load_obj` in 0.0029s
2024-12-10 08:48:17,896 DEBUG loaded <trimesh.Trimesh(vertices.shape=(48, 3), faces.shape=(28, 3))> using `load_obj` in 0.0007s
2024-12-10 08:48:27,287 INFO ==> EMD Loss: 15.252848
2024-12-10 08:48:27,287 INFO ==> Height map loss:  5.339996
2024-12-10 08:48:27,287 INFO ==> Insertion loss: 0.000000
2024-12-10 08:48:27,920 DEBUG loaded <trimesh.Trimesh(vertices.shape=(916, 3), faces.shape=(856, 3))> using `load_obj` in 0.0030s
2024-12-10 08:48:28,067 DEBUG loaded <trimesh.Trimesh(vertices.shape=(48, 3), faces.shape=(28, 3))> using `load_obj` in 0.0007s
2024-12-10 08:48:37,532 INFO ==> EMD Loss: 15.241849
2024-12-10 08:48:37,532 INFO ==> Height map loss:  5.337839
2024-12-10 08:48:37,532 INFO ==> Insertion loss: 0.000000
2024-12-10 08:48:38,168 DEBUG loaded <trimesh.Trimesh(vertices.shape=(916, 3), faces.shape=(856, 3))> using `load_obj` in 0.0029s
2024-12-10 08:48:38,321 DEBUG loaded <trimesh.Trimesh(vertices.shape=(48, 3), faces.shape=(28, 3))> using `load_obj` in 0.0007s
2024-12-10 08:48:47,851 INFO ==> EMD Loss: 15.244083
2024-12-10 08:48:47,851 INFO ==> Height map loss:  5.337372
2024-12-10 08:48:47,851 INFO ==> Insertion loss: 0.000000
2024-12-10 08:48:48,476 DEBUG loaded <trimesh.Trimesh(vertices.shape=(916, 3), faces.shape=(856, 3))> using `load_obj` in 0.0030s
2024-12-10 08:48:48,620 DEBUG loaded <trimesh.Trimesh(vertices.shape=(48, 3), faces.shape=(28, 3))> using `load_obj` in 0.0007s
2024-12-10 08:49:16,775 INFO =====> Skill params: [ 0.71249676  0.84617144  0.8255463  -0.07567787 -0.17066957]
2024-12-10 08:49:16,775 INFO =====> Grad: [-2.7573198e+03  1.3061522e+03  1.1018675e-05 -2.2388518e+02
  1.0178047e-05]
2024-12-10 08:49:16,775 INFO =====> Num. aborted data so far: 0
2024-12-10 08:49:16,783 INFO ===========> Epoch: 6 optimisation losses
2024-12-10 08:49:16,783 INFO =====> EMD Loss: 15.244055
2024-12-10 08:49:16,783 INFO =====> Height map loss: 5.337359
2024-12-10 08:49:16,783 INFO =====> Insertion loss: 0.000000
2024-12-10 08:49:17,188 DEBUG loaded <trimesh.Trimesh(vertices.shape=(916, 3), faces.shape=(856, 3))> using `load_obj` in 0.0029s
2024-12-10 08:49:17,332 DEBUG loaded <trimesh.Trimesh(vertices.shape=(48, 3), faces.shape=(28, 3))> using `load_obj` in 0.0007s
2024-12-10 08:49:26,514 INFO ==> EMD Loss: 15.244175
2024-12-10 08:49:26,514 INFO ==> Height map loss:  5.337521
2024-12-10 08:49:26,514 INFO ==> Insertion loss: 0.000000
2024-12-10 08:49:27,142 DEBUG loaded <trimesh.Trimesh(vertices.shape=(916, 3), faces.shape=(856, 3))> using `load_obj` in 0.0029s
2024-12-10 08:49:27,288 DEBUG loaded <trimesh.Trimesh(vertices.shape=(48, 3), faces.shape=(28, 3))> using `load_obj` in 0.0007s
2024-12-10 08:49:36,698 INFO ==> EMD Loss: 15.243459
2024-12-10 08:49:36,698 INFO ==> Height map loss:  5.341254
2024-12-10 08:49:36,698 INFO ==> Insertion loss: 0.000000
2024-12-10 08:49:37,319 DEBUG loaded <trimesh.Trimesh(vertices.shape=(916, 3), faces.shape=(856, 3))> using `load_obj` in 0.0029s
2024-12-10 08:49:37,463 DEBUG loaded <trimesh.Trimesh(vertices.shape=(48, 3), faces.shape=(28, 3))> using `load_obj` in 0.0007s
2024-12-10 08:49:46,749 INFO ==> EMD Loss: 15.246537
2024-12-10 08:49:46,749 INFO ==> Height map loss:  5.343941
2024-12-10 08:49:46,749 INFO ==> Insertion loss: 0.000000
2024-12-10 08:49:47,374 DEBUG loaded <trimesh.Trimesh(vertices.shape=(916, 3), faces.shape=(856, 3))> using `load_obj` in 0.0029s
2024-12-10 08:49:47,519 DEBUG loaded <trimesh.Trimesh(vertices.shape=(48, 3), faces.shape=(28, 3))> using `load_obj` in 0.0007s
2024-12-10 08:49:56,740 INFO ==> EMD Loss: 15.246519
2024-12-10 08:49:56,740 INFO ==> Height map loss:  5.341741
2024-12-10 08:49:56,740 INFO ==> Insertion loss: 0.000000
2024-12-10 08:49:57,367 DEBUG loaded <trimesh.Trimesh(vertices.shape=(916, 3), faces.shape=(856, 3))> using `load_obj` in 0.0029s
2024-12-10 08:49:57,511 DEBUG loaded <trimesh.Trimesh(vertices.shape=(48, 3), faces.shape=(28, 3))> using `load_obj` in 0.0007s
2024-12-10 08:50:06,614 INFO ==> EMD Loss: 15.277593
2024-12-10 08:50:06,615 INFO ==> Height map loss:  5.348520
2024-12-10 08:50:06,615 INFO ==> Insertion loss: 0.000000
2024-12-10 08:50:07,235 DEBUG loaded <trimesh.Trimesh(vertices.shape=(916, 3), faces.shape=(856, 3))> using `load_obj` in 0.0029s
2024-12-10 08:50:07,379 DEBUG loaded <trimesh.Trimesh(vertices.shape=(48, 3), faces.shape=(28, 3))> using `load_obj` in 0.0007s
2024-12-10 08:50:35,301 INFO =====> Skill params: [ 0.71671265  0.8420184   0.8252314  -0.07493043 -0.17093581]
2024-12-10 08:50:35,301 INFO =====> Grad: [ 2.0166327e+03  4.4164014e+02 -1.1669275e-05  9.1927292e+01
  4.0159575e-06]
2024-12-10 08:50:35,301 INFO =====> Num. aborted data so far: 0
2024-12-10 08:50:35,309 INFO ===========> Epoch: 7 optimisation losses
2024-12-10 08:50:35,309 INFO =====> EMD Loss: 15.244238
2024-12-10 08:50:35,309 INFO =====> Height map loss: 5.337550
2024-12-10 08:50:35,309 INFO =====> Insertion loss: 0.000000
2024-12-10 08:50:35,713 DEBUG loaded <trimesh.Trimesh(vertices.shape=(916, 3), faces.shape=(856, 3))> using `load_obj` in 0.0029s
2024-12-10 08:50:35,861 DEBUG loaded <trimesh.Trimesh(vertices.shape=(48, 3), faces.shape=(28, 3))> using `load_obj` in 0.0007s
2024-12-10 08:50:45,333 INFO ==> EMD Loss: 15.244390
2024-12-10 08:50:45,333 INFO ==> Height map loss:  5.337607
2024-12-10 08:50:45,334 INFO ==> Insertion loss: 0.000000
2024-12-10 08:50:45,962 DEBUG loaded <trimesh.Trimesh(vertices.shape=(916, 3), faces.shape=(856, 3))> using `load_obj` in 0.0029s
2024-12-10 08:50:46,107 DEBUG loaded <trimesh.Trimesh(vertices.shape=(48, 3), faces.shape=(28, 3))> using `load_obj` in 0.0007s
2024-12-10 08:50:55,532 INFO ==> EMD Loss: 15.244958
2024-12-10 08:50:55,532 INFO ==> Height map loss:  5.337381
2024-12-10 08:50:55,532 INFO ==> Insertion loss: 0.000000
2024-12-10 08:50:56,170 DEBUG loaded <trimesh.Trimesh(vertices.shape=(916, 3), faces.shape=(856, 3))> using `load_obj` in 0.0029s
2024-12-10 08:50:56,315 DEBUG loaded <trimesh.Trimesh(vertices.shape=(48, 3), faces.shape=(28, 3))> using `load_obj` in 0.0007s
2024-12-10 08:51:05,714 INFO ==> EMD Loss: 15.245606
2024-12-10 08:51:05,714 INFO ==> Height map loss:  5.340330
2024-12-10 08:51:05,714 INFO ==> Insertion loss: 0.000000
2024-12-10 08:51:06,346 DEBUG loaded <trimesh.Trimesh(vertices.shape=(916, 3), faces.shape=(856, 3))> using `load_obj` in 0.0029s
2024-12-10 08:51:06,492 DEBUG loaded <trimesh.Trimesh(vertices.shape=(48, 3), faces.shape=(28, 3))> using `load_obj` in 0.0007s
2024-12-10 08:51:15,868 INFO ==> EMD Loss: 15.242338
2024-12-10 08:51:15,868 INFO ==> Height map loss:  5.342338
2024-12-10 08:51:15,868 INFO ==> Insertion loss: 0.000000
2024-12-10 08:51:16,496 DEBUG loaded <trimesh.Trimesh(vertices.shape=(916, 3), faces.shape=(856, 3))> using `load_obj` in 0.0030s
2024-12-10 08:51:16,645 DEBUG loaded <trimesh.Trimesh(vertices.shape=(48, 3), faces.shape=(28, 3))> using `load_obj` in 0.0007s
2024-12-10 08:51:25,984 INFO ==> EMD Loss: 15.248178
2024-12-10 08:51:25,984 INFO ==> Height map loss:  5.342544
2024-12-10 08:51:25,984 INFO ==> Insertion loss: 0.000000
2024-12-10 08:51:26,612 DEBUG loaded <trimesh.Trimesh(vertices.shape=(916, 3), faces.shape=(856, 3))> using `load_obj` in 0.0029s
2024-12-10 08:51:26,761 DEBUG loaded <trimesh.Trimesh(vertices.shape=(48, 3), faces.shape=(28, 3))> using `load_obj` in 0.0007s
2024-12-10 08:51:54,489 INFO =====> Skill params: [ 0.70225865  0.8348123   0.8269867  -0.07654582 -0.17148939]
2024-12-10 08:51:54,489 INFO =====> Grad: [-2.7950610e+03  1.3135024e+03 -1.5524181e-05 -6.3057996e+02
  3.0365884e-05]
2024-12-10 08:51:54,489 INFO =====> Num. aborted data so far: 0
2024-12-10 08:51:54,497 INFO ===========> Epoch: 8 optimisation losses
2024-12-10 08:51:54,497 INFO =====> EMD Loss: 15.242280
2024-12-10 08:51:54,497 INFO =====> Height map loss: 5.337394
2024-12-10 08:51:54,497 INFO =====> Insertion loss: 0.000000
2024-12-10 08:51:54,901 DEBUG loaded <trimesh.Trimesh(vertices.shape=(916, 3), faces.shape=(856, 3))> using `load_obj` in 0.0029s
2024-12-10 08:51:55,045 DEBUG loaded <trimesh.Trimesh(vertices.shape=(48, 3), faces.shape=(28, 3))> using `load_obj` in 0.0007s
2024-12-10 08:52:04,429 INFO ==> EMD Loss: 15.245979
2024-12-10 08:52:04,429 INFO ==> Height map loss:  5.338998
2024-12-10 08:52:04,429 INFO ==> Insertion loss: 0.000000
2024-12-10 08:52:05,052 DEBUG loaded <trimesh.Trimesh(vertices.shape=(916, 3), faces.shape=(856, 3))> using `load_obj` in 0.0029s
2024-12-10 08:52:05,197 DEBUG loaded <trimesh.Trimesh(vertices.shape=(48, 3), faces.shape=(28, 3))> using `load_obj` in 0.0007s
2024-12-10 08:52:14,519 INFO ==> EMD Loss: 15.253023
2024-12-10 08:52:14,519 INFO ==> Height map loss:  5.342752
2024-12-10 08:52:14,519 INFO ==> Insertion loss: 0.000000
2024-12-10 08:52:15,143 DEBUG loaded <trimesh.Trimesh(vertices.shape=(916, 3), faces.shape=(856, 3))> using `load_obj` in 0.0029s
2024-12-10 08:52:15,292 DEBUG loaded <trimesh.Trimesh(vertices.shape=(48, 3), faces.shape=(28, 3))> using `load_obj` in 0.0007s
2024-12-10 08:52:24,509 INFO ==> EMD Loss: 15.243833
2024-12-10 08:52:24,509 INFO ==> Height map loss:  5.342722
2024-12-10 08:52:24,509 INFO ==> Insertion loss: 0.000000
2024-12-10 08:52:25,140 DEBUG loaded <trimesh.Trimesh(vertices.shape=(916, 3), faces.shape=(856, 3))> using `load_obj` in 0.0029s
2024-12-10 08:52:25,292 DEBUG loaded <trimesh.Trimesh(vertices.shape=(48, 3), faces.shape=(28, 3))> using `load_obj` in 0.0007s
2024-12-10 08:52:34,126 INFO ==> EMD Loss: 15.246846
2024-12-10 08:52:34,126 INFO ==> Height map loss:  5.342157
2024-12-10 08:52:34,126 INFO ==> Insertion loss: 0.000000
2024-12-10 08:52:34,748 DEBUG loaded <trimesh.Trimesh(vertices.shape=(916, 3), faces.shape=(856, 3))> using `load_obj` in 0.0030s
2024-12-10 08:52:34,899 DEBUG loaded <trimesh.Trimesh(vertices.shape=(48, 3), faces.shape=(28, 3))> using `load_obj` in 0.0007s
2024-12-10 08:52:43,963 INFO ==> EMD Loss: 15.271707
2024-12-10 08:52:43,963 INFO ==> Height map loss:  5.348502
2024-12-10 08:52:43,963 INFO ==> Insertion loss: 0.000000
2024-12-10 08:52:44,581 DEBUG loaded <trimesh.Trimesh(vertices.shape=(916, 3), faces.shape=(856, 3))> using `load_obj` in 0.0029s
2024-12-10 08:52:44,734 DEBUG loaded <trimesh.Trimesh(vertices.shape=(48, 3), faces.shape=(28, 3))> using `load_obj` in 0.0007s
2024-12-10 08:53:12,532 INFO =====> Skill params: [ 0.7057709   0.8311358   0.82747746 -0.07435448 -0.17236336]
2024-12-10 08:53:12,532 INFO =====> Grad: [-1.3717515e+03  4.4706580e+02  1.1213779e-05  3.5196805e+02
 -5.8357640e-05]
2024-12-10 08:53:12,532 INFO =====> Num. aborted data so far: 0
2024-12-10 08:53:12,540 INFO ===========> Epoch: 9 optimisation losses
2024-12-10 08:53:12,540 INFO =====> EMD Loss: 15.245914
2024-12-10 08:53:12,540 INFO =====> Height map loss: 5.338978
2024-12-10 08:53:12,540 INFO =====> Insertion loss: 0.000000
2024-12-10 08:53:12,945 DEBUG loaded <trimesh.Trimesh(vertices.shape=(916, 3), faces.shape=(856, 3))> using `load_obj` in 0.0029s
2024-12-10 08:53:13,090 DEBUG loaded <trimesh.Trimesh(vertices.shape=(48, 3), faces.shape=(28, 3))> using `load_obj` in 0.0007s
2024-12-10 08:53:22,486 INFO ==> EMD Loss: 15.245938
2024-12-10 08:53:22,486 INFO ==> Height map loss:  5.340513
2024-12-10 08:53:22,486 INFO ==> Insertion loss: 0.000000
2024-12-10 08:53:23,118 DEBUG loaded <trimesh.Trimesh(vertices.shape=(916, 3), faces.shape=(856, 3))> using `load_obj` in 0.0029s
2024-12-10 08:53:23,264 DEBUG loaded <trimesh.Trimesh(vertices.shape=(48, 3), faces.shape=(28, 3))> using `load_obj` in 0.0007s
2024-12-10 08:53:32,344 INFO ==> EMD Loss: 15.244666
2024-12-10 08:53:32,344 INFO ==> Height map loss:  5.339048
2024-12-10 08:53:32,344 INFO ==> Insertion loss: 0.000000
2024-12-10 08:53:32,964 DEBUG loaded <trimesh.Trimesh(vertices.shape=(916, 3), faces.shape=(856, 3))> using `load_obj` in 0.0029s
2024-12-10 08:53:33,115 DEBUG loaded <trimesh.Trimesh(vertices.shape=(48, 3), faces.shape=(28, 3))> using `load_obj` in 0.0007s
2024-12-10 08:53:42,496 INFO ==> EMD Loss: 15.250197
2024-12-10 08:53:42,497 INFO ==> Height map loss:  5.338124
2024-12-10 08:53:42,497 INFO ==> Insertion loss: 0.000000
2024-12-10 08:53:43,128 DEBUG loaded <trimesh.Trimesh(vertices.shape=(916, 3), faces.shape=(856, 3))> using `load_obj` in 0.0029s
2024-12-10 08:53:43,281 DEBUG loaded <trimesh.Trimesh(vertices.shape=(48, 3), faces.shape=(28, 3))> using `load_obj` in 0.0007s
2024-12-10 08:53:52,648 INFO ==> EMD Loss: 15.244063
2024-12-10 08:53:52,648 INFO ==> Height map loss:  5.342767
2024-12-10 08:53:52,648 INFO ==> Insertion loss: 0.000000
2024-12-10 08:53:53,284 DEBUG loaded <trimesh.Trimesh(vertices.shape=(916, 3), faces.shape=(856, 3))> using `load_obj` in 0.0030s
2024-12-10 08:53:53,433 DEBUG loaded <trimesh.Trimesh(vertices.shape=(48, 3), faces.shape=(28, 3))> using `load_obj` in 0.0007s
2024-12-10 08:54:02,753 INFO ==> EMD Loss: 15.245953
2024-12-10 08:54:02,753 INFO ==> Height map loss:  5.342539
2024-12-10 08:54:02,753 INFO ==> Insertion loss: 0.000000
2024-12-10 08:54:03,377 DEBUG loaded <trimesh.Trimesh(vertices.shape=(916, 3), faces.shape=(856, 3))> using `load_obj` in 0.0029s
2024-12-10 08:54:03,524 DEBUG loaded <trimesh.Trimesh(vertices.shape=(48, 3), faces.shape=(28, 3))> using `load_obj` in 0.0007s
2024-12-10 08:54:31,032 INFO =====> Skill params: [ 0.72323436  0.8182234   0.8237469  -0.08698761 -0.1553145 ]
2024-12-10 08:54:31,032 INFO =====> Grad: [-2.1560796e+03 -4.0299408e+02 -2.0670765e-05 -4.4357141e+02
  7.8801777e-06]
2024-12-10 08:54:31,032 INFO =====> Num. aborted data so far: 0
2024-12-10 08:54:31,040 INFO ===========> Epoch: 10 optimisation losses
2024-12-10 08:54:31,040 INFO =====> EMD Loss: 15.245884
2024-12-10 08:54:31,040 INFO =====> Height map loss: 5.339248
2024-12-10 08:54:31,040 INFO =====> Insertion loss: 0.000000
2024-12-10 08:54:31,443 DEBUG loaded <trimesh.Trimesh(vertices.shape=(916, 3), faces.shape=(856, 3))> using `load_obj` in 0.0029s
2024-12-10 08:54:31,589 DEBUG loaded <trimesh.Trimesh(vertices.shape=(48, 3), faces.shape=(28, 3))> using `load_obj` in 0.0007s
2024-12-10 08:54:40,960 INFO ==> EMD Loss: 15.250399
2024-12-10 08:54:40,960 INFO ==> Height map loss:  5.340703
2024-12-10 08:54:40,960 INFO ==> Insertion loss: 0.000000
2024-12-10 08:54:41,585 DEBUG loaded <trimesh.Trimesh(vertices.shape=(916, 3), faces.shape=(856, 3))> using `load_obj` in 0.0031s
2024-12-10 08:54:41,734 DEBUG loaded <trimesh.Trimesh(vertices.shape=(48, 3), faces.shape=(28, 3))> using `load_obj` in 0.0007s
2024-12-10 08:54:51,121 INFO ==> EMD Loss: 15.251204
2024-12-10 08:54:51,121 INFO ==> Height map loss:  5.341714
2024-12-10 08:54:51,121 INFO ==> Insertion loss: 0.000000
2024-12-10 08:54:51,805 DEBUG loaded <trimesh.Trimesh(vertices.shape=(916, 3), faces.shape=(856, 3))> using `load_obj` in 0.0029s
2024-12-10 08:54:51,955 DEBUG loaded <trimesh.Trimesh(vertices.shape=(48, 3), faces.shape=(28, 3))> using `load_obj` in 0.0007s
2024-12-10 08:55:01,389 INFO ==> EMD Loss: 15.250908
2024-12-10 08:55:01,389 INFO ==> Height map loss:  5.340067
2024-12-10 08:55:01,389 INFO ==> Insertion loss: 0.000000
2024-12-10 08:55:02,018 DEBUG loaded <trimesh.Trimesh(vertices.shape=(916, 3), faces.shape=(856, 3))> using `load_obj` in 0.0029s
2024-12-10 08:55:02,167 DEBUG loaded <trimesh.Trimesh(vertices.shape=(48, 3), faces.shape=(28, 3))> using `load_obj` in 0.0007s
2024-12-10 08:55:11,621 INFO ==> EMD Loss: 15.249829
2024-12-10 08:55:11,621 INFO ==> Height map loss:  5.339812
2024-12-10 08:55:11,621 INFO ==> Insertion loss: 0.000000
2024-12-10 08:55:12,250 DEBUG loaded <trimesh.Trimesh(vertices.shape=(916, 3), faces.shape=(856, 3))> using `load_obj` in 0.0029s
2024-12-10 08:55:12,400 DEBUG loaded <trimesh.Trimesh(vertices.shape=(48, 3), faces.shape=(28, 3))> using `load_obj` in 0.0007s
2024-12-10 08:55:21,893 INFO ==> EMD Loss: 15.251258
2024-12-10 08:55:21,893 INFO ==> Height map loss:  5.338176
2024-12-10 08:55:21,894 INFO ==> Insertion loss: 0.000000
2024-12-10 08:55:22,519 DEBUG loaded <trimesh.Trimesh(vertices.shape=(916, 3), faces.shape=(856, 3))> using `load_obj` in 0.0030s
2024-12-10 08:55:22,670 DEBUG loaded <trimesh.Trimesh(vertices.shape=(48, 3), faces.shape=(28, 3))> using `load_obj` in 0.0007s
2024-12-10 08:55:50,497 INFO =====> Skill params: [ 0.77585596  0.8423125   0.8381497  -0.05454583 -0.16016425]
2024-12-10 08:55:50,497 INFO =====> Grad: [-2.7482788e+03  1.3569718e+03  9.7020238e-06 -5.8442084e+02
  5.7455954e-06]
2024-12-10 08:55:50,497 INFO =====> Num. aborted data so far: 0
2024-12-10 08:55:50,505 INFO ===========> Epoch: 11 optimisation losses
2024-12-10 08:55:50,505 INFO =====> EMD Loss: 15.251328
2024-12-10 08:55:50,505 INFO =====> Height map loss: 5.338270
2024-12-10 08:55:50,505 INFO =====> Insertion loss: 0.000000
2024-12-10 08:55:50,974 DEBUG loaded <trimesh.Trimesh(vertices.shape=(916, 3), faces.shape=(856, 3))> using `load_obj` in 0.0029s
2024-12-10 08:55:51,119 DEBUG loaded <trimesh.Trimesh(vertices.shape=(48, 3), faces.shape=(28, 3))> using `load_obj` in 0.0007s
2024-12-10 08:56:00,614 INFO ==> EMD Loss: 15.250189
2024-12-10 08:56:00,614 INFO ==> Height map loss:  5.341856
2024-12-10 08:56:00,614 INFO ==> Insertion loss: 0.000000
2024-12-10 08:56:01,301 DEBUG loaded <trimesh.Trimesh(vertices.shape=(916, 3), faces.shape=(856, 3))> using `load_obj` in 0.0031s
2024-12-10 08:56:01,451 DEBUG loaded <trimesh.Trimesh(vertices.shape=(48, 3), faces.shape=(28, 3))> using `load_obj` in 0.0007s
2024-12-10 08:56:10,853 INFO ==> EMD Loss: 15.248954
2024-12-10 08:56:10,853 INFO ==> Height map loss:  5.343464
2024-12-10 08:56:10,853 INFO ==> Insertion loss: 0.000000
2024-12-10 08:56:11,474 DEBUG loaded <trimesh.Trimesh(vertices.shape=(916, 3), faces.shape=(856, 3))> using `load_obj` in 0.0029s
2024-12-10 08:56:11,625 DEBUG loaded <trimesh.Trimesh(vertices.shape=(48, 3), faces.shape=(28, 3))> using `load_obj` in 0.0007s
2024-12-10 08:56:20,981 INFO ==> EMD Loss: 15.243481
2024-12-10 08:56:20,981 INFO ==> Height map loss:  5.341659
2024-12-10 08:56:20,981 INFO ==> Insertion loss: 0.000000
2024-12-10 08:56:21,602 DEBUG loaded <trimesh.Trimesh(vertices.shape=(916, 3), faces.shape=(856, 3))> using `load_obj` in 0.0028s
2024-12-10 08:56:21,754 DEBUG loaded <trimesh.Trimesh(vertices.shape=(48, 3), faces.shape=(28, 3))> using `load_obj` in 0.0007s
2024-12-10 08:56:30,684 INFO ==> EMD Loss: 15.236649
2024-12-10 08:56:30,684 INFO ==> Height map loss:  5.342055
2024-12-10 08:56:30,684 INFO ==> Insertion loss: 0.000000
2024-12-10 08:56:31,308 DEBUG loaded <trimesh.Trimesh(vertices.shape=(916, 3), faces.shape=(856, 3))> using `load_obj` in 0.0030s
2024-12-10 08:56:31,459 DEBUG loaded <trimesh.Trimesh(vertices.shape=(48, 3), faces.shape=(28, 3))> using `load_obj` in 0.0007s
2024-12-10 08:56:40,597 INFO ==> EMD Loss: 15.246563
2024-12-10 08:56:40,597 INFO ==> Height map loss:  5.342429
2024-12-10 08:56:40,597 INFO ==> Insertion loss: 0.000000
2024-12-10 08:56:41,220 DEBUG loaded <trimesh.Trimesh(vertices.shape=(916, 3), faces.shape=(856, 3))> using `load_obj` in 0.0029s
2024-12-10 08:56:41,374 DEBUG loaded <trimesh.Trimesh(vertices.shape=(48, 3), faces.shape=(28, 3))> using `load_obj` in 0.0007s
2024-12-10 08:57:08,924 INFO =====> Skill params: [ 0.8067141   0.8068943   0.8345925  -0.03332423 -0.16202709]
2024-12-10 08:57:08,924 INFO =====> Grad: [ 2.7465310e+03 -1.4116261e+03  4.1461826e-06  4.3245569e+02
 -1.7347395e-08]
2024-12-10 08:57:08,925 INFO =====> Num. aborted data so far: 0
2024-12-10 08:57:08,933 INFO ===========> Epoch: 12 optimisation losses
2024-12-10 08:57:08,933 INFO =====> EMD Loss: 15.243277
2024-12-10 08:57:08,934 INFO =====> Height map loss: 5.341597
2024-12-10 08:57:08,934 INFO =====> Insertion loss: 0.000000
2024-12-10 08:57:09,341 DEBUG loaded <trimesh.Trimesh(vertices.shape=(916, 3), faces.shape=(856, 3))> using `load_obj` in 0.0029s
2024-12-10 08:57:09,486 DEBUG loaded <trimesh.Trimesh(vertices.shape=(48, 3), faces.shape=(28, 3))> using `load_obj` in 0.0007s
2024-12-10 08:57:18,865 INFO ==> EMD Loss: 15.246025
2024-12-10 08:57:18,865 INFO ==> Height map loss:  5.342525
2024-12-10 08:57:18,865 INFO ==> Insertion loss: 0.000000
2024-12-10 08:57:19,494 DEBUG loaded <trimesh.Trimesh(vertices.shape=(916, 3), faces.shape=(856, 3))> using `load_obj` in 0.0029s
2024-12-10 08:57:19,647 DEBUG loaded <trimesh.Trimesh(vertices.shape=(48, 3), faces.shape=(28, 3))> using `load_obj` in 0.0007s
2024-12-10 08:57:28,723 INFO ==> EMD Loss: 15.248915
2024-12-10 08:57:28,723 INFO ==> Height map loss:  5.343397
2024-12-10 08:57:28,723 INFO ==> Insertion loss: 0.000000
2024-12-10 08:57:29,345 DEBUG loaded <trimesh.Trimesh(vertices.shape=(916, 3), faces.shape=(856, 3))> using `load_obj` in 0.0029s
2024-12-10 08:57:29,496 DEBUG loaded <trimesh.Trimesh(vertices.shape=(48, 3), faces.shape=(28, 3))> using `load_obj` in 0.0007s
2024-12-10 08:57:39,024 INFO ==> EMD Loss: 15.248019
2024-12-10 08:57:39,024 INFO ==> Height map loss:  5.342768
2024-12-10 08:57:39,024 INFO ==> Insertion loss: 0.000000
2024-12-10 08:57:39,649 DEBUG loaded <trimesh.Trimesh(vertices.shape=(916, 3), faces.shape=(856, 3))> using `load_obj` in 0.0029s
2024-12-10 08:57:39,800 DEBUG loaded <trimesh.Trimesh(vertices.shape=(48, 3), faces.shape=(28, 3))> using `load_obj` in 0.0007s
2024-12-10 08:57:49,406 INFO ==> EMD Loss: 15.250484
2024-12-10 08:57:49,406 INFO ==> Height map loss:  5.339489
2024-12-10 08:57:49,406 INFO ==> Insertion loss: 0.000000
2024-12-10 08:57:50,032 DEBUG loaded <trimesh.Trimesh(vertices.shape=(916, 3), faces.shape=(856, 3))> using `load_obj` in 0.0031s
2024-12-10 08:57:50,181 DEBUG loaded <trimesh.Trimesh(vertices.shape=(48, 3), faces.shape=(28, 3))> using `load_obj` in 0.0007s
2024-12-10 08:57:59,857 INFO ==> EMD Loss: 15.272827
2024-12-10 08:57:59,857 INFO ==> Height map loss:  5.335083
2024-12-10 08:57:59,857 INFO ==> Insertion loss: 0.000000
2024-12-10 08:58:00,489 DEBUG loaded <trimesh.Trimesh(vertices.shape=(916, 3), faces.shape=(856, 3))> using `load_obj` in 0.0030s
2024-12-10 08:58:00,639 DEBUG loaded <trimesh.Trimesh(vertices.shape=(48, 3), faces.shape=(28, 3))> using `load_obj` in 0.0007s
2024-12-10 08:58:29,012 INFO =====> Skill params: [ 0.74889123  0.87308586  0.8313888  -0.06535118 -0.16201523]
2024-12-10 08:58:29,012 INFO =====> Grad: [-1.2084576e+03  5.3697375e+02 -2.0593825e-05 -2.6443295e+00
 -2.8069719e-06]
2024-12-10 08:58:29,012 INFO =====> Num. aborted data so far: 0
2024-12-10 08:58:29,020 INFO ===========> Epoch: 13 optimisation losses
2024-12-10 08:58:29,020 INFO =====> EMD Loss: 15.272840
2024-12-10 08:58:29,020 INFO =====> Height map loss: 5.335114
2024-12-10 08:58:29,020 INFO =====> Insertion loss: 0.000000
2024-12-10 08:58:29,447 DEBUG loaded <trimesh.Trimesh(vertices.shape=(916, 3), faces.shape=(856, 3))> using `load_obj` in 0.0029s
2024-12-10 08:58:29,591 DEBUG loaded <trimesh.Trimesh(vertices.shape=(48, 3), faces.shape=(28, 3))> using `load_obj` in 0.0007s
2024-12-10 08:58:39,235 INFO ==> EMD Loss: 15.272736
2024-12-10 08:58:39,235 INFO ==> Height map loss:  5.334985
2024-12-10 08:58:39,235 INFO ==> Insertion loss: 0.000000
2024-12-10 08:58:39,864 DEBUG loaded <trimesh.Trimesh(vertices.shape=(916, 3), faces.shape=(856, 3))> using `load_obj` in 0.0029s
2024-12-10 08:58:40,011 DEBUG loaded <trimesh.Trimesh(vertices.shape=(48, 3), faces.shape=(28, 3))> using `load_obj` in 0.0007s
2024-12-10 08:58:49,621 INFO ==> EMD Loss: 15.247930
2024-12-10 08:58:49,621 INFO ==> Height map loss:  5.337552
2024-12-10 08:58:49,621 INFO ==> Insertion loss: 0.000000
2024-12-10 08:58:50,253 DEBUG loaded <trimesh.Trimesh(vertices.shape=(916, 3), faces.shape=(856, 3))> using `load_obj` in 0.0030s
2024-12-10 08:58:50,398 DEBUG loaded <trimesh.Trimesh(vertices.shape=(48, 3), faces.shape=(28, 3))> using `load_obj` in 0.0007s
2024-12-10 08:59:00,002 INFO ==> EMD Loss: 15.247952
2024-12-10 08:59:00,002 INFO ==> Height map loss:  5.338180
2024-12-10 08:59:00,002 INFO ==> Insertion loss: 0.000000
2024-12-10 08:59:00,639 DEBUG loaded <trimesh.Trimesh(vertices.shape=(916, 3), faces.shape=(856, 3))> using `load_obj` in 0.0030s
2024-12-10 08:59:00,788 DEBUG loaded <trimesh.Trimesh(vertices.shape=(48, 3), faces.shape=(28, 3))> using `load_obj` in 0.0007s
2024-12-10 08:59:10,351 INFO ==> EMD Loss: 15.251105
2024-12-10 08:59:10,351 INFO ==> Height map loss:  5.339097
2024-12-10 08:59:10,351 INFO ==> Insertion loss: 0.000000
2024-12-10 08:59:10,982 DEBUG loaded <trimesh.Trimesh(vertices.shape=(916, 3), faces.shape=(856, 3))> using `load_obj` in 0.0029s
2024-12-10 08:59:11,131 DEBUG loaded <trimesh.Trimesh(vertices.shape=(48, 3), faces.shape=(28, 3))> using `load_obj` in 0.0007s
2024-12-10 08:59:20,318 INFO ==> EMD Loss: 15.243621
2024-12-10 08:59:20,318 INFO ==> Height map loss:  5.339328
2024-12-10 08:59:20,319 INFO ==> Insertion loss: 0.000000
2024-12-10 08:59:21,007 DEBUG loaded <trimesh.Trimesh(vertices.shape=(916, 3), faces.shape=(856, 3))> using `load_obj` in 0.0030s
2024-12-10 08:59:21,153 DEBUG loaded <trimesh.Trimesh(vertices.shape=(48, 3), faces.shape=(28, 3))> using `load_obj` in 0.0007s
2024-12-10 08:59:49,826 INFO =====> Skill params: [ 0.75020295  0.8717871   0.83222014 -0.06534086 -0.16191413]
2024-12-10 08:59:49,826 INFO =====> Grad: [ 1.8035483e+03 -4.2243060e+02 -1.8655024e-05 -2.8639274e+00
  2.8487495e-06]
2024-12-10 08:59:49,826 INFO =====> Num. aborted data so far: 0
2024-12-10 08:59:49,834 INFO ===========> Epoch: 14 optimisation losses
2024-12-10 08:59:49,834 INFO =====> EMD Loss: 15.272687
2024-12-10 08:59:49,834 INFO =====> Height map loss: 5.334954
2024-12-10 08:59:49,834 INFO =====> Insertion loss: 0.000000
2024-12-10 08:59:50,240 DEBUG loaded <trimesh.Trimesh(vertices.shape=(916, 3), faces.shape=(856, 3))> using `load_obj` in 0.0029s
2024-12-10 08:59:50,386 DEBUG loaded <trimesh.Trimesh(vertices.shape=(48, 3), faces.shape=(28, 3))> using `load_obj` in 0.0007s
2024-12-10 09:00:00,029 INFO ==> EMD Loss: 15.271201
2024-12-10 09:00:00,029 INFO ==> Height map loss:  5.335121
2024-12-10 09:00:00,030 INFO ==> Insertion loss: 0.000000
2024-12-10 09:00:00,659 DEBUG loaded <trimesh.Trimesh(vertices.shape=(916, 3), faces.shape=(856, 3))> using `load_obj` in 0.0029s
2024-12-10 09:00:00,805 DEBUG loaded <trimesh.Trimesh(vertices.shape=(48, 3), faces.shape=(28, 3))> using `load_obj` in 0.0007s
2024-12-10 09:00:10,111 INFO ==> EMD Loss: 15.279673
2024-12-10 09:00:10,111 INFO ==> Height map loss:  5.335070
2024-12-10 09:00:10,111 INFO ==> Insertion loss: 0.000000
2024-12-10 09:00:10,747 DEBUG loaded <trimesh.Trimesh(vertices.shape=(916, 3), faces.shape=(856, 3))> using `load_obj` in 0.0029s
2024-12-10 09:00:10,894 DEBUG loaded <trimesh.Trimesh(vertices.shape=(48, 3), faces.shape=(28, 3))> using `load_obj` in 0.0007s
2024-12-10 09:00:20,571 INFO ==> EMD Loss: 15.271112
2024-12-10 09:00:20,571 INFO ==> Height map loss:  5.334975
2024-12-10 09:00:20,572 INFO ==> Insertion loss: 0.000000
2024-12-10 09:00:21,197 DEBUG loaded <trimesh.Trimesh(vertices.shape=(916, 3), faces.shape=(856, 3))> using `load_obj` in 0.0029s
2024-12-10 09:00:21,342 DEBUG loaded <trimesh.Trimesh(vertices.shape=(48, 3), faces.shape=(28, 3))> using `load_obj` in 0.0007s
2024-12-10 09:00:31,096 INFO ==> EMD Loss: 15.270899
2024-12-10 09:00:31,096 INFO ==> Height map loss:  5.334870
2024-12-10 09:00:31,097 INFO ==> Insertion loss: 0.000000
2024-12-10 09:00:31,720 DEBUG loaded <trimesh.Trimesh(vertices.shape=(916, 3), faces.shape=(856, 3))> using `load_obj` in 0.0030s
2024-12-10 09:00:31,864 DEBUG loaded <trimesh.Trimesh(vertices.shape=(48, 3), faces.shape=(28, 3))> using `load_obj` in 0.0007s
2024-12-10 09:00:41,578 INFO ==> EMD Loss: 15.279280
2024-12-10 09:00:41,578 INFO ==> Height map loss:  5.334767
2024-12-10 09:00:41,578 INFO ==> Insertion loss: 0.000000
2024-12-10 09:00:42,197 DEBUG loaded <trimesh.Trimesh(vertices.shape=(916, 3), faces.shape=(856, 3))> using `load_obj` in 0.0029s
2024-12-10 09:00:42,341 DEBUG loaded <trimesh.Trimesh(vertices.shape=(48, 3), faces.shape=(28, 3))> using `load_obj` in 0.0007s
2024-12-10 09:01:11,096 INFO =====> Skill params: [ 0.71096694  0.8930211   0.8479735  -0.0651052  -0.16407698]
2024-12-10 09:01:11,096 INFO =====> Grad: [0. 0. 0. 0. 0.]
2024-12-10 09:01:11,096 INFO =====> Num. aborted data so far: 0
2024-12-10 09:01:11,104 ERROR ===> [Warning] Aborting epoch: 15
2024-12-10 09:01:11,104 ERROR ===> [Warning] Particle has nan or inf: False
2024-12-10 09:01:11,104 ERROR ===> [Warning] Strange loss or gradient.
2024-12-10 09:01:11,104 ERROR ===> [Warning] Skill params: [ 0.71096694  0.8930211   0.8479735  -0.0651052  -0.16407698]
2024-12-10 09:01:11,104 ERROR ===> [Warning] Skill params grad: [0. 0. 0. 0. 0.]
2024-12-10 09:01:11,104 ERROR ===> [Warning] EMD Loss: 15.280947
2024-12-10 09:01:11,104 ERROR ===> [Warning] Height map loss: 5.334771
2024-12-10 09:01:11,104 ERROR ===> [Warning] Insertion loss: 0.000000
2024-12-10 09:01:11,522 DEBUG loaded <trimesh.Trimesh(vertices.shape=(916, 3), faces.shape=(856, 3))> using `load_obj` in 0.0029s
2024-12-10 09:01:11,668 DEBUG loaded <trimesh.Trimesh(vertices.shape=(48, 3), faces.shape=(28, 3))> using `load_obj` in 0.0007s
2024-12-10 09:01:40,761 INFO =====> Skill params: [ 0.71096694  0.8930211   0.8479735  -0.0651052  -0.16407698]
2024-12-10 09:01:40,761 INFO =====> Grad: [0. 0. 0. 0. 0.]
2024-12-10 09:01:40,761 INFO =====> Num. aborted data so far: 1
2024-12-10 09:01:40,769 ERROR ===> [Warning] Aborting epoch: 16
2024-12-10 09:01:40,769 ERROR ===> [Warning] Particle has nan or inf: False
2024-12-10 09:01:40,769 ERROR ===> [Warning] Strange loss or gradient.
2024-12-10 09:01:40,769 ERROR ===> [Warning] Skill params: [ 0.71096694  0.8930211   0.8479735  -0.0651052  -0.16407698]
2024-12-10 09:01:40,770 ERROR ===> [Warning] Skill params grad: [0. 0. 0. 0. 0.]
2024-12-10 09:01:40,770 ERROR ===> [Warning] EMD Loss: 15.279157
2024-12-10 09:01:40,770 ERROR ===> [Warning] Height map loss: 5.334626
2024-12-10 09:01:40,770 ERROR ===> [Warning] Insertion loss: 0.000000
2024-12-10 09:01:41,173 DEBUG loaded <trimesh.Trimesh(vertices.shape=(916, 3), faces.shape=(856, 3))> using `load_obj` in 0.0028s
2024-12-10 09:01:41,320 DEBUG loaded <trimesh.Trimesh(vertices.shape=(48, 3), faces.shape=(28, 3))> using `load_obj` in 0.0007s
2024-12-10 09:02:10,047 INFO =====> Skill params: [ 0.71096694  0.8930211   0.8479735  -0.0651052  -0.16407698]
2024-12-10 09:02:10,047 INFO =====> Grad: [0. 0. 0. 0. 0.]
2024-12-10 09:02:10,047 INFO =====> Num. aborted data so far: 2
2024-12-10 09:02:10,055 ERROR ===> [Warning] Aborting epoch: 17
2024-12-10 09:02:10,055 ERROR ===> [Warning] Particle has nan or inf: False
2024-12-10 09:02:10,055 ERROR ===> [Warning] Strange loss or gradient.
2024-12-10 09:02:10,055 ERROR ===> [Warning] Skill params: [ 0.71096694  0.8930211   0.8479735  -0.0651052  -0.16407698]
2024-12-10 09:02:10,055 ERROR ===> [Warning] Skill params grad: [0. 0. 0. 0. 0.]
2024-12-10 09:02:10,055 ERROR ===> [Warning] EMD Loss: 15.279239
2024-12-10 09:02:10,055 ERROR ===> [Warning] Height map loss: 5.334711
2024-12-10 09:02:10,055 ERROR ===> [Warning] Insertion loss: 0.000000
2024-12-10 09:02:10,757 DEBUG loaded <trimesh.Trimesh(vertices.shape=(916, 3), faces.shape=(856, 3))> using `load_obj` in 0.0030s
2024-12-10 09:02:10,903 DEBUG loaded <trimesh.Trimesh(vertices.shape=(48, 3), faces.shape=(28, 3))> using `load_obj` in 0.0007s
2024-12-10 09:02:40,017 INFO =====> Skill params: [ 0.71096694  0.8930211   0.8479735  -0.0651052  -0.16407698]
2024-12-10 09:02:40,017 INFO =====> Grad: [0. 0. 0. 0. 0.]
2024-12-10 09:02:40,017 INFO =====> Num. aborted data so far: 3
2024-12-10 09:02:40,025 ERROR ===> [Warning] Aborting epoch: 18
2024-12-10 09:02:40,026 ERROR ===> [Warning] Particle has nan or inf: False
2024-12-10 09:02:40,026 ERROR ===> [Warning] Strange loss or gradient.
2024-12-10 09:02:40,026 ERROR ===> [Warning] Skill params: [ 0.71096694  0.8930211   0.8479735  -0.0651052  -0.16407698]
2024-12-10 09:02:40,026 ERROR ===> [Warning] Skill params grad: [0. 0. 0. 0. 0.]
2024-12-10 09:02:40,026 ERROR ===> [Warning] EMD Loss: 15.280973
2024-12-10 09:02:40,026 ERROR ===> [Warning] Height map loss: 5.334804
2024-12-10 09:02:40,026 ERROR ===> [Warning] Insertion loss: 0.000000
2024-12-10 09:02:40,684 DEBUG loaded <trimesh.Trimesh(vertices.shape=(916, 3), faces.shape=(856, 3))> using `load_obj` in 0.0029s
2024-12-10 09:02:40,829 DEBUG loaded <trimesh.Trimesh(vertices.shape=(48, 3), faces.shape=(28, 3))> using `load_obj` in 0.0007s
2024-12-10 09:03:09,588 INFO =====> Skill params: [ 0.71096694  0.8930211   0.8479735  -0.0651052  -0.16407698]
2024-12-10 09:03:09,588 INFO =====> Grad: [0. 0. 0. 0. 0.]
2024-12-10 09:03:09,588 INFO =====> Num. aborted data so far: 4
2024-12-10 09:03:09,596 ERROR ===> [Warning] Aborting epoch: 19
2024-12-10 09:03:09,596 ERROR ===> [Warning] Particle has nan or inf: False
2024-12-10 09:03:09,596 ERROR ===> [Warning] Strange loss or gradient.
2024-12-10 09:03:09,596 ERROR ===> [Warning] Skill params: [ 0.71096694  0.8930211   0.8479735  -0.0651052  -0.16407698]
2024-12-10 09:03:09,596 ERROR ===> [Warning] Skill params grad: [0. 0. 0. 0. 0.]
2024-12-10 09:03:09,596 ERROR ===> [Warning] EMD Loss: 15.280970
2024-12-10 09:03:09,596 ERROR ===> [Warning] Height map loss: 5.334645
2024-12-10 09:03:09,596 ERROR ===> [Warning] Insertion loss: 0.000000
2024-12-10 09:03:10,258 DEBUG loaded <trimesh.Trimesh(vertices.shape=(916, 3), faces.shape=(856, 3))> using `load_obj` in 0.0029s
2024-12-10 09:03:10,408 DEBUG loaded <trimesh.Trimesh(vertices.shape=(48, 3), faces.shape=(28, 3))> using `load_obj` in 0.0007s
2024-12-10 09:03:20,153 INFO ===========> Finished training.
2024-12-10 09:03:20,153 INFO ====> Final EMD Loss: 15.279266
2024-12-10 09:03:20,153 INFO ====> Final Height map loss: 5.334702
2024-12-10 09:03:20,153 INFO ====> Final Insertion loss: 0.000000
2024-12-10 09:03:20,153 INFO ====> Final skill params: [ 0.71096694  0.8930211   0.8479735  -0.0651052  -0.16407698]
