2024-12-06 07:48:09,819 DEBUG loaded <trimesh.Trimesh(vertices.shape=(916, 3), faces.shape=(856, 3))> using `load_obj` in 0.0027s
2024-12-06 07:48:10,107 DEBUG loaded <trimesh.Trimesh(vertices.shape=(48, 3), faces.shape=(28, 3))> using `load_obj` in 0.0008s
2024-12-06 07:48:56,297 INFO =====> Skill params: [ 1.    0.45  0.8   0.   -0.1 ]
2024-12-06 07:48:56,297 INFO =====> Grad: [ 2.4347344e+03 -1.9472987e+02  1.4702186e-05  8.8779950e+02
 -1.6742672e-05]
2024-12-06 07:48:56,297 INFO =====> Num. aborted data so far: 0
2024-12-06 07:48:56,323 INFO ===========> Epoch: 0 optimisation losses
2024-12-06 07:48:56,323 INFO =====> EMD Loss: 19.000572
2024-12-06 07:48:56,323 INFO =====> Height map loss: 11.873241
2024-12-06 07:48:56,324 INFO =====> Insertion loss: 0.000000
2024-12-06 07:48:56,864 DEBUG loaded <trimesh.Trimesh(vertices.shape=(916, 3), faces.shape=(856, 3))> using `load_obj` in 0.0028s
2024-12-06 07:48:56,999 DEBUG loaded <trimesh.Trimesh(vertices.shape=(48, 3), faces.shape=(28, 3))> using `load_obj` in 0.0006s
2024-12-06 07:49:06,099 INFO ==> EMD Loss: 19.006001
2024-12-06 07:49:06,099 INFO ==> Height map loss:  11.765280
2024-12-06 07:49:06,099 INFO ==> Insertion loss: 0.000000
2024-12-06 07:49:06,401 DEBUG loaded <trimesh.Trimesh(vertices.shape=(916, 3), faces.shape=(856, 3))> using `load_obj` in 0.0028s
2024-12-06 07:49:06,536 DEBUG loaded <trimesh.Trimesh(vertices.shape=(48, 3), faces.shape=(28, 3))> using `load_obj` in 0.0007s
2024-12-06 07:49:13,949 INFO ==> EMD Loss: 18.810331
2024-12-06 07:49:13,949 INFO ==> Height map loss:  11.832978
2024-12-06 07:49:13,949 INFO ==> Insertion loss: 0.000000
2024-12-06 07:49:14,232 DEBUG loaded <trimesh.Trimesh(vertices.shape=(916, 3), faces.shape=(856, 3))> using `load_obj` in 0.0028s
2024-12-06 07:49:14,367 DEBUG loaded <trimesh.Trimesh(vertices.shape=(48, 3), faces.shape=(28, 3))> using `load_obj` in 0.0007s
2024-12-06 07:49:21,941 INFO ==> EMD Loss: 18.737772
2024-12-06 07:49:21,941 INFO ==> Height map loss:  11.791472
2024-12-06 07:49:21,941 INFO ==> Insertion loss: 0.000000
2024-12-06 07:49:22,224 DEBUG loaded <trimesh.Trimesh(vertices.shape=(916, 3), faces.shape=(856, 3))> using `load_obj` in 0.0028s
2024-12-06 07:49:22,360 DEBUG loaded <trimesh.Trimesh(vertices.shape=(48, 3), faces.shape=(28, 3))> using `load_obj` in 0.0007s
2024-12-06 07:49:29,946 INFO ==> EMD Loss: 18.370081
2024-12-06 07:49:29,947 INFO ==> Height map loss:  11.621881
2024-12-06 07:49:29,947 INFO ==> Insertion loss: 0.000000
2024-12-06 07:49:30,233 DEBUG loaded <trimesh.Trimesh(vertices.shape=(916, 3), faces.shape=(856, 3))> using `load_obj` in 0.0028s
2024-12-06 07:49:30,369 DEBUG loaded <trimesh.Trimesh(vertices.shape=(48, 3), faces.shape=(28, 3))> using `load_obj` in 0.0007s
2024-12-06 07:49:39,570 INFO ==> EMD Loss: 18.355907
2024-12-06 07:49:39,570 INFO ==> Height map loss:  11.415176
2024-12-06 07:49:39,570 INFO ==> Insertion loss: 0.000000
2024-12-06 07:49:39,884 DEBUG loaded <trimesh.Trimesh(vertices.shape=(916, 3), faces.shape=(856, 3))> using `load_obj` in 0.0029s
2024-12-06 07:49:40,020 DEBUG loaded <trimesh.Trimesh(vertices.shape=(48, 3), faces.shape=(28, 3))> using `load_obj` in 0.0007s
2024-12-06 07:50:10,132 INFO =====> Skill params: [ 0.96837723  0.48162276  0.79845226 -0.03162277 -0.0982381 ]
2024-12-06 07:50:10,132 INFO =====> Grad: [-2.4284636e+03  5.4083990e+02  7.4568394e-05  1.0376620e+03
  3.5897290e-06]
2024-12-06 07:50:10,132 INFO =====> Num. aborted data so far: 0
2024-12-06 07:50:10,140 INFO ===========> Epoch: 1 optimisation losses
2024-12-06 07:50:10,140 INFO =====> EMD Loss: 18.342844
2024-12-06 07:50:10,140 INFO =====> Height map loss: 11.419233
2024-12-06 07:50:10,140 INFO =====> Insertion loss: 0.000000
2024-12-06 07:50:10,489 DEBUG loaded <trimesh.Trimesh(vertices.shape=(916, 3), faces.shape=(856, 3))> using `load_obj` in 0.0029s
2024-12-06 07:50:10,626 DEBUG loaded <trimesh.Trimesh(vertices.shape=(48, 3), faces.shape=(28, 3))> using `load_obj` in 0.0007s
2024-12-06 07:50:18,308 INFO ==> EMD Loss: 18.378960
2024-12-06 07:50:18,308 INFO ==> Height map loss:  11.405491
2024-12-06 07:50:18,308 INFO ==> Insertion loss: 0.000000
2024-12-06 07:50:18,609 DEBUG loaded <trimesh.Trimesh(vertices.shape=(916, 3), faces.shape=(856, 3))> using `load_obj` in 0.0029s
2024-12-06 07:50:18,746 DEBUG loaded <trimesh.Trimesh(vertices.shape=(48, 3), faces.shape=(28, 3))> using `load_obj` in 0.0007s
2024-12-06 07:50:26,389 INFO ==> EMD Loss: 18.489548
2024-12-06 07:50:26,390 INFO ==> Height map loss:  11.589393
2024-12-06 07:50:26,390 INFO ==> Insertion loss: 0.000000
2024-12-06 07:50:26,684 DEBUG loaded <trimesh.Trimesh(vertices.shape=(916, 3), faces.shape=(856, 3))> using `load_obj` in 0.0028s
2024-12-06 07:50:26,821 DEBUG loaded <trimesh.Trimesh(vertices.shape=(48, 3), faces.shape=(28, 3))> using `load_obj` in 0.0007s
2024-12-06 07:50:34,433 INFO ==> EMD Loss: 18.512732
2024-12-06 07:50:34,433 INFO ==> Height map loss:  11.758894
2024-12-06 07:50:34,433 INFO ==> Insertion loss: 0.000000
2024-12-06 07:50:34,732 DEBUG loaded <trimesh.Trimesh(vertices.shape=(916, 3), faces.shape=(856, 3))> using `load_obj` in 0.0029s
2024-12-06 07:50:34,871 DEBUG loaded <trimesh.Trimesh(vertices.shape=(48, 3), faces.shape=(28, 3))> using `load_obj` in 0.0007s
2024-12-06 07:50:42,358 INFO ==> EMD Loss: 18.503225
2024-12-06 07:50:42,358 INFO ==> Height map loss:  11.746771
2024-12-06 07:50:42,358 INFO ==> Insertion loss: 0.000000
2024-12-06 07:50:42,658 DEBUG loaded <trimesh.Trimesh(vertices.shape=(916, 3), faces.shape=(856, 3))> using `load_obj` in 0.0028s
2024-12-06 07:50:42,794 DEBUG loaded <trimesh.Trimesh(vertices.shape=(48, 3), faces.shape=(28, 3))> using `load_obj` in 0.0007s
2024-12-06 07:50:50,341 INFO ==> EMD Loss: 18.517275
2024-12-06 07:50:50,341 INFO ==> Height map loss:  11.742739
2024-12-06 07:50:50,341 INFO ==> Insertion loss: 0.000000
2024-12-06 07:50:50,640 DEBUG loaded <trimesh.Trimesh(vertices.shape=(916, 3), faces.shape=(856, 3))> using `load_obj` in 0.0028s
2024-12-06 07:50:50,778 DEBUG loaded <trimesh.Trimesh(vertices.shape=(48, 3), faces.shape=(28, 3))> using `load_obj` in 0.0007s
2024-12-06 07:51:11,711 INFO =====> Skill params: [ 0.9695229   0.4801265   0.798052   -0.03285042 -0.098258  ]
2024-12-06 07:51:11,711 INFO =====> Grad: [ 1.3618536e+03 -2.7383807e+02  2.6641743e-05  1.3114432e+03
 -5.3945510e-05]
2024-12-06 07:51:11,711 INFO =====> Num. aborted data so far: 0
2024-12-06 07:51:11,719 INFO ===========> Epoch: 2 optimisation losses
2024-12-06 07:51:11,719 INFO =====> EMD Loss: 18.379055
2024-12-06 07:51:11,719 INFO =====> Height map loss: 11.405547
2024-12-06 07:51:11,719 INFO =====> Insertion loss: 0.000000
2024-12-06 07:51:12,047 DEBUG loaded <trimesh.Trimesh(vertices.shape=(916, 3), faces.shape=(856, 3))> using `load_obj` in 0.0028s
2024-12-06 07:51:12,182 DEBUG loaded <trimesh.Trimesh(vertices.shape=(48, 3), faces.shape=(28, 3))> using `load_obj` in 0.0007s
2024-12-06 07:51:21,523 INFO ==> EMD Loss: 18.380430
2024-12-06 07:51:21,523 INFO ==> Height map loss:  11.392800
2024-12-06 07:51:21,523 INFO ==> Insertion loss: 0.000000
2024-12-06 07:51:21,845 DEBUG loaded <trimesh.Trimesh(vertices.shape=(916, 3), faces.shape=(856, 3))> using `load_obj` in 0.0028s
2024-12-06 07:51:21,983 DEBUG loaded <trimesh.Trimesh(vertices.shape=(48, 3), faces.shape=(28, 3))> using `load_obj` in 0.0007s
2024-12-06 07:51:29,561 INFO ==> EMD Loss: 18.374128
2024-12-06 07:51:29,561 INFO ==> Height map loss:  11.413321
2024-12-06 07:51:29,561 INFO ==> Insertion loss: 0.000000
2024-12-06 07:51:29,863 DEBUG loaded <trimesh.Trimesh(vertices.shape=(916, 3), faces.shape=(856, 3))> using `load_obj` in 0.0028s
2024-12-06 07:51:30,000 DEBUG loaded <trimesh.Trimesh(vertices.shape=(48, 3), faces.shape=(28, 3))> using `load_obj` in 0.0007s
2024-12-06 07:51:37,684 INFO ==> EMD Loss: 18.314455
2024-12-06 07:51:37,684 INFO ==> Height map loss:  11.456982
2024-12-06 07:51:37,684 INFO ==> Insertion loss: 0.000000
2024-12-06 07:51:37,989 DEBUG loaded <trimesh.Trimesh(vertices.shape=(916, 3), faces.shape=(856, 3))> using `load_obj` in 0.0028s
2024-12-06 07:51:38,127 DEBUG loaded <trimesh.Trimesh(vertices.shape=(48, 3), faces.shape=(28, 3))> using `load_obj` in 0.0007s
2024-12-06 07:51:45,773 INFO ==> EMD Loss: 18.314003
2024-12-06 07:51:45,773 INFO ==> Height map loss:  11.363194
2024-12-06 07:51:45,773 INFO ==> Insertion loss: 0.000000
2024-12-06 07:51:46,151 DEBUG loaded <trimesh.Trimesh(vertices.shape=(916, 3), faces.shape=(856, 3))> using `load_obj` in 0.0028s
2024-12-06 07:51:46,288 DEBUG loaded <trimesh.Trimesh(vertices.shape=(48, 3), faces.shape=(28, 3))> using `load_obj` in 0.0007s
2024-12-06 07:51:54,002 INFO ==> EMD Loss: 18.369993
2024-12-06 07:51:54,002 INFO ==> Height map loss:  11.345741
2024-12-06 07:51:54,002 INFO ==> Insertion loss: 0.000000
2024-12-06 07:51:54,311 DEBUG loaded <trimesh.Trimesh(vertices.shape=(916, 3), faces.shape=(856, 3))> using `load_obj` in 0.0028s
2024-12-06 07:51:54,449 DEBUG loaded <trimesh.Trimesh(vertices.shape=(48, 3), faces.shape=(28, 3))> using `load_obj` in 0.0007s
2024-12-06 07:52:15,522 INFO =====> Skill params: [ 0.9570722   0.49438274  0.7950509  -0.05558558 -0.09207273]
2024-12-06 07:52:15,522 INFO =====> Grad: [ 2.5103765e+03 -1.6882224e+03 -2.2703989e-05  3.3010571e+02
  1.9456988e-06]
2024-12-06 07:52:15,522 INFO =====> Num. aborted data so far: 0
2024-12-06 07:52:15,530 INFO ===========> Epoch: 3 optimisation losses
2024-12-06 07:52:15,530 INFO =====> EMD Loss: 18.372225
2024-12-06 07:52:15,530 INFO =====> Height map loss: 11.345427
2024-12-06 07:52:15,530 INFO =====> Insertion loss: 0.000000
2024-12-06 07:52:15,873 DEBUG loaded <trimesh.Trimesh(vertices.shape=(916, 3), faces.shape=(856, 3))> using `load_obj` in 0.0030s
2024-12-06 07:52:16,012 DEBUG loaded <trimesh.Trimesh(vertices.shape=(48, 3), faces.shape=(28, 3))> using `load_obj` in 0.0007s
2024-12-06 07:52:23,745 INFO ==> EMD Loss: 18.277512
2024-12-06 07:52:23,745 INFO ==> Height map loss:  11.298108
2024-12-06 07:52:23,745 INFO ==> Insertion loss: 0.000000
2024-12-06 07:52:24,053 DEBUG loaded <trimesh.Trimesh(vertices.shape=(916, 3), faces.shape=(856, 3))> using `load_obj` in 0.0028s
2024-12-06 07:52:24,192 DEBUG loaded <trimesh.Trimesh(vertices.shape=(48, 3), faces.shape=(28, 3))> using `load_obj` in 0.0007s
2024-12-06 07:52:31,834 INFO ==> EMD Loss: 18.201853
2024-12-06 07:52:31,834 INFO ==> Height map loss:  11.272835
2024-12-06 07:52:31,834 INFO ==> Insertion loss: 0.000000
2024-12-06 07:52:32,190 DEBUG loaded <trimesh.Trimesh(vertices.shape=(916, 3), faces.shape=(856, 3))> using `load_obj` in 0.0028s
2024-12-06 07:52:32,330 DEBUG loaded <trimesh.Trimesh(vertices.shape=(48, 3), faces.shape=(28, 3))> using `load_obj` in 0.0007s
2024-12-06 07:52:40,136 INFO ==> EMD Loss: 18.069851
2024-12-06 07:52:40,137 INFO ==> Height map loss:  11.080478
2024-12-06 07:52:40,137 INFO ==> Insertion loss: 0.000000
2024-12-06 07:52:40,458 DEBUG loaded <trimesh.Trimesh(vertices.shape=(916, 3), faces.shape=(856, 3))> using `load_obj` in 0.0028s
2024-12-06 07:52:40,596 DEBUG loaded <trimesh.Trimesh(vertices.shape=(48, 3), faces.shape=(28, 3))> using `load_obj` in 0.0007s
2024-12-06 07:52:48,344 INFO ==> EMD Loss: 17.971292
2024-12-06 07:52:48,344 INFO ==> Height map loss:  10.943880
2024-12-06 07:52:48,344 INFO ==> Insertion loss: 0.000000
2024-12-06 07:52:48,663 DEBUG loaded <trimesh.Trimesh(vertices.shape=(916, 3), faces.shape=(856, 3))> using `load_obj` in 0.0028s
2024-12-06 07:52:48,807 DEBUG loaded <trimesh.Trimesh(vertices.shape=(48, 3), faces.shape=(28, 3))> using `load_obj` in 0.0007s
2024-12-06 07:52:56,709 INFO ==> EMD Loss: 17.775373
2024-12-06 07:52:56,709 INFO ==> Height map loss:  10.864560
2024-12-06 07:52:56,709 INFO ==> Insertion loss: 0.000000
2024-12-06 07:52:57,026 DEBUG loaded <trimesh.Trimesh(vertices.shape=(916, 3), faces.shape=(856, 3))> using `load_obj` in 0.0028s
2024-12-06 07:52:57,164 DEBUG loaded <trimesh.Trimesh(vertices.shape=(48, 3), faces.shape=(28, 3))> using `load_obj` in 0.0007s
2024-12-06 07:53:18,768 INFO =====> Skill params: [ 0.93785775  0.5243101   0.797737   -0.061511   -0.09230787]
2024-12-06 07:53:18,768 INFO =====> Grad: [-2.5472441e+03  1.2377224e+03  4.3038253e-06  3.8740289e+02
 -5.8925248e-06]
2024-12-06 07:53:18,768 INFO =====> Num. aborted data so far: 0
2024-12-06 07:53:18,776 INFO ===========> Epoch: 4 optimisation losses
2024-12-06 07:53:18,776 INFO =====> EMD Loss: 17.775026
2024-12-06 07:53:18,776 INFO =====> Height map loss: 10.862687
2024-12-06 07:53:18,776 INFO =====> Insertion loss: 0.000000
2024-12-06 07:53:19,125 DEBUG loaded <trimesh.Trimesh(vertices.shape=(916, 3), faces.shape=(856, 3))> using `load_obj` in 0.0028s
2024-12-06 07:53:19,269 DEBUG loaded <trimesh.Trimesh(vertices.shape=(48, 3), faces.shape=(28, 3))> using `load_obj` in 0.0007s
2024-12-06 07:53:27,071 INFO ==> EMD Loss: 17.805079
2024-12-06 07:53:27,071 INFO ==> Height map loss:  10.871313
2024-12-06 07:53:27,071 INFO ==> Insertion loss: 0.000000
2024-12-06 07:53:27,389 DEBUG loaded <trimesh.Trimesh(vertices.shape=(916, 3), faces.shape=(856, 3))> using `load_obj` in 0.0028s
2024-12-06 07:53:27,528 DEBUG loaded <trimesh.Trimesh(vertices.shape=(48, 3), faces.shape=(28, 3))> using `load_obj` in 0.0007s
2024-12-06 07:53:35,429 INFO ==> EMD Loss: 17.891895
2024-12-06 07:53:35,429 INFO ==> Height map loss:  10.878849
2024-12-06 07:53:35,429 INFO ==> Insertion loss: 0.000000
2024-12-06 07:53:35,750 DEBUG loaded <trimesh.Trimesh(vertices.shape=(916, 3), faces.shape=(856, 3))> using `load_obj` in 0.0028s
2024-12-06 07:53:35,890 DEBUG loaded <trimesh.Trimesh(vertices.shape=(48, 3), faces.shape=(28, 3))> using `load_obj` in 0.0007s
2024-12-06 07:53:43,765 INFO ==> EMD Loss: 17.886248
2024-12-06 07:53:43,765 INFO ==> Height map loss:  10.952985
2024-12-06 07:53:43,765 INFO ==> Insertion loss: 0.000000
2024-12-06 07:53:44,082 DEBUG loaded <trimesh.Trimesh(vertices.shape=(916, 3), faces.shape=(856, 3))> using `load_obj` in 0.0028s
2024-12-06 07:53:44,221 DEBUG loaded <trimesh.Trimesh(vertices.shape=(48, 3), faces.shape=(28, 3))> using `load_obj` in 0.0007s
2024-12-06 07:53:51,992 INFO ==> EMD Loss: 18.024599
2024-12-06 07:53:51,992 INFO ==> Height map loss:  11.070996
2024-12-06 07:53:51,992 INFO ==> Insertion loss: 0.000000
2024-12-06 07:53:52,309 DEBUG loaded <trimesh.Trimesh(vertices.shape=(916, 3), faces.shape=(856, 3))> using `load_obj` in 0.0028s
2024-12-06 07:53:52,449 DEBUG loaded <trimesh.Trimesh(vertices.shape=(48, 3), faces.shape=(28, 3))> using `load_obj` in 0.0007s
2024-12-06 07:54:00,278 INFO ==> EMD Loss: 18.150225
2024-12-06 07:54:00,278 INFO ==> Height map loss:  11.161852
2024-12-06 07:54:00,278 INFO ==> Insertion loss: 0.000000
2024-12-06 07:54:00,664 DEBUG loaded <trimesh.Trimesh(vertices.shape=(916, 3), faces.shape=(856, 3))> using `load_obj` in 0.0028s
2024-12-06 07:54:00,804 DEBUG loaded <trimesh.Trimesh(vertices.shape=(48, 3), faces.shape=(28, 3))> using `load_obj` in 0.0007s
2024-12-06 07:54:22,393 INFO =====> Skill params: [ 0.93871933  0.5233767   0.7977102  -0.06186803 -0.09227035]
2024-12-06 07:54:22,393 INFO =====> Grad: [-2.5504402e+03  1.7784882e+03  7.2370076e-06  8.2231555e+02
 -8.9456735e-06]
2024-12-06 07:54:22,393 INFO =====> Num. aborted data so far: 0
2024-12-06 07:54:22,401 INFO ===========> Epoch: 5 optimisation losses
2024-12-06 07:54:22,402 INFO =====> EMD Loss: 17.815437
2024-12-06 07:54:22,402 INFO =====> Height map loss: 10.871527
2024-12-06 07:54:22,402 INFO =====> Insertion loss: 0.000000
2024-12-06 07:54:22,830 DEBUG loaded <trimesh.Trimesh(vertices.shape=(916, 3), faces.shape=(856, 3))> using `load_obj` in 0.0028s
2024-12-06 07:54:22,970 DEBUG loaded <trimesh.Trimesh(vertices.shape=(48, 3), faces.shape=(28, 3))> using `load_obj` in 0.0007s
2024-12-06 07:54:30,951 INFO ==> EMD Loss: 17.765985
2024-12-06 07:54:30,952 INFO ==> Height map loss:  10.894696
2024-12-06 07:54:30,952 INFO ==> Insertion loss: 0.000000
2024-12-06 07:54:31,271 DEBUG loaded <trimesh.Trimesh(vertices.shape=(916, 3), faces.shape=(856, 3))> using `load_obj` in 0.0028s
2024-12-06 07:54:31,411 DEBUG loaded <trimesh.Trimesh(vertices.shape=(48, 3), faces.shape=(28, 3))> using `load_obj` in 0.0007s
2024-12-06 07:54:39,208 INFO ==> EMD Loss: 17.930542
2024-12-06 07:54:39,209 INFO ==> Height map loss:  10.954947
2024-12-06 07:54:39,209 INFO ==> Insertion loss: 0.000000
2024-12-06 07:54:39,529 DEBUG loaded <trimesh.Trimesh(vertices.shape=(916, 3), faces.shape=(856, 3))> using `load_obj` in 0.0027s
2024-12-06 07:54:39,669 DEBUG loaded <trimesh.Trimesh(vertices.shape=(48, 3), faces.shape=(28, 3))> using `load_obj` in 0.0007s
2024-12-06 07:54:47,542 INFO ==> EMD Loss: 17.989799
2024-12-06 07:54:47,542 INFO ==> Height map loss:  11.043924
2024-12-06 07:54:47,542 INFO ==> Insertion loss: 0.000000
2024-12-06 07:54:47,864 DEBUG loaded <trimesh.Trimesh(vertices.shape=(916, 3), faces.shape=(856, 3))> using `load_obj` in 0.0028s
2024-12-06 07:54:48,005 DEBUG loaded <trimesh.Trimesh(vertices.shape=(48, 3), faces.shape=(28, 3))> using `load_obj` in 0.0007s
2024-12-06 07:54:55,835 INFO ==> EMD Loss: 18.119459
2024-12-06 07:54:55,835 INFO ==> Height map loss:  11.195155
2024-12-06 07:54:55,835 INFO ==> Insertion loss: 0.000000
2024-12-06 07:54:56,162 DEBUG loaded <trimesh.Trimesh(vertices.shape=(916, 3), faces.shape=(856, 3))> using `load_obj` in 0.0028s
2024-12-06 07:54:56,303 DEBUG loaded <trimesh.Trimesh(vertices.shape=(48, 3), faces.shape=(28, 3))> using `load_obj` in 0.0007s
2024-12-06 07:55:03,968 INFO ==> EMD Loss: 18.245323
2024-12-06 07:55:03,968 INFO ==> Height map loss:  11.225580
2024-12-06 07:55:03,968 INFO ==> Insertion loss: 0.000000
2024-12-06 07:55:04,291 DEBUG loaded <trimesh.Trimesh(vertices.shape=(916, 3), faces.shape=(856, 3))> using `load_obj` in 0.0028s
2024-12-06 07:55:04,432 DEBUG loaded <trimesh.Trimesh(vertices.shape=(48, 3), faces.shape=(28, 3))> using `load_obj` in 0.0007s
2024-12-06 07:55:26,387 INFO =====> Skill params: [ 0.9395076   0.5223228   0.7976626  -0.06258105 -0.09221035]
2024-12-06 07:55:26,387 INFO =====> Grad: [ 6.2298975e+02 -1.3317590e+03 -5.1975858e-05 -5.4625006e+02
 -6.5615927e-06]
2024-12-06 07:55:26,387 INFO =====> Num. aborted data so far: 0
2024-12-06 07:55:26,396 INFO ===========> Epoch: 6 optimisation losses
2024-12-06 07:55:26,396 INFO =====> EMD Loss: 17.766045
2024-12-06 07:55:26,396 INFO =====> Height map loss: 10.894555
2024-12-06 07:55:26,396 INFO =====> Insertion loss: 0.000000
2024-12-06 07:55:26,759 DEBUG loaded <trimesh.Trimesh(vertices.shape=(916, 3), faces.shape=(856, 3))> using `load_obj` in 0.0028s
2024-12-06 07:55:26,901 DEBUG loaded <trimesh.Trimesh(vertices.shape=(48, 3), faces.shape=(28, 3))> using `load_obj` in 0.0007s
2024-12-06 07:55:34,846 INFO ==> EMD Loss: 17.821770
2024-12-06 07:55:34,846 INFO ==> Height map loss:  10.878194
2024-12-06 07:55:34,846 INFO ==> Insertion loss: 0.000000
2024-12-06 07:55:35,183 DEBUG loaded <trimesh.Trimesh(vertices.shape=(916, 3), faces.shape=(856, 3))> using `load_obj` in 0.0028s
2024-12-06 07:55:35,326 DEBUG loaded <trimesh.Trimesh(vertices.shape=(48, 3), faces.shape=(28, 3))> using `load_obj` in 0.0007s
2024-12-06 07:55:43,172 INFO ==> EMD Loss: 17.742138
2024-12-06 07:55:43,172 INFO ==> Height map loss:  10.805748
2024-12-06 07:55:43,172 INFO ==> Insertion loss: 0.000000
2024-12-06 07:55:43,500 DEBUG loaded <trimesh.Trimesh(vertices.shape=(916, 3), faces.shape=(856, 3))> using `load_obj` in 0.0028s
2024-12-06 07:55:43,641 DEBUG loaded <trimesh.Trimesh(vertices.shape=(48, 3), faces.shape=(28, 3))> using `load_obj` in 0.0007s
2024-12-06 07:55:51,658 INFO ==> EMD Loss: 17.912302
2024-12-06 07:55:51,658 INFO ==> Height map loss:  10.883331
2024-12-06 07:55:51,658 INFO ==> Insertion loss: 0.000000
2024-12-06 07:55:51,982 DEBUG loaded <trimesh.Trimesh(vertices.shape=(916, 3), faces.shape=(856, 3))> using `load_obj` in 0.0028s
2024-12-06 07:55:52,125 DEBUG loaded <trimesh.Trimesh(vertices.shape=(48, 3), faces.shape=(28, 3))> using `load_obj` in 0.0007s
2024-12-06 07:56:00,059 INFO ==> EMD Loss: 17.877594
2024-12-06 07:56:00,059 INFO ==> Height map loss:  10.817840
2024-12-06 07:56:00,059 INFO ==> Insertion loss: 0.000000
2024-12-06 07:56:00,393 DEBUG loaded <trimesh.Trimesh(vertices.shape=(916, 3), faces.shape=(856, 3))> using `load_obj` in 0.0029s
2024-12-06 07:56:00,534 DEBUG loaded <trimesh.Trimesh(vertices.shape=(48, 3), faces.shape=(28, 3))> using `load_obj` in 0.0007s
2024-12-06 07:56:08,560 INFO ==> EMD Loss: 17.834774
2024-12-06 07:56:08,560 INFO ==> Height map loss:  10.820794
2024-12-06 07:56:08,560 INFO ==> Insertion loss: 0.000000
2024-12-06 07:56:08,886 DEBUG loaded <trimesh.Trimesh(vertices.shape=(916, 3), faces.shape=(856, 3))> using `load_obj` in 0.0028s
2024-12-06 07:56:09,026 DEBUG loaded <trimesh.Trimesh(vertices.shape=(48, 3), faces.shape=(28, 3))> using `load_obj` in 0.0007s
2024-12-06 07:56:30,852 INFO =====> Skill params: [ 0.93850106  0.5260038   0.79941714 -0.06020058 -0.0919785 ]
2024-12-06 07:56:30,852 INFO =====> Grad: [-2.5402998e+03  1.9774015e+03 -1.7476009e-06 -1.3128643e+03
 -4.7552066e-06]
2024-12-06 07:56:30,852 INFO =====> Num. aborted data so far: 0
2024-12-06 07:56:30,860 INFO ===========> Epoch: 7 optimisation losses
2024-12-06 07:56:30,860 INFO =====> EMD Loss: 17.747189
2024-12-06 07:56:30,860 INFO =====> Height map loss: 10.805387
2024-12-06 07:56:30,860 INFO =====> Insertion loss: 0.000000
2024-12-06 07:56:31,249 DEBUG loaded <trimesh.Trimesh(vertices.shape=(916, 3), faces.shape=(856, 3))> using `load_obj` in 0.0028s
2024-12-06 07:56:31,391 DEBUG loaded <trimesh.Trimesh(vertices.shape=(48, 3), faces.shape=(28, 3))> using `load_obj` in 0.0007s
2024-12-06 07:56:39,251 INFO ==> EMD Loss: 17.789871
2024-12-06 07:56:39,251 INFO ==> Height map loss:  10.825597
2024-12-06 07:56:39,251 INFO ==> Insertion loss: 0.000000
2024-12-06 07:56:39,606 DEBUG loaded <trimesh.Trimesh(vertices.shape=(916, 3), faces.shape=(856, 3))> using `load_obj` in 0.0028s
2024-12-06 07:56:39,746 DEBUG loaded <trimesh.Trimesh(vertices.shape=(48, 3), faces.shape=(28, 3))> using `load_obj` in 0.0007s
2024-12-06 07:56:47,677 INFO ==> EMD Loss: 17.837452
2024-12-06 07:56:47,677 INFO ==> Height map loss:  10.914730
2024-12-06 07:56:47,677 INFO ==> Insertion loss: 0.000000
2024-12-06 07:56:48,003 DEBUG loaded <trimesh.Trimesh(vertices.shape=(916, 3), faces.shape=(856, 3))> using `load_obj` in 0.0028s
2024-12-06 07:56:48,142 DEBUG loaded <trimesh.Trimesh(vertices.shape=(48, 3), faces.shape=(28, 3))> using `load_obj` in 0.0007s
2024-12-06 07:56:55,923 INFO ==> EMD Loss: 17.970318
2024-12-06 07:56:55,923 INFO ==> Height map loss:  10.988347
2024-12-06 07:56:55,923 INFO ==> Insertion loss: 0.000000
2024-12-06 07:56:56,255 DEBUG loaded <trimesh.Trimesh(vertices.shape=(916, 3), faces.shape=(856, 3))> using `load_obj` in 0.0029s
2024-12-06 07:56:56,399 DEBUG loaded <trimesh.Trimesh(vertices.shape=(48, 3), faces.shape=(28, 3))> using `load_obj` in 0.0007s
2024-12-06 07:57:04,304 INFO ==> EMD Loss: 18.096357
2024-12-06 07:57:04,304 INFO ==> Height map loss:  11.044105
2024-12-06 07:57:04,304 INFO ==> Insertion loss: 0.000000
2024-12-06 07:57:04,637 DEBUG loaded <trimesh.Trimesh(vertices.shape=(916, 3), faces.shape=(856, 3))> using `load_obj` in 0.0028s
2024-12-06 07:57:04,778 DEBUG loaded <trimesh.Trimesh(vertices.shape=(48, 3), faces.shape=(28, 3))> using `load_obj` in 0.0007s
2024-12-06 07:57:12,561 INFO ==> EMD Loss: 18.145914
2024-12-06 07:57:12,561 INFO ==> Height map loss:  11.206805
2024-12-06 07:57:12,561 INFO ==> Insertion loss: 0.000000
2024-12-06 07:57:12,941 DEBUG loaded <trimesh.Trimesh(vertices.shape=(916, 3), faces.shape=(856, 3))> using `load_obj` in 0.0028s
2024-12-06 07:57:13,081 DEBUG loaded <trimesh.Trimesh(vertices.shape=(48, 3), faces.shape=(28, 3))> using `load_obj` in 0.0007s
2024-12-06 07:57:34,858 INFO =====> Skill params: [ 0.9392601   0.5250726   0.7994296  -0.0592416  -0.09194309]
2024-12-06 07:57:34,858 INFO =====> Grad: [ 2.5435251e+03 -1.6968822e+03 -2.2069658e-05  1.2636182e+03
  6.1611405e-05]
2024-12-06 07:57:34,858 INFO =====> Num. aborted data so far: 0
2024-12-06 07:57:34,866 INFO ===========> Epoch: 8 optimisation losses
2024-12-06 07:57:34,866 INFO =====> EMD Loss: 17.790205
2024-12-06 07:57:34,866 INFO =====> Height map loss: 10.825517
2024-12-06 07:57:34,866 INFO =====> Insertion loss: 0.000000
2024-12-06 07:57:35,223 DEBUG loaded <trimesh.Trimesh(vertices.shape=(916, 3), faces.shape=(856, 3))> using `load_obj` in 0.0029s
2024-12-06 07:57:35,363 DEBUG loaded <trimesh.Trimesh(vertices.shape=(48, 3), faces.shape=(28, 3))> using `load_obj` in 0.0007s
2024-12-06 07:57:43,208 INFO ==> EMD Loss: 17.806345
2024-12-06 07:57:43,208 INFO ==> Height map loss:  10.837708
2024-12-06 07:57:43,208 INFO ==> Insertion loss: 0.000000
2024-12-06 07:57:43,544 DEBUG loaded <trimesh.Trimesh(vertices.shape=(916, 3), faces.shape=(856, 3))> using `load_obj` in 0.0028s
2024-12-06 07:57:43,689 DEBUG loaded <trimesh.Trimesh(vertices.shape=(48, 3), faces.shape=(28, 3))> using `load_obj` in 0.0007s
2024-12-06 07:57:51,697 INFO ==> EMD Loss: 17.915144
2024-12-06 07:57:51,697 INFO ==> Height map loss:  10.818156
2024-12-06 07:57:51,697 INFO ==> Insertion loss: 0.000000
2024-12-06 07:57:52,059 DEBUG loaded <trimesh.Trimesh(vertices.shape=(916, 3), faces.shape=(856, 3))> using `load_obj` in 0.0029s
2024-12-06 07:57:52,199 DEBUG loaded <trimesh.Trimesh(vertices.shape=(48, 3), faces.shape=(28, 3))> using `load_obj` in 0.0007s
2024-12-06 07:58:00,113 INFO ==> EMD Loss: 17.840227
2024-12-06 07:58:00,113 INFO ==> Height map loss:  10.749557
2024-12-06 07:58:00,113 INFO ==> Insertion loss: 0.000000
2024-12-06 07:58:00,449 DEBUG loaded <trimesh.Trimesh(vertices.shape=(916, 3), faces.shape=(856, 3))> using `load_obj` in 0.0029s
2024-12-06 07:58:00,592 DEBUG loaded <trimesh.Trimesh(vertices.shape=(48, 3), faces.shape=(28, 3))> using `load_obj` in 0.0007s
2024-12-06 07:58:08,666 INFO ==> EMD Loss: 17.882397
2024-12-06 07:58:08,667 INFO ==> Height map loss:  10.664853
2024-12-06 07:58:08,667 INFO ==> Insertion loss: 0.000000
2024-12-06 07:58:09,005 DEBUG loaded <trimesh.Trimesh(vertices.shape=(916, 3), faces.shape=(856, 3))> using `load_obj` in 0.0028s
2024-12-06 07:58:09,150 DEBUG loaded <trimesh.Trimesh(vertices.shape=(48, 3), faces.shape=(28, 3))> using `load_obj` in 0.0007s
2024-12-06 07:58:17,065 INFO ==> EMD Loss: 17.798645
2024-12-06 07:58:17,065 INFO ==> Height map loss:  10.558392
2024-12-06 07:58:17,065 INFO ==> Insertion loss: 0.000000
2024-12-06 07:58:17,400 DEBUG loaded <trimesh.Trimesh(vertices.shape=(916, 3), faces.shape=(856, 3))> using `load_obj` in 0.0028s
2024-12-06 07:58:17,540 DEBUG loaded <trimesh.Trimesh(vertices.shape=(48, 3), faces.shape=(28, 3))> using `load_obj` in 0.0007s
2024-12-06 07:58:39,509 INFO =====> Skill params: [ 0.9249675   0.5399409   0.8027226  -0.07581408 -0.10119324]
2024-12-06 07:58:39,509 INFO =====> Grad: [ 1.3367291e+03  8.6539514e+02  2.1531749e-05  2.8541846e+02
 -3.5842113e-05]
2024-12-06 07:58:39,509 INFO =====> Num. aborted data so far: 0
2024-12-06 07:58:39,517 INFO ===========> Epoch: 9 optimisation losses
2024-12-06 07:58:39,517 INFO =====> EMD Loss: 17.788904
2024-12-06 07:58:39,517 INFO =====> Height map loss: 10.557964
2024-12-06 07:58:39,517 INFO =====> Insertion loss: 0.000000
2024-12-06 07:58:39,879 DEBUG loaded <trimesh.Trimesh(vertices.shape=(916, 3), faces.shape=(856, 3))> using `load_obj` in 0.0030s
2024-12-06 07:58:40,021 DEBUG loaded <trimesh.Trimesh(vertices.shape=(48, 3), faces.shape=(28, 3))> using `load_obj` in 0.0007s
2024-12-06 07:58:47,921 INFO ==> EMD Loss: 17.775612
2024-12-06 07:58:47,921 INFO ==> Height map loss:  10.575465
2024-12-06 07:58:47,921 INFO ==> Insertion loss: 0.000000
2024-12-06 07:58:48,288 DEBUG loaded <trimesh.Trimesh(vertices.shape=(916, 3), faces.shape=(856, 3))> using `load_obj` in 0.0028s
2024-12-06 07:58:48,428 DEBUG loaded <trimesh.Trimesh(vertices.shape=(48, 3), faces.shape=(28, 3))> using `load_obj` in 0.0007s
2024-12-06 07:58:56,491 INFO ==> EMD Loss: 17.800816
2024-12-06 07:58:56,491 INFO ==> Height map loss:  10.585095
2024-12-06 07:58:56,491 INFO ==> Insertion loss: 0.000000
2024-12-06 07:58:56,832 DEBUG loaded <trimesh.Trimesh(vertices.shape=(916, 3), faces.shape=(856, 3))> using `load_obj` in 0.0028s
2024-12-06 07:58:56,973 DEBUG loaded <trimesh.Trimesh(vertices.shape=(48, 3), faces.shape=(28, 3))> using `load_obj` in 0.0007s
2024-12-06 07:59:04,914 INFO ==> EMD Loss: 17.807915
2024-12-06 07:59:04,914 INFO ==> Height map loss:  10.607499
2024-12-06 07:59:04,914 INFO ==> Insertion loss: 0.000000
2024-12-06 07:59:05,251 DEBUG loaded <trimesh.Trimesh(vertices.shape=(916, 3), faces.shape=(856, 3))> using `load_obj` in 0.0028s
2024-12-06 07:59:05,392 DEBUG loaded <trimesh.Trimesh(vertices.shape=(48, 3), faces.shape=(28, 3))> using `load_obj` in 0.0007s
2024-12-06 07:59:13,440 INFO ==> EMD Loss: 17.898022
2024-12-06 07:59:13,440 INFO ==> Height map loss:  10.595756
2024-12-06 07:59:13,440 INFO ==> Insertion loss: 0.000000
2024-12-06 07:59:13,777 DEBUG loaded <trimesh.Trimesh(vertices.shape=(916, 3), faces.shape=(856, 3))> using `load_obj` in 0.0028s
2024-12-06 07:59:13,915 DEBUG loaded <trimesh.Trimesh(vertices.shape=(48, 3), faces.shape=(28, 3))> using `load_obj` in 0.0007s
2024-12-06 07:59:21,782 INFO ==> EMD Loss: 17.708080
2024-12-06 07:59:21,782 INFO ==> Height map loss:  10.591024
2024-12-06 07:59:21,782 INFO ==> Insertion loss: 0.000000
2024-12-06 07:59:22,122 DEBUG loaded <trimesh.Trimesh(vertices.shape=(916, 3), faces.shape=(856, 3))> using `load_obj` in 0.0028s
2024-12-06 07:59:22,261 DEBUG loaded <trimesh.Trimesh(vertices.shape=(48, 3), faces.shape=(28, 3))> using `load_obj` in 0.0007s
2024-12-06 07:59:44,342 INFO =====> Skill params: [ 0.9245835   0.53955346  0.8025542  -0.07600985 -0.10091408]
2024-12-06 07:59:44,342 INFO =====> Grad: [-1.8384919e+03  1.3493922e+03  2.8191660e-05 -5.8959912e+02
  1.7670978e-05]
2024-12-06 07:59:44,342 INFO =====> Num. aborted data so far: 0
2024-12-06 07:59:44,350 INFO ===========> Epoch: 10 optimisation losses
2024-12-06 07:59:44,350 INFO =====> EMD Loss: 17.775995
2024-12-06 07:59:44,350 INFO =====> Height map loss: 10.575855
2024-12-06 07:59:44,350 INFO =====> Insertion loss: 0.000000
2024-12-06 07:59:44,727 DEBUG loaded <trimesh.Trimesh(vertices.shape=(916, 3), faces.shape=(856, 3))> using `load_obj` in 0.0029s
2024-12-06 07:59:44,868 DEBUG loaded <trimesh.Trimesh(vertices.shape=(48, 3), faces.shape=(28, 3))> using `load_obj` in 0.0007s
2024-12-06 07:59:52,786 INFO ==> EMD Loss: 17.712040
2024-12-06 07:59:52,786 INFO ==> Height map loss:  10.608214
2024-12-06 07:59:52,786 INFO ==> Insertion loss: 0.000000
2024-12-06 07:59:53,124 DEBUG loaded <trimesh.Trimesh(vertices.shape=(916, 3), faces.shape=(856, 3))> using `load_obj` in 0.0028s
2024-12-06 07:59:53,268 DEBUG loaded <trimesh.Trimesh(vertices.shape=(48, 3), faces.shape=(28, 3))> using `load_obj` in 0.0007s
2024-12-06 08:00:01,350 INFO ==> EMD Loss: 17.809868
2024-12-06 08:00:01,350 INFO ==> Height map loss:  10.631761
2024-12-06 08:00:01,350 INFO ==> Insertion loss: 0.000000
2024-12-06 08:00:01,689 DEBUG loaded <trimesh.Trimesh(vertices.shape=(916, 3), faces.shape=(856, 3))> using `load_obj` in 0.0028s
2024-12-06 08:00:01,830 DEBUG loaded <trimesh.Trimesh(vertices.shape=(48, 3), faces.shape=(28, 3))> using `load_obj` in 0.0007s
2024-12-06 08:00:09,730 INFO ==> EMD Loss: 17.831495
2024-12-06 08:00:09,730 INFO ==> Height map loss:  10.756475
2024-12-06 08:00:09,730 INFO ==> Insertion loss: 0.000000
2024-12-06 08:00:10,069 DEBUG loaded <trimesh.Trimesh(vertices.shape=(916, 3), faces.shape=(856, 3))> using `load_obj` in 0.0029s
2024-12-06 08:00:10,216 DEBUG loaded <trimesh.Trimesh(vertices.shape=(48, 3), faces.shape=(28, 3))> using `load_obj` in 0.0007s
2024-12-06 08:00:18,222 INFO ==> EMD Loss: 17.674356
2024-12-06 08:00:18,222 INFO ==> Height map loss:  10.787155
2024-12-06 08:00:18,222 INFO ==> Insertion loss: 0.000000
2024-12-06 08:00:18,562 DEBUG loaded <trimesh.Trimesh(vertices.shape=(916, 3), faces.shape=(856, 3))> using `load_obj` in 0.0028s
2024-12-06 08:00:18,702 DEBUG loaded <trimesh.Trimesh(vertices.shape=(48, 3), faces.shape=(28, 3))> using `load_obj` in 0.0007s
2024-12-06 08:00:26,598 INFO ==> EMD Loss: 17.717152
2024-12-06 08:00:26,598 INFO ==> Height map loss:  10.840968
2024-12-06 08:00:26,598 INFO ==> Insertion loss: 0.000000
2024-12-06 08:00:26,989 DEBUG loaded <trimesh.Trimesh(vertices.shape=(916, 3), faces.shape=(856, 3))> using `load_obj` in 0.0029s
2024-12-06 08:00:27,131 DEBUG loaded <trimesh.Trimesh(vertices.shape=(48, 3), faces.shape=(28, 3))> using `load_obj` in 0.0007s
2024-12-06 08:00:49,159 INFO =====> Skill params: [ 0.9251086   0.5389627   0.8023243  -0.07559826 -0.10105855]
2024-12-06 08:00:49,160 INFO =====> Grad: [ 2.5669236e+03 -1.6227008e+03 -7.4462860e-06  1.0382736e+03
  4.2525749e-06]
2024-12-06 08:00:49,160 INFO =====> Num. aborted data so far: 0
2024-12-06 08:00:49,167 INFO ===========> Epoch: 11 optimisation losses
2024-12-06 08:00:49,168 INFO =====> EMD Loss: 17.723730
2024-12-06 08:00:49,168 INFO =====> Height map loss: 10.607988
2024-12-06 08:00:49,168 INFO =====> Insertion loss: 0.000000
2024-12-06 08:00:49,537 DEBUG loaded <trimesh.Trimesh(vertices.shape=(916, 3), faces.shape=(856, 3))> using `load_obj` in 0.0029s
2024-12-06 08:00:49,677 DEBUG loaded <trimesh.Trimesh(vertices.shape=(48, 3), faces.shape=(28, 3))> using `load_obj` in 0.0007s
2024-12-06 08:00:57,600 INFO ==> EMD Loss: 17.760960
2024-12-06 08:00:57,600 INFO ==> Height map loss:  10.573292
2024-12-06 08:00:57,600 INFO ==> Insertion loss: 0.000000
2024-12-06 08:00:57,941 DEBUG loaded <trimesh.Trimesh(vertices.shape=(916, 3), faces.shape=(856, 3))> using `load_obj` in 0.0030s
2024-12-06 08:00:58,082 DEBUG loaded <trimesh.Trimesh(vertices.shape=(48, 3), faces.shape=(28, 3))> using `load_obj` in 0.0007s
2024-12-06 08:01:06,176 INFO ==> EMD Loss: 17.778862
2024-12-06 08:01:06,176 INFO ==> Height map loss:  10.500347
2024-12-06 08:01:06,176 INFO ==> Insertion loss: 0.000000
2024-12-06 08:01:06,516 DEBUG loaded <trimesh.Trimesh(vertices.shape=(916, 3), faces.shape=(856, 3))> using `load_obj` in 0.0028s
2024-12-06 08:01:06,655 DEBUG loaded <trimesh.Trimesh(vertices.shape=(48, 3), faces.shape=(28, 3))> using `load_obj` in 0.0007s
2024-12-06 08:01:14,631 INFO ==> EMD Loss: 17.747793
2024-12-06 08:01:14,631 INFO ==> Height map loss:  10.492256
2024-12-06 08:01:14,632 INFO ==> Insertion loss: 0.000000
2024-12-06 08:01:14,972 DEBUG loaded <trimesh.Trimesh(vertices.shape=(916, 3), faces.shape=(856, 3))> using `load_obj` in 0.0029s
2024-12-06 08:01:15,119 DEBUG loaded <trimesh.Trimesh(vertices.shape=(48, 3), faces.shape=(28, 3))> using `load_obj` in 0.0007s
2024-12-06 08:01:23,225 INFO ==> EMD Loss: 17.541752
2024-12-06 08:01:23,225 INFO ==> Height map loss:  10.339623
2024-12-06 08:01:23,225 INFO ==> Insertion loss: 0.000000
2024-12-06 08:01:23,606 DEBUG loaded <trimesh.Trimesh(vertices.shape=(916, 3), faces.shape=(856, 3))> using `load_obj` in 0.0028s
2024-12-06 08:01:23,747 DEBUG loaded <trimesh.Trimesh(vertices.shape=(48, 3), faces.shape=(28, 3))> using `load_obj` in 0.0007s
2024-12-06 08:01:31,720 INFO ==> EMD Loss: 17.657404
2024-12-06 08:01:31,720 INFO ==> Height map loss:  10.310480
2024-12-06 08:01:31,720 INFO ==> Insertion loss: 0.000000
2024-12-06 08:01:32,068 DEBUG loaded <trimesh.Trimesh(vertices.shape=(916, 3), faces.shape=(856, 3))> using `load_obj` in 0.0028s
2024-12-06 08:01:32,208 DEBUG loaded <trimesh.Trimesh(vertices.shape=(48, 3), faces.shape=(28, 3))> using `load_obj` in 0.0007s
2024-12-06 08:01:54,468 INFO =====> Skill params: [ 0.9112214   0.5524975   0.80360335 -0.08935646 -0.10179129]
2024-12-06 08:01:54,468 INFO =====> Grad: [ 1.2764419e+03 -1.1672968e+03 -7.2122741e-05  4.9898566e+02
 -6.8608148e-05]
2024-12-06 08:01:54,468 INFO =====> Num. aborted data so far: 0
2024-12-06 08:01:54,476 INFO ===========> Epoch: 12 optimisation losses
2024-12-06 08:01:54,476 INFO =====> EMD Loss: 17.675457
2024-12-06 08:01:54,476 INFO =====> Height map loss: 10.300436
2024-12-06 08:01:54,476 INFO =====> Insertion loss: 0.000000
2024-12-06 08:01:54,856 DEBUG loaded <trimesh.Trimesh(vertices.shape=(916, 3), faces.shape=(856, 3))> using `load_obj` in 0.0029s
2024-12-06 08:01:54,998 DEBUG loaded <trimesh.Trimesh(vertices.shape=(48, 3), faces.shape=(28, 3))> using `load_obj` in 0.0007s
2024-12-06 08:02:04,682 INFO ==> EMD Loss: 17.650883
2024-12-06 08:02:04,682 INFO ==> Height map loss:  10.310594
2024-12-06 08:02:04,682 INFO ==> Insertion loss: 0.000000
2024-12-06 08:02:05,057 DEBUG loaded <trimesh.Trimesh(vertices.shape=(916, 3), faces.shape=(856, 3))> using `load_obj` in 0.0029s
2024-12-06 08:02:05,198 DEBUG loaded <trimesh.Trimesh(vertices.shape=(48, 3), faces.shape=(28, 3))> using `load_obj` in 0.0007s
2024-12-06 08:02:13,359 INFO ==> EMD Loss: 17.520426
2024-12-06 08:02:13,359 INFO ==> Height map loss:  10.292251
2024-12-06 08:02:13,359 INFO ==> Insertion loss: 0.000000
2024-12-06 08:02:13,704 DEBUG loaded <trimesh.Trimesh(vertices.shape=(916, 3), faces.shape=(856, 3))> using `load_obj` in 0.0028s
2024-12-06 08:02:13,848 DEBUG loaded <trimesh.Trimesh(vertices.shape=(48, 3), faces.shape=(28, 3))> using `load_obj` in 0.0007s
2024-12-06 08:02:21,901 INFO ==> EMD Loss: 17.480841
2024-12-06 08:02:21,901 INFO ==> Height map loss:  10.214155
2024-12-06 08:02:21,901 INFO ==> Insertion loss: 0.000000
2024-12-06 08:02:22,250 DEBUG loaded <trimesh.Trimesh(vertices.shape=(916, 3), faces.shape=(856, 3))> using `load_obj` in 0.0029s
2024-12-06 08:02:22,392 DEBUG loaded <trimesh.Trimesh(vertices.shape=(48, 3), faces.shape=(28, 3))> using `load_obj` in 0.0007s
2024-12-06 08:02:30,470 INFO ==> EMD Loss: 17.493404
2024-12-06 08:02:30,470 INFO ==> Height map loss:  10.129381
2024-12-06 08:02:30,470 INFO ==> Insertion loss: 0.000000
2024-12-06 08:02:30,810 DEBUG loaded <trimesh.Trimesh(vertices.shape=(916, 3), faces.shape=(856, 3))> using `load_obj` in 0.0028s
2024-12-06 08:02:30,952 DEBUG loaded <trimesh.Trimesh(vertices.shape=(48, 3), faces.shape=(28, 3))> using `load_obj` in 0.0007s
2024-12-06 08:02:39,147 INFO ==> EMD Loss: 17.492502
2024-12-06 08:02:39,147 INFO ==> Height map loss:  10.109255
2024-12-06 08:02:39,147 INFO ==> Insertion loss: 0.000000
2024-12-06 08:02:39,488 DEBUG loaded <trimesh.Trimesh(vertices.shape=(916, 3), faces.shape=(856, 3))> using `load_obj` in 0.0029s
2024-12-06 08:02:39,636 DEBUG loaded <trimesh.Trimesh(vertices.shape=(48, 3), faces.shape=(28, 3))> using `load_obj` in 0.0007s
2024-12-06 08:03:10,890 INFO =====> Skill params: [ 0.9041277   0.56225926  0.815673   -0.09616284 -0.09019815]
2024-12-06 08:03:10,891 INFO =====> Grad: [-2.5567490e+03  1.7647018e+03 -2.0482337e-05 -8.7199603e+02
  1.6106613e-05]
2024-12-06 08:03:10,891 INFO =====> Num. aborted data so far: 0
2024-12-06 08:03:10,900 INFO ===========> Epoch: 13 optimisation losses
2024-12-06 08:03:10,900 INFO =====> EMD Loss: 17.492830
2024-12-06 08:03:10,900 INFO =====> Height map loss: 10.109218
2024-12-06 08:03:10,900 INFO =====> Insertion loss: 0.000000
2024-12-06 08:03:11,298 DEBUG loaded <trimesh.Trimesh(vertices.shape=(916, 3), faces.shape=(856, 3))> using `load_obj` in 0.0028s
2024-12-06 08:03:11,441 DEBUG loaded <trimesh.Trimesh(vertices.shape=(48, 3), faces.shape=(28, 3))> using `load_obj` in 0.0007s
2024-12-06 08:03:19,643 INFO ==> EMD Loss: 17.484888
2024-12-06 08:03:19,643 INFO ==> Height map loss:  10.117736
2024-12-06 08:03:19,643 INFO ==> Insertion loss: 0.000000
2024-12-06 08:03:19,985 DEBUG loaded <trimesh.Trimesh(vertices.shape=(916, 3), faces.shape=(856, 3))> using `load_obj` in 0.0028s
2024-12-06 08:03:20,128 DEBUG loaded <trimesh.Trimesh(vertices.shape=(48, 3), faces.shape=(28, 3))> using `load_obj` in 0.0007s
2024-12-06 08:03:28,161 INFO ==> EMD Loss: 17.441477
2024-12-06 08:03:28,161 INFO ==> Height map loss:  10.187315
2024-12-06 08:03:28,161 INFO ==> Insertion loss: 0.000000
2024-12-06 08:03:28,508 DEBUG loaded <trimesh.Trimesh(vertices.shape=(916, 3), faces.shape=(856, 3))> using `load_obj` in 0.0029s
2024-12-06 08:03:28,652 DEBUG loaded <trimesh.Trimesh(vertices.shape=(48, 3), faces.shape=(28, 3))> using `load_obj` in 0.0007s
2024-12-06 08:03:36,830 INFO ==> EMD Loss: 17.512676
2024-12-06 08:03:36,830 INFO ==> Height map loss:  10.224994
2024-12-06 08:03:36,830 INFO ==> Insertion loss: 0.000000
2024-12-06 08:03:37,175 DEBUG loaded <trimesh.Trimesh(vertices.shape=(916, 3), faces.shape=(856, 3))> using `load_obj` in 0.0028s
2024-12-06 08:03:37,318 DEBUG loaded <trimesh.Trimesh(vertices.shape=(48, 3), faces.shape=(28, 3))> using `load_obj` in 0.0007s
2024-12-06 08:03:45,386 INFO ==> EMD Loss: 17.567526
2024-12-06 08:03:45,386 INFO ==> Height map loss:  10.318123
2024-12-06 08:03:45,386 INFO ==> Insertion loss: 0.000000
2024-12-06 08:03:45,736 DEBUG loaded <trimesh.Trimesh(vertices.shape=(916, 3), faces.shape=(856, 3))> using `load_obj` in 0.0029s
2024-12-06 08:03:45,880 DEBUG loaded <trimesh.Trimesh(vertices.shape=(48, 3), faces.shape=(28, 3))> using `load_obj` in 0.0007s
2024-12-06 08:03:53,858 INFO ==> EMD Loss: 17.641525
2024-12-06 08:03:53,858 INFO ==> Height map loss:  10.302887
2024-12-06 08:03:53,858 INFO ==> Insertion loss: 0.000000
2024-12-06 08:03:54,204 DEBUG loaded <trimesh.Trimesh(vertices.shape=(916, 3), faces.shape=(856, 3))> using `load_obj` in 0.0028s
2024-12-06 08:03:54,347 DEBUG loaded <trimesh.Trimesh(vertices.shape=(48, 3), faces.shape=(28, 3))> using `load_obj` in 0.0007s
2024-12-06 08:04:16,831 INFO =====> Skill params: [ 0.9048045   0.56156135  0.81585246 -0.09558009 -0.09034101]
2024-12-06 08:04:16,831 INFO =====> Grad: [ 2.5590483e+03 -1.6353956e+03 -1.4240559e-06 -3.7093140e+02
  6.0742752e-07]
2024-12-06 08:04:16,831 INFO =====> Num. aborted data so far: 0
2024-12-06 08:04:16,839 INFO ===========> Epoch: 14 optimisation losses
2024-12-06 08:04:16,839 INFO =====> EMD Loss: 17.485363
2024-12-06 08:04:16,839 INFO =====> Height map loss: 10.118535
2024-12-06 08:04:16,839 INFO =====> Insertion loss: 0.000000
2024-12-06 08:04:17,213 DEBUG loaded <trimesh.Trimesh(vertices.shape=(916, 3), faces.shape=(856, 3))> using `load_obj` in 0.0029s
2024-12-06 08:04:17,359 DEBUG loaded <trimesh.Trimesh(vertices.shape=(48, 3), faces.shape=(28, 3))> using `load_obj` in 0.0007s
2024-12-06 08:04:25,427 INFO ==> EMD Loss: 17.504011
2024-12-06 08:04:25,427 INFO ==> Height map loss:  10.103969
2024-12-06 08:04:25,427 INFO ==> Insertion loss: 0.000000
2024-12-06 08:04:25,825 DEBUG loaded <trimesh.Trimesh(vertices.shape=(916, 3), faces.shape=(856, 3))> using `load_obj` in 0.0030s
2024-12-06 08:04:25,972 DEBUG loaded <trimesh.Trimesh(vertices.shape=(48, 3), faces.shape=(28, 3))> using `load_obj` in 0.0007s
2024-12-06 08:04:34,232 INFO ==> EMD Loss: 17.476673
2024-12-06 08:04:34,232 INFO ==> Height map loss:  10.081893
2024-12-06 08:04:34,232 INFO ==> Insertion loss: 0.000000
2024-12-06 08:04:34,579 DEBUG loaded <trimesh.Trimesh(vertices.shape=(916, 3), faces.shape=(856, 3))> using `load_obj` in 0.0029s
2024-12-06 08:04:34,724 DEBUG loaded <trimesh.Trimesh(vertices.shape=(48, 3), faces.shape=(28, 3))> using `load_obj` in 0.0007s
2024-12-06 08:04:42,795 INFO ==> EMD Loss: 17.318224
2024-12-06 08:04:42,795 INFO ==> Height map loss:  10.030949
2024-12-06 08:04:42,795 INFO ==> Insertion loss: 0.000000
2024-12-06 08:04:43,145 DEBUG loaded <trimesh.Trimesh(vertices.shape=(916, 3), faces.shape=(856, 3))> using `load_obj` in 0.0029s
2024-12-06 08:04:43,289 DEBUG loaded <trimesh.Trimesh(vertices.shape=(48, 3), faces.shape=(28, 3))> using `load_obj` in 0.0007s
2024-12-06 08:04:51,415 INFO ==> EMD Loss: 17.247667
2024-12-06 08:04:51,415 INFO ==> Height map loss:  9.923846
2024-12-06 08:04:51,415 INFO ==> Insertion loss: 0.000000
2024-12-06 08:04:51,764 DEBUG loaded <trimesh.Trimesh(vertices.shape=(916, 3), faces.shape=(856, 3))> using `load_obj` in 0.0028s
2024-12-06 08:04:51,910 DEBUG loaded <trimesh.Trimesh(vertices.shape=(48, 3), faces.shape=(28, 3))> using `load_obj` in 0.0007s
2024-12-06 08:05:00,206 INFO ==> EMD Loss: 17.197556
2024-12-06 08:05:00,206 INFO ==> Height map loss:  9.873762
2024-12-06 08:05:00,206 INFO ==> Insertion loss: 0.000000
2024-12-06 08:05:00,563 DEBUG loaded <trimesh.Trimesh(vertices.shape=(916, 3), faces.shape=(856, 3))> using `load_obj` in 0.0028s
2024-12-06 08:05:00,710 DEBUG loaded <trimesh.Trimesh(vertices.shape=(48, 3), faces.shape=(28, 3))> using `load_obj` in 0.0007s
2024-12-06 08:05:23,284 INFO =====> Skill params: [ 0.8917892   0.5740824   0.81611556 -0.09042395 -0.09045459]
2024-12-06 08:05:23,284 INFO =====> Grad: [-2.2169919e+03 -1.1478492e+03  4.6196987e-05  1.1184678e+03
  1.0274364e-04]
2024-12-06 08:05:23,284 INFO =====> Num. aborted data so far: 0
2024-12-06 08:05:23,292 INFO ===========> Epoch: 15 optimisation losses
2024-12-06 08:05:23,292 INFO =====> EMD Loss: 17.194124
2024-12-06 08:05:23,292 INFO =====> Height map loss: 9.871970
2024-12-06 08:05:23,292 INFO =====> Insertion loss: 0.000000
2024-12-06 08:05:23,668 DEBUG loaded <trimesh.Trimesh(vertices.shape=(916, 3), faces.shape=(856, 3))> using `load_obj` in 0.0029s
2024-12-06 08:05:23,820 DEBUG loaded <trimesh.Trimesh(vertices.shape=(48, 3), faces.shape=(28, 3))> using `load_obj` in 0.0007s
2024-12-06 08:05:32,072 INFO ==> EMD Loss: 17.181011
2024-12-06 08:05:32,072 INFO ==> Height map loss:  9.877908
2024-12-06 08:05:32,072 INFO ==> Insertion loss: 0.000000
2024-12-06 08:05:32,427 DEBUG loaded <trimesh.Trimesh(vertices.shape=(916, 3), faces.shape=(856, 3))> using `load_obj` in 0.0030s
2024-12-06 08:05:32,577 DEBUG loaded <trimesh.Trimesh(vertices.shape=(48, 3), faces.shape=(28, 3))> using `load_obj` in 0.0007s
2024-12-06 08:05:40,704 INFO ==> EMD Loss: 17.172419
2024-12-06 08:05:40,704 INFO ==> Height map loss:  9.885679
2024-12-06 08:05:40,704 INFO ==> Insertion loss: 0.000000
2024-12-06 08:05:41,055 DEBUG loaded <trimesh.Trimesh(vertices.shape=(916, 3), faces.shape=(856, 3))> using `load_obj` in 0.0029s
2024-12-06 08:05:41,207 DEBUG loaded <trimesh.Trimesh(vertices.shape=(48, 3), faces.shape=(28, 3))> using `load_obj` in 0.0007s
2024-12-06 08:05:49,347 INFO ==> EMD Loss: 16.971216
2024-12-06 08:05:49,347 INFO ==> Height map loss:  9.712718
2024-12-06 08:05:49,348 INFO ==> Insertion loss: 0.000000
2024-12-06 08:05:49,700 DEBUG loaded <trimesh.Trimesh(vertices.shape=(916, 3), faces.shape=(856, 3))> using `load_obj` in 0.0030s
2024-12-06 08:05:49,851 DEBUG loaded <trimesh.Trimesh(vertices.shape=(48, 3), faces.shape=(28, 3))> using `load_obj` in 0.0007s
2024-12-06 08:05:58,115 INFO ==> EMD Loss: 17.003775
2024-12-06 08:05:58,115 INFO ==> Height map loss:  9.763217
2024-12-06 08:05:58,115 INFO ==> Insertion loss: 0.000000
2024-12-06 08:05:58,464 DEBUG loaded <trimesh.Trimesh(vertices.shape=(916, 3), faces.shape=(856, 3))> using `load_obj` in 0.0028s
2024-12-06 08:05:58,616 DEBUG loaded <trimesh.Trimesh(vertices.shape=(48, 3), faces.shape=(28, 3))> using `load_obj` in 0.0007s
2024-12-06 08:06:06,770 INFO ==> EMD Loss: 16.976927
2024-12-06 08:06:06,770 INFO ==> Height map loss:  9.675657
2024-12-06 08:06:06,770 INFO ==> Insertion loss: 0.000000
2024-12-06 08:06:07,129 DEBUG loaded <trimesh.Trimesh(vertices.shape=(916, 3), faces.shape=(856, 3))> using `load_obj` in 0.0028s
2024-12-06 08:06:07,279 DEBUG loaded <trimesh.Trimesh(vertices.shape=(48, 3), faces.shape=(28, 3))> using `load_obj` in 0.0007s
2024-12-06 08:06:29,928 INFO =====> Skill params: [ 0.9029148   0.5829724   0.80746335 -0.10497436 -0.10750723]
2024-12-06 08:06:29,928 INFO =====> Grad: [-2.6121460e+03  1.9170177e+03 -7.6250608e-06  3.8407401e+02
  5.4168145e-06]
2024-12-06 08:06:29,929 INFO =====> Num. aborted data so far: 0
2024-12-06 08:06:29,936 INFO ===========> Epoch: 16 optimisation losses
2024-12-06 08:06:29,937 INFO =====> EMD Loss: 16.977482
2024-12-06 08:06:29,937 INFO =====> Height map loss: 9.676918
2024-12-06 08:06:29,937 INFO =====> Insertion loss: 0.000000
2024-12-06 08:06:30,317 DEBUG loaded <trimesh.Trimesh(vertices.shape=(916, 3), faces.shape=(856, 3))> using `load_obj` in 0.0029s
2024-12-06 08:06:30,469 DEBUG loaded <trimesh.Trimesh(vertices.shape=(48, 3), faces.shape=(28, 3))> using `load_obj` in 0.0007s
2024-12-06 08:06:38,754 INFO ==> EMD Loss: 16.952557
2024-12-06 08:06:38,754 INFO ==> Height map loss:  9.703113
2024-12-06 08:06:38,754 INFO ==> Insertion loss: 0.000000
2024-12-06 08:06:39,111 DEBUG loaded <trimesh.Trimesh(vertices.shape=(916, 3), faces.shape=(856, 3))> using `load_obj` in 0.0029s
2024-12-06 08:06:39,264 DEBUG loaded <trimesh.Trimesh(vertices.shape=(48, 3), faces.shape=(28, 3))> using `load_obj` in 0.0007s
2024-12-06 08:06:47,386 INFO ==> EMD Loss: 17.026964
2024-12-06 08:06:47,386 INFO ==> Height map loss:  9.754764
2024-12-06 08:06:47,386 INFO ==> Insertion loss: 0.000000
2024-12-06 08:06:47,737 DEBUG loaded <trimesh.Trimesh(vertices.shape=(916, 3), faces.shape=(856, 3))> using `load_obj` in 0.0029s
2024-12-06 08:06:47,887 DEBUG loaded <trimesh.Trimesh(vertices.shape=(48, 3), faces.shape=(28, 3))> using `load_obj` in 0.0007s
2024-12-06 08:06:56,000 INFO ==> EMD Loss: 17.216663
2024-12-06 08:06:56,000 INFO ==> Height map loss:  9.914457
2024-12-06 08:06:56,000 INFO ==> Insertion loss: 0.000000
2024-12-06 08:06:56,354 DEBUG loaded <trimesh.Trimesh(vertices.shape=(916, 3), faces.shape=(856, 3))> using `load_obj` in 0.0030s
2024-12-06 08:06:56,509 DEBUG loaded <trimesh.Trimesh(vertices.shape=(48, 3), faces.shape=(28, 3))> using `load_obj` in 0.0007s
2024-12-06 08:07:04,785 INFO ==> EMD Loss: 17.124853
2024-12-06 08:07:04,785 INFO ==> Height map loss:  9.959756
2024-12-06 08:07:04,785 INFO ==> Insertion loss: 0.000000
2024-12-06 08:07:05,139 DEBUG loaded <trimesh.Trimesh(vertices.shape=(916, 3), faces.shape=(856, 3))> using `load_obj` in 0.0029s
2024-12-06 08:07:05,287 DEBUG loaded <trimesh.Trimesh(vertices.shape=(48, 3), faces.shape=(28, 3))> using `load_obj` in 0.0007s
2024-12-06 08:07:13,352 INFO ==> EMD Loss: 17.167078
2024-12-06 08:07:13,352 INFO ==> Height map loss:  10.025637
2024-12-06 08:07:13,352 INFO ==> Insertion loss: 0.000000
2024-12-06 08:07:13,784 DEBUG loaded <trimesh.Trimesh(vertices.shape=(916, 3), faces.shape=(856, 3))> using `load_obj` in 0.0030s
2024-12-06 08:07:13,935 DEBUG loaded <trimesh.Trimesh(vertices.shape=(48, 3), faces.shape=(28, 3))> using `load_obj` in 0.0007s
2024-12-06 08:07:36,579 INFO =====> Skill params: [ 0.9035479   0.5822711   0.8075385  -0.10523412 -0.10755459]
2024-12-06 08:07:36,579 INFO =====> Grad: [ 1.3499045e+03 -9.4582806e+02 -5.8619862e-06  3.3094019e+02
 -2.4214809e-05]
2024-12-06 08:07:36,579 INFO =====> Num. aborted data so far: 0
2024-12-06 08:07:36,587 INFO ===========> Epoch: 17 optimisation losses
2024-12-06 08:07:36,587 INFO =====> EMD Loss: 16.952444
2024-12-06 08:07:36,587 INFO =====> Height map loss: 9.702684
2024-12-06 08:07:36,587 INFO =====> Insertion loss: 0.000000
2024-12-06 08:07:36,970 DEBUG loaded <trimesh.Trimesh(vertices.shape=(916, 3), faces.shape=(856, 3))> using `load_obj` in 0.0029s
2024-12-06 08:07:37,119 DEBUG loaded <trimesh.Trimesh(vertices.shape=(48, 3), faces.shape=(28, 3))> using `load_obj` in 0.0007s
2024-12-06 08:07:45,424 INFO ==> EMD Loss: 16.946457
2024-12-06 08:07:45,424 INFO ==> Height map loss:  9.676434
2024-12-06 08:07:45,425 INFO ==> Insertion loss: 0.000000
2024-12-06 08:07:45,776 DEBUG loaded <trimesh.Trimesh(vertices.shape=(916, 3), faces.shape=(856, 3))> using `load_obj` in 0.0029s
2024-12-06 08:07:45,929 DEBUG loaded <trimesh.Trimesh(vertices.shape=(48, 3), faces.shape=(28, 3))> using `load_obj` in 0.0007s
2024-12-06 08:07:54,052 INFO ==> EMD Loss: 16.902082
2024-12-06 08:07:54,053 INFO ==> Height map loss:  9.643271
2024-12-06 08:07:54,053 INFO ==> Insertion loss: 0.000000
2024-12-06 08:07:54,406 DEBUG loaded <trimesh.Trimesh(vertices.shape=(916, 3), faces.shape=(856, 3))> using `load_obj` in 0.0029s
2024-12-06 08:07:54,556 DEBUG loaded <trimesh.Trimesh(vertices.shape=(48, 3), faces.shape=(28, 3))> using `load_obj` in 0.0007s
2024-12-06 08:08:02,730 INFO ==> EMD Loss: 16.914499
2024-12-06 08:08:02,730 INFO ==> Height map loss:  9.637775
2024-12-06 08:08:02,730 INFO ==> Insertion loss: 0.000000
2024-12-06 08:08:03,107 DEBUG loaded <trimesh.Trimesh(vertices.shape=(916, 3), faces.shape=(856, 3))> using `load_obj` in 0.0029s
2024-12-06 08:08:03,257 DEBUG loaded <trimesh.Trimesh(vertices.shape=(48, 3), faces.shape=(28, 3))> using `load_obj` in 0.0007s
2024-12-06 08:08:11,591 INFO ==> EMD Loss: 16.821207
2024-12-06 08:08:11,591 INFO ==> Height map loss:  9.571623
2024-12-06 08:08:11,591 INFO ==> Insertion loss: 0.000000
2024-12-06 08:08:11,943 DEBUG loaded <trimesh.Trimesh(vertices.shape=(916, 3), faces.shape=(856, 3))> using `load_obj` in 0.0030s
2024-12-06 08:08:12,090 DEBUG loaded <trimesh.Trimesh(vertices.shape=(48, 3), faces.shape=(28, 3))> using `load_obj` in 0.0007s
2024-12-06 08:08:20,265 INFO ==> EMD Loss: 16.830395
2024-12-06 08:08:20,265 INFO ==> Height map loss:  9.531494
2024-12-06 08:08:20,265 INFO ==> Insertion loss: 0.000000
2024-12-06 08:08:20,621 DEBUG loaded <trimesh.Trimesh(vertices.shape=(916, 3), faces.shape=(856, 3))> using `load_obj` in 0.0029s
2024-12-06 08:08:20,768 DEBUG loaded <trimesh.Trimesh(vertices.shape=(48, 3), faces.shape=(28, 3))> using `load_obj` in 0.0007s
2024-12-06 08:08:43,544 INFO =====> Skill params: [ 0.89680904  0.58937925  0.80875605 -0.1099011  -0.10313495]
2024-12-06 08:08:43,544 INFO =====> Grad: [ 1.8198632e+03 -1.0658937e+03 -5.3167456e-05  5.9853558e+02
 -1.8625971e-05]
2024-12-06 08:08:43,544 INFO =====> Num. aborted data so far: 0
2024-12-06 08:08:43,552 INFO ===========> Epoch: 18 optimisation losses
2024-12-06 08:08:43,552 INFO =====> EMD Loss: 16.831320
2024-12-06 08:08:43,552 INFO =====> Height map loss: 9.529081
2024-12-06 08:08:43,552 INFO =====> Insertion loss: 0.000000
2024-12-06 08:08:43,934 DEBUG loaded <trimesh.Trimesh(vertices.shape=(916, 3), faces.shape=(856, 3))> using `load_obj` in 0.0029s
2024-12-06 08:08:44,083 DEBUG loaded <trimesh.Trimesh(vertices.shape=(48, 3), faces.shape=(28, 3))> using `load_obj` in 0.0007s
2024-12-06 08:08:52,264 INFO ==> EMD Loss: 16.820047
2024-12-06 08:08:52,264 INFO ==> Height map loss:  9.515282
2024-12-06 08:08:52,264 INFO ==> Insertion loss: 0.000000
2024-12-06 08:08:52,627 DEBUG loaded <trimesh.Trimesh(vertices.shape=(916, 3), faces.shape=(856, 3))> using `load_obj` in 0.0030s
2024-12-06 08:08:52,785 DEBUG loaded <trimesh.Trimesh(vertices.shape=(48, 3), faces.shape=(28, 3))> using `load_obj` in 0.0007s
2024-12-06 08:09:01,137 INFO ==> EMD Loss: 16.773579
2024-12-06 08:09:01,137 INFO ==> Height map loss:  9.465568
2024-12-06 08:09:01,137 INFO ==> Insertion loss: 0.000000
2024-12-06 08:09:01,498 DEBUG loaded <trimesh.Trimesh(vertices.shape=(916, 3), faces.shape=(856, 3))> using `load_obj` in 0.0029s
2024-12-06 08:09:01,650 DEBUG loaded <trimesh.Trimesh(vertices.shape=(48, 3), faces.shape=(28, 3))> using `load_obj` in 0.0007s
2024-12-06 08:09:09,874 INFO ==> EMD Loss: 16.695271
2024-12-06 08:09:09,874 INFO ==> Height map loss:  9.410284
2024-12-06 08:09:09,874 INFO ==> Insertion loss: 0.000000
2024-12-06 08:09:10,235 DEBUG loaded <trimesh.Trimesh(vertices.shape=(916, 3), faces.shape=(856, 3))> using `load_obj` in 0.0029s
2024-12-06 08:09:10,384 DEBUG loaded <trimesh.Trimesh(vertices.shape=(48, 3), faces.shape=(28, 3))> using `load_obj` in 0.0007s
2024-12-06 08:09:18,583 INFO ==> EMD Loss: 16.754864
2024-12-06 08:09:18,583 INFO ==> Height map loss:  9.371188
2024-12-06 08:09:18,583 INFO ==> Insertion loss: 0.000000
2024-12-06 08:09:18,941 DEBUG loaded <trimesh.Trimesh(vertices.shape=(916, 3), faces.shape=(856, 3))> using `load_obj` in 0.0028s
2024-12-06 08:09:19,087 DEBUG loaded <trimesh.Trimesh(vertices.shape=(48, 3), faces.shape=(28, 3))> using `load_obj` in 0.0007s
2024-12-06 08:09:27,484 INFO ==> EMD Loss: 16.692310
2024-12-06 08:09:27,484 INFO ==> Height map loss:  9.329388
2024-12-06 08:09:27,484 INFO ==> Insertion loss: 0.000000
2024-12-06 08:09:27,838 DEBUG loaded <trimesh.Trimesh(vertices.shape=(916, 3), faces.shape=(856, 3))> using `load_obj` in 0.0028s
2024-12-06 08:09:27,987 DEBUG loaded <trimesh.Trimesh(vertices.shape=(48, 3), faces.shape=(28, 3))> using `load_obj` in 0.0007s
2024-12-06 08:09:50,963 INFO =====> Skill params: [ 0.8876437   0.5975372   0.81967974 -0.11846579 -0.0995743 ]
2024-12-06 08:09:50,963 INFO =====> Grad: [-2.0655508e+03  1.8235105e+03 -1.1394535e-05 -9.9247505e+01
  1.7423590e-06]
2024-12-06 08:09:50,963 INFO =====> Num. aborted data so far: 0
2024-12-06 08:09:50,972 INFO ===========> Epoch: 19 optimisation losses
2024-12-06 08:09:50,972 INFO =====> EMD Loss: 16.692505
2024-12-06 08:09:50,972 INFO =====> Height map loss: 9.330064
2024-12-06 08:09:50,972 INFO =====> Insertion loss: 0.000000
2024-12-06 08:09:51,356 DEBUG loaded <trimesh.Trimesh(vertices.shape=(916, 3), faces.shape=(856, 3))> using `load_obj` in 0.0029s
2024-12-06 08:09:51,507 DEBUG loaded <trimesh.Trimesh(vertices.shape=(48, 3), faces.shape=(28, 3))> using `load_obj` in 0.0007s
2024-12-06 08:09:59,761 INFO ==> EMD Loss: 16.672861
2024-12-06 08:09:59,761 INFO ==> Height map loss:  9.299965
2024-12-06 08:09:59,761 INFO ==> Insertion loss: 0.000000
2024-12-06 08:10:00,116 DEBUG loaded <trimesh.Trimesh(vertices.shape=(916, 3), faces.shape=(856, 3))> using `load_obj` in 0.0029s
2024-12-06 08:10:00,266 DEBUG loaded <trimesh.Trimesh(vertices.shape=(48, 3), faces.shape=(28, 3))> using `load_obj` in 0.0007s
2024-12-06 08:10:08,662 INFO ==> EMD Loss: 16.635662
2024-12-06 08:10:08,662 INFO ==> Height map loss:  9.320766
2024-12-06 08:10:08,662 INFO ==> Insertion loss: 0.000000
2024-12-06 08:10:09,015 DEBUG loaded <trimesh.Trimesh(vertices.shape=(916, 3), faces.shape=(856, 3))> using `load_obj` in 0.0029s
2024-12-06 08:10:09,168 DEBUG loaded <trimesh.Trimesh(vertices.shape=(48, 3), faces.shape=(28, 3))> using `load_obj` in 0.0007s
2024-12-06 08:10:17,413 INFO ==> EMD Loss: 16.640659
2024-12-06 08:10:17,413 INFO ==> Height map loss:  9.363865
2024-12-06 08:10:17,413 INFO ==> Insertion loss: 0.000000
2024-12-06 08:10:17,766 DEBUG loaded <trimesh.Trimesh(vertices.shape=(916, 3), faces.shape=(856, 3))> using `load_obj` in 0.0029s
2024-12-06 08:10:17,913 DEBUG loaded <trimesh.Trimesh(vertices.shape=(48, 3), faces.shape=(28, 3))> using `load_obj` in 0.0007s
2024-12-06 08:10:26,157 INFO ==> EMD Loss: 16.682461
2024-12-06 08:10:26,157 INFO ==> Height map loss:  9.451384
2024-12-06 08:10:26,157 INFO ==> Insertion loss: 0.000000
2024-12-06 08:10:26,512 DEBUG loaded <trimesh.Trimesh(vertices.shape=(916, 3), faces.shape=(856, 3))> using `load_obj` in 0.0029s
2024-12-06 08:10:26,663 DEBUG loaded <trimesh.Trimesh(vertices.shape=(48, 3), faces.shape=(28, 3))> using `load_obj` in 0.0007s
2024-12-06 08:10:34,852 INFO ==> EMD Loss: 16.962248
2024-12-06 08:10:34,852 INFO ==> Height map loss:  9.510084
2024-12-06 08:10:34,853 INFO ==> Insertion loss: 0.000000
2024-12-06 08:10:35,367 DEBUG loaded <trimesh.Trimesh(vertices.shape=(916, 3), faces.shape=(856, 3))> using `load_obj` in 0.0028s
2024-12-06 08:10:35,515 DEBUG loaded <trimesh.Trimesh(vertices.shape=(48, 3), faces.shape=(28, 3))> using `load_obj` in 0.0007s
2024-12-06 08:10:43,691 INFO ===========> Finished training.
2024-12-06 08:10:43,691 INFO ====> Final EMD Loss: 16.669407
2024-12-06 08:10:43,691 INFO ====> Final Height map loss: 9.298805
2024-12-06 08:10:43,691 INFO ====> Final Insertion loss: 0.000000
2024-12-06 08:10:43,691 INFO ====> Final skill params: [ 0.8881617   0.5968703   0.81980276 -0.11839102 -0.09959185]
