2024-12-10 00:21:30,697 DEBUG loaded <trimesh.Trimesh(vertices.shape=(916, 3), faces.shape=(856, 3))> using `load_obj` in 0.0029s
2024-12-10 00:21:30,846 DEBUG loaded <trimesh.Trimesh(vertices.shape=(48, 3), faces.shape=(28, 3))> using `load_obj` in 0.0007s
2024-12-10 00:22:33,758 INFO =====> Skill params: [ 1.    0.45  0.8   0.   -0.1 ]
2024-12-10 00:22:33,759 INFO =====> Grad: [-2.4347344e+03  7.5956305e+02 -8.0266982e-06  6.8492386e+01
 -2.6043241e-05]
2024-12-10 00:22:33,759 INFO =====> Num. aborted data so far: 0
2024-12-10 00:22:33,766 INFO ===========> Epoch: 0 optimisation losses
2024-12-10 00:22:33,767 INFO =====> EMD Loss: 18.918673
2024-12-10 00:22:33,767 INFO =====> Height map loss: 11.072450
2024-12-10 00:22:33,767 INFO =====> Insertion loss: 0.000000
2024-12-10 00:22:34,430 DEBUG loaded <trimesh.Trimesh(vertices.shape=(916, 3), faces.shape=(856, 3))> using `load_obj` in 0.0028s
2024-12-10 00:22:34,575 DEBUG loaded <trimesh.Trimesh(vertices.shape=(48, 3), faces.shape=(28, 3))> using `load_obj` in 0.0007s
2024-12-10 00:22:54,879 INFO ==> EMD Loss: 19.703068
2024-12-10 00:22:54,879 INFO ==> Height map loss:  11.238336
2024-12-10 00:22:54,879 INFO ==> Insertion loss: 0.000000
2024-12-10 00:22:55,573 DEBUG loaded <trimesh.Trimesh(vertices.shape=(916, 3), faces.shape=(856, 3))> using `load_obj` in 0.0029s
2024-12-10 00:22:55,718 DEBUG loaded <trimesh.Trimesh(vertices.shape=(48, 3), faces.shape=(28, 3))> using `load_obj` in 0.0007s
2024-12-10 00:23:15,511 INFO ==> EMD Loss: 19.674580
2024-12-10 00:23:15,511 INFO ==> Height map loss:  11.547207
2024-12-10 00:23:15,511 INFO ==> Insertion loss: 0.000000
2024-12-10 00:23:16,202 DEBUG loaded <trimesh.Trimesh(vertices.shape=(916, 3), faces.shape=(856, 3))> using `load_obj` in 0.0028s
2024-12-10 00:23:16,347 DEBUG loaded <trimesh.Trimesh(vertices.shape=(48, 3), faces.shape=(28, 3))> using `load_obj` in 0.0007s
2024-12-10 00:23:35,809 INFO ==> EMD Loss: 19.851538
2024-12-10 00:23:35,809 INFO ==> Height map loss:  11.965070
2024-12-10 00:23:35,809 INFO ==> Insertion loss: 0.000000
2024-12-10 00:23:36,448 DEBUG loaded <trimesh.Trimesh(vertices.shape=(916, 3), faces.shape=(856, 3))> using `load_obj` in 0.0029s
2024-12-10 00:23:36,594 DEBUG loaded <trimesh.Trimesh(vertices.shape=(48, 3), faces.shape=(28, 3))> using `load_obj` in 0.0007s
2024-12-10 00:23:56,058 INFO ==> EMD Loss: 19.958740
2024-12-10 00:23:56,058 INFO ==> Height map loss:  12.246919
2024-12-10 00:23:56,058 INFO ==> Insertion loss: 0.000000
2024-12-10 00:23:56,691 DEBUG loaded <trimesh.Trimesh(vertices.shape=(916, 3), faces.shape=(856, 3))> using `load_obj` in 0.0029s
2024-12-10 00:23:56,839 DEBUG loaded <trimesh.Trimesh(vertices.shape=(48, 3), faces.shape=(28, 3))> using `load_obj` in 0.0007s
2024-12-10 00:24:16,304 INFO ==> EMD Loss: 19.886297
2024-12-10 00:24:16,304 INFO ==> Height map loss:  12.294966
2024-12-10 00:24:16,304 INFO ==> Insertion loss: 0.000000
2024-12-10 00:24:17,010 DEBUG loaded <trimesh.Trimesh(vertices.shape=(916, 3), faces.shape=(856, 3))> using `load_obj` in 0.0029s
2024-12-10 00:24:17,157 DEBUG loaded <trimesh.Trimesh(vertices.shape=(48, 3), faces.shape=(28, 3))> using `load_obj` in 0.0007s
2024-12-10 00:25:20,486 INFO =====> Skill params: [ 1.          0.44051316  0.80025375 -0.00948683 -0.09917961]
2024-12-10 00:25:20,486 INFO =====> Grad: [-2.3834058e+03  5.3460754e+02 -3.8202807e-06  2.0660757e+02
 -5.0481445e-05]
2024-12-10 00:25:20,486 INFO =====> Num. aborted data so far: 0
2024-12-10 00:25:20,494 INFO ===========> Epoch: 1 optimisation losses
2024-12-10 00:25:20,494 INFO =====> EMD Loss: 19.704622
2024-12-10 00:25:20,494 INFO =====> Height map loss: 11.238500
2024-12-10 00:25:20,494 INFO =====> Insertion loss: 0.000000
2024-12-10 00:25:21,167 DEBUG loaded <trimesh.Trimesh(vertices.shape=(916, 3), faces.shape=(856, 3))> using `load_obj` in 0.0030s
2024-12-10 00:25:21,313 DEBUG loaded <trimesh.Trimesh(vertices.shape=(48, 3), faces.shape=(28, 3))> using `load_obj` in 0.0007s
2024-12-10 00:25:41,362 INFO ==> EMD Loss: 19.755558
2024-12-10 00:25:41,362 INFO ==> Height map loss:  11.234208
2024-12-10 00:25:41,362 INFO ==> Insertion loss: 0.000000
2024-12-10 00:25:42,005 DEBUG loaded <trimesh.Trimesh(vertices.shape=(916, 3), faces.shape=(856, 3))> using `load_obj` in 0.0029s
2024-12-10 00:25:42,154 DEBUG loaded <trimesh.Trimesh(vertices.shape=(48, 3), faces.shape=(28, 3))> using `load_obj` in 0.0007s
2024-12-10 00:26:01,920 INFO ==> EMD Loss: 19.588285
2024-12-10 00:26:01,920 INFO ==> Height map loss:  11.436874
2024-12-10 00:26:01,920 INFO ==> Insertion loss: 0.000000
2024-12-10 00:26:02,562 DEBUG loaded <trimesh.Trimesh(vertices.shape=(916, 3), faces.shape=(856, 3))> using `load_obj` in 0.0029s
2024-12-10 00:26:02,707 DEBUG loaded <trimesh.Trimesh(vertices.shape=(48, 3), faces.shape=(28, 3))> using `load_obj` in 0.0007s
2024-12-10 00:26:22,268 INFO ==> EMD Loss: 19.609308
2024-12-10 00:26:22,268 INFO ==> Height map loss:  11.611522
2024-12-10 00:26:22,268 INFO ==> Insertion loss: 0.000000
2024-12-10 00:26:22,916 DEBUG loaded <trimesh.Trimesh(vertices.shape=(916, 3), faces.shape=(856, 3))> using `load_obj` in 0.0029s
2024-12-10 00:26:23,061 DEBUG loaded <trimesh.Trimesh(vertices.shape=(48, 3), faces.shape=(28, 3))> using `load_obj` in 0.0007s
2024-12-10 00:26:42,627 INFO ==> EMD Loss: 19.648336
2024-12-10 00:26:42,627 INFO ==> Height map loss:  11.707642
2024-12-10 00:26:42,627 INFO ==> Insertion loss: 0.000000
2024-12-10 00:26:43,268 DEBUG loaded <trimesh.Trimesh(vertices.shape=(916, 3), faces.shape=(856, 3))> using `load_obj` in 0.0029s
2024-12-10 00:26:43,416 DEBUG loaded <trimesh.Trimesh(vertices.shape=(48, 3), faces.shape=(28, 3))> using `load_obj` in 0.0007s
2024-12-10 00:27:03,003 INFO ==> EMD Loss: 19.742907
2024-12-10 00:27:03,003 INFO ==> Height map loss:  11.764632
2024-12-10 00:27:03,003 INFO ==> Insertion loss: 0.000000
2024-12-10 00:27:03,639 DEBUG loaded <trimesh.Trimesh(vertices.shape=(916, 3), faces.shape=(856, 3))> using `load_obj` in 0.0029s
2024-12-10 00:27:03,786 DEBUG loaded <trimesh.Trimesh(vertices.shape=(48, 3), faces.shape=(28, 3))> using `load_obj` in 0.0007s
2024-12-10 00:28:06,856 INFO =====> Skill params: [ 1.          0.4348606   0.800381   -0.01853666 -0.09752896]
2024-12-10 00:28:06,856 INFO =====> Grad: [ 1.4595084e+03 -8.8894061e+02  1.2161576e-05  1.2789474e+03
  7.2789720e-05]
2024-12-10 00:28:06,856 INFO =====> Num. aborted data so far: 0
2024-12-10 00:28:06,864 INFO ===========> Epoch: 2 optimisation losses
2024-12-10 00:28:06,864 INFO =====> EMD Loss: 19.754309
2024-12-10 00:28:06,864 INFO =====> Height map loss: 11.234057
2024-12-10 00:28:06,864 INFO =====> Insertion loss: 0.000000
2024-12-10 00:28:07,538 DEBUG loaded <trimesh.Trimesh(vertices.shape=(916, 3), faces.shape=(856, 3))> using `load_obj` in 0.0030s
2024-12-10 00:28:07,685 DEBUG loaded <trimesh.Trimesh(vertices.shape=(48, 3), faces.shape=(28, 3))> using `load_obj` in 0.0007s
2024-12-10 00:28:27,713 INFO ==> EMD Loss: 19.167812
2024-12-10 00:28:27,713 INFO ==> Height map loss:  11.044474
2024-12-10 00:28:27,713 INFO ==> Insertion loss: 0.000000
2024-12-10 00:28:28,353 DEBUG loaded <trimesh.Trimesh(vertices.shape=(916, 3), faces.shape=(856, 3))> using `load_obj` in 0.0028s
2024-12-10 00:28:28,499 DEBUG loaded <trimesh.Trimesh(vertices.shape=(48, 3), faces.shape=(28, 3))> using `load_obj` in 0.0007s
2024-12-10 00:28:49,016 INFO ==> EMD Loss: 19.165743
2024-12-10 00:28:49,017 INFO ==> Height map loss:  10.596419
2024-12-10 00:28:49,017 INFO ==> Insertion loss: 0.000000
2024-12-10 00:28:49,651 DEBUG loaded <trimesh.Trimesh(vertices.shape=(916, 3), faces.shape=(856, 3))> using `load_obj` in 0.0029s
2024-12-10 00:28:49,800 DEBUG loaded <trimesh.Trimesh(vertices.shape=(48, 3), faces.shape=(28, 3))> using `load_obj` in 0.0007s
2024-12-10 00:29:11,209 INFO ==> EMD Loss: 18.912832
2024-12-10 00:29:11,209 INFO ==> Height map loss:  10.309620
2024-12-10 00:29:11,209 INFO ==> Insertion loss: 0.000000
2024-12-10 00:29:11,846 DEBUG loaded <trimesh.Trimesh(vertices.shape=(916, 3), faces.shape=(856, 3))> using `load_obj` in 0.0028s
2024-12-10 00:29:11,992 DEBUG loaded <trimesh.Trimesh(vertices.shape=(48, 3), faces.shape=(28, 3))> using `load_obj` in 0.0007s
2024-12-10 00:29:33,747 INFO ==> EMD Loss: 18.573214
2024-12-10 00:29:33,747 INFO ==> Height map loss:  9.680574
2024-12-10 00:29:33,747 INFO ==> Insertion loss: 0.000000
2024-12-10 00:29:34,389 DEBUG loaded <trimesh.Trimesh(vertices.shape=(916, 3), faces.shape=(856, 3))> using `load_obj` in 0.0029s
2024-12-10 00:29:34,538 DEBUG loaded <trimesh.Trimesh(vertices.shape=(48, 3), faces.shape=(28, 3))> using `load_obj` in 0.0007s
2024-12-10 00:29:56,977 INFO ==> EMD Loss: 17.976599
2024-12-10 00:29:56,977 INFO ==> Height map loss:  9.127125
2024-12-10 00:29:56,977 INFO ==> Insertion loss: 0.000000
2024-12-10 00:29:57,611 DEBUG loaded <trimesh.Trimesh(vertices.shape=(916, 3), faces.shape=(856, 3))> using `load_obj` in 0.0030s
2024-12-10 00:29:57,755 DEBUG loaded <trimesh.Trimesh(vertices.shape=(48, 3), faces.shape=(28, 3))> using `load_obj` in 0.0007s
2024-12-10 00:31:09,195 INFO =====> Skill params: [ 0.9202067   0.57190216  0.7918482  -0.20587113 -0.1460377 ]
2024-12-10 00:31:09,195 INFO =====> Grad: [-2.5795110e+03  1.7442964e+03 -7.6993192e-06 -7.4011139e+01
  6.5191257e-06]
2024-12-10 00:31:09,195 INFO =====> Num. aborted data so far: 0
2024-12-10 00:31:09,203 INFO ===========> Epoch: 3 optimisation losses
2024-12-10 00:31:09,203 INFO =====> EMD Loss: 17.975874
2024-12-10 00:31:09,203 INFO =====> Height map loss: 9.127210
2024-12-10 00:31:09,203 INFO =====> Insertion loss: 0.000000
2024-12-10 00:31:09,875 DEBUG loaded <trimesh.Trimesh(vertices.shape=(916, 3), faces.shape=(856, 3))> using `load_obj` in 0.0029s
2024-12-10 00:31:10,024 DEBUG loaded <trimesh.Trimesh(vertices.shape=(48, 3), faces.shape=(28, 3))> using `load_obj` in 0.0007s
2024-12-10 00:31:32,438 INFO ==> EMD Loss: 18.085545
2024-12-10 00:31:32,438 INFO ==> Height map loss:  9.253678
2024-12-10 00:31:32,439 INFO ==> Insertion loss: 0.000000
2024-12-10 00:31:33,079 DEBUG loaded <trimesh.Trimesh(vertices.shape=(916, 3), faces.shape=(856, 3))> using `load_obj` in 0.0029s
2024-12-10 00:31:33,224 DEBUG loaded <trimesh.Trimesh(vertices.shape=(48, 3), faces.shape=(28, 3))> using `load_obj` in 0.0007s
2024-12-10 00:31:54,801 INFO ==> EMD Loss: 18.715065
2024-12-10 00:31:54,801 INFO ==> Height map loss:  9.728026
2024-12-10 00:31:54,802 INFO ==> Insertion loss: 0.000000
2024-12-10 00:31:55,436 DEBUG loaded <trimesh.Trimesh(vertices.shape=(916, 3), faces.shape=(856, 3))> using `load_obj` in 0.0029s
2024-12-10 00:31:55,582 DEBUG loaded <trimesh.Trimesh(vertices.shape=(48, 3), faces.shape=(28, 3))> using `load_obj` in 0.0007s
2024-12-10 00:32:16,367 INFO ==> EMD Loss: 18.890095
2024-12-10 00:32:16,367 INFO ==> Height map loss:  10.313159
2024-12-10 00:32:16,367 INFO ==> Insertion loss: 0.000000
2024-12-10 00:32:17,003 DEBUG loaded <trimesh.Trimesh(vertices.shape=(916, 3), faces.shape=(856, 3))> using `load_obj` in 0.0028s
2024-12-10 00:32:17,146 DEBUG loaded <trimesh.Trimesh(vertices.shape=(48, 3), faces.shape=(28, 3))> using `load_obj` in 0.0007s
2024-12-10 00:32:37,167 INFO ==> EMD Loss: 19.156225
2024-12-10 00:32:37,167 INFO ==> Height map loss:  10.614876
2024-12-10 00:32:37,167 INFO ==> Insertion loss: 0.000000
2024-12-10 00:32:37,806 DEBUG loaded <trimesh.Trimesh(vertices.shape=(916, 3), faces.shape=(856, 3))> using `load_obj` in 0.0029s
2024-12-10 00:32:37,952 DEBUG loaded <trimesh.Trimesh(vertices.shape=(48, 3), faces.shape=(28, 3))> using `load_obj` in 0.0007s
2024-12-10 00:32:57,539 INFO ==> EMD Loss: 19.342627
2024-12-10 00:32:57,539 INFO ==> Height map loss:  11.010973
2024-12-10 00:32:57,539 INFO ==> Insertion loss: 0.000000
2024-12-10 00:32:58,185 DEBUG loaded <trimesh.Trimesh(vertices.shape=(916, 3), faces.shape=(856, 3))> using `load_obj` in 0.0029s
2024-12-10 00:32:58,330 DEBUG loaded <trimesh.Trimesh(vertices.shape=(48, 3), faces.shape=(28, 3))> using `load_obj` in 0.0007s
2024-12-10 00:34:09,268 INFO =====> Skill params: [ 0.9260575   0.56401855  0.79213274 -0.20530081 -0.14626661]
2024-12-10 00:34:09,268 INFO =====> Grad: [ 2.2703389e+03  1.0664794e+03 -3.9717532e-05  2.7997299e+02
  3.8506500e-05]
2024-12-10 00:34:09,268 INFO =====> Num. aborted data so far: 0
2024-12-10 00:34:09,276 INFO ===========> Epoch: 4 optimisation losses
2024-12-10 00:34:09,276 INFO =====> EMD Loss: 18.082333
2024-12-10 00:34:09,276 INFO =====> Height map loss: 9.253615
2024-12-10 00:34:09,276 INFO =====> Insertion loss: 0.000000
2024-12-10 00:34:09,938 DEBUG loaded <trimesh.Trimesh(vertices.shape=(916, 3), faces.shape=(856, 3))> using `load_obj` in 0.0029s
2024-12-10 00:34:10,082 DEBUG loaded <trimesh.Trimesh(vertices.shape=(48, 3), faces.shape=(28, 3))> using `load_obj` in 0.0007s
2024-12-10 00:34:32,254 INFO ==> EMD Loss: 18.125057
2024-12-10 00:34:32,254 INFO ==> Height map loss:  9.324258
2024-12-10 00:34:32,254 INFO ==> Insertion loss: 0.000000
2024-12-10 00:34:32,892 DEBUG loaded <trimesh.Trimesh(vertices.shape=(916, 3), faces.shape=(856, 3))> using `load_obj` in 0.0029s
2024-12-10 00:34:33,039 DEBUG loaded <trimesh.Trimesh(vertices.shape=(48, 3), faces.shape=(28, 3))> using `load_obj` in 0.0007s
2024-12-10 00:34:54,895 INFO ==> EMD Loss: 18.346004
2024-12-10 00:34:54,895 INFO ==> Height map loss:  9.380654
2024-12-10 00:34:54,895 INFO ==> Insertion loss: 0.000000
2024-12-10 00:34:55,531 DEBUG loaded <trimesh.Trimesh(vertices.shape=(916, 3), faces.shape=(856, 3))> using `load_obj` in 0.0029s
2024-12-10 00:34:55,677 DEBUG loaded <trimesh.Trimesh(vertices.shape=(48, 3), faces.shape=(28, 3))> using `load_obj` in 0.0007s
2024-12-10 00:35:17,109 INFO ==> EMD Loss: 18.753778
2024-12-10 00:35:17,109 INFO ==> Height map loss:  9.664475
2024-12-10 00:35:17,109 INFO ==> Insertion loss: 0.000000
2024-12-10 00:35:17,749 DEBUG loaded <trimesh.Trimesh(vertices.shape=(916, 3), faces.shape=(856, 3))> using `load_obj` in 0.0029s
2024-12-10 00:35:17,896 DEBUG loaded <trimesh.Trimesh(vertices.shape=(48, 3), faces.shape=(28, 3))> using `load_obj` in 0.0007s
2024-12-10 00:35:38,883 INFO ==> EMD Loss: 18.698923
2024-12-10 00:35:38,883 INFO ==> Height map loss:  9.773293
2024-12-10 00:35:38,883 INFO ==> Insertion loss: 0.000000
2024-12-10 00:35:39,523 DEBUG loaded <trimesh.Trimesh(vertices.shape=(916, 3), faces.shape=(856, 3))> using `load_obj` in 0.0029s
2024-12-10 00:35:39,669 DEBUG loaded <trimesh.Trimesh(vertices.shape=(48, 3), faces.shape=(28, 3))> using `load_obj` in 0.0007s
2024-12-10 00:36:00,190 INFO ==> EMD Loss: 18.615738
2024-12-10 00:36:00,190 INFO ==> Height map loss:  9.838530
2024-12-10 00:36:00,190 INFO ==> Insertion loss: 0.000000
2024-12-10 00:36:00,829 DEBUG loaded <trimesh.Trimesh(vertices.shape=(916, 3), faces.shape=(856, 3))> using `load_obj` in 0.0030s
2024-12-10 00:36:00,978 DEBUG loaded <trimesh.Trimesh(vertices.shape=(48, 3), faces.shape=(28, 3))> using `load_obj` in 0.0007s
2024-12-10 00:37:11,431 INFO =====> Skill params: [ 0.9213461   0.5595396   0.79366    -0.20751232 -0.147676  ]
2024-12-10 00:37:11,431 INFO =====> Grad: [ 2.2419236e+03  8.0982611e+02 -2.0437503e-05 -1.4355259e+03
  7.8746256e-05]
2024-12-10 00:37:11,431 INFO =====> Num. aborted data so far: 0
2024-12-10 00:37:11,439 INFO ===========> Epoch: 5 optimisation losses
2024-12-10 00:37:11,439 INFO =====> EMD Loss: 18.128426
2024-12-10 00:37:11,439 INFO =====> Height map loss: 9.322183
2024-12-10 00:37:11,439 INFO =====> Insertion loss: 0.000000
2024-12-10 00:37:12,158 DEBUG loaded <trimesh.Trimesh(vertices.shape=(916, 3), faces.shape=(856, 3))> using `load_obj` in 0.0029s
2024-12-10 00:37:12,303 DEBUG loaded <trimesh.Trimesh(vertices.shape=(48, 3), faces.shape=(28, 3))> using `load_obj` in 0.0007s
2024-12-10 00:37:34,466 INFO ==> EMD Loss: 18.267082
2024-12-10 00:37:34,466 INFO ==> Height map loss:  9.295230
2024-12-10 00:37:34,466 INFO ==> Insertion loss: 0.000000
2024-12-10 00:37:35,097 DEBUG loaded <trimesh.Trimesh(vertices.shape=(916, 3), faces.shape=(856, 3))> using `load_obj` in 0.0029s
2024-12-10 00:37:35,244 DEBUG loaded <trimesh.Trimesh(vertices.shape=(48, 3), faces.shape=(28, 3))> using `load_obj` in 0.0007s
2024-12-10 00:37:57,032 INFO ==> EMD Loss: 18.534920
2024-12-10 00:37:57,032 INFO ==> Height map loss:  9.544006
2024-12-10 00:37:57,032 INFO ==> Insertion loss: 0.000000
2024-12-10 00:37:57,665 DEBUG loaded <trimesh.Trimesh(vertices.shape=(916, 3), faces.shape=(856, 3))> using `load_obj` in 0.0029s
2024-12-10 00:37:57,811 DEBUG loaded <trimesh.Trimesh(vertices.shape=(48, 3), faces.shape=(28, 3))> using `load_obj` in 0.0007s
2024-12-10 00:38:19,362 INFO ==> EMD Loss: 18.400055
2024-12-10 00:38:19,362 INFO ==> Height map loss:  9.859756
2024-12-10 00:38:19,363 INFO ==> Insertion loss: 0.000000
2024-12-10 00:38:20,067 DEBUG loaded <trimesh.Trimesh(vertices.shape=(916, 3), faces.shape=(856, 3))> using `load_obj` in 0.0029s
2024-12-10 00:38:20,213 DEBUG loaded <trimesh.Trimesh(vertices.shape=(48, 3), faces.shape=(28, 3))> using `load_obj` in 0.0007s
2024-12-10 00:38:41,202 INFO ==> EMD Loss: 18.459000
2024-12-10 00:38:41,202 INFO ==> Height map loss:  10.007799
2024-12-10 00:38:41,202 INFO ==> Insertion loss: 0.000000
2024-12-10 00:38:41,902 DEBUG loaded <trimesh.Trimesh(vertices.shape=(916, 3), faces.shape=(856, 3))> using `load_obj` in 0.0029s
2024-12-10 00:38:42,048 DEBUG loaded <trimesh.Trimesh(vertices.shape=(48, 3), faces.shape=(28, 3))> using `load_obj` in 0.0007s
2024-12-10 00:39:02,725 INFO ==> EMD Loss: 18.339012
2024-12-10 00:39:02,725 INFO ==> Height map loss:  10.199682
2024-12-10 00:39:02,725 INFO ==> Insertion loss: 0.000000
2024-12-10 00:39:03,366 DEBUG loaded <trimesh.Trimesh(vertices.shape=(916, 3), faces.shape=(856, 3))> using `load_obj` in 0.0029s
2024-12-10 00:39:03,517 DEBUG loaded <trimesh.Trimesh(vertices.shape=(48, 3), faces.shape=(28, 3))> using `load_obj` in 0.0007s
2024-12-10 00:40:14,044 INFO =====> Skill params: [ 0.9169897   0.556186    0.7944852  -0.20008157 -0.15056936]
2024-12-10 00:40:14,044 INFO =====> Grad: [ 2.5567051e+03 -1.3842384e+03  5.6869583e-05  1.2262723e+03
  2.1891979e-06]
2024-12-10 00:40:14,044 INFO =====> Num. aborted data so far: 0
2024-12-10 00:40:14,052 INFO ===========> Epoch: 6 optimisation losses
2024-12-10 00:40:14,052 INFO =====> EMD Loss: 18.386494
2024-12-10 00:40:14,052 INFO =====> Height map loss: 9.295070
2024-12-10 00:40:14,052 INFO =====> Insertion loss: 0.000000
2024-12-10 00:40:14,725 DEBUG loaded <trimesh.Trimesh(vertices.shape=(916, 3), faces.shape=(856, 3))> using `load_obj` in 0.0030s
2024-12-10 00:40:14,875 DEBUG loaded <trimesh.Trimesh(vertices.shape=(48, 3), faces.shape=(28, 3))> using `load_obj` in 0.0007s
2024-12-10 00:40:37,145 INFO ==> EMD Loss: 18.201488
2024-12-10 00:40:37,145 INFO ==> Height map loss:  9.281282
2024-12-10 00:40:37,145 INFO ==> Insertion loss: 0.000000
2024-12-10 00:40:37,784 DEBUG loaded <trimesh.Trimesh(vertices.shape=(916, 3), faces.shape=(856, 3))> using `load_obj` in 0.0029s
2024-12-10 00:40:37,933 DEBUG loaded <trimesh.Trimesh(vertices.shape=(48, 3), faces.shape=(28, 3))> using `load_obj` in 0.0007s
2024-12-10 00:41:00,629 INFO ==> EMD Loss: 17.860165
2024-12-10 00:41:00,629 INFO ==> Height map loss:  8.928140
2024-12-10 00:41:00,629 INFO ==> Insertion loss: 0.000000
2024-12-10 00:41:01,271 DEBUG loaded <trimesh.Trimesh(vertices.shape=(916, 3), faces.shape=(856, 3))> using `load_obj` in 0.0029s
2024-12-10 00:41:01,418 DEBUG loaded <trimesh.Trimesh(vertices.shape=(48, 3), faces.shape=(28, 3))> using `load_obj` in 0.0007s
2024-12-10 00:41:24,550 INFO ==> EMD Loss: 17.492998
2024-12-10 00:41:24,550 INFO ==> Height map loss:  8.578461
2024-12-10 00:41:24,550 INFO ==> Insertion loss: 0.000000
2024-12-10 00:41:25,196 DEBUG loaded <trimesh.Trimesh(vertices.shape=(916, 3), faces.shape=(856, 3))> using `load_obj` in 0.0029s
2024-12-10 00:41:25,342 DEBUG loaded <trimesh.Trimesh(vertices.shape=(48, 3), faces.shape=(28, 3))> using `load_obj` in 0.0007s
2024-12-10 00:41:49,074 INFO ==> EMD Loss: 17.276476
2024-12-10 00:41:49,074 INFO ==> Height map loss:  8.392170
2024-12-10 00:41:49,074 INFO ==> Insertion loss: 0.000000
2024-12-10 00:41:49,710 DEBUG loaded <trimesh.Trimesh(vertices.shape=(916, 3), faces.shape=(856, 3))> using `load_obj` in 0.0029s
2024-12-10 00:41:49,854 DEBUG loaded <trimesh.Trimesh(vertices.shape=(48, 3), faces.shape=(28, 3))> using `load_obj` in 0.0007s
2024-12-10 00:42:14,049 INFO ==> EMD Loss: 17.125168
2024-12-10 00:42:14,049 INFO ==> Height map loss:  8.350410
2024-12-10 00:42:14,049 INFO ==> Insertion loss: 0.000000
2024-12-10 00:42:14,701 DEBUG loaded <trimesh.Trimesh(vertices.shape=(916, 3), faces.shape=(856, 3))> using `load_obj` in 0.0028s
2024-12-10 00:42:14,847 DEBUG loaded <trimesh.Trimesh(vertices.shape=(48, 3), faces.shape=(28, 3))> using `load_obj` in 0.0007s
2024-12-10 00:43:32,143 INFO =====> Skill params: [ 0.8252953   0.6581143   0.74757785 -0.3094378  -0.15226504]
2024-12-10 00:43:32,143 INFO =====> Grad: [ 2.6847681e+03 -1.5380519e+03 -6.9663674e-06 -1.2321943e+03
 -2.0504491e-05]
2024-12-10 00:43:32,143 INFO =====> Num. aborted data so far: 0
2024-12-10 00:43:32,151 INFO ===========> Epoch: 7 optimisation losses
2024-12-10 00:43:32,151 INFO =====> EMD Loss: 16.926434
2024-12-10 00:43:32,151 INFO =====> Height map loss: 8.350707
2024-12-10 00:43:32,151 INFO =====> Insertion loss: 0.000000
2024-12-10 00:43:32,818 DEBUG loaded <trimesh.Trimesh(vertices.shape=(916, 3), faces.shape=(856, 3))> using `load_obj` in 0.0029s
2024-12-10 00:43:32,964 DEBUG loaded <trimesh.Trimesh(vertices.shape=(48, 3), faces.shape=(28, 3))> using `load_obj` in 0.0007s
2024-12-10 00:43:57,352 INFO ==> EMD Loss: 17.072487
2024-12-10 00:43:57,352 INFO ==> Height map loss:  8.298243
2024-12-10 00:43:57,352 INFO ==> Insertion loss: 0.000000
2024-12-10 00:43:57,995 DEBUG loaded <trimesh.Trimesh(vertices.shape=(916, 3), faces.shape=(856, 3))> using `load_obj` in 0.0029s
2024-12-10 00:43:58,141 DEBUG loaded <trimesh.Trimesh(vertices.shape=(48, 3), faces.shape=(28, 3))> using `load_obj` in 0.0007s
2024-12-10 00:44:22,982 INFO ==> EMD Loss: 16.547649
2024-12-10 00:44:22,982 INFO ==> Height map loss:  7.860019
2024-12-10 00:44:22,982 INFO ==> Insertion loss: 0.000000
2024-12-10 00:44:23,625 DEBUG loaded <trimesh.Trimesh(vertices.shape=(916, 3), faces.shape=(856, 3))> using `load_obj` in 0.0029s
2024-12-10 00:44:23,770 DEBUG loaded <trimesh.Trimesh(vertices.shape=(48, 3), faces.shape=(28, 3))> using `load_obj` in 0.0007s
2024-12-10 00:44:49,053 INFO ==> EMD Loss: 16.519545
2024-12-10 00:44:49,053 INFO ==> Height map loss:  7.479327
2024-12-10 00:44:49,053 INFO ==> Insertion loss: 0.000000
2024-12-10 00:44:49,691 DEBUG loaded <trimesh.Trimesh(vertices.shape=(916, 3), faces.shape=(856, 3))> using `load_obj` in 0.0029s
2024-12-10 00:44:49,835 DEBUG loaded <trimesh.Trimesh(vertices.shape=(48, 3), faces.shape=(28, 3))> using `load_obj` in 0.0007s
2024-12-10 00:45:15,614 INFO ==> EMD Loss: 16.408613
2024-12-10 00:45:15,614 INFO ==> Height map loss:  7.274499
2024-12-10 00:45:15,614 INFO ==> Insertion loss: 0.000000
2024-12-10 00:45:16,266 DEBUG loaded <trimesh.Trimesh(vertices.shape=(916, 3), faces.shape=(856, 3))> using `load_obj` in 0.0029s
2024-12-10 00:45:16,411 DEBUG loaded <trimesh.Trimesh(vertices.shape=(48, 3), faces.shape=(28, 3))> using `load_obj` in 0.0007s
2024-12-10 00:45:42,801 INFO ==> EMD Loss: 16.029686
2024-12-10 00:45:42,802 INFO ==> Height map loss:  6.958270
2024-12-10 00:45:42,802 INFO ==> Insertion loss: 0.000000
2024-12-10 00:45:43,497 DEBUG loaded <trimesh.Trimesh(vertices.shape=(916, 3), faces.shape=(856, 3))> using `load_obj` in 0.0030s
2024-12-10 00:45:43,643 DEBUG loaded <trimesh.Trimesh(vertices.shape=(48, 3), faces.shape=(28, 3))> using `load_obj` in 0.0007s
2024-12-10 00:47:08,533 INFO =====> Skill params: [ 0.7357997   0.759158    0.75363153 -0.21057539 -0.1355887 ]
2024-12-10 00:47:08,534 INFO =====> Grad: [-2.7684775e+03  1.3675682e+03  4.9942614e-06  7.5788483e+02
 -2.7471460e-05]
2024-12-10 00:47:08,534 INFO =====> Num. aborted data so far: 0
2024-12-10 00:47:08,541 INFO ===========> Epoch: 8 optimisation losses
2024-12-10 00:47:08,542 INFO =====> EMD Loss: 16.029667
2024-12-10 00:47:08,542 INFO =====> Height map loss: 6.958264
2024-12-10 00:47:08,542 INFO =====> Insertion loss: 0.000000
2024-12-10 00:47:09,206 DEBUG loaded <trimesh.Trimesh(vertices.shape=(916, 3), faces.shape=(856, 3))> using `load_obj` in 0.0030s
2024-12-10 00:47:09,351 DEBUG loaded <trimesh.Trimesh(vertices.shape=(48, 3), faces.shape=(28, 3))> using `load_obj` in 0.0007s
2024-12-10 00:47:35,586 INFO ==> EMD Loss: 16.153854
2024-12-10 00:47:35,586 INFO ==> Height map loss:  7.007726
2024-12-10 00:47:35,586 INFO ==> Insertion loss: 0.000000
2024-12-10 00:47:36,222 DEBUG loaded <trimesh.Trimesh(vertices.shape=(916, 3), faces.shape=(856, 3))> using `load_obj` in 0.0029s
2024-12-10 00:47:36,366 DEBUG loaded <trimesh.Trimesh(vertices.shape=(48, 3), faces.shape=(28, 3))> using `load_obj` in 0.0007s
2024-12-10 00:48:02,277 INFO ==> EMD Loss: 16.259773
2024-12-10 00:48:02,277 INFO ==> Height map loss:  7.223294
2024-12-10 00:48:02,277 INFO ==> Insertion loss: 0.000000
2024-12-10 00:48:02,917 DEBUG loaded <trimesh.Trimesh(vertices.shape=(916, 3), faces.shape=(856, 3))> using `load_obj` in 0.0029s
2024-12-10 00:48:03,062 DEBUG loaded <trimesh.Trimesh(vertices.shape=(48, 3), faces.shape=(28, 3))> using `load_obj` in 0.0007s
2024-12-10 00:48:28,505 INFO ==> EMD Loss: 16.446281
2024-12-10 00:48:28,506 INFO ==> Height map loss:  7.352957
2024-12-10 00:48:28,506 INFO ==> Insertion loss: 0.000000
2024-12-10 00:48:29,145 DEBUG loaded <trimesh.Trimesh(vertices.shape=(916, 3), faces.shape=(856, 3))> using `load_obj` in 0.0029s
2024-12-10 00:48:29,289 DEBUG loaded <trimesh.Trimesh(vertices.shape=(48, 3), faces.shape=(28, 3))> using `load_obj` in 0.0007s
2024-12-10 00:48:54,392 INFO ==> EMD Loss: 16.562502
2024-12-10 00:48:54,392 INFO ==> Height map loss:  7.582705
2024-12-10 00:48:54,392 INFO ==> Insertion loss: 0.000000
2024-12-10 00:48:55,053 DEBUG loaded <trimesh.Trimesh(vertices.shape=(916, 3), faces.shape=(856, 3))> using `load_obj` in 0.0030s
2024-12-10 00:48:55,197 DEBUG loaded <trimesh.Trimesh(vertices.shape=(48, 3), faces.shape=(28, 3))> using `load_obj` in 0.0007s
2024-12-10 00:49:19,804 INFO ==> EMD Loss: 16.822105
2024-12-10 00:49:19,804 INFO ==> Height map loss:  7.868128
2024-12-10 00:49:19,805 INFO ==> Insertion loss: 0.000000
2024-12-10 00:49:20,447 DEBUG loaded <trimesh.Trimesh(vertices.shape=(916, 3), faces.shape=(856, 3))> using `load_obj` in 0.0029s
2024-12-10 00:49:20,594 DEBUG loaded <trimesh.Trimesh(vertices.shape=(48, 3), faces.shape=(28, 3))> using `load_obj` in 0.0007s
2024-12-10 00:50:44,992 INFO =====> Skill params: [ 0.74012786  0.75492126  0.7534029  -0.21361163 -0.13442013]
2024-12-10 00:50:44,992 INFO =====> Grad: [-2.7274185e+03  5.9212738e+02  4.0016326e-05 -6.8965387e+02
 -6.1454061e-06]
2024-12-10 00:50:44,992 INFO =====> Num. aborted data so far: 0
2024-12-10 00:50:45,000 INFO ===========> Epoch: 9 optimisation losses
2024-12-10 00:50:45,000 INFO =====> EMD Loss: 16.153866
2024-12-10 00:50:45,000 INFO =====> Height map loss: 7.007597
2024-12-10 00:50:45,000 INFO =====> Insertion loss: 0.000000
2024-12-10 00:50:45,673 DEBUG loaded <trimesh.Trimesh(vertices.shape=(916, 3), faces.shape=(856, 3))> using `load_obj` in 0.0029s
2024-12-10 00:50:45,822 DEBUG loaded <trimesh.Trimesh(vertices.shape=(48, 3), faces.shape=(28, 3))> using `load_obj` in 0.0007s
2024-12-10 00:51:12,107 INFO ==> EMD Loss: 16.153238
2024-12-10 00:51:12,107 INFO ==> Height map loss:  6.979986
2024-12-10 00:51:12,107 INFO ==> Insertion loss: 0.000000
2024-12-10 00:51:12,745 DEBUG loaded <trimesh.Trimesh(vertices.shape=(916, 3), faces.shape=(856, 3))> using `load_obj` in 0.0029s
2024-12-10 00:51:12,889 DEBUG loaded <trimesh.Trimesh(vertices.shape=(48, 3), faces.shape=(28, 3))> using `load_obj` in 0.0007s
2024-12-10 00:51:38,975 INFO ==> EMD Loss: 16.165241
2024-12-10 00:51:38,975 INFO ==> Height map loss:  7.010391
2024-12-10 00:51:38,975 INFO ==> Insertion loss: 0.000000
2024-12-10 00:51:39,621 DEBUG loaded <trimesh.Trimesh(vertices.shape=(916, 3), faces.shape=(856, 3))> using `load_obj` in 0.0029s
2024-12-10 00:51:39,767 DEBUG loaded <trimesh.Trimesh(vertices.shape=(48, 3), faces.shape=(28, 3))> using `load_obj` in 0.0007s
2024-12-10 00:52:05,720 INFO ==> EMD Loss: 16.157858
2024-12-10 00:52:05,720 INFO ==> Height map loss:  7.072835
2024-12-10 00:52:05,720 INFO ==> Insertion loss: 0.000000
2024-12-10 00:52:06,366 DEBUG loaded <trimesh.Trimesh(vertices.shape=(916, 3), faces.shape=(856, 3))> using `load_obj` in 0.0029s
2024-12-10 00:52:06,512 DEBUG loaded <trimesh.Trimesh(vertices.shape=(48, 3), faces.shape=(28, 3))> using `load_obj` in 0.0007s
2024-12-10 00:52:32,118 INFO ==> EMD Loss: 16.258423
2024-12-10 00:52:32,118 INFO ==> Height map loss:  7.098431
2024-12-10 00:52:32,118 INFO ==> Insertion loss: 0.000000
2024-12-10 00:52:32,757 DEBUG loaded <trimesh.Trimesh(vertices.shape=(916, 3), faces.shape=(856, 3))> using `load_obj` in 0.0029s
2024-12-10 00:52:32,902 DEBUG loaded <trimesh.Trimesh(vertices.shape=(48, 3), faces.shape=(28, 3))> using `load_obj` in 0.0007s
2024-12-10 00:52:58,346 INFO ==> EMD Loss: 16.283176
2024-12-10 00:52:58,346 INFO ==> Height map loss:  7.064656
2024-12-10 00:52:58,346 INFO ==> Insertion loss: 0.000000
2024-12-10 00:52:58,987 DEBUG loaded <trimesh.Trimesh(vertices.shape=(916, 3), faces.shape=(856, 3))> using `load_obj` in 0.0030s
2024-12-10 00:52:59,133 DEBUG loaded <trimesh.Trimesh(vertices.shape=(48, 3), faces.shape=(28, 3))> using `load_obj` in 0.0007s
2024-12-10 00:54:23,613 INFO =====> Skill params: [ 0.7441897   0.75302655  0.75151044 -0.21082751 -0.1341447 ]
2024-12-10 00:54:23,613 INFO =====> Grad: [-2.7321252e+03  1.3724827e+03 -2.4262392e-06 -4.3453024e+02
  3.4448894e-05]
2024-12-10 00:54:23,614 INFO =====> Num. aborted data so far: 0
2024-12-10 00:54:23,621 INFO ===========> Epoch: 10 optimisation losses
2024-12-10 00:54:23,621 INFO =====> EMD Loss: 16.153267
2024-12-10 00:54:23,621 INFO =====> Height map loss: 6.980653
2024-12-10 00:54:23,621 INFO =====> Insertion loss: 0.000000
2024-12-10 00:54:24,298 DEBUG loaded <trimesh.Trimesh(vertices.shape=(916, 3), faces.shape=(856, 3))> using `load_obj` in 0.0029s
2024-12-10 00:54:24,443 DEBUG loaded <trimesh.Trimesh(vertices.shape=(48, 3), faces.shape=(28, 3))> using `load_obj` in 0.0007s
2024-12-10 00:54:50,568 INFO ==> EMD Loss: 16.030624
2024-12-10 00:54:50,568 INFO ==> Height map loss:  6.984476
2024-12-10 00:54:50,568 INFO ==> Insertion loss: 0.000000
2024-12-10 00:54:51,216 DEBUG loaded <trimesh.Trimesh(vertices.shape=(916, 3), faces.shape=(856, 3))> using `load_obj` in 0.0029s
2024-12-10 00:54:51,361 DEBUG loaded <trimesh.Trimesh(vertices.shape=(48, 3), faces.shape=(28, 3))> using `load_obj` in 0.0007s
2024-12-10 00:55:17,099 INFO ==> EMD Loss: 16.292627
2024-12-10 00:55:17,099 INFO ==> Height map loss:  7.103461
2024-12-10 00:55:17,099 INFO ==> Insertion loss: 0.000000
2024-12-10 00:55:17,745 DEBUG loaded <trimesh.Trimesh(vertices.shape=(916, 3), faces.shape=(856, 3))> using `load_obj` in 0.0029s
2024-12-10 00:55:17,890 DEBUG loaded <trimesh.Trimesh(vertices.shape=(48, 3), faces.shape=(28, 3))> using `load_obj` in 0.0007s
2024-12-10 00:55:43,192 INFO ==> EMD Loss: 16.307220
2024-12-10 00:55:43,192 INFO ==> Height map loss:  7.050357
2024-12-10 00:55:43,192 INFO ==> Insertion loss: 0.000000
2024-12-10 00:55:43,825 DEBUG loaded <trimesh.Trimesh(vertices.shape=(916, 3), faces.shape=(856, 3))> using `load_obj` in 0.0029s
2024-12-10 00:55:43,971 DEBUG loaded <trimesh.Trimesh(vertices.shape=(48, 3), faces.shape=(28, 3))> using `load_obj` in 0.0007s
2024-12-10 00:56:08,954 INFO ==> EMD Loss: 16.168625
2024-12-10 00:56:08,954 INFO ==> Height map loss:  7.155010
2024-12-10 00:56:08,954 INFO ==> Insertion loss: 0.000000
2024-12-10 00:56:09,594 DEBUG loaded <trimesh.Trimesh(vertices.shape=(916, 3), faces.shape=(856, 3))> using `load_obj` in 0.0029s
2024-12-10 00:56:09,739 DEBUG loaded <trimesh.Trimesh(vertices.shape=(48, 3), faces.shape=(28, 3))> using `load_obj` in 0.0007s
2024-12-10 00:56:34,155 INFO ==> EMD Loss: 16.679699
2024-12-10 00:56:34,156 INFO ==> Height map loss:  7.341432
2024-12-10 00:56:34,156 INFO ==> Insertion loss: 0.000000
2024-12-10 00:56:34,795 DEBUG loaded <trimesh.Trimesh(vertices.shape=(916, 3), faces.shape=(856, 3))> using `load_obj` in 0.0028s
2024-12-10 00:56:34,941 DEBUG loaded <trimesh.Trimesh(vertices.shape=(48, 3), faces.shape=(28, 3))> using `load_obj` in 0.0007s
2024-12-10 00:57:58,549 INFO =====> Skill params: [ 0.7480978   0.7488662   0.7516314  -0.20901258 -0.13574874]
2024-12-10 00:57:58,550 INFO =====> Grad: [-2.7443496e+03  1.3823967e+03 -2.0358987e-06 -7.7166339e+02
 -2.6259851e-05]
2024-12-10 00:57:58,550 INFO =====> Num. aborted data so far: 0
2024-12-10 00:57:58,557 INFO ===========> Epoch: 11 optimisation losses
2024-12-10 00:57:58,557 INFO =====> EMD Loss: 16.030643
2024-12-10 00:57:58,557 INFO =====> Height map loss: 6.984428
2024-12-10 00:57:58,558 INFO =====> Insertion loss: 0.000000
2024-12-10 00:57:59,221 DEBUG loaded <trimesh.Trimesh(vertices.shape=(916, 3), faces.shape=(856, 3))> using `load_obj` in 0.0028s
2024-12-10 00:57:59,366 DEBUG loaded <trimesh.Trimesh(vertices.shape=(48, 3), faces.shape=(28, 3))> using `load_obj` in 0.0007s
2024-12-10 00:58:25,456 INFO ==> EMD Loss: 16.184183
2024-12-10 00:58:25,456 INFO ==> Height map loss:  7.017758
2024-12-10 00:58:25,456 INFO ==> Insertion loss: 0.000000
2024-12-10 00:58:26,185 DEBUG loaded <trimesh.Trimesh(vertices.shape=(916, 3), faces.shape=(856, 3))> using `load_obj` in 0.0029s
2024-12-10 00:58:26,331 DEBUG loaded <trimesh.Trimesh(vertices.shape=(48, 3), faces.shape=(28, 3))> using `load_obj` in 0.0007s
2024-12-10 00:58:52,145 INFO ==> EMD Loss: 16.266935
2024-12-10 00:58:52,145 INFO ==> Height map loss:  7.097758
2024-12-10 00:58:52,145 INFO ==> Insertion loss: 0.000000
2024-12-10 00:58:52,782 DEBUG loaded <trimesh.Trimesh(vertices.shape=(916, 3), faces.shape=(856, 3))> using `load_obj` in 0.0028s
2024-12-10 00:58:52,927 DEBUG loaded <trimesh.Trimesh(vertices.shape=(48, 3), faces.shape=(28, 3))> using `load_obj` in 0.0007s
2024-12-10 00:59:18,297 INFO ==> EMD Loss: 16.294792
2024-12-10 00:59:18,297 INFO ==> Height map loss:  7.003710
2024-12-10 00:59:18,297 INFO ==> Insertion loss: 0.000000
2024-12-10 00:59:18,941 DEBUG loaded <trimesh.Trimesh(vertices.shape=(916, 3), faces.shape=(856, 3))> using `load_obj` in 0.0028s
2024-12-10 00:59:19,087 DEBUG loaded <trimesh.Trimesh(vertices.shape=(48, 3), faces.shape=(28, 3))> using `load_obj` in 0.0007s
2024-12-10 00:59:44,061 INFO ==> EMD Loss: 16.360018
2024-12-10 00:59:44,061 INFO ==> Height map loss:  7.022461
2024-12-10 00:59:44,061 INFO ==> Insertion loss: 0.000000
2024-12-10 00:59:44,701 DEBUG loaded <trimesh.Trimesh(vertices.shape=(916, 3), faces.shape=(856, 3))> using `load_obj` in 0.0028s
2024-12-10 00:59:44,847 DEBUG loaded <trimesh.Trimesh(vertices.shape=(48, 3), faces.shape=(28, 3))> using `load_obj` in 0.0007s
2024-12-10 01:00:09,494 INFO ==> EMD Loss: 16.668623
2024-12-10 01:00:09,494 INFO ==> Height map loss:  7.199315
2024-12-10 01:00:09,494 INFO ==> Insertion loss: 0.000000
2024-12-10 01:00:10,130 DEBUG loaded <trimesh.Trimesh(vertices.shape=(916, 3), faces.shape=(856, 3))> using `load_obj` in 0.0028s
2024-12-10 01:00:10,277 DEBUG loaded <trimesh.Trimesh(vertices.shape=(48, 3), faces.shape=(28, 3))> using `load_obj` in 0.0007s
2024-12-10 01:01:31,426 INFO =====> Skill params: [ 0.78602624  0.70882314  0.752701   -0.1770278  -0.12297731]
2024-12-10 01:01:31,426 INFO =====> Grad: [ 2.6986794e+03 -1.2785719e+03  3.6675201e-06 -3.6095596e+01
  6.9702204e-05]
2024-12-10 01:01:31,426 INFO =====> Num. aborted data so far: 0
2024-12-10 01:01:31,435 INFO ===========> Epoch: 12 optimisation losses
2024-12-10 01:01:31,435 INFO =====> EMD Loss: 16.294743
2024-12-10 01:01:31,435 INFO =====> Height map loss: 7.003856
2024-12-10 01:01:31,436 INFO =====> Insertion loss: 0.000000
2024-12-10 01:01:32,099 DEBUG loaded <trimesh.Trimesh(vertices.shape=(916, 3), faces.shape=(856, 3))> using `load_obj` in 0.0030s
2024-12-10 01:01:32,243 DEBUG loaded <trimesh.Trimesh(vertices.shape=(48, 3), faces.shape=(28, 3))> using `load_obj` in 0.0007s
2024-12-10 01:01:57,615 INFO ==> EMD Loss: 16.290146
2024-12-10 01:01:57,615 INFO ==> Height map loss:  6.956134
2024-12-10 01:01:57,615 INFO ==> Insertion loss: 0.000000
2024-12-10 01:01:58,263 DEBUG loaded <trimesh.Trimesh(vertices.shape=(916, 3), faces.shape=(856, 3))> using `load_obj` in 0.0029s
2024-12-10 01:01:58,409 DEBUG loaded <trimesh.Trimesh(vertices.shape=(48, 3), faces.shape=(28, 3))> using `load_obj` in 0.0007s
2024-12-10 01:02:24,161 INFO ==> EMD Loss: 16.233749
2024-12-10 01:02:24,161 INFO ==> Height map loss:  6.943255
2024-12-10 01:02:24,161 INFO ==> Insertion loss: 0.000000
2024-12-10 01:02:24,794 DEBUG loaded <trimesh.Trimesh(vertices.shape=(916, 3), faces.shape=(856, 3))> using `load_obj` in 0.0029s
2024-12-10 01:02:24,938 DEBUG loaded <trimesh.Trimesh(vertices.shape=(48, 3), faces.shape=(28, 3))> using `load_obj` in 0.0007s
2024-12-10 01:02:50,992 INFO ==> EMD Loss: 16.126968
2024-12-10 01:02:50,992 INFO ==> Height map loss:  6.959621
2024-12-10 01:02:50,992 INFO ==> Insertion loss: 0.000000
2024-12-10 01:02:51,632 DEBUG loaded <trimesh.Trimesh(vertices.shape=(916, 3), faces.shape=(856, 3))> using `load_obj` in 0.0029s
2024-12-10 01:02:51,778 DEBUG loaded <trimesh.Trimesh(vertices.shape=(48, 3), faces.shape=(28, 3))> using `load_obj` in 0.0007s
2024-12-10 01:03:18,038 INFO ==> EMD Loss: 16.015167
2024-12-10 01:03:18,038 INFO ==> Height map loss:  6.963499
2024-12-10 01:03:18,038 INFO ==> Insertion loss: 0.000000
2024-12-10 01:03:18,680 DEBUG loaded <trimesh.Trimesh(vertices.shape=(916, 3), faces.shape=(856, 3))> using `load_obj` in 0.0029s
2024-12-10 01:03:18,826 DEBUG loaded <trimesh.Trimesh(vertices.shape=(48, 3), faces.shape=(28, 3))> using `load_obj` in 0.0007s
2024-12-10 01:03:45,482 INFO ==> EMD Loss: 16.042427
2024-12-10 01:03:45,482 INFO ==> Height map loss:  6.960365
2024-12-10 01:03:45,482 INFO ==> Insertion loss: 0.000000
2024-12-10 01:03:46,129 DEBUG loaded <trimesh.Trimesh(vertices.shape=(916, 3), faces.shape=(856, 3))> using `load_obj` in 0.0028s
2024-12-10 01:03:46,275 DEBUG loaded <trimesh.Trimesh(vertices.shape=(48, 3), faces.shape=(28, 3))> using `load_obj` in 0.0007s
2024-12-10 01:05:08,534 INFO =====> Skill params: [ 0.76786643  0.726874    0.7516857  -0.17623939 -0.13969691]
2024-12-10 01:05:08,534 INFO =====> Grad: [ 2.0642432e+03  6.5954913e+02 -7.6487231e-06 -7.5127209e+02
  8.1146400e-06]
2024-12-10 01:05:08,536 INFO =====> Num. aborted data so far: 0
2024-12-10 01:05:08,543 INFO ===========> Epoch: 13 optimisation losses
2024-12-10 01:05:08,543 INFO =====> EMD Loss: 16.233728
2024-12-10 01:05:08,543 INFO =====> Height map loss: 6.943238
2024-12-10 01:05:08,544 INFO =====> Insertion loss: 0.000000
2024-12-10 01:05:09,219 DEBUG loaded <trimesh.Trimesh(vertices.shape=(916, 3), faces.shape=(856, 3))> using `load_obj` in 0.0029s
2024-12-10 01:05:09,366 DEBUG loaded <trimesh.Trimesh(vertices.shape=(48, 3), faces.shape=(28, 3))> using `load_obj` in 0.0007s
2024-12-10 01:05:34,997 INFO ==> EMD Loss: 16.210960
2024-12-10 01:05:34,998 INFO ==> Height map loss:  6.931938
2024-12-10 01:05:34,998 INFO ==> Insertion loss: 0.000000
2024-12-10 01:05:35,638 DEBUG loaded <trimesh.Trimesh(vertices.shape=(916, 3), faces.shape=(856, 3))> using `load_obj` in 0.0029s
2024-12-10 01:05:35,782 DEBUG loaded <trimesh.Trimesh(vertices.shape=(48, 3), faces.shape=(28, 3))> using `load_obj` in 0.0007s
2024-12-10 01:06:01,258 INFO ==> EMD Loss: 16.194120
2024-12-10 01:06:01,258 INFO ==> Height map loss:  6.841884
2024-12-10 01:06:01,258 INFO ==> Insertion loss: 0.000000
2024-12-10 01:06:01,938 DEBUG loaded <trimesh.Trimesh(vertices.shape=(916, 3), faces.shape=(856, 3))> using `load_obj` in 0.0029s
2024-12-10 01:06:02,082 DEBUG loaded <trimesh.Trimesh(vertices.shape=(48, 3), faces.shape=(28, 3))> using `load_obj` in 0.0007s
2024-12-10 01:06:27,400 INFO ==> EMD Loss: 16.185436
2024-12-10 01:06:27,400 INFO ==> Height map loss:  6.717073
2024-12-10 01:06:27,400 INFO ==> Insertion loss: 0.000000
2024-12-10 01:06:28,047 DEBUG loaded <trimesh.Trimesh(vertices.shape=(916, 3), faces.shape=(856, 3))> using `load_obj` in 0.0029s
2024-12-10 01:06:28,191 DEBUG loaded <trimesh.Trimesh(vertices.shape=(48, 3), faces.shape=(28, 3))> using `load_obj` in 0.0007s
2024-12-10 01:06:53,348 INFO ==> EMD Loss: 16.338190
2024-12-10 01:06:53,348 INFO ==> Height map loss:  6.689276
2024-12-10 01:06:53,348 INFO ==> Insertion loss: 0.000000
2024-12-10 01:06:53,993 DEBUG loaded <trimesh.Trimesh(vertices.shape=(916, 3), faces.shape=(856, 3))> using `load_obj` in 0.0029s
2024-12-10 01:06:54,139 DEBUG loaded <trimesh.Trimesh(vertices.shape=(48, 3), faces.shape=(28, 3))> using `load_obj` in 0.0007s
2024-12-10 01:07:18,969 INFO ==> EMD Loss: 16.172428
2024-12-10 01:07:18,969 INFO ==> Height map loss:  6.777388
2024-12-10 01:07:18,969 INFO ==> Insertion loss: 0.000000
2024-12-10 01:07:19,615 DEBUG loaded <trimesh.Trimesh(vertices.shape=(916, 3), faces.shape=(856, 3))> using `load_obj` in 0.0029s
2024-12-10 01:07:19,760 DEBUG loaded <trimesh.Trimesh(vertices.shape=(48, 3), faces.shape=(28, 3))> using `load_obj` in 0.0007s
2024-12-10 01:08:40,038 INFO =====> Skill params: [ 0.7258947   0.69803923  0.75837415 -0.12748757 -0.1458464 ]
2024-12-10 01:08:40,038 INFO =====> Grad: [ 2.0719978e+03 -6.6069592e+02 -1.7549664e-06 -2.5600153e+02
 -7.2539922e-05]
2024-12-10 01:08:40,038 INFO =====> Num. aborted data so far: 0
2024-12-10 01:08:40,046 INFO ===========> Epoch: 14 optimisation losses
2024-12-10 01:08:40,046 INFO =====> EMD Loss: 16.139246
2024-12-10 01:08:40,046 INFO =====> Height map loss: 6.687225
2024-12-10 01:08:40,046 INFO =====> Insertion loss: 0.000000
2024-12-10 01:08:40,476 DEBUG loaded <trimesh.Trimesh(vertices.shape=(916, 3), faces.shape=(856, 3))> using `load_obj` in 0.0029s
2024-12-10 01:08:40,620 DEBUG loaded <trimesh.Trimesh(vertices.shape=(48, 3), faces.shape=(28, 3))> using `load_obj` in 0.0007s
2024-12-10 01:09:05,794 INFO ==> EMD Loss: 16.333179
2024-12-10 01:09:05,794 INFO ==> Height map loss:  6.685642
2024-12-10 01:09:05,794 INFO ==> Insertion loss: 0.000000
2024-12-10 01:09:06,225 DEBUG loaded <trimesh.Trimesh(vertices.shape=(916, 3), faces.shape=(856, 3))> using `load_obj` in 0.0029s
2024-12-10 01:09:06,369 DEBUG loaded <trimesh.Trimesh(vertices.shape=(48, 3), faces.shape=(28, 3))> using `load_obj` in 0.0007s
2024-12-10 01:09:31,703 INFO ==> EMD Loss: 16.169756
2024-12-10 01:09:31,703 INFO ==> Height map loss:  6.613931
2024-12-10 01:09:31,703 INFO ==> Insertion loss: 0.000000
2024-12-10 01:09:32,137 DEBUG loaded <trimesh.Trimesh(vertices.shape=(916, 3), faces.shape=(856, 3))> using `load_obj` in 0.0028s
2024-12-10 01:09:32,284 DEBUG loaded <trimesh.Trimesh(vertices.shape=(48, 3), faces.shape=(28, 3))> using `load_obj` in 0.0007s
2024-12-10 01:09:57,873 INFO ==> EMD Loss: 16.110788
2024-12-10 01:09:57,873 INFO ==> Height map loss:  6.586704
2024-12-10 01:09:57,873 INFO ==> Insertion loss: 0.000000
2024-12-10 01:09:58,554 DEBUG loaded <trimesh.Trimesh(vertices.shape=(916, 3), faces.shape=(856, 3))> using `load_obj` in 0.0028s
2024-12-10 01:09:58,699 DEBUG loaded <trimesh.Trimesh(vertices.shape=(48, 3), faces.shape=(28, 3))> using `load_obj` in 0.0007s
2024-12-10 01:10:24,655 INFO ==> EMD Loss: 16.099651
2024-12-10 01:10:24,655 INFO ==> Height map loss:  6.536794
2024-12-10 01:10:24,655 INFO ==> Insertion loss: 0.000000
2024-12-10 01:10:25,089 DEBUG loaded <trimesh.Trimesh(vertices.shape=(916, 3), faces.shape=(856, 3))> using `load_obj` in 0.0028s
2024-12-10 01:10:25,233 DEBUG loaded <trimesh.Trimesh(vertices.shape=(48, 3), faces.shape=(28, 3))> using `load_obj` in 0.0007s
2024-12-10 01:10:51,453 INFO ==> EMD Loss: 16.081713
2024-12-10 01:10:51,453 INFO ==> Height map loss:  6.528809
2024-12-10 01:10:51,453 INFO ==> Insertion loss: 0.000000
2024-12-10 01:10:51,885 DEBUG loaded <trimesh.Trimesh(vertices.shape=(916, 3), faces.shape=(856, 3))> using `load_obj` in 0.0028s
2024-12-10 01:10:52,029 DEBUG loaded <trimesh.Trimesh(vertices.shape=(48, 3), faces.shape=(28, 3))> using `load_obj` in 0.0007s
2024-12-10 01:12:15,986 INFO =====> Skill params: [ 0.66937196  0.7377372   0.7605309  -0.10431416 -0.0742913 ]
2024-12-10 01:12:15,986 INFO =====> Grad: [ 2.7562817e+03 -5.6493634e+02  3.4480065e-05  4.9804388e+02
  2.2204422e-07]
2024-12-10 01:12:15,986 INFO =====> Num. aborted data so far: 0
2024-12-10 01:12:15,993 INFO ===========> Epoch: 15 optimisation losses
2024-12-10 01:12:15,994 INFO =====> EMD Loss: 16.081739
2024-12-10 01:12:15,994 INFO =====> Height map loss: 6.528858
2024-12-10 01:12:15,994 INFO =====> Insertion loss: 0.000000
2024-12-10 01:12:16,658 DEBUG loaded <trimesh.Trimesh(vertices.shape=(916, 3), faces.shape=(856, 3))> using `load_obj` in 0.0029s
2024-12-10 01:12:16,809 DEBUG loaded <trimesh.Trimesh(vertices.shape=(48, 3), faces.shape=(28, 3))> using `load_obj` in 0.0007s
2024-12-10 01:12:43,032 INFO ==> EMD Loss: 16.098440
2024-12-10 01:12:43,032 INFO ==> Height map loss:  6.556160
2024-12-10 01:12:43,032 INFO ==> Insertion loss: 0.000000
2024-12-10 01:12:43,677 DEBUG loaded <trimesh.Trimesh(vertices.shape=(916, 3), faces.shape=(856, 3))> using `load_obj` in 0.0030s
2024-12-10 01:12:43,822 DEBUG loaded <trimesh.Trimesh(vertices.shape=(48, 3), faces.shape=(28, 3))> using `load_obj` in 0.0007s
2024-12-10 01:13:10,220 INFO ==> EMD Loss: 15.975168
2024-12-10 01:13:10,221 INFO ==> Height map loss:  6.686978
2024-12-10 01:13:10,221 INFO ==> Insertion loss: 0.000000
2024-12-10 01:13:10,923 DEBUG loaded <trimesh.Trimesh(vertices.shape=(916, 3), faces.shape=(856, 3))> using `load_obj` in 0.0029s
2024-12-10 01:13:11,069 DEBUG loaded <trimesh.Trimesh(vertices.shape=(48, 3), faces.shape=(28, 3))> using `load_obj` in 0.0007s
2024-12-10 01:13:37,622 INFO ==> EMD Loss: 15.915266
2024-12-10 01:13:37,623 INFO ==> Height map loss:  6.805785
2024-12-10 01:13:37,623 INFO ==> Insertion loss: 0.000000
2024-12-10 01:13:38,270 DEBUG loaded <trimesh.Trimesh(vertices.shape=(916, 3), faces.shape=(856, 3))> using `load_obj` in 0.0028s
2024-12-10 01:13:38,415 DEBUG loaded <trimesh.Trimesh(vertices.shape=(48, 3), faces.shape=(28, 3))> using `load_obj` in 0.0007s
2024-12-10 01:14:05,007 INFO ==> EMD Loss: 16.026503
2024-12-10 01:14:05,007 INFO ==> Height map loss:  6.951494
2024-12-10 01:14:05,007 INFO ==> Insertion loss: 0.000000
2024-12-10 01:14:05,649 DEBUG loaded <trimesh.Trimesh(vertices.shape=(916, 3), faces.shape=(856, 3))> using `load_obj` in 0.0029s
2024-12-10 01:14:05,794 DEBUG loaded <trimesh.Trimesh(vertices.shape=(48, 3), faces.shape=(28, 3))> using `load_obj` in 0.0007s
2024-12-10 01:14:32,688 INFO ==> EMD Loss: 16.030581
2024-12-10 01:14:32,688 INFO ==> Height map loss:  6.956392
2024-12-10 01:14:32,688 INFO ==> Insertion loss: 0.000000
2024-12-10 01:14:33,338 DEBUG loaded <trimesh.Trimesh(vertices.shape=(916, 3), faces.shape=(856, 3))> using `load_obj` in 0.0029s
2024-12-10 01:14:33,482 DEBUG loaded <trimesh.Trimesh(vertices.shape=(48, 3), faces.shape=(28, 3))> using `load_obj` in 0.0007s
2024-12-10 01:15:57,743 INFO =====> Skill params: [ 0.66571534  0.7394952   0.7583571  -0.10661905 -0.07430284]
2024-12-10 01:15:57,743 INFO =====> Grad: [ 1.3545546e+03 -5.8327753e+02 -5.3291380e-05 -1.2496907e+03
 -1.9238310e-05]
2024-12-10 01:15:57,743 INFO =====> Num. aborted data so far: 0
2024-12-10 01:15:57,751 INFO ===========> Epoch: 16 optimisation losses
2024-12-10 01:15:57,751 INFO =====> EMD Loss: 16.098421
2024-12-10 01:15:57,751 INFO =====> Height map loss: 6.556062
2024-12-10 01:15:57,752 INFO =====> Insertion loss: 0.000000
2024-12-10 01:15:58,422 DEBUG loaded <trimesh.Trimesh(vertices.shape=(916, 3), faces.shape=(856, 3))> using `load_obj` in 0.0029s
2024-12-10 01:15:58,567 DEBUG loaded <trimesh.Trimesh(vertices.shape=(48, 3), faces.shape=(28, 3))> using `load_obj` in 0.0007s
2024-12-10 01:16:24,762 INFO ==> EMD Loss: 16.088533
2024-12-10 01:16:24,762 INFO ==> Height map loss:  6.537271
2024-12-10 01:16:24,762 INFO ==> Insertion loss: 0.000000
2024-12-10 01:16:25,402 DEBUG loaded <trimesh.Trimesh(vertices.shape=(916, 3), faces.shape=(856, 3))> using `load_obj` in 0.0029s
2024-12-10 01:16:25,546 DEBUG loaded <trimesh.Trimesh(vertices.shape=(48, 3), faces.shape=(28, 3))> using `load_obj` in 0.0006s
2024-12-10 01:16:51,932 INFO ==> EMD Loss: 16.106848
2024-12-10 01:16:51,932 INFO ==> Height map loss:  6.563015
2024-12-10 01:16:51,932 INFO ==> Insertion loss: 0.000000
2024-12-10 01:16:52,573 DEBUG loaded <trimesh.Trimesh(vertices.shape=(916, 3), faces.shape=(856, 3))> using `load_obj` in 0.0029s
2024-12-10 01:16:52,721 DEBUG loaded <trimesh.Trimesh(vertices.shape=(48, 3), faces.shape=(28, 3))> using `load_obj` in 0.0007s
2024-12-10 01:17:19,403 INFO ==> EMD Loss: 16.047737
2024-12-10 01:17:19,403 INFO ==> Height map loss:  6.801353
2024-12-10 01:17:19,403 INFO ==> Insertion loss: 0.000000
2024-12-10 01:17:20,043 DEBUG loaded <trimesh.Trimesh(vertices.shape=(916, 3), faces.shape=(856, 3))> using `load_obj` in 0.0029s
2024-12-10 01:17:20,189 DEBUG loaded <trimesh.Trimesh(vertices.shape=(48, 3), faces.shape=(28, 3))> using `load_obj` in 0.0007s
2024-12-10 01:17:47,123 INFO ==> EMD Loss: 16.139969
2024-12-10 01:17:47,123 INFO ==> Height map loss:  6.583537
2024-12-10 01:17:47,123 INFO ==> Insertion loss: 0.000000
2024-12-10 01:17:47,763 DEBUG loaded <trimesh.Trimesh(vertices.shape=(916, 3), faces.shape=(856, 3))> using `load_obj` in 0.0029s
2024-12-10 01:17:47,909 DEBUG loaded <trimesh.Trimesh(vertices.shape=(48, 3), faces.shape=(28, 3))> using `load_obj` in 0.0007s
2024-12-10 01:18:15,053 INFO ==> EMD Loss: 16.167208
2024-12-10 01:18:15,053 INFO ==> Height map loss:  6.682601
2024-12-10 01:18:15,053 INFO ==> Insertion loss: 0.000000
2024-12-10 01:18:15,697 DEBUG loaded <trimesh.Trimesh(vertices.shape=(916, 3), faces.shape=(856, 3))> using `load_obj` in 0.0029s
2024-12-10 01:18:15,844 DEBUG loaded <trimesh.Trimesh(vertices.shape=(48, 3), faces.shape=(28, 3))> using `load_obj` in 0.0007s
2024-12-10 01:19:39,858 INFO =====> Skill params: [ 0.66385776  0.74137074  0.7616749  -0.10149039 -0.07325503]
2024-12-10 01:19:39,858 INFO =====> Grad: [ 3.4654785e+02 -4.9846100e+02 -3.6075689e-05  1.7935002e+02
  6.9583555e-05]
2024-12-10 01:19:39,858 INFO =====> Num. aborted data so far: 0
2024-12-10 01:19:39,866 INFO ===========> Epoch: 17 optimisation losses
2024-12-10 01:19:39,866 INFO =====> EMD Loss: 16.088583
2024-12-10 01:19:39,866 INFO =====> Height map loss: 6.537252
2024-12-10 01:19:39,866 INFO =====> Insertion loss: 0.000000
2024-12-10 01:19:40,542 DEBUG loaded <trimesh.Trimesh(vertices.shape=(916, 3), faces.shape=(856, 3))> using `load_obj` in 0.0029s
2024-12-10 01:19:40,688 DEBUG loaded <trimesh.Trimesh(vertices.shape=(48, 3), faces.shape=(28, 3))> using `load_obj` in 0.0007s
2024-12-10 01:20:07,073 INFO ==> EMD Loss: 16.085468
2024-12-10 01:20:07,073 INFO ==> Height map loss:  6.599914
2024-12-10 01:20:07,073 INFO ==> Insertion loss: 0.000000
2024-12-10 01:20:07,716 DEBUG loaded <trimesh.Trimesh(vertices.shape=(916, 3), faces.shape=(856, 3))> using `load_obj` in 0.0029s
2024-12-10 01:20:07,862 DEBUG loaded <trimesh.Trimesh(vertices.shape=(48, 3), faces.shape=(28, 3))> using `load_obj` in 0.0007s
2024-12-10 01:20:34,146 INFO ==> EMD Loss: 16.087643
2024-12-10 01:20:34,146 INFO ==> Height map loss:  6.643991
2024-12-10 01:20:34,146 INFO ==> Insertion loss: 0.000000
2024-12-10 01:20:34,790 DEBUG loaded <trimesh.Trimesh(vertices.shape=(916, 3), faces.shape=(856, 3))> using `load_obj` in 0.0029s
2024-12-10 01:20:34,934 DEBUG loaded <trimesh.Trimesh(vertices.shape=(48, 3), faces.shape=(28, 3))> using `load_obj` in 0.0007s
2024-12-10 01:21:01,443 INFO ==> EMD Loss: 16.016031
2024-12-10 01:21:01,443 INFO ==> Height map loss:  6.913054
2024-12-10 01:21:01,443 INFO ==> Insertion loss: 0.000000
2024-12-10 01:21:02,085 DEBUG loaded <trimesh.Trimesh(vertices.shape=(916, 3), faces.shape=(856, 3))> using `load_obj` in 0.0029s
2024-12-10 01:21:02,230 DEBUG loaded <trimesh.Trimesh(vertices.shape=(48, 3), faces.shape=(28, 3))> using `load_obj` in 0.0007s
2024-12-10 01:21:28,811 INFO ==> EMD Loss: 16.031351
2024-12-10 01:21:28,811 INFO ==> Height map loss:  6.947599
2024-12-10 01:21:28,811 INFO ==> Insertion loss: 0.000000
2024-12-10 01:21:29,451 DEBUG loaded <trimesh.Trimesh(vertices.shape=(916, 3), faces.shape=(856, 3))> using `load_obj` in 0.0029s
2024-12-10 01:21:29,598 DEBUG loaded <trimesh.Trimesh(vertices.shape=(48, 3), faces.shape=(28, 3))> using `load_obj` in 0.0007s
2024-12-10 01:21:56,332 INFO ==> EMD Loss: 16.023880
2024-12-10 01:21:56,332 INFO ==> Height map loss:  6.944420
2024-12-10 01:21:56,332 INFO ==> Insertion loss: 0.000000
2024-12-10 01:21:56,979 DEBUG loaded <trimesh.Trimesh(vertices.shape=(916, 3), faces.shape=(856, 3))> using `load_obj` in 0.0028s
2024-12-10 01:21:57,125 DEBUG loaded <trimesh.Trimesh(vertices.shape=(48, 3), faces.shape=(28, 3))> using `load_obj` in 0.0007s
2024-12-10 01:23:21,865 INFO =====> Skill params: [ 0.6633575   0.74303406  0.76397187 -0.10226367 -0.07693671]
2024-12-10 01:23:21,865 INFO =====> Grad: [-2.5435204e+01  5.1559430e+02  2.2690070e-05 -1.0434961e+03
 -5.3034165e-07]
2024-12-10 01:23:21,865 INFO =====> Num. aborted data so far: 0
2024-12-10 01:23:21,873 INFO ===========> Epoch: 18 optimisation losses
2024-12-10 01:23:21,873 INFO =====> EMD Loss: 16.085529
2024-12-10 01:23:21,873 INFO =====> Height map loss: 6.599911
2024-12-10 01:23:21,873 INFO =====> Insertion loss: 0.000000
2024-12-10 01:23:22,549 DEBUG loaded <trimesh.Trimesh(vertices.shape=(916, 3), faces.shape=(856, 3))> using `load_obj` in 0.0029s
2024-12-10 01:23:22,694 DEBUG loaded <trimesh.Trimesh(vertices.shape=(48, 3), faces.shape=(28, 3))> using `load_obj` in 0.0007s
2024-12-10 01:23:48,958 INFO ==> EMD Loss: 16.050003
2024-12-10 01:23:48,959 INFO ==> Height map loss:  6.512791
2024-12-10 01:23:48,959 INFO ==> Insertion loss: 0.000000
2024-12-10 01:23:49,603 DEBUG loaded <trimesh.Trimesh(vertices.shape=(916, 3), faces.shape=(856, 3))> using `load_obj` in 0.0029s
2024-12-10 01:23:49,754 DEBUG loaded <trimesh.Trimesh(vertices.shape=(48, 3), faces.shape=(28, 3))> using `load_obj` in 0.0007s
2024-12-10 01:24:15,883 INFO ==> EMD Loss: 16.085333
2024-12-10 01:24:15,883 INFO ==> Height map loss:  6.497859
2024-12-10 01:24:15,883 INFO ==> Insertion loss: 0.000000
2024-12-10 01:24:16,527 DEBUG loaded <trimesh.Trimesh(vertices.shape=(916, 3), faces.shape=(856, 3))> using `load_obj` in 0.0029s
2024-12-10 01:24:16,672 DEBUG loaded <trimesh.Trimesh(vertices.shape=(48, 3), faces.shape=(28, 3))> using `load_obj` in 0.0007s
2024-12-10 01:24:42,599 INFO ==> EMD Loss: 16.440870
2024-12-10 01:24:42,599 INFO ==> Height map loss:  6.566444
2024-12-10 01:24:42,599 INFO ==> Insertion loss: 0.000000
2024-12-10 01:24:43,237 DEBUG loaded <trimesh.Trimesh(vertices.shape=(916, 3), faces.shape=(856, 3))> using `load_obj` in 0.0029s
2024-12-10 01:24:43,380 DEBUG loaded <trimesh.Trimesh(vertices.shape=(48, 3), faces.shape=(28, 3))> using `load_obj` in 0.0007s
2024-12-10 01:25:09,152 INFO ==> EMD Loss: 16.371977
2024-12-10 01:25:09,152 INFO ==> Height map loss:  6.686430
2024-12-10 01:25:09,152 INFO ==> Insertion loss: 0.000000
2024-12-10 01:25:09,791 DEBUG loaded <trimesh.Trimesh(vertices.shape=(916, 3), faces.shape=(856, 3))> using `load_obj` in 0.0029s
2024-12-10 01:25:09,935 DEBUG loaded <trimesh.Trimesh(vertices.shape=(48, 3), faces.shape=(28, 3))> using `load_obj` in 0.0007s
2024-12-10 01:25:35,577 INFO ==> EMD Loss: 16.232864
2024-12-10 01:25:35,577 INFO ==> Height map loss:  6.846480
2024-12-10 01:25:35,577 INFO ==> Insertion loss: 0.000000
2024-12-10 01:25:36,218 DEBUG loaded <trimesh.Trimesh(vertices.shape=(916, 3), faces.shape=(856, 3))> using `load_obj` in 0.0029s
2024-12-10 01:25:36,362 DEBUG loaded <trimesh.Trimesh(vertices.shape=(48, 3), faces.shape=(28, 3))> using `load_obj` in 0.0007s
2024-12-10 01:26:59,872 INFO =====> Skill params: [ 0.66355103  0.7341275   0.75645393 -0.08105396 -0.07678882]
2024-12-10 01:26:59,872 INFO =====> Grad: [ 2.7707905e+03 -1.3138763e+03 -1.1150675e-05  1.7022911e+02
  2.4883484e-06]
2024-12-10 01:26:59,872 INFO =====> Num. aborted data so far: 0
2024-12-10 01:26:59,880 INFO ===========> Epoch: 19 optimisation losses
2024-12-10 01:26:59,880 INFO =====> EMD Loss: 16.085228
2024-12-10 01:26:59,880 INFO =====> Height map loss: 6.497833
2024-12-10 01:26:59,880 INFO =====> Insertion loss: 0.000000
2024-12-10 01:27:00,556 DEBUG loaded <trimesh.Trimesh(vertices.shape=(916, 3), faces.shape=(856, 3))> using `load_obj` in 0.0030s
2024-12-10 01:27:00,700 DEBUG loaded <trimesh.Trimesh(vertices.shape=(48, 3), faces.shape=(28, 3))> using `load_obj` in 0.0007s
2024-12-10 01:27:26,988 INFO ==> EMD Loss: 16.080988
2024-12-10 01:27:26,988 INFO ==> Height map loss:  6.479979
2024-12-10 01:27:26,988 INFO ==> Insertion loss: 0.000000
2024-12-10 01:27:27,637 DEBUG loaded <trimesh.Trimesh(vertices.shape=(916, 3), faces.shape=(856, 3))> using `load_obj` in 0.0029s
2024-12-10 01:27:27,783 DEBUG loaded <trimesh.Trimesh(vertices.shape=(48, 3), faces.shape=(28, 3))> using `load_obj` in 0.0007s
2024-12-10 01:27:54,342 INFO ==> EMD Loss: 16.004099
2024-12-10 01:27:54,342 INFO ==> Height map loss:  6.698162
2024-12-10 01:27:54,342 INFO ==> Insertion loss: 0.000000
2024-12-10 01:27:54,992 DEBUG loaded <trimesh.Trimesh(vertices.shape=(916, 3), faces.shape=(856, 3))> using `load_obj` in 0.0029s
2024-12-10 01:27:55,135 DEBUG loaded <trimesh.Trimesh(vertices.shape=(48, 3), faces.shape=(28, 3))> using `load_obj` in 0.0007s
2024-12-10 01:28:22,117 INFO ==> EMD Loss: 16.026628
2024-12-10 01:28:22,117 INFO ==> Height map loss:  6.952138
2024-12-10 01:28:22,117 INFO ==> Insertion loss: 0.000000
2024-12-10 01:28:22,780 DEBUG loaded <trimesh.Trimesh(vertices.shape=(916, 3), faces.shape=(856, 3))> using `load_obj` in 0.0029s
2024-12-10 01:28:22,924 DEBUG loaded <trimesh.Trimesh(vertices.shape=(48, 3), faces.shape=(28, 3))> using `load_obj` in 0.0007s
2024-12-10 01:28:50,388 INFO ==> EMD Loss: 16.025620
2024-12-10 01:28:50,388 INFO ==> Height map loss:  6.950286
2024-12-10 01:28:50,389 INFO ==> Insertion loss: 0.000000
2024-12-10 01:28:51,039 DEBUG loaded <trimesh.Trimesh(vertices.shape=(916, 3), faces.shape=(856, 3))> using `load_obj` in 0.0029s
2024-12-10 01:28:51,183 DEBUG loaded <trimesh.Trimesh(vertices.shape=(48, 3), faces.shape=(28, 3))> using `load_obj` in 0.0007s
2024-12-10 01:29:19,135 INFO ==> EMD Loss: 16.030016
2024-12-10 01:29:19,135 INFO ==> Height map loss:  6.953692
2024-12-10 01:29:19,135 INFO ==> Insertion loss: 0.000000
2024-12-10 01:29:19,582 DEBUG loaded <trimesh.Trimesh(vertices.shape=(916, 3), faces.shape=(856, 3))> using `load_obj` in 0.0029s
2024-12-10 01:29:19,728 DEBUG loaded <trimesh.Trimesh(vertices.shape=(48, 3), faces.shape=(28, 3))> using `load_obj` in 0.0007s
2024-12-10 01:29:46,016 INFO ===========> Finished training.
2024-12-10 01:29:46,016 INFO ====> Final EMD Loss: 16.080963
2024-12-10 01:29:46,016 INFO ====> Final Height map loss: 6.479919
2024-12-10 01:29:46,016 INFO ====> Final Insertion loss: 0.000000
2024-12-10 01:29:46,016 INFO ====> Final skill params: [ 0.65952665  0.7383997   0.75723016 -0.08178125 -0.07693509]
