2024-12-03 09:25:05,554 DEBUG loaded <trimesh.Trimesh(vertices.shape=(916, 3), faces.shape=(856, 3))> using `load_obj` in 0.0028s
2024-12-03 09:25:05,703 DEBUG loaded <trimesh.Trimesh(vertices.shape=(48, 3), faces.shape=(28, 3))> using `load_obj` in 0.0007s
2024-12-03 09:25:21,322 INFO =====> Skill params: [ 0. -0. -0. -0.  0.]
2024-12-03 09:25:21,323 INFO =====> Grad: [ 0.0000000e+00  1.6815948e+02 -2.5469985e-06 -1.1370149e+03
 -2.4434308e-05]
2024-12-03 09:25:21,323 INFO =====> Num. aborted data so far: 0
2024-12-03 09:25:21,331 INFO ===========> Epoch: 0 optimisation losses
2024-12-03 09:25:21,331 INFO =====> EMD Loss: 17.369234
2024-12-03 09:25:21,331 INFO =====> Height map loss: 8.673777
2024-12-03 09:25:21,331 INFO =====> Insertion loss: 0.000000
2024-12-03 09:25:21,632 DEBUG loaded <trimesh.Trimesh(vertices.shape=(916, 3), faces.shape=(856, 3))> using `load_obj` in 0.0029s
2024-12-03 09:25:21,771 DEBUG loaded <trimesh.Trimesh(vertices.shape=(48, 3), faces.shape=(28, 3))> using `load_obj` in 0.0007s
2024-12-03 09:25:28,098 INFO ==> EMD Loss: 16.883673
2024-12-03 09:25:28,098 INFO ==> Height map loss:  8.643846
2024-12-03 09:25:28,098 INFO ==> Insertion loss: 0.000000
2024-12-03 09:25:28,385 DEBUG loaded <trimesh.Trimesh(vertices.shape=(916, 3), faces.shape=(856, 3))> using `load_obj` in 0.0029s
2024-12-03 09:25:28,524 DEBUG loaded <trimesh.Trimesh(vertices.shape=(48, 3), faces.shape=(28, 3))> using `load_obj` in 0.0007s
2024-12-03 09:25:34,815 INFO ==> EMD Loss: 17.182661
2024-12-03 09:25:34,815 INFO ==> Height map loss:  8.707302
2024-12-03 09:25:34,815 INFO ==> Insertion loss: 0.000000
2024-12-03 09:25:35,100 DEBUG loaded <trimesh.Trimesh(vertices.shape=(916, 3), faces.shape=(856, 3))> using `load_obj` in 0.0028s
2024-12-03 09:25:35,237 DEBUG loaded <trimesh.Trimesh(vertices.shape=(48, 3), faces.shape=(28, 3))> using `load_obj` in 0.0007s
2024-12-03 09:25:41,803 INFO ==> EMD Loss: 17.571951
2024-12-03 09:25:41,803 INFO ==> Height map loss:  8.702272
2024-12-03 09:25:41,803 INFO ==> Insertion loss: 0.000000
2024-12-03 09:25:42,090 DEBUG loaded <trimesh.Trimesh(vertices.shape=(916, 3), faces.shape=(856, 3))> using `load_obj` in 0.0028s
2024-12-03 09:25:42,228 DEBUG loaded <trimesh.Trimesh(vertices.shape=(48, 3), faces.shape=(28, 3))> using `load_obj` in 0.0007s
2024-12-03 09:25:48,757 INFO ==> EMD Loss: 17.069969
2024-12-03 09:25:48,757 INFO ==> Height map loss:  8.691628
2024-12-03 09:25:48,757 INFO ==> Insertion loss: 0.000000
2024-12-03 09:25:49,045 DEBUG loaded <trimesh.Trimesh(vertices.shape=(916, 3), faces.shape=(856, 3))> using `load_obj` in 0.0028s
2024-12-03 09:25:49,183 DEBUG loaded <trimesh.Trimesh(vertices.shape=(48, 3), faces.shape=(28, 3))> using `load_obj` in 0.0007s
2024-12-03 09:25:55,673 INFO ==> EMD Loss: 17.132971
2024-12-03 09:25:55,674 INFO ==> Height map loss:  8.805175
2024-12-03 09:25:55,674 INFO ==> Insertion loss: 0.000000
2024-12-03 09:25:55,965 DEBUG loaded <trimesh.Trimesh(vertices.shape=(916, 3), faces.shape=(856, 3))> using `load_obj` in 0.0028s
2024-12-03 09:25:56,102 DEBUG loaded <trimesh.Trimesh(vertices.shape=(48, 3), faces.shape=(28, 3))> using `load_obj` in 0.0007s
2024-12-03 09:26:11,933 INFO =====> Skill params: [ 0.0000000e+00 -6.3245557e-03  5.3687854e-05  6.3245553e-03
  5.1336642e-04]
2024-12-03 09:26:11,933 INFO =====> Grad: [ 0.0000000e+00 -6.8859729e+02  6.2282238e-06  1.1273054e+03
  5.8115165e-07]
2024-12-03 09:26:11,934 INFO =====> Num. aborted data so far: 0
2024-12-03 09:26:11,941 INFO ===========> Epoch: 1 optimisation losses
2024-12-03 09:26:11,941 INFO =====> EMD Loss: 16.883720
2024-12-03 09:26:11,941 INFO =====> Height map loss: 8.644111
2024-12-03 09:26:11,941 INFO =====> Insertion loss: 0.000000
2024-12-03 09:26:12,258 DEBUG loaded <trimesh.Trimesh(vertices.shape=(916, 3), faces.shape=(856, 3))> using `load_obj` in 0.0029s
2024-12-03 09:26:12,396 DEBUG loaded <trimesh.Trimesh(vertices.shape=(48, 3), faces.shape=(28, 3))> using `load_obj` in 0.0007s
2024-12-03 09:26:18,746 INFO ==> EMD Loss: 17.338888
2024-12-03 09:26:18,746 INFO ==> Height map loss:  8.679944
2024-12-03 09:26:18,746 INFO ==> Insertion loss: 0.000000
2024-12-03 09:26:19,051 DEBUG loaded <trimesh.Trimesh(vertices.shape=(916, 3), faces.shape=(856, 3))> using `load_obj` in 0.0029s
2024-12-03 09:26:19,188 DEBUG loaded <trimesh.Trimesh(vertices.shape=(48, 3), faces.shape=(28, 3))> using `load_obj` in 0.0007s
2024-12-03 09:26:25,580 INFO ==> EMD Loss: 17.402666
2024-12-03 09:26:25,581 INFO ==> Height map loss:  8.694524
2024-12-03 09:26:25,581 INFO ==> Insertion loss: 0.000000
2024-12-03 09:26:25,912 DEBUG loaded <trimesh.Trimesh(vertices.shape=(916, 3), faces.shape=(856, 3))> using `load_obj` in 0.0030s
2024-12-03 09:26:26,052 DEBUG loaded <trimesh.Trimesh(vertices.shape=(48, 3), faces.shape=(28, 3))> using `load_obj` in 0.0007s
2024-12-03 09:26:32,425 INFO ==> EMD Loss: 17.571964
2024-12-03 09:26:32,425 INFO ==> Height map loss:  8.787590
2024-12-03 09:26:32,425 INFO ==> Insertion loss: 0.000000
2024-12-03 09:26:32,727 DEBUG loaded <trimesh.Trimesh(vertices.shape=(916, 3), faces.shape=(856, 3))> using `load_obj` in 0.0028s
2024-12-03 09:26:32,865 DEBUG loaded <trimesh.Trimesh(vertices.shape=(48, 3), faces.shape=(28, 3))> using `load_obj` in 0.0007s
2024-12-03 09:26:39,389 INFO ==> EMD Loss: 17.720924
2024-12-03 09:26:39,389 INFO ==> Height map loss:  8.967458
2024-12-03 09:26:39,389 INFO ==> Insertion loss: 0.000000
2024-12-03 09:26:39,697 DEBUG loaded <trimesh.Trimesh(vertices.shape=(916, 3), faces.shape=(856, 3))> using `load_obj` in 0.0028s
2024-12-03 09:26:39,834 DEBUG loaded <trimesh.Trimesh(vertices.shape=(48, 3), faces.shape=(28, 3))> using `load_obj` in 0.0007s
2024-12-03 09:26:46,397 INFO ==> EMD Loss: 17.940996
2024-12-03 09:26:46,398 INFO ==> Height map loss:  9.284071
2024-12-03 09:26:46,398 INFO ==> Insertion loss: 0.000000
2024-12-03 09:26:46,700 DEBUG loaded <trimesh.Trimesh(vertices.shape=(916, 3), faces.shape=(856, 3))> using `load_obj` in 0.0029s
2024-12-03 09:26:46,840 DEBUG loaded <trimesh.Trimesh(vertices.shape=(48, 3), faces.shape=(28, 3))> using `load_obj` in 0.0007s
2024-12-03 09:27:02,595 INFO =====> Skill params: [ 0.0000000e+00 -1.6318820e-04 -8.4663654e-05  1.7549256e-03
  5.0049601e-04]
2024-12-03 09:27:02,595 INFO =====> Grad: [ 0.0000000e+00  2.2151712e+01 -3.7231275e-06 -3.9715143e+02
 -4.8951511e-06]
2024-12-03 09:27:02,595 INFO =====> Num. aborted data so far: 0
2024-12-03 09:27:02,603 INFO ===========> Epoch: 2 optimisation losses
2024-12-03 09:27:02,603 INFO =====> EMD Loss: 17.338934
2024-12-03 09:27:02,603 INFO =====> Height map loss: 8.684052
2024-12-03 09:27:02,603 INFO =====> Insertion loss: 0.000000
2024-12-03 09:27:02,935 DEBUG loaded <trimesh.Trimesh(vertices.shape=(916, 3), faces.shape=(856, 3))> using `load_obj` in 0.0030s
2024-12-03 09:27:03,074 DEBUG loaded <trimesh.Trimesh(vertices.shape=(48, 3), faces.shape=(28, 3))> using `load_obj` in 0.0007s
2024-12-03 09:27:09,335 INFO ==> EMD Loss: 16.980659
2024-12-03 09:27:09,335 INFO ==> Height map loss:  8.670308
2024-12-03 09:27:09,335 INFO ==> Insertion loss: 0.000000
2024-12-03 09:27:09,675 DEBUG loaded <trimesh.Trimesh(vertices.shape=(916, 3), faces.shape=(856, 3))> using `load_obj` in 0.0029s
2024-12-03 09:27:09,816 DEBUG loaded <trimesh.Trimesh(vertices.shape=(48, 3), faces.shape=(28, 3))> using `load_obj` in 0.0007s
2024-12-03 09:27:16,258 INFO ==> EMD Loss: 16.853182
2024-12-03 09:27:16,258 INFO ==> Height map loss:  8.636120
2024-12-03 09:27:16,258 INFO ==> Insertion loss: 0.000000
2024-12-03 09:27:16,645 DEBUG loaded <trimesh.Trimesh(vertices.shape=(916, 3), faces.shape=(856, 3))> using `load_obj` in 0.0030s
2024-12-03 09:27:16,786 DEBUG loaded <trimesh.Trimesh(vertices.shape=(48, 3), faces.shape=(28, 3))> using `load_obj` in 0.0007s
2024-12-03 09:27:23,031 INFO ==> EMD Loss: 16.939697
2024-12-03 09:27:23,031 INFO ==> Height map loss:  8.631173
2024-12-03 09:27:23,031 INFO ==> Insertion loss: 0.000000
2024-12-03 09:27:23,347 DEBUG loaded <trimesh.Trimesh(vertices.shape=(916, 3), faces.shape=(856, 3))> using `load_obj` in 0.0029s
2024-12-03 09:27:23,488 DEBUG loaded <trimesh.Trimesh(vertices.shape=(48, 3), faces.shape=(28, 3))> using `load_obj` in 0.0007s
2024-12-03 09:27:29,937 INFO ==> EMD Loss: 17.126446
2024-12-03 09:27:29,937 INFO ==> Height map loss:  8.616297
2024-12-03 09:27:29,937 INFO ==> Insertion loss: 0.000000
2024-12-03 09:27:30,249 DEBUG loaded <trimesh.Trimesh(vertices.shape=(916, 3), faces.shape=(856, 3))> using `load_obj` in 0.0029s
2024-12-03 09:27:30,391 DEBUG loaded <trimesh.Trimesh(vertices.shape=(48, 3), faces.shape=(28, 3))> using `load_obj` in 0.0007s
2024-12-03 09:27:36,874 INFO ==> EMD Loss: 17.139614
2024-12-03 09:27:36,874 INFO ==> Height map loss:  8.611276
2024-12-03 09:27:36,874 INFO ==> Insertion loss: 0.000000
2024-12-03 09:27:37,189 DEBUG loaded <trimesh.Trimesh(vertices.shape=(916, 3), faces.shape=(856, 3))> using `load_obj` in 0.0028s
2024-12-03 09:27:37,330 DEBUG loaded <trimesh.Trimesh(vertices.shape=(48, 3), faces.shape=(28, 3))> using `load_obj` in 0.0007s
2024-12-03 09:27:53,315 INFO =====> Skill params: [ 0.         -0.00433948  0.00165872  0.03453488  0.00278559]
2024-12-03 09:27:53,315 INFO =====> Grad: [ 0.0000000e+00 -2.4651323e+02 -1.3469749e-05  1.0332573e+03
 -7.6048586e-06]
2024-12-03 09:27:53,315 INFO =====> Num. aborted data so far: 0
2024-12-03 09:27:53,323 INFO ===========> Epoch: 3 optimisation losses
2024-12-03 09:27:53,323 INFO =====> EMD Loss: 17.274769
2024-12-03 09:27:53,323 INFO =====> Height map loss: 8.586156
2024-12-03 09:27:53,323 INFO =====> Insertion loss: 0.000000
2024-12-03 09:27:53,739 DEBUG loaded <trimesh.Trimesh(vertices.shape=(916, 3), faces.shape=(856, 3))> using `load_obj` in 0.0030s
2024-12-03 09:27:53,883 DEBUG loaded <trimesh.Trimesh(vertices.shape=(48, 3), faces.shape=(28, 3))> using `load_obj` in 0.0007s
2024-12-03 09:28:00,321 INFO ==> EMD Loss: 17.173824
2024-12-03 09:28:00,321 INFO ==> Height map loss:  8.634277
2024-12-03 09:28:00,322 INFO ==> Insertion loss: 0.000000
2024-12-03 09:28:00,640 DEBUG loaded <trimesh.Trimesh(vertices.shape=(916, 3), faces.shape=(856, 3))> using `load_obj` in 0.0029s
2024-12-03 09:28:00,783 DEBUG loaded <trimesh.Trimesh(vertices.shape=(48, 3), faces.shape=(28, 3))> using `load_obj` in 0.0007s
2024-12-03 09:28:07,191 INFO ==> EMD Loss: 16.953089
2024-12-03 09:28:07,191 INFO ==> Height map loss:  8.633304
2024-12-03 09:28:07,191 INFO ==> Insertion loss: 0.000000
2024-12-03 09:28:07,513 DEBUG loaded <trimesh.Trimesh(vertices.shape=(916, 3), faces.shape=(856, 3))> using `load_obj` in 0.0029s
2024-12-03 09:28:07,658 DEBUG loaded <trimesh.Trimesh(vertices.shape=(48, 3), faces.shape=(28, 3))> using `load_obj` in 0.0007s
2024-12-03 09:28:13,985 INFO ==> EMD Loss: 17.241587
2024-12-03 09:28:13,985 INFO ==> Height map loss:  8.648163
2024-12-03 09:28:13,985 INFO ==> Insertion loss: 0.000000
2024-12-03 09:28:14,302 DEBUG loaded <trimesh.Trimesh(vertices.shape=(916, 3), faces.shape=(856, 3))> using `load_obj` in 0.0028s
2024-12-03 09:28:14,446 DEBUG loaded <trimesh.Trimesh(vertices.shape=(48, 3), faces.shape=(28, 3))> using `load_obj` in 0.0007s
2024-12-03 09:28:20,906 INFO ==> EMD Loss: 17.575327
2024-12-03 09:28:20,906 INFO ==> Height map loss:  8.607600
2024-12-03 09:28:20,906 INFO ==> Insertion loss: 0.000000
2024-12-03 09:28:21,226 DEBUG loaded <trimesh.Trimesh(vertices.shape=(916, 3), faces.shape=(856, 3))> using `load_obj` in 0.0028s
2024-12-03 09:28:21,368 DEBUG loaded <trimesh.Trimesh(vertices.shape=(48, 3), faces.shape=(28, 3))> using `load_obj` in 0.0007s
2024-12-03 09:28:27,908 INFO ==> EMD Loss: 17.549337
2024-12-03 09:28:27,908 INFO ==> Height map loss:  8.603045
2024-12-03 09:28:27,908 INFO ==> Insertion loss: 0.000000
2024-12-03 09:28:28,228 DEBUG loaded <trimesh.Trimesh(vertices.shape=(916, 3), faces.shape=(856, 3))> using `load_obj` in 0.0028s
2024-12-03 09:28:28,371 DEBUG loaded <trimesh.Trimesh(vertices.shape=(48, 3), faces.shape=(28, 3))> using `load_obj` in 0.0007s
2024-12-03 09:28:44,671 INFO =====> Skill params: [ 0.          0.04134347  0.008298   -0.0387408   0.00652597]
2024-12-03 09:28:44,671 INFO =====> Grad: [ 8.7075433e+02 -1.2943684e+02  3.7882644e-05 -8.1649524e+02
  1.5591877e-05]
2024-12-03 09:28:44,671 INFO =====> Num. aborted data so far: 0
2024-12-03 09:28:44,679 INFO ===========> Epoch: 4 optimisation losses
2024-12-03 09:28:44,679 INFO =====> EMD Loss: 17.549536
2024-12-03 09:28:44,679 INFO =====> Height map loss: 8.603024
2024-12-03 09:28:44,679 INFO =====> Insertion loss: 0.000000
2024-12-03 09:28:45,032 DEBUG loaded <trimesh.Trimesh(vertices.shape=(916, 3), faces.shape=(856, 3))> using `load_obj` in 0.0029s
2024-12-03 09:28:45,180 DEBUG loaded <trimesh.Trimesh(vertices.shape=(48, 3), faces.shape=(28, 3))> using `load_obj` in 0.0007s
2024-12-03 09:28:51,586 INFO ==> EMD Loss: 17.671288
2024-12-03 09:28:51,586 INFO ==> Height map loss:  8.647943
2024-12-03 09:28:51,586 INFO ==> Insertion loss: 0.000000
2024-12-03 09:28:51,914 DEBUG loaded <trimesh.Trimesh(vertices.shape=(916, 3), faces.shape=(856, 3))> using `load_obj` in 0.0030s
2024-12-03 09:28:52,065 DEBUG loaded <trimesh.Trimesh(vertices.shape=(48, 3), faces.shape=(28, 3))> using `load_obj` in 0.0007s
2024-12-03 09:28:58,685 INFO ==> EMD Loss: 17.480024
2024-12-03 09:28:58,685 INFO ==> Height map loss:  8.659882
2024-12-03 09:28:58,685 INFO ==> Insertion loss: 0.000000
2024-12-03 09:28:59,007 DEBUG loaded <trimesh.Trimesh(vertices.shape=(916, 3), faces.shape=(856, 3))> using `load_obj` in 0.0029s
2024-12-03 09:28:59,151 DEBUG loaded <trimesh.Trimesh(vertices.shape=(48, 3), faces.shape=(28, 3))> using `load_obj` in 0.0007s
2024-12-03 09:29:05,592 INFO ==> EMD Loss: 17.964411
2024-12-03 09:29:05,592 INFO ==> Height map loss:  9.030636
2024-12-03 09:29:05,592 INFO ==> Insertion loss: 0.000000
2024-12-03 09:29:05,918 DEBUG loaded <trimesh.Trimesh(vertices.shape=(916, 3), faces.shape=(856, 3))> using `load_obj` in 0.0029s
2024-12-03 09:29:06,063 DEBUG loaded <trimesh.Trimesh(vertices.shape=(48, 3), faces.shape=(28, 3))> using `load_obj` in 0.0007s
2024-12-03 09:29:12,591 INFO ==> EMD Loss: 18.043940
2024-12-03 09:29:12,592 INFO ==> Height map loss:  9.028756
2024-12-03 09:29:12,592 INFO ==> Insertion loss: 0.000000
2024-12-03 09:29:12,918 DEBUG loaded <trimesh.Trimesh(vertices.shape=(916, 3), faces.shape=(856, 3))> using `load_obj` in 0.0028s
2024-12-03 09:29:13,064 DEBUG loaded <trimesh.Trimesh(vertices.shape=(48, 3), faces.shape=(28, 3))> using `load_obj` in 0.0007s
2024-12-03 09:29:19,629 INFO ==> EMD Loss: 18.175873
2024-12-03 09:29:19,629 INFO ==> Height map loss:  9.292022
2024-12-03 09:29:19,629 INFO ==> Insertion loss: 0.000000
2024-12-03 09:29:19,968 DEBUG loaded <trimesh.Trimesh(vertices.shape=(916, 3), faces.shape=(856, 3))> using `load_obj` in 0.0029s
2024-12-03 09:29:20,111 DEBUG loaded <trimesh.Trimesh(vertices.shape=(48, 3), faces.shape=(28, 3))> using `load_obj` in 0.0007s
2024-12-03 09:29:36,316 INFO =====> Skill params: [-0.00632456  0.04258316  0.00732558 -0.03599226  0.00612261]
2024-12-03 09:29:36,316 INFO =====> Grad: [ 5.0619865e+01 -1.8125970e+02  1.2182004e-05 -7.9906494e+02
  4.5431893e-06]
2024-12-03 09:29:36,316 INFO =====> Num. aborted data so far: 0
2024-12-03 09:29:36,324 INFO ===========> Epoch: 5 optimisation losses
2024-12-03 09:29:36,324 INFO =====> EMD Loss: 17.671349
2024-12-03 09:29:36,324 INFO =====> Height map loss: 8.642252
2024-12-03 09:29:36,324 INFO =====> Insertion loss: 0.000000
2024-12-03 09:29:36,679 DEBUG loaded <trimesh.Trimesh(vertices.shape=(916, 3), faces.shape=(856, 3))> using `load_obj` in 0.0029s
2024-12-03 09:29:36,826 DEBUG loaded <trimesh.Trimesh(vertices.shape=(48, 3), faces.shape=(28, 3))> using `load_obj` in 0.0007s
2024-12-03 09:29:43,423 INFO ==> EMD Loss: 17.685066
2024-12-03 09:29:43,423 INFO ==> Height map loss:  8.651118
2024-12-03 09:29:43,423 INFO ==> Insertion loss: 0.000000
2024-12-03 09:29:43,750 DEBUG loaded <trimesh.Trimesh(vertices.shape=(916, 3), faces.shape=(856, 3))> using `load_obj` in 0.0028s
2024-12-03 09:29:43,894 DEBUG loaded <trimesh.Trimesh(vertices.shape=(48, 3), faces.shape=(28, 3))> using `load_obj` in 0.0007s
2024-12-03 09:29:50,378 INFO ==> EMD Loss: 17.660238
2024-12-03 09:29:50,378 INFO ==> Height map loss:  8.659164
2024-12-03 09:29:50,379 INFO ==> Insertion loss: 0.000000
2024-12-03 09:29:50,713 DEBUG loaded <trimesh.Trimesh(vertices.shape=(916, 3), faces.shape=(856, 3))> using `load_obj` in 0.0030s
2024-12-03 09:29:50,858 DEBUG loaded <trimesh.Trimesh(vertices.shape=(48, 3), faces.shape=(28, 3))> using `load_obj` in 0.0007s
2024-12-03 09:29:57,463 INFO ==> EMD Loss: 17.589390
2024-12-03 09:29:57,463 INFO ==> Height map loss:  8.605930
2024-12-03 09:29:57,463 INFO ==> Insertion loss: 0.000000
2024-12-03 09:29:57,798 DEBUG loaded <trimesh.Trimesh(vertices.shape=(916, 3), faces.shape=(856, 3))> using `load_obj` in 0.0029s
2024-12-03 09:29:57,943 DEBUG loaded <trimesh.Trimesh(vertices.shape=(48, 3), faces.shape=(28, 3))> using `load_obj` in 0.0007s
2024-12-03 09:30:04,547 INFO ==> EMD Loss: 17.760942
2024-12-03 09:30:04,548 INFO ==> Height map loss:  8.763455
2024-12-03 09:30:04,548 INFO ==> Insertion loss: 0.000000
2024-12-03 09:30:04,885 DEBUG loaded <trimesh.Trimesh(vertices.shape=(916, 3), faces.shape=(856, 3))> using `load_obj` in 0.0029s
2024-12-03 09:30:05,032 DEBUG loaded <trimesh.Trimesh(vertices.shape=(48, 3), faces.shape=(28, 3))> using `load_obj` in 0.0007s
2024-12-03 09:30:11,575 INFO ==> EMD Loss: 17.877872
2024-12-03 09:30:11,576 INFO ==> Height map loss:  8.798361
2024-12-03 09:30:11,576 INFO ==> Insertion loss: 0.000000
2024-12-03 09:30:11,911 DEBUG loaded <trimesh.Trimesh(vertices.shape=(916, 3), faces.shape=(856, 3))> using `load_obj` in 0.0030s
2024-12-03 09:30:12,055 DEBUG loaded <trimesh.Trimesh(vertices.shape=(48, 3), faces.shape=(28, 3))> using `load_obj` in 0.0007s
2024-12-03 09:30:28,597 INFO =====> Skill params: [-0.01019286  0.06016148  0.00403391 -0.01011965  0.00488399]
2024-12-03 09:30:28,597 INFO =====> Grad: [-3.6282974e+03  1.8604247e+03  2.7784590e-05  1.4441477e+03
  1.1056097e-05]
2024-12-03 09:30:28,597 INFO =====> Num. aborted data so far: 0
2024-12-03 09:30:28,605 INFO ===========> Epoch: 6 optimisation losses
2024-12-03 09:30:28,605 INFO =====> EMD Loss: 17.591825
2024-12-03 09:30:28,605 INFO =====> Height map loss: 8.603279
2024-12-03 09:30:28,605 INFO =====> Insertion loss: 0.000000
2024-12-03 09:30:28,968 DEBUG loaded <trimesh.Trimesh(vertices.shape=(916, 3), faces.shape=(856, 3))> using `load_obj` in 0.0029s
2024-12-03 09:30:29,113 DEBUG loaded <trimesh.Trimesh(vertices.shape=(48, 3), faces.shape=(28, 3))> using `load_obj` in 0.0007s
2024-12-03 09:30:35,561 INFO ==> EMD Loss: 17.753002
2024-12-03 09:30:35,561 INFO ==> Height map loss:  8.685436
2024-12-03 09:30:35,561 INFO ==> Insertion loss: 0.000000
2024-12-03 09:30:35,893 DEBUG loaded <trimesh.Trimesh(vertices.shape=(916, 3), faces.shape=(856, 3))> using `load_obj` in 0.0029s
2024-12-03 09:30:36,039 DEBUG loaded <trimesh.Trimesh(vertices.shape=(48, 3), faces.shape=(28, 3))> using `load_obj` in 0.0007s
2024-12-03 09:30:42,569 INFO ==> EMD Loss: 17.490154
2024-12-03 09:30:42,570 INFO ==> Height map loss:  8.657001
2024-12-03 09:30:42,570 INFO ==> Insertion loss: 0.000000
2024-12-03 09:30:42,905 DEBUG loaded <trimesh.Trimesh(vertices.shape=(916, 3), faces.shape=(856, 3))> using `load_obj` in 0.0029s
2024-12-03 09:30:43,051 DEBUG loaded <trimesh.Trimesh(vertices.shape=(48, 3), faces.shape=(28, 3))> using `load_obj` in 0.0007s
2024-12-03 09:30:49,571 INFO ==> EMD Loss: 17.183880
2024-12-03 09:30:49,571 INFO ==> Height map loss:  8.817963
2024-12-03 09:30:49,571 INFO ==> Insertion loss: 0.000000
2024-12-03 09:30:49,902 DEBUG loaded <trimesh.Trimesh(vertices.shape=(916, 3), faces.shape=(856, 3))> using `load_obj` in 0.0028s
2024-12-03 09:30:50,046 DEBUG loaded <trimesh.Trimesh(vertices.shape=(48, 3), faces.shape=(28, 3))> using `load_obj` in 0.0007s
2024-12-03 09:30:56,483 INFO ==> EMD Loss: 17.095842
2024-12-03 09:30:56,483 INFO ==> Height map loss:  8.880545
2024-12-03 09:30:56,483 INFO ==> Insertion loss: 0.000000
2024-12-03 09:30:56,816 DEBUG loaded <trimesh.Trimesh(vertices.shape=(916, 3), faces.shape=(856, 3))> using `load_obj` in 0.0029s
2024-12-03 09:30:56,964 DEBUG loaded <trimesh.Trimesh(vertices.shape=(48, 3), faces.shape=(28, 3))> using `load_obj` in 0.0007s
2024-12-03 09:31:03,557 INFO ==> EMD Loss: 17.491600
2024-12-03 09:31:03,557 INFO ==> Height map loss:  9.170905
2024-12-03 09:31:03,557 INFO ==> Insertion loss: 0.000000
2024-12-03 09:31:03,897 DEBUG loaded <trimesh.Trimesh(vertices.shape=(916, 3), faces.shape=(856, 3))> using `load_obj` in 0.0029s
2024-12-03 09:31:04,042 DEBUG loaded <trimesh.Trimesh(vertices.shape=(48, 3), faces.shape=(28, 3))> using `load_obj` in 0.0007s
2024-12-03 09:31:20,165 INFO =====> Skill params: [ 0.02071455  0.03015448  0.00010769 -0.02955819  0.00329736]
2024-12-03 09:31:20,165 INFO =====> Grad: [ 3.8626265e+03 -6.4334424e+02  1.3795190e-05  4.8186649e+02
  2.2380356e-05]
2024-12-03 09:31:20,165 INFO =====> Num. aborted data so far: 0
2024-12-03 09:31:20,173 INFO ===========> Epoch: 7 optimisation losses
2024-12-03 09:31:20,173 INFO =====> EMD Loss: 17.496933
2024-12-03 09:31:20,173 INFO =====> Height map loss: 8.657411
2024-12-03 09:31:20,173 INFO =====> Insertion loss: 0.000000
2024-12-03 09:31:20,534 DEBUG loaded <trimesh.Trimesh(vertices.shape=(916, 3), faces.shape=(856, 3))> using `load_obj` in 0.0029s
2024-12-03 09:31:20,680 DEBUG loaded <trimesh.Trimesh(vertices.shape=(48, 3), faces.shape=(28, 3))> using `load_obj` in 0.0007s
2024-12-03 09:31:27,188 INFO ==> EMD Loss: 17.485914
2024-12-03 09:31:27,188 INFO ==> Height map loss:  8.688967
2024-12-03 09:31:27,188 INFO ==> Insertion loss: 0.000000
2024-12-03 09:31:27,524 DEBUG loaded <trimesh.Trimesh(vertices.shape=(916, 3), faces.shape=(856, 3))> using `load_obj` in 0.0030s
2024-12-03 09:31:27,670 DEBUG loaded <trimesh.Trimesh(vertices.shape=(48, 3), faces.shape=(28, 3))> using `load_obj` in 0.0007s
2024-12-03 09:31:34,134 INFO ==> EMD Loss: 17.577389
2024-12-03 09:31:34,134 INFO ==> Height map loss:  8.659954
2024-12-03 09:31:34,134 INFO ==> Insertion loss: 0.000000
2024-12-03 09:31:34,469 DEBUG loaded <trimesh.Trimesh(vertices.shape=(916, 3), faces.shape=(856, 3))> using `load_obj` in 0.0028s
2024-12-03 09:31:34,614 DEBUG loaded <trimesh.Trimesh(vertices.shape=(48, 3), faces.shape=(28, 3))> using `load_obj` in 0.0007s
2024-12-03 09:31:41,209 INFO ==> EMD Loss: 17.683743
2024-12-03 09:31:41,209 INFO ==> Height map loss:  8.826124
2024-12-03 09:31:41,209 INFO ==> Insertion loss: 0.000000
2024-12-03 09:31:41,548 DEBUG loaded <trimesh.Trimesh(vertices.shape=(916, 3), faces.shape=(856, 3))> using `load_obj` in 0.0029s
2024-12-03 09:31:41,692 DEBUG loaded <trimesh.Trimesh(vertices.shape=(48, 3), faces.shape=(28, 3))> using `load_obj` in 0.0007s
2024-12-03 09:31:48,286 INFO ==> EMD Loss: 17.747663
2024-12-03 09:31:48,286 INFO ==> Height map loss:  9.011069
2024-12-03 09:31:48,286 INFO ==> Insertion loss: 0.000000
2024-12-03 09:31:48,623 DEBUG loaded <trimesh.Trimesh(vertices.shape=(916, 3), faces.shape=(856, 3))> using `load_obj` in 0.0029s
2024-12-03 09:31:48,767 DEBUG loaded <trimesh.Trimesh(vertices.shape=(48, 3), faces.shape=(28, 3))> using `load_obj` in 0.0007s
2024-12-03 09:31:55,240 INFO ==> EMD Loss: 17.977045
2024-12-03 09:31:55,240 INFO ==> Height map loss:  9.199016
2024-12-03 09:31:55,241 INFO ==> Insertion loss: 0.000000
2024-12-03 09:31:55,579 DEBUG loaded <trimesh.Trimesh(vertices.shape=(916, 3), faces.shape=(856, 3))> using `load_obj` in 0.0029s
2024-12-03 09:31:55,723 DEBUG loaded <trimesh.Trimesh(vertices.shape=(48, 3), faces.shape=(28, 3))> using `load_obj` in 0.0007s
2024-12-03 09:32:12,318 INFO =====> Skill params: [-2.6533827e-03  4.0491469e-02 -1.9427992e-03 -3.6240671e-02
 -6.8862922e-05]
2024-12-03 09:32:12,318 INFO =====> Grad: [2.6285352e+03 3.2744965e+02 2.2984668e-06 6.1138666e+02 7.9176520e-05]
2024-12-03 09:32:12,318 INFO =====> Num. aborted data so far: 0
2024-12-03 09:32:12,326 INFO ===========> Epoch: 8 optimisation losses
2024-12-03 09:32:12,326 INFO =====> EMD Loss: 17.577253
2024-12-03 09:32:12,326 INFO =====> Height map loss: 8.660554
2024-12-03 09:32:12,326 INFO =====> Insertion loss: 0.000000
2024-12-03 09:32:12,693 DEBUG loaded <trimesh.Trimesh(vertices.shape=(916, 3), faces.shape=(856, 3))> using `load_obj` in 0.0029s
2024-12-03 09:32:12,840 DEBUG loaded <trimesh.Trimesh(vertices.shape=(48, 3), faces.shape=(28, 3))> using `load_obj` in 0.0007s
2024-12-03 09:32:19,227 INFO ==> EMD Loss: 17.602165
2024-12-03 09:32:19,227 INFO ==> Height map loss:  8.709462
2024-12-03 09:32:19,227 INFO ==> Insertion loss: 0.000000
2024-12-03 09:32:19,567 DEBUG loaded <trimesh.Trimesh(vertices.shape=(916, 3), faces.shape=(856, 3))> using `load_obj` in 0.0029s
2024-12-03 09:32:19,716 DEBUG loaded <trimesh.Trimesh(vertices.shape=(48, 3), faces.shape=(28, 3))> using `load_obj` in 0.0007s
2024-12-03 09:32:26,211 INFO ==> EMD Loss: 17.611662
2024-12-03 09:32:26,211 INFO ==> Height map loss:  8.728991
2024-12-03 09:32:26,211 INFO ==> Insertion loss: 0.000000
2024-12-03 09:32:26,549 DEBUG loaded <trimesh.Trimesh(vertices.shape=(916, 3), faces.shape=(856, 3))> using `load_obj` in 0.0029s
2024-12-03 09:32:26,696 DEBUG loaded <trimesh.Trimesh(vertices.shape=(48, 3), faces.shape=(28, 3))> using `load_obj` in 0.0007s
2024-12-03 09:32:33,109 INFO ==> EMD Loss: 17.526711
2024-12-03 09:32:33,109 INFO ==> Height map loss:  8.739363
2024-12-03 09:32:33,109 INFO ==> Insertion loss: 0.000000
2024-12-03 09:32:33,450 DEBUG loaded <trimesh.Trimesh(vertices.shape=(916, 3), faces.shape=(856, 3))> using `load_obj` in 0.0029s
2024-12-03 09:32:33,597 DEBUG loaded <trimesh.Trimesh(vertices.shape=(48, 3), faces.shape=(28, 3))> using `load_obj` in 0.0007s
2024-12-03 09:32:40,051 INFO ==> EMD Loss: 17.405539
2024-12-03 09:32:40,051 INFO ==> Height map loss:  8.888277
2024-12-03 09:32:40,051 INFO ==> Insertion loss: 0.000000
2024-12-03 09:32:40,388 DEBUG loaded <trimesh.Trimesh(vertices.shape=(916, 3), faces.shape=(856, 3))> using `load_obj` in 0.0029s
2024-12-03 09:32:40,535 DEBUG loaded <trimesh.Trimesh(vertices.shape=(48, 3), faces.shape=(28, 3))> using `load_obj` in 0.0007s
2024-12-03 09:32:46,877 INFO ==> EMD Loss: 17.392864
2024-12-03 09:32:46,877 INFO ==> Height map loss:  8.926711
2024-12-03 09:32:46,877 INFO ==> Insertion loss: 0.000000
2024-12-03 09:32:47,225 DEBUG loaded <trimesh.Trimesh(vertices.shape=(916, 3), faces.shape=(856, 3))> using `load_obj` in 0.0030s
2024-12-03 09:32:47,376 DEBUG loaded <trimesh.Trimesh(vertices.shape=(48, 3), faces.shape=(28, 3))> using `load_obj` in 0.0007s
2024-12-03 09:33:03,582 INFO =====> Skill params: [-0.00561542  0.03939896 -0.00201482 -0.03796075 -0.00240231]
2024-12-03 09:33:03,583 INFO =====> Grad: [ 1.4381168e+03  3.5539803e+01  6.0633829e-07 -7.3509711e+02
  1.2433381e-05]
2024-12-03 09:33:03,583 INFO =====> Num. aborted data so far: 0
2024-12-03 09:33:03,590 INFO ===========> Epoch: 9 optimisation losses
2024-12-03 09:33:03,590 INFO =====> EMD Loss: 17.601112
2024-12-03 09:33:03,590 INFO =====> Height map loss: 8.709678
2024-12-03 09:33:03,590 INFO =====> Insertion loss: 0.000000
2024-12-03 09:33:03,965 DEBUG loaded <trimesh.Trimesh(vertices.shape=(916, 3), faces.shape=(856, 3))> using `load_obj` in 0.0029s
2024-12-03 09:33:04,110 DEBUG loaded <trimesh.Trimesh(vertices.shape=(48, 3), faces.shape=(28, 3))> using `load_obj` in 0.0007s
2024-12-03 09:33:10,602 INFO ==> EMD Loss: 17.731199
2024-12-03 09:33:10,603 INFO ==> Height map loss:  8.689914
2024-12-03 09:33:10,603 INFO ==> Insertion loss: 0.000000
2024-12-03 09:33:10,951 DEBUG loaded <trimesh.Trimesh(vertices.shape=(916, 3), faces.shape=(856, 3))> using `load_obj` in 0.0029s
2024-12-03 09:33:11,097 DEBUG loaded <trimesh.Trimesh(vertices.shape=(48, 3), faces.shape=(28, 3))> using `load_obj` in 0.0007s
2024-12-03 09:33:17,727 INFO ==> EMD Loss: 17.813431
2024-12-03 09:33:17,727 INFO ==> Height map loss:  8.769596
2024-12-03 09:33:17,727 INFO ==> Insertion loss: 0.000000
2024-12-03 09:33:18,073 DEBUG loaded <trimesh.Trimesh(vertices.shape=(916, 3), faces.shape=(856, 3))> using `load_obj` in 0.0028s
2024-12-03 09:33:18,219 DEBUG loaded <trimesh.Trimesh(vertices.shape=(48, 3), faces.shape=(28, 3))> using `load_obj` in 0.0007s
2024-12-03 09:33:24,637 INFO ==> EMD Loss: 17.552034
2024-12-03 09:33:24,637 INFO ==> Height map loss:  8.795587
2024-12-03 09:33:24,637 INFO ==> Insertion loss: 0.000000
2024-12-03 09:33:24,983 DEBUG loaded <trimesh.Trimesh(vertices.shape=(916, 3), faces.shape=(856, 3))> using `load_obj` in 0.0029s
2024-12-03 09:33:25,131 DEBUG loaded <trimesh.Trimesh(vertices.shape=(48, 3), faces.shape=(28, 3))> using `load_obj` in 0.0007s
2024-12-03 09:33:31,705 INFO ==> EMD Loss: 17.506332
2024-12-03 09:33:31,705 INFO ==> Height map loss:  8.751590
2024-12-03 09:33:31,705 INFO ==> Insertion loss: 0.000000
2024-12-03 09:33:32,051 DEBUG loaded <trimesh.Trimesh(vertices.shape=(916, 3), faces.shape=(856, 3))> using `load_obj` in 0.0030s
2024-12-03 09:33:32,195 DEBUG loaded <trimesh.Trimesh(vertices.shape=(48, 3), faces.shape=(28, 3))> using `load_obj` in 0.0007s
2024-12-03 09:33:38,610 INFO ==> EMD Loss: 17.606848
2024-12-03 09:33:38,610 INFO ==> Height map loss:  8.750316
2024-12-03 09:33:38,610 INFO ==> Insertion loss: 0.000000
2024-12-03 09:33:38,963 DEBUG loaded <trimesh.Trimesh(vertices.shape=(916, 3), faces.shape=(856, 3))> using `load_obj` in 0.0029s
2024-12-03 09:33:39,108 DEBUG loaded <trimesh.Trimesh(vertices.shape=(48, 3), faces.shape=(28, 3))> using `load_obj` in 0.0007s
2024-12-03 09:33:55,373 INFO =====> Skill params: [-0.00726457  0.03927399 -0.00203484 -0.03589975 -0.00278784]
2024-12-03 09:33:55,373 INFO =====> Grad: [5.2728162e+02 6.0331478e+01 3.9492252e-06 2.6010757e+02 7.1128765e-05]
2024-12-03 09:33:55,373 INFO =====> Num. aborted data so far: 0
2024-12-03 09:33:55,382 INFO ===========> Epoch: 10 optimisation losses
2024-12-03 09:33:55,382 INFO =====> EMD Loss: 17.732380
2024-12-03 09:33:55,382 INFO =====> Height map loss: 8.689476
2024-12-03 09:33:55,382 INFO =====> Insertion loss: 0.000000
2024-12-03 09:33:55,753 DEBUG loaded <trimesh.Trimesh(vertices.shape=(916, 3), faces.shape=(856, 3))> using `load_obj` in 0.0029s
2024-12-03 09:33:55,898 DEBUG loaded <trimesh.Trimesh(vertices.shape=(48, 3), faces.shape=(28, 3))> using `load_obj` in 0.0007s
2024-12-03 09:34:02,362 INFO ==> EMD Loss: 17.774302
2024-12-03 09:34:02,362 INFO ==> Height map loss:  8.700254
2024-12-03 09:34:02,362 INFO ==> Insertion loss: 0.000000
2024-12-03 09:34:02,707 DEBUG loaded <trimesh.Trimesh(vertices.shape=(916, 3), faces.shape=(856, 3))> using `load_obj` in 0.0029s
2024-12-03 09:34:02,854 DEBUG loaded <trimesh.Trimesh(vertices.shape=(48, 3), faces.shape=(28, 3))> using `load_obj` in 0.0007s
2024-12-03 09:34:09,448 INFO ==> EMD Loss: 17.645441
2024-12-03 09:34:09,448 INFO ==> Height map loss:  8.741819
2024-12-03 09:34:09,448 INFO ==> Insertion loss: 0.000000
2024-12-03 09:34:09,795 DEBUG loaded <trimesh.Trimesh(vertices.shape=(916, 3), faces.shape=(856, 3))> using `load_obj` in 0.0029s
2024-12-03 09:34:09,940 DEBUG loaded <trimesh.Trimesh(vertices.shape=(48, 3), faces.shape=(28, 3))> using `load_obj` in 0.0007s
2024-12-03 09:34:16,371 INFO ==> EMD Loss: 17.408285
2024-12-03 09:34:16,371 INFO ==> Height map loss:  8.696471
2024-12-03 09:34:16,371 INFO ==> Insertion loss: 0.000000
2024-12-03 09:34:16,716 DEBUG loaded <trimesh.Trimesh(vertices.shape=(916, 3), faces.shape=(856, 3))> using `load_obj` in 0.0029s
2024-12-03 09:34:16,859 DEBUG loaded <trimesh.Trimesh(vertices.shape=(48, 3), faces.shape=(28, 3))> using `load_obj` in 0.0007s
2024-12-03 09:34:23,298 INFO ==> EMD Loss: 17.551601
2024-12-03 09:34:23,299 INFO ==> Height map loss:  8.701478
2024-12-03 09:34:23,299 INFO ==> Insertion loss: 0.000000
2024-12-03 09:34:23,647 DEBUG loaded <trimesh.Trimesh(vertices.shape=(916, 3), faces.shape=(856, 3))> using `load_obj` in 0.0028s
2024-12-03 09:34:23,792 DEBUG loaded <trimesh.Trimesh(vertices.shape=(48, 3), faces.shape=(28, 3))> using `load_obj` in 0.0007s
2024-12-03 09:34:30,351 INFO ==> EMD Loss: 17.694214
2024-12-03 09:34:30,352 INFO ==> Height map loss:  8.746229
2024-12-03 09:34:30,352 INFO ==> Insertion loss: 0.000000
2024-12-03 09:34:30,698 DEBUG loaded <trimesh.Trimesh(vertices.shape=(916, 3), faces.shape=(856, 3))> using `load_obj` in 0.0029s
2024-12-03 09:34:30,850 DEBUG loaded <trimesh.Trimesh(vertices.shape=(48, 3), faces.shape=(28, 3))> using `load_obj` in 0.0007s
2024-12-03 09:34:47,292 INFO =====> Skill params: [-0.01360608  0.03703925 -0.00340941 -0.04353074 -0.02460829]
2024-12-03 09:34:47,292 INFO =====> Grad: [-2.1664985e+03  2.3671849e+02 -9.2957271e-06 -6.7414526e+02
  2.1958287e-05]
2024-12-03 09:34:47,292 INFO =====> Num. aborted data so far: 0
2024-12-03 09:34:47,301 INFO ===========> Epoch: 11 optimisation losses
2024-12-03 09:34:47,301 INFO =====> EMD Loss: 17.401457
2024-12-03 09:34:47,301 INFO =====> Height map loss: 8.696360
2024-12-03 09:34:47,301 INFO =====> Insertion loss: 0.000000
2024-12-03 09:34:47,679 DEBUG loaded <trimesh.Trimesh(vertices.shape=(916, 3), faces.shape=(856, 3))> using `load_obj` in 0.0029s
2024-12-03 09:34:47,830 DEBUG loaded <trimesh.Trimesh(vertices.shape=(48, 3), faces.shape=(28, 3))> using `load_obj` in 0.0007s
2024-12-03 09:34:54,337 INFO ==> EMD Loss: 17.485100
2024-12-03 09:34:54,337 INFO ==> Height map loss:  8.672112
2024-12-03 09:34:54,337 INFO ==> Insertion loss: 0.000000
2024-12-03 09:34:54,689 DEBUG loaded <trimesh.Trimesh(vertices.shape=(916, 3), faces.shape=(856, 3))> using `load_obj` in 0.0029s
2024-12-03 09:34:54,843 DEBUG loaded <trimesh.Trimesh(vertices.shape=(48, 3), faces.shape=(28, 3))> using `load_obj` in 0.0007s
2024-12-03 09:35:01,333 INFO ==> EMD Loss: 17.441374
2024-12-03 09:35:01,333 INFO ==> Height map loss:  8.666395
2024-12-03 09:35:01,333 INFO ==> Insertion loss: 0.000000
2024-12-03 09:35:01,715 DEBUG loaded <trimesh.Trimesh(vertices.shape=(916, 3), faces.shape=(856, 3))> using `load_obj` in 0.0030s
2024-12-03 09:35:01,865 DEBUG loaded <trimesh.Trimesh(vertices.shape=(48, 3), faces.shape=(28, 3))> using `load_obj` in 0.0007s
2024-12-03 09:35:08,500 INFO ==> EMD Loss: 17.487431
2024-12-03 09:35:08,501 INFO ==> Height map loss:  8.729349
2024-12-03 09:35:08,501 INFO ==> Insertion loss: 0.000000
2024-12-03 09:35:08,854 DEBUG loaded <trimesh.Trimesh(vertices.shape=(916, 3), faces.shape=(856, 3))> using `load_obj` in 0.0029s
2024-12-03 09:35:09,007 DEBUG loaded <trimesh.Trimesh(vertices.shape=(48, 3), faces.shape=(28, 3))> using `load_obj` in 0.0007s
2024-12-03 09:35:15,420 INFO ==> EMD Loss: 17.214289
2024-12-03 09:35:15,420 INFO ==> Height map loss:  8.628387
2024-12-03 09:35:15,420 INFO ==> Insertion loss: 0.000000
2024-12-03 09:35:15,771 DEBUG loaded <trimesh.Trimesh(vertices.shape=(916, 3), faces.shape=(856, 3))> using `load_obj` in 0.0029s
2024-12-03 09:35:15,920 DEBUG loaded <trimesh.Trimesh(vertices.shape=(48, 3), faces.shape=(28, 3))> using `load_obj` in 0.0007s
2024-12-03 09:35:22,425 INFO ==> EMD Loss: 16.776632
2024-12-03 09:35:22,425 INFO ==> Height map loss:  8.561525
2024-12-03 09:35:22,425 INFO ==> Insertion loss: 0.000000
2024-12-03 09:35:22,805 DEBUG loaded <trimesh.Trimesh(vertices.shape=(916, 3), faces.shape=(856, 3))> using `load_obj` in 0.0029s
2024-12-03 09:35:22,952 DEBUG loaded <trimesh.Trimesh(vertices.shape=(48, 3), faces.shape=(28, 3))> using `load_obj` in 0.0007s
2024-12-03 09:35:38,859 INFO =====> Skill params: [ 0.03677893  0.01874836  0.00340158 -0.00393109 -0.03872072]
2024-12-03 09:35:38,859 INFO =====> Grad: [ 3.8827903e+03 -2.3359243e+03 -2.7710325e-06 -4.1823962e+02
 -2.5445204e-06]
2024-12-03 09:35:38,859 INFO =====> Num. aborted data so far: 0
2024-12-03 09:35:38,868 INFO ===========> Epoch: 12 optimisation losses
2024-12-03 09:35:38,868 INFO =====> EMD Loss: 16.776735
2024-12-03 09:35:38,868 INFO =====> Height map loss: 8.561474
2024-12-03 09:35:38,868 INFO =====> Insertion loss: 0.000000
2024-12-03 09:35:39,254 DEBUG loaded <trimesh.Trimesh(vertices.shape=(916, 3), faces.shape=(856, 3))> using `load_obj` in 0.0029s
2024-12-03 09:35:39,407 DEBUG loaded <trimesh.Trimesh(vertices.shape=(48, 3), faces.shape=(28, 3))> using `load_obj` in 0.0007s
2024-12-03 09:35:46,023 INFO ==> EMD Loss: 16.994350
2024-12-03 09:35:46,023 INFO ==> Height map loss:  8.591799
2024-12-03 09:35:46,023 INFO ==> Insertion loss: 0.000000
2024-12-03 09:35:46,374 DEBUG loaded <trimesh.Trimesh(vertices.shape=(916, 3), faces.shape=(856, 3))> using `load_obj` in 0.0029s
2024-12-03 09:35:46,521 DEBUG loaded <trimesh.Trimesh(vertices.shape=(48, 3), faces.shape=(28, 3))> using `load_obj` in 0.0007s
2024-12-03 09:35:53,002 INFO ==> EMD Loss: 17.405415
2024-12-03 09:35:53,002 INFO ==> Height map loss:  8.538990
2024-12-03 09:35:53,002 INFO ==> Insertion loss: 0.000000
2024-12-03 09:35:53,353 DEBUG loaded <trimesh.Trimesh(vertices.shape=(916, 3), faces.shape=(856, 3))> using `load_obj` in 0.0029s
2024-12-03 09:35:53,502 DEBUG loaded <trimesh.Trimesh(vertices.shape=(48, 3), faces.shape=(28, 3))> using `load_obj` in 0.0007s
2024-12-03 09:36:00,006 INFO ==> EMD Loss: 17.673450
2024-12-03 09:36:00,006 INFO ==> Height map loss:  8.670317
2024-12-03 09:36:00,006 INFO ==> Insertion loss: 0.000000
2024-12-03 09:36:00,357 DEBUG loaded <trimesh.Trimesh(vertices.shape=(916, 3), faces.shape=(856, 3))> using `load_obj` in 0.0030s
2024-12-03 09:36:00,502 DEBUG loaded <trimesh.Trimesh(vertices.shape=(48, 3), faces.shape=(28, 3))> using `load_obj` in 0.0007s
2024-12-03 09:36:07,283 INFO ==> EMD Loss: 18.047867
2024-12-03 09:36:07,284 INFO ==> Height map loss:  8.968507
2024-12-03 09:36:07,284 INFO ==> Insertion loss: 0.000000
2024-12-03 09:36:07,634 DEBUG loaded <trimesh.Trimesh(vertices.shape=(916, 3), faces.shape=(856, 3))> using `load_obj` in 0.0029s
2024-12-03 09:36:07,782 DEBUG loaded <trimesh.Trimesh(vertices.shape=(48, 3), faces.shape=(28, 3))> using `load_obj` in 0.0007s
2024-12-03 09:36:14,434 INFO ==> EMD Loss: 18.710356
2024-12-03 09:36:14,434 INFO ==> Height map loss:  9.155666
2024-12-03 09:36:14,434 INFO ==> Insertion loss: 0.000000
2024-12-03 09:36:14,866 DEBUG loaded <trimesh.Trimesh(vertices.shape=(916, 3), faces.shape=(856, 3))> using `load_obj` in 0.0030s
2024-12-03 09:36:15,013 DEBUG loaded <trimesh.Trimesh(vertices.shape=(48, 3), faces.shape=(28, 3))> using `load_obj` in 0.0007s
2024-12-03 09:36:31,296 INFO =====> Skill params: [ 0.01776488  0.04508223  0.00393654  0.00241148 -0.03828981]
2024-12-03 09:36:31,296 INFO =====> Grad: [-3.7928015e+03  9.5758276e+02 -2.3802981e-05 -9.2779243e+01
  1.2663091e-05]
2024-12-03 09:36:31,296 INFO =====> Num. aborted data so far: 0
2024-12-03 09:36:31,304 INFO ===========> Epoch: 13 optimisation losses
2024-12-03 09:36:31,304 INFO =====> EMD Loss: 17.389652
2024-12-03 09:36:31,304 INFO =====> Height map loss: 8.538912
2024-12-03 09:36:31,304 INFO =====> Insertion loss: 0.000000
2024-12-03 09:36:31,687 DEBUG loaded <trimesh.Trimesh(vertices.shape=(916, 3), faces.shape=(856, 3))> using `load_obj` in 0.0030s
2024-12-03 09:36:31,843 DEBUG loaded <trimesh.Trimesh(vertices.shape=(48, 3), faces.shape=(28, 3))> using `load_obj` in 0.0007s
2024-12-03 09:36:38,359 INFO ==> EMD Loss: 17.425528
2024-12-03 09:36:38,359 INFO ==> Height map loss:  8.489960
2024-12-03 09:36:38,359 INFO ==> Insertion loss: 0.000000
2024-12-03 09:36:38,710 DEBUG loaded <trimesh.Trimesh(vertices.shape=(916, 3), faces.shape=(856, 3))> using `load_obj` in 0.0030s
2024-12-03 09:36:38,861 DEBUG loaded <trimesh.Trimesh(vertices.shape=(48, 3), faces.shape=(28, 3))> using `load_obj` in 0.0007s
2024-12-03 09:36:45,280 INFO ==> EMD Loss: 17.223091
2024-12-03 09:36:45,280 INFO ==> Height map loss:  8.564155
2024-12-03 09:36:45,281 INFO ==> Insertion loss: 0.000000
2024-12-03 09:36:45,635 DEBUG loaded <trimesh.Trimesh(vertices.shape=(916, 3), faces.shape=(856, 3))> using `load_obj` in 0.0029s
2024-12-03 09:36:45,787 DEBUG loaded <trimesh.Trimesh(vertices.shape=(48, 3), faces.shape=(28, 3))> using `load_obj` in 0.0007s
2024-12-03 09:36:52,283 INFO ==> EMD Loss: 17.207026
2024-12-03 09:36:52,283 INFO ==> Height map loss:  8.482811
2024-12-03 09:36:52,283 INFO ==> Insertion loss: 0.000000
2024-12-03 09:36:52,639 DEBUG loaded <trimesh.Trimesh(vertices.shape=(916, 3), faces.shape=(856, 3))> using `load_obj` in 0.0030s
2024-12-03 09:36:52,792 DEBUG loaded <trimesh.Trimesh(vertices.shape=(48, 3), faces.shape=(28, 3))> using `load_obj` in 0.0007s
2024-12-03 09:36:59,244 INFO ==> EMD Loss: 17.195631
2024-12-03 09:36:59,245 INFO ==> Height map loss:  8.657534
2024-12-03 09:36:59,245 INFO ==> Insertion loss: 0.000000
2024-12-03 09:36:59,603 DEBUG loaded <trimesh.Trimesh(vertices.shape=(916, 3), faces.shape=(856, 3))> using `load_obj` in 0.0029s
2024-12-03 09:36:59,755 DEBUG loaded <trimesh.Trimesh(vertices.shape=(48, 3), faces.shape=(28, 3))> using `load_obj` in 0.0007s
2024-12-03 09:37:06,274 INFO ==> EMD Loss: 17.093670
2024-12-03 09:37:06,274 INFO ==> Height map loss:  8.587289
2024-12-03 09:37:06,274 INFO ==> Insertion loss: 0.000000
2024-12-03 09:37:06,628 DEBUG loaded <trimesh.Trimesh(vertices.shape=(916, 3), faces.shape=(856, 3))> using `load_obj` in 0.0030s
2024-12-03 09:37:06,777 DEBUG loaded <trimesh.Trimesh(vertices.shape=(48, 3), faces.shape=(28, 3))> using `load_obj` in 0.0007s
2024-12-03 09:37:22,667 INFO =====> Skill params: [ 0.05105699  0.0236681   0.01351239  0.00537442 -0.04279917]
2024-12-03 09:37:22,667 INFO =====> Grad: [-2.7796572e+03  3.2174524e+03 -1.3251756e-05  9.1176414e+01
  8.8130029e-05]
2024-12-03 09:37:22,667 INFO =====> Num. aborted data so far: 0
2024-12-03 09:37:22,675 INFO ===========> Epoch: 14 optimisation losses
2024-12-03 09:37:22,675 INFO =====> EMD Loss: 17.207140
2024-12-03 09:37:22,675 INFO =====> Height map loss: 8.482787
2024-12-03 09:37:22,675 INFO =====> Insertion loss: 0.000000
2024-12-03 09:37:23,062 DEBUG loaded <trimesh.Trimesh(vertices.shape=(916, 3), faces.shape=(856, 3))> using `load_obj` in 0.0029s
2024-12-03 09:37:23,218 DEBUG loaded <trimesh.Trimesh(vertices.shape=(48, 3), faces.shape=(28, 3))> using `load_obj` in 0.0008s
2024-12-03 09:37:29,567 INFO ==> EMD Loss: 17.202295
2024-12-03 09:37:29,567 INFO ==> Height map loss:  8.619680
2024-12-03 09:37:29,568 INFO ==> Insertion loss: 0.000000
2024-12-03 09:37:30,081 DEBUG loaded <trimesh.Trimesh(vertices.shape=(916, 3), faces.shape=(856, 3))> using `load_obj` in 0.0029s
2024-12-03 09:37:30,231 DEBUG loaded <trimesh.Trimesh(vertices.shape=(48, 3), faces.shape=(28, 3))> using `load_obj` in 0.0007s
2024-12-03 09:37:36,597 INFO ==> EMD Loss: 17.100288
2024-12-03 09:37:36,597 INFO ==> Height map loss:  8.681062
2024-12-03 09:37:36,598 INFO ==> Insertion loss: 0.000000
2024-12-03 09:37:36,966 DEBUG loaded <trimesh.Trimesh(vertices.shape=(916, 3), faces.shape=(856, 3))> using `load_obj` in 0.0029s
2024-12-03 09:37:37,122 DEBUG loaded <trimesh.Trimesh(vertices.shape=(48, 3), faces.shape=(28, 3))> using `load_obj` in 0.0007s
2024-12-03 09:37:43,543 INFO ==> EMD Loss: 16.914913
2024-12-03 09:37:43,543 INFO ==> Height map loss:  8.651677
2024-12-03 09:37:43,543 INFO ==> Insertion loss: 0.000000
2024-12-03 09:37:43,902 DEBUG loaded <trimesh.Trimesh(vertices.shape=(916, 3), faces.shape=(856, 3))> using `load_obj` in 0.0029s
2024-12-03 09:37:44,057 DEBUG loaded <trimesh.Trimesh(vertices.shape=(48, 3), faces.shape=(28, 3))> using `load_obj` in 0.0007s
2024-12-03 09:37:50,634 INFO ==> EMD Loss: 17.256927
2024-12-03 09:37:50,634 INFO ==> Height map loss:  8.811039
2024-12-03 09:37:50,634 INFO ==> Insertion loss: 0.000000
2024-12-03 09:37:50,995 DEBUG loaded <trimesh.Trimesh(vertices.shape=(916, 3), faces.shape=(856, 3))> using `load_obj` in 0.0029s
2024-12-03 09:37:51,150 DEBUG loaded <trimesh.Trimesh(vertices.shape=(48, 3), faces.shape=(28, 3))> using `load_obj` in 0.0007s
2024-12-03 09:37:57,668 INFO ==> EMD Loss: 17.077679
2024-12-03 09:37:57,668 INFO ==> Height map loss:  8.904715
2024-12-03 09:37:57,668 INFO ==> Insertion loss: 0.000000
2024-12-03 09:37:58,024 DEBUG loaded <trimesh.Trimesh(vertices.shape=(916, 3), faces.shape=(856, 3))> using `load_obj` in 0.0029s
2024-12-03 09:37:58,174 DEBUG loaded <trimesh.Trimesh(vertices.shape=(48, 3), faces.shape=(28, 3))> using `load_obj` in 0.0007s
2024-12-03 09:38:14,611 INFO =====> Skill params: [ 0.05343942  0.01881079  0.01407213  0.00506786 -0.04573042]
2024-12-03 09:38:14,611 INFO =====> Grad: [-3.4489141e+03  4.7831577e+03 -8.8979341e-06 -6.1305454e+01
  4.4934935e-05]
2024-12-03 09:38:14,611 INFO =====> Num. aborted data so far: 0
2024-12-03 09:38:14,619 INFO ===========> Epoch: 15 optimisation losses
2024-12-03 09:38:14,619 INFO =====> EMD Loss: 17.202148
2024-12-03 09:38:14,619 INFO =====> Height map loss: 8.619799
2024-12-03 09:38:14,619 INFO =====> Insertion loss: 0.000000
2024-12-03 09:38:15,013 DEBUG loaded <trimesh.Trimesh(vertices.shape=(916, 3), faces.shape=(856, 3))> using `load_obj` in 0.0029s
2024-12-03 09:38:15,167 DEBUG loaded <trimesh.Trimesh(vertices.shape=(48, 3), faces.shape=(28, 3))> using `load_obj` in 0.0007s
2024-12-03 09:38:21,563 INFO ==> EMD Loss: 17.075415
2024-12-03 09:38:21,563 INFO ==> Height map loss:  8.667559
2024-12-03 09:38:21,563 INFO ==> Insertion loss: 0.000000
2024-12-03 09:38:21,927 DEBUG loaded <trimesh.Trimesh(vertices.shape=(916, 3), faces.shape=(856, 3))> using `load_obj` in 0.0029s
2024-12-03 09:38:22,079 DEBUG loaded <trimesh.Trimesh(vertices.shape=(48, 3), faces.shape=(28, 3))> using `load_obj` in 0.0007s
2024-12-03 09:38:28,540 INFO ==> EMD Loss: 17.118254
2024-12-03 09:38:28,541 INFO ==> Height map loss:  8.668592
2024-12-03 09:38:28,541 INFO ==> Insertion loss: 0.000000
2024-12-03 09:38:28,907 DEBUG loaded <trimesh.Trimesh(vertices.shape=(916, 3), faces.shape=(856, 3))> using `load_obj` in 0.0030s
2024-12-03 09:38:29,060 DEBUG loaded <trimesh.Trimesh(vertices.shape=(48, 3), faces.shape=(28, 3))> using `load_obj` in 0.0007s
2024-12-03 09:38:35,578 INFO ==> EMD Loss: 16.878822
2024-12-03 09:38:35,578 INFO ==> Height map loss:  8.660456
2024-12-03 09:38:35,578 INFO ==> Insertion loss: 0.000000
2024-12-03 09:38:35,941 DEBUG loaded <trimesh.Trimesh(vertices.shape=(916, 3), faces.shape=(856, 3))> using `load_obj` in 0.0030s
2024-12-03 09:38:36,093 DEBUG loaded <trimesh.Trimesh(vertices.shape=(48, 3), faces.shape=(28, 3))> using `load_obj` in 0.0007s
2024-12-03 09:38:42,617 INFO ==> EMD Loss: 17.223297
2024-12-03 09:38:42,617 INFO ==> Height map loss:  8.860535
2024-12-03 09:38:42,617 INFO ==> Insertion loss: 0.000000
2024-12-03 09:38:42,976 DEBUG loaded <trimesh.Trimesh(vertices.shape=(916, 3), faces.shape=(856, 3))> using `load_obj` in 0.0029s
2024-12-03 09:38:43,128 DEBUG loaded <trimesh.Trimesh(vertices.shape=(48, 3), faces.shape=(28, 3))> using `load_obj` in 0.0007s
2024-12-03 09:38:49,562 INFO ==> EMD Loss: 16.816147
2024-12-03 09:38:49,562 INFO ==> Height map loss:  8.878782
2024-12-03 09:38:49,562 INFO ==> Insertion loss: 0.000000
2024-12-03 09:38:49,930 DEBUG loaded <trimesh.Trimesh(vertices.shape=(916, 3), faces.shape=(856, 3))> using `load_obj` in 0.0029s
2024-12-03 09:38:50,082 DEBUG loaded <trimesh.Trimesh(vertices.shape=(48, 3), faces.shape=(28, 3))> using `load_obj` in 0.0007s
2024-12-03 09:39:06,181 INFO =====> Skill params: [ 0.08139072 -0.02983372  0.01802602  0.00723937 -0.06101711]
2024-12-03 09:39:06,181 INFO =====> Grad: [ 1.5689457e+03  1.6302616e+03 -3.8549701e-06  1.2412440e+03
 -5.7472265e-05]
2024-12-03 09:39:06,181 INFO =====> Num. aborted data so far: 0
2024-12-03 09:39:06,190 INFO ===========> Epoch: 16 optimisation losses
2024-12-03 09:39:06,190 INFO =====> EMD Loss: 16.884523
2024-12-03 09:39:06,190 INFO =====> Height map loss: 8.660398
2024-12-03 09:39:06,190 INFO =====> Insertion loss: 0.000000
2024-12-03 09:39:06,671 DEBUG loaded <trimesh.Trimesh(vertices.shape=(916, 3), faces.shape=(856, 3))> using `load_obj` in 0.0031s
2024-12-03 09:39:06,828 DEBUG loaded <trimesh.Trimesh(vertices.shape=(48, 3), faces.shape=(28, 3))> using `load_obj` in 0.0007s
2024-12-03 09:39:13,219 INFO ==> EMD Loss: 16.990135
2024-12-03 09:39:13,219 INFO ==> Height map loss:  8.584011
2024-12-03 09:39:13,220 INFO ==> Insertion loss: 0.000000
2024-12-03 09:39:13,610 DEBUG loaded <trimesh.Trimesh(vertices.shape=(916, 3), faces.shape=(856, 3))> using `load_obj` in 0.0029s
2024-12-03 09:39:13,764 DEBUG loaded <trimesh.Trimesh(vertices.shape=(48, 3), faces.shape=(28, 3))> using `load_obj` in 0.0007s
2024-12-03 09:39:20,408 INFO ==> EMD Loss: 17.279835
2024-12-03 09:39:20,408 INFO ==> Height map loss:  8.719041
2024-12-03 09:39:20,408 INFO ==> Insertion loss: 0.000000
2024-12-03 09:39:20,778 DEBUG loaded <trimesh.Trimesh(vertices.shape=(916, 3), faces.shape=(856, 3))> using `load_obj` in 0.0029s
2024-12-03 09:39:20,932 DEBUG loaded <trimesh.Trimesh(vertices.shape=(48, 3), faces.shape=(28, 3))> using `load_obj` in 0.0007s
2024-12-03 09:39:27,489 INFO ==> EMD Loss: 17.406052
2024-12-03 09:39:27,489 INFO ==> Height map loss:  8.792499
2024-12-03 09:39:27,490 INFO ==> Insertion loss: 0.000000
2024-12-03 09:39:27,850 DEBUG loaded <trimesh.Trimesh(vertices.shape=(916, 3), faces.shape=(856, 3))> using `load_obj` in 0.0029s
2024-12-03 09:39:28,001 DEBUG loaded <trimesh.Trimesh(vertices.shape=(48, 3), faces.shape=(28, 3))> using `load_obj` in 0.0007s
2024-12-03 09:39:34,468 INFO ==> EMD Loss: 17.101919
2024-12-03 09:39:34,468 INFO ==> Height map loss:  8.848035
2024-12-03 09:39:34,468 INFO ==> Insertion loss: 0.000000
2024-12-03 09:39:34,827 DEBUG loaded <trimesh.Trimesh(vertices.shape=(916, 3), faces.shape=(856, 3))> using `load_obj` in 0.0029s
2024-12-03 09:39:34,976 DEBUG loaded <trimesh.Trimesh(vertices.shape=(48, 3), faces.shape=(28, 3))> using `load_obj` in 0.0007s
2024-12-03 09:39:41,723 INFO ==> EMD Loss: 17.424372
2024-12-03 09:39:41,723 INFO ==> Height map loss:  9.047236
2024-12-03 09:39:41,723 INFO ==> Insertion loss: 0.000000
2024-12-03 09:39:42,084 DEBUG loaded <trimesh.Trimesh(vertices.shape=(916, 3), faces.shape=(856, 3))> using `load_obj` in 0.0029s
2024-12-03 09:39:42,239 DEBUG loaded <trimesh.Trimesh(vertices.shape=(48, 3), faces.shape=(28, 3))> using `load_obj` in 0.0007s
2024-12-03 09:39:58,357 INFO =====> Skill params: [ 0.08007953 -0.03151825  0.01820651  0.00350112 -0.05905762]
2024-12-03 09:39:58,357 INFO =====> Grad: [ 2.5734612e+03 -3.4002127e+02 -1.2413511e-05 -6.3135303e+02
  3.8837870e-06]
2024-12-03 09:39:58,357 INFO =====> Num. aborted data so far: 0
2024-12-03 09:39:58,365 INFO ===========> Epoch: 17 optimisation losses
2024-12-03 09:39:58,365 INFO =====> EMD Loss: 16.989164
2024-12-03 09:39:58,365 INFO =====> Height map loss: 8.584070
2024-12-03 09:39:58,365 INFO =====> Insertion loss: 0.000000
2024-12-03 09:39:58,754 DEBUG loaded <trimesh.Trimesh(vertices.shape=(916, 3), faces.shape=(856, 3))> using `load_obj` in 0.0029s
2024-12-03 09:39:58,915 DEBUG loaded <trimesh.Trimesh(vertices.shape=(48, 3), faces.shape=(28, 3))> using `load_obj` in 0.0007s
2024-12-03 09:40:05,475 INFO ==> EMD Loss: 16.994040
2024-12-03 09:40:05,475 INFO ==> Height map loss:  8.575000
2024-12-03 09:40:05,475 INFO ==> Insertion loss: 0.000000
2024-12-03 09:40:05,908 DEBUG loaded <trimesh.Trimesh(vertices.shape=(916, 3), faces.shape=(856, 3))> using `load_obj` in 0.0029s
2024-12-03 09:40:06,063 DEBUG loaded <trimesh.Trimesh(vertices.shape=(48, 3), faces.shape=(28, 3))> using `load_obj` in 0.0007s
2024-12-03 09:40:12,609 INFO ==> EMD Loss: 16.967726
2024-12-03 09:40:12,609 INFO ==> Height map loss:  8.598990
2024-12-03 09:40:12,609 INFO ==> Insertion loss: 0.000000
2024-12-03 09:40:12,975 DEBUG loaded <trimesh.Trimesh(vertices.shape=(916, 3), faces.shape=(856, 3))> using `load_obj` in 0.0029s
2024-12-03 09:40:13,132 DEBUG loaded <trimesh.Trimesh(vertices.shape=(48, 3), faces.shape=(28, 3))> using `load_obj` in 0.0007s
2024-12-03 09:40:19,581 INFO ==> EMD Loss: 17.172567
2024-12-03 09:40:19,581 INFO ==> Height map loss:  8.612284
2024-12-03 09:40:19,581 INFO ==> Insertion loss: 0.000000
2024-12-03 09:40:19,946 DEBUG loaded <trimesh.Trimesh(vertices.shape=(916, 3), faces.shape=(856, 3))> using `load_obj` in 0.0029s
2024-12-03 09:40:20,106 DEBUG loaded <trimesh.Trimesh(vertices.shape=(48, 3), faces.shape=(28, 3))> using `load_obj` in 0.0007s
2024-12-03 09:40:26,548 INFO ==> EMD Loss: 17.527540
2024-12-03 09:40:26,548 INFO ==> Height map loss:  8.620453
2024-12-03 09:40:26,548 INFO ==> Insertion loss: 0.000000
2024-12-03 09:40:26,917 DEBUG loaded <trimesh.Trimesh(vertices.shape=(916, 3), faces.shape=(856, 3))> using `load_obj` in 0.0029s
2024-12-03 09:40:27,073 DEBUG loaded <trimesh.Trimesh(vertices.shape=(48, 3), faces.shape=(28, 3))> using `load_obj` in 0.0007s
2024-12-03 09:40:33,712 INFO ==> EMD Loss: 17.472944
2024-12-03 09:40:33,712 INFO ==> Height map loss:  8.687531
2024-12-03 09:40:33,712 INFO ==> Insertion loss: 0.000000
2024-12-03 09:40:34,074 DEBUG loaded <trimesh.Trimesh(vertices.shape=(916, 3), faces.shape=(856, 3))> using `load_obj` in 0.0029s
2024-12-03 09:40:34,231 DEBUG loaded <trimesh.Trimesh(vertices.shape=(48, 3), faces.shape=(28, 3))> using `load_obj` in 0.0007s
2024-12-03 09:40:50,661 INFO =====> Skill params: [ 0.07794547 -0.03114854  0.01881629  0.00541177 -0.05919716]
2024-12-03 09:40:50,661 INFO =====> Grad: [ 2.6844453e+03 -6.0612268e+02  1.9035870e-05  9.9100662e+01
 -1.6195252e-05]
2024-12-03 09:40:50,661 INFO =====> Num. aborted data so far: 0
2024-12-03 09:40:50,670 INFO ===========> Epoch: 18 optimisation losses
2024-12-03 09:40:50,670 INFO =====> EMD Loss: 16.993536
2024-12-03 09:40:50,670 INFO =====> Height map loss: 8.575178
2024-12-03 09:40:50,670 INFO =====> Insertion loss: 0.000000
2024-12-03 09:40:51,070 DEBUG loaded <trimesh.Trimesh(vertices.shape=(916, 3), faces.shape=(856, 3))> using `load_obj` in 0.0029s
2024-12-03 09:40:51,230 DEBUG loaded <trimesh.Trimesh(vertices.shape=(48, 3), faces.shape=(28, 3))> using `load_obj` in 0.0007s
2024-12-03 09:40:57,657 INFO ==> EMD Loss: 16.993832
2024-12-03 09:40:57,657 INFO ==> Height map loss:  8.579749
2024-12-03 09:40:57,657 INFO ==> Insertion loss: 0.000000
2024-12-03 09:40:58,023 DEBUG loaded <trimesh.Trimesh(vertices.shape=(916, 3), faces.shape=(856, 3))> using `load_obj` in 0.0033s
2024-12-03 09:40:58,181 DEBUG loaded <trimesh.Trimesh(vertices.shape=(48, 3), faces.shape=(28, 3))> using `load_obj` in 0.0007s
2024-12-03 09:41:04,634 INFO ==> EMD Loss: 17.004103
2024-12-03 09:41:04,634 INFO ==> Height map loss:  8.608272
2024-12-03 09:41:04,634 INFO ==> Insertion loss: 0.000000
2024-12-03 09:41:05,004 DEBUG loaded <trimesh.Trimesh(vertices.shape=(916, 3), faces.shape=(856, 3))> using `load_obj` in 0.0029s
2024-12-03 09:41:05,161 DEBUG loaded <trimesh.Trimesh(vertices.shape=(48, 3), faces.shape=(28, 3))> using `load_obj` in 0.0007s
2024-12-03 09:41:11,746 INFO ==> EMD Loss: 17.026791
2024-12-03 09:41:11,746 INFO ==> Height map loss:  8.605788
2024-12-03 09:41:11,746 INFO ==> Insertion loss: 0.000000
2024-12-03 09:41:12,111 DEBUG loaded <trimesh.Trimesh(vertices.shape=(916, 3), faces.shape=(856, 3))> using `load_obj` in 0.0029s
2024-12-03 09:41:12,269 DEBUG loaded <trimesh.Trimesh(vertices.shape=(48, 3), faces.shape=(28, 3))> using `load_obj` in 0.0007s
2024-12-03 09:41:18,773 INFO ==> EMD Loss: 16.905987
2024-12-03 09:41:18,773 INFO ==> Height map loss:  8.696251
2024-12-03 09:41:18,773 INFO ==> Insertion loss: 0.000000
2024-12-03 09:41:19,147 DEBUG loaded <trimesh.Trimesh(vertices.shape=(916, 3), faces.shape=(856, 3))> using `load_obj` in 0.0029s
2024-12-03 09:41:19,301 DEBUG loaded <trimesh.Trimesh(vertices.shape=(48, 3), faces.shape=(28, 3))> using `load_obj` in 0.0007s
2024-12-03 09:41:25,769 INFO ==> EMD Loss: 17.199738
2024-12-03 09:41:25,770 INFO ==> Height map loss:  8.705713
2024-12-03 09:41:25,770 INFO ==> Insertion loss: 0.000000
2024-12-03 09:41:26,138 DEBUG loaded <trimesh.Trimesh(vertices.shape=(916, 3), faces.shape=(856, 3))> using `load_obj` in 0.0028s
2024-12-03 09:41:26,294 DEBUG loaded <trimesh.Trimesh(vertices.shape=(48, 3), faces.shape=(28, 3))> using `load_obj` in 0.0007s
2024-12-03 09:41:42,545 INFO =====> Skill params: [ 0.07574549 -0.03045799  0.0178424   0.00509603 -0.05858666]
2024-12-03 09:41:42,545 INFO =====> Grad: [5.8146294e+01 1.6545298e+03 6.6704393e-05 9.5881439e+02 2.4714571e-05]
2024-12-03 09:41:42,545 INFO =====> Num. aborted data so far: 0
2024-12-03 09:41:42,553 INFO ===========> Epoch: 19 optimisation losses
2024-12-03 09:41:42,553 INFO =====> EMD Loss: 16.993959
2024-12-03 09:41:42,553 INFO =====> Height map loss: 8.579615
2024-12-03 09:41:42,553 INFO =====> Insertion loss: 0.000000
2024-12-03 09:41:42,950 DEBUG loaded <trimesh.Trimesh(vertices.shape=(916, 3), faces.shape=(856, 3))> using `load_obj` in 0.0029s
2024-12-03 09:41:43,110 DEBUG loaded <trimesh.Trimesh(vertices.shape=(48, 3), faces.shape=(28, 3))> using `load_obj` in 0.0007s
2024-12-03 09:41:49,569 INFO ==> EMD Loss: 16.987894
2024-12-03 09:41:49,569 INFO ==> Height map loss:  8.642903
2024-12-03 09:41:49,569 INFO ==> Insertion loss: 0.000000
2024-12-03 09:41:49,932 DEBUG loaded <trimesh.Trimesh(vertices.shape=(916, 3), faces.shape=(856, 3))> using `load_obj` in 0.0029s
2024-12-03 09:41:50,089 DEBUG loaded <trimesh.Trimesh(vertices.shape=(48, 3), faces.shape=(28, 3))> using `load_obj` in 0.0007s
2024-12-03 09:41:56,496 INFO ==> EMD Loss: 17.212799
2024-12-03 09:41:56,496 INFO ==> Height map loss:  8.701351
2024-12-03 09:41:56,496 INFO ==> Insertion loss: 0.000000
2024-12-03 09:41:56,859 DEBUG loaded <trimesh.Trimesh(vertices.shape=(916, 3), faces.shape=(856, 3))> using `load_obj` in 0.0029s
2024-12-03 09:41:57,017 DEBUG loaded <trimesh.Trimesh(vertices.shape=(48, 3), faces.shape=(28, 3))> using `load_obj` in 0.0007s
2024-12-03 09:42:03,640 INFO ==> EMD Loss: 17.243013
2024-12-03 09:42:03,640 INFO ==> Height map loss:  8.843362
2024-12-03 09:42:03,640 INFO ==> Insertion loss: 0.000000
2024-12-03 09:42:04,002 DEBUG loaded <trimesh.Trimesh(vertices.shape=(916, 3), faces.shape=(856, 3))> using `load_obj` in 0.0029s
2024-12-03 09:42:04,157 DEBUG loaded <trimesh.Trimesh(vertices.shape=(48, 3), faces.shape=(28, 3))> using `load_obj` in 0.0007s
2024-12-03 09:42:10,598 INFO ==> EMD Loss: 17.119772
2024-12-03 09:42:10,598 INFO ==> Height map loss:  8.911305
2024-12-03 09:42:10,598 INFO ==> Insertion loss: 0.000000
2024-12-03 09:42:10,965 DEBUG loaded <trimesh.Trimesh(vertices.shape=(916, 3), faces.shape=(856, 3))> using `load_obj` in 0.0029s
2024-12-03 09:42:11,122 DEBUG loaded <trimesh.Trimesh(vertices.shape=(48, 3), faces.shape=(28, 3))> using `load_obj` in 0.0007s
2024-12-03 09:42:17,633 INFO ==> EMD Loss: 17.577415
2024-12-03 09:42:17,633 INFO ==> Height map loss:  9.044637
2024-12-03 09:42:17,633 INFO ==> Insertion loss: 0.000000
2024-12-03 09:42:18,000 DEBUG loaded <trimesh.Trimesh(vertices.shape=(916, 3), faces.shape=(856, 3))> using `load_obj` in 0.0030s
2024-12-03 09:42:18,152 DEBUG loaded <trimesh.Trimesh(vertices.shape=(48, 3), faces.shape=(28, 3))> using `load_obj` in 0.0007s
