2024-09-18 11:31:13,105 INFO ===> New TaichiEnv created.
2024-09-18 11:31:13,105 INFO ===> Specifications: horizon = 600, dt = 0.01, n_substeps = 20, dt_sub = 0.0005
2024-09-18 11:31:40,912 INFO =====> Epoch: 0
2024-09-18 11:31:40,912 INFO =====> EMD Loss: 27.068723678588867
2024-09-18 11:31:40,912 INFO =====> Height map loss: 27.692462921142578
2024-09-18 11:31:40,913 INFO =====> Grad: [ 3.7704711e+00 -1.1101134e+00 -1.7095111e-08 -4.4924769e+00
  1.2665987e-07]
2024-09-18 11:31:40,913 INFO =====> Skill params: [0.99       0.31       0.8189279  1.         0.27219525]
2024-09-18 11:31:40,913 INFO =====> Num. aborted data so far: 0
2024-09-18 11:31:41,179 INFO ===> New TaichiEnv created.
2024-09-18 11:31:41,179 INFO ===> Specifications: horizon = 600, dt = 0.01, n_substeps = 20, dt_sub = 0.0005
2024-09-18 11:32:09,441 INFO =====> Epoch: 1
2024-09-18 11:32:09,441 INFO =====> EMD Loss: 27.022733688354492
2024-09-18 11:32:09,441 INFO =====> Height map loss: 27.46633529663086
2024-09-18 11:32:09,441 INFO =====> Grad: [-4.9092509e-02 -4.2741483e-01  4.8528470e-10 -3.9584064e-01
 -1.5832484e-08]
2024-09-18 11:32:09,441 INFO =====> Skill params: [0.98339695 0.31892762 0.82957834 1.         0.25673276]
2024-09-18 11:32:09,441 INFO =====> Num. aborted data so far: 0
2024-09-18 11:32:09,719 INFO ===> New TaichiEnv created.
2024-09-18 11:32:09,719 INFO ===> Specifications: horizon = 600, dt = 0.01, n_substeps = 20, dt_sub = 0.0005
2024-09-18 11:32:37,995 INFO =====> Epoch: 2
2024-09-18 11:32:37,995 INFO =====> EMD Loss: 26.950834274291992
2024-09-18 11:32:37,995 INFO =====> Height map loss: 27.437150955200195
2024-09-18 11:32:37,996 INFO =====> Grad: [ 3.8079801e+00 -1.1637294e+00 -6.7213549e-08 -4.2851315e+00
 -3.3527613e-07]
2024-09-18 11:32:37,996 INFO =====> Skill params: [0.97526586 0.3283278  0.8474073  1.         0.26931798]
2024-09-18 11:32:37,996 INFO =====> Num. aborted data so far: 0
2024-09-18 11:32:38,275 INFO ===> New TaichiEnv created.
2024-09-18 11:32:38,275 INFO ===> Specifications: horizon = 600, dt = 0.01, n_substeps = 20, dt_sub = 0.0005
2024-09-18 11:33:07,094 INFO =====> Epoch: 3
2024-09-18 11:33:07,094 INFO =====> EMD Loss: 27.328493118286133
2024-09-18 11:33:07,094 INFO =====> Height map loss: 28.105674743652344
2024-09-18 11:33:07,094 INFO =====> Grad: [-4.3712236e-02 -4.0037313e-01  1.9185218e-09 -3.9584059e-01
  3.4458935e-08]
2024-09-18 11:33:07,094 INFO =====> Skill params: [0.968653   0.33717445 0.86119443 1.         0.27792925]
2024-09-18 11:33:07,094 INFO =====> Num. aborted data so far: 0
2024-09-18 11:33:07,372 INFO ===> New TaichiEnv created.
2024-09-18 11:33:07,372 INFO ===> Specifications: horizon = 600, dt = 0.01, n_substeps = 20, dt_sub = 0.0005
2024-09-18 11:33:36,671 INFO =====> Epoch: 4
2024-09-18 11:33:36,671 INFO =====> EMD Loss: 27.416847229003906
2024-09-18 11:33:36,671 INFO =====> Height map loss: 28.321683883666992
2024-09-18 11:33:36,671 INFO =====> Grad: [-4.1366585e-02 -3.8797233e-01  2.4028850e-09 -3.9584059e-01
  2.7939677e-09]
2024-09-18 11:33:36,671 INFO =====> Skill params: [0.963106   0.3456739  0.8721132  1.         0.28504297]
2024-09-18 11:33:36,671 INFO =====> Num. aborted data so far: 0
2024-09-18 11:33:36,960 INFO ===> New TaichiEnv created.
2024-09-18 11:33:36,960 INFO ===> Specifications: horizon = 600, dt = 0.01, n_substeps = 20, dt_sub = 0.0005
2024-09-18 11:34:06,483 INFO =====> Epoch: 5
2024-09-18 11:34:06,483 INFO =====> EMD Loss: 27.93588638305664
2024-09-18 11:34:06,483 INFO =====> Height map loss: 28.945653915405273
2024-09-18 11:34:06,483 INFO =====> Grad: [-3.9256811e-02 -3.7907806e-01  2.2287594e-09 -4.0212381e-01
  2.3283064e-08]
2024-09-18 11:34:06,483 INFO =====> Skill params: [0.9583636  0.35393786 0.8809337  1.         0.29018092]
2024-09-18 11:34:06,484 INFO =====> Num. aborted data so far: 0
2024-09-18 11:34:06,851 INFO ===> New TaichiEnv created.
2024-09-18 11:34:06,851 INFO ===> Specifications: horizon = 600, dt = 0.01, n_substeps = 20, dt_sub = 0.0005
2024-09-18 11:34:36,395 INFO =====> Epoch: 6
2024-09-18 11:34:36,395 INFO =====> EMD Loss: 28.055721282958984
2024-09-18 11:34:36,395 INFO =====> Height map loss: 29.09888458251953
2024-09-18 11:34:36,395 INFO =====> Grad: [-3.7183024e-02 -3.5970590e-01  2.2370017e-09 -4.0212381e-01
 -9.3132257e-09]
2024-09-18 11:34:36,395 INFO =====> Skill params: [0.95425737 0.36201048 0.88812083 1.         0.29500934]
2024-09-18 11:34:36,395 INFO =====> Num. aborted data so far: 0
2024-09-18 11:34:36,692 INFO ===> New TaichiEnv created.
2024-09-18 11:34:36,692 INFO ===> Specifications: horizon = 600, dt = 0.01, n_substeps = 20, dt_sub = 0.0005
2024-09-18 11:35:06,702 INFO =====> Epoch: 7
2024-09-18 11:35:06,702 INFO =====> EMD Loss: 27.74551010131836
2024-09-18 11:35:06,702 INFO =====> Height map loss: 28.837099075317383
2024-09-18 11:35:06,702 INFO =====> Grad: [-3.5475783e-02 -3.5072789e-01 -4.2773740e-09 -4.0212384e-01
  1.5832484e-08]
2024-09-18 11:35:06,702 INFO =====> Skill params: [0.9506705  0.36993426 0.89498067 1.         0.29863662]
2024-09-18 11:35:06,702 INFO =====> Num. aborted data so far: 0
2024-09-18 11:35:07,004 INFO ===> New TaichiEnv created.
2024-09-18 11:35:07,004 INFO ===> Specifications: horizon = 600, dt = 0.01, n_substeps = 20, dt_sub = 0.0005
2024-09-18 11:35:38,273 INFO =====> Epoch: 8
2024-09-18 11:35:38,273 INFO =====> EMD Loss: 28.128992080688477
2024-09-18 11:35:38,273 INFO =====> Height map loss: 29.53731918334961
2024-09-18 11:35:38,273 INFO =====> Grad: [-1.9742694e-02 -4.9712235e-01 -1.9440347e-09 -4.0212381e-01
  2.0489097e-08]
2024-09-18 11:35:38,273 INFO =====> Skill params: [0.94750434 0.37799245 0.9012502  1.         0.30106944]
2024-09-18 11:35:38,273 INFO =====> Num. aborted data so far: 0
2024-09-18 11:35:38,576 INFO ===> New TaichiEnv created.
2024-09-18 11:35:38,576 INFO ===> Specifications: horizon = 600, dt = 0.01, n_substeps = 20, dt_sub = 0.0005
2024-09-18 11:36:09,784 INFO =====> Epoch: 9
2024-09-18 11:36:09,784 INFO =====> EMD Loss: 28.349056243896484
2024-09-18 11:36:09,784 INFO =====> Height map loss: 30.066543579101562
2024-09-18 11:36:09,785 INFO =====> Grad: [ 4.199826e+00 -4.030614e+00  3.966094e-08 -4.492477e+00 -9.685755e-08]
2024-09-18 11:36:09,785 INFO =====> Skill params: [0.9422883  0.38546145 0.9010656  1.         0.3066371 ]
2024-09-18 11:36:09,785 INFO =====> Num. aborted data so far: 0
2024-09-18 11:36:10,083 INFO ===> New TaichiEnv created.
2024-09-18 11:36:10,083 INFO ===> Specifications: horizon = 600, dt = 0.01, n_substeps = 20, dt_sub = 0.0005
2024-09-18 11:36:41,339 INFO =====> Epoch: 10
2024-09-18 11:36:41,339 INFO =====> EMD Loss: 28.337976455688477
2024-09-18 11:36:41,339 INFO =====> Height map loss: 30.120203018188477
2024-09-18 11:36:41,339 INFO =====> Grad: [ 4.2615108e+00 -3.9326313e+00  8.4232589e-08 -4.4924769e+00
 -8.1956387e-08]
2024-09-18 11:36:41,340 INFO =====> Skill params: [0.93576586 0.3936711  0.8927753  1.         0.31435472]
2024-09-18 11:36:41,340 INFO =====> Num. aborted data so far: 0
2024-09-18 11:36:41,639 INFO ===> New TaichiEnv created.
2024-09-18 11:36:41,639 INFO ===> Specifications: horizon = 600, dt = 0.01, n_substeps = 20, dt_sub = 0.0005
2024-09-18 11:37:12,834 INFO =====> Epoch: 11
2024-09-18 11:37:12,834 INFO =====> EMD Loss: 28.218841552734375
2024-09-18 11:37:12,834 INFO =====> Height map loss: 30.339645385742188
2024-09-18 11:37:12,835 INFO =====> Grad: [ 4.1997938e+00 -3.7359188e+00 -8.3786830e-08 -4.4924769e+00
  9.6857548e-08]
2024-09-18 11:37:12,835 INFO =====> Skill params: [0.9283365  0.4024826  0.8933305  1.         0.31781223]
2024-09-18 11:37:12,835 INFO =====> Num. aborted data so far: 0
2024-09-18 11:37:13,221 INFO ===> New TaichiEnv created.
2024-09-18 11:37:13,221 INFO ===> Specifications: horizon = 600, dt = 0.01, n_substeps = 20, dt_sub = 0.0005
2024-09-18 11:37:44,845 INFO =====> Epoch: 12
2024-09-18 11:37:44,845 INFO =====> EMD Loss: 28.65850257873535
2024-09-18 11:37:44,846 INFO =====> Height map loss: 30.78772735595703
2024-09-18 11:37:44,846 INFO =====> Grad: [ 4.2506418e+00 -3.6104090e+00  5.5079603e-09 -4.4924769e+00
  2.2351742e-08]
2024-09-18 11:37:44,846 INFO =====> Skill params: [0.92022467 0.41175118 0.89338213 1.         0.32016385]
2024-09-18 11:37:44,846 INFO =====> Num. aborted data so far: 0
2024-09-18 11:37:45,166 INFO ===> New TaichiEnv created.
2024-09-18 11:37:45,166 INFO ===> Specifications: horizon = 600, dt = 0.01, n_substeps = 20, dt_sub = 0.0005
2024-09-18 11:38:17,281 INFO =====> Epoch: 13
2024-09-18 11:38:17,281 INFO =====> EMD Loss: 29.020740509033203
2024-09-18 11:38:17,281 INFO =====> Height map loss: 30.893611907958984
2024-09-18 11:38:17,281 INFO =====> Grad: [-5.0783181e-03 -4.2737257e-01 -9.9242685e-09 -4.1469014e-01
  3.7252903e-09]
2024-09-18 11:38:17,281 INFO =====> Skill params: [0.9128987  0.42037392 0.89422494 1.         0.32215637]
2024-09-18 11:38:17,281 INFO =====> Num. aborted data so far: 0
2024-09-18 11:38:17,590 INFO ===> New TaichiEnv created.
2024-09-18 11:38:17,590 INFO ===> Specifications: horizon = 600, dt = 0.01, n_substeps = 20, dt_sub = 0.0005
2024-09-18 11:38:50,076 INFO =====> Epoch: 14
2024-09-18 11:38:50,077 INFO =====> EMD Loss: 28.963645935058594
2024-09-18 11:38:50,077 INFO =====> Height map loss: 31.33688735961914
2024-09-18 11:38:50,077 INFO =====> Grad: [-2.2102776e-03 -4.1499147e-01  7.7637363e-09 -4.1469014e-01
 -1.1175871e-08]
2024-09-18 11:38:50,077 INFO =====> Skill params: [0.90626997 0.42842162 0.8943599  1.         0.32432967]
2024-09-18 11:38:50,077 INFO =====> Num. aborted data so far: 0
2024-09-18 11:38:50,384 INFO ===> New TaichiEnv created.
2024-09-18 11:38:50,384 INFO ===> Specifications: horizon = 600, dt = 0.01, n_substeps = 20, dt_sub = 0.0005
2024-09-18 11:39:24,422 INFO =====> Epoch: 15
2024-09-18 11:39:24,422 INFO =====> EMD Loss: 29.114652633666992
2024-09-18 11:39:24,422 INFO =====> Height map loss: 31.59784507751465
2024-09-18 11:39:24,422 INFO =====> Grad: [ 4.1328592e-04 -4.0167663e-01 -3.4197196e-09 -4.1469014e-01
  1.7695129e-08]
2024-09-18 11:39:24,422 INFO =====> Skill params: [0.9002625  0.43595374 0.89475495 1.         0.32569408]
2024-09-18 11:39:24,422 INFO =====> Num. aborted data so far: 0
2024-09-18 11:39:24,731 INFO ===> New TaichiEnv created.
2024-09-18 11:39:24,732 INFO ===> Specifications: horizon = 600, dt = 0.01, n_substeps = 20, dt_sub = 0.0005
2024-09-18 11:39:57,876 INFO =====> Epoch: 16
2024-09-18 11:39:57,876 INFO =====> EMD Loss: 29.261280059814453
2024-09-18 11:39:57,876 INFO =====> Height map loss: 31.545909881591797
2024-09-18 11:39:57,877 INFO =====> Grad: [ 2.8362714e-03 -3.9256868e-01 -2.4939810e-09 -4.1469020e-01
  6.5192580e-09]
2024-09-18 11:39:57,877 INFO =====> Skill params: [0.8948105  0.4430235  0.89531076 1.         0.32670707]
2024-09-18 11:39:57,877 INFO =====> Num. aborted data so far: 0
2024-09-18 11:39:58,208 INFO ===> New TaichiEnv created.
2024-09-18 11:39:58,208 INFO ===> Specifications: horizon = 600, dt = 0.01, n_substeps = 20, dt_sub = 0.0005
2024-09-18 11:40:32,295 INFO =====> Epoch: 17
2024-09-18 11:40:32,296 INFO =====> EMD Loss: 29.21015739440918
2024-09-18 11:40:32,296 INFO =====> Height map loss: 31.344099044799805
2024-09-18 11:40:32,296 INFO =====> Grad: [ 4.4442499e-03 -3.7919521e-01 -1.5667077e-09 -4.1469020e-01
  1.9557774e-08]
2024-09-18 11:40:32,296 INFO =====> Skill params: [0.88985705 0.4496744  0.89593804 1.         0.32695618]
2024-09-18 11:40:32,296 INFO =====> Num. aborted data so far: 0
2024-09-18 11:40:32,626 INFO ===> New TaichiEnv created.
2024-09-18 11:40:32,627 INFO ===> Specifications: horizon = 600, dt = 0.01, n_substeps = 20, dt_sub = 0.0005
2024-09-18 11:41:06,143 INFO =====> Epoch: 18
2024-09-18 11:41:06,143 INFO =====> EMD Loss: 29.171045303344727
2024-09-18 11:41:06,143 INFO =====> Height map loss: 31.290855407714844
2024-09-18 11:41:06,143 INFO =====> Grad: [ 6.5260902e-03 -3.7011027e-01 -1.1039663e-09 -4.1469014e-01
  7.4505806e-09]
2024-09-18 11:41:06,143 INFO =====> Skill params: [0.8853519  0.45594662 0.8965935  1.         0.326926  ]
2024-09-18 11:41:06,143 INFO =====> Num. aborted data so far: 0
2024-09-18 11:41:06,461 INFO ===> New TaichiEnv created.
2024-09-18 11:41:06,461 INFO ===> Specifications: horizon = 600, dt = 0.01, n_substeps = 20, dt_sub = 0.0005
2024-09-18 11:41:40,550 INFO =====> Epoch: 19
2024-09-18 11:41:40,551 INFO =====> EMD Loss: 29.07015037536621
2024-09-18 11:41:40,551 INFO =====> Height map loss: 30.82069206237793
2024-09-18 11:41:40,551 INFO =====> Grad: [ 8.4961345e-03 -3.6438608e-01  8.2072145e-09 -4.1469014e-01
  1.7695129e-08]
2024-09-18 11:41:40,551 INFO =====> Skill params: [0.88125056 0.46187735 0.8965218  1.         0.3262865 ]
2024-09-18 11:41:40,551 INFO =====> Num. aborted data so far: 0
2024-09-18 11:41:40,871 INFO ===> New TaichiEnv created.
2024-09-18 11:41:40,871 INFO ===> Specifications: horizon = 600, dt = 0.01, n_substeps = 20, dt_sub = 0.0005
2024-09-18 11:42:15,358 INFO =====> Epoch: 20
2024-09-18 11:42:15,358 INFO =====> EMD Loss: 28.87360954284668
2024-09-18 11:42:15,358 INFO =====> Height map loss: 30.70016098022461
2024-09-18 11:42:15,359 INFO =====> Grad: [ 9.6241478e-03 -3.5444197e-01 -6.4374017e-10 -4.1469014e-01
 -4.6566129e-09]
2024-09-18 11:42:15,359 INFO =====> Skill params: [0.87751395 0.46749672 0.89650923 1.         0.32586858]
2024-09-18 11:42:15,359 INFO =====> Num. aborted data so far: 0
2024-09-18 11:42:15,687 INFO ===> New TaichiEnv created.
2024-09-18 11:42:15,687 INFO ===> Specifications: horizon = 600, dt = 0.01, n_substeps = 20, dt_sub = 0.0005
2024-09-18 11:42:50,076 INFO =====> Epoch: 21
2024-09-18 11:42:50,076 INFO =====> EMD Loss: 29.029739379882812
2024-09-18 11:42:50,076 INFO =====> Height map loss: 30.840002059936523
2024-09-18 11:42:50,076 INFO =====> Grad: [ 1.1394172e-02 -3.4801278e-01 -4.8373248e-09 -4.1469020e-01
  3.2596290e-08]
2024-09-18 11:42:50,076 INFO =====> Skill params: [0.8741068  0.47283354 0.8968929  1.         0.3243466 ]
2024-09-18 11:42:50,077 INFO =====> Num. aborted data so far: 0
2024-09-18 11:42:50,404 INFO ===> New TaichiEnv created.
2024-09-18 11:42:50,404 INFO ===> Specifications: horizon = 600, dt = 0.01, n_substeps = 20, dt_sub = 0.0005
2024-09-18 11:43:24,527 INFO =====> Epoch: 22
2024-09-18 11:43:24,528 INFO =====> EMD Loss: 28.940216064453125
2024-09-18 11:43:24,528 INFO =====> Height map loss: 30.638845443725586
2024-09-18 11:43:24,528 INFO =====> Grad: [ 1.2301559e-02 -3.3973014e-01 -8.5636280e-09 -4.1469014e-01
 -1.0244548e-08]
2024-09-18 11:43:24,528 INFO =====> Skill params: [0.87099814 0.47791213 0.8979425  1.         0.3233272 ]
2024-09-18 11:43:24,528 INFO =====> Num. aborted data so far: 0
2024-09-18 11:43:24,863 INFO ===> New TaichiEnv created.
2024-09-18 11:43:24,863 INFO ===> Specifications: horizon = 600, dt = 0.01, n_substeps = 20, dt_sub = 0.0005
2024-09-18 11:43:58,865 INFO =====> Epoch: 23
2024-09-18 11:43:58,865 INFO =====> EMD Loss: 28.900619506835938
2024-09-18 11:43:58,865 INFO =====> Height map loss: 30.547882080078125
2024-09-18 11:43:58,865 INFO =====> Grad: [ 1.3926099e-02 -3.3460259e-01  1.2165549e-09 -4.1469020e-01
  4.0046871e-08]
2024-09-18 11:43:58,865 INFO =====> Skill params: [0.86815953 0.4827561  0.89879274 1.         0.32098046]
2024-09-18 11:43:58,865 INFO =====> Num. aborted data so far: 0
2024-09-18 11:43:59,190 INFO ===> New TaichiEnv created.
2024-09-18 11:43:59,191 INFO ===> Specifications: horizon = 600, dt = 0.01, n_substeps = 20, dt_sub = 0.0005
2024-09-18 11:44:33,278 INFO =====> Epoch: 24
2024-09-18 11:44:33,278 INFO =====> EMD Loss: 28.691316604614258
2024-09-18 11:44:33,279 INFO =====> Height map loss: 30.412458419799805
2024-09-18 11:44:33,279 INFO =====> Grad: [-1.3377176e-02 -1.5421881e-01  7.1637807e-09 -4.1469014e-01
 -7.9162419e-09]
2024-09-18 11:44:33,279 INFO =====> Skill params: [0.8655811  0.48727155 0.8989674  1.         0.3191324 ]
2024-09-18 11:44:33,279 INFO =====> Num. aborted data so far: 0
2024-09-18 11:44:33,598 INFO ===> New TaichiEnv created.
2024-09-18 11:44:33,598 INFO ===> Specifications: horizon = 600, dt = 0.01, n_substeps = 20, dt_sub = 0.0005
2024-09-18 11:45:09,112 INFO =====> Epoch: 25
2024-09-18 11:45:09,113 INFO =====> EMD Loss: 28.752277374267578
2024-09-18 11:45:09,113 INFO =====> Height map loss: 30.424888610839844
2024-09-18 11:45:09,113 INFO =====> Grad: [ 3.9960785e+00  1.0903528e+00 -5.7119987e-08 -4.4924774e+00
  6.0535967e-09]
2024-09-18 11:45:09,113 INFO =====> Skill params: [0.8613789  0.49061    0.9036405  1.         0.31723312]
2024-09-18 11:45:09,113 INFO =====> Num. aborted data so far: 0
2024-09-18 11:45:09,431 INFO ===> New TaichiEnv created.
2024-09-18 11:45:09,431 INFO ===> Specifications: horizon = 600, dt = 0.01, n_substeps = 20, dt_sub = 0.0005
2024-09-18 11:45:44,659 INFO =====> Epoch: 26
2024-09-18 11:45:44,659 INFO =====> EMD Loss: 28.472198486328125
2024-09-18 11:45:44,659 INFO =====> Height map loss: 30.311540603637695
2024-09-18 11:45:44,659 INFO =====> Grad: [ 3.9692249e+00  1.0996388e+00  1.0154292e-08 -4.4924769e+00
 -3.7252903e-09]
2024-09-18 11:45:44,659 INFO =====> Skill params: [0.8558824  0.49287802 0.90706223 1.         0.31564304]
2024-09-18 11:45:44,659 INFO =====> Num. aborted data so far: 0
2024-09-18 11:45:44,983 INFO ===> New TaichiEnv created.
2024-09-18 11:45:44,983 INFO ===> Specifications: horizon = 600, dt = 0.01, n_substeps = 20, dt_sub = 0.0005
2024-09-18 11:46:19,816 INFO =====> Epoch: 27
2024-09-18 11:46:19,816 INFO =====> EMD Loss: 28.35451316833496
2024-09-18 11:46:19,816 INFO =====> Height map loss: 30.198396682739258
2024-09-18 11:46:19,817 INFO =====> Grad: [ 3.9513290e+00  1.1070657e+00  1.7757532e-08 -4.4924774e+00
  2.3283064e-09]
2024-09-18 11:46:19,817 INFO =====> Skill params: [0.8493344  0.49417272 0.9087319  1.         0.31411126]
2024-09-18 11:46:19,817 INFO =====> Num. aborted data so far: 0
2024-09-18 11:46:20,150 INFO ===> New TaichiEnv created.
2024-09-18 11:46:20,150 INFO ===> Specifications: horizon = 600, dt = 0.01, n_substeps = 20, dt_sub = 0.0005
2024-09-18 11:46:55,346 INFO =====> Epoch: 28
2024-09-18 11:46:55,346 INFO =====> EMD Loss: 28.348283767700195
2024-09-18 11:46:55,346 INFO =====> Height map loss: 30.027118682861328
2024-09-18 11:46:55,347 INFO =====> Grad: [ 3.9413157e+00  1.1117048e+00 -1.9412841e-08 -4.4924774e+00
 -1.5832484e-08]
2024-09-18 11:46:55,347 INFO =====> Skill params: [0.8419203  0.49458343 0.9117913  1.         0.31331107]
2024-09-18 11:46:55,347 INFO =====> Num. aborted data so far: 0
2024-09-18 11:46:55,689 INFO ===> New TaichiEnv created.
2024-09-18 11:46:55,689 INFO ===> Specifications: horizon = 600, dt = 0.01, n_substeps = 20, dt_sub = 0.0005
2024-09-18 11:47:29,988 INFO =====> Epoch: 29
2024-09-18 11:47:29,988 INFO =====> EMD Loss: 28.46465492248535
2024-09-18 11:47:29,988 INFO =====> Height map loss: 30.183185577392578
2024-09-18 11:47:29,988 INFO =====> Grad: [ 3.9383411e+00  1.1138272e+00  1.4181396e-08 -4.4924779e+00
  1.2572855e-08]
2024-09-18 11:47:29,988 INFO =====> Skill params: [0.83378506 0.49419227 0.9134177  1.         0.31210944]
2024-09-18 11:47:29,988 INFO =====> Num. aborted data so far: 0
2024-09-18 11:47:30,324 INFO ===> New TaichiEnv created.
2024-09-18 11:47:30,324 INFO ===> Specifications: horizon = 600, dt = 0.01, n_substeps = 20, dt_sub = 0.0005
2024-09-18 11:48:04,544 INFO =====> Epoch: 30
2024-09-18 11:48:04,545 INFO =====> EMD Loss: 28.50864601135254
2024-09-18 11:48:04,545 INFO =====> Height map loss: 30.285367965698242
2024-09-18 11:48:04,545 INFO =====> Grad: [ 3.9417353e+00  1.1136743e+00 -3.7963538e-08 -4.4924774e+00
  1.5832484e-08]
2024-09-18 11:48:04,545 INFO =====> Skill params: [0.8250443  0.4930747  0.9178759  1.         0.31041455]
2024-09-18 11:48:04,545 INFO =====> Num. aborted data so far: 0
2024-09-18 11:48:04,873 INFO ===> New TaichiEnv created.
2024-09-18 11:48:04,873 INFO ===> Specifications: horizon = 600, dt = 0.01, n_substeps = 20, dt_sub = 0.0005
2024-09-18 11:48:39,794 INFO =====> Epoch: 31
2024-09-18 11:48:39,794 INFO =====> EMD Loss: 28.501909255981445
2024-09-18 11:48:39,794 INFO =====> Height map loss: 30.281068801879883
2024-09-18 11:48:39,794 INFO =====> Grad: [ 3.9509051e+00  1.1114575e+00  1.0488304e-08 -4.4924774e+00
 -1.7229468e-08]
2024-09-18 11:48:39,794 INFO =====> Skill params: [0.8157915  0.49129993 0.92107636 1.         0.3095373 ]
2024-09-18 11:48:39,794 INFO =====> Num. aborted data so far: 0
2024-09-18 11:48:40,130 INFO ===> New TaichiEnv created.
2024-09-18 11:48:40,130 INFO ===> Specifications: horizon = 600, dt = 0.01, n_substeps = 20, dt_sub = 0.0005
2024-09-18 11:49:14,884 INFO =====> Epoch: 32
2024-09-18 11:49:14,884 INFO =====> EMD Loss: 28.58163070678711
2024-09-18 11:49:14,884 INFO =====> Height map loss: 30.298521041870117
2024-09-18 11:49:14,884 INFO =====> Grad: [ 3.96540046e+00  1.10736048e+00 -1.18883285e-08 -4.49247694e+00
 -5.58793545e-09]
2024-09-18 11:49:14,885 INFO =====> Skill params: [0.806103  0.4889316 0.9249299 1.        0.3089568]
2024-09-18 11:49:14,885 INFO =====> Num. aborted data so far: 0
2024-09-18 11:49:15,222 INFO ===> New TaichiEnv created.
2024-09-18 11:49:15,222 INFO ===> Specifications: horizon = 600, dt = 0.01, n_substeps = 20, dt_sub = 0.0005
2024-09-18 11:49:49,525 INFO =====> Epoch: 33
2024-09-18 11:49:49,526 INFO =====> EMD Loss: 28.542438507080078
2024-09-18 11:49:49,527 INFO =====> Height map loss: 30.41741943359375
2024-09-18 11:49:49,527 INFO =====> Grad: [ 3.98486710e+00  1.10280037e+00  1.04240705e-08 -4.49247742e+00
  1.02445483e-08]
2024-09-18 11:49:49,527 INFO =====> Skill params: [0.79604167 0.48602727 0.9275774  1.         0.30802742]
2024-09-18 11:49:49,527 INFO =====> Num. aborted data so far: 0
2024-09-18 11:49:49,944 INFO ===> New TaichiEnv created.
2024-09-18 11:49:49,944 INFO ===> Specifications: horizon = 600, dt = 0.01, n_substeps = 20, dt_sub = 0.0005
2024-09-18 11:50:25,393 INFO =====> Epoch: 34
2024-09-18 11:50:25,393 INFO =====> EMD Loss: 28.539682388305664
2024-09-18 11:50:25,394 INFO =====> Height map loss: 30.41209602355957
2024-09-18 11:50:25,394 INFO =====> Grad: [ 4.0088725e+00  1.0954393e+00 -3.0634567e-08 -4.4924779e+00
  1.6763806e-08]
2024-09-18 11:50:25,394 INFO =====> Skill params: [0.7856596  0.48264068 0.9324152  1.         0.30651963]
2024-09-18 11:50:25,394 INFO =====> Num. aborted data so far: 0
2024-09-18 11:50:25,750 INFO ===> New TaichiEnv created.
2024-09-18 11:50:25,750 INFO ===> Specifications: horizon = 600, dt = 0.01, n_substeps = 20, dt_sub = 0.0005
2024-09-18 11:50:59,833 INFO =====> Epoch: 35
2024-09-18 11:50:59,834 INFO =====> EMD Loss: 28.739072799682617
2024-09-18 11:50:59,834 INFO =====> Height map loss: 30.635528564453125
2024-09-18 11:50:59,834 INFO =====> Grad: [ 3.9453773e+00  1.0888536e+00  2.8281626e-09 -4.4924774e+00
 -1.1641532e-08]
2024-09-18 11:50:59,834 INFO =====> Skill params: [0.77501976 0.47881973 0.93657416 1.         0.30561486]
2024-09-18 11:50:59,834 INFO =====> Num. aborted data so far: 0
2024-09-18 11:51:00,182 INFO ===> New TaichiEnv created.
2024-09-18 11:51:00,182 INFO ===> Specifications: horizon = 600, dt = 0.01, n_substeps = 20, dt_sub = 0.0005
2024-09-18 11:51:33,947 INFO =====> Epoch: 36
2024-09-18 11:51:33,947 INFO =====> EMD Loss: 28.867280960083008
2024-09-18 11:51:33,947 INFO =====> Height map loss: 30.968692779541016
2024-09-18 11:51:33,948 INFO =====> Grad: [-1.0174577e-02 -1.4278303e-01  1.5060575e-09 -4.0840700e-01
  1.2572855e-08]
2024-09-18 11:51:33,948 INFO =====> Skill params: [0.7653355  0.475442   0.9402238  1.         0.30428568]
2024-09-18 11:51:33,948 INFO =====> Num. aborted data so far: 0
2024-09-18 11:51:34,283 INFO ===> New TaichiEnv created.
2024-09-18 11:51:34,283 INFO ===> Specifications: horizon = 600, dt = 0.01, n_substeps = 20, dt_sub = 0.0005
2024-09-18 11:52:08,789 INFO =====> Epoch: 37
2024-09-18 11:52:08,789 INFO =====> EMD Loss: 28.838598251342773
2024-09-18 11:52:08,789 INFO =====> Height map loss: 30.913129806518555
2024-09-18 11:52:08,789 INFO =====> Grad: [-1.0083276e-02 -1.4541470e-01  5.7605565e-10 -4.0840700e-01
 -5.5879354e-09]
2024-09-18 11:52:08,789 INFO =====> Skill params: [0.75652254 0.47247127 0.9434869  1.         0.30330545]
2024-09-18 11:52:08,789 INFO =====> Num. aborted data so far: 0
2024-09-18 11:52:09,123 INFO ===> New TaichiEnv created.
2024-09-18 11:52:09,124 INFO ===> Specifications: horizon = 600, dt = 0.01, n_substeps = 20, dt_sub = 0.0005
2024-09-18 11:52:42,884 INFO =====> Epoch: 38
2024-09-18 11:52:42,884 INFO =====> EMD Loss: 29.045848846435547
2024-09-18 11:52:42,884 INFO =====> Height map loss: 31.16114044189453
2024-09-18 11:52:42,884 INFO =====> Grad: [-1.0314055e-02 -1.4566985e-01  7.5623383e-09 -4.0840700e-01
 -1.6298145e-08]
2024-09-18 11:52:42,884 INFO =====> Skill params: [0.748504   0.46987274 0.9458166  1.         0.30308512]
2024-09-18 11:52:42,884 INFO =====> Num. aborted data so far: 0
2024-09-18 11:52:43,215 INFO ===> New TaichiEnv created.
2024-09-18 11:52:43,215 INFO ===> Specifications: horizon = 600, dt = 0.01, n_substeps = 20, dt_sub = 0.0005
2024-09-18 11:53:18,366 INFO =====> Epoch: 39
2024-09-18 11:53:18,367 INFO =====> EMD Loss: 29.08812713623047
2024-09-18 11:53:18,367 INFO =====> Height map loss: 31.258066177368164
2024-09-18 11:53:18,367 INFO =====> Grad: [-1.0217706e-02 -1.4543451e-01  6.6311787e-09 -4.0840700e-01
 -1.2572855e-08]
2024-09-18 11:53:18,367 INFO =====> Skill params: [0.7412097  0.46761432 0.94737375 1.         0.30340642]
2024-09-18 11:53:18,367 INFO =====> Num. aborted data so far: 0
2024-09-18 11:53:18,700 INFO ===> New TaichiEnv created.
2024-09-18 11:53:18,700 INFO ===> Specifications: horizon = 600, dt = 0.01, n_substeps = 20, dt_sub = 0.0005
2024-09-18 11:53:54,843 INFO =====> Epoch: 40
2024-09-18 11:53:54,844 INFO =====> EMD Loss: 29.097576141357422
2024-09-18 11:53:54,844 INFO =====> Height map loss: 31.275793075561523
2024-09-18 11:53:54,844 INFO =====> Grad: [-1.0121448e-02 -1.4710671e-01 -2.2171687e-09 -4.0840709e-01
  1.0710210e-08]
2024-09-18 11:53:54,844 INFO =====> Skill params: [0.7345755  0.46566814 0.94897264 1.         0.30325004]
2024-09-18 11:53:54,844 INFO =====> Num. aborted data so far: 0
2024-09-18 11:53:55,183 INFO ===> New TaichiEnv created.
2024-09-18 11:53:55,183 INFO ===> Specifications: horizon = 600, dt = 0.01, n_substeps = 20, dt_sub = 0.0005
2024-09-18 11:54:29,409 INFO =====> Epoch: 41
2024-09-18 11:54:29,409 INFO =====> EMD Loss: 29.138916015625
2024-09-18 11:54:29,409 INFO =====> Height map loss: 31.26896858215332
2024-09-18 11:54:29,409 INFO =====> Grad: [-1.0022907e-02 -1.4850977e-01 -4.5455697e-09 -4.0840703e-01
 -6.5192580e-09]
2024-09-18 11:54:29,409 INFO =====> Skill params: [0.728543   0.46400857 0.9508079  1.         0.30338332]
2024-09-18 11:54:29,409 INFO =====> Num. aborted data so far: 0
2024-09-18 11:54:29,757 INFO ===> New TaichiEnv created.
2024-09-18 11:54:29,757 INFO ===> Specifications: horizon = 600, dt = 0.01, n_substeps = 20, dt_sub = 0.0005
2024-09-18 11:55:03,780 INFO =====> Epoch: 42
2024-09-18 11:55:03,780 INFO =====> EMD Loss: 29.227285385131836
2024-09-18 11:55:03,780 INFO =====> Height map loss: 31.51727294921875
2024-09-18 11:55:03,780 INFO =====> Grad: [-1.0247200e-02 -1.4762191e-01 -6.4072787e-09 -4.0840703e-01
 -4.6566129e-09]
2024-09-18 11:55:03,780 INFO =====> Skill params: [0.7230588  0.46261045 0.95301867 1.         0.3037028 ]
2024-09-18 11:55:03,780 INFO =====> Num. aborted data so far: 0
2024-09-18 11:55:04,120 INFO ===> New TaichiEnv created.
2024-09-18 11:55:04,120 INFO ===> Specifications: horizon = 600, dt = 0.01, n_substeps = 20, dt_sub = 0.0005
2024-09-18 11:55:38,256 INFO =====> Epoch: 43
2024-09-18 11:55:38,256 INFO =====> EMD Loss: 29.25852394104004
2024-09-18 11:55:38,256 INFO =====> Height map loss: 31.406822204589844
2024-09-18 11:55:38,256 INFO =====> Grad: [-1.0148390e-02 -1.4854434e-01 -5.0080979e-09 -4.0840703e-01
 -2.3283064e-09]
2024-09-18 11:55:38,256 INFO =====> Skill params: [0.7180743  0.46145228 0.9554533  1.         0.30409303]
2024-09-18 11:55:38,256 INFO =====> Num. aborted data so far: 0
2024-09-18 11:55:38,660 INFO ===> New TaichiEnv created.
2024-09-18 11:55:38,660 INFO ===> Specifications: horizon = 600, dt = 0.01, n_substeps = 20, dt_sub = 0.0005
2024-09-18 11:56:12,723 INFO =====> Epoch: 44
2024-09-18 11:56:12,723 INFO =====> EMD Loss: 29.32144546508789
2024-09-18 11:56:12,723 INFO =====> Height map loss: 31.50609016418457
2024-09-18 11:56:12,723 INFO =====> Grad: [-1.0047547e-02 -1.4925170e-01  6.6365220e-09 -4.0840703e-01
 -7.4505806e-09]
2024-09-18 11:56:12,723 INFO =====> Skill params: [0.71354496 0.4605142  0.9570841  1.         0.3047705 ]
2024-09-18 11:56:12,723 INFO =====> Num. aborted data so far: 0
2024-09-18 11:56:13,148 INFO ===> New TaichiEnv created.
2024-09-18 11:56:13,148 INFO ===> Specifications: horizon = 600, dt = 0.01, n_substeps = 20, dt_sub = 0.0005
2024-09-18 11:56:47,150 INFO =====> Epoch: 45
2024-09-18 11:56:47,150 INFO =====> EMD Loss: 29.293420791625977
2024-09-18 11:56:47,150 INFO =====> Height map loss: 31.547744750976562
2024-09-18 11:56:47,150 INFO =====> Grad: [-9.9465065e-03 -1.4976026e-01 -2.6749079e-09 -4.0840703e-01
  9.3132257e-10]
2024-09-18 11:56:47,150 INFO =====> Skill params: [0.7094302  0.45977795 0.9587956  1.         0.30534482]
2024-09-18 11:56:47,150 INFO =====> Num. aborted data so far: 0
2024-09-18 11:56:47,547 INFO ===> New TaichiEnv created.
2024-09-18 11:56:47,547 INFO ===> Specifications: horizon = 600, dt = 0.01, n_substeps = 20, dt_sub = 0.0005
2024-09-18 11:57:20,941 INFO =====> Epoch: 46
2024-09-18 11:57:20,941 INFO =====> EMD Loss: 29.25544548034668
2024-09-18 11:57:20,941 INFO =====> Height map loss: 31.561012268066406
2024-09-18 11:57:20,942 INFO =====> Grad: [-9.8400880e-03 -1.4776757e-01 -2.2069369e-09 -4.0840700e-01
 -4.6566129e-10]
2024-09-18 11:57:20,942 INFO =====> Skill params: [0.70569307 0.45922497 0.9605406  1.         0.30588672]
2024-09-18 11:57:20,942 INFO =====> Num. aborted data so far: 0
2024-09-18 11:57:21,293 INFO ===> New TaichiEnv created.
2024-09-18 11:57:21,293 INFO ===> Specifications: horizon = 600, dt = 0.01, n_substeps = 20, dt_sub = 0.0005
2024-09-18 11:57:54,697 INFO =====> Epoch: 47
2024-09-18 11:57:54,698 INFO =====> EMD Loss: 29.245100021362305
2024-09-18 11:57:54,698 INFO =====> Height map loss: 31.578214645385742
2024-09-18 11:57:54,698 INFO =====> Grad: [-9.7368592e-03 -1.4791912e-01  2.4523663e-09 -4.0840703e-01
  1.8626451e-09]
2024-09-18 11:57:54,698 INFO =====> Skill params: [0.7022997  0.45883992 0.96190494 1.         0.30629566]
2024-09-18 11:57:54,698 INFO =====> Num. aborted data so far: 0
2024-09-18 11:57:55,063 INFO ===> New TaichiEnv created.
2024-09-18 11:57:55,063 INFO ===> Specifications: horizon = 600, dt = 0.01, n_substeps = 20, dt_sub = 0.0005
2024-09-18 11:58:28,741 INFO =====> Epoch: 48
2024-09-18 11:58:28,741 INFO =====> EMD Loss: 29.243223190307617
2024-09-18 11:58:28,741 INFO =====> Height map loss: 31.615507125854492
2024-09-18 11:58:28,741 INFO =====> Grad: [-9.6326992e-03 -1.4791833e-01 -5.4616947e-09 -4.0840703e-01
  1.0244548e-08]
2024-09-18 11:58:28,741 INFO =====> Skill params: [0.69921935 0.45860875 0.96362704 1.         0.30620703]
2024-09-18 11:58:28,741 INFO =====> Num. aborted data so far: 0
2024-09-18 11:58:29,102 INFO ===> New TaichiEnv created.
2024-09-18 11:58:29,102 INFO ===> Specifications: horizon = 600, dt = 0.01, n_substeps = 20, dt_sub = 0.0005
2024-09-18 11:59:02,307 INFO =====> Epoch: 49
2024-09-18 11:59:02,307 INFO =====> EMD Loss: 29.160869598388672
2024-09-18 11:59:02,307 INFO =====> Height map loss: 31.5015869140625
2024-09-18 11:59:02,307 INFO =====> Grad: [-9.5278751e-03 -1.4777760e-01 -4.5271951e-09 -4.0840703e-01
  1.2572855e-08]
2024-09-18 11:59:02,307 INFO =====> Skill params: [0.6964239  0.45851848 0.96559256 1.         0.30555806]
2024-09-18 11:59:02,308 INFO =====> Num. aborted data so far: 0
2024-09-18 11:59:02,655 INFO ===> New TaichiEnv created.
2024-09-18 11:59:02,655 INFO ===> Specifications: horizon = 600, dt = 0.01, n_substeps = 20, dt_sub = 0.0005
2024-09-18 11:59:36,485 INFO =====> Epoch: 50
2024-09-18 11:59:36,485 INFO =====> EMD Loss: 29.17617416381836
2024-09-18 11:59:36,485 INFO =====> Height map loss: 31.533653259277344
2024-09-18 11:59:36,485 INFO =====> Grad: [-9.42280982e-03 -1.47508934e-01  1.22405215e-08 -4.08407032e-01
  2.56113708e-08]
2024-09-18 11:59:36,485 INFO =====> Skill params: [0.6938877  0.4585572  0.96626794 1.         0.3038047 ]
2024-09-18 11:59:36,485 INFO =====> Num. aborted data so far: 0
2024-09-18 11:59:36,836 INFO ===> New TaichiEnv created.
2024-09-18 11:59:36,836 INFO ===> Specifications: horizon = 600, dt = 0.01, n_substeps = 20, dt_sub = 0.0005
2024-09-18 12:00:10,974 INFO =====> Epoch: 51
2024-09-18 12:00:10,975 INFO =====> EMD Loss: 29.210397720336914
2024-09-18 12:00:10,975 INFO =====> Height map loss: 31.65089988708496
2024-09-18 12:00:10,975 INFO =====> Grad: [-9.3176309e-03 -1.4712326e-01  1.3478685e-10 -4.0840703e-01
  2.3283064e-09]
2024-09-18 12:00:10,975 INFO =====> Skill params: [0.69158745 0.4587139  0.9668675  1.         0.30210721]
2024-09-18 12:00:10,975 INFO =====> Num. aborted data so far: 0
2024-09-18 12:00:11,322 INFO ===> New TaichiEnv created.
2024-09-18 12:00:11,322 INFO ===> Specifications: horizon = 600, dt = 0.01, n_substeps = 20, dt_sub = 0.0005
2024-09-18 12:00:45,556 INFO =====> Epoch: 52
2024-09-18 12:00:45,556 INFO =====> EMD Loss: 29.18467903137207
2024-09-18 12:00:45,556 INFO =====> Height map loss: 31.583099365234375
2024-09-18 12:00:45,556 INFO =====> Grad: [-9.2125526e-03 -1.4663112e-01 -8.2456175e-09 -4.0840703e-01
  1.0244548e-08]
2024-09-18 12:00:45,556 INFO =====> Skill params: [0.6895018  0.45897847 0.9681614  1.         0.30009434]
2024-09-18 12:00:45,556 INFO =====> Num. aborted data so far: 0
2024-09-18 12:00:45,902 INFO ===> New TaichiEnv created.
2024-09-18 12:00:45,902 INFO ===> Specifications: horizon = 600, dt = 0.01, n_substeps = 20, dt_sub = 0.0005
2024-09-18 12:01:20,911 INFO =====> Epoch: 53
2024-09-18 12:01:20,911 INFO =====> EMD Loss: 29.225725173950195
2024-09-18 12:01:20,911 INFO =====> Height map loss: 31.464561462402344
2024-09-18 12:01:20,911 INFO =====> Grad: [-9.1072796e-03 -1.4604203e-01  2.4676998e-09 -4.0840703e-01
  1.1641532e-08]
2024-09-18 12:01:20,911 INFO =====> Skill params: [0.68761146 0.45934165 0.969107   1.         0.29772723]
2024-09-18 12:01:20,911 INFO =====> Num. aborted data so far: 0
2024-09-18 12:01:21,256 INFO ===> New TaichiEnv created.
2024-09-18 12:01:21,256 INFO ===> Specifications: horizon = 600, dt = 0.01, n_substeps = 20, dt_sub = 0.0005
2024-09-18 12:01:56,400 INFO =====> Epoch: 54
2024-09-18 12:01:56,400 INFO =====> EMD Loss: 29.280498504638672
2024-09-18 12:01:56,400 INFO =====> Height map loss: 31.448972702026367
2024-09-18 12:01:56,400 INFO =====> Grad: [ 3.9562709e+00  1.0825686e+00 -2.0993344e-08 -4.4233627e+00
 -2.3283064e-09]
2024-09-18 12:01:56,400 INFO =====> Skill params: [0.6842081  0.45875692 0.97188455 1.         0.29568982]
2024-09-18 12:01:56,400 INFO =====> Num. aborted data so far: 0
2024-09-18 12:01:56,750 INFO ===> New TaichiEnv created.
2024-09-18 12:01:56,750 INFO ===> Specifications: horizon = 600, dt = 0.01, n_substeps = 20, dt_sub = 0.0005
2024-09-18 12:02:30,449 INFO =====> Epoch: 55
2024-09-18 12:02:30,450 INFO =====> EMD Loss: 29.287403106689453
2024-09-18 12:02:30,450 INFO =====> Height map loss: 31.49342918395996
2024-09-18 12:02:30,450 INFO =====> Grad: [ 3.9614160e+00  1.0811801e+00 -2.8422274e-08 -4.4233623e+00
  6.5192580e-09]
2024-09-18 12:02:30,450 INFO =====> Skill params: [0.6794948  0.45731798 0.97697246 1.         0.29353437]
2024-09-18 12:02:30,450 INFO =====> Num. aborted data so far: 0
2024-09-18 12:02:30,801 INFO ===> New TaichiEnv created.
2024-09-18 12:02:30,801 INFO ===> Specifications: horizon = 600, dt = 0.01, n_substeps = 20, dt_sub = 0.0005
2024-09-18 12:03:04,402 INFO =====> Epoch: 56
2024-09-18 12:03:04,402 INFO =====> EMD Loss: 29.290699005126953
2024-09-18 12:03:04,402 INFO =====> Height map loss: 31.585100173950195
2024-09-18 12:03:04,402 INFO =====> Grad: [ 3.9739785e+00  1.0772624e+00 -2.4672197e-08 -4.4233623e+00
 -6.9849193e-09]
2024-09-18 12:03:04,403 INFO =====> Skill params: [0.67364323 0.45511124 0.9837978  1.         0.2919129 ]
2024-09-18 12:03:04,403 INFO =====> Num. aborted data so far: 0
2024-09-18 12:03:04,746 INFO ===> New TaichiEnv created.
2024-09-18 12:03:04,746 INFO ===> Specifications: horizon = 600, dt = 0.01, n_substeps = 20, dt_sub = 0.0005
2024-09-18 12:03:38,843 INFO =====> Epoch: 57
2024-09-18 12:03:38,844 INFO =====> EMD Loss: 29.27480697631836
2024-09-18 12:03:38,844 INFO =====> Height map loss: 31.55312156677246
2024-09-18 12:03:38,844 INFO =====> Grad: [ 3.9933314e+00  1.0710549e+00  1.6328261e-08 -4.4233627e+00
  6.9849193e-09]
2024-09-18 12:03:38,844 INFO =====> Skill params: [0.66679925 0.45221645 0.9884633  1.         0.29010817]
2024-09-18 12:03:38,844 INFO =====> Num. aborted data so far: 0
2024-09-18 12:03:39,204 INFO ===> New TaichiEnv created.
2024-09-18 12:03:39,204 INFO ===> Specifications: horizon = 600, dt = 0.01, n_substeps = 20, dt_sub = 0.0005
2024-09-18 12:04:12,900 INFO =====> Epoch: 58
2024-09-18 12:04:12,901 INFO =====> EMD Loss: 29.193058013916016
2024-09-18 12:04:12,901 INFO =====> Height map loss: 31.522480010986328
2024-09-18 12:04:12,901 INFO =====> Grad: [ 3.9222176e+00  1.0649240e+00 -6.9393003e-08 -4.4233627e+00
  1.1641532e-08]
2024-09-18 12:04:12,901 INFO =====> Skill params: [0.6591183  0.44870526 0.99852645 1.         0.28791073]
2024-09-18 12:04:12,901 INFO =====> Num. aborted data so far: 0
2024-09-18 12:04:13,254 INFO ===> New TaichiEnv created.
2024-09-18 12:04:13,254 INFO ===> Specifications: horizon = 600, dt = 0.01, n_substeps = 20, dt_sub = 0.0005
2024-09-18 12:04:46,770 INFO =====> Epoch: 59
2024-09-18 12:04:46,770 INFO =====> EMD Loss: 29.27724266052246
2024-09-18 12:04:46,770 INFO =====> Height map loss: 31.63237953186035
2024-09-18 12:04:46,770 INFO =====> Grad: [ 3.9530463e+00  1.0561469e+00 -1.3489608e-08 -4.4233623e+00
 -1.3969839e-09]
2024-09-18 12:04:46,770 INFO =====> Skill params: [0.650701   0.44464427 1.         1.         0.28598696]
2024-09-18 12:04:46,770 INFO =====> Num. aborted data so far: 0
2024-09-18 12:04:47,139 INFO ===> New TaichiEnv created.
2024-09-18 12:04:47,139 INFO ===> Specifications: horizon = 600, dt = 0.01, n_substeps = 20, dt_sub = 0.0005
2024-09-18 12:05:20,724 INFO =====> Epoch: 60
2024-09-18 12:05:20,724 INFO =====> EMD Loss: 29.561702728271484
2024-09-18 12:05:20,724 INFO =====> Height map loss: 31.898969650268555
2024-09-18 12:05:20,725 INFO =====> Grad: [ 3.8912315e+00  1.0464253e+00 -6.2052749e-08 -4.4233623e+00
 -2.3283064e-09]
2024-09-18 12:05:20,725 INFO =====> Skill params: [0.64166373 0.44009414 1.         1.         0.28435752]
2024-09-18 12:05:20,725 INFO =====> Num. aborted data so far: 0
2024-09-18 12:05:21,164 INFO ===> New TaichiEnv created.
2024-09-18 12:05:21,164 INFO ===> Specifications: horizon = 600, dt = 0.01, n_substeps = 20, dt_sub = 0.0005
2024-09-18 12:05:54,580 INFO =====> Epoch: 61
2024-09-18 12:05:54,580 INFO =====> EMD Loss: 29.55354881286621
2024-09-18 12:05:54,580 INFO =====> Height map loss: 31.928281784057617
2024-09-18 12:05:54,580 INFO =====> Grad: [ 3.9315410e+00  1.0329666e+00 -3.6151224e-08 -4.4233627e+00
  1.3969839e-09]
2024-09-18 12:05:54,580 INFO =====> Skill params: [0.63207597 0.43511242 1.         1.         0.28281206]
2024-09-18 12:05:54,580 INFO =====> Num. aborted data so far: 0
2024-09-18 12:05:55,024 INFO ===> New TaichiEnv created.
2024-09-18 12:05:55,024 INFO ===> Specifications: horizon = 600, dt = 0.01, n_substeps = 20, dt_sub = 0.0005
2024-09-18 12:06:28,544 INFO =====> Epoch: 62
2024-09-18 12:06:28,545 INFO =====> EMD Loss: 29.54046630859375
2024-09-18 12:06:28,545 INFO =====> Height map loss: 31.975648880004883
2024-09-18 12:06:28,545 INFO =====> Grad: [ 3.9766841e+00  1.0195316e+00  1.9537872e-08 -4.4233627e+00
  8.3819032e-09]
2024-09-18 12:06:28,545 INFO =====> Skill params: [0.62199765 0.4297508  1.         1.         0.28099605]
2024-09-18 12:06:28,545 INFO =====> Num. aborted data so far: 0
2024-09-18 12:06:28,904 INFO ===> New TaichiEnv created.
2024-09-18 12:06:28,904 INFO ===> Specifications: horizon = 600, dt = 0.01, n_substeps = 20, dt_sub = 0.0005
2024-09-18 12:07:02,421 INFO =====> Epoch: 63
2024-09-18 12:07:02,422 INFO =====> EMD Loss: 29.64750099182129
2024-09-18 12:07:02,422 INFO =====> Height map loss: 32.178043365478516
2024-09-18 12:07:02,422 INFO =====> Grad: [ 3.9254868e+00  1.0070620e+00  2.3060633e-08 -4.4233623e+00
  3.7252903e-09]
2024-09-18 12:07:02,422 INFO =====> Skill params: [0.6115095 0.424055  1.        1.        0.2791647]
2024-09-18 12:07:02,422 INFO =====> Num. aborted data so far: 0
2024-09-18 12:07:02,917 INFO ===> New TaichiEnv created.
2024-09-18 12:07:02,917 INFO ===> Specifications: horizon = 600, dt = 0.01, n_substeps = 20, dt_sub = 0.0005
2024-09-18 12:07:36,934 INFO =====> Epoch: 64
2024-09-18 12:07:36,934 INFO =====> EMD Loss: 29.552654266357422
2024-09-18 12:07:36,934 INFO =====> Height map loss: 32.19507598876953
2024-09-18 12:07:36,934 INFO =====> Grad: [-1.0078096e-02 -1.6214614e-01 -3.5729282e-09 -3.9584070e-01
 -1.5366822e-08]
2024-09-18 12:07:36,935 INFO =====> Skill params: [0.60199934 0.41902867 1.         1.         0.2782789 ]
2024-09-18 12:07:36,935 INFO =====> Num. aborted data so far: 0
2024-09-18 12:07:37,430 INFO ===> New TaichiEnv created.
2024-09-18 12:07:37,431 INFO ===> Specifications: horizon = 600, dt = 0.01, n_substeps = 20, dt_sub = 0.0005
2024-09-18 12:08:10,055 INFO =====> Epoch: 65
2024-09-18 12:08:10,055 INFO =====> EMD Loss: 29.713058471679688
2024-09-18 12:08:10,055 INFO =====> Height map loss: 32.499473571777344
2024-09-18 12:08:10,055 INFO =====> Grad: [-1.0096636e-02 -1.6442440e-01  1.0772658e-09 -3.9584070e-01
 -1.2572855e-08]
2024-09-18 12:08:10,055 INFO =====> Skill params: [0.5933773  0.41461304 1.         1.         0.27811244]
2024-09-18 12:08:10,055 INFO =====> Num. aborted data so far: 0
2024-09-18 12:08:10,428 INFO ===> New TaichiEnv created.
2024-09-18 12:08:10,428 INFO ===> Specifications: horizon = 600, dt = 0.01, n_substeps = 20, dt_sub = 0.0005
2024-09-18 12:08:42,773 INFO =====> Epoch: 66
2024-09-18 12:08:42,773 INFO =====> EMD Loss: 29.695817947387695
2024-09-18 12:08:42,773 INFO =====> Height map loss: 32.48556137084961
2024-09-18 12:08:42,773 INFO =====> Grad: [-1.0415604e-02 -1.6678582e-01 -1.7221331e-09 -3.9584070e-01
  1.4901161e-08]
2024-09-18 12:08:42,773 INFO =====> Skill params: [0.58556175 0.41075483 1.         1.         0.2772041 ]
2024-09-18 12:08:42,773 INFO =====> Num. aborted data so far: 0
2024-09-18 12:08:43,158 INFO ===> New TaichiEnv created.
2024-09-18 12:08:43,158 INFO ===> Specifications: horizon = 600, dt = 0.01, n_substeps = 20, dt_sub = 0.0005
2024-09-18 12:09:15,462 INFO =====> Epoch: 67
2024-09-18 12:09:15,462 INFO =====> EMD Loss: 29.714357376098633
2024-09-18 12:09:15,462 INFO =====> Height map loss: 32.49726104736328
2024-09-18 12:09:15,462 INFO =====> Grad: [-1.0410192e-02 -1.7068312e-01  2.4642324e-09 -3.9584064e-01
  6.0535967e-09]
2024-09-18 12:09:15,462 INFO =====> Skill params: [0.57847846 0.40740702 1.         1.         0.27607182]
2024-09-18 12:09:15,462 INFO =====> Num. aborted data so far: 0
2024-09-18 12:09:15,840 INFO ===> New TaichiEnv created.
2024-09-18 12:09:15,840 INFO ===> Specifications: horizon = 600, dt = 0.01, n_substeps = 20, dt_sub = 0.0005
2024-09-18 12:09:48,043 INFO =====> Epoch: 68
2024-09-18 12:09:48,043 INFO =====> EMD Loss: 29.822921752929688
2024-09-18 12:09:48,043 INFO =====> Height map loss: 32.666473388671875
2024-09-18 12:09:48,043 INFO =====> Grad: [-1.0389779e-02 -1.7112789e-01  1.5290507e-09 -3.9584059e-01
  4.6566129e-09]
2024-09-18 12:09:48,044 INFO =====> Skill params: [0.5720598  0.40452373 1.         1.         0.2748068 ]
2024-09-18 12:09:48,044 INFO =====> Num. aborted data so far: 0
2024-09-18 12:09:48,419 INFO ===> New TaichiEnv created.
2024-09-18 12:09:48,419 INFO ===> Specifications: horizon = 600, dt = 0.01, n_substeps = 20, dt_sub = 0.0005
2024-09-18 12:10:20,964 INFO =====> Epoch: 69
2024-09-18 12:10:20,964 INFO =====> EMD Loss: 29.854110717773438
2024-09-18 12:10:20,964 INFO =====> Height map loss: 32.81926727294922
2024-09-18 12:10:20,964 INFO =====> Grad: [-1.0659294e-02 -1.7188895e-01  1.5258177e-09 -3.9584070e-01
 -1.3038516e-08]
2024-09-18 12:10:20,964 INFO =====> Skill params: [0.56624454 0.40206364 1.         1.         0.2743368 ]
2024-09-18 12:10:20,964 INFO =====> Num. aborted data so far: 0
2024-09-18 12:10:21,346 INFO ===> New TaichiEnv created.
2024-09-18 12:10:21,346 INFO ===> Specifications: horizon = 600, dt = 0.01, n_substeps = 20, dt_sub = 0.0005
2024-09-18 12:10:53,052 INFO =====> Epoch: 70
2024-09-18 12:10:53,053 INFO =====> EMD Loss: 29.830652236938477
2024-09-18 12:10:53,053 INFO =====> Height map loss: 32.87921142578125
2024-09-18 12:10:53,053 INFO =====> Grad: [-1.0619230e-02 -1.7430800e-01 -5.9274559e-09 -3.9584070e-01
  1.1641532e-08]
2024-09-18 12:10:53,053 INFO =====> Skill params: [0.5609769  0.39999068 1.         1.         0.27330536]
2024-09-18 12:10:53,053 INFO =====> Num. aborted data so far: 0
2024-09-18 12:10:53,428 INFO ===> New TaichiEnv created.
2024-09-18 12:10:53,428 INFO ===> Specifications: horizon = 600, dt = 0.01, n_substeps = 20, dt_sub = 0.0005
2024-09-18 12:11:25,478 INFO =====> Epoch: 71
2024-09-18 12:11:25,478 INFO =====> EMD Loss: 29.849454879760742
2024-09-18 12:11:25,478 INFO =====> Height map loss: 32.99561309814453
2024-09-18 12:11:25,478 INFO =====> Grad: [-1.0563886e-02 -1.7325442e-01  2.9178859e-09 -3.9584070e-01
 -6.0535967e-09]
2024-09-18 12:11:25,478 INFO =====> Skill params: [0.55620617 0.39826894 1.         1.         0.2726886 ]
2024-09-18 12:11:25,478 INFO =====> Num. aborted data so far: 0
2024-09-18 12:11:25,851 INFO ===> New TaichiEnv created.
2024-09-18 12:11:25,852 INFO ===> Specifications: horizon = 600, dt = 0.01, n_substeps = 20, dt_sub = 0.0005
2024-09-18 12:11:57,988 INFO =====> Epoch: 72
2024-09-18 12:11:57,988 INFO =====> EMD Loss: 29.869001388549805
2024-09-18 12:11:57,988 INFO =====> Height map loss: 33.01480484008789
2024-09-18 12:11:57,988 INFO =====> Grad: [-1.0500271e-02 -1.7484213e-01 -4.5345065e-09 -3.9584064e-01
  9.3132257e-09]
2024-09-18 12:11:57,989 INFO =====> Skill params: [0.5518862  0.3968682  1.         1.         0.27163997]
2024-09-18 12:11:57,989 INFO =====> Num. aborted data so far: 0
2024-09-18 12:11:58,367 INFO ===> New TaichiEnv created.
2024-09-18 12:11:58,367 INFO ===> Specifications: horizon = 600, dt = 0.01, n_substeps = 20, dt_sub = 0.0005
2024-09-18 12:12:30,700 INFO =====> Epoch: 73
2024-09-18 12:12:30,700 INFO =====> EMD Loss: 29.892019271850586
2024-09-18 12:12:30,701 INFO =====> Height map loss: 33.02213668823242
2024-09-18 12:12:30,701 INFO =====> Grad: [-1.0426994e-02 -1.7607322e-01 -1.2763310e-09 -3.9584070e-01
  2.2817403e-08]
2024-09-18 12:12:30,701 INFO =====> Skill params: [0.54797524 0.39576072 1.         1.         0.26948518]
2024-09-18 12:12:30,701 INFO =====> Num. aborted data so far: 0
2024-09-18 12:12:31,064 INFO ===> New TaichiEnv created.
2024-09-18 12:12:31,064 INFO ===> Specifications: horizon = 600, dt = 0.01, n_substeps = 20, dt_sub = 0.0005
2024-09-18 12:13:03,127 INFO =====> Epoch: 74
2024-09-18 12:13:03,128 INFO =====> EMD Loss: 29.918964385986328
2024-09-18 12:13:03,128 INFO =====> Height map loss: 33.00606918334961
2024-09-18 12:13:03,128 INFO =====> Grad: [-1.0345064e-02 -1.7697309e-01  1.0508407e-09 -3.9584070e-01
 -1.8626451e-09]
2024-09-18 12:13:03,128 INFO =====> Skill params: [0.54443526 0.39492097 1.         1.         0.2676339 ]
2024-09-18 12:13:03,128 INFO =====> Num. aborted data so far: 0
2024-09-18 12:13:03,484 INFO ===> New TaichiEnv created.
2024-09-18 12:13:03,484 INFO ===> Specifications: horizon = 600, dt = 0.01, n_substeps = 20, dt_sub = 0.0005
2024-09-18 12:13:35,618 INFO =====> Epoch: 75
2024-09-18 12:13:35,618 INFO =====> EMD Loss: 29.864437103271484
2024-09-18 12:13:35,618 INFO =====> Height map loss: 32.99135971069336
2024-09-18 12:13:35,618 INFO =====> Grad: [-1.0556985e-02 -1.7546180e-01  1.5156498e-09 -3.9584064e-01
  1.0710210e-08]
2024-09-18 12:13:35,618 INFO =====> Skill params: [0.5412319 0.3943236 1.        1.        0.2653861]
2024-09-18 12:13:35,619 INFO =====> Num. aborted data so far: 0
2024-09-18 12:13:35,974 INFO ===> New TaichiEnv created.
2024-09-18 12:13:35,974 INFO ===> Specifications: horizon = 600, dt = 0.01, n_substeps = 20, dt_sub = 0.0005
2024-09-18 12:14:07,577 INFO =====> Epoch: 76
2024-09-18 12:14:07,577 INFO =====> EMD Loss: 29.944969177246094
2024-09-18 12:14:07,577 INFO =====> Height map loss: 32.98125076293945
2024-09-18 12:14:07,577 INFO =====> Grad: [-1.0461810e-02 -1.7578208e-01 -3.6072261e-09 -3.9584070e-01
 -5.1222742e-09]
2024-09-18 12:14:07,577 INFO =====> Skill params: [0.5383337  0.39394718 1.         1.         0.2636274 ]
2024-09-18 12:14:07,577 INFO =====> Num. aborted data so far: 0
2024-09-18 12:14:07,939 INFO ===> New TaichiEnv created.
2024-09-18 12:14:07,940 INFO ===> Specifications: horizon = 600, dt = 0.01, n_substeps = 20, dt_sub = 0.0005
2024-09-18 12:14:39,519 INFO =====> Epoch: 77
2024-09-18 12:14:39,519 INFO =====> EMD Loss: 29.95004653930664
2024-09-18 12:14:39,519 INFO =====> Height map loss: 32.956905364990234
2024-09-18 12:14:39,519 INFO =====> Grad: [-1.03615215e-02 -1.75847977e-01 -4.53892612e-09 -3.95840645e-01
 -9.31322575e-10]
2024-09-18 12:14:39,520 INFO =====> Skill params: [0.5357123  0.39377216 1.         1.         0.26208627]
2024-09-18 12:14:39,520 INFO =====> Num. aborted data so far: 0
2024-09-18 12:14:39,885 INFO ===> New TaichiEnv created.
2024-09-18 12:14:39,885 INFO ===> Specifications: horizon = 600, dt = 0.01, n_substeps = 20, dt_sub = 0.0005
2024-09-18 12:15:11,866 INFO =====> Epoch: 78
2024-09-18 12:15:11,866 INFO =====> EMD Loss: 30.011512756347656
2024-09-18 12:15:11,866 INFO =====> Height map loss: 32.961181640625
2024-09-18 12:15:11,866 INFO =====> Grad: [-1.0256732e-02 -1.7568134e-01  5.2397855e-09 -3.9584070e-01
  4.6566129e-10]
2024-09-18 12:15:11,866 INFO =====> Skill params: [0.5333418  0.39378047 1.         1.         0.26066643]
2024-09-18 12:15:11,866 INFO =====> Num. aborted data so far: 0
2024-09-18 12:15:12,226 INFO ===> New TaichiEnv created.
2024-09-18 12:15:12,226 INFO ===> Specifications: horizon = 600, dt = 0.01, n_substeps = 20, dt_sub = 0.0005
2024-09-18 12:15:44,322 INFO =====> Epoch: 79
2024-09-18 12:15:44,322 INFO =====> EMD Loss: 29.92950439453125
2024-09-18 12:15:44,322 INFO =====> Height map loss: 32.93960952758789
2024-09-18 12:15:44,322 INFO =====> Grad: [-1.0145941e-02 -1.7530306e-01  6.6367778e-09 -3.9584070e-01
 -9.7788870e-09]
2024-09-18 12:15:44,322 INFO =====> Skill params: [0.53119886 0.39395556 1.         1.         0.25991634]
2024-09-18 12:15:44,322 INFO =====> Num. aborted data so far: 0
2024-09-18 12:15:44,683 INFO ===> New TaichiEnv created.
2024-09-18 12:15:44,683 INFO ===> Specifications: horizon = 600, dt = 0.01, n_substeps = 20, dt_sub = 0.0005
2024-09-18 12:16:16,528 INFO =====> Epoch: 80
2024-09-18 12:16:16,528 INFO =====> EMD Loss: 29.922687530517578
2024-09-18 12:16:16,528 INFO =====> Height map loss: 32.90113067626953
2024-09-18 12:16:16,528 INFO =====> Grad: [ 3.8485210e+00  9.1360295e-01 -2.6659954e-08 -4.2851329e+00
  5.1222742e-09]
2024-09-18 12:16:16,528 INFO =====> Skill params: [0.52764446 0.39323887 1.         1.         0.25895643]
2024-09-18 12:16:16,528 INFO =====> Num. aborted data so far: 0
2024-09-18 12:16:16,901 INFO ===> New TaichiEnv created.
2024-09-18 12:16:16,901 INFO ===> Specifications: horizon = 600, dt = 0.01, n_substeps = 20, dt_sub = 0.0005
2024-09-18 12:16:48,212 INFO =====> Epoch: 81
2024-09-18 12:16:48,212 INFO =====> EMD Loss: 29.895950317382812
2024-09-18 12:16:48,212 INFO =====> Height map loss: 32.899497985839844
2024-09-18 12:16:48,213 INFO =====> Grad: [ 3.8556724e+00  9.1168231e-01 -1.1783563e-08 -4.2851319e+00
 -4.6566129e-10]
2024-09-18 12:16:48,213 INFO =====> Skill params: [0.5228473  0.39171892 1.         1.         0.2581137 ]
2024-09-18 12:16:48,213 INFO =====> Num. aborted data so far: 0
2024-09-18 12:16:48,582 INFO ===> New TaichiEnv created.
2024-09-18 12:16:48,582 INFO ===> Specifications: horizon = 600, dt = 0.01, n_substeps = 20, dt_sub = 0.0005
2024-09-18 12:17:19,791 INFO =====> Epoch: 82
2024-09-18 12:17:19,791 INFO =====> EMD Loss: 29.912412643432617
2024-09-18 12:17:19,791 INFO =====> Height map loss: 32.901527404785156
2024-09-18 12:17:19,791 INFO =====> Grad: [ 3.8707373e+00  9.0717047e-01  4.4043379e-08 -4.2851319e+00
  4.6566129e-09]
2024-09-18 12:17:19,791 INFO =====> Skill params: [0.51695293 0.38947794 1.         1.         0.25709304]
2024-09-18 12:17:19,791 INFO =====> Num. aborted data so far: 0
2024-09-18 12:17:20,170 INFO ===> New TaichiEnv created.
2024-09-18 12:17:20,170 INFO ===> Specifications: horizon = 600, dt = 0.01, n_substeps = 20, dt_sub = 0.0005
2024-09-18 12:17:51,451 INFO =====> Epoch: 83
2024-09-18 12:17:51,451 INFO =====> EMD Loss: 29.995777130126953
2024-09-18 12:17:51,451 INFO =====> Height map loss: 32.88710403442383
2024-09-18 12:17:51,451 INFO =====> Grad: [ 3.8932211e+00  9.0204132e-01  5.1417057e-08 -4.2851324e+00
 -4.1909516e-09]
2024-09-18 12:17:51,451 INFO =====> Skill params: [0.51008713 0.38659057 0.9954589  1.         0.2564035 ]
2024-09-18 12:17:51,451 INFO =====> Num. aborted data so far: 0
2024-09-18 12:17:51,824 INFO ===> New TaichiEnv created.
2024-09-18 12:17:51,824 INFO ===> Specifications: horizon = 600, dt = 0.01, n_substeps = 20, dt_sub = 0.0005
2024-09-18 12:18:23,504 INFO =====> Epoch: 84
2024-09-18 12:18:23,504 INFO =====> EMD Loss: 29.95439910888672
2024-09-18 12:18:23,504 INFO =====> Height map loss: 32.89732360839844
2024-09-18 12:18:23,504 INFO =====> Grad: [ 3.9224238e+00  8.9308280e-01  5.4965682e-08 -4.2851315e+00
  4.6566129e-10]
2024-09-18 12:18:23,504 INFO =====> Skill params: [0.50235873 0.38312766 0.98663706 1.         0.25575373]
2024-09-18 12:18:23,504 INFO =====> Num. aborted data so far: 0
2024-09-18 12:18:23,875 INFO ===> New TaichiEnv created.
2024-09-18 12:18:23,875 INFO ===> Specifications: horizon = 600, dt = 0.01, n_substeps = 20, dt_sub = 0.0005
2024-09-18 12:18:54,873 INFO =====> Epoch: 85
2024-09-18 12:18:54,874 INFO =====> EMD Loss: 30.054353713989258
2024-09-18 12:18:54,874 INFO =====> Height map loss: 32.96112823486328
2024-09-18 12:18:54,874 INFO =====> Grad: [ 3.8473265e+00  8.8448691e-01 -2.3536291e-08 -4.2851329e+00
 -4.1909516e-09]
2024-09-18 12:18:54,874 INFO =====> Skill params: [0.4938998  0.3791526  0.98075557 1.         0.2554021 ]
2024-09-18 12:18:54,874 INFO =====> Num. aborted data so far: 0
2024-09-18 12:18:55,248 INFO ===> New TaichiEnv created.
2024-09-18 12:18:55,248 INFO ===> Specifications: horizon = 600, dt = 0.01, n_substeps = 20, dt_sub = 0.0005
2024-09-18 12:19:26,405 INFO =====> Epoch: 86
2024-09-18 12:19:26,406 INFO =====> EMD Loss: 30.111053466796875
2024-09-18 12:19:26,406 INFO =====> Height map loss: 33.105777740478516
2024-09-18 12:19:26,406 INFO =====> Grad: [ 3.8878849e+00  8.7367284e-01 -1.2808201e-07 -4.2851324e+00
  6.0535967e-09]
2024-09-18 12:19:26,406 INFO =====> Skill params: [0.48478642 0.37472457 0.98610586 1.         0.25474152]
2024-09-18 12:19:26,406 INFO =====> Num. aborted data so far: 0
2024-09-18 12:19:26,787 INFO ===> New TaichiEnv created.
2024-09-18 12:19:26,787 INFO ===> Specifications: horizon = 600, dt = 0.01, n_substeps = 20, dt_sub = 0.0005
2024-09-18 12:19:57,661 INFO =====> Epoch: 87
2024-09-18 12:19:57,661 INFO =====> EMD Loss: 30.140703201293945
2024-09-18 12:19:57,661 INFO =====> Height map loss: 33.231475830078125
2024-09-18 12:19:57,661 INFO =====> Grad: [ 3.8213511e+00  8.6180913e-01  6.1854088e-08 -4.2851319e+00
  2.7939677e-09]
2024-09-18 12:19:57,661 INFO =====> Skill params: [0.4751217  0.36989778 0.9860275  1.         0.25398526]
2024-09-18 12:19:57,661 INFO =====> Num. aborted data so far: 0
2024-09-18 12:19:58,039 INFO ===> New TaichiEnv created.
2024-09-18 12:19:58,039 INFO ===> Specifications: horizon = 600, dt = 0.01, n_substeps = 20, dt_sub = 0.0005
2024-09-18 12:20:28,720 INFO =====> Epoch: 88
2024-09-18 12:20:28,720 INFO =====> EMD Loss: 30.35072898864746
2024-09-18 12:20:28,720 INFO =====> Height map loss: 33.340999603271484
2024-09-18 12:20:28,720 INFO =====> Grad: [ 3.8714030e+00  8.4809107e-01 -8.7318135e-08 -4.2851319e+00
 -4.6566129e-09]
2024-09-18 12:20:28,721 INFO =====> Skill params: [0.46495777 0.36472276 0.9925219  1.         0.25356746]
2024-09-18 12:20:28,721 INFO =====> Num. aborted data so far: 0
2024-09-18 12:20:29,110 INFO ===> New TaichiEnv created.
2024-09-18 12:20:29,110 INFO ===> Specifications: horizon = 600, dt = 0.01, n_substeps = 20, dt_sub = 0.0005
2024-09-18 12:20:59,396 INFO =====> Epoch: 89
2024-09-18 12:20:59,396 INFO =====> EMD Loss: 30.201114654541016
2024-09-18 12:20:59,396 INFO =====> Height map loss: 33.399925231933594
2024-09-18 12:20:59,396 INFO =====> Grad: [ 3.8113508e+00  8.3358639e-01 -2.7766809e-08 -4.2851324e+00
 -2.7939677e-09]
2024-09-18 12:20:59,397 INFO =====> Skill params: [0.45437664 0.35924572 1.         1.         0.25335005]
2024-09-18 12:20:59,397 INFO =====> Num. aborted data so far: 0
2024-09-18 12:20:59,779 INFO ===> New TaichiEnv created.
2024-09-18 12:20:59,780 INFO ===> Specifications: horizon = 600, dt = 0.01, n_substeps = 20, dt_sub = 0.0005
2024-09-18 12:21:29,995 INFO =====> Epoch: 90
2024-09-18 12:21:29,995 INFO =====> EMD Loss: 30.47510528564453
2024-09-18 12:21:29,995 INFO =====> Height map loss: 33.50566864013672
2024-09-18 12:21:29,995 INFO =====> Grad: [ 3.8697011e+00  8.1754911e-01  2.8069682e-08 -4.2851319e+00
 -7.9162419e-09]
2024-09-18 12:21:29,995 INFO =====> Skill params: [0.44341248 0.35350966 1.         1.         0.25360996]
2024-09-18 12:21:29,995 INFO =====> Num. aborted data so far: 0
2024-09-18 12:21:30,364 INFO ===> New TaichiEnv created.
2024-09-18 12:21:30,364 INFO ===> Specifications: horizon = 600, dt = 0.01, n_substeps = 20, dt_sub = 0.0005
2024-09-18 12:22:00,487 INFO =====> Epoch: 91
2024-09-18 12:22:00,487 INFO =====> EMD Loss: 30.486644744873047
2024-09-18 12:22:00,487 INFO =====> Height map loss: 33.695220947265625
2024-09-18 12:22:00,488 INFO =====> Grad: [ 3.8144460e+00  8.0093241e-01 -1.9126354e-09 -4.2851324e+00
  4.6566129e-10]
2024-09-18 12:22:00,488 INFO =====> Skill params: [0.4321318  0.34755388 1.         1.         0.25381798]
2024-09-18 12:22:00,488 INFO =====> Num. aborted data so far: 0
2024-09-18 12:22:00,935 INFO ===> New TaichiEnv created.
2024-09-18 12:22:00,935 INFO ===> Specifications: horizon = 600, dt = 0.01, n_substeps = 20, dt_sub = 0.0005
2024-09-18 12:22:31,316 INFO =====> Epoch: 92
2024-09-18 12:22:31,317 INFO =====> EMD Loss: 30.719968795776367
2024-09-18 12:22:31,317 INFO =====> Height map loss: 33.77083206176758
2024-09-18 12:22:31,317 INFO =====> Grad: [ 3.8800311e+00  7.8306925e-01  3.5156415e-08 -4.2851324e+00
 -5.5879354e-09]
2024-09-18 12:22:31,317 INFO =====> Skill params: [0.42055526 0.34141496 1.         1.         0.25433117]
2024-09-18 12:22:31,317 INFO =====> Num. aborted data so far: 0
2024-09-18 12:22:31,769 INFO ===> New TaichiEnv created.
2024-09-18 12:22:31,769 INFO ===> Specifications: horizon = 600, dt = 0.01, n_substeps = 20, dt_sub = 0.0005
2024-09-18 12:23:01,501 INFO =====> Epoch: 93
2024-09-18 12:23:01,501 INFO =====> EMD Loss: 30.785335540771484
2024-09-18 12:23:01,501 INFO =====> Height map loss: 33.804080963134766
2024-09-18 12:23:01,501 INFO =====> Grad: [ 3.8281977e+00  7.6480156e-01 -3.5810331e-08 -4.2851319e+00
 -1.8626451e-09]
2024-09-18 12:23:01,501 INFO =====> Skill params: [0.40873796 0.33512622 1.         1.         0.254904  ]
2024-09-18 12:23:01,501 INFO =====> Num. aborted data so far: 0
2024-09-18 12:23:01,871 INFO ===> New TaichiEnv created.
2024-09-18 12:23:01,871 INFO ===> Specifications: horizon = 600, dt = 0.01, n_substeps = 20, dt_sub = 0.0005
2024-09-18 12:23:31,815 INFO =====> Epoch: 94
2024-09-18 12:23:31,815 INFO =====> EMD Loss: 30.88299560546875
2024-09-18 12:23:31,815 INFO =====> Height map loss: 33.778194427490234
2024-09-18 12:23:31,815 INFO =====> Grad: [ 3.9003146e+00  7.4555802e-01 -9.9206297e-09 -4.2851319e+00
 -6.0535967e-09]
2024-09-18 12:23:31,815 INFO =====> Skill params: [0.3966902  0.32871866 1.         1.         0.25577718]
2024-09-18 12:23:31,815 INFO =====> Num. aborted data so far: 0
2024-09-18 12:23:32,183 INFO ===> New TaichiEnv created.
2024-09-18 12:23:32,183 INFO ===> Specifications: horizon = 600, dt = 0.01, n_substeps = 20, dt_sub = 0.0005
2024-09-18 12:24:01,828 INFO =====> Epoch: 95
2024-09-18 12:24:01,828 INFO =====> EMD Loss: 31.072280883789062
2024-09-18 12:24:01,828 INFO =====> Height map loss: 34.12726593017578
2024-09-18 12:24:01,828 INFO =====> Grad: [ 3.8507690e+00  7.2825825e-01  3.4595597e-08 -4.2851324e+00
 -9.3132257e-10]
2024-09-18 12:24:01,828 INFO =====> Skill params: [0.38445863 0.32221845 1.         1.         0.25662142]
2024-09-18 12:24:01,828 INFO =====> Num. aborted data so far: 0
2024-09-18 12:24:02,198 INFO ===> New TaichiEnv created.
2024-09-18 12:24:02,198 INFO ===> Specifications: horizon = 600, dt = 0.01, n_substeps = 20, dt_sub = 0.0005
2024-09-18 12:24:31,650 INFO =====> Epoch: 96
2024-09-18 12:24:31,651 INFO =====> EMD Loss: 31.211729049682617
2024-09-18 12:24:31,651 INFO =====> Height map loss: 34.241424560546875
2024-09-18 12:24:31,651 INFO =====> Grad: [ 3.8009448e+00  7.0828319e-01 -8.1074617e-08 -4.2851324e+00
 -9.3132257e-10]
2024-09-18 12:24:31,651 INFO =====> Skill params: [0.37208435 0.3156517  1.         1.         0.2574397 ]
2024-09-18 12:24:31,651 INFO =====> Num. aborted data so far: 0
2024-09-18 12:24:32,009 INFO ===> New TaichiEnv created.
2024-09-18 12:24:32,009 INFO ===> Specifications: horizon = 600, dt = 0.01, n_substeps = 20, dt_sub = 0.0005
2024-09-18 12:25:01,791 INFO =====> Epoch: 97
2024-09-18 12:25:01,791 INFO =====> EMD Loss: 31.23529624938965
2024-09-18 12:25:01,791 INFO =====> Height map loss: 34.41690444946289
2024-09-18 12:25:01,791 INFO =====> Grad: [ 3.8803251e+00  6.8771976e-01 -7.0083018e-08 -4.2851324e+00
 -2.3283064e-08]
2024-09-18 12:25:01,791 INFO =====> Skill params: [0.35956427 0.30904266 1.         1.         0.25956115]
2024-09-18 12:25:01,791 INFO =====> Num. aborted data so far: 0
2024-09-18 12:25:02,151 INFO ===> New TaichiEnv created.
2024-09-18 12:25:02,151 INFO ===> Specifications: horizon = 600, dt = 0.01, n_substeps = 20, dt_sub = 0.0005
2024-09-18 12:25:31,911 INFO =====> Epoch: 98
2024-09-18 12:25:31,911 INFO =====> EMD Loss: 31.472854614257812
2024-09-18 12:25:31,911 INFO =====> Height map loss: 34.60799789428711
2024-09-18 12:25:31,911 INFO =====> Grad: [ 3.8311539e+00  6.6944081e-01  6.7571179e-08 -4.2851324e+00
 -5.5879354e-09]
2024-09-18 12:25:31,911 INFO =====> Skill params: [0.34693483 0.30241105 1.         1.         0.26181173]
2024-09-18 12:25:31,911 INFO =====> Num. aborted data so far: 0
2024-09-18 12:25:32,280 INFO ===> New TaichiEnv created.
2024-09-18 12:25:32,280 INFO ===> Specifications: horizon = 600, dt = 0.01, n_substeps = 20, dt_sub = 0.0005
2024-09-18 12:26:01,986 INFO =====> Epoch: 99
2024-09-18 12:26:01,986 INFO =====> EMD Loss: 31.412979125976562
2024-09-18 12:26:01,986 INFO =====> Height map loss: 34.63808822631836
2024-09-18 12:26:01,986 INFO =====> Grad: [-1.1578679e-02 -2.3000653e-01  1.9310691e-09 -3.9584064e-01
 -6.5192580e-09]
2024-09-18 12:26:01,986 INFO =====> Skill params: [0.3355125  0.29664257 1.         1.         0.26423603]
2024-09-18 12:26:01,986 INFO =====> Num. aborted data so far: 0
2024-09-18 12:26:02,347 INFO ===> New TaichiEnv created.
2024-09-18 12:26:02,347 INFO ===> Specifications: horizon = 600, dt = 0.01, n_substeps = 20, dt_sub = 0.0005
2024-09-18 12:26:31,600 INFO =====> Epoch: 100
2024-09-18 12:26:31,600 INFO =====> EMD Loss: 31.506084442138672
2024-09-18 12:26:31,600 INFO =====> Height map loss: 34.719444274902344
2024-09-18 12:26:31,600 INFO =====> Grad: [-1.1496938e-02 -2.3298152e-01  1.4651516e-09 -3.9584070e-01
 -1.3969839e-09]
2024-09-18 12:26:31,600 INFO =====> Skill params: [0.32518286 0.29165924 1.         1.         0.26651105]
2024-09-18 12:26:31,600 INFO =====> Num. aborted data so far: 0
2024-09-18 12:26:31,957 INFO ===> New TaichiEnv created.
2024-09-18 12:26:31,958 INFO ===> Specifications: horizon = 600, dt = 0.01, n_substeps = 20, dt_sub = 0.0005
2024-09-18 12:27:00,425 INFO =====> Epoch: 101
2024-09-18 12:27:00,425 INFO =====> EMD Loss: 31.51311492919922
2024-09-18 12:27:00,425 INFO =====> Height map loss: 34.88338851928711
2024-09-18 12:27:00,425 INFO =====> Grad: [-1.1610649e-02 -2.3801635e-01  3.3278482e-09 -3.9584070e-01
  0.0000000e+00]
2024-09-18 12:27:00,425 INFO =====> Skill params: [0.3158423  0.28739256 1.         1.         0.26856706]
2024-09-18 12:27:00,425 INFO =====> Num. aborted data so far: 0
2024-09-18 12:27:00,783 INFO ===> New TaichiEnv created.
2024-09-18 12:27:00,783 INFO ===> Specifications: horizon = 600, dt = 0.01, n_substeps = 20, dt_sub = 0.0005
2024-09-18 12:27:29,231 INFO =====> Epoch: 102
2024-09-18 12:27:29,231 INFO =====> EMD Loss: 31.468793869018555
2024-09-18 12:27:29,232 INFO =====> Height map loss: 35.006221771240234
2024-09-18 12:27:29,232 INFO =====> Grad: [-1.1480900e-02 -2.3850119e-01 -3.9719694e-10 -3.9584070e-01
  7.9162419e-09]
2024-09-18 12:27:29,232 INFO =====> Skill params: [0.30739692 0.28377584 1.         1.         0.26994482]
2024-09-18 12:27:29,232 INFO =====> Num. aborted data so far: 0
2024-09-18 12:27:29,594 INFO ===> New TaichiEnv created.
2024-09-18 12:27:29,594 INFO ===> Specifications: horizon = 600, dt = 0.01, n_substeps = 20, dt_sub = 0.0005
2024-09-18 12:27:57,987 INFO =====> Epoch: 103
2024-09-18 12:27:57,987 INFO =====> EMD Loss: 31.514549255371094
2024-09-18 12:27:57,987 INFO =====> Height map loss: 35.0562858581543
2024-09-18 12:27:57,987 INFO =====> Grad: [-1.1541082e-02 -2.4149036e-01 -3.1908121e-09 -3.9584064e-01
  1.3969839e-08]
2024-09-18 12:27:57,988 INFO =====> Skill params: [0.29976174 0.28075132 1.         1.         0.27033928]
2024-09-18 12:27:57,988 INFO =====> Num. aborted data so far: 0
2024-09-18 12:27:58,350 INFO ===> New TaichiEnv created.
2024-09-18 12:27:58,350 INFO ===> Specifications: horizon = 600, dt = 0.01, n_substeps = 20, dt_sub = 0.0005
2024-09-18 12:28:26,609 INFO =====> Epoch: 104
2024-09-18 12:28:26,609 INFO =====> EMD Loss: 31.456689834594727
2024-09-18 12:28:26,609 INFO =====> Height map loss: 34.99736785888672
2024-09-18 12:28:26,609 INFO =====> Grad: [-1.1377536e-02 -2.4589802e-01 -4.1217376e-09 -3.9584070e-01
  6.9849193e-09]
2024-09-18 12:28:26,609 INFO =====> Skill params: [0.29285973 0.27826816 1.         1.         0.27026904]
2024-09-18 12:28:26,609 INFO =====> Num. aborted data so far: 0
2024-09-18 12:28:26,984 INFO ===> New TaichiEnv created.
2024-09-18 12:28:26,984 INFO ===> Specifications: horizon = 600, dt = 0.01, n_substeps = 20, dt_sub = 0.0005
2024-09-18 12:28:54,483 INFO =====> Epoch: 105
2024-09-18 12:28:54,483 INFO =====> EMD Loss: 31.51740837097168
2024-09-18 12:28:54,483 INFO =====> Height map loss: 35.06635284423828
2024-09-18 12:28:54,483 INFO =====> Grad: [-1.1189357e-02 -2.4315819e-01  5.3527049e-10 -3.9584064e-01
  1.3969839e-09]
2024-09-18 12:28:54,483 INFO =====> Skill params: [0.28662115 0.27627295 1.         1.         0.2701199 ]
2024-09-18 12:28:54,483 INFO =====> Num. aborted data so far: 0
2024-09-18 12:28:54,866 INFO ===> New TaichiEnv created.
2024-09-18 12:28:54,866 INFO ===> Specifications: horizon = 600, dt = 0.01, n_substeps = 20, dt_sub = 0.0005
2024-09-18 12:29:22,596 INFO =====> Epoch: 106
2024-09-18 12:29:22,596 INFO =====> EMD Loss: 31.705961227416992
2024-09-18 12:29:22,596 INFO =====> Height map loss: 35.105865478515625
2024-09-18 12:29:22,596 INFO =====> Grad: [-1.0987984e-02 -2.4580304e-01 -5.9836243e-09 -3.9584064e-01
  1.6763806e-08]
2024-09-18 12:29:22,596 INFO =====> Skill params: [0.28098282 0.274723   1.         1.         0.26895398]
2024-09-18 12:29:22,596 INFO =====> Num. aborted data so far: 0
2024-09-18 12:29:22,962 INFO ===> New TaichiEnv created.
2024-09-18 12:29:22,962 INFO ===> Specifications: horizon = 600, dt = 0.01, n_substeps = 20, dt_sub = 0.0005
2024-09-18 12:29:50,447 INFO =====> Epoch: 107
2024-09-18 12:29:50,447 INFO =====> EMD Loss: 31.632261276245117
2024-09-18 12:29:50,447 INFO =====> Height map loss: 35.190006256103516
2024-09-18 12:29:50,447 INFO =====> Grad: [-1.0991403e-02 -2.4545002e-01 -8.6103968e-10 -3.9584064e-01
  5.5879354e-09]
2024-09-18 12:29:50,447 INFO =====> Skill params: [0.27588767 0.27357647 1.         1.         0.26755556]
2024-09-18 12:29:50,447 INFO =====> Num. aborted data so far: 0
2024-09-18 12:29:50,852 INFO ===> New TaichiEnv created.
2024-09-18 12:29:50,852 INFO ===> Specifications: horizon = 600, dt = 0.01, n_substeps = 20, dt_sub = 0.0005
2024-09-18 12:30:18,735 INFO =====> Epoch: 108
2024-09-18 12:30:18,736 INFO =====> EMD Loss: 31.632749557495117
2024-09-18 12:30:18,736 INFO =====> Height map loss: 35.21662139892578
2024-09-18 12:30:18,736 INFO =====> Grad: [-1.0773692e-02 -2.4666905e-01  2.3988340e-09 -3.9584070e-01
  1.0710210e-08]
2024-09-18 12:30:18,736 INFO =====> Skill params: [0.2712839  0.27279717 1.         1.         0.26562876]
2024-09-18 12:30:18,736 INFO =====> Num. aborted data so far: 0
2024-09-18 12:30:19,103 INFO ===> New TaichiEnv created.
2024-09-18 12:30:19,103 INFO ===> Specifications: horizon = 600, dt = 0.01, n_substeps = 20, dt_sub = 0.0005
2024-09-18 12:30:47,283 INFO =====> Epoch: 109
2024-09-18 12:30:47,283 INFO =====> EMD Loss: 31.75862693786621
2024-09-18 12:30:47,283 INFO =====> Height map loss: 35.195194244384766
2024-09-18 12:30:47,284 INFO =====> Grad: [-1.05463695e-02 -2.47243464e-01 -1.32628220e-09 -3.95840704e-01
  1.02445483e-08]
2024-09-18 12:30:47,284 INFO =====> Skill params: [0.26712462 0.27235165 1.         1.         0.26325133]
2024-09-18 12:30:47,284 INFO =====> Num. aborted data so far: 0
2024-09-18 12:30:47,660 INFO ===> New TaichiEnv created.
2024-09-18 12:30:47,660 INFO ===> Specifications: horizon = 600, dt = 0.01, n_substeps = 20, dt_sub = 0.0005
2024-09-18 12:31:15,640 INFO =====> Epoch: 110
2024-09-18 12:31:15,640 INFO =====> EMD Loss: 31.77022933959961
2024-09-18 12:31:15,640 INFO =====> Height map loss: 35.21668243408203
2024-09-18 12:31:15,640 INFO =====> Grad: [-1.0311028e-02 -2.4722581e-01  8.9183683e-09 -3.9584064e-01
  9.3132257e-09]
2024-09-18 12:31:15,640 INFO =====> Skill params: [0.2633674  0.27220908 1.         1.         0.26052272]
2024-09-18 12:31:15,640 INFO =====> Num. aborted data so far: 0
2024-09-18 12:31:15,997 INFO ===> New TaichiEnv created.
2024-09-18 12:31:15,997 INFO ===> Specifications: horizon = 600, dt = 0.01, n_substeps = 20, dt_sub = 0.0005
2024-09-18 12:31:44,006 INFO =====> Epoch: 111
2024-09-18 12:31:44,006 INFO =====> EMD Loss: 31.773208618164062
2024-09-18 12:31:44,006 INFO =====> Height map loss: 35.26589584350586
2024-09-18 12:31:44,006 INFO =====> Grad: [-1.0070738e-02 -2.4666961e-01 -3.9482373e-10 -3.9584070e-01
 -4.6566129e-09]
2024-09-18 12:31:44,006 INFO =====> Skill params: [0.25997385 0.27234092 1.         1.         0.2583496 ]
2024-09-18 12:31:44,006 INFO =====> Num. aborted data so far: 0
2024-09-18 12:31:44,363 INFO ===> New TaichiEnv created.
2024-09-18 12:31:44,363 INFO ===> Specifications: horizon = 600, dt = 0.01, n_substeps = 20, dt_sub = 0.0005
2024-09-18 12:32:12,256 INFO =====> Epoch: 112
2024-09-18 12:32:12,256 INFO =====> EMD Loss: 31.755054473876953
2024-09-18 12:32:12,256 INFO =====> Height map loss: 35.244651794433594
2024-09-18 12:32:12,256 INFO =====> Grad: [ 3.7581463e+00  5.6182456e-01  1.1506441e-07 -4.2851319e+00
 -9.3132257e-09]
2024-09-18 12:32:12,256 INFO =====> Skill params: [0.25545517 0.2718643  0.9927846  1.         0.25697243]
2024-09-18 12:32:12,257 INFO =====> Num. aborted data so far: 0
2024-09-18 12:32:12,624 INFO ===> New TaichiEnv created.
2024-09-18 12:32:12,624 INFO ===> Specifications: horizon = 600, dt = 0.01, n_substeps = 20, dt_sub = 0.0005
2024-09-18 12:32:40,588 INFO =====> Epoch: 113
2024-09-18 12:32:40,588 INFO =====> EMD Loss: 31.732078552246094
2024-09-18 12:32:40,588 INFO =====> Height map loss: 35.29496383666992
2024-09-18 12:32:40,588 INFO =====> Grad: [ 3.7650054e+00  5.6089783e-01  1.4333800e-08 -4.2851319e+00
  2.3283064e-09]
2024-09-18 12:32:40,588 INFO =====> Skill params: [0.24993461 0.27083755 0.9852438  1.         0.25558153]
2024-09-18 12:32:40,588 INFO =====> Num. aborted data so far: 0
2024-09-18 12:32:40,950 INFO ===> New TaichiEnv created.
2024-09-18 12:32:40,950 INFO ===> Specifications: horizon = 600, dt = 0.01, n_substeps = 20, dt_sub = 0.0005
2024-09-18 12:33:09,184 INFO =====> Epoch: 114
2024-09-18 12:33:09,184 INFO =====> EMD Loss: 31.7471981048584
2024-09-18 12:33:09,184 INFO =====> Height map loss: 35.134117126464844
2024-09-18 12:33:09,184 INFO =====> Grad: [ 3.7795818e+00  5.5794966e-01 -1.9361988e-08 -4.2851319e+00
  5.1222742e-09]
2024-09-18 12:33:09,184 INFO =====> Skill params: [0.24351935 0.26931557 0.97983456 1.         0.25400087]
2024-09-18 12:33:09,184 INFO =====> Num. aborted data so far: 0
2024-09-18 12:33:09,549 INFO ===> New TaichiEnv created.
2024-09-18 12:33:09,549 INFO ===> Specifications: horizon = 600, dt = 0.01, n_substeps = 20, dt_sub = 0.0005
2024-09-18 12:33:37,337 INFO =====> Epoch: 115
2024-09-18 12:33:37,337 INFO =====> EMD Loss: 31.78679656982422
2024-09-18 12:33:37,337 INFO =====> Height map loss: 35.39126968383789
2024-09-18 12:33:37,337 INFO =====> Grad: [ 3.8013752e+00  5.5620790e-01 -1.2753546e-07 -4.2851329e+00
 -5.1222742e-09]
2024-09-18 12:33:37,337 INFO =====> Skill params: [0.23630257 0.2673467  0.98393    1.         0.25289872]
2024-09-18 12:33:37,337 INFO =====> Num. aborted data so far: 0
2024-09-18 12:33:37,694 INFO ===> New TaichiEnv created.
2024-09-18 12:33:37,694 INFO ===> Specifications: horizon = 600, dt = 0.01, n_substeps = 20, dt_sub = 0.0005
2024-09-18 12:34:05,490 INFO =====> Epoch: 116
2024-09-18 12:34:05,490 INFO =====> EMD Loss: 31.839033126831055
2024-09-18 12:34:05,490 INFO =====> Height map loss: 35.37499237060547
2024-09-18 12:34:05,490 INFO =====> Grad: [ 3.8297400e+00  5.4980868e-01  2.5233650e-08 -4.2851324e+00
  2.3283064e-09]
2024-09-18 12:34:05,490 INFO =====> Skill params: [0.22836533 0.26497954 0.98589206 1.         0.25175476]
2024-09-18 12:34:05,490 INFO =====> Num. aborted data so far: 0
2024-09-18 12:34:05,868 INFO ===> New TaichiEnv created.
2024-09-18 12:34:05,869 INFO ===> Specifications: horizon = 600, dt = 0.01, n_substeps = 20, dt_sub = 0.0005
2024-09-18 12:34:33,095 INFO =====> Epoch: 117
2024-09-18 12:34:33,095 INFO =====> EMD Loss: 31.8770694732666
2024-09-18 12:34:33,095 INFO =====> Height map loss: 35.37663269042969
2024-09-18 12:34:33,096 INFO =====> Grad: [ 3.7138672e+00  5.4419351e-01 -1.9487555e-08 -4.2851324e+00
  5.1222742e-09]
2024-09-18 12:34:33,096 INFO =====> Skill params: [0.21982946 0.26225713 0.98900086 1.         0.2503938 ]
2024-09-18 12:34:33,096 INFO =====> Num. aborted data so far: 0
2024-09-18 12:34:33,462 INFO ===> New TaichiEnv created.
2024-09-18 12:34:33,462 INFO ===> Specifications: horizon = 600, dt = 0.01, n_substeps = 20, dt_sub = 0.0005
2024-09-18 12:35:00,994 INFO =====> Epoch: 118
2024-09-18 12:35:00,994 INFO =====> EMD Loss: 31.80507469177246
2024-09-18 12:35:00,994 INFO =====> Height map loss: 35.236026763916016
2024-09-18 12:35:00,994 INFO =====> Grad: [ 3.7528317e+00  5.3496742e-01 -1.5765615e-08 -4.2851319e+00
 -7.4505806e-09]
2024-09-18 12:35:00,994 INFO =====> Skill params: [0.21074975 0.25922218 0.9928923  1.         0.24964322]
2024-09-18 12:35:00,994 INFO =====> Num. aborted data so far: 0
2024-09-18 12:35:01,375 INFO ===> New TaichiEnv created.
2024-09-18 12:35:01,375 INFO ===> Specifications: horizon = 600, dt = 0.01, n_substeps = 20, dt_sub = 0.0005
2024-09-18 12:35:28,793 INFO =====> Epoch: 119
2024-09-18 12:35:28,794 INFO =====> EMD Loss: 31.93639373779297
2024-09-18 12:35:28,794 INFO =====> Height map loss: 35.397491455078125
2024-09-18 12:35:28,794 INFO =====> Grad: [ 3.7973115e+00  5.2777851e-01  5.5020141e-08 -4.2851324e+00
 -7.4505806e-09]
2024-09-18 12:35:28,794 INFO =====> Skill params: [0.2011737  0.25591117 0.9926062  1.         0.24944547]
2024-09-18 12:35:28,794 INFO =====> Num. aborted data so far: 0
2024-09-18 12:35:29,179 INFO ===> New TaichiEnv created.
2024-09-18 12:35:29,179 INFO ===> Specifications: horizon = 600, dt = 0.01, n_substeps = 20, dt_sub = 0.0005
2024-09-18 12:35:56,989 INFO =====> Epoch: 120
2024-09-18 12:35:56,990 INFO =====> EMD Loss: 32.02017593383789
2024-09-18 12:35:56,990 INFO =====> Height map loss: 35.3574104309082
2024-09-18 12:35:56,990 INFO =====> Grad: [ 3.8469195e+00  5.1635242e-01  6.2390754e-08 -4.2851324e+00
 -8.8475645e-09]
2024-09-18 12:35:56,990 INFO =====> Skill params: [0.19114245 0.25236154 0.98811185 1.         0.2498388 ]
2024-09-18 12:35:56,990 INFO =====> Num. aborted data so far: 0
2024-09-18 12:35:57,373 INFO ===> New TaichiEnv created.
2024-09-18 12:35:57,373 INFO ===> Specifications: horizon = 600, dt = 0.01, n_substeps = 20, dt_sub = 0.0005
2024-09-18 12:36:24,548 INFO =====> Epoch: 121
2024-09-18 12:36:24,548 INFO =====> EMD Loss: 32.09390640258789
2024-09-18 12:36:24,548 INFO =====> Height map loss: 35.343162536621094
2024-09-18 12:36:24,549 INFO =====> Grad: [ 3.7443805e+00  5.0614458e-01  2.6208617e-09 -4.2851329e+00
  4.6566129e-09]
2024-09-18 12:36:24,549 INFO =====> Skill params: [0.18074307 0.24860582 0.9838746  1.         0.24989198]
2024-09-18 12:36:24,549 INFO =====> Num. aborted data so far: 0
2024-09-18 12:36:24,990 INFO ===> New TaichiEnv created.
2024-09-18 12:36:24,990 INFO ===> Specifications: horizon = 600, dt = 0.01, n_substeps = 20, dt_sub = 0.0005
2024-09-18 12:36:52,491 INFO =====> Epoch: 122
2024-09-18 12:36:52,491 INFO =====> EMD Loss: 32.1075553894043
2024-09-18 12:36:52,491 INFO =====> Height map loss: 35.272491455078125
2024-09-18 12:36:52,491 INFO =====> Grad: [-7.4635781e-03 -2.5858709e-01 -5.0765161e-09 -3.8955745e-01
 -3.2596290e-09]
2024-09-18 12:36:52,491 INFO =====> Skill params: [0.17134577 0.24549493 0.9803958  1.         0.25015214]
2024-09-18 12:36:52,491 INFO =====> Num. aborted data so far: 0
2024-09-18 12:36:52,887 INFO ===> New TaichiEnv created.
2024-09-18 12:36:52,888 INFO ===> Specifications: horizon = 600, dt = 0.01, n_substeps = 20, dt_sub = 0.0005
2024-09-18 12:37:21,260 INFO =====> Epoch: 123
2024-09-18 12:37:21,260 INFO =====> EMD Loss: 32.07460403442383
2024-09-18 12:37:21,260 INFO =====> Height map loss: 35.428592681884766
2024-09-18 12:37:21,260 INFO =====> Grad: [-6.8098526e-03 -2.6054159e-01  4.6966249e-09 -3.8955742e-01
 -2.3283064e-09]
2024-09-18 12:37:21,260 INFO =====> Skill params: [0.16285431 0.2429701  0.9769324  1.         0.2505391 ]
2024-09-18 12:37:21,260 INFO =====> Num. aborted data so far: 0
2024-09-18 12:37:21,628 INFO ===> New TaichiEnv created.
2024-09-18 12:37:21,628 INFO ===> Specifications: horizon = 600, dt = 0.01, n_substeps = 20, dt_sub = 0.0005
2024-09-18 12:37:48,501 INFO =====> Epoch: 124
2024-09-18 12:37:48,502 INFO =====> EMD Loss: 32.055763244628906
2024-09-18 12:37:48,502 INFO =====> Height map loss: 35.38449478149414
2024-09-18 12:37:48,502 INFO =====> Grad: [ 3.7246244e+00  8.1717098e-01 -7.6031291e-08 -4.2851324e+00
 -1.3969839e-09]
2024-09-18 12:37:48,502 INFO =====> Skill params: [0.15383509 0.23979793 0.97900486 1.         0.25098002]
2024-09-18 12:37:48,502 INFO =====> Num. aborted data so far: 0
2024-09-18 12:37:48,862 INFO ===> New TaichiEnv created.
2024-09-18 12:37:48,862 INFO ===> Specifications: horizon = 600, dt = 0.01, n_substeps = 20, dt_sub = 0.0005
2024-09-18 12:38:15,829 INFO =====> Epoch: 125
2024-09-18 12:38:15,829 INFO =====> EMD Loss: 32.01250457763672
2024-09-18 12:38:15,829 INFO =====> Height map loss: 35.45085906982422
2024-09-18 12:38:15,829 INFO =====> Grad: [-6.5245684e-03 -2.6230982e-01 -3.6851229e-09 -3.8955751e-01
 -9.3132257e-10]
2024-09-18 12:38:15,829 INFO =====> Skill params: [0.14568578 0.23722123 0.9811265  1.         0.2514394 ]
2024-09-18 12:38:15,829 INFO =====> Num. aborted data so far: 0
2024-09-18 12:38:16,187 INFO ===> New TaichiEnv created.
2024-09-18 12:38:16,187 INFO ===> Specifications: horizon = 600, dt = 0.01, n_substeps = 20, dt_sub = 0.0005
2024-09-18 12:38:43,354 INFO =====> Epoch: 126
2024-09-18 12:38:43,354 INFO =====> EMD Loss: 32.04530334472656
2024-09-18 12:38:43,354 INFO =====> Height map loss: 35.298805236816406
2024-09-18 12:38:43,354 INFO =====> Grad: [-5.9151161e-03 -2.6368898e-01 -1.5320712e-08 -3.8955748e-01
  7.9162419e-09]
2024-09-18 12:38:43,354 INFO =====> Skill params: [0.13832273 0.23518524 0.9840845  1.         0.25133216]
2024-09-18 12:38:43,354 INFO =====> Num. aborted data so far: 0
2024-09-18 12:38:43,716 INFO ===> New TaichiEnv created.
2024-09-18 12:38:43,716 INFO ===> Specifications: horizon = 600, dt = 0.01, n_substeps = 20, dt_sub = 0.0005
2024-09-18 12:39:11,765 INFO =====> Epoch: 127
2024-09-18 12:39:11,765 INFO =====> EMD Loss: 31.99142837524414
2024-09-18 12:39:11,765 INFO =====> Height map loss: 35.37968826293945
2024-09-18 12:39:11,765 INFO =====> Grad: [-5.3415913e-03 -2.6447341e-01  3.7788088e-09 -3.8955748e-01
 -1.4901161e-08]
2024-09-18 12:39:11,765 INFO =====> Skill params: [0.1316703  0.23363982 0.986497   1.         0.25222054]
2024-09-18 12:39:11,765 INFO =====> Num. aborted data so far: 0
2024-09-18 12:39:12,127 INFO ===> New TaichiEnv created.
2024-09-18 12:39:12,127 INFO ===> Specifications: horizon = 600, dt = 0.01, n_substeps = 20, dt_sub = 0.0005
2024-09-18 12:39:39,283 INFO =====> Epoch: 128
2024-09-18 12:39:39,284 INFO =====> EMD Loss: 32.07854461669922
2024-09-18 12:39:39,284 INFO =====> Height map loss: 35.3083381652832
2024-09-18 12:39:39,284 INFO =====> Grad: [ 3.7067821e+00  1.2381283e+00  4.3171177e-08 -4.2851319e+00
  2.7939677e-09]
2024-09-18 12:39:39,284 INFO =====> Skill params: [0.12429365 0.23088284 0.9857198  1.         0.25283733]
2024-09-18 12:39:39,284 INFO =====> Num. aborted data so far: 0
2024-09-18 12:39:39,657 INFO ===> New TaichiEnv created.
2024-09-18 12:39:39,658 INFO ===> Specifications: horizon = 600, dt = 0.01, n_substeps = 20, dt_sub = 0.0005
2024-09-18 12:40:07,038 INFO =====> Epoch: 129
2024-09-18 12:40:07,038 INFO =====> EMD Loss: 32.024688720703125
2024-09-18 12:40:07,038 INFO =====> Height map loss: 35.39861297607422
2024-09-18 12:40:07,038 INFO =====> Grad: [ 3.7550895e+00  1.3627316e+00 -3.8856001e-08 -4.2851319e+00
 -4.1909516e-09]
2024-09-18 12:40:07,039 INFO =====> Skill params: [0.11625641 0.22691308 0.9876683  1.         0.25367305]
2024-09-18 12:40:07,039 INFO =====> Num. aborted data so far: 0
2024-09-18 12:40:07,411 INFO ===> New TaichiEnv created.
2024-09-18 12:40:07,411 INFO ===> Specifications: horizon = 600, dt = 0.01, n_substeps = 20, dt_sub = 0.0005
2024-09-18 12:40:34,318 INFO =====> Epoch: 130
2024-09-18 12:40:34,318 INFO =====> EMD Loss: 32.03202438354492
2024-09-18 12:40:34,319 INFO =====> Height map loss: 35.5106315612793
2024-09-18 12:40:34,320 INFO =====> Grad: [-4.6062549e-03 -2.6829508e-01  7.5169773e-09 -3.8955748e-01
  5.5879354e-09]
2024-09-18 12:40:34,320 INFO =====> Skill params: [0.10899503 0.22362365 0.98891354 1.         0.25405458]
2024-09-18 12:40:34,320 INFO =====> Num. aborted data so far: 0
2024-09-18 12:40:34,691 INFO ===> New TaichiEnv created.
2024-09-18 12:40:34,691 INFO ===> Specifications: horizon = 600, dt = 0.01, n_substeps = 20, dt_sub = 0.0005
2024-09-18 12:41:01,327 INFO =====> Epoch: 131
2024-09-18 12:41:01,327 INFO =====> EMD Loss: 32.062744140625
2024-09-18 12:41:01,327 INFO =====> Height map loss: 35.388671875
2024-09-18 12:41:01,327 INFO =====> Grad: [ 3.7000282e+00  1.6842980e+00 -3.5211027e-08 -4.2851319e+00
  1.5366822e-08]
2024-09-18 12:41:01,327 INFO =====> Skill params: [0.1010799  0.218848   0.99243957 1.         0.25337064]
2024-09-18 12:41:01,327 INFO =====> Num. aborted data so far: 0
2024-09-18 12:41:01,692 INFO ===> New TaichiEnv created.
2024-09-18 12:41:01,692 INFO ===> Specifications: horizon = 600, dt = 0.01, n_substeps = 20, dt_sub = 0.0005
2024-09-18 12:41:28,457 INFO =====> Epoch: 132
2024-09-18 12:41:28,457 INFO =====> EMD Loss: 32.10942459106445
2024-09-18 12:41:28,457 INFO =====> Height map loss: 35.36656188964844
2024-09-18 12:41:28,457 INFO =====> Grad: [-4.3697706e-03 -2.7366304e-01 -5.9713816e-09 -3.8955745e-01
  2.3283064e-09]
2024-09-18 12:41:28,457 INFO =====> Skill params: [0.09392919 0.2148349  0.99603176 1.         0.25259688]
2024-09-18 12:41:28,457 INFO =====> Num. aborted data so far: 0
2024-09-18 12:41:28,824 INFO ===> New TaichiEnv created.
2024-09-18 12:41:28,824 INFO ===> Specifications: horizon = 600, dt = 0.01, n_substeps = 20, dt_sub = 0.0005
2024-09-18 12:41:55,397 INFO =====> Epoch: 133
2024-09-18 12:41:55,397 INFO =====> EMD Loss: 32.15590286254883
2024-09-18 12:41:55,397 INFO =====> Height map loss: 35.389122009277344
2024-09-18 12:41:55,397 INFO =====> Grad: [ 3.6704583e+00  2.0706685e+00 -5.7589336e-08 -4.2851329e+00
 -5.1222742e-09]
2024-09-18 12:41:55,398 INFO =====> Skill params: [0.08612304 0.20904309 1.         1.         0.25224325]
2024-09-18 12:41:55,398 INFO =====> Num. aborted data so far: 0
2024-09-18 12:41:55,765 INFO ===> New TaichiEnv created.
2024-09-18 12:41:55,765 INFO ===> Specifications: horizon = 600, dt = 0.01, n_substeps = 20, dt_sub = 0.0005
2024-09-18 12:42:22,348 INFO =====> Epoch: 134
2024-09-18 12:42:22,348 INFO =====> EMD Loss: 32.107906341552734
2024-09-18 12:42:22,348 INFO =====> Height map loss: 35.44768142700195
2024-09-18 12:42:22,348 INFO =====> Grad: [-4.0734066e-03 -2.8126800e-01  1.5028103e-09 -3.8955748e-01
 -7.4505806e-09]
2024-09-18 12:42:22,348 INFO =====> Skill params: [0.0790711  0.20411682 1.         1.         0.2524271 ]
2024-09-18 12:42:22,348 INFO =====> Num. aborted data so far: 0
2024-09-18 12:42:22,776 INFO ===> New TaichiEnv created.
2024-09-18 12:42:22,777 INFO ===> Specifications: horizon = 600, dt = 0.01, n_substeps = 20, dt_sub = 0.0005
2024-09-18 12:42:49,388 INFO =====> Epoch: 135
2024-09-18 12:42:49,389 INFO =====> EMD Loss: 32.141014099121094
2024-09-18 12:42:49,389 INFO =====> Height map loss: 35.473175048828125
2024-09-18 12:42:49,389 INFO =====> Grad: [ 3.6764743e+00  2.5394590e+00 -7.6329776e-08 -4.2851324e+00
 -8.3819032e-09]
2024-09-18 12:42:49,389 INFO =====> Skill params: [0.07135081 0.19710709 1.         1.         0.25316066]
2024-09-18 12:42:49,389 INFO =====> Num. aborted data so far: 0
2024-09-18 12:42:49,841 INFO ===> New TaichiEnv created.
2024-09-18 12:42:49,841 INFO ===> Specifications: horizon = 600, dt = 0.01, n_substeps = 20, dt_sub = 0.0005
2024-09-18 12:43:18,015 INFO =====> Epoch: 136
2024-09-18 12:43:18,015 INFO =====> EMD Loss: 32.072566986083984
2024-09-18 12:43:18,015 INFO =====> Height map loss: 35.6369743347168
2024-09-18 12:43:18,015 INFO =====> Grad: [-3.6814814e-03 -2.9146796e-01 -4.5396438e-09 -3.8955748e-01
 -5.1222742e-09]
2024-09-18 12:43:18,015 INFO =====> Skill params: [0.06437667 0.19108538 1.         1.         0.2541707 ]
2024-09-18 12:43:18,015 INFO =====> Num. aborted data so far: 0
2024-09-18 12:43:18,382 INFO ===> New TaichiEnv created.
2024-09-18 12:43:18,382 INFO ===> Specifications: horizon = 600, dt = 0.01, n_substeps = 20, dt_sub = 0.0005
2024-09-18 12:43:45,390 INFO =====> Epoch: 137
2024-09-18 12:43:45,390 INFO =====> EMD Loss: 32.25852966308594
2024-09-18 12:43:45,390 INFO =====> Height map loss: 35.68378829956055
2024-09-18 12:43:45,390 INFO =====> Grad: [ 3.7319086e+00  3.1079955e+00 -2.8118667e-08 -4.2851319e+00
 -9.3132257e-10]
2024-09-18 12:43:45,390 INFO =====> Skill params: [0.05670626 0.18268222 1.         1.         0.2551459 ]
2024-09-18 12:43:45,390 INFO =====> Num. aborted data so far: 0
2024-09-18 12:43:45,749 INFO ===> New TaichiEnv created.
2024-09-18 12:43:45,749 INFO ===> Specifications: horizon = 600, dt = 0.01, n_substeps = 20, dt_sub = 0.0005
2024-09-18 12:44:11,491 INFO =====> Epoch: 138
2024-09-18 12:44:11,491 INFO =====> EMD Loss: 32.34806442260742
2024-09-18 12:44:11,491 INFO =====> Height map loss: 35.830162048339844
2024-09-18 12:44:11,492 INFO =====> Grad: [ 3.6935585e+00  3.4649782e+00  4.9980798e-08 -4.2851319e+00
  1.5366822e-08]
2024-09-18 12:44:11,492 INFO =====> Skill params: [0.04842982 0.17203806 1.         1.         0.2549764 ]
2024-09-18 12:44:11,492 INFO =====> Num. aborted data so far: 0
2024-09-18 12:44:11,855 INFO ===> New TaichiEnv created.
2024-09-18 12:44:11,855 INFO ===> Specifications: horizon = 600, dt = 0.01, n_substeps = 20, dt_sub = 0.0005
2024-09-18 12:44:37,113 INFO =====> Epoch: 139
2024-09-18 12:44:37,113 INFO =====> EMD Loss: 32.240421295166016
2024-09-18 12:44:37,113 INFO =====> Height map loss: 35.7737922668457
2024-09-18 12:44:37,113 INFO =====> Grad: [ 3.7036974e+00  3.9185503e+00 -5.0758910e-08 -4.2851324e+00
 -1.8160790e-08]
2024-09-18 12:44:37,113 INFO =====> Skill params: [0.03961101 0.15927155 1.         1.         0.2560662 ]
2024-09-18 12:44:37,113 INFO =====> Num. aborted data so far: 0
2024-09-18 12:44:37,493 INFO ===> New TaichiEnv created.
2024-09-18 12:44:37,493 INFO ===> Specifications: horizon = 600, dt = 0.01, n_substeps = 20, dt_sub = 0.0005
2024-09-18 12:45:03,039 INFO =====> Epoch: 140
2024-09-18 12:45:03,039 INFO =====> EMD Loss: 32.157325744628906
2024-09-18 12:45:03,039 INFO =====> Height map loss: 35.98052215576172
2024-09-18 12:45:03,039 INFO =====> Grad: [-4.2495076e-03 -3.2786134e-01 -4.9605413e-09 -3.8955748e-01
 -4.1909516e-09]
2024-09-18 12:45:03,039 INFO =====> Skill params: [0.03164535 0.14804873 1.         1.         0.25733748]
2024-09-18 12:45:03,039 INFO =====> Num. aborted data so far: 0
2024-09-18 12:45:03,396 INFO ===> New TaichiEnv created.
2024-09-18 12:45:03,396 INFO ===> Specifications: horizon = 600, dt = 0.01, n_substeps = 20, dt_sub = 0.0005
2024-09-18 12:45:29,739 INFO =====> Epoch: 141
2024-09-18 12:45:29,739 INFO =====> EMD Loss: 32.25286102294922
2024-09-18 12:45:29,739 INFO =====> Height map loss: 36.092079162597656
2024-09-18 12:45:29,739 INFO =====> Grad: [-4.2064888e-03 -3.3890516e-01  9.0253192e-09 -3.8955745e-01
 -3.2596290e-09]
2024-09-18 12:45:29,740 INFO =====> Skill params: [0.02445064 0.13823196 1.         1.         0.2587093 ]
2024-09-18 12:45:29,740 INFO =====> Num. aborted data so far: 0
2024-09-18 12:45:30,097 INFO ===> New TaichiEnv created.
2024-09-18 12:45:30,097 INFO ===> Specifications: horizon = 600, dt = 0.01, n_substeps = 20, dt_sub = 0.0005
2024-09-18 12:45:55,497 INFO =====> Epoch: 142
2024-09-18 12:45:55,497 INFO =====> EMD Loss: 32.36256408691406
2024-09-18 12:45:55,497 INFO =====> Height map loss: 36.33876037597656
2024-09-18 12:45:55,497 INFO =====> Grad: [-4.1860850e-03 -3.4838021e-01 -2.6011748e-09 -3.8955745e-01
 -7.4505806e-09]
2024-09-18 12:45:55,498 INFO =====> Skill params: [0.01795258 0.12969537 1.         1.         0.26046157]
2024-09-18 12:45:55,498 INFO =====> Num. aborted data so far: 0
2024-09-18 12:45:55,884 INFO ===> New TaichiEnv created.
2024-09-18 12:45:55,884 INFO ===> Specifications: horizon = 600, dt = 0.01, n_substeps = 20, dt_sub = 0.0005
2024-09-18 12:46:20,641 INFO =====> Epoch: 143
2024-09-18 12:46:20,641 INFO =====> EMD Loss: 32.247314453125
2024-09-18 12:46:20,641 INFO =====> Height map loss: 36.181270599365234
2024-09-18 12:46:20,641 INFO =====> Grad: [ 3.7573698e+00  5.6677461e+00 -4.3822414e-08 -4.3542471e+00
  1.0244548e-08]
2024-09-18 12:46:20,641 INFO =====> Skill params: [0.01069892 0.11783211 1.         1.         0.26133385]
2024-09-18 12:46:20,641 INFO =====> Num. aborted data so far: 0
2024-09-18 12:46:21,085 INFO ===> New TaichiEnv created.
2024-09-18 12:46:21,085 INFO ===> Specifications: horizon = 600, dt = 0.01, n_substeps = 20, dt_sub = 0.0005
2024-09-18 12:46:47,775 INFO =====> Epoch: 144
2024-09-18 12:46:47,775 INFO =====> EMD Loss: 32.35236358642578
2024-09-18 12:46:47,775 INFO =====> Height map loss: 36.04434585571289
2024-09-18 12:46:47,775 INFO =====> Grad: [ 3.829448e+00  6.157063e+00  2.684579e-08 -4.354247e+00 -9.778887e-09]
2024-09-18 12:46:47,775 INFO =====> Skill params: [0.00274782 0.10325769 1.         1.         0.26279938]
2024-09-18 12:46:47,775 INFO =====> Num. aborted data so far: 0
2024-09-18 12:46:48,135 INFO ===> New TaichiEnv created.
2024-09-18 12:46:48,135 INFO ===> Specifications: horizon = 600, dt = 0.01, n_substeps = 20, dt_sub = 0.0005
2024-09-18 12:47:13,374 INFO =====> Epoch: 145
2024-09-18 12:47:13,374 INFO =====> EMD Loss: 32.44949722290039
2024-09-18 12:47:13,374 INFO =====> Height map loss: 36.020294189453125
2024-09-18 12:47:13,374 INFO =====> Grad: [-3.5561691e-03 -3.8180369e-01 -5.3338680e-09 -3.9584064e-01
  6.5192580e-09]
2024-09-18 12:47:13,374 INFO =====> Skill params: [-0.00443329  0.09039677  1.          1.          0.26366845]
2024-09-18 12:47:13,374 INFO =====> Num. aborted data so far: 0
2024-09-18 12:47:13,740 INFO ===> New TaichiEnv created.
2024-09-18 12:47:13,740 INFO ===> Specifications: horizon = 600, dt = 0.01, n_substeps = 20, dt_sub = 0.0005
2024-09-18 12:47:38,378 INFO =====> Epoch: 146
2024-09-18 12:47:38,378 INFO =====> EMD Loss: 32.35538101196289
2024-09-18 12:47:38,378 INFO =====> Height map loss: 36.23717498779297
2024-09-18 12:47:38,378 INFO =====> Grad: [ 1.3543160e-01 -3.9247105e-01 -1.1173862e-09 -3.9584070e-01
  3.7252903e-09]
2024-09-18 12:47:38,378 INFO =====> Skill params: [-0.01097163  0.07909311  1.          1.          0.2641929 ]
2024-09-18 12:47:38,378 INFO =====> Num. aborted data so far: 0
2024-09-18 12:47:38,828 INFO ===> New TaichiEnv created.
2024-09-18 12:47:38,828 INFO ===> Specifications: horizon = 600, dt = 0.01, n_substeps = 20, dt_sub = 0.0005
2024-09-18 12:48:03,360 INFO =====> Epoch: 147
2024-09-18 12:48:03,361 INFO =====> EMD Loss: 32.335906982421875
2024-09-18 12:48:03,361 INFO =====> Height map loss: 36.37736511230469
2024-09-18 12:48:03,361 INFO =====> Grad: [-3.7557003e+00  7.6919460e+00  6.3829347e-08 -4.3542471e+00
 -1.3969839e-09]
2024-09-18 12:48:03,361 INFO =====> Skill params: [-0.01540697  0.0646255   1.          1.          0.26476395]
2024-09-18 12:48:03,361 INFO =====> Num. aborted data so far: 0
2024-09-18 12:48:03,718 INFO ===> New TaichiEnv created.
2024-09-18 12:48:03,718 INFO ===> Specifications: horizon = 600, dt = 0.01, n_substeps = 20, dt_sub = 0.0005
2024-09-18 12:48:28,121 INFO =====> Epoch: 148
2024-09-18 12:48:28,121 INFO =====> EMD Loss: 32.61666488647461
2024-09-18 12:48:28,121 INFO =====> Height map loss: 36.25922393798828
2024-09-18 12:48:28,121 INFO =====> Grad: [ 1.3126959e-01 -4.1504213e-01 -1.0614345e-09 -3.9584064e-01
  2.3283064e-09]
2024-09-18 12:48:28,121 INFO =====> Skill params: [-0.01946328  0.05185407  1.          1.          0.265116  ]
2024-09-18 12:48:28,121 INFO =====> Num. aborted data so far: 0
2024-09-18 12:48:28,483 INFO ===> New TaichiEnv created.
2024-09-18 12:48:28,483 INFO ===> Specifications: horizon = 600, dt = 0.01, n_substeps = 20, dt_sub = 0.0005
2024-09-18 12:48:52,597 INFO =====> Epoch: 149
2024-09-18 12:48:52,597 INFO =====> EMD Loss: 32.540008544921875
2024-09-18 12:48:52,597 INFO =====> Height map loss: 36.13118362426758
2024-09-18 12:48:52,597 INFO =====> Grad: [ 1.3791251e-01 -4.2062974e-01  3.6562442e-10 -3.9584064e-01
  7.4505806e-09]
2024-09-18 12:48:52,597 INFO =====> Skill params: [-0.02317987  0.04061956  1.          1.          0.26490965]
2024-09-18 12:48:52,597 INFO =====> Num. aborted data so far: 0
2024-09-18 12:48:52,598 INFO ====> Finished training.
2024-09-18 12:48:52,598 INFO ====> Final EMD loss: 32.540008544921875
2024-09-18 12:48:52,598 INFO ====> Final height map loss: 36.13118362426758
2024-09-18 12:48:52,598 INFO ====> Final skill params: [-0.02317987  0.04061956  1.          1.          0.26490965]
