2024-09-19 03:13:37,548 INFO ===> New TaichiEnv created.
2024-09-19 03:13:37,548 INFO ===> Specifications: horizon = 300, dt = 0.01, n_substeps = 20, dt_sub = 0.0005
2024-09-19 03:14:14,713 INFO =====> Epoch: 0
2024-09-19 03:14:14,713 INFO =====> EMD Loss: 28.606904983520508
2024-09-19 03:14:14,713 INFO =====> Height map loss: 26.188234329223633
2024-09-19 03:14:14,713 INFO =====> Trajectory grad mean: 1.341853141784668
2024-09-19 03:14:14,713 INFO =====> Num. aborted data so far: 0
2024-09-19 03:14:14,915 INFO ===> New TaichiEnv created.
2024-09-19 03:14:14,915 INFO ===> Specifications: horizon = 300, dt = 0.01, n_substeps = 20, dt_sub = 0.0005
2024-09-19 03:14:52,424 INFO =====> Epoch: 1
2024-09-19 03:14:52,424 INFO =====> EMD Loss: 34.0844841003418
2024-09-19 03:14:52,424 INFO =====> Height map loss: 31.851848602294922
2024-09-19 03:14:52,424 INFO =====> Trajectory grad mean: 0.925925076007843
2024-09-19 03:14:52,424 INFO =====> Num. aborted data so far: 0
2024-09-19 03:14:52,630 INFO ===> New TaichiEnv created.
2024-09-19 03:14:52,630 INFO ===> Specifications: horizon = 300, dt = 0.01, n_substeps = 20, dt_sub = 0.0005
2024-09-19 03:15:29,933 INFO =====> Epoch: 2
2024-09-19 03:15:29,934 INFO =====> EMD Loss: 30.485687255859375
2024-09-19 03:15:29,934 INFO =====> Height map loss: 26.02802085876465
2024-09-19 03:15:29,934 INFO =====> Trajectory grad mean: 0.9797860980033875
2024-09-19 03:15:29,934 INFO =====> Num. aborted data so far: 0
2024-09-19 03:15:30,145 INFO ===> New TaichiEnv created.
2024-09-19 03:15:30,145 INFO ===> Specifications: horizon = 300, dt = 0.01, n_substeps = 20, dt_sub = 0.0005
2024-09-19 03:16:07,361 INFO =====> Epoch: 3
2024-09-19 03:16:07,361 INFO =====> EMD Loss: 29.43888282775879
2024-09-19 03:16:07,361 INFO =====> Height map loss: 23.365325927734375
2024-09-19 03:16:07,361 INFO =====> Trajectory grad mean: 1.034633755683899
2024-09-19 03:16:07,361 INFO =====> Num. aborted data so far: 0
2024-09-19 03:16:07,571 INFO ===> New TaichiEnv created.
2024-09-19 03:16:07,571 INFO ===> Specifications: horizon = 300, dt = 0.01, n_substeps = 20, dt_sub = 0.0005
2024-09-19 03:16:44,848 INFO =====> Epoch: 4
2024-09-19 03:16:44,848 INFO =====> EMD Loss: 29.41156768798828
2024-09-19 03:16:44,848 INFO =====> Height map loss: 22.703319549560547
2024-09-19 03:16:44,848 INFO =====> Trajectory grad mean: 1.0867910385131836
2024-09-19 03:16:44,848 INFO =====> Num. aborted data so far: 0
2024-09-19 03:16:45,061 INFO ===> New TaichiEnv created.
2024-09-19 03:16:45,061 INFO ===> Specifications: horizon = 300, dt = 0.01, n_substeps = 20, dt_sub = 0.0005
2024-09-19 03:17:22,576 INFO =====> Epoch: 5
2024-09-19 03:17:22,576 INFO =====> EMD Loss: 30.76898765563965
2024-09-19 03:17:22,576 INFO =====> Height map loss: 25.52406883239746
2024-09-19 03:17:22,576 INFO =====> Trajectory grad mean: 1.1327568292617798
2024-09-19 03:17:22,576 INFO =====> Num. aborted data so far: 0
2024-09-19 03:17:22,799 INFO ===> New TaichiEnv created.
2024-09-19 03:17:22,799 INFO ===> Specifications: horizon = 300, dt = 0.01, n_substeps = 20, dt_sub = 0.0005
2024-09-19 03:18:00,371 INFO =====> Epoch: 6
2024-09-19 03:18:00,371 INFO =====> EMD Loss: 31.45958137512207
2024-09-19 03:18:00,371 INFO =====> Height map loss: 26.113557815551758
2024-09-19 03:18:00,371 INFO =====> Trajectory grad mean: 1.169384241104126
2024-09-19 03:18:00,371 INFO =====> Num. aborted data so far: 0
2024-09-19 03:18:00,588 INFO ===> New TaichiEnv created.
2024-09-19 03:18:00,588 INFO ===> Specifications: horizon = 300, dt = 0.01, n_substeps = 20, dt_sub = 0.0005
2024-09-19 03:18:38,411 INFO =====> Epoch: 7
2024-09-19 03:18:38,411 INFO =====> EMD Loss: 31.428138732910156
2024-09-19 03:18:38,411 INFO =====> Height map loss: 23.908029556274414
2024-09-19 03:18:38,411 INFO =====> Trajectory grad mean: 1.194083571434021
2024-09-19 03:18:38,411 INFO =====> Num. aborted data so far: 0
2024-09-19 03:18:38,630 INFO ===> New TaichiEnv created.
2024-09-19 03:18:38,630 INFO ===> Specifications: horizon = 300, dt = 0.01, n_substeps = 20, dt_sub = 0.0005
2024-09-19 03:19:16,129 INFO =====> Epoch: 8
2024-09-19 03:19:16,129 INFO =====> EMD Loss: 30.721818923950195
2024-09-19 03:19:16,129 INFO =====> Height map loss: 22.57817268371582
2024-09-19 03:19:16,129 INFO =====> Trajectory grad mean: 1.2050278186798096
2024-09-19 03:19:16,129 INFO =====> Num. aborted data so far: 0
2024-09-19 03:19:16,348 INFO ===> New TaichiEnv created.
2024-09-19 03:19:16,348 INFO ===> Specifications: horizon = 300, dt = 0.01, n_substeps = 20, dt_sub = 0.0005
2024-09-19 03:19:53,933 INFO =====> Epoch: 9
2024-09-19 03:19:53,933 INFO =====> EMD Loss: 30.62533950805664
2024-09-19 03:19:53,933 INFO =====> Height map loss: 21.55450439453125
2024-09-19 03:19:53,933 INFO =====> Trajectory grad mean: 1.2024306058883667
2024-09-19 03:19:53,933 INFO =====> Num. aborted data so far: 0
2024-09-19 03:19:54,156 INFO ===> New TaichiEnv created.
2024-09-19 03:19:54,156 INFO ===> Specifications: horizon = 300, dt = 0.01, n_substeps = 20, dt_sub = 0.0005
2024-09-19 03:20:31,809 INFO =====> Epoch: 10
2024-09-19 03:20:31,810 INFO =====> EMD Loss: 31.353572845458984
2024-09-19 03:20:31,810 INFO =====> Height map loss: 23.869876861572266
2024-09-19 03:20:31,810 INFO =====> Trajectory grad mean: 1.186906099319458
2024-09-19 03:20:31,810 INFO =====> Num. aborted data so far: 0
2024-09-19 03:20:32,031 INFO ===> New TaichiEnv created.
2024-09-19 03:20:32,031 INFO ===> Specifications: horizon = 300, dt = 0.01, n_substeps = 20, dt_sub = 0.0005
2024-09-19 03:21:09,791 INFO =====> Epoch: 11
2024-09-19 03:21:09,791 INFO =====> EMD Loss: 31.839540481567383
2024-09-19 03:21:09,791 INFO =====> Height map loss: 27.469284057617188
2024-09-19 03:21:09,791 INFO =====> Trajectory grad mean: 1.159299373626709
2024-09-19 03:21:09,791 INFO =====> Num. aborted data so far: 0
2024-09-19 03:21:10,017 INFO ===> New TaichiEnv created.
2024-09-19 03:21:10,017 INFO ===> Specifications: horizon = 300, dt = 0.01, n_substeps = 20, dt_sub = 0.0005
2024-09-19 03:21:48,005 INFO =====> Epoch: 12
2024-09-19 03:21:48,005 INFO =====> EMD Loss: 32.440616607666016
2024-09-19 03:21:48,005 INFO =====> Height map loss: 30.108936309814453
2024-09-19 03:21:48,005 INFO =====> Trajectory grad mean: 1.1213409900665283
2024-09-19 03:21:48,005 INFO =====> Num. aborted data so far: 0
2024-09-19 03:21:48,231 INFO ===> New TaichiEnv created.
2024-09-19 03:21:48,231 INFO ===> Specifications: horizon = 300, dt = 0.01, n_substeps = 20, dt_sub = 0.0005
2024-09-19 03:22:25,748 INFO =====> Epoch: 13
2024-09-19 03:22:25,748 INFO =====> EMD Loss: 31.60167694091797
2024-09-19 03:22:25,748 INFO =====> Height map loss: 28.221399307250977
2024-09-19 03:22:25,748 INFO =====> Trajectory grad mean: 1.0755492448806763
2024-09-19 03:22:25,748 INFO =====> Num. aborted data so far: 0
2024-09-19 03:22:25,977 INFO ===> New TaichiEnv created.
2024-09-19 03:22:25,977 INFO ===> Specifications: horizon = 300, dt = 0.01, n_substeps = 20, dt_sub = 0.0005
2024-09-19 03:23:03,412 INFO =====> Epoch: 14
2024-09-19 03:23:03,412 INFO =====> EMD Loss: 31.444522857666016
2024-09-19 03:23:03,412 INFO =====> Height map loss: 29.157087326049805
2024-09-19 03:23:03,412 INFO =====> Trajectory grad mean: 1.0250062942504883
2024-09-19 03:23:03,412 INFO =====> Num. aborted data so far: 0
2024-09-19 03:23:03,642 INFO ===> New TaichiEnv created.
2024-09-19 03:23:03,642 INFO ===> Specifications: horizon = 300, dt = 0.01, n_substeps = 20, dt_sub = 0.0005
2024-09-19 03:23:41,235 INFO =====> Epoch: 15
2024-09-19 03:23:41,235 INFO =====> EMD Loss: 31.535289764404297
2024-09-19 03:23:41,235 INFO =====> Height map loss: 27.581186294555664
2024-09-19 03:23:41,235 INFO =====> Trajectory grad mean: 0.9730637669563293
2024-09-19 03:23:41,235 INFO =====> Num. aborted data so far: 0
2024-09-19 03:23:41,469 INFO ===> New TaichiEnv created.
2024-09-19 03:23:41,469 INFO ===> Specifications: horizon = 300, dt = 0.01, n_substeps = 20, dt_sub = 0.0005
2024-09-19 03:24:19,026 INFO =====> Epoch: 16
2024-09-19 03:24:19,026 INFO =====> EMD Loss: 31.092004776000977
2024-09-19 03:24:19,026 INFO =====> Height map loss: 26.106542587280273
2024-09-19 03:24:19,026 INFO =====> Trajectory grad mean: 0.9408189654350281
2024-09-19 03:24:19,026 INFO =====> Num. aborted data so far: 0
2024-09-19 03:24:19,260 INFO ===> New TaichiEnv created.
2024-09-19 03:24:19,260 INFO ===> Specifications: horizon = 300, dt = 0.01, n_substeps = 20, dt_sub = 0.0005
2024-09-19 03:24:57,012 INFO =====> Epoch: 17
2024-09-19 03:24:57,012 INFO =====> EMD Loss: 31.202131271362305
2024-09-19 03:24:57,012 INFO =====> Height map loss: 25.308513641357422
2024-09-19 03:24:57,012 INFO =====> Trajectory grad mean: 0.9321494698524475
2024-09-19 03:24:57,012 INFO =====> Num. aborted data so far: 0
2024-09-19 03:24:57,245 INFO ===> New TaichiEnv created.
2024-09-19 03:24:57,245 INFO ===> Specifications: horizon = 300, dt = 0.01, n_substeps = 20, dt_sub = 0.0005
2024-09-19 03:25:35,084 INFO =====> Epoch: 18
2024-09-19 03:25:35,084 INFO =====> EMD Loss: 31.844675064086914
2024-09-19 03:25:35,084 INFO =====> Height map loss: 25.010530471801758
2024-09-19 03:25:35,084 INFO =====> Trajectory grad mean: 0.9276257157325745
2024-09-19 03:25:35,084 INFO =====> Num. aborted data so far: 0
2024-09-19 03:25:35,318 INFO ===> New TaichiEnv created.
2024-09-19 03:25:35,318 INFO ===> Specifications: horizon = 300, dt = 0.01, n_substeps = 20, dt_sub = 0.0005
2024-09-19 03:26:12,922 INFO =====> Epoch: 19
2024-09-19 03:26:12,922 INFO =====> EMD Loss: 31.882062911987305
2024-09-19 03:26:12,922 INFO =====> Height map loss: 24.749418258666992
2024-09-19 03:26:12,922 INFO =====> Trajectory grad mean: 0.9231473207473755
2024-09-19 03:26:12,922 INFO =====> Num. aborted data so far: 0
2024-09-19 03:26:13,157 INFO ===> New TaichiEnv created.
2024-09-19 03:26:13,158 INFO ===> Specifications: horizon = 300, dt = 0.01, n_substeps = 20, dt_sub = 0.0005
2024-09-19 03:26:50,909 INFO =====> Epoch: 20
2024-09-19 03:26:50,909 INFO =====> EMD Loss: 32.35475158691406
2024-09-19 03:26:50,909 INFO =====> Height map loss: 24.930171966552734
2024-09-19 03:26:50,909 INFO =====> Trajectory grad mean: 0.9187005162239075
2024-09-19 03:26:50,909 INFO =====> Num. aborted data so far: 0
2024-09-19 03:26:51,147 INFO ===> New TaichiEnv created.
2024-09-19 03:26:51,148 INFO ===> Specifications: horizon = 300, dt = 0.01, n_substeps = 20, dt_sub = 0.0005
2024-09-19 03:27:28,838 INFO =====> Epoch: 21
2024-09-19 03:27:28,838 INFO =====> EMD Loss: 31.880380630493164
2024-09-19 03:27:28,838 INFO =====> Height map loss: 25.020862579345703
2024-09-19 03:27:28,838 INFO =====> Trajectory grad mean: 0.9142923355102539
2024-09-19 03:27:28,838 INFO =====> Num. aborted data so far: 0
2024-09-19 03:27:29,076 INFO ===> New TaichiEnv created.
2024-09-19 03:27:29,076 INFO ===> Specifications: horizon = 300, dt = 0.01, n_substeps = 20, dt_sub = 0.0005
2024-09-19 03:28:06,771 INFO =====> Epoch: 22
2024-09-19 03:28:06,771 INFO =====> EMD Loss: 32.288047790527344
2024-09-19 03:28:06,771 INFO =====> Height map loss: 25.258024215698242
2024-09-19 03:28:06,771 INFO =====> Trajectory grad mean: 0.9099245667457581
2024-09-19 03:28:06,771 INFO =====> Num. aborted data so far: 0
2024-09-19 03:28:07,009 INFO ===> New TaichiEnv created.
2024-09-19 03:28:07,009 INFO ===> Specifications: horizon = 300, dt = 0.01, n_substeps = 20, dt_sub = 0.0005
2024-09-19 03:28:44,920 INFO =====> Epoch: 23
2024-09-19 03:28:44,920 INFO =====> EMD Loss: 32.34756088256836
2024-09-19 03:28:44,920 INFO =====> Height map loss: 25.14906120300293
2024-09-19 03:28:44,920 INFO =====> Trajectory grad mean: 0.9058339595794678
2024-09-19 03:28:44,920 INFO =====> Num. aborted data so far: 0
2024-09-19 03:28:45,161 INFO ===> New TaichiEnv created.
2024-09-19 03:28:45,161 INFO ===> Specifications: horizon = 300, dt = 0.01, n_substeps = 20, dt_sub = 0.0005
2024-09-19 03:29:22,973 INFO =====> Epoch: 24
2024-09-19 03:29:22,974 INFO =====> EMD Loss: 32.59465408325195
2024-09-19 03:29:22,974 INFO =====> Height map loss: 25.339969635009766
2024-09-19 03:29:22,974 INFO =====> Trajectory grad mean: 0.9055436253547668
2024-09-19 03:29:22,974 INFO =====> Num. aborted data so far: 0
2024-09-19 03:29:23,216 INFO ===> New TaichiEnv created.
2024-09-19 03:29:23,216 INFO ===> Specifications: horizon = 300, dt = 0.01, n_substeps = 20, dt_sub = 0.0005
2024-09-19 03:30:01,232 INFO =====> Epoch: 25
2024-09-19 03:30:01,232 INFO =====> EMD Loss: 32.21441650390625
2024-09-19 03:30:01,232 INFO =====> Height map loss: 25.271543502807617
2024-09-19 03:30:01,232 INFO =====> Trajectory grad mean: 0.9055436253547668
2024-09-19 03:30:01,232 INFO =====> Num. aborted data so far: 0
2024-09-19 03:30:01,475 INFO ===> New TaichiEnv created.
2024-09-19 03:30:01,475 INFO ===> Specifications: horizon = 300, dt = 0.01, n_substeps = 20, dt_sub = 0.0005
2024-09-19 03:30:39,371 INFO =====> Epoch: 26
2024-09-19 03:30:39,371 INFO =====> EMD Loss: 32.671085357666016
2024-09-19 03:30:39,371 INFO =====> Height map loss: 25.376022338867188
2024-09-19 03:30:39,371 INFO =====> Trajectory grad mean: 0.9055436253547668
2024-09-19 03:30:39,371 INFO =====> Num. aborted data so far: 0
2024-09-19 03:30:39,615 INFO ===> New TaichiEnv created.
2024-09-19 03:30:39,615 INFO ===> Specifications: horizon = 300, dt = 0.01, n_substeps = 20, dt_sub = 0.0005
2024-09-19 03:31:17,496 INFO =====> Epoch: 27
2024-09-19 03:31:17,496 INFO =====> EMD Loss: 32.584556579589844
2024-09-19 03:31:17,496 INFO =====> Height map loss: 25.434856414794922
2024-09-19 03:31:17,496 INFO =====> Trajectory grad mean: 0.9055436253547668
2024-09-19 03:31:17,496 INFO =====> Num. aborted data so far: 0
2024-09-19 03:31:17,740 INFO ===> New TaichiEnv created.
2024-09-19 03:31:17,740 INFO ===> Specifications: horizon = 300, dt = 0.01, n_substeps = 20, dt_sub = 0.0005
2024-09-19 03:31:55,485 INFO =====> Epoch: 28
2024-09-19 03:31:55,485 INFO =====> EMD Loss: 32.23270034790039
2024-09-19 03:31:55,485 INFO =====> Height map loss: 25.237703323364258
2024-09-19 03:31:55,485 INFO =====> Trajectory grad mean: 0.9055436253547668
2024-09-19 03:31:55,485 INFO =====> Num. aborted data so far: 0
2024-09-19 03:31:55,730 INFO ===> New TaichiEnv created.
2024-09-19 03:31:55,730 INFO ===> Specifications: horizon = 300, dt = 0.01, n_substeps = 20, dt_sub = 0.0005
2024-09-19 03:32:33,542 INFO =====> Epoch: 29
2024-09-19 03:32:33,542 INFO =====> EMD Loss: 32.624290466308594
2024-09-19 03:32:33,542 INFO =====> Height map loss: 25.36676788330078
2024-09-19 03:32:33,543 INFO =====> Trajectory grad mean: 0.9055436253547668
2024-09-19 03:32:33,543 INFO =====> Num. aborted data so far: 0
2024-09-19 03:32:33,788 INFO ===> New TaichiEnv created.
2024-09-19 03:32:33,788 INFO ===> Specifications: horizon = 300, dt = 0.01, n_substeps = 20, dt_sub = 0.0005
2024-09-19 03:33:11,594 INFO =====> Epoch: 30
2024-09-19 03:33:11,594 INFO =====> EMD Loss: 32.190921783447266
2024-09-19 03:33:11,594 INFO =====> Height map loss: 25.267597198486328
2024-09-19 03:33:11,595 INFO =====> Trajectory grad mean: 0.9055436253547668
2024-09-19 03:33:11,595 INFO =====> Num. aborted data so far: 0
2024-09-19 03:33:11,840 INFO ===> New TaichiEnv created.
2024-09-19 03:33:11,841 INFO ===> Specifications: horizon = 300, dt = 0.01, n_substeps = 20, dt_sub = 0.0005
2024-09-19 03:33:49,682 INFO =====> Epoch: 31
2024-09-19 03:33:49,682 INFO =====> EMD Loss: 32.616058349609375
2024-09-19 03:33:49,682 INFO =====> Height map loss: 25.469003677368164
2024-09-19 03:33:49,682 INFO =====> Trajectory grad mean: 0.9055436253547668
2024-09-19 03:33:49,682 INFO =====> Num. aborted data so far: 0
2024-09-19 03:33:49,930 INFO ===> New TaichiEnv created.
2024-09-19 03:33:49,931 INFO ===> Specifications: horizon = 300, dt = 0.01, n_substeps = 20, dt_sub = 0.0005
2024-09-19 03:34:27,720 INFO =====> Epoch: 32
2024-09-19 03:34:27,720 INFO =====> EMD Loss: 32.228843688964844
2024-09-19 03:34:27,720 INFO =====> Height map loss: 25.22647476196289
2024-09-19 03:34:27,720 INFO =====> Trajectory grad mean: 0.9055436253547668
2024-09-19 03:34:27,720 INFO =====> Num. aborted data so far: 0
2024-09-19 03:34:27,967 INFO ===> New TaichiEnv created.
2024-09-19 03:34:27,968 INFO ===> Specifications: horizon = 300, dt = 0.01, n_substeps = 20, dt_sub = 0.0005
2024-09-19 03:35:05,779 INFO =====> Epoch: 33
2024-09-19 03:35:05,779 INFO =====> EMD Loss: 32.425296783447266
2024-09-19 03:35:05,779 INFO =====> Height map loss: 25.26619529724121
2024-09-19 03:35:05,779 INFO =====> Trajectory grad mean: 0.9055436253547668
2024-09-19 03:35:05,779 INFO =====> Num. aborted data so far: 0
2024-09-19 03:35:06,028 INFO ===> New TaichiEnv created.
2024-09-19 03:35:06,028 INFO ===> Specifications: horizon = 300, dt = 0.01, n_substeps = 20, dt_sub = 0.0005
2024-09-19 03:35:43,970 INFO =====> Epoch: 34
2024-09-19 03:35:43,970 INFO =====> EMD Loss: 32.551910400390625
2024-09-19 03:35:43,970 INFO =====> Height map loss: 25.405160903930664
2024-09-19 03:35:43,970 INFO =====> Trajectory grad mean: 0.9055436253547668
2024-09-19 03:35:43,970 INFO =====> Num. aborted data so far: 0
2024-09-19 03:35:44,222 INFO ===> New TaichiEnv created.
2024-09-19 03:35:44,222 INFO ===> Specifications: horizon = 300, dt = 0.01, n_substeps = 20, dt_sub = 0.0005
2024-09-19 03:36:22,195 INFO =====> Epoch: 35
2024-09-19 03:36:22,195 INFO =====> EMD Loss: 32.694000244140625
2024-09-19 03:36:22,195 INFO =====> Height map loss: 25.40671157836914
2024-09-19 03:36:22,195 INFO =====> Trajectory grad mean: 0.9055436253547668
2024-09-19 03:36:22,195 INFO =====> Num. aborted data so far: 0
2024-09-19 03:36:22,445 INFO ===> New TaichiEnv created.
2024-09-19 03:36:22,445 INFO ===> Specifications: horizon = 300, dt = 0.01, n_substeps = 20, dt_sub = 0.0005
2024-09-19 03:37:00,175 INFO =====> Epoch: 36
2024-09-19 03:37:00,175 INFO =====> EMD Loss: 32.26410675048828
2024-09-19 03:37:00,175 INFO =====> Height map loss: 25.281036376953125
2024-09-19 03:37:00,175 INFO =====> Trajectory grad mean: 0.9055436253547668
2024-09-19 03:37:00,175 INFO =====> Num. aborted data so far: 0
2024-09-19 03:37:00,424 INFO ===> New TaichiEnv created.
2024-09-19 03:37:00,424 INFO ===> Specifications: horizon = 300, dt = 0.01, n_substeps = 20, dt_sub = 0.0005
2024-09-19 03:37:38,105 INFO =====> Epoch: 37
2024-09-19 03:37:38,105 INFO =====> EMD Loss: 32.21346664428711
2024-09-19 03:37:38,105 INFO =====> Height map loss: 25.181241989135742
2024-09-19 03:37:38,105 INFO =====> Trajectory grad mean: 0.9055436253547668
2024-09-19 03:37:38,105 INFO =====> Num. aborted data so far: 0
2024-09-19 03:37:38,358 INFO ===> New TaichiEnv created.
2024-09-19 03:37:38,358 INFO ===> Specifications: horizon = 300, dt = 0.01, n_substeps = 20, dt_sub = 0.0005
2024-09-19 03:38:16,148 INFO =====> Epoch: 38
2024-09-19 03:38:16,148 INFO =====> EMD Loss: 32.399776458740234
2024-09-19 03:38:16,148 INFO =====> Height map loss: 25.276893615722656
2024-09-19 03:38:16,148 INFO =====> Trajectory grad mean: 0.9055436253547668
2024-09-19 03:38:16,148 INFO =====> Num. aborted data so far: 0
2024-09-19 03:38:16,400 INFO ===> New TaichiEnv created.
2024-09-19 03:38:16,400 INFO ===> Specifications: horizon = 300, dt = 0.01, n_substeps = 20, dt_sub = 0.0005
2024-09-19 03:38:54,177 INFO =====> Epoch: 39
2024-09-19 03:38:54,177 INFO =====> EMD Loss: 32.218624114990234
2024-09-19 03:38:54,177 INFO =====> Height map loss: 25.253488540649414
2024-09-19 03:38:54,177 INFO =====> Trajectory grad mean: 0.9055436253547668
2024-09-19 03:38:54,177 INFO =====> Num. aborted data so far: 0
2024-09-19 03:38:54,428 INFO ===> New TaichiEnv created.
2024-09-19 03:38:54,428 INFO ===> Specifications: horizon = 300, dt = 0.01, n_substeps = 20, dt_sub = 0.0005
2024-09-19 03:39:32,330 INFO =====> Epoch: 40
2024-09-19 03:39:32,331 INFO =====> EMD Loss: 32.626609802246094
2024-09-19 03:39:32,331 INFO =====> Height map loss: 25.445003509521484
2024-09-19 03:39:32,331 INFO =====> Trajectory grad mean: 0.9055436253547668
2024-09-19 03:39:32,331 INFO =====> Num. aborted data so far: 0
2024-09-19 03:39:32,585 INFO ===> New TaichiEnv created.
2024-09-19 03:39:32,585 INFO ===> Specifications: horizon = 300, dt = 0.01, n_substeps = 20, dt_sub = 0.0005
2024-09-19 03:40:10,471 INFO =====> Epoch: 41
2024-09-19 03:40:10,471 INFO =====> EMD Loss: 32.54322052001953
2024-09-19 03:40:10,471 INFO =====> Height map loss: 25.456270217895508
2024-09-19 03:40:10,471 INFO =====> Trajectory grad mean: 0.9055436253547668
2024-09-19 03:40:10,471 INFO =====> Num. aborted data so far: 0
2024-09-19 03:40:10,724 INFO ===> New TaichiEnv created.
2024-09-19 03:40:10,724 INFO ===> Specifications: horizon = 300, dt = 0.01, n_substeps = 20, dt_sub = 0.0005
2024-09-19 03:40:48,538 INFO =====> Epoch: 42
2024-09-19 03:40:48,539 INFO =====> EMD Loss: 32.5384635925293
2024-09-19 03:40:48,539 INFO =====> Height map loss: 25.373016357421875
2024-09-19 03:40:48,539 INFO =====> Trajectory grad mean: 0.9055436253547668
2024-09-19 03:40:48,539 INFO =====> Num. aborted data so far: 0
2024-09-19 03:40:48,792 INFO ===> New TaichiEnv created.
2024-09-19 03:40:48,792 INFO ===> Specifications: horizon = 300, dt = 0.01, n_substeps = 20, dt_sub = 0.0005
2024-09-19 03:41:26,703 INFO =====> Epoch: 43
2024-09-19 03:41:26,703 INFO =====> EMD Loss: 32.52996063232422
2024-09-19 03:41:26,703 INFO =====> Height map loss: 25.336088180541992
2024-09-19 03:41:26,703 INFO =====> Trajectory grad mean: 0.9055436253547668
2024-09-19 03:41:26,703 INFO =====> Num. aborted data so far: 0
2024-09-19 03:41:26,957 INFO ===> New TaichiEnv created.
2024-09-19 03:41:26,957 INFO ===> Specifications: horizon = 300, dt = 0.01, n_substeps = 20, dt_sub = 0.0005
2024-09-19 03:42:04,793 INFO =====> Epoch: 44
2024-09-19 03:42:04,793 INFO =====> EMD Loss: 32.59348678588867
2024-09-19 03:42:04,793 INFO =====> Height map loss: 25.29911231994629
2024-09-19 03:42:04,793 INFO =====> Trajectory grad mean: 0.9055436253547668
2024-09-19 03:42:04,793 INFO =====> Num. aborted data so far: 0
2024-09-19 03:42:05,048 INFO ===> New TaichiEnv created.
2024-09-19 03:42:05,048 INFO ===> Specifications: horizon = 300, dt = 0.01, n_substeps = 20, dt_sub = 0.0005
2024-09-19 03:42:43,043 INFO =====> Epoch: 45
2024-09-19 03:42:43,043 INFO =====> EMD Loss: 32.165950775146484
2024-09-19 03:42:43,043 INFO =====> Height map loss: 25.29427719116211
2024-09-19 03:42:43,043 INFO =====> Trajectory grad mean: 0.9055436253547668
2024-09-19 03:42:43,043 INFO =====> Num. aborted data so far: 0
2024-09-19 03:42:43,300 INFO ===> New TaichiEnv created.
2024-09-19 03:42:43,300 INFO ===> Specifications: horizon = 300, dt = 0.01, n_substeps = 20, dt_sub = 0.0005
2024-09-19 03:43:21,169 INFO =====> Epoch: 46
2024-09-19 03:43:21,169 INFO =====> EMD Loss: 32.57238006591797
2024-09-19 03:43:21,169 INFO =====> Height map loss: 25.429035186767578
2024-09-19 03:43:21,169 INFO =====> Trajectory grad mean: 0.9055436253547668
2024-09-19 03:43:21,169 INFO =====> Num. aborted data so far: 0
2024-09-19 03:43:21,424 INFO ===> New TaichiEnv created.
2024-09-19 03:43:21,425 INFO ===> Specifications: horizon = 300, dt = 0.01, n_substeps = 20, dt_sub = 0.0005
2024-09-19 03:43:59,161 INFO =====> Epoch: 47
2024-09-19 03:43:59,161 INFO =====> EMD Loss: 32.171913146972656
2024-09-19 03:43:59,161 INFO =====> Height map loss: 25.207855224609375
2024-09-19 03:43:59,161 INFO =====> Trajectory grad mean: 0.9055436253547668
2024-09-19 03:43:59,161 INFO =====> Num. aborted data so far: 0
2024-09-19 03:43:59,418 INFO ===> New TaichiEnv created.
2024-09-19 03:43:59,418 INFO ===> Specifications: horizon = 300, dt = 0.01, n_substeps = 20, dt_sub = 0.0005
2024-09-19 03:44:37,628 INFO =====> Epoch: 48
2024-09-19 03:44:37,628 INFO =====> EMD Loss: 32.43214416503906
2024-09-19 03:44:37,628 INFO =====> Height map loss: 25.367050170898438
2024-09-19 03:44:37,628 INFO =====> Trajectory grad mean: 0.9055436253547668
2024-09-19 03:44:37,628 INFO =====> Num. aborted data so far: 0
2024-09-19 03:44:37,887 INFO ===> New TaichiEnv created.
2024-09-19 03:44:37,887 INFO ===> Specifications: horizon = 300, dt = 0.01, n_substeps = 20, dt_sub = 0.0005
2024-09-19 03:45:15,646 INFO =====> Epoch: 49
2024-09-19 03:45:15,646 INFO =====> EMD Loss: 32.4592399597168
2024-09-19 03:45:15,646 INFO =====> Height map loss: 25.23094940185547
2024-09-19 03:45:15,647 INFO =====> Trajectory grad mean: 0.9055436253547668
2024-09-19 03:45:15,647 INFO =====> Num. aborted data so far: 0
2024-09-19 03:45:15,906 INFO ===> New TaichiEnv created.
2024-09-19 03:45:15,906 INFO ===> Specifications: horizon = 300, dt = 0.01, n_substeps = 20, dt_sub = 0.0005
2024-09-19 03:45:53,719 INFO =====> Epoch: 50
2024-09-19 03:45:53,719 INFO =====> EMD Loss: 32.26782989501953
2024-09-19 03:45:53,719 INFO =====> Height map loss: 25.22430992126465
2024-09-19 03:45:53,719 INFO =====> Trajectory grad mean: 0.9055436253547668
2024-09-19 03:45:53,719 INFO =====> Num. aborted data so far: 0
2024-09-19 03:45:53,978 INFO ===> New TaichiEnv created.
2024-09-19 03:45:53,978 INFO ===> Specifications: horizon = 300, dt = 0.01, n_substeps = 20, dt_sub = 0.0005
2024-09-19 03:46:31,767 INFO =====> Epoch: 51
2024-09-19 03:46:31,767 INFO =====> EMD Loss: 32.21033477783203
2024-09-19 03:46:31,767 INFO =====> Height map loss: 25.214651107788086
2024-09-19 03:46:31,767 INFO =====> Trajectory grad mean: 0.9055436253547668
2024-09-19 03:46:31,767 INFO =====> Num. aborted data so far: 0
2024-09-19 03:46:32,026 INFO ===> New TaichiEnv created.
2024-09-19 03:46:32,026 INFO ===> Specifications: horizon = 300, dt = 0.01, n_substeps = 20, dt_sub = 0.0005
2024-09-19 03:47:09,783 INFO =====> Epoch: 52
2024-09-19 03:47:09,783 INFO =====> EMD Loss: 32.275367736816406
2024-09-19 03:47:09,783 INFO =====> Height map loss: 25.26898765563965
2024-09-19 03:47:09,783 INFO =====> Trajectory grad mean: 0.9055436253547668
2024-09-19 03:47:09,783 INFO =====> Num. aborted data so far: 0
2024-09-19 03:47:10,043 INFO ===> New TaichiEnv created.
2024-09-19 03:47:10,044 INFO ===> Specifications: horizon = 300, dt = 0.01, n_substeps = 20, dt_sub = 0.0005
2024-09-19 03:47:47,922 INFO =====> Epoch: 53
2024-09-19 03:47:47,923 INFO =====> EMD Loss: 32.69565963745117
2024-09-19 03:47:47,923 INFO =====> Height map loss: 25.502901077270508
2024-09-19 03:47:47,923 INFO =====> Trajectory grad mean: 0.9055436253547668
2024-09-19 03:47:47,923 INFO =====> Num. aborted data so far: 0
2024-09-19 03:47:48,181 INFO ===> New TaichiEnv created.
2024-09-19 03:47:48,181 INFO ===> Specifications: horizon = 300, dt = 0.01, n_substeps = 20, dt_sub = 0.0005
2024-09-19 03:48:26,132 INFO =====> Epoch: 54
2024-09-19 03:48:26,132 INFO =====> EMD Loss: 32.64595031738281
2024-09-19 03:48:26,132 INFO =====> Height map loss: 25.41918182373047
2024-09-19 03:48:26,132 INFO =====> Trajectory grad mean: 0.9055436253547668
2024-09-19 03:48:26,132 INFO =====> Num. aborted data so far: 0
2024-09-19 03:48:26,392 INFO ===> New TaichiEnv created.
2024-09-19 03:48:26,392 INFO ===> Specifications: horizon = 300, dt = 0.01, n_substeps = 20, dt_sub = 0.0005
2024-09-19 03:49:04,385 INFO =====> Epoch: 55
2024-09-19 03:49:04,385 INFO =====> EMD Loss: 32.2708625793457
2024-09-19 03:49:04,385 INFO =====> Height map loss: 25.254114151000977
2024-09-19 03:49:04,385 INFO =====> Trajectory grad mean: 0.9055436253547668
2024-09-19 03:49:04,385 INFO =====> Num. aborted data so far: 0
2024-09-19 03:49:04,647 INFO ===> New TaichiEnv created.
2024-09-19 03:49:04,647 INFO ===> Specifications: horizon = 300, dt = 0.01, n_substeps = 20, dt_sub = 0.0005
2024-09-19 03:49:42,709 INFO =====> Epoch: 56
2024-09-19 03:49:42,709 INFO =====> EMD Loss: 32.19918441772461
2024-09-19 03:49:42,709 INFO =====> Height map loss: 25.278656005859375
2024-09-19 03:49:42,709 INFO =====> Trajectory grad mean: 0.9055436253547668
2024-09-19 03:49:42,709 INFO =====> Num. aborted data so far: 0
2024-09-19 03:49:42,970 INFO ===> New TaichiEnv created.
2024-09-19 03:49:42,970 INFO ===> Specifications: horizon = 300, dt = 0.01, n_substeps = 20, dt_sub = 0.0005
2024-09-19 03:50:20,934 INFO =====> Epoch: 57
2024-09-19 03:50:20,934 INFO =====> EMD Loss: 32.584571838378906
2024-09-19 03:50:20,934 INFO =====> Height map loss: 25.365612030029297
2024-09-19 03:50:20,934 INFO =====> Trajectory grad mean: 0.9055436253547668
2024-09-19 03:50:20,934 INFO =====> Num. aborted data so far: 0
2024-09-19 03:50:21,197 INFO ===> New TaichiEnv created.
2024-09-19 03:50:21,197 INFO ===> Specifications: horizon = 300, dt = 0.01, n_substeps = 20, dt_sub = 0.0005
2024-09-19 03:50:59,017 INFO =====> Epoch: 58
2024-09-19 03:50:59,017 INFO =====> EMD Loss: 32.5951042175293
2024-09-19 03:50:59,017 INFO =====> Height map loss: 25.436521530151367
2024-09-19 03:50:59,017 INFO =====> Trajectory grad mean: 0.9055436253547668
2024-09-19 03:50:59,017 INFO =====> Num. aborted data so far: 0
2024-09-19 03:50:59,279 INFO ===> New TaichiEnv created.
2024-09-19 03:50:59,279 INFO ===> Specifications: horizon = 300, dt = 0.01, n_substeps = 20, dt_sub = 0.0005
2024-09-19 03:51:37,314 INFO =====> Epoch: 59
2024-09-19 03:51:37,314 INFO =====> EMD Loss: 32.51762008666992
2024-09-19 03:51:37,314 INFO =====> Height map loss: 25.30774688720703
2024-09-19 03:51:37,314 INFO =====> Trajectory grad mean: 0.9055436253547668
2024-09-19 03:51:37,314 INFO =====> Num. aborted data so far: 0
2024-09-19 03:51:37,576 INFO ===> New TaichiEnv created.
2024-09-19 03:51:37,576 INFO ===> Specifications: horizon = 300, dt = 0.01, n_substeps = 20, dt_sub = 0.0005
2024-09-19 03:52:15,437 INFO =====> Epoch: 60
2024-09-19 03:52:15,437 INFO =====> EMD Loss: 32.36326599121094
2024-09-19 03:52:15,437 INFO =====> Height map loss: 25.267263412475586
2024-09-19 03:52:15,437 INFO =====> Trajectory grad mean: 0.9055436253547668
2024-09-19 03:52:15,437 INFO =====> Num. aborted data so far: 0
2024-09-19 03:52:15,699 INFO ===> New TaichiEnv created.
2024-09-19 03:52:15,699 INFO ===> Specifications: horizon = 300, dt = 0.01, n_substeps = 20, dt_sub = 0.0005
2024-09-19 03:52:53,428 INFO =====> Epoch: 61
2024-09-19 03:52:53,428 INFO =====> EMD Loss: 32.15678024291992
2024-09-19 03:52:53,428 INFO =====> Height map loss: 25.26395034790039
2024-09-19 03:52:53,428 INFO =====> Trajectory grad mean: 0.9055436253547668
2024-09-19 03:52:53,428 INFO =====> Num. aborted data so far: 0
2024-09-19 03:52:53,692 INFO ===> New TaichiEnv created.
2024-09-19 03:52:53,692 INFO ===> Specifications: horizon = 300, dt = 0.01, n_substeps = 20, dt_sub = 0.0005
2024-09-19 03:53:31,537 INFO =====> Epoch: 62
2024-09-19 03:53:31,537 INFO =====> EMD Loss: 32.452171325683594
2024-09-19 03:53:31,537 INFO =====> Height map loss: 25.24717903137207
2024-09-19 03:53:31,537 INFO =====> Trajectory grad mean: 0.9055436253547668
2024-09-19 03:53:31,537 INFO =====> Num. aborted data so far: 0
2024-09-19 03:53:31,799 INFO ===> New TaichiEnv created.
2024-09-19 03:53:31,799 INFO ===> Specifications: horizon = 300, dt = 0.01, n_substeps = 20, dt_sub = 0.0005
2024-09-19 03:54:09,645 INFO =====> Epoch: 63
2024-09-19 03:54:09,645 INFO =====> EMD Loss: 32.50642013549805
2024-09-19 03:54:09,645 INFO =====> Height map loss: 25.260746002197266
2024-09-19 03:54:09,645 INFO =====> Trajectory grad mean: 0.9055436253547668
2024-09-19 03:54:09,645 INFO =====> Num. aborted data so far: 0
2024-09-19 03:54:09,907 INFO ===> New TaichiEnv created.
2024-09-19 03:54:09,907 INFO ===> Specifications: horizon = 300, dt = 0.01, n_substeps = 20, dt_sub = 0.0005
2024-09-19 03:54:47,990 INFO =====> Epoch: 64
2024-09-19 03:54:47,990 INFO =====> EMD Loss: 32.18994140625
2024-09-19 03:54:47,990 INFO =====> Height map loss: 25.257062911987305
2024-09-19 03:54:47,990 INFO =====> Trajectory grad mean: 0.9055436253547668
2024-09-19 03:54:47,990 INFO =====> Num. aborted data so far: 0
2024-09-19 03:54:48,253 INFO ===> New TaichiEnv created.
2024-09-19 03:54:48,253 INFO ===> Specifications: horizon = 300, dt = 0.01, n_substeps = 20, dt_sub = 0.0005
2024-09-19 03:55:26,229 INFO =====> Epoch: 65
2024-09-19 03:55:26,229 INFO =====> EMD Loss: 32.77229690551758
2024-09-19 03:55:26,229 INFO =====> Height map loss: 25.393007278442383
2024-09-19 03:55:26,230 INFO =====> Trajectory grad mean: 0.9055436253547668
2024-09-19 03:55:26,230 INFO =====> Num. aborted data so far: 0
2024-09-19 03:55:26,492 INFO ===> New TaichiEnv created.
2024-09-19 03:55:26,492 INFO ===> Specifications: horizon = 300, dt = 0.01, n_substeps = 20, dt_sub = 0.0005
2024-09-19 03:56:04,380 INFO =====> Epoch: 66
2024-09-19 03:56:04,380 INFO =====> EMD Loss: 32.5621337890625
2024-09-19 03:56:04,380 INFO =====> Height map loss: 25.30820655822754
2024-09-19 03:56:04,380 INFO =====> Trajectory grad mean: 0.9055436253547668
2024-09-19 03:56:04,380 INFO =====> Num. aborted data so far: 0
2024-09-19 03:56:04,644 INFO ===> New TaichiEnv created.
2024-09-19 03:56:04,644 INFO ===> Specifications: horizon = 300, dt = 0.01, n_substeps = 20, dt_sub = 0.0005
2024-09-19 03:56:42,425 INFO =====> Epoch: 67
2024-09-19 03:56:42,425 INFO =====> EMD Loss: 32.23249053955078
2024-09-19 03:56:42,425 INFO =====> Height map loss: 25.258834838867188
2024-09-19 03:56:42,425 INFO =====> Trajectory grad mean: 0.9055436253547668
2024-09-19 03:56:42,425 INFO =====> Num. aborted data so far: 0
2024-09-19 03:56:42,689 INFO ===> New TaichiEnv created.
2024-09-19 03:56:42,689 INFO ===> Specifications: horizon = 300, dt = 0.01, n_substeps = 20, dt_sub = 0.0005
2024-09-19 03:57:20,489 INFO =====> Epoch: 68
2024-09-19 03:57:20,489 INFO =====> EMD Loss: 32.369293212890625
2024-09-19 03:57:20,489 INFO =====> Height map loss: 25.227479934692383
2024-09-19 03:57:20,489 INFO =====> Trajectory grad mean: 0.9055436253547668
2024-09-19 03:57:20,489 INFO =====> Num. aborted data so far: 0
2024-09-19 03:57:20,753 INFO ===> New TaichiEnv created.
2024-09-19 03:57:20,753 INFO ===> Specifications: horizon = 300, dt = 0.01, n_substeps = 20, dt_sub = 0.0005
2024-09-19 03:57:59,027 INFO =====> Epoch: 69
2024-09-19 03:57:59,027 INFO =====> EMD Loss: 32.692535400390625
2024-09-19 03:57:59,027 INFO =====> Height map loss: 25.42106819152832
2024-09-19 03:57:59,027 INFO =====> Trajectory grad mean: 0.9055436253547668
2024-09-19 03:57:59,027 INFO =====> Num. aborted data so far: 0
2024-09-19 03:57:59,291 INFO ===> New TaichiEnv created.
2024-09-19 03:57:59,291 INFO ===> Specifications: horizon = 300, dt = 0.01, n_substeps = 20, dt_sub = 0.0005
2024-09-19 03:58:37,118 INFO =====> Epoch: 70
2024-09-19 03:58:37,118 INFO =====> EMD Loss: 32.4183464050293
2024-09-19 03:58:37,118 INFO =====> Height map loss: 25.250308990478516
2024-09-19 03:58:37,118 INFO =====> Trajectory grad mean: 0.9055436253547668
2024-09-19 03:58:37,118 INFO =====> Num. aborted data so far: 0
2024-09-19 03:58:37,383 INFO ===> New TaichiEnv created.
2024-09-19 03:58:37,383 INFO ===> Specifications: horizon = 300, dt = 0.01, n_substeps = 20, dt_sub = 0.0005
2024-09-19 03:59:15,082 INFO =====> Epoch: 71
2024-09-19 03:59:15,082 INFO =====> EMD Loss: 32.273616790771484
2024-09-19 03:59:15,082 INFO =====> Height map loss: 25.244182586669922
2024-09-19 03:59:15,082 INFO =====> Trajectory grad mean: 0.9055436253547668
2024-09-19 03:59:15,082 INFO =====> Num. aborted data so far: 0
2024-09-19 03:59:15,349 INFO ===> New TaichiEnv created.
2024-09-19 03:59:15,349 INFO ===> Specifications: horizon = 300, dt = 0.01, n_substeps = 20, dt_sub = 0.0005
2024-09-19 03:59:53,186 INFO =====> Epoch: 72
2024-09-19 03:59:53,186 INFO =====> EMD Loss: 32.176361083984375
2024-09-19 03:59:53,186 INFO =====> Height map loss: 25.261920928955078
2024-09-19 03:59:53,186 INFO =====> Trajectory grad mean: 0.9055436253547668
2024-09-19 03:59:53,186 INFO =====> Num. aborted data so far: 0
2024-09-19 03:59:53,451 INFO ===> New TaichiEnv created.
2024-09-19 03:59:53,451 INFO ===> Specifications: horizon = 300, dt = 0.01, n_substeps = 20, dt_sub = 0.0005
2024-09-19 04:00:31,206 INFO =====> Epoch: 73
2024-09-19 04:00:31,206 INFO =====> EMD Loss: 32.360870361328125
2024-09-19 04:00:31,206 INFO =====> Height map loss: 25.23133659362793
2024-09-19 04:00:31,206 INFO =====> Trajectory grad mean: 0.9055436253547668
2024-09-19 04:00:31,206 INFO =====> Num. aborted data so far: 0
2024-09-19 04:00:31,470 INFO ===> New TaichiEnv created.
2024-09-19 04:00:31,470 INFO ===> Specifications: horizon = 300, dt = 0.01, n_substeps = 20, dt_sub = 0.0005
2024-09-19 04:01:09,391 INFO =====> Epoch: 74
2024-09-19 04:01:09,391 INFO =====> EMD Loss: 32.58490753173828
2024-09-19 04:01:09,391 INFO =====> Height map loss: 25.282020568847656
2024-09-19 04:01:09,391 INFO =====> Trajectory grad mean: 0.9055436253547668
2024-09-19 04:01:09,391 INFO =====> Num. aborted data so far: 0
2024-09-19 04:01:09,658 INFO ===> New TaichiEnv created.
2024-09-19 04:01:09,658 INFO ===> Specifications: horizon = 300, dt = 0.01, n_substeps = 20, dt_sub = 0.0005
2024-09-19 04:01:47,538 INFO =====> Epoch: 75
2024-09-19 04:01:47,538 INFO =====> EMD Loss: 32.53311538696289
2024-09-19 04:01:47,538 INFO =====> Height map loss: 25.23333168029785
2024-09-19 04:01:47,538 INFO =====> Trajectory grad mean: 0.9055436253547668
2024-09-19 04:01:47,538 INFO =====> Num. aborted data so far: 0
2024-09-19 04:01:47,806 INFO ===> New TaichiEnv created.
2024-09-19 04:01:47,806 INFO ===> Specifications: horizon = 300, dt = 0.01, n_substeps = 20, dt_sub = 0.0005
2024-09-19 04:02:25,517 INFO =====> Epoch: 76
2024-09-19 04:02:25,518 INFO =====> EMD Loss: 32.115962982177734
2024-09-19 04:02:25,518 INFO =====> Height map loss: 25.264354705810547
2024-09-19 04:02:25,518 INFO =====> Trajectory grad mean: 0.9055436253547668
2024-09-19 04:02:25,518 INFO =====> Num. aborted data so far: 0
2024-09-19 04:02:25,786 INFO ===> New TaichiEnv created.
2024-09-19 04:02:25,786 INFO ===> Specifications: horizon = 300, dt = 0.01, n_substeps = 20, dt_sub = 0.0005
2024-09-19 04:03:03,671 INFO =====> Epoch: 77
2024-09-19 04:03:03,671 INFO =====> EMD Loss: 32.21875
2024-09-19 04:03:03,671 INFO =====> Height map loss: 25.219314575195312
2024-09-19 04:03:03,671 INFO =====> Trajectory grad mean: 0.9055436253547668
2024-09-19 04:03:03,671 INFO =====> Num. aborted data so far: 0
2024-09-19 04:03:03,938 INFO ===> New TaichiEnv created.
2024-09-19 04:03:03,938 INFO ===> Specifications: horizon = 300, dt = 0.01, n_substeps = 20, dt_sub = 0.0005
2024-09-19 04:03:42,068 INFO =====> Epoch: 78
2024-09-19 04:03:42,068 INFO =====> EMD Loss: 32.601375579833984
2024-09-19 04:03:42,068 INFO =====> Height map loss: 25.386865615844727
2024-09-19 04:03:42,068 INFO =====> Trajectory grad mean: 0.9055436253547668
2024-09-19 04:03:42,068 INFO =====> Num. aborted data so far: 0
2024-09-19 04:03:42,339 INFO ===> New TaichiEnv created.
2024-09-19 04:03:42,340 INFO ===> Specifications: horizon = 300, dt = 0.01, n_substeps = 20, dt_sub = 0.0005
2024-09-19 04:04:20,152 INFO =====> Epoch: 79
2024-09-19 04:04:20,153 INFO =====> EMD Loss: 32.62614440917969
2024-09-19 04:04:20,153 INFO =====> Height map loss: 25.37212371826172
2024-09-19 04:04:20,153 INFO =====> Trajectory grad mean: 0.9055436253547668
2024-09-19 04:04:20,153 INFO =====> Num. aborted data so far: 0
2024-09-19 04:04:20,421 INFO ===> New TaichiEnv created.
2024-09-19 04:04:20,421 INFO ===> Specifications: horizon = 300, dt = 0.01, n_substeps = 20, dt_sub = 0.0005
2024-09-19 04:04:58,158 INFO =====> Epoch: 80
2024-09-19 04:04:58,158 INFO =====> EMD Loss: 32.330413818359375
2024-09-19 04:04:58,158 INFO =====> Height map loss: 25.268301010131836
2024-09-19 04:04:58,158 INFO =====> Trajectory grad mean: 0.9055436253547668
2024-09-19 04:04:58,158 INFO =====> Num. aborted data so far: 0
2024-09-19 04:04:58,426 INFO ===> New TaichiEnv created.
2024-09-19 04:04:58,426 INFO ===> Specifications: horizon = 300, dt = 0.01, n_substeps = 20, dt_sub = 0.0005
2024-09-19 04:05:36,380 INFO =====> Epoch: 81
2024-09-19 04:05:36,380 INFO =====> EMD Loss: 32.5953254699707
2024-09-19 04:05:36,380 INFO =====> Height map loss: 25.446088790893555
2024-09-19 04:05:36,380 INFO =====> Trajectory grad mean: 0.9055436253547668
2024-09-19 04:05:36,380 INFO =====> Num. aborted data so far: 0
2024-09-19 04:05:36,652 INFO ===> New TaichiEnv created.
2024-09-19 04:05:36,652 INFO ===> Specifications: horizon = 300, dt = 0.01, n_substeps = 20, dt_sub = 0.0005
2024-09-19 04:06:14,751 INFO =====> Epoch: 82
2024-09-19 04:06:14,751 INFO =====> EMD Loss: 32.54609298706055
2024-09-19 04:06:14,751 INFO =====> Height map loss: 25.37822723388672
2024-09-19 04:06:14,751 INFO =====> Trajectory grad mean: 0.9055436253547668
2024-09-19 04:06:14,751 INFO =====> Num. aborted data so far: 0
2024-09-19 04:06:15,020 INFO ===> New TaichiEnv created.
2024-09-19 04:06:15,020 INFO ===> Specifications: horizon = 300, dt = 0.01, n_substeps = 20, dt_sub = 0.0005
2024-09-19 04:06:52,884 INFO =====> Epoch: 83
2024-09-19 04:06:52,884 INFO =====> EMD Loss: 32.42387771606445
2024-09-19 04:06:52,884 INFO =====> Height map loss: 25.2459716796875
2024-09-19 04:06:52,884 INFO =====> Trajectory grad mean: 0.9055436253547668
2024-09-19 04:06:52,884 INFO =====> Num. aborted data so far: 0
2024-09-19 04:06:53,153 INFO ===> New TaichiEnv created.
2024-09-19 04:06:53,154 INFO ===> Specifications: horizon = 300, dt = 0.01, n_substeps = 20, dt_sub = 0.0005
2024-09-19 04:07:30,974 INFO =====> Epoch: 84
2024-09-19 04:07:30,974 INFO =====> EMD Loss: 32.52458572387695
2024-09-19 04:07:30,974 INFO =====> Height map loss: 25.36861801147461
2024-09-19 04:07:30,974 INFO =====> Trajectory grad mean: 0.9055436253547668
2024-09-19 04:07:30,974 INFO =====> Num. aborted data so far: 0
2024-09-19 04:07:31,243 INFO ===> New TaichiEnv created.
2024-09-19 04:07:31,243 INFO ===> Specifications: horizon = 300, dt = 0.01, n_substeps = 20, dt_sub = 0.0005
2024-09-19 04:08:09,375 INFO =====> Epoch: 85
2024-09-19 04:08:09,375 INFO =====> EMD Loss: 32.503292083740234
2024-09-19 04:08:09,375 INFO =====> Height map loss: 25.415529251098633
2024-09-19 04:08:09,375 INFO =====> Trajectory grad mean: 0.9055436253547668
2024-09-19 04:08:09,375 INFO =====> Num. aborted data so far: 0
2024-09-19 04:08:09,666 INFO ===> New TaichiEnv created.
2024-09-19 04:08:09,666 INFO ===> Specifications: horizon = 300, dt = 0.01, n_substeps = 20, dt_sub = 0.0005
2024-09-19 04:08:47,549 INFO =====> Epoch: 86
2024-09-19 04:08:47,549 INFO =====> EMD Loss: 32.59950637817383
2024-09-19 04:08:47,549 INFO =====> Height map loss: 25.402698516845703
2024-09-19 04:08:47,549 INFO =====> Trajectory grad mean: 0.9055436253547668
2024-09-19 04:08:47,549 INFO =====> Num. aborted data so far: 0
2024-09-19 04:08:47,818 INFO ===> New TaichiEnv created.
2024-09-19 04:08:47,818 INFO ===> Specifications: horizon = 300, dt = 0.01, n_substeps = 20, dt_sub = 0.0005
2024-09-19 04:09:25,714 INFO =====> Epoch: 87
2024-09-19 04:09:25,714 INFO =====> EMD Loss: 32.518280029296875
2024-09-19 04:09:25,714 INFO =====> Height map loss: 25.410537719726562
2024-09-19 04:09:25,714 INFO =====> Trajectory grad mean: 0.9055436253547668
2024-09-19 04:09:25,714 INFO =====> Num. aborted data so far: 0
2024-09-19 04:09:25,986 INFO ===> New TaichiEnv created.
2024-09-19 04:09:25,986 INFO ===> Specifications: horizon = 300, dt = 0.01, n_substeps = 20, dt_sub = 0.0005
2024-09-19 04:10:03,863 INFO =====> Epoch: 88
2024-09-19 04:10:03,863 INFO =====> EMD Loss: 32.44921112060547
2024-09-19 04:10:03,863 INFO =====> Height map loss: 25.22922706604004
2024-09-19 04:10:03,863 INFO =====> Trajectory grad mean: 0.9055436253547668
2024-09-19 04:10:03,863 INFO =====> Num. aborted data so far: 0
2024-09-19 04:10:04,133 INFO ===> New TaichiEnv created.
2024-09-19 04:10:04,133 INFO ===> Specifications: horizon = 300, dt = 0.01, n_substeps = 20, dt_sub = 0.0005
2024-09-19 04:10:42,180 INFO =====> Epoch: 89
2024-09-19 04:10:42,180 INFO =====> EMD Loss: 32.52324295043945
2024-09-19 04:10:42,180 INFO =====> Height map loss: 25.22703742980957
2024-09-19 04:10:42,180 INFO =====> Trajectory grad mean: 0.9055436253547668
2024-09-19 04:10:42,180 INFO =====> Num. aborted data so far: 0
2024-09-19 04:10:42,452 INFO ===> New TaichiEnv created.
2024-09-19 04:10:42,452 INFO ===> Specifications: horizon = 300, dt = 0.01, n_substeps = 20, dt_sub = 0.0005
2024-09-19 04:11:20,634 INFO =====> Epoch: 90
2024-09-19 04:11:20,634 INFO =====> EMD Loss: 32.50559997558594
2024-09-19 04:11:20,634 INFO =====> Height map loss: 25.368600845336914
2024-09-19 04:11:20,634 INFO =====> Trajectory grad mean: 0.9055436253547668
2024-09-19 04:11:20,634 INFO =====> Num. aborted data so far: 0
2024-09-19 04:11:20,905 INFO ===> New TaichiEnv created.
2024-09-19 04:11:20,905 INFO ===> Specifications: horizon = 300, dt = 0.01, n_substeps = 20, dt_sub = 0.0005
2024-09-19 04:11:58,895 INFO =====> Epoch: 91
2024-09-19 04:11:58,895 INFO =====> EMD Loss: 32.5382080078125
2024-09-19 04:11:58,895 INFO =====> Height map loss: 25.38503646850586
2024-09-19 04:11:58,895 INFO =====> Trajectory grad mean: 0.9055436253547668
2024-09-19 04:11:58,895 INFO =====> Num. aborted data so far: 0
2024-09-19 04:11:59,166 INFO ===> New TaichiEnv created.
2024-09-19 04:11:59,166 INFO ===> Specifications: horizon = 300, dt = 0.01, n_substeps = 20, dt_sub = 0.0005
2024-09-19 04:12:37,025 INFO =====> Epoch: 92
2024-09-19 04:12:37,025 INFO =====> EMD Loss: 32.412906646728516
2024-09-19 04:12:37,025 INFO =====> Height map loss: 25.241470336914062
2024-09-19 04:12:37,025 INFO =====> Trajectory grad mean: 0.9055436253547668
2024-09-19 04:12:37,025 INFO =====> Num. aborted data so far: 0
2024-09-19 04:12:37,296 INFO ===> New TaichiEnv created.
2024-09-19 04:12:37,296 INFO ===> Specifications: horizon = 300, dt = 0.01, n_substeps = 20, dt_sub = 0.0005
2024-09-19 04:13:15,012 INFO =====> Epoch: 93
2024-09-19 04:13:15,012 INFO =====> EMD Loss: 32.244049072265625
2024-09-19 04:13:15,012 INFO =====> Height map loss: 25.22115135192871
2024-09-19 04:13:15,012 INFO =====> Trajectory grad mean: 0.9055436253547668
2024-09-19 04:13:15,012 INFO =====> Num. aborted data so far: 0
2024-09-19 04:13:15,287 INFO ===> New TaichiEnv created.
2024-09-19 04:13:15,287 INFO ===> Specifications: horizon = 300, dt = 0.01, n_substeps = 20, dt_sub = 0.0005
2024-09-19 04:13:53,249 INFO =====> Epoch: 94
2024-09-19 04:13:53,249 INFO =====> EMD Loss: 32.52381896972656
2024-09-19 04:13:53,249 INFO =====> Height map loss: 25.406381607055664
2024-09-19 04:13:53,249 INFO =====> Trajectory grad mean: 0.9055436253547668
2024-09-19 04:13:53,249 INFO =====> Num. aborted data so far: 0
2024-09-19 04:13:53,520 INFO ===> New TaichiEnv created.
2024-09-19 04:13:53,520 INFO ===> Specifications: horizon = 300, dt = 0.01, n_substeps = 20, dt_sub = 0.0005
2024-09-19 04:14:31,430 INFO =====> Epoch: 95
2024-09-19 04:14:31,430 INFO =====> EMD Loss: 32.568965911865234
2024-09-19 04:14:31,430 INFO =====> Height map loss: 25.354089736938477
2024-09-19 04:14:31,430 INFO =====> Trajectory grad mean: 0.9055436253547668
2024-09-19 04:14:31,430 INFO =====> Num. aborted data so far: 0
2024-09-19 04:14:31,703 INFO ===> New TaichiEnv created.
2024-09-19 04:14:31,703 INFO ===> Specifications: horizon = 300, dt = 0.01, n_substeps = 20, dt_sub = 0.0005
2024-09-19 04:15:09,690 INFO =====> Epoch: 96
2024-09-19 04:15:09,690 INFO =====> EMD Loss: 32.7492561340332
2024-09-19 04:15:09,690 INFO =====> Height map loss: 25.467063903808594
2024-09-19 04:15:09,690 INFO =====> Trajectory grad mean: 0.9055436253547668
2024-09-19 04:15:09,690 INFO =====> Num. aborted data so far: 0
2024-09-19 04:15:09,961 INFO ===> New TaichiEnv created.
2024-09-19 04:15:09,961 INFO ===> Specifications: horizon = 300, dt = 0.01, n_substeps = 20, dt_sub = 0.0005
2024-09-19 04:15:47,785 INFO =====> Epoch: 97
2024-09-19 04:15:47,785 INFO =====> EMD Loss: 32.645240783691406
2024-09-19 04:15:47,785 INFO =====> Height map loss: 25.323030471801758
2024-09-19 04:15:47,785 INFO =====> Trajectory grad mean: 0.9055436253547668
2024-09-19 04:15:47,785 INFO =====> Num. aborted data so far: 0
2024-09-19 04:15:48,058 INFO ===> New TaichiEnv created.
2024-09-19 04:15:48,058 INFO ===> Specifications: horizon = 300, dt = 0.01, n_substeps = 20, dt_sub = 0.0005
2024-09-19 04:16:25,927 INFO =====> Epoch: 98
2024-09-19 04:16:25,927 INFO =====> EMD Loss: 32.14192581176758
2024-09-19 04:16:25,927 INFO =====> Height map loss: 25.24119758605957
2024-09-19 04:16:25,927 INFO =====> Trajectory grad mean: 0.9055436253547668
2024-09-19 04:16:25,927 INFO =====> Num. aborted data so far: 0
2024-09-19 04:16:26,198 INFO ===> New TaichiEnv created.
2024-09-19 04:16:26,198 INFO ===> Specifications: horizon = 300, dt = 0.01, n_substeps = 20, dt_sub = 0.0005
2024-09-19 04:17:03,978 INFO =====> Epoch: 99
2024-09-19 04:17:03,978 INFO =====> EMD Loss: 32.27200698852539
2024-09-19 04:17:03,978 INFO =====> Height map loss: 25.24482536315918
2024-09-19 04:17:03,978 INFO =====> Trajectory grad mean: 0.9055436253547668
2024-09-19 04:17:03,978 INFO =====> Num. aborted data so far: 0
2024-09-19 04:17:04,249 INFO ===> New TaichiEnv created.
2024-09-19 04:17:04,249 INFO ===> Specifications: horizon = 300, dt = 0.01, n_substeps = 20, dt_sub = 0.0005
2024-09-19 04:17:42,178 INFO =====> Epoch: 100
2024-09-19 04:17:42,178 INFO =====> EMD Loss: 32.41635513305664
2024-09-19 04:17:42,178 INFO =====> Height map loss: 25.26923370361328
2024-09-19 04:17:42,178 INFO =====> Trajectory grad mean: 0.9055436253547668
2024-09-19 04:17:42,178 INFO =====> Num. aborted data so far: 0
2024-09-19 04:17:42,452 INFO ===> New TaichiEnv created.
2024-09-19 04:17:42,452 INFO ===> Specifications: horizon = 300, dt = 0.01, n_substeps = 20, dt_sub = 0.0005
2024-09-19 04:18:20,253 INFO =====> Epoch: 101
2024-09-19 04:18:20,253 INFO =====> EMD Loss: 32.36170196533203
2024-09-19 04:18:20,253 INFO =====> Height map loss: 25.230287551879883
2024-09-19 04:18:20,253 INFO =====> Trajectory grad mean: 0.9055436253547668
2024-09-19 04:18:20,253 INFO =====> Num. aborted data so far: 0
2024-09-19 04:18:20,523 INFO ===> New TaichiEnv created.
2024-09-19 04:18:20,523 INFO ===> Specifications: horizon = 300, dt = 0.01, n_substeps = 20, dt_sub = 0.0005
2024-09-19 04:18:58,432 INFO =====> Epoch: 102
2024-09-19 04:18:58,432 INFO =====> EMD Loss: 32.4202995300293
2024-09-19 04:18:58,432 INFO =====> Height map loss: 25.21797752380371
2024-09-19 04:18:58,432 INFO =====> Trajectory grad mean: 0.9055436253547668
2024-09-19 04:18:58,432 INFO =====> Num. aborted data so far: 0
2024-09-19 04:18:58,704 INFO ===> New TaichiEnv created.
2024-09-19 04:18:58,704 INFO ===> Specifications: horizon = 300, dt = 0.01, n_substeps = 20, dt_sub = 0.0005
2024-09-19 04:19:36,456 INFO =====> Epoch: 103
2024-09-19 04:19:36,456 INFO =====> EMD Loss: 32.3060417175293
2024-09-19 04:19:36,456 INFO =====> Height map loss: 25.27035140991211
2024-09-19 04:19:36,457 INFO =====> Trajectory grad mean: 0.9055436253547668
2024-09-19 04:19:36,457 INFO =====> Num. aborted data so far: 0
2024-09-19 04:19:36,729 INFO ===> New TaichiEnv created.
2024-09-19 04:19:36,729 INFO ===> Specifications: horizon = 300, dt = 0.01, n_substeps = 20, dt_sub = 0.0005
2024-09-19 04:20:14,781 INFO =====> Epoch: 104
2024-09-19 04:20:14,781 INFO =====> EMD Loss: 32.702842712402344
2024-09-19 04:20:14,781 INFO =====> Height map loss: 25.380537033081055
2024-09-19 04:20:14,781 INFO =====> Trajectory grad mean: 0.9055436253547668
2024-09-19 04:20:14,781 INFO =====> Num. aborted data so far: 0
2024-09-19 04:20:15,051 INFO ===> New TaichiEnv created.
2024-09-19 04:20:15,051 INFO ===> Specifications: horizon = 300, dt = 0.01, n_substeps = 20, dt_sub = 0.0005
2024-09-19 04:20:52,887 INFO =====> Epoch: 105
2024-09-19 04:20:52,887 INFO =====> EMD Loss: 32.47641372680664
2024-09-19 04:20:52,887 INFO =====> Height map loss: 25.33339500427246
2024-09-19 04:20:52,887 INFO =====> Trajectory grad mean: 0.9055436253547668
2024-09-19 04:20:52,887 INFO =====> Num. aborted data so far: 0
2024-09-19 04:20:53,162 INFO ===> New TaichiEnv created.
2024-09-19 04:20:53,162 INFO ===> Specifications: horizon = 300, dt = 0.01, n_substeps = 20, dt_sub = 0.0005
2024-09-19 04:21:31,398 INFO =====> Epoch: 106
2024-09-19 04:21:31,398 INFO =====> EMD Loss: 32.62531661987305
2024-09-19 04:21:31,398 INFO =====> Height map loss: 25.271026611328125
2024-09-19 04:21:31,398 INFO =====> Trajectory grad mean: 0.9055436253547668
2024-09-19 04:21:31,398 INFO =====> Num. aborted data so far: 0
2024-09-19 04:21:31,671 INFO ===> New TaichiEnv created.
2024-09-19 04:21:31,671 INFO ===> Specifications: horizon = 300, dt = 0.01, n_substeps = 20, dt_sub = 0.0005
2024-09-19 04:22:09,960 INFO =====> Epoch: 107
2024-09-19 04:22:09,960 INFO =====> EMD Loss: 32.54158020019531
2024-09-19 04:22:09,960 INFO =====> Height map loss: 25.357667922973633
2024-09-19 04:22:09,960 INFO =====> Trajectory grad mean: 0.9055436253547668
2024-09-19 04:22:09,960 INFO =====> Num. aborted data so far: 0
2024-09-19 04:22:10,234 INFO ===> New TaichiEnv created.
2024-09-19 04:22:10,234 INFO ===> Specifications: horizon = 300, dt = 0.01, n_substeps = 20, dt_sub = 0.0005
2024-09-19 04:22:47,974 INFO =====> Epoch: 108
2024-09-19 04:22:47,974 INFO =====> EMD Loss: 32.496726989746094
2024-09-19 04:22:47,974 INFO =====> Height map loss: 25.22511863708496
2024-09-19 04:22:47,974 INFO =====> Trajectory grad mean: 0.9055436253547668
2024-09-19 04:22:47,974 INFO =====> Num. aborted data so far: 0
2024-09-19 04:22:48,248 INFO ===> New TaichiEnv created.
2024-09-19 04:22:48,248 INFO ===> Specifications: horizon = 300, dt = 0.01, n_substeps = 20, dt_sub = 0.0005
2024-09-19 04:23:25,961 INFO =====> Epoch: 109
2024-09-19 04:23:25,961 INFO =====> EMD Loss: 32.21731948852539
2024-09-19 04:23:25,961 INFO =====> Height map loss: 25.24186897277832
2024-09-19 04:23:25,961 INFO =====> Trajectory grad mean: 0.9055436253547668
2024-09-19 04:23:25,961 INFO =====> Num. aborted data so far: 0
2024-09-19 04:23:26,234 INFO ===> New TaichiEnv created.
2024-09-19 04:23:26,234 INFO ===> Specifications: horizon = 300, dt = 0.01, n_substeps = 20, dt_sub = 0.0005
2024-09-19 04:24:04,093 INFO =====> Epoch: 110
2024-09-19 04:24:04,093 INFO =====> EMD Loss: 32.102962493896484
2024-09-19 04:24:04,093 INFO =====> Height map loss: 25.268606185913086
2024-09-19 04:24:04,093 INFO =====> Trajectory grad mean: 0.9055436253547668
2024-09-19 04:24:04,093 INFO =====> Num. aborted data so far: 0
2024-09-19 04:24:04,368 INFO ===> New TaichiEnv created.
2024-09-19 04:24:04,368 INFO ===> Specifications: horizon = 300, dt = 0.01, n_substeps = 20, dt_sub = 0.0005
2024-09-19 04:24:42,480 INFO =====> Epoch: 111
2024-09-19 04:24:42,480 INFO =====> EMD Loss: 32.642906188964844
2024-09-19 04:24:42,480 INFO =====> Height map loss: 25.40491485595703
2024-09-19 04:24:42,480 INFO =====> Trajectory grad mean: 0.9055436253547668
2024-09-19 04:24:42,480 INFO =====> Num. aborted data so far: 0
2024-09-19 04:24:42,754 INFO ===> New TaichiEnv created.
2024-09-19 04:24:42,754 INFO ===> Specifications: horizon = 300, dt = 0.01, n_substeps = 20, dt_sub = 0.0005
2024-09-19 04:25:20,615 INFO =====> Epoch: 112
2024-09-19 04:25:20,615 INFO =====> EMD Loss: 32.33767318725586
2024-09-19 04:25:20,615 INFO =====> Height map loss: 25.264820098876953
2024-09-19 04:25:20,615 INFO =====> Trajectory grad mean: 0.9055436253547668
2024-09-19 04:25:20,615 INFO =====> Num. aborted data so far: 0
2024-09-19 04:25:20,888 INFO ===> New TaichiEnv created.
2024-09-19 04:25:20,888 INFO ===> Specifications: horizon = 300, dt = 0.01, n_substeps = 20, dt_sub = 0.0005
2024-09-19 04:25:58,785 INFO =====> Epoch: 113
2024-09-19 04:25:58,786 INFO =====> EMD Loss: 32.62895202636719
2024-09-19 04:25:58,786 INFO =====> Height map loss: 25.28032875061035
2024-09-19 04:25:58,786 INFO =====> Trajectory grad mean: 0.9055436253547668
2024-09-19 04:25:58,786 INFO =====> Num. aborted data so far: 0
2024-09-19 04:25:59,059 INFO ===> New TaichiEnv created.
2024-09-19 04:25:59,059 INFO ===> Specifications: horizon = 300, dt = 0.01, n_substeps = 20, dt_sub = 0.0005
2024-09-19 04:26:37,009 INFO =====> Epoch: 114
2024-09-19 04:26:37,009 INFO =====> EMD Loss: 32.300601959228516
2024-09-19 04:26:37,009 INFO =====> Height map loss: 25.236324310302734
2024-09-19 04:26:37,009 INFO =====> Trajectory grad mean: 0.9055436253547668
2024-09-19 04:26:37,009 INFO =====> Num. aborted data so far: 0
2024-09-19 04:26:37,283 INFO ===> New TaichiEnv created.
2024-09-19 04:26:37,283 INFO ===> Specifications: horizon = 300, dt = 0.01, n_substeps = 20, dt_sub = 0.0005
2024-09-19 04:27:15,113 INFO =====> Epoch: 115
2024-09-19 04:27:15,114 INFO =====> EMD Loss: 32.33557891845703
2024-09-19 04:27:15,114 INFO =====> Height map loss: 25.259883880615234
2024-09-19 04:27:15,114 INFO =====> Trajectory grad mean: 0.9055436253547668
2024-09-19 04:27:15,114 INFO =====> Num. aborted data so far: 0
2024-09-19 04:27:15,390 INFO ===> New TaichiEnv created.
2024-09-19 04:27:15,390 INFO ===> Specifications: horizon = 300, dt = 0.01, n_substeps = 20, dt_sub = 0.0005
2024-09-19 04:27:53,181 INFO =====> Epoch: 116
2024-09-19 04:27:53,181 INFO =====> EMD Loss: 32.17933654785156
2024-09-19 04:27:53,181 INFO =====> Height map loss: 25.253536224365234
2024-09-19 04:27:53,181 INFO =====> Trajectory grad mean: 0.9055436253547668
2024-09-19 04:27:53,181 INFO =====> Num. aborted data so far: 0
2024-09-19 04:27:53,455 INFO ===> New TaichiEnv created.
2024-09-19 04:27:53,455 INFO ===> Specifications: horizon = 300, dt = 0.01, n_substeps = 20, dt_sub = 0.0005
2024-09-19 04:28:31,293 INFO =====> Epoch: 117
2024-09-19 04:28:31,293 INFO =====> EMD Loss: 32.4244499206543
2024-09-19 04:28:31,293 INFO =====> Height map loss: 25.218921661376953
2024-09-19 04:28:31,293 INFO =====> Trajectory grad mean: 0.9055436253547668
2024-09-19 04:28:31,293 INFO =====> Num. aborted data so far: 0
2024-09-19 04:28:31,567 INFO ===> New TaichiEnv created.
2024-09-19 04:28:31,568 INFO ===> Specifications: horizon = 300, dt = 0.01, n_substeps = 20, dt_sub = 0.0005
2024-09-19 04:29:09,403 INFO =====> Epoch: 118
2024-09-19 04:29:09,403 INFO =====> EMD Loss: 32.32512283325195
2024-09-19 04:29:09,403 INFO =====> Height map loss: 25.225717544555664
2024-09-19 04:29:09,403 INFO =====> Trajectory grad mean: 0.9055436253547668
2024-09-19 04:29:09,403 INFO =====> Num. aborted data so far: 0
2024-09-19 04:29:09,680 INFO ===> New TaichiEnv created.
2024-09-19 04:29:09,680 INFO ===> Specifications: horizon = 300, dt = 0.01, n_substeps = 20, dt_sub = 0.0005
2024-09-19 04:29:47,594 INFO =====> Epoch: 119
2024-09-19 04:29:47,594 INFO =====> EMD Loss: 32.730960845947266
2024-09-19 04:29:47,594 INFO =====> Height map loss: 25.29821014404297
2024-09-19 04:29:47,594 INFO =====> Trajectory grad mean: 0.9055436253547668
2024-09-19 04:29:47,594 INFO =====> Num. aborted data so far: 0
2024-09-19 04:29:47,867 INFO ===> New TaichiEnv created.
2024-09-19 04:29:47,867 INFO ===> Specifications: horizon = 300, dt = 0.01, n_substeps = 20, dt_sub = 0.0005
2024-09-19 04:30:25,791 INFO =====> Epoch: 120
2024-09-19 04:30:25,791 INFO =====> EMD Loss: 32.61393356323242
2024-09-19 04:30:25,791 INFO =====> Height map loss: 25.395971298217773
2024-09-19 04:30:25,791 INFO =====> Trajectory grad mean: 0.9055436253547668
2024-09-19 04:30:25,791 INFO =====> Num. aborted data so far: 0
2024-09-19 04:30:26,071 INFO ===> New TaichiEnv created.
2024-09-19 04:30:26,071 INFO ===> Specifications: horizon = 300, dt = 0.01, n_substeps = 20, dt_sub = 0.0005
2024-09-19 04:31:03,872 INFO =====> Epoch: 121
2024-09-19 04:31:03,872 INFO =====> EMD Loss: 32.4201774597168
2024-09-19 04:31:03,872 INFO =====> Height map loss: 25.361696243286133
2024-09-19 04:31:03,872 INFO =====> Trajectory grad mean: 0.9055436253547668
2024-09-19 04:31:03,872 INFO =====> Num. aborted data so far: 0
2024-09-19 04:31:04,146 INFO ===> New TaichiEnv created.
2024-09-19 04:31:04,146 INFO ===> Specifications: horizon = 300, dt = 0.01, n_substeps = 20, dt_sub = 0.0005
2024-09-19 04:31:41,890 INFO =====> Epoch: 122
2024-09-19 04:31:41,890 INFO =====> EMD Loss: 32.44365692138672
2024-09-19 04:31:41,890 INFO =====> Height map loss: 25.28946304321289
2024-09-19 04:31:41,890 INFO =====> Trajectory grad mean: 0.9055436253547668
2024-09-19 04:31:41,890 INFO =====> Num. aborted data so far: 0
2024-09-19 04:31:42,164 INFO ===> New TaichiEnv created.
2024-09-19 04:31:42,164 INFO ===> Specifications: horizon = 300, dt = 0.01, n_substeps = 20, dt_sub = 0.0005
2024-09-19 04:32:20,096 INFO =====> Epoch: 123
2024-09-19 04:32:20,096 INFO =====> EMD Loss: 32.74014663696289
2024-09-19 04:32:20,096 INFO =====> Height map loss: 25.43291664123535
2024-09-19 04:32:20,096 INFO =====> Trajectory grad mean: 0.9055436253547668
2024-09-19 04:32:20,096 INFO =====> Num. aborted data so far: 0
2024-09-19 04:32:20,374 INFO ===> New TaichiEnv created.
2024-09-19 04:32:20,374 INFO ===> Specifications: horizon = 300, dt = 0.01, n_substeps = 20, dt_sub = 0.0005
2024-09-19 04:32:58,483 INFO =====> Epoch: 124
2024-09-19 04:32:58,483 INFO =====> EMD Loss: 32.53913116455078
2024-09-19 04:32:58,483 INFO =====> Height map loss: 25.354843139648438
2024-09-19 04:32:58,483 INFO =====> Trajectory grad mean: 0.9055436253547668
2024-09-19 04:32:58,483 INFO =====> Num. aborted data so far: 0
2024-09-19 04:32:58,758 INFO ===> New TaichiEnv created.
2024-09-19 04:32:58,758 INFO ===> Specifications: horizon = 300, dt = 0.01, n_substeps = 20, dt_sub = 0.0005
2024-09-19 04:33:36,815 INFO =====> Epoch: 125
2024-09-19 04:33:36,815 INFO =====> EMD Loss: 32.36835861206055
2024-09-19 04:33:36,815 INFO =====> Height map loss: 25.244388580322266
2024-09-19 04:33:36,815 INFO =====> Trajectory grad mean: 0.9055436253547668
2024-09-19 04:33:36,815 INFO =====> Num. aborted data so far: 0
2024-09-19 04:33:37,091 INFO ===> New TaichiEnv created.
2024-09-19 04:33:37,091 INFO ===> Specifications: horizon = 300, dt = 0.01, n_substeps = 20, dt_sub = 0.0005
2024-09-19 04:34:15,094 INFO =====> Epoch: 126
2024-09-19 04:34:15,094 INFO =====> EMD Loss: 32.566566467285156
2024-09-19 04:34:15,094 INFO =====> Height map loss: 25.384471893310547
2024-09-19 04:34:15,094 INFO =====> Trajectory grad mean: 0.9055436253547668
2024-09-19 04:34:15,094 INFO =====> Num. aborted data so far: 0
2024-09-19 04:34:15,370 INFO ===> New TaichiEnv created.
2024-09-19 04:34:15,370 INFO ===> Specifications: horizon = 300, dt = 0.01, n_substeps = 20, dt_sub = 0.0005
2024-09-19 04:34:53,312 INFO =====> Epoch: 127
2024-09-19 04:34:53,312 INFO =====> EMD Loss: 32.72755813598633
2024-09-19 04:34:53,312 INFO =====> Height map loss: 25.356618881225586
2024-09-19 04:34:53,312 INFO =====> Trajectory grad mean: 0.9055436253547668
2024-09-19 04:34:53,312 INFO =====> Num. aborted data so far: 0
2024-09-19 04:34:53,587 INFO ===> New TaichiEnv created.
2024-09-19 04:34:53,587 INFO ===> Specifications: horizon = 300, dt = 0.01, n_substeps = 20, dt_sub = 0.0005
2024-09-19 04:35:31,761 INFO =====> Epoch: 128
2024-09-19 04:35:31,761 INFO =====> EMD Loss: 32.63759231567383
2024-09-19 04:35:31,761 INFO =====> Height map loss: 25.349348068237305
2024-09-19 04:35:31,761 INFO =====> Trajectory grad mean: 0.9055436253547668
2024-09-19 04:35:31,761 INFO =====> Num. aborted data so far: 0
2024-09-19 04:35:32,035 INFO ===> New TaichiEnv created.
2024-09-19 04:35:32,035 INFO ===> Specifications: horizon = 300, dt = 0.01, n_substeps = 20, dt_sub = 0.0005
2024-09-19 04:36:09,850 INFO =====> Epoch: 129
2024-09-19 04:36:09,850 INFO =====> EMD Loss: 32.472145080566406
2024-09-19 04:36:09,850 INFO =====> Height map loss: 25.22449493408203
2024-09-19 04:36:09,850 INFO =====> Trajectory grad mean: 0.9055436253547668
2024-09-19 04:36:09,850 INFO =====> Num. aborted data so far: 0
2024-09-19 04:36:10,127 INFO ===> New TaichiEnv created.
2024-09-19 04:36:10,127 INFO ===> Specifications: horizon = 300, dt = 0.01, n_substeps = 20, dt_sub = 0.0005
2024-09-19 04:36:48,055 INFO =====> Epoch: 130
2024-09-19 04:36:48,055 INFO =====> EMD Loss: 32.45120620727539
2024-09-19 04:36:48,055 INFO =====> Height map loss: 25.308490753173828
2024-09-19 04:36:48,055 INFO =====> Trajectory grad mean: 0.9055436253547668
2024-09-19 04:36:48,055 INFO =====> Num. aborted data so far: 0
2024-09-19 04:36:48,335 INFO ===> New TaichiEnv created.
2024-09-19 04:36:48,335 INFO ===> Specifications: horizon = 300, dt = 0.01, n_substeps = 20, dt_sub = 0.0005
2024-09-19 04:37:26,104 INFO =====> Epoch: 131
2024-09-19 04:37:26,104 INFO =====> EMD Loss: 32.22553634643555
2024-09-19 04:37:26,104 INFO =====> Height map loss: 25.26407241821289
2024-09-19 04:37:26,104 INFO =====> Trajectory grad mean: 0.9055436253547668
2024-09-19 04:37:26,104 INFO =====> Num. aborted data so far: 0
2024-09-19 04:37:26,380 INFO ===> New TaichiEnv created.
2024-09-19 04:37:26,380 INFO ===> Specifications: horizon = 300, dt = 0.01, n_substeps = 20, dt_sub = 0.0005
2024-09-19 04:38:04,199 INFO =====> Epoch: 132
2024-09-19 04:38:04,199 INFO =====> EMD Loss: 32.43401336669922
2024-09-19 04:38:04,199 INFO =====> Height map loss: 25.233623504638672
2024-09-19 04:38:04,199 INFO =====> Trajectory grad mean: 0.9055436253547668
2024-09-19 04:38:04,199 INFO =====> Num. aborted data so far: 0
2024-09-19 04:38:04,474 INFO ===> New TaichiEnv created.
2024-09-19 04:38:04,474 INFO ===> Specifications: horizon = 300, dt = 0.01, n_substeps = 20, dt_sub = 0.0005
2024-09-19 04:38:42,581 INFO =====> Epoch: 133
2024-09-19 04:38:42,582 INFO =====> EMD Loss: 32.13811492919922
2024-09-19 04:38:42,582 INFO =====> Height map loss: 25.227264404296875
2024-09-19 04:38:42,582 INFO =====> Trajectory grad mean: 0.9055436253547668
2024-09-19 04:38:42,582 INFO =====> Num. aborted data so far: 0
2024-09-19 04:38:42,856 INFO ===> New TaichiEnv created.
2024-09-19 04:38:42,856 INFO ===> Specifications: horizon = 300, dt = 0.01, n_substeps = 20, dt_sub = 0.0005
2024-09-19 04:39:20,934 INFO =====> Epoch: 134
2024-09-19 04:39:20,934 INFO =====> EMD Loss: 32.54881286621094
2024-09-19 04:39:20,934 INFO =====> Height map loss: 25.309316635131836
2024-09-19 04:39:20,934 INFO =====> Trajectory grad mean: 0.9055436253547668
2024-09-19 04:39:20,934 INFO =====> Num. aborted data so far: 0
2024-09-19 04:39:21,210 INFO ===> New TaichiEnv created.
2024-09-19 04:39:21,210 INFO ===> Specifications: horizon = 300, dt = 0.01, n_substeps = 20, dt_sub = 0.0005
2024-09-19 04:39:59,229 INFO =====> Epoch: 135
2024-09-19 04:39:59,229 INFO =====> EMD Loss: 32.779964447021484
2024-09-19 04:39:59,229 INFO =====> Height map loss: 25.45314598083496
2024-09-19 04:39:59,229 INFO =====> Trajectory grad mean: 0.9055436253547668
2024-09-19 04:39:59,229 INFO =====> Num. aborted data so far: 0
2024-09-19 04:39:59,504 INFO ===> New TaichiEnv created.
2024-09-19 04:39:59,504 INFO ===> Specifications: horizon = 300, dt = 0.01, n_substeps = 20, dt_sub = 0.0005
2024-09-19 04:40:37,364 INFO =====> Epoch: 136
2024-09-19 04:40:37,364 INFO =====> EMD Loss: 32.186283111572266
2024-09-19 04:40:37,364 INFO =====> Height map loss: 25.274789810180664
2024-09-19 04:40:37,364 INFO =====> Trajectory grad mean: 0.9055436253547668
2024-09-19 04:40:37,365 INFO =====> Num. aborted data so far: 0
2024-09-19 04:40:37,639 INFO ===> New TaichiEnv created.
2024-09-19 04:40:37,639 INFO ===> Specifications: horizon = 300, dt = 0.01, n_substeps = 20, dt_sub = 0.0005
2024-09-19 04:41:15,508 INFO =====> Epoch: 137
2024-09-19 04:41:15,508 INFO =====> EMD Loss: 32.5894660949707
2024-09-19 04:41:15,508 INFO =====> Height map loss: 25.33275032043457
2024-09-19 04:41:15,508 INFO =====> Trajectory grad mean: 0.9055436253547668
2024-09-19 04:41:15,508 INFO =====> Num. aborted data so far: 0
2024-09-19 04:41:15,784 INFO ===> New TaichiEnv created.
2024-09-19 04:41:15,784 INFO ===> Specifications: horizon = 300, dt = 0.01, n_substeps = 20, dt_sub = 0.0005
2024-09-19 04:41:53,564 INFO =====> Epoch: 138
2024-09-19 04:41:53,564 INFO =====> EMD Loss: 32.20684051513672
2024-09-19 04:41:53,564 INFO =====> Height map loss: 25.241180419921875
2024-09-19 04:41:53,564 INFO =====> Trajectory grad mean: 0.9055436253547668
2024-09-19 04:41:53,564 INFO =====> Num. aborted data so far: 0
2024-09-19 04:41:53,839 INFO ===> New TaichiEnv created.
2024-09-19 04:41:53,839 INFO ===> Specifications: horizon = 300, dt = 0.01, n_substeps = 20, dt_sub = 0.0005
2024-09-19 04:42:31,632 INFO =====> Epoch: 139
2024-09-19 04:42:31,633 INFO =====> EMD Loss: 32.32236099243164
2024-09-19 04:42:31,633 INFO =====> Height map loss: 25.25348472595215
2024-09-19 04:42:31,633 INFO =====> Trajectory grad mean: 0.9055436253547668
2024-09-19 04:42:31,633 INFO =====> Num. aborted data so far: 0
2024-09-19 04:42:31,908 INFO ===> New TaichiEnv created.
2024-09-19 04:42:31,908 INFO ===> Specifications: horizon = 300, dt = 0.01, n_substeps = 20, dt_sub = 0.0005
2024-09-19 04:43:10,012 INFO =====> Epoch: 140
2024-09-19 04:43:10,012 INFO =====> EMD Loss: 32.61520004272461
2024-09-19 04:43:10,012 INFO =====> Height map loss: 25.40212059020996
2024-09-19 04:43:10,012 INFO =====> Trajectory grad mean: 0.9055436253547668
2024-09-19 04:43:10,012 INFO =====> Num. aborted data so far: 0
2024-09-19 04:43:10,289 INFO ===> New TaichiEnv created.
2024-09-19 04:43:10,289 INFO ===> Specifications: horizon = 300, dt = 0.01, n_substeps = 20, dt_sub = 0.0005
2024-09-19 04:43:48,072 INFO =====> Epoch: 141
2024-09-19 04:43:48,072 INFO =====> EMD Loss: 32.2335090637207
2024-09-19 04:43:48,072 INFO =====> Height map loss: 25.26470947265625
2024-09-19 04:43:48,072 INFO =====> Trajectory grad mean: 0.9055436253547668
2024-09-19 04:43:48,072 INFO =====> Num. aborted data so far: 0
2024-09-19 04:43:48,348 INFO ===> New TaichiEnv created.
2024-09-19 04:43:48,349 INFO ===> Specifications: horizon = 300, dt = 0.01, n_substeps = 20, dt_sub = 0.0005
2024-09-19 04:44:26,167 INFO =====> Epoch: 142
2024-09-19 04:44:26,167 INFO =====> EMD Loss: 32.159053802490234
2024-09-19 04:44:26,167 INFO =====> Height map loss: 25.230533599853516
2024-09-19 04:44:26,167 INFO =====> Trajectory grad mean: 0.9055436253547668
2024-09-19 04:44:26,167 INFO =====> Num. aborted data so far: 0
2024-09-19 04:44:26,446 INFO ===> New TaichiEnv created.
2024-09-19 04:44:26,446 INFO ===> Specifications: horizon = 300, dt = 0.01, n_substeps = 20, dt_sub = 0.0005
2024-09-19 04:45:04,286 INFO =====> Epoch: 143
2024-09-19 04:45:04,286 INFO =====> EMD Loss: 32.533206939697266
2024-09-19 04:45:04,286 INFO =====> Height map loss: 25.37411117553711
2024-09-19 04:45:04,286 INFO =====> Trajectory grad mean: 0.9055436253547668
2024-09-19 04:45:04,286 INFO =====> Num. aborted data so far: 0
2024-09-19 04:45:04,562 INFO ===> New TaichiEnv created.
2024-09-19 04:45:04,562 INFO ===> Specifications: horizon = 300, dt = 0.01, n_substeps = 20, dt_sub = 0.0005
2024-09-19 04:45:42,574 INFO =====> Epoch: 144
2024-09-19 04:45:42,574 INFO =====> EMD Loss: 32.61416244506836
2024-09-19 04:45:42,574 INFO =====> Height map loss: 25.42026710510254
2024-09-19 04:45:42,574 INFO =====> Trajectory grad mean: 0.9055436253547668
2024-09-19 04:45:42,574 INFO =====> Num. aborted data so far: 0
2024-09-19 04:45:42,854 INFO ===> New TaichiEnv created.
2024-09-19 04:45:42,854 INFO ===> Specifications: horizon = 300, dt = 0.01, n_substeps = 20, dt_sub = 0.0005
2024-09-19 04:46:20,642 INFO =====> Epoch: 145
2024-09-19 04:46:20,642 INFO =====> EMD Loss: 32.19976043701172
2024-09-19 04:46:20,642 INFO =====> Height map loss: 25.231075286865234
2024-09-19 04:46:20,642 INFO =====> Trajectory grad mean: 0.9055436253547668
2024-09-19 04:46:20,642 INFO =====> Num. aborted data so far: 0
2024-09-19 04:46:20,916 INFO ===> New TaichiEnv created.
2024-09-19 04:46:20,916 INFO ===> Specifications: horizon = 300, dt = 0.01, n_substeps = 20, dt_sub = 0.0005
2024-09-19 04:46:58,812 INFO =====> Epoch: 146
2024-09-19 04:46:58,812 INFO =====> EMD Loss: 32.479087829589844
2024-09-19 04:46:58,812 INFO =====> Height map loss: 25.39070701599121
2024-09-19 04:46:58,812 INFO =====> Trajectory grad mean: 0.9055436253547668
2024-09-19 04:46:58,812 INFO =====> Num. aborted data so far: 0
2024-09-19 04:46:59,090 INFO ===> New TaichiEnv created.
2024-09-19 04:46:59,096 INFO ===> Specifications: horizon = 300, dt = 0.01, n_substeps = 20, dt_sub = 0.0005
2024-09-19 04:47:37,003 INFO =====> Epoch: 147
2024-09-19 04:47:37,003 INFO =====> EMD Loss: 32.519195556640625
2024-09-19 04:47:37,003 INFO =====> Height map loss: 25.36654281616211
2024-09-19 04:47:37,003 INFO =====> Trajectory grad mean: 0.9055436253547668
2024-09-19 04:47:37,003 INFO =====> Num. aborted data so far: 0
2024-09-19 04:47:37,280 INFO ===> New TaichiEnv created.
2024-09-19 04:47:37,280 INFO ===> Specifications: horizon = 300, dt = 0.01, n_substeps = 20, dt_sub = 0.0005
2024-09-19 04:48:15,351 INFO =====> Epoch: 148
2024-09-19 04:48:15,351 INFO =====> EMD Loss: 32.60139846801758
2024-09-19 04:48:15,351 INFO =====> Height map loss: 25.394609451293945
2024-09-19 04:48:15,351 INFO =====> Trajectory grad mean: 0.9055436253547668
2024-09-19 04:48:15,351 INFO =====> Num. aborted data so far: 0
2024-09-19 04:48:15,630 INFO ===> New TaichiEnv created.
2024-09-19 04:48:15,630 INFO ===> Specifications: horizon = 300, dt = 0.01, n_substeps = 20, dt_sub = 0.0005
2024-09-19 04:48:53,527 INFO =====> Epoch: 149
2024-09-19 04:48:53,527 INFO =====> EMD Loss: 32.36811828613281
2024-09-19 04:48:53,527 INFO =====> Height map loss: 25.361387252807617
2024-09-19 04:48:53,527 INFO =====> Trajectory grad mean: 0.9055436253547668
2024-09-19 04:48:53,527 INFO =====> Num. aborted data so far: 0
2024-09-19 04:48:53,528 INFO ====> Finished training.
2024-09-19 04:48:53,528 INFO ====> Final EMD loss: 32.36811828613281
2024-09-19 04:48:53,528 INFO ====> Final height map loss: 25.361387252807617
