2024-12-11 14:50:27,258 DEBUG loaded <trimesh.Trimesh(vertices.shape=(916, 3), faces.shape=(856, 3))> using `load_obj` in 0.0029s
2024-12-11 14:50:27,408 DEBUG loaded <trimesh.Trimesh(vertices.shape=(48, 3), faces.shape=(28, 3))> using `load_obj` in 0.0007s
2024-12-11 14:50:44,611 INFO =====> Skill params: [ 0.46502045  0.2         0.8         0.         -0.5       ]
2024-12-11 14:50:44,612 INFO =====> Grad: [-9.6747778e+02  1.7785712e+03 -2.3701410e-05 -2.2157019e+02
  7.7706376e-05]
2024-12-11 14:50:44,612 INFO =====> Num. aborted data so far: 0
2024-12-11 14:50:44,612 INFO ===========> Epoch: 0 optimisation losses
2024-12-11 14:50:44,612 INFO =====> EMD Loss: 24.869194
2024-12-11 14:50:44,612 INFO =====> Height map loss: 11.701784
2024-12-11 14:50:45,017 DEBUG loaded <trimesh.Trimesh(vertices.shape=(916, 3), faces.shape=(856, 3))> using `load_obj` in 0.0030s
2024-12-11 14:50:45,168 DEBUG loaded <trimesh.Trimesh(vertices.shape=(48, 3), faces.shape=(28, 3))> using `load_obj` in 0.0007s
2024-12-11 14:50:52,172 INFO ==> EMD Loss: 24.756962
2024-12-11 14:50:52,172 INFO ==> Height map loss:  11.127487
2024-12-11 14:50:52,552 DEBUG loaded <trimesh.Trimesh(vertices.shape=(916, 3), faces.shape=(856, 3))> using `load_obj` in 0.0030s
2024-12-11 14:50:52,705 DEBUG loaded <trimesh.Trimesh(vertices.shape=(48, 3), faces.shape=(28, 3))> using `load_obj` in 0.0007s
2024-12-11 14:50:59,749 INFO ==> EMD Loss: 23.862640
2024-12-11 14:50:59,749 INFO ==> Height map loss:  10.197813
2024-12-11 14:51:00,123 DEBUG loaded <trimesh.Trimesh(vertices.shape=(916, 3), faces.shape=(856, 3))> using `load_obj` in 0.0030s
2024-12-11 14:51:00,277 DEBUG loaded <trimesh.Trimesh(vertices.shape=(48, 3), faces.shape=(28, 3))> using `load_obj` in 0.0007s
2024-12-11 14:51:07,314 INFO ==> EMD Loss: 23.400251
2024-12-11 14:51:07,314 INFO ==> Height map loss:  9.324337
2024-12-11 14:51:07,692 DEBUG loaded <trimesh.Trimesh(vertices.shape=(916, 3), faces.shape=(856, 3))> using `load_obj` in 0.0030s
2024-12-11 14:51:07,847 DEBUG loaded <trimesh.Trimesh(vertices.shape=(48, 3), faces.shape=(28, 3))> using `load_obj` in 0.0007s
2024-12-11 14:51:14,927 INFO ==> EMD Loss: 23.647362
2024-12-11 14:51:14,927 INFO ==> Height map loss:  9.820957
2024-12-11 14:51:15,382 DEBUG loaded <trimesh.Trimesh(vertices.shape=(916, 3), faces.shape=(856, 3))> using `load_obj` in 0.0040s
2024-12-11 14:51:15,581 DEBUG loaded <trimesh.Trimesh(vertices.shape=(48, 3), faces.shape=(28, 3))> using `load_obj` in 0.0009s
2024-12-11 14:51:23,062 INFO ==> EMD Loss: 24.346556
2024-12-11 14:51:23,062 INFO ==> Height map loss:  11.597724
2024-12-11 14:51:23,484 DEBUG loaded <trimesh.Trimesh(vertices.shape=(916, 3), faces.shape=(856, 3))> using `load_obj` in 0.0030s
2024-12-11 14:51:23,675 DEBUG loaded <trimesh.Trimesh(vertices.shape=(48, 3), faces.shape=(28, 3))> using `load_obj` in 0.0007s
2024-12-11 14:51:41,682 INFO =====> Skill params: [ 0.5598888   0.10513167  0.807471    0.09486833 -0.5237855 ]
2024-12-11 14:51:41,682 INFO =====> Grad: [ 5.0155966e+02 -2.2604124e+03  1.7180348e-05 -8.1623450e+02
  1.7020549e-05]
2024-12-11 14:51:41,682 INFO =====> Num. aborted data so far: 0
2024-12-11 14:51:41,682 INFO ===========> Epoch: 1 optimisation losses
2024-12-11 14:51:41,682 INFO =====> EMD Loss: 23.548599
2024-12-11 14:51:41,682 INFO =====> Height map loss: 9.324203
2024-12-11 14:51:42,118 DEBUG loaded <trimesh.Trimesh(vertices.shape=(916, 3), faces.shape=(856, 3))> using `load_obj` in 0.0031s
2024-12-11 14:51:42,266 DEBUG loaded <trimesh.Trimesh(vertices.shape=(48, 3), faces.shape=(28, 3))> using `load_obj` in 0.0007s
2024-12-11 14:51:49,150 INFO ==> EMD Loss: 23.786325
2024-12-11 14:51:49,150 INFO ==> Height map loss:  9.323194
2024-12-11 14:51:49,538 DEBUG loaded <trimesh.Trimesh(vertices.shape=(916, 3), faces.shape=(856, 3))> using `load_obj` in 0.0029s
2024-12-11 14:51:49,687 DEBUG loaded <trimesh.Trimesh(vertices.shape=(48, 3), faces.shape=(28, 3))> using `load_obj` in 0.0007s
2024-12-11 14:51:56,754 INFO ==> EMD Loss: 23.703167
2024-12-11 14:51:56,754 INFO ==> Height map loss:  9.899942
2024-12-11 14:51:57,131 DEBUG loaded <trimesh.Trimesh(vertices.shape=(916, 3), faces.shape=(856, 3))> using `load_obj` in 0.0030s
2024-12-11 14:51:57,280 DEBUG loaded <trimesh.Trimesh(vertices.shape=(48, 3), faces.shape=(28, 3))> using `load_obj` in 0.0007s
2024-12-11 14:52:04,638 INFO ==> EMD Loss: 25.419474
2024-12-11 14:52:04,638 INFO ==> Height map loss:  10.615254
2024-12-11 14:52:05,015 DEBUG loaded <trimesh.Trimesh(vertices.shape=(916, 3), faces.shape=(856, 3))> using `load_obj` in 0.0030s
2024-12-11 14:52:05,165 DEBUG loaded <trimesh.Trimesh(vertices.shape=(48, 3), faces.shape=(28, 3))> using `load_obj` in 0.0007s
2024-12-11 14:52:12,218 INFO ==> EMD Loss: 24.989473
2024-12-11 14:52:12,218 INFO ==> Height map loss:  11.367446
2024-12-11 14:52:12,614 DEBUG loaded <trimesh.Trimesh(vertices.shape=(916, 3), faces.shape=(856, 3))> using `load_obj` in 0.0029s
2024-12-11 14:52:12,762 DEBUG loaded <trimesh.Trimesh(vertices.shape=(48, 3), faces.shape=(28, 3))> using `load_obj` in 0.0007s
2024-12-11 14:52:19,736 INFO ==> EMD Loss: 25.468994
2024-12-11 14:52:19,736 INFO ==> Height map loss:  12.253960
2024-12-11 14:52:20,128 DEBUG loaded <trimesh.Trimesh(vertices.shape=(916, 3), faces.shape=(856, 3))> using `load_obj` in 0.0028s
2024-12-11 14:52:20,277 DEBUG loaded <trimesh.Trimesh(vertices.shape=(48, 3), faces.shape=(28, 3))> using `load_obj` in 0.0007s
2024-12-11 14:52:37,646 INFO =====> Skill params: [ 0.5553395   0.11273405  0.80690116  0.10405542 -0.5243337 ]
2024-12-11 14:52:37,646 INFO =====> Grad: [-1.1078800e+03  6.3906108e+03  3.2874279e-05  7.4778845e+02
  1.3440497e-05]
2024-12-11 14:52:37,646 INFO =====> Num. aborted data so far: 0
2024-12-11 14:52:37,647 INFO ===========> Epoch: 2 optimisation losses
2024-12-11 14:52:37,647 INFO =====> EMD Loss: 23.788572
2024-12-11 14:52:37,647 INFO =====> Height map loss: 9.323391
2024-12-11 14:52:38,045 DEBUG loaded <trimesh.Trimesh(vertices.shape=(916, 3), faces.shape=(856, 3))> using `load_obj` in 0.0030s
2024-12-11 14:52:38,192 DEBUG loaded <trimesh.Trimesh(vertices.shape=(48, 3), faces.shape=(28, 3))> using `load_obj` in 0.0007s
2024-12-11 14:52:44,973 INFO ==> EMD Loss: 23.463966
2024-12-11 14:52:44,973 INFO ==> Height map loss:  9.373434
2024-12-11 14:52:45,343 DEBUG loaded <trimesh.Trimesh(vertices.shape=(916, 3), faces.shape=(856, 3))> using `load_obj` in 0.0029s
2024-12-11 14:52:45,489 DEBUG loaded <trimesh.Trimesh(vertices.shape=(48, 3), faces.shape=(28, 3))> using `load_obj` in 0.0007s
2024-12-11 14:52:52,626 INFO ==> EMD Loss: 23.000265
2024-12-11 14:52:52,626 INFO ==> Height map loss:  9.170954
2024-12-11 14:52:53,090 DEBUG loaded <trimesh.Trimesh(vertices.shape=(916, 3), faces.shape=(856, 3))> using `load_obj` in 0.0040s
2024-12-11 14:52:53,286 DEBUG loaded <trimesh.Trimesh(vertices.shape=(48, 3), faces.shape=(28, 3))> using `load_obj` in 0.0008s
2024-12-11 14:53:00,501 INFO ==> EMD Loss: 23.793577
2024-12-11 14:53:00,501 INFO ==> Height map loss:  10.018655
2024-12-11 14:53:00,902 DEBUG loaded <trimesh.Trimesh(vertices.shape=(916, 3), faces.shape=(856, 3))> using `load_obj` in 0.0030s
2024-12-11 14:53:01,054 DEBUG loaded <trimesh.Trimesh(vertices.shape=(48, 3), faces.shape=(28, 3))> using `load_obj` in 0.0007s
2024-12-11 14:53:08,228 INFO ==> EMD Loss: 24.217106
2024-12-11 14:53:08,229 INFO ==> Height map loss:  11.309959
2024-12-11 14:53:08,605 DEBUG loaded <trimesh.Trimesh(vertices.shape=(916, 3), faces.shape=(856, 3))> using `load_obj` in 0.0030s
2024-12-11 14:53:08,757 DEBUG loaded <trimesh.Trimesh(vertices.shape=(48, 3), faces.shape=(28, 3))> using `load_obj` in 0.0007s
2024-12-11 14:53:16,132 INFO ==> EMD Loss: 24.880733
2024-12-11 14:53:16,132 INFO ==> Height map loss:  12.866493
2024-12-11 14:53:16,590 DEBUG loaded <trimesh.Trimesh(vertices.shape=(916, 3), faces.shape=(856, 3))> using `load_obj` in 0.0040s
2024-12-11 14:53:16,774 DEBUG loaded <trimesh.Trimesh(vertices.shape=(48, 3), faces.shape=(28, 3))> using `load_obj` in 0.0007s
2024-12-11 14:53:34,811 INFO =====> Skill params: [ 0.5906736   0.06898086  0.80119646  0.07165589 -0.5266128 ]
2024-12-11 14:53:34,811 INFO =====> Grad: [-5.6254478e+01  3.6594890e+03  1.2293916e-05  6.0374023e+02
  7.6024815e-05]
2024-12-11 14:53:34,812 INFO =====> Num. aborted data so far: 0
2024-12-11 14:53:34,812 INFO ===========> Epoch: 3 optimisation losses
2024-12-11 14:53:34,812 INFO =====> EMD Loss: 23.141821
2024-12-11 14:53:34,812 INFO =====> Height map loss: 9.173326
2024-12-11 14:53:35,222 DEBUG loaded <trimesh.Trimesh(vertices.shape=(916, 3), faces.shape=(856, 3))> using `load_obj` in 0.0030s
2024-12-11 14:53:35,369 DEBUG loaded <trimesh.Trimesh(vertices.shape=(48, 3), faces.shape=(28, 3))> using `load_obj` in 0.0007s
2024-12-11 14:53:42,230 INFO ==> EMD Loss: 23.171986
2024-12-11 14:53:42,230 INFO ==> Height map loss:  9.215181
2024-12-11 14:53:42,633 DEBUG loaded <trimesh.Trimesh(vertices.shape=(916, 3), faces.shape=(856, 3))> using `load_obj` in 0.0029s
2024-12-11 14:53:42,779 DEBUG loaded <trimesh.Trimesh(vertices.shape=(48, 3), faces.shape=(28, 3))> using `load_obj` in 0.0007s
2024-12-11 14:53:49,641 INFO ==> EMD Loss: 23.471226
2024-12-11 14:53:49,641 INFO ==> Height map loss:  9.405668
2024-12-11 14:53:50,018 DEBUG loaded <trimesh.Trimesh(vertices.shape=(916, 3), faces.shape=(856, 3))> using `load_obj` in 0.0029s
2024-12-11 14:53:50,171 DEBUG loaded <trimesh.Trimesh(vertices.shape=(48, 3), faces.shape=(28, 3))> using `load_obj` in 0.0007s
2024-12-11 14:53:57,196 INFO ==> EMD Loss: 23.607822
2024-12-11 14:53:57,196 INFO ==> Height map loss:  9.637719
2024-12-11 14:53:57,625 DEBUG loaded <trimesh.Trimesh(vertices.shape=(916, 3), faces.shape=(856, 3))> using `load_obj` in 0.0029s
2024-12-11 14:53:57,772 DEBUG loaded <trimesh.Trimesh(vertices.shape=(48, 3), faces.shape=(28, 3))> using `load_obj` in 0.0007s
2024-12-11 14:54:04,788 INFO ==> EMD Loss: 23.737394
2024-12-11 14:54:04,788 INFO ==> Height map loss:  10.271622
2024-12-11 14:54:05,159 DEBUG loaded <trimesh.Trimesh(vertices.shape=(916, 3), faces.shape=(856, 3))> using `load_obj` in 0.0029s
2024-12-11 14:54:05,308 DEBUG loaded <trimesh.Trimesh(vertices.shape=(48, 3), faces.shape=(28, 3))> using `load_obj` in 0.0007s
2024-12-11 14:54:12,290 INFO ==> EMD Loss: 24.095243
2024-12-11 14:54:12,290 INFO ==> Height map loss:  10.906685
2024-12-11 14:54:12,671 DEBUG loaded <trimesh.Trimesh(vertices.shape=(916, 3), faces.shape=(856, 3))> using `load_obj` in 0.0029s
2024-12-11 14:54:12,829 DEBUG loaded <trimesh.Trimesh(vertices.shape=(48, 3), faces.shape=(28, 3))> using `load_obj` in 0.0008s
2024-12-11 14:54:30,830 INFO =====> Skill params: [ 0.5910516   0.06436596  0.8007472   0.06688822 -0.52922547]
2024-12-11 14:54:30,830 INFO =====> Grad: [ 6.1099335e+02 -4.0566772e+03  4.6450798e-05 -5.3656055e+02
 -2.0223251e-05]
2024-12-11 14:54:30,830 INFO =====> Num. aborted data so far: 0
2024-12-11 14:54:30,831 INFO ===========> Epoch: 4 optimisation losses
2024-12-11 14:54:30,831 INFO =====> EMD Loss: 23.171846
2024-12-11 14:54:30,831 INFO =====> Height map loss: 9.215258
2024-12-11 14:54:31,324 DEBUG loaded <trimesh.Trimesh(vertices.shape=(916, 3), faces.shape=(856, 3))> using `load_obj` in 0.0039s
2024-12-11 14:54:31,520 DEBUG loaded <trimesh.Trimesh(vertices.shape=(48, 3), faces.shape=(28, 3))> using `load_obj` in 0.0009s
2024-12-11 14:54:39,168 INFO ==> EMD Loss: 23.288124
2024-12-11 14:54:39,168 INFO ==> Height map loss:  9.155035
2024-12-11 14:54:39,541 DEBUG loaded <trimesh.Trimesh(vertices.shape=(916, 3), faces.shape=(856, 3))> using `load_obj` in 0.0028s
2024-12-11 14:54:39,688 DEBUG loaded <trimesh.Trimesh(vertices.shape=(48, 3), faces.shape=(28, 3))> using `load_obj` in 0.0007s
2024-12-11 14:54:46,501 INFO ==> EMD Loss: 23.720802
2024-12-11 14:54:46,501 INFO ==> Height map loss:  9.055597
2024-12-11 14:54:46,925 DEBUG loaded <trimesh.Trimesh(vertices.shape=(916, 3), faces.shape=(856, 3))> using `load_obj` in 0.0030s
2024-12-11 14:54:47,072 DEBUG loaded <trimesh.Trimesh(vertices.shape=(48, 3), faces.shape=(28, 3))> using `load_obj` in 0.0007s
2024-12-11 14:54:54,154 INFO ==> EMD Loss: 23.756224
2024-12-11 14:54:54,154 INFO ==> Height map loss:  9.296492
2024-12-11 14:54:54,536 DEBUG loaded <trimesh.Trimesh(vertices.shape=(916, 3), faces.shape=(856, 3))> using `load_obj` in 0.0029s
2024-12-11 14:54:54,703 DEBUG loaded <trimesh.Trimesh(vertices.shape=(48, 3), faces.shape=(28, 3))> using `load_obj` in 0.0009s
2024-12-11 14:55:01,838 INFO ==> EMD Loss: 23.884514
2024-12-11 14:55:01,838 INFO ==> Height map loss:  9.920251
2024-12-11 14:55:02,216 DEBUG loaded <trimesh.Trimesh(vertices.shape=(916, 3), faces.shape=(856, 3))> using `load_obj` in 0.0028s
2024-12-11 14:55:02,366 DEBUG loaded <trimesh.Trimesh(vertices.shape=(48, 3), faces.shape=(28, 3))> using `load_obj` in 0.0007s
2024-12-11 14:55:09,478 INFO ==> EMD Loss: 24.649021
2024-12-11 14:55:09,478 INFO ==> Height map loss:  10.443725
2024-12-11 14:55:09,865 DEBUG loaded <trimesh.Trimesh(vertices.shape=(916, 3), faces.shape=(856, 3))> using `load_obj` in 0.0028s
2024-12-11 14:55:10,015 DEBUG loaded <trimesh.Trimesh(vertices.shape=(48, 3), faces.shape=(28, 3))> using `load_obj` in 0.0007s
2024-12-11 14:55:27,369 INFO =====> Skill params: [ 0.5713676   0.08780633  0.7919561   0.08709282 -0.5255735 ]
2024-12-11 14:55:27,370 INFO =====> Grad: [ 5.1243103e+02 -3.3208826e+03 -3.3855792e-06 -2.9219986e+02
 -1.6765049e-05]
2024-12-11 14:55:27,370 INFO =====> Num. aborted data so far: 0
2024-12-11 14:55:27,370 INFO ===========> Epoch: 5 optimisation losses
2024-12-11 14:55:27,370 INFO =====> EMD Loss: 23.727272
2024-12-11 14:55:27,370 INFO =====> Height map loss: 9.055824
2024-12-11 14:55:27,777 DEBUG loaded <trimesh.Trimesh(vertices.shape=(916, 3), faces.shape=(856, 3))> using `load_obj` in 0.0030s
2024-12-11 14:55:27,932 DEBUG loaded <trimesh.Trimesh(vertices.shape=(48, 3), faces.shape=(28, 3))> using `load_obj` in 0.0007s
2024-12-11 14:55:34,955 INFO ==> EMD Loss: 23.910568
2024-12-11 14:55:34,955 INFO ==> Height map loss:  9.075682
2024-12-11 14:55:35,327 DEBUG loaded <trimesh.Trimesh(vertices.shape=(916, 3), faces.shape=(856, 3))> using `load_obj` in 0.0029s
2024-12-11 14:55:35,479 DEBUG loaded <trimesh.Trimesh(vertices.shape=(48, 3), faces.shape=(28, 3))> using `load_obj` in 0.0008s
2024-12-11 14:55:42,357 INFO ==> EMD Loss: 23.750929
2024-12-11 14:55:42,357 INFO ==> Height map loss:  9.281137
2024-12-11 14:55:42,726 DEBUG loaded <trimesh.Trimesh(vertices.shape=(916, 3), faces.shape=(856, 3))> using `load_obj` in 0.0030s
2024-12-11 14:55:42,875 DEBUG loaded <trimesh.Trimesh(vertices.shape=(48, 3), faces.shape=(28, 3))> using `load_obj` in 0.0007s
2024-12-11 14:55:49,717 INFO ==> EMD Loss: 23.664495
2024-12-11 14:55:49,717 INFO ==> Height map loss:  9.868963
2024-12-11 14:55:50,185 DEBUG loaded <trimesh.Trimesh(vertices.shape=(916, 3), faces.shape=(856, 3))> using `load_obj` in 0.0030s
2024-12-11 14:55:50,337 DEBUG loaded <trimesh.Trimesh(vertices.shape=(48, 3), faces.shape=(28, 3))> using `load_obj` in 0.0007s
2024-12-11 14:55:57,730 INFO ==> EMD Loss: 24.085371
2024-12-11 14:55:57,730 INFO ==> Height map loss:  10.089075
2024-12-11 14:55:58,150 DEBUG loaded <trimesh.Trimesh(vertices.shape=(916, 3), faces.shape=(856, 3))> using `load_obj` in 0.0040s
2024-12-11 14:55:58,346 DEBUG loaded <trimesh.Trimesh(vertices.shape=(48, 3), faces.shape=(28, 3))> using `load_obj` in 0.0009s
2024-12-11 14:56:05,499 INFO ==> EMD Loss: 24.591148
2024-12-11 14:56:05,499 INFO ==> Height map loss:  10.477200
2024-12-11 14:56:05,877 DEBUG loaded <trimesh.Trimesh(vertices.shape=(916, 3), faces.shape=(856, 3))> using `load_obj` in 0.0030s
2024-12-11 14:56:06,029 DEBUG loaded <trimesh.Trimesh(vertices.shape=(48, 3), faces.shape=(28, 3))> using `load_obj` in 0.0007s
2024-12-11 14:56:24,095 INFO =====> Skill params: [ 0.5681002   0.09152749  0.7920912   0.08934608 -0.5249367 ]
2024-12-11 14:56:24,095 INFO =====> Grad: [ 8.9094641e+02 -6.0182212e+03 -3.1520012e-05 -5.5195972e+02
 -2.7120035e-05]
2024-12-11 14:56:24,095 INFO =====> Num. aborted data so far: 0
2024-12-11 14:56:24,096 INFO ===========> Epoch: 6 optimisation losses
2024-12-11 14:56:24,096 INFO =====> EMD Loss: 23.906204
2024-12-11 14:56:24,096 INFO =====> Height map loss: 9.078343
2024-12-11 14:56:24,505 DEBUG loaded <trimesh.Trimesh(vertices.shape=(916, 3), faces.shape=(856, 3))> using `load_obj` in 0.0031s
2024-12-11 14:56:24,658 DEBUG loaded <trimesh.Trimesh(vertices.shape=(48, 3), faces.shape=(28, 3))> using `load_obj` in 0.0008s
2024-12-11 14:56:31,803 INFO ==> EMD Loss: 23.246513
2024-12-11 14:56:31,803 INFO ==> Height map loss:  9.316942
2024-12-11 14:56:32,272 DEBUG loaded <trimesh.Trimesh(vertices.shape=(916, 3), faces.shape=(856, 3))> using `load_obj` in 0.0040s
2024-12-11 14:56:32,467 DEBUG loaded <trimesh.Trimesh(vertices.shape=(48, 3), faces.shape=(28, 3))> using `load_obj` in 0.0009s
2024-12-11 14:56:39,489 INFO ==> EMD Loss: 23.479790
2024-12-11 14:56:39,489 INFO ==> Height map loss:  9.763474
2024-12-11 14:56:39,859 DEBUG loaded <trimesh.Trimesh(vertices.shape=(916, 3), faces.shape=(856, 3))> using `load_obj` in 0.0029s
2024-12-11 14:56:40,006 DEBUG loaded <trimesh.Trimesh(vertices.shape=(48, 3), faces.shape=(28, 3))> using `load_obj` in 0.0007s
2024-12-11 14:56:46,867 INFO ==> EMD Loss: 24.155357
2024-12-11 14:56:46,867 INFO ==> Height map loss:  10.318075
2024-12-11 14:56:47,246 DEBUG loaded <trimesh.Trimesh(vertices.shape=(916, 3), faces.shape=(856, 3))> using `load_obj` in 0.0029s
2024-12-11 14:56:47,395 DEBUG loaded <trimesh.Trimesh(vertices.shape=(48, 3), faces.shape=(28, 3))> using `load_obj` in 0.0007s
2024-12-11 14:56:54,368 INFO ==> EMD Loss: 24.978407
2024-12-11 14:56:54,368 INFO ==> Height map loss:  11.190906
2024-12-11 14:56:54,754 DEBUG loaded <trimesh.Trimesh(vertices.shape=(916, 3), faces.shape=(856, 3))> using `load_obj` in 0.0029s
2024-12-11 14:56:54,901 DEBUG loaded <trimesh.Trimesh(vertices.shape=(48, 3), faces.shape=(28, 3))> using `load_obj` in 0.0007s
2024-12-11 14:57:01,864 INFO ==> EMD Loss: 25.221880
2024-12-11 14:57:01,864 INFO ==> Height map loss:  11.849977
2024-12-11 14:57:02,243 DEBUG loaded <trimesh.Trimesh(vertices.shape=(916, 3), faces.shape=(856, 3))> using `load_obj` in 0.0030s
2024-12-11 14:57:02,395 DEBUG loaded <trimesh.Trimesh(vertices.shape=(48, 3), faces.shape=(28, 3))> using `load_obj` in 0.0007s
2024-12-11 14:57:19,866 INFO =====> Skill params: [ 0.56303644  0.09721614  0.7934039   0.09340198 -0.5238579 ]
2024-12-11 14:57:19,866 INFO =====> Grad: [ 4.5533261e+02 -2.9558186e+03  1.9841662e-05 -9.6511902e+02
  1.3274996e-04]
2024-12-11 14:57:19,866 INFO =====> Num. aborted data so far: 0
2024-12-11 14:57:19,867 INFO ===========> Epoch: 7 optimisation losses
2024-12-11 14:57:19,867 INFO =====> EMD Loss: 23.246367
2024-12-11 14:57:19,867 INFO =====> Height map loss: 9.314762
2024-12-11 14:57:20,293 DEBUG loaded <trimesh.Trimesh(vertices.shape=(916, 3), faces.shape=(856, 3))> using `load_obj` in 0.0030s
2024-12-11 14:57:20,443 DEBUG loaded <trimesh.Trimesh(vertices.shape=(48, 3), faces.shape=(28, 3))> using `load_obj` in 0.0007s
2024-12-11 14:57:28,102 INFO ==> EMD Loss: 23.339687
2024-12-11 14:57:28,102 INFO ==> Height map loss:  9.417818
2024-12-11 14:57:28,478 DEBUG loaded <trimesh.Trimesh(vertices.shape=(916, 3), faces.shape=(856, 3))> using `load_obj` in 0.0029s
2024-12-11 14:57:28,628 DEBUG loaded <trimesh.Trimesh(vertices.shape=(48, 3), faces.shape=(28, 3))> using `load_obj` in 0.0007s
2024-12-11 14:57:35,615 INFO ==> EMD Loss: 23.861668
2024-12-11 14:57:35,616 INFO ==> Height map loss:  9.322248
2024-12-11 14:57:35,990 DEBUG loaded <trimesh.Trimesh(vertices.shape=(916, 3), faces.shape=(856, 3))> using `load_obj` in 0.0028s
2024-12-11 14:57:36,146 DEBUG loaded <trimesh.Trimesh(vertices.shape=(48, 3), faces.shape=(28, 3))> using `load_obj` in 0.0007s
2024-12-11 14:57:42,909 INFO ==> EMD Loss: 23.696531
2024-12-11 14:57:42,909 INFO ==> Height map loss:  9.464797
2024-12-11 14:57:43,300 DEBUG loaded <trimesh.Trimesh(vertices.shape=(916, 3), faces.shape=(856, 3))> using `load_obj` in 0.0029s
2024-12-11 14:57:43,449 DEBUG loaded <trimesh.Trimesh(vertices.shape=(48, 3), faces.shape=(28, 3))> using `load_obj` in 0.0007s
2024-12-11 14:57:50,237 INFO ==> EMD Loss: 24.037794
2024-12-11 14:57:50,237 INFO ==> Height map loss:  9.414260
2024-12-11 14:57:50,700 DEBUG loaded <trimesh.Trimesh(vertices.shape=(916, 3), faces.shape=(856, 3))> using `load_obj` in 0.0039s
2024-12-11 14:57:50,869 DEBUG loaded <trimesh.Trimesh(vertices.shape=(48, 3), faces.shape=(28, 3))> using `load_obj` in 0.0007s
2024-12-11 14:57:57,484 INFO ==> EMD Loss: 24.290598
2024-12-11 14:57:57,484 INFO ==> Height map loss:  9.533802
2024-12-11 14:57:57,856 DEBUG loaded <trimesh.Trimesh(vertices.shape=(916, 3), faces.shape=(856, 3))> using `load_obj` in 0.0028s
2024-12-11 14:57:58,006 DEBUG loaded <trimesh.Trimesh(vertices.shape=(48, 3), faces.shape=(28, 3))> using `load_obj` in 0.0007s
2024-12-11 14:58:15,954 INFO =====> Skill params: [ 0.549928    0.1112795   0.7890669   0.12276009 -0.547862  ]
2024-12-11 14:58:15,954 INFO =====> Grad: [ 1.0917667e+03 -2.9601602e+03 -1.0497457e-05 -3.6044061e+02
 -6.9193804e-05]
2024-12-11 14:58:15,954 INFO =====> Num. aborted data so far: 0
2024-12-11 14:58:15,955 INFO ===========> Epoch: 8 optimisation losses
2024-12-11 14:58:15,955 INFO =====> EMD Loss: 23.862345
2024-12-11 14:58:15,955 INFO =====> Height map loss: 9.322330
2024-12-11 14:58:16,363 DEBUG loaded <trimesh.Trimesh(vertices.shape=(916, 3), faces.shape=(856, 3))> using `load_obj` in 0.0031s
2024-12-11 14:58:16,523 DEBUG loaded <trimesh.Trimesh(vertices.shape=(48, 3), faces.shape=(28, 3))> using `load_obj` in 0.0007s
2024-12-11 14:58:23,567 INFO ==> EMD Loss: 24.089081
2024-12-11 14:58:23,567 INFO ==> Height map loss:  9.323346
2024-12-11 14:58:24,009 DEBUG loaded <trimesh.Trimesh(vertices.shape=(916, 3), faces.shape=(856, 3))> using `load_obj` in 0.0040s
2024-12-11 14:58:24,209 DEBUG loaded <trimesh.Trimesh(vertices.shape=(48, 3), faces.shape=(28, 3))> using `load_obj` in 0.0008s
2024-12-11 14:58:31,387 INFO ==> EMD Loss: 23.803473
2024-12-11 14:58:31,387 INFO ==> Height map loss:  9.903086
2024-12-11 14:58:31,769 DEBUG loaded <trimesh.Trimesh(vertices.shape=(916, 3), faces.shape=(856, 3))> using `load_obj` in 0.0030s
2024-12-11 14:58:31,927 DEBUG loaded <trimesh.Trimesh(vertices.shape=(48, 3), faces.shape=(28, 3))> using `load_obj` in 0.0007s
2024-12-11 14:58:38,870 INFO ==> EMD Loss: 24.204647
2024-12-11 14:58:38,870 INFO ==> Height map loss:  10.278148
2024-12-11 14:58:39,239 DEBUG loaded <trimesh.Trimesh(vertices.shape=(916, 3), faces.shape=(856, 3))> using `load_obj` in 0.0030s
2024-12-11 14:58:39,390 DEBUG loaded <trimesh.Trimesh(vertices.shape=(48, 3), faces.shape=(28, 3))> using `load_obj` in 0.0007s
2024-12-11 14:58:46,220 INFO ==> EMD Loss: 24.875242
2024-12-11 14:58:46,220 INFO ==> Height map loss:  11.097878
2024-12-11 14:58:46,692 DEBUG loaded <trimesh.Trimesh(vertices.shape=(916, 3), faces.shape=(856, 3))> using `load_obj` in 0.0029s
2024-12-11 14:58:46,848 DEBUG loaded <trimesh.Trimesh(vertices.shape=(48, 3), faces.shape=(28, 3))> using `load_obj` in 0.0007s
2024-12-11 14:58:54,173 INFO ==> EMD Loss: 25.118074
2024-12-11 14:58:54,173 INFO ==> Height map loss:  11.867004
2024-12-11 14:58:54,551 DEBUG loaded <trimesh.Trimesh(vertices.shape=(916, 3), faces.shape=(856, 3))> using `load_obj` in 0.0029s
2024-12-11 14:58:54,707 DEBUG loaded <trimesh.Trimesh(vertices.shape=(48, 3), faces.shape=(28, 3))> using `load_obj` in 0.0007s
2024-12-11 14:59:12,557 INFO =====> Skill params: [ 0.5444957   0.11411312  0.78955     0.12500587 -0.5453207 ]
2024-12-11 14:59:12,557 INFO =====> Grad: [-9.9113258e+01  1.7872429e+03 -7.2327739e-06  1.3244406e+02
 -2.0949578e-06]
2024-12-11 14:59:12,557 INFO =====> Num. aborted data so far: 0
2024-12-11 14:59:12,557 INFO ===========> Epoch: 9 optimisation losses
2024-12-11 14:59:12,557 INFO =====> EMD Loss: 24.089657
2024-12-11 14:59:12,557 INFO =====> Height map loss: 9.324302
2024-12-11 14:59:12,972 DEBUG loaded <trimesh.Trimesh(vertices.shape=(916, 3), faces.shape=(856, 3))> using `load_obj` in 0.0040s
2024-12-11 14:59:13,175 DEBUG loaded <trimesh.Trimesh(vertices.shape=(48, 3), faces.shape=(28, 3))> using `load_obj` in 0.0009s
2024-12-11 14:59:20,404 INFO ==> EMD Loss: 23.987707
2024-12-11 14:59:20,404 INFO ==> Height map loss:  9.332196
2024-12-11 14:59:20,779 DEBUG loaded <trimesh.Trimesh(vertices.shape=(916, 3), faces.shape=(856, 3))> using `load_obj` in 0.0029s
2024-12-11 14:59:20,934 DEBUG loaded <trimesh.Trimesh(vertices.shape=(48, 3), faces.shape=(28, 3))> using `load_obj` in 0.0007s
2024-12-11 14:59:28,072 INFO ==> EMD Loss: 23.339993
2024-12-11 14:59:28,072 INFO ==> Height map loss:  9.329180
2024-12-11 14:59:28,461 DEBUG loaded <trimesh.Trimesh(vertices.shape=(916, 3), faces.shape=(856, 3))> using `load_obj` in 0.0028s
2024-12-11 14:59:28,615 DEBUG loaded <trimesh.Trimesh(vertices.shape=(48, 3), faces.shape=(28, 3))> using `load_obj` in 0.0007s
2024-12-11 14:59:35,564 INFO ==> EMD Loss: 23.323984
2024-12-11 14:59:35,565 INFO ==> Height map loss:  9.359281
2024-12-11 14:59:35,941 DEBUG loaded <trimesh.Trimesh(vertices.shape=(916, 3), faces.shape=(856, 3))> using `load_obj` in 0.0029s
2024-12-11 14:59:36,094 DEBUG loaded <trimesh.Trimesh(vertices.shape=(48, 3), faces.shape=(28, 3))> using `load_obj` in 0.0007s
2024-12-11 14:59:42,915 INFO ==> EMD Loss: 23.940119
2024-12-11 14:59:42,915 INFO ==> Height map loss:  9.106244
2024-12-11 14:59:43,386 DEBUG loaded <trimesh.Trimesh(vertices.shape=(916, 3), faces.shape=(856, 3))> using `load_obj` in 0.0029s
2024-12-11 14:59:43,541 DEBUG loaded <trimesh.Trimesh(vertices.shape=(48, 3), faces.shape=(28, 3))> using `load_obj` in 0.0007s
2024-12-11 14:59:50,465 INFO ==> EMD Loss: 23.267351
2024-12-11 14:59:50,465 INFO ==> Height map loss:  9.154751
2024-12-11 14:59:50,844 DEBUG loaded <trimesh.Trimesh(vertices.shape=(916, 3), faces.shape=(856, 3))> using `load_obj` in 0.0029s
2024-12-11 14:59:51,003 DEBUG loaded <trimesh.Trimesh(vertices.shape=(48, 3), faces.shape=(28, 3))> using `load_obj` in 0.0007s
2024-12-11 15:00:08,382 INFO =====> Skill params: [ 0.5522815   0.08753815  0.7948093   0.11201262 -0.54410416]
2024-12-11 15:00:08,382 INFO =====> Grad: [ 2.4166020e+02 -2.1318823e+03 -2.0029052e-05 -9.4582104e+02
  1.1445106e-04]
2024-12-11 15:00:08,382 INFO =====> Num. aborted data so far: 0
2024-12-11 15:00:08,383 INFO ===========> Epoch: 10 optimisation losses
2024-12-11 15:00:08,383 INFO =====> EMD Loss: 23.941238
2024-12-11 15:00:08,383 INFO =====> Height map loss: 9.106479
2024-12-11 15:00:08,857 DEBUG loaded <trimesh.Trimesh(vertices.shape=(916, 3), faces.shape=(856, 3))> using `load_obj` in 0.0031s
2024-12-11 15:00:09,015 DEBUG loaded <trimesh.Trimesh(vertices.shape=(48, 3), faces.shape=(28, 3))> using `load_obj` in 0.0007s
2024-12-11 15:00:16,199 INFO ==> EMD Loss: 23.641504
2024-12-11 15:00:16,199 INFO ==> Height map loss:  9.157011
2024-12-11 15:00:16,663 DEBUG loaded <trimesh.Trimesh(vertices.shape=(916, 3), faces.shape=(856, 3))> using `load_obj` in 0.0040s
2024-12-11 15:00:16,898 DEBUG loaded <trimesh.Trimesh(vertices.shape=(48, 3), faces.shape=(28, 3))> using `load_obj` in 0.0010s
2024-12-11 15:00:23,867 INFO ==> EMD Loss: 23.357426
2024-12-11 15:00:23,867 INFO ==> Height map loss:  9.074808
2024-12-11 15:00:24,273 DEBUG loaded <trimesh.Trimesh(vertices.shape=(916, 3), faces.shape=(856, 3))> using `load_obj` in 0.0030s
2024-12-11 15:00:24,431 DEBUG loaded <trimesh.Trimesh(vertices.shape=(48, 3), faces.shape=(28, 3))> using `load_obj` in 0.0007s
2024-12-11 15:00:31,448 INFO ==> EMD Loss: 23.738054
2024-12-11 15:00:31,449 INFO ==> Height map loss:  9.169584
2024-12-11 15:00:31,848 DEBUG loaded <trimesh.Trimesh(vertices.shape=(916, 3), faces.shape=(856, 3))> using `load_obj` in 0.0030s
2024-12-11 15:00:32,040 DEBUG loaded <trimesh.Trimesh(vertices.shape=(48, 3), faces.shape=(28, 3))> using `load_obj` in 0.0009s
2024-12-11 15:00:38,907 INFO ==> EMD Loss: 23.720490
2024-12-11 15:00:38,908 INFO ==> Height map loss:  9.164053
2024-12-11 15:00:39,350 DEBUG loaded <trimesh.Trimesh(vertices.shape=(916, 3), faces.shape=(856, 3))> using `load_obj` in 0.0029s
2024-12-11 15:00:39,502 DEBUG loaded <trimesh.Trimesh(vertices.shape=(48, 3), faces.shape=(28, 3))> using `load_obj` in 0.0007s
2024-12-11 15:00:46,328 INFO ==> EMD Loss: 23.643250
2024-12-11 15:00:46,328 INFO ==> Height map loss:  9.181355
2024-12-11 15:00:46,712 DEBUG loaded <trimesh.Trimesh(vertices.shape=(916, 3), faces.shape=(856, 3))> using `load_obj` in 0.0029s
2024-12-11 15:00:46,862 DEBUG loaded <trimesh.Trimesh(vertices.shape=(48, 3), faces.shape=(28, 3))> using `load_obj` in 0.0007s
2024-12-11 15:01:04,221 INFO =====> Skill params: [ 0.54567635  0.0983813   0.799897    0.13888073 -0.5650542 ]
2024-12-11 15:01:04,222 INFO =====> Grad: [ 9.8032178e+02 -5.4014087e+03  2.5829670e-06 -7.3992279e+02
  2.2841384e-06]
2024-12-11 15:01:04,222 INFO =====> Num. aborted data so far: 0
2024-12-11 15:01:04,223 INFO ===========> Epoch: 11 optimisation losses
2024-12-11 15:01:04,223 INFO =====> EMD Loss: 23.351707
2024-12-11 15:01:04,223 INFO =====> Height map loss: 9.074789
2024-12-11 15:01:04,631 DEBUG loaded <trimesh.Trimesh(vertices.shape=(916, 3), faces.shape=(856, 3))> using `load_obj` in 0.0031s
2024-12-11 15:01:04,793 DEBUG loaded <trimesh.Trimesh(vertices.shape=(48, 3), faces.shape=(28, 3))> using `load_obj` in 0.0007s
2024-12-11 15:01:11,821 INFO ==> EMD Loss: 23.250914
2024-12-11 15:01:11,821 INFO ==> Height map loss:  9.142140
2024-12-11 15:01:12,203 DEBUG loaded <trimesh.Trimesh(vertices.shape=(916, 3), faces.shape=(856, 3))> using `load_obj` in 0.0029s
2024-12-11 15:01:12,355 DEBUG loaded <trimesh.Trimesh(vertices.shape=(48, 3), faces.shape=(28, 3))> using `load_obj` in 0.0007s
2024-12-11 15:01:19,478 INFO ==> EMD Loss: 23.830200
2024-12-11 15:01:19,478 INFO ==> Height map loss:  9.436928
2024-12-11 15:01:19,860 DEBUG loaded <trimesh.Trimesh(vertices.shape=(916, 3), faces.shape=(856, 3))> using `load_obj` in 0.0030s
2024-12-11 15:01:20,013 DEBUG loaded <trimesh.Trimesh(vertices.shape=(48, 3), faces.shape=(28, 3))> using `load_obj` in 0.0007s
2024-12-11 15:01:26,971 INFO ==> EMD Loss: 24.145426
2024-12-11 15:01:26,971 INFO ==> Height map loss:  9.899358
2024-12-11 15:01:27,352 DEBUG loaded <trimesh.Trimesh(vertices.shape=(916, 3), faces.shape=(856, 3))> using `load_obj` in 0.0028s
2024-12-11 15:01:27,506 DEBUG loaded <trimesh.Trimesh(vertices.shape=(48, 3), faces.shape=(28, 3))> using `load_obj` in 0.0007s
2024-12-11 15:01:34,376 INFO ==> EMD Loss: 24.399952
2024-12-11 15:01:34,376 INFO ==> Height map loss:  10.521017
2024-12-11 15:01:34,762 DEBUG loaded <trimesh.Trimesh(vertices.shape=(916, 3), faces.shape=(856, 3))> using `load_obj` in 0.0031s
2024-12-11 15:01:34,915 DEBUG loaded <trimesh.Trimesh(vertices.shape=(48, 3), faces.shape=(28, 3))> using `load_obj` in 0.0007s
2024-12-11 15:01:41,647 INFO ==> EMD Loss: 24.849337
2024-12-11 15:01:41,647 INFO ==> Height map loss:  11.241813
2024-12-11 15:01:42,027 DEBUG loaded <trimesh.Trimesh(vertices.shape=(916, 3), faces.shape=(856, 3))> using `load_obj` in 0.0028s
2024-12-11 15:01:42,178 DEBUG loaded <trimesh.Trimesh(vertices.shape=(48, 3), faces.shape=(28, 3))> using `load_obj` in 0.0007s
2024-12-11 15:01:59,725 INFO =====> Skill params: [ 0.5408228   0.10332462  0.79975873  0.14289556 -0.56514233]
2024-12-11 15:01:59,725 INFO =====> Grad: [ 1.0481421e+03 -2.7517625e+03  2.9629808e-05 -1.1089112e+01
  1.0252587e-04]
2024-12-11 15:01:59,725 INFO =====> Num. aborted data so far: 0
2024-12-11 15:01:59,727 INFO ===========> Epoch: 12 optimisation losses
2024-12-11 15:01:59,727 INFO =====> EMD Loss: 23.250393
2024-12-11 15:01:59,727 INFO =====> Height map loss: 9.141888
2024-12-11 15:02:00,230 DEBUG loaded <trimesh.Trimesh(vertices.shape=(916, 3), faces.shape=(856, 3))> using `load_obj` in 0.0042s
2024-12-11 15:02:00,431 DEBUG loaded <trimesh.Trimesh(vertices.shape=(48, 3), faces.shape=(28, 3))> using `load_obj` in 0.0009s
2024-12-11 15:02:07,723 INFO ==> EMD Loss: 23.491133
2024-12-11 15:02:07,723 INFO ==> Height map loss:  9.161551
2024-12-11 15:02:08,189 DEBUG loaded <trimesh.Trimesh(vertices.shape=(916, 3), faces.shape=(856, 3))> using `load_obj` in 0.0039s
2024-12-11 15:02:08,385 DEBUG loaded <trimesh.Trimesh(vertices.shape=(48, 3), faces.shape=(28, 3))> using `load_obj` in 0.0008s
2024-12-11 15:02:15,720 INFO ==> EMD Loss: 23.191401
2024-12-11 15:02:15,720 INFO ==> Height map loss:  9.308374
2024-12-11 15:02:16,186 DEBUG loaded <trimesh.Trimesh(vertices.shape=(916, 3), faces.shape=(856, 3))> using `load_obj` in 0.0040s
2024-12-11 15:02:16,368 DEBUG loaded <trimesh.Trimesh(vertices.shape=(48, 3), faces.shape=(28, 3))> using `load_obj` in 0.0007s
2024-12-11 15:02:23,311 INFO ==> EMD Loss: 23.612965
2024-12-11 15:02:23,311 INFO ==> Height map loss:  9.267452
2024-12-11 15:02:23,775 DEBUG loaded <trimesh.Trimesh(vertices.shape=(916, 3), faces.shape=(856, 3))> using `load_obj` in 0.0040s
2024-12-11 15:02:23,977 DEBUG loaded <trimesh.Trimesh(vertices.shape=(48, 3), faces.shape=(28, 3))> using `load_obj` in 0.0009s
2024-12-11 15:02:31,364 INFO ==> EMD Loss: 23.442207
2024-12-11 15:02:31,364 INFO ==> Height map loss:  9.652064
2024-12-11 15:02:31,756 DEBUG loaded <trimesh.Trimesh(vertices.shape=(916, 3), faces.shape=(856, 3))> using `load_obj` in 0.0030s
2024-12-11 15:02:31,914 DEBUG loaded <trimesh.Trimesh(vertices.shape=(48, 3), faces.shape=(28, 3))> using `load_obj` in 0.0007s
2024-12-11 15:02:38,630 INFO ==> EMD Loss: 23.519257
2024-12-11 15:02:38,630 INFO ==> Height map loss:  9.795403
2024-12-11 15:02:39,007 DEBUG loaded <trimesh.Trimesh(vertices.shape=(916, 3), faces.shape=(856, 3))> using `load_obj` in 0.0030s
2024-12-11 15:02:39,159 DEBUG loaded <trimesh.Trimesh(vertices.shape=(48, 3), faces.shape=(28, 3))> using `load_obj` in 0.0007s
2024-12-11 15:02:56,083 INFO =====> Skill params: [ 0.53608406  0.10588104  0.7981118   0.14295898 -0.56895995]
2024-12-11 15:02:56,083 INFO =====> Grad: [ 7.2972650e+02 -3.7826272e+03 -6.6492139e-06  7.6714246e+02
 -1.8155341e-05]
2024-12-11 15:02:56,083 INFO =====> Num. aborted data so far: 0
2024-12-11 15:02:56,084 INFO ===========> Epoch: 13 optimisation losses
2024-12-11 15:02:56,084 INFO =====> EMD Loss: 23.483084
2024-12-11 15:02:56,084 INFO =====> Height map loss: 9.161835
2024-12-11 15:02:56,551 DEBUG loaded <trimesh.Trimesh(vertices.shape=(916, 3), faces.shape=(856, 3))> using `load_obj` in 0.0030s
2024-12-11 15:02:56,711 DEBUG loaded <trimesh.Trimesh(vertices.shape=(48, 3), faces.shape=(28, 3))> using `load_obj` in 0.0009s
2024-12-11 15:03:03,784 INFO ==> EMD Loss: 23.731075
2024-12-11 15:03:03,784 INFO ==> Height map loss:  9.431746
2024-12-11 15:03:04,168 DEBUG loaded <trimesh.Trimesh(vertices.shape=(916, 3), faces.shape=(856, 3))> using `load_obj` in 0.0029s
2024-12-11 15:03:04,321 DEBUG loaded <trimesh.Trimesh(vertices.shape=(48, 3), faces.shape=(28, 3))> using `load_obj` in 0.0007s
2024-12-11 15:03:11,294 INFO ==> EMD Loss: 23.664898
2024-12-11 15:03:11,294 INFO ==> Height map loss:  9.304674
2024-12-11 15:03:11,680 DEBUG loaded <trimesh.Trimesh(vertices.shape=(916, 3), faces.shape=(856, 3))> using `load_obj` in 0.0028s
2024-12-11 15:03:11,833 DEBUG loaded <trimesh.Trimesh(vertices.shape=(48, 3), faces.shape=(28, 3))> using `load_obj` in 0.0007s
2024-12-11 15:03:19,254 INFO ==> EMD Loss: 24.162214
2024-12-11 15:03:19,254 INFO ==> Height map loss:  9.738561
2024-12-11 15:03:19,636 DEBUG loaded <trimesh.Trimesh(vertices.shape=(916, 3), faces.shape=(856, 3))> using `load_obj` in 0.0029s
2024-12-11 15:03:19,788 DEBUG loaded <trimesh.Trimesh(vertices.shape=(48, 3), faces.shape=(28, 3))> using `load_obj` in 0.0007s
2024-12-11 15:03:26,706 INFO ==> EMD Loss: 23.988869
2024-12-11 15:03:26,706 INFO ==> Height map loss:  10.166077
2024-12-11 15:03:27,103 DEBUG loaded <trimesh.Trimesh(vertices.shape=(916, 3), faces.shape=(856, 3))> using `load_obj` in 0.0029s
2024-12-11 15:03:27,255 DEBUG loaded <trimesh.Trimesh(vertices.shape=(48, 3), faces.shape=(28, 3))> using `load_obj` in 0.0007s
2024-12-11 15:03:34,160 INFO ==> EMD Loss: 24.421265
2024-12-11 15:03:34,160 INFO ==> Height map loss:  10.797999
2024-12-11 15:03:34,640 DEBUG loaded <trimesh.Trimesh(vertices.shape=(916, 3), faces.shape=(856, 3))> using `load_obj` in 0.0030s
2024-12-11 15:03:34,795 DEBUG loaded <trimesh.Trimesh(vertices.shape=(48, 3), faces.shape=(28, 3))> using `load_obj` in 0.0007s
2024-12-11 15:03:52,044 INFO =====> Skill params: [ 0.51975834  0.12313348  0.80005807  0.12217284 -0.565407  ]
2024-12-11 15:03:52,044 INFO =====> Grad: [-1.9634119e+02  8.2854724e+02 -1.8857099e-06 -9.5512567e+02
 -1.1768221e-05]
2024-12-11 15:03:52,044 INFO =====> Num. aborted data so far: 0
2024-12-11 15:03:52,044 INFO ===========> Epoch: 14 optimisation losses
2024-12-11 15:03:52,045 INFO =====> EMD Loss: 23.665209
2024-12-11 15:03:52,045 INFO =====> Height map loss: 9.289603
2024-12-11 15:03:52,545 DEBUG loaded <trimesh.Trimesh(vertices.shape=(916, 3), faces.shape=(856, 3))> using `load_obj` in 0.0041s
2024-12-11 15:03:52,750 DEBUG loaded <trimesh.Trimesh(vertices.shape=(48, 3), faces.shape=(28, 3))> using `load_obj` in 0.0009s
2024-12-11 15:03:59,842 INFO ==> EMD Loss: 23.961077
2024-12-11 15:03:59,842 INFO ==> Height map loss:  9.397570
2024-12-11 15:04:00,228 DEBUG loaded <trimesh.Trimesh(vertices.shape=(916, 3), faces.shape=(856, 3))> using `load_obj` in 0.0030s
2024-12-11 15:04:00,385 DEBUG loaded <trimesh.Trimesh(vertices.shape=(48, 3), faces.shape=(28, 3))> using `load_obj` in 0.0007s
2024-12-11 15:04:07,275 INFO ==> EMD Loss: 24.342220
2024-12-11 15:04:07,275 INFO ==> Height map loss:  9.469487
2024-12-11 15:04:07,694 DEBUG loaded <trimesh.Trimesh(vertices.shape=(916, 3), faces.shape=(856, 3))> using `load_obj` in 0.0030s
2024-12-11 15:04:07,854 DEBUG loaded <trimesh.Trimesh(vertices.shape=(48, 3), faces.shape=(28, 3))> using `load_obj` in 0.0007s
2024-12-11 15:04:15,004 INFO ==> EMD Loss: 24.332766
2024-12-11 15:04:15,004 INFO ==> Height map loss:  9.440485
2024-12-11 15:04:15,472 DEBUG loaded <trimesh.Trimesh(vertices.shape=(916, 3), faces.shape=(856, 3))> using `load_obj` in 0.0030s
2024-12-11 15:04:15,631 DEBUG loaded <trimesh.Trimesh(vertices.shape=(48, 3), faces.shape=(28, 3))> using `load_obj` in 0.0007s
2024-12-11 15:04:22,970 INFO ==> EMD Loss: 23.085117
2024-12-11 15:04:22,970 INFO ==> Height map loss:  9.717203
2024-12-11 15:04:23,436 DEBUG loaded <trimesh.Trimesh(vertices.shape=(916, 3), faces.shape=(856, 3))> using `load_obj` in 0.0039s
2024-12-11 15:04:23,625 DEBUG loaded <trimesh.Trimesh(vertices.shape=(48, 3), faces.shape=(28, 3))> using `load_obj` in 0.0007s
2024-12-11 15:04:30,680 INFO ==> EMD Loss: 23.800976
2024-12-11 15:04:30,680 INFO ==> Height map loss:  9.845247
2024-12-11 15:04:31,063 DEBUG loaded <trimesh.Trimesh(vertices.shape=(916, 3), faces.shape=(856, 3))> using `load_obj` in 0.0030s
2024-12-11 15:04:31,221 DEBUG loaded <trimesh.Trimesh(vertices.shape=(48, 3), faces.shape=(28, 3))> using `load_obj` in 0.0007s
2024-12-11 15:04:48,558 INFO =====> Skill params: [ 0.52068     0.1223396   0.8001744   0.12690239 -0.5649221 ]
2024-12-11 15:04:48,558 INFO =====> Grad: [ 1.3389105e+03 -6.0029478e+03  2.5239757e-05  2.4288286e+02
  9.9774425e-06]
2024-12-11 15:04:48,558 INFO =====> Num. aborted data so far: 0
2024-12-11 15:04:48,559 INFO ===========> Epoch: 15 optimisation losses
2024-12-11 15:04:48,559 INFO =====> EMD Loss: 23.977692
2024-12-11 15:04:48,559 INFO =====> Height map loss: 9.396998
2024-12-11 15:04:48,976 DEBUG loaded <trimesh.Trimesh(vertices.shape=(916, 3), faces.shape=(856, 3))> using `load_obj` in 0.0031s
2024-12-11 15:04:49,132 DEBUG loaded <trimesh.Trimesh(vertices.shape=(48, 3), faces.shape=(28, 3))> using `load_obj` in 0.0007s
2024-12-11 15:04:56,451 INFO ==> EMD Loss: 23.614840
2024-12-11 15:04:56,451 INFO ==> Height map loss:  9.601376
2024-12-11 15:04:56,840 DEBUG loaded <trimesh.Trimesh(vertices.shape=(916, 3), faces.shape=(856, 3))> using `load_obj` in 0.0030s
2024-12-11 15:04:56,993 DEBUG loaded <trimesh.Trimesh(vertices.shape=(48, 3), faces.shape=(28, 3))> using `load_obj` in 0.0007s
2024-12-11 15:05:03,971 INFO ==> EMD Loss: 24.217989
2024-12-11 15:05:03,971 INFO ==> Height map loss:  9.775745
2024-12-11 15:05:04,353 DEBUG loaded <trimesh.Trimesh(vertices.shape=(916, 3), faces.shape=(856, 3))> using `load_obj` in 0.0029s
2024-12-11 15:05:04,507 DEBUG loaded <trimesh.Trimesh(vertices.shape=(48, 3), faces.shape=(28, 3))> using `load_obj` in 0.0007s
2024-12-11 15:05:11,445 INFO ==> EMD Loss: 24.159882
2024-12-11 15:05:11,445 INFO ==> Height map loss:  10.392931
2024-12-11 15:05:11,845 DEBUG loaded <trimesh.Trimesh(vertices.shape=(916, 3), faces.shape=(856, 3))> using `load_obj` in 0.0029s
2024-12-11 15:05:12,003 DEBUG loaded <trimesh.Trimesh(vertices.shape=(48, 3), faces.shape=(28, 3))> using `load_obj` in 0.0008s
2024-12-11 15:05:18,950 INFO ==> EMD Loss: 24.718655
2024-12-11 15:05:18,950 INFO ==> Height map loss:  11.249234
2024-12-11 15:05:19,339 DEBUG loaded <trimesh.Trimesh(vertices.shape=(916, 3), faces.shape=(856, 3))> using `load_obj` in 0.0029s
2024-12-11 15:05:19,491 DEBUG loaded <trimesh.Trimesh(vertices.shape=(48, 3), faces.shape=(28, 3))> using `load_obj` in 0.0007s
2024-12-11 15:05:26,112 INFO ==> EMD Loss: 25.586287
2024-12-11 15:05:26,112 INFO ==> Height map loss:  12.053934
2024-12-11 15:05:26,568 DEBUG loaded <trimesh.Trimesh(vertices.shape=(916, 3), faces.shape=(856, 3))> using `load_obj` in 0.0029s
2024-12-11 15:05:26,720 DEBUG loaded <trimesh.Trimesh(vertices.shape=(48, 3), faces.shape=(28, 3))> using `load_obj` in 0.0007s
2024-12-11 15:05:44,154 INFO =====> Skill params: [ 0.5152483   0.12744835  0.79855686  0.1256458  -0.56535494]
2024-12-11 15:05:44,154 INFO =====> Grad: [-1.3405978e+03  2.8392744e+03 -1.5284490e-05  4.3550830e+02
 -6.8076101e-06]
2024-12-11 15:05:44,154 INFO =====> Num. aborted data so far: 0
2024-12-11 15:05:44,155 INFO ===========> Epoch: 16 optimisation losses
2024-12-11 15:05:44,155 INFO =====> EMD Loss: 23.624790
2024-12-11 15:05:44,155 INFO =====> Height map loss: 9.599767
2024-12-11 15:05:44,556 DEBUG loaded <trimesh.Trimesh(vertices.shape=(916, 3), faces.shape=(856, 3))> using `load_obj` in 0.0030s
2024-12-11 15:05:44,711 DEBUG loaded <trimesh.Trimesh(vertices.shape=(48, 3), faces.shape=(28, 3))> using `load_obj` in 0.0007s
2024-12-11 15:05:51,667 INFO ==> EMD Loss: 23.536854
2024-12-11 15:05:51,667 INFO ==> Height map loss:  9.234819
2024-12-11 15:05:52,056 DEBUG loaded <trimesh.Trimesh(vertices.shape=(916, 3), faces.shape=(856, 3))> using `load_obj` in 0.0030s
2024-12-11 15:05:52,214 DEBUG loaded <trimesh.Trimesh(vertices.shape=(48, 3), faces.shape=(28, 3))> using `load_obj` in 0.0007s
2024-12-11 15:05:59,274 INFO ==> EMD Loss: 23.361530
2024-12-11 15:05:59,274 INFO ==> Height map loss:  9.350730
2024-12-11 15:05:59,655 DEBUG loaded <trimesh.Trimesh(vertices.shape=(916, 3), faces.shape=(856, 3))> using `load_obj` in 0.0031s
2024-12-11 15:05:59,838 DEBUG loaded <trimesh.Trimesh(vertices.shape=(48, 3), faces.shape=(28, 3))> using `load_obj` in 0.0009s
2024-12-11 15:06:07,029 INFO ==> EMD Loss: 23.108814
2024-12-11 15:06:07,029 INFO ==> Height map loss:  9.142044
2024-12-11 15:06:07,409 DEBUG loaded <trimesh.Trimesh(vertices.shape=(916, 3), faces.shape=(856, 3))> using `load_obj` in 0.0029s
2024-12-11 15:06:07,561 DEBUG loaded <trimesh.Trimesh(vertices.shape=(48, 3), faces.shape=(28, 3))> using `load_obj` in 0.0007s
2024-12-11 15:06:14,634 INFO ==> EMD Loss: 23.393650
2024-12-11 15:06:14,634 INFO ==> Height map loss:  9.235384
2024-12-11 15:06:15,110 DEBUG loaded <trimesh.Trimesh(vertices.shape=(916, 3), faces.shape=(856, 3))> using `load_obj` in 0.0029s
2024-12-11 15:06:15,262 DEBUG loaded <trimesh.Trimesh(vertices.shape=(48, 3), faces.shape=(28, 3))> using `load_obj` in 0.0007s
2024-12-11 15:06:22,395 INFO ==> EMD Loss: 23.377474
2024-12-11 15:06:22,395 INFO ==> Height map loss:  9.384769
2024-12-11 15:06:22,852 DEBUG loaded <trimesh.Trimesh(vertices.shape=(916, 3), faces.shape=(856, 3))> using `load_obj` in 0.0039s
2024-12-11 15:06:23,011 DEBUG loaded <trimesh.Trimesh(vertices.shape=(48, 3), faces.shape=(28, 3))> using `load_obj` in 0.0007s
2024-12-11 15:06:40,580 INFO =====> Skill params: [ 0.5643132   0.10284909  0.80882126  0.10260649 -0.56224334]
2024-12-11 15:06:40,580 INFO =====> Grad: [-1.0146353e+03  3.0030735e+03 -3.4787390e-06 -8.3622799e+00
 -1.2207597e-04]
2024-12-11 15:06:40,580 INFO =====> Num. aborted data so far: 0
2024-12-11 15:06:40,581 INFO ===========> Epoch: 17 optimisation losses
2024-12-11 15:06:40,581 INFO =====> EMD Loss: 23.101479
2024-12-11 15:06:40,581 INFO =====> Height map loss: 9.142015
2024-12-11 15:06:40,987 DEBUG loaded <trimesh.Trimesh(vertices.shape=(916, 3), faces.shape=(856, 3))> using `load_obj` in 0.0031s
2024-12-11 15:06:41,137 DEBUG loaded <trimesh.Trimesh(vertices.shape=(48, 3), faces.shape=(28, 3))> using `load_obj` in 0.0007s
2024-12-11 15:06:48,078 INFO ==> EMD Loss: 23.677685
2024-12-11 15:06:48,078 INFO ==> Height map loss:  9.172544
2024-12-11 15:06:48,456 DEBUG loaded <trimesh.Trimesh(vertices.shape=(916, 3), faces.shape=(856, 3))> using `load_obj` in 0.0030s
2024-12-11 15:06:48,607 DEBUG loaded <trimesh.Trimesh(vertices.shape=(48, 3), faces.shape=(28, 3))> using `load_obj` in 0.0007s
2024-12-11 15:06:55,913 INFO ==> EMD Loss: 23.564533
2024-12-11 15:06:55,913 INFO ==> Height map loss:  9.188111
2024-12-11 15:06:56,295 DEBUG loaded <trimesh.Trimesh(vertices.shape=(916, 3), faces.shape=(856, 3))> using `load_obj` in 0.0030s
2024-12-11 15:06:56,451 DEBUG loaded <trimesh.Trimesh(vertices.shape=(48, 3), faces.shape=(28, 3))> using `load_obj` in 0.0007s
2024-12-11 15:07:03,709 INFO ==> EMD Loss: 23.666801
2024-12-11 15:07:03,709 INFO ==> Height map loss:  9.439628
2024-12-11 15:07:04,096 DEBUG loaded <trimesh.Trimesh(vertices.shape=(916, 3), faces.shape=(856, 3))> using `load_obj` in 0.0029s
2024-12-11 15:07:04,244 DEBUG loaded <trimesh.Trimesh(vertices.shape=(48, 3), faces.shape=(28, 3))> using `load_obj` in 0.0007s
2024-12-11 15:07:11,397 INFO ==> EMD Loss: 23.635891
2024-12-11 15:07:11,397 INFO ==> Height map loss:  9.358121
2024-12-11 15:07:11,784 DEBUG loaded <trimesh.Trimesh(vertices.shape=(916, 3), faces.shape=(856, 3))> using `load_obj` in 0.0029s
2024-12-11 15:07:11,932 DEBUG loaded <trimesh.Trimesh(vertices.shape=(48, 3), faces.shape=(28, 3))> using `load_obj` in 0.0007s
2024-12-11 15:07:19,116 INFO ==> EMD Loss: 23.613861
2024-12-11 15:07:19,116 INFO ==> Height map loss:  9.707883
2024-12-11 15:07:19,499 DEBUG loaded <trimesh.Trimesh(vertices.shape=(916, 3), faces.shape=(856, 3))> using `load_obj` in 0.0028s
2024-12-11 15:07:19,648 DEBUG loaded <trimesh.Trimesh(vertices.shape=(48, 3), faces.shape=(28, 3))> using `load_obj` in 0.0007s
2024-12-11 15:07:37,029 INFO =====> Skill params: [ 0.5679316   0.1002144   0.8090674   0.10265312 -0.55724466]
2024-12-11 15:07:37,029 INFO =====> Grad: [-9.7608575e+02  5.0872397e+03 -5.9610356e-06  7.2493854e+02
 -2.0002199e-05]
2024-12-11 15:07:37,029 INFO =====> Num. aborted data so far: 0
2024-12-11 15:07:37,030 INFO ===========> Epoch: 18 optimisation losses
2024-12-11 15:07:37,030 INFO =====> EMD Loss: 23.679586
2024-12-11 15:07:37,030 INFO =====> Height map loss: 9.173210
2024-12-11 15:07:37,437 DEBUG loaded <trimesh.Trimesh(vertices.shape=(916, 3), faces.shape=(856, 3))> using `load_obj` in 0.0031s
2024-12-11 15:07:37,590 DEBUG loaded <trimesh.Trimesh(vertices.shape=(48, 3), faces.shape=(28, 3))> using `load_obj` in 0.0007s
2024-12-11 15:07:44,508 INFO ==> EMD Loss: 23.407669
2024-12-11 15:07:44,508 INFO ==> Height map loss:  9.181205
2024-12-11 15:07:44,880 DEBUG loaded <trimesh.Trimesh(vertices.shape=(916, 3), faces.shape=(856, 3))> using `load_obj` in 0.0030s
2024-12-11 15:07:45,035 DEBUG loaded <trimesh.Trimesh(vertices.shape=(48, 3), faces.shape=(28, 3))> using `load_obj` in 0.0007s
2024-12-11 15:07:52,110 INFO ==> EMD Loss: 23.473629
2024-12-11 15:07:52,110 INFO ==> Height map loss:  9.209440
2024-12-11 15:07:52,493 DEBUG loaded <trimesh.Trimesh(vertices.shape=(916, 3), faces.shape=(856, 3))> using `load_obj` in 0.0030s
2024-12-11 15:07:52,646 DEBUG loaded <trimesh.Trimesh(vertices.shape=(48, 3), faces.shape=(28, 3))> using `load_obj` in 0.0007s
2024-12-11 15:07:59,778 INFO ==> EMD Loss: 23.373301
2024-12-11 15:07:59,778 INFO ==> Height map loss:  9.734056
2024-12-11 15:08:00,164 DEBUG loaded <trimesh.Trimesh(vertices.shape=(916, 3), faces.shape=(856, 3))> using `load_obj` in 0.0030s
2024-12-11 15:08:00,320 DEBUG loaded <trimesh.Trimesh(vertices.shape=(48, 3), faces.shape=(28, 3))> using `load_obj` in 0.0007s
2024-12-11 15:08:07,593 INFO ==> EMD Loss: 23.683237
2024-12-11 15:08:07,593 INFO ==> Height map loss:  10.070705
2024-12-11 15:08:07,976 DEBUG loaded <trimesh.Trimesh(vertices.shape=(916, 3), faces.shape=(856, 3))> using `load_obj` in 0.0034s
2024-12-11 15:08:08,134 DEBUG loaded <trimesh.Trimesh(vertices.shape=(48, 3), faces.shape=(28, 3))> using `load_obj` in 0.0007s
2024-12-11 15:08:15,330 INFO ==> EMD Loss: 24.256697
2024-12-11 15:08:15,330 INFO ==> Height map loss:  10.595571
2024-12-11 15:08:15,711 DEBUG loaded <trimesh.Trimesh(vertices.shape=(916, 3), faces.shape=(856, 3))> using `load_obj` in 0.0029s
2024-12-11 15:08:15,864 DEBUG loaded <trimesh.Trimesh(vertices.shape=(48, 3), faces.shape=(28, 3))> using `load_obj` in 0.0007s
2024-12-11 15:08:33,965 INFO =====> Skill params: [ 0.5713538   0.09599958  0.8095116   0.09876608 -0.55638486]
2024-12-11 15:08:33,965 INFO =====> Grad: [-9.2386603e+02  3.2017261e+03 -3.4273035e-06 -3.2239438e+02
 -1.0789923e-04]
2024-12-11 15:08:33,965 INFO =====> Num. aborted data so far: 0
2024-12-11 15:08:33,966 INFO ===========> Epoch: 19 optimisation losses
2024-12-11 15:08:33,966 INFO =====> EMD Loss: 23.409338
2024-12-11 15:08:33,966 INFO =====> Height map loss: 9.184176
2024-12-11 15:08:34,371 DEBUG loaded <trimesh.Trimesh(vertices.shape=(916, 3), faces.shape=(856, 3))> using `load_obj` in 0.0031s
2024-12-11 15:08:34,527 DEBUG loaded <trimesh.Trimesh(vertices.shape=(48, 3), faces.shape=(28, 3))> using `load_obj` in 0.0007s
2024-12-11 15:08:41,575 INFO ==> EMD Loss: 23.151320
2024-12-11 15:08:41,575 INFO ==> Height map loss:  9.172243
2024-12-11 15:08:42,012 DEBUG loaded <trimesh.Trimesh(vertices.shape=(916, 3), faces.shape=(856, 3))> using `load_obj` in 0.0029s
2024-12-11 15:08:42,169 DEBUG loaded <trimesh.Trimesh(vertices.shape=(48, 3), faces.shape=(28, 3))> using `load_obj` in 0.0007s
2024-12-11 15:08:49,156 INFO ==> EMD Loss: 23.170275
2024-12-11 15:08:49,156 INFO ==> Height map loss:  9.374705
2024-12-11 15:08:49,534 DEBUG loaded <trimesh.Trimesh(vertices.shape=(916, 3), faces.shape=(856, 3))> using `load_obj` in 0.0029s
2024-12-11 15:08:49,688 DEBUG loaded <trimesh.Trimesh(vertices.shape=(48, 3), faces.shape=(28, 3))> using `load_obj` in 0.0007s
2024-12-11 15:08:57,121 INFO ==> EMD Loss: 23.514046
2024-12-11 15:08:57,121 INFO ==> Height map loss:  9.413604
2024-12-11 15:08:57,498 DEBUG loaded <trimesh.Trimesh(vertices.shape=(916, 3), faces.shape=(856, 3))> using `load_obj` in 0.0029s
2024-12-11 15:08:57,651 DEBUG loaded <trimesh.Trimesh(vertices.shape=(48, 3), faces.shape=(28, 3))> using `load_obj` in 0.0007s
2024-12-11 15:09:04,864 INFO ==> EMD Loss: 23.814409
2024-12-11 15:09:04,864 INFO ==> Height map loss:  9.739787
2024-12-11 15:09:05,244 DEBUG loaded <trimesh.Trimesh(vertices.shape=(916, 3), faces.shape=(856, 3))> using `load_obj` in 0.0029s
2024-12-11 15:09:05,396 DEBUG loaded <trimesh.Trimesh(vertices.shape=(48, 3), faces.shape=(28, 3))> using `load_obj` in 0.0007s
2024-12-11 15:09:12,617 INFO ==> EMD Loss: 24.019840
2024-12-11 15:09:12,617 INFO ==> Height map loss:  10.273799
2024-12-11 15:09:13,010 DEBUG loaded <trimesh.Trimesh(vertices.shape=(916, 3), faces.shape=(856, 3))> using `load_obj` in 0.0029s
2024-12-11 15:09:13,164 DEBUG loaded <trimesh.Trimesh(vertices.shape=(48, 3), faces.shape=(28, 3))> using `load_obj` in 0.0007s
2024-12-11 15:09:20,552 INFO ===========> Finished training.
2024-12-11 15:09:20,553 INFO ====> Final EMD Loss: 23.151268
2024-12-11 15:09:20,553 INFO ====> Final Height map loss: 9.172152
2024-12-11 15:09:20,553 INFO ====> Final skill params: [ 0.5745664   0.09331752  0.80978066  0.10055552 -0.5520392 ]
