2025-05-27 14:43:01,010 INFO =====> Skill params: [-0.47677574 -0.4030177   0.62845147 -0.8161681   0.20020105]
2025-05-27 14:43:01,011 INFO =====> Grad: [-2747.8892    1208.5243     -41.226196   542.1883      66.14559 ]
2025-05-27 14:43:01,011 INFO =====> Num. aborted data so far: 0
2025-05-27 14:43:01,011 INFO ===========> Epoch: 0 optimisation losses
2025-05-27 14:43:01,012 INFO =====> EMD Loss: 14.633394
2025-05-27 14:43:01,012 INFO =====> Height map loss: 6.623299
2025-05-27 14:43:13,464 INFO ==> EMD Loss: 14.644823
2025-05-27 14:43:13,464 INFO ==> Height map loss:  6.621817
2025-05-27 14:43:23,433 INFO ==> EMD Loss: 14.565022
2025-05-27 14:43:23,433 INFO ==> Height map loss:  6.588346
2025-05-27 14:43:33,417 INFO ==> EMD Loss: 14.585285
2025-05-27 14:43:33,417 INFO ==> Height map loss:  6.583933
2025-05-27 14:43:43,480 INFO ==> EMD Loss: 14.693334
2025-05-27 14:43:43,480 INFO ==> Height map loss:  6.582804
2025-05-27 14:43:56,558 INFO ==> EMD Loss: 14.585386
2025-05-27 14:43:56,558 INFO ==> Height map loss:  6.582198
2025-05-27 14:44:35,130 INFO =====> Skill params: [-0.28703904 -0.59275436  0.81818813 -1.          0.01046439]
2025-05-27 14:44:35,130 INFO =====> Grad: [ 2931.485    -1098.3246     -69.547104   -92.999695    10.024632]
2025-05-27 14:44:35,130 INFO =====> Num. aborted data so far: 0
2025-05-27 14:44:35,131 INFO ===========> Epoch: 1 optimisation losses
2025-05-27 14:44:35,131 INFO =====> EMD Loss: 14.535542
2025-05-27 14:44:35,131 INFO =====> Height map loss: 6.582289
2025-05-27 14:44:45,493 INFO ==> EMD Loss: 14.553393
2025-05-27 14:44:45,493 INFO ==> Height map loss:  6.596054
2025-05-27 14:44:55,849 INFO ==> EMD Loss: 14.560905
2025-05-27 14:44:55,850 INFO ==> Height map loss:  6.593843
2025-05-27 14:45:05,819 INFO ==> EMD Loss: 14.587812
2025-05-27 14:45:05,819 INFO ==> Height map loss:  6.593696
2025-05-27 14:45:15,734 INFO ==> EMD Loss: 14.588314
2025-05-27 14:45:15,734 INFO ==> Height map loss:  6.594965
2025-05-27 14:45:28,336 INFO ==> EMD Loss: 14.589297
2025-05-27 14:45:28,336 INFO ==> Height map loss:  6.605322
2025-05-27 14:45:52,774 INFO =====> Skill params: [-0.35793117 -0.52712727  0.90087795 -0.98312104 -0.00450126]
2025-05-27 14:45:52,774 INFO =====> Grad: [ 2840.5737   -1239.0028     -98.12325   -494.08435     84.217514]
2025-05-27 14:45:52,774 INFO =====> Num. aborted data so far: 0
2025-05-27 14:45:52,775 INFO ===========> Epoch: 2 optimisation losses
2025-05-27 14:45:52,775 INFO =====> EMD Loss: 14.581939
2025-05-27 14:45:52,775 INFO =====> Height map loss: 6.591433
2025-05-27 14:46:02,971 INFO ==> EMD Loss: 14.564442
2025-05-27 14:46:02,971 INFO ==> Height map loss:  6.587164
2025-05-27 14:46:12,844 INFO ==> EMD Loss: 14.599032
2025-05-27 14:46:12,845 INFO ==> Height map loss:  6.584641
2025-05-27 14:46:22,632 INFO ==> EMD Loss: 14.717391
2025-05-27 14:46:22,632 INFO ==> Height map loss:  6.639654
2025-05-27 14:46:32,320 INFO ==> EMD Loss: 14.631984
2025-05-27 14:46:32,320 INFO ==> Height map loss:  6.618704
2025-05-27 14:46:41,722 INFO ==> EMD Loss: 14.640701
2025-05-27 14:46:41,722 INFO ==> Height map loss:  6.629500
2025-05-27 14:47:05,737 INFO =====> Skill params: [-0.3867107  -0.49699357  0.93843544 -0.9496409  -0.04307173]
2025-05-27 14:47:05,737 INFO =====> Grad: [2017.7395   340.2207  -306.57623  -29.24474   11.62803]
2025-05-27 14:47:05,737 INFO =====> Num. aborted data so far: 0
2025-05-27 14:47:05,738 INFO ===========> Epoch: 3 optimisation losses
2025-05-27 14:47:05,738 INFO =====> EMD Loss: 14.589804
2025-05-27 14:47:05,738 INFO =====> Height map loss: 6.586087
2025-05-27 14:47:15,723 INFO ==> EMD Loss: 14.597223
2025-05-27 14:47:15,723 INFO ==> Height map loss:  6.588465
2025-05-27 14:47:25,921 INFO ==> EMD Loss: 14.712707
2025-05-27 14:47:25,921 INFO ==> Height map loss:  6.615788
2025-05-27 14:47:35,848 INFO ==> EMD Loss: 14.609888
2025-05-27 14:47:35,848 INFO ==> Height map loss:  6.614241
2025-05-27 14:47:46,010 INFO ==> EMD Loss: 14.578931
2025-05-27 14:47:46,011 INFO ==> Height map loss:  6.601252
2025-05-27 14:47:56,075 INFO ==> EMD Loss: 14.576153
2025-05-27 14:47:56,075 INFO ==> Height map loss:  6.599590
2025-05-27 14:48:20,343 INFO =====> Skill params: [-0.39063454 -0.49870923  0.9472933  -0.9492236  -0.04418666]
2025-05-27 14:48:20,343 INFO =====> Grad: [-2806.8462    1258.3795     102.75034   -164.33612     16.823362]
2025-05-27 14:48:20,343 INFO =====> Num. aborted data so far: 0
2025-05-27 14:48:20,344 INFO ===========> Epoch: 4 optimisation losses
2025-05-27 14:48:20,344 INFO =====> EMD Loss: 14.729434
2025-05-27 14:48:20,344 INFO =====> Height map loss: 6.619683
2025-05-27 14:48:30,543 INFO ==> EMD Loss: 14.588871
2025-05-27 14:48:30,543 INFO ==> Height map loss:  6.591439
2025-05-27 14:48:40,668 INFO ==> EMD Loss: 14.564127
2025-05-27 14:48:40,668 INFO ==> Height map loss:  6.588614
2025-05-27 14:48:50,927 INFO ==> EMD Loss: 14.577789
2025-05-27 14:48:50,927 INFO ==> Height map loss:  6.589492
2025-05-27 14:49:01,196 INFO ==> EMD Loss: 14.575976
2025-05-27 14:49:01,196 INFO ==> Height map loss:  6.586408
2025-05-27 14:49:11,745 INFO ==> EMD Loss: 14.570124
2025-05-27 14:49:11,745 INFO ==> Height map loss:  6.594545
2025-05-27 14:49:49,894 INFO =====> Skill params: [-0.31684104 -0.58071023  0.9027159  -0.9133389  -0.06929155]
2025-05-27 14:49:49,895 INFO =====> Grad: [ -1.308108 -57.063816 191.5274   124.03938  115.33242 ]
2025-05-27 14:49:49,895 INFO =====> Num. aborted data so far: 0
2025-05-27 14:49:49,895 INFO ===========> Epoch: 5 optimisation losses
2025-05-27 14:49:49,895 INFO =====> EMD Loss: 14.561853
2025-05-27 14:49:49,895 INFO =====> Height map loss: 6.591135
2025-05-27 14:50:00,467 INFO ==> EMD Loss: 14.563964
2025-05-27 14:50:00,468 INFO ==> Height map loss:  6.587487
2025-05-27 14:50:10,703 INFO ==> EMD Loss: 14.562924
2025-05-27 14:50:10,703 INFO ==> Height map loss:  6.589115
2025-05-27 14:50:21,061 INFO ==> EMD Loss: 14.563387
2025-05-27 14:50:21,062 INFO ==> Height map loss:  6.591819
2025-05-27 14:50:31,415 INFO ==> EMD Loss: 14.565960
2025-05-27 14:50:31,415 INFO ==> Height map loss:  6.590135
2025-05-27 14:50:41,610 INFO ==> EMD Loss: 14.565388
2025-05-27 14:50:41,610 INFO ==> Height map loss:  6.590029
2025-05-27 14:51:06,928 INFO =====> Skill params: [-0.31683862 -0.58044904  0.8977432  -0.91520506 -0.07675599]
2025-05-27 14:51:06,928 INFO =====> Grad: [-2903.4226     868.08844   -142.29538    -80.387695   240.73062 ]
2025-05-27 14:51:06,928 INFO =====> Num. aborted data so far: 0
2025-05-27 14:51:06,929 INFO ===========> Epoch: 6 optimisation losses
2025-05-27 14:51:06,929 INFO =====> EMD Loss: 14.562014
2025-05-27 14:51:06,929 INFO =====> Height map loss: 6.591421
2025-05-27 14:51:17,287 INFO ==> EMD Loss: 14.596478
2025-05-27 14:51:17,287 INFO ==> Height map loss:  6.596848
2025-05-27 14:51:27,746 INFO ==> EMD Loss: 14.563953
2025-05-27 14:51:27,746 INFO ==> Height map loss:  6.580397
2025-05-27 14:51:38,135 INFO ==> EMD Loss: 14.575708
2025-05-27 14:51:38,135 INFO ==> Height map loss:  6.595378
2025-05-27 14:51:48,763 INFO ==> EMD Loss: 14.560359
2025-05-27 14:51:48,763 INFO ==> Height map loss:  6.588101
2025-05-27 14:51:59,246 INFO ==> EMD Loss: 14.571485
2025-05-27 14:51:59,247 INFO ==> Height map loss:  6.600293
2025-05-27 14:52:24,665 INFO =====> Skill params: [-0.29255354 -0.59960794  0.9157562  -0.90888757 -0.11782983]
2025-05-27 14:52:24,665 INFO =====> Grad: [-2896.9636     951.39197      9.384563    32.41368     19.971996]
2025-05-27 14:52:24,665 INFO =====> Num. aborted data so far: 0
2025-05-27 14:52:24,666 INFO ===========> Epoch: 7 optimisation losses
2025-05-27 14:52:24,666 INFO =====> EMD Loss: 14.529484
2025-05-27 14:52:24,666 INFO =====> Height map loss: 6.575004
2025-05-27 14:52:35,240 INFO ==> EMD Loss: 14.565213
2025-05-27 14:52:35,240 INFO ==> Height map loss:  6.592979
2025-05-27 14:52:45,759 INFO ==> EMD Loss: 14.575580
2025-05-27 14:52:45,759 INFO ==> Height map loss:  6.595553
2025-05-27 14:52:56,403 INFO ==> EMD Loss: 14.561452
2025-05-27 14:52:56,403 INFO ==> Height map loss:  6.585492
2025-05-27 14:53:07,100 INFO ==> EMD Loss: 14.579492
2025-05-27 14:53:07,100 INFO ==> Height map loss:  6.600671
2025-05-27 14:53:17,997 INFO ==> EMD Loss: 14.559778
2025-05-27 14:53:17,997 INFO ==> Height map loss:  6.597055
2025-05-27 14:53:57,127 INFO =====> Skill params: [-0.24757607 -0.6397223   0.9132526  -0.91424924 -0.12499329]
2025-05-27 14:53:57,127 INFO =====> Grad: [1919.6655     390.82614   -387.84357     59.059452    -7.6840935]
2025-05-27 14:53:57,127 INFO =====> Num. aborted data so far: 0
2025-05-27 14:53:57,128 INFO ===========> Epoch: 8 optimisation losses
2025-05-27 14:53:57,128 INFO =====> EMD Loss: 14.572136
2025-05-27 14:53:57,128 INFO =====> Height map loss: 6.587467
2025-05-27 14:54:07,879 INFO ==> EMD Loss: 14.561719
2025-05-27 14:54:07,880 INFO ==> Height map loss:  6.586920
2025-05-27 14:54:18,491 INFO ==> EMD Loss: 14.568344
2025-05-27 14:54:18,491 INFO ==> Height map loss:  6.579860
2025-05-27 14:54:29,311 INFO ==> EMD Loss: 14.586799
2025-05-27 14:54:29,311 INFO ==> Height map loss:  6.573788
2025-05-27 14:54:40,026 INFO ==> EMD Loss: 14.530059
2025-05-27 14:54:40,026 INFO ==> Height map loss:  6.569803
2025-05-27 14:54:50,934 INFO ==> EMD Loss: 14.570310
2025-05-27 14:54:50,934 INFO ==> Height map loss:  6.588144
2025-05-27 14:55:17,678 INFO =====> Skill params: [-0.2923115  -0.6653514   1.         -0.92960554 -0.12063757]
2025-05-27 14:55:17,678 INFO =====> Grad: [-2878.7236     1152.5109       37.55917     -29.544006      4.1971946]
2025-05-27 14:55:17,678 INFO =====> Num. aborted data so far: 0
2025-05-27 14:55:17,679 INFO ===========> Epoch: 9 optimisation losses
2025-05-27 14:55:17,679 INFO =====> EMD Loss: 14.571575
2025-05-27 14:55:17,679 INFO =====> Height map loss: 6.583982
2025-05-27 14:55:28,556 INFO ==> EMD Loss: 14.576980
2025-05-27 14:55:28,556 INFO ==> Height map loss:  6.593052
2025-05-27 14:55:39,369 INFO ==> EMD Loss: 14.571609
2025-05-27 14:55:39,369 INFO ==> Height map loss:  6.598414
2025-05-27 14:55:50,497 INFO ==> EMD Loss: 14.576032
2025-05-27 14:55:50,497 INFO ==> Height map loss:  6.600819
2025-05-27 14:56:01,514 INFO ==> EMD Loss: 14.579208
2025-05-27 14:56:01,514 INFO ==> Height map loss:  6.601295
2025-05-27 14:56:12,791 INFO ==> EMD Loss: 14.578171
2025-05-27 14:56:12,791 INFO ==> Height map loss:  6.602538
2025-05-27 14:56:39,334 INFO =====> Skill params: [-0.28808975 -0.66998565  0.9992715  -0.9290666  -0.12080473]
2025-05-27 14:56:39,335 INFO =====> Grad: [ 2.2530583e+03 -9.1116754e+02  9.9961166e+01 -4.5739144e-01
  1.4502205e-01]
2025-05-27 14:56:39,335 INFO =====> Num. aborted data so far: 0
2025-05-27 14:56:39,336 INFO ===========> Epoch: 10 optimisation losses
2025-05-27 14:56:39,336 INFO =====> EMD Loss: 14.564631
2025-05-27 14:56:39,336 INFO =====> Height map loss: 6.587172
2025-05-27 14:56:50,002 INFO ==> EMD Loss: 14.530869
2025-05-27 14:56:50,002 INFO ==> Height map loss:  6.566307
2025-05-27 14:57:00,785 INFO ==> EMD Loss: 14.575794
2025-05-27 14:57:00,785 INFO ==> Height map loss:  6.592703
2025-05-27 14:57:11,381 INFO ==> EMD Loss: 14.576569
2025-05-27 14:57:11,381 INFO ==> Height map loss:  6.600567
2025-05-27 14:57:22,151 INFO ==> EMD Loss: 14.576221
2025-05-27 14:57:22,151 INFO ==> Height map loss:  6.596527
2025-05-27 14:57:32,535 INFO ==> EMD Loss: 14.571435
2025-05-27 14:57:32,535 INFO ==> Height map loss:  6.592860
2025-05-27 14:57:58,893 INFO =====> Skill params: [-0.29135928 -0.66640866  0.99727356 -0.9290578  -0.12081082]
2025-05-27 14:57:58,894 INFO =====> Grad: [-2.8747378e+03  1.1496749e+03  3.7091244e+01 -9.5999289e+00
  1.5974997e+00]
2025-05-27 14:57:58,894 INFO =====> Num. aborted data so far: 0
2025-05-27 14:57:58,894 INFO ===========> Epoch: 11 optimisation losses
2025-05-27 14:57:58,894 INFO =====> EMD Loss: 14.589429
2025-05-27 14:57:58,894 INFO =====> Height map loss: 6.575866
2025-05-27 14:58:09,682 INFO ==> EMD Loss: 14.565167
2025-05-27 14:58:09,682 INFO ==> Height map loss:  6.599620
2025-05-27 14:58:20,714 INFO ==> EMD Loss: 14.574669
2025-05-27 14:58:20,714 INFO ==> Height map loss:  6.598353
2025-05-27 14:58:31,706 INFO ==> EMD Loss: 14.568707
2025-05-27 14:58:31,706 INFO ==> Height map loss:  6.599777
2025-05-27 14:58:42,916 INFO ==> EMD Loss: 14.571234
2025-05-27 14:58:42,916 INFO ==> Height map loss:  6.601324
2025-05-27 14:58:54,058 INFO ==> EMD Loss: 14.572773
2025-05-27 14:58:54,058 INFO ==> Height map loss:  6.598782
2025-05-27 14:59:20,904 INFO =====> Skill params: [-0.2714113  -0.6876719   0.99337953 -0.9280851  -0.12116428]
2025-05-27 14:59:20,904 INFO =====> Grad: [-4.0599735e+01  4.5444580e+01 -7.5336270e+00 -2.9319996e-01
  3.4897060e-03]
2025-05-27 14:59:20,904 INFO =====> Num. aborted data so far: 0
2025-05-27 14:59:20,905 INFO ===========> Epoch: 12 optimisation losses
2025-05-27 14:59:20,905 INFO =====> EMD Loss: 14.571290
2025-05-27 14:59:20,905 INFO =====> Height map loss: 6.601380
2025-05-27 14:59:31,766 INFO ==> EMD Loss: 14.574569
2025-05-27 14:59:31,766 INFO ==> Height map loss:  6.598353
2025-05-27 14:59:42,821 INFO ==> EMD Loss: 14.574621
2025-05-27 14:59:42,821 INFO ==> Height map loss:  6.598355
2025-05-27 14:59:53,561 INFO ==> EMD Loss: 14.571649
2025-05-27 14:59:53,561 INFO ==> Height map loss:  6.598433
2025-05-27 15:00:04,640 INFO ==> EMD Loss: 14.571306
2025-05-27 15:00:04,641 INFO ==> Height map loss:  6.599697
2025-05-27 15:00:15,466 INFO ==> EMD Loss: 14.571351
2025-05-27 15:00:15,466 INFO ==> Height map loss:  6.599468
2025-05-27 15:00:42,243 INFO =====> Skill params: [-0.2713519  -0.68784904  0.99354625 -0.92807883 -0.12116445]
2025-05-27 15:00:42,243 INFO =====> Grad: [ 1.2808592   0.8041484   2.9769397  -0.7475524  -0.01194081]
2025-05-27 15:00:42,243 INFO =====> Num. aborted data so far: 0
2025-05-27 15:00:42,244 INFO ===========> Epoch: 13 optimisation losses
2025-05-27 15:00:42,244 INFO =====> EMD Loss: 14.571299
2025-05-27 15:00:42,244 INFO =====> Height map loss: 6.601724
2025-05-27 15:00:53,257 INFO ==> EMD Loss: 14.574653
2025-05-27 15:00:53,257 INFO ==> Height map loss:  6.598414
2025-05-27 15:01:04,316 INFO ==> EMD Loss: 14.574689
2025-05-27 15:01:04,316 INFO ==> Height map loss:  6.598425
2025-05-27 15:01:15,144 INFO ==> EMD Loss: 14.574651
2025-05-27 15:01:15,144 INFO ==> Height map loss:  6.598417
2025-05-27 15:01:26,227 INFO ==> EMD Loss: 14.574677
2025-05-27 15:01:26,227 INFO ==> Height map loss:  6.598435
2025-05-27 15:01:36,944 INFO ==> EMD Loss: 14.574667
2025-05-27 15:01:36,945 INFO ==> Height map loss:  6.598416
2025-05-27 15:02:03,945 INFO =====> Skill params: [-0.27135387 -0.6878523   0.9934768  -0.928062   -0.12116386]
2025-05-27 15:02:03,946 INFO =====> Grad: [ 32.581223   -34.843273     8.030539     2.5406547   -0.43149725]
2025-05-27 15:02:03,952 INFO =====> Num. aborted data so far: 0
2025-05-27 15:02:03,953 INFO ===========> Epoch: 14 optimisation losses
2025-05-27 15:02:03,953 INFO =====> EMD Loss: 14.571215
2025-05-27 15:02:03,953 INFO =====> Height map loss: 6.601736
2025-05-27 15:02:14,771 INFO ==> EMD Loss: 14.574742
2025-05-27 15:02:14,771 INFO ==> Height map loss:  6.598361
2025-05-27 15:02:25,740 INFO ==> EMD Loss: 14.578508
2025-05-27 15:02:25,740 INFO ==> Height map loss:  6.600972
2025-05-27 15:02:36,596 INFO ==> EMD Loss: 14.579114
2025-05-27 15:02:36,596 INFO ==> Height map loss:  6.601732
2025-05-27 15:02:47,554 INFO ==> EMD Loss: 14.579235
2025-05-27 15:02:47,554 INFO ==> Height map loss:  6.601397
2025-05-27 15:02:58,280 INFO ==> EMD Loss: 14.579143
2025-05-27 15:02:58,280 INFO ==> Height map loss:  6.600509
2025-05-27 15:03:25,152 INFO =====> Skill params: [-0.27140683 -0.6877014   0.9932794  -0.92812234 -0.12114149]
2025-05-27 15:03:25,152 INFO =====> Grad: [ 31.22206    -29.238504     9.710121    -5.55848      0.45420557]
2025-05-27 15:03:25,152 INFO =====> Num. aborted data so far: 0
2025-05-27 15:03:25,153 INFO ===========> Epoch: 15 optimisation losses
2025-05-27 15:03:25,153 INFO =====> EMD Loss: 14.579194
2025-05-27 15:03:25,153 INFO =====> Height map loss: 6.601439
2025-05-27 15:03:36,050 INFO ==> EMD Loss: 14.574689
2025-05-27 15:03:36,050 INFO ==> Height map loss:  6.598398
2025-05-27 15:03:47,169 INFO ==> EMD Loss: 14.578594
2025-05-27 15:03:47,169 INFO ==> Height map loss:  6.600873
2025-05-27 15:03:57,971 INFO ==> EMD Loss: 14.579115
2025-05-27 15:03:57,971 INFO ==> Height map loss:  6.601713
2025-05-27 15:04:08,913 INFO ==> EMD Loss: 14.579182
2025-05-27 15:04:08,913 INFO ==> Height map loss:  6.601584
2025-05-27 15:04:19,751 INFO ==> EMD Loss: 14.579140
2025-05-27 15:04:19,752 INFO ==> Height map loss:  6.600504
2025-05-27 15:04:46,743 INFO =====> Skill params: [-0.27146032 -0.68756795  0.99302787 -0.9279833  -0.1211663 ]
2025-05-27 15:04:46,743 INFO =====> Grad: [ 32.602734   -44.328476    -4.2132545    0.79875416   1.1274734 ]
2025-05-27 15:04:46,750 INFO =====> Num. aborted data so far: 0
2025-05-27 15:04:46,751 INFO ===========> Epoch: 16 optimisation losses
2025-05-27 15:04:46,751 INFO =====> EMD Loss: 14.579209
2025-05-27 15:04:46,751 INFO =====> Height map loss: 6.601404
2025-05-27 15:04:57,628 INFO ==> EMD Loss: 14.574694
2025-05-27 15:04:57,628 INFO ==> Height map loss:  6.598411
2025-05-27 15:05:08,613 INFO ==> EMD Loss: 14.579047
2025-05-27 15:05:08,613 INFO ==> Height map loss:  6.601653
2025-05-27 15:05:19,416 INFO ==> EMD Loss: 14.579266
2025-05-27 15:05:19,416 INFO ==> Height map loss:  6.601281
2025-05-27 15:05:30,357 INFO ==> EMD Loss: 14.579040
2025-05-27 15:05:30,357 INFO ==> Height map loss:  6.599851
2025-05-27 15:05:41,198 INFO ==> EMD Loss: 14.578708
2025-05-27 15:05:41,199 INFO ==> Height map loss:  6.598900
2025-05-27 15:06:08,102 INFO =====> Skill params: [-0.2715192  -0.6873547   0.9931429  -0.9280043  -0.12123123]
2025-05-27 15:06:08,102 INFO =====> Grad: [-2.8607216   5.604426    1.0483983  -4.077803    0.29987368]
2025-05-27 15:06:08,102 INFO =====> Num. aborted data so far: 0
2025-05-27 15:06:08,103 INFO ===========> Epoch: 17 optimisation losses
2025-05-27 15:06:08,103 INFO =====> EMD Loss: 14.579165
2025-05-27 15:06:08,103 INFO =====> Height map loss: 6.601189
2025-05-27 15:06:19,031 INFO ==> EMD Loss: 14.566712
2025-05-27 15:06:19,031 INFO ==> Height map loss:  6.598426
2025-05-27 15:06:30,109 INFO ==> EMD Loss: 14.574703
2025-05-27 15:06:30,109 INFO ==> Height map loss:  6.598393
2025-05-27 15:06:40,843 INFO ==> EMD Loss: 14.574677
2025-05-27 15:06:40,843 INFO ==> Height map loss:  6.598394
2025-05-27 15:06:51,879 INFO ==> EMD Loss: 14.574660
2025-05-27 15:06:51,879 INFO ==> Height map loss:  6.597498
2025-05-27 15:07:02,841 INFO ==> EMD Loss: 14.574692
2025-05-27 15:07:02,841 INFO ==> Height map loss:  6.598375
2025-05-27 15:07:29,817 INFO =====> Skill params: [-0.27143753 -0.687781    0.9926903  -0.92630434 -0.12150426]
2025-05-27 15:07:29,818 INFO =====> Grad: [-44.71621     45.499477   -12.228085     3.569636     0.08142889]
2025-05-27 15:07:29,818 INFO =====> Num. aborted data so far: 0
2025-05-27 15:07:29,818 INFO ===========> Epoch: 18 optimisation losses
2025-05-27 15:07:29,818 INFO =====> EMD Loss: 14.579189
2025-05-27 15:07:29,818 INFO =====> Height map loss: 6.601466
2025-05-27 15:07:40,696 INFO ==> EMD Loss: 14.574672
2025-05-27 15:07:40,697 INFO ==> Height map loss:  6.598378
2025-05-27 15:07:51,909 INFO ==> EMD Loss: 14.571535
2025-05-27 15:07:51,909 INFO ==> Height map loss:  6.598414
2025-05-27 15:08:02,786 INFO ==> EMD Loss: 14.571243
2025-05-27 15:08:02,786 INFO ==> Height map loss:  6.599581
2025-05-27 15:08:13,697 INFO ==> EMD Loss: 14.571383
2025-05-27 15:08:13,697 INFO ==> Height map loss:  6.599991
2025-05-27 15:08:24,734 INFO ==> EMD Loss: 14.576862
2025-05-27 15:08:24,734 INFO ==> Height map loss:  6.600901
2025-05-27 15:08:51,622 INFO =====> Skill params: [-0.2713478  -0.6880241   0.993061   -0.9264089  -0.12150947]
2025-05-27 15:08:51,623 INFO =====> Grad: [-23.734964    24.015205    -8.447075    -4.0430465    0.59013313]
2025-05-27 15:08:51,623 INFO =====> Num. aborted data so far: 0
2025-05-27 15:08:51,624 INFO ===========> Epoch: 19 optimisation losses
2025-05-27 15:08:51,624 INFO =====> EMD Loss: 14.579234
2025-05-27 15:08:51,624 INFO =====> Height map loss: 6.601733
2025-05-27 15:09:02,562 INFO ==> EMD Loss: 14.574598
2025-05-27 15:09:02,562 INFO ==> Height map loss:  6.598449
2025-05-27 15:09:13,603 INFO ==> EMD Loss: 14.574615
2025-05-27 15:09:13,603 INFO ==> Height map loss:  6.598386
2025-05-27 15:09:24,434 INFO ==> EMD Loss: 14.571591
2025-05-27 15:09:24,434 INFO ==> Height map loss:  6.598500
2025-05-27 15:09:35,336 INFO ==> EMD Loss: 14.571248
2025-05-27 15:09:35,337 INFO ==> Height map loss:  6.599397
2025-05-27 15:09:46,385 INFO ==> EMD Loss: 14.571324
2025-05-27 15:09:46,385 INFO ==> Height map loss:  6.599118
2025-05-27 15:09:57,215 INFO ===========> Finished training.
2025-05-27 15:09:57,215 INFO ====> Final EMD Loss: 14.574565
2025-05-27 15:09:57,215 INFO ====> Final Height map loss: 6.598464
2025-05-27 15:09:57,216 INFO ====> Final skill params: [-0.2710968  -0.6887003   0.99441    -0.9257847  -0.12170848]
