2025-05-28 12:39:25,642 INFO =====> Skill params: [ 0.46502045  0.2         0.8         0.         -0.5       ]
2025-05-28 12:39:25,642 INFO =====> Grad: [ 2414.09    -1707.8165    231.07074   900.58997  -308.2503 ]
2025-05-28 12:39:25,642 INFO =====> Num. aborted data so far: 0
2025-05-28 12:39:25,643 INFO ===========> Epoch: 0 optimisation losses
2025-05-28 12:39:25,643 INFO =====> EMD Loss: 25.486675
2025-05-28 12:39:25,643 INFO =====> Height map loss: 11.982540
2025-05-28 12:39:34,447 INFO ==> EMD Loss: 25.509750
2025-05-28 12:39:34,447 INFO ==> Height map loss:  12.073246
2025-05-28 12:39:43,257 INFO ==> EMD Loss: 26.473818
2025-05-28 12:39:43,257 INFO ==> Height map loss:  13.391912
2025-05-28 12:39:52,358 INFO ==> EMD Loss: 26.951038
2025-05-28 12:39:52,358 INFO ==> Height map loss:  14.748865
2025-05-28 12:40:01,500 INFO ==> EMD Loss: 26.603140
2025-05-28 12:40:01,500 INFO ==> Height map loss:  15.037861
2025-05-28 12:40:10,964 INFO ==> EMD Loss: 27.018717
2025-05-28 12:40:10,964 INFO ==> Height map loss:  14.994372
2025-05-28 12:40:30,746 INFO =====> Skill params: [ 0.45553362  0.20948684  0.79051316 -0.00948683 -0.49051318]
2025-05-28 12:40:30,746 INFO =====> Grad: [-2096.401    1144.4025   -263.71252  -674.6764   -397.65195]
2025-05-28 12:40:30,746 INFO =====> Num. aborted data so far: 0
2025-05-28 12:40:30,747 INFO ===========> Epoch: 1 optimisation losses
2025-05-28 12:40:30,747 INFO =====> EMD Loss: 25.587147
2025-05-28 12:40:30,747 INFO =====> Height map loss: 12.379230
2025-05-28 12:40:39,539 INFO ==> EMD Loss: 25.386559
2025-05-28 12:40:39,539 INFO ==> Height map loss:  12.026717
2025-05-28 12:40:48,620 INFO ==> EMD Loss: 25.083948
2025-05-28 12:40:48,620 INFO ==> Height map loss:  12.026093
2025-05-28 12:40:57,624 INFO ==> EMD Loss: 25.503876
2025-05-28 12:40:57,624 INFO ==> Height map loss:  12.043575
2025-05-28 12:41:06,968 INFO ==> EMD Loss: 25.831596
2025-05-28 12:41:06,968 INFO ==> Height map loss:  11.927421
2025-05-28 12:41:16,226 INFO ==> EMD Loss: 26.103701
2025-05-28 12:41:16,226 INFO ==> Height map loss:  12.171402
2025-05-28 12:41:36,745 INFO =====> Skill params: [ 0.55161726  0.12738755  0.8999446   0.07870379 -0.3758726 ]
2025-05-28 12:41:36,745 INFO =====> Grad: [ 1315.2284  -4326.8066   -337.23602   448.97147  -535.9826 ]
2025-05-28 12:41:36,745 INFO =====> Num. aborted data so far: 0
2025-05-28 12:41:36,746 INFO ===========> Epoch: 2 optimisation losses
2025-05-28 12:41:36,746 INFO =====> EMD Loss: 25.939365
2025-05-28 12:41:36,746 INFO =====> Height map loss: 11.946390
2025-05-28 12:41:45,943 INFO ==> EMD Loss: 26.155781
2025-05-28 12:41:45,943 INFO ==> Height map loss:  12.183147
2025-05-28 12:41:55,294 INFO ==> EMD Loss: 27.447401
2025-05-28 12:41:55,294 INFO ==> Height map loss:  13.220483
2025-05-28 12:42:04,410 INFO ==> EMD Loss: 27.573517
2025-05-28 12:42:04,410 INFO ==> Height map loss:  14.209847
2025-05-28 12:42:13,856 INFO ==> EMD Loss: 28.742256
2025-05-28 12:42:13,856 INFO ==> Height map loss:  15.306612
2025-05-28 12:42:23,241 INFO ==> EMD Loss: 28.700018
2025-05-28 12:42:23,241 INFO ==> Height map loss:  16.175735
2025-05-28 12:42:43,903 INFO =====> Skill params: [ 0.5477493   0.13608722  0.90677226  0.07492159 -0.36872834]
2025-05-28 12:42:43,903 INFO =====> Grad: [-1345.7985   2292.2036   -254.35028 -1115.7264    882.5252 ]
2025-05-28 12:42:43,910 INFO =====> Num. aborted data so far: 0
2025-05-28 12:42:43,911 INFO ===========> Epoch: 3 optimisation losses
2025-05-28 12:42:43,911 INFO =====> EMD Loss: 25.935385
2025-05-28 12:42:43,911 INFO =====> Height map loss: 12.372609
2025-05-28 12:42:53,054 INFO ==> EMD Loss: 26.103058
2025-05-28 12:42:53,054 INFO ==> Height map loss:  12.010842
2025-05-28 12:43:02,348 INFO ==> EMD Loss: 25.861250
2025-05-28 12:43:02,348 INFO ==> Height map loss:  11.146660
2025-05-28 12:43:11,390 INFO ==> EMD Loss: 25.610128
2025-05-28 12:43:11,390 INFO ==> Height map loss:  11.120075
2025-05-28 12:43:20,625 INFO ==> EMD Loss: 25.570719
2025-05-28 12:43:20,625 INFO ==> Height map loss:  10.627625
2025-05-28 12:43:29,703 INFO ==> EMD Loss: 25.883032
2025-05-28 12:43:29,703 INFO ==> Height map loss:  11.423493
2025-05-28 12:43:50,396 INFO =====> Skill params: [ 0.6050345   0.07122556  0.9774434   0.17770287 -0.4817469 ]
2025-05-28 12:43:50,396 INFO =====> Grad: [  645.21826 -5851.7324    276.81046   225.97708  -973.3245 ]
2025-05-28 12:43:50,396 INFO =====> Num. aborted data so far: 0
2025-05-28 12:43:50,397 INFO ===========> Epoch: 4 optimisation losses
2025-05-28 12:43:50,397 INFO =====> EMD Loss: 25.539730
2025-05-28 12:43:50,397 INFO =====> Height map loss: 10.739707
2025-05-28 12:43:59,684 INFO ==> EMD Loss: 26.033592
2025-05-28 12:43:59,684 INFO ==> Height map loss:  10.632331
2025-05-28 12:44:08,804 INFO ==> EMD Loss: 25.843611
2025-05-28 12:44:08,804 INFO ==> Height map loss:  10.935918
2025-05-28 12:44:18,097 INFO ==> EMD Loss: 25.372313
2025-05-28 12:44:18,097 INFO ==> Height map loss:  11.487687
2025-05-28 12:44:27,263 INFO ==> EMD Loss: 26.063293
2025-05-28 12:44:27,263 INFO ==> Height map loss:  12.118348
2025-05-28 12:44:36,648 INFO ==> EMD Loss: 26.931728
2025-05-28 12:44:36,648 INFO ==> Height map loss:  13.179805
2025-05-28 12:44:57,294 INFO =====> Skill params: [ 0.6031432   0.07857836  0.97274727  0.17625709 -0.4753113 ]
2025-05-28 12:44:57,294 INFO =====> Grad: [  716.2968  -5042.3447    274.32663   614.1762   -352.92612]
2025-05-28 12:44:57,294 INFO =====> Num. aborted data so far: 0
2025-05-28 12:44:57,295 INFO ===========> Epoch: 5 optimisation losses
2025-05-28 12:44:57,295 INFO =====> EMD Loss: 25.816513
2025-05-28 12:44:57,295 INFO =====> Height map loss: 10.663930
2025-05-28 12:45:06,602 INFO ==> EMD Loss: 25.750067
2025-05-28 12:45:06,603 INFO ==> Height map loss:  10.809614
2025-05-28 12:45:15,704 INFO ==> EMD Loss: 25.126236
2025-05-28 12:45:15,704 INFO ==> Height map loss:  10.631659
2025-05-28 12:45:24,951 INFO ==> EMD Loss: 25.100298
2025-05-28 12:45:24,951 INFO ==> Height map loss:  10.808014
2025-05-28 12:45:34,326 INFO ==> EMD Loss: 25.207520
2025-05-28 12:45:34,326 INFO ==> Height map loss:  11.026752
2025-05-28 12:45:43,431 INFO ==> EMD Loss: 25.752335
2025-05-28 12:45:43,431 INFO ==> Height map loss:  11.861494
2025-05-28 12:46:04,143 INFO =====> Skill params: [ 0.5923667   0.10588349  0.95095927  0.15727714 -0.46340615]
2025-05-28 12:46:04,143 INFO =====> Grad: [ 1000.6403  -4894.2046    264.96152  1009.21967  -356.9896 ]
2025-05-28 12:46:04,143 INFO =====> Num. aborted data so far: 0
2025-05-28 12:46:04,144 INFO ===========> Epoch: 6 optimisation losses
2025-05-28 12:46:04,144 INFO =====> EMD Loss: 25.043425
2025-05-28 12:46:04,144 INFO =====> Height map loss: 10.723010
2025-05-28 12:46:13,293 INFO ==> EMD Loss: 24.917660
2025-05-28 12:46:13,293 INFO ==> Height map loss:  10.930097
2025-05-28 12:46:22,596 INFO ==> EMD Loss: 24.825794
2025-05-28 12:46:22,596 INFO ==> Height map loss:  10.839393
2025-05-28 12:46:31,754 INFO ==> EMD Loss: 25.176081
2025-05-28 12:46:31,754 INFO ==> Height map loss:  11.038959
2025-05-28 12:46:40,984 INFO ==> EMD Loss: 25.643766
2025-05-28 12:46:40,985 INFO ==> Height map loss:  11.841102
2025-05-28 12:46:50,034 INFO ==> EMD Loss: 25.312237
2025-05-28 12:46:50,034 INFO ==> Height map loss:  12.212955
2025-05-28 12:47:10,658 INFO =====> Skill params: [ 0.5773178   0.12995538  0.9308654   0.13025713 -0.45114398]
2025-05-28 12:47:10,658 INFO =====> Grad: [-1054.3835    5268.375      102.063614  -193.30196    427.3735  ]
2025-05-28 12:47:10,658 INFO =====> Num. aborted data so far: 0
2025-05-28 12:47:10,659 INFO ===========> Epoch: 7 optimisation losses
2025-05-28 12:47:10,659 INFO =====> EMD Loss: 25.556225
2025-05-28 12:47:10,659 INFO =====> Height map loss: 10.904390
2025-05-28 12:47:19,954 INFO ==> EMD Loss: 24.826302
2025-05-28 12:47:19,954 INFO ==> Height map loss:  10.734338
2025-05-28 12:47:29,045 INFO ==> EMD Loss: 25.158005
2025-05-28 12:47:29,045 INFO ==> Height map loss:  10.223142
2025-05-28 12:47:38,302 INFO ==> EMD Loss: 25.117580
2025-05-28 12:47:38,302 INFO ==> Height map loss:  9.928413
2025-05-28 12:47:47,427 INFO ==> EMD Loss: 24.954119
2025-05-28 12:47:47,427 INFO ==> Height map loss:  10.399072
2025-05-28 12:47:56,734 INFO ==> EMD Loss: 25.341562
2025-05-28 12:47:56,734 INFO ==> Height map loss:  11.161795
2025-05-28 12:48:17,169 INFO =====> Skill params: [ 0.6088473   0.08261515  0.9147838   0.14109619 -0.48056573]
2025-05-28 12:48:17,170 INFO =====> Grad: [  142.49596 -1181.2577   -151.33913   329.9217   1059.1125 ]
2025-05-28 12:48:17,170 INFO =====> Num. aborted data so far: 0
2025-05-28 12:48:17,170 INFO ===========> Epoch: 8 optimisation losses
2025-05-28 12:48:17,170 INFO =====> EMD Loss: 24.920008
2025-05-28 12:48:17,170 INFO =====> Height map loss: 10.143630
2025-05-28 12:48:26,480 INFO ==> EMD Loss: 25.180830
2025-05-28 12:48:26,480 INFO ==> Height map loss:  10.000751
2025-05-28 12:48:35,561 INFO ==> EMD Loss: 23.816961
2025-05-28 12:48:35,561 INFO ==> Height map loss:  10.064881
2025-05-28 12:48:44,895 INFO ==> EMD Loss: 23.797621
2025-05-28 12:48:44,895 INFO ==> Height map loss:  10.064815
2025-05-28 12:48:54,042 INFO ==> EMD Loss: 23.976334
2025-05-28 12:48:54,042 INFO ==> Height map loss:  9.814942
2025-05-28 12:49:03,261 INFO ==> EMD Loss: 24.640762
2025-05-28 12:49:03,261 INFO ==> Height map loss:  9.637676
2025-05-28 12:49:23,386 INFO =====> Skill params: [ 0.5998742   0.10483839  0.9633782   0.10289399 -0.60000265]
2025-05-28 12:49:23,386 INFO =====> Grad: [  524.4203  -4299.686     190.46585   514.87506  1041.0336 ]
2025-05-28 12:49:23,386 INFO =====> Num. aborted data so far: 0
2025-05-28 12:49:23,387 INFO ===========> Epoch: 9 optimisation losses
2025-05-28 12:49:23,387 INFO =====> EMD Loss: 24.467325
2025-05-28 12:49:23,387 INFO =====> Height map loss: 9.380726
2025-05-28 12:49:32,583 INFO ==> EMD Loss: 24.544846
2025-05-28 12:49:32,583 INFO ==> Height map loss:  9.410354
2025-05-28 12:49:41,802 INFO ==> EMD Loss: 23.809185
2025-05-28 12:49:41,802 INFO ==> Height map loss:  9.166605
2025-05-28 12:49:50,752 INFO ==> EMD Loss: 23.540405
2025-05-28 12:49:50,753 INFO ==> Height map loss:  8.906505
2025-05-28 12:49:59,774 INFO ==> EMD Loss: 23.030716
2025-05-28 12:49:59,775 INFO ==> Height map loss:  8.772949
2025-05-28 12:50:08,547 INFO ==> EMD Loss: 22.677830
2025-05-28 12:50:08,547 INFO ==> Height map loss:  8.625160
2025-05-28 12:50:28,274 INFO =====> Skill params: [ 0.565636    0.18261236  0.90233916  0.04323786 -0.7036539 ]
2025-05-28 12:50:28,274 INFO =====> Grad: [ 1793.1064  -3973.928    -152.41908   170.83212  -211.94995]
2025-05-28 12:50:28,274 INFO =====> Num. aborted data so far: 0
2025-05-28 12:50:28,275 INFO ===========> Epoch: 10 optimisation losses
2025-05-28 12:50:28,275 INFO =====> EMD Loss: 23.088736
2025-05-28 12:50:28,275 INFO =====> Height map loss: 8.947402
2025-05-28 12:50:37,161 INFO ==> EMD Loss: 23.053963
2025-05-28 12:50:37,161 INFO ==> Height map loss:  8.936225
2025-05-28 12:50:46,192 INFO ==> EMD Loss: 23.101891
2025-05-28 12:50:46,192 INFO ==> Height map loss:  8.985429
2025-05-28 12:50:55,049 INFO ==> EMD Loss: 23.086586
2025-05-28 12:50:55,050 INFO ==> Height map loss:  9.339828
2025-05-28 12:51:04,083 INFO ==> EMD Loss: 23.781048
2025-05-28 12:51:04,083 INFO ==> Height map loss:  9.985874
2025-05-28 12:51:12,956 INFO ==> EMD Loss: 24.560579
2025-05-28 12:51:12,956 INFO ==> Height map loss:  10.752728
2025-05-28 12:51:32,714 INFO =====> Skill params: [ 0.56046367  0.18613069  0.9048237   0.04220091 -0.7025492 ]
2025-05-28 12:51:32,715 INFO =====> Grad: [ 255.68909  -900.60065  -183.60672  -406.65836    21.624296]
2025-05-28 12:51:32,715 INFO =====> Num. aborted data so far: 0
2025-05-28 12:51:32,715 INFO ===========> Epoch: 11 optimisation losses
2025-05-28 12:51:32,715 INFO =====> EMD Loss: 22.880234
2025-05-28 12:51:32,715 INFO =====> Height map loss: 8.987079
2025-05-28 12:51:41,557 INFO ==> EMD Loss: 22.875330
2025-05-28 12:51:41,557 INFO ==> Height map loss:  8.942095
2025-05-28 12:51:50,595 INFO ==> EMD Loss: 23.081348
2025-05-28 12:51:50,595 INFO ==> Height map loss:  8.941379
2025-05-28 12:51:59,558 INFO ==> EMD Loss: 23.327396
2025-05-28 12:51:59,558 INFO ==> Height map loss:  8.872255
2025-05-28 12:52:08,693 INFO ==> EMD Loss: 23.514124
2025-05-28 12:52:08,693 INFO ==> Height map loss:  8.832187
2025-05-28 12:52:17,609 INFO ==> EMD Loss: 23.621212
2025-05-28 12:52:17,609 INFO ==> Height map loss:  8.995140
2025-05-28 12:52:37,479 INFO =====> Skill params: [ 0.54884094  0.19868869  0.9497284   0.07984026 -0.7043311 ]
2025-05-28 12:52:37,480 INFO =====> Grad: [-1957.0704   2089.045    -130.2797    650.47797   419.37057]
2025-05-28 12:52:37,480 INFO =====> Num. aborted data so far: 0
2025-05-28 12:52:37,480 INFO ===========> Epoch: 12 optimisation losses
2025-05-28 12:52:37,480 INFO =====> EMD Loss: 23.640381
2025-05-28 12:52:37,480 INFO =====> Height map loss: 9.000052
2025-05-28 12:52:46,366 INFO ==> EMD Loss: 23.491821
2025-05-28 12:52:46,366 INFO ==> Height map loss:  8.876113
2025-05-28 12:52:55,457 INFO ==> EMD Loss: 23.190557
2025-05-28 12:52:55,457 INFO ==> Height map loss:  8.798068
2025-05-28 12:53:04,394 INFO ==> EMD Loss: 22.628315
2025-05-28 12:53:04,394 INFO ==> Height map loss:  8.886484
2025-05-28 12:53:13,540 INFO ==> EMD Loss: 22.820274
2025-05-28 12:53:13,540 INFO ==> Height map loss:  9.268865
2025-05-28 12:53:22,522 INFO ==> EMD Loss: 22.980444
2025-05-28 12:53:22,522 INFO ==> Height map loss:  9.992430
2025-05-28 12:53:42,453 INFO =====> Skill params: [ 0.5749414   0.18868382  0.9606244   0.06052004 -0.7160937 ]
2025-05-28 12:53:42,453 INFO =====> Grad: [-308.67664   -49.484898 -212.61034  -313.35422   432.4632  ]
2025-05-28 12:53:42,453 INFO =====> Num. aborted data so far: 0
2025-05-28 12:53:42,454 INFO ===========> Epoch: 13 optimisation losses
2025-05-28 12:53:42,454 INFO =====> EMD Loss: 23.043831
2025-05-28 12:53:42,454 INFO =====> Height map loss: 8.852012
2025-05-28 12:53:51,361 INFO ==> EMD Loss: 23.050303
2025-05-28 12:53:51,361 INFO ==> Height map loss:  8.790228
2025-05-28 12:54:00,386 INFO ==> EMD Loss: 22.796499
2025-05-28 12:54:00,386 INFO ==> Height map loss:  8.844599
2025-05-28 12:54:09,227 INFO ==> EMD Loss: 22.834160
2025-05-28 12:54:09,227 INFO ==> Height map loss:  9.000969
2025-05-28 12:54:18,259 INFO ==> EMD Loss: 22.814114
2025-05-28 12:54:18,259 INFO ==> Height map loss:  9.089213
2025-05-28 12:54:27,146 INFO ==> EMD Loss: 22.599791
2025-05-28 12:54:27,146 INFO ==> Height map loss:  8.928564
2025-05-28 12:54:47,104 INFO =====> Skill params: [ 0.57580566  0.18873379  0.9641108   0.06244148 -0.7185628 ]
2025-05-28 12:54:47,105 INFO =====> Grad: [ 1495.1383  -2751.022     137.3449    587.42834  -948.2374 ]
2025-05-28 12:54:47,105 INFO =====> Num. aborted data so far: 0
2025-05-28 12:54:47,105 INFO ===========> Epoch: 14 optimisation losses
2025-05-28 12:54:47,105 INFO =====> EMD Loss: 23.027378
2025-05-28 12:54:47,105 INFO =====> Height map loss: 8.787992
2025-05-28 12:54:56,054 INFO ==> EMD Loss: 23.196796
2025-05-28 12:54:56,054 INFO ==> Height map loss:  8.740146
2025-05-28 12:55:05,114 INFO ==> EMD Loss: 23.194654
2025-05-28 12:55:05,114 INFO ==> Height map loss:  8.787145
2025-05-28 12:55:13,996 INFO ==> EMD Loss: 23.367321
2025-05-28 12:55:13,996 INFO ==> Height map loss:  9.262989
2025-05-28 12:55:23,008 INFO ==> EMD Loss: 23.535511
2025-05-28 12:55:23,008 INFO ==> Height map loss:  9.921487
2025-05-28 12:55:31,950 INFO ==> EMD Loss: 24.612507
2025-05-28 12:55:31,950 INFO ==> Height map loss:  10.587222
2025-05-28 12:55:51,907 INFO =====> Skill params: [ 0.57180464  0.19153138  0.9618078   0.05891645 -0.7136727 ]
2025-05-28 12:55:51,907 INFO =====> Grad: [-1840.3248     4108.276       190.79332      -7.7383847  -534.65045  ]
2025-05-28 12:55:51,914 INFO =====> Num. aborted data so far: 0
2025-05-28 12:55:51,914 INFO ===========> Epoch: 15 optimisation losses
2025-05-28 12:55:51,914 INFO =====> EMD Loss: 23.151997
2025-05-28 12:55:51,914 INFO =====> Height map loss: 8.776749
2025-05-28 12:56:00,981 INFO ==> EMD Loss: 23.179033
2025-05-28 12:56:00,981 INFO ==> Height map loss:  8.708971
2025-05-28 12:56:10,196 INFO ==> EMD Loss: 22.736120
2025-05-28 12:56:10,196 INFO ==> Height map loss:  9.015230
2025-05-28 12:56:19,084 INFO ==> EMD Loss: 23.010405
2025-05-28 12:56:19,084 INFO ==> Height map loss:  9.162397
2025-05-28 12:56:28,277 INFO ==> EMD Loss: 22.630980
2025-05-28 12:56:28,277 INFO ==> Height map loss:  9.486081
2025-05-28 12:56:37,415 INFO ==> EMD Loss: 23.252462
2025-05-28 12:56:37,415 INFO ==> Height map loss:  10.100940
2025-05-28 12:56:57,339 INFO =====> Skill params: [ 0.5763586   0.18753695  0.95863026  0.0589654  -0.7108938 ]
2025-05-28 12:56:57,339 INFO =====> Grad: [-1152.6665   2780.804     335.88464   353.5479   -731.8317 ]
2025-05-28 12:56:57,339 INFO =====> Num. aborted data so far: 0
2025-05-28 12:56:57,340 INFO ===========> Epoch: 16 optimisation losses
2025-05-28 12:56:57,340 INFO =====> EMD Loss: 23.175783
2025-05-28 12:56:57,340 INFO =====> Height map loss: 8.745400
2025-05-28 12:57:06,408 INFO ==> EMD Loss: 23.183184
2025-05-28 12:57:06,408 INFO ==> Height map loss:  8.846133
2025-05-28 12:57:15,552 INFO ==> EMD Loss: 22.739998
2025-05-28 12:57:15,552 INFO ==> Height map loss:  8.932032
2025-05-28 12:57:24,483 INFO ==> EMD Loss: 22.747719
2025-05-28 12:57:24,484 INFO ==> Height map loss:  9.028136
2025-05-28 12:57:33,698 INFO ==> EMD Loss: 22.758057
2025-05-28 12:57:33,699 INFO ==> Height map loss:  9.115533
2025-05-28 12:57:42,711 INFO ==> EMD Loss: 22.928888
2025-05-28 12:57:42,711 INFO ==> Height map loss:  9.288984
2025-05-28 12:58:02,674 INFO =====> Skill params: [ 0.5792247   0.18480748  0.9536223   0.0566777  -0.70720065]
2025-05-28 12:58:02,674 INFO =====> Grad: [  232.33232 -2275.1465    185.01663    75.30052  -995.5964 ]
2025-05-28 12:58:02,674 INFO =====> Num. aborted data so far: 0
2025-05-28 12:58:02,675 INFO ===========> Epoch: 17 optimisation losses
2025-05-28 12:58:02,675 INFO =====> EMD Loss: 23.018064
2025-05-28 12:58:02,675 INFO =====> Height map loss: 8.695643
2025-05-28 12:58:11,675 INFO ==> EMD Loss: 23.137907
2025-05-28 12:58:11,675 INFO ==> Height map loss:  8.736915
2025-05-28 12:58:20,877 INFO ==> EMD Loss: 23.353539
2025-05-28 12:58:20,877 INFO ==> Height map loss:  8.944371
2025-05-28 12:58:29,760 INFO ==> EMD Loss: 23.353415
2025-05-28 12:58:29,760 INFO ==> Height map loss:  9.218369
2025-05-28 12:58:38,721 INFO ==> EMD Loss: 23.309713
2025-05-28 12:58:38,721 INFO ==> Height map loss:  9.220881
2025-05-28 12:58:47,897 INFO ==> EMD Loss: 23.898619
2025-05-28 12:58:47,898 INFO ==> Height map loss:  9.755377
2025-05-28 12:59:07,814 INFO =====> Skill params: [ 0.57861704  0.18709216  0.9508422   0.05616484 -0.70257634]
2025-05-28 12:59:07,814 INFO =====> Grad: [-1755.59     3742.4756     70.54812   183.07802  -986.9715 ]
2025-05-28 12:59:07,814 INFO =====> Num. aborted data so far: 0
2025-05-28 12:59:07,815 INFO ===========> Epoch: 18 optimisation losses
2025-05-28 12:59:07,815 INFO =====> EMD Loss: 22.982342
2025-05-28 12:59:07,815 INFO =====> Height map loss: 8.759501
2025-05-28 12:59:16,807 INFO ==> EMD Loss: 23.129082
2025-05-28 12:59:16,807 INFO ==> Height map loss:  8.773122
2025-05-28 12:59:25,754 INFO ==> EMD Loss: 23.228325
2025-05-28 12:59:25,754 INFO ==> Height map loss:  8.904813
2025-05-28 12:59:34,923 INFO ==> EMD Loss: 22.594385
2025-05-28 12:59:34,923 INFO ==> Height map loss:  9.066669
2025-05-28 12:59:43,925 INFO ==> EMD Loss: 22.951033
2025-05-28 12:59:43,925 INFO ==> Height map loss:  9.461891
2025-05-28 12:59:53,231 INFO ==> EMD Loss: 22.803577
2025-05-28 12:59:53,231 INFO ==> Height map loss:  9.823367
2025-05-28 13:00:13,066 INFO =====> Skill params: [ 0.5829286   0.18343662  0.9497325   0.05486293 -0.69827056]
2025-05-28 13:00:13,067 INFO =====> Grad: [   71.78819  -1509.1765      43.37669     80.176414   812.69824 ]
2025-05-28 13:00:13,067 INFO =====> Num. aborted data so far: 0
2025-05-28 13:00:13,068 INFO ===========> Epoch: 19 optimisation losses
2025-05-28 13:00:13,068 INFO =====> EMD Loss: 23.113243
2025-05-28 13:00:13,068 INFO =====> Height map loss: 8.704727
2025-05-28 13:00:22,357 INFO ==> EMD Loss: 23.111746
2025-05-28 13:00:22,357 INFO ==> Height map loss:  8.743847
2025-05-28 13:00:31,248 INFO ==> EMD Loss: 22.641176
2025-05-28 13:00:31,248 INFO ==> Height map loss:  8.800756
2025-05-28 13:00:40,338 INFO ==> EMD Loss: 22.551126
2025-05-28 13:00:40,338 INFO ==> Height map loss:  8.785867
2025-05-28 13:00:49,157 INFO ==> EMD Loss: 22.979025
2025-05-28 13:00:49,157 INFO ==> Height map loss:  8.815672
2025-05-28 13:00:58,188 INFO ==> EMD Loss: 22.545757
2025-05-28 13:00:58,188 INFO ==> Height map loss:  8.742476
2025-05-28 13:01:07,024 INFO ===========> Finished training.
2025-05-28 13:01:07,024 INFO ====> Final EMD Loss: 22.568178
2025-05-28 13:01:07,024 INFO ====> Final Height map loss: 8.725471
2025-05-28 13:01:07,024 INFO ====> Final skill params: [ 0.5792125   0.21410507  0.93538886  0.04286711 -0.7678147 ]
