2024-12-11 11:35:33,860 DEBUG loaded <trimesh.Trimesh(vertices.shape=(916, 3), faces.shape=(856, 3))> using `load_obj` in 0.0039s
2024-12-11 11:35:34,054 DEBUG loaded <trimesh.Trimesh(vertices.shape=(48, 3), faces.shape=(28, 3))> using `load_obj` in 0.0009s
2024-12-11 11:35:52,648 INFO =====> Skill params: [ 0.79940385  0.2         0.8         0.         -0.5       ]
2024-12-11 11:35:52,648 INFO =====> Grad: [-1.3655730e+03  2.2370349e+03 -1.9869016e-05 -9.4247797e+02
 -3.6621095e-05]
2024-12-11 11:35:52,648 INFO =====> Num. aborted data so far: 0
2024-12-11 11:35:52,649 INFO ===========> Epoch: 0 optimisation losses
2024-12-11 11:35:52,649 INFO =====> EMD Loss: 18.138737
2024-12-11 11:35:52,649 INFO =====> Height map loss: 11.228630
2024-12-11 11:35:53,135 DEBUG loaded <trimesh.Trimesh(vertices.shape=(916, 3), faces.shape=(856, 3))> using `load_obj` in 0.0030s
2024-12-11 11:35:53,292 DEBUG loaded <trimesh.Trimesh(vertices.shape=(48, 3), faces.shape=(28, 3))> using `load_obj` in 0.0008s
2024-12-11 11:36:00,463 INFO ==> EMD Loss: 18.361423
2024-12-11 11:36:00,463 INFO ==> Height map loss:  11.317966
2024-12-11 11:36:00,918 DEBUG loaded <trimesh.Trimesh(vertices.shape=(916, 3), faces.shape=(856, 3))> using `load_obj` in 0.0030s
2024-12-11 11:36:01,073 DEBUG loaded <trimesh.Trimesh(vertices.shape=(48, 3), faces.shape=(28, 3))> using `load_obj` in 0.0007s
2024-12-11 11:36:08,297 INFO ==> EMD Loss: 17.681541
2024-12-11 11:36:08,297 INFO ==> Height map loss:  10.884908
2024-12-11 11:36:08,670 DEBUG loaded <trimesh.Trimesh(vertices.shape=(916, 3), faces.shape=(856, 3))> using `load_obj` in 0.0030s
2024-12-11 11:36:08,822 DEBUG loaded <trimesh.Trimesh(vertices.shape=(48, 3), faces.shape=(28, 3))> using `load_obj` in 0.0007s
2024-12-11 11:36:16,038 INFO ==> EMD Loss: 17.490423
2024-12-11 11:36:16,038 INFO ==> Height map loss:  10.209589
2024-12-11 11:36:16,408 DEBUG loaded <trimesh.Trimesh(vertices.shape=(916, 3), faces.shape=(856, 3))> using `load_obj` in 0.0029s
2024-12-11 11:36:16,554 DEBUG loaded <trimesh.Trimesh(vertices.shape=(48, 3), faces.shape=(28, 3))> using `load_obj` in 0.0007s
2024-12-11 11:36:23,735 INFO ==> EMD Loss: 17.510033
2024-12-11 11:36:23,735 INFO ==> Height map loss:  10.252906
2024-12-11 11:36:24,114 DEBUG loaded <trimesh.Trimesh(vertices.shape=(916, 3), faces.shape=(856, 3))> using `load_obj` in 0.0029s
2024-12-11 11:36:24,262 DEBUG loaded <trimesh.Trimesh(vertices.shape=(48, 3), faces.shape=(28, 3))> using `load_obj` in 0.0007s
2024-12-11 11:36:31,548 INFO ==> EMD Loss: 17.385262
2024-12-11 11:36:31,548 INFO ==> Height map loss:  10.714024
2024-12-11 11:36:32,099 DEBUG loaded <trimesh.Trimesh(vertices.shape=(916, 3), faces.shape=(856, 3))> using `load_obj` in 0.0040s
2024-12-11 11:36:32,295 DEBUG loaded <trimesh.Trimesh(vertices.shape=(48, 3), faces.shape=(28, 3))> using `load_obj` in 0.0009s
2024-12-11 11:36:52,299 INFO =====> Skill params: [ 0.8942722   0.10513167  0.80626875  0.09486833 -0.48850593]
2024-12-11 11:36:52,299 INFO =====> Grad: [ 9.3393532e+01 -2.4948921e+03  1.9633599e-05 -6.2117303e+02
 -3.5385874e-05]
2024-12-11 11:36:52,300 INFO =====> Num. aborted data so far: 0
2024-12-11 11:36:52,300 INFO ===========> Epoch: 1 optimisation losses
2024-12-11 11:36:52,300 INFO =====> EMD Loss: 17.490175
2024-12-11 11:36:52,300 INFO =====> Height map loss: 10.209696
2024-12-11 11:36:52,710 DEBUG loaded <trimesh.Trimesh(vertices.shape=(916, 3), faces.shape=(856, 3))> using `load_obj` in 0.0032s
2024-12-11 11:36:52,871 DEBUG loaded <trimesh.Trimesh(vertices.shape=(48, 3), faces.shape=(28, 3))> using `load_obj` in 0.0008s
2024-12-11 11:37:00,158 INFO ==> EMD Loss: 17.844610
2024-12-11 11:37:00,158 INFO ==> Height map loss:  10.024644
2024-12-11 11:37:00,539 DEBUG loaded <trimesh.Trimesh(vertices.shape=(916, 3), faces.shape=(856, 3))> using `load_obj` in 0.0030s
2024-12-11 11:37:00,692 DEBUG loaded <trimesh.Trimesh(vertices.shape=(48, 3), faces.shape=(28, 3))> using `load_obj` in 0.0007s
2024-12-11 11:37:08,032 INFO ==> EMD Loss: 17.986774
2024-12-11 11:37:08,032 INFO ==> Height map loss:  10.574663
2024-12-11 11:37:08,411 DEBUG loaded <trimesh.Trimesh(vertices.shape=(916, 3), faces.shape=(856, 3))> using `load_obj` in 0.0030s
2024-12-11 11:37:08,565 DEBUG loaded <trimesh.Trimesh(vertices.shape=(48, 3), faces.shape=(28, 3))> using `load_obj` in 0.0007s
2024-12-11 11:37:15,846 INFO ==> EMD Loss: 17.939318
2024-12-11 11:37:15,846 INFO ==> Height map loss:  10.446183
2024-12-11 11:37:16,296 DEBUG loaded <trimesh.Trimesh(vertices.shape=(916, 3), faces.shape=(856, 3))> using `load_obj` in 0.0030s
2024-12-11 11:37:16,449 DEBUG loaded <trimesh.Trimesh(vertices.shape=(48, 3), faces.shape=(28, 3))> using `load_obj` in 0.0007s
2024-12-11 11:37:23,709 INFO ==> EMD Loss: 17.962263
2024-12-11 11:37:23,709 INFO ==> Height map loss:  10.827755
2024-12-11 11:37:24,086 DEBUG loaded <trimesh.Trimesh(vertices.shape=(916, 3), faces.shape=(856, 3))> using `load_obj` in 0.0029s
2024-12-11 11:37:24,234 DEBUG loaded <trimesh.Trimesh(vertices.shape=(48, 3), faces.shape=(28, 3))> using `load_obj` in 0.0007s
2024-12-11 11:37:31,412 INFO ==> EMD Loss: 18.170038
2024-12-11 11:37:31,412 INFO ==> Height map loss:  10.869792
2024-12-11 11:37:31,793 DEBUG loaded <trimesh.Trimesh(vertices.shape=(916, 3), faces.shape=(856, 3))> using `load_obj` in 0.0029s
2024-12-11 11:37:31,941 DEBUG loaded <trimesh.Trimesh(vertices.shape=(48, 3), faces.shape=(28, 3))> using `load_obj` in 0.0007s
2024-12-11 11:37:51,004 INFO =====> Skill params: [ 0.8935901   0.1123578   0.80561733  0.10028112 -0.48734403]
2024-12-11 11:37:51,004 INFO =====> Grad: [-6.87641418e+02  4.57087109e+03  1.52929260e-07  1.24669716e+02
  8.64412214e-05]
2024-12-11 11:37:51,004 INFO =====> Num. aborted data so far: 0
2024-12-11 11:37:51,004 INFO ===========> Epoch: 2 optimisation losses
2024-12-11 11:37:51,005 INFO =====> EMD Loss: 17.842875
2024-12-11 11:37:51,005 INFO =====> Height map loss: 10.024485
2024-12-11 11:37:51,451 DEBUG loaded <trimesh.Trimesh(vertices.shape=(916, 3), faces.shape=(856, 3))> using `load_obj` in 0.0041s
2024-12-11 11:37:51,648 DEBUG loaded <trimesh.Trimesh(vertices.shape=(48, 3), faces.shape=(28, 3))> using `load_obj` in 0.0009s
2024-12-11 11:37:59,220 INFO ==> EMD Loss: 17.747808
2024-12-11 11:37:59,220 INFO ==> Height map loss:  10.189583
2024-12-11 11:37:59,690 DEBUG loaded <trimesh.Trimesh(vertices.shape=(916, 3), faces.shape=(856, 3))> using `load_obj` in 0.0040s
2024-12-11 11:37:59,850 DEBUG loaded <trimesh.Trimesh(vertices.shape=(48, 3), faces.shape=(28, 3))> using `load_obj` in 0.0007s
2024-12-11 11:38:07,287 INFO ==> EMD Loss: 17.071112
2024-12-11 11:38:07,287 INFO ==> Height map loss:  9.683340
2024-12-11 11:38:07,700 DEBUG loaded <trimesh.Trimesh(vertices.shape=(916, 3), faces.shape=(856, 3))> using `load_obj` in 0.0029s
2024-12-11 11:38:07,849 DEBUG loaded <trimesh.Trimesh(vertices.shape=(48, 3), faces.shape=(28, 3))> using `load_obj` in 0.0007s
2024-12-11 11:38:15,965 INFO ==> EMD Loss: 16.895561
2024-12-11 11:38:15,965 INFO ==> Height map loss:  9.551154
2024-12-11 11:38:16,347 DEBUG loaded <trimesh.Trimesh(vertices.shape=(916, 3), faces.shape=(856, 3))> using `load_obj` in 0.0029s
2024-12-11 11:38:16,494 DEBUG loaded <trimesh.Trimesh(vertices.shape=(48, 3), faces.shape=(28, 3))> using `load_obj` in 0.0007s
2024-12-11 11:38:24,040 INFO ==> EMD Loss: 16.568747
2024-12-11 11:38:24,040 INFO ==> Height map loss:  9.327748
2024-12-11 11:38:24,430 DEBUG loaded <trimesh.Trimesh(vertices.shape=(916, 3), faces.shape=(856, 3))> using `load_obj` in 0.0029s
2024-12-11 11:38:24,575 DEBUG loaded <trimesh.Trimesh(vertices.shape=(48, 3), faces.shape=(28, 3))> using `load_obj` in 0.0007s
2024-12-11 11:38:31,888 INFO ==> EMD Loss: 16.174669
2024-12-11 11:38:31,888 INFO ==> Height map loss:  9.321434
2024-12-11 11:38:32,265 DEBUG loaded <trimesh.Trimesh(vertices.shape=(916, 3), faces.shape=(856, 3))> using `load_obj` in 0.0030s
2024-12-11 11:38:32,418 DEBUG loaded <trimesh.Trimesh(vertices.shape=(48, 3), faces.shape=(28, 3))> using `load_obj` in 0.0008s
2024-12-11 11:38:50,973 INFO =====> Skill params: [ 0.98605096 -0.04455412  0.80551034  0.07754392 -0.54440945]
2024-12-11 11:38:50,973 INFO =====> Grad: [-2.47929550e+02  1.09720695e+02  1.34303427e-05 -8.05395203e+02
  2.07783232e-04]
2024-12-11 11:38:50,973 INFO =====> Num. aborted data so far: 0
2024-12-11 11:38:50,974 INFO ===========> Epoch: 3 optimisation losses
2024-12-11 11:38:50,974 INFO =====> EMD Loss: 16.184237
2024-12-11 11:38:50,974 INFO =====> Height map loss: 9.322906
2024-12-11 11:38:51,461 DEBUG loaded <trimesh.Trimesh(vertices.shape=(916, 3), faces.shape=(856, 3))> using `load_obj` in 0.0030s
2024-12-11 11:38:51,608 DEBUG loaded <trimesh.Trimesh(vertices.shape=(48, 3), faces.shape=(28, 3))> using `load_obj` in 0.0007s
2024-12-11 11:38:58,930 INFO ==> EMD Loss: 16.188797
2024-12-11 11:38:58,930 INFO ==> Height map loss:  9.310682
2024-12-11 11:38:59,306 DEBUG loaded <trimesh.Trimesh(vertices.shape=(916, 3), faces.shape=(856, 3))> using `load_obj` in 0.0029s
2024-12-11 11:38:59,453 DEBUG loaded <trimesh.Trimesh(vertices.shape=(48, 3), faces.shape=(28, 3))> using `load_obj` in 0.0007s
2024-12-11 11:39:07,010 INFO ==> EMD Loss: 16.090542
2024-12-11 11:39:07,010 INFO ==> Height map loss:  9.008954
2024-12-11 11:39:07,394 DEBUG loaded <trimesh.Trimesh(vertices.shape=(916, 3), faces.shape=(856, 3))> using `load_obj` in 0.0030s
2024-12-11 11:39:07,545 DEBUG loaded <trimesh.Trimesh(vertices.shape=(48, 3), faces.shape=(28, 3))> using `load_obj` in 0.0007s
2024-12-11 11:39:14,807 INFO ==> EMD Loss: 15.903370
2024-12-11 11:39:14,807 INFO ==> Height map loss:  8.798676
2024-12-11 11:39:15,184 DEBUG loaded <trimesh.Trimesh(vertices.shape=(916, 3), faces.shape=(856, 3))> using `load_obj` in 0.0030s
2024-12-11 11:39:15,336 DEBUG loaded <trimesh.Trimesh(vertices.shape=(48, 3), faces.shape=(28, 3))> using `load_obj` in 0.0007s
2024-12-11 11:39:22,805 INFO ==> EMD Loss: 15.576305
2024-12-11 11:39:22,805 INFO ==> Height map loss:  8.356771
2024-12-11 11:39:23,183 DEBUG loaded <trimesh.Trimesh(vertices.shape=(916, 3), faces.shape=(856, 3))> using `load_obj` in 0.0030s
2024-12-11 11:39:23,334 DEBUG loaded <trimesh.Trimesh(vertices.shape=(48, 3), faces.shape=(28, 3))> using `load_obj` in 0.0007s
2024-12-11 11:39:30,619 INFO ==> EMD Loss: 15.713276
2024-12-11 11:39:30,620 INFO ==> Height map loss:  8.457504
2024-12-11 11:39:31,008 DEBUG loaded <trimesh.Trimesh(vertices.shape=(916, 3), faces.shape=(856, 3))> using `load_obj` in 0.0029s
2024-12-11 11:39:31,157 DEBUG loaded <trimesh.Trimesh(vertices.shape=(48, 3), faces.shape=(28, 3))> using `load_obj` in 0.0007s
2024-12-11 11:39:50,232 INFO =====> Skill params: [ 1.         -0.0475312   0.7980939   0.16751385 -0.6306602 ]
2024-12-11 11:39:50,232 INFO =====> Grad: [-1.3432025e+02 -3.0864473e+03 -2.7396120e-05  5.9136096e+02
  1.9803525e-05]
2024-12-11 11:39:50,232 INFO =====> Num. aborted data so far: 0
2024-12-11 11:39:50,232 INFO ===========> Epoch: 4 optimisation losses
2024-12-11 11:39:50,232 INFO =====> EMD Loss: 15.584712
2024-12-11 11:39:50,232 INFO =====> Height map loss: 8.352246
2024-12-11 11:39:50,794 DEBUG loaded <trimesh.Trimesh(vertices.shape=(916, 3), faces.shape=(856, 3))> using `load_obj` in 0.0041s
2024-12-11 11:39:50,990 DEBUG loaded <trimesh.Trimesh(vertices.shape=(48, 3), faces.shape=(28, 3))> using `load_obj` in 0.0009s
2024-12-11 11:39:58,537 INFO ==> EMD Loss: 15.533452
2024-12-11 11:39:58,537 INFO ==> Height map loss:  8.360600
2024-12-11 11:39:58,907 DEBUG loaded <trimesh.Trimesh(vertices.shape=(916, 3), faces.shape=(856, 3))> using `load_obj` in 0.0029s
2024-12-11 11:39:59,053 DEBUG loaded <trimesh.Trimesh(vertices.shape=(48, 3), faces.shape=(28, 3))> using `load_obj` in 0.0007s
2024-12-11 11:40:06,153 INFO ==> EMD Loss: 15.586081
2024-12-11 11:40:06,153 INFO ==> Height map loss:  8.602733
2024-12-11 11:40:06,538 DEBUG loaded <trimesh.Trimesh(vertices.shape=(916, 3), faces.shape=(856, 3))> using `load_obj` in 0.0029s
2024-12-11 11:40:06,686 DEBUG loaded <trimesh.Trimesh(vertices.shape=(48, 3), faces.shape=(28, 3))> using `load_obj` in 0.0007s
2024-12-11 11:40:14,213 INFO ==> EMD Loss: 15.791662
2024-12-11 11:40:14,213 INFO ==> Height map loss:  8.546483
2024-12-11 11:40:14,595 DEBUG loaded <trimesh.Trimesh(vertices.shape=(916, 3), faces.shape=(856, 3))> using `load_obj` in 0.0029s
2024-12-11 11:40:14,744 DEBUG loaded <trimesh.Trimesh(vertices.shape=(48, 3), faces.shape=(28, 3))> using `load_obj` in 0.0007s
2024-12-11 11:40:22,213 INFO ==> EMD Loss: 15.689517
2024-12-11 11:40:22,213 INFO ==> Height map loss:  8.694335
2024-12-11 11:40:22,655 DEBUG loaded <trimesh.Trimesh(vertices.shape=(916, 3), faces.shape=(856, 3))> using `load_obj` in 0.0030s
2024-12-11 11:40:22,803 DEBUG loaded <trimesh.Trimesh(vertices.shape=(48, 3), faces.shape=(28, 3))> using `load_obj` in 0.0007s
2024-12-11 11:40:30,062 INFO ==> EMD Loss: 15.677208
2024-12-11 11:40:30,062 INFO ==> Height map loss:  8.380283
2024-12-11 11:40:30,450 DEBUG loaded <trimesh.Trimesh(vertices.shape=(916, 3), faces.shape=(856, 3))> using `load_obj` in 0.0029s
2024-12-11 11:40:30,599 DEBUG loaded <trimesh.Trimesh(vertices.shape=(48, 3), faces.shape=(28, 3))> using `load_obj` in 0.0007s
2024-12-11 11:40:49,372 INFO =====> Skill params: [ 1.         -0.04253026  0.7991504   0.16334406 -0.6312368 ]
2024-12-11 11:40:49,372 INFO =====> Grad: [-8.7592087e+01 -2.6999973e+03  8.3768355e-06 -5.9666046e+02
  1.6107569e-04]
2024-12-11 11:40:49,374 INFO =====> Num. aborted data so far: 0
2024-12-11 11:40:49,374 INFO ===========> Epoch: 5 optimisation losses
2024-12-11 11:40:49,374 INFO =====> EMD Loss: 15.533513
2024-12-11 11:40:49,374 INFO =====> Height map loss: 8.360559
2024-12-11 11:40:49,780 DEBUG loaded <trimesh.Trimesh(vertices.shape=(916, 3), faces.shape=(856, 3))> using `load_obj` in 0.0032s
2024-12-11 11:40:49,936 DEBUG loaded <trimesh.Trimesh(vertices.shape=(48, 3), faces.shape=(28, 3))> using `load_obj` in 0.0007s
2024-12-11 11:40:57,151 INFO ==> EMD Loss: 15.493871
2024-12-11 11:40:57,151 INFO ==> Height map loss:  8.329671
2024-12-11 11:40:57,572 DEBUG loaded <trimesh.Trimesh(vertices.shape=(916, 3), faces.shape=(856, 3))> using `load_obj` in 0.0029s
2024-12-11 11:40:57,721 DEBUG loaded <trimesh.Trimesh(vertices.shape=(48, 3), faces.shape=(28, 3))> using `load_obj` in 0.0007s
2024-12-11 11:41:04,757 INFO ==> EMD Loss: 15.644712
2024-12-11 11:41:04,757 INFO ==> Height map loss:  8.246418
2024-12-11 11:41:05,144 DEBUG loaded <trimesh.Trimesh(vertices.shape=(916, 3), faces.shape=(856, 3))> using `load_obj` in 0.0029s
2024-12-11 11:41:05,294 DEBUG loaded <trimesh.Trimesh(vertices.shape=(48, 3), faces.shape=(28, 3))> using `load_obj` in 0.0007s
2024-12-11 11:41:12,474 INFO ==> EMD Loss: 15.664512
2024-12-11 11:41:12,475 INFO ==> Height map loss:  8.098900
2024-12-11 11:41:12,855 DEBUG loaded <trimesh.Trimesh(vertices.shape=(916, 3), faces.shape=(856, 3))> using `load_obj` in 0.0030s
2024-12-11 11:41:13,010 DEBUG loaded <trimesh.Trimesh(vertices.shape=(48, 3), faces.shape=(28, 3))> using `load_obj` in 0.0008s
2024-12-11 11:41:20,136 INFO ==> EMD Loss: 15.560952
2024-12-11 11:41:20,137 INFO ==> Height map loss:  8.039540
2024-12-11 11:41:20,524 DEBUG loaded <trimesh.Trimesh(vertices.shape=(916, 3), faces.shape=(856, 3))> using `load_obj` in 0.0030s
2024-12-11 11:41:20,674 DEBUG loaded <trimesh.Trimesh(vertices.shape=(48, 3), faces.shape=(28, 3))> using `load_obj` in 0.0007s
2024-12-11 11:41:27,798 INFO ==> EMD Loss: 15.189357
2024-12-11 11:41:27,798 INFO ==> Height map loss:  7.704027
2024-12-11 11:41:28,183 DEBUG loaded <trimesh.Trimesh(vertices.shape=(916, 3), faces.shape=(856, 3))> using `load_obj` in 0.0029s
2024-12-11 11:41:28,333 DEBUG loaded <trimesh.Trimesh(vertices.shape=(48, 3), faces.shape=(28, 3))> using `load_obj` in 0.0008s
2024-12-11 11:41:46,480 INFO =====> Skill params: [ 1.          0.04041791  0.7923445   0.24369314 -0.7189168 ]
2024-12-11 11:41:46,480 INFO =====> Grad: [ 1.3688046e+02 -3.5332754e+03 -3.1488351e-05 -5.8007721e+02
 -2.1368191e-05]
2024-12-11 11:41:46,481 INFO =====> Num. aborted data so far: 0
2024-12-11 11:41:46,481 INFO ===========> Epoch: 6 optimisation losses
2024-12-11 11:41:46,481 INFO =====> EMD Loss: 15.186279
2024-12-11 11:41:46,481 INFO =====> Height map loss: 7.703918
2024-12-11 11:41:46,895 DEBUG loaded <trimesh.Trimesh(vertices.shape=(916, 3), faces.shape=(856, 3))> using `load_obj` in 0.0031s
2024-12-11 11:41:47,049 DEBUG loaded <trimesh.Trimesh(vertices.shape=(48, 3), faces.shape=(28, 3))> using `load_obj` in 0.0007s
2024-12-11 11:41:54,287 INFO ==> EMD Loss: 15.121113
2024-12-11 11:41:54,287 INFO ==> Height map loss:  7.670228
2024-12-11 11:41:54,666 DEBUG loaded <trimesh.Trimesh(vertices.shape=(916, 3), faces.shape=(856, 3))> using `load_obj` in 0.0029s
2024-12-11 11:41:54,820 DEBUG loaded <trimesh.Trimesh(vertices.shape=(48, 3), faces.shape=(28, 3))> using `load_obj` in 0.0007s
2024-12-11 11:42:01,926 INFO ==> EMD Loss: 15.125401
2024-12-11 11:42:01,926 INFO ==> Height map loss:  7.694299
2024-12-11 11:42:02,299 DEBUG loaded <trimesh.Trimesh(vertices.shape=(916, 3), faces.shape=(856, 3))> using `load_obj` in 0.0029s
2024-12-11 11:42:02,449 DEBUG loaded <trimesh.Trimesh(vertices.shape=(48, 3), faces.shape=(28, 3))> using `load_obj` in 0.0007s
2024-12-11 11:42:09,714 INFO ==> EMD Loss: 15.663368
2024-12-11 11:42:09,714 INFO ==> Height map loss:  7.541687
2024-12-11 11:42:10,179 DEBUG loaded <trimesh.Trimesh(vertices.shape=(916, 3), faces.shape=(856, 3))> using `load_obj` in 0.0039s
2024-12-11 11:42:10,381 DEBUG loaded <trimesh.Trimesh(vertices.shape=(48, 3), faces.shape=(28, 3))> using `load_obj` in 0.0009s
2024-12-11 11:42:17,607 INFO ==> EMD Loss: 15.493654
2024-12-11 11:42:17,607 INFO ==> Height map loss:  7.657625
2024-12-11 11:42:18,071 DEBUG loaded <trimesh.Trimesh(vertices.shape=(916, 3), faces.shape=(856, 3))> using `load_obj` in 0.0039s
2024-12-11 11:42:18,272 DEBUG loaded <trimesh.Trimesh(vertices.shape=(48, 3), faces.shape=(28, 3))> using `load_obj` in 0.0009s
2024-12-11 11:42:25,469 INFO ==> EMD Loss: 15.638189
2024-12-11 11:42:25,469 INFO ==> Height map loss:  7.344065
2024-12-11 11:42:25,929 DEBUG loaded <trimesh.Trimesh(vertices.shape=(916, 3), faces.shape=(856, 3))> using `load_obj` in 0.0039s
2024-12-11 11:42:26,126 DEBUG loaded <trimesh.Trimesh(vertices.shape=(48, 3), faces.shape=(28, 3))> using `load_obj` in 0.0009s
2024-12-11 11:42:44,651 INFO =====> Skill params: [ 0.9779832   0.13839994  0.81904316  0.3192282  -0.7066816 ]
2024-12-11 11:42:44,651 INFO =====> Grad: [-5.6644550e+02  3.0063625e+03  1.5679741e-05  2.9551300e+02
 -5.0833885e-05]
2024-12-11 11:42:44,651 INFO =====> Num. aborted data so far: 0
2024-12-11 11:42:44,652 INFO ===========> Epoch: 7 optimisation losses
2024-12-11 11:42:44,652 INFO =====> EMD Loss: 15.637600
2024-12-11 11:42:44,652 INFO =====> Height map loss: 7.343963
2024-12-11 11:42:45,064 DEBUG loaded <trimesh.Trimesh(vertices.shape=(916, 3), faces.shape=(856, 3))> using `load_obj` in 0.0033s
2024-12-11 11:42:45,221 DEBUG loaded <trimesh.Trimesh(vertices.shape=(48, 3), faces.shape=(28, 3))> using `load_obj` in 0.0008s
2024-12-11 11:42:52,345 INFO ==> EMD Loss: 15.437670
2024-12-11 11:42:52,346 INFO ==> Height map loss:  7.442817
2024-12-11 11:42:52,730 DEBUG loaded <trimesh.Trimesh(vertices.shape=(916, 3), faces.shape=(856, 3))> using `load_obj` in 0.0030s
2024-12-11 11:42:52,879 DEBUG loaded <trimesh.Trimesh(vertices.shape=(48, 3), faces.shape=(28, 3))> using `load_obj` in 0.0007s
2024-12-11 11:42:59,941 INFO ==> EMD Loss: 16.088001
2024-12-11 11:42:59,941 INFO ==> Height map loss:  8.028157
2024-12-11 11:43:00,319 DEBUG loaded <trimesh.Trimesh(vertices.shape=(916, 3), faces.shape=(856, 3))> using `load_obj` in 0.0030s
2024-12-11 11:43:00,466 DEBUG loaded <trimesh.Trimesh(vertices.shape=(48, 3), faces.shape=(28, 3))> using `load_obj` in 0.0007s
2024-12-11 11:43:07,705 INFO ==> EMD Loss: 16.183485
2024-12-11 11:43:07,705 INFO ==> Height map loss:  7.882101
2024-12-11 11:43:08,143 DEBUG loaded <trimesh.Trimesh(vertices.shape=(916, 3), faces.shape=(856, 3))> using `load_obj` in 0.0030s
2024-12-11 11:43:08,296 DEBUG loaded <trimesh.Trimesh(vertices.shape=(48, 3), faces.shape=(28, 3))> using `load_obj` in 0.0007s
2024-12-11 11:43:15,697 INFO ==> EMD Loss: 16.548460
2024-12-11 11:43:15,698 INFO ==> Height map loss:  7.795866
2024-12-11 11:43:16,191 DEBUG loaded <trimesh.Trimesh(vertices.shape=(916, 3), faces.shape=(856, 3))> using `load_obj` in 0.0040s
2024-12-11 11:43:16,387 DEBUG loaded <trimesh.Trimesh(vertices.shape=(48, 3), faces.shape=(28, 3))> using `load_obj` in 0.0009s
2024-12-11 11:43:24,143 INFO ==> EMD Loss: 16.301968
2024-12-11 11:43:24,143 INFO ==> Height map loss:  8.506370
2024-12-11 11:43:24,565 DEBUG loaded <trimesh.Trimesh(vertices.shape=(916, 3), faces.shape=(856, 3))> using `load_obj` in 0.0030s
2024-12-11 11:43:24,717 DEBUG loaded <trimesh.Trimesh(vertices.shape=(48, 3), faces.shape=(28, 3))> using `load_obj` in 0.0007s
2024-12-11 11:43:43,537 INFO =====> Skill params: [ 0.98226756  0.13441285  0.81834435  0.31724492 -0.70516723]
2024-12-11 11:43:43,537 INFO =====> Grad: [ 7.2942365e+02 -1.9589918e+03 -2.0194164e-05  2.6331308e+02
  1.9964024e-05]
2024-12-11 11:43:43,537 INFO =====> Num. aborted data so far: 0
2024-12-11 11:43:43,539 INFO ===========> Epoch: 8 optimisation losses
2024-12-11 11:43:43,539 INFO =====> EMD Loss: 15.437439
2024-12-11 11:43:43,539 INFO =====> Height map loss: 7.443052
2024-12-11 11:43:43,950 DEBUG loaded <trimesh.Trimesh(vertices.shape=(916, 3), faces.shape=(856, 3))> using `load_obj` in 0.0030s
2024-12-11 11:43:44,098 DEBUG loaded <trimesh.Trimesh(vertices.shape=(48, 3), faces.shape=(28, 3))> using `load_obj` in 0.0007s
2024-12-11 11:43:51,278 INFO ==> EMD Loss: 15.467525
2024-12-11 11:43:51,278 INFO ==> Height map loss:  7.384289
2024-12-11 11:43:51,663 DEBUG loaded <trimesh.Trimesh(vertices.shape=(916, 3), faces.shape=(856, 3))> using `load_obj` in 0.0029s
2024-12-11 11:43:51,812 DEBUG loaded <trimesh.Trimesh(vertices.shape=(48, 3), faces.shape=(28, 3))> using `load_obj` in 0.0007s
2024-12-11 11:43:58,778 INFO ==> EMD Loss: 15.865950
2024-12-11 11:43:58,778 INFO ==> Height map loss:  7.294046
2024-12-11 11:43:59,152 DEBUG loaded <trimesh.Trimesh(vertices.shape=(916, 3), faces.shape=(856, 3))> using `load_obj` in 0.0029s
2024-12-11 11:43:59,299 DEBUG loaded <trimesh.Trimesh(vertices.shape=(48, 3), faces.shape=(28, 3))> using `load_obj` in 0.0007s
2024-12-11 11:44:06,338 INFO ==> EMD Loss: 15.576166
2024-12-11 11:44:06,338 INFO ==> Height map loss:  7.286666
2024-12-11 11:44:06,802 DEBUG loaded <trimesh.Trimesh(vertices.shape=(916, 3), faces.shape=(856, 3))> using `load_obj` in 0.0040s
2024-12-11 11:44:06,999 DEBUG loaded <trimesh.Trimesh(vertices.shape=(48, 3), faces.shape=(28, 3))> using `load_obj` in 0.0009s
2024-12-11 11:44:14,628 INFO ==> EMD Loss: 15.258827
2024-12-11 11:44:14,628 INFO ==> Height map loss:  7.345664
2024-12-11 11:44:15,096 DEBUG loaded <trimesh.Trimesh(vertices.shape=(916, 3), faces.shape=(856, 3))> using `load_obj` in 0.0040s
2024-12-11 11:44:15,292 DEBUG loaded <trimesh.Trimesh(vertices.shape=(48, 3), faces.shape=(28, 3))> using `load_obj` in 0.0009s
2024-12-11 11:44:22,468 INFO ==> EMD Loss: 16.151814
2024-12-11 11:44:22,468 INFO ==> Height map loss:  7.816184
2024-12-11 11:44:22,852 DEBUG loaded <trimesh.Trimesh(vertices.shape=(916, 3), faces.shape=(856, 3))> using `load_obj` in 0.0030s
2024-12-11 11:44:23,003 DEBUG loaded <trimesh.Trimesh(vertices.shape=(48, 3), faces.shape=(28, 3))> using `load_obj` in 0.0007s
2024-12-11 11:44:41,271 INFO =====> Skill params: [ 0.9326867   0.16072434  0.8277837   0.29896626 -0.71142274]
2024-12-11 11:44:41,271 INFO =====> Grad: [-2.4007028e+02 -1.1170076e+03 -4.4215492e-05 -4.3002142e+02
 -3.3728687e-05]
2024-12-11 11:44:41,271 INFO =====> Num. aborted data so far: 0
2024-12-11 11:44:41,272 INFO ===========> Epoch: 9 optimisation losses
2024-12-11 11:44:41,272 INFO =====> EMD Loss: 15.581328
2024-12-11 11:44:41,272 INFO =====> Height map loss: 7.275158
2024-12-11 11:44:41,692 DEBUG loaded <trimesh.Trimesh(vertices.shape=(916, 3), faces.shape=(856, 3))> using `load_obj` in 0.0031s
2024-12-11 11:44:41,844 DEBUG loaded <trimesh.Trimesh(vertices.shape=(48, 3), faces.shape=(28, 3))> using `load_obj` in 0.0008s
2024-12-11 11:44:48,938 INFO ==> EMD Loss: 15.478084
2024-12-11 11:44:48,938 INFO ==> Height map loss:  7.261769
2024-12-11 11:44:49,319 DEBUG loaded <trimesh.Trimesh(vertices.shape=(916, 3), faces.shape=(856, 3))> using `load_obj` in 0.0030s
2024-12-11 11:44:49,466 DEBUG loaded <trimesh.Trimesh(vertices.shape=(48, 3), faces.shape=(28, 3))> using `load_obj` in 0.0007s
2024-12-11 11:44:56,490 INFO ==> EMD Loss: 16.123264
2024-12-11 11:44:56,490 INFO ==> Height map loss:  7.216342
2024-12-11 11:44:56,862 DEBUG loaded <trimesh.Trimesh(vertices.shape=(916, 3), faces.shape=(856, 3))> using `load_obj` in 0.0029s
2024-12-11 11:44:57,010 DEBUG loaded <trimesh.Trimesh(vertices.shape=(48, 3), faces.shape=(28, 3))> using `load_obj` in 0.0007s
2024-12-11 11:45:04,004 INFO ==> EMD Loss: 15.613936
2024-12-11 11:45:04,005 INFO ==> Height map loss:  7.239598
2024-12-11 11:45:04,390 DEBUG loaded <trimesh.Trimesh(vertices.shape=(916, 3), faces.shape=(856, 3))> using `load_obj` in 0.0030s
2024-12-11 11:45:04,546 DEBUG loaded <trimesh.Trimesh(vertices.shape=(48, 3), faces.shape=(28, 3))> using `load_obj` in 0.0007s
2024-12-11 11:45:11,670 INFO ==> EMD Loss: 16.122549
2024-12-11 11:45:11,671 INFO ==> Height map loss:  7.490403
2024-12-11 11:45:12,047 DEBUG loaded <trimesh.Trimesh(vertices.shape=(916, 3), faces.shape=(856, 3))> using `load_obj` in 0.0030s
2024-12-11 11:45:12,196 DEBUG loaded <trimesh.Trimesh(vertices.shape=(48, 3), faces.shape=(28, 3))> using `load_obj` in 0.0007s
2024-12-11 11:45:19,306 INFO ==> EMD Loss: 15.937341
2024-12-11 11:45:19,306 INFO ==> Height map loss:  7.785098
2024-12-11 11:45:19,680 DEBUG loaded <trimesh.Trimesh(vertices.shape=(916, 3), faces.shape=(856, 3))> using `load_obj` in 0.0030s
2024-12-11 11:45:19,827 DEBUG loaded <trimesh.Trimesh(vertices.shape=(48, 3), faces.shape=(28, 3))> using `load_obj` in 0.0007s
2024-12-11 11:45:38,171 INFO =====> Skill params: [ 0.9411492   0.16852383  0.83840007  0.31389925 -0.7058907 ]
2024-12-11 11:45:38,171 INFO =====> Grad: [ 1.5167079e+02 -3.4613323e+03 -2.9318498e-06  3.8032297e+02
  6.2699102e-05]
2024-12-11 11:45:38,171 INFO =====> Num. aborted data so far: 0
2024-12-11 11:45:38,171 INFO ===========> Epoch: 10 optimisation losses
2024-12-11 11:45:38,171 INFO =====> EMD Loss: 16.121460
2024-12-11 11:45:38,171 INFO =====> Height map loss: 7.216354
2024-12-11 11:45:38,580 DEBUG loaded <trimesh.Trimesh(vertices.shape=(916, 3), faces.shape=(856, 3))> using `load_obj` in 0.0032s
2024-12-11 11:45:38,735 DEBUG loaded <trimesh.Trimesh(vertices.shape=(48, 3), faces.shape=(28, 3))> using `load_obj` in 0.0007s
2024-12-11 11:45:45,867 INFO ==> EMD Loss: 15.611374
2024-12-11 11:45:45,868 INFO ==> Height map loss:  7.403644
2024-12-11 11:45:46,336 DEBUG loaded <trimesh.Trimesh(vertices.shape=(916, 3), faces.shape=(856, 3))> using `load_obj` in 0.0040s
2024-12-11 11:45:46,533 DEBUG loaded <trimesh.Trimesh(vertices.shape=(48, 3), faces.shape=(28, 3))> using `load_obj` in 0.0009s
2024-12-11 11:45:53,965 INFO ==> EMD Loss: 15.711820
2024-12-11 11:45:53,966 INFO ==> Height map loss:  7.344535
2024-12-11 11:45:54,335 DEBUG loaded <trimesh.Trimesh(vertices.shape=(916, 3), faces.shape=(856, 3))> using `load_obj` in 0.0029s
2024-12-11 11:45:54,482 DEBUG loaded <trimesh.Trimesh(vertices.shape=(48, 3), faces.shape=(28, 3))> using `load_obj` in 0.0007s
2024-12-11 11:46:01,531 INFO ==> EMD Loss: 15.248913
2024-12-11 11:46:01,531 INFO ==> Height map loss:  7.213850
2024-12-11 11:46:01,912 DEBUG loaded <trimesh.Trimesh(vertices.shape=(916, 3), faces.shape=(856, 3))> using `load_obj` in 0.0029s
2024-12-11 11:46:02,066 DEBUG loaded <trimesh.Trimesh(vertices.shape=(48, 3), faces.shape=(28, 3))> using `load_obj` in 0.0007s
2024-12-11 11:46:09,101 INFO ==> EMD Loss: 15.031126
2024-12-11 11:46:09,101 INFO ==> Height map loss:  7.221109
2024-12-11 11:46:09,481 DEBUG loaded <trimesh.Trimesh(vertices.shape=(916, 3), faces.shape=(856, 3))> using `load_obj` in 0.0029s
2024-12-11 11:46:09,628 DEBUG loaded <trimesh.Trimesh(vertices.shape=(48, 3), faces.shape=(28, 3))> using `load_obj` in 0.0007s
2024-12-11 11:46:16,646 INFO ==> EMD Loss: 14.880128
2024-12-11 11:46:16,646 INFO ==> Height map loss:  7.331808
2024-12-11 11:46:17,056 DEBUG loaded <trimesh.Trimesh(vertices.shape=(916, 3), faces.shape=(856, 3))> using `load_obj` in 0.0030s
2024-12-11 11:46:17,206 DEBUG loaded <trimesh.Trimesh(vertices.shape=(48, 3), faces.shape=(28, 3))> using `load_obj` in 0.0007s
2024-12-11 11:46:35,430 INFO =====> Skill params: [ 0.9299567   0.21341148  0.8398839   0.287183   -0.7270255 ]
2024-12-11 11:46:35,430 INFO =====> Grad: [-1.2490153e+03  4.6570674e+03 -1.9630108e-05  1.4958934e+02
 -1.1266738e-04]
2024-12-11 11:46:35,430 INFO =====> Num. aborted data so far: 0
2024-12-11 11:46:35,431 INFO ===========> Epoch: 11 optimisation losses
2024-12-11 11:46:35,431 INFO =====> EMD Loss: 15.246446
2024-12-11 11:46:35,431 INFO =====> Height map loss: 7.217557
2024-12-11 11:46:35,878 DEBUG loaded <trimesh.Trimesh(vertices.shape=(916, 3), faces.shape=(856, 3))> using `load_obj` in 0.0029s
2024-12-11 11:46:36,054 DEBUG loaded <trimesh.Trimesh(vertices.shape=(48, 3), faces.shape=(28, 3))> using `load_obj` in 0.0009s
2024-12-11 11:46:43,231 INFO ==> EMD Loss: 15.443785
2024-12-11 11:46:43,231 INFO ==> Height map loss:  7.206352
2024-12-11 11:46:43,674 DEBUG loaded <trimesh.Trimesh(vertices.shape=(916, 3), faces.shape=(856, 3))> using `load_obj` in 0.0031s
2024-12-11 11:46:43,826 DEBUG loaded <trimesh.Trimesh(vertices.shape=(48, 3), faces.shape=(28, 3))> using `load_obj` in 0.0007s
2024-12-11 11:46:51,255 INFO ==> EMD Loss: 15.473286
2024-12-11 11:46:51,255 INFO ==> Height map loss:  7.324555
2024-12-11 11:46:51,632 DEBUG loaded <trimesh.Trimesh(vertices.shape=(916, 3), faces.shape=(856, 3))> using `load_obj` in 0.0030s
2024-12-11 11:46:51,784 DEBUG loaded <trimesh.Trimesh(vertices.shape=(48, 3), faces.shape=(28, 3))> using `load_obj` in 0.0007s
2024-12-11 11:46:58,808 INFO ==> EMD Loss: 15.517241
2024-12-11 11:46:58,808 INFO ==> Height map loss:  7.575933
2024-12-11 11:46:59,183 DEBUG loaded <trimesh.Trimesh(vertices.shape=(916, 3), faces.shape=(856, 3))> using `load_obj` in 0.0029s
2024-12-11 11:46:59,330 DEBUG loaded <trimesh.Trimesh(vertices.shape=(48, 3), faces.shape=(28, 3))> using `load_obj` in 0.0007s
2024-12-11 11:47:06,513 INFO ==> EMD Loss: 15.451838
2024-12-11 11:47:06,513 INFO ==> Height map loss:  7.867370
2024-12-11 11:47:06,932 DEBUG loaded <trimesh.Trimesh(vertices.shape=(916, 3), faces.shape=(856, 3))> using `load_obj` in 0.0030s
2024-12-11 11:47:07,090 DEBUG loaded <trimesh.Trimesh(vertices.shape=(48, 3), faces.shape=(28, 3))> using `load_obj` in 0.0007s
2024-12-11 11:47:14,370 INFO ==> EMD Loss: 16.344543
2024-12-11 11:47:14,371 INFO ==> Height map loss:  8.015344
2024-12-11 11:47:14,750 DEBUG loaded <trimesh.Trimesh(vertices.shape=(916, 3), faces.shape=(856, 3))> using `load_obj` in 0.0030s
2024-12-11 11:47:14,903 DEBUG loaded <trimesh.Trimesh(vertices.shape=(48, 3), faces.shape=(28, 3))> using `load_obj` in 0.0007s
2024-12-11 11:47:33,490 INFO =====> Skill params: [ 0.93674433  0.20812526  0.84092486  0.2860828  -0.72333723]
2024-12-11 11:47:33,490 INFO =====> Grad: [ 7.1766998e+02 -2.5062954e+03  1.2164619e-05 -5.4696985e+02
  3.5341822e-05]
2024-12-11 11:47:33,490 INFO =====> Num. aborted data so far: 0
2024-12-11 11:47:33,491 INFO ===========> Epoch: 12 optimisation losses
2024-12-11 11:47:33,491 INFO =====> EMD Loss: 15.443998
2024-12-11 11:47:33,491 INFO =====> Height map loss: 7.203893
2024-12-11 11:47:33,903 DEBUG loaded <trimesh.Trimesh(vertices.shape=(916, 3), faces.shape=(856, 3))> using `load_obj` in 0.0031s
2024-12-11 11:47:34,054 DEBUG loaded <trimesh.Trimesh(vertices.shape=(48, 3), faces.shape=(28, 3))> using `load_obj` in 0.0007s
2024-12-11 11:47:41,548 INFO ==> EMD Loss: 15.713559
2024-12-11 11:47:41,548 INFO ==> Height map loss:  7.213925
2024-12-11 11:47:41,928 DEBUG loaded <trimesh.Trimesh(vertices.shape=(916, 3), faces.shape=(856, 3))> using `load_obj` in 0.0029s
2024-12-11 11:47:42,079 DEBUG loaded <trimesh.Trimesh(vertices.shape=(48, 3), faces.shape=(28, 3))> using `load_obj` in 0.0007s
2024-12-11 11:47:49,150 INFO ==> EMD Loss: 15.099032
2024-12-11 11:47:49,150 INFO ==> Height map loss:  7.154358
2024-12-11 11:47:49,538 DEBUG loaded <trimesh.Trimesh(vertices.shape=(916, 3), faces.shape=(856, 3))> using `load_obj` in 0.0030s
2024-12-11 11:47:49,690 DEBUG loaded <trimesh.Trimesh(vertices.shape=(48, 3), faces.shape=(28, 3))> using `load_obj` in 0.0008s
2024-12-11 11:47:56,633 INFO ==> EMD Loss: 15.304612
2024-12-11 11:47:56,633 INFO ==> Height map loss:  7.472753
2024-12-11 11:47:57,008 DEBUG loaded <trimesh.Trimesh(vertices.shape=(916, 3), faces.shape=(856, 3))> using `load_obj` in 0.0029s
2024-12-11 11:47:57,157 DEBUG loaded <trimesh.Trimesh(vertices.shape=(48, 3), faces.shape=(28, 3))> using `load_obj` in 0.0007s
2024-12-11 11:48:04,155 INFO ==> EMD Loss: 15.487219
2024-12-11 11:48:04,155 INFO ==> Height map loss:  7.398326
2024-12-11 11:48:04,593 DEBUG loaded <trimesh.Trimesh(vertices.shape=(916, 3), faces.shape=(856, 3))> using `load_obj` in 0.0039s
2024-12-11 11:48:04,794 DEBUG loaded <trimesh.Trimesh(vertices.shape=(48, 3), faces.shape=(28, 3))> using `load_obj` in 0.0009s
2024-12-11 11:48:12,336 INFO ==> EMD Loss: 15.239342
2024-12-11 11:48:12,336 INFO ==> Height map loss:  7.546000
2024-12-11 11:48:12,724 DEBUG loaded <trimesh.Trimesh(vertices.shape=(916, 3), faces.shape=(856, 3))> using `load_obj` in 0.0030s
2024-12-11 11:48:12,878 DEBUG loaded <trimesh.Trimesh(vertices.shape=(48, 3), faces.shape=(28, 3))> using `load_obj` in 0.0007s
2024-12-11 11:48:31,757 INFO =====> Skill params: [ 0.91788375  0.22242188  0.83753383  0.30543908 -0.7293851 ]
2024-12-11 11:48:31,757 INFO =====> Grad: [ 3.7496649e+02 -2.6744114e+03 -4.1446350e-05  5.8465733e+01
 -7.2972260e-05]
2024-12-11 11:48:31,757 INFO =====> Num. aborted data so far: 0
2024-12-11 11:48:31,758 INFO ===========> Epoch: 13 optimisation losses
2024-12-11 11:48:31,758 INFO =====> EMD Loss: 15.099097
2024-12-11 11:48:31,758 INFO =====> Height map loss: 7.154476
2024-12-11 11:48:32,210 DEBUG loaded <trimesh.Trimesh(vertices.shape=(916, 3), faces.shape=(856, 3))> using `load_obj` in 0.0031s
2024-12-11 11:48:32,366 DEBUG loaded <trimesh.Trimesh(vertices.shape=(48, 3), faces.shape=(28, 3))> using `load_obj` in 0.0008s
2024-12-11 11:48:39,438 INFO ==> EMD Loss: 15.197679
2024-12-11 11:48:39,438 INFO ==> Height map loss:  7.188241
2024-12-11 11:48:39,838 DEBUG loaded <trimesh.Trimesh(vertices.shape=(916, 3), faces.shape=(856, 3))> using `load_obj` in 0.0030s
2024-12-11 11:48:39,995 DEBUG loaded <trimesh.Trimesh(vertices.shape=(48, 3), faces.shape=(28, 3))> using `load_obj` in 0.0007s
2024-12-11 11:48:47,106 INFO ==> EMD Loss: 15.522148
2024-12-11 11:48:47,106 INFO ==> Height map loss:  7.622378
2024-12-11 11:48:47,592 DEBUG loaded <trimesh.Trimesh(vertices.shape=(916, 3), faces.shape=(856, 3))> using `load_obj` in 0.0031s
2024-12-11 11:48:47,742 DEBUG loaded <trimesh.Trimesh(vertices.shape=(48, 3), faces.shape=(28, 3))> using `load_obj` in 0.0008s
2024-12-11 11:48:54,811 INFO ==> EMD Loss: 15.553448
2024-12-11 11:48:54,811 INFO ==> Height map loss:  7.780294
2024-12-11 11:48:55,187 DEBUG loaded <trimesh.Trimesh(vertices.shape=(916, 3), faces.shape=(856, 3))> using `load_obj` in 0.0030s
2024-12-11 11:48:55,336 DEBUG loaded <trimesh.Trimesh(vertices.shape=(48, 3), faces.shape=(28, 3))> using `load_obj` in 0.0007s
2024-12-11 11:49:02,385 INFO ==> EMD Loss: 15.993550
2024-12-11 11:49:02,385 INFO ==> Height map loss:  8.135133
2024-12-11 11:49:02,768 DEBUG loaded <trimesh.Trimesh(vertices.shape=(916, 3), faces.shape=(856, 3))> using `load_obj` in 0.0030s
2024-12-11 11:49:02,921 DEBUG loaded <trimesh.Trimesh(vertices.shape=(48, 3), faces.shape=(28, 3))> using `load_obj` in 0.0007s
2024-12-11 11:49:10,618 INFO ==> EMD Loss: 16.248775
2024-12-11 11:49:10,618 INFO ==> Height map loss:  8.592820
2024-12-11 11:49:11,003 DEBUG loaded <trimesh.Trimesh(vertices.shape=(916, 3), faces.shape=(856, 3))> using `load_obj` in 0.0030s
2024-12-11 11:49:11,152 DEBUG loaded <trimesh.Trimesh(vertices.shape=(48, 3), faces.shape=(28, 3))> using `load_obj` in 0.0007s
2024-12-11 11:49:29,926 INFO =====> Skill params: [ 0.9158544   0.22546777  0.839893    0.30500337 -0.7268484 ]
2024-12-11 11:49:29,926 INFO =====> Grad: [ 3.6027728e+02 -2.7982002e+03 -8.4507483e-06 -3.7347040e+02
  9.6897929e-05]
2024-12-11 11:49:29,927 INFO =====> Num. aborted data so far: 0
2024-12-11 11:49:29,927 INFO ===========> Epoch: 14 optimisation losses
2024-12-11 11:49:29,927 INFO =====> EMD Loss: 15.127898
2024-12-11 11:49:29,927 INFO =====> Height map loss: 7.188825
2024-12-11 11:49:30,381 DEBUG loaded <trimesh.Trimesh(vertices.shape=(916, 3), faces.shape=(856, 3))> using `load_obj` in 0.0031s
2024-12-11 11:49:30,533 DEBUG loaded <trimesh.Trimesh(vertices.shape=(48, 3), faces.shape=(28, 3))> using `load_obj` in 0.0007s
2024-12-11 11:49:37,649 INFO ==> EMD Loss: 15.144838
2024-12-11 11:49:37,649 INFO ==> Height map loss:  7.232123
2024-12-11 11:49:38,099 DEBUG loaded <trimesh.Trimesh(vertices.shape=(916, 3), faces.shape=(856, 3))> using `load_obj` in 0.0040s
2024-12-11 11:49:38,295 DEBUG loaded <trimesh.Trimesh(vertices.shape=(48, 3), faces.shape=(28, 3))> using `load_obj` in 0.0009s
2024-12-11 11:49:45,551 INFO ==> EMD Loss: 15.223211
2024-12-11 11:49:45,551 INFO ==> Height map loss:  7.065223
2024-12-11 11:49:45,981 DEBUG loaded <trimesh.Trimesh(vertices.shape=(916, 3), faces.shape=(856, 3))> using `load_obj` in 0.0030s
2024-12-11 11:49:46,132 DEBUG loaded <trimesh.Trimesh(vertices.shape=(48, 3), faces.shape=(28, 3))> using `load_obj` in 0.0007s
2024-12-11 11:49:53,197 INFO ==> EMD Loss: 15.138000
2024-12-11 11:49:53,197 INFO ==> Height map loss:  7.113369
2024-12-11 11:49:53,582 DEBUG loaded <trimesh.Trimesh(vertices.shape=(916, 3), faces.shape=(856, 3))> using `load_obj` in 0.0029s
2024-12-11 11:49:53,730 DEBUG loaded <trimesh.Trimesh(vertices.shape=(48, 3), faces.shape=(28, 3))> using `load_obj` in 0.0007s
2024-12-11 11:50:00,416 INFO ==> EMD Loss: 14.808928
2024-12-11 11:50:00,416 INFO ==> Height map loss:  7.129703
2024-12-11 11:50:00,802 DEBUG loaded <trimesh.Trimesh(vertices.shape=(916, 3), faces.shape=(856, 3))> using `load_obj` in 0.0029s
2024-12-11 11:50:00,992 DEBUG loaded <trimesh.Trimesh(vertices.shape=(48, 3), faces.shape=(28, 3))> using `load_obj` in 0.0008s
2024-12-11 11:50:08,061 INFO ==> EMD Loss: 15.109226
2024-12-11 11:50:08,061 INFO ==> Height map loss:  7.183979
2024-12-11 11:50:08,457 DEBUG loaded <trimesh.Trimesh(vertices.shape=(916, 3), faces.shape=(856, 3))> using `load_obj` in 0.0030s
2024-12-11 11:50:08,606 DEBUG loaded <trimesh.Trimesh(vertices.shape=(48, 3), faces.shape=(28, 3))> using `load_obj` in 0.0007s
2024-12-11 11:50:26,693 INFO =====> Skill params: [ 0.9058107   0.24130076  0.8424246   0.31901792 -0.74347484]
2024-12-11 11:50:26,693 INFO =====> Grad: [-7.3333740e+02  3.1521960e+03  2.1111338e-05  8.3851495e+02
 -5.7431869e-05]
2024-12-11 11:50:26,693 INFO =====> Num. aborted data so far: 0
2024-12-11 11:50:26,694 INFO ===========> Epoch: 15 optimisation losses
2024-12-11 11:50:26,694 INFO =====> EMD Loss: 15.224523
2024-12-11 11:50:26,695 INFO =====> Height map loss: 7.064747
2024-12-11 11:50:27,109 DEBUG loaded <trimesh.Trimesh(vertices.shape=(916, 3), faces.shape=(856, 3))> using `load_obj` in 0.0031s
2024-12-11 11:50:27,258 DEBUG loaded <trimesh.Trimesh(vertices.shape=(48, 3), faces.shape=(28, 3))> using `load_obj` in 0.0007s
2024-12-11 11:50:34,413 INFO ==> EMD Loss: 15.190822
2024-12-11 11:50:34,413 INFO ==> Height map loss:  7.060722
2024-12-11 11:50:34,841 DEBUG loaded <trimesh.Trimesh(vertices.shape=(916, 3), faces.shape=(856, 3))> using `load_obj` in 0.0030s
2024-12-11 11:50:34,992 DEBUG loaded <trimesh.Trimesh(vertices.shape=(48, 3), faces.shape=(28, 3))> using `load_obj` in 0.0008s
2024-12-11 11:50:42,057 INFO ==> EMD Loss: 15.134540
2024-12-11 11:50:42,057 INFO ==> Height map loss:  7.216420
2024-12-11 11:50:42,448 DEBUG loaded <trimesh.Trimesh(vertices.shape=(916, 3), faces.shape=(856, 3))> using `load_obj` in 0.0030s
2024-12-11 11:50:42,597 DEBUG loaded <trimesh.Trimesh(vertices.shape=(48, 3), faces.shape=(28, 3))> using `load_obj` in 0.0007s
2024-12-11 11:50:50,129 INFO ==> EMD Loss: 15.244828
2024-12-11 11:50:50,129 INFO ==> Height map loss:  7.178092
2024-12-11 11:50:50,518 DEBUG loaded <trimesh.Trimesh(vertices.shape=(916, 3), faces.shape=(856, 3))> using `load_obj` in 0.0031s
2024-12-11 11:50:50,675 DEBUG loaded <trimesh.Trimesh(vertices.shape=(48, 3), faces.shape=(28, 3))> using `load_obj` in 0.0008s
2024-12-11 11:50:57,680 INFO ==> EMD Loss: 15.421228
2024-12-11 11:50:57,680 INFO ==> Height map loss:  7.388420
2024-12-11 11:50:58,054 DEBUG loaded <trimesh.Trimesh(vertices.shape=(916, 3), faces.shape=(856, 3))> using `load_obj` in 0.0029s
2024-12-11 11:50:58,200 DEBUG loaded <trimesh.Trimesh(vertices.shape=(48, 3), faces.shape=(28, 3))> using `load_obj` in 0.0007s
2024-12-11 11:51:05,333 INFO ==> EMD Loss: 15.316247
2024-12-11 11:51:05,333 INFO ==> Height map loss:  7.413892
2024-12-11 11:51:05,718 DEBUG loaded <trimesh.Trimesh(vertices.shape=(916, 3), faces.shape=(856, 3))> using `load_obj` in 0.0030s
2024-12-11 11:51:05,873 DEBUG loaded <trimesh.Trimesh(vertices.shape=(48, 3), faces.shape=(28, 3))> using `load_obj` in 0.0008s
2024-12-11 11:51:24,448 INFO =====> Skill params: [ 0.90973467  0.23780517  0.84110427  0.3135816  -0.7414454 ]
2024-12-11 11:51:24,448 INFO =====> Grad: [-7.3642999e+02  3.3796819e+03  2.7002134e-05  8.5054388e+02
 -7.1348339e-05]
2024-12-11 11:51:24,448 INFO =====> Num. aborted data so far: 0
2024-12-11 11:51:24,449 INFO ===========> Epoch: 16 optimisation losses
2024-12-11 11:51:24,449 INFO =====> EMD Loss: 15.190936
2024-12-11 11:51:24,449 INFO =====> Height map loss: 7.060861
2024-12-11 11:51:24,889 DEBUG loaded <trimesh.Trimesh(vertices.shape=(916, 3), faces.shape=(856, 3))> using `load_obj` in 0.0031s
2024-12-11 11:51:25,044 DEBUG loaded <trimesh.Trimesh(vertices.shape=(48, 3), faces.shape=(28, 3))> using `load_obj` in 0.0008s
2024-12-11 11:51:32,100 INFO ==> EMD Loss: 15.022511
2024-12-11 11:51:32,100 INFO ==> Height map loss:  7.184351
2024-12-11 11:51:32,491 DEBUG loaded <trimesh.Trimesh(vertices.shape=(916, 3), faces.shape=(856, 3))> using `load_obj` in 0.0031s
2024-12-11 11:51:32,647 DEBUG loaded <trimesh.Trimesh(vertices.shape=(48, 3), faces.shape=(28, 3))> using `load_obj` in 0.0007s
2024-12-11 11:51:39,714 INFO ==> EMD Loss: 15.092470
2024-12-11 11:51:39,714 INFO ==> Height map loss:  7.182396
2024-12-11 11:51:40,109 DEBUG loaded <trimesh.Trimesh(vertices.shape=(916, 3), faces.shape=(856, 3))> using `load_obj` in 0.0031s
2024-12-11 11:51:40,265 DEBUG loaded <trimesh.Trimesh(vertices.shape=(48, 3), faces.shape=(28, 3))> using `load_obj` in 0.0008s
2024-12-11 11:51:47,354 INFO ==> EMD Loss: 15.311716
2024-12-11 11:51:47,354 INFO ==> Height map loss:  7.382775
2024-12-11 11:51:47,736 DEBUG loaded <trimesh.Trimesh(vertices.shape=(916, 3), faces.shape=(856, 3))> using `load_obj` in 0.0029s
2024-12-11 11:51:47,886 DEBUG loaded <trimesh.Trimesh(vertices.shape=(48, 3), faces.shape=(28, 3))> using `load_obj` in 0.0007s
2024-12-11 11:51:54,988 INFO ==> EMD Loss: 15.789658
2024-12-11 11:51:54,988 INFO ==> Height map loss:  7.372667
2024-12-11 11:51:55,371 DEBUG loaded <trimesh.Trimesh(vertices.shape=(916, 3), faces.shape=(856, 3))> using `load_obj` in 0.0030s
2024-12-11 11:51:55,518 DEBUG loaded <trimesh.Trimesh(vertices.shape=(48, 3), faces.shape=(28, 3))> using `load_obj` in 0.0007s
2024-12-11 11:52:02,549 INFO ==> EMD Loss: 15.690239
2024-12-11 11:52:02,549 INFO ==> Height map loss:  7.539827
2024-12-11 11:52:02,932 DEBUG loaded <trimesh.Trimesh(vertices.shape=(916, 3), faces.shape=(856, 3))> using `load_obj` in 0.0030s
2024-12-11 11:52:03,082 DEBUG loaded <trimesh.Trimesh(vertices.shape=(48, 3), faces.shape=(28, 3))> using `load_obj` in 0.0008s
2024-12-11 11:52:21,556 INFO =====> Skill params: [ 0.9287594   0.21957012  0.83235687  0.28880018 -0.7286504 ]
2024-12-11 11:52:21,556 INFO =====> Grad: [ 8.0798541e+02 -3.6973467e+03 -8.6695372e-06 -3.6170135e+02
 -3.5509438e-05]
2024-12-11 11:52:21,556 INFO =====> Num. aborted data so far: 0
2024-12-11 11:52:21,556 INFO ===========> Epoch: 17 optimisation losses
2024-12-11 11:52:21,556 INFO =====> EMD Loss: 15.092514
2024-12-11 11:52:21,556 INFO =====> Height map loss: 7.182017
2024-12-11 11:52:21,968 DEBUG loaded <trimesh.Trimesh(vertices.shape=(916, 3), faces.shape=(856, 3))> using `load_obj` in 0.0032s
2024-12-11 11:52:22,124 DEBUG loaded <trimesh.Trimesh(vertices.shape=(48, 3), faces.shape=(28, 3))> using `load_obj` in 0.0007s
2024-12-11 11:52:29,282 INFO ==> EMD Loss: 15.129758
2024-12-11 11:52:29,282 INFO ==> Height map loss:  7.206130
2024-12-11 11:52:29,716 DEBUG loaded <trimesh.Trimesh(vertices.shape=(916, 3), faces.shape=(856, 3))> using `load_obj` in 0.0040s
2024-12-11 11:52:29,919 DEBUG loaded <trimesh.Trimesh(vertices.shape=(48, 3), faces.shape=(28, 3))> using `load_obj` in 0.0009s
2024-12-11 11:52:37,273 INFO ==> EMD Loss: 15.048395
2024-12-11 11:52:37,273 INFO ==> Height map loss:  7.461370
2024-12-11 11:52:37,741 DEBUG loaded <trimesh.Trimesh(vertices.shape=(916, 3), faces.shape=(856, 3))> using `load_obj` in 0.0040s
2024-12-11 11:52:37,938 DEBUG loaded <trimesh.Trimesh(vertices.shape=(48, 3), faces.shape=(28, 3))> using `load_obj` in 0.0009s
2024-12-11 11:52:45,179 INFO ==> EMD Loss: 15.475492
2024-12-11 11:52:45,179 INFO ==> Height map loss:  7.989662
2024-12-11 11:52:45,572 DEBUG loaded <trimesh.Trimesh(vertices.shape=(916, 3), faces.shape=(856, 3))> using `load_obj` in 0.0040s
2024-12-11 11:52:45,756 DEBUG loaded <trimesh.Trimesh(vertices.shape=(48, 3), faces.shape=(28, 3))> using `load_obj` in 0.0007s
2024-12-11 11:52:52,798 INFO ==> EMD Loss: 15.739066
2024-12-11 11:52:52,798 INFO ==> Height map loss:  7.899484
2024-12-11 11:52:53,181 DEBUG loaded <trimesh.Trimesh(vertices.shape=(916, 3), faces.shape=(856, 3))> using `load_obj` in 0.0029s
2024-12-11 11:52:53,329 DEBUG loaded <trimesh.Trimesh(vertices.shape=(48, 3), faces.shape=(28, 3))> using `load_obj` in 0.0007s
2024-12-11 11:53:00,242 INFO ==> EMD Loss: 16.501863
2024-12-11 11:53:00,243 INFO ==> Height map loss:  8.510705
2024-12-11 11:53:00,625 DEBUG loaded <trimesh.Trimesh(vertices.shape=(916, 3), faces.shape=(856, 3))> using `load_obj` in 0.0029s
2024-12-11 11:53:00,776 DEBUG loaded <trimesh.Trimesh(vertices.shape=(48, 3), faces.shape=(28, 3))> using `load_obj` in 0.0008s
2024-12-11 11:53:19,117 INFO =====> Skill params: [ 0.9247675   0.22341488  0.8329478   0.29096335 -0.72732115]
2024-12-11 11:53:19,117 INFO =====> Grad: [-2.0809135e+02  1.8096505e+03 -9.8622422e-06  1.9865283e+02
  9.5703603e-05]
2024-12-11 11:53:19,117 INFO =====> Num. aborted data so far: 0
2024-12-11 11:53:19,118 INFO ===========> Epoch: 18 optimisation losses
2024-12-11 11:53:19,118 INFO =====> EMD Loss: 15.126291
2024-12-11 11:53:19,118 INFO =====> Height map loss: 7.205923
2024-12-11 11:53:19,531 DEBUG loaded <trimesh.Trimesh(vertices.shape=(916, 3), faces.shape=(856, 3))> using `load_obj` in 0.0032s
2024-12-11 11:53:19,687 DEBUG loaded <trimesh.Trimesh(vertices.shape=(48, 3), faces.shape=(28, 3))> using `load_obj` in 0.0007s
2024-12-11 11:53:27,390 INFO ==> EMD Loss: 15.098917
2024-12-11 11:53:27,390 INFO ==> Height map loss:  7.186218
2024-12-11 11:53:27,943 DEBUG loaded <trimesh.Trimesh(vertices.shape=(916, 3), faces.shape=(856, 3))> using `load_obj` in 0.0049s
2024-12-11 11:53:28,187 DEBUG loaded <trimesh.Trimesh(vertices.shape=(48, 3), faces.shape=(28, 3))> using `load_obj` in 0.0010s
2024-12-11 11:53:36,066 INFO ==> EMD Loss: 14.820044
2024-12-11 11:53:36,066 INFO ==> Height map loss:  7.114888
2024-12-11 11:53:36,534 DEBUG loaded <trimesh.Trimesh(vertices.shape=(916, 3), faces.shape=(856, 3))> using `load_obj` in 0.0040s
2024-12-11 11:53:36,733 DEBUG loaded <trimesh.Trimesh(vertices.shape=(48, 3), faces.shape=(28, 3))> using `load_obj` in 0.0009s
2024-12-11 11:53:44,207 INFO ==> EMD Loss: 14.960962
2024-12-11 11:53:44,207 INFO ==> Height map loss:  6.785298
2024-12-11 11:53:44,667 DEBUG loaded <trimesh.Trimesh(vertices.shape=(916, 3), faces.shape=(856, 3))> using `load_obj` in 0.0031s
2024-12-11 11:53:44,820 DEBUG loaded <trimesh.Trimesh(vertices.shape=(48, 3), faces.shape=(28, 3))> using `load_obj` in 0.0008s
2024-12-11 11:53:51,925 INFO ==> EMD Loss: 15.130009
2024-12-11 11:53:51,925 INFO ==> Height map loss:  6.876246
2024-12-11 11:53:52,300 DEBUG loaded <trimesh.Trimesh(vertices.shape=(916, 3), faces.shape=(856, 3))> using `load_obj` in 0.0029s
2024-12-11 11:53:52,450 DEBUG loaded <trimesh.Trimesh(vertices.shape=(48, 3), faces.shape=(28, 3))> using `load_obj` in 0.0007s
2024-12-11 11:53:59,429 INFO ==> EMD Loss: 14.643699
2024-12-11 11:53:59,429 INFO ==> Height map loss:  6.870049
2024-12-11 11:53:59,821 DEBUG loaded <trimesh.Trimesh(vertices.shape=(916, 3), faces.shape=(856, 3))> using `load_obj` in 0.0028s
2024-12-11 11:53:59,970 DEBUG loaded <trimesh.Trimesh(vertices.shape=(48, 3), faces.shape=(28, 3))> using `load_obj` in 0.0007s
2024-12-11 11:54:17,796 INFO =====> Skill params: [ 0.93553454  0.20399883  0.84001386  0.27854782 -0.762406  ]
2024-12-11 11:54:17,796 INFO =====> Grad: [-3.6062888e+02  1.5189030e+03 -1.6534370e-05  3.0527887e+02
  7.0752962e-05]
2024-12-11 11:54:17,796 INFO =====> Num. aborted data so far: 0
2024-12-11 11:54:17,797 INFO ===========> Epoch: 19 optimisation losses
2024-12-11 11:54:17,797 INFO =====> EMD Loss: 14.960867
2024-12-11 11:54:17,797 INFO =====> Height map loss: 6.786170
2024-12-11 11:54:18,203 DEBUG loaded <trimesh.Trimesh(vertices.shape=(916, 3), faces.shape=(856, 3))> using `load_obj` in 0.0032s
2024-12-11 11:54:18,359 DEBUG loaded <trimesh.Trimesh(vertices.shape=(48, 3), faces.shape=(28, 3))> using `load_obj` in 0.0007s
2024-12-11 11:54:25,507 INFO ==> EMD Loss: 14.917404
2024-12-11 11:54:25,508 INFO ==> Height map loss:  6.798566
2024-12-11 11:54:25,893 DEBUG loaded <trimesh.Trimesh(vertices.shape=(916, 3), faces.shape=(856, 3))> using `load_obj` in 0.0030s
2024-12-11 11:54:26,044 DEBUG loaded <trimesh.Trimesh(vertices.shape=(48, 3), faces.shape=(28, 3))> using `load_obj` in 0.0008s
2024-12-11 11:54:33,350 INFO ==> EMD Loss: 15.054144
2024-12-11 11:54:33,350 INFO ==> Height map loss:  6.834314
2024-12-11 11:54:33,733 DEBUG loaded <trimesh.Trimesh(vertices.shape=(916, 3), faces.shape=(856, 3))> using `load_obj` in 0.0029s
2024-12-11 11:54:33,883 DEBUG loaded <trimesh.Trimesh(vertices.shape=(48, 3), faces.shape=(28, 3))> using `load_obj` in 0.0007s
2024-12-11 11:54:41,347 INFO ==> EMD Loss: 14.603112
2024-12-11 11:54:41,347 INFO ==> Height map loss:  6.870108
2024-12-11 11:54:41,727 DEBUG loaded <trimesh.Trimesh(vertices.shape=(916, 3), faces.shape=(856, 3))> using `load_obj` in 0.0030s
2024-12-11 11:54:41,881 DEBUG loaded <trimesh.Trimesh(vertices.shape=(48, 3), faces.shape=(28, 3))> using `load_obj` in 0.0007s
2024-12-11 11:54:49,035 INFO ==> EMD Loss: 14.477677
2024-12-11 11:54:49,036 INFO ==> Height map loss:  6.725436
2024-12-11 11:54:49,447 DEBUG loaded <trimesh.Trimesh(vertices.shape=(916, 3), faces.shape=(856, 3))> using `load_obj` in 0.0030s
2024-12-11 11:54:49,596 DEBUG loaded <trimesh.Trimesh(vertices.shape=(48, 3), faces.shape=(28, 3))> using `load_obj` in 0.0007s
2024-12-11 11:54:56,670 INFO ==> EMD Loss: 14.699559
2024-12-11 11:54:56,670 INFO ==> Height map loss:  6.781606
2024-12-11 11:54:57,049 DEBUG loaded <trimesh.Trimesh(vertices.shape=(916, 3), faces.shape=(856, 3))> using `load_obj` in 0.0030s
2024-12-11 11:54:57,197 DEBUG loaded <trimesh.Trimesh(vertices.shape=(48, 3), faces.shape=(28, 3))> using `load_obj` in 0.0007s
2024-12-11 11:55:04,079 INFO ===========> Finished training.
2024-12-11 11:55:04,079 INFO ====> Final EMD Loss: 14.480742
2024-12-11 11:55:04,079 INFO ====> Final Height map loss: 6.725866
2024-12-11 11:55:04,079 INFO ====> Final skill params: [ 0.96442366  0.178644    0.8585844   0.2490363  -0.8018131 ]
