2025-05-25 14:06:21,518 INFO =====> Skill params: [-0.30213484  0.2         0.8         0.         -0.5       ]
2025-05-25 14:06:21,518 INFO =====> Grad: [-2272.2803    775.9456   -166.1872   -229.97913   666.6667 ]
2025-05-25 14:06:21,518 INFO =====> Num. aborted data so far: 0
2025-05-25 14:06:21,519 INFO ===========> Epoch: 0 optimisation losses
2025-05-25 14:06:21,519 INFO =====> EMD Loss: 20.873451
2025-05-25 14:06:21,520 INFO =====> Height map loss: 5.813376
2025-05-25 14:06:30,411 INFO ==> EMD Loss: 21.092749
2025-05-25 14:06:30,411 INFO ==> Height map loss:  5.801790
2025-05-25 14:06:38,910 INFO ==> EMD Loss: 20.835232
2025-05-25 14:06:38,910 INFO ==> Height map loss:  5.797172
2025-05-25 14:06:47,509 INFO ==> EMD Loss: 21.359659
2025-05-25 14:06:47,509 INFO ==> Height map loss:  6.434311
2025-05-25 14:06:55,887 INFO ==> EMD Loss: 22.499962
2025-05-25 14:06:55,887 INFO ==> Height map loss:  7.329533
2025-05-25 14:07:07,091 INFO ==> EMD Loss: 22.819094
2025-05-25 14:07:07,091 INFO ==> Height map loss:  8.441646
2025-05-25 14:07:26,371 INFO =====> Skill params: [-0.25470066  0.15256584  0.84743416  0.04743417 -0.54743415]
2025-05-25 14:07:26,371 INFO =====> Grad: [1638.9349  -417.69336 -135.06653  394.4392   220.90251]
2025-05-25 14:07:26,371 INFO =====> Num. aborted data so far: 0
2025-05-25 14:07:26,372 INFO ===========> Epoch: 1 optimisation losses
2025-05-25 14:07:26,372 INFO =====> EMD Loss: 20.511015
2025-05-25 14:07:26,372 INFO =====> Height map loss: 5.835080
2025-05-25 14:07:35,010 INFO ==> EMD Loss: 20.882092
2025-05-25 14:07:35,010 INFO ==> Height map loss:  5.808869
2025-05-25 14:07:43,864 INFO ==> EMD Loss: 21.085489
2025-05-25 14:07:43,864 INFO ==> Height map loss:  5.664397
2025-05-25 14:07:52,668 INFO ==> EMD Loss: 20.798067
2025-05-25 14:07:52,668 INFO ==> Height map loss:  5.727741
2025-05-25 14:08:01,728 INFO ==> EMD Loss: 20.872002
2025-05-25 14:08:01,728 INFO ==> Height map loss:  5.841660
2025-05-25 14:08:10,611 INFO ==> EMD Loss: 20.870827
2025-05-25 14:08:10,611 INFO ==> Height map loss:  5.900402
2025-05-25 14:08:30,100 INFO =====> Skill params: [-0.28340918  0.17597501  0.8782947   0.00592663 -0.56307524]
2025-05-25 14:08:30,101 INFO =====> Grad: [-2427.9082   1572.6006   -334.8019    182.28046  -404.947  ]
2025-05-25 14:08:30,101 INFO =====> Num. aborted data so far: 0
2025-05-25 14:08:30,101 INFO ===========> Epoch: 2 optimisation losses
2025-05-25 14:08:30,101 INFO =====> EMD Loss: 20.948019
2025-05-25 14:08:30,101 INFO =====> Height map loss: 5.661375
2025-05-25 14:08:39,015 INFO ==> EMD Loss: 20.622345
2025-05-25 14:08:39,015 INFO ==> Height map loss:  5.751674
2025-05-25 14:08:47,675 INFO ==> EMD Loss: 20.507101
2025-05-25 14:08:47,676 INFO ==> Height map loss:  5.902145
2025-05-25 14:08:56,454 INFO ==> EMD Loss: 21.361732
2025-05-25 14:08:56,454 INFO ==> Height map loss:  6.420815
2025-05-25 14:09:05,141 INFO ==> EMD Loss: 22.282242
2025-05-25 14:09:05,141 INFO ==> Height map loss:  6.994405
2025-05-25 14:09:13,981 INFO ==> EMD Loss: 22.582039
2025-05-25 14:09:13,981 INFO ==> Height map loss:  7.753831
2025-05-25 14:09:33,519 INFO =====> Skill params: [-0.276893    0.1675258   0.8864716   0.00220663 -0.55797744]
2025-05-25 14:09:33,519 INFO =====> Grad: [ 2366.459   -2579.787     220.25032  -211.52971   729.2735 ]
2025-05-25 14:09:33,519 INFO =====> Num. aborted data so far: 0
2025-05-25 14:09:33,520 INFO ===========> Epoch: 3 optimisation losses
2025-05-25 14:09:33,520 INFO =====> EMD Loss: 20.628223
2025-05-25 14:09:33,520 INFO =====> Height map loss: 5.752579
2025-05-25 14:09:42,477 INFO ==> EMD Loss: 21.102749
2025-05-25 14:09:42,477 INFO ==> Height map loss:  5.681606
2025-05-25 14:09:51,451 INFO ==> EMD Loss: 21.028851
2025-05-25 14:09:51,451 INFO ==> Height map loss:  5.951753
2025-05-25 14:10:00,237 INFO ==> EMD Loss: 20.937647
2025-05-25 14:10:00,238 INFO ==> Height map loss:  6.075311
2025-05-25 14:10:09,244 INFO ==> EMD Loss: 21.199446
2025-05-25 14:10:09,245 INFO ==> Height map loss:  6.586862
2025-05-25 14:10:18,260 INFO ==> EMD Loss: 21.153994
2025-05-25 14:10:18,260 INFO ==> Height map loss:  6.739398
2025-05-25 14:10:37,731 INFO =====> Skill params: [-0.28236294  0.17548244  0.88160455  0.0063095  -0.564752  ]
2025-05-25 14:10:37,732 INFO =====> Grad: [-1547.0992    580.6879    240.1291    725.47125  -746.61273]
2025-05-25 14:10:37,732 INFO =====> Num. aborted data so far: 0
2025-05-25 14:10:37,732 INFO ===========> Epoch: 4 optimisation losses
2025-05-25 14:10:37,732 INFO =====> EMD Loss: 20.943695
2025-05-25 14:10:37,732 INFO =====> Height map loss: 5.661557
2025-05-25 14:10:46,678 INFO ==> EMD Loss: 21.097662
2025-05-25 14:10:46,678 INFO ==> Height map loss:  5.685966
2025-05-25 14:10:55,491 INFO ==> EMD Loss: 21.050312
2025-05-25 14:10:55,491 INFO ==> Height map loss:  5.611750
2025-05-25 14:11:04,416 INFO ==> EMD Loss: 20.298176
2025-05-25 14:11:04,416 INFO ==> Height map loss:  5.753768
2025-05-25 14:11:13,090 INFO ==> EMD Loss: 20.227600
2025-05-25 14:11:13,090 INFO ==> Height map loss:  5.579746
2025-05-25 14:11:21,984 INFO ==> EMD Loss: 19.954985
2025-05-25 14:11:21,985 INFO ==> Height map loss:  5.531925
2025-05-25 14:11:41,520 INFO =====> Skill params: [-0.21230143  0.13845155  0.78523874 -0.15352952 -0.44893605]
2025-05-25 14:11:41,520 INFO =====> Grad: [2351.233   -885.5793   340.196    897.86066  611.7362 ]
2025-05-25 14:11:41,520 INFO =====> Num. aborted data so far: 0
2025-05-25 14:11:41,521 INFO ===========> Epoch: 5 optimisation losses
2025-05-25 14:11:41,521 INFO =====> EMD Loss: 20.317789
2025-05-25 14:11:41,521 INFO =====> Height map loss: 5.600473
2025-05-25 14:11:50,403 INFO ==> EMD Loss: 20.062044
2025-05-25 14:11:50,403 INFO ==> Height map loss:  5.530202
2025-05-25 14:11:59,387 INFO ==> EMD Loss: 20.536592
2025-05-25 14:11:59,387 INFO ==> Height map loss:  5.489573
2025-05-25 14:12:08,180 INFO ==> EMD Loss: 20.500664
2025-05-25 14:12:08,181 INFO ==> Height map loss:  5.278613
2025-05-25 14:12:17,138 INFO ==> EMD Loss: 20.254145
2025-05-25 14:12:17,138 INFO ==> Height map loss:  5.185426
2025-05-25 14:12:25,940 INFO ==> EMD Loss: 20.243719
2025-05-25 14:12:25,940 INFO ==> Height map loss:  5.242738
2025-05-25 14:12:46,130 INFO =====> Skill params: [-0.2847522   0.18105075  0.6992443  -0.25878164 -0.5152988 ]
2025-05-25 14:12:46,130 INFO =====> Grad: [-2726.5908   -644.9896    351.16278   645.73035  -879.8461 ]
2025-05-25 14:12:46,131 INFO =====> Num. aborted data so far: 0
2025-05-25 14:12:46,132 INFO ===========> Epoch: 6 optimisation losses
2025-05-25 14:12:46,132 INFO =====> EMD Loss: 20.406225
2025-05-25 14:12:46,132 INFO =====> Height map loss: 5.204042
2025-05-25 14:12:54,990 INFO ==> EMD Loss: 20.328753
2025-05-25 14:12:54,990 INFO ==> Height map loss:  5.163417
2025-05-25 14:13:04,013 INFO ==> EMD Loss: 20.344633
2025-05-25 14:13:04,013 INFO ==> Height map loss:  5.254734
2025-05-25 14:13:12,925 INFO ==> EMD Loss: 20.502327
2025-05-25 14:13:12,925 INFO ==> Height map loss:  5.256458
2025-05-25 14:13:22,038 INFO ==> EMD Loss: 20.307180
2025-05-25 14:13:22,038 INFO ==> Height map loss:  5.246055
2025-05-25 14:13:31,015 INFO ==> EMD Loss: 20.225506
2025-05-25 14:13:31,016 INFO ==> Height map loss:  5.264920
2025-05-25 14:13:50,591 INFO =====> Skill params: [-0.27973956  0.18317564  0.6940322  -0.26342142 -0.509822  ]
2025-05-25 14:13:50,592 INFO =====> Grad: [1342.0173  -914.38513  180.83249 -139.40791  331.81174]
2025-05-25 14:13:50,592 INFO =====> Num. aborted data so far: 0
2025-05-25 14:13:50,592 INFO ===========> Epoch: 7 optimisation losses
2025-05-25 14:13:50,592 INFO =====> EMD Loss: 20.492729
2025-05-25 14:13:50,592 INFO =====> Height map loss: 5.181478
2025-05-25 14:13:59,488 INFO ==> EMD Loss: 20.307930
2025-05-25 14:13:59,488 INFO ==> Height map loss:  5.166740
2025-05-25 14:14:08,571 INFO ==> EMD Loss: 20.411995
2025-05-25 14:14:08,571 INFO ==> Height map loss:  5.192132
2025-05-25 14:14:17,459 INFO ==> EMD Loss: 20.328720
2025-05-25 14:14:17,459 INFO ==> Height map loss:  5.471360
2025-05-25 14:14:26,509 INFO ==> EMD Loss: 20.475601
2025-05-25 14:14:26,509 INFO ==> Height map loss:  5.496182
2025-05-25 14:14:35,400 INFO ==> EMD Loss: 20.777012
2025-05-25 14:14:35,400 INFO ==> Height map loss:  5.708148
2025-05-25 14:14:54,950 INFO =====> Skill params: [-0.2822477   0.1861868   0.691321   -0.26237202 -0.511944  ]
2025-05-25 14:14:54,950 INFO =====> Grad: [2268.0024   -201.99278   -23.055182  193.94786   683.8703  ]
2025-05-25 14:14:54,950 INFO =====> Num. aborted data so far: 0
2025-05-25 14:14:54,951 INFO ===========> Epoch: 8 optimisation losses
2025-05-25 14:14:54,951 INFO =====> EMD Loss: 20.533236
2025-05-25 14:14:54,951 INFO =====> Height map loss: 5.178625
2025-05-25 14:15:04,034 INFO ==> EMD Loss: 20.265696
2025-05-25 14:15:04,034 INFO ==> Height map loss:  5.176824
2025-05-25 14:15:12,881 INFO ==> EMD Loss: 20.226873
2025-05-25 14:15:12,881 INFO ==> Height map loss:  5.160509
2025-05-25 14:15:21,861 INFO ==> EMD Loss: 20.202915
2025-05-25 14:15:21,861 INFO ==> Height map loss:  5.217511
2025-05-25 14:15:30,762 INFO ==> EMD Loss: 20.185474
2025-05-25 14:15:30,762 INFO ==> Height map loss:  5.387895
2025-05-25 14:15:39,818 INFO ==> EMD Loss: 20.292553
2025-05-25 14:15:39,818 INFO ==> Height map loss:  5.372417
2025-05-25 14:15:59,370 INFO =====> Skill params: [-0.3024584   0.18968308  0.69314146 -0.26996732 -0.532676  ]
2025-05-25 14:15:59,371 INFO =====> Grad: [-1202.1588     321.36856    -52.81076    -13.194311   783.69073 ]
2025-05-25 14:15:59,371 INFO =====> Num. aborted data so far: 0
2025-05-25 14:15:59,371 INFO ===========> Epoch: 9 optimisation losses
2025-05-25 14:15:59,371 INFO =====> EMD Loss: 20.474970
2025-05-25 14:15:59,371 INFO =====> Height map loss: 5.171831
2025-05-25 14:16:08,361 INFO ==> EMD Loss: 20.215561
2025-05-25 14:16:08,361 INFO ==> Height map loss:  5.163641
2025-05-25 14:16:17,126 INFO ==> EMD Loss: 20.285612
2025-05-25 14:16:17,126 INFO ==> Height map loss:  5.186223
2025-05-25 14:16:26,203 INFO ==> EMD Loss: 20.374231
2025-05-25 14:16:26,203 INFO ==> Height map loss:  5.232059
2025-05-25 14:16:34,977 INFO ==> EMD Loss: 20.337523
2025-05-25 14:16:34,978 INFO ==> Height map loss:  5.255715
2025-05-25 14:16:43,959 INFO ==> EMD Loss: 20.352816
2025-05-25 14:16:43,959 INFO ==> Height map loss:  5.240184
2025-05-25 14:17:03,441 INFO =====> Skill params: [-0.30026138  0.18851925  0.6940168  -0.2698584  -0.5371052 ]
2025-05-25 14:17:03,441 INFO =====> Grad: [-2435.3423    645.6354   -319.86523   752.0612   -239.50426]
2025-05-25 14:17:03,441 INFO =====> Num. aborted data so far: 0
2025-05-25 14:17:03,441 INFO ===========> Epoch: 10 optimisation losses
2025-05-25 14:17:03,442 INFO =====> EMD Loss: 20.288490
2025-05-25 14:17:03,442 INFO =====> Height map loss: 5.177417
2025-05-25 14:17:12,542 INFO ==> EMD Loss: 20.253939
2025-05-25 14:17:12,542 INFO ==> Height map loss:  5.179373
2025-05-25 14:17:21,365 INFO ==> EMD Loss: 20.335127
2025-05-25 14:17:21,366 INFO ==> Height map loss:  5.186819
2025-05-25 14:17:30,278 INFO ==> EMD Loss: 20.376518
2025-05-25 14:17:30,278 INFO ==> Height map loss:  5.244947
2025-05-25 14:17:39,023 INFO ==> EMD Loss: 20.258915
2025-05-25 14:17:39,023 INFO ==> Height map loss:  5.355056
2025-05-25 14:17:47,999 INFO ==> EMD Loss: 20.333090
2025-05-25 14:17:47,999 INFO ==> Height map loss:  5.663686
2025-05-25 14:18:07,405 INFO =====> Skill params: [-0.29605597  0.1861338   0.6988321  -0.27524537 -0.53569424]
2025-05-25 14:18:07,405 INFO =====> Grad: [1010.2378   528.093    261.1017   905.5364   103.68909]
2025-05-25 14:18:07,405 INFO =====> Num. aborted data so far: 0
2025-05-25 14:18:07,406 INFO ===========> Epoch: 11 optimisation losses
2025-05-25 14:18:07,406 INFO =====> EMD Loss: 20.247387
2025-05-25 14:18:07,406 INFO =====> Height map loss: 5.193729
2025-05-25 14:18:16,492 INFO ==> EMD Loss: 20.231989
2025-05-25 14:18:16,492 INFO ==> Height map loss:  5.193352
2025-05-25 14:18:25,383 INFO ==> EMD Loss: 20.328129
2025-05-25 14:18:25,383 INFO ==> Height map loss:  5.147568
2025-05-25 14:18:34,381 INFO ==> EMD Loss: 20.034216
2025-05-25 14:18:34,381 INFO ==> Height map loss:  5.096198
2025-05-25 14:18:43,117 INFO ==> EMD Loss: 19.981030
2025-05-25 14:18:43,117 INFO ==> Height map loss:  5.113922
2025-05-25 14:18:52,002 INFO ==> EMD Loss: 19.921099
2025-05-25 14:18:52,002 INFO ==> Height map loss:  5.105426
2025-05-25 14:19:11,230 INFO =====> Skill params: [-0.3141086   0.1660337   0.6608628  -0.33071297 -0.5421185 ]
2025-05-25 14:19:11,230 INFO =====> Grad: [-2457.6836    838.98444  -347.37543  -244.67253  -147.22507]
2025-05-25 14:19:11,230 INFO =====> Num. aborted data so far: 0
2025-05-25 14:19:11,231 INFO ===========> Epoch: 12 optimisation losses
2025-05-25 14:19:11,231 INFO =====> EMD Loss: 20.227983
2025-05-25 14:19:11,231 INFO =====> Height map loss: 5.128429
2025-05-25 14:19:20,237 INFO ==> EMD Loss: 20.174629
2025-05-25 14:19:20,237 INFO ==> Height map loss:  5.117524
2025-05-25 14:19:29,030 INFO ==> EMD Loss: 20.176105
2025-05-25 14:19:29,030 INFO ==> Height map loss:  5.169355
2025-05-25 14:19:37,945 INFO ==> EMD Loss: 20.272583
2025-05-25 14:19:37,945 INFO ==> Height map loss:  5.266619
2025-05-25 14:19:46,684 INFO ==> EMD Loss: 20.385349
2025-05-25 14:19:46,685 INFO ==> Height map loss:  5.558125
2025-05-25 14:19:55,666 INFO ==> EMD Loss: 20.597927
2025-05-25 14:19:55,667 INFO ==> Height map loss:  5.986803
2025-05-25 14:20:14,762 INFO =====> Skill params: [-0.30994818  0.16286142  0.6655062  -0.32915464 -0.5411619 ]
2025-05-25 14:20:14,763 INFO =====> Grad: [-444.49783 -584.8424   346.56433 -469.6424  -118.43848]
2025-05-25 14:20:14,763 INFO =====> Num. aborted data so far: 0
2025-05-25 14:20:14,763 INFO ===========> Epoch: 13 optimisation losses
2025-05-25 14:20:14,763 INFO =====> EMD Loss: 20.288551
2025-05-25 14:20:14,763 INFO =====> Height map loss: 5.116985
2025-05-25 14:20:23,873 INFO ==> EMD Loss: 20.252506
2025-05-25 14:20:23,873 INFO ==> Height map loss:  5.146076
2025-05-25 14:20:32,786 INFO ==> EMD Loss: 20.102924
2025-05-25 14:20:32,786 INFO ==> Height map loss:  5.132524
2025-05-25 14:20:41,933 INFO ==> EMD Loss: 20.151230
2025-05-25 14:20:41,933 INFO ==> Height map loss:  5.166813
2025-05-25 14:20:50,778 INFO ==> EMD Loss: 20.115967
2025-05-25 14:20:50,778 INFO ==> Height map loss:  5.152337
2025-05-25 14:20:59,846 INFO ==> EMD Loss: 20.096790
2025-05-25 14:20:59,846 INFO ==> Height map loss:  5.261003
2025-05-25 14:21:19,292 INFO =====> Skill params: [-0.30599615  0.17417961  0.64379764 -0.3141944  -0.5371207 ]
2025-05-25 14:21:19,292 INFO =====> Grad: [-1489.5609    255.35568    71.7757   -298.7597   -698.0535 ]
2025-05-25 14:21:19,292 INFO =====> Num. aborted data so far: 0
2025-05-25 14:21:19,293 INFO ===========> Epoch: 14 optimisation losses
2025-05-25 14:21:19,293 INFO =====> EMD Loss: 20.244761
2025-05-25 14:21:19,293 INFO =====> Height map loss: 5.148759
2025-05-25 14:21:28,252 INFO ==> EMD Loss: 20.070526
2025-05-25 14:21:28,252 INFO ==> Height map loss:  5.127244
2025-05-25 14:21:37,027 INFO ==> EMD Loss: 20.304613
2025-05-25 14:21:37,028 INFO ==> Height map loss:  5.135210
2025-05-25 14:21:46,116 INFO ==> EMD Loss: 20.344009
2025-05-25 14:21:46,116 INFO ==> Height map loss:  5.217580
2025-05-25 14:21:54,974 INFO ==> EMD Loss: 20.383789
2025-05-25 14:21:54,974 INFO ==> Height map loss:  5.204152
2025-05-25 14:22:04,014 INFO ==> EMD Loss: 20.070835
2025-05-25 14:22:04,015 INFO ==> Height map loss:  5.229216
2025-05-25 14:22:23,483 INFO =====> Skill params: [-0.30331773  0.17314403  0.6428545  -0.3122315  -0.5326828 ]
2025-05-25 14:22:23,483 INFO =====> Grad: [-146.86087 -535.94653 -193.28677 -223.5588   893.85187]
2025-05-25 14:22:23,483 INFO =====> Num. aborted data so far: 0
2025-05-25 14:22:23,484 INFO ===========> Epoch: 15 optimisation losses
2025-05-25 14:22:23,484 INFO =====> EMD Loss: 20.255272
2025-05-25 14:22:23,484 INFO =====> Height map loss: 5.149890
2025-05-25 14:22:32,557 INFO ==> EMD Loss: 20.150513
2025-05-25 14:22:32,557 INFO ==> Height map loss:  5.147079
2025-05-25 14:22:41,363 INFO ==> EMD Loss: 20.151003
2025-05-25 14:22:41,363 INFO ==> Height map loss:  5.149716
2025-05-25 14:22:50,328 INFO ==> EMD Loss: 20.185406
2025-05-25 14:22:50,328 INFO ==> Height map loss:  5.131186
2025-05-25 14:22:59,142 INFO ==> EMD Loss: 20.229866
2025-05-25 14:22:59,142 INFO ==> Height map loss:  5.203291
2025-05-25 14:23:08,143 INFO ==> EMD Loss: 20.252638
2025-05-25 14:23:08,143 INFO ==> Height map loss:  5.409599
2025-05-25 14:23:27,522 INFO =====> Skill params: [-0.30053532  0.19541477  0.6686201  -0.2969509  -0.58333254]
2025-05-25 14:23:27,522 INFO =====> Grad: [-2333.5076    541.65186   232.7766    790.2797    376.33588]
2025-05-25 14:23:27,522 INFO =====> Num. aborted data so far: 0
2025-05-25 14:23:27,522 INFO ===========> Epoch: 16 optimisation losses
2025-05-25 14:23:27,523 INFO =====> EMD Loss: 20.164469
2025-05-25 14:23:27,523 INFO =====> Height map loss: 5.145948
2025-05-25 14:23:36,633 INFO ==> EMD Loss: 20.130163
2025-05-25 14:23:36,633 INFO ==> Height map loss:  5.171861
2025-05-25 14:23:45,453 INFO ==> EMD Loss: 20.073874
2025-05-25 14:23:45,453 INFO ==> Height map loss:  5.128627
2025-05-25 14:23:54,470 INFO ==> EMD Loss: 20.053852
2025-05-25 14:23:54,470 INFO ==> Height map loss:  5.197809
2025-05-25 14:24:03,221 INFO ==> EMD Loss: 20.101030
2025-05-25 14:24:03,221 INFO ==> Height map loss:  5.204870
2025-05-25 14:24:12,010 INFO ==> EMD Loss: 19.906052
2025-05-25 14:24:12,010 INFO ==> Height map loss:  5.683622
2025-05-25 14:24:31,273 INFO =====> Skill params: [-0.27962157  0.18390653  0.65315914 -0.32136118 -0.594269  ]
2025-05-25 14:24:31,274 INFO =====> Grad: [ 113.34183 -822.0189   319.26068 -828.6543  -420.37344]
2025-05-25 14:24:31,274 INFO =====> Num. aborted data so far: 0
2025-05-25 14:24:31,274 INFO ===========> Epoch: 17 optimisation losses
2025-05-25 14:24:31,274 INFO =====> EMD Loss: 20.086187
2025-05-25 14:24:31,275 INFO =====> Height map loss: 5.138254
2025-05-25 14:24:40,322 INFO ==> EMD Loss: 20.075457
2025-05-25 14:24:40,322 INFO ==> Height map loss:  5.127542
2025-05-25 14:24:49,172 INFO ==> EMD Loss: 20.124775
2025-05-25 14:24:49,172 INFO ==> Height map loss:  5.162602
2025-05-25 14:24:58,262 INFO ==> EMD Loss: 20.237312
2025-05-25 14:24:58,262 INFO ==> Height map loss:  5.325013
2025-05-25 14:25:07,247 INFO ==> EMD Loss: 20.536106
2025-05-25 14:25:07,247 INFO ==> Height map loss:  5.487431
2025-05-25 14:25:16,211 INFO ==> EMD Loss: 20.597424
2025-05-25 14:25:16,211 INFO ==> Height map loss:  5.602732
2025-05-25 14:25:35,622 INFO =====> Skill params: [-0.27983567  0.18733902  0.6491152  -0.3166708  -0.5917835 ]
2025-05-25 14:25:35,622 INFO =====> Grad: [ 244.66026  -502.62045   324.6885     38.203312 -101.13673 ]
2025-05-25 14:25:35,622 INFO =====> Num. aborted data so far: 0
2025-05-25 14:25:35,623 INFO ===========> Epoch: 18 optimisation losses
2025-05-25 14:25:35,623 INFO =====> EMD Loss: 20.103395
2025-05-25 14:25:35,623 INFO =====> Height map loss: 5.132203
2025-05-25 14:25:44,577 INFO ==> EMD Loss: 20.163704
2025-05-25 14:25:44,577 INFO ==> Height map loss:  5.136786
2025-05-25 14:25:53,732 INFO ==> EMD Loss: 20.158018
2025-05-25 14:25:53,732 INFO ==> Height map loss:  5.155163
2025-05-25 14:26:02,561 INFO ==> EMD Loss: 20.107748
2025-05-25 14:26:02,561 INFO ==> Height map loss:  5.132747
2025-05-25 14:26:11,682 INFO ==> EMD Loss: 20.364344
2025-05-25 14:26:11,682 INFO ==> Height map loss:  5.309146
2025-05-25 14:26:20,578 INFO ==> EMD Loss: 20.323490
2025-05-25 14:26:20,578 INFO ==> Height map loss:  5.365439
2025-05-25 14:26:40,235 INFO =====> Skill params: [-0.28470078  0.20888415  0.6096853  -0.31894952 -0.5854943 ]
2025-05-25 14:26:40,235 INFO =====> Grad: [1630.5867  -497.43008  294.99127  608.5636   580.0947 ]
2025-05-25 14:26:40,235 INFO =====> Num. aborted data so far: 0
2025-05-25 14:26:40,236 INFO ===========> Epoch: 19 optimisation losses
2025-05-25 14:26:40,236 INFO =====> EMD Loss: 20.085081
2025-05-25 14:26:40,236 INFO =====> Height map loss: 5.147103
2025-05-25 14:26:49,122 INFO ==> EMD Loss: 20.143131
2025-05-25 14:26:49,122 INFO ==> Height map loss:  5.236764
2025-05-25 14:26:58,169 INFO ==> EMD Loss: 20.266636
2025-05-25 14:26:58,170 INFO ==> Height map loss:  5.277247
2025-05-25 14:27:06,961 INFO ==> EMD Loss: 20.230146
2025-05-25 14:27:06,961 INFO ==> Height map loss:  5.359103
2025-05-25 14:27:16,119 INFO ==> EMD Loss: 20.537308
2025-05-25 14:27:16,119 INFO ==> Height map loss:  5.535677
2025-05-25 14:27:25,083 INFO ==> EMD Loss: 20.627041
2025-05-25 14:27:25,083 INFO ==> Height map loss:  5.712132
2025-05-25 14:27:34,220 INFO ===========> Finished training.
2025-05-25 14:27:34,220 INFO ====> Final EMD Loss: 20.143183
2025-05-25 14:27:34,220 INFO ====> Final Height map loss: 5.236874
2025-05-25 14:27:34,220 INFO ====> Final skill params: [-0.2879163   0.21107121  0.6061769  -0.32249802 -0.5890238 ]
