2024-12-06 18:31:09,777 DEBUG loaded <trimesh.Trimesh(vertices.shape=(916, 3), faces.shape=(856, 3))> using `load_obj` in 0.0027s
2024-12-06 18:31:09,923 DEBUG loaded <trimesh.Trimesh(vertices.shape=(48, 3), faces.shape=(28, 3))> using `load_obj` in 0.0007s
2024-12-06 18:31:30,682 INFO =====> Skill params: [ 1.    0.45  0.8   0.   -0.1 ]
2024-12-06 18:31:30,682 INFO =====> Grad: [-2.4347346e+03  6.5041077e+02  1.4090820e-05 -2.3128572e+02
  2.8971519e-06]
2024-12-06 18:31:30,682 INFO =====> Num. aborted data so far: 0
2024-12-06 18:31:30,690 INFO ===========> Epoch: 0 optimisation losses
2024-12-06 18:31:30,691 INFO =====> EMD Loss: 23.789862
2024-12-06 18:31:30,691 INFO =====> Height map loss: 11.019158
2024-12-06 18:31:30,691 INFO =====> Insertion loss: 0.000000
2024-12-06 18:31:30,988 DEBUG loaded <trimesh.Trimesh(vertices.shape=(916, 3), faces.shape=(856, 3))> using `load_obj` in 0.0028s
2024-12-06 18:31:31,123 DEBUG loaded <trimesh.Trimesh(vertices.shape=(48, 3), faces.shape=(28, 3))> using `load_obj` in 0.0007s
2024-12-06 18:31:38,725 INFO ==> EMD Loss: 24.265135
2024-12-06 18:31:38,725 INFO ==> Height map loss:  11.348186
2024-12-06 18:31:38,725 INFO ==> Insertion loss: 0.000000
2024-12-06 18:31:39,275 DEBUG loaded <trimesh.Trimesh(vertices.shape=(916, 3), faces.shape=(856, 3))> using `load_obj` in 0.0028s
2024-12-06 18:31:39,410 DEBUG loaded <trimesh.Trimesh(vertices.shape=(48, 3), faces.shape=(28, 3))> using `load_obj` in 0.0006s
2024-12-06 18:31:46,817 INFO ==> EMD Loss: 24.502411
2024-12-06 18:31:46,817 INFO ==> Height map loss:  12.426178
2024-12-06 18:31:46,817 INFO ==> Insertion loss: 0.000000
2024-12-06 18:31:47,347 DEBUG loaded <trimesh.Trimesh(vertices.shape=(916, 3), faces.shape=(856, 3))> using `load_obj` in 0.0028s
2024-12-06 18:31:47,483 DEBUG loaded <trimesh.Trimesh(vertices.shape=(48, 3), faces.shape=(28, 3))> using `load_obj` in 0.0006s
2024-12-06 18:31:54,990 INFO ==> EMD Loss: 25.730316
2024-12-06 18:31:54,990 INFO ==> Height map loss:  13.358455
2024-12-06 18:31:54,990 INFO ==> Insertion loss: 0.000000
2024-12-06 18:31:55,513 DEBUG loaded <trimesh.Trimesh(vertices.shape=(916, 3), faces.shape=(856, 3))> using `load_obj` in 0.0028s
2024-12-06 18:31:55,648 DEBUG loaded <trimesh.Trimesh(vertices.shape=(48, 3), faces.shape=(28, 3))> using `load_obj` in 0.0006s
2024-12-06 18:32:03,094 INFO ==> EMD Loss: 26.809341
2024-12-06 18:32:03,094 INFO ==> Height map loss:  14.777958
2024-12-06 18:32:03,094 INFO ==> Insertion loss: 0.000000
2024-12-06 18:32:03,619 DEBUG loaded <trimesh.Trimesh(vertices.shape=(916, 3), faces.shape=(856, 3))> using `load_obj` in 0.0027s
2024-12-06 18:32:03,755 DEBUG loaded <trimesh.Trimesh(vertices.shape=(48, 3), faces.shape=(28, 3))> using `load_obj` in 0.0007s
2024-12-06 18:32:11,213 INFO ==> EMD Loss: 28.758015
2024-12-06 18:32:11,213 INFO ==> Height map loss:  16.551317
2024-12-06 18:32:11,214 INFO ==> Insertion loss: 0.000000
2024-12-06 18:32:11,746 DEBUG loaded <trimesh.Trimesh(vertices.shape=(916, 3), faces.shape=(856, 3))> using `load_obj` in 0.0028s
2024-12-06 18:32:11,881 DEBUG loaded <trimesh.Trimesh(vertices.shape=(48, 3), faces.shape=(28, 3))> using `load_obj` in 0.0007s
2024-12-06 18:32:32,895 INFO =====> Skill params: [ 1.          0.44051316  0.79955494  0.00948683 -0.10009161]
2024-12-06 18:32:32,895 INFO =====> Grad: [-2.3834055e+03  1.1664928e+03  7.9386964e-06 -3.6853824e+02
  6.0425886e-05]
2024-12-06 18:32:32,895 INFO =====> Num. aborted data so far: 0
2024-12-06 18:32:32,903 INFO ===========> Epoch: 1 optimisation losses
2024-12-06 18:32:32,903 INFO =====> EMD Loss: 24.275179
2024-12-06 18:32:32,903 INFO =====> Height map loss: 11.346931
2024-12-06 18:32:32,904 INFO =====> Insertion loss: 0.000000
2024-12-06 18:32:33,467 DEBUG loaded <trimesh.Trimesh(vertices.shape=(916, 3), faces.shape=(856, 3))> using `load_obj` in 0.0029s
2024-12-06 18:32:33,602 DEBUG loaded <trimesh.Trimesh(vertices.shape=(48, 3), faces.shape=(28, 3))> using `load_obj` in 0.0006s
2024-12-06 18:32:41,135 INFO ==> EMD Loss: 24.530180
2024-12-06 18:32:41,135 INFO ==> Height map loss:  11.578034
2024-12-06 18:32:41,135 INFO ==> Insertion loss: 0.000000
2024-12-06 18:32:41,682 DEBUG loaded <trimesh.Trimesh(vertices.shape=(916, 3), faces.shape=(856, 3))> using `load_obj` in 0.0028s
2024-12-06 18:32:41,819 DEBUG loaded <trimesh.Trimesh(vertices.shape=(48, 3), faces.shape=(28, 3))> using `load_obj` in 0.0007s
2024-12-06 18:32:49,402 INFO ==> EMD Loss: 24.513271
2024-12-06 18:32:49,402 INFO ==> Height map loss:  12.495709
2024-12-06 18:32:49,402 INFO ==> Insertion loss: 0.000000
2024-12-06 18:32:49,942 DEBUG loaded <trimesh.Trimesh(vertices.shape=(916, 3), faces.shape=(856, 3))> using `load_obj` in 0.0028s
2024-12-06 18:32:50,079 DEBUG loaded <trimesh.Trimesh(vertices.shape=(48, 3), faces.shape=(28, 3))> using `load_obj` in 0.0007s
2024-12-06 18:32:57,598 INFO ==> EMD Loss: 25.693739
2024-12-06 18:32:57,598 INFO ==> Height map loss:  13.336548
2024-12-06 18:32:57,598 INFO ==> Insertion loss: 0.000000
2024-12-06 18:32:58,140 DEBUG loaded <trimesh.Trimesh(vertices.shape=(916, 3), faces.shape=(856, 3))> using `load_obj` in 0.0029s
2024-12-06 18:32:58,277 DEBUG loaded <trimesh.Trimesh(vertices.shape=(48, 3), faces.shape=(28, 3))> using `load_obj` in 0.0007s
2024-12-06 18:33:05,682 INFO ==> EMD Loss: 26.835629
2024-12-06 18:33:05,682 INFO ==> Height map loss:  13.985885
2024-12-06 18:33:05,682 INFO ==> Insertion loss: 0.000000
2024-12-06 18:33:06,226 DEBUG loaded <trimesh.Trimesh(vertices.shape=(916, 3), faces.shape=(856, 3))> using `load_obj` in 0.0028s
2024-12-06 18:33:06,363 DEBUG loaded <trimesh.Trimesh(vertices.shape=(48, 3), faces.shape=(28, 3))> using `load_obj` in 0.0007s
2024-12-06 18:33:13,873 INFO ==> EMD Loss: 27.930611
2024-12-06 18:33:13,873 INFO ==> Height map loss:  15.564031
2024-12-06 18:33:13,873 INFO ==> Insertion loss: 0.000000
2024-12-06 18:33:14,426 DEBUG loaded <trimesh.Trimesh(vertices.shape=(916, 3), faces.shape=(856, 3))> using `load_obj` in 0.0029s
2024-12-06 18:33:14,564 DEBUG loaded <trimesh.Trimesh(vertices.shape=(48, 3), faces.shape=(28, 3))> using `load_obj` in 0.0007s
2024-12-06 18:33:35,930 INFO =====> Skill params: [ 1.          0.43212727  0.7992907   0.01763833 -0.10206158]
2024-12-06 18:33:35,930 INFO =====> Grad: [-2.3380337e+03  4.7204507e+02 -3.0939855e-06 -1.3649415e+03
  2.9314979e-05]
2024-12-06 18:33:35,930 INFO =====> Num. aborted data so far: 0
2024-12-06 18:33:35,939 INFO ===========> Epoch: 2 optimisation losses
2024-12-06 18:33:35,939 INFO =====> EMD Loss: 24.531216
2024-12-06 18:33:35,939 INFO =====> Height map loss: 11.578125
2024-12-06 18:33:35,940 INFO =====> Insertion loss: 0.000000
2024-12-06 18:33:36,513 DEBUG loaded <trimesh.Trimesh(vertices.shape=(916, 3), faces.shape=(856, 3))> using `load_obj` in 0.0029s
2024-12-06 18:33:36,649 DEBUG loaded <trimesh.Trimesh(vertices.shape=(48, 3), faces.shape=(28, 3))> using `load_obj` in 0.0007s
2024-12-06 18:33:44,278 INFO ==> EMD Loss: 24.676479
2024-12-06 18:33:44,278 INFO ==> Height map loss:  11.741437
2024-12-06 18:33:44,278 INFO ==> Insertion loss: 0.000000
2024-12-06 18:33:44,823 DEBUG loaded <trimesh.Trimesh(vertices.shape=(916, 3), faces.shape=(856, 3))> using `load_obj` in 0.0028s
2024-12-06 18:33:44,960 DEBUG loaded <trimesh.Trimesh(vertices.shape=(48, 3), faces.shape=(28, 3))> using `load_obj` in 0.0007s
2024-12-06 18:33:52,509 INFO ==> EMD Loss: 24.719130
2024-12-06 18:33:52,509 INFO ==> Height map loss:  12.149525
2024-12-06 18:33:52,509 INFO ==> Insertion loss: 0.000000
2024-12-06 18:33:53,061 DEBUG loaded <trimesh.Trimesh(vertices.shape=(916, 3), faces.shape=(856, 3))> using `load_obj` in 0.0027s
2024-12-06 18:33:53,198 DEBUG loaded <trimesh.Trimesh(vertices.shape=(48, 3), faces.shape=(28, 3))> using `load_obj` in 0.0007s
2024-12-06 18:34:00,816 INFO ==> EMD Loss: 25.146620
2024-12-06 18:34:00,816 INFO ==> Height map loss:  12.899700
2024-12-06 18:34:00,816 INFO ==> Insertion loss: 0.000000
2024-12-06 18:34:01,369 DEBUG loaded <trimesh.Trimesh(vertices.shape=(916, 3), faces.shape=(856, 3))> using `load_obj` in 0.0028s
2024-12-06 18:34:01,505 DEBUG loaded <trimesh.Trimesh(vertices.shape=(48, 3), faces.shape=(28, 3))> using `load_obj` in 0.0006s
2024-12-06 18:34:09,046 INFO ==> EMD Loss: 25.587574
2024-12-06 18:34:09,046 INFO ==> Height map loss:  13.268315
2024-12-06 18:34:09,046 INFO ==> Insertion loss: 0.000000
2024-12-06 18:34:09,609 DEBUG loaded <trimesh.Trimesh(vertices.shape=(916, 3), faces.shape=(856, 3))> using `load_obj` in 0.0029s
2024-12-06 18:34:09,747 DEBUG loaded <trimesh.Trimesh(vertices.shape=(48, 3), faces.shape=(28, 3))> using `load_obj` in 0.0007s
2024-12-06 18:34:17,202 INFO ==> EMD Loss: 26.925383
2024-12-06 18:34:17,202 INFO ==> Height map loss:  13.867798
2024-12-06 18:34:17,202 INFO ==> Insertion loss: 0.000000
2024-12-06 18:34:17,756 DEBUG loaded <trimesh.Trimesh(vertices.shape=(916, 3), faces.shape=(856, 3))> using `load_obj` in 0.0028s
2024-12-06 18:34:17,896 DEBUG loaded <trimesh.Trimesh(vertices.shape=(48, 3), faces.shape=(28, 3))> using `load_obj` in 0.0007s
2024-12-06 18:34:39,318 INFO =====> Skill params: [ 1.          0.4287802   0.79939926  0.02672978 -0.10306335]
2024-12-06 18:34:39,318 INFO =====> Grad: [-2.3199243e+03  8.1823450e+02 -1.3344853e-05 -6.6132941e+02
 -2.6782573e-05]
2024-12-06 18:34:39,318 INFO =====> Num. aborted data so far: 0
2024-12-06 18:34:39,326 INFO ===========> Epoch: 3 optimisation losses
2024-12-06 18:34:39,326 INFO =====> EMD Loss: 24.675425
2024-12-06 18:34:39,326 INFO =====> Height map loss: 11.741673
2024-12-06 18:34:39,326 INFO =====> Insertion loss: 0.000000
2024-12-06 18:34:39,913 DEBUG loaded <trimesh.Trimesh(vertices.shape=(916, 3), faces.shape=(856, 3))> using `load_obj` in 0.0029s
2024-12-06 18:34:40,052 DEBUG loaded <trimesh.Trimesh(vertices.shape=(48, 3), faces.shape=(28, 3))> using `load_obj` in 0.0007s
2024-12-06 18:34:47,737 INFO ==> EMD Loss: 24.779091
2024-12-06 18:34:47,737 INFO ==> Height map loss:  11.905300
2024-12-06 18:34:47,737 INFO ==> Insertion loss: 0.000000
2024-12-06 18:34:48,295 DEBUG loaded <trimesh.Trimesh(vertices.shape=(916, 3), faces.shape=(856, 3))> using `load_obj` in 0.0028s
2024-12-06 18:34:48,435 DEBUG loaded <trimesh.Trimesh(vertices.shape=(48, 3), faces.shape=(28, 3))> using `load_obj` in 0.0007s
2024-12-06 18:34:55,981 INFO ==> EMD Loss: 24.829210
2024-12-06 18:34:55,981 INFO ==> Height map loss:  12.687663
2024-12-06 18:34:55,981 INFO ==> Insertion loss: 0.000000
2024-12-06 18:34:56,580 DEBUG loaded <trimesh.Trimesh(vertices.shape=(916, 3), faces.shape=(856, 3))> using `load_obj` in 0.0028s
2024-12-06 18:34:56,719 DEBUG loaded <trimesh.Trimesh(vertices.shape=(48, 3), faces.shape=(28, 3))> using `load_obj` in 0.0006s
2024-12-06 18:35:04,312 INFO ==> EMD Loss: 25.333790
2024-12-06 18:35:04,313 INFO ==> Height map loss:  13.175929
2024-12-06 18:35:04,313 INFO ==> Insertion loss: 0.000000
2024-12-06 18:35:04,871 DEBUG loaded <trimesh.Trimesh(vertices.shape=(916, 3), faces.shape=(856, 3))> using `load_obj` in 0.0028s
2024-12-06 18:35:05,011 DEBUG loaded <trimesh.Trimesh(vertices.shape=(48, 3), faces.shape=(28, 3))> using `load_obj` in 0.0007s
2024-12-06 18:35:12,614 INFO ==> EMD Loss: 27.063881
2024-12-06 18:35:12,614 INFO ==> Height map loss:  13.675265
2024-12-06 18:35:12,614 INFO ==> Insertion loss: 0.000000
2024-12-06 18:35:13,178 DEBUG loaded <trimesh.Trimesh(vertices.shape=(916, 3), faces.shape=(856, 3))> using `load_obj` in 0.0028s
2024-12-06 18:35:13,320 DEBUG loaded <trimesh.Trimesh(vertices.shape=(48, 3), faces.shape=(28, 3))> using `load_obj` in 0.0007s
2024-12-06 18:35:20,811 INFO ==> EMD Loss: 26.925312
2024-12-06 18:35:20,811 INFO ==> Height map loss:  14.023918
2024-12-06 18:35:20,811 INFO ==> Insertion loss: 0.000000
2024-12-06 18:35:21,369 DEBUG loaded <trimesh.Trimesh(vertices.shape=(916, 3), faces.shape=(856, 3))> using `load_obj` in 0.0028s
2024-12-06 18:35:21,511 DEBUG loaded <trimesh.Trimesh(vertices.shape=(48, 3), faces.shape=(28, 3))> using `load_obj` in 0.0007s
2024-12-06 18:35:42,850 INFO =====> Skill params: [ 1.          0.42364007  0.799892    0.03090025 -0.10210357]
2024-12-06 18:35:42,850 INFO =====> Grad: [-2.8224493e+02 -2.0426370e+02  4.2182783e-06  2.0607721e+02
  5.4582477e-05]
2024-12-06 18:35:42,850 INFO =====> Num. aborted data so far: 0
2024-12-06 18:35:42,858 INFO ===========> Epoch: 4 optimisation losses
2024-12-06 18:35:42,858 INFO =====> EMD Loss: 24.781204
2024-12-06 18:35:42,858 INFO =====> Height map loss: 11.906067
2024-12-06 18:35:42,858 INFO =====> Insertion loss: 0.000000
2024-12-06 18:35:43,451 DEBUG loaded <trimesh.Trimesh(vertices.shape=(916, 3), faces.shape=(856, 3))> using `load_obj` in 0.0029s
2024-12-06 18:35:43,594 DEBUG loaded <trimesh.Trimesh(vertices.shape=(48, 3), faces.shape=(28, 3))> using `load_obj` in 0.0007s
2024-12-06 18:35:51,254 INFO ==> EMD Loss: 24.739487
2024-12-06 18:35:51,254 INFO ==> Height map loss:  11.864450
2024-12-06 18:35:51,254 INFO ==> Insertion loss: 0.000000
2024-12-06 18:35:51,815 DEBUG loaded <trimesh.Trimesh(vertices.shape=(916, 3), faces.shape=(856, 3))> using `load_obj` in 0.0029s
2024-12-06 18:35:51,956 DEBUG loaded <trimesh.Trimesh(vertices.shape=(48, 3), faces.shape=(28, 3))> using `load_obj` in 0.0007s
2024-12-06 18:35:59,519 INFO ==> EMD Loss: 24.649752
2024-12-06 18:35:59,519 INFO ==> Height map loss:  11.670447
2024-12-06 18:35:59,520 INFO ==> Insertion loss: 0.000000
2024-12-06 18:36:00,084 DEBUG loaded <trimesh.Trimesh(vertices.shape=(916, 3), faces.shape=(856, 3))> using `load_obj` in 0.0028s
2024-12-06 18:36:00,225 DEBUG loaded <trimesh.Trimesh(vertices.shape=(48, 3), faces.shape=(28, 3))> using `load_obj` in 0.0007s
2024-12-06 18:36:07,902 INFO ==> EMD Loss: 23.971901
2024-12-06 18:36:07,902 INFO ==> Height map loss:  11.524312
2024-12-06 18:36:07,902 INFO ==> Insertion loss: 0.000000
2024-12-06 18:36:08,463 DEBUG loaded <trimesh.Trimesh(vertices.shape=(916, 3), faces.shape=(856, 3))> using `load_obj` in 0.0029s
2024-12-06 18:36:08,602 DEBUG loaded <trimesh.Trimesh(vertices.shape=(48, 3), faces.shape=(28, 3))> using `load_obj` in 0.0007s
2024-12-06 18:36:16,194 INFO ==> EMD Loss: 23.932678
2024-12-06 18:36:16,194 INFO ==> Height map loss:  11.387868
2024-12-06 18:36:16,194 INFO ==> Insertion loss: 0.000000
2024-12-06 18:36:16,767 DEBUG loaded <trimesh.Trimesh(vertices.shape=(916, 3), faces.shape=(856, 3))> using `load_obj` in 0.0028s
2024-12-06 18:36:16,908 DEBUG loaded <trimesh.Trimesh(vertices.shape=(48, 3), faces.shape=(28, 3))> using `load_obj` in 0.0007s
2024-12-06 18:36:24,639 INFO ==> EMD Loss: 23.745409
2024-12-06 18:36:24,639 INFO ==> Height map loss:  11.121237
2024-12-06 18:36:24,640 INFO ==> Insertion loss: 0.000000
2024-12-06 18:36:24,959 DEBUG loaded <trimesh.Trimesh(vertices.shape=(916, 3), faces.shape=(856, 3))> using `load_obj` in 0.0028s
2024-12-06 18:36:25,100 DEBUG loaded <trimesh.Trimesh(vertices.shape=(48, 3), faces.shape=(28, 3))> using `load_obj` in 0.0007s
2024-12-06 18:36:46,264 INFO =====> Skill params: [ 1.          0.45042098  0.7966088   0.00378432 -0.14239909]
2024-12-06 18:36:46,265 INFO =====> Grad: [ 2.4324556e+03 -5.6140906e+02 -3.2023381e-05  1.2926975e+03
 -2.3924222e-05]
2024-12-06 18:36:46,265 INFO =====> Num. aborted data so far: 0
2024-12-06 18:36:46,272 INFO ===========> Epoch: 5 optimisation losses
2024-12-06 18:36:46,272 INFO =====> EMD Loss: 23.719706
2024-12-06 18:36:46,272 INFO =====> Height map loss: 11.143878
2024-12-06 18:36:46,272 INFO =====> Insertion loss: 0.000000
2024-12-06 18:36:46,868 DEBUG loaded <trimesh.Trimesh(vertices.shape=(916, 3), faces.shape=(856, 3))> using `load_obj` in 0.0029s
2024-12-06 18:36:47,010 DEBUG loaded <trimesh.Trimesh(vertices.shape=(48, 3), faces.shape=(28, 3))> using `load_obj` in 0.0007s
2024-12-06 18:36:54,592 INFO ==> EMD Loss: 23.704510
2024-12-06 18:36:54,592 INFO ==> Height map loss:  11.033264
2024-12-06 18:36:54,592 INFO ==> Insertion loss: 0.000000
2024-12-06 18:36:55,163 DEBUG loaded <trimesh.Trimesh(vertices.shape=(916, 3), faces.shape=(856, 3))> using `load_obj` in 0.0029s
2024-12-06 18:36:55,303 DEBUG loaded <trimesh.Trimesh(vertices.shape=(48, 3), faces.shape=(28, 3))> using `load_obj` in 0.0007s
2024-12-06 18:37:03,148 INFO ==> EMD Loss: 23.547033
2024-12-06 18:37:03,148 INFO ==> Height map loss:  10.923394
2024-12-06 18:37:03,148 INFO ==> Insertion loss: 0.000000
2024-12-06 18:37:03,713 DEBUG loaded <trimesh.Trimesh(vertices.shape=(916, 3), faces.shape=(856, 3))> using `load_obj` in 0.0028s
2024-12-06 18:37:03,858 DEBUG loaded <trimesh.Trimesh(vertices.shape=(48, 3), faces.shape=(28, 3))> using `load_obj` in 0.0006s
2024-12-06 18:37:11,747 INFO ==> EMD Loss: 22.476898
2024-12-06 18:37:11,747 INFO ==> Height map loss:  10.221004
2024-12-06 18:37:11,747 INFO ==> Insertion loss: 0.000000
2024-12-06 18:37:12,317 DEBUG loaded <trimesh.Trimesh(vertices.shape=(916, 3), faces.shape=(856, 3))> using `load_obj` in 0.0029s
2024-12-06 18:37:12,458 DEBUG loaded <trimesh.Trimesh(vertices.shape=(48, 3), faces.shape=(28, 3))> using `load_obj` in 0.0007s
2024-12-06 18:37:20,356 INFO ==> EMD Loss: 22.164165
2024-12-06 18:37:20,356 INFO ==> Height map loss:  9.459166
2024-12-06 18:37:20,356 INFO ==> Insertion loss: 0.000000
2024-12-06 18:37:20,922 DEBUG loaded <trimesh.Trimesh(vertices.shape=(916, 3), faces.shape=(856, 3))> using `load_obj` in 0.0029s
2024-12-06 18:37:21,062 DEBUG loaded <trimesh.Trimesh(vertices.shape=(48, 3), faces.shape=(28, 3))> using `load_obj` in 0.0007s
2024-12-06 18:37:29,107 INFO ==> EMD Loss: 20.876646
2024-12-06 18:37:29,107 INFO ==> Height map loss:  8.596512
2024-12-06 18:37:29,107 INFO ==> Insertion loss: 0.000000
2024-12-06 18:37:29,679 DEBUG loaded <trimesh.Trimesh(vertices.shape=(916, 3), faces.shape=(856, 3))> using `load_obj` in 0.0029s
2024-12-06 18:37:29,820 DEBUG loaded <trimesh.Trimesh(vertices.shape=(48, 3), faces.shape=(28, 3))> using `load_obj` in 0.0007s
2024-12-06 18:37:52,443 INFO =====> Skill params: [ 0.90060437  0.52223617  0.82263315 -0.1265318  -0.12387076]
2024-12-06 18:37:52,443 INFO =====> Grad: [-2.5752920e+03  1.9826147e+03 -1.0108397e-05 -9.3505023e+02
 -2.5063986e-05]
2024-12-06 18:37:52,443 INFO =====> Num. aborted data so far: 0
2024-12-06 18:37:52,452 INFO ===========> Epoch: 6 optimisation losses
2024-12-06 18:37:52,452 INFO =====> EMD Loss: 20.886547
2024-12-06 18:37:52,452 INFO =====> Height map loss: 8.599058
2024-12-06 18:37:52,452 INFO =====> Insertion loss: 0.000000
2024-12-06 18:37:53,046 DEBUG loaded <trimesh.Trimesh(vertices.shape=(916, 3), faces.shape=(856, 3))> using `load_obj` in 0.0029s
2024-12-06 18:37:53,186 DEBUG loaded <trimesh.Trimesh(vertices.shape=(48, 3), faces.shape=(28, 3))> using `load_obj` in 0.0007s
2024-12-06 18:38:01,175 INFO ==> EMD Loss: 21.439238
2024-12-06 18:38:01,175 INFO ==> Height map loss:  9.070176
2024-12-06 18:38:01,175 INFO ==> Insertion loss: 0.000000
2024-12-06 18:38:01,790 DEBUG loaded <trimesh.Trimesh(vertices.shape=(916, 3), faces.shape=(856, 3))> using `load_obj` in 0.0029s
2024-12-06 18:38:01,931 DEBUG loaded <trimesh.Trimesh(vertices.shape=(48, 3), faces.shape=(28, 3))> using `load_obj` in 0.0007s
2024-12-06 18:38:09,816 INFO ==> EMD Loss: 22.346191
2024-12-06 18:38:09,816 INFO ==> Height map loss:  9.971299
2024-12-06 18:38:09,816 INFO ==> Insertion loss: 0.000000
2024-12-06 18:38:10,422 DEBUG loaded <trimesh.Trimesh(vertices.shape=(916, 3), faces.shape=(856, 3))> using `load_obj` in 0.0029s
2024-12-06 18:38:10,563 DEBUG loaded <trimesh.Trimesh(vertices.shape=(48, 3), faces.shape=(28, 3))> using `load_obj` in 0.0007s
2024-12-06 18:38:18,286 INFO ==> EMD Loss: 23.359234
2024-12-06 18:38:18,286 INFO ==> Height map loss:  10.980946
2024-12-06 18:38:18,286 INFO ==> Insertion loss: 0.000000
2024-12-06 18:38:18,861 DEBUG loaded <trimesh.Trimesh(vertices.shape=(916, 3), faces.shape=(856, 3))> using `load_obj` in 0.0028s
2024-12-06 18:38:19,006 DEBUG loaded <trimesh.Trimesh(vertices.shape=(48, 3), faces.shape=(28, 3))> using `load_obj` in 0.0007s
2024-12-06 18:38:26,647 INFO ==> EMD Loss: 24.498985
2024-12-06 18:38:26,647 INFO ==> Height map loss:  12.250056
2024-12-06 18:38:26,647 INFO ==> Insertion loss: 0.000000
2024-12-06 18:38:27,228 DEBUG loaded <trimesh.Trimesh(vertices.shape=(916, 3), faces.shape=(856, 3))> using `load_obj` in 0.0028s
2024-12-06 18:38:27,371 DEBUG loaded <trimesh.Trimesh(vertices.shape=(48, 3), faces.shape=(28, 3))> using `load_obj` in 0.0007s
2024-12-06 18:38:34,884 INFO ==> EMD Loss: 25.013008
2024-12-06 18:38:34,884 INFO ==> Height map loss:  13.212959
2024-12-06 18:38:34,884 INFO ==> Insertion loss: 0.000000
2024-12-06 18:38:35,464 DEBUG loaded <trimesh.Trimesh(vertices.shape=(916, 3), faces.shape=(856, 3))> using `load_obj` in 0.0029s
2024-12-06 18:38:35,605 DEBUG loaded <trimesh.Trimesh(vertices.shape=(48, 3), faces.shape=(28, 3))> using `load_obj` in 0.0007s
2024-12-06 18:38:58,256 INFO =====> Skill params: [ 0.9053924   0.5144998   0.82306564 -0.12213071 -0.12285361]
2024-12-06 18:38:58,257 INFO =====> Grad: [ 2.5316965e+03 -1.2599839e+03 -4.8715865e-06  8.8884743e+01
 -8.5421831e-05]
2024-12-06 18:38:58,257 INFO =====> Num. aborted data so far: 0
2024-12-06 18:38:58,265 INFO ===========> Epoch: 7 optimisation losses
2024-12-06 18:38:58,265 INFO =====> EMD Loss: 21.235767
2024-12-06 18:38:58,265 INFO =====> Height map loss: 9.040854
2024-12-06 18:38:58,265 INFO =====> Insertion loss: 0.000000
2024-12-06 18:38:58,904 DEBUG loaded <trimesh.Trimesh(vertices.shape=(916, 3), faces.shape=(856, 3))> using `load_obj` in 0.0030s
2024-12-06 18:38:59,046 DEBUG loaded <trimesh.Trimesh(vertices.shape=(48, 3), faces.shape=(28, 3))> using `load_obj` in 0.0007s
2024-12-06 18:39:06,990 INFO ==> EMD Loss: 21.128107
2024-12-06 18:39:06,990 INFO ==> Height map loss:  8.685646
2024-12-06 18:39:06,990 INFO ==> Insertion loss: 0.000000
2024-12-06 18:39:07,650 DEBUG loaded <trimesh.Trimesh(vertices.shape=(916, 3), faces.shape=(856, 3))> using `load_obj` in 0.0028s
2024-12-06 18:39:07,793 DEBUG loaded <trimesh.Trimesh(vertices.shape=(48, 3), faces.shape=(28, 3))> using `load_obj` in 0.0007s
2024-12-06 18:39:15,973 INFO ==> EMD Loss: 20.641630
2024-12-06 18:39:15,973 INFO ==> Height map loss:  8.019482
2024-12-06 18:39:15,973 INFO ==> Insertion loss: 0.000000
2024-12-06 18:39:16,553 DEBUG loaded <trimesh.Trimesh(vertices.shape=(916, 3), faces.shape=(856, 3))> using `load_obj` in 0.0029s
2024-12-06 18:39:16,698 DEBUG loaded <trimesh.Trimesh(vertices.shape=(48, 3), faces.shape=(28, 3))> using `load_obj` in 0.0007s
2024-12-06 18:39:24,850 INFO ==> EMD Loss: 20.323776
2024-12-06 18:39:24,850 INFO ==> Height map loss:  7.352205
2024-12-06 18:39:24,850 INFO ==> Insertion loss: 0.000000
2024-12-06 18:39:25,466 DEBUG loaded <trimesh.Trimesh(vertices.shape=(916, 3), faces.shape=(856, 3))> using `load_obj` in 0.0028s
2024-12-06 18:39:25,607 DEBUG loaded <trimesh.Trimesh(vertices.shape=(48, 3), faces.shape=(28, 3))> using `load_obj` in 0.0007s
2024-12-06 18:39:33,984 INFO ==> EMD Loss: 20.117624
2024-12-06 18:39:33,984 INFO ==> Height map loss:  6.656229
2024-12-06 18:39:33,985 INFO ==> Insertion loss: 0.000000
2024-12-06 18:39:34,566 DEBUG loaded <trimesh.Trimesh(vertices.shape=(916, 3), faces.shape=(856, 3))> using `load_obj` in 0.0029s
2024-12-06 18:39:34,708 DEBUG loaded <trimesh.Trimesh(vertices.shape=(48, 3), faces.shape=(28, 3))> using `load_obj` in 0.0007s
2024-12-06 18:39:43,212 INFO ==> EMD Loss: 20.026472
2024-12-06 18:39:43,212 INFO ==> Height map loss:  6.278198
2024-12-06 18:39:43,212 INFO ==> Insertion loss: 0.000000
2024-12-06 18:39:43,788 DEBUG loaded <trimesh.Trimesh(vertices.shape=(916, 3), faces.shape=(856, 3))> using `load_obj` in 0.0028s
2024-12-06 18:39:43,928 DEBUG loaded <trimesh.Trimesh(vertices.shape=(48, 3), faces.shape=(28, 3))> using `load_obj` in 0.0007s
2024-12-06 18:40:08,165 INFO =====> Skill params: [ 0.81746054  0.60546243  0.8274587  -0.13094103 -0.05465666]
2024-12-06 18:40:08,165 INFO =====> Grad: [-2.6324812e+03  1.6512546e+03  4.5769893e-06 -2.0240129e+01
  6.6735711e-06]
2024-12-06 18:40:08,166 INFO =====> Num. aborted data so far: 0
2024-12-06 18:40:08,174 INFO ===========> Epoch: 8 optimisation losses
2024-12-06 18:40:08,175 INFO =====> EMD Loss: 20.016104
2024-12-06 18:40:08,175 INFO =====> Height map loss: 6.281732
2024-12-06 18:40:08,175 INFO =====> Insertion loss: 0.000000
2024-12-06 18:40:08,773 DEBUG loaded <trimesh.Trimesh(vertices.shape=(916, 3), faces.shape=(856, 3))> using `load_obj` in 0.0029s
2024-12-06 18:40:08,916 DEBUG loaded <trimesh.Trimesh(vertices.shape=(48, 3), faces.shape=(28, 3))> using `load_obj` in 0.0007s
2024-12-06 18:40:17,435 INFO ==> EMD Loss: 20.022224
2024-12-06 18:40:17,436 INFO ==> Height map loss:  6.331833
2024-12-06 18:40:17,436 INFO ==> Insertion loss: 0.000000
2024-12-06 18:40:18,012 DEBUG loaded <trimesh.Trimesh(vertices.shape=(916, 3), faces.shape=(856, 3))> using `load_obj` in 0.0029s
2024-12-06 18:40:18,155 DEBUG loaded <trimesh.Trimesh(vertices.shape=(48, 3), faces.shape=(28, 3))> using `load_obj` in 0.0007s
2024-12-06 18:40:26,485 INFO ==> EMD Loss: 20.107088
2024-12-06 18:40:26,485 INFO ==> Height map loss:  6.686086
2024-12-06 18:40:26,486 INFO ==> Insertion loss: 0.000000
2024-12-06 18:40:27,065 DEBUG loaded <trimesh.Trimesh(vertices.shape=(916, 3), faces.shape=(856, 3))> using `load_obj` in 0.0028s
2024-12-06 18:40:27,207 DEBUG loaded <trimesh.Trimesh(vertices.shape=(48, 3), faces.shape=(28, 3))> using `load_obj` in 0.0007s
2024-12-06 18:40:35,521 INFO ==> EMD Loss: 20.417061
2024-12-06 18:40:35,521 INFO ==> Height map loss:  7.298319
2024-12-06 18:40:35,521 INFO ==> Insertion loss: 0.000000
2024-12-06 18:40:36,161 DEBUG loaded <trimesh.Trimesh(vertices.shape=(916, 3), faces.shape=(856, 3))> using `load_obj` in 0.0028s
2024-12-06 18:40:36,302 DEBUG loaded <trimesh.Trimesh(vertices.shape=(48, 3), faces.shape=(28, 3))> using `load_obj` in 0.0007s
2024-12-06 18:40:44,353 INFO ==> EMD Loss: 20.586586
2024-12-06 18:40:44,353 INFO ==> Height map loss:  7.944875
2024-12-06 18:40:44,353 INFO ==> Insertion loss: 0.000000
2024-12-06 18:40:44,950 DEBUG loaded <trimesh.Trimesh(vertices.shape=(916, 3), faces.shape=(856, 3))> using `load_obj` in 0.0029s
2024-12-06 18:40:45,090 DEBUG loaded <trimesh.Trimesh(vertices.shape=(48, 3), faces.shape=(28, 3))> using `load_obj` in 0.0007s
2024-12-06 18:40:53,102 INFO ==> EMD Loss: 21.313707
2024-12-06 18:40:53,102 INFO ==> Height map loss:  9.023456
2024-12-06 18:40:53,102 INFO ==> Insertion loss: 0.000000
2024-12-06 18:40:53,687 DEBUG loaded <trimesh.Trimesh(vertices.shape=(916, 3), faces.shape=(856, 3))> using `load_obj` in 0.0029s
2024-12-06 18:40:53,829 DEBUG loaded <trimesh.Trimesh(vertices.shape=(48, 3), faces.shape=(28, 3))> using `load_obj` in 0.0007s
2024-12-06 18:41:18,124 INFO =====> Skill params: [ 0.82175696  0.60022414  0.8272412  -0.13083531 -0.05493734]
2024-12-06 18:41:18,124 INFO =====> Grad: [ 7.7177179e+02 -9.8272394e+02 -1.6708937e-05  2.1023407e+02
  4.8048519e-06]
2024-12-06 18:41:18,124 INFO =====> Num. aborted data so far: 0
2024-12-06 18:41:18,132 INFO ===========> Epoch: 9 optimisation losses
2024-12-06 18:41:18,132 INFO =====> EMD Loss: 20.022511
2024-12-06 18:41:18,132 INFO =====> Height map loss: 6.331797
2024-12-06 18:41:18,132 INFO =====> Insertion loss: 0.000000
2024-12-06 18:41:18,784 DEBUG loaded <trimesh.Trimesh(vertices.shape=(916, 3), faces.shape=(856, 3))> using `load_obj` in 0.0029s
2024-12-06 18:41:18,927 DEBUG loaded <trimesh.Trimesh(vertices.shape=(48, 3), faces.shape=(28, 3))> using `load_obj` in 0.0007s
2024-12-06 18:41:27,427 INFO ==> EMD Loss: 19.988043
2024-12-06 18:41:27,427 INFO ==> Height map loss:  6.311710
2024-12-06 18:41:27,427 INFO ==> Insertion loss: 0.000000
2024-12-06 18:41:28,011 DEBUG loaded <trimesh.Trimesh(vertices.shape=(916, 3), faces.shape=(856, 3))> using `load_obj` in 0.0029s
2024-12-06 18:41:28,152 DEBUG loaded <trimesh.Trimesh(vertices.shape=(48, 3), faces.shape=(28, 3))> using `load_obj` in 0.0007s
2024-12-06 18:41:36,633 INFO ==> EMD Loss: 20.191662
2024-12-06 18:41:36,634 INFO ==> Height map loss:  6.205538
2024-12-06 18:41:36,634 INFO ==> Insertion loss: 0.000000
2024-12-06 18:41:37,215 DEBUG loaded <trimesh.Trimesh(vertices.shape=(916, 3), faces.shape=(856, 3))> using `load_obj` in 0.0029s
2024-12-06 18:41:37,356 DEBUG loaded <trimesh.Trimesh(vertices.shape=(48, 3), faces.shape=(28, 3))> using `load_obj` in 0.0007s
2024-12-06 18:41:46,054 INFO ==> EMD Loss: 20.240774
2024-12-06 18:41:46,054 INFO ==> Height map loss:  6.082706
2024-12-06 18:41:46,054 INFO ==> Insertion loss: 0.000000
2024-12-06 18:41:46,639 DEBUG loaded <trimesh.Trimesh(vertices.shape=(916, 3), faces.shape=(856, 3))> using `load_obj` in 0.0029s
2024-12-06 18:41:46,783 DEBUG loaded <trimesh.Trimesh(vertices.shape=(48, 3), faces.shape=(28, 3))> using `load_obj` in 0.0007s
2024-12-06 18:41:55,364 INFO ==> EMD Loss: 20.350309
2024-12-06 18:41:55,365 INFO ==> Height map loss:  6.088377
2024-12-06 18:41:55,365 INFO ==> Insertion loss: 0.000000
2024-12-06 18:41:55,949 DEBUG loaded <trimesh.Trimesh(vertices.shape=(916, 3), faces.shape=(856, 3))> using `load_obj` in 0.0028s
2024-12-06 18:41:56,090 DEBUG loaded <trimesh.Trimesh(vertices.shape=(48, 3), faces.shape=(28, 3))> using `load_obj` in 0.0007s
2024-12-06 18:42:04,914 INFO ==> EMD Loss: 20.146042
2024-12-06 18:42:04,914 INFO ==> Height map loss:  6.007968
2024-12-06 18:42:04,914 INFO ==> Insertion loss: 0.000000
2024-12-06 18:42:05,498 DEBUG loaded <trimesh.Trimesh(vertices.shape=(916, 3), faces.shape=(856, 3))> using `load_obj` in 0.0029s
2024-12-06 18:42:05,640 DEBUG loaded <trimesh.Trimesh(vertices.shape=(48, 3), faces.shape=(28, 3))> using `load_obj` in 0.0007s
2024-12-06 18:42:30,963 INFO =====> Skill params: [ 0.7954588   0.6623267   0.8439135  -0.15381737 -0.05919654]
2024-12-06 18:42:30,963 INFO =====> Grad: [ 1.0324342e+03 -6.1651410e+02  1.1396278e-05  1.2032550e+02
  1.5666472e-05]
2024-12-06 18:42:30,964 INFO =====> Num. aborted data so far: 0
2024-12-06 18:42:30,971 INFO ===========> Epoch: 10 optimisation losses
2024-12-06 18:42:30,971 INFO =====> EMD Loss: 20.148140
2024-12-06 18:42:30,971 INFO =====> Height map loss: 6.008091
2024-12-06 18:42:30,971 INFO =====> Insertion loss: 0.000000
2024-12-06 18:42:31,583 DEBUG loaded <trimesh.Trimesh(vertices.shape=(916, 3), faces.shape=(856, 3))> using `load_obj` in 0.0029s
2024-12-06 18:42:31,726 DEBUG loaded <trimesh.Trimesh(vertices.shape=(48, 3), faces.shape=(28, 3))> using `load_obj` in 0.0007s
2024-12-06 18:42:40,576 INFO ==> EMD Loss: 20.184458
2024-12-06 18:42:40,576 INFO ==> Height map loss:  6.026823
2024-12-06 18:42:40,576 INFO ==> Insertion loss: 0.000000
2024-12-06 18:42:41,162 DEBUG loaded <trimesh.Trimesh(vertices.shape=(916, 3), faces.shape=(856, 3))> using `load_obj` in 0.0029s
2024-12-06 18:42:41,304 DEBUG loaded <trimesh.Trimesh(vertices.shape=(48, 3), faces.shape=(28, 3))> using `load_obj` in 0.0007s
2024-12-06 18:42:50,031 INFO ==> EMD Loss: 20.378765
2024-12-06 18:42:50,031 INFO ==> Height map loss:  5.987358
2024-12-06 18:42:50,031 INFO ==> Insertion loss: 0.000000
2024-12-06 18:42:50,621 DEBUG loaded <trimesh.Trimesh(vertices.shape=(916, 3), faces.shape=(856, 3))> using `load_obj` in 0.0029s
2024-12-06 18:42:50,764 DEBUG loaded <trimesh.Trimesh(vertices.shape=(48, 3), faces.shape=(28, 3))> using `load_obj` in 0.0007s
2024-12-06 18:42:59,636 INFO ==> EMD Loss: 20.416323
2024-12-06 18:42:59,636 INFO ==> Height map loss:  5.936449
2024-12-06 18:42:59,636 INFO ==> Insertion loss: 0.000000
2024-12-06 18:43:00,227 DEBUG loaded <trimesh.Trimesh(vertices.shape=(916, 3), faces.shape=(856, 3))> using `load_obj` in 0.0028s
2024-12-06 18:43:00,369 DEBUG loaded <trimesh.Trimesh(vertices.shape=(48, 3), faces.shape=(28, 3))> using `load_obj` in 0.0007s
2024-12-06 18:43:09,194 INFO ==> EMD Loss: 20.409813
2024-12-06 18:43:09,194 INFO ==> Height map loss:  5.995232
2024-12-06 18:43:09,194 INFO ==> Insertion loss: 0.000000
2024-12-06 18:43:09,777 DEBUG loaded <trimesh.Trimesh(vertices.shape=(916, 3), faces.shape=(856, 3))> using `load_obj` in 0.0029s
2024-12-06 18:43:09,916 DEBUG loaded <trimesh.Trimesh(vertices.shape=(48, 3), faces.shape=(28, 3))> using `load_obj` in 0.0006s
2024-12-06 18:43:18,900 INFO ==> EMD Loss: 20.629486
2024-12-06 18:43:18,900 INFO ==> Height map loss:  6.050162
2024-12-06 18:43:18,900 INFO ==> Insertion loss: 0.000000
2024-12-06 18:43:19,493 DEBUG loaded <trimesh.Trimesh(vertices.shape=(916, 3), faces.shape=(856, 3))> using `load_obj` in 0.0029s
2024-12-06 18:43:19,636 DEBUG loaded <trimesh.Trimesh(vertices.shape=(48, 3), faces.shape=(28, 3))> using `load_obj` in 0.0007s
2024-12-06 18:43:45,122 INFO =====> Skill params: [ 0.7772615   0.68239576  0.8379323  -0.16073146 -0.06649406]
2024-12-06 18:43:45,122 INFO =====> Grad: [-1.9109443e+03  6.7184576e+02  1.5555761e-06 -3.1687799e+02
 -6.7141875e-05]
2024-12-06 18:43:45,122 INFO =====> Num. aborted data so far: 0
2024-12-06 18:43:45,131 INFO ===========> Epoch: 11 optimisation losses
2024-12-06 18:43:45,131 INFO =====> EMD Loss: 20.416386
2024-12-06 18:43:45,131 INFO =====> Height map loss: 5.936604
2024-12-06 18:43:45,131 INFO =====> Insertion loss: 0.000000
2024-12-06 18:43:45,752 DEBUG loaded <trimesh.Trimesh(vertices.shape=(916, 3), faces.shape=(856, 3))> using `load_obj` in 0.0029s
2024-12-06 18:43:45,894 DEBUG loaded <trimesh.Trimesh(vertices.shape=(48, 3), faces.shape=(28, 3))> using `load_obj` in 0.0007s
2024-12-06 18:43:54,756 INFO ==> EMD Loss: 20.441317
2024-12-06 18:43:54,756 INFO ==> Height map loss:  5.977263
2024-12-06 18:43:54,756 INFO ==> Insertion loss: 0.000000
2024-12-06 18:43:55,348 DEBUG loaded <trimesh.Trimesh(vertices.shape=(916, 3), faces.shape=(856, 3))> using `load_obj` in 0.0029s
2024-12-06 18:43:55,489 DEBUG loaded <trimesh.Trimesh(vertices.shape=(48, 3), faces.shape=(28, 3))> using `load_obj` in 0.0007s
2024-12-06 18:44:04,217 INFO ==> EMD Loss: 20.325510
2024-12-06 18:44:04,217 INFO ==> Height map loss:  6.005866
2024-12-06 18:44:04,217 INFO ==> Insertion loss: 0.000000
2024-12-06 18:44:04,806 DEBUG loaded <trimesh.Trimesh(vertices.shape=(916, 3), faces.shape=(856, 3))> using `load_obj` in 0.0028s
2024-12-06 18:44:04,947 DEBUG loaded <trimesh.Trimesh(vertices.shape=(48, 3), faces.shape=(28, 3))> using `load_obj` in 0.0007s
2024-12-06 18:44:13,640 INFO ==> EMD Loss: 20.299833
2024-12-06 18:44:13,640 INFO ==> Height map loss:  6.103091
2024-12-06 18:44:13,641 INFO ==> Insertion loss: 0.000000
2024-12-06 18:44:14,238 DEBUG loaded <trimesh.Trimesh(vertices.shape=(916, 3), faces.shape=(856, 3))> using `load_obj` in 0.0029s
2024-12-06 18:44:14,379 DEBUG loaded <trimesh.Trimesh(vertices.shape=(48, 3), faces.shape=(28, 3))> using `load_obj` in 0.0007s
2024-12-06 18:44:23,153 INFO ==> EMD Loss: 20.315065
2024-12-06 18:44:23,153 INFO ==> Height map loss:  6.169926
2024-12-06 18:44:23,153 INFO ==> Insertion loss: 0.000000
2024-12-06 18:44:23,741 DEBUG loaded <trimesh.Trimesh(vertices.shape=(916, 3), faces.shape=(856, 3))> using `load_obj` in 0.0030s
2024-12-06 18:44:23,885 DEBUG loaded <trimesh.Trimesh(vertices.shape=(48, 3), faces.shape=(28, 3))> using `load_obj` in 0.0007s
2024-12-06 18:44:32,513 INFO ==> EMD Loss: 20.137903
2024-12-06 18:44:32,514 INFO ==> Height map loss:  6.168902
2024-12-06 18:44:32,514 INFO ==> Insertion loss: 0.000000
2024-12-06 18:44:32,851 DEBUG loaded <trimesh.Trimesh(vertices.shape=(916, 3), faces.shape=(856, 3))> using `load_obj` in 0.0028s
2024-12-06 18:44:32,990 DEBUG loaded <trimesh.Trimesh(vertices.shape=(48, 3), faces.shape=(28, 3))> using `load_obj` in 0.0007s
2024-12-06 18:44:57,625 INFO =====> Skill params: [ 0.7805866   0.68015563  0.8378462  -0.15885025 -0.06338009]
2024-12-06 18:44:57,625 INFO =====> Grad: [ 2.6846289e+03 -1.4833489e+03 -4.5067509e-06  7.0855060e+02
  6.1446241e-05]
2024-12-06 18:44:57,625 INFO =====> Num. aborted data so far: 0
2024-12-06 18:44:57,633 INFO ===========> Epoch: 12 optimisation losses
2024-12-06 18:44:57,633 INFO =====> EMD Loss: 20.441740
2024-12-06 18:44:57,633 INFO =====> Height map loss: 5.977327
2024-12-06 18:44:57,633 INFO =====> Insertion loss: 0.000000
2024-12-06 18:44:57,999 DEBUG loaded <trimesh.Trimesh(vertices.shape=(916, 3), faces.shape=(856, 3))> using `load_obj` in 0.0029s
2024-12-06 18:44:58,140 DEBUG loaded <trimesh.Trimesh(vertices.shape=(48, 3), faces.shape=(28, 3))> using `load_obj` in 0.0007s
2024-12-06 18:45:06,911 INFO ==> EMD Loss: 20.453600
2024-12-06 18:45:06,911 INFO ==> Height map loss:  5.981893
2024-12-06 18:45:06,912 INFO ==> Insertion loss: 0.000000
2024-12-06 18:45:07,499 DEBUG loaded <trimesh.Trimesh(vertices.shape=(916, 3), faces.shape=(856, 3))> using `load_obj` in 0.0029s
2024-12-06 18:45:07,643 DEBUG loaded <trimesh.Trimesh(vertices.shape=(48, 3), faces.shape=(28, 3))> using `load_obj` in 0.0007s
2024-12-06 18:45:16,665 INFO ==> EMD Loss: 20.534492
2024-12-06 18:45:16,665 INFO ==> Height map loss:  6.106983
2024-12-06 18:45:16,665 INFO ==> Insertion loss: 0.000000
2024-12-06 18:45:17,258 DEBUG loaded <trimesh.Trimesh(vertices.shape=(916, 3), faces.shape=(856, 3))> using `load_obj` in 0.0029s
2024-12-06 18:45:17,400 DEBUG loaded <trimesh.Trimesh(vertices.shape=(48, 3), faces.shape=(28, 3))> using `load_obj` in 0.0007s
2024-12-06 18:45:26,383 INFO ==> EMD Loss: 20.590666
2024-12-06 18:45:26,384 INFO ==> Height map loss:  6.254632
2024-12-06 18:45:26,384 INFO ==> Insertion loss: 0.000000
2024-12-06 18:45:26,971 DEBUG loaded <trimesh.Trimesh(vertices.shape=(916, 3), faces.shape=(856, 3))> using `load_obj` in 0.0029s
2024-12-06 18:45:27,114 DEBUG loaded <trimesh.Trimesh(vertices.shape=(48, 3), faces.shape=(28, 3))> using `load_obj` in 0.0007s
2024-12-06 18:45:36,300 INFO ==> EMD Loss: 20.727505
2024-12-06 18:45:36,300 INFO ==> Height map loss:  6.852732
2024-12-06 18:45:36,300 INFO ==> Insertion loss: 0.000000
2024-12-06 18:45:36,937 DEBUG loaded <trimesh.Trimesh(vertices.shape=(916, 3), faces.shape=(856, 3))> using `load_obj` in 0.0029s
2024-12-06 18:45:37,078 DEBUG loaded <trimesh.Trimesh(vertices.shape=(48, 3), faces.shape=(28, 3))> using `load_obj` in 0.0007s
2024-12-06 18:45:46,187 INFO ==> EMD Loss: 21.025990
2024-12-06 18:45:46,187 INFO ==> Height map loss:  7.088965
2024-12-06 18:45:46,187 INFO ==> Insertion loss: 0.000000
2024-12-06 18:45:46,787 DEBUG loaded <trimesh.Trimesh(vertices.shape=(916, 3), faces.shape=(856, 3))> using `load_obj` in 0.0029s
2024-12-06 18:45:46,929 DEBUG loaded <trimesh.Trimesh(vertices.shape=(48, 3), faces.shape=(28, 3))> using `load_obj` in 0.0007s
2024-12-06 18:46:12,663 INFO =====> Skill params: [ 0.77621615  0.6847246   0.8381089  -0.16286716 -0.06624387]
2024-12-06 18:46:12,663 INFO =====> Grad: [-1.6111304e+03  6.4769751e+02  2.5304880e-05  8.4697064e+02
 -6.5013478e-06]
2024-12-06 18:46:12,664 INFO =====> Num. aborted data so far: 0
2024-12-06 18:46:12,672 INFO ===========> Epoch: 13 optimisation losses
2024-12-06 18:46:12,673 INFO =====> EMD Loss: 20.453499
2024-12-06 18:46:12,673 INFO =====> Height map loss: 5.982305
2024-12-06 18:46:12,673 INFO =====> Insertion loss: 0.000000
2024-12-06 18:46:13,298 DEBUG loaded <trimesh.Trimesh(vertices.shape=(916, 3), faces.shape=(856, 3))> using `load_obj` in 0.0029s
2024-12-06 18:46:13,442 DEBUG loaded <trimesh.Trimesh(vertices.shape=(48, 3), faces.shape=(28, 3))> using `load_obj` in 0.0007s
2024-12-06 18:46:22,225 INFO ==> EMD Loss: 20.479551
2024-12-06 18:46:22,225 INFO ==> Height map loss:  5.982037
2024-12-06 18:46:22,225 INFO ==> Insertion loss: 0.000000
2024-12-06 18:46:22,820 DEBUG loaded <trimesh.Trimesh(vertices.shape=(916, 3), faces.shape=(856, 3))> using `load_obj` in 0.0029s
2024-12-06 18:46:22,965 DEBUG loaded <trimesh.Trimesh(vertices.shape=(48, 3), faces.shape=(28, 3))> using `load_obj` in 0.0007s
2024-12-06 18:46:31,699 INFO ==> EMD Loss: 20.387184
2024-12-06 18:46:31,699 INFO ==> Height map loss:  6.042699
2024-12-06 18:46:31,699 INFO ==> Insertion loss: 0.000000
2024-12-06 18:46:32,292 DEBUG loaded <trimesh.Trimesh(vertices.shape=(916, 3), faces.shape=(856, 3))> using `load_obj` in 0.0028s
2024-12-06 18:46:32,439 DEBUG loaded <trimesh.Trimesh(vertices.shape=(48, 3), faces.shape=(28, 3))> using `load_obj` in 0.0007s
2024-12-06 18:46:41,263 INFO ==> EMD Loss: 20.551517
2024-12-06 18:46:41,263 INFO ==> Height map loss:  6.150527
2024-12-06 18:46:41,263 INFO ==> Insertion loss: 0.000000
2024-12-06 18:46:41,860 DEBUG loaded <trimesh.Trimesh(vertices.shape=(916, 3), faces.shape=(856, 3))> using `load_obj` in 0.0029s
2024-12-06 18:46:42,005 DEBUG loaded <trimesh.Trimesh(vertices.shape=(48, 3), faces.shape=(28, 3))> using `load_obj` in 0.0007s
2024-12-06 18:46:50,649 INFO ==> EMD Loss: 20.516745
2024-12-06 18:46:50,649 INFO ==> Height map loss:  6.185290
2024-12-06 18:46:50,649 INFO ==> Insertion loss: 0.000000
2024-12-06 18:46:51,247 DEBUG loaded <trimesh.Trimesh(vertices.shape=(916, 3), faces.shape=(856, 3))> using `load_obj` in 0.0028s
2024-12-06 18:46:51,392 DEBUG loaded <trimesh.Trimesh(vertices.shape=(48, 3), faces.shape=(28, 3))> using `load_obj` in 0.0007s
2024-12-06 18:47:00,179 INFO ==> EMD Loss: 20.529566
2024-12-06 18:47:00,179 INFO ==> Height map loss:  6.336389
2024-12-06 18:47:00,179 INFO ==> Insertion loss: 0.000000
2024-12-06 18:47:00,773 DEBUG loaded <trimesh.Trimesh(vertices.shape=(916, 3), faces.shape=(856, 3))> using `load_obj` in 0.0029s
2024-12-06 18:47:00,918 DEBUG loaded <trimesh.Trimesh(vertices.shape=(48, 3), faces.shape=(28, 3))> using `load_obj` in 0.0007s
2024-12-06 18:47:26,515 INFO =====> Skill params: [ 0.77887046  0.68267155  0.8365746  -0.16733274 -0.06592466]
2024-12-06 18:47:26,515 INFO =====> Grad: [5.7502979e+02 7.0593018e+02 8.3591585e-05 1.2222191e+03 8.6639171e-05]
2024-12-06 18:47:26,515 INFO =====> Num. aborted data so far: 0
2024-12-06 18:47:26,523 INFO ===========> Epoch: 14 optimisation losses
2024-12-06 18:47:26,523 INFO =====> EMD Loss: 20.478832
2024-12-06 18:47:26,523 INFO =====> Height map loss: 5.982154
2024-12-06 18:47:26,523 INFO =====> Insertion loss: 0.000000
2024-12-06 18:47:27,182 DEBUG loaded <trimesh.Trimesh(vertices.shape=(916, 3), faces.shape=(856, 3))> using `load_obj` in 0.0029s
2024-12-06 18:47:27,327 DEBUG loaded <trimesh.Trimesh(vertices.shape=(48, 3), faces.shape=(28, 3))> using `load_obj` in 0.0007s
2024-12-06 18:47:36,100 INFO ==> EMD Loss: 20.466784
2024-12-06 18:47:36,100 INFO ==> Height map loss:  5.999620
2024-12-06 18:47:36,100 INFO ==> Insertion loss: 0.000000
2024-12-06 18:47:36,697 DEBUG loaded <trimesh.Trimesh(vertices.shape=(916, 3), faces.shape=(856, 3))> using `load_obj` in 0.0029s
2024-12-06 18:47:36,846 DEBUG loaded <trimesh.Trimesh(vertices.shape=(48, 3), faces.shape=(28, 3))> using `load_obj` in 0.0007s
2024-12-06 18:47:45,719 INFO ==> EMD Loss: 20.381859
2024-12-06 18:47:45,719 INFO ==> Height map loss:  5.980550
2024-12-06 18:47:45,719 INFO ==> Insertion loss: 0.000000
2024-12-06 18:47:46,319 DEBUG loaded <trimesh.Trimesh(vertices.shape=(916, 3), faces.shape=(856, 3))> using `load_obj` in 0.0029s
2024-12-06 18:47:46,465 DEBUG loaded <trimesh.Trimesh(vertices.shape=(48, 3), faces.shape=(28, 3))> using `load_obj` in 0.0007s
2024-12-06 18:47:55,074 INFO ==> EMD Loss: 20.479021
2024-12-06 18:47:55,074 INFO ==> Height map loss:  6.157049
2024-12-06 18:47:55,074 INFO ==> Insertion loss: 0.000000
2024-12-06 18:47:55,677 DEBUG loaded <trimesh.Trimesh(vertices.shape=(916, 3), faces.shape=(856, 3))> using `load_obj` in 0.0029s
2024-12-06 18:47:55,825 DEBUG loaded <trimesh.Trimesh(vertices.shape=(48, 3), faces.shape=(28, 3))> using `load_obj` in 0.0007s
2024-12-06 18:48:04,366 INFO ==> EMD Loss: 20.480265
2024-12-06 18:48:04,366 INFO ==> Height map loss:  6.206760
2024-12-06 18:48:04,366 INFO ==> Insertion loss: 0.000000
2024-12-06 18:48:04,988 DEBUG loaded <trimesh.Trimesh(vertices.shape=(916, 3), faces.shape=(856, 3))> using `load_obj` in 0.0029s
2024-12-06 18:48:05,134 DEBUG loaded <trimesh.Trimesh(vertices.shape=(48, 3), faces.shape=(28, 3))> using `load_obj` in 0.0007s
2024-12-06 18:48:13,765 INFO ==> EMD Loss: 20.390640
2024-12-06 18:48:13,765 INFO ==> Height map loss:  6.262896
2024-12-06 18:48:13,765 INFO ==> Insertion loss: 0.000000
2024-12-06 18:48:14,363 DEBUG loaded <trimesh.Trimesh(vertices.shape=(916, 3), faces.shape=(856, 3))> using `load_obj` in 0.0029s
2024-12-06 18:48:14,510 DEBUG loaded <trimesh.Trimesh(vertices.shape=(48, 3), faces.shape=(28, 3))> using `load_obj` in 0.0007s
2024-12-06 18:48:39,967 INFO =====> Skill params: [ 0.773905    0.67122626  0.8132996  -0.19494717 -0.08619409]
2024-12-06 18:48:39,968 INFO =====> Grad: [-1.8222708e+03  1.0303927e+03 -5.2017109e-05  6.5827081e+02
  6.3986840e-06]
2024-12-06 18:48:39,968 INFO =====> Num. aborted data so far: 0
2024-12-06 18:48:39,976 INFO ===========> Epoch: 15 optimisation losses
2024-12-06 18:48:39,976 INFO =====> EMD Loss: 20.385662
2024-12-06 18:48:39,976 INFO =====> Height map loss: 5.980263
2024-12-06 18:48:39,976 INFO =====> Insertion loss: 0.000000
2024-12-06 18:48:40,671 DEBUG loaded <trimesh.Trimesh(vertices.shape=(916, 3), faces.shape=(856, 3))> using `load_obj` in 0.0029s
2024-12-06 18:48:40,818 DEBUG loaded <trimesh.Trimesh(vertices.shape=(48, 3), faces.shape=(28, 3))> using `load_obj` in 0.0007s
2024-12-06 18:48:49,538 INFO ==> EMD Loss: 20.397072
2024-12-06 18:48:49,538 INFO ==> Height map loss:  6.054829
2024-12-06 18:48:49,538 INFO ==> Insertion loss: 0.000000
2024-12-06 18:48:50,135 DEBUG loaded <trimesh.Trimesh(vertices.shape=(916, 3), faces.shape=(856, 3))> using `load_obj` in 0.0029s
2024-12-06 18:48:50,281 DEBUG loaded <trimesh.Trimesh(vertices.shape=(48, 3), faces.shape=(28, 3))> using `load_obj` in 0.0007s
2024-12-06 18:48:59,108 INFO ==> EMD Loss: 20.518311
2024-12-06 18:48:59,108 INFO ==> Height map loss:  6.070128
2024-12-06 18:48:59,108 INFO ==> Insertion loss: 0.000000
2024-12-06 18:48:59,711 DEBUG loaded <trimesh.Trimesh(vertices.shape=(916, 3), faces.shape=(856, 3))> using `load_obj` in 0.0029s
2024-12-06 18:48:59,859 DEBUG loaded <trimesh.Trimesh(vertices.shape=(48, 3), faces.shape=(28, 3))> using `load_obj` in 0.0007s
2024-12-06 18:49:08,420 INFO ==> EMD Loss: 20.203819
2024-12-06 18:49:08,421 INFO ==> Height map loss:  6.127193
2024-12-06 18:49:08,421 INFO ==> Insertion loss: 0.000000
2024-12-06 18:49:09,024 DEBUG loaded <trimesh.Trimesh(vertices.shape=(916, 3), faces.shape=(856, 3))> using `load_obj` in 0.0029s
2024-12-06 18:49:09,170 DEBUG loaded <trimesh.Trimesh(vertices.shape=(48, 3), faces.shape=(28, 3))> using `load_obj` in 0.0007s
2024-12-06 18:49:17,776 INFO ==> EMD Loss: 20.231443
2024-12-06 18:49:17,776 INFO ==> Height map loss:  6.287614
2024-12-06 18:49:17,776 INFO ==> Insertion loss: 0.000000
2024-12-06 18:49:18,380 DEBUG loaded <trimesh.Trimesh(vertices.shape=(916, 3), faces.shape=(856, 3))> using `load_obj` in 0.0029s
2024-12-06 18:49:18,526 DEBUG loaded <trimesh.Trimesh(vertices.shape=(48, 3), faces.shape=(28, 3))> using `load_obj` in 0.0007s
2024-12-06 18:49:26,940 INFO ==> EMD Loss: 20.328209
2024-12-06 18:49:26,940 INFO ==> Height map loss:  6.578063
2024-12-06 18:49:26,940 INFO ==> Insertion loss: 0.000000
2024-12-06 18:49:27,538 DEBUG loaded <trimesh.Trimesh(vertices.shape=(916, 3), faces.shape=(856, 3))> using `load_obj` in 0.0029s
2024-12-06 18:49:27,683 DEBUG loaded <trimesh.Trimesh(vertices.shape=(48, 3), faces.shape=(28, 3))> using `load_obj` in 0.0007s
2024-12-06 18:49:52,664 INFO =====> Skill params: [ 0.7770364   0.6679246   0.8162061  -0.19792424 -0.0865095 ]
2024-12-06 18:49:52,664 INFO =====> Grad: [2.1208271e+03 7.7146094e+02 6.4781583e-05 9.5907300e+02 1.0176178e-05]
2024-12-06 18:49:52,664 INFO =====> Num. aborted data so far: 0
2024-12-06 18:49:52,672 INFO ===========> Epoch: 16 optimisation losses
2024-12-06 18:49:52,672 INFO =====> EMD Loss: 20.397146
2024-12-06 18:49:52,672 INFO =====> Height map loss: 6.054801
2024-12-06 18:49:52,672 INFO =====> Insertion loss: 0.000000
2024-12-06 18:49:53,302 DEBUG loaded <trimesh.Trimesh(vertices.shape=(916, 3), faces.shape=(856, 3))> using `load_obj` in 0.0029s
2024-12-06 18:49:53,449 DEBUG loaded <trimesh.Trimesh(vertices.shape=(48, 3), faces.shape=(28, 3))> using `load_obj` in 0.0007s
2024-12-06 18:50:02,303 INFO ==> EMD Loss: 20.379513
2024-12-06 18:50:02,303 INFO ==> Height map loss:  6.017999
2024-12-06 18:50:02,303 INFO ==> Insertion loss: 0.000000
2024-12-06 18:50:02,910 DEBUG loaded <trimesh.Trimesh(vertices.shape=(916, 3), faces.shape=(856, 3))> using `load_obj` in 0.0029s
2024-12-06 18:50:03,058 DEBUG loaded <trimesh.Trimesh(vertices.shape=(48, 3), faces.shape=(28, 3))> using `load_obj` in 0.0007s
2024-12-06 18:50:11,704 INFO ==> EMD Loss: 20.366566
2024-12-06 18:50:11,704 INFO ==> Height map loss:  6.103789
2024-12-06 18:50:11,704 INFO ==> Insertion loss: 0.000000
2024-12-06 18:50:12,309 DEBUG loaded <trimesh.Trimesh(vertices.shape=(916, 3), faces.shape=(856, 3))> using `load_obj` in 0.0030s
2024-12-06 18:50:12,457 DEBUG loaded <trimesh.Trimesh(vertices.shape=(48, 3), faces.shape=(28, 3))> using `load_obj` in 0.0007s
2024-12-06 18:50:21,194 INFO ==> EMD Loss: 20.472134
2024-12-06 18:50:21,194 INFO ==> Height map loss:  6.129391
2024-12-06 18:50:21,194 INFO ==> Insertion loss: 0.000000
2024-12-06 18:50:21,801 DEBUG loaded <trimesh.Trimesh(vertices.shape=(916, 3), faces.shape=(856, 3))> using `load_obj` in 0.0029s
2024-12-06 18:50:21,948 DEBUG loaded <trimesh.Trimesh(vertices.shape=(48, 3), faces.shape=(28, 3))> using `load_obj` in 0.0007s
2024-12-06 18:50:30,490 INFO ==> EMD Loss: 20.448473
2024-12-06 18:50:30,490 INFO ==> Height map loss:  6.158040
2024-12-06 18:50:30,490 INFO ==> Insertion loss: 0.000000
2024-12-06 18:50:31,085 DEBUG loaded <trimesh.Trimesh(vertices.shape=(916, 3), faces.shape=(856, 3))> using `load_obj` in 0.0028s
2024-12-06 18:50:31,229 DEBUG loaded <trimesh.Trimesh(vertices.shape=(48, 3), faces.shape=(28, 3))> using `load_obj` in 0.0007s
2024-12-06 18:50:39,658 INFO ==> EMD Loss: 20.484652
2024-12-06 18:50:39,658 INFO ==> Height map loss:  6.188146
2024-12-06 18:50:39,658 INFO ==> Insertion loss: 0.000000
2024-12-06 18:50:40,266 DEBUG loaded <trimesh.Trimesh(vertices.shape=(916, 3), faces.shape=(856, 3))> using `load_obj` in 0.0030s
2024-12-06 18:50:40,414 DEBUG loaded <trimesh.Trimesh(vertices.shape=(48, 3), faces.shape=(28, 3))> using `load_obj` in 0.0007s
2024-12-06 18:51:05,470 INFO =====> Skill params: [ 0.77347565  0.6654119   0.81266624 -0.20204297 -0.08703744]
2024-12-06 18:51:05,470 INFO =====> Grad: [ 2.6804207e+03 -1.5177861e+03 -1.2105833e-05 -4.7974649e+02
  5.4818847e-05]
2024-12-06 18:51:05,470 INFO =====> Num. aborted data so far: 0
2024-12-06 18:51:05,478 INFO ===========> Epoch: 17 optimisation losses
2024-12-06 18:51:05,478 INFO =====> EMD Loss: 20.376640
2024-12-06 18:51:05,478 INFO =====> Height map loss: 6.011351
2024-12-06 18:51:05,478 INFO =====> Insertion loss: 0.000000
2024-12-06 18:51:06,112 DEBUG loaded <trimesh.Trimesh(vertices.shape=(916, 3), faces.shape=(856, 3))> using `load_obj` in 0.0029s
2024-12-06 18:51:06,260 DEBUG loaded <trimesh.Trimesh(vertices.shape=(48, 3), faces.shape=(28, 3))> using `load_obj` in 0.0007s
2024-12-06 18:51:15,020 INFO ==> EMD Loss: 20.373621
2024-12-06 18:51:15,020 INFO ==> Height map loss:  5.989761
2024-12-06 18:51:15,020 INFO ==> Insertion loss: 0.000000
2024-12-06 18:51:15,708 DEBUG loaded <trimesh.Trimesh(vertices.shape=(916, 3), faces.shape=(856, 3))> using `load_obj` in 0.0029s
2024-12-06 18:51:15,856 DEBUG loaded <trimesh.Trimesh(vertices.shape=(48, 3), faces.shape=(28, 3))> using `load_obj` in 0.0007s
2024-12-06 18:51:24,641 INFO ==> EMD Loss: 20.426769
2024-12-06 18:51:24,641 INFO ==> Height map loss:  5.988393
2024-12-06 18:51:24,641 INFO ==> Insertion loss: 0.000000
2024-12-06 18:51:25,239 DEBUG loaded <trimesh.Trimesh(vertices.shape=(916, 3), faces.shape=(856, 3))> using `load_obj` in 0.0028s
2024-12-06 18:51:25,388 DEBUG loaded <trimesh.Trimesh(vertices.shape=(48, 3), faces.shape=(28, 3))> using `load_obj` in 0.0007s
2024-12-06 18:51:34,417 INFO ==> EMD Loss: 20.302143
2024-12-06 18:51:34,417 INFO ==> Height map loss:  6.087902
2024-12-06 18:51:34,417 INFO ==> Insertion loss: 0.000000
2024-12-06 18:51:35,020 DEBUG loaded <trimesh.Trimesh(vertices.shape=(916, 3), faces.shape=(856, 3))> using `load_obj` in 0.0029s
2024-12-06 18:51:35,166 DEBUG loaded <trimesh.Trimesh(vertices.shape=(48, 3), faces.shape=(28, 3))> using `load_obj` in 0.0007s
2024-12-06 18:51:44,123 INFO ==> EMD Loss: 20.563929
2024-12-06 18:51:44,123 INFO ==> Height map loss:  6.346014
2024-12-06 18:51:44,123 INFO ==> Insertion loss: 0.000000
2024-12-06 18:51:44,731 DEBUG loaded <trimesh.Trimesh(vertices.shape=(916, 3), faces.shape=(856, 3))> using `load_obj` in 0.0029s
2024-12-06 18:51:44,879 DEBUG loaded <trimesh.Trimesh(vertices.shape=(48, 3), faces.shape=(28, 3))> using `load_obj` in 0.0007s
2024-12-06 18:51:53,918 INFO ==> EMD Loss: 20.690853
2024-12-06 18:51:53,919 INFO ==> Height map loss:  6.589835
2024-12-06 18:51:53,919 INFO ==> Insertion loss: 0.000000
2024-12-06 18:51:54,526 DEBUG loaded <trimesh.Trimesh(vertices.shape=(916, 3), faces.shape=(856, 3))> using `load_obj` in 0.0029s
2024-12-06 18:51:54,674 DEBUG loaded <trimesh.Trimesh(vertices.shape=(48, 3), faces.shape=(28, 3))> using `load_obj` in 0.0007s
2024-12-06 18:52:20,365 INFO =====> Skill params: [ 0.75226134  0.68824816  0.8161432  -0.19145823 -0.10132959]
2024-12-06 18:52:20,365 INFO =====> Grad: [-2.0979944e+03  6.8664496e+02  3.7211415e-05  6.2812720e+02
  8.0915910e-05]
2024-12-06 18:52:20,366 INFO =====> Num. aborted data so far: 0
2024-12-06 18:52:20,373 INFO ===========> Epoch: 18 optimisation losses
2024-12-06 18:52:20,373 INFO =====> EMD Loss: 20.426872
2024-12-06 18:52:20,373 INFO =====> Height map loss: 5.988522
2024-12-06 18:52:20,373 INFO =====> Insertion loss: 0.000000
2024-12-06 18:52:21,008 DEBUG loaded <trimesh.Trimesh(vertices.shape=(916, 3), faces.shape=(856, 3))> using `load_obj` in 0.0029s
2024-12-06 18:52:21,156 DEBUG loaded <trimesh.Trimesh(vertices.shape=(48, 3), faces.shape=(28, 3))> using `load_obj` in 0.0007s
2024-12-06 18:52:29,972 INFO ==> EMD Loss: 20.345322
2024-12-06 18:52:29,973 INFO ==> Height map loss:  6.003058
2024-12-06 18:52:29,973 INFO ==> Insertion loss: 0.000000
2024-12-06 18:52:30,583 DEBUG loaded <trimesh.Trimesh(vertices.shape=(916, 3), faces.shape=(856, 3))> using `load_obj` in 0.0028s
2024-12-06 18:52:30,732 DEBUG loaded <trimesh.Trimesh(vertices.shape=(48, 3), faces.shape=(28, 3))> using `load_obj` in 0.0007s
2024-12-06 18:52:39,503 INFO ==> EMD Loss: 20.377474
2024-12-06 18:52:39,504 INFO ==> Height map loss:  6.027199
2024-12-06 18:52:39,504 INFO ==> Insertion loss: 0.000000
2024-12-06 18:52:40,107 DEBUG loaded <trimesh.Trimesh(vertices.shape=(916, 3), faces.shape=(856, 3))> using `load_obj` in 0.0029s
2024-12-06 18:52:40,257 DEBUG loaded <trimesh.Trimesh(vertices.shape=(48, 3), faces.shape=(28, 3))> using `load_obj` in 0.0007s
2024-12-06 18:52:49,049 INFO ==> EMD Loss: 20.422720
2024-12-06 18:52:49,049 INFO ==> Height map loss:  6.102410
2024-12-06 18:52:49,049 INFO ==> Insertion loss: 0.000000
2024-12-06 18:52:49,656 DEBUG loaded <trimesh.Trimesh(vertices.shape=(916, 3), faces.shape=(856, 3))> using `load_obj` in 0.0029s
2024-12-06 18:52:49,806 DEBUG loaded <trimesh.Trimesh(vertices.shape=(48, 3), faces.shape=(28, 3))> using `load_obj` in 0.0007s
2024-12-06 18:52:58,412 INFO ==> EMD Loss: 20.380276
2024-12-06 18:52:58,412 INFO ==> Height map loss:  6.120935
2024-12-06 18:52:58,412 INFO ==> Insertion loss: 0.000000
2024-12-06 18:52:59,016 DEBUG loaded <trimesh.Trimesh(vertices.shape=(916, 3), faces.shape=(856, 3))> using `load_obj` in 0.0029s
2024-12-06 18:52:59,165 DEBUG loaded <trimesh.Trimesh(vertices.shape=(48, 3), faces.shape=(28, 3))> using `load_obj` in 0.0007s
2024-12-06 18:53:07,692 INFO ==> EMD Loss: 20.407192
2024-12-06 18:53:07,693 INFO ==> Height map loss:  6.329866
2024-12-06 18:53:07,693 INFO ==> Insertion loss: 0.000000
2024-12-06 18:53:08,305 DEBUG loaded <trimesh.Trimesh(vertices.shape=(916, 3), faces.shape=(856, 3))> using `load_obj` in 0.0029s
2024-12-06 18:53:08,454 DEBUG loaded <trimesh.Trimesh(vertices.shape=(48, 3), faces.shape=(28, 3))> using `load_obj` in 0.0007s
2024-12-06 18:53:33,823 INFO =====> Skill params: [ 0.7555455   0.6861254   0.8139511  -0.19425043 -0.10535639]
2024-12-06 18:53:33,823 INFO =====> Grad: [ 1.9742188e+03 -7.1177869e+02 -4.2147994e-06 -2.5955225e+02
 -7.3632094e-05]
2024-12-06 18:53:33,823 INFO =====> Num. aborted data so far: 0
2024-12-06 18:53:33,831 INFO ===========> Epoch: 19 optimisation losses
2024-12-06 18:53:33,831 INFO =====> EMD Loss: 20.339540
2024-12-06 18:53:33,831 INFO =====> Height map loss: 6.002867
2024-12-06 18:53:33,831 INFO =====> Insertion loss: 0.000000
2024-12-06 18:53:34,465 DEBUG loaded <trimesh.Trimesh(vertices.shape=(916, 3), faces.shape=(856, 3))> using `load_obj` in 0.0029s
2024-12-06 18:53:34,614 DEBUG loaded <trimesh.Trimesh(vertices.shape=(48, 3), faces.shape=(28, 3))> using `load_obj` in 0.0007s
2024-12-06 18:53:43,397 INFO ==> EMD Loss: 20.372490
2024-12-06 18:53:43,397 INFO ==> Height map loss:  5.993766
2024-12-06 18:53:43,397 INFO ==> Insertion loss: 0.000000
2024-12-06 18:53:43,999 DEBUG loaded <trimesh.Trimesh(vertices.shape=(916, 3), faces.shape=(856, 3))> using `load_obj` in 0.0029s
2024-12-06 18:53:44,148 DEBUG loaded <trimesh.Trimesh(vertices.shape=(48, 3), faces.shape=(28, 3))> using `load_obj` in 0.0007s
2024-12-06 18:53:52,994 INFO ==> EMD Loss: 20.291050
2024-12-06 18:53:52,994 INFO ==> Height map loss:  6.019318
2024-12-06 18:53:52,994 INFO ==> Insertion loss: 0.000000
2024-12-06 18:53:53,604 DEBUG loaded <trimesh.Trimesh(vertices.shape=(916, 3), faces.shape=(856, 3))> using `load_obj` in 0.0029s
2024-12-06 18:53:53,755 DEBUG loaded <trimesh.Trimesh(vertices.shape=(48, 3), faces.shape=(28, 3))> using `load_obj` in 0.0007s
2024-12-06 18:54:02,682 INFO ==> EMD Loss: 20.319624
2024-12-06 18:54:02,682 INFO ==> Height map loss:  6.096353
2024-12-06 18:54:02,682 INFO ==> Insertion loss: 0.000000
2024-12-06 18:54:03,288 DEBUG loaded <trimesh.Trimesh(vertices.shape=(916, 3), faces.shape=(856, 3))> using `load_obj` in 0.0029s
2024-12-06 18:54:03,437 DEBUG loaded <trimesh.Trimesh(vertices.shape=(48, 3), faces.shape=(28, 3))> using `load_obj` in 0.0007s
2024-12-06 18:54:12,583 INFO ==> EMD Loss: 20.572590
2024-12-06 18:54:12,583 INFO ==> Height map loss:  6.146811
2024-12-06 18:54:12,583 INFO ==> Insertion loss: 0.000000
2024-12-06 18:54:13,245 DEBUG loaded <trimesh.Trimesh(vertices.shape=(916, 3), faces.shape=(856, 3))> using `load_obj` in 0.0029s
2024-12-06 18:54:13,394 DEBUG loaded <trimesh.Trimesh(vertices.shape=(48, 3), faces.shape=(28, 3))> using `load_obj` in 0.0007s
2024-12-06 18:54:22,460 INFO ==> EMD Loss: 20.562307
2024-12-06 18:54:22,460 INFO ==> Height map loss:  6.312464
2024-12-06 18:54:22,460 INFO ==> Insertion loss: 0.000000
2024-12-06 18:54:23,068 DEBUG loaded <trimesh.Trimesh(vertices.shape=(916, 3), faces.shape=(856, 3))> using `load_obj` in 0.0048s
2024-12-06 18:54:23,219 DEBUG loaded <trimesh.Trimesh(vertices.shape=(48, 3), faces.shape=(28, 3))> using `load_obj` in 0.0007s
2024-12-06 18:54:32,007 INFO ===========> Finished training.
2024-12-06 18:54:32,007 INFO ====> Final EMD Loss: 20.413197
2024-12-06 18:54:32,007 INFO ====> Final Height map loss: 5.991748
2024-12-06 18:54:32,007 INFO ====> Final Insertion loss: 0.000000
2024-12-06 18:54:32,007 INFO ====> Final skill params: [ 0.75246453  0.6883785   0.8142127  -0.19304411 -0.10177907]
