2024-09-06 23:13:33,384 INFO ===> New TaichiEnv created.
2024-09-06 23:13:33,384 INFO ===> Specifications: horizon = 600, dt = 0.01, n_substeps = 20, dt_sub = 0.0005
2024-09-06 23:16:32,135 INFO =====> Epoch: 0
2024-09-06 23:16:32,136 INFO =====> Loss: 67.40287017822266
2024-09-06 23:16:32,136 INFO =====> Grad: [ 5.5279985e-02 -1.5097511e-01 -2.8833380e-09 -3.4379783e-01
 -3.7252903e-09]
2024-09-06 23:16:32,136 INFO =====> Num. aborted data so far: 0
2024-09-06 23:16:32,444 INFO ===> New TaichiEnv created.
2024-09-06 23:16:32,444 INFO ===> Specifications: horizon = 600, dt = 0.01, n_substeps = 20, dt_sub = 0.0005
2024-09-06 23:19:20,550 INFO =====> Epoch: 1
2024-09-06 23:19:20,550 INFO =====> Loss: 67.38511657714844
2024-09-06 23:19:20,550 INFO =====> Grad: [ 5.1945400e+00 -7.8439206e-01  3.2671402e-08 -3.9053354e+00
  4.1909516e-09]
2024-09-06 23:19:20,550 INFO =====> Num. aborted data so far: 0
2024-09-06 23:19:20,767 INFO ===> New TaichiEnv created.
2024-09-06 23:19:20,767 INFO ===> Specifications: horizon = 600, dt = 0.01, n_substeps = 20, dt_sub = 0.0005
2024-09-06 23:22:14,777 INFO =====> Epoch: 2
2024-09-06 23:22:14,777 INFO =====> Loss: 67.37619018554688
2024-09-06 23:22:14,778 INFO =====> Grad: [ 5.2779803e+00 -6.2087059e-01 -2.2483711e-08 -3.8101518e+00
  3.0267984e-09]
2024-09-06 23:22:14,778 INFO =====> Num. aborted data so far: 0
2024-09-06 23:22:15,002 INFO ===> New TaichiEnv created.
2024-09-06 23:22:15,002 INFO ===> Specifications: horizon = 600, dt = 0.01, n_substeps = 20, dt_sub = 0.0005
2024-09-06 23:25:15,924 INFO =====> Epoch: 3
2024-09-06 23:25:15,924 INFO =====> Loss: 67.37499237060547
2024-09-06 23:25:15,924 INFO =====> Grad: [ 5.3552361e+00 -3.6426061e-01 -1.0773899e-08 -3.6919544e+00
  4.0978193e-08]
2024-09-06 23:25:15,924 INFO =====> Num. aborted data so far: 0
2024-09-06 23:25:16,153 INFO ===> New TaichiEnv created.
2024-09-06 23:25:16,154 INFO ===> Specifications: horizon = 600, dt = 0.01, n_substeps = 20, dt_sub = 0.0005
2024-09-06 23:28:23,055 INFO =====> Epoch: 4
2024-09-06 23:28:23,055 INFO =====> Loss: 67.37749481201172
2024-09-06 23:28:23,055 INFO =====> Grad: [ 5.4269667e+00 -1.8187433e-01 -2.6482425e-09 -3.4566545e+00
  3.5390258e-08]
2024-09-06 23:28:23,055 INFO =====> Num. aborted data so far: 0
2024-09-06 23:28:23,286 INFO ===> New TaichiEnv created.
2024-09-06 23:28:23,286 INFO ===> Specifications: horizon = 600, dt = 0.01, n_substeps = 20, dt_sub = 0.0005
2024-09-06 23:31:30,363 INFO =====> Epoch: 5
2024-09-06 23:31:30,363 INFO =====> Loss: 67.3758544921875
2024-09-06 23:31:30,363 INFO =====> Grad: [ 5.4667039e+00 -9.9881828e-02  5.8196719e-09 -3.2057817e+00
  7.4505806e-08]
2024-09-06 23:31:30,363 INFO =====> Num. aborted data so far: 0
2024-09-06 23:31:30,597 INFO ===> New TaichiEnv created.
2024-09-06 23:31:30,597 INFO ===> Specifications: horizon = 600, dt = 0.01, n_substeps = 20, dt_sub = 0.0005
2024-09-06 23:34:37,262 INFO =====> Epoch: 6
2024-09-06 23:34:37,262 INFO =====> Loss: 67.36975860595703
2024-09-06 23:34:37,262 INFO =====> Grad: [ 5.4867020e+00 -3.3221483e-02 -2.1182625e-08 -2.9432282e+00
  7.8231096e-08]
2024-09-06 23:34:37,262 INFO =====> Num. aborted data so far: 0
2024-09-06 23:34:37,497 INFO ===> New TaichiEnv created.
2024-09-06 23:34:37,497 INFO ===> Specifications: horizon = 600, dt = 0.01, n_substeps = 20, dt_sub = 0.0005
2024-09-06 23:37:44,747 INFO =====> Epoch: 7
2024-09-06 23:37:44,747 INFO =====> Loss: 67.39749145507812
2024-09-06 23:37:44,747 INFO =====> Grad: [ 8.44610259e-02 -3.62779722e-02  3.66874886e-09 -2.42991820e-01
  1.21071935e-08]
2024-09-06 23:37:44,747 INFO =====> Num. aborted data so far: 0
2024-09-06 23:37:44,985 INFO ===> New TaichiEnv created.
2024-09-06 23:37:44,985 INFO ===> Specifications: horizon = 600, dt = 0.01, n_substeps = 20, dt_sub = 0.0005
2024-09-06 23:40:51,796 INFO =====> Epoch: 8
2024-09-06 23:40:51,796 INFO =====> Loss: 67.4010009765625
2024-09-06 23:40:51,796 INFO =====> Grad: [ 3.4045625e-02 -8.6125191e-03  3.5924506e-09 -2.0040733e-01
  7.1013346e-09]
2024-09-06 23:40:51,796 INFO =====> Num. aborted data so far: 0
2024-09-06 23:40:52,036 INFO ===> New TaichiEnv created.
2024-09-06 23:40:52,037 INFO ===> Specifications: horizon = 600, dt = 0.01, n_substeps = 20, dt_sub = 0.0005
2024-09-06 23:43:58,143 INFO =====> Epoch: 9
2024-09-06 23:43:58,143 INFO =====> Loss: 67.39402770996094
2024-09-06 23:43:58,143 INFO =====> Grad: [ 3.4954622e-02 -5.5825384e-03  4.3775068e-09 -1.8333836e-01
 -9.3132257e-10]
2024-09-06 23:43:58,143 INFO =====> Num. aborted data so far: 0
2024-09-06 23:43:58,385 INFO ===> New TaichiEnv created.
2024-09-06 23:43:58,385 INFO ===> Specifications: horizon = 600, dt = 0.01, n_substeps = 20, dt_sub = 0.0005
2024-09-06 23:47:04,069 INFO =====> Epoch: 10
2024-09-06 23:47:04,070 INFO =====> Loss: 67.37454223632812
2024-09-06 23:47:04,070 INFO =====> Grad: [ 4.4316149e+00  6.9181985e-01  3.1776906e-09 -1.9309345e+00
  3.0267984e-08]
2024-09-06 23:47:04,070 INFO =====> Num. aborted data so far: 0
2024-09-06 23:47:04,314 INFO ===> New TaichiEnv created.
2024-09-06 23:47:04,314 INFO ===> Specifications: horizon = 600, dt = 0.01, n_substeps = 20, dt_sub = 0.0005
2024-09-06 23:50:02,282 INFO =====> Epoch: 11
2024-09-06 23:50:02,282 INFO =====> Loss: 67.37950897216797
2024-09-06 23:50:02,283 INFO =====> Grad: [ 4.3960876e+00  6.8722713e-01 -9.7144595e-09 -1.8019723e+00
 -4.4237822e-09]
2024-09-06 23:50:02,283 INFO =====> Num. aborted data so far: 0
2024-09-06 23:50:02,524 INFO ===> New TaichiEnv created.
2024-09-06 23:50:02,524 INFO ===> Specifications: horizon = 600, dt = 0.01, n_substeps = 20, dt_sub = 0.0005
2024-09-06 23:52:54,756 INFO =====> Epoch: 12
2024-09-06 23:52:54,756 INFO =====> Loss: 67.40127563476562
2024-09-06 23:52:54,756 INFO =====> Grad: [ 3.3448204e-02 -9.9696442e-03  1.6189434e-09 -1.6964597e-01
 -2.7939677e-09]
2024-09-06 23:52:54,756 INFO =====> Num. aborted data so far: 0
2024-09-06 23:52:55,000 INFO ===> New TaichiEnv created.
2024-09-06 23:52:55,000 INFO ===> Specifications: horizon = 600, dt = 0.01, n_substeps = 20, dt_sub = 0.0005
2024-09-06 23:55:53,560 INFO =====> Epoch: 13
2024-09-06 23:55:53,560 INFO =====> Loss: 67.38929748535156
2024-09-06 23:55:53,560 INFO =====> Grad: [ 3.6579564e-02  9.0753427e-04  1.8640771e-09 -1.6964598e-01
  9.3132257e-09]
2024-09-06 23:55:53,560 INFO =====> Num. aborted data so far: 0
2024-09-06 23:55:53,808 INFO ===> New TaichiEnv created.
2024-09-06 23:55:53,808 INFO ===> Specifications: horizon = 600, dt = 0.01, n_substeps = 20, dt_sub = 0.0005
2024-09-06 23:58:45,519 INFO =====> Epoch: 14
2024-09-06 23:58:45,519 INFO =====> Loss: 67.35774993896484
2024-09-06 23:58:45,520 INFO =====> Grad: [ 4.3610830e+00  6.8477017e-01  6.7799704e-09 -1.7969910e+00
 -1.1641532e-08]
2024-09-06 23:58:45,520 INFO =====> Num. aborted data so far: 0
2024-09-06 23:58:45,766 INFO ===> New TaichiEnv created.
2024-09-06 23:58:45,766 INFO ===> Specifications: horizon = 600, dt = 0.01, n_substeps = 20, dt_sub = 0.0005
2024-09-07 00:01:39,850 INFO =====> Epoch: 15
2024-09-07 00:01:39,850 INFO =====> Loss: 67.3797378540039
2024-09-07 00:01:39,850 INFO =====> Grad: [ 3.4373216e-02 -7.2259461e-03  1.7130481e-09 -1.6964597e-01
  1.1641532e-09]
2024-09-07 00:01:39,850 INFO =====> Num. aborted data so far: 0
2024-09-07 00:01:40,136 INFO ===> New TaichiEnv created.
2024-09-07 00:01:40,136 INFO ===> Specifications: horizon = 600, dt = 0.01, n_substeps = 20, dt_sub = 0.0005
2024-09-07 00:04:32,881 INFO =====> Epoch: 16
2024-09-07 00:04:32,881 INFO =====> Loss: 67.38056182861328
2024-09-07 00:04:32,881 INFO =====> Grad: [ 3.7492633e-02  3.5119138e-03 -4.1036703e-09 -1.6964597e-01
  4.1909516e-09]
2024-09-07 00:04:32,881 INFO =====> Num. aborted data so far: 0
2024-09-07 00:04:33,130 INFO ===> New TaichiEnv created.
2024-09-07 00:04:33,130 INFO ===> Specifications: horizon = 600, dt = 0.01, n_substeps = 20, dt_sub = 0.0005
2024-09-07 00:07:17,998 INFO =====> Epoch: 17
2024-09-07 00:07:17,998 INFO =====> Loss: 67.35615539550781
2024-09-07 00:07:17,998 INFO =====> Grad: [ 4.324907e+00  6.785760e-01  8.164553e-09 -1.796991e+00  6.519258e-09]
2024-09-07 00:07:17,998 INFO =====> Num. aborted data so far: 0
2024-09-07 00:07:18,247 INFO ===> New TaichiEnv created.
2024-09-07 00:07:18,247 INFO ===> Specifications: horizon = 600, dt = 0.01, n_substeps = 20, dt_sub = 0.0005
2024-09-07 00:09:55,592 INFO =====> Epoch: 18
2024-09-07 00:09:55,592 INFO =====> Loss: 67.35728454589844
2024-09-07 00:09:55,593 INFO =====> Grad: [-4.1638823e+00  5.9654588e-01 -2.1928422e-08 -1.7278761e+00
 -7.4505806e-09]
2024-09-07 00:09:55,593 INFO =====> Num. aborted data so far: 0
2024-09-07 00:09:55,844 INFO ===> New TaichiEnv created.
2024-09-07 00:09:55,844 INFO ===> Specifications: horizon = 600, dt = 0.01, n_substeps = 20, dt_sub = 0.0005
2024-09-07 00:12:35,490 INFO =====> Epoch: 19
2024-09-07 00:12:35,490 INFO =====> Loss: 67.445068359375
2024-09-07 00:12:35,490 INFO =====> Grad: [ 4.2422032e+00  6.3174450e-01  1.2646950e-08 -1.7969910e+00
 -8.8475645e-09]
2024-09-07 00:12:35,490 INFO =====> Num. aborted data so far: 0
2024-09-07 00:12:35,777 INFO ===> New TaichiEnv created.
2024-09-07 00:12:35,777 INFO ===> Specifications: horizon = 600, dt = 0.01, n_substeps = 20, dt_sub = 0.0005
2024-09-07 00:15:02,317 INFO =====> Epoch: 20
2024-09-07 00:15:02,317 INFO =====> Loss: 67.45592498779297
2024-09-07 00:15:02,317 INFO =====> Grad: [-1.79506207e+01 -1.19099045e+02 -7.69620237e-06  7.20468445e+02
 -1.19209290e-07]
2024-09-07 00:15:02,317 INFO =====> Num. aborted data so far: 0
2024-09-07 00:15:02,577 INFO ===> New TaichiEnv created.
2024-09-07 00:15:02,577 INFO ===> Specifications: horizon = 600, dt = 0.01, n_substeps = 20, dt_sub = 0.0005
2024-09-07 00:17:35,359 INFO =====> Epoch: 21
2024-09-07 00:17:35,359 INFO =====> Loss: 67.44490051269531
2024-09-07 00:17:35,359 INFO =====> Grad: [ 4.2422032e+00  6.3174450e-01 -4.4613216e-08 -2.0796301e+00
  4.1036401e-09]
2024-09-07 00:17:35,359 INFO =====> Num. aborted data so far: 0
2024-09-07 00:17:35,614 INFO ===> New TaichiEnv created.
2024-09-07 00:17:35,614 INFO ===> Specifications: horizon = 600, dt = 0.01, n_substeps = 20, dt_sub = 0.0005
2024-09-07 00:20:02,018 INFO =====> Epoch: 22
2024-09-07 00:20:02,018 INFO =====> Loss: 67.45946502685547
2024-09-07 00:20:02,018 INFO =====> Grad: [ 2.4991005e+01  6.7133618e+02 -4.9531489e-05 -1.8550295e+03
 -5.9604645e-08]
2024-09-07 00:20:02,018 INFO =====> Num. aborted data so far: 0
2024-09-07 00:20:02,272 INFO ===> New TaichiEnv created.
2024-09-07 00:20:02,272 INFO ===> Specifications: horizon = 600, dt = 0.01, n_substeps = 20, dt_sub = 0.0005
2024-09-07 00:22:24,231 INFO =====> Epoch: 23
2024-09-07 00:22:24,231 INFO =====> Loss: 67.45510864257812
2024-09-07 00:22:24,231 INFO =====> Grad: [ 4.8013910e+04  2.8915693e+04  2.5671913e-04 -7.7008078e+04
  2.3283064e-09]
2024-09-07 00:22:24,231 INFO =====> Num. aborted data so far: 0
2024-09-07 00:22:24,487 INFO ===> New TaichiEnv created.
2024-09-07 00:22:24,487 INFO ===> Specifications: horizon = 600, dt = 0.01, n_substeps = 20, dt_sub = 0.0005
2024-09-07 00:24:37,249 INFO =====> Epoch: 24
2024-09-07 00:24:37,250 INFO =====> Loss: 67.50977325439453
2024-09-07 00:24:37,250 INFO =====> Grad: [-2.3684287e+04  1.5961123e+04 -4.0251558e-04 -5.2436359e+04
  1.5258789e-04]
2024-09-07 00:24:37,250 INFO =====> Num. aborted data so far: 0
2024-09-07 00:24:37,506 INFO ===> New TaichiEnv created.
2024-09-07 00:24:37,506 INFO ===> Specifications: horizon = 600, dt = 0.01, n_substeps = 20, dt_sub = 0.0005
2024-09-07 00:26:43,078 INFO =====> Epoch: 25
2024-09-07 00:26:43,078 INFO =====> Loss: 67.88372802734375
2024-09-07 00:26:43,078 INFO =====> Grad: [ 6.0491206e+03 -2.3694469e+04  2.3878287e-03  6.6143336e+04
  4.3487549e-04]
2024-09-07 00:26:43,078 INFO =====> Num. aborted data so far: 0
2024-09-07 00:26:43,336 INFO ===> New TaichiEnv created.
2024-09-07 00:26:43,337 INFO ===> Specifications: horizon = 600, dt = 0.01, n_substeps = 20, dt_sub = 0.0005
2024-09-07 00:28:56,209 INFO =====> Epoch: 26
2024-09-07 00:28:56,209 INFO =====> Loss: 67.45079803466797
2024-09-07 00:28:56,209 INFO =====> Grad: [-5.50993958e+02 -5.77621521e+02  1.28388474e-05  2.24647217e+03
 -1.04904175e-05]
2024-09-07 00:28:56,209 INFO =====> Num. aborted data so far: 0
2024-09-07 00:28:56,466 INFO ===> New TaichiEnv created.
2024-09-07 00:28:56,466 INFO ===> Specifications: horizon = 600, dt = 0.01, n_substeps = 20, dt_sub = 0.0005
2024-09-07 00:31:15,664 INFO =====> Epoch: 27
2024-09-07 00:31:15,664 INFO =====> Loss: 67.43299865722656
2024-09-07 00:31:15,664 INFO =====> Grad: [-4.0353470e+00  5.7579780e-01 -1.6707441e-08 -1.9354763e+00
 -6.5192580e-09]
2024-09-07 00:31:15,664 INFO =====> Num. aborted data so far: 0
2024-09-07 00:31:15,924 INFO ===> New TaichiEnv created.
2024-09-07 00:31:15,924 INFO ===> Specifications: horizon = 600, dt = 0.01, n_substeps = 20, dt_sub = 0.0005
2024-09-07 00:33:29,441 INFO =====> Epoch: 28
2024-09-07 00:33:29,441 INFO =====> Loss: 67.42210388183594
2024-09-07 00:33:29,442 INFO =====> Grad: [ 8.0099170e+02  3.0714612e+03 -1.4433081e-04 -9.9227100e+03
 -5.7220459e-06]
2024-09-07 00:33:29,442 INFO =====> Num. aborted data so far: 0
2024-09-07 00:33:29,702 INFO ===> New TaichiEnv created.
2024-09-07 00:33:29,702 INFO ===> Specifications: horizon = 600, dt = 0.01, n_substeps = 20, dt_sub = 0.0005
2024-09-07 00:35:38,334 INFO =====> Epoch: 29
2024-09-07 00:35:38,334 INFO =====> Loss: 67.82086944580078
2024-09-07 00:35:38,334 INFO =====> Grad: [-8.9147646e+03 -7.6654358e+02  6.5938992e-05  2.0820486e+03
  5.1222742e-09]
2024-09-07 00:35:38,334 INFO =====> Num. aborted data so far: 0
2024-09-07 00:35:38,608 INFO ===> New TaichiEnv created.
2024-09-07 00:35:38,608 INFO ===> Specifications: horizon = 600, dt = 0.01, n_substeps = 20, dt_sub = 0.0005
2024-09-07 00:37:52,185 INFO =====> Epoch: 30
2024-09-07 00:37:52,185 INFO =====> Loss: 67.42573547363281
2024-09-07 00:37:52,185 INFO =====> Grad: [ 2.8006138e+03 -6.9269766e+03  1.5453856e-05 -5.0223370e+02
  2.3841858e-05]
2024-09-07 00:37:52,185 INFO =====> Num. aborted data so far: 0
2024-09-07 00:37:52,446 INFO ===> New TaichiEnv created.
2024-09-07 00:37:52,446 INFO ===> Specifications: horizon = 600, dt = 0.01, n_substeps = 20, dt_sub = 0.0005
2024-09-07 00:40:11,888 INFO =====> Epoch: 31
2024-09-07 00:40:11,889 INFO =====> Loss: 67.43022155761719
2024-09-07 00:40:11,889 INFO =====> Grad: [-4.4662254e+01  4.1914929e+02 -2.0485062e-05 -7.3570837e+02
  1.1920929e-07]
2024-09-07 00:40:11,889 INFO =====> Num. aborted data so far: 0
2024-09-07 00:40:12,151 INFO ===> New TaichiEnv created.
2024-09-07 00:40:12,151 INFO ===> Specifications: horizon = 600, dt = 0.01, n_substeps = 20, dt_sub = 0.0005
2024-09-07 00:42:24,483 INFO =====> Epoch: 32
2024-09-07 00:42:24,483 INFO =====> Loss: 67.52021026611328
2024-09-07 00:42:24,483 INFO =====> Grad: [ 2.9861314e+04 -2.9622996e+03 -9.4102215e-05  9.8926074e+03
  4.4237822e-09]
2024-09-07 00:42:24,483 INFO =====> Num. aborted data so far: 0
2024-09-07 00:42:24,747 INFO ===> New TaichiEnv created.
2024-09-07 00:42:24,747 INFO ===> Specifications: horizon = 600, dt = 0.01, n_substeps = 20, dt_sub = 0.0005
2024-09-07 00:44:43,432 INFO =====> Epoch: 33
2024-09-07 00:44:43,433 INFO =====> Loss: 67.42997741699219
2024-09-07 00:44:43,433 INFO =====> Grad: [-1.0471283e+03  1.2535934e+04 -3.5740342e-04 -3.0097369e+04
  1.4495850e-04]
2024-09-07 00:44:43,433 INFO =====> Num. aborted data so far: 0
2024-09-07 00:44:43,696 INFO ===> New TaichiEnv created.
2024-09-07 00:44:43,697 INFO ===> Specifications: horizon = 600, dt = 0.01, n_substeps = 20, dt_sub = 0.0005
2024-09-07 00:46:55,900 INFO =====> Epoch: 34
2024-09-07 00:46:55,900 INFO =====> Loss: 67.50663757324219
2024-09-07 00:46:55,900 INFO =====> Grad: [-1.4152252e+05 -1.0641624e+05  5.9375158e-03  2.1908614e+05
 -5.3551048e-09]
2024-09-07 00:46:55,900 INFO =====> Num. aborted data so far: 0
2024-09-07 00:46:56,166 INFO ===> New TaichiEnv created.
2024-09-07 00:46:56,166 INFO ===> Specifications: horizon = 600, dt = 0.01, n_substeps = 20, dt_sub = 0.0005
2024-09-07 00:49:15,550 INFO =====> Epoch: 35
2024-09-07 00:49:15,550 INFO =====> Loss: 67.4675064086914
2024-09-07 00:49:15,550 INFO =====> Grad: [-3.0821392e+03 -2.7113354e+04 -9.9004875e-04  6.2940367e+04
  3.6621094e-04]
2024-09-07 00:49:15,550 INFO =====> Num. aborted data so far: 0
2024-09-07 00:49:15,818 INFO ===> New TaichiEnv created.
2024-09-07 00:49:15,818 INFO ===> Specifications: horizon = 600, dt = 0.01, n_substeps = 20, dt_sub = 0.0005
2024-09-07 00:51:41,707 INFO =====> Epoch: 36
2024-09-07 00:51:41,707 INFO =====> Loss: 67.47562408447266
2024-09-07 00:51:41,707 INFO =====> Grad: [ 2.8743783e-02 -2.1855973e-02 -9.5430286e-10 -1.4064291e-01
  9.7788870e-09]
2024-09-07 00:51:41,707 INFO =====> Num. aborted data so far: 0
2024-09-07 00:51:41,975 INFO ===> New TaichiEnv created.
2024-09-07 00:51:41,975 INFO ===> Specifications: horizon = 600, dt = 0.01, n_substeps = 20, dt_sub = 0.0005
2024-09-07 00:54:12,896 INFO =====> Epoch: 37
2024-09-07 00:54:12,896 INFO =====> Loss: 67.44953155517578
2024-09-07 00:54:12,897 INFO =====> Grad: [ 4.24220610e+00  7.57049382e-01 -2.44169840e-08 -1.38814557e+00
  1.14087015e-08]
2024-09-07 00:54:12,897 INFO =====> Num. aborted data so far: 0
2024-09-07 00:54:13,164 INFO ===> New TaichiEnv created.
2024-09-07 00:54:13,164 INFO ===> Specifications: horizon = 600, dt = 0.01, n_substeps = 20, dt_sub = 0.0005
2024-09-07 00:56:37,866 INFO =====> Epoch: 38
2024-09-07 00:56:37,866 INFO =====> Loss: 67.44924926757812
2024-09-07 00:56:37,866 INFO =====> Grad: [-9.7381757e+02  3.7519934e+02  9.5931546e-06 -9.9515607e+02
 -1.3351440e-05]
2024-09-07 00:56:37,866 INFO =====> Num. aborted data so far: 0
2024-09-07 00:56:38,134 INFO ===> New TaichiEnv created.
2024-09-07 00:56:38,134 INFO ===> Specifications: horizon = 600, dt = 0.01, n_substeps = 20, dt_sub = 0.0005
2024-09-07 00:58:57,333 INFO =====> Epoch: 39
2024-09-07 00:58:57,334 INFO =====> Loss: 67.4528579711914
2024-09-07 00:58:57,334 INFO =====> Grad: [-1.5659689e+05  1.2169386e+05  2.4181360e-03 -2.1876117e+05
  6.9849193e-09]
2024-09-07 00:58:57,334 INFO =====> Num. aborted data so far: 0
2024-09-07 00:58:57,602 INFO ===> New TaichiEnv created.
2024-09-07 00:58:57,602 INFO ===> Specifications: horizon = 600, dt = 0.01, n_substeps = 20, dt_sub = 0.0005
2024-09-07 01:01:09,094 INFO =====> Epoch: 40
2024-09-07 01:01:09,094 INFO =====> Loss: 67.35982513427734
2024-09-07 01:01:09,094 INFO =====> Grad: [-3.5808152e+04 -3.8970297e+04  1.3912097e-03  8.2433477e+04
 -3.7252903e-09]
2024-09-07 01:01:09,094 INFO =====> Num. aborted data so far: 0
2024-09-07 01:01:09,364 INFO ===> New TaichiEnv created.
2024-09-07 01:01:09,364 INFO ===> Specifications: horizon = 600, dt = 0.01, n_substeps = 20, dt_sub = 0.0005
2024-09-07 01:03:26,872 INFO =====> Epoch: 41
2024-09-07 01:03:26,872 INFO =====> Loss: 67.37141418457031
2024-09-07 01:03:26,872 INFO =====> Grad: [-4.7484583e+02 -4.7105254e+03  4.2789281e-05  1.0714104e+04
  5.3405762e-05]
2024-09-07 01:03:26,872 INFO =====> Num. aborted data so far: 0
2024-09-07 01:03:27,143 INFO ===> New TaichiEnv created.
2024-09-07 01:03:27,143 INFO ===> Specifications: horizon = 600, dt = 0.01, n_substeps = 20, dt_sub = 0.0005
2024-09-07 01:05:50,632 INFO =====> Epoch: 42
2024-09-07 01:05:50,632 INFO =====> Loss: 67.46083068847656
2024-09-07 01:05:50,632 INFO =====> Grad: [ 5.3852229e+00 -3.3639967e-02  2.6462565e-08 -1.4233694e+00
 -1.7881393e-07]
2024-09-07 01:05:50,632 INFO =====> Num. aborted data so far: 0
2024-09-07 01:05:50,901 INFO ===> New TaichiEnv created.
2024-09-07 01:05:50,902 INFO ===> Specifications: horizon = 600, dt = 0.01, n_substeps = 20, dt_sub = 0.0005
2024-09-07 01:08:21,603 INFO =====> Epoch: 43
2024-09-07 01:08:21,603 INFO =====> Loss: 67.45716094970703
2024-09-07 01:08:21,603 INFO =====> Grad: [ 4.2397742e+00  5.6098711e-01  2.6097139e-08 -1.4572941e+00
  4.8894435e-09]
2024-09-07 01:08:21,603 INFO =====> Num. aborted data so far: 0
2024-09-07 01:08:21,874 INFO ===> New TaichiEnv created.
2024-09-07 01:08:21,874 INFO ===> Specifications: horizon = 600, dt = 0.01, n_substeps = 20, dt_sub = 0.0005
2024-09-07 01:10:45,878 INFO =====> Epoch: 44
2024-09-07 01:10:45,878 INFO =====> Loss: 67.47721862792969
2024-09-07 01:10:45,878 INFO =====> Grad: [-2.6167936e+01 -5.3855774e+01 -3.5424673e-06  2.9966083e+02
 -2.3283064e-09]
2024-09-07 01:10:45,878 INFO =====> Num. aborted data so far: 0
2024-09-07 01:10:46,150 INFO ===> New TaichiEnv created.
2024-09-07 01:10:46,150 INFO ===> Specifications: horizon = 600, dt = 0.01, n_substeps = 20, dt_sub = 0.0005
2024-09-07 01:13:17,174 INFO =====> Epoch: 45
2024-09-07 01:13:17,174 INFO =====> Loss: 67.47773742675781
2024-09-07 01:13:17,174 INFO =====> Grad: [ 2.9855309e-02 -2.9094566e-02  1.6866553e-09 -1.3020605e-01
  7.2177500e-09]
2024-09-07 01:13:17,174 INFO =====> Num. aborted data so far: 0
2024-09-07 01:13:17,447 INFO ===> New TaichiEnv created.
2024-09-07 01:13:17,448 INFO ===> Specifications: horizon = 600, dt = 0.01, n_substeps = 20, dt_sub = 0.0005
2024-09-07 01:15:54,186 INFO =====> Epoch: 46
2024-09-07 01:15:54,186 INFO =====> Loss: 67.44789123535156
2024-09-07 01:15:54,186 INFO =====> Grad: [ 4.2831044e+00  5.8895415e-01 -2.9594474e-08 -1.3131858e+00
  4.6566129e-09]
2024-09-07 01:15:54,186 INFO =====> Num. aborted data so far: 0
2024-09-07 01:15:54,464 INFO ===> New TaichiEnv created.
2024-09-07 01:15:54,464 INFO ===> Specifications: horizon = 600, dt = 0.01, n_substeps = 20, dt_sub = 0.0005
2024-09-07 01:18:23,641 INFO =====> Epoch: 47
2024-09-07 01:18:23,641 INFO =====> Loss: 67.44924926757812
2024-09-07 01:18:23,641 INFO =====> Grad: [ 4.2422061e+00  6.3174534e-01 -2.4445086e-09 -1.2440708e+00
  2.6077032e-08]
2024-09-07 01:18:23,641 INFO =====> Num. aborted data so far: 0
2024-09-07 01:18:23,916 INFO ===> New TaichiEnv created.
2024-09-07 01:18:23,916 INFO ===> Specifications: horizon = 600, dt = 0.01, n_substeps = 20, dt_sub = 0.0005
2024-09-07 01:20:46,844 INFO =====> Epoch: 48
2024-09-07 01:20:46,845 INFO =====> Loss: 67.47740936279297
2024-09-07 01:20:46,845 INFO =====> Grad: [-2.1000072e+01  4.9012347e+02 -2.4324510e-05 -9.4912390e+02
  1.3969839e-09]
2024-09-07 01:20:46,845 INFO =====> Num. aborted data so far: 0
2024-09-07 01:20:47,118 INFO ===> New TaichiEnv created.
2024-09-07 01:20:47,118 INFO ===> Specifications: horizon = 600, dt = 0.01, n_substeps = 20, dt_sub = 0.0005
2024-09-07 01:23:03,663 INFO =====> Epoch: 49
2024-09-07 01:23:03,663 INFO =====> Loss: 67.3769302368164
2024-09-07 01:23:03,670 INFO =====> Grad: [-1.1179793e+04  6.1231987e+03  1.3850332e-04 -8.5451455e+03
 -3.0267984e-09]
2024-09-07 01:23:03,670 INFO =====> Num. aborted data so far: 0
2024-09-07 01:23:03,945 INFO ===> New TaichiEnv created.
2024-09-07 01:23:03,945 INFO ===> Specifications: horizon = 600, dt = 0.01, n_substeps = 20, dt_sub = 0.0005
2024-09-07 01:25:13,379 INFO =====> Epoch: 50
2024-09-07 01:25:13,379 INFO =====> Loss: 67.36483764648438
2024-09-07 01:25:13,379 INFO =====> Grad: [ 9.7104248e+03 -2.8555479e+03  6.6339751e-05 -7.2849030e+02
  3.6621094e-04]
2024-09-07 01:25:13,379 INFO =====> Num. aborted data so far: 0
2024-09-07 01:25:13,654 INFO ===> New TaichiEnv created.
2024-09-07 01:25:13,654 INFO ===> Specifications: horizon = 600, dt = 0.01, n_substeps = 20, dt_sub = 0.0005
2024-09-07 01:27:28,853 INFO =====> Epoch: 51
2024-09-07 01:27:28,853 INFO =====> Loss: 67.27783966064453
2024-09-07 01:27:28,853 INFO =====> Grad: [ 1.6825779e+01  1.1735416e+02 -4.1059170e-06 -2.1629774e+02
 -5.1222742e-09]
2024-09-07 01:27:28,853 INFO =====> Num. aborted data so far: 0
2024-09-07 01:27:29,130 INFO ===> New TaichiEnv created.
2024-09-07 01:27:29,130 INFO ===> Specifications: horizon = 600, dt = 0.01, n_substeps = 20, dt_sub = 0.0005
2024-09-07 01:29:36,860 INFO =====> Epoch: 52
2024-09-07 01:29:36,860 INFO =====> Loss: 67.4261474609375
2024-09-07 01:29:36,860 INFO =====> Grad: [ 7.6453964e+01 -2.2272951e+02  4.6304203e-06 -1.7281807e+02
 -4.1909516e-09]
2024-09-07 01:29:36,860 INFO =====> Num. aborted data so far: 0
2024-09-07 01:29:37,136 INFO ===> New TaichiEnv created.
2024-09-07 01:29:37,136 INFO ===> Specifications: horizon = 600, dt = 0.01, n_substeps = 20, dt_sub = 0.0005
2024-09-07 01:31:53,707 INFO =====> Epoch: 53
2024-09-07 01:31:53,708 INFO =====> Loss: 67.4456787109375
2024-09-07 01:31:53,708 INFO =====> Grad: [ 1.0072932e+02  6.1410486e+02 -1.9454050e-05 -9.4669684e+02
  1.0943040e-08]
2024-09-07 01:31:53,708 INFO =====> Num. aborted data so far: 0
2024-09-07 01:31:53,984 INFO ===> New TaichiEnv created.
2024-09-07 01:31:53,984 INFO ===> Specifications: horizon = 600, dt = 0.01, n_substeps = 20, dt_sub = 0.0005
2024-09-07 01:34:10,252 INFO =====> Epoch: 54
2024-09-07 01:34:10,252 INFO =====> Loss: 67.53795623779297
2024-09-07 01:34:10,252 INFO =====> Grad: [-1.3361777e+01  4.9120645e+02  3.1729513e-05 -9.4812384e+02
  9.7788870e-09]
2024-09-07 01:34:10,252 INFO =====> Num. aborted data so far: 0
2024-09-07 01:34:10,562 INFO ===> New TaichiEnv created.
2024-09-07 01:34:10,562 INFO ===> Specifications: horizon = 600, dt = 0.01, n_substeps = 20, dt_sub = 0.0005
2024-09-07 01:36:11,105 INFO =====> Epoch: 55
2024-09-07 01:36:11,105 INFO =====> Loss: 67.48223114013672
2024-09-07 01:36:11,105 INFO =====> Grad: [-9.8627900e+03  3.1065684e+03 -1.3952094e-04 -7.4123169e+02
  9.1552734e-04]
2024-09-07 01:36:11,105 INFO =====> Num. aborted data so far: 0
2024-09-07 01:36:11,384 INFO ===> New TaichiEnv created.
2024-09-07 01:36:11,384 INFO ===> Specifications: horizon = 600, dt = 0.01, n_substeps = 20, dt_sub = 0.0005
2024-09-07 01:38:03,510 INFO =====> Epoch: 56
2024-09-07 01:38:03,510 INFO =====> Loss: 67.42170715332031
2024-09-07 01:38:03,510 INFO =====> Grad: [-5.4916943e+02  1.6718588e+03  2.2805893e-04 -1.8194727e+03
 -8.0108643e-05]
2024-09-07 01:38:03,510 INFO =====> Num. aborted data so far: 0
2024-09-07 01:38:03,789 INFO ===> New TaichiEnv created.
2024-09-07 01:38:03,789 INFO ===> Specifications: horizon = 600, dt = 0.01, n_substeps = 20, dt_sub = 0.0005
2024-09-07 01:39:50,831 INFO =====> Epoch: 57
2024-09-07 01:39:50,831 INFO =====> Loss: 67.26171112060547
2024-09-07 01:39:50,832 INFO =====> Grad: [ 2.5708229e+04  7.7732629e+02 -2.3658187e-03 -1.7312359e+04
  2.4414062e-03]
2024-09-07 01:39:50,832 INFO =====> Num. aborted data so far: 0
2024-09-07 01:39:51,113 INFO ===> New TaichiEnv created.
2024-09-07 01:39:51,113 INFO ===> Specifications: horizon = 600, dt = 0.01, n_substeps = 20, dt_sub = 0.0005
2024-09-07 01:41:31,480 INFO =====> Epoch: 58
2024-09-07 01:41:31,480 INFO =====> Loss: 67.79141998291016
2024-09-07 01:41:31,480 INFO =====> Grad: [ 5.6173335e+03 -2.8913315e+03 -2.9262449e-04  1.7151086e+02
 -6.7138672e-04]
2024-09-07 01:41:31,480 INFO =====> Num. aborted data so far: 0
2024-09-07 01:41:31,760 INFO ===> New TaichiEnv created.
2024-09-07 01:41:31,760 INFO ===> Specifications: horizon = 600, dt = 0.01, n_substeps = 20, dt_sub = 0.0005
2024-09-07 01:43:19,286 INFO =====> Epoch: 59
2024-09-07 01:43:19,287 INFO =====> Loss: 67.60545349121094
2024-09-07 01:43:19,287 INFO =====> Grad: [-4.7842500e+03  7.7139111e+03 -7.5958087e-05 -4.7343652e+03
  3.0517578e-03]
2024-09-07 01:43:19,287 INFO =====> Num. aborted data so far: 0
2024-09-07 01:43:19,571 INFO ===> New TaichiEnv created.
2024-09-07 01:43:19,571 INFO ===> Specifications: horizon = 600, dt = 0.01, n_substeps = 20, dt_sub = 0.0005
2024-09-07 01:44:58,855 INFO =====> Epoch: 60
2024-09-07 01:44:58,855 INFO =====> Loss: 67.97627258300781
2024-09-07 01:44:58,855 INFO =====> Grad: [ 2.3779187e+03 -2.6583257e+03 -6.1795559e-05  9.3806006e+02
  1.5258789e-04]
2024-09-07 01:44:58,855 INFO =====> Num. aborted data so far: 0
2024-09-07 01:44:59,138 INFO ===> New TaichiEnv created.
2024-09-07 01:44:59,142 INFO ===> Specifications: horizon = 600, dt = 0.01, n_substeps = 20, dt_sub = 0.0005
2024-09-07 01:46:46,221 INFO =====> Epoch: 61
2024-09-07 01:46:46,221 INFO =====> Loss: 67.80911254882812
2024-09-07 01:46:46,221 INFO =====> Grad: [ 2.4789893e+03  6.2602397e+03  5.5848868e-05 -1.8099706e+03
  0.0000000e+00]
2024-09-07 01:46:46,221 INFO =====> Num. aborted data so far: 0
2024-09-07 01:46:46,501 INFO ===> New TaichiEnv created.
2024-09-07 01:46:46,501 INFO ===> Specifications: horizon = 600, dt = 0.01, n_substeps = 20, dt_sub = 0.0005
2024-09-07 01:48:29,149 INFO =====> Epoch: 62
2024-09-07 01:48:29,149 INFO =====> Loss: 68.48999786376953
2024-09-07 01:48:29,149 INFO =====> Grad: [-1.8810548e+03  1.3525935e+03 -5.4515112e-08 -4.4702362e+02
  1.9836426e-04]
2024-09-07 01:48:29,149 INFO =====> Num. aborted data so far: 0
2024-09-07 01:48:29,429 INFO ===> New TaichiEnv created.
2024-09-07 01:48:29,429 INFO ===> Specifications: horizon = 600, dt = 0.01, n_substeps = 20, dt_sub = 0.0005
2024-09-07 01:50:00,610 INFO =====> Epoch: 63
2024-09-07 01:50:00,611 INFO =====> Loss: 67.98632049560547
2024-09-07 01:50:00,611 INFO =====> Grad: [ 4.8717734e+04 -4.8726715e+04 -2.4640206e-03  1.0221513e+04
 -3.5644531e-02]
2024-09-07 01:50:00,611 INFO =====> Num. aborted data so far: 0
2024-09-07 01:50:00,891 INFO ===> New TaichiEnv created.
2024-09-07 01:50:00,891 INFO ===> Specifications: horizon = 600, dt = 0.01, n_substeps = 20, dt_sub = 0.0005
2024-09-07 01:51:44,039 INFO =====> Epoch: 64
2024-09-07 01:51:44,039 INFO =====> Loss: 68.44747161865234
2024-09-07 01:51:44,039 INFO =====> Grad: [ 9.4087246e+03  1.1131921e+03 -8.0753514e-04 -5.3099385e+03
  1.0375977e-03]
2024-09-07 01:51:44,039 INFO =====> Num. aborted data so far: 0
2024-09-07 01:51:44,318 INFO ===> New TaichiEnv created.
2024-09-07 01:51:44,318 INFO ===> Specifications: horizon = 600, dt = 0.01, n_substeps = 20, dt_sub = 0.0005
2024-09-07 01:53:18,216 INFO =====> Epoch: 65
2024-09-07 01:53:18,216 INFO =====> Loss: 68.65928649902344
2024-09-07 01:53:18,216 INFO =====> Grad: [-1.8718129e+04 -9.5860449e+02 -6.4095057e-04 -6.8446875e+02
  6.1035156e-04]
2024-09-07 01:53:18,216 INFO =====> Num. aborted data so far: 0
2024-09-07 01:53:18,497 INFO ===> New TaichiEnv created.
2024-09-07 01:53:18,497 INFO ===> Specifications: horizon = 600, dt = 0.01, n_substeps = 20, dt_sub = 0.0005
2024-09-07 01:54:58,426 INFO =====> Epoch: 66
2024-09-07 01:54:58,426 INFO =====> Loss: 68.5019760131836
2024-09-07 01:54:58,433 INFO =====> Grad: [ 2.7080661e+02 -5.5977185e+02  8.7948429e-06  1.1579126e+02
  6.1035156e-05]
2024-09-07 01:54:58,433 INFO =====> Num. aborted data so far: 0
2024-09-07 01:54:58,715 INFO ===> New TaichiEnv created.
2024-09-07 01:54:58,715 INFO ===> Specifications: horizon = 600, dt = 0.01, n_substeps = 20, dt_sub = 0.0005
2024-09-07 01:56:46,024 INFO =====> Epoch: 67
2024-09-07 01:56:46,024 INFO =====> Loss: 68.47640228271484
2024-09-07 01:56:46,024 INFO =====> Grad: [ 8.7275906e+04 -1.0195436e+05 -8.5489573e-03  5.3362329e+03
 -6.1523438e-02]
2024-09-07 01:56:46,024 INFO =====> Num. aborted data so far: 0
2024-09-07 01:56:46,306 INFO ===> New TaichiEnv created.
2024-09-07 01:56:46,306 INFO ===> Specifications: horizon = 600, dt = 0.01, n_substeps = 20, dt_sub = 0.0005
2024-09-07 01:58:39,390 INFO =====> Epoch: 68
2024-09-07 01:58:39,390 INFO =====> Loss: 68.11579132080078
2024-09-07 01:58:39,390 INFO =====> Grad: [-6.0814810e+03  3.0777358e+03 -1.1002649e-04 -2.9634665e+02
 -3.0517578e-04]
2024-09-07 01:58:39,390 INFO =====> Num. aborted data so far: 0
2024-09-07 01:58:39,673 INFO ===> New TaichiEnv created.
2024-09-07 01:58:39,673 INFO ===> Specifications: horizon = 600, dt = 0.01, n_substeps = 20, dt_sub = 0.0005
2024-09-07 02:00:27,291 INFO =====> Epoch: 69
2024-09-07 02:00:27,292 INFO =====> Loss: 68.40341186523438
2024-09-07 02:00:27,292 INFO =====> Grad: [ 2.7961355e+03 -1.5142123e+03 -8.0204911e-05  7.0453621e+01
 -1.0375977e-03]
2024-09-07 02:00:27,292 INFO =====> Num. aborted data so far: 0
2024-09-07 02:00:27,576 INFO ===> New TaichiEnv created.
2024-09-07 02:00:27,576 INFO ===> Specifications: horizon = 600, dt = 0.01, n_substeps = 20, dt_sub = 0.0005
2024-09-07 02:02:21,921 INFO =====> Epoch: 70
2024-09-07 02:02:21,921 INFO =====> Loss: 68.2435073852539
2024-09-07 02:02:21,921 INFO =====> Grad: [-7.6880688e+02 -9.6009888e+02  1.3596067e-04  6.9510590e+02
  9.3460083e-05]
2024-09-07 02:02:21,921 INFO =====> Num. aborted data so far: 0
2024-09-07 02:02:22,204 INFO ===> New TaichiEnv created.
2024-09-07 02:02:22,205 INFO ===> Specifications: horizon = 600, dt = 0.01, n_substeps = 20, dt_sub = 0.0005
2024-09-07 02:04:22,728 INFO =====> Epoch: 71
2024-09-07 02:04:22,728 INFO =====> Loss: 67.89879608154297
2024-09-07 02:04:22,728 INFO =====> Grad: [ 1.8709320e+01 -8.4546277e+02 -1.5084925e-05  2.6592194e+02
  1.5258789e-05]
2024-09-07 02:04:22,728 INFO =====> Num. aborted data so far: 0
2024-09-07 02:04:23,015 INFO ===> New TaichiEnv created.
2024-09-07 02:04:23,015 INFO ===> Specifications: horizon = 600, dt = 0.01, n_substeps = 20, dt_sub = 0.0005
2024-09-07 02:06:30,244 INFO =====> Epoch: 72
2024-09-07 02:06:30,245 INFO =====> Loss: 67.909912109375
2024-09-07 02:06:30,245 INFO =====> Grad: [-9.7282013e+01 -7.1215918e+02 -6.3897169e-06  1.9667888e+02
  5.3405762e-05]
2024-09-07 02:06:30,245 INFO =====> Num. aborted data so far: 0
2024-09-07 02:06:30,529 INFO ===> New TaichiEnv created.
2024-09-07 02:06:30,529 INFO ===> Specifications: horizon = 600, dt = 0.01, n_substeps = 20, dt_sub = 0.0005
2024-09-07 02:08:43,078 INFO =====> Epoch: 73
2024-09-07 02:08:43,078 INFO =====> Loss: 67.58040618896484
2024-09-07 02:08:43,078 INFO =====> Grad: [ 1.8188791e+05  1.2348811e+05  2.9574498e-03  7.9255304e+02
 -3.1250000e-02]
2024-09-07 02:08:43,078 INFO =====> Num. aborted data so far: 0
2024-09-07 02:08:43,370 INFO ===> New TaichiEnv created.
2024-09-07 02:08:43,370 INFO ===> Specifications: horizon = 600, dt = 0.01, n_substeps = 20, dt_sub = 0.0005
2024-09-07 02:10:50,065 INFO =====> Epoch: 74
2024-09-07 02:10:50,065 INFO =====> Loss: 67.75206756591797
2024-09-07 02:10:50,065 INFO =====> Grad: [ 1.1409863e+03  8.7880817e+02 -1.4914901e-05 -9.2035599e+01
  2.5749207e-05]
2024-09-07 02:10:50,065 INFO =====> Num. aborted data so far: 0
2024-09-07 02:10:50,352 INFO ===> New TaichiEnv created.
2024-09-07 02:10:50,353 INFO ===> Specifications: horizon = 600, dt = 0.01, n_substeps = 20, dt_sub = 0.0005
2024-09-07 02:12:49,549 INFO =====> Epoch: 75
2024-09-07 02:12:49,549 INFO =====> Loss: 68.09230041503906
2024-09-07 02:12:49,549 INFO =====> Grad: [-3.9108988e+05 -2.9828997e+05 -2.6090208e-02  2.6479968e+03
 -3.5156250e-02]
2024-09-07 02:12:49,549 INFO =====> Num. aborted data so far: 0
2024-09-07 02:12:49,836 INFO ===> New TaichiEnv created.
2024-09-07 02:12:49,836 INFO ===> Specifications: horizon = 600, dt = 0.01, n_substeps = 20, dt_sub = 0.0005
2024-09-07 02:14:56,605 INFO =====> Epoch: 76
2024-09-07 02:14:56,605 INFO =====> Loss: 67.8841552734375
2024-09-07 02:14:56,605 INFO =====> Grad: [-2.5625714e+02 -1.8173083e+03 -1.4989371e-04  3.6480667e+02
  1.9836426e-04]
2024-09-07 02:14:56,605 INFO =====> Num. aborted data so far: 0
2024-09-07 02:14:56,894 INFO ===> New TaichiEnv created.
2024-09-07 02:14:56,894 INFO ===> Specifications: horizon = 600, dt = 0.01, n_substeps = 20, dt_sub = 0.0005
2024-09-07 02:17:10,371 INFO =====> Epoch: 77
2024-09-07 02:17:10,371 INFO =====> Loss: 67.60102081298828
2024-09-07 02:17:10,371 INFO =====> Grad: [ 3.3860627e+03 -2.0964127e+02  3.1003758e-06 -1.0560832e+01
  7.6293945e-06]
2024-09-07 02:17:10,371 INFO =====> Num. aborted data so far: 0
2024-09-07 02:17:10,660 INFO ===> New TaichiEnv created.
2024-09-07 02:17:10,661 INFO ===> Specifications: horizon = 600, dt = 0.01, n_substeps = 20, dt_sub = 0.0005
2024-09-07 02:19:29,954 INFO =====> Epoch: 78
2024-09-07 02:19:29,954 INFO =====> Loss: 67.46696472167969
2024-09-07 02:19:29,955 INFO =====> Grad: [ 6.3661733e+03  7.4230654e+03 -4.0261002e-05  0.0000000e+00
  0.0000000e+00]
2024-09-07 02:19:29,955 INFO =====> Num. aborted data so far: 0
2024-09-07 02:19:30,249 INFO ===> New TaichiEnv created.
2024-09-07 02:19:30,249 INFO ===> Specifications: horizon = 600, dt = 0.01, n_substeps = 20, dt_sub = 0.0005
2024-09-07 02:21:43,193 INFO =====> Epoch: 79
2024-09-07 02:21:43,193 INFO =====> Loss: 67.71935272216797
2024-09-07 02:21:43,193 INFO =====> Grad: [-7.8664636e+02  1.2534950e+03  3.6459380e-05  0.0000000e+00
  0.0000000e+00]
2024-09-07 02:21:43,193 INFO =====> Num. aborted data so far: 0
2024-09-07 02:21:43,481 INFO ===> New TaichiEnv created.
2024-09-07 02:21:43,481 INFO ===> Specifications: horizon = 600, dt = 0.01, n_substeps = 20, dt_sub = 0.0005
2024-09-07 02:23:50,011 INFO =====> Epoch: 80
2024-09-07 02:23:50,011 INFO =====> Loss: 68.04943084716797
2024-09-07 02:23:50,011 INFO =====> Grad: [1.0491319e+05 1.1082373e+05 2.2080734e-03 0.0000000e+00 0.0000000e+00]
2024-09-07 02:23:50,011 INFO =====> Num. aborted data so far: 0
2024-09-07 02:23:50,298 INFO ===> New TaichiEnv created.
2024-09-07 02:23:50,298 INFO ===> Specifications: horizon = 600, dt = 0.01, n_substeps = 20, dt_sub = 0.0005
2024-09-07 02:25:50,430 INFO =====> Epoch: 81
2024-09-07 02:25:50,430 INFO =====> Loss: 68.26821899414062
2024-09-07 02:25:50,430 INFO =====> Grad: [-2.3665427e+03 -1.8401011e+03  7.6499840e-05  0.0000000e+00
  0.0000000e+00]
2024-09-07 02:25:50,431 INFO =====> Num. aborted data so far: 0
2024-09-07 02:25:50,717 INFO ===> New TaichiEnv created.
2024-09-07 02:25:50,717 INFO ===> Specifications: horizon = 600, dt = 0.01, n_substeps = 20, dt_sub = 0.0005
2024-09-07 02:27:55,270 INFO =====> Epoch: 82
2024-09-07 02:27:55,270 INFO =====> Loss: 67.89067840576172
2024-09-07 02:27:55,270 INFO =====> Grad: [ 1.0451506e+04  3.1354858e+03 -5.4847660e-05  0.0000000e+00
  0.0000000e+00]
2024-09-07 02:27:55,270 INFO =====> Num. aborted data so far: 0
2024-09-07 02:27:55,557 INFO ===> New TaichiEnv created.
2024-09-07 02:27:55,557 INFO ===> Specifications: horizon = 600, dt = 0.01, n_substeps = 20, dt_sub = 0.0005
2024-09-07 02:29:55,389 INFO =====> Epoch: 83
2024-09-07 02:29:55,390 INFO =====> Loss: 68.26539611816406
2024-09-07 02:29:55,390 INFO =====> Grad: [-1.1697737e+03 -7.5469861e+02  2.6220923e-05  0.0000000e+00
  0.0000000e+00]
2024-09-07 02:29:55,390 INFO =====> Num. aborted data so far: 0
2024-09-07 02:29:55,680 INFO ===> New TaichiEnv created.
2024-09-07 02:29:55,680 INFO ===> Specifications: horizon = 600, dt = 0.01, n_substeps = 20, dt_sub = 0.0005
2024-09-07 02:32:00,249 INFO =====> Epoch: 84
2024-09-07 02:32:00,249 INFO =====> Loss: 67.88783264160156
2024-09-07 02:32:00,256 INFO =====> Grad: [ 1.0715469e+04 -1.7140747e+02 -1.8583931e-05  0.0000000e+00
  0.0000000e+00]
2024-09-07 02:32:00,256 INFO =====> Num. aborted data so far: 0
2024-09-07 02:32:00,549 INFO ===> New TaichiEnv created.
2024-09-07 02:32:00,549 INFO ===> Specifications: horizon = 600, dt = 0.01, n_substeps = 20, dt_sub = 0.0005
2024-09-07 02:34:13,157 INFO =====> Epoch: 85
2024-09-07 02:34:13,157 INFO =====> Loss: 67.59573364257812
2024-09-07 02:34:13,157 INFO =====> Grad: [-5.8965537e+03  8.3634271e+02  3.5373225e-05  0.0000000e+00
  0.0000000e+00]
2024-09-07 02:34:13,157 INFO =====> Num. aborted data so far: 0
2024-09-07 02:34:13,452 INFO ===> New TaichiEnv created.
2024-09-07 02:34:13,452 INFO ===> Specifications: horizon = 600, dt = 0.01, n_substeps = 20, dt_sub = 0.0005
2024-09-07 02:36:18,308 INFO =====> Epoch: 86
2024-09-07 02:36:18,308 INFO =====> Loss: 67.88774871826172
2024-09-07 02:36:18,308 INFO =====> Grad: [ 2.8733746e+04  6.0696143e+03 -8.7620625e-05  0.0000000e+00
  0.0000000e+00]
2024-09-07 02:36:18,308 INFO =====> Num. aborted data so far: 0
2024-09-07 02:36:18,599 INFO ===> New TaichiEnv created.
2024-09-07 02:36:18,599 INFO ===> Specifications: horizon = 600, dt = 0.01, n_substeps = 20, dt_sub = 0.0005
2024-09-07 02:38:18,476 INFO =====> Epoch: 87
2024-09-07 02:38:18,477 INFO =====> Loss: 68.26534271240234
2024-09-07 02:38:18,477 INFO =====> Grad: [-1.3826881e+03 -9.8067993e+02  5.5190962e-05  0.0000000e+00
  0.0000000e+00]
2024-09-07 02:38:18,477 INFO =====> Num. aborted data so far: 0
2024-09-07 02:38:18,766 INFO ===> New TaichiEnv created.
2024-09-07 02:38:18,766 INFO ===> Specifications: horizon = 600, dt = 0.01, n_substeps = 20, dt_sub = 0.0005
2024-09-07 02:40:23,418 INFO =====> Epoch: 88
2024-09-07 02:40:23,418 INFO =====> Loss: 67.8879165649414
2024-09-07 02:40:23,418 INFO =====> Grad: [1.26243545e+04 2.43862305e+03 3.83064798e-05 0.00000000e+00
 0.00000000e+00]
2024-09-07 02:40:23,418 INFO =====> Num. aborted data so far: 0
2024-09-07 02:40:23,714 INFO ===> New TaichiEnv created.
2024-09-07 02:40:23,715 INFO ===> Specifications: horizon = 600, dt = 0.01, n_substeps = 20, dt_sub = 0.0005
2024-09-07 02:42:23,738 INFO =====> Epoch: 89
2024-09-07 02:42:23,738 INFO =====> Loss: 68.13534545898438
2024-09-07 02:42:23,739 INFO =====> Grad: [ 7.3652920e+03 -4.1853291e+03  3.3471145e-04  0.0000000e+00
  0.0000000e+00]
2024-09-07 02:42:23,739 INFO =====> Num. aborted data so far: 0
2024-09-07 02:42:24,029 INFO ===> New TaichiEnv created.
2024-09-07 02:42:24,029 INFO ===> Specifications: horizon = 600, dt = 0.01, n_substeps = 20, dt_sub = 0.0005
2024-09-07 02:44:28,611 INFO =====> Epoch: 90
2024-09-07 02:44:28,611 INFO =====> Loss: 67.7310562133789
2024-09-07 02:44:28,611 INFO =====> Grad: [ 3.3350346e+01 -1.4010748e+03 -7.6120603e-05  0.0000000e+00
  0.0000000e+00]
2024-09-07 02:44:28,611 INFO =====> Num. aborted data so far: 0
2024-09-07 02:44:28,906 INFO ===> New TaichiEnv created.
2024-09-07 02:44:28,906 INFO ===> Specifications: horizon = 600, dt = 0.01, n_substeps = 20, dt_sub = 0.0005
2024-09-07 02:46:40,074 INFO =====> Epoch: 91
2024-09-07 02:46:40,074 INFO =====> Loss: 67.51757049560547
2024-09-07 02:46:40,074 INFO =====> Grad: [-3.0468574e+00  1.4438033e+03 -4.0498453e-05  0.0000000e+00
  0.0000000e+00]
2024-09-07 02:46:40,074 INFO =====> Num. aborted data so far: 0
2024-09-07 02:46:40,373 INFO ===> New TaichiEnv created.
2024-09-07 02:46:40,377 INFO ===> Specifications: horizon = 600, dt = 0.01, n_substeps = 20, dt_sub = 0.0005
2024-09-07 02:48:44,729 INFO =====> Epoch: 92
2024-09-07 02:48:44,729 INFO =====> Loss: 67.88703918457031
2024-09-07 02:48:44,731 INFO =====> Grad: [ 1.0936130e+04 -8.2321942e+02 -6.0134116e-06  0.0000000e+00
  0.0000000e+00]
2024-09-07 02:48:44,731 INFO =====> Num. aborted data so far: 0
2024-09-07 02:48:45,028 INFO ===> New TaichiEnv created.
2024-09-07 02:48:45,028 INFO ===> Specifications: horizon = 600, dt = 0.01, n_substeps = 20, dt_sub = 0.0005
2024-09-07 02:50:57,841 INFO =====> Epoch: 93
2024-09-07 02:50:57,841 INFO =====> Loss: 67.58702087402344
2024-09-07 02:50:57,841 INFO =====> Grad: [-6.0945303e+03  9.5322223e+02  2.6137441e-05  0.0000000e+00
  0.0000000e+00]
2024-09-07 02:50:57,841 INFO =====> Num. aborted data so far: 0
2024-09-07 02:50:58,145 INFO ===> New TaichiEnv created.
2024-09-07 02:50:58,145 INFO ===> Specifications: horizon = 600, dt = 0.01, n_substeps = 20, dt_sub = 0.0005
2024-09-07 02:53:02,788 INFO =====> Epoch: 94
2024-09-07 02:53:02,788 INFO =====> Loss: 67.88703155517578
2024-09-07 02:53:02,795 INFO =====> Grad: [ 1.3385657e+03 -8.7407526e+02 -4.3819735e-05  0.0000000e+00
  0.0000000e+00]
2024-09-07 02:53:02,795 INFO =====> Num. aborted data so far: 0
2024-09-07 02:53:03,094 INFO ===> New TaichiEnv created.
2024-09-07 02:53:03,094 INFO ===> Specifications: horizon = 600, dt = 0.01, n_substeps = 20, dt_sub = 0.0005
2024-09-07 02:55:16,026 INFO =====> Epoch: 95
2024-09-07 02:55:16,026 INFO =====> Loss: 67.59336853027344
2024-09-07 02:55:16,026 INFO =====> Grad: [-1.4932986e+03 -2.5724652e+02 -8.9885161e-06  0.0000000e+00
  0.0000000e+00]
2024-09-07 02:55:16,026 INFO =====> Num. aborted data so far: 0
2024-09-07 02:55:16,328 INFO ===> New TaichiEnv created.
2024-09-07 02:55:16,328 INFO ===> Specifications: horizon = 600, dt = 0.01, n_substeps = 20, dt_sub = 0.0005
2024-09-07 02:57:43,469 INFO =====> Epoch: 96
2024-09-07 02:57:43,469 INFO =====> Loss: 67.44869995117188
2024-09-07 02:57:43,469 INFO =====> Grad: [-1.6985486e+04 -1.9625480e+04 -3.3485299e-04  0.0000000e+00
  0.0000000e+00]
2024-09-07 02:57:43,469 INFO =====> Num. aborted data so far: 0
2024-09-07 02:57:43,796 INFO ===> New TaichiEnv created.
2024-09-07 02:57:43,796 INFO ===> Specifications: horizon = 600, dt = 0.01, n_substeps = 20, dt_sub = 0.0005
2024-09-07 03:00:09,307 INFO =====> Epoch: 97
2024-09-07 03:00:09,307 INFO =====> Loss: 67.44585418701172
2024-09-07 03:00:09,307 INFO =====> Grad: [ 6.3219309e+04  1.7017961e+05 -1.0576220e-03  0.0000000e+00
  0.0000000e+00]
2024-09-07 03:00:09,308 INFO =====> Num. aborted data so far: 0
2024-09-07 03:00:09,604 INFO ===> New TaichiEnv created.
2024-09-07 03:00:09,604 INFO ===> Specifications: horizon = 600, dt = 0.01, n_substeps = 20, dt_sub = 0.0005
2024-09-07 03:02:29,791 ERROR ===> [Warning] Aborting epoch: 98
2024-09-07 03:02:29,791 ERROR ===> [Warning] Particle has nan or inf: False
2024-09-07 03:02:29,791 ERROR ===> [Warning] Strange loss or gradient.
2024-09-07 03:02:29,791 ERROR ===> [Warning] Skill params: [-0.3397915   0.70000046  0.35535544  0.6999999  -1.        ]
2024-09-07 03:02:29,791 ERROR ===> [Warning] Skill params grad: [-1.0411891e+06 -1.4256802e+06  4.0667731e-02  0.0000000e+00
  0.0000000e+00]
2024-09-07 03:02:29,791 ERROR ===> [Warning] Loss info: {'particle_has_naninf': False, 'height_map_loss': 50.85614013671875, 'emd_loss': 67.53981018066406, 'total_loss': 67.53981018066406}
2024-09-07 03:02:29,791 INFO =====> Epoch: 98
2024-09-07 03:02:29,791 INFO =====> Loss: 67.53981018066406
2024-09-07 03:02:29,792 INFO =====> Grad: [-1.0411891e+06 -1.4256802e+06  4.0667731e-02  0.0000000e+00
  0.0000000e+00]
2024-09-07 03:02:29,792 INFO =====> Num. aborted data so far: 1
2024-09-07 03:02:30,085 INFO ===> New TaichiEnv created.
2024-09-07 03:02:30,085 INFO ===> Specifications: horizon = 600, dt = 0.01, n_substeps = 20, dt_sub = 0.0005
2024-09-07 03:04:50,205 ERROR ===> [Warning] Aborting epoch: 99
2024-09-07 03:04:50,205 ERROR ===> [Warning] Particle has nan or inf: False
2024-09-07 03:04:50,205 ERROR ===> [Warning] Strange loss or gradient.
2024-09-07 03:04:50,205 ERROR ===> [Warning] Skill params: [-0.3397915   0.70000046  0.35535544  0.6999999  -1.        ]
2024-09-07 03:04:50,205 ERROR ===> [Warning] Skill params grad: [-9.8264619e+05 -1.3412241e+06 -1.1368662e-02  0.0000000e+00
  0.0000000e+00]
2024-09-07 03:04:50,205 ERROR ===> [Warning] Loss info: {'particle_has_naninf': False, 'height_map_loss': 50.856117248535156, 'emd_loss': 67.54146575927734, 'total_loss': 67.54146575927734}
2024-09-07 03:04:50,205 INFO =====> Epoch: 99
2024-09-07 03:04:50,205 INFO =====> Loss: 67.54146575927734
2024-09-07 03:04:50,205 INFO =====> Grad: [-9.8264619e+05 -1.3412241e+06 -1.1368662e-02  0.0000000e+00
  0.0000000e+00]
2024-09-07 03:04:50,205 INFO =====> Num. aborted data so far: 2
2024-09-07 03:04:50,499 INFO ===> New TaichiEnv created.
2024-09-07 03:04:50,499 INFO ===> Specifications: horizon = 600, dt = 0.01, n_substeps = 20, dt_sub = 0.0005
2024-09-07 03:07:10,567 ERROR ===> [Warning] Aborting epoch: 100
2024-09-07 03:07:10,567 ERROR ===> [Warning] Particle has nan or inf: False
2024-09-07 03:07:10,567 ERROR ===> [Warning] Strange loss or gradient.
2024-09-07 03:07:10,567 ERROR ===> [Warning] Skill params: [-0.3397915   0.70000046  0.35535544  0.6999999  -1.        ]
2024-09-07 03:07:10,567 ERROR ===> [Warning] Skill params grad: [-8.9899756e+05 -1.2152990e+06 -1.9096201e-02  0.0000000e+00
  0.0000000e+00]
2024-09-07 03:07:10,567 ERROR ===> [Warning] Loss info: {'particle_has_naninf': False, 'height_map_loss': 50.85603332519531, 'emd_loss': 67.54154205322266, 'total_loss': 67.54154205322266}
2024-09-07 03:07:10,567 INFO =====> Epoch: 100
2024-09-07 03:07:10,567 INFO =====> Loss: 67.54154205322266
2024-09-07 03:07:10,567 INFO =====> Grad: [-8.9899756e+05 -1.2152990e+06 -1.9096201e-02  0.0000000e+00
  0.0000000e+00]
2024-09-07 03:07:10,567 INFO =====> Num. aborted data so far: 3
2024-09-07 03:07:10,859 INFO ===> New TaichiEnv created.
2024-09-07 03:07:10,860 INFO ===> Specifications: horizon = 600, dt = 0.01, n_substeps = 20, dt_sub = 0.0005
2024-09-07 03:09:30,911 ERROR ===> [Warning] Aborting epoch: 101
2024-09-07 03:09:30,911 ERROR ===> [Warning] Particle has nan or inf: False
2024-09-07 03:09:30,911 ERROR ===> [Warning] Strange loss or gradient.
2024-09-07 03:09:30,911 ERROR ===> [Warning] Skill params: [-0.3397915   0.70000046  0.35535544  0.6999999  -1.        ]
2024-09-07 03:09:30,912 ERROR ===> [Warning] Skill params grad: [-6.5717165e+06 -8.9535290e+06  1.4834608e-01  0.0000000e+00
  0.0000000e+00]
2024-09-07 03:09:30,912 ERROR ===> [Warning] Loss info: {'particle_has_naninf': False, 'height_map_loss': 50.85592269897461, 'emd_loss': 67.54138946533203, 'total_loss': 67.54138946533203}
2024-09-07 03:09:30,912 INFO =====> Epoch: 101
2024-09-07 03:09:30,912 INFO =====> Loss: 67.54138946533203
2024-09-07 03:09:30,912 INFO =====> Grad: [-6.5717165e+06 -8.9535290e+06  1.4834608e-01  0.0000000e+00
  0.0000000e+00]
2024-09-07 03:09:30,912 INFO =====> Num. aborted data so far: 4
2024-09-07 03:09:31,201 INFO ===> New TaichiEnv created.
2024-09-07 03:09:31,201 INFO ===> Specifications: horizon = 600, dt = 0.01, n_substeps = 20, dt_sub = 0.0005
2024-09-07 03:11:51,157 ERROR ===> [Warning] Aborting epoch: 102
2024-09-07 03:11:51,157 ERROR ===> [Warning] Particle has nan or inf: False
2024-09-07 03:11:51,157 ERROR ===> [Warning] Strange loss or gradient.
2024-09-07 03:11:51,157 ERROR ===> [Warning] Skill params: [-0.3397915   0.70000046  0.35535544  0.6999999  -1.        ]
2024-09-07 03:11:51,164 ERROR ===> [Warning] Skill params grad: [ 2.8636142e+06  3.9090720e+06 -2.2802737e-02  0.0000000e+00
  0.0000000e+00]
2024-09-07 03:11:51,164 ERROR ===> [Warning] Loss info: {'particle_has_naninf': False, 'height_map_loss': 50.85225296020508, 'emd_loss': 67.54154205322266, 'total_loss': 67.54154205322266}
2024-09-07 03:11:51,164 INFO =====> Epoch: 102
2024-09-07 03:11:51,164 INFO =====> Loss: 67.54154205322266
2024-09-07 03:11:51,164 INFO =====> Grad: [ 2.8636142e+06  3.9090720e+06 -2.2802737e-02  0.0000000e+00
  0.0000000e+00]
2024-09-07 03:11:51,164 INFO =====> Num. aborted data so far: 5
2024-09-07 03:11:51,454 INFO ===> New TaichiEnv created.
2024-09-07 03:11:51,454 INFO ===> Specifications: horizon = 600, dt = 0.01, n_substeps = 20, dt_sub = 0.0005
2024-09-07 03:14:11,493 INFO =====> Epoch: 103
2024-09-07 03:14:11,493 INFO =====> Loss: 67.54138946533203
2024-09-07 03:14:11,494 INFO =====> Grad: [ 8.0697328e+04  1.0836020e+05 -7.7011355e-04  0.0000000e+00
  0.0000000e+00]
2024-09-07 03:14:11,494 INFO =====> Num. aborted data so far: 5
2024-09-07 03:14:11,783 INFO ===> New TaichiEnv created.
2024-09-07 03:14:11,783 INFO ===> Specifications: horizon = 600, dt = 0.01, n_substeps = 20, dt_sub = 0.0005
2024-09-07 03:16:24,519 INFO =====> Epoch: 104
2024-09-07 03:16:24,519 INFO =====> Loss: 67.86617279052734
2024-09-07 03:16:24,519 INFO =====> Grad: [2.6490720e+02 1.1840939e+03 2.7402966e-05 0.0000000e+00 0.0000000e+00]
2024-09-07 03:16:24,519 INFO =====> Num. aborted data so far: 5
2024-09-07 03:16:24,810 INFO ===> New TaichiEnv created.
2024-09-07 03:16:24,810 INFO ===> Specifications: horizon = 600, dt = 0.01, n_substeps = 20, dt_sub = 0.0005
2024-09-07 03:18:31,823 INFO =====> Epoch: 105
2024-09-07 03:18:31,824 INFO =====> Loss: 68.0583724975586
2024-09-07 03:18:31,824 INFO =====> Grad: [-3.3481580e+02 -1.9402791e+02  6.9718812e-06  0.0000000e+00
  0.0000000e+00]
2024-09-07 03:18:31,824 INFO =====> Num. aborted data so far: 5
2024-09-07 03:18:32,114 INFO ===> New TaichiEnv created.
2024-09-07 03:18:32,114 INFO ===> Specifications: horizon = 600, dt = 0.01, n_substeps = 20, dt_sub = 0.0005
2024-09-07 03:20:44,149 INFO =====> Epoch: 106
2024-09-07 03:20:44,149 INFO =====> Loss: 67.71370697021484
2024-09-07 03:20:44,149 INFO =====> Grad: [ 4.5206760e+02  9.3673975e+02 -3.9858845e-05  0.0000000e+00
  0.0000000e+00]
2024-09-07 03:20:44,149 INFO =====> Num. aborted data so far: 5
2024-09-07 03:20:44,440 INFO ===> New TaichiEnv created.
2024-09-07 03:20:44,440 INFO ===> Specifications: horizon = 600, dt = 0.01, n_substeps = 20, dt_sub = 0.0005
2024-09-07 03:22:52,563 INFO =====> Epoch: 107
2024-09-07 03:22:52,564 INFO =====> Loss: 68.0482406616211
2024-09-07 03:22:52,564 INFO =====> Grad: [1.6032133e+03 1.0233019e+03 2.9668938e-05 0.0000000e+00 0.0000000e+00]
2024-09-07 03:22:52,564 INFO =====> Num. aborted data so far: 5
2024-09-07 03:22:52,855 INFO ===> New TaichiEnv created.
2024-09-07 03:22:52,855 INFO ===> Specifications: horizon = 600, dt = 0.01, n_substeps = 20, dt_sub = 0.0005
2024-09-07 03:24:52,458 INFO =====> Epoch: 108
2024-09-07 03:24:52,458 INFO =====> Loss: 68.32111358642578
2024-09-07 03:24:52,458 INFO =====> Grad: [-2.3184644e+03 -3.1216846e+03  1.0674275e-04  0.0000000e+00
  0.0000000e+00]
2024-09-07 03:24:52,458 INFO =====> Num. aborted data so far: 5
2024-09-07 03:24:52,749 INFO ===> New TaichiEnv created.
2024-09-07 03:24:52,749 INFO ===> Specifications: horizon = 600, dt = 0.01, n_substeps = 20, dt_sub = 0.0005
2024-09-07 03:26:59,976 INFO =====> Epoch: 109
2024-09-07 03:26:59,976 INFO =====> Loss: 67.87899017333984
2024-09-07 03:26:59,976 INFO =====> Grad: [2.8002893e+04 1.5770395e+04 9.3052653e-04 0.0000000e+00 0.0000000e+00]
2024-09-07 03:26:59,976 INFO =====> Num. aborted data so far: 5
2024-09-07 03:27:00,265 INFO ===> New TaichiEnv created.
2024-09-07 03:27:00,265 INFO ===> Specifications: horizon = 600, dt = 0.01, n_substeps = 20, dt_sub = 0.0005
2024-09-07 03:29:01,639 INFO =====> Epoch: 110
2024-09-07 03:29:01,639 INFO =====> Loss: 68.28008270263672
2024-09-07 03:29:01,639 INFO =====> Grad: [-4.6771431e+03 -2.8081697e+03  2.5531444e-05  0.0000000e+00
  0.0000000e+00]
2024-09-07 03:29:01,639 INFO =====> Num. aborted data so far: 5
2024-09-07 03:29:01,930 INFO ===> New TaichiEnv created.
2024-09-07 03:29:01,930 INFO ===> Specifications: horizon = 600, dt = 0.01, n_substeps = 20, dt_sub = 0.0005
2024-09-07 03:31:07,385 INFO =====> Epoch: 111
2024-09-07 03:31:07,386 INFO =====> Loss: 67.88175964355469
2024-09-07 03:31:07,386 INFO =====> Grad: [-6.1626719e+03 -9.1546504e+03  1.5796686e-05  0.0000000e+00
  0.0000000e+00]
2024-09-07 03:31:07,386 INFO =====> Num. aborted data so far: 5
2024-09-07 03:31:07,677 INFO ===> New TaichiEnv created.
2024-09-07 03:31:07,677 INFO ===> Specifications: horizon = 600, dt = 0.01, n_substeps = 20, dt_sub = 0.0005
2024-09-07 03:33:18,922 INFO =====> Epoch: 112
2024-09-07 03:33:18,922 INFO =====> Loss: 67.51762390136719
2024-09-07 03:33:18,923 INFO =====> Grad: [ 1.20318165e+01 -1.87285291e+03  8.97871359e-07  0.00000000e+00
  0.00000000e+00]
2024-09-07 03:33:18,923 INFO =====> Num. aborted data so far: 5
2024-09-07 03:33:19,214 INFO ===> New TaichiEnv created.
2024-09-07 03:33:19,214 INFO ===> Specifications: horizon = 600, dt = 0.01, n_substeps = 20, dt_sub = 0.0005
2024-09-07 03:35:35,988 INFO =====> Epoch: 113
2024-09-07 03:35:35,988 INFO =====> Loss: 67.42877197265625
2024-09-07 03:35:35,988 INFO =====> Grad: [-3.26128006e+01  1.72167371e+03  1.01495985e-04  0.00000000e+00
  0.00000000e+00]
2024-09-07 03:35:35,988 INFO =====> Num. aborted data so far: 5
2024-09-07 03:35:36,284 INFO ===> New TaichiEnv created.
2024-09-07 03:35:36,284 INFO ===> Specifications: horizon = 600, dt = 0.01, n_substeps = 20, dt_sub = 0.0005
2024-09-07 03:37:46,902 INFO =====> Epoch: 114
2024-09-07 03:37:46,902 INFO =====> Loss: 67.49608612060547
2024-09-07 03:37:46,903 INFO =====> Grad: [-7.0480011e+01  1.2673807e+02 -7.8556441e-06  0.0000000e+00
  0.0000000e+00]
2024-09-07 03:37:46,903 INFO =====> Num. aborted data so far: 5
2024-09-07 03:37:47,196 INFO ===> New TaichiEnv created.
2024-09-07 03:37:47,196 INFO ===> Specifications: horizon = 600, dt = 0.01, n_substeps = 20, dt_sub = 0.0005
2024-09-07 03:39:51,700 INFO =====> Epoch: 115
2024-09-07 03:39:51,700 INFO =====> Loss: 67.73297882080078
2024-09-07 03:39:51,700 INFO =====> Grad: [-1.3655836e+02  1.2481805e+03  1.1712794e-04  0.0000000e+00
  0.0000000e+00]
2024-09-07 03:39:51,700 INFO =====> Num. aborted data so far: 5
2024-09-07 03:39:51,992 INFO ===> New TaichiEnv created.
2024-09-07 03:39:51,992 INFO ===> Specifications: horizon = 600, dt = 0.01, n_substeps = 20, dt_sub = 0.0005
2024-09-07 03:41:49,571 INFO =====> Epoch: 116
2024-09-07 03:41:49,571 INFO =====> Loss: 67.92530822753906
2024-09-07 03:41:49,571 INFO =====> Grad: [4.3227152e+04 3.2410549e+04 2.1696948e-03 0.0000000e+00 0.0000000e+00]
2024-09-07 03:41:49,571 INFO =====> Num. aborted data so far: 5
2024-09-07 03:41:49,862 INFO ===> New TaichiEnv created.
2024-09-07 03:41:49,862 INFO ===> Specifications: horizon = 600, dt = 0.01, n_substeps = 20, dt_sub = 0.0005
2024-09-07 03:43:41,818 INFO =====> Epoch: 117
2024-09-07 03:43:41,819 INFO =====> Loss: 68.04703521728516
2024-09-07 03:43:41,819 INFO =====> Grad: [-2.2487971e+04 -5.4257632e+03 -2.0674665e-03  0.0000000e+00
  0.0000000e+00]
2024-09-07 03:43:41,819 INFO =====> Num. aborted data so far: 5
2024-09-07 03:43:42,112 INFO ===> New TaichiEnv created.
2024-09-07 03:43:42,112 INFO ===> Specifications: horizon = 600, dt = 0.01, n_substeps = 20, dt_sub = 0.0005
2024-09-07 03:45:39,742 INFO =====> Epoch: 118
2024-09-07 03:45:39,742 INFO =====> Loss: 67.9252700805664
2024-09-07 03:45:39,742 INFO =====> Grad: [1.5062016e+04 1.1229205e+04 8.2717615e-04 0.0000000e+00 0.0000000e+00]
2024-09-07 03:45:39,742 INFO =====> Num. aborted data so far: 5
2024-09-07 03:45:40,035 INFO ===> New TaichiEnv created.
2024-09-07 03:45:40,035 INFO ===> Specifications: horizon = 600, dt = 0.01, n_substeps = 20, dt_sub = 0.0005
2024-09-07 03:47:32,236 INFO =====> Epoch: 119
2024-09-07 03:47:32,236 INFO =====> Loss: 68.04589080810547
2024-09-07 03:47:32,236 INFO =====> Grad: [ 5.5848414e+04 -2.6238408e+04 -4.9106749e-03  0.0000000e+00
  0.0000000e+00]
2024-09-07 03:47:32,236 INFO =====> Num. aborted data so far: 5
2024-09-07 03:47:32,529 INFO ===> New TaichiEnv created.
2024-09-07 03:47:32,529 INFO ===> Specifications: horizon = 600, dt = 0.01, n_substeps = 20, dt_sub = 0.0005
2024-09-07 03:49:30,824 INFO =====> Epoch: 120
2024-09-07 03:49:30,824 INFO =====> Loss: 67.76038360595703
2024-09-07 03:49:30,824 INFO =====> Grad: [-1.2246422e+04 -7.6182393e+03 -4.1938375e-04  0.0000000e+00
  0.0000000e+00]
2024-09-07 03:49:30,824 INFO =====> Num. aborted data so far: 5
2024-09-07 03:49:31,118 INFO ===> New TaichiEnv created.
2024-09-07 03:49:31,118 INFO ===> Specifications: horizon = 600, dt = 0.01, n_substeps = 20, dt_sub = 0.0005
2024-09-07 03:51:35,322 INFO =====> Epoch: 121
2024-09-07 03:51:35,322 INFO =====> Loss: 67.73297882080078
2024-09-07 03:51:35,322 INFO =====> Grad: [-1.0873102e+02  1.6615194e+03 -8.1182552e-06  0.0000000e+00
  0.0000000e+00]
2024-09-07 03:51:35,322 INFO =====> Num. aborted data so far: 5
2024-09-07 03:51:35,617 INFO ===> New TaichiEnv created.
2024-09-07 03:51:35,617 INFO ===> Specifications: horizon = 600, dt = 0.01, n_substeps = 20, dt_sub = 0.0005
2024-09-07 03:53:35,713 INFO =====> Epoch: 122
2024-09-07 03:53:35,713 INFO =====> Loss: 68.21675872802734
2024-09-07 03:53:35,713 INFO =====> Grad: [-1.0999865e+04  3.8705557e+03  3.1578942e-04  0.0000000e+00
  0.0000000e+00]
2024-09-07 03:53:35,713 INFO =====> Num. aborted data so far: 5
2024-09-07 03:53:36,012 INFO ===> New TaichiEnv created.
2024-09-07 03:53:36,012 INFO ===> Specifications: horizon = 600, dt = 0.01, n_substeps = 20, dt_sub = 0.0005
2024-09-07 03:55:26,885 INFO =====> Epoch: 123
2024-09-07 03:55:26,885 INFO =====> Loss: 67.9878921508789
2024-09-07 03:55:26,885 INFO =====> Grad: [-5.9159609e+04 -4.0278758e+04  2.5048205e-03  0.0000000e+00
  0.0000000e+00]
2024-09-07 03:55:26,885 INFO =====> Num. aborted data so far: 5
2024-09-07 03:55:27,183 INFO ===> New TaichiEnv created.
2024-09-07 03:55:27,183 INFO ===> Specifications: horizon = 600, dt = 0.01, n_substeps = 20, dt_sub = 0.0005
2024-09-07 03:57:26,000 ERROR ===> [Warning] Aborting epoch: 124
2024-09-07 03:57:26,000 ERROR ===> [Warning] Particle has nan or inf: False
2024-09-07 03:57:26,000 ERROR ===> [Warning] Strange loss or gradient.
2024-09-07 03:57:26,000 ERROR ===> [Warning] Skill params: [-0.18979153  0.5500004   0.00594133  0.6999999  -1.        ]
2024-09-07 03:57:26,000 ERROR ===> [Warning] Skill params grad: [ 1.9409389e+06 -2.2873898e+06 -1.5659444e-03  0.0000000e+00
  0.0000000e+00]
2024-09-07 03:57:26,000 ERROR ===> [Warning] Loss info: {'particle_has_naninf': False, 'height_map_loss': 50.95013427734375, 'emd_loss': 67.7647476196289, 'total_loss': 67.7647476196289}
2024-09-07 03:57:26,001 INFO =====> Epoch: 124
2024-09-07 03:57:26,001 INFO =====> Loss: 67.7647476196289
2024-09-07 03:57:26,001 INFO =====> Grad: [ 1.9409389e+06 -2.2873898e+06 -1.5659444e-03  0.0000000e+00
  0.0000000e+00]
2024-09-07 03:57:26,001 INFO =====> Num. aborted data so far: 6
2024-09-07 03:57:26,294 INFO ===> New TaichiEnv created.
2024-09-07 03:57:26,294 INFO ===> Specifications: horizon = 600, dt = 0.01, n_substeps = 20, dt_sub = 0.0005
2024-09-07 03:59:24,723 ERROR ===> [Warning] Aborting epoch: 125
2024-09-07 03:59:24,723 ERROR ===> [Warning] Particle has nan or inf: False
2024-09-07 03:59:24,723 ERROR ===> [Warning] Strange loss or gradient.
2024-09-07 03:59:24,723 ERROR ===> [Warning] Skill params: [-0.18979153  0.5500004   0.00594133  0.6999999  -1.        ]
2024-09-07 03:59:24,723 ERROR ===> [Warning] Skill params grad: [ 4.0428372e+06 -4.7121580e+06  5.3642668e-02  0.0000000e+00
  0.0000000e+00]
2024-09-07 03:59:24,723 ERROR ===> [Warning] Loss info: {'particle_has_naninf': False, 'height_map_loss': 50.951229095458984, 'emd_loss': 67.76255798339844, 'total_loss': 67.76255798339844}
2024-09-07 03:59:24,723 INFO =====> Epoch: 125
2024-09-07 03:59:24,723 INFO =====> Loss: 67.76255798339844
2024-09-07 03:59:24,723 INFO =====> Grad: [ 4.0428372e+06 -4.7121580e+06  5.3642668e-02  0.0000000e+00
  0.0000000e+00]
2024-09-07 03:59:24,723 INFO =====> Num. aborted data so far: 7
2024-09-07 03:59:25,020 INFO ===> New TaichiEnv created.
2024-09-07 03:59:25,020 INFO ===> Specifications: horizon = 600, dt = 0.01, n_substeps = 20, dt_sub = 0.0005
2024-09-07 04:01:23,948 ERROR ===> [Warning] Aborting epoch: 126
2024-09-07 04:01:23,948 ERROR ===> [Warning] Particle has nan or inf: False
2024-09-07 04:01:23,948 ERROR ===> [Warning] Strange loss or gradient.
2024-09-07 04:01:23,948 ERROR ===> [Warning] Skill params: [-0.18979153  0.5500004   0.00594133  0.6999999  -1.        ]
2024-09-07 04:01:23,948 ERROR ===> [Warning] Skill params grad: [ 2.0899510e+06 -2.4252375e+06  9.1145299e-02  0.0000000e+00
  0.0000000e+00]
2024-09-07 04:01:23,948 ERROR ===> [Warning] Loss info: {'particle_has_naninf': False, 'height_map_loss': 50.950199127197266, 'emd_loss': 67.76473999023438, 'total_loss': 67.76473999023438}
2024-09-07 04:01:23,948 INFO =====> Epoch: 126
2024-09-07 04:01:23,948 INFO =====> Loss: 67.76473999023438
2024-09-07 04:01:23,948 INFO =====> Grad: [ 2.0899510e+06 -2.4252375e+06  9.1145299e-02  0.0000000e+00
  0.0000000e+00]
2024-09-07 04:01:23,948 INFO =====> Num. aborted data so far: 8
2024-09-07 04:01:24,243 INFO ===> New TaichiEnv created.
2024-09-07 04:01:24,243 INFO ===> Specifications: horizon = 600, dt = 0.01, n_substeps = 20, dt_sub = 0.0005
2024-09-07 04:03:23,256 INFO =====> Epoch: 127
2024-09-07 04:03:23,256 INFO =====> Loss: 67.76570892333984
2024-09-07 04:03:23,257 INFO =====> Grad: [-1.7838160e+04  5.7153219e+04  3.4614634e-03  0.0000000e+00
  0.0000000e+00]
2024-09-07 04:03:23,257 INFO =====> Num. aborted data so far: 8
2024-09-07 04:03:23,549 INFO ===> New TaichiEnv created.
2024-09-07 04:03:23,550 INFO ===> Specifications: horizon = 600, dt = 0.01, n_substeps = 20, dt_sub = 0.0005
2024-09-07 04:05:15,734 INFO =====> Epoch: 128
2024-09-07 04:05:15,734 INFO =====> Loss: 67.66102600097656
2024-09-07 04:05:15,734 INFO =====> Grad: [-1.8536028e+02 -1.3939926e+02  3.2156454e-06  0.0000000e+00
  0.0000000e+00]
2024-09-07 04:05:15,734 INFO =====> Num. aborted data so far: 8
2024-09-07 04:05:16,031 INFO ===> New TaichiEnv created.
2024-09-07 04:05:16,031 INFO ===> Specifications: horizon = 600, dt = 0.01, n_substeps = 20, dt_sub = 0.0005
2024-09-07 04:07:12,350 INFO =====> Epoch: 129
2024-09-07 04:07:12,350 INFO =====> Loss: 67.42191314697266
2024-09-07 04:07:12,350 INFO =====> Grad: [-8.7960059e+02  1.4298802e+02 -4.7205176e-06  0.0000000e+00
  0.0000000e+00]
2024-09-07 04:07:12,350 INFO =====> Num. aborted data so far: 8
2024-09-07 04:07:12,646 INFO ===> New TaichiEnv created.
2024-09-07 04:07:12,646 INFO ===> Specifications: horizon = 600, dt = 0.01, n_substeps = 20, dt_sub = 0.0005
2024-09-07 04:09:04,779 INFO =====> Epoch: 130
2024-09-07 04:09:04,779 INFO =====> Loss: 67.51573181152344
2024-09-07 04:09:04,779 INFO =====> Grad: [ 5.3743492e+04 -1.8953766e+04  5.0445902e-04  0.0000000e+00
  0.0000000e+00]
2024-09-07 04:09:04,779 INFO =====> Num. aborted data so far: 8
2024-09-07 04:09:05,081 INFO ===> New TaichiEnv created.
2024-09-07 04:09:05,081 INFO ===> Specifications: horizon = 600, dt = 0.01, n_substeps = 20, dt_sub = 0.0005
2024-09-07 04:11:01,317 INFO =====> Epoch: 131
2024-09-07 04:11:01,317 INFO =====> Loss: 67.4173812866211
2024-09-07 04:11:01,317 INFO =====> Grad: [-4.8540207e+02  5.2880444e+02  2.0904461e-05  0.0000000e+00
  0.0000000e+00]
2024-09-07 04:11:01,317 INFO =====> Num. aborted data so far: 8
2024-09-07 04:11:01,613 INFO ===> New TaichiEnv created.
2024-09-07 04:11:01,613 INFO ===> Specifications: horizon = 600, dt = 0.01, n_substeps = 20, dt_sub = 0.0005
2024-09-07 04:12:52,175 INFO =====> Epoch: 132
2024-09-07 04:12:52,175 INFO =====> Loss: 67.25592803955078
2024-09-07 04:12:52,175 INFO =====> Grad: [-1.1433160e+04  7.8171582e+02  1.1953671e-03  0.0000000e+00
  0.0000000e+00]
2024-09-07 04:12:52,176 INFO =====> Num. aborted data so far: 8
2024-09-07 04:12:52,480 INFO ===> New TaichiEnv created.
2024-09-07 04:12:52,480 INFO ===> Specifications: horizon = 600, dt = 0.01, n_substeps = 20, dt_sub = 0.0005
2024-09-07 04:14:37,186 INFO =====> Epoch: 133
2024-09-07 04:14:37,186 INFO =====> Loss: 67.40286254882812
2024-09-07 04:14:37,186 INFO =====> Grad: [ 1.7835978e+05 -8.4142258e+04  3.2784198e-03  0.0000000e+00
  0.0000000e+00]
2024-09-07 04:14:37,186 INFO =====> Num. aborted data so far: 8
2024-09-07 04:14:37,483 INFO ===> New TaichiEnv created.
2024-09-07 04:14:37,483 INFO ===> Specifications: horizon = 600, dt = 0.01, n_substeps = 20, dt_sub = 0.0005
2024-09-07 04:16:26,589 INFO =====> Epoch: 134
2024-09-07 04:16:26,589 INFO =====> Loss: 67.17286682128906
2024-09-07 04:16:26,589 INFO =====> Grad: [-8.1750513e+02  4.5626862e+02  3.1744014e-05  0.0000000e+00
  0.0000000e+00]
2024-09-07 04:16:26,589 INFO =====> Num. aborted data so far: 8
2024-09-07 04:16:26,884 INFO ===> New TaichiEnv created.
2024-09-07 04:16:26,884 INFO ===> Specifications: horizon = 600, dt = 0.01, n_substeps = 20, dt_sub = 0.0005
2024-09-07 04:18:09,496 INFO =====> Epoch: 135
2024-09-07 04:18:09,496 INFO =====> Loss: 67.29806518554688
2024-09-07 04:18:09,497 INFO =====> Grad: [ 8.2986572e+03 -2.3674075e+03 -2.6179300e-04  0.0000000e+00
  0.0000000e+00]
2024-09-07 04:18:09,497 INFO =====> Num. aborted data so far: 8
2024-09-07 04:18:09,791 INFO ===> New TaichiEnv created.
2024-09-07 04:18:09,791 INFO ===> Specifications: horizon = 600, dt = 0.01, n_substeps = 20, dt_sub = 0.0005
2024-09-07 04:19:58,687 INFO =====> Epoch: 136
2024-09-07 04:19:58,687 INFO =====> Loss: 67.17263793945312
2024-09-07 04:19:58,688 INFO =====> Grad: [-1.0120937e+03  1.4424362e+01  8.0858190e-06  0.0000000e+00
  0.0000000e+00]
2024-09-07 04:19:58,688 INFO =====> Num. aborted data so far: 8
2024-09-07 04:19:58,983 INFO ===> New TaichiEnv created.
2024-09-07 04:19:58,983 INFO ===> Specifications: horizon = 600, dt = 0.01, n_substeps = 20, dt_sub = 0.0005
2024-09-07 04:21:41,270 INFO =====> Epoch: 137
2024-09-07 04:21:41,270 INFO =====> Loss: 67.29781341552734
2024-09-07 04:21:41,270 INFO =====> Grad: [-1.7238203e+03  9.8698792e+01 -7.4975193e-05  0.0000000e+00
  0.0000000e+00]
2024-09-07 04:21:41,270 INFO =====> Num. aborted data so far: 8
2024-09-07 04:21:41,566 INFO ===> New TaichiEnv created.
2024-09-07 04:21:41,566 INFO ===> Specifications: horizon = 600, dt = 0.01, n_substeps = 20, dt_sub = 0.0005
2024-09-07 04:23:17,208 INFO =====> Epoch: 138
2024-09-07 04:23:17,209 INFO =====> Loss: 67.42359924316406
2024-09-07 04:23:17,209 INFO =====> Grad: [-1.8892689e+03  9.2363483e+02  1.0048795e-04  0.0000000e+00
  0.0000000e+00]
2024-09-07 04:23:17,209 INFO =====> Num. aborted data so far: 8
2024-09-07 04:23:17,504 INFO ===> New TaichiEnv created.
2024-09-07 04:23:17,504 INFO ===> Specifications: horizon = 600, dt = 0.01, n_substeps = 20, dt_sub = 0.0005
2024-09-07 04:24:47,222 INFO =====> Epoch: 139
2024-09-07 04:24:47,222 INFO =====> Loss: 67.4911880493164
2024-09-07 04:24:47,222 INFO =====> Grad: [-7.4254000e+04  4.9114312e+04  1.0052524e-03  0.0000000e+00
  0.0000000e+00]
2024-09-07 04:24:47,222 INFO =====> Num. aborted data so far: 8
2024-09-07 04:24:47,520 INFO ===> New TaichiEnv created.
2024-09-07 04:24:47,520 INFO ===> Specifications: horizon = 600, dt = 0.01, n_substeps = 20, dt_sub = 0.0005
2024-09-07 04:26:10,505 INFO =====> Epoch: 140
2024-09-07 04:26:10,505 INFO =====> Loss: 67.52899169921875
2024-09-07 04:26:10,512 INFO =====> Grad: [-9.7250830e+02  1.0337948e+03  1.1049935e-05  0.0000000e+00
  0.0000000e+00]
2024-09-07 04:26:10,512 INFO =====> Num. aborted data so far: 8
2024-09-07 04:26:10,806 INFO ===> New TaichiEnv created.
2024-09-07 04:26:10,806 INFO ===> Specifications: horizon = 600, dt = 0.01, n_substeps = 20, dt_sub = 0.0005
2024-09-07 04:27:26,785 INFO =====> Epoch: 141
2024-09-07 04:27:26,785 INFO =====> Loss: 67.452392578125
2024-09-07 04:27:26,785 INFO =====> Grad: [ 1.9194403e+02 -1.2835274e+01 -3.6698595e-05  0.0000000e+00
  0.0000000e+00]
2024-09-07 04:27:26,785 INFO =====> Num. aborted data so far: 8
2024-09-07 04:27:27,079 INFO ===> New TaichiEnv created.
2024-09-07 04:27:27,079 INFO ===> Specifications: horizon = 600, dt = 0.01, n_substeps = 20, dt_sub = 0.0005
2024-09-07 04:28:49,972 INFO =====> Epoch: 142
2024-09-07 04:28:49,972 INFO =====> Loss: 67.54777526855469
2024-09-07 04:28:49,972 INFO =====> Grad: [-3.0392595e+03  1.4192056e+03  1.2762511e-04  0.0000000e+00
  0.0000000e+00]
2024-09-07 04:28:49,972 INFO =====> Num. aborted data so far: 8
2024-09-07 04:28:50,268 INFO ===> New TaichiEnv created.
2024-09-07 04:28:50,269 INFO ===> Specifications: horizon = 600, dt = 0.01, n_substeps = 20, dt_sub = 0.0005
2024-09-07 04:30:06,866 INFO =====> Epoch: 143
2024-09-07 04:30:06,866 INFO =====> Loss: 67.45807647705078
2024-09-07 04:30:06,866 INFO =====> Grad: [-9.70391541e+01  1.17419075e+02  2.19359617e-06  0.00000000e+00
  0.00000000e+00]
2024-09-07 04:30:06,866 INFO =====> Num. aborted data so far: 8
2024-09-07 04:30:07,164 INFO ===> New TaichiEnv created.
2024-09-07 04:30:07,164 INFO ===> Specifications: horizon = 600, dt = 0.01, n_substeps = 20, dt_sub = 0.0005
2024-09-07 04:31:18,846 INFO =====> Epoch: 144
2024-09-07 04:31:18,846 INFO =====> Loss: 67.2181167602539
2024-09-07 04:31:18,846 INFO =====> Grad: [-9.6879932e+02  1.6930724e+03 -7.5899561e-06  0.0000000e+00
  0.0000000e+00]
2024-09-07 04:31:18,846 INFO =====> Num. aborted data so far: 8
2024-09-07 04:31:19,140 INFO ===> New TaichiEnv created.
2024-09-07 04:31:19,140 INFO ===> Specifications: horizon = 600, dt = 0.01, n_substeps = 20, dt_sub = 0.0005
2024-09-07 04:32:29,122 INFO =====> Epoch: 145
2024-09-07 04:32:29,122 INFO =====> Loss: 67.1458969116211
2024-09-07 04:32:29,122 INFO =====> Grad: [ 2.9356094e+03 -9.8716396e+03 -7.0264206e-05  0.0000000e+00
  0.0000000e+00]
2024-09-07 04:32:29,122 INFO =====> Num. aborted data so far: 8
2024-09-07 04:32:29,419 INFO ===> New TaichiEnv created.
2024-09-07 04:32:29,419 INFO ===> Specifications: horizon = 600, dt = 0.01, n_substeps = 20, dt_sub = 0.0005
2024-09-07 04:33:41,811 INFO =====> Epoch: 146
2024-09-07 04:33:41,811 INFO =====> Loss: 67.10567474365234
2024-09-07 04:33:41,812 INFO =====> Grad: [ 1.7239677e+03 -2.3307705e+03 -2.0778548e-06  0.0000000e+00
  0.0000000e+00]
2024-09-07 04:33:41,812 INFO =====> Num. aborted data so far: 8
2024-09-07 04:33:42,112 INFO ===> New TaichiEnv created.
2024-09-07 04:33:42,112 INFO ===> Specifications: horizon = 600, dt = 0.01, n_substeps = 20, dt_sub = 0.0005
2024-09-07 04:34:58,948 INFO =====> Epoch: 147
2024-09-07 04:34:58,948 INFO =====> Loss: 67.49072265625
2024-09-07 04:34:58,948 INFO =====> Grad: [ 1.6719709e+03 -1.7869398e+03  4.7773538e-06  0.0000000e+00
  0.0000000e+00]
2024-09-07 04:34:58,948 INFO =====> Num. aborted data so far: 8
2024-09-07 04:34:59,244 INFO ===> New TaichiEnv created.
2024-09-07 04:34:59,244 INFO ===> Specifications: horizon = 600, dt = 0.01, n_substeps = 20, dt_sub = 0.0005
2024-09-07 04:36:22,022 INFO =====> Epoch: 148
2024-09-07 04:36:22,022 INFO =====> Loss: 67.52891540527344
2024-09-07 04:36:22,022 INFO =====> Grad: [-1.5564677e+03  1.1645559e+03  2.1285064e-06  0.0000000e+00
  0.0000000e+00]
2024-09-07 04:36:22,022 INFO =====> Num. aborted data so far: 8
2024-09-07 04:36:22,319 INFO ===> New TaichiEnv created.
2024-09-07 04:36:22,319 INFO ===> Specifications: horizon = 600, dt = 0.01, n_substeps = 20, dt_sub = 0.0005
2024-09-07 04:37:39,319 INFO =====> Epoch: 149
2024-09-07 04:37:39,320 INFO =====> Loss: 67.45806884765625
2024-09-07 04:37:39,320 INFO =====> Grad: [-5.639963e+02  2.693611e+02 -8.683703e-06  0.000000e+00  0.000000e+00]
2024-09-07 04:37:39,320 INFO =====> Num. aborted data so far: 8
2024-09-07 04:37:39,321 INFO ====> Finished training.
