2024-12-11 15:47:20,409 DEBUG loaded <trimesh.Trimesh(vertices.shape=(916, 3), faces.shape=(856, 3))> using `load_obj` in 0.0027s
2024-12-11 15:47:20,553 DEBUG loaded <trimesh.Trimesh(vertices.shape=(48, 3), faces.shape=(28, 3))> using `load_obj` in 0.0007s
2024-12-11 15:47:38,914 INFO =====> Skill params: [ 0.79940385  0.2         0.8         0.         -0.5       ]
2024-12-11 15:47:38,914 INFO =====> Grad: [ 1.3655730e+03 -2.1487957e+03  1.9869016e-05  9.4247797e+02
  3.6621095e-05]
2024-12-11 15:47:38,914 INFO =====> Num. aborted data so far: 0
2024-12-11 15:47:38,915 INFO ===========> Epoch: 0 optimisation losses
2024-12-11 15:47:38,915 INFO =====> EMD Loss: 18.138742
2024-12-11 15:47:38,915 INFO =====> Height map loss: 11.233360
2024-12-11 15:47:39,224 DEBUG loaded <trimesh.Trimesh(vertices.shape=(916, 3), faces.shape=(856, 3))> using `load_obj` in 0.0028s
2024-12-11 15:47:39,359 DEBUG loaded <trimesh.Trimesh(vertices.shape=(48, 3), faces.shape=(28, 3))> using `load_obj` in 0.0007s
2024-12-11 15:47:46,510 INFO ==> EMD Loss: 18.269247
2024-12-11 15:47:46,510 INFO ==> Height map loss:  11.049091
2024-12-11 15:47:46,798 DEBUG loaded <trimesh.Trimesh(vertices.shape=(916, 3), faces.shape=(856, 3))> using `load_obj` in 0.0029s
2024-12-11 15:47:46,935 DEBUG loaded <trimesh.Trimesh(vertices.shape=(48, 3), faces.shape=(28, 3))> using `load_obj` in 0.0007s
2024-12-11 15:47:53,718 INFO ==> EMD Loss: 18.240543
2024-12-11 15:47:53,718 INFO ==> Height map loss:  11.469793
2024-12-11 15:47:54,003 DEBUG loaded <trimesh.Trimesh(vertices.shape=(916, 3), faces.shape=(856, 3))> using `load_obj` in 0.0029s
2024-12-11 15:47:54,141 DEBUG loaded <trimesh.Trimesh(vertices.shape=(48, 3), faces.shape=(28, 3))> using `load_obj` in 0.0007s
2024-12-11 15:48:00,919 INFO ==> EMD Loss: 18.811966
2024-12-11 15:48:00,919 INFO ==> Height map loss:  11.607399
2024-12-11 15:48:01,283 DEBUG loaded <trimesh.Trimesh(vertices.shape=(916, 3), faces.shape=(856, 3))> using `load_obj` in 0.0038s
2024-12-11 15:48:01,466 DEBUG loaded <trimesh.Trimesh(vertices.shape=(48, 3), faces.shape=(28, 3))> using `load_obj` in 0.0008s
2024-12-11 15:48:08,611 INFO ==> EMD Loss: 18.192097
2024-12-11 15:48:08,611 INFO ==> Height map loss:  11.235383
2024-12-11 15:48:08,988 DEBUG loaded <trimesh.Trimesh(vertices.shape=(916, 3), faces.shape=(856, 3))> using `load_obj` in 0.0029s
2024-12-11 15:48:09,129 DEBUG loaded <trimesh.Trimesh(vertices.shape=(48, 3), faces.shape=(28, 3))> using `load_obj` in 0.0007s
2024-12-11 15:48:16,196 INFO ==> EMD Loss: 17.831694
2024-12-11 15:48:16,196 INFO ==> Height map loss:  10.606972
2024-12-11 15:48:16,491 DEBUG loaded <trimesh.Trimesh(vertices.shape=(916, 3), faces.shape=(856, 3))> using `load_obj` in 0.0028s
2024-12-11 15:48:16,628 DEBUG loaded <trimesh.Trimesh(vertices.shape=(48, 3), faces.shape=(28, 3))> using `load_obj` in 0.0007s
2024-12-11 15:48:35,001 INFO =====> Skill params: [ 0.6096672   0.38973665  0.78746253 -0.18973666 -0.52298814]
2024-12-11 15:48:35,001 INFO =====> Grad: [-2.6330649e+03  1.7449088e+03  1.1345042e-05 -7.0510675e+02
 -8.6677974e-05]
2024-12-11 15:48:35,001 INFO =====> Num. aborted data so far: 0
2024-12-11 15:48:35,002 INFO ===========> Epoch: 1 optimisation losses
2024-12-11 15:48:35,002 INFO =====> EMD Loss: 17.835928
2024-12-11 15:48:35,002 INFO =====> Height map loss: 10.607088
2024-12-11 15:48:35,555 DEBUG loaded <trimesh.Trimesh(vertices.shape=(916, 3), faces.shape=(856, 3))> using `load_obj` in 0.0049s
2024-12-11 15:48:35,787 DEBUG loaded <trimesh.Trimesh(vertices.shape=(48, 3), faces.shape=(28, 3))> using `load_obj` in 0.0010s
2024-12-11 15:48:42,805 INFO ==> EMD Loss: 17.863527
2024-12-11 15:48:42,805 INFO ==> Height map loss:  10.628364
2024-12-11 15:48:43,105 DEBUG loaded <trimesh.Trimesh(vertices.shape=(916, 3), faces.shape=(856, 3))> using `load_obj` in 0.0029s
2024-12-11 15:48:43,248 DEBUG loaded <trimesh.Trimesh(vertices.shape=(48, 3), faces.shape=(28, 3))> using `load_obj` in 0.0007s
2024-12-11 15:48:50,219 INFO ==> EMD Loss: 18.080524
2024-12-11 15:48:50,219 INFO ==> Height map loss:  11.059993
2024-12-11 15:48:50,521 DEBUG loaded <trimesh.Trimesh(vertices.shape=(916, 3), faces.shape=(856, 3))> using `load_obj` in 0.0029s
2024-12-11 15:48:50,660 DEBUG loaded <trimesh.Trimesh(vertices.shape=(48, 3), faces.shape=(28, 3))> using `load_obj` in 0.0007s
2024-12-11 15:48:57,582 INFO ==> EMD Loss: 18.677715
2024-12-11 15:48:57,582 INFO ==> Height map loss:  11.506644
2024-12-11 15:48:57,882 DEBUG loaded <trimesh.Trimesh(vertices.shape=(916, 3), faces.shape=(856, 3))> using `load_obj` in 0.0028s
2024-12-11 15:48:58,019 DEBUG loaded <trimesh.Trimesh(vertices.shape=(48, 3), faces.shape=(28, 3))> using `load_obj` in 0.0007s
2024-12-11 15:49:05,110 INFO ==> EMD Loss: 18.820677
2024-12-11 15:49:05,110 INFO ==> Height map loss:  11.639573
2024-12-11 15:49:05,412 DEBUG loaded <trimesh.Trimesh(vertices.shape=(916, 3), faces.shape=(856, 3))> using `load_obj` in 0.0029s
2024-12-11 15:49:05,552 DEBUG loaded <trimesh.Trimesh(vertices.shape=(48, 3), faces.shape=(28, 3))> using `load_obj` in 0.0007s
2024-12-11 15:49:12,488 INFO ==> EMD Loss: 18.670135
2024-12-11 15:49:12,488 INFO ==> Height map loss:  11.686757
2024-12-11 15:49:12,803 DEBUG loaded <trimesh.Trimesh(vertices.shape=(916, 3), faces.shape=(856, 3))> using `load_obj` in 0.0029s
2024-12-11 15:49:12,941 DEBUG loaded <trimesh.Trimesh(vertices.shape=(48, 3), faces.shape=(28, 3))> using `load_obj` in 0.0007s
2024-12-11 15:49:31,364 INFO =====> Skill params: [ 0.6181795   0.3835676   0.78708553 -0.18386216 -0.52024317]
2024-12-11 15:49:31,365 INFO =====> Grad: [-3.6456946e+02  1.1945536e+03 -1.0271207e-05 -7.1161823e+02
  2.0772975e-06]
2024-12-11 15:49:31,365 INFO =====> Num. aborted data so far: 0
2024-12-11 15:49:31,365 INFO ===========> Epoch: 2 optimisation losses
2024-12-11 15:49:31,365 INFO =====> EMD Loss: 17.863609
2024-12-11 15:49:31,365 INFO =====> Height map loss: 10.628483
2024-12-11 15:49:31,694 DEBUG loaded <trimesh.Trimesh(vertices.shape=(916, 3), faces.shape=(856, 3))> using `load_obj` in 0.0029s
2024-12-11 15:49:31,832 DEBUG loaded <trimesh.Trimesh(vertices.shape=(48, 3), faces.shape=(28, 3))> using `load_obj` in 0.0007s
2024-12-11 15:49:38,948 INFO ==> EMD Loss: 18.023727
2024-12-11 15:49:38,948 INFO ==> Height map loss:  10.686153
2024-12-11 15:49:39,256 DEBUG loaded <trimesh.Trimesh(vertices.shape=(916, 3), faces.shape=(856, 3))> using `load_obj` in 0.0028s
2024-12-11 15:49:39,395 DEBUG loaded <trimesh.Trimesh(vertices.shape=(48, 3), faces.shape=(28, 3))> using `load_obj` in 0.0007s
2024-12-11 15:49:46,902 INFO ==> EMD Loss: 17.992168
2024-12-11 15:49:46,902 INFO ==> Height map loss:  10.891397
2024-12-11 15:49:47,211 DEBUG loaded <trimesh.Trimesh(vertices.shape=(916, 3), faces.shape=(856, 3))> using `load_obj` in 0.0029s
2024-12-11 15:49:47,351 DEBUG loaded <trimesh.Trimesh(vertices.shape=(48, 3), faces.shape=(28, 3))> using `load_obj` in 0.0007s
2024-12-11 15:49:54,156 INFO ==> EMD Loss: 18.297783
2024-12-11 15:49:54,156 INFO ==> Height map loss:  11.085807
2024-12-11 15:49:54,471 DEBUG loaded <trimesh.Trimesh(vertices.shape=(916, 3), faces.shape=(856, 3))> using `load_obj` in 0.0029s
2024-12-11 15:49:54,608 DEBUG loaded <trimesh.Trimesh(vertices.shape=(48, 3), faces.shape=(28, 3))> using `load_obj` in 0.0007s
2024-12-11 15:50:01,354 INFO ==> EMD Loss: 18.225479
2024-12-11 15:50:01,354 INFO ==> Height map loss:  11.264942
2024-12-11 15:50:01,670 DEBUG loaded <trimesh.Trimesh(vertices.shape=(916, 3), faces.shape=(856, 3))> using `load_obj` in 0.0030s
2024-12-11 15:50:01,814 DEBUG loaded <trimesh.Trimesh(vertices.shape=(48, 3), faces.shape=(28, 3))> using `load_obj` in 0.0007s
2024-12-11 15:50:08,757 INFO ==> EMD Loss: 18.538263
2024-12-11 15:50:08,757 INFO ==> Height map loss:  11.554224
2024-12-11 15:50:09,143 DEBUG loaded <trimesh.Trimesh(vertices.shape=(916, 3), faces.shape=(856, 3))> using `load_obj` in 0.0039s
2024-12-11 15:50:09,330 DEBUG loaded <trimesh.Trimesh(vertices.shape=(48, 3), faces.shape=(28, 3))> using `load_obj` in 0.0008s
2024-12-11 15:50:27,831 INFO =====> Skill params: [ 0.61941135  0.37953752  0.78744507 -0.17864332 -0.5203125 ]
2024-12-11 15:50:27,831 INFO =====> Grad: [-1.3853074e+03  1.7436017e+03  1.6807822e-05 -4.9665253e+02
 -2.5044350e-05]
2024-12-11 15:50:27,831 INFO =====> Num. aborted data so far: 0
2024-12-11 15:50:27,832 INFO ===========> Epoch: 3 optimisation losses
2024-12-11 15:50:27,832 INFO =====> EMD Loss: 18.026144
2024-12-11 15:50:27,832 INFO =====> Height map loss: 10.685609
2024-12-11 15:50:28,185 DEBUG loaded <trimesh.Trimesh(vertices.shape=(916, 3), faces.shape=(856, 3))> using `load_obj` in 0.0031s
2024-12-11 15:50:28,329 DEBUG loaded <trimesh.Trimesh(vertices.shape=(48, 3), faces.shape=(28, 3))> using `load_obj` in 0.0007s
2024-12-11 15:50:35,434 INFO ==> EMD Loss: 18.042147
2024-12-11 15:50:35,434 INFO ==> Height map loss:  10.740306
2024-12-11 15:50:35,767 DEBUG loaded <trimesh.Trimesh(vertices.shape=(916, 3), faces.shape=(856, 3))> using `load_obj` in 0.0029s
2024-12-11 15:50:35,912 DEBUG loaded <trimesh.Trimesh(vertices.shape=(48, 3), faces.shape=(28, 3))> using `load_obj` in 0.0007s
2024-12-11 15:50:42,749 INFO ==> EMD Loss: 18.067020
2024-12-11 15:50:42,749 INFO ==> Height map loss:  11.022435
2024-12-11 15:50:43,092 DEBUG loaded <trimesh.Trimesh(vertices.shape=(916, 3), faces.shape=(856, 3))> using `load_obj` in 0.0039s
2024-12-11 15:50:43,281 DEBUG loaded <trimesh.Trimesh(vertices.shape=(48, 3), faces.shape=(28, 3))> using `load_obj` in 0.0009s
2024-12-11 15:50:50,386 INFO ==> EMD Loss: 18.306654
2024-12-11 15:50:50,386 INFO ==> Height map loss:  11.235369
2024-12-11 15:50:50,701 DEBUG loaded <trimesh.Trimesh(vertices.shape=(916, 3), faces.shape=(856, 3))> using `load_obj` in 0.0028s
2024-12-11 15:50:50,842 DEBUG loaded <trimesh.Trimesh(vertices.shape=(48, 3), faces.shape=(28, 3))> using `load_obj` in 0.0007s
2024-12-11 15:50:57,849 INFO ==> EMD Loss: 18.726015
2024-12-11 15:50:57,849 INFO ==> Height map loss:  11.521332
2024-12-11 15:50:58,174 DEBUG loaded <trimesh.Trimesh(vertices.shape=(916, 3), faces.shape=(856, 3))> using `load_obj` in 0.0028s
2024-12-11 15:50:58,319 DEBUG loaded <trimesh.Trimesh(vertices.shape=(48, 3), faces.shape=(28, 3))> using `load_obj` in 0.0007s
2024-12-11 15:51:05,091 INFO ==> EMD Loss: 18.817430
2024-12-11 15:51:05,091 INFO ==> Height map loss:  11.555393
2024-12-11 15:51:05,406 DEBUG loaded <trimesh.Trimesh(vertices.shape=(916, 3), faces.shape=(856, 3))> using `load_obj` in 0.0028s
2024-12-11 15:51:05,547 DEBUG loaded <trimesh.Trimesh(vertices.shape=(48, 3), faces.shape=(28, 3))> using `load_obj` in 0.0007s
2024-12-11 15:51:23,878 INFO =====> Skill params: [ 0.6237887   0.3743472   0.78682625 -0.17508437 -0.51943505]
2024-12-11 15:51:23,878 INFO =====> Grad: [-7.1756812e+02  1.5380568e+03  1.7255916e-05 -6.8789429e+02
  4.9879349e-05]
2024-12-11 15:51:23,878 INFO =====> Num. aborted data so far: 0
2024-12-11 15:51:23,879 INFO ===========> Epoch: 4 optimisation losses
2024-12-11 15:51:23,879 INFO =====> EMD Loss: 18.067785
2024-12-11 15:51:23,879 INFO =====> Height map loss: 10.740160
2024-12-11 15:51:24,237 DEBUG loaded <trimesh.Trimesh(vertices.shape=(916, 3), faces.shape=(856, 3))> using `load_obj` in 0.0030s
2024-12-11 15:51:24,381 DEBUG loaded <trimesh.Trimesh(vertices.shape=(48, 3), faces.shape=(28, 3))> using `load_obj` in 0.0007s
2024-12-11 15:51:31,447 INFO ==> EMD Loss: 17.988476
2024-12-11 15:51:31,447 INFO ==> Height map loss:  10.819212
2024-12-11 15:51:31,807 DEBUG loaded <trimesh.Trimesh(vertices.shape=(916, 3), faces.shape=(856, 3))> using `load_obj` in 0.0029s
2024-12-11 15:51:31,948 DEBUG loaded <trimesh.Trimesh(vertices.shape=(48, 3), faces.shape=(28, 3))> using `load_obj` in 0.0007s
2024-12-11 15:51:38,904 INFO ==> EMD Loss: 18.052361
2024-12-11 15:51:38,904 INFO ==> Height map loss:  11.018781
2024-12-11 15:51:39,225 DEBUG loaded <trimesh.Trimesh(vertices.shape=(916, 3), faces.shape=(856, 3))> using `load_obj` in 0.0028s
2024-12-11 15:51:39,369 DEBUG loaded <trimesh.Trimesh(vertices.shape=(48, 3), faces.shape=(28, 3))> using `load_obj` in 0.0007s
2024-12-11 15:51:46,352 INFO ==> EMD Loss: 18.187925
2024-12-11 15:51:46,352 INFO ==> Height map loss:  11.152709
2024-12-11 15:51:46,674 DEBUG loaded <trimesh.Trimesh(vertices.shape=(916, 3), faces.shape=(856, 3))> using `load_obj` in 0.0028s
2024-12-11 15:51:46,817 DEBUG loaded <trimesh.Trimesh(vertices.shape=(48, 3), faces.shape=(28, 3))> using `load_obj` in 0.0007s
2024-12-11 15:51:53,744 INFO ==> EMD Loss: 18.376276
2024-12-11 15:51:53,744 INFO ==> Height map loss:  11.438869
2024-12-11 15:51:54,066 DEBUG loaded <trimesh.Trimesh(vertices.shape=(916, 3), faces.shape=(856, 3))> using `load_obj` in 0.0028s
2024-12-11 15:51:54,210 DEBUG loaded <trimesh.Trimesh(vertices.shape=(48, 3), faces.shape=(28, 3))> using `load_obj` in 0.0007s
2024-12-11 15:52:00,843 INFO ==> EMD Loss: 18.554909
2024-12-11 15:52:00,843 INFO ==> Height map loss:  11.509898
2024-12-11 15:52:01,161 DEBUG loaded <trimesh.Trimesh(vertices.shape=(916, 3), faces.shape=(856, 3))> using `load_obj` in 0.0028s
2024-12-11 15:52:01,303 DEBUG loaded <trimesh.Trimesh(vertices.shape=(48, 3), faces.shape=(28, 3))> using `load_obj` in 0.0007s
2024-12-11 15:52:19,943 INFO =====> Skill params: [ 0.6261063   0.37004572  0.78615826 -0.17052713 -0.52124333]
2024-12-11 15:52:19,943 INFO =====> Grad: [-2.6341379e+03  1.3057328e+03  2.8958100e-05  1.8115647e+00
  2.1766027e-05]
2024-12-11 15:52:19,943 INFO =====> Num. aborted data so far: 0
2024-12-11 15:52:19,944 INFO ===========> Epoch: 5 optimisation losses
2024-12-11 15:52:19,944 INFO =====> EMD Loss: 17.988972
2024-12-11 15:52:19,944 INFO =====> Height map loss: 10.819790
2024-12-11 15:52:20,373 DEBUG loaded <trimesh.Trimesh(vertices.shape=(916, 3), faces.shape=(856, 3))> using `load_obj` in 0.0029s
2024-12-11 15:52:20,513 DEBUG loaded <trimesh.Trimesh(vertices.shape=(48, 3), faces.shape=(28, 3))> using `load_obj` in 0.0007s
2024-12-11 15:52:27,491 INFO ==> EMD Loss: 18.050030
2024-12-11 15:52:27,491 INFO ==> Height map loss:  10.873890
2024-12-11 15:52:27,814 DEBUG loaded <trimesh.Trimesh(vertices.shape=(916, 3), faces.shape=(856, 3))> using `load_obj` in 0.0028s
2024-12-11 15:52:27,956 DEBUG loaded <trimesh.Trimesh(vertices.shape=(48, 3), faces.shape=(28, 3))> using `load_obj` in 0.0007s
2024-12-11 15:52:35,033 INFO ==> EMD Loss: 18.136723
2024-12-11 15:52:35,033 INFO ==> Height map loss:  10.960675
2024-12-11 15:52:35,362 DEBUG loaded <trimesh.Trimesh(vertices.shape=(916, 3), faces.shape=(856, 3))> using `load_obj` in 0.0028s
2024-12-11 15:52:35,504 DEBUG loaded <trimesh.Trimesh(vertices.shape=(48, 3), faces.shape=(28, 3))> using `load_obj` in 0.0007s
2024-12-11 15:52:42,771 INFO ==> EMD Loss: 18.342514
2024-12-11 15:52:42,771 INFO ==> Height map loss:  11.183005
2024-12-11 15:52:43,098 DEBUG loaded <trimesh.Trimesh(vertices.shape=(916, 3), faces.shape=(856, 3))> using `load_obj` in 0.0029s
2024-12-11 15:52:43,243 DEBUG loaded <trimesh.Trimesh(vertices.shape=(48, 3), faces.shape=(28, 3))> using `load_obj` in 0.0007s
2024-12-11 15:52:50,330 INFO ==> EMD Loss: 18.052958
2024-12-11 15:52:50,330 INFO ==> Height map loss:  11.164276
2024-12-11 15:52:50,656 DEBUG loaded <trimesh.Trimesh(vertices.shape=(916, 3), faces.shape=(856, 3))> using `load_obj` in 0.0028s
2024-12-11 15:52:50,808 DEBUG loaded <trimesh.Trimesh(vertices.shape=(48, 3), faces.shape=(28, 3))> using `load_obj` in 0.0007s
2024-12-11 15:52:57,638 INFO ==> EMD Loss: 18.298998
2024-12-11 15:52:57,638 INFO ==> Height map loss:  11.161099
2024-12-11 15:52:57,961 DEBUG loaded <trimesh.Trimesh(vertices.shape=(916, 3), faces.shape=(856, 3))> using `load_obj` in 0.0028s
2024-12-11 15:52:58,102 DEBUG loaded <trimesh.Trimesh(vertices.shape=(48, 3), faces.shape=(28, 3))> using `load_obj` in 0.0007s
2024-12-11 15:53:16,203 INFO =====> Skill params: [ 0.6326234   0.36647886  0.78498566 -0.17053978 -0.5220719 ]
2024-12-11 15:53:16,203 INFO =====> Grad: [ 2.5055088e+03 -1.3826442e+03  3.3722023e-05 -8.7034430e+02
 -5.6473255e-06]
2024-12-11 15:53:16,203 INFO =====> Num. aborted data so far: 0
2024-12-11 15:53:16,204 INFO ===========> Epoch: 6 optimisation losses
2024-12-11 15:53:16,204 INFO =====> EMD Loss: 18.069616
2024-12-11 15:53:16,204 INFO =====> Height map loss: 10.873918
2024-12-11 15:53:16,569 DEBUG loaded <trimesh.Trimesh(vertices.shape=(916, 3), faces.shape=(856, 3))> using `load_obj` in 0.0030s
2024-12-11 15:53:16,715 DEBUG loaded <trimesh.Trimesh(vertices.shape=(48, 3), faces.shape=(28, 3))> using `load_obj` in 0.0007s
2024-12-11 15:53:24,291 INFO ==> EMD Loss: 17.983200
2024-12-11 15:53:24,291 INFO ==> Height map loss:  10.829238
2024-12-11 15:53:24,620 DEBUG loaded <trimesh.Trimesh(vertices.shape=(916, 3), faces.shape=(856, 3))> using `load_obj` in 0.0029s
2024-12-11 15:53:24,767 DEBUG loaded <trimesh.Trimesh(vertices.shape=(48, 3), faces.shape=(28, 3))> using `load_obj` in 0.0007s
2024-12-11 15:53:32,241 INFO ==> EMD Loss: 17.946884
2024-12-11 15:53:32,241 INFO ==> Height map loss:  10.648336
2024-12-11 15:53:32,580 DEBUG loaded <trimesh.Trimesh(vertices.shape=(916, 3), faces.shape=(856, 3))> using `load_obj` in 0.0028s
2024-12-11 15:53:32,730 DEBUG loaded <trimesh.Trimesh(vertices.shape=(48, 3), faces.shape=(28, 3))> using `load_obj` in 0.0007s
2024-12-11 15:53:40,252 INFO ==> EMD Loss: 17.921074
2024-12-11 15:53:40,252 INFO ==> Height map loss:  10.548504
2024-12-11 15:53:40,595 DEBUG loaded <trimesh.Trimesh(vertices.shape=(916, 3), faces.shape=(856, 3))> using `load_obj` in 0.0028s
2024-12-11 15:53:40,739 DEBUG loaded <trimesh.Trimesh(vertices.shape=(48, 3), faces.shape=(28, 3))> using `load_obj` in 0.0007s
2024-12-11 15:53:48,065 INFO ==> EMD Loss: 17.589432
2024-12-11 15:53:48,066 INFO ==> Height map loss:  10.184419
2024-12-11 15:53:48,395 DEBUG loaded <trimesh.Trimesh(vertices.shape=(916, 3), faces.shape=(856, 3))> using `load_obj` in 0.0028s
2024-12-11 15:53:48,539 DEBUG loaded <trimesh.Trimesh(vertices.shape=(48, 3), faces.shape=(28, 3))> using `load_obj` in 0.0007s
2024-12-11 15:53:55,645 INFO ==> EMD Loss: 17.484848
2024-12-11 15:53:55,646 INFO ==> Height map loss:  9.722752
2024-12-11 15:53:55,987 DEBUG loaded <trimesh.Trimesh(vertices.shape=(916, 3), faces.shape=(856, 3))> using `load_obj` in 0.0029s
2024-12-11 15:53:56,133 DEBUG loaded <trimesh.Trimesh(vertices.shape=(48, 3), faces.shape=(28, 3))> using `load_obj` in 0.0007s
2024-12-11 15:54:15,427 INFO =====> Skill params: [ 0.52499866  0.4399008   0.75652426 -0.06435324 -0.51754105]
2024-12-11 15:54:15,428 INFO =====> Grad: [-6.8245966e+02  9.8492322e+02  9.4143061e-06 -9.8149756e+02
 -2.9925437e-05]
2024-12-11 15:54:15,428 INFO =====> Num. aborted data so far: 0
2024-12-11 15:54:15,428 INFO ===========> Epoch: 7 optimisation losses
2024-12-11 15:54:15,428 INFO =====> EMD Loss: 17.493471
2024-12-11 15:54:15,428 INFO =====> Height map loss: 9.722825
2024-12-11 15:54:15,905 DEBUG loaded <trimesh.Trimesh(vertices.shape=(916, 3), faces.shape=(856, 3))> using `load_obj` in 0.0031s
2024-12-11 15:54:16,054 DEBUG loaded <trimesh.Trimesh(vertices.shape=(48, 3), faces.shape=(28, 3))> using `load_obj` in 0.0007s
2024-12-11 15:54:23,607 INFO ==> EMD Loss: 17.626045
2024-12-11 15:54:23,607 INFO ==> Height map loss:  9.800470
2024-12-11 15:54:24,017 DEBUG loaded <trimesh.Trimesh(vertices.shape=(916, 3), faces.shape=(856, 3))> using `load_obj` in 0.0048s
2024-12-11 15:54:24,254 DEBUG loaded <trimesh.Trimesh(vertices.shape=(48, 3), faces.shape=(28, 3))> using `load_obj` in 0.0009s
2024-12-11 15:54:32,134 INFO ==> EMD Loss: 17.729687
2024-12-11 15:54:32,134 INFO ==> Height map loss:  10.048870
2024-12-11 15:54:32,475 DEBUG loaded <trimesh.Trimesh(vertices.shape=(916, 3), faces.shape=(856, 3))> using `load_obj` in 0.0030s
2024-12-11 15:54:32,623 DEBUG loaded <trimesh.Trimesh(vertices.shape=(48, 3), faces.shape=(28, 3))> using `load_obj` in 0.0007s
2024-12-11 15:54:39,965 INFO ==> EMD Loss: 17.894178
2024-12-11 15:54:39,966 INFO ==> Height map loss:  10.244973
2024-12-11 15:54:40,386 DEBUG loaded <trimesh.Trimesh(vertices.shape=(916, 3), faces.shape=(856, 3))> using `load_obj` in 0.0039s
2024-12-11 15:54:40,577 DEBUG loaded <trimesh.Trimesh(vertices.shape=(48, 3), faces.shape=(28, 3))> using `load_obj` in 0.0008s
2024-12-11 15:54:47,784 INFO ==> EMD Loss: 17.809116
2024-12-11 15:54:47,784 INFO ==> Height map loss:  10.497360
2024-12-11 15:54:48,113 DEBUG loaded <trimesh.Trimesh(vertices.shape=(916, 3), faces.shape=(856, 3))> using `load_obj` in 0.0029s
2024-12-11 15:54:48,256 DEBUG loaded <trimesh.Trimesh(vertices.shape=(48, 3), faces.shape=(28, 3))> using `load_obj` in 0.0007s
2024-12-11 15:54:55,263 INFO ==> EMD Loss: 17.912630
2024-12-11 15:54:55,263 INFO ==> Height map loss:  10.659104
2024-12-11 15:54:55,602 DEBUG loaded <trimesh.Trimesh(vertices.shape=(916, 3), faces.shape=(856, 3))> using `load_obj` in 0.0028s
2024-12-11 15:54:55,750 DEBUG loaded <trimesh.Trimesh(vertices.shape=(48, 3), faces.shape=(28, 3))> using `load_obj` in 0.0007s
2024-12-11 15:55:15,087 INFO =====> Skill params: [ 0.52652365  0.4372537   0.7561059  -0.05909855 -0.5162868 ]
2024-12-11 15:55:15,088 INFO =====> Grad: [-1.4685228e+01 -1.0428702e+03  5.1666848e-06  7.5404248e+02
 -1.5148893e-05]
2024-12-11 15:55:15,088 INFO =====> Num. aborted data so far: 0
2024-12-11 15:55:15,088 INFO ===========> Epoch: 8 optimisation losses
2024-12-11 15:55:15,088 INFO =====> EMD Loss: 17.626011
2024-12-11 15:55:15,088 INFO =====> Height map loss: 9.800439
2024-12-11 15:55:15,542 DEBUG loaded <trimesh.Trimesh(vertices.shape=(916, 3), faces.shape=(856, 3))> using `load_obj` in 0.0029s
2024-12-11 15:55:15,692 DEBUG loaded <trimesh.Trimesh(vertices.shape=(48, 3), faces.shape=(28, 3))> using `load_obj` in 0.0008s
2024-12-11 15:55:23,186 INFO ==> EMD Loss: 17.572723
2024-12-11 15:55:23,186 INFO ==> Height map loss:  9.744769
2024-12-11 15:55:23,536 DEBUG loaded <trimesh.Trimesh(vertices.shape=(916, 3), faces.shape=(856, 3))> using `load_obj` in 0.0030s
2024-12-11 15:55:23,683 DEBUG loaded <trimesh.Trimesh(vertices.shape=(48, 3), faces.shape=(28, 3))> using `load_obj` in 0.0007s
2024-12-11 15:55:31,163 INFO ==> EMD Loss: 17.342888
2024-12-11 15:55:31,163 INFO ==> Height map loss:  9.576769
2024-12-11 15:55:31,509 DEBUG loaded <trimesh.Trimesh(vertices.shape=(916, 3), faces.shape=(856, 3))> using `load_obj` in 0.0030s
2024-12-11 15:55:31,681 DEBUG loaded <trimesh.Trimesh(vertices.shape=(48, 3), faces.shape=(28, 3))> using `load_obj` in 0.0007s
2024-12-11 15:55:39,139 INFO ==> EMD Loss: 17.148468
2024-12-11 15:55:39,139 INFO ==> Height map loss:  9.311091
2024-12-11 15:55:39,483 DEBUG loaded <trimesh.Trimesh(vertices.shape=(916, 3), faces.shape=(856, 3))> using `load_obj` in 0.0029s
2024-12-11 15:55:39,627 DEBUG loaded <trimesh.Trimesh(vertices.shape=(48, 3), faces.shape=(28, 3))> using `load_obj` in 0.0007s
2024-12-11 15:55:47,057 INFO ==> EMD Loss: 17.000196
2024-12-11 15:55:47,058 INFO ==> Height map loss:  9.132694
2024-12-11 15:55:47,394 DEBUG loaded <trimesh.Trimesh(vertices.shape=(916, 3), faces.shape=(856, 3))> using `load_obj` in 0.0028s
2024-12-11 15:55:47,537 DEBUG loaded <trimesh.Trimesh(vertices.shape=(48, 3), faces.shape=(28, 3))> using `load_obj` in 0.0007s
2024-12-11 15:55:54,993 INFO ==> EMD Loss: 17.092110
2024-12-11 15:55:54,993 INFO ==> Height map loss:  8.996719
2024-12-11 15:55:55,335 DEBUG loaded <trimesh.Trimesh(vertices.shape=(916, 3), faces.shape=(856, 3))> using `load_obj` in 0.0029s
2024-12-11 15:55:55,484 DEBUG loaded <trimesh.Trimesh(vertices.shape=(48, 3), faces.shape=(28, 3))> using `load_obj` in 0.0007s
2024-12-11 15:56:16,391 INFO =====> Skill params: [ 0.5272154   0.49366972  0.7512671  -0.13675095 -0.5029343 ]
2024-12-11 15:56:16,392 INFO =====> Grad: [-2.0940386e+03  1.2792072e+03  1.1515967e-05  1.9587700e+02
 -2.9394689e-05]
2024-12-11 15:56:16,392 INFO =====> Num. aborted data so far: 0
2024-12-11 15:56:16,392 INFO ===========> Epoch: 9 optimisation losses
2024-12-11 15:56:16,392 INFO =====> EMD Loss: 17.101929
2024-12-11 15:56:16,392 INFO =====> Height map loss: 8.996222
2024-12-11 15:56:16,758 DEBUG loaded <trimesh.Trimesh(vertices.shape=(916, 3), faces.shape=(856, 3))> using `load_obj` in 0.0029s
2024-12-11 15:56:16,910 DEBUG loaded <trimesh.Trimesh(vertices.shape=(48, 3), faces.shape=(28, 3))> using `load_obj` in 0.0007s
2024-12-11 15:56:24,831 INFO ==> EMD Loss: 17.119047
2024-12-11 15:56:24,831 INFO ==> Height map loss:  9.059102
2024-12-11 15:56:25,173 DEBUG loaded <trimesh.Trimesh(vertices.shape=(916, 3), faces.shape=(856, 3))> using `load_obj` in 0.0030s
2024-12-11 15:56:25,321 DEBUG loaded <trimesh.Trimesh(vertices.shape=(48, 3), faces.shape=(28, 3))> using `load_obj` in 0.0007s
2024-12-11 15:56:33,192 INFO ==> EMD Loss: 17.388395
2024-12-11 15:56:33,192 INFO ==> Height map loss:  9.333825
2024-12-11 15:56:33,536 DEBUG loaded <trimesh.Trimesh(vertices.shape=(916, 3), faces.shape=(856, 3))> using `load_obj` in 0.0029s
2024-12-11 15:56:33,691 DEBUG loaded <trimesh.Trimesh(vertices.shape=(48, 3), faces.shape=(28, 3))> using `load_obj` in 0.0009s
2024-12-11 15:56:41,320 INFO ==> EMD Loss: 17.617235
2024-12-11 15:56:41,321 INFO ==> Height map loss:  9.804982
2024-12-11 15:56:41,659 DEBUG loaded <trimesh.Trimesh(vertices.shape=(916, 3), faces.shape=(856, 3))> using `load_obj` in 0.0029s
2024-12-11 15:56:41,806 DEBUG loaded <trimesh.Trimesh(vertices.shape=(48, 3), faces.shape=(28, 3))> using `load_obj` in 0.0007s
2024-12-11 15:56:49,191 INFO ==> EMD Loss: 17.757423
2024-12-11 15:56:49,191 INFO ==> Height map loss:  10.177224
2024-12-11 15:56:49,535 DEBUG loaded <trimesh.Trimesh(vertices.shape=(916, 3), faces.shape=(856, 3))> using `load_obj` in 0.0028s
2024-12-11 15:56:49,679 DEBUG loaded <trimesh.Trimesh(vertices.shape=(48, 3), faces.shape=(28, 3))> using `load_obj` in 0.0007s
2024-12-11 15:56:56,902 INFO ==> EMD Loss: 17.843937
2024-12-11 15:56:56,902 INFO ==> Height map loss:  10.490168
2024-12-11 15:56:57,244 DEBUG loaded <trimesh.Trimesh(vertices.shape=(916, 3), faces.shape=(856, 3))> using `load_obj` in 0.0029s
2024-12-11 15:56:57,387 DEBUG loaded <trimesh.Trimesh(vertices.shape=(48, 3), faces.shape=(28, 3))> using `load_obj` in 0.0007s
2024-12-11 15:57:17,620 INFO =====> Skill params: [ 0.53177464  0.49026543  0.75069964 -0.13780747 -0.5015827 ]
2024-12-11 15:57:17,620 INFO =====> Grad: [ 2.7705413e+03 -1.3588618e+03 -1.4083353e-06 -5.2265900e+02
  2.2070122e-05]
2024-12-11 15:57:17,620 INFO =====> Num. aborted data so far: 0
2024-12-11 15:57:17,620 INFO ===========> Epoch: 10 optimisation losses
2024-12-11 15:57:17,620 INFO =====> EMD Loss: 17.119205
2024-12-11 15:57:17,620 INFO =====> Height map loss: 9.059209
2024-12-11 15:57:17,998 DEBUG loaded <trimesh.Trimesh(vertices.shape=(916, 3), faces.shape=(856, 3))> using `load_obj` in 0.0029s
2024-12-11 15:57:18,149 DEBUG loaded <trimesh.Trimesh(vertices.shape=(48, 3), faces.shape=(28, 3))> using `load_obj` in 0.0007s
2024-12-11 15:57:25,624 INFO ==> EMD Loss: 17.109892
2024-12-11 15:57:25,624 INFO ==> Height map loss:  8.990747
2024-12-11 15:57:25,985 DEBUG loaded <trimesh.Trimesh(vertices.shape=(916, 3), faces.shape=(856, 3))> using `load_obj` in 0.0029s
2024-12-11 15:57:26,137 DEBUG loaded <trimesh.Trimesh(vertices.shape=(48, 3), faces.shape=(28, 3))> using `load_obj` in 0.0009s
2024-12-11 15:57:33,841 INFO ==> EMD Loss: 16.923683
2024-12-11 15:57:33,841 INFO ==> Height map loss:  8.667775
2024-12-11 15:57:34,183 DEBUG loaded <trimesh.Trimesh(vertices.shape=(916, 3), faces.shape=(856, 3))> using `load_obj` in 0.0028s
2024-12-11 15:57:34,326 DEBUG loaded <trimesh.Trimesh(vertices.shape=(48, 3), faces.shape=(28, 3))> using `load_obj` in 0.0007s
2024-12-11 15:57:41,924 INFO ==> EMD Loss: 16.544954
2024-12-11 15:57:41,924 INFO ==> Height map loss:  8.330235
2024-12-11 15:57:42,290 DEBUG loaded <trimesh.Trimesh(vertices.shape=(916, 3), faces.shape=(856, 3))> using `load_obj` in 0.0028s
2024-12-11 15:57:42,432 DEBUG loaded <trimesh.Trimesh(vertices.shape=(48, 3), faces.shape=(28, 3))> using `load_obj` in 0.0007s
2024-12-11 15:57:50,383 INFO ==> EMD Loss: 16.322826
2024-12-11 15:57:50,383 INFO ==> Height map loss:  7.917976
2024-12-11 15:57:50,730 DEBUG loaded <trimesh.Trimesh(vertices.shape=(916, 3), faces.shape=(856, 3))> using `load_obj` in 0.0030s
2024-12-11 15:57:50,920 DEBUG loaded <trimesh.Trimesh(vertices.shape=(48, 3), faces.shape=(28, 3))> using `load_obj` in 0.0009s
2024-12-11 15:57:58,844 INFO ==> EMD Loss: 16.195642
2024-12-11 15:57:58,844 INFO ==> Height map loss:  7.525397
2024-12-11 15:57:59,215 DEBUG loaded <trimesh.Trimesh(vertices.shape=(916, 3), faces.shape=(856, 3))> using `load_obj` in 0.0030s
2024-12-11 15:57:59,382 DEBUG loaded <trimesh.Trimesh(vertices.shape=(48, 3), faces.shape=(28, 3))> using `load_obj` in 0.0008s
2024-12-11 15:58:20,907 INFO =====> Skill params: [ 0.42613807  0.56100637  0.75216246 -0.08109214 -0.5228415 ]
2024-12-11 15:58:20,907 INFO =====> Grad: [-2.56073340e+03  8.22921875e+02  1.16496785e-05  5.45650513e+02
 -5.28919518e-05]
2024-12-11 15:58:20,907 INFO =====> Num. aborted data so far: 0
2024-12-11 15:58:20,907 INFO ===========> Epoch: 11 optimisation losses
2024-12-11 15:58:20,907 INFO =====> EMD Loss: 16.205950
2024-12-11 15:58:20,907 INFO =====> Height map loss: 7.524848
2024-12-11 15:58:21,449 DEBUG loaded <trimesh.Trimesh(vertices.shape=(916, 3), faces.shape=(856, 3))> using `load_obj` in 0.0050s
2024-12-11 15:58:21,686 DEBUG loaded <trimesh.Trimesh(vertices.shape=(48, 3), faces.shape=(28, 3))> using `load_obj` in 0.0009s
2024-12-11 15:58:29,521 INFO ==> EMD Loss: 16.254210
2024-12-11 15:58:29,521 INFO ==> Height map loss:  7.578581
2024-12-11 15:58:29,875 DEBUG loaded <trimesh.Trimesh(vertices.shape=(916, 3), faces.shape=(856, 3))> using `load_obj` in 0.0031s
2024-12-11 15:58:30,019 DEBUG loaded <trimesh.Trimesh(vertices.shape=(48, 3), faces.shape=(28, 3))> using `load_obj` in 0.0007s
2024-12-11 15:58:37,810 INFO ==> EMD Loss: 16.247206
2024-12-11 15:58:37,810 INFO ==> Height map loss:  7.737480
2024-12-11 15:58:38,153 DEBUG loaded <trimesh.Trimesh(vertices.shape=(916, 3), faces.shape=(856, 3))> using `load_obj` in 0.0028s
2024-12-11 15:58:38,295 DEBUG loaded <trimesh.Trimesh(vertices.shape=(48, 3), faces.shape=(28, 3))> using `load_obj` in 0.0007s
2024-12-11 15:58:45,978 INFO ==> EMD Loss: 16.539000
2024-12-11 15:58:45,978 INFO ==> Height map loss:  8.065706
2024-12-11 15:58:46,409 DEBUG loaded <trimesh.Trimesh(vertices.shape=(916, 3), faces.shape=(856, 3))> using `load_obj` in 0.0039s
2024-12-11 15:58:46,600 DEBUG loaded <trimesh.Trimesh(vertices.shape=(48, 3), faces.shape=(28, 3))> using `load_obj` in 0.0008s
2024-12-11 15:58:54,671 INFO ==> EMD Loss: 16.558678
2024-12-11 15:58:54,671 INFO ==> Height map loss:  8.366642
2024-12-11 15:58:55,029 DEBUG loaded <trimesh.Trimesh(vertices.shape=(916, 3), faces.shape=(856, 3))> using `load_obj` in 0.0029s
2024-12-11 15:58:55,179 DEBUG loaded <trimesh.Trimesh(vertices.shape=(48, 3), faces.shape=(28, 3))> using `load_obj` in 0.0007s
2024-12-11 15:59:02,883 INFO ==> EMD Loss: 16.910715
2024-12-11 15:59:02,883 INFO ==> Height map loss:  8.680529
2024-12-11 15:59:03,472 DEBUG loaded <trimesh.Trimesh(vertices.shape=(916, 3), faces.shape=(856, 3))> using `load_obj` in 0.0048s
2024-12-11 15:59:03,708 DEBUG loaded <trimesh.Trimesh(vertices.shape=(48, 3), faces.shape=(28, 3))> using `load_obj` in 0.0009s
2024-12-11 15:59:25,584 INFO =====> Skill params: [ 0.43066138  0.5588098   0.7515262  -0.08405653 -0.5202579 ]
2024-12-11 15:59:25,585 INFO =====> Grad: [-2.8031431e+03  1.1907709e+03  2.7973952e-06 -3.4685352e+02
  1.9337291e-05]
2024-12-11 15:59:25,586 INFO =====> Num. aborted data so far: 0
2024-12-11 15:59:25,587 INFO ===========> Epoch: 12 optimisation losses
2024-12-11 15:59:25,587 INFO =====> EMD Loss: 16.254169
2024-12-11 15:59:25,587 INFO =====> Height map loss: 7.573945
2024-12-11 15:59:26,101 DEBUG loaded <trimesh.Trimesh(vertices.shape=(916, 3), faces.shape=(856, 3))> using `load_obj` in 0.0041s
2024-12-11 15:59:26,293 DEBUG loaded <trimesh.Trimesh(vertices.shape=(48, 3), faces.shape=(28, 3))> using `load_obj` in 0.0008s
2024-12-11 15:59:34,089 INFO ==> EMD Loss: 16.191792
2024-12-11 15:59:34,090 INFO ==> Height map loss:  7.591580
2024-12-11 15:59:34,471 DEBUG loaded <trimesh.Trimesh(vertices.shape=(916, 3), faces.shape=(856, 3))> using `load_obj` in 0.0029s
2024-12-11 15:59:34,617 DEBUG loaded <trimesh.Trimesh(vertices.shape=(48, 3), faces.shape=(28, 3))> using `load_obj` in 0.0007s
2024-12-11 15:59:42,474 INFO ==> EMD Loss: 16.399902
2024-12-11 15:59:42,474 INFO ==> Height map loss:  7.948827
2024-12-11 15:59:42,819 DEBUG loaded <trimesh.Trimesh(vertices.shape=(916, 3), faces.shape=(856, 3))> using `load_obj` in 0.0030s
2024-12-11 15:59:42,963 DEBUG loaded <trimesh.Trimesh(vertices.shape=(48, 3), faces.shape=(28, 3))> using `load_obj` in 0.0007s
2024-12-11 15:59:50,713 INFO ==> EMD Loss: 16.499161
2024-12-11 15:59:50,713 INFO ==> Height map loss:  8.257633
2024-12-11 15:59:51,062 DEBUG loaded <trimesh.Trimesh(vertices.shape=(916, 3), faces.shape=(856, 3))> using `load_obj` in 0.0030s
2024-12-11 15:59:51,207 DEBUG loaded <trimesh.Trimesh(vertices.shape=(48, 3), faces.shape=(28, 3))> using `load_obj` in 0.0007s
2024-12-11 15:59:59,437 INFO ==> EMD Loss: 16.746876
2024-12-11 15:59:59,437 INFO ==> Height map loss:  8.611599
2024-12-11 15:59:59,818 DEBUG loaded <trimesh.Trimesh(vertices.shape=(916, 3), faces.shape=(856, 3))> using `load_obj` in 0.0029s
2024-12-11 15:59:59,965 DEBUG loaded <trimesh.Trimesh(vertices.shape=(48, 3), faces.shape=(28, 3))> using `load_obj` in 0.0007s
2024-12-11 16:00:07,549 INFO ==> EMD Loss: 16.836697
2024-12-11 16:00:07,549 INFO ==> Height map loss:  8.931489
2024-12-11 16:00:07,985 DEBUG loaded <trimesh.Trimesh(vertices.shape=(916, 3), faces.shape=(856, 3))> using `load_obj` in 0.0040s
2024-12-11 16:00:08,178 DEBUG loaded <trimesh.Trimesh(vertices.shape=(48, 3), faces.shape=(28, 3))> using `load_obj` in 0.0008s
2024-12-11 16:00:29,975 INFO =====> Skill params: [ 0.43523434  0.5556507   0.7513651  -0.08211239 -0.5212481 ]
2024-12-11 16:00:29,975 INFO =====> Grad: [-2.8155869e+03  1.2429753e+03 -6.8263557e-06  1.1203651e+02
  2.3771669e-05]
2024-12-11 16:00:29,975 INFO =====> Num. aborted data so far: 0
2024-12-11 16:00:29,976 INFO ===========> Epoch: 13 optimisation losses
2024-12-11 16:00:29,976 INFO =====> EMD Loss: 16.180935
2024-12-11 16:00:29,976 INFO =====> Height map loss: 7.591403
2024-12-11 16:00:30,355 DEBUG loaded <trimesh.Trimesh(vertices.shape=(916, 3), faces.shape=(856, 3))> using `load_obj` in 0.0030s
2024-12-11 16:00:30,500 DEBUG loaded <trimesh.Trimesh(vertices.shape=(48, 3), faces.shape=(28, 3))> using `load_obj` in 0.0007s
2024-12-11 16:00:38,169 INFO ==> EMD Loss: 16.197939
2024-12-11 16:00:38,169 INFO ==> Height map loss:  7.757549
2024-12-11 16:00:38,521 DEBUG loaded <trimesh.Trimesh(vertices.shape=(916, 3), faces.shape=(856, 3))> using `load_obj` in 0.0029s
2024-12-11 16:00:38,667 DEBUG loaded <trimesh.Trimesh(vertices.shape=(48, 3), faces.shape=(28, 3))> using `load_obj` in 0.0007s
2024-12-11 16:00:46,363 INFO ==> EMD Loss: 16.486483
2024-12-11 16:00:46,363 INFO ==> Height map loss:  8.026072
2024-12-11 16:00:46,719 DEBUG loaded <trimesh.Trimesh(vertices.shape=(916, 3), faces.shape=(856, 3))> using `load_obj` in 0.0029s
2024-12-11 16:00:46,866 DEBUG loaded <trimesh.Trimesh(vertices.shape=(48, 3), faces.shape=(28, 3))> using `load_obj` in 0.0007s
2024-12-11 16:00:54,634 INFO ==> EMD Loss: 16.641951
2024-12-11 16:00:54,634 INFO ==> Height map loss:  8.333148
2024-12-11 16:00:54,986 DEBUG loaded <trimesh.Trimesh(vertices.shape=(916, 3), faces.shape=(856, 3))> using `load_obj` in 0.0028s
2024-12-11 16:00:55,133 DEBUG loaded <trimesh.Trimesh(vertices.shape=(48, 3), faces.shape=(28, 3))> using `load_obj` in 0.0007s
2024-12-11 16:01:02,732 INFO ==> EMD Loss: 16.711113
2024-12-11 16:01:02,732 INFO ==> Height map loss:  8.660015
2024-12-11 16:01:03,096 DEBUG loaded <trimesh.Trimesh(vertices.shape=(916, 3), faces.shape=(856, 3))> using `load_obj` in 0.0030s
2024-12-11 16:01:03,245 DEBUG loaded <trimesh.Trimesh(vertices.shape=(48, 3), faces.shape=(28, 3))> using `load_obj` in 0.0008s
2024-12-11 16:01:11,015 INFO ==> EMD Loss: 17.013838
2024-12-11 16:01:11,015 INFO ==> Height map loss:  9.039641
2024-12-11 16:01:11,418 DEBUG loaded <trimesh.Trimesh(vertices.shape=(916, 3), faces.shape=(856, 3))> using `load_obj` in 0.0029s
2024-12-11 16:01:11,567 DEBUG loaded <trimesh.Trimesh(vertices.shape=(48, 3), faces.shape=(28, 3))> using `load_obj` in 0.0008s
2024-12-11 16:01:32,563 INFO =====> Skill params: [ 0.43954688  0.55238694  0.75177896 -0.08277272 -0.52251965]
2024-12-11 16:01:32,563 INFO =====> Grad: [-2.8287583e+03  1.2898147e+03  1.0251744e-05 -3.4353232e+02
  1.2179580e-04]
2024-12-11 16:01:32,563 INFO =====> Num. aborted data so far: 0
2024-12-11 16:01:32,563 INFO ===========> Epoch: 14 optimisation losses
2024-12-11 16:01:32,563 INFO =====> EMD Loss: 16.197958
2024-12-11 16:01:32,563 INFO =====> Height map loss: 7.757587
2024-12-11 16:01:32,943 DEBUG loaded <trimesh.Trimesh(vertices.shape=(916, 3), faces.shape=(856, 3))> using `load_obj` in 0.0030s
2024-12-11 16:01:33,090 DEBUG loaded <trimesh.Trimesh(vertices.shape=(48, 3), faces.shape=(28, 3))> using `load_obj` in 0.0007s
2024-12-11 16:01:40,872 INFO ==> EMD Loss: 16.218964
2024-12-11 16:01:40,872 INFO ==> Height map loss:  7.781575
2024-12-11 16:01:41,230 DEBUG loaded <trimesh.Trimesh(vertices.shape=(916, 3), faces.shape=(856, 3))> using `load_obj` in 0.0030s
2024-12-11 16:01:41,383 DEBUG loaded <trimesh.Trimesh(vertices.shape=(48, 3), faces.shape=(28, 3))> using `load_obj` in 0.0007s
2024-12-11 16:01:49,285 INFO ==> EMD Loss: 16.452394
2024-12-11 16:01:49,285 INFO ==> Height map loss:  8.035222
2024-12-11 16:01:49,727 DEBUG loaded <trimesh.Trimesh(vertices.shape=(916, 3), faces.shape=(856, 3))> using `load_obj` in 0.0040s
2024-12-11 16:01:49,924 DEBUG loaded <trimesh.Trimesh(vertices.shape=(48, 3), faces.shape=(28, 3))> using `load_obj` in 0.0008s
2024-12-11 16:01:57,687 INFO ==> EMD Loss: 16.427818
2024-12-11 16:01:57,688 INFO ==> Height map loss:  8.352551
2024-12-11 16:01:58,047 DEBUG loaded <trimesh.Trimesh(vertices.shape=(916, 3), faces.shape=(856, 3))> using `load_obj` in 0.0030s
2024-12-11 16:01:58,199 DEBUG loaded <trimesh.Trimesh(vertices.shape=(48, 3), faces.shape=(28, 3))> using `load_obj` in 0.0008s
2024-12-11 16:02:05,879 INFO ==> EMD Loss: 16.908159
2024-12-11 16:02:05,879 INFO ==> Height map loss:  8.728347
2024-12-11 16:02:06,241 DEBUG loaded <trimesh.Trimesh(vertices.shape=(916, 3), faces.shape=(856, 3))> using `load_obj` in 0.0029s
2024-12-11 16:02:06,395 DEBUG loaded <trimesh.Trimesh(vertices.shape=(48, 3), faces.shape=(28, 3))> using `load_obj` in 0.0007s
2024-12-11 16:02:13,741 INFO ==> EMD Loss: 16.819265
2024-12-11 16:02:13,741 INFO ==> Height map loss:  9.100829
2024-12-11 16:02:14,109 DEBUG loaded <trimesh.Trimesh(vertices.shape=(916, 3), faces.shape=(856, 3))> using `load_obj` in 0.0030s
2024-12-11 16:02:14,259 DEBUG loaded <trimesh.Trimesh(vertices.shape=(48, 3), faces.shape=(28, 3))> using `load_obj` in 0.0007s
2024-12-11 16:02:35,169 INFO =====> Skill params: [ 0.44366196  0.5490457   0.75112545 -0.08069048 -0.52808225]
2024-12-11 16:02:35,169 INFO =====> Grad: [-2.8425151e+03  1.2929139e+03  1.8741377e-05 -9.4701862e+02
 -5.7390494e-05]
2024-12-11 16:02:35,169 INFO =====> Num. aborted data so far: 0
2024-12-11 16:02:35,170 INFO ===========> Epoch: 15 optimisation losses
2024-12-11 16:02:35,170 INFO =====> EMD Loss: 16.218887
2024-12-11 16:02:35,170 INFO =====> Height map loss: 7.781442
2024-12-11 16:02:35,562 DEBUG loaded <trimesh.Trimesh(vertices.shape=(916, 3), faces.shape=(856, 3))> using `load_obj` in 0.0032s
2024-12-11 16:02:35,715 DEBUG loaded <trimesh.Trimesh(vertices.shape=(48, 3), faces.shape=(28, 3))> using `load_obj` in 0.0007s
2024-12-11 16:02:43,597 INFO ==> EMD Loss: 16.466227
2024-12-11 16:02:43,597 INFO ==> Height map loss:  7.945325
2024-12-11 16:02:44,007 DEBUG loaded <trimesh.Trimesh(vertices.shape=(916, 3), faces.shape=(856, 3))> using `load_obj` in 0.0029s
2024-12-11 16:02:44,155 DEBUG loaded <trimesh.Trimesh(vertices.shape=(48, 3), faces.shape=(28, 3))> using `load_obj` in 0.0007s
2024-12-11 16:02:51,915 INFO ==> EMD Loss: 16.563604
2024-12-11 16:02:51,915 INFO ==> Height map loss:  8.075470
2024-12-11 16:02:52,285 DEBUG loaded <trimesh.Trimesh(vertices.shape=(916, 3), faces.shape=(856, 3))> using `load_obj` in 0.0028s
2024-12-11 16:02:52,434 DEBUG loaded <trimesh.Trimesh(vertices.shape=(48, 3), faces.shape=(28, 3))> using `load_obj` in 0.0007s
2024-12-11 16:03:00,621 INFO ==> EMD Loss: 16.880379
2024-12-11 16:03:00,621 INFO ==> Height map loss:  8.423481
2024-12-11 16:03:00,981 DEBUG loaded <trimesh.Trimesh(vertices.shape=(916, 3), faces.shape=(856, 3))> using `load_obj` in 0.0028s
2024-12-11 16:03:01,131 DEBUG loaded <trimesh.Trimesh(vertices.shape=(48, 3), faces.shape=(28, 3))> using `load_obj` in 0.0007s
2024-12-11 16:03:09,234 INFO ==> EMD Loss: 16.916641
2024-12-11 16:03:09,234 INFO ==> Height map loss:  8.765144
2024-12-11 16:03:09,606 DEBUG loaded <trimesh.Trimesh(vertices.shape=(916, 3), faces.shape=(856, 3))> using `load_obj` in 0.0030s
2024-12-11 16:03:09,759 DEBUG loaded <trimesh.Trimesh(vertices.shape=(48, 3), faces.shape=(28, 3))> using `load_obj` in 0.0007s
2024-12-11 16:03:17,701 INFO ==> EMD Loss: 16.942848
2024-12-11 16:03:17,701 INFO ==> Height map loss:  9.103786
2024-12-11 16:03:18,063 DEBUG loaded <trimesh.Trimesh(vertices.shape=(916, 3), faces.shape=(856, 3))> using `load_obj` in 0.0030s
2024-12-11 16:03:18,217 DEBUG loaded <trimesh.Trimesh(vertices.shape=(48, 3), faces.shape=(28, 3))> using `load_obj` in 0.0007s
2024-12-11 16:03:39,260 INFO =====> Skill params: [ 0.44762266  0.5457369   0.7498771  -0.07558909 -0.5254296 ]
2024-12-11 16:03:39,260 INFO =====> Grad: [-2.7811541e+03  9.5181122e+02 -8.0559857e-06 -8.2655688e+02
  5.0669887e-06]
2024-12-11 16:03:39,262 INFO =====> Num. aborted data so far: 0
2024-12-11 16:03:39,263 INFO ===========> Epoch: 16 optimisation losses
2024-12-11 16:03:39,263 INFO =====> EMD Loss: 16.461935
2024-12-11 16:03:39,263 INFO =====> Height map loss: 7.945828
2024-12-11 16:03:39,666 DEBUG loaded <trimesh.Trimesh(vertices.shape=(916, 3), faces.shape=(856, 3))> using `load_obj` in 0.0031s
2024-12-11 16:03:39,819 DEBUG loaded <trimesh.Trimesh(vertices.shape=(48, 3), faces.shape=(28, 3))> using `load_obj` in 0.0007s
2024-12-11 16:03:47,501 INFO ==> EMD Loss: 16.393318
2024-12-11 16:03:47,501 INFO ==> Height map loss:  7.928944
2024-12-11 16:03:47,916 DEBUG loaded <trimesh.Trimesh(vertices.shape=(916, 3), faces.shape=(856, 3))> using `load_obj` in 0.0030s
2024-12-11 16:03:48,066 DEBUG loaded <trimesh.Trimesh(vertices.shape=(48, 3), faces.shape=(28, 3))> using `load_obj` in 0.0007s
2024-12-11 16:03:55,767 INFO ==> EMD Loss: 16.614367
2024-12-11 16:03:55,767 INFO ==> Height map loss:  8.070045
2024-12-11 16:03:56,128 DEBUG loaded <trimesh.Trimesh(vertices.shape=(916, 3), faces.shape=(856, 3))> using `load_obj` in 0.0029s
2024-12-11 16:03:56,277 DEBUG loaded <trimesh.Trimesh(vertices.shape=(48, 3), faces.shape=(28, 3))> using `load_obj` in 0.0007s
2024-12-11 16:04:04,353 INFO ==> EMD Loss: 16.657900
2024-12-11 16:04:04,353 INFO ==> Height map loss:  8.282722
2024-12-11 16:04:04,713 DEBUG loaded <trimesh.Trimesh(vertices.shape=(916, 3), faces.shape=(856, 3))> using `load_obj` in 0.0028s
2024-12-11 16:04:04,867 DEBUG loaded <trimesh.Trimesh(vertices.shape=(48, 3), faces.shape=(28, 3))> using `load_obj` in 0.0007s
2024-12-11 16:04:12,480 INFO ==> EMD Loss: 16.880806
2024-12-11 16:04:12,480 INFO ==> Height map loss:  8.673176
2024-12-11 16:04:12,841 DEBUG loaded <trimesh.Trimesh(vertices.shape=(916, 3), faces.shape=(856, 3))> using `load_obj` in 0.0028s
2024-12-11 16:04:12,989 DEBUG loaded <trimesh.Trimesh(vertices.shape=(48, 3), faces.shape=(28, 3))> using `load_obj` in 0.0007s
2024-12-11 16:04:20,972 INFO ==> EMD Loss: 16.728701
2024-12-11 16:04:20,973 INFO ==> Height map loss:  8.910132
2024-12-11 16:04:21,341 DEBUG loaded <trimesh.Trimesh(vertices.shape=(916, 3), faces.shape=(856, 3))> using `load_obj` in 0.0028s
2024-12-11 16:04:21,489 DEBUG loaded <trimesh.Trimesh(vertices.shape=(48, 3), faces.shape=(28, 3))> using `load_obj` in 0.0007s
2024-12-11 16:04:42,447 INFO =====> Skill params: [ 0.45137447  0.5432585   0.75044173 -0.0713824  -0.52567637]
2024-12-11 16:04:42,447 INFO =====> Grad: [-2.7909050e+03  7.6942084e+02  4.6638939e-05  4.1931494e+02
  3.7145110e-05]
2024-12-11 16:04:42,447 INFO =====> Num. aborted data so far: 0
2024-12-11 16:04:42,448 INFO ===========> Epoch: 17 optimisation losses
2024-12-11 16:04:42,448 INFO =====> EMD Loss: 16.393581
2024-12-11 16:04:42,448 INFO =====> Height map loss: 7.928932
2024-12-11 16:04:42,836 DEBUG loaded <trimesh.Trimesh(vertices.shape=(916, 3), faces.shape=(856, 3))> using `load_obj` in 0.0031s
2024-12-11 16:04:42,988 DEBUG loaded <trimesh.Trimesh(vertices.shape=(48, 3), faces.shape=(28, 3))> using `load_obj` in 0.0007s
2024-12-11 16:04:50,933 INFO ==> EMD Loss: 16.459963
2024-12-11 16:04:50,933 INFO ==> Height map loss:  7.951723
2024-12-11 16:04:51,295 DEBUG loaded <trimesh.Trimesh(vertices.shape=(916, 3), faces.shape=(856, 3))> using `load_obj` in 0.0030s
2024-12-11 16:04:51,449 DEBUG loaded <trimesh.Trimesh(vertices.shape=(48, 3), faces.shape=(28, 3))> using `load_obj` in 0.0007s
2024-12-11 16:04:59,267 INFO ==> EMD Loss: 16.554274
2024-12-11 16:04:59,267 INFO ==> Height map loss:  8.105262
2024-12-11 16:04:59,664 DEBUG loaded <trimesh.Trimesh(vertices.shape=(916, 3), faces.shape=(856, 3))> using `load_obj` in 0.0030s
2024-12-11 16:04:59,816 DEBUG loaded <trimesh.Trimesh(vertices.shape=(48, 3), faces.shape=(28, 3))> using `load_obj` in 0.0007s
2024-12-11 16:05:07,724 INFO ==> EMD Loss: 16.442961
2024-12-11 16:05:07,725 INFO ==> Height map loss:  8.353428
2024-12-11 16:05:08,148 DEBUG loaded <trimesh.Trimesh(vertices.shape=(916, 3), faces.shape=(856, 3))> using `load_obj` in 0.0030s
2024-12-11 16:05:08,306 DEBUG loaded <trimesh.Trimesh(vertices.shape=(48, 3), faces.shape=(28, 3))> using `load_obj` in 0.0008s
2024-12-11 16:05:15,922 INFO ==> EMD Loss: 16.627928
2024-12-11 16:05:15,922 INFO ==> Height map loss:  8.654304
2024-12-11 16:05:16,289 DEBUG loaded <trimesh.Trimesh(vertices.shape=(916, 3), faces.shape=(856, 3))> using `load_obj` in 0.0029s
2024-12-11 16:05:16,439 DEBUG loaded <trimesh.Trimesh(vertices.shape=(48, 3), faces.shape=(28, 3))> using `load_obj` in 0.0007s
2024-12-11 16:05:23,816 INFO ==> EMD Loss: 16.889324
2024-12-11 16:05:23,816 INFO ==> Height map loss:  8.854875
2024-12-11 16:05:24,176 DEBUG loaded <trimesh.Trimesh(vertices.shape=(916, 3), faces.shape=(856, 3))> using `load_obj` in 0.0029s
2024-12-11 16:05:24,323 DEBUG loaded <trimesh.Trimesh(vertices.shape=(48, 3), faces.shape=(28, 3))> using `load_obj` in 0.0007s
2024-12-11 16:05:45,372 INFO =====> Skill params: [ 0.45503566  0.54119706  0.7472031  -0.07357122 -0.5275459 ]
2024-12-11 16:05:45,373 INFO =====> Grad: [-1.0857622e+03  6.7809033e+02  4.9010872e-05 -9.6423706e+02
 -5.9184938e-05]
2024-12-11 16:05:45,373 INFO =====> Num. aborted data so far: 0
2024-12-11 16:05:45,373 INFO ===========> Epoch: 18 optimisation losses
2024-12-11 16:05:45,373 INFO =====> EMD Loss: 16.459843
2024-12-11 16:05:45,373 INFO =====> Height map loss: 7.951387
2024-12-11 16:05:45,773 DEBUG loaded <trimesh.Trimesh(vertices.shape=(916, 3), faces.shape=(856, 3))> using `load_obj` in 0.0031s
2024-12-11 16:05:45,926 DEBUG loaded <trimesh.Trimesh(vertices.shape=(48, 3), faces.shape=(28, 3))> using `load_obj` in 0.0007s
2024-12-11 16:05:53,673 INFO ==> EMD Loss: 16.572815
2024-12-11 16:05:53,673 INFO ==> Height map loss:  8.015300
2024-12-11 16:05:54,040 DEBUG loaded <trimesh.Trimesh(vertices.shape=(916, 3), faces.shape=(856, 3))> using `load_obj` in 0.0030s
2024-12-11 16:05:54,194 DEBUG loaded <trimesh.Trimesh(vertices.shape=(48, 3), faces.shape=(28, 3))> using `load_obj` in 0.0007s
2024-12-11 16:06:01,860 INFO ==> EMD Loss: 16.529604
2024-12-11 16:06:01,860 INFO ==> Height map loss:  8.059917
2024-12-11 16:06:02,244 DEBUG loaded <trimesh.Trimesh(vertices.shape=(916, 3), faces.shape=(856, 3))> using `load_obj` in 0.0030s
2024-12-11 16:06:02,394 DEBUG loaded <trimesh.Trimesh(vertices.shape=(48, 3), faces.shape=(28, 3))> using `load_obj` in 0.0007s
2024-12-11 16:06:10,275 INFO ==> EMD Loss: 16.688255
2024-12-11 16:06:10,275 INFO ==> Height map loss:  8.227374
2024-12-11 16:06:10,634 DEBUG loaded <trimesh.Trimesh(vertices.shape=(916, 3), faces.shape=(856, 3))> using `load_obj` in 0.0030s
2024-12-11 16:06:10,789 DEBUG loaded <trimesh.Trimesh(vertices.shape=(48, 3), faces.shape=(28, 3))> using `load_obj` in 0.0007s
2024-12-11 16:06:18,464 INFO ==> EMD Loss: 16.821234
2024-12-11 16:06:18,465 INFO ==> Height map loss:  8.350591
2024-12-11 16:06:18,818 DEBUG loaded <trimesh.Trimesh(vertices.shape=(916, 3), faces.shape=(856, 3))> using `load_obj` in 0.0029s
2024-12-11 16:06:18,966 DEBUG loaded <trimesh.Trimesh(vertices.shape=(48, 3), faces.shape=(28, 3))> using `load_obj` in 0.0007s
2024-12-11 16:06:26,512 INFO ==> EMD Loss: 16.774284
2024-12-11 16:06:26,512 INFO ==> Height map loss:  8.461660
2024-12-11 16:06:26,884 DEBUG loaded <trimesh.Trimesh(vertices.shape=(916, 3), faces.shape=(856, 3))> using `load_obj` in 0.0030s
2024-12-11 16:06:27,036 DEBUG loaded <trimesh.Trimesh(vertices.shape=(48, 3), faces.shape=(28, 3))> using `load_obj` in 0.0007s
2024-12-11 16:06:47,916 INFO =====> Skill params: [ 0.4565186   0.53931993  0.74384767 -0.06894062 -0.524565  ]
2024-12-11 16:06:47,916 INFO =====> Grad: [-2.8069500e+03  1.4849868e+03 -1.5758083e-06  8.5179993e+02
 -4.4320478e-07]
2024-12-11 16:06:47,916 INFO =====> Num. aborted data so far: 0
2024-12-11 16:06:47,917 INFO ===========> Epoch: 19 optimisation losses
2024-12-11 16:06:47,917 INFO =====> EMD Loss: 16.572823
2024-12-11 16:06:47,917 INFO =====> Height map loss: 8.015382
2024-12-11 16:06:48,309 DEBUG loaded <trimesh.Trimesh(vertices.shape=(916, 3), faces.shape=(856, 3))> using `load_obj` in 0.0031s
2024-12-11 16:06:48,463 DEBUG loaded <trimesh.Trimesh(vertices.shape=(48, 3), faces.shape=(28, 3))> using `load_obj` in 0.0007s
2024-12-11 16:06:56,241 INFO ==> EMD Loss: 16.507227
2024-12-11 16:06:56,242 INFO ==> Height map loss:  8.071266
2024-12-11 16:06:56,646 DEBUG loaded <trimesh.Trimesh(vertices.shape=(916, 3), faces.shape=(856, 3))> using `load_obj` in 0.0029s
2024-12-11 16:06:56,804 DEBUG loaded <trimesh.Trimesh(vertices.shape=(48, 3), faces.shape=(28, 3))> using `load_obj` in 0.0007s
2024-12-11 16:07:04,437 INFO ==> EMD Loss: 16.609150
2024-12-11 16:07:04,437 INFO ==> Height map loss:  8.344960
2024-12-11 16:07:04,807 DEBUG loaded <trimesh.Trimesh(vertices.shape=(916, 3), faces.shape=(856, 3))> using `load_obj` in 0.0029s
2024-12-11 16:07:04,959 DEBUG loaded <trimesh.Trimesh(vertices.shape=(48, 3), faces.shape=(28, 3))> using `load_obj` in 0.0007s
2024-12-11 16:07:12,463 INFO ==> EMD Loss: 16.924234
2024-12-11 16:07:12,463 INFO ==> Height map loss:  8.724537
2024-12-11 16:07:12,844 DEBUG loaded <trimesh.Trimesh(vertices.shape=(916, 3), faces.shape=(856, 3))> using `load_obj` in 0.0028s
2024-12-11 16:07:12,997 DEBUG loaded <trimesh.Trimesh(vertices.shape=(48, 3), faces.shape=(28, 3))> using `load_obj` in 0.0007s
2024-12-11 16:07:20,541 INFO ==> EMD Loss: 17.167202
2024-12-11 16:07:20,541 INFO ==> Height map loss:  9.102929
2024-12-11 16:07:20,932 DEBUG loaded <trimesh.Trimesh(vertices.shape=(916, 3), faces.shape=(856, 3))> using `load_obj` in 0.0030s
2024-12-11 16:07:21,083 DEBUG loaded <trimesh.Trimesh(vertices.shape=(48, 3), faces.shape=(28, 3))> using `load_obj` in 0.0007s
2024-12-11 16:07:28,608 INFO ==> EMD Loss: 17.318207
2024-12-11 16:07:28,608 INFO ==> Height map loss:  9.451794
2024-12-11 16:07:29,117 DEBUG loaded <trimesh.Trimesh(vertices.shape=(916, 3), faces.shape=(856, 3))> using `load_obj` in 0.0040s
2024-12-11 16:07:29,314 DEBUG loaded <trimesh.Trimesh(vertices.shape=(48, 3), faces.shape=(28, 3))> using `load_obj` in 0.0009s
2024-12-11 16:07:37,608 INFO ===========> Finished training.
2024-12-11 16:07:37,608 INFO ====> Final EMD Loss: 16.507296
2024-12-11 16:07:37,608 INFO ====> Final Height map loss: 8.071312
2024-12-11 16:07:37,608 INFO ====> Final skill params: [ 0.46023643  0.53537846  0.7439614  -0.07286608 -0.52454144]
