2024-12-11 12:16:48,819 DEBUG loaded <trimesh.Trimesh(vertices.shape=(916, 3), faces.shape=(856, 3))> using `load_obj` in 0.0031s
2024-12-11 12:16:48,970 DEBUG loaded <trimesh.Trimesh(vertices.shape=(48, 3), faces.shape=(28, 3))> using `load_obj` in 0.0007s
2024-12-11 12:17:07,150 INFO =====> Skill params: [ 0.79940385  0.2         0.8         0.         -0.5       ]
2024-12-11 12:17:07,150 INFO =====> Grad: [ 2.80798187e+02 -9.33558838e+02 -1.39773556e-06 -1.24004524e+02
  3.43322718e-05]
2024-12-11 12:17:07,151 INFO =====> Num. aborted data so far: 0
2024-12-11 12:17:07,151 INFO ===========> Epoch: 0 optimisation losses
2024-12-11 12:17:07,151 INFO =====> EMD Loss: 18.138702
2024-12-11 12:17:07,151 INFO =====> Height map loss: 11.233434
2024-12-11 12:17:07,573 DEBUG loaded <trimesh.Trimesh(vertices.shape=(916, 3), faces.shape=(856, 3))> using `load_obj` in 0.0029s
2024-12-11 12:17:07,723 DEBUG loaded <trimesh.Trimesh(vertices.shape=(48, 3), faces.shape=(28, 3))> using `load_obj` in 0.0008s
2024-12-11 12:17:14,950 INFO ==> EMD Loss: 18.051579
2024-12-11 12:17:14,950 INFO ==> Height map loss:  11.160713
2024-12-11 12:17:15,392 DEBUG loaded <trimesh.Trimesh(vertices.shape=(916, 3), faces.shape=(856, 3))> using `load_obj` in 0.0031s
2024-12-11 12:17:15,542 DEBUG loaded <trimesh.Trimesh(vertices.shape=(48, 3), faces.shape=(28, 3))> using `load_obj` in 0.0007s
2024-12-11 12:17:22,948 INFO ==> EMD Loss: 18.741289
2024-12-11 12:17:22,948 INFO ==> Height map loss:  11.604575
2024-12-11 12:17:23,333 DEBUG loaded <trimesh.Trimesh(vertices.shape=(916, 3), faces.shape=(856, 3))> using `load_obj` in 0.0030s
2024-12-11 12:17:23,483 DEBUG loaded <trimesh.Trimesh(vertices.shape=(48, 3), faces.shape=(28, 3))> using `load_obj` in 0.0007s
2024-12-11 12:17:30,619 INFO ==> EMD Loss: 18.968100
2024-12-11 12:17:30,619 INFO ==> Height map loss:  11.621442
2024-12-11 12:17:31,020 DEBUG loaded <trimesh.Trimesh(vertices.shape=(916, 3), faces.shape=(856, 3))> using `load_obj` in 0.0030s
2024-12-11 12:17:31,198 DEBUG loaded <trimesh.Trimesh(vertices.shape=(48, 3), faces.shape=(28, 3))> using `load_obj` in 0.0009s
2024-12-11 12:17:38,096 INFO ==> EMD Loss: 18.227465
2024-12-11 12:17:38,096 INFO ==> Height map loss:  11.275743
2024-12-11 12:17:38,565 DEBUG loaded <trimesh.Trimesh(vertices.shape=(916, 3), faces.shape=(856, 3))> using `load_obj` in 0.0040s
2024-12-11 12:17:38,757 DEBUG loaded <trimesh.Trimesh(vertices.shape=(48, 3), faces.shape=(28, 3))> using `load_obj` in 0.0008s
2024-12-11 12:17:46,146 INFO ==> EMD Loss: 17.821371
2024-12-11 12:17:46,146 INFO ==> Height map loss:  10.526159
2024-12-11 12:17:46,569 DEBUG loaded <trimesh.Trimesh(vertices.shape=(916, 3), faces.shape=(856, 3))> using `load_obj` in 0.0040s
2024-12-11 12:17:46,742 DEBUG loaded <trimesh.Trimesh(vertices.shape=(48, 3), faces.shape=(28, 3))> using `load_obj` in 0.0007s
2024-12-11 12:18:05,213 INFO =====> Skill params: [ 0.6096672   0.38973665  0.8008839   0.18973663 -0.52157056]
2024-12-11 12:18:05,213 INFO =====> Grad: [ 2.6330649e+03 -1.8157372e+03 -4.0323517e-05 -9.9449133e+02
 -4.0043265e-06]
2024-12-11 12:18:05,213 INFO =====> Num. aborted data so far: 0
2024-12-11 12:18:05,214 INFO ===========> Epoch: 1 optimisation losses
2024-12-11 12:18:05,214 INFO =====> EMD Loss: 17.811996
2024-12-11 12:18:05,214 INFO =====> Height map loss: 10.521994
2024-12-11 12:18:05,635 DEBUG loaded <trimesh.Trimesh(vertices.shape=(916, 3), faces.shape=(856, 3))> using `load_obj` in 0.0030s
2024-12-11 12:18:05,786 DEBUG loaded <trimesh.Trimesh(vertices.shape=(48, 3), faces.shape=(28, 3))> using `load_obj` in 0.0007s
2024-12-11 12:18:13,274 INFO ==> EMD Loss: 17.816431
2024-12-11 12:18:13,274 INFO ==> Height map loss:  10.397108
2024-12-11 12:18:13,700 DEBUG loaded <trimesh.Trimesh(vertices.shape=(916, 3), faces.shape=(856, 3))> using `load_obj` in 0.0030s
2024-12-11 12:18:13,850 DEBUG loaded <trimesh.Trimesh(vertices.shape=(48, 3), faces.shape=(28, 3))> using `load_obj` in 0.0007s
2024-12-11 12:18:21,433 INFO ==> EMD Loss: 17.570530
2024-12-11 12:18:21,433 INFO ==> Height map loss:  9.907034
2024-12-11 12:18:21,814 DEBUG loaded <trimesh.Trimesh(vertices.shape=(916, 3), faces.shape=(856, 3))> using `load_obj` in 0.0030s
2024-12-11 12:18:21,960 DEBUG loaded <trimesh.Trimesh(vertices.shape=(48, 3), faces.shape=(28, 3))> using `load_obj` in 0.0007s
2024-12-11 12:18:29,643 INFO ==> EMD Loss: 17.009600
2024-12-11 12:18:29,643 INFO ==> Height map loss:  9.002155
2024-12-11 12:18:30,029 DEBUG loaded <trimesh.Trimesh(vertices.shape=(916, 3), faces.shape=(856, 3))> using `load_obj` in 0.0029s
2024-12-11 12:18:30,176 DEBUG loaded <trimesh.Trimesh(vertices.shape=(48, 3), faces.shape=(28, 3))> using `load_obj` in 0.0007s
2024-12-11 12:18:38,174 INFO ==> EMD Loss: 16.405613
2024-12-11 12:18:38,174 INFO ==> Height map loss:  8.086083
2024-12-11 12:18:38,551 DEBUG loaded <trimesh.Trimesh(vertices.shape=(916, 3), faces.shape=(856, 3))> using `load_obj` in 0.0029s
2024-12-11 12:18:38,701 DEBUG loaded <trimesh.Trimesh(vertices.shape=(48, 3), faces.shape=(28, 3))> using `load_obj` in 0.0007s
2024-12-11 12:18:46,522 INFO ==> EMD Loss: 16.011841
2024-12-11 12:18:46,522 INFO ==> Height map loss:  7.329496
2024-12-11 12:18:46,911 DEBUG loaded <trimesh.Trimesh(vertices.shape=(916, 3), faces.shape=(856, 3))> using `load_obj` in 0.0029s
2024-12-11 12:18:47,062 DEBUG loaded <trimesh.Trimesh(vertices.shape=(48, 3), faces.shape=(28, 3))> using `load_obj` in 0.0008s
2024-12-11 12:19:09,497 INFO =====> Skill params: [ 0.42089415  0.5602687   0.8274972   0.37815955 -0.5189189 ]
2024-12-11 12:19:09,497 INFO =====> Grad: [-2.8011836e+03  1.8905317e+03 -2.2887029e-05 -8.7619983e+02
 -1.7560536e-05]
2024-12-11 12:19:09,497 INFO =====> Num. aborted data so far: 0
2024-12-11 12:19:09,498 INFO ===========> Epoch: 2 optimisation losses
2024-12-11 12:19:09,498 INFO =====> EMD Loss: 16.014772
2024-12-11 12:19:09,498 INFO =====> Height map loss: 7.329875
2024-12-11 12:19:09,915 DEBUG loaded <trimesh.Trimesh(vertices.shape=(916, 3), faces.shape=(856, 3))> using `load_obj` in 0.0031s
2024-12-11 12:19:10,064 DEBUG loaded <trimesh.Trimesh(vertices.shape=(48, 3), faces.shape=(28, 3))> using `load_obj` in 0.0007s
2024-12-11 12:19:17,817 INFO ==> EMD Loss: 16.095890
2024-12-11 12:19:17,817 INFO ==> Height map loss:  7.365908
2024-12-11 12:19:18,203 DEBUG loaded <trimesh.Trimesh(vertices.shape=(916, 3), faces.shape=(856, 3))> using `load_obj` in 0.0030s
2024-12-11 12:19:18,348 DEBUG loaded <trimesh.Trimesh(vertices.shape=(48, 3), faces.shape=(28, 3))> using `load_obj` in 0.0007s
2024-12-11 12:19:26,464 INFO ==> EMD Loss: 16.431101
2024-12-11 12:19:26,464 INFO ==> Height map loss:  7.800515
2024-12-11 12:19:26,846 DEBUG loaded <trimesh.Trimesh(vertices.shape=(916, 3), faces.shape=(856, 3))> using `load_obj` in 0.0029s
2024-12-11 12:19:26,991 DEBUG loaded <trimesh.Trimesh(vertices.shape=(48, 3), faces.shape=(28, 3))> using `load_obj` in 0.0007s
2024-12-11 12:19:34,674 INFO ==> EMD Loss: 16.403807
2024-12-11 12:19:34,674 INFO ==> Height map loss:  8.490161
2024-12-11 12:19:35,058 DEBUG loaded <trimesh.Trimesh(vertices.shape=(916, 3), faces.shape=(856, 3))> using `load_obj` in 0.0029s
2024-12-11 12:19:35,208 DEBUG loaded <trimesh.Trimesh(vertices.shape=(48, 3), faces.shape=(28, 3))> using `load_obj` in 0.0007s
2024-12-11 12:19:42,847 INFO ==> EMD Loss: 16.869707
2024-12-11 12:19:42,847 INFO ==> Height map loss:  9.092163
2024-12-11 12:19:43,234 DEBUG loaded <trimesh.Trimesh(vertices.shape=(916, 3), faces.shape=(856, 3))> using `load_obj` in 0.0028s
2024-12-11 12:19:43,379 DEBUG loaded <trimesh.Trimesh(vertices.shape=(48, 3), faces.shape=(28, 3))> using `load_obj` in 0.0007s
2024-12-11 12:19:50,534 INFO ==> EMD Loss: 17.592945
2024-12-11 12:19:50,534 INFO ==> Height map loss:  9.821759
2024-12-11 12:19:50,919 DEBUG loaded <trimesh.Trimesh(vertices.shape=(916, 3), faces.shape=(856, 3))> using `load_obj` in 0.0029s
2024-12-11 12:19:51,069 DEBUG loaded <trimesh.Trimesh(vertices.shape=(48, 3), faces.shape=(28, 3))> using `load_obj` in 0.0007s
2024-12-11 12:20:13,204 INFO =====> Skill params: [ 0.42795864  0.5536065   0.8282905   0.38459128 -0.51830727]
2024-12-11 12:20:13,204 INFO =====> Grad: [ 2.8288333e+03 -1.2576931e+03 -5.9323602e-06 -2.0847852e+02
  3.6883882e-06]
2024-12-11 12:20:13,204 INFO =====> Num. aborted data so far: 0
2024-12-11 12:20:13,205 INFO ===========> Epoch: 3 optimisation losses
2024-12-11 12:20:13,205 INFO =====> EMD Loss: 16.098429
2024-12-11 12:20:13,205 INFO =====> Height map loss: 7.365727
2024-12-11 12:20:13,630 DEBUG loaded <trimesh.Trimesh(vertices.shape=(916, 3), faces.shape=(856, 3))> using `load_obj` in 0.0030s
2024-12-11 12:20:13,781 DEBUG loaded <trimesh.Trimesh(vertices.shape=(48, 3), faces.shape=(28, 3))> using `load_obj` in 0.0007s
2024-12-11 12:20:21,582 INFO ==> EMD Loss: 15.983915
2024-12-11 12:20:21,582 INFO ==> Height map loss:  7.339844
2024-12-11 12:20:21,967 DEBUG loaded <trimesh.Trimesh(vertices.shape=(916, 3), faces.shape=(856, 3))> using `load_obj` in 0.0029s
2024-12-11 12:20:22,113 DEBUG loaded <trimesh.Trimesh(vertices.shape=(48, 3), faces.shape=(28, 3))> using `load_obj` in 0.0007s
2024-12-11 12:20:30,302 INFO ==> EMD Loss: 15.976169
2024-12-11 12:20:30,302 INFO ==> Height map loss:  7.158715
2024-12-11 12:20:30,742 DEBUG loaded <trimesh.Trimesh(vertices.shape=(916, 3), faces.shape=(856, 3))> using `load_obj` in 0.0029s
2024-12-11 12:20:30,888 DEBUG loaded <trimesh.Trimesh(vertices.shape=(48, 3), faces.shape=(28, 3))> using `load_obj` in 0.0007s
2024-12-11 12:20:39,200 INFO ==> EMD Loss: 15.707072
2024-12-11 12:20:39,201 INFO ==> Height map loss:  6.910690
2024-12-11 12:20:39,740 DEBUG loaded <trimesh.Trimesh(vertices.shape=(916, 3), faces.shape=(856, 3))> using `load_obj` in 0.0048s
2024-12-11 12:20:39,986 DEBUG loaded <trimesh.Trimesh(vertices.shape=(48, 3), faces.shape=(28, 3))> using `load_obj` in 0.0011s
2024-12-11 12:20:48,658 INFO ==> EMD Loss: 15.528059
2024-12-11 12:20:48,658 INFO ==> Height map loss:  6.785851
2024-12-11 12:20:49,053 DEBUG loaded <trimesh.Trimesh(vertices.shape=(916, 3), faces.shape=(856, 3))> using `load_obj` in 0.0029s
2024-12-11 12:20:49,207 DEBUG loaded <trimesh.Trimesh(vertices.shape=(48, 3), faces.shape=(28, 3))> using `load_obj` in 0.0008s
2024-12-11 12:20:57,269 INFO ==> EMD Loss: 15.295424
2024-12-11 12:20:57,269 INFO ==> Height map loss:  6.617853
2024-12-11 12:20:57,664 DEBUG loaded <trimesh.Trimesh(vertices.shape=(916, 3), faces.shape=(856, 3))> using `load_obj` in 0.0031s
2024-12-11 12:20:57,815 DEBUG loaded <trimesh.Trimesh(vertices.shape=(48, 3), faces.shape=(28, 3))> using `load_obj` in 0.0007s
2024-12-11 12:21:20,811 INFO =====> Skill params: [ 0.31009486  0.6374303   0.83262444  0.41639704 -0.52101517]
2024-12-11 12:21:20,811 INFO =====> Grad: [-2.8583916e+03  9.3165009e+02 -3.1159325e-06 -9.3526123e+02
 -2.8040049e-07]
2024-12-11 12:21:20,811 INFO =====> Num. aborted data so far: 0
2024-12-11 12:21:20,812 INFO ===========> Epoch: 4 optimisation losses
2024-12-11 12:21:20,812 INFO =====> EMD Loss: 15.293707
2024-12-11 12:21:20,812 INFO =====> Height map loss: 6.617424
2024-12-11 12:21:21,224 DEBUG loaded <trimesh.Trimesh(vertices.shape=(916, 3), faces.shape=(856, 3))> using `load_obj` in 0.0030s
2024-12-11 12:21:21,374 DEBUG loaded <trimesh.Trimesh(vertices.shape=(48, 3), faces.shape=(28, 3))> using `load_obj` in 0.0007s
2024-12-11 12:21:29,356 INFO ==> EMD Loss: 15.353429
2024-12-11 12:21:29,356 INFO ==> Height map loss:  6.625205
2024-12-11 12:21:29,739 DEBUG loaded <trimesh.Trimesh(vertices.shape=(916, 3), faces.shape=(856, 3))> using `load_obj` in 0.0030s
2024-12-11 12:21:29,887 DEBUG loaded <trimesh.Trimesh(vertices.shape=(48, 3), faces.shape=(28, 3))> using `load_obj` in 0.0007s
2024-12-11 12:21:38,244 INFO ==> EMD Loss: 15.497498
2024-12-11 12:21:38,244 INFO ==> Height map loss:  6.730896
2024-12-11 12:21:38,698 DEBUG loaded <trimesh.Trimesh(vertices.shape=(916, 3), faces.shape=(856, 3))> using `load_obj` in 0.0030s
2024-12-11 12:21:38,849 DEBUG loaded <trimesh.Trimesh(vertices.shape=(48, 3), faces.shape=(28, 3))> using `load_obj` in 0.0007s
2024-12-11 12:21:47,266 INFO ==> EMD Loss: 15.398139
2024-12-11 12:21:47,266 INFO ==> Height map loss:  6.709864
2024-12-11 12:21:47,725 DEBUG loaded <trimesh.Trimesh(vertices.shape=(916, 3), faces.shape=(856, 3))> using `load_obj` in 0.0040s
2024-12-11 12:21:47,926 DEBUG loaded <trimesh.Trimesh(vertices.shape=(48, 3), faces.shape=(28, 3))> using `load_obj` in 0.0009s
2024-12-11 12:21:56,458 INFO ==> EMD Loss: 15.441646
2024-12-11 12:21:56,458 INFO ==> Height map loss:  6.812036
2024-12-11 12:21:56,878 DEBUG loaded <trimesh.Trimesh(vertices.shape=(916, 3), faces.shape=(856, 3))> using `load_obj` in 0.0030s
2024-12-11 12:21:57,035 DEBUG loaded <trimesh.Trimesh(vertices.shape=(48, 3), faces.shape=(28, 3))> using `load_obj` in 0.0007s
2024-12-11 12:22:04,860 INFO ==> EMD Loss: 15.558588
2024-12-11 12:22:04,860 INFO ==> Height map loss:  6.866451
2024-12-11 12:22:05,252 DEBUG loaded <trimesh.Trimesh(vertices.shape=(916, 3), faces.shape=(856, 3))> using `load_obj` in 0.0029s
2024-12-11 12:22:05,404 DEBUG loaded <trimesh.Trimesh(vertices.shape=(48, 3), faces.shape=(28, 3))> using `load_obj` in 0.0007s
2024-12-11 12:22:28,312 INFO =====> Skill params: [ 0.31532964  0.6343366   0.8327444   0.42229024 -0.5210043 ]
2024-12-11 12:22:28,312 INFO =====> Grad: [-2.5377629e+03  7.4212311e+02  3.3927361e-05  4.2855014e+02
  1.4677231e-05]
2024-12-11 12:22:28,312 INFO =====> Num. aborted data so far: 0
2024-12-11 12:22:28,313 INFO ===========> Epoch: 5 optimisation losses
2024-12-11 12:22:28,313 INFO =====> EMD Loss: 15.353345
2024-12-11 12:22:28,313 INFO =====> Height map loss: 6.624958
2024-12-11 12:22:28,720 DEBUG loaded <trimesh.Trimesh(vertices.shape=(916, 3), faces.shape=(856, 3))> using `load_obj` in 0.0030s
2024-12-11 12:22:28,872 DEBUG loaded <trimesh.Trimesh(vertices.shape=(48, 3), faces.shape=(28, 3))> using `load_obj` in 0.0007s
2024-12-11 12:22:36,967 INFO ==> EMD Loss: 15.411736
2024-12-11 12:22:36,967 INFO ==> Height map loss:  6.678420
2024-12-11 12:22:37,359 DEBUG loaded <trimesh.Trimesh(vertices.shape=(916, 3), faces.shape=(856, 3))> using `load_obj` in 0.0030s
2024-12-11 12:22:37,517 DEBUG loaded <trimesh.Trimesh(vertices.shape=(48, 3), faces.shape=(28, 3))> using `load_obj` in 0.0007s
2024-12-11 12:22:46,128 INFO ==> EMD Loss: 15.461638
2024-12-11 12:22:46,128 INFO ==> Height map loss:  6.754361
2024-12-11 12:22:46,712 DEBUG loaded <trimesh.Trimesh(vertices.shape=(916, 3), faces.shape=(856, 3))> using `load_obj` in 0.0045s
2024-12-11 12:22:46,960 DEBUG loaded <trimesh.Trimesh(vertices.shape=(48, 3), faces.shape=(28, 3))> using `load_obj` in 0.0010s
2024-12-11 12:22:56,088 INFO ==> EMD Loss: 15.454299
2024-12-11 12:22:56,089 INFO ==> Height map loss:  6.808316
2024-12-11 12:22:56,561 DEBUG loaded <trimesh.Trimesh(vertices.shape=(916, 3), faces.shape=(856, 3))> using `load_obj` in 0.0040s
2024-12-11 12:22:56,749 DEBUG loaded <trimesh.Trimesh(vertices.shape=(48, 3), faces.shape=(28, 3))> using `load_obj` in 0.0008s
2024-12-11 12:23:05,094 INFO ==> EMD Loss: 15.783218
2024-12-11 12:23:05,094 INFO ==> Height map loss:  6.988276
2024-12-11 12:23:05,531 DEBUG loaded <trimesh.Trimesh(vertices.shape=(916, 3), faces.shape=(856, 3))> using `load_obj` in 0.0029s
2024-12-11 12:23:05,682 DEBUG loaded <trimesh.Trimesh(vertices.shape=(48, 3), faces.shape=(28, 3))> using `load_obj` in 0.0007s
2024-12-11 12:23:13,531 INFO ==> EMD Loss: 15.813191
2024-12-11 12:23:13,531 INFO ==> Height map loss:  7.149253
2024-12-11 12:23:13,963 DEBUG loaded <trimesh.Trimesh(vertices.shape=(916, 3), faces.shape=(856, 3))> using `load_obj` in 0.0029s
2024-12-11 12:23:14,114 DEBUG loaded <trimesh.Trimesh(vertices.shape=(48, 3), faces.shape=(28, 3))> using `load_obj` in 0.0007s
2024-12-11 12:23:37,074 INFO =====> Skill params: [ 0.3196825   0.63183117  0.83138186  0.4195639  -0.52160174]
2024-12-11 12:23:37,074 INFO =====> Grad: [ 2.87835132e+03 -1.26812598e+03  1.01864998e-05  1.00818134e+03
 -7.15891292e-05]
2024-12-11 12:23:37,074 INFO =====> Num. aborted data so far: 0
2024-12-11 12:23:37,075 INFO ===========> Epoch: 6 optimisation losses
2024-12-11 12:23:37,075 INFO =====> EMD Loss: 15.410625
2024-12-11 12:23:37,075 INFO =====> Height map loss: 6.679076
2024-12-11 12:23:37,489 DEBUG loaded <trimesh.Trimesh(vertices.shape=(916, 3), faces.shape=(856, 3))> using `load_obj` in 0.0031s
2024-12-11 12:23:37,648 DEBUG loaded <trimesh.Trimesh(vertices.shape=(48, 3), faces.shape=(28, 3))> using `load_obj` in 0.0007s
2024-12-11 12:23:45,844 INFO ==> EMD Loss: 15.257472
2024-12-11 12:23:45,844 INFO ==> Height map loss:  6.612545
2024-12-11 12:23:46,232 DEBUG loaded <trimesh.Trimesh(vertices.shape=(916, 3), faces.shape=(856, 3))> using `load_obj` in 0.0031s
2024-12-11 12:23:46,388 DEBUG loaded <trimesh.Trimesh(vertices.shape=(48, 3), faces.shape=(28, 3))> using `load_obj` in 0.0007s
2024-12-11 12:23:55,038 INFO ==> EMD Loss: 15.031705
2024-12-11 12:23:55,038 INFO ==> Height map loss:  6.600895
2024-12-11 12:23:55,501 DEBUG loaded <trimesh.Trimesh(vertices.shape=(916, 3), faces.shape=(856, 3))> using `load_obj` in 0.0040s
2024-12-11 12:23:55,699 DEBUG loaded <trimesh.Trimesh(vertices.shape=(48, 3), faces.shape=(28, 3))> using `load_obj` in 0.0009s
2024-12-11 12:24:04,736 INFO ==> EMD Loss: 14.958679
2024-12-11 12:24:04,736 INFO ==> Height map loss:  6.555264
2024-12-11 12:24:05,210 DEBUG loaded <trimesh.Trimesh(vertices.shape=(916, 3), faces.shape=(856, 3))> using `load_obj` in 0.0030s
2024-12-11 12:24:05,362 DEBUG loaded <trimesh.Trimesh(vertices.shape=(48, 3), faces.shape=(28, 3))> using `load_obj` in 0.0008s
2024-12-11 12:24:13,655 INFO ==> EMD Loss: 14.981871
2024-12-11 12:24:13,655 INFO ==> Height map loss:  6.565600
2024-12-11 12:24:14,068 DEBUG loaded <trimesh.Trimesh(vertices.shape=(916, 3), faces.shape=(856, 3))> using `load_obj` in 0.0028s
2024-12-11 12:24:14,222 DEBUG loaded <trimesh.Trimesh(vertices.shape=(48, 3), faces.shape=(28, 3))> using `load_obj` in 0.0007s
2024-12-11 12:24:23,024 INFO ==> EMD Loss: 14.881375
2024-12-11 12:24:23,024 INFO ==> Height map loss:  6.596792
2024-12-11 12:24:23,426 DEBUG loaded <trimesh.Trimesh(vertices.shape=(916, 3), faces.shape=(856, 3))> using `load_obj` in 0.0029s
2024-12-11 12:24:23,585 DEBUG loaded <trimesh.Trimesh(vertices.shape=(48, 3), faces.shape=(28, 3))> using `load_obj` in 0.0007s
2024-12-11 12:24:47,116 INFO =====> Skill params: [ 0.27405554  0.67258346  0.82707393  0.36450663 -0.49237868]
2024-12-11 12:24:47,116 INFO =====> Grad: [-1.9145366e+03  1.0984971e+02 -3.4116390e-05 -3.1386765e+02
  1.9158877e-05]
2024-12-11 12:24:47,116 INFO =====> Num. aborted data so far: 0
2024-12-11 12:24:47,117 INFO ===========> Epoch: 7 optimisation losses
2024-12-11 12:24:47,117 INFO =====> EMD Loss: 14.958704
2024-12-11 12:24:47,117 INFO =====> Height map loss: 6.555079
2024-12-11 12:24:47,598 DEBUG loaded <trimesh.Trimesh(vertices.shape=(916, 3), faces.shape=(856, 3))> using `load_obj` in 0.0040s
2024-12-11 12:24:47,796 DEBUG loaded <trimesh.Trimesh(vertices.shape=(48, 3), faces.shape=(28, 3))> using `load_obj` in 0.0009s
2024-12-11 12:24:56,437 INFO ==> EMD Loss: 15.006531
2024-12-11 12:24:56,437 INFO ==> Height map loss:  6.544674
2024-12-11 12:24:56,834 DEBUG loaded <trimesh.Trimesh(vertices.shape=(916, 3), faces.shape=(856, 3))> using `load_obj` in 0.0029s
2024-12-11 12:24:56,988 DEBUG loaded <trimesh.Trimesh(vertices.shape=(48, 3), faces.shape=(28, 3))> using `load_obj` in 0.0007s
2024-12-11 12:25:05,750 INFO ==> EMD Loss: 15.012087
2024-12-11 12:25:05,750 INFO ==> Height map loss:  6.534204
2024-12-11 12:25:06,145 DEBUG loaded <trimesh.Trimesh(vertices.shape=(916, 3), faces.shape=(856, 3))> using `load_obj` in 0.0029s
2024-12-11 12:25:06,294 DEBUG loaded <trimesh.Trimesh(vertices.shape=(48, 3), faces.shape=(28, 3))> using `load_obj` in 0.0007s
2024-12-11 12:25:14,954 INFO ==> EMD Loss: 15.012288
2024-12-11 12:25:14,954 INFO ==> Height map loss:  6.521507
2024-12-11 12:25:15,349 DEBUG loaded <trimesh.Trimesh(vertices.shape=(916, 3), faces.shape=(856, 3))> using `load_obj` in 0.0029s
2024-12-11 12:25:15,502 DEBUG loaded <trimesh.Trimesh(vertices.shape=(48, 3), faces.shape=(28, 3))> using `load_obj` in 0.0008s
2024-12-11 12:25:23,750 INFO ==> EMD Loss: 15.039557
2024-12-11 12:25:23,750 INFO ==> Height map loss:  6.583523
2024-12-11 12:25:24,135 DEBUG loaded <trimesh.Trimesh(vertices.shape=(916, 3), faces.shape=(856, 3))> using `load_obj` in 0.0030s
2024-12-11 12:25:24,286 DEBUG loaded <trimesh.Trimesh(vertices.shape=(48, 3), faces.shape=(28, 3))> using `load_obj` in 0.0007s
2024-12-11 12:25:32,779 INFO ==> EMD Loss: 15.005384
2024-12-11 12:25:32,779 INFO ==> Height map loss:  6.511215
2024-12-11 12:25:33,170 DEBUG loaded <trimesh.Trimesh(vertices.shape=(916, 3), faces.shape=(856, 3))> using `load_obj` in 0.0030s
2024-12-11 12:25:33,323 DEBUG loaded <trimesh.Trimesh(vertices.shape=(48, 3), faces.shape=(28, 3))> using `load_obj` in 0.0008s
2024-12-11 12:25:56,795 INFO =====> Skill params: [ 0.3346823   0.66514707  0.85710704  0.40000385 -0.50880426]
2024-12-11 12:25:56,795 INFO =====> Grad: [-2.8621169e+03  1.7213042e+03 -4.9426881e-06 -6.3016571e+02
 -6.1265506e-05]
2024-12-11 12:25:56,795 INFO =====> Num. aborted data so far: 0
2024-12-11 12:25:56,796 INFO ===========> Epoch: 8 optimisation losses
2024-12-11 12:25:56,796 INFO =====> EMD Loss: 15.004272
2024-12-11 12:25:56,796 INFO =====> Height map loss: 6.511721
2024-12-11 12:25:57,221 DEBUG loaded <trimesh.Trimesh(vertices.shape=(916, 3), faces.shape=(856, 3))> using `load_obj` in 0.0031s
2024-12-11 12:25:57,425 DEBUG loaded <trimesh.Trimesh(vertices.shape=(48, 3), faces.shape=(28, 3))> using `load_obj` in 0.0009s
2024-12-11 12:26:06,125 INFO ==> EMD Loss: 15.003525
2024-12-11 12:26:06,125 INFO ==> Height map loss:  6.545424
2024-12-11 12:26:06,514 DEBUG loaded <trimesh.Trimesh(vertices.shape=(916, 3), faces.shape=(856, 3))> using `load_obj` in 0.0029s
2024-12-11 12:26:06,665 DEBUG loaded <trimesh.Trimesh(vertices.shape=(48, 3), faces.shape=(28, 3))> using `load_obj` in 0.0007s
2024-12-11 12:26:15,763 INFO ==> EMD Loss: 15.510797
2024-12-11 12:26:15,763 INFO ==> Height map loss:  6.745944
2024-12-11 12:26:16,147 DEBUG loaded <trimesh.Trimesh(vertices.shape=(916, 3), faces.shape=(856, 3))> using `load_obj` in 0.0030s
2024-12-11 12:26:16,303 DEBUG loaded <trimesh.Trimesh(vertices.shape=(48, 3), faces.shape=(28, 3))> using `load_obj` in 0.0007s
2024-12-11 12:26:24,559 INFO ==> EMD Loss: 15.498777
2024-12-11 12:26:24,559 INFO ==> Height map loss:  6.801499
2024-12-11 12:26:24,944 DEBUG loaded <trimesh.Trimesh(vertices.shape=(916, 3), faces.shape=(856, 3))> using `load_obj` in 0.0029s
2024-12-11 12:26:25,098 DEBUG loaded <trimesh.Trimesh(vertices.shape=(48, 3), faces.shape=(28, 3))> using `load_obj` in 0.0007s
2024-12-11 12:26:33,469 INFO ==> EMD Loss: 15.764446
2024-12-11 12:26:33,469 INFO ==> Height map loss:  7.074974
2024-12-11 12:26:33,862 DEBUG loaded <trimesh.Trimesh(vertices.shape=(916, 3), faces.shape=(856, 3))> using `load_obj` in 0.0030s
2024-12-11 12:26:34,020 DEBUG loaded <trimesh.Trimesh(vertices.shape=(48, 3), faces.shape=(28, 3))> using `load_obj` in 0.0007s
2024-12-11 12:26:42,661 INFO ==> EMD Loss: 15.999709
2024-12-11 12:26:42,662 INFO ==> Height map loss:  7.383125
2024-12-11 12:26:43,055 DEBUG loaded <trimesh.Trimesh(vertices.shape=(916, 3), faces.shape=(856, 3))> using `load_obj` in 0.0030s
2024-12-11 12:26:43,212 DEBUG loaded <trimesh.Trimesh(vertices.shape=(48, 3), faces.shape=(28, 3))> using `load_obj` in 0.0007s
2024-12-11 12:27:06,295 INFO =====> Skill params: [ 0.33894876  0.6599916   0.8573363   0.4034963  -0.5061468 ]
2024-12-11 12:27:06,295 INFO =====> Grad: [-1.9379465e+03 -1.0444572e+03  2.5849713e-06 -6.3435693e+02
 -8.8866887e-05]
2024-12-11 12:27:06,295 INFO =====> Num. aborted data so far: 0
2024-12-11 12:27:06,296 INFO ===========> Epoch: 9 optimisation losses
2024-12-11 12:27:06,296 INFO =====> EMD Loss: 15.009628
2024-12-11 12:27:06,296 INFO =====> Height map loss: 6.543896
2024-12-11 12:27:06,715 DEBUG loaded <trimesh.Trimesh(vertices.shape=(916, 3), faces.shape=(856, 3))> using `load_obj` in 0.0030s
2024-12-11 12:27:06,869 DEBUG loaded <trimesh.Trimesh(vertices.shape=(48, 3), faces.shape=(28, 3))> using `load_obj` in 0.0007s
2024-12-11 12:27:15,549 INFO ==> EMD Loss: 15.005522
2024-12-11 12:27:15,549 INFO ==> Height map loss:  6.505525
2024-12-11 12:27:15,940 DEBUG loaded <trimesh.Trimesh(vertices.shape=(916, 3), faces.shape=(856, 3))> using `load_obj` in 0.0030s
2024-12-11 12:27:16,096 DEBUG loaded <trimesh.Trimesh(vertices.shape=(48, 3), faces.shape=(28, 3))> using `load_obj` in 0.0007s
2024-12-11 12:27:25,340 INFO ==> EMD Loss: 15.019858
2024-12-11 12:27:25,340 INFO ==> Height map loss:  6.493867
2024-12-11 12:27:25,782 DEBUG loaded <trimesh.Trimesh(vertices.shape=(916, 3), faces.shape=(856, 3))> using `load_obj` in 0.0029s
2024-12-11 12:27:25,935 DEBUG loaded <trimesh.Trimesh(vertices.shape=(48, 3), faces.shape=(28, 3))> using `load_obj` in 0.0007s
2024-12-11 12:27:34,175 INFO ==> EMD Loss: 14.927659
2024-12-11 12:27:34,175 INFO ==> Height map loss:  6.516466
2024-12-11 12:27:34,567 DEBUG loaded <trimesh.Trimesh(vertices.shape=(916, 3), faces.shape=(856, 3))> using `load_obj` in 0.0030s
2024-12-11 12:27:34,712 DEBUG loaded <trimesh.Trimesh(vertices.shape=(48, 3), faces.shape=(28, 3))> using `load_obj` in 0.0007s
2024-12-11 12:27:43,710 INFO ==> EMD Loss: 14.831609
2024-12-11 12:27:43,710 INFO ==> Height map loss:  6.513602
2024-12-11 12:27:44,104 DEBUG loaded <trimesh.Trimesh(vertices.shape=(916, 3), faces.shape=(856, 3))> using `load_obj` in 0.0030s
2024-12-11 12:27:44,253 DEBUG loaded <trimesh.Trimesh(vertices.shape=(48, 3), faces.shape=(28, 3))> using `load_obj` in 0.0007s
2024-12-11 12:27:53,592 INFO ==> EMD Loss: 14.777976
2024-12-11 12:27:53,592 INFO ==> Height map loss:  6.519346
2024-12-11 12:27:54,067 DEBUG loaded <trimesh.Trimesh(vertices.shape=(916, 3), faces.shape=(856, 3))> using `load_obj` in 0.0040s
2024-12-11 12:27:54,263 DEBUG loaded <trimesh.Trimesh(vertices.shape=(48, 3), faces.shape=(28, 3))> using `load_obj` in 0.0009s
2024-12-11 12:28:18,558 INFO =====> Skill params: [ 0.35344577  0.67556494  0.8567044   0.4207554  -0.48747197]
2024-12-11 12:28:18,558 INFO =====> Grad: [ 6.6420350e+00  1.2524011e+03 -2.0362932e-06 -1.2186938e+03
  6.5705099e-05]
2024-12-11 12:28:18,558 INFO =====> Num. aborted data so far: 0
2024-12-11 12:28:18,558 INFO ===========> Epoch: 10 optimisation losses
2024-12-11 12:28:18,558 INFO =====> EMD Loss: 15.019923
2024-12-11 12:28:18,558 INFO =====> Height map loss: 6.494020
2024-12-11 12:28:19,069 DEBUG loaded <trimesh.Trimesh(vertices.shape=(916, 3), faces.shape=(856, 3))> using `load_obj` in 0.0042s
2024-12-11 12:28:19,272 DEBUG loaded <trimesh.Trimesh(vertices.shape=(48, 3), faces.shape=(28, 3))> using `load_obj` in 0.0009s
2024-12-11 12:28:28,153 INFO ==> EMD Loss: 15.064117
2024-12-11 12:28:28,153 INFO ==> Height map loss:  6.496582
2024-12-11 12:28:28,537 DEBUG loaded <trimesh.Trimesh(vertices.shape=(916, 3), faces.shape=(856, 3))> using `load_obj` in 0.0031s
2024-12-11 12:28:28,691 DEBUG loaded <trimesh.Trimesh(vertices.shape=(48, 3), faces.shape=(28, 3))> using `load_obj` in 0.0007s
2024-12-11 12:28:36,876 INFO ==> EMD Loss: 15.308305
2024-12-11 12:28:36,876 INFO ==> Height map loss:  6.587479
2024-12-11 12:28:37,286 DEBUG loaded <trimesh.Trimesh(vertices.shape=(916, 3), faces.shape=(856, 3))> using `load_obj` in 0.0030s
2024-12-11 12:28:37,448 DEBUG loaded <trimesh.Trimesh(vertices.shape=(48, 3), faces.shape=(28, 3))> using `load_obj` in 0.0007s
2024-12-11 12:28:46,061 INFO ==> EMD Loss: 15.309744
2024-12-11 12:28:46,061 INFO ==> Height map loss:  6.636919
2024-12-11 12:28:46,489 DEBUG loaded <trimesh.Trimesh(vertices.shape=(916, 3), faces.shape=(856, 3))> using `load_obj` in 0.0031s
2024-12-11 12:28:46,645 DEBUG loaded <trimesh.Trimesh(vertices.shape=(48, 3), faces.shape=(28, 3))> using `load_obj` in 0.0007s
2024-12-11 12:28:55,350 INFO ==> EMD Loss: 15.199922
2024-12-11 12:28:55,350 INFO ==> Height map loss:  6.624020
2024-12-11 12:28:55,757 DEBUG loaded <trimesh.Trimesh(vertices.shape=(916, 3), faces.shape=(856, 3))> using `load_obj` in 0.0032s
2024-12-11 12:28:55,916 DEBUG loaded <trimesh.Trimesh(vertices.shape=(48, 3), faces.shape=(28, 3))> using `load_obj` in 0.0008s
2024-12-11 12:29:04,171 INFO ==> EMD Loss: 15.201909
2024-12-11 12:29:04,171 INFO ==> Height map loss:  6.656300
2024-12-11 12:29:04,564 DEBUG loaded <trimesh.Trimesh(vertices.shape=(916, 3), faces.shape=(856, 3))> using `load_obj` in 0.0029s
2024-12-11 12:29:04,726 DEBUG loaded <trimesh.Trimesh(vertices.shape=(48, 3), faces.shape=(28, 3))> using `load_obj` in 0.0008s
2024-12-11 12:29:28,014 INFO =====> Skill params: [ 0.3534353   0.6719288   0.8568093   0.4263829  -0.49025476]
2024-12-11 12:29:28,014 INFO =====> Grad: [-2.889860e+03  6.522979e+02 -7.049189e-07 -6.056016e+02 -2.011919e-05]
2024-12-11 12:29:28,014 INFO =====> Num. aborted data so far: 0
2024-12-11 12:29:28,015 INFO ===========> Epoch: 11 optimisation losses
2024-12-11 12:29:28,015 INFO =====> EMD Loss: 15.064425
2024-12-11 12:29:28,015 INFO =====> Height map loss: 6.496387
2024-12-11 12:29:28,430 DEBUG loaded <trimesh.Trimesh(vertices.shape=(916, 3), faces.shape=(856, 3))> using `load_obj` in 0.0031s
2024-12-11 12:29:28,582 DEBUG loaded <trimesh.Trimesh(vertices.shape=(48, 3), faces.shape=(28, 3))> using `load_obj` in 0.0007s
2024-12-11 12:29:36,770 INFO ==> EMD Loss: 15.102297
2024-12-11 12:29:36,770 INFO ==> Height map loss:  6.506094
2024-12-11 12:29:37,280 DEBUG loaded <trimesh.Trimesh(vertices.shape=(916, 3), faces.shape=(856, 3))> using `load_obj` in 0.0039s
2024-12-11 12:29:37,476 DEBUG loaded <trimesh.Trimesh(vertices.shape=(48, 3), faces.shape=(28, 3))> using `load_obj` in 0.0009s
2024-12-11 12:29:46,291 INFO ==> EMD Loss: 15.259498
2024-12-11 12:29:46,291 INFO ==> Height map loss:  6.597941
2024-12-11 12:29:46,764 DEBUG loaded <trimesh.Trimesh(vertices.shape=(916, 3), faces.shape=(856, 3))> using `load_obj` in 0.0040s
2024-12-11 12:29:46,921 DEBUG loaded <trimesh.Trimesh(vertices.shape=(48, 3), faces.shape=(28, 3))> using `load_obj` in 0.0007s
2024-12-11 12:29:55,575 INFO ==> EMD Loss: 15.328592
2024-12-11 12:29:55,575 INFO ==> Height map loss:  6.646533
2024-12-11 12:29:55,968 DEBUG loaded <trimesh.Trimesh(vertices.shape=(916, 3), faces.shape=(856, 3))> using `load_obj` in 0.0030s
2024-12-11 12:29:56,116 DEBUG loaded <trimesh.Trimesh(vertices.shape=(48, 3), faces.shape=(28, 3))> using `load_obj` in 0.0007s
2024-12-11 12:30:04,750 INFO ==> EMD Loss: 15.349316
2024-12-11 12:30:04,750 INFO ==> Height map loss:  6.730905
2024-12-11 12:30:05,144 DEBUG loaded <trimesh.Trimesh(vertices.shape=(916, 3), faces.shape=(856, 3))> using `load_obj` in 0.0029s
2024-12-11 12:30:05,295 DEBUG loaded <trimesh.Trimesh(vertices.shape=(48, 3), faces.shape=(28, 3))> using `load_obj` in 0.0007s
2024-12-11 12:30:13,366 INFO ==> EMD Loss: 15.461487
2024-12-11 12:30:13,366 INFO ==> Height map loss:  6.756050
2024-12-11 12:30:13,748 DEBUG loaded <trimesh.Trimesh(vertices.shape=(916, 3), faces.shape=(856, 3))> using `load_obj` in 0.0029s
2024-12-11 12:30:13,896 DEBUG loaded <trimesh.Trimesh(vertices.shape=(48, 3), faces.shape=(28, 3))> using `load_obj` in 0.0007s
2024-12-11 12:30:37,643 INFO =====> Skill params: [ 0.35772112  0.66997534  0.8568476   0.42919788 -0.48936057]
2024-12-11 12:30:37,643 INFO =====> Grad: [-1.9571555e+03 -8.5602753e+02  1.9719955e-05 -5.8498584e+02
 -1.4682492e-05]
2024-12-11 12:30:37,643 INFO =====> Num. aborted data so far: 0
2024-12-11 12:30:37,644 INFO ===========> Epoch: 12 optimisation losses
2024-12-11 12:30:37,644 INFO =====> EMD Loss: 15.102210
2024-12-11 12:30:37,644 INFO =====> Height map loss: 6.506645
2024-12-11 12:30:38,059 DEBUG loaded <trimesh.Trimesh(vertices.shape=(916, 3), faces.shape=(856, 3))> using `load_obj` in 0.0030s
2024-12-11 12:30:38,214 DEBUG loaded <trimesh.Trimesh(vertices.shape=(48, 3), faces.shape=(28, 3))> using `load_obj` in 0.0008s
2024-12-11 12:30:47,009 INFO ==> EMD Loss: 15.087699
2024-12-11 12:30:47,009 INFO ==> Height map loss:  6.521184
2024-12-11 12:30:47,409 DEBUG loaded <trimesh.Trimesh(vertices.shape=(916, 3), faces.shape=(856, 3))> using `load_obj` in 0.0031s
2024-12-11 12:30:47,584 DEBUG loaded <trimesh.Trimesh(vertices.shape=(48, 3), faces.shape=(28, 3))> using `load_obj` in 0.0009s
2024-12-11 12:30:56,329 INFO ==> EMD Loss: 15.016614
2024-12-11 12:30:56,329 INFO ==> Height map loss:  6.530772
2024-12-11 12:30:56,722 DEBUG loaded <trimesh.Trimesh(vertices.shape=(916, 3), faces.shape=(856, 3))> using `load_obj` in 0.0030s
2024-12-11 12:30:56,877 DEBUG loaded <trimesh.Trimesh(vertices.shape=(48, 3), faces.shape=(28, 3))> using `load_obj` in 0.0007s
2024-12-11 12:31:05,693 INFO ==> EMD Loss: 14.917204
2024-12-11 12:31:05,693 INFO ==> Height map loss:  6.530618
2024-12-11 12:31:06,078 DEBUG loaded <trimesh.Trimesh(vertices.shape=(916, 3), faces.shape=(856, 3))> using `load_obj` in 0.0030s
2024-12-11 12:31:06,232 DEBUG loaded <trimesh.Trimesh(vertices.shape=(48, 3), faces.shape=(28, 3))> using `load_obj` in 0.0007s
2024-12-11 12:31:14,722 INFO ==> EMD Loss: 14.799676
2024-12-11 12:31:14,723 INFO ==> Height map loss:  6.523270
2024-12-11 12:31:15,107 DEBUG loaded <trimesh.Trimesh(vertices.shape=(916, 3), faces.shape=(856, 3))> using `load_obj` in 0.0045s
2024-12-11 12:31:15,255 DEBUG loaded <trimesh.Trimesh(vertices.shape=(48, 3), faces.shape=(28, 3))> using `load_obj` in 0.0007s
2024-12-11 12:31:24,523 INFO ==> EMD Loss: 14.769790
2024-12-11 12:31:24,523 INFO ==> Height map loss:  6.505073
2024-12-11 12:31:24,911 DEBUG loaded <trimesh.Trimesh(vertices.shape=(916, 3), faces.shape=(856, 3))> using `load_obj` in 0.0030s
2024-12-11 12:31:25,057 DEBUG loaded <trimesh.Trimesh(vertices.shape=(48, 3), faces.shape=(28, 3))> using `load_obj` in 0.0008s
2024-12-11 12:31:49,894 INFO =====> Skill params: [ 0.41595873  0.7219539   0.8344259   0.48407272 -0.47563958]
2024-12-11 12:31:49,894 INFO =====> Grad: [1.9463035e+03 1.7467442e+02 4.7384812e-05 1.8472197e+02 1.1942454e-05]
2024-12-11 12:31:49,894 INFO =====> Num. aborted data so far: 0
2024-12-11 12:31:49,895 INFO ===========> Epoch: 13 optimisation losses
2024-12-11 12:31:49,895 INFO =====> EMD Loss: 14.770031
2024-12-11 12:31:49,895 INFO =====> Height map loss: 6.505548
2024-12-11 12:31:50,314 DEBUG loaded <trimesh.Trimesh(vertices.shape=(916, 3), faces.shape=(856, 3))> using `load_obj` in 0.0030s
2024-12-11 12:31:50,462 DEBUG loaded <trimesh.Trimesh(vertices.shape=(48, 3), faces.shape=(28, 3))> using `load_obj` in 0.0007s
2024-12-11 12:31:59,473 INFO ==> EMD Loss: 14.765656
2024-12-11 12:31:59,473 INFO ==> Height map loss:  6.501774
2024-12-11 12:31:59,944 DEBUG loaded <trimesh.Trimesh(vertices.shape=(916, 3), faces.shape=(856, 3))> using `load_obj` in 0.0040s
2024-12-11 12:32:00,139 DEBUG loaded <trimesh.Trimesh(vertices.shape=(48, 3), faces.shape=(28, 3))> using `load_obj` in 0.0009s
2024-12-11 12:32:09,381 INFO ==> EMD Loss: 14.790654
2024-12-11 12:32:09,381 INFO ==> Height map loss:  6.514352
2024-12-11 12:32:09,852 DEBUG loaded <trimesh.Trimesh(vertices.shape=(916, 3), faces.shape=(856, 3))> using `load_obj` in 0.0039s
2024-12-11 12:32:10,026 DEBUG loaded <trimesh.Trimesh(vertices.shape=(48, 3), faces.shape=(28, 3))> using `load_obj` in 0.0008s
2024-12-11 12:32:18,532 INFO ==> EMD Loss: 14.815669
2024-12-11 12:32:18,532 INFO ==> Height map loss:  6.533132
2024-12-11 12:32:18,920 DEBUG loaded <trimesh.Trimesh(vertices.shape=(916, 3), faces.shape=(856, 3))> using `load_obj` in 0.0030s
2024-12-11 12:32:19,070 DEBUG loaded <trimesh.Trimesh(vertices.shape=(48, 3), faces.shape=(28, 3))> using `load_obj` in 0.0008s
2024-12-11 12:32:27,832 INFO ==> EMD Loss: 14.842745
2024-12-11 12:32:27,832 INFO ==> Height map loss:  6.515079
2024-12-11 12:32:28,213 DEBUG loaded <trimesh.Trimesh(vertices.shape=(916, 3), faces.shape=(856, 3))> using `load_obj` in 0.0029s
2024-12-11 12:32:28,361 DEBUG loaded <trimesh.Trimesh(vertices.shape=(48, 3), faces.shape=(28, 3))> using `load_obj` in 0.0007s
2024-12-11 12:32:37,310 INFO ==> EMD Loss: 14.886845
2024-12-11 12:32:37,310 INFO ==> Height map loss:  6.506961
2024-12-11 12:32:37,752 DEBUG loaded <trimesh.Trimesh(vertices.shape=(916, 3), faces.shape=(856, 3))> using `load_obj` in 0.0031s
2024-12-11 12:32:37,905 DEBUG loaded <trimesh.Trimesh(vertices.shape=(48, 3), faces.shape=(28, 3))> using `load_obj` in 0.0008s
2024-12-11 12:33:02,267 INFO =====> Skill params: [ 0.41305307  0.7213959   0.8317057   0.48316365 -0.47622666]
2024-12-11 12:33:02,267 INFO =====> Grad: [ 2.8544319e+03 -1.6276271e+02 -2.2680495e-05 -4.9990067e+02
  4.0952582e-06]
2024-12-11 12:33:02,267 INFO =====> Num. aborted data so far: 0
2024-12-11 12:33:02,268 INFO ===========> Epoch: 14 optimisation losses
2024-12-11 12:33:02,268 INFO =====> EMD Loss: 14.772465
2024-12-11 12:33:02,268 INFO =====> Height map loss: 6.502700
2024-12-11 12:33:02,693 DEBUG loaded <trimesh.Trimesh(vertices.shape=(916, 3), faces.shape=(856, 3))> using `load_obj` in 0.0030s
2024-12-11 12:33:02,841 DEBUG loaded <trimesh.Trimesh(vertices.shape=(48, 3), faces.shape=(28, 3))> using `load_obj` in 0.0007s
2024-12-11 12:33:11,432 INFO ==> EMD Loss: 14.786673
2024-12-11 12:33:11,432 INFO ==> Height map loss:  6.507792
2024-12-11 12:33:11,818 DEBUG loaded <trimesh.Trimesh(vertices.shape=(916, 3), faces.shape=(856, 3))> using `load_obj` in 0.0029s
2024-12-11 12:33:11,964 DEBUG loaded <trimesh.Trimesh(vertices.shape=(48, 3), faces.shape=(28, 3))> using `load_obj` in 0.0007s
2024-12-11 12:33:21,495 INFO ==> EMD Loss: 14.766774
2024-12-11 12:33:21,495 INFO ==> Height map loss:  6.528194
2024-12-11 12:33:21,877 DEBUG loaded <trimesh.Trimesh(vertices.shape=(916, 3), faces.shape=(856, 3))> using `load_obj` in 0.0030s
2024-12-11 12:33:22,024 DEBUG loaded <trimesh.Trimesh(vertices.shape=(48, 3), faces.shape=(28, 3))> using `load_obj` in 0.0007s
2024-12-11 12:33:30,859 INFO ==> EMD Loss: 14.730022
2024-12-11 12:33:30,860 INFO ==> Height map loss:  6.518753
2024-12-11 12:33:31,251 DEBUG loaded <trimesh.Trimesh(vertices.shape=(916, 3), faces.shape=(856, 3))> using `load_obj` in 0.0029s
2024-12-11 12:33:31,398 DEBUG loaded <trimesh.Trimesh(vertices.shape=(48, 3), faces.shape=(28, 3))> using `load_obj` in 0.0007s
2024-12-11 12:33:40,440 INFO ==> EMD Loss: 14.687995
2024-12-11 12:33:40,440 INFO ==> Height map loss:  6.497388
2024-12-11 12:33:40,821 DEBUG loaded <trimesh.Trimesh(vertices.shape=(916, 3), faces.shape=(856, 3))> using `load_obj` in 0.0028s
2024-12-11 12:33:40,968 DEBUG loaded <trimesh.Trimesh(vertices.shape=(48, 3), faces.shape=(28, 3))> using `load_obj` in 0.0007s
2024-12-11 12:33:50,047 INFO ==> EMD Loss: 14.745441
2024-12-11 12:33:50,047 INFO ==> Height map loss:  6.493011
2024-12-11 12:33:50,432 DEBUG loaded <trimesh.Trimesh(vertices.shape=(916, 3), faces.shape=(856, 3))> using `load_obj` in 0.0031s
2024-12-11 12:33:50,585 DEBUG loaded <trimesh.Trimesh(vertices.shape=(48, 3), faces.shape=(28, 3))> using `load_obj` in 0.0007s
2024-12-11 12:34:15,573 INFO =====> Skill params: [ 0.33185616  0.73233986  0.85887194  0.5331923  -0.48046967]
2024-12-11 12:34:15,573 INFO =====> Grad: [ 1.9238446e+03  4.3307462e+02 -4.6364014e-05  3.8878891e+02
  8.0937418e-05]
2024-12-11 12:34:15,573 INFO =====> Num. aborted data so far: 0
2024-12-11 12:34:15,574 INFO ===========> Epoch: 15 optimisation losses
2024-12-11 12:34:15,574 INFO =====> EMD Loss: 14.745522
2024-12-11 12:34:15,574 INFO =====> Height map loss: 6.493219
2024-12-11 12:34:15,996 DEBUG loaded <trimesh.Trimesh(vertices.shape=(916, 3), faces.shape=(856, 3))> using `load_obj` in 0.0031s
2024-12-11 12:34:16,152 DEBUG loaded <trimesh.Trimesh(vertices.shape=(48, 3), faces.shape=(28, 3))> using `load_obj` in 0.0007s
2024-12-11 12:34:25,209 INFO ==> EMD Loss: 14.743010
2024-12-11 12:34:25,209 INFO ==> Height map loss:  6.491034
2024-12-11 12:34:25,587 DEBUG loaded <trimesh.Trimesh(vertices.shape=(916, 3), faces.shape=(856, 3))> using `load_obj` in 0.0030s
2024-12-11 12:34:25,734 DEBUG loaded <trimesh.Trimesh(vertices.shape=(48, 3), faces.shape=(28, 3))> using `load_obj` in 0.0007s
2024-12-11 12:34:34,549 INFO ==> EMD Loss: 14.734268
2024-12-11 12:34:34,549 INFO ==> Height map loss:  6.477447
2024-12-11 12:34:35,022 DEBUG loaded <trimesh.Trimesh(vertices.shape=(916, 3), faces.shape=(856, 3))> using `load_obj` in 0.0039s
2024-12-11 12:34:35,216 DEBUG loaded <trimesh.Trimesh(vertices.shape=(48, 3), faces.shape=(28, 3))> using `load_obj` in 0.0009s
2024-12-11 12:34:43,828 INFO ==> EMD Loss: 14.734270
2024-12-11 12:34:43,828 INFO ==> Height map loss:  6.455920
2024-12-11 12:34:44,218 DEBUG loaded <trimesh.Trimesh(vertices.shape=(916, 3), faces.shape=(856, 3))> using `load_obj` in 0.0030s
2024-12-11 12:34:44,372 DEBUG loaded <trimesh.Trimesh(vertices.shape=(48, 3), faces.shape=(28, 3))> using `load_obj` in 0.0007s
2024-12-11 12:34:53,442 INFO ==> EMD Loss: 14.717547
2024-12-11 12:34:53,442 INFO ==> Height map loss:  6.448622
2024-12-11 12:34:53,848 DEBUG loaded <trimesh.Trimesh(vertices.shape=(916, 3), faces.shape=(856, 3))> using `load_obj` in 0.0031s
2024-12-11 12:34:54,003 DEBUG loaded <trimesh.Trimesh(vertices.shape=(48, 3), faces.shape=(28, 3))> using `load_obj` in 0.0008s
2024-12-11 12:35:02,704 INFO ==> EMD Loss: 14.728827
2024-12-11 12:35:02,704 INFO ==> Height map loss:  6.446717
2024-12-11 12:35:03,116 DEBUG loaded <trimesh.Trimesh(vertices.shape=(916, 3), faces.shape=(856, 3))> using `load_obj` in 0.0031s
2024-12-11 12:35:03,272 DEBUG loaded <trimesh.Trimesh(vertices.shape=(48, 3), faces.shape=(28, 3))> using `load_obj` in 0.0007s
2024-12-11 12:35:27,209 INFO =====> Skill params: [ 0.27666485  0.70203936  0.9148071   0.49310458 -0.560593  ]
2024-12-11 12:35:27,210 INFO =====> Grad: [-2.9226985e+03  5.4262634e+02 -2.0274410e-05 -5.2958325e+02
  2.3350074e-05]
2024-12-11 12:35:27,210 INFO =====> Num. aborted data so far: 0
2024-12-11 12:35:27,210 INFO ===========> Epoch: 16 optimisation losses
2024-12-11 12:35:27,210 INFO =====> EMD Loss: 14.728843
2024-12-11 12:35:27,210 INFO =====> Height map loss: 6.446853
2024-12-11 12:35:27,625 DEBUG loaded <trimesh.Trimesh(vertices.shape=(916, 3), faces.shape=(856, 3))> using `load_obj` in 0.0031s
2024-12-11 12:35:27,780 DEBUG loaded <trimesh.Trimesh(vertices.shape=(48, 3), faces.shape=(28, 3))> using `load_obj` in 0.0007s
2024-12-11 12:35:36,534 INFO ==> EMD Loss: 14.759224
2024-12-11 12:35:36,534 INFO ==> Height map loss:  6.460649
2024-12-11 12:35:36,963 DEBUG loaded <trimesh.Trimesh(vertices.shape=(916, 3), faces.shape=(856, 3))> using `load_obj` in 0.0031s
2024-12-11 12:35:37,125 DEBUG loaded <trimesh.Trimesh(vertices.shape=(48, 3), faces.shape=(28, 3))> using `load_obj` in 0.0007s
2024-12-11 12:35:45,511 INFO ==> EMD Loss: 14.835389
2024-12-11 12:35:45,511 INFO ==> Height map loss:  6.509142
2024-12-11 12:35:45,917 DEBUG loaded <trimesh.Trimesh(vertices.shape=(916, 3), faces.shape=(856, 3))> using `load_obj` in 0.0030s
2024-12-11 12:35:46,075 DEBUG loaded <trimesh.Trimesh(vertices.shape=(48, 3), faces.shape=(28, 3))> using `load_obj` in 0.0008s
2024-12-11 12:35:54,791 INFO ==> EMD Loss: 14.821019
2024-12-11 12:35:54,791 INFO ==> Height map loss:  6.505704
2024-12-11 12:35:55,185 DEBUG loaded <trimesh.Trimesh(vertices.shape=(916, 3), faces.shape=(856, 3))> using `load_obj` in 0.0030s
2024-12-11 12:35:55,338 DEBUG loaded <trimesh.Trimesh(vertices.shape=(48, 3), faces.shape=(28, 3))> using `load_obj` in 0.0007s
2024-12-11 12:36:04,090 INFO ==> EMD Loss: 14.861410
2024-12-11 12:36:04,090 INFO ==> Height map loss:  6.539053
2024-12-11 12:36:04,489 DEBUG loaded <trimesh.Trimesh(vertices.shape=(916, 3), faces.shape=(856, 3))> using `load_obj` in 0.0030s
2024-12-11 12:36:04,653 DEBUG loaded <trimesh.Trimesh(vertices.shape=(48, 3), faces.shape=(28, 3))> using `load_obj` in 0.0008s
2024-12-11 12:36:12,849 INFO ==> EMD Loss: 14.866501
2024-12-11 12:36:12,849 INFO ==> Height map loss:  6.509519
2024-12-11 12:36:13,234 DEBUG loaded <trimesh.Trimesh(vertices.shape=(916, 3), faces.shape=(856, 3))> using `load_obj` in 0.0029s
2024-12-11 12:36:13,387 DEBUG loaded <trimesh.Trimesh(vertices.shape=(48, 3), faces.shape=(28, 3))> using `load_obj` in 0.0008s
2024-12-11 12:36:38,069 INFO =====> Skill params: [ 0.28067067  0.70008147  0.91608447  0.49585858 -0.5618014 ]
2024-12-11 12:36:38,069 INFO =====> Grad: [-2.9289775e+03  1.1365643e+03  4.7066155e-06 -1.0884889e+03
  7.3224430e-05]
2024-12-11 12:36:38,069 INFO =====> Num. aborted data so far: 0
2024-12-11 12:36:38,070 INFO ===========> Epoch: 17 optimisation losses
2024-12-11 12:36:38,070 INFO =====> EMD Loss: 14.759398
2024-12-11 12:36:38,070 INFO =====> Height map loss: 6.458851
2024-12-11 12:36:38,488 DEBUG loaded <trimesh.Trimesh(vertices.shape=(916, 3), faces.shape=(856, 3))> using `load_obj` in 0.0030s
2024-12-11 12:36:38,641 DEBUG loaded <trimesh.Trimesh(vertices.shape=(48, 3), faces.shape=(28, 3))> using `load_obj` in 0.0007s
2024-12-11 12:36:46,885 INFO ==> EMD Loss: 14.772283
2024-12-11 12:36:46,885 INFO ==> Height map loss:  6.497547
2024-12-11 12:36:47,285 DEBUG loaded <trimesh.Trimesh(vertices.shape=(916, 3), faces.shape=(856, 3))> using `load_obj` in 0.0030s
2024-12-11 12:36:47,439 DEBUG loaded <trimesh.Trimesh(vertices.shape=(48, 3), faces.shape=(28, 3))> using `load_obj` in 0.0008s
2024-12-11 12:36:56,091 INFO ==> EMD Loss: 14.837082
2024-12-11 12:36:56,091 INFO ==> Height map loss:  6.491388
2024-12-11 12:36:56,530 DEBUG loaded <trimesh.Trimesh(vertices.shape=(916, 3), faces.shape=(856, 3))> using `load_obj` in 0.0030s
2024-12-11 12:36:56,678 DEBUG loaded <trimesh.Trimesh(vertices.shape=(48, 3), faces.shape=(28, 3))> using `load_obj` in 0.0007s
2024-12-11 12:37:05,966 INFO ==> EMD Loss: 14.738317
2024-12-11 12:37:05,966 INFO ==> Height map loss:  6.515679
2024-12-11 12:37:06,403 DEBUG loaded <trimesh.Trimesh(vertices.shape=(916, 3), faces.shape=(856, 3))> using `load_obj` in 0.0030s
2024-12-11 12:37:06,560 DEBUG loaded <trimesh.Trimesh(vertices.shape=(48, 3), faces.shape=(28, 3))> using `load_obj` in 0.0008s
2024-12-11 12:37:14,678 INFO ==> EMD Loss: 14.886614
2024-12-11 12:37:14,678 INFO ==> Height map loss:  6.489417
2024-12-11 12:37:15,144 DEBUG loaded <trimesh.Trimesh(vertices.shape=(916, 3), faces.shape=(856, 3))> using `load_obj` in 0.0040s
2024-12-11 12:37:15,349 DEBUG loaded <trimesh.Trimesh(vertices.shape=(48, 3), faces.shape=(28, 3))> using `load_obj` in 0.0009s
2024-12-11 12:37:24,080 INFO ==> EMD Loss: 14.946172
2024-12-11 12:37:24,080 INFO ==> Height map loss:  6.487417
2024-12-11 12:37:24,466 DEBUG loaded <trimesh.Trimesh(vertices.shape=(916, 3), faces.shape=(856, 3))> using `load_obj` in 0.0029s
2024-12-11 12:37:24,612 DEBUG loaded <trimesh.Trimesh(vertices.shape=(48, 3), faces.shape=(28, 3))> using `load_obj` in 0.0007s
2024-12-11 12:37:47,086 INFO =====> Skill params: [ 0.3579619   0.6214092   0.90983635  0.5968737  -0.6354255 ]
2024-12-11 12:37:47,087 INFO =====> Grad: [ 4.7947208e+02 -1.1619996e+03  1.3928724e-05 -1.7971028e+02
  5.6444220e-05]
2024-12-11 12:37:47,087 INFO =====> Num. aborted data so far: 0
2024-12-11 12:37:47,087 INFO ===========> Epoch: 18 optimisation losses
2024-12-11 12:37:47,087 INFO =====> EMD Loss: 14.946246
2024-12-11 12:37:47,087 INFO =====> Height map loss: 6.487718
2024-12-11 12:37:47,513 DEBUG loaded <trimesh.Trimesh(vertices.shape=(916, 3), faces.shape=(856, 3))> using `load_obj` in 0.0031s
2024-12-11 12:37:47,667 DEBUG loaded <trimesh.Trimesh(vertices.shape=(48, 3), faces.shape=(28, 3))> using `load_obj` in 0.0007s
2024-12-11 12:37:56,461 INFO ==> EMD Loss: 14.882474
2024-12-11 12:37:56,461 INFO ==> Height map loss:  6.501151
2024-12-11 12:37:56,868 DEBUG loaded <trimesh.Trimesh(vertices.shape=(916, 3), faces.shape=(856, 3))> using `load_obj` in 0.0030s
2024-12-11 12:37:57,020 DEBUG loaded <trimesh.Trimesh(vertices.shape=(48, 3), faces.shape=(28, 3))> using `load_obj` in 0.0007s
2024-12-11 12:38:05,712 INFO ==> EMD Loss: 14.722155
2024-12-11 12:38:05,712 INFO ==> Height map loss:  6.455089
2024-12-11 12:38:06,099 DEBUG loaded <trimesh.Trimesh(vertices.shape=(916, 3), faces.shape=(856, 3))> using `load_obj` in 0.0029s
2024-12-11 12:38:06,250 DEBUG loaded <trimesh.Trimesh(vertices.shape=(48, 3), faces.shape=(28, 3))> using `load_obj` in 0.0007s
2024-12-11 12:38:14,803 INFO ==> EMD Loss: 14.619229
2024-12-11 12:38:14,803 INFO ==> Height map loss:  6.557693
2024-12-11 12:38:15,261 DEBUG loaded <trimesh.Trimesh(vertices.shape=(916, 3), faces.shape=(856, 3))> using `load_obj` in 0.0040s
2024-12-11 12:38:15,461 DEBUG loaded <trimesh.Trimesh(vertices.shape=(48, 3), faces.shape=(28, 3))> using `load_obj` in 0.0009s
2024-12-11 12:38:24,334 INFO ==> EMD Loss: 14.688118
2024-12-11 12:38:24,334 INFO ==> Height map loss:  6.570564
2024-12-11 12:38:24,715 DEBUG loaded <trimesh.Trimesh(vertices.shape=(916, 3), faces.shape=(856, 3))> using `load_obj` in 0.0029s
2024-12-11 12:38:24,863 DEBUG loaded <trimesh.Trimesh(vertices.shape=(48, 3), faces.shape=(28, 3))> using `load_obj` in 0.0007s
2024-12-11 12:38:33,465 INFO ==> EMD Loss: 14.604241
2024-12-11 12:38:33,466 INFO ==> Height map loss:  6.610948
2024-12-11 12:38:33,856 DEBUG loaded <trimesh.Trimesh(vertices.shape=(916, 3), faces.shape=(856, 3))> using `load_obj` in 0.0029s
2024-12-11 12:38:34,012 DEBUG loaded <trimesh.Trimesh(vertices.shape=(48, 3), faces.shape=(28, 3))> using `load_obj` in 0.0007s
2024-12-11 12:38:57,235 INFO =====> Skill params: [ 0.35463586  0.64076096  0.9049892   0.60124993 -0.64968866]
2024-12-11 12:38:57,235 INFO =====> Grad: [ 2.8910342e+03 -1.1888478e+03  4.2091133e-06  3.5436047e+02
  2.6359563e-05]
2024-12-11 12:38:57,236 INFO =====> Num. aborted data so far: 0
2024-12-11 12:38:57,237 INFO ===========> Epoch: 19 optimisation losses
2024-12-11 12:38:57,237 INFO =====> EMD Loss: 14.746178
2024-12-11 12:38:57,237 INFO =====> Height map loss: 6.453649
2024-12-11 12:38:57,707 DEBUG loaded <trimesh.Trimesh(vertices.shape=(916, 3), faces.shape=(856, 3))> using `load_obj` in 0.0032s
2024-12-11 12:38:57,857 DEBUG loaded <trimesh.Trimesh(vertices.shape=(48, 3), faces.shape=(28, 3))> using `load_obj` in 0.0007s
2024-12-11 12:39:05,918 INFO ==> EMD Loss: 14.740187
2024-12-11 12:39:05,918 INFO ==> Height map loss:  6.499475
2024-12-11 12:39:06,302 DEBUG loaded <trimesh.Trimesh(vertices.shape=(916, 3), faces.shape=(856, 3))> using `load_obj` in 0.0029s
2024-12-11 12:39:06,453 DEBUG loaded <trimesh.Trimesh(vertices.shape=(48, 3), faces.shape=(28, 3))> using `load_obj` in 0.0008s
2024-12-11 12:39:15,053 INFO ==> EMD Loss: 14.685233
2024-12-11 12:39:15,053 INFO ==> Height map loss:  6.485467
2024-12-11 12:39:15,452 DEBUG loaded <trimesh.Trimesh(vertices.shape=(916, 3), faces.shape=(856, 3))> using `load_obj` in 0.0029s
2024-12-11 12:39:15,611 DEBUG loaded <trimesh.Trimesh(vertices.shape=(48, 3), faces.shape=(28, 3))> using `load_obj` in 0.0009s
2024-12-11 12:39:24,473 INFO ==> EMD Loss: 14.688493
2024-12-11 12:39:24,473 INFO ==> Height map loss:  6.515882
2024-12-11 12:39:24,871 DEBUG loaded <trimesh.Trimesh(vertices.shape=(916, 3), faces.shape=(856, 3))> using `load_obj` in 0.0030s
2024-12-11 12:39:25,021 DEBUG loaded <trimesh.Trimesh(vertices.shape=(48, 3), faces.shape=(28, 3))> using `load_obj` in 0.0007s
2024-12-11 12:39:33,254 INFO ==> EMD Loss: 14.699645
2024-12-11 12:39:33,254 INFO ==> Height map loss:  6.564591
2024-12-11 12:39:33,644 DEBUG loaded <trimesh.Trimesh(vertices.shape=(916, 3), faces.shape=(856, 3))> using `load_obj` in 0.0031s
2024-12-11 12:39:33,794 DEBUG loaded <trimesh.Trimesh(vertices.shape=(48, 3), faces.shape=(28, 3))> using `load_obj` in 0.0008s
2024-12-11 12:39:42,515 INFO ==> EMD Loss: 14.809748
2024-12-11 12:39:42,515 INFO ==> Height map loss:  6.555117
2024-12-11 12:39:42,905 DEBUG loaded <trimesh.Trimesh(vertices.shape=(916, 3), faces.shape=(856, 3))> using `load_obj` in 0.0029s
2024-12-11 12:39:43,058 DEBUG loaded <trimesh.Trimesh(vertices.shape=(48, 3), faces.shape=(28, 3))> using `load_obj` in 0.0008s
2024-12-11 12:39:51,528 INFO ===========> Finished training.
2024-12-11 12:39:51,528 INFO ====> Final EMD Loss: 14.685074
2024-12-11 12:39:51,528 INFO ====> Final Height map loss: 6.484287
2024-12-11 12:39:51,528 INFO ====> Final skill params: [ 0.33532706  0.65986365  0.903446    0.59231675 -0.65663415]
