2024-12-10 20:23:57,908 DEBUG loaded <trimesh.Trimesh(vertices.shape=(916, 3), faces.shape=(856, 3))> using `load_obj` in 0.0028s
2024-12-10 20:23:58,056 DEBUG loaded <trimesh.Trimesh(vertices.shape=(48, 3), faces.shape=(28, 3))> using `load_obj` in 0.0007s
2024-12-10 20:24:19,513 INFO =====> Skill params: [ 0.27392337 -0.46042657 -0.918053   -0.96694475  0.6265405 ]
2024-12-10 20:24:19,513 INFO =====> Grad: [-40.816906  11.629233   0.         0.         0.      ]
2024-12-10 20:24:19,513 INFO =====> Num. aborted data so far: 0
2024-12-10 20:24:19,514 INFO ===========> Epoch: 0 optimisation losses
2024-12-10 20:24:19,514 INFO =====> EMD Loss: 15.279085
2024-12-10 20:24:19,514 INFO =====> Height map loss: 5.344548
2024-12-10 20:24:19,987 DEBUG loaded <trimesh.Trimesh(vertices.shape=(916, 3), faces.shape=(856, 3))> using `load_obj` in 0.0040s
2024-12-10 20:24:20,170 DEBUG loaded <trimesh.Trimesh(vertices.shape=(48, 3), faces.shape=(28, 3))> using `load_obj` in 0.0008s
2024-12-10 20:24:28,541 INFO ==> EMD Loss: 15.278944
2024-12-10 20:24:28,542 INFO ==> Height map loss:  5.345180
2024-12-10 20:24:28,899 DEBUG loaded <trimesh.Trimesh(vertices.shape=(916, 3), faces.shape=(856, 3))> using `load_obj` in 0.0039s
2024-12-10 20:24:29,083 DEBUG loaded <trimesh.Trimesh(vertices.shape=(48, 3), faces.shape=(28, 3))> using `load_obj` in 0.0008s
2024-12-10 20:24:37,399 INFO ==> EMD Loss: 15.276007
2024-12-10 20:24:37,399 INFO ==> Height map loss:  5.346433
2024-12-10 20:24:37,689 DEBUG loaded <trimesh.Trimesh(vertices.shape=(916, 3), faces.shape=(856, 3))> using `load_obj` in 0.0030s
2024-12-10 20:24:37,831 DEBUG loaded <trimesh.Trimesh(vertices.shape=(48, 3), faces.shape=(28, 3))> using `load_obj` in 0.0007s
2024-12-10 20:24:46,234 INFO ==> EMD Loss: 15.267934
2024-12-10 20:24:46,234 INFO ==> Height map loss:  5.346799
2024-12-10 20:24:46,518 DEBUG loaded <trimesh.Trimesh(vertices.shape=(916, 3), faces.shape=(856, 3))> using `load_obj` in 0.0029s
2024-12-10 20:24:46,656 DEBUG loaded <trimesh.Trimesh(vertices.shape=(48, 3), faces.shape=(28, 3))> using `load_obj` in 0.0007s
2024-12-10 20:24:55,228 INFO ==> EMD Loss: 15.260512
2024-12-10 20:24:55,228 INFO ==> Height map loss:  5.346257
2024-12-10 20:24:55,526 DEBUG loaded <trimesh.Trimesh(vertices.shape=(916, 3), faces.shape=(856, 3))> using `load_obj` in 0.0028s
2024-12-10 20:24:55,665 DEBUG loaded <trimesh.Trimesh(vertices.shape=(48, 3), faces.shape=(28, 3))> using `load_obj` in 0.0007s
2024-12-10 20:25:04,447 INFO ==> EMD Loss: 15.258389
2024-12-10 20:25:04,447 INFO ==> Height map loss:  5.345623
2024-12-10 20:25:04,738 DEBUG loaded <trimesh.Trimesh(vertices.shape=(916, 3), faces.shape=(856, 3))> using `load_obj` in 0.0028s
2024-12-10 20:25:04,874 DEBUG loaded <trimesh.Trimesh(vertices.shape=(48, 3), faces.shape=(28, 3))> using `load_obj` in 0.0007s
2024-12-10 20:25:26,481 INFO =====> Skill params: [ 0.2834102  -0.4699134  -0.918053   -0.96694475  0.6265405 ]
2024-12-10 20:25:26,481 INFO =====> Grad: [0. 0. 0. 0. 0.]
2024-12-10 20:25:26,482 INFO =====> Num. aborted data so far: 0
2024-12-10 20:25:26,482 INFO ===========> Epoch: 1 optimisation losses
2024-12-10 20:25:26,482 INFO =====> EMD Loss: 15.278940
2024-12-10 20:25:26,482 INFO =====> Height map loss: 5.346731
2024-12-10 20:25:26,891 DEBUG loaded <trimesh.Trimesh(vertices.shape=(916, 3), faces.shape=(856, 3))> using `load_obj` in 0.0040s
2024-12-10 20:25:27,076 DEBUG loaded <trimesh.Trimesh(vertices.shape=(48, 3), faces.shape=(28, 3))> using `load_obj` in 0.0009s
2024-12-10 20:25:35,479 INFO ==> EMD Loss: 15.279037
2024-12-10 20:25:35,479 INFO ==> Height map loss:  5.346750
2024-12-10 20:25:35,780 DEBUG loaded <trimesh.Trimesh(vertices.shape=(916, 3), faces.shape=(856, 3))> using `load_obj` in 0.0029s
2024-12-10 20:25:35,936 DEBUG loaded <trimesh.Trimesh(vertices.shape=(48, 3), faces.shape=(28, 3))> using `load_obj` in 0.0008s
2024-12-10 20:25:44,251 INFO ==> EMD Loss: 15.279012
2024-12-10 20:25:44,251 INFO ==> Height map loss:  5.346754
2024-12-10 20:25:44,569 DEBUG loaded <trimesh.Trimesh(vertices.shape=(916, 3), faces.shape=(856, 3))> using `load_obj` in 0.0029s
2024-12-10 20:25:44,711 DEBUG loaded <trimesh.Trimesh(vertices.shape=(48, 3), faces.shape=(28, 3))> using `load_obj` in 0.0007s
2024-12-10 20:25:52,741 INFO ==> EMD Loss: 15.279035
2024-12-10 20:25:52,741 INFO ==> Height map loss:  5.346771
2024-12-10 20:25:53,038 DEBUG loaded <trimesh.Trimesh(vertices.shape=(916, 3), faces.shape=(856, 3))> using `load_obj` in 0.0029s
2024-12-10 20:25:53,174 DEBUG loaded <trimesh.Trimesh(vertices.shape=(48, 3), faces.shape=(28, 3))> using `load_obj` in 0.0007s
2024-12-10 20:26:01,166 INFO ==> EMD Loss: 15.279083
2024-12-10 20:26:01,166 INFO ==> Height map loss:  5.345284
2024-12-10 20:26:01,462 DEBUG loaded <trimesh.Trimesh(vertices.shape=(916, 3), faces.shape=(856, 3))> using `load_obj` in 0.0028s
2024-12-10 20:26:01,598 DEBUG loaded <trimesh.Trimesh(vertices.shape=(48, 3), faces.shape=(28, 3))> using `load_obj` in 0.0007s
2024-12-10 20:26:09,669 INFO ==> EMD Loss: 15.278974
2024-12-10 20:26:09,669 INFO ==> Height map loss:  5.346725
2024-12-10 20:26:09,981 DEBUG loaded <trimesh.Trimesh(vertices.shape=(916, 3), faces.shape=(856, 3))> using `load_obj` in 0.0028s
2024-12-10 20:26:10,122 DEBUG loaded <trimesh.Trimesh(vertices.shape=(48, 3), faces.shape=(28, 3))> using `load_obj` in 0.0007s
2024-12-10 20:26:33,042 INFO =====> Skill params: [ 0.2834102  -0.4699134  -0.918053   -0.96694475  0.6265405 ]
2024-12-10 20:26:33,042 INFO =====> Grad: [0. 0. 0. 0. 0.]
2024-12-10 20:26:33,042 INFO =====> Num. aborted data so far: 0
2024-12-10 20:26:33,043 INFO ===========> Epoch: 2 optimisation losses
2024-12-10 20:26:33,043 INFO =====> EMD Loss: 15.279054
2024-12-10 20:26:33,043 INFO =====> Height map loss: 5.346786
2024-12-10 20:26:33,373 DEBUG loaded <trimesh.Trimesh(vertices.shape=(916, 3), faces.shape=(856, 3))> using `load_obj` in 0.0029s
2024-12-10 20:26:33,510 DEBUG loaded <trimesh.Trimesh(vertices.shape=(48, 3), faces.shape=(28, 3))> using `load_obj` in 0.0007s
2024-12-10 20:26:41,491 INFO ==> EMD Loss: 15.277464
2024-12-10 20:26:41,491 INFO ==> Height map loss:  5.345618
2024-12-10 20:26:41,791 DEBUG loaded <trimesh.Trimesh(vertices.shape=(916, 3), faces.shape=(856, 3))> using `load_obj` in 0.0028s
2024-12-10 20:26:41,928 DEBUG loaded <trimesh.Trimesh(vertices.shape=(48, 3), faces.shape=(28, 3))> using `load_obj` in 0.0007s
2024-12-10 20:26:49,881 INFO ==> EMD Loss: 15.278919
2024-12-10 20:26:49,881 INFO ==> Height map loss:  5.346720
2024-12-10 20:26:50,268 DEBUG loaded <trimesh.Trimesh(vertices.shape=(916, 3), faces.shape=(856, 3))> using `load_obj` in 0.0038s
2024-12-10 20:26:50,452 DEBUG loaded <trimesh.Trimesh(vertices.shape=(48, 3), faces.shape=(28, 3))> using `load_obj` in 0.0008s
2024-12-10 20:26:58,933 INFO ==> EMD Loss: 15.278992
2024-12-10 20:26:58,933 INFO ==> Height map loss:  5.346737
2024-12-10 20:26:59,246 DEBUG loaded <trimesh.Trimesh(vertices.shape=(916, 3), faces.shape=(856, 3))> using `load_obj` in 0.0029s
2024-12-10 20:26:59,388 DEBUG loaded <trimesh.Trimesh(vertices.shape=(48, 3), faces.shape=(28, 3))> using `load_obj` in 0.0007s
2024-12-10 20:27:07,500 INFO ==> EMD Loss: 15.278952
2024-12-10 20:27:07,500 INFO ==> Height map loss:  5.345234
2024-12-10 20:27:07,810 DEBUG loaded <trimesh.Trimesh(vertices.shape=(916, 3), faces.shape=(856, 3))> using `load_obj` in 0.0028s
2024-12-10 20:27:07,950 DEBUG loaded <trimesh.Trimesh(vertices.shape=(48, 3), faces.shape=(28, 3))> using `load_obj` in 0.0007s
2024-12-10 20:27:15,968 INFO ==> EMD Loss: 15.279051
2024-12-10 20:27:15,969 INFO ==> Height map loss:  5.346809
2024-12-10 20:27:16,305 DEBUG loaded <trimesh.Trimesh(vertices.shape=(916, 3), faces.shape=(856, 3))> using `load_obj` in 0.0028s
2024-12-10 20:27:16,443 DEBUG loaded <trimesh.Trimesh(vertices.shape=(48, 3), faces.shape=(28, 3))> using `load_obj` in 0.0007s
2024-12-10 20:27:38,296 INFO =====> Skill params: [ 0.2834102  -0.4699134  -0.918053   -0.96694475  0.6265405 ]
2024-12-10 20:27:38,296 INFO =====> Grad: [0. 0. 0. 0. 0.]
2024-12-10 20:27:38,296 INFO =====> Num. aborted data so far: 0
2024-12-10 20:27:38,297 INFO ===========> Epoch: 3 optimisation losses
2024-12-10 20:27:38,297 INFO =====> EMD Loss: 15.278987
2024-12-10 20:27:38,297 INFO =====> Height map loss: 5.346743
2024-12-10 20:27:38,638 DEBUG loaded <trimesh.Trimesh(vertices.shape=(916, 3), faces.shape=(856, 3))> using `load_obj` in 0.0030s
2024-12-10 20:27:38,782 DEBUG loaded <trimesh.Trimesh(vertices.shape=(48, 3), faces.shape=(28, 3))> using `load_obj` in 0.0007s
2024-12-10 20:27:46,883 INFO ==> EMD Loss: 15.278990
2024-12-10 20:27:46,883 INFO ==> Height map loss:  5.346765
2024-12-10 20:27:47,192 DEBUG loaded <trimesh.Trimesh(vertices.shape=(916, 3), faces.shape=(856, 3))> using `load_obj` in 0.0029s
2024-12-10 20:27:47,332 DEBUG loaded <trimesh.Trimesh(vertices.shape=(48, 3), faces.shape=(28, 3))> using `load_obj` in 0.0007s
2024-12-10 20:27:55,104 INFO ==> EMD Loss: 15.279142
2024-12-10 20:27:55,104 INFO ==> Height map loss:  5.346797
2024-12-10 20:27:55,415 DEBUG loaded <trimesh.Trimesh(vertices.shape=(916, 3), faces.shape=(856, 3))> using `load_obj` in 0.0028s
2024-12-10 20:27:55,554 DEBUG loaded <trimesh.Trimesh(vertices.shape=(48, 3), faces.shape=(28, 3))> using `load_obj` in 0.0007s
2024-12-10 20:28:03,417 INFO ==> EMD Loss: 15.279015
2024-12-10 20:28:03,417 INFO ==> Height map loss:  5.346700
2024-12-10 20:28:03,731 DEBUG loaded <trimesh.Trimesh(vertices.shape=(916, 3), faces.shape=(856, 3))> using `load_obj` in 0.0028s
2024-12-10 20:28:03,872 DEBUG loaded <trimesh.Trimesh(vertices.shape=(48, 3), faces.shape=(28, 3))> using `load_obj` in 0.0007s
2024-12-10 20:28:12,237 INFO ==> EMD Loss: 15.279039
2024-12-10 20:28:12,237 INFO ==> Height map loss:  5.346666
2024-12-10 20:28:12,593 DEBUG loaded <trimesh.Trimesh(vertices.shape=(916, 3), faces.shape=(856, 3))> using `load_obj` in 0.0030s
2024-12-10 20:28:12,738 DEBUG loaded <trimesh.Trimesh(vertices.shape=(48, 3), faces.shape=(28, 3))> using `load_obj` in 0.0007s
2024-12-10 20:28:20,945 INFO ==> EMD Loss: 15.279007
2024-12-10 20:28:20,945 INFO ==> Height map loss:  5.346725
2024-12-10 20:28:21,275 DEBUG loaded <trimesh.Trimesh(vertices.shape=(916, 3), faces.shape=(856, 3))> using `load_obj` in 0.0028s
2024-12-10 20:28:21,419 DEBUG loaded <trimesh.Trimesh(vertices.shape=(48, 3), faces.shape=(28, 3))> using `load_obj` in 0.0007s
2024-12-10 20:28:43,339 INFO =====> Skill params: [ 0.2834102  -0.4699134  -0.918053   -0.96694475  0.6265405 ]
2024-12-10 20:28:43,339 INFO =====> Grad: [0. 0. 0. 0. 0.]
2024-12-10 20:28:43,339 INFO =====> Num. aborted data so far: 0
2024-12-10 20:28:43,340 INFO ===========> Epoch: 4 optimisation losses
2024-12-10 20:28:43,340 INFO =====> EMD Loss: 15.279036
2024-12-10 20:28:43,340 INFO =====> Height map loss: 5.346806
2024-12-10 20:28:43,686 DEBUG loaded <trimesh.Trimesh(vertices.shape=(916, 3), faces.shape=(856, 3))> using `load_obj` in 0.0029s
2024-12-10 20:28:43,827 DEBUG loaded <trimesh.Trimesh(vertices.shape=(48, 3), faces.shape=(28, 3))> using `load_obj` in 0.0007s
2024-12-10 20:28:51,875 INFO ==> EMD Loss: 15.279000
2024-12-10 20:28:51,875 INFO ==> Height map loss:  5.346697
2024-12-10 20:28:52,204 DEBUG loaded <trimesh.Trimesh(vertices.shape=(916, 3), faces.shape=(856, 3))> using `load_obj` in 0.0030s
2024-12-10 20:28:52,356 DEBUG loaded <trimesh.Trimesh(vertices.shape=(48, 3), faces.shape=(28, 3))> using `load_obj` in 0.0008s
2024-12-10 20:29:00,405 INFO ==> EMD Loss: 15.279024
2024-12-10 20:29:00,405 INFO ==> Height map loss:  5.345295
2024-12-10 20:29:00,722 DEBUG loaded <trimesh.Trimesh(vertices.shape=(916, 3), faces.shape=(856, 3))> using `load_obj` in 0.0028s
2024-12-10 20:29:00,864 DEBUG loaded <trimesh.Trimesh(vertices.shape=(48, 3), faces.shape=(28, 3))> using `load_obj` in 0.0007s
2024-12-10 20:29:08,838 INFO ==> EMD Loss: 15.279120
2024-12-10 20:29:08,838 INFO ==> Height map loss:  5.346819
2024-12-10 20:29:09,154 DEBUG loaded <trimesh.Trimesh(vertices.shape=(916, 3), faces.shape=(856, 3))> using `load_obj` in 0.0028s
2024-12-10 20:29:09,294 DEBUG loaded <trimesh.Trimesh(vertices.shape=(48, 3), faces.shape=(28, 3))> using `load_obj` in 0.0007s
2024-12-10 20:29:17,084 INFO ==> EMD Loss: 15.279014
2024-12-10 20:29:17,084 INFO ==> Height map loss:  5.345243
2024-12-10 20:29:17,445 DEBUG loaded <trimesh.Trimesh(vertices.shape=(916, 3), faces.shape=(856, 3))> using `load_obj` in 0.0030s
2024-12-10 20:29:17,587 DEBUG loaded <trimesh.Trimesh(vertices.shape=(48, 3), faces.shape=(28, 3))> using `load_obj` in 0.0007s
2024-12-10 20:29:25,681 INFO ==> EMD Loss: 15.278980
2024-12-10 20:29:25,681 INFO ==> Height map loss:  5.346724
2024-12-10 20:29:26,008 DEBUG loaded <trimesh.Trimesh(vertices.shape=(916, 3), faces.shape=(856, 3))> using `load_obj` in 0.0029s
2024-12-10 20:29:26,151 DEBUG loaded <trimesh.Trimesh(vertices.shape=(48, 3), faces.shape=(28, 3))> using `load_obj` in 0.0007s
2024-12-10 20:29:47,999 INFO =====> Skill params: [ 0.2834102  -0.4699134  -0.918053   -0.96694475  0.6265405 ]
2024-12-10 20:29:47,999 INFO =====> Grad: [0. 0. 0. 0. 0.]
2024-12-10 20:29:47,999 INFO =====> Num. aborted data so far: 0
2024-12-10 20:29:48,000 INFO ===========> Epoch: 5 optimisation losses
2024-12-10 20:29:48,000 INFO =====> EMD Loss: 15.279000
2024-12-10 20:29:48,000 INFO =====> Height map loss: 5.346782
2024-12-10 20:29:48,365 DEBUG loaded <trimesh.Trimesh(vertices.shape=(916, 3), faces.shape=(856, 3))> using `load_obj` in 0.0031s
2024-12-10 20:29:48,511 DEBUG loaded <trimesh.Trimesh(vertices.shape=(48, 3), faces.shape=(28, 3))> using `load_obj` in 0.0007s
2024-12-10 20:29:56,528 INFO ==> EMD Loss: 15.277507
2024-12-10 20:29:56,528 INFO ==> Height map loss:  5.346844
2024-12-10 20:29:56,860 DEBUG loaded <trimesh.Trimesh(vertices.shape=(916, 3), faces.shape=(856, 3))> using `load_obj` in 0.0029s
2024-12-10 20:29:57,003 DEBUG loaded <trimesh.Trimesh(vertices.shape=(48, 3), faces.shape=(28, 3))> using `load_obj` in 0.0007s
2024-12-10 20:30:05,039 INFO ==> EMD Loss: 15.279029
2024-12-10 20:30:05,039 INFO ==> Height map loss:  5.346771
2024-12-10 20:30:05,370 DEBUG loaded <trimesh.Trimesh(vertices.shape=(916, 3), faces.shape=(856, 3))> using `load_obj` in 0.0028s
2024-12-10 20:30:05,518 DEBUG loaded <trimesh.Trimesh(vertices.shape=(48, 3), faces.shape=(28, 3))> using `load_obj` in 0.0007s
2024-12-10 20:30:13,460 INFO ==> EMD Loss: 15.279018
2024-12-10 20:30:13,460 INFO ==> Height map loss:  5.346735
2024-12-10 20:30:13,863 DEBUG loaded <trimesh.Trimesh(vertices.shape=(916, 3), faces.shape=(856, 3))> using `load_obj` in 0.0029s
2024-12-10 20:30:14,015 DEBUG loaded <trimesh.Trimesh(vertices.shape=(48, 3), faces.shape=(28, 3))> using `load_obj` in 0.0008s
2024-12-10 20:30:22,029 INFO ==> EMD Loss: 15.279045
2024-12-10 20:30:22,030 INFO ==> Height map loss:  5.346694
2024-12-10 20:30:22,358 DEBUG loaded <trimesh.Trimesh(vertices.shape=(916, 3), faces.shape=(856, 3))> using `load_obj` in 0.0029s
2024-12-10 20:30:22,502 DEBUG loaded <trimesh.Trimesh(vertices.shape=(48, 3), faces.shape=(28, 3))> using `load_obj` in 0.0007s
2024-12-10 20:30:30,314 INFO ==> EMD Loss: 15.278919
2024-12-10 20:30:30,314 INFO ==> Height map loss:  5.345203
2024-12-10 20:30:30,646 DEBUG loaded <trimesh.Trimesh(vertices.shape=(916, 3), faces.shape=(856, 3))> using `load_obj` in 0.0028s
2024-12-10 20:30:30,788 DEBUG loaded <trimesh.Trimesh(vertices.shape=(48, 3), faces.shape=(28, 3))> using `load_obj` in 0.0007s
2024-12-10 20:30:53,007 INFO =====> Skill params: [ 0.2834102  -0.4699134  -0.918053   -0.96694475  0.6265405 ]
2024-12-10 20:30:53,007 INFO =====> Grad: [0. 0. 0. 0. 0.]
2024-12-10 20:30:53,007 INFO =====> Num. aborted data so far: 0
2024-12-10 20:30:53,008 INFO ===========> Epoch: 6 optimisation losses
2024-12-10 20:30:53,008 INFO =====> EMD Loss: 15.278983
2024-12-10 20:30:53,008 INFO =====> Height map loss: 5.346763
2024-12-10 20:30:53,373 DEBUG loaded <trimesh.Trimesh(vertices.shape=(916, 3), faces.shape=(856, 3))> using `load_obj` in 0.0029s
2024-12-10 20:30:53,521 DEBUG loaded <trimesh.Trimesh(vertices.shape=(48, 3), faces.shape=(28, 3))> using `load_obj` in 0.0007s
2024-12-10 20:31:02,499 INFO ==> EMD Loss: 15.279006
2024-12-10 20:31:02,499 INFO ==> Height map loss:  5.346697
2024-12-10 20:31:02,834 DEBUG loaded <trimesh.Trimesh(vertices.shape=(916, 3), faces.shape=(856, 3))> using `load_obj` in 0.0028s
2024-12-10 20:31:02,976 DEBUG loaded <trimesh.Trimesh(vertices.shape=(48, 3), faces.shape=(28, 3))> using `load_obj` in 0.0007s
2024-12-10 20:31:11,449 INFO ==> EMD Loss: 15.279067
2024-12-10 20:31:11,449 INFO ==> Height map loss:  5.346780
2024-12-10 20:31:11,778 DEBUG loaded <trimesh.Trimesh(vertices.shape=(916, 3), faces.shape=(856, 3))> using `load_obj` in 0.0028s
2024-12-10 20:31:11,922 DEBUG loaded <trimesh.Trimesh(vertices.shape=(48, 3), faces.shape=(28, 3))> using `load_obj` in 0.0007s
2024-12-10 20:31:20,001 INFO ==> EMD Loss: 15.278982
2024-12-10 20:31:20,002 INFO ==> Height map loss:  5.346710
2024-12-10 20:31:20,336 DEBUG loaded <trimesh.Trimesh(vertices.shape=(916, 3), faces.shape=(856, 3))> using `load_obj` in 0.0029s
2024-12-10 20:31:20,479 DEBUG loaded <trimesh.Trimesh(vertices.shape=(48, 3), faces.shape=(28, 3))> using `load_obj` in 0.0007s
2024-12-10 20:31:28,450 INFO ==> EMD Loss: 15.279051
2024-12-10 20:31:28,451 INFO ==> Height map loss:  5.346756
2024-12-10 20:31:28,784 DEBUG loaded <trimesh.Trimesh(vertices.shape=(916, 3), faces.shape=(856, 3))> using `load_obj` in 0.0028s
2024-12-10 20:31:28,926 DEBUG loaded <trimesh.Trimesh(vertices.shape=(48, 3), faces.shape=(28, 3))> using `load_obj` in 0.0007s
2024-12-10 20:31:36,847 INFO ==> EMD Loss: 15.278989
2024-12-10 20:31:36,847 INFO ==> Height map loss:  5.345291
2024-12-10 20:31:37,176 DEBUG loaded <trimesh.Trimesh(vertices.shape=(916, 3), faces.shape=(856, 3))> using `load_obj` in 0.0028s
2024-12-10 20:31:37,319 DEBUG loaded <trimesh.Trimesh(vertices.shape=(48, 3), faces.shape=(28, 3))> using `load_obj` in 0.0007s
2024-12-10 20:31:58,940 INFO =====> Skill params: [ 0.2834102  -0.4699134  -0.918053   -0.96694475  0.6265405 ]
2024-12-10 20:31:58,940 INFO =====> Grad: [0. 0. 0. 0. 0.]
2024-12-10 20:31:58,941 INFO =====> Num. aborted data so far: 0
2024-12-10 20:31:58,941 INFO ===========> Epoch: 7 optimisation losses
2024-12-10 20:31:58,941 INFO =====> EMD Loss: 15.279055
2024-12-10 20:31:58,941 INFO =====> Height map loss: 5.345298
2024-12-10 20:31:59,330 DEBUG loaded <trimesh.Trimesh(vertices.shape=(916, 3), faces.shape=(856, 3))> using `load_obj` in 0.0030s
2024-12-10 20:31:59,527 DEBUG loaded <trimesh.Trimesh(vertices.shape=(48, 3), faces.shape=(28, 3))> using `load_obj` in 0.0009s
2024-12-10 20:32:08,244 INFO ==> EMD Loss: 15.279075
2024-12-10 20:32:08,244 INFO ==> Height map loss:  5.346748
2024-12-10 20:32:08,591 DEBUG loaded <trimesh.Trimesh(vertices.shape=(916, 3), faces.shape=(856, 3))> using `load_obj` in 0.0029s
2024-12-10 20:32:08,742 DEBUG loaded <trimesh.Trimesh(vertices.shape=(48, 3), faces.shape=(28, 3))> using `load_obj` in 0.0007s
2024-12-10 20:32:17,027 INFO ==> EMD Loss: 15.278964
2024-12-10 20:32:17,027 INFO ==> Height map loss:  5.346704
2024-12-10 20:32:17,360 DEBUG loaded <trimesh.Trimesh(vertices.shape=(916, 3), faces.shape=(856, 3))> using `load_obj` in 0.0028s
2024-12-10 20:32:17,507 DEBUG loaded <trimesh.Trimesh(vertices.shape=(48, 3), faces.shape=(28, 3))> using `load_obj` in 0.0007s
2024-12-10 20:32:25,495 INFO ==> EMD Loss: 15.279029
2024-12-10 20:32:25,495 INFO ==> Height map loss:  5.346769
2024-12-10 20:32:25,923 DEBUG loaded <trimesh.Trimesh(vertices.shape=(916, 3), faces.shape=(856, 3))> using `load_obj` in 0.0029s
2024-12-10 20:32:26,077 DEBUG loaded <trimesh.Trimesh(vertices.shape=(48, 3), faces.shape=(28, 3))> using `load_obj` in 0.0007s
2024-12-10 20:32:34,206 INFO ==> EMD Loss: 15.279036
2024-12-10 20:32:34,206 INFO ==> Height map loss:  5.345293
2024-12-10 20:32:34,616 DEBUG loaded <trimesh.Trimesh(vertices.shape=(916, 3), faces.shape=(856, 3))> using `load_obj` in 0.0038s
2024-12-10 20:32:34,778 DEBUG loaded <trimesh.Trimesh(vertices.shape=(48, 3), faces.shape=(28, 3))> using `load_obj` in 0.0007s
2024-12-10 20:32:42,833 INFO ==> EMD Loss: 15.279035
2024-12-10 20:32:42,833 INFO ==> Height map loss:  5.346746
2024-12-10 20:32:43,252 DEBUG loaded <trimesh.Trimesh(vertices.shape=(916, 3), faces.shape=(856, 3))> using `load_obj` in 0.0039s
2024-12-10 20:32:43,448 DEBUG loaded <trimesh.Trimesh(vertices.shape=(48, 3), faces.shape=(28, 3))> using `load_obj` in 0.0008s
2024-12-10 20:33:05,321 INFO =====> Skill params: [ 0.2834102  -0.4699134  -0.918053   -0.96694475  0.6265405 ]
2024-12-10 20:33:05,321 INFO =====> Grad: [0. 0. 0. 0. 0.]
2024-12-10 20:33:05,321 INFO =====> Num. aborted data so far: 0
2024-12-10 20:33:05,322 INFO ===========> Epoch: 8 optimisation losses
2024-12-10 20:33:05,322 INFO =====> EMD Loss: 15.278927
2024-12-10 20:33:05,322 INFO =====> Height map loss: 5.345207
2024-12-10 20:33:05,681 DEBUG loaded <trimesh.Trimesh(vertices.shape=(916, 3), faces.shape=(856, 3))> using `load_obj` in 0.0031s
2024-12-10 20:33:05,827 DEBUG loaded <trimesh.Trimesh(vertices.shape=(48, 3), faces.shape=(28, 3))> using `load_obj` in 0.0007s
2024-12-10 20:33:13,954 INFO ==> EMD Loss: 15.278989
2024-12-10 20:33:13,954 INFO ==> Height map loss:  5.346763
2024-12-10 20:33:14,290 DEBUG loaded <trimesh.Trimesh(vertices.shape=(916, 3), faces.shape=(856, 3))> using `load_obj` in 0.0028s
2024-12-10 20:33:14,439 DEBUG loaded <trimesh.Trimesh(vertices.shape=(48, 3), faces.shape=(28, 3))> using `load_obj` in 0.0007s
2024-12-10 20:33:23,092 INFO ==> EMD Loss: 15.278988
2024-12-10 20:33:23,092 INFO ==> Height map loss:  5.346688
2024-12-10 20:33:23,429 DEBUG loaded <trimesh.Trimesh(vertices.shape=(916, 3), faces.shape=(856, 3))> using `load_obj` in 0.0028s
2024-12-10 20:33:23,574 DEBUG loaded <trimesh.Trimesh(vertices.shape=(48, 3), faces.shape=(28, 3))> using `load_obj` in 0.0007s
2024-12-10 20:33:31,768 INFO ==> EMD Loss: 15.278975
2024-12-10 20:33:31,768 INFO ==> Height map loss:  5.346699
2024-12-10 20:33:32,132 DEBUG loaded <trimesh.Trimesh(vertices.shape=(916, 3), faces.shape=(856, 3))> using `load_obj` in 0.0028s
2024-12-10 20:33:32,280 DEBUG loaded <trimesh.Trimesh(vertices.shape=(48, 3), faces.shape=(28, 3))> using `load_obj` in 0.0007s
2024-12-10 20:33:40,495 INFO ==> EMD Loss: 15.279041
2024-12-10 20:33:40,495 INFO ==> Height map loss:  5.346738
2024-12-10 20:33:40,919 DEBUG loaded <trimesh.Trimesh(vertices.shape=(916, 3), faces.shape=(856, 3))> using `load_obj` in 0.0039s
2024-12-10 20:33:41,110 DEBUG loaded <trimesh.Trimesh(vertices.shape=(48, 3), faces.shape=(28, 3))> using `load_obj` in 0.0009s
2024-12-10 20:33:49,484 INFO ==> EMD Loss: 15.279004
2024-12-10 20:33:49,484 INFO ==> Height map loss:  5.346786
2024-12-10 20:33:49,909 DEBUG loaded <trimesh.Trimesh(vertices.shape=(916, 3), faces.shape=(856, 3))> using `load_obj` in 0.0039s
2024-12-10 20:33:50,101 DEBUG loaded <trimesh.Trimesh(vertices.shape=(48, 3), faces.shape=(28, 3))> using `load_obj` in 0.0008s
2024-12-10 20:34:13,295 INFO =====> Skill params: [ 0.2834102  -0.4699134  -0.918053   -0.96694475  0.6265405 ]
2024-12-10 20:34:13,295 INFO =====> Grad: [0. 0. 0. 0. 0.]
2024-12-10 20:34:13,295 INFO =====> Num. aborted data so far: 0
2024-12-10 20:34:13,296 INFO ===========> Epoch: 9 optimisation losses
2024-12-10 20:34:13,296 INFO =====> EMD Loss: 15.278952
2024-12-10 20:34:13,296 INFO =====> Height map loss: 5.346687
2024-12-10 20:34:13,663 DEBUG loaded <trimesh.Trimesh(vertices.shape=(916, 3), faces.shape=(856, 3))> using `load_obj` in 0.0030s
2024-12-10 20:34:13,809 DEBUG loaded <trimesh.Trimesh(vertices.shape=(48, 3), faces.shape=(28, 3))> using `load_obj` in 0.0007s
2024-12-10 20:34:21,805 INFO ==> EMD Loss: 15.278923
2024-12-10 20:34:21,805 INFO ==> Height map loss:  5.346611
2024-12-10 20:34:22,147 DEBUG loaded <trimesh.Trimesh(vertices.shape=(916, 3), faces.shape=(856, 3))> using `load_obj` in 0.0028s
2024-12-10 20:34:22,291 DEBUG loaded <trimesh.Trimesh(vertices.shape=(48, 3), faces.shape=(28, 3))> using `load_obj` in 0.0007s
2024-12-10 20:34:30,333 INFO ==> EMD Loss: 15.279036
2024-12-10 20:34:30,333 INFO ==> Height map loss:  5.346787
2024-12-10 20:34:30,682 DEBUG loaded <trimesh.Trimesh(vertices.shape=(916, 3), faces.shape=(856, 3))> using `load_obj` in 0.0030s
2024-12-10 20:34:30,836 DEBUG loaded <trimesh.Trimesh(vertices.shape=(48, 3), faces.shape=(28, 3))> using `load_obj` in 0.0007s
2024-12-10 20:34:38,923 INFO ==> EMD Loss: 15.279040
2024-12-10 20:34:38,923 INFO ==> Height map loss:  5.346741
2024-12-10 20:34:39,278 DEBUG loaded <trimesh.Trimesh(vertices.shape=(916, 3), faces.shape=(856, 3))> using `load_obj` in 0.0029s
2024-12-10 20:34:39,428 DEBUG loaded <trimesh.Trimesh(vertices.shape=(48, 3), faces.shape=(28, 3))> using `load_obj` in 0.0008s
2024-12-10 20:34:47,460 INFO ==> EMD Loss: 15.279034
2024-12-10 20:34:47,460 INFO ==> Height map loss:  5.346788
2024-12-10 20:34:47,803 DEBUG loaded <trimesh.Trimesh(vertices.shape=(916, 3), faces.shape=(856, 3))> using `load_obj` in 0.0030s
2024-12-10 20:34:47,951 DEBUG loaded <trimesh.Trimesh(vertices.shape=(48, 3), faces.shape=(28, 3))> using `load_obj` in 0.0007s
2024-12-10 20:34:56,197 INFO ==> EMD Loss: 15.278999
2024-12-10 20:34:56,197 INFO ==> Height map loss:  5.346673
2024-12-10 20:34:56,620 DEBUG loaded <trimesh.Trimesh(vertices.shape=(916, 3), faces.shape=(856, 3))> using `load_obj` in 0.0039s
2024-12-10 20:34:56,810 DEBUG loaded <trimesh.Trimesh(vertices.shape=(48, 3), faces.shape=(28, 3))> using `load_obj` in 0.0008s
2024-12-10 20:35:19,441 INFO =====> Skill params: [ 0.2834102  -0.4699134  -0.918053   -0.96694475  0.6265405 ]
2024-12-10 20:35:19,441 INFO =====> Grad: [0. 0. 0. 0. 0.]
2024-12-10 20:35:19,441 INFO =====> Num. aborted data so far: 0
2024-12-10 20:35:19,442 INFO ===========> Epoch: 10 optimisation losses
2024-12-10 20:35:19,442 INFO =====> EMD Loss: 15.278932
2024-12-10 20:35:19,442 INFO =====> Height map loss: 5.345298
2024-12-10 20:35:19,820 DEBUG loaded <trimesh.Trimesh(vertices.shape=(916, 3), faces.shape=(856, 3))> using `load_obj` in 0.0031s
2024-12-10 20:35:19,963 DEBUG loaded <trimesh.Trimesh(vertices.shape=(48, 3), faces.shape=(28, 3))> using `load_obj` in 0.0007s
2024-12-10 20:35:28,050 INFO ==> EMD Loss: 15.279073
2024-12-10 20:35:28,050 INFO ==> Height map loss:  5.346773
2024-12-10 20:35:28,387 DEBUG loaded <trimesh.Trimesh(vertices.shape=(916, 3), faces.shape=(856, 3))> using `load_obj` in 0.0028s
2024-12-10 20:35:28,536 DEBUG loaded <trimesh.Trimesh(vertices.shape=(48, 3), faces.shape=(28, 3))> using `load_obj` in 0.0007s
2024-12-10 20:35:36,419 INFO ==> EMD Loss: 15.279024
2024-12-10 20:35:36,419 INFO ==> Height map loss:  5.346743
2024-12-10 20:35:36,772 DEBUG loaded <trimesh.Trimesh(vertices.shape=(916, 3), faces.shape=(856, 3))> using `load_obj` in 0.0029s
2024-12-10 20:35:36,920 DEBUG loaded <trimesh.Trimesh(vertices.shape=(48, 3), faces.shape=(28, 3))> using `load_obj` in 0.0007s
2024-12-10 20:35:45,044 INFO ==> EMD Loss: 15.279022
2024-12-10 20:35:45,044 INFO ==> Height map loss:  5.347099
2024-12-10 20:35:45,391 DEBUG loaded <trimesh.Trimesh(vertices.shape=(916, 3), faces.shape=(856, 3))> using `load_obj` in 0.0029s
2024-12-10 20:35:45,538 DEBUG loaded <trimesh.Trimesh(vertices.shape=(48, 3), faces.shape=(28, 3))> using `load_obj` in 0.0007s
2024-12-10 20:35:53,613 INFO ==> EMD Loss: 15.278932
2024-12-10 20:35:53,614 INFO ==> Height map loss:  5.345238
2024-12-10 20:35:54,048 DEBUG loaded <trimesh.Trimesh(vertices.shape=(916, 3), faces.shape=(856, 3))> using `load_obj` in 0.0039s
2024-12-10 20:35:54,217 DEBUG loaded <trimesh.Trimesh(vertices.shape=(48, 3), faces.shape=(28, 3))> using `load_obj` in 0.0007s
2024-12-10 20:36:02,265 INFO ==> EMD Loss: 15.278993
2024-12-10 20:36:02,265 INFO ==> Height map loss:  5.346774
2024-12-10 20:36:02,696 DEBUG loaded <trimesh.Trimesh(vertices.shape=(916, 3), faces.shape=(856, 3))> using `load_obj` in 0.0039s
2024-12-10 20:36:02,885 DEBUG loaded <trimesh.Trimesh(vertices.shape=(48, 3), faces.shape=(28, 3))> using `load_obj` in 0.0008s
2024-12-10 20:36:26,474 INFO =====> Skill params: [ 0.2834102  -0.4699134  -0.918053   -0.96694475  0.6265405 ]
2024-12-10 20:36:26,474 INFO =====> Grad: [0. 0. 0. 0. 0.]
2024-12-10 20:36:26,476 INFO =====> Num. aborted data so far: 0
2024-12-10 20:36:26,477 INFO ===========> Epoch: 11 optimisation losses
2024-12-10 20:36:26,477 INFO =====> EMD Loss: 15.278953
2024-12-10 20:36:26,477 INFO =====> Height map loss: 5.345186
2024-12-10 20:36:26,864 DEBUG loaded <trimesh.Trimesh(vertices.shape=(916, 3), faces.shape=(856, 3))> using `load_obj` in 0.0031s
2024-12-10 20:36:27,012 DEBUG loaded <trimesh.Trimesh(vertices.shape=(48, 3), faces.shape=(28, 3))> using `load_obj` in 0.0007s
2024-12-10 20:36:35,200 INFO ==> EMD Loss: 15.279034
2024-12-10 20:36:35,200 INFO ==> Height map loss:  5.345605
2024-12-10 20:36:35,547 DEBUG loaded <trimesh.Trimesh(vertices.shape=(916, 3), faces.shape=(856, 3))> using `load_obj` in 0.0028s
2024-12-10 20:36:35,691 DEBUG loaded <trimesh.Trimesh(vertices.shape=(48, 3), faces.shape=(28, 3))> using `load_obj` in 0.0007s
2024-12-10 20:36:43,648 INFO ==> EMD Loss: 15.279020
2024-12-10 20:36:43,648 INFO ==> Height map loss:  5.346741
2024-12-10 20:36:44,021 DEBUG loaded <trimesh.Trimesh(vertices.shape=(916, 3), faces.shape=(856, 3))> using `load_obj` in 0.0028s
2024-12-10 20:36:44,164 DEBUG loaded <trimesh.Trimesh(vertices.shape=(48, 3), faces.shape=(28, 3))> using `load_obj` in 0.0007s
2024-12-10 20:36:52,208 INFO ==> EMD Loss: 15.279008
2024-12-10 20:36:52,208 INFO ==> Height map loss:  5.346721
2024-12-10 20:36:52,558 DEBUG loaded <trimesh.Trimesh(vertices.shape=(916, 3), faces.shape=(856, 3))> using `load_obj` in 0.0028s
2024-12-10 20:36:52,703 DEBUG loaded <trimesh.Trimesh(vertices.shape=(48, 3), faces.shape=(28, 3))> using `load_obj` in 0.0007s
2024-12-10 20:37:00,730 INFO ==> EMD Loss: 15.279087
2024-12-10 20:37:00,730 INFO ==> Height map loss:  5.346797
2024-12-10 20:37:01,161 DEBUG loaded <trimesh.Trimesh(vertices.shape=(916, 3), faces.shape=(856, 3))> using `load_obj` in 0.0040s
2024-12-10 20:37:01,353 DEBUG loaded <trimesh.Trimesh(vertices.shape=(48, 3), faces.shape=(28, 3))> using `load_obj` in 0.0009s
2024-12-10 20:37:09,654 INFO ==> EMD Loss: 15.279034
2024-12-10 20:37:09,654 INFO ==> Height map loss:  5.346771
2024-12-10 20:37:10,088 DEBUG loaded <trimesh.Trimesh(vertices.shape=(916, 3), faces.shape=(856, 3))> using `load_obj` in 0.0039s
2024-12-10 20:37:10,281 DEBUG loaded <trimesh.Trimesh(vertices.shape=(48, 3), faces.shape=(28, 3))> using `load_obj` in 0.0009s
2024-12-10 20:37:32,269 INFO =====> Skill params: [ 0.2834102  -0.4699134  -0.918053   -0.96694475  0.6265405 ]
2024-12-10 20:37:32,269 INFO =====> Grad: [0. 0. 0. 0. 0.]
2024-12-10 20:37:32,269 INFO =====> Num. aborted data so far: 0
2024-12-10 20:37:32,270 INFO ===========> Epoch: 12 optimisation losses
2024-12-10 20:37:32,270 INFO =====> EMD Loss: 15.279057
2024-12-10 20:37:32,270 INFO =====> Height map loss: 5.346729
2024-12-10 20:37:32,650 DEBUG loaded <trimesh.Trimesh(vertices.shape=(916, 3), faces.shape=(856, 3))> using `load_obj` in 0.0030s
2024-12-10 20:37:32,793 DEBUG loaded <trimesh.Trimesh(vertices.shape=(48, 3), faces.shape=(28, 3))> using `load_obj` in 0.0007s
2024-12-10 20:37:41,287 INFO ==> EMD Loss: 15.278949
2024-12-10 20:37:41,287 INFO ==> Height map loss:  5.346742
2024-12-10 20:37:41,720 DEBUG loaded <trimesh.Trimesh(vertices.shape=(916, 3), faces.shape=(856, 3))> using `load_obj` in 0.0029s
2024-12-10 20:37:41,867 DEBUG loaded <trimesh.Trimesh(vertices.shape=(48, 3), faces.shape=(28, 3))> using `load_obj` in 0.0007s
2024-12-10 20:37:50,031 INFO ==> EMD Loss: 15.278946
2024-12-10 20:37:50,031 INFO ==> Height map loss:  5.345292
2024-12-10 20:37:50,391 DEBUG loaded <trimesh.Trimesh(vertices.shape=(916, 3), faces.shape=(856, 3))> using `load_obj` in 0.0030s
2024-12-10 20:37:50,536 DEBUG loaded <trimesh.Trimesh(vertices.shape=(48, 3), faces.shape=(28, 3))> using `load_obj` in 0.0007s
2024-12-10 20:37:58,555 INFO ==> EMD Loss: 15.279021
2024-12-10 20:37:58,555 INFO ==> Height map loss:  5.346755
2024-12-10 20:37:58,905 DEBUG loaded <trimesh.Trimesh(vertices.shape=(916, 3), faces.shape=(856, 3))> using `load_obj` in 0.0030s
2024-12-10 20:37:59,049 DEBUG loaded <trimesh.Trimesh(vertices.shape=(48, 3), faces.shape=(28, 3))> using `load_obj` in 0.0007s
2024-12-10 20:38:06,985 INFO ==> EMD Loss: 15.278936
2024-12-10 20:38:06,986 INFO ==> Height map loss:  5.346653
2024-12-10 20:38:07,334 DEBUG loaded <trimesh.Trimesh(vertices.shape=(916, 3), faces.shape=(856, 3))> using `load_obj` in 0.0029s
2024-12-10 20:38:07,478 DEBUG loaded <trimesh.Trimesh(vertices.shape=(48, 3), faces.shape=(28, 3))> using `load_obj` in 0.0007s
2024-12-10 20:38:15,496 INFO ==> EMD Loss: 15.278949
2024-12-10 20:38:15,496 INFO ==> Height map loss:  5.342941
2024-12-10 20:38:15,848 DEBUG loaded <trimesh.Trimesh(vertices.shape=(916, 3), faces.shape=(856, 3))> using `load_obj` in 0.0029s
2024-12-10 20:38:15,997 DEBUG loaded <trimesh.Trimesh(vertices.shape=(48, 3), faces.shape=(28, 3))> using `load_obj` in 0.0007s
2024-12-10 20:38:38,043 INFO =====> Skill params: [ 0.2834102  -0.4699134  -0.918053   -0.96694475  0.6265405 ]
2024-12-10 20:38:38,044 INFO =====> Grad: [0. 0. 0. 0. 0.]
2024-12-10 20:38:38,044 INFO =====> Num. aborted data so far: 0
2024-12-10 20:38:38,044 INFO ===========> Epoch: 13 optimisation losses
2024-12-10 20:38:38,044 INFO =====> EMD Loss: 15.279038
2024-12-10 20:38:38,044 INFO =====> Height map loss: 5.346726
2024-12-10 20:38:38,427 DEBUG loaded <trimesh.Trimesh(vertices.shape=(916, 3), faces.shape=(856, 3))> using `load_obj` in 0.0030s
2024-12-10 20:38:38,572 DEBUG loaded <trimesh.Trimesh(vertices.shape=(48, 3), faces.shape=(28, 3))> using `load_obj` in 0.0007s
2024-12-10 20:38:46,664 INFO ==> EMD Loss: 15.278980
2024-12-10 20:38:46,664 INFO ==> Height map loss:  5.346740
2024-12-10 20:38:47,016 DEBUG loaded <trimesh.Trimesh(vertices.shape=(916, 3), faces.shape=(856, 3))> using `load_obj` in 0.0029s
2024-12-10 20:38:47,162 DEBUG loaded <trimesh.Trimesh(vertices.shape=(48, 3), faces.shape=(28, 3))> using `load_obj` in 0.0007s
2024-12-10 20:38:55,481 INFO ==> EMD Loss: 15.279036
2024-12-10 20:38:55,481 INFO ==> Height map loss:  5.346808
2024-12-10 20:38:55,838 DEBUG loaded <trimesh.Trimesh(vertices.shape=(916, 3), faces.shape=(856, 3))> using `load_obj` in 0.0029s
2024-12-10 20:38:56,033 DEBUG loaded <trimesh.Trimesh(vertices.shape=(48, 3), faces.shape=(28, 3))> using `load_obj` in 0.0009s
2024-12-10 20:39:04,268 INFO ==> EMD Loss: 15.278961
2024-12-10 20:39:04,268 INFO ==> Height map loss:  5.345248
2024-12-10 20:39:04,639 DEBUG loaded <trimesh.Trimesh(vertices.shape=(916, 3), faces.shape=(856, 3))> using `load_obj` in 0.0029s
2024-12-10 20:39:04,784 DEBUG loaded <trimesh.Trimesh(vertices.shape=(48, 3), faces.shape=(28, 3))> using `load_obj` in 0.0007s
2024-12-10 20:39:12,818 INFO ==> EMD Loss: 15.278969
2024-12-10 20:39:12,818 INFO ==> Height map loss:  5.346665
2024-12-10 20:39:13,167 DEBUG loaded <trimesh.Trimesh(vertices.shape=(916, 3), faces.shape=(856, 3))> using `load_obj` in 0.0028s
2024-12-10 20:39:13,312 DEBUG loaded <trimesh.Trimesh(vertices.shape=(48, 3), faces.shape=(28, 3))> using `load_obj` in 0.0007s
2024-12-10 20:39:21,252 INFO ==> EMD Loss: 15.278998
2024-12-10 20:39:21,252 INFO ==> Height map loss:  5.345248
2024-12-10 20:39:21,601 DEBUG loaded <trimesh.Trimesh(vertices.shape=(916, 3), faces.shape=(856, 3))> using `load_obj` in 0.0030s
2024-12-10 20:39:21,747 DEBUG loaded <trimesh.Trimesh(vertices.shape=(48, 3), faces.shape=(28, 3))> using `load_obj` in 0.0007s
2024-12-10 20:39:43,691 INFO =====> Skill params: [ 0.2834102  -0.4699134  -0.918053   -0.96694475  0.6265405 ]
2024-12-10 20:39:43,691 INFO =====> Grad: [0. 0. 0. 0. 0.]
2024-12-10 20:39:43,691 INFO =====> Num. aborted data so far: 0
2024-12-10 20:39:43,692 INFO ===========> Epoch: 14 optimisation losses
2024-12-10 20:39:43,692 INFO =====> EMD Loss: 15.279039
2024-12-10 20:39:43,692 INFO =====> Height map loss: 5.346765
2024-12-10 20:39:44,080 DEBUG loaded <trimesh.Trimesh(vertices.shape=(916, 3), faces.shape=(856, 3))> using `load_obj` in 0.0030s
2024-12-10 20:39:44,229 DEBUG loaded <trimesh.Trimesh(vertices.shape=(48, 3), faces.shape=(28, 3))> using `load_obj` in 0.0007s
2024-12-10 20:39:52,296 INFO ==> EMD Loss: 15.278930
2024-12-10 20:39:52,296 INFO ==> Height map loss:  5.346708
2024-12-10 20:39:52,680 DEBUG loaded <trimesh.Trimesh(vertices.shape=(916, 3), faces.shape=(856, 3))> using `load_obj` in 0.0029s
2024-12-10 20:39:52,828 DEBUG loaded <trimesh.Trimesh(vertices.shape=(48, 3), faces.shape=(28, 3))> using `load_obj` in 0.0007s
2024-12-10 20:40:00,838 INFO ==> EMD Loss: 15.279020
2024-12-10 20:40:00,838 INFO ==> Height map loss:  5.346786
2024-12-10 20:40:01,204 DEBUG loaded <trimesh.Trimesh(vertices.shape=(916, 3), faces.shape=(856, 3))> using `load_obj` in 0.0029s
2024-12-10 20:40:01,359 DEBUG loaded <trimesh.Trimesh(vertices.shape=(48, 3), faces.shape=(28, 3))> using `load_obj` in 0.0007s
2024-12-10 20:40:09,462 INFO ==> EMD Loss: 15.279035
2024-12-10 20:40:09,463 INFO ==> Height map loss:  5.346793
2024-12-10 20:40:09,823 DEBUG loaded <trimesh.Trimesh(vertices.shape=(916, 3), faces.shape=(856, 3))> using `load_obj` in 0.0030s
2024-12-10 20:40:09,978 DEBUG loaded <trimesh.Trimesh(vertices.shape=(48, 3), faces.shape=(28, 3))> using `load_obj` in 0.0007s
2024-12-10 20:40:18,042 INFO ==> EMD Loss: 15.278991
2024-12-10 20:40:18,042 INFO ==> Height map loss:  5.346752
2024-12-10 20:40:18,400 DEBUG loaded <trimesh.Trimesh(vertices.shape=(916, 3), faces.shape=(856, 3))> using `load_obj` in 0.0030s
2024-12-10 20:40:18,552 DEBUG loaded <trimesh.Trimesh(vertices.shape=(48, 3), faces.shape=(28, 3))> using `load_obj` in 0.0007s
2024-12-10 20:40:27,106 INFO ==> EMD Loss: 15.278974
2024-12-10 20:40:27,107 INFO ==> Height map loss:  5.346727
2024-12-10 20:40:27,461 DEBUG loaded <trimesh.Trimesh(vertices.shape=(916, 3), faces.shape=(856, 3))> using `load_obj` in 0.0029s
2024-12-10 20:40:27,610 DEBUG loaded <trimesh.Trimesh(vertices.shape=(48, 3), faces.shape=(28, 3))> using `load_obj` in 0.0007s
2024-12-10 20:40:49,336 INFO =====> Skill params: [ 0.2834102  -0.4699134  -0.918053   -0.96694475  0.6265405 ]
2024-12-10 20:40:49,336 INFO =====> Grad: [0. 0. 0. 0. 0.]
2024-12-10 20:40:49,336 INFO =====> Num. aborted data so far: 0
2024-12-10 20:40:49,338 INFO ===========> Epoch: 15 optimisation losses
2024-12-10 20:40:49,338 INFO =====> EMD Loss: 15.278956
2024-12-10 20:40:49,338 INFO =====> Height map loss: 5.345285
2024-12-10 20:40:49,726 DEBUG loaded <trimesh.Trimesh(vertices.shape=(916, 3), faces.shape=(856, 3))> using `load_obj` in 0.0030s
2024-12-10 20:40:49,875 DEBUG loaded <trimesh.Trimesh(vertices.shape=(48, 3), faces.shape=(28, 3))> using `load_obj` in 0.0007s
2024-12-10 20:40:57,896 INFO ==> EMD Loss: 15.279015
2024-12-10 20:40:57,896 INFO ==> Height map loss:  5.346697
2024-12-10 20:40:58,307 DEBUG loaded <trimesh.Trimesh(vertices.shape=(916, 3), faces.shape=(856, 3))> using `load_obj` in 0.0029s
2024-12-10 20:40:58,458 DEBUG loaded <trimesh.Trimesh(vertices.shape=(48, 3), faces.shape=(28, 3))> using `load_obj` in 0.0007s
2024-12-10 20:41:06,732 INFO ==> EMD Loss: 15.278975
2024-12-10 20:41:06,732 INFO ==> Height map loss:  5.345230
2024-12-10 20:41:07,171 DEBUG loaded <trimesh.Trimesh(vertices.shape=(916, 3), faces.shape=(856, 3))> using `load_obj` in 0.0039s
2024-12-10 20:41:07,364 DEBUG loaded <trimesh.Trimesh(vertices.shape=(48, 3), faces.shape=(28, 3))> using `load_obj` in 0.0008s
2024-12-10 20:41:15,451 INFO ==> EMD Loss: 15.279049
2024-12-10 20:41:15,451 INFO ==> Height map loss:  5.346721
2024-12-10 20:41:15,898 DEBUG loaded <trimesh.Trimesh(vertices.shape=(916, 3), faces.shape=(856, 3))> using `load_obj` in 0.0040s
2024-12-10 20:41:16,096 DEBUG loaded <trimesh.Trimesh(vertices.shape=(48, 3), faces.shape=(28, 3))> using `load_obj` in 0.0008s
2024-12-10 20:41:24,582 INFO ==> EMD Loss: 15.279033
2024-12-10 20:41:24,582 INFO ==> Height map loss:  5.346688
2024-12-10 20:41:24,972 DEBUG loaded <trimesh.Trimesh(vertices.shape=(916, 3), faces.shape=(856, 3))> using `load_obj` in 0.0030s
2024-12-10 20:41:25,125 DEBUG loaded <trimesh.Trimesh(vertices.shape=(48, 3), faces.shape=(28, 3))> using `load_obj` in 0.0007s
2024-12-10 20:41:33,500 INFO ==> EMD Loss: 15.279049
2024-12-10 20:41:33,500 INFO ==> Height map loss:  5.346789
2024-12-10 20:41:33,860 DEBUG loaded <trimesh.Trimesh(vertices.shape=(916, 3), faces.shape=(856, 3))> using `load_obj` in 0.0030s
2024-12-10 20:41:34,013 DEBUG loaded <trimesh.Trimesh(vertices.shape=(48, 3), faces.shape=(28, 3))> using `load_obj` in 0.0007s
2024-12-10 20:41:55,890 INFO =====> Skill params: [ 0.2834102  -0.4699134  -0.918053   -0.96694475  0.6265405 ]
2024-12-10 20:41:55,890 INFO =====> Grad: [0. 0. 0. 0. 0.]
2024-12-10 20:41:55,890 INFO =====> Num. aborted data so far: 0
2024-12-10 20:41:55,891 INFO ===========> Epoch: 16 optimisation losses
2024-12-10 20:41:55,891 INFO =====> EMD Loss: 15.279055
2024-12-10 20:41:55,891 INFO =====> Height map loss: 5.345284
2024-12-10 20:41:56,292 DEBUG loaded <trimesh.Trimesh(vertices.shape=(916, 3), faces.shape=(856, 3))> using `load_obj` in 0.0032s
2024-12-10 20:41:56,442 DEBUG loaded <trimesh.Trimesh(vertices.shape=(48, 3), faces.shape=(28, 3))> using `load_obj` in 0.0007s
2024-12-10 20:42:04,744 INFO ==> EMD Loss: 15.279037
2024-12-10 20:42:04,744 INFO ==> Height map loss:  5.346745
2024-12-10 20:42:05,104 DEBUG loaded <trimesh.Trimesh(vertices.shape=(916, 3), faces.shape=(856, 3))> using `load_obj` in 0.0030s
2024-12-10 20:42:05,257 DEBUG loaded <trimesh.Trimesh(vertices.shape=(48, 3), faces.shape=(28, 3))> using `load_obj` in 0.0007s
2024-12-10 20:42:13,287 INFO ==> EMD Loss: 15.278963
2024-12-10 20:42:13,287 INFO ==> Height map loss:  5.345284
2024-12-10 20:42:13,679 DEBUG loaded <trimesh.Trimesh(vertices.shape=(916, 3), faces.shape=(856, 3))> using `load_obj` in 0.0030s
2024-12-10 20:42:13,832 DEBUG loaded <trimesh.Trimesh(vertices.shape=(48, 3), faces.shape=(28, 3))> using `load_obj` in 0.0007s
2024-12-10 20:42:21,909 INFO ==> EMD Loss: 15.279080
2024-12-10 20:42:21,910 INFO ==> Height map loss:  5.346762
2024-12-10 20:42:22,353 DEBUG loaded <trimesh.Trimesh(vertices.shape=(916, 3), faces.shape=(856, 3))> using `load_obj` in 0.0039s
2024-12-10 20:42:22,552 DEBUG loaded <trimesh.Trimesh(vertices.shape=(48, 3), faces.shape=(28, 3))> using `load_obj` in 0.0009s
2024-12-10 20:42:30,979 INFO ==> EMD Loss: 15.279023
2024-12-10 20:42:30,979 INFO ==> Height map loss:  5.345303
2024-12-10 20:42:31,422 DEBUG loaded <trimesh.Trimesh(vertices.shape=(916, 3), faces.shape=(856, 3))> using `load_obj` in 0.0039s
2024-12-10 20:42:31,620 DEBUG loaded <trimesh.Trimesh(vertices.shape=(48, 3), faces.shape=(28, 3))> using `load_obj` in 0.0009s
2024-12-10 20:42:40,028 INFO ==> EMD Loss: 15.279069
2024-12-10 20:42:40,028 INFO ==> Height map loss:  5.345299
2024-12-10 20:42:40,467 DEBUG loaded <trimesh.Trimesh(vertices.shape=(916, 3), faces.shape=(856, 3))> using `load_obj` in 0.0040s
2024-12-10 20:42:40,664 DEBUG loaded <trimesh.Trimesh(vertices.shape=(48, 3), faces.shape=(28, 3))> using `load_obj` in 0.0008s
2024-12-10 20:43:03,142 INFO =====> Skill params: [ 0.2834102  -0.4699134  -0.918053   -0.96694475  0.6265405 ]
2024-12-10 20:43:03,142 INFO =====> Grad: [0. 0. 0. 0. 0.]
2024-12-10 20:43:03,142 INFO =====> Num. aborted data so far: 0
2024-12-10 20:43:03,143 INFO ===========> Epoch: 17 optimisation losses
2024-12-10 20:43:03,143 INFO =====> EMD Loss: 15.279044
2024-12-10 20:43:03,143 INFO =====> Height map loss: 5.346801
2024-12-10 20:43:03,524 DEBUG loaded <trimesh.Trimesh(vertices.shape=(916, 3), faces.shape=(856, 3))> using `load_obj` in 0.0031s
2024-12-10 20:43:03,675 DEBUG loaded <trimesh.Trimesh(vertices.shape=(48, 3), faces.shape=(28, 3))> using `load_obj` in 0.0007s
2024-12-10 20:43:11,750 INFO ==> EMD Loss: 15.278988
2024-12-10 20:43:11,751 INFO ==> Height map loss:  5.346719
2024-12-10 20:43:12,115 DEBUG loaded <trimesh.Trimesh(vertices.shape=(916, 3), faces.shape=(856, 3))> using `load_obj` in 0.0029s
2024-12-10 20:43:12,269 DEBUG loaded <trimesh.Trimesh(vertices.shape=(48, 3), faces.shape=(28, 3))> using `load_obj` in 0.0007s
2024-12-10 20:43:20,310 INFO ==> EMD Loss: 15.278999
2024-12-10 20:43:20,310 INFO ==> Height map loss:  5.345342
2024-12-10 20:43:20,692 DEBUG loaded <trimesh.Trimesh(vertices.shape=(916, 3), faces.shape=(856, 3))> using `load_obj` in 0.0029s
2024-12-10 20:43:20,850 DEBUG loaded <trimesh.Trimesh(vertices.shape=(48, 3), faces.shape=(28, 3))> using `load_obj` in 0.0007s
2024-12-10 20:43:29,059 INFO ==> EMD Loss: 15.279024
2024-12-10 20:43:29,059 INFO ==> Height map loss:  5.345302
2024-12-10 20:43:29,499 DEBUG loaded <trimesh.Trimesh(vertices.shape=(916, 3), faces.shape=(856, 3))> using `load_obj` in 0.0039s
2024-12-10 20:43:29,698 DEBUG loaded <trimesh.Trimesh(vertices.shape=(48, 3), faces.shape=(28, 3))> using `load_obj` in 0.0009s
2024-12-10 20:43:37,778 INFO ==> EMD Loss: 15.278956
2024-12-10 20:43:37,778 INFO ==> Height map loss:  5.346683
2024-12-10 20:43:38,139 DEBUG loaded <trimesh.Trimesh(vertices.shape=(916, 3), faces.shape=(856, 3))> using `load_obj` in 0.0030s
2024-12-10 20:43:38,296 DEBUG loaded <trimesh.Trimesh(vertices.shape=(48, 3), faces.shape=(28, 3))> using `load_obj` in 0.0007s
2024-12-10 20:43:46,443 INFO ==> EMD Loss: 15.279070
2024-12-10 20:43:46,443 INFO ==> Height map loss:  5.346768
2024-12-10 20:43:46,863 DEBUG loaded <trimesh.Trimesh(vertices.shape=(916, 3), faces.shape=(856, 3))> using `load_obj` in 0.0030s
2024-12-10 20:43:47,021 DEBUG loaded <trimesh.Trimesh(vertices.shape=(48, 3), faces.shape=(28, 3))> using `load_obj` in 0.0007s
2024-12-10 20:44:09,921 INFO =====> Skill params: [ 0.2834102  -0.4699134  -0.918053   -0.96694475  0.6265405 ]
2024-12-10 20:44:09,921 INFO =====> Grad: [0. 0. 0. 0. 0.]
2024-12-10 20:44:09,921 INFO =====> Num. aborted data so far: 0
2024-12-10 20:44:09,922 INFO ===========> Epoch: 18 optimisation losses
2024-12-10 20:44:09,922 INFO =====> EMD Loss: 15.279006
2024-12-10 20:44:09,922 INFO =====> Height map loss: 5.345311
2024-12-10 20:44:10,400 DEBUG loaded <trimesh.Trimesh(vertices.shape=(916, 3), faces.shape=(856, 3))> using `load_obj` in 0.0041s
2024-12-10 20:44:10,587 DEBUG loaded <trimesh.Trimesh(vertices.shape=(48, 3), faces.shape=(28, 3))> using `load_obj` in 0.0007s
2024-12-10 20:44:18,525 INFO ==> EMD Loss: 15.278980
2024-12-10 20:44:18,526 INFO ==> Height map loss:  5.346671
2024-12-10 20:44:18,887 DEBUG loaded <trimesh.Trimesh(vertices.shape=(916, 3), faces.shape=(856, 3))> using `load_obj` in 0.0029s
2024-12-10 20:44:19,041 DEBUG loaded <trimesh.Trimesh(vertices.shape=(48, 3), faces.shape=(28, 3))> using `load_obj` in 0.0007s
2024-12-10 20:44:26,905 INFO ==> EMD Loss: 15.279024
2024-12-10 20:44:26,905 INFO ==> Height map loss:  5.345309
2024-12-10 20:44:27,259 DEBUG loaded <trimesh.Trimesh(vertices.shape=(916, 3), faces.shape=(856, 3))> using `load_obj` in 0.0029s
2024-12-10 20:44:27,409 DEBUG loaded <trimesh.Trimesh(vertices.shape=(48, 3), faces.shape=(28, 3))> using `load_obj` in 0.0007s
2024-12-10 20:44:35,377 INFO ==> EMD Loss: 15.279001
2024-12-10 20:44:35,377 INFO ==> Height map loss:  5.346703
2024-12-10 20:44:35,755 DEBUG loaded <trimesh.Trimesh(vertices.shape=(916, 3), faces.shape=(856, 3))> using `load_obj` in 0.0029s
2024-12-10 20:44:35,910 DEBUG loaded <trimesh.Trimesh(vertices.shape=(48, 3), faces.shape=(28, 3))> using `load_obj` in 0.0007s
2024-12-10 20:44:44,173 INFO ==> EMD Loss: 15.279082
2024-12-10 20:44:44,173 INFO ==> Height map loss:  5.345325
2024-12-10 20:44:44,536 DEBUG loaded <trimesh.Trimesh(vertices.shape=(916, 3), faces.shape=(856, 3))> using `load_obj` in 0.0030s
2024-12-10 20:44:44,696 DEBUG loaded <trimesh.Trimesh(vertices.shape=(48, 3), faces.shape=(28, 3))> using `load_obj` in 0.0007s
2024-12-10 20:44:52,836 INFO ==> EMD Loss: 15.279099
2024-12-10 20:44:52,836 INFO ==> Height map loss:  5.346782
2024-12-10 20:44:53,199 DEBUG loaded <trimesh.Trimesh(vertices.shape=(916, 3), faces.shape=(856, 3))> using `load_obj` in 0.0030s
2024-12-10 20:44:53,356 DEBUG loaded <trimesh.Trimesh(vertices.shape=(48, 3), faces.shape=(28, 3))> using `load_obj` in 0.0007s
2024-12-10 20:45:15,462 INFO =====> Skill params: [ 0.2834102  -0.4699134  -0.918053   -0.96694475  0.6265405 ]
2024-12-10 20:45:15,462 INFO =====> Grad: [0. 0. 0. 0. 0.]
2024-12-10 20:45:15,462 INFO =====> Num. aborted data so far: 0
2024-12-10 20:45:15,463 INFO ===========> Epoch: 19 optimisation losses
2024-12-10 20:45:15,463 INFO =====> EMD Loss: 15.279057
2024-12-10 20:45:15,463 INFO =====> Height map loss: 5.345341
2024-12-10 20:45:16,005 DEBUG loaded <trimesh.Trimesh(vertices.shape=(916, 3), faces.shape=(856, 3))> using `load_obj` in 0.1526s
2024-12-10 20:45:16,170 DEBUG loaded <trimesh.Trimesh(vertices.shape=(48, 3), faces.shape=(28, 3))> using `load_obj` in 0.0007s
2024-12-10 20:45:24,336 INFO ==> EMD Loss: 15.278973
2024-12-10 20:45:24,336 INFO ==> Height map loss:  5.346764
2024-12-10 20:45:24,720 DEBUG loaded <trimesh.Trimesh(vertices.shape=(916, 3), faces.shape=(856, 3))> using `load_obj` in 0.0030s
2024-12-10 20:45:24,879 DEBUG loaded <trimesh.Trimesh(vertices.shape=(48, 3), faces.shape=(28, 3))> using `load_obj` in 0.0007s
2024-12-10 20:45:33,071 INFO ==> EMD Loss: 15.279001
2024-12-10 20:45:33,071 INFO ==> Height map loss:  5.346692
2024-12-10 20:45:33,431 DEBUG loaded <trimesh.Trimesh(vertices.shape=(916, 3), faces.shape=(856, 3))> using `load_obj` in 0.0029s
2024-12-10 20:45:33,587 DEBUG loaded <trimesh.Trimesh(vertices.shape=(48, 3), faces.shape=(28, 3))> using `load_obj` in 0.0007s
2024-12-10 20:45:41,435 INFO ==> EMD Loss: 15.279000
2024-12-10 20:45:41,435 INFO ==> Height map loss:  5.346725
2024-12-10 20:45:41,789 DEBUG loaded <trimesh.Trimesh(vertices.shape=(916, 3), faces.shape=(856, 3))> using `load_obj` in 0.0028s
2024-12-10 20:45:41,942 DEBUG loaded <trimesh.Trimesh(vertices.shape=(48, 3), faces.shape=(28, 3))> using `load_obj` in 0.0007s
2024-12-10 20:45:49,977 INFO ==> EMD Loss: 15.279060
2024-12-10 20:45:49,977 INFO ==> Height map loss:  5.346812
2024-12-10 20:45:50,342 DEBUG loaded <trimesh.Trimesh(vertices.shape=(916, 3), faces.shape=(856, 3))> using `load_obj` in 0.0029s
2024-12-10 20:45:50,497 DEBUG loaded <trimesh.Trimesh(vertices.shape=(48, 3), faces.shape=(28, 3))> using `load_obj` in 0.0007s
2024-12-10 20:45:58,805 INFO ==> EMD Loss: 15.279077
2024-12-10 20:45:58,805 INFO ==> Height map loss:  5.346828
2024-12-10 20:45:59,166 DEBUG loaded <trimesh.Trimesh(vertices.shape=(916, 3), faces.shape=(856, 3))> using `load_obj` in 0.0029s
2024-12-10 20:45:59,319 DEBUG loaded <trimesh.Trimesh(vertices.shape=(48, 3), faces.shape=(28, 3))> using `load_obj` in 0.0007s
2024-12-10 20:46:07,369 INFO ===========> Finished training.
2024-12-10 20:46:07,369 INFO ====> Final EMD Loss: 15.279064
2024-12-10 20:46:07,369 INFO ====> Final Height map loss: 5.345345
2024-12-10 20:46:07,369 INFO ====> Final skill params: [ 0.2834102  -0.4699134  -0.918053   -0.96694475  0.6265405 ]
