2024-12-10 18:33:12,847 DEBUG loaded <trimesh.Trimesh(vertices.shape=(916, 3), faces.shape=(856, 3))> using `load_obj` in 0.0027s
2024-12-10 18:33:12,992 DEBUG loaded <trimesh.Trimesh(vertices.shape=(48, 3), faces.shape=(28, 3))> using `load_obj` in 0.0007s
2024-12-10 18:33:35,388 INFO =====> Skill params: [ 0.27392337 -0.46042657 -0.918053   -0.96694475  0.6265405 ]
2024-12-10 18:33:35,388 INFO =====> Grad: [-47.322464  11.629228   0.         0.         0.      ]
2024-12-10 18:33:35,388 INFO =====> Num. aborted data so far: 0
2024-12-10 18:33:35,389 INFO ===========> Epoch: 0 optimisation losses
2024-12-10 18:33:35,389 INFO =====> EMD Loss: 23.792339
2024-12-10 18:33:35,389 INFO =====> Height map loss: 11.822712
2024-12-10 18:33:35,739 DEBUG loaded <trimesh.Trimesh(vertices.shape=(916, 3), faces.shape=(856, 3))> using `load_obj` in 0.0030s
2024-12-10 18:33:35,880 DEBUG loaded <trimesh.Trimesh(vertices.shape=(48, 3), faces.shape=(28, 3))> using `load_obj` in 0.0007s
2024-12-10 18:33:43,969 INFO ==> EMD Loss: 23.791462
2024-12-10 18:33:43,969 INFO ==> Height map loss:  11.822568
2024-12-10 18:33:44,251 DEBUG loaded <trimesh.Trimesh(vertices.shape=(916, 3), faces.shape=(856, 3))> using `load_obj` in 0.0029s
2024-12-10 18:33:44,393 DEBUG loaded <trimesh.Trimesh(vertices.shape=(48, 3), faces.shape=(28, 3))> using `load_obj` in 0.0007s
2024-12-10 18:33:52,699 INFO ==> EMD Loss: 23.791838
2024-12-10 18:33:52,700 INFO ==> Height map loss:  11.822809
2024-12-10 18:33:52,986 DEBUG loaded <trimesh.Trimesh(vertices.shape=(916, 3), faces.shape=(856, 3))> using `load_obj` in 0.0029s
2024-12-10 18:33:53,128 DEBUG loaded <trimesh.Trimesh(vertices.shape=(48, 3), faces.shape=(28, 3))> using `load_obj` in 0.0007s
2024-12-10 18:34:01,535 INFO ==> EMD Loss: 23.799835
2024-12-10 18:34:01,535 INFO ==> Height map loss:  11.819793
2024-12-10 18:34:01,824 DEBUG loaded <trimesh.Trimesh(vertices.shape=(916, 3), faces.shape=(856, 3))> using `load_obj` in 0.0028s
2024-12-10 18:34:01,960 DEBUG loaded <trimesh.Trimesh(vertices.shape=(48, 3), faces.shape=(28, 3))> using `load_obj` in 0.0007s
2024-12-10 18:34:10,503 INFO ==> EMD Loss: 23.807627
2024-12-10 18:34:10,503 INFO ==> Height map loss:  11.819928
2024-12-10 18:34:10,800 DEBUG loaded <trimesh.Trimesh(vertices.shape=(916, 3), faces.shape=(856, 3))> using `load_obj` in 0.0029s
2024-12-10 18:34:10,938 DEBUG loaded <trimesh.Trimesh(vertices.shape=(48, 3), faces.shape=(28, 3))> using `load_obj` in 0.0007s
2024-12-10 18:34:19,832 INFO ==> EMD Loss: 23.805651
2024-12-10 18:34:19,832 INFO ==> Height map loss:  11.819511
2024-12-10 18:34:20,136 DEBUG loaded <trimesh.Trimesh(vertices.shape=(916, 3), faces.shape=(856, 3))> using `load_obj` in 0.0028s
2024-12-10 18:34:20,274 DEBUG loaded <trimesh.Trimesh(vertices.shape=(48, 3), faces.shape=(28, 3))> using `load_obj` in 0.0007s
2024-12-10 18:34:45,759 INFO =====> Skill params: [ 0.46366    -0.65016323 -0.918053   -0.96694475  0.6265405 ]
2024-12-10 18:34:45,759 INFO =====> Grad: [0. 0. 0. 0. 0.]
2024-12-10 18:34:45,759 INFO =====> Num. aborted data so far: 0
2024-12-10 18:34:45,759 INFO ===========> Epoch: 1 optimisation losses
2024-12-10 18:34:45,759 INFO =====> EMD Loss: 23.805700
2024-12-10 18:34:45,759 INFO =====> Height map loss: 11.819557
2024-12-10 18:34:46,089 DEBUG loaded <trimesh.Trimesh(vertices.shape=(916, 3), faces.shape=(856, 3))> using `load_obj` in 0.0029s
2024-12-10 18:34:46,225 DEBUG loaded <trimesh.Trimesh(vertices.shape=(48, 3), faces.shape=(28, 3))> using `load_obj` in 0.0007s
2024-12-10 18:34:54,968 INFO ==> EMD Loss: 23.805555
2024-12-10 18:34:54,968 INFO ==> Height map loss:  11.819474
2024-12-10 18:34:55,272 DEBUG loaded <trimesh.Trimesh(vertices.shape=(916, 3), faces.shape=(856, 3))> using `load_obj` in 0.0028s
2024-12-10 18:34:55,409 DEBUG loaded <trimesh.Trimesh(vertices.shape=(48, 3), faces.shape=(28, 3))> using `load_obj` in 0.0007s
2024-12-10 18:35:04,421 INFO ==> EMD Loss: 23.805555
2024-12-10 18:35:04,421 INFO ==> Height map loss:  11.819483
2024-12-10 18:35:04,714 DEBUG loaded <trimesh.Trimesh(vertices.shape=(916, 3), faces.shape=(856, 3))> using `load_obj` in 0.0029s
2024-12-10 18:35:04,851 DEBUG loaded <trimesh.Trimesh(vertices.shape=(48, 3), faces.shape=(28, 3))> using `load_obj` in 0.0007s
2024-12-10 18:35:13,636 INFO ==> EMD Loss: 23.805639
2024-12-10 18:35:13,636 INFO ==> Height map loss:  11.819493
2024-12-10 18:35:13,937 DEBUG loaded <trimesh.Trimesh(vertices.shape=(916, 3), faces.shape=(856, 3))> using `load_obj` in 0.0028s
2024-12-10 18:35:14,073 DEBUG loaded <trimesh.Trimesh(vertices.shape=(48, 3), faces.shape=(28, 3))> using `load_obj` in 0.0007s
2024-12-10 18:35:22,732 INFO ==> EMD Loss: 23.805574
2024-12-10 18:35:22,732 INFO ==> Height map loss:  11.819522
2024-12-10 18:35:23,034 DEBUG loaded <trimesh.Trimesh(vertices.shape=(916, 3), faces.shape=(856, 3))> using `load_obj` in 0.0028s
2024-12-10 18:35:23,171 DEBUG loaded <trimesh.Trimesh(vertices.shape=(48, 3), faces.shape=(28, 3))> using `load_obj` in 0.0007s
2024-12-10 18:35:32,190 INFO ==> EMD Loss: 23.805590
2024-12-10 18:35:32,191 INFO ==> Height map loss:  11.818859
2024-12-10 18:35:32,490 DEBUG loaded <trimesh.Trimesh(vertices.shape=(916, 3), faces.shape=(856, 3))> using `load_obj` in 0.0028s
2024-12-10 18:35:32,627 DEBUG loaded <trimesh.Trimesh(vertices.shape=(48, 3), faces.shape=(28, 3))> using `load_obj` in 0.0007s
2024-12-10 18:35:57,727 INFO =====> Skill params: [ 0.46366    -0.65016323 -0.918053   -0.96694475  0.6265405 ]
2024-12-10 18:35:57,727 INFO =====> Grad: [0. 0. 0. 0. 0.]
2024-12-10 18:35:57,727 INFO =====> Num. aborted data so far: 0
2024-12-10 18:35:57,728 INFO ===========> Epoch: 2 optimisation losses
2024-12-10 18:35:57,728 INFO =====> EMD Loss: 23.805475
2024-12-10 18:35:57,728 INFO =====> Height map loss: 11.819489
2024-12-10 18:35:58,057 DEBUG loaded <trimesh.Trimesh(vertices.shape=(916, 3), faces.shape=(856, 3))> using `load_obj` in 0.0029s
2024-12-10 18:35:58,195 DEBUG loaded <trimesh.Trimesh(vertices.shape=(48, 3), faces.shape=(28, 3))> using `load_obj` in 0.0007s
2024-12-10 18:36:07,122 INFO ==> EMD Loss: 23.805689
2024-12-10 18:36:07,122 INFO ==> Height map loss:  11.819559
2024-12-10 18:36:07,434 DEBUG loaded <trimesh.Trimesh(vertices.shape=(916, 3), faces.shape=(856, 3))> using `load_obj` in 0.0029s
2024-12-10 18:36:07,572 DEBUG loaded <trimesh.Trimesh(vertices.shape=(48, 3), faces.shape=(28, 3))> using `load_obj` in 0.0007s
2024-12-10 18:36:16,505 INFO ==> EMD Loss: 23.803099
2024-12-10 18:36:16,505 INFO ==> Height map loss:  11.819473
2024-12-10 18:36:16,817 DEBUG loaded <trimesh.Trimesh(vertices.shape=(916, 3), faces.shape=(856, 3))> using `load_obj` in 0.0030s
2024-12-10 18:36:16,960 DEBUG loaded <trimesh.Trimesh(vertices.shape=(48, 3), faces.shape=(28, 3))> using `load_obj` in 0.0007s
2024-12-10 18:36:25,744 INFO ==> EMD Loss: 23.805618
2024-12-10 18:36:25,744 INFO ==> Height map loss:  11.819533
2024-12-10 18:36:26,054 DEBUG loaded <trimesh.Trimesh(vertices.shape=(916, 3), faces.shape=(856, 3))> using `load_obj` in 0.0028s
2024-12-10 18:36:26,193 DEBUG loaded <trimesh.Trimesh(vertices.shape=(48, 3), faces.shape=(28, 3))> using `load_obj` in 0.0007s
2024-12-10 18:36:35,214 INFO ==> EMD Loss: 23.805479
2024-12-10 18:36:35,214 INFO ==> Height map loss:  11.819477
2024-12-10 18:36:35,610 DEBUG loaded <trimesh.Trimesh(vertices.shape=(916, 3), faces.shape=(856, 3))> using `load_obj` in 0.0039s
2024-12-10 18:36:35,798 DEBUG loaded <trimesh.Trimesh(vertices.shape=(48, 3), faces.shape=(28, 3))> using `load_obj` in 0.0008s
2024-12-10 18:36:45,119 INFO ==> EMD Loss: 23.805569
2024-12-10 18:36:45,120 INFO ==> Height map loss:  11.819504
2024-12-10 18:36:45,515 DEBUG loaded <trimesh.Trimesh(vertices.shape=(916, 3), faces.shape=(856, 3))> using `load_obj` in 0.0039s
2024-12-10 18:36:45,703 DEBUG loaded <trimesh.Trimesh(vertices.shape=(48, 3), faces.shape=(28, 3))> using `load_obj` in 0.0009s
2024-12-10 18:37:11,414 INFO =====> Skill params: [ 0.46366    -0.65016323 -0.918053   -0.96694475  0.6265405 ]
2024-12-10 18:37:11,414 INFO =====> Grad: [0. 0. 0. 0. 0.]
2024-12-10 18:37:11,414 INFO =====> Num. aborted data so far: 0
2024-12-10 18:37:11,414 INFO ===========> Epoch: 3 optimisation losses
2024-12-10 18:37:11,414 INFO =====> EMD Loss: 23.805590
2024-12-10 18:37:11,414 INFO =====> Height map loss: 11.819476
2024-12-10 18:37:11,758 DEBUG loaded <trimesh.Trimesh(vertices.shape=(916, 3), faces.shape=(856, 3))> using `load_obj` in 0.0031s
2024-12-10 18:37:11,904 DEBUG loaded <trimesh.Trimesh(vertices.shape=(48, 3), faces.shape=(28, 3))> using `load_obj` in 0.0007s
2024-12-10 18:37:21,294 INFO ==> EMD Loss: 23.805517
2024-12-10 18:37:21,294 INFO ==> Height map loss:  11.819542
2024-12-10 18:37:21,697 DEBUG loaded <trimesh.Trimesh(vertices.shape=(916, 3), faces.shape=(856, 3))> using `load_obj` in 0.0039s
2024-12-10 18:37:21,885 DEBUG loaded <trimesh.Trimesh(vertices.shape=(48, 3), faces.shape=(28, 3))> using `load_obj` in 0.0008s
2024-12-10 18:37:31,437 INFO ==> EMD Loss: 23.805437
2024-12-10 18:37:31,437 INFO ==> Height map loss:  11.819447
2024-12-10 18:37:31,749 DEBUG loaded <trimesh.Trimesh(vertices.shape=(916, 3), faces.shape=(856, 3))> using `load_obj` in 0.0028s
2024-12-10 18:37:31,890 DEBUG loaded <trimesh.Trimesh(vertices.shape=(48, 3), faces.shape=(28, 3))> using `load_obj` in 0.0007s
2024-12-10 18:37:40,775 INFO ==> EMD Loss: 23.805553
2024-12-10 18:37:40,775 INFO ==> Height map loss:  11.818919
2024-12-10 18:37:41,135 DEBUG loaded <trimesh.Trimesh(vertices.shape=(916, 3), faces.shape=(856, 3))> using `load_obj` in 0.0028s
2024-12-10 18:37:41,281 DEBUG loaded <trimesh.Trimesh(vertices.shape=(48, 3), faces.shape=(28, 3))> using `load_obj` in 0.0007s
2024-12-10 18:37:50,412 INFO ==> EMD Loss: 23.805559
2024-12-10 18:37:50,412 INFO ==> Height map loss:  11.819600
2024-12-10 18:37:50,738 DEBUG loaded <trimesh.Trimesh(vertices.shape=(916, 3), faces.shape=(856, 3))> using `load_obj` in 0.0029s
2024-12-10 18:37:50,881 DEBUG loaded <trimesh.Trimesh(vertices.shape=(48, 3), faces.shape=(28, 3))> using `load_obj` in 0.0007s
2024-12-10 18:37:59,965 INFO ==> EMD Loss: 23.805582
2024-12-10 18:37:59,965 INFO ==> Height map loss:  11.819514
2024-12-10 18:38:00,286 DEBUG loaded <trimesh.Trimesh(vertices.shape=(916, 3), faces.shape=(856, 3))> using `load_obj` in 0.0028s
2024-12-10 18:38:00,427 DEBUG loaded <trimesh.Trimesh(vertices.shape=(48, 3), faces.shape=(28, 3))> using `load_obj` in 0.0007s
2024-12-10 18:38:25,337 INFO =====> Skill params: [ 0.46366    -0.65016323 -0.918053   -0.96694475  0.6265405 ]
2024-12-10 18:38:25,337 INFO =====> Grad: [0. 0. 0. 0. 0.]
2024-12-10 18:38:25,337 INFO =====> Num. aborted data so far: 0
2024-12-10 18:38:25,338 INFO ===========> Epoch: 4 optimisation losses
2024-12-10 18:38:25,338 INFO =====> EMD Loss: 23.805521
2024-12-10 18:38:25,338 INFO =====> Height map loss: 11.819483
2024-12-10 18:38:25,769 DEBUG loaded <trimesh.Trimesh(vertices.shape=(916, 3), faces.shape=(856, 3))> using `load_obj` in 0.0031s
2024-12-10 18:38:25,915 DEBUG loaded <trimesh.Trimesh(vertices.shape=(48, 3), faces.shape=(28, 3))> using `load_obj` in 0.0007s
2024-12-10 18:38:34,948 INFO ==> EMD Loss: 23.805470
2024-12-10 18:38:34,948 INFO ==> Height map loss:  11.819519
2024-12-10 18:38:35,278 DEBUG loaded <trimesh.Trimesh(vertices.shape=(916, 3), faces.shape=(856, 3))> using `load_obj` in 0.0030s
2024-12-10 18:38:35,423 DEBUG loaded <trimesh.Trimesh(vertices.shape=(48, 3), faces.shape=(28, 3))> using `load_obj` in 0.0007s
2024-12-10 18:38:44,339 INFO ==> EMD Loss: 23.805611
2024-12-10 18:38:44,340 INFO ==> Height map loss:  11.819544
2024-12-10 18:38:44,657 DEBUG loaded <trimesh.Trimesh(vertices.shape=(916, 3), faces.shape=(856, 3))> using `load_obj` in 0.0029s
2024-12-10 18:38:44,803 DEBUG loaded <trimesh.Trimesh(vertices.shape=(48, 3), faces.shape=(28, 3))> using `load_obj` in 0.0007s
2024-12-10 18:38:53,774 INFO ==> EMD Loss: 23.805628
2024-12-10 18:38:53,774 INFO ==> Height map loss:  11.819560
2024-12-10 18:38:54,101 DEBUG loaded <trimesh.Trimesh(vertices.shape=(916, 3), faces.shape=(856, 3))> using `load_obj` in 0.0030s
2024-12-10 18:38:54,249 DEBUG loaded <trimesh.Trimesh(vertices.shape=(48, 3), faces.shape=(28, 3))> using `load_obj` in 0.0007s
2024-12-10 18:39:04,333 INFO ==> EMD Loss: 23.805550
2024-12-10 18:39:04,333 INFO ==> Height map loss:  11.818904
2024-12-10 18:39:04,716 DEBUG loaded <trimesh.Trimesh(vertices.shape=(916, 3), faces.shape=(856, 3))> using `load_obj` in 0.0029s
2024-12-10 18:39:04,864 DEBUG loaded <trimesh.Trimesh(vertices.shape=(48, 3), faces.shape=(28, 3))> using `load_obj` in 0.0007s
2024-12-10 18:39:13,805 INFO ==> EMD Loss: 23.805475
2024-12-10 18:39:13,805 INFO ==> Height map loss:  11.819390
2024-12-10 18:39:14,220 DEBUG loaded <trimesh.Trimesh(vertices.shape=(916, 3), faces.shape=(856, 3))> using `load_obj` in 0.0039s
2024-12-10 18:39:14,410 DEBUG loaded <trimesh.Trimesh(vertices.shape=(48, 3), faces.shape=(28, 3))> using `load_obj` in 0.0008s
2024-12-10 18:39:39,637 INFO =====> Skill params: [ 0.46366    -0.65016323 -0.918053   -0.96694475  0.6265405 ]
2024-12-10 18:39:39,637 INFO =====> Grad: [0. 0. 0. 0. 0.]
2024-12-10 18:39:39,637 INFO =====> Num. aborted data so far: 0
2024-12-10 18:39:39,638 INFO ===========> Epoch: 5 optimisation losses
2024-12-10 18:39:39,638 INFO =====> EMD Loss: 23.805609
2024-12-10 18:39:39,638 INFO =====> Height map loss: 11.819522
2024-12-10 18:39:40,080 DEBUG loaded <trimesh.Trimesh(vertices.shape=(916, 3), faces.shape=(856, 3))> using `load_obj` in 0.0040s
2024-12-10 18:39:40,270 DEBUG loaded <trimesh.Trimesh(vertices.shape=(48, 3), faces.shape=(28, 3))> using `load_obj` in 0.0009s
2024-12-10 18:39:49,878 INFO ==> EMD Loss: 23.805555
2024-12-10 18:39:49,878 INFO ==> Height map loss:  11.818853
2024-12-10 18:39:50,198 DEBUG loaded <trimesh.Trimesh(vertices.shape=(916, 3), faces.shape=(856, 3))> using `load_obj` in 0.0028s
2024-12-10 18:39:50,339 DEBUG loaded <trimesh.Trimesh(vertices.shape=(48, 3), faces.shape=(28, 3))> using `load_obj` in 0.0007s
2024-12-10 18:39:59,060 INFO ==> EMD Loss: 23.802975
2024-12-10 18:39:59,060 INFO ==> Height map loss:  11.819447
2024-12-10 18:39:59,394 DEBUG loaded <trimesh.Trimesh(vertices.shape=(916, 3), faces.shape=(856, 3))> using `load_obj` in 0.0028s
2024-12-10 18:39:59,537 DEBUG loaded <trimesh.Trimesh(vertices.shape=(48, 3), faces.shape=(28, 3))> using `load_obj` in 0.0007s
2024-12-10 18:40:08,463 INFO ==> EMD Loss: 23.805532
2024-12-10 18:40:08,464 INFO ==> Height map loss:  11.819485
2024-12-10 18:40:08,816 DEBUG loaded <trimesh.Trimesh(vertices.shape=(916, 3), faces.shape=(856, 3))> using `load_obj` in 0.0030s
2024-12-10 18:40:08,963 DEBUG loaded <trimesh.Trimesh(vertices.shape=(48, 3), faces.shape=(28, 3))> using `load_obj` in 0.0007s
2024-12-10 18:40:17,953 INFO ==> EMD Loss: 23.805538
2024-12-10 18:40:17,953 INFO ==> Height map loss:  11.819503
2024-12-10 18:40:18,313 DEBUG loaded <trimesh.Trimesh(vertices.shape=(916, 3), faces.shape=(856, 3))> using `load_obj` in 0.0029s
2024-12-10 18:40:18,458 DEBUG loaded <trimesh.Trimesh(vertices.shape=(48, 3), faces.shape=(28, 3))> using `load_obj` in 0.0007s
2024-12-10 18:40:27,368 INFO ==> EMD Loss: 23.805548
2024-12-10 18:40:27,368 INFO ==> Height map loss:  11.819569
2024-12-10 18:40:27,699 DEBUG loaded <trimesh.Trimesh(vertices.shape=(916, 3), faces.shape=(856, 3))> using `load_obj` in 0.0028s
2024-12-10 18:40:27,842 DEBUG loaded <trimesh.Trimesh(vertices.shape=(48, 3), faces.shape=(28, 3))> using `load_obj` in 0.0007s
2024-12-10 18:40:52,737 INFO =====> Skill params: [ 0.46366    -0.65016323 -0.918053   -0.96694475  0.6265405 ]
2024-12-10 18:40:52,737 INFO =====> Grad: [0. 0. 0. 0. 0.]
2024-12-10 18:40:52,738 INFO =====> Num. aborted data so far: 0
2024-12-10 18:40:52,738 INFO ===========> Epoch: 6 optimisation losses
2024-12-10 18:40:52,738 INFO =====> EMD Loss: 23.805470
2024-12-10 18:40:52,738 INFO =====> Height map loss: 11.818782
2024-12-10 18:40:53,180 DEBUG loaded <trimesh.Trimesh(vertices.shape=(916, 3), faces.shape=(856, 3))> using `load_obj` in 0.0031s
2024-12-10 18:40:53,328 DEBUG loaded <trimesh.Trimesh(vertices.shape=(48, 3), faces.shape=(28, 3))> using `load_obj` in 0.0008s
2024-12-10 18:41:02,105 INFO ==> EMD Loss: 23.805510
2024-12-10 18:41:02,105 INFO ==> Height map loss:  11.819571
2024-12-10 18:41:02,431 DEBUG loaded <trimesh.Trimesh(vertices.shape=(916, 3), faces.shape=(856, 3))> using `load_obj` in 0.0028s
2024-12-10 18:41:02,574 DEBUG loaded <trimesh.Trimesh(vertices.shape=(48, 3), faces.shape=(28, 3))> using `load_obj` in 0.0007s
2024-12-10 18:41:11,465 INFO ==> EMD Loss: 23.805550
2024-12-10 18:41:11,465 INFO ==> Height map loss:  11.819535
2024-12-10 18:41:11,806 DEBUG loaded <trimesh.Trimesh(vertices.shape=(916, 3), faces.shape=(856, 3))> using `load_obj` in 0.0028s
2024-12-10 18:41:11,953 DEBUG loaded <trimesh.Trimesh(vertices.shape=(48, 3), faces.shape=(28, 3))> using `load_obj` in 0.0007s
2024-12-10 18:41:21,663 INFO ==> EMD Loss: 23.805550
2024-12-10 18:41:21,663 INFO ==> Height map loss:  11.819533
2024-12-10 18:41:21,998 DEBUG loaded <trimesh.Trimesh(vertices.shape=(916, 3), faces.shape=(856, 3))> using `load_obj` in 0.0030s
2024-12-10 18:41:22,174 DEBUG loaded <trimesh.Trimesh(vertices.shape=(48, 3), faces.shape=(28, 3))> using `load_obj` in 0.0009s
2024-12-10 18:41:31,206 INFO ==> EMD Loss: 23.805578
2024-12-10 18:41:31,206 INFO ==> Height map loss:  11.819638
2024-12-10 18:41:31,547 DEBUG loaded <trimesh.Trimesh(vertices.shape=(916, 3), faces.shape=(856, 3))> using `load_obj` in 0.0030s
2024-12-10 18:41:31,696 DEBUG loaded <trimesh.Trimesh(vertices.shape=(48, 3), faces.shape=(28, 3))> using `load_obj` in 0.0007s
2024-12-10 18:41:40,778 INFO ==> EMD Loss: 23.805567
2024-12-10 18:41:40,778 INFO ==> Height map loss:  11.819519
2024-12-10 18:41:41,116 DEBUG loaded <trimesh.Trimesh(vertices.shape=(916, 3), faces.shape=(856, 3))> using `load_obj` in 0.0029s
2024-12-10 18:41:41,264 DEBUG loaded <trimesh.Trimesh(vertices.shape=(48, 3), faces.shape=(28, 3))> using `load_obj` in 0.0007s
2024-12-10 18:42:06,707 INFO =====> Skill params: [ 0.46366    -0.65016323 -0.918053   -0.96694475  0.6265405 ]
2024-12-10 18:42:06,707 INFO =====> Grad: [0. 0. 0. 0. 0.]
2024-12-10 18:42:06,707 INFO =====> Num. aborted data so far: 0
2024-12-10 18:42:06,708 INFO ===========> Epoch: 7 optimisation losses
2024-12-10 18:42:06,708 INFO =====> EMD Loss: 23.805490
2024-12-10 18:42:06,708 INFO =====> Height map loss: 11.819500
2024-12-10 18:42:07,065 DEBUG loaded <trimesh.Trimesh(vertices.shape=(916, 3), faces.shape=(856, 3))> using `load_obj` in 0.0029s
2024-12-10 18:42:07,208 DEBUG loaded <trimesh.Trimesh(vertices.shape=(48, 3), faces.shape=(28, 3))> using `load_obj` in 0.0007s
2024-12-10 18:42:16,071 INFO ==> EMD Loss: 23.805407
2024-12-10 18:42:16,071 INFO ==> Height map loss:  11.819382
2024-12-10 18:42:16,400 DEBUG loaded <trimesh.Trimesh(vertices.shape=(916, 3), faces.shape=(856, 3))> using `load_obj` in 0.0029s
2024-12-10 18:42:16,542 DEBUG loaded <trimesh.Trimesh(vertices.shape=(48, 3), faces.shape=(28, 3))> using `load_obj` in 0.0007s
2024-12-10 18:42:25,558 INFO ==> EMD Loss: 23.805624
2024-12-10 18:42:25,558 INFO ==> Height map loss:  11.818911
2024-12-10 18:42:25,975 DEBUG loaded <trimesh.Trimesh(vertices.shape=(916, 3), faces.shape=(856, 3))> using `load_obj` in 0.0039s
2024-12-10 18:42:26,166 DEBUG loaded <trimesh.Trimesh(vertices.shape=(48, 3), faces.shape=(28, 3))> using `load_obj` in 0.0008s
2024-12-10 18:42:35,489 INFO ==> EMD Loss: 23.805626
2024-12-10 18:42:35,489 INFO ==> Height map loss:  11.819445
2024-12-10 18:42:35,842 DEBUG loaded <trimesh.Trimesh(vertices.shape=(916, 3), faces.shape=(856, 3))> using `load_obj` in 0.0030s
2024-12-10 18:42:35,990 DEBUG loaded <trimesh.Trimesh(vertices.shape=(48, 3), faces.shape=(28, 3))> using `load_obj` in 0.0007s
2024-12-10 18:42:45,258 INFO ==> EMD Loss: 23.805531
2024-12-10 18:42:45,258 INFO ==> Height map loss:  11.819511
2024-12-10 18:42:45,738 DEBUG loaded <trimesh.Trimesh(vertices.shape=(916, 3), faces.shape=(856, 3))> using `load_obj` in 0.0030s
2024-12-10 18:42:45,888 DEBUG loaded <trimesh.Trimesh(vertices.shape=(48, 3), faces.shape=(28, 3))> using `load_obj` in 0.0007s
2024-12-10 18:42:54,739 INFO ==> EMD Loss: 23.805525
2024-12-10 18:42:54,739 INFO ==> Height map loss:  11.819446
2024-12-10 18:42:55,086 DEBUG loaded <trimesh.Trimesh(vertices.shape=(916, 3), faces.shape=(856, 3))> using `load_obj` in 0.0029s
2024-12-10 18:42:55,231 DEBUG loaded <trimesh.Trimesh(vertices.shape=(48, 3), faces.shape=(28, 3))> using `load_obj` in 0.0007s
2024-12-10 18:43:20,190 INFO =====> Skill params: [ 0.46366    -0.65016323 -0.918053   -0.96694475  0.6265405 ]
2024-12-10 18:43:20,190 INFO =====> Grad: [0. 0. 0. 0. 0.]
2024-12-10 18:43:20,190 INFO =====> Num. aborted data so far: 0
2024-12-10 18:43:20,191 INFO ===========> Epoch: 8 optimisation losses
2024-12-10 18:43:20,191 INFO =====> EMD Loss: 23.805433
2024-12-10 18:43:20,191 INFO =====> Height map loss: 11.819441
2024-12-10 18:43:20,554 DEBUG loaded <trimesh.Trimesh(vertices.shape=(916, 3), faces.shape=(856, 3))> using `load_obj` in 0.0029s
2024-12-10 18:43:20,696 DEBUG loaded <trimesh.Trimesh(vertices.shape=(48, 3), faces.shape=(28, 3))> using `load_obj` in 0.0007s
2024-12-10 18:43:29,488 INFO ==> EMD Loss: 23.805632
2024-12-10 18:43:29,488 INFO ==> Height map loss:  11.819462
2024-12-10 18:43:29,833 DEBUG loaded <trimesh.Trimesh(vertices.shape=(916, 3), faces.shape=(856, 3))> using `load_obj` in 0.0028s
2024-12-10 18:43:29,977 DEBUG loaded <trimesh.Trimesh(vertices.shape=(48, 3), faces.shape=(28, 3))> using `load_obj` in 0.0007s
2024-12-10 18:43:39,442 INFO ==> EMD Loss: 23.805574
2024-12-10 18:43:39,442 INFO ==> Height map loss:  11.819556
2024-12-10 18:43:39,778 DEBUG loaded <trimesh.Trimesh(vertices.shape=(916, 3), faces.shape=(856, 3))> using `load_obj` in 0.0029s
2024-12-10 18:43:39,924 DEBUG loaded <trimesh.Trimesh(vertices.shape=(48, 3), faces.shape=(28, 3))> using `load_obj` in 0.0007s
2024-12-10 18:43:49,610 INFO ==> EMD Loss: 23.805557
2024-12-10 18:43:49,610 INFO ==> Height map loss:  11.819550
2024-12-10 18:43:49,955 DEBUG loaded <trimesh.Trimesh(vertices.shape=(916, 3), faces.shape=(856, 3))> using `load_obj` in 0.0029s
2024-12-10 18:43:50,100 DEBUG loaded <trimesh.Trimesh(vertices.shape=(48, 3), faces.shape=(28, 3))> using `load_obj` in 0.0007s
2024-12-10 18:43:59,288 INFO ==> EMD Loss: 23.805552
2024-12-10 18:43:59,288 INFO ==> Height map loss:  11.819563
2024-12-10 18:43:59,632 DEBUG loaded <trimesh.Trimesh(vertices.shape=(916, 3), faces.shape=(856, 3))> using `load_obj` in 0.0028s
2024-12-10 18:43:59,778 DEBUG loaded <trimesh.Trimesh(vertices.shape=(48, 3), faces.shape=(28, 3))> using `load_obj` in 0.0007s
2024-12-10 18:44:08,707 INFO ==> EMD Loss: 23.805538
2024-12-10 18:44:08,707 INFO ==> Height map loss:  11.819516
2024-12-10 18:44:09,043 DEBUG loaded <trimesh.Trimesh(vertices.shape=(916, 3), faces.shape=(856, 3))> using `load_obj` in 0.0029s
2024-12-10 18:44:09,187 DEBUG loaded <trimesh.Trimesh(vertices.shape=(48, 3), faces.shape=(28, 3))> using `load_obj` in 0.0007s
2024-12-10 18:44:34,676 INFO =====> Skill params: [ 0.46366    -0.65016323 -0.918053   -0.96694475  0.6265405 ]
2024-12-10 18:44:34,676 INFO =====> Grad: [0. 0. 0. 0. 0.]
2024-12-10 18:44:34,676 INFO =====> Num. aborted data so far: 0
2024-12-10 18:44:34,677 INFO ===========> Epoch: 9 optimisation losses
2024-12-10 18:44:34,677 INFO =====> EMD Loss: 23.805601
2024-12-10 18:44:34,677 INFO =====> Height map loss: 11.819540
2024-12-10 18:44:35,039 DEBUG loaded <trimesh.Trimesh(vertices.shape=(916, 3), faces.shape=(856, 3))> using `load_obj` in 0.0030s
2024-12-10 18:44:35,181 DEBUG loaded <trimesh.Trimesh(vertices.shape=(48, 3), faces.shape=(28, 3))> using `load_obj` in 0.0007s
2024-12-10 18:44:43,949 INFO ==> EMD Loss: 23.805601
2024-12-10 18:44:43,949 INFO ==> Height map loss:  11.819486
2024-12-10 18:44:44,293 DEBUG loaded <trimesh.Trimesh(vertices.shape=(916, 3), faces.shape=(856, 3))> using `load_obj` in 0.0029s
2024-12-10 18:44:44,442 DEBUG loaded <trimesh.Trimesh(vertices.shape=(48, 3), faces.shape=(28, 3))> using `load_obj` in 0.0007s
2024-12-10 18:44:53,621 INFO ==> EMD Loss: 23.805435
2024-12-10 18:44:53,621 INFO ==> Height map loss:  11.819515
2024-12-10 18:44:53,970 DEBUG loaded <trimesh.Trimesh(vertices.shape=(916, 3), faces.shape=(856, 3))> using `load_obj` in 0.0033s
2024-12-10 18:44:54,114 DEBUG loaded <trimesh.Trimesh(vertices.shape=(48, 3), faces.shape=(28, 3))> using `load_obj` in 0.0007s
2024-12-10 18:45:03,195 INFO ==> EMD Loss: 23.805460
2024-12-10 18:45:03,195 INFO ==> Height map loss:  11.819460
2024-12-10 18:45:03,557 DEBUG loaded <trimesh.Trimesh(vertices.shape=(916, 3), faces.shape=(856, 3))> using `load_obj` in 0.0030s
2024-12-10 18:45:03,716 DEBUG loaded <trimesh.Trimesh(vertices.shape=(48, 3), faces.shape=(28, 3))> using `load_obj` in 0.0007s
2024-12-10 18:45:13,791 INFO ==> EMD Loss: 23.805576
2024-12-10 18:45:13,792 INFO ==> Height map loss:  11.819581
2024-12-10 18:45:14,225 DEBUG loaded <trimesh.Trimesh(vertices.shape=(916, 3), faces.shape=(856, 3))> using `load_obj` in 0.0039s
2024-12-10 18:45:14,416 DEBUG loaded <trimesh.Trimesh(vertices.shape=(48, 3), faces.shape=(28, 3))> using `load_obj` in 0.0008s
2024-12-10 18:45:23,813 INFO ==> EMD Loss: 23.805681
2024-12-10 18:45:23,814 INFO ==> Height map loss:  11.819525
2024-12-10 18:45:24,257 DEBUG loaded <trimesh.Trimesh(vertices.shape=(916, 3), faces.shape=(856, 3))> using `load_obj` in 0.0040s
2024-12-10 18:45:24,448 DEBUG loaded <trimesh.Trimesh(vertices.shape=(48, 3), faces.shape=(28, 3))> using `load_obj` in 0.0009s
2024-12-10 18:45:50,828 INFO =====> Skill params: [ 0.46366    -0.65016323 -0.918053   -0.96694475  0.6265405 ]
2024-12-10 18:45:50,828 INFO =====> Grad: [0. 0. 0. 0. 0.]
2024-12-10 18:45:50,828 INFO =====> Num. aborted data so far: 0
2024-12-10 18:45:50,829 INFO ===========> Epoch: 10 optimisation losses
2024-12-10 18:45:50,829 INFO =====> EMD Loss: 23.805588
2024-12-10 18:45:50,829 INFO =====> Height map loss: 11.819520
2024-12-10 18:45:51,292 DEBUG loaded <trimesh.Trimesh(vertices.shape=(916, 3), faces.shape=(856, 3))> using `load_obj` in 0.0030s
2024-12-10 18:45:51,435 DEBUG loaded <trimesh.Trimesh(vertices.shape=(48, 3), faces.shape=(28, 3))> using `load_obj` in 0.0007s
2024-12-10 18:46:00,253 INFO ==> EMD Loss: 23.805519
2024-12-10 18:46:00,253 INFO ==> Height map loss:  11.819463
2024-12-10 18:46:00,601 DEBUG loaded <trimesh.Trimesh(vertices.shape=(916, 3), faces.shape=(856, 3))> using `load_obj` in 0.0029s
2024-12-10 18:46:00,743 DEBUG loaded <trimesh.Trimesh(vertices.shape=(48, 3), faces.shape=(28, 3))> using `load_obj` in 0.0007s
2024-12-10 18:46:09,712 INFO ==> EMD Loss: 23.805552
2024-12-10 18:46:09,712 INFO ==> Height map loss:  11.819480
2024-12-10 18:46:10,142 DEBUG loaded <trimesh.Trimesh(vertices.shape=(916, 3), faces.shape=(856, 3))> using `load_obj` in 0.0039s
2024-12-10 18:46:10,334 DEBUG loaded <trimesh.Trimesh(vertices.shape=(48, 3), faces.shape=(28, 3))> using `load_obj` in 0.0009s
2024-12-10 18:46:20,086 INFO ==> EMD Loss: 23.805628
2024-12-10 18:46:20,086 INFO ==> Height map loss:  11.819563
2024-12-10 18:46:20,434 DEBUG loaded <trimesh.Trimesh(vertices.shape=(916, 3), faces.shape=(856, 3))> using `load_obj` in 0.0030s
2024-12-10 18:46:20,582 DEBUG loaded <trimesh.Trimesh(vertices.shape=(48, 3), faces.shape=(28, 3))> using `load_obj` in 0.0007s
2024-12-10 18:46:30,164 INFO ==> EMD Loss: 23.805576
2024-12-10 18:46:30,164 INFO ==> Height map loss:  11.819516
2024-12-10 18:46:30,594 DEBUG loaded <trimesh.Trimesh(vertices.shape=(916, 3), faces.shape=(856, 3))> using `load_obj` in 0.0039s
2024-12-10 18:46:30,785 DEBUG loaded <trimesh.Trimesh(vertices.shape=(48, 3), faces.shape=(28, 3))> using `load_obj` in 0.0008s
2024-12-10 18:46:40,788 INFO ==> EMD Loss: 23.805580
2024-12-10 18:46:40,788 INFO ==> Height map loss:  11.819605
2024-12-10 18:46:41,304 DEBUG loaded <trimesh.Trimesh(vertices.shape=(916, 3), faces.shape=(856, 3))> using `load_obj` in 0.0046s
2024-12-10 18:46:41,543 DEBUG loaded <trimesh.Trimesh(vertices.shape=(48, 3), faces.shape=(28, 3))> using `load_obj` in 0.0010s
2024-12-10 18:47:07,609 INFO =====> Skill params: [ 0.46366    -0.65016323 -0.918053   -0.96694475  0.6265405 ]
2024-12-10 18:47:07,609 INFO =====> Grad: [0. 0. 0. 0. 0.]
2024-12-10 18:47:07,609 INFO =====> Num. aborted data so far: 0
2024-12-10 18:47:07,610 INFO ===========> Epoch: 11 optimisation losses
2024-12-10 18:47:07,610 INFO =====> EMD Loss: 23.805527
2024-12-10 18:47:07,610 INFO =====> Height map loss: 11.819453
2024-12-10 18:47:07,985 DEBUG loaded <trimesh.Trimesh(vertices.shape=(916, 3), faces.shape=(856, 3))> using `load_obj` in 0.0030s
2024-12-10 18:47:08,132 DEBUG loaded <trimesh.Trimesh(vertices.shape=(48, 3), faces.shape=(28, 3))> using `load_obj` in 0.0007s
2024-12-10 18:47:16,912 INFO ==> EMD Loss: 23.805569
2024-12-10 18:47:16,912 INFO ==> Height map loss:  11.819552
2024-12-10 18:47:17,253 DEBUG loaded <trimesh.Trimesh(vertices.shape=(916, 3), faces.shape=(856, 3))> using `load_obj` in 0.0029s
2024-12-10 18:47:17,397 DEBUG loaded <trimesh.Trimesh(vertices.shape=(48, 3), faces.shape=(28, 3))> using `load_obj` in 0.0007s
2024-12-10 18:47:26,276 INFO ==> EMD Loss: 23.805613
2024-12-10 18:47:26,276 INFO ==> Height map loss:  11.819468
2024-12-10 18:47:26,631 DEBUG loaded <trimesh.Trimesh(vertices.shape=(916, 3), faces.shape=(856, 3))> using `load_obj` in 0.0029s
2024-12-10 18:47:26,779 DEBUG loaded <trimesh.Trimesh(vertices.shape=(48, 3), faces.shape=(28, 3))> using `load_obj` in 0.0007s
2024-12-10 18:47:36,225 INFO ==> EMD Loss: 23.805634
2024-12-10 18:47:36,225 INFO ==> Height map loss:  11.819505
2024-12-10 18:47:36,575 DEBUG loaded <trimesh.Trimesh(vertices.shape=(916, 3), faces.shape=(856, 3))> using `load_obj` in 0.0030s
2024-12-10 18:47:36,724 DEBUG loaded <trimesh.Trimesh(vertices.shape=(48, 3), faces.shape=(28, 3))> using `load_obj` in 0.0007s
2024-12-10 18:47:46,139 INFO ==> EMD Loss: 23.805552
2024-12-10 18:47:46,140 INFO ==> Height map loss:  11.819537
2024-12-10 18:47:46,493 DEBUG loaded <trimesh.Trimesh(vertices.shape=(916, 3), faces.shape=(856, 3))> using `load_obj` in 0.0029s
2024-12-10 18:47:46,637 DEBUG loaded <trimesh.Trimesh(vertices.shape=(48, 3), faces.shape=(28, 3))> using `load_obj` in 0.0007s
2024-12-10 18:47:55,976 INFO ==> EMD Loss: 23.805538
2024-12-10 18:47:55,976 INFO ==> Height map loss:  11.819447
2024-12-10 18:47:56,377 DEBUG loaded <trimesh.Trimesh(vertices.shape=(916, 3), faces.shape=(856, 3))> using `load_obj` in 0.0030s
2024-12-10 18:47:56,523 DEBUG loaded <trimesh.Trimesh(vertices.shape=(48, 3), faces.shape=(28, 3))> using `load_obj` in 0.0007s
2024-12-10 18:48:21,604 INFO =====> Skill params: [ 0.46366    -0.65016323 -0.918053   -0.96694475  0.6265405 ]
2024-12-10 18:48:21,605 INFO =====> Grad: [0. 0. 0. 0. 0.]
2024-12-10 18:48:21,605 INFO =====> Num. aborted data so far: 0
2024-12-10 18:48:21,606 INFO ===========> Epoch: 12 optimisation losses
2024-12-10 18:48:21,606 INFO =====> EMD Loss: 23.805668
2024-12-10 18:48:21,606 INFO =====> Height map loss: 11.819591
2024-12-10 18:48:21,988 DEBUG loaded <trimesh.Trimesh(vertices.shape=(916, 3), faces.shape=(856, 3))> using `load_obj` in 0.0031s
2024-12-10 18:48:22,173 DEBUG loaded <trimesh.Trimesh(vertices.shape=(48, 3), faces.shape=(28, 3))> using `load_obj` in 0.0009s
2024-12-10 18:48:31,279 INFO ==> EMD Loss: 23.805561
2024-12-10 18:48:31,280 INFO ==> Height map loss:  11.819524
2024-12-10 18:48:31,624 DEBUG loaded <trimesh.Trimesh(vertices.shape=(916, 3), faces.shape=(856, 3))> using `load_obj` in 0.0029s
2024-12-10 18:48:31,769 DEBUG loaded <trimesh.Trimesh(vertices.shape=(48, 3), faces.shape=(28, 3))> using `load_obj` in 0.0007s
2024-12-10 18:48:40,537 INFO ==> EMD Loss: 23.805525
2024-12-10 18:48:40,537 INFO ==> Height map loss:  11.819468
2024-12-10 18:48:40,883 DEBUG loaded <trimesh.Trimesh(vertices.shape=(916, 3), faces.shape=(856, 3))> using `load_obj` in 0.0029s
2024-12-10 18:48:41,026 DEBUG loaded <trimesh.Trimesh(vertices.shape=(48, 3), faces.shape=(28, 3))> using `load_obj` in 0.0007s
2024-12-10 18:48:50,028 INFO ==> EMD Loss: 23.805595
2024-12-10 18:48:50,028 INFO ==> Height map loss:  11.819613
2024-12-10 18:48:50,380 DEBUG loaded <trimesh.Trimesh(vertices.shape=(916, 3), faces.shape=(856, 3))> using `load_obj` in 0.0030s
2024-12-10 18:48:50,528 DEBUG loaded <trimesh.Trimesh(vertices.shape=(48, 3), faces.shape=(28, 3))> using `load_obj` in 0.0007s
2024-12-10 18:48:59,607 INFO ==> EMD Loss: 23.805412
2024-12-10 18:48:59,607 INFO ==> Height map loss:  11.819421
2024-12-10 18:48:59,956 DEBUG loaded <trimesh.Trimesh(vertices.shape=(916, 3), faces.shape=(856, 3))> using `load_obj` in 0.0030s
2024-12-10 18:49:00,133 DEBUG loaded <trimesh.Trimesh(vertices.shape=(48, 3), faces.shape=(28, 3))> using `load_obj` in 0.0007s
2024-12-10 18:49:09,275 INFO ==> EMD Loss: 23.805567
2024-12-10 18:49:09,275 INFO ==> Height map loss:  11.819516
2024-12-10 18:49:09,628 DEBUG loaded <trimesh.Trimesh(vertices.shape=(916, 3), faces.shape=(856, 3))> using `load_obj` in 0.0029s
2024-12-10 18:49:09,773 DEBUG loaded <trimesh.Trimesh(vertices.shape=(48, 3), faces.shape=(28, 3))> using `load_obj` in 0.0007s
2024-12-10 18:49:34,672 INFO =====> Skill params: [ 0.46366    -0.65016323 -0.918053   -0.96694475  0.6265405 ]
2024-12-10 18:49:34,672 INFO =====> Grad: [0. 0. 0. 0. 0.]
2024-12-10 18:49:34,672 INFO =====> Num. aborted data so far: 0
2024-12-10 18:49:34,673 INFO ===========> Epoch: 13 optimisation losses
2024-12-10 18:49:34,673 INFO =====> EMD Loss: 23.805584
2024-12-10 18:49:34,673 INFO =====> Height map loss: 11.819562
2024-12-10 18:49:35,056 DEBUG loaded <trimesh.Trimesh(vertices.shape=(916, 3), faces.shape=(856, 3))> using `load_obj` in 0.0031s
2024-12-10 18:49:35,211 DEBUG loaded <trimesh.Trimesh(vertices.shape=(48, 3), faces.shape=(28, 3))> using `load_obj` in 0.0007s
2024-12-10 18:49:44,374 INFO ==> EMD Loss: 23.805500
2024-12-10 18:49:44,374 INFO ==> Height map loss:  11.819505
2024-12-10 18:49:44,728 DEBUG loaded <trimesh.Trimesh(vertices.shape=(916, 3), faces.shape=(856, 3))> using `load_obj` in 0.0030s
2024-12-10 18:49:44,880 DEBUG loaded <trimesh.Trimesh(vertices.shape=(48, 3), faces.shape=(28, 3))> using `load_obj` in 0.0007s
2024-12-10 18:49:53,933 INFO ==> EMD Loss: 23.805580
2024-12-10 18:49:53,933 INFO ==> Height map loss:  11.819647
2024-12-10 18:49:54,278 DEBUG loaded <trimesh.Trimesh(vertices.shape=(916, 3), faces.shape=(856, 3))> using `load_obj` in 0.0028s
2024-12-10 18:49:54,424 DEBUG loaded <trimesh.Trimesh(vertices.shape=(48, 3), faces.shape=(28, 3))> using `load_obj` in 0.0007s
2024-12-10 18:50:03,177 INFO ==> EMD Loss: 23.805546
2024-12-10 18:50:03,177 INFO ==> Height map loss:  11.819492
2024-12-10 18:50:03,523 DEBUG loaded <trimesh.Trimesh(vertices.shape=(916, 3), faces.shape=(856, 3))> using `load_obj` in 0.0029s
2024-12-10 18:50:03,668 DEBUG loaded <trimesh.Trimesh(vertices.shape=(48, 3), faces.shape=(28, 3))> using `load_obj` in 0.0007s
2024-12-10 18:50:12,830 INFO ==> EMD Loss: 23.805492
2024-12-10 18:50:12,830 INFO ==> Height map loss:  11.819571
2024-12-10 18:50:13,254 DEBUG loaded <trimesh.Trimesh(vertices.shape=(916, 3), faces.shape=(856, 3))> using `load_obj` in 0.0029s
2024-12-10 18:50:13,404 DEBUG loaded <trimesh.Trimesh(vertices.shape=(48, 3), faces.shape=(28, 3))> using `load_obj` in 0.0007s
2024-12-10 18:50:22,560 INFO ==> EMD Loss: 23.805571
2024-12-10 18:50:22,560 INFO ==> Height map loss:  11.819448
2024-12-10 18:50:22,917 DEBUG loaded <trimesh.Trimesh(vertices.shape=(916, 3), faces.shape=(856, 3))> using `load_obj` in 0.0030s
2024-12-10 18:50:23,068 DEBUG loaded <trimesh.Trimesh(vertices.shape=(48, 3), faces.shape=(28, 3))> using `load_obj` in 0.0007s
2024-12-10 18:50:48,282 INFO =====> Skill params: [ 0.46366    -0.65016323 -0.918053   -0.96694475  0.6265405 ]
2024-12-10 18:50:48,282 INFO =====> Grad: [0. 0. 0. 0. 0.]
2024-12-10 18:50:48,282 INFO =====> Num. aborted data so far: 0
2024-12-10 18:50:48,282 INFO ===========> Epoch: 14 optimisation losses
2024-12-10 18:50:48,282 INFO =====> EMD Loss: 23.805563
2024-12-10 18:50:48,282 INFO =====> Height map loss: 11.819510
2024-12-10 18:50:48,670 DEBUG loaded <trimesh.Trimesh(vertices.shape=(916, 3), faces.shape=(856, 3))> using `load_obj` in 0.0031s
2024-12-10 18:50:48,831 DEBUG loaded <trimesh.Trimesh(vertices.shape=(48, 3), faces.shape=(28, 3))> using `load_obj` in 0.0007s
2024-12-10 18:50:57,902 INFO ==> EMD Loss: 23.805500
2024-12-10 18:50:57,902 INFO ==> Height map loss:  11.819484
2024-12-10 18:50:58,349 DEBUG loaded <trimesh.Trimesh(vertices.shape=(916, 3), faces.shape=(856, 3))> using `load_obj` in 0.0040s
2024-12-10 18:50:58,546 DEBUG loaded <trimesh.Trimesh(vertices.shape=(48, 3), faces.shape=(28, 3))> using `load_obj` in 0.0008s
2024-12-10 18:51:07,648 INFO ==> EMD Loss: 23.805502
2024-12-10 18:51:07,648 INFO ==> Height map loss:  11.819492
2024-12-10 18:51:08,008 DEBUG loaded <trimesh.Trimesh(vertices.shape=(916, 3), faces.shape=(856, 3))> using `load_obj` in 0.0030s
2024-12-10 18:51:08,161 DEBUG loaded <trimesh.Trimesh(vertices.shape=(48, 3), faces.shape=(28, 3))> using `load_obj` in 0.0007s
2024-12-10 18:51:17,178 INFO ==> EMD Loss: 23.805494
2024-12-10 18:51:17,178 INFO ==> Height map loss:  11.819465
2024-12-10 18:51:17,530 DEBUG loaded <trimesh.Trimesh(vertices.shape=(916, 3), faces.shape=(856, 3))> using `load_obj` in 0.0030s
2024-12-10 18:51:17,677 DEBUG loaded <trimesh.Trimesh(vertices.shape=(48, 3), faces.shape=(28, 3))> using `load_obj` in 0.0007s
2024-12-10 18:51:26,425 INFO ==> EMD Loss: 23.805458
2024-12-10 18:51:26,425 INFO ==> Height map loss:  11.818857
2024-12-10 18:51:26,773 DEBUG loaded <trimesh.Trimesh(vertices.shape=(916, 3), faces.shape=(856, 3))> using `load_obj` in 0.0029s
2024-12-10 18:51:26,923 DEBUG loaded <trimesh.Trimesh(vertices.shape=(48, 3), faces.shape=(28, 3))> using `load_obj` in 0.0007s
2024-12-10 18:51:36,156 INFO ==> EMD Loss: 23.805428
2024-12-10 18:51:36,156 INFO ==> Height map loss:  11.819467
2024-12-10 18:51:36,598 DEBUG loaded <trimesh.Trimesh(vertices.shape=(916, 3), faces.shape=(856, 3))> using `load_obj` in 0.0039s
2024-12-10 18:51:36,795 DEBUG loaded <trimesh.Trimesh(vertices.shape=(48, 3), faces.shape=(28, 3))> using `load_obj` in 0.0008s
2024-12-10 18:52:02,097 INFO =====> Skill params: [ 0.46366    -0.65016323 -0.918053   -0.96694475  0.6265405 ]
2024-12-10 18:52:02,098 INFO =====> Grad: [0. 0. 0. 0. 0.]
2024-12-10 18:52:02,098 INFO =====> Num. aborted data so far: 0
2024-12-10 18:52:02,098 INFO ===========> Epoch: 15 optimisation losses
2024-12-10 18:52:02,098 INFO =====> EMD Loss: 23.805531
2024-12-10 18:52:02,098 INFO =====> Height map loss: 11.819502
2024-12-10 18:52:02,481 DEBUG loaded <trimesh.Trimesh(vertices.shape=(916, 3), faces.shape=(856, 3))> using `load_obj` in 0.0030s
2024-12-10 18:52:02,630 DEBUG loaded <trimesh.Trimesh(vertices.shape=(48, 3), faces.shape=(28, 3))> using `load_obj` in 0.0007s
2024-12-10 18:52:12,156 INFO ==> EMD Loss: 23.805616
2024-12-10 18:52:12,156 INFO ==> Height map loss:  11.819445
2024-12-10 18:52:12,508 DEBUG loaded <trimesh.Trimesh(vertices.shape=(916, 3), faces.shape=(856, 3))> using `load_obj` in 0.0029s
2024-12-10 18:52:12,665 DEBUG loaded <trimesh.Trimesh(vertices.shape=(48, 3), faces.shape=(28, 3))> using `load_obj` in 0.0007s
2024-12-10 18:52:22,059 INFO ==> EMD Loss: 23.805458
2024-12-10 18:52:22,059 INFO ==> Height map loss:  11.819434
2024-12-10 18:52:22,475 DEBUG loaded <trimesh.Trimesh(vertices.shape=(916, 3), faces.shape=(856, 3))> using `load_obj` in 0.0030s
2024-12-10 18:52:22,624 DEBUG loaded <trimesh.Trimesh(vertices.shape=(48, 3), faces.shape=(28, 3))> using `load_obj` in 0.0007s
2024-12-10 18:52:32,007 INFO ==> EMD Loss: 23.805555
2024-12-10 18:52:32,007 INFO ==> Height map loss:  11.819543
2024-12-10 18:52:32,363 DEBUG loaded <trimesh.Trimesh(vertices.shape=(916, 3), faces.shape=(856, 3))> using `load_obj` in 0.0029s
2024-12-10 18:52:32,513 DEBUG loaded <trimesh.Trimesh(vertices.shape=(48, 3), faces.shape=(28, 3))> using `load_obj` in 0.0007s
2024-12-10 18:52:41,435 INFO ==> EMD Loss: 23.805510
2024-12-10 18:52:41,435 INFO ==> Height map loss:  11.819506
2024-12-10 18:52:41,792 DEBUG loaded <trimesh.Trimesh(vertices.shape=(916, 3), faces.shape=(856, 3))> using `load_obj` in 0.0028s
2024-12-10 18:52:41,941 DEBUG loaded <trimesh.Trimesh(vertices.shape=(48, 3), faces.shape=(28, 3))> using `load_obj` in 0.0007s
2024-12-10 18:52:50,772 INFO ==> EMD Loss: 23.805582
2024-12-10 18:52:50,772 INFO ==> Height map loss:  11.819540
2024-12-10 18:52:51,220 DEBUG loaded <trimesh.Trimesh(vertices.shape=(916, 3), faces.shape=(856, 3))> using `load_obj` in 0.0029s
2024-12-10 18:52:51,369 DEBUG loaded <trimesh.Trimesh(vertices.shape=(48, 3), faces.shape=(28, 3))> using `load_obj` in 0.0007s
2024-12-10 18:53:16,887 INFO =====> Skill params: [ 0.46366    -0.65016323 -0.918053   -0.96694475  0.6265405 ]
2024-12-10 18:53:16,887 INFO =====> Grad: [0. 0. 0. 0. 0.]
2024-12-10 18:53:16,887 INFO =====> Num. aborted data so far: 0
2024-12-10 18:53:16,888 INFO ===========> Epoch: 16 optimisation losses
2024-12-10 18:53:16,888 INFO =====> EMD Loss: 23.805573
2024-12-10 18:53:16,888 INFO =====> Height map loss: 11.819433
2024-12-10 18:53:17,459 DEBUG loaded <trimesh.Trimesh(vertices.shape=(916, 3), faces.shape=(856, 3))> using `load_obj` in 0.0048s
2024-12-10 18:53:17,672 DEBUG loaded <trimesh.Trimesh(vertices.shape=(48, 3), faces.shape=(28, 3))> using `load_obj` in 0.0007s
2024-12-10 18:53:27,162 INFO ==> EMD Loss: 23.805609
2024-12-10 18:53:27,162 INFO ==> Height map loss:  11.819420
2024-12-10 18:53:27,532 DEBUG loaded <trimesh.Trimesh(vertices.shape=(916, 3), faces.shape=(856, 3))> using `load_obj` in 0.0039s
2024-12-10 18:53:27,735 DEBUG loaded <trimesh.Trimesh(vertices.shape=(48, 3), faces.shape=(28, 3))> using `load_obj` in 0.0010s
2024-12-10 18:53:38,000 INFO ==> EMD Loss: 23.805567
2024-12-10 18:53:38,000 INFO ==> Height map loss:  11.819507
2024-12-10 18:53:38,362 DEBUG loaded <trimesh.Trimesh(vertices.shape=(916, 3), faces.shape=(856, 3))> using `load_obj` in 0.0030s
2024-12-10 18:53:38,520 DEBUG loaded <trimesh.Trimesh(vertices.shape=(48, 3), faces.shape=(28, 3))> using `load_obj` in 0.0007s
2024-12-10 18:53:47,774 INFO ==> EMD Loss: 23.805490
2024-12-10 18:53:47,775 INFO ==> Height map loss:  11.819522
2024-12-10 18:53:48,270 DEBUG loaded <trimesh.Trimesh(vertices.shape=(916, 3), faces.shape=(856, 3))> using `load_obj` in 0.0039s
2024-12-10 18:53:48,472 DEBUG loaded <trimesh.Trimesh(vertices.shape=(48, 3), faces.shape=(28, 3))> using `load_obj` in 0.0008s
2024-12-10 18:53:58,062 INFO ==> EMD Loss: 23.805567
2024-12-10 18:53:58,062 INFO ==> Height map loss:  11.819489
2024-12-10 18:53:58,421 DEBUG loaded <trimesh.Trimesh(vertices.shape=(916, 3), faces.shape=(856, 3))> using `load_obj` in 0.0029s
2024-12-10 18:53:58,573 DEBUG loaded <trimesh.Trimesh(vertices.shape=(48, 3), faces.shape=(28, 3))> using `load_obj` in 0.0007s
2024-12-10 18:54:07,424 INFO ==> EMD Loss: 23.805574
2024-12-10 18:54:07,424 INFO ==> Height map loss:  11.819527
2024-12-10 18:54:07,779 DEBUG loaded <trimesh.Trimesh(vertices.shape=(916, 3), faces.shape=(856, 3))> using `load_obj` in 0.0029s
2024-12-10 18:54:07,926 DEBUG loaded <trimesh.Trimesh(vertices.shape=(48, 3), faces.shape=(28, 3))> using `load_obj` in 0.0007s
2024-12-10 18:54:34,168 INFO =====> Skill params: [ 0.46366    -0.65016323 -0.918053   -0.96694475  0.6265405 ]
2024-12-10 18:54:34,169 INFO =====> Grad: [0. 0. 0. 0. 0.]
2024-12-10 18:54:34,169 INFO =====> Num. aborted data so far: 0
2024-12-10 18:54:34,169 INFO ===========> Epoch: 17 optimisation losses
2024-12-10 18:54:34,169 INFO =====> EMD Loss: 23.805492
2024-12-10 18:54:34,169 INFO =====> Height map loss: 11.819500
2024-12-10 18:54:34,565 DEBUG loaded <trimesh.Trimesh(vertices.shape=(916, 3), faces.shape=(856, 3))> using `load_obj` in 0.0030s
2024-12-10 18:54:34,721 DEBUG loaded <trimesh.Trimesh(vertices.shape=(48, 3), faces.shape=(28, 3))> using `load_obj` in 0.0007s
2024-12-10 18:54:43,807 INFO ==> EMD Loss: 23.802868
2024-12-10 18:54:43,807 INFO ==> Height map loss:  11.819468
2024-12-10 18:54:44,177 DEBUG loaded <trimesh.Trimesh(vertices.shape=(916, 3), faces.shape=(856, 3))> using `load_obj` in 0.0029s
2024-12-10 18:54:44,335 DEBUG loaded <trimesh.Trimesh(vertices.shape=(48, 3), faces.shape=(28, 3))> using `load_obj` in 0.0007s
2024-12-10 18:54:53,827 INFO ==> EMD Loss: 23.805531
2024-12-10 18:54:53,827 INFO ==> Height map loss:  11.819496
2024-12-10 18:54:54,193 DEBUG loaded <trimesh.Trimesh(vertices.shape=(916, 3), faces.shape=(856, 3))> using `load_obj` in 0.0029s
2024-12-10 18:54:54,349 DEBUG loaded <trimesh.Trimesh(vertices.shape=(48, 3), faces.shape=(28, 3))> using `load_obj` in 0.0007s
2024-12-10 18:55:03,510 INFO ==> EMD Loss: 23.805578
2024-12-10 18:55:03,510 INFO ==> Height map loss:  11.819479
2024-12-10 18:55:03,920 DEBUG loaded <trimesh.Trimesh(vertices.shape=(916, 3), faces.shape=(856, 3))> using `load_obj` in 0.0029s
2024-12-10 18:55:04,078 DEBUG loaded <trimesh.Trimesh(vertices.shape=(48, 3), faces.shape=(28, 3))> using `load_obj` in 0.0007s
2024-12-10 18:55:13,236 INFO ==> EMD Loss: 23.805336
2024-12-10 18:55:13,236 INFO ==> Height map loss:  11.818789
2024-12-10 18:55:13,602 DEBUG loaded <trimesh.Trimesh(vertices.shape=(916, 3), faces.shape=(856, 3))> using `load_obj` in 0.0029s
2024-12-10 18:55:13,755 DEBUG loaded <trimesh.Trimesh(vertices.shape=(48, 3), faces.shape=(28, 3))> using `load_obj` in 0.0007s
2024-12-10 18:55:22,594 INFO ==> EMD Loss: 23.805569
2024-12-10 18:55:22,594 INFO ==> Height map loss:  11.819526
2024-12-10 18:55:22,952 DEBUG loaded <trimesh.Trimesh(vertices.shape=(916, 3), faces.shape=(856, 3))> using `load_obj` in 0.0030s
2024-12-10 18:55:23,102 DEBUG loaded <trimesh.Trimesh(vertices.shape=(48, 3), faces.shape=(28, 3))> using `load_obj` in 0.0007s
2024-12-10 18:55:48,175 INFO =====> Skill params: [ 0.46366    -0.65016323 -0.918053   -0.96694475  0.6265405 ]
2024-12-10 18:55:48,176 INFO =====> Grad: [0. 0. 0. 0. 0.]
2024-12-10 18:55:48,176 INFO =====> Num. aborted data so far: 0
2024-12-10 18:55:48,176 INFO ===========> Epoch: 18 optimisation losses
2024-12-10 18:55:48,176 INFO =====> EMD Loss: 23.805494
2024-12-10 18:55:48,176 INFO =====> Height map loss: 11.819513
2024-12-10 18:55:48,738 DEBUG loaded <trimesh.Trimesh(vertices.shape=(916, 3), faces.shape=(856, 3))> using `load_obj` in 0.0049s
2024-12-10 18:55:48,960 DEBUG loaded <trimesh.Trimesh(vertices.shape=(48, 3), faces.shape=(28, 3))> using `load_obj` in 0.0009s
2024-12-10 18:55:57,996 INFO ==> EMD Loss: 23.805624
2024-12-10 18:55:57,996 INFO ==> Height map loss:  11.819560
2024-12-10 18:55:58,363 DEBUG loaded <trimesh.Trimesh(vertices.shape=(916, 3), faces.shape=(856, 3))> using `load_obj` in 0.0030s
2024-12-10 18:55:58,519 DEBUG loaded <trimesh.Trimesh(vertices.shape=(48, 3), faces.shape=(28, 3))> using `load_obj` in 0.0007s
2024-12-10 18:56:07,527 INFO ==> EMD Loss: 23.805582
2024-12-10 18:56:07,527 INFO ==> Height map loss:  11.819564
2024-12-10 18:56:07,904 DEBUG loaded <trimesh.Trimesh(vertices.shape=(916, 3), faces.shape=(856, 3))> using `load_obj` in 0.0030s
2024-12-10 18:56:08,059 DEBUG loaded <trimesh.Trimesh(vertices.shape=(48, 3), faces.shape=(28, 3))> using `load_obj` in 0.0007s
2024-12-10 18:56:17,230 INFO ==> EMD Loss: 23.805613
2024-12-10 18:56:17,230 INFO ==> Height map loss:  11.819495
2024-12-10 18:56:17,593 DEBUG loaded <trimesh.Trimesh(vertices.shape=(916, 3), faces.shape=(856, 3))> using `load_obj` in 0.0028s
2024-12-10 18:56:17,745 DEBUG loaded <trimesh.Trimesh(vertices.shape=(48, 3), faces.shape=(28, 3))> using `load_obj` in 0.0007s
2024-12-10 18:56:27,543 INFO ==> EMD Loss: 23.805595
2024-12-10 18:56:27,543 INFO ==> Height map loss:  11.819491
2024-12-10 18:56:27,902 DEBUG loaded <trimesh.Trimesh(vertices.shape=(916, 3), faces.shape=(856, 3))> using `load_obj` in 0.0028s
2024-12-10 18:56:28,054 DEBUG loaded <trimesh.Trimesh(vertices.shape=(48, 3), faces.shape=(28, 3))> using `load_obj` in 0.0007s
2024-12-10 18:56:37,813 INFO ==> EMD Loss: 23.805498
2024-12-10 18:56:37,813 INFO ==> Height map loss:  11.819469
2024-12-10 18:56:38,171 DEBUG loaded <trimesh.Trimesh(vertices.shape=(916, 3), faces.shape=(856, 3))> using `load_obj` in 0.0029s
2024-12-10 18:56:38,323 DEBUG loaded <trimesh.Trimesh(vertices.shape=(48, 3), faces.shape=(28, 3))> using `load_obj` in 0.0007s
2024-12-10 18:57:03,186 INFO =====> Skill params: [ 0.46366    -0.65016323 -0.918053   -0.96694475  0.6265405 ]
2024-12-10 18:57:03,186 INFO =====> Grad: [0. 0. 0. 0. 0.]
2024-12-10 18:57:03,186 INFO =====> Num. aborted data so far: 0
2024-12-10 18:57:03,187 INFO ===========> Epoch: 19 optimisation losses
2024-12-10 18:57:03,187 INFO =====> EMD Loss: 23.805563
2024-12-10 18:57:03,187 INFO =====> Height map loss: 11.818833
2024-12-10 18:57:03,578 DEBUG loaded <trimesh.Trimesh(vertices.shape=(916, 3), faces.shape=(856, 3))> using `load_obj` in 0.0031s
2024-12-10 18:57:03,740 DEBUG loaded <trimesh.Trimesh(vertices.shape=(48, 3), faces.shape=(28, 3))> using `load_obj` in 0.0007s
2024-12-10 18:57:12,861 INFO ==> EMD Loss: 23.805510
2024-12-10 18:57:12,861 INFO ==> Height map loss:  11.819476
2024-12-10 18:57:13,304 DEBUG loaded <trimesh.Trimesh(vertices.shape=(916, 3), faces.shape=(856, 3))> using `load_obj` in 0.0039s
2024-12-10 18:57:13,503 DEBUG loaded <trimesh.Trimesh(vertices.shape=(48, 3), faces.shape=(28, 3))> using `load_obj` in 0.0008s
2024-12-10 18:57:22,624 INFO ==> EMD Loss: 23.805504
2024-12-10 18:57:22,624 INFO ==> Height map loss:  11.819541
2024-12-10 18:57:23,080 DEBUG loaded <trimesh.Trimesh(vertices.shape=(916, 3), faces.shape=(856, 3))> using `load_obj` in 0.0030s
2024-12-10 18:57:23,237 DEBUG loaded <trimesh.Trimesh(vertices.shape=(48, 3), faces.shape=(28, 3))> using `load_obj` in 0.0007s
2024-12-10 18:57:32,598 INFO ==> EMD Loss: 23.802895
2024-12-10 18:57:32,598 INFO ==> Height map loss:  11.818830
2024-12-10 18:57:33,195 DEBUG loaded <trimesh.Trimesh(vertices.shape=(916, 3), faces.shape=(856, 3))> using `load_obj` in 0.0048s
2024-12-10 18:57:33,444 DEBUG loaded <trimesh.Trimesh(vertices.shape=(48, 3), faces.shape=(28, 3))> using `load_obj` in 0.0009s
2024-12-10 18:57:42,745 INFO ==> EMD Loss: 23.805565
2024-12-10 18:57:42,745 INFO ==> Height map loss:  11.819540
2024-12-10 18:57:43,107 DEBUG loaded <trimesh.Trimesh(vertices.shape=(916, 3), faces.shape=(856, 3))> using `load_obj` in 0.0030s
2024-12-10 18:57:43,262 DEBUG loaded <trimesh.Trimesh(vertices.shape=(48, 3), faces.shape=(28, 3))> using `load_obj` in 0.0007s
2024-12-10 18:57:52,274 INFO ==> EMD Loss: 23.805664
2024-12-10 18:57:52,274 INFO ==> Height map loss:  11.819571
2024-12-10 18:57:52,642 DEBUG loaded <trimesh.Trimesh(vertices.shape=(916, 3), faces.shape=(856, 3))> using `load_obj` in 0.0030s
2024-12-10 18:57:52,798 DEBUG loaded <trimesh.Trimesh(vertices.shape=(48, 3), faces.shape=(28, 3))> using `load_obj` in 0.0007s
2024-12-10 18:58:01,765 INFO ===========> Finished training.
2024-12-10 18:58:01,765 INFO ====> Final EMD Loss: 23.805534
2024-12-10 18:58:01,765 INFO ====> Final Height map loss: 11.819500
2024-12-10 18:58:01,765 INFO ====> Final skill params: [ 0.46366    -0.65016323 -0.918053   -0.96694475  0.6265405 ]
