2025-05-25 22:48:13,523 INFO =====> Skill params: [-0.30213484  0.2         0.8         0.         -0.5       ]
2025-05-25 22:48:13,523 INFO =====> Grad: [2272.2803   196.5011   350.42776  399.86984  214.49681]
2025-05-25 22:48:13,523 INFO =====> Num. aborted data so far: 0
2025-05-25 22:48:13,524 INFO ===========> Epoch: 0 optimisation losses
2025-05-25 22:48:13,524 INFO =====> EMD Loss: 20.878725
2025-05-25 22:48:13,524 INFO =====> Height map loss: 5.812722
2025-05-25 22:48:22,373 INFO ==> EMD Loss: 20.596430
2025-05-25 22:48:22,373 INFO ==> Height map loss:  5.805325
2025-05-25 22:48:30,963 INFO ==> EMD Loss: 20.713602
2025-05-25 22:48:30,963 INFO ==> Height map loss:  5.596497
2025-05-25 22:48:39,791 INFO ==> EMD Loss: 20.131487
2025-05-25 22:48:39,792 INFO ==> Height map loss:  5.432328
2025-05-25 22:48:48,431 INFO ==> EMD Loss: 20.035938
2025-05-25 22:48:48,431 INFO ==> Height map loss:  5.072317
2025-05-25 22:48:57,239 INFO ==> EMD Loss: 19.983553
2025-05-25 22:48:57,240 INFO ==> Height map loss:  5.152143
2025-05-25 22:49:16,399 INFO =====> Skill params: [-0.44443733  0.0576975   0.6576975  -0.14230251 -0.6423025 ]
2025-05-25 22:49:16,399 INFO =====> Grad: [ 713.74225  3558.4988    317.56772   710.62616   -41.842148]
2025-05-25 22:49:16,399 INFO =====> Num. aborted data so far: 0
2025-05-25 22:49:16,401 INFO ===========> Epoch: 1 optimisation losses
2025-05-25 22:49:16,401 INFO =====> EMD Loss: 20.146910
2025-05-25 22:49:16,401 INFO =====> Height map loss: 5.103941
2025-05-25 22:49:25,120 INFO ==> EMD Loss: 20.083126
2025-05-25 22:49:25,120 INFO ==> Height map loss:  5.136326
2025-05-25 22:49:34,001 INFO ==> EMD Loss: 19.695469
2025-05-25 22:49:34,001 INFO ==> Height map loss:  5.325935
2025-05-25 22:49:42,719 INFO ==> EMD Loss: 20.142727
2025-05-25 22:49:42,719 INFO ==> Height map loss:  5.540162
2025-05-25 22:49:51,660 INFO ==> EMD Loss: 20.074915
2025-05-25 22:49:51,660 INFO ==> Height map loss:  6.081037
2025-05-25 22:50:00,447 INFO ==> EMD Loss: 20.191208
2025-05-25 22:50:00,448 INFO ==> Height map loss:  6.511501
2025-05-25 22:50:19,727 INFO =====> Skill params: [-0.44741923  0.04822366  0.65114456 -0.15067154 -0.64039177]
2025-05-25 22:50:19,727 INFO =====> Grad: [ -465.71484 -2684.8242   -314.76102   -57.18579  -623.84625]
2025-05-25 22:50:19,727 INFO =====> Num. aborted data so far: 0
2025-05-25 22:50:19,728 INFO ===========> Epoch: 2 optimisation losses
2025-05-25 22:50:19,728 INFO =====> EMD Loss: 20.132774
2025-05-25 22:50:19,728 INFO =====> Height map loss: 5.157254
2025-05-25 22:50:28,609 INFO ==> EMD Loss: 20.118517
2025-05-25 22:50:28,610 INFO ==> Height map loss:  5.154656
2025-05-25 22:50:37,420 INFO ==> EMD Loss: 20.225266
2025-05-25 22:50:37,420 INFO ==> Height map loss:  5.154196
2025-05-25 22:50:46,392 INFO ==> EMD Loss: 20.151587
2025-05-25 22:50:46,393 INFO ==> Height map loss:  5.264884
2025-05-25 22:50:55,305 INFO ==> EMD Loss: 20.366972
2025-05-25 22:50:55,305 INFO ==> Height map loss:  5.309403
2025-05-25 22:51:04,474 INFO ==> EMD Loss: 20.471321
2025-05-25 22:51:04,474 INFO ==> Height map loss:  5.389544
2025-05-25 22:51:24,110 INFO =====> Skill params: [-0.43739617  0.07772411  0.67890286 -0.1471319  -0.5951611 ]
2025-05-25 22:51:24,110 INFO =====> Grad: [-598.0197  -691.5977   274.616    766.30505 -204.41518]
2025-05-25 22:51:24,110 INFO =====> Num. aborted data so far: 0
2025-05-25 22:51:24,111 INFO ===========> Epoch: 3 optimisation losses
2025-05-25 22:51:24,112 INFO =====> EMD Loss: 20.233303
2025-05-25 22:51:24,112 INFO =====> Height map loss: 5.165848
2025-05-25 22:51:32,900 INFO ==> EMD Loss: 20.185617
2025-05-25 22:51:32,900 INFO ==> Height map loss:  5.258761
2025-05-25 22:51:41,866 INFO ==> EMD Loss: 19.978445
2025-05-25 22:51:41,867 INFO ==> Height map loss:  5.130568
2025-05-25 22:51:50,684 INFO ==> EMD Loss: 19.905867
2025-05-25 22:51:50,684 INFO ==> Height map loss:  5.063178
2025-05-25 22:51:59,711 INFO ==> EMD Loss: 19.873608
2025-05-25 22:51:59,711 INFO ==> Height map loss:  5.131118
2025-05-25 22:52:08,510 INFO ==> EMD Loss: 20.072086
2025-05-25 22:52:08,510 INFO ==> Height map loss:  5.070827
2025-05-25 22:52:28,049 INFO =====> Skill params: [-0.41130883  0.09352092  0.6339442  -0.21595515 -0.5654844 ]
2025-05-25 22:52:28,049 INFO =====> Grad: [1254.2772    1669.5863       5.3479185 -647.35657    204.25395  ]
2025-05-25 22:52:28,049 INFO =====> Num. aborted data so far: 0
2025-05-25 22:52:28,049 INFO ===========> Epoch: 4 optimisation losses
2025-05-25 22:52:28,049 INFO =====> EMD Loss: 19.911814
2025-05-25 22:52:28,049 INFO =====> Height map loss: 5.089755
2025-05-25 22:52:36,817 INFO ==> EMD Loss: 19.963251
2025-05-25 22:52:36,817 INFO ==> Height map loss:  5.157781
2025-05-25 22:52:45,775 INFO ==> EMD Loss: 19.952755
2025-05-25 22:52:45,775 INFO ==> Height map loss:  5.148233
2025-05-25 22:52:54,606 INFO ==> EMD Loss: 20.077801
2025-05-25 22:52:54,606 INFO ==> Height map loss:  5.058283
2025-05-25 22:53:03,634 INFO ==> EMD Loss: 20.126606
2025-05-25 22:53:03,634 INFO ==> Height map loss:  5.130960
2025-05-25 22:53:12,486 INFO ==> EMD Loss: 20.444971
2025-05-25 22:53:12,486 INFO ==> Height map loss:  5.173618
2025-05-25 22:53:32,055 INFO =====> Skill params: [-0.46059102  0.05650856  0.63302135 -0.16447714 -0.5951718 ]
2025-05-25 22:53:32,055 INFO =====> Grad: [ -697.3519  -3039.6533    317.21722   905.5634    341.6412 ]
2025-05-25 22:53:32,055 INFO =====> Num. aborted data so far: 0
2025-05-25 22:53:32,056 INFO ===========> Epoch: 5 optimisation losses
2025-05-25 22:53:32,056 INFO =====> EMD Loss: 20.195879
2025-05-25 22:53:32,056 INFO =====> Height map loss: 5.040817
2025-05-25 22:53:41,067 INFO ==> EMD Loss: 20.255747
2025-05-25 22:53:41,067 INFO ==> Height map loss:  5.038130
2025-05-25 22:53:49,841 INFO ==> EMD Loss: 19.963495
2025-05-25 22:53:49,841 INFO ==> Height map loss:  5.179720
2025-05-25 22:53:58,761 INFO ==> EMD Loss: 20.303406
2025-05-25 22:53:58,762 INFO ==> Height map loss:  5.156467
2025-05-25 22:54:07,465 INFO ==> EMD Loss: 20.303663
2025-05-25 22:54:07,465 INFO ==> Height map loss:  5.238743
2025-05-25 22:54:16,296 INFO ==> EMD Loss: 20.256754
2025-05-25 22:54:16,296 INFO ==> Height map loss:  5.349690
2025-05-25 22:54:35,673 INFO =====> Skill params: [-0.45782802  0.06219444  0.6280915  -0.17040406 -0.59975475]
2025-05-25 22:54:35,673 INFO =====> Grad: [ 660.3772   4571.1763    124.469894 -678.5593   -133.0102  ]
2025-05-25 22:54:35,673 INFO =====> Num. aborted data so far: 0
2025-05-25 22:54:35,674 INFO ===========> Epoch: 6 optimisation losses
2025-05-25 22:54:35,674 INFO =====> EMD Loss: 20.256575
2025-05-25 22:54:35,674 INFO =====> Height map loss: 5.048988
2025-05-25 22:54:44,645 INFO ==> EMD Loss: 20.066149
2025-05-25 22:54:44,645 INFO ==> Height map loss:  5.050482
2025-05-25 22:54:53,404 INFO ==> EMD Loss: 20.070698
2025-05-25 22:54:53,404 INFO ==> Height map loss:  5.122532
2025-05-25 22:55:02,358 INFO ==> EMD Loss: 19.596006
2025-05-25 22:55:02,358 INFO ==> Height map loss:  5.307914
2025-05-25 22:55:11,192 INFO ==> EMD Loss: 20.089014
2025-05-25 22:55:11,192 INFO ==> Height map loss:  5.445920
2025-05-25 22:55:20,257 INFO ==> EMD Loss: 20.101166
2025-05-25 22:55:20,257 INFO ==> Height map loss:  5.555867
2025-05-25 22:55:39,829 INFO =====> Skill params: [-0.4604764   0.05566011  0.62609804 -0.16620597 -0.59790987]
2025-05-25 22:55:39,829 INFO =====> Grad: [ 687.2235  3561.0103  -316.96677 -415.6334  -546.9333 ]
2025-05-25 22:55:39,830 INFO =====> Num. aborted data so far: 0
2025-05-25 22:55:39,830 INFO ===========> Epoch: 7 optimisation losses
2025-05-25 22:55:39,830 INFO =====> EMD Loss: 19.993988
2025-05-25 22:55:39,830 INFO =====> Height map loss: 5.044914
2025-05-25 22:55:48,674 INFO ==> EMD Loss: 20.016243
2025-05-25 22:55:48,674 INFO ==> Height map loss:  5.042823
2025-05-25 22:55:57,657 INFO ==> EMD Loss: 20.067352
2025-05-25 22:55:57,657 INFO ==> Height map loss:  5.117404
2025-05-25 22:56:06,634 INFO ==> EMD Loss: 20.269470
2025-05-25 22:56:06,634 INFO ==> Height map loss:  5.198723
2025-05-25 22:56:15,802 INFO ==> EMD Loss: 19.843250
2025-05-25 22:56:15,802 INFO ==> Height map loss:  5.376985
2025-05-25 22:56:24,792 INFO ==> EMD Loss: 20.040031
2025-05-25 22:56:24,792 INFO ==> Height map loss:  5.385485
2025-05-25 22:56:44,393 INFO =====> Skill params: [-0.46325418  0.05098969  0.6307588  -0.16359973 -0.59179574]
2025-05-25 22:56:44,393 INFO =====> Grad: [ 622.03143 3648.3474   315.5837  -148.09404 -307.19482]
2025-05-25 22:56:44,393 INFO =====> Num. aborted data so far: 0
2025-05-25 22:56:44,394 INFO ===========> Epoch: 8 optimisation losses
2025-05-25 22:56:44,394 INFO =====> EMD Loss: 20.216141
2025-05-25 22:56:44,394 INFO =====> Height map loss: 5.053404
2025-05-25 22:56:53,269 INFO ==> EMD Loss: 20.004616
2025-05-25 22:56:53,269 INFO ==> Height map loss:  5.062902
2025-05-25 22:57:02,326 INFO ==> EMD Loss: 20.086657
2025-05-25 22:57:02,326 INFO ==> Height map loss:  5.119882
2025-05-25 22:57:11,233 INFO ==> EMD Loss: 20.185873
2025-05-25 22:57:11,233 INFO ==> Height map loss:  5.283864
2025-05-25 22:57:20,334 INFO ==> EMD Loss: 19.832546
2025-05-25 22:57:20,334 INFO ==> Height map loss:  5.344561
2025-05-25 22:57:29,291 INFO ==> EMD Loss: 20.198105
2025-05-25 22:57:29,291 INFO ==> Height map loss:  5.428952
2025-05-25 22:57:49,102 INFO =====> Skill params: [-0.46580675  0.0465362   0.62641126 -0.16262604 -0.5884137 ]
2025-05-25 22:57:49,102 INFO =====> Grad: [ 561.4978  3315.5964   314.25784   95.00929  275.39792]
2025-05-25 22:57:49,102 INFO =====> Num. aborted data so far: 0
2025-05-25 22:57:49,103 INFO ===========> Epoch: 9 optimisation losses
2025-05-25 22:57:49,104 INFO =====> EMD Loss: 20.227829
2025-05-25 22:57:49,104 INFO =====> Height map loss: 5.092024
2025-05-25 22:57:58,010 INFO ==> EMD Loss: 20.077629
2025-05-25 22:57:58,010 INFO ==> Height map loss:  5.082223
2025-05-25 22:58:07,023 INFO ==> EMD Loss: 20.056738
2025-05-25 22:58:07,023 INFO ==> Height map loss:  5.134432
2025-05-25 22:58:15,912 INFO ==> EMD Loss: 19.979879
2025-05-25 22:58:15,912 INFO ==> Height map loss:  5.227492
2025-05-25 22:58:25,043 INFO ==> EMD Loss: 19.916395
2025-05-25 22:58:25,043 INFO ==> Height map loss:  5.336441
2025-05-25 22:58:33,945 INFO ==> EMD Loss: 20.083826
2025-05-25 22:58:33,945 INFO ==> Height map loss:  5.372427
2025-05-25 22:58:53,693 INFO =====> Skill params: [-0.46815965  0.0426453   0.62229884 -0.16328292 -0.59144247]
2025-05-25 22:58:53,693 INFO =====> Grad: [ -481.37076   -2713.5212      286.30792     603.3475        8.4402685]
2025-05-25 22:58:53,694 INFO =====> Num. aborted data so far: 0
2025-05-25 22:58:53,694 INFO ===========> Epoch: 10 optimisation losses
2025-05-25 22:58:53,694 INFO =====> EMD Loss: 20.086809
2025-05-25 22:58:53,694 INFO =====> Height map loss: 5.080322
2025-05-25 22:59:02,594 INFO ==> EMD Loss: 20.003992
2025-05-25 22:59:02,595 INFO ==> Height map loss:  5.058685
2025-05-25 22:59:11,605 INFO ==> EMD Loss: 19.983662
2025-05-25 22:59:11,605 INFO ==> Height map loss:  5.033383
2025-05-25 22:59:20,468 INFO ==> EMD Loss: 19.913458
2025-05-25 22:59:20,468 INFO ==> Height map loss:  5.092420
2025-05-25 22:59:29,657 INFO ==> EMD Loss: 19.923178
2025-05-25 22:59:29,657 INFO ==> Height map loss:  5.112222
2025-05-25 22:59:38,523 INFO ==> EMD Loss: 19.932117
2025-05-25 22:59:38,523 INFO ==> Height map loss:  5.114741
2025-05-25 22:59:58,340 INFO =====> Skill params: [-0.45778576  0.0584672   0.60406876 -0.1832299  -0.59193164]
2025-05-25 22:59:58,340 INFO =====> Grad: [-274.67694 -592.2691   281.0813   724.6134   204.49442]
2025-05-25 22:59:58,340 INFO =====> Num. aborted data so far: 0
2025-05-25 22:59:58,341 INFO ===========> Epoch: 11 optimisation losses
2025-05-25 22:59:58,341 INFO =====> EMD Loss: 20.005558
2025-05-25 22:59:58,341 INFO =====> Height map loss: 5.040035
2025-05-25 23:00:07,269 INFO ==> EMD Loss: 19.988285
2025-05-25 23:00:07,270 INFO ==> Height map loss:  5.044285
2025-05-25 23:00:16,223 INFO ==> EMD Loss: 19.878550
2025-05-25 23:00:16,223 INFO ==> Height map loss:  5.040954
2025-05-25 23:00:25,075 INFO ==> EMD Loss: 20.095320
2025-05-25 23:00:25,075 INFO ==> Height map loss:  5.063079
2025-05-25 23:00:34,097 INFO ==> EMD Loss: 20.077768
2025-05-25 23:00:34,097 INFO ==> Height map loss:  5.127034
2025-05-25 23:00:42,913 INFO ==> EMD Loss: 20.004965
2025-05-25 23:00:42,913 INFO ==> Height map loss:  5.086066
2025-05-25 23:01:02,527 INFO =====> Skill params: [-0.45159936  0.06209671  0.5865389  -0.20552003 -0.60401314]
2025-05-25 23:01:02,527 INFO =====> Grad: [-797.1327  -718.17224  288.20737  917.3907   352.04974]
2025-05-25 23:01:02,527 INFO =====> Num. aborted data so far: 0
2025-05-25 23:01:02,528 INFO ===========> Epoch: 12 optimisation losses
2025-05-25 23:01:02,528 INFO =====> EMD Loss: 20.195480
2025-05-25 23:01:02,528 INFO =====> Height map loss: 5.043412
2025-05-25 23:01:11,541 INFO ==> EMD Loss: 20.084352
2025-05-25 23:01:11,541 INFO ==> Height map loss:  5.065644
2025-05-25 23:01:20,504 INFO ==> EMD Loss: 20.101439
2025-05-25 23:01:20,504 INFO ==> Height map loss:  5.059387
2025-05-25 23:01:29,251 INFO ==> EMD Loss: 20.098669
2025-05-25 23:01:29,251 INFO ==> Height map loss:  5.148593
2025-05-25 23:01:38,206 INFO ==> EMD Loss: 20.128441
2025-05-25 23:01:38,206 INFO ==> Height map loss:  5.169939
2025-05-25 23:01:46,884 INFO ==> EMD Loss: 20.037928
2025-05-25 23:01:46,885 INFO ==> Height map loss:  5.268344
2025-05-25 23:02:06,303 INFO =====> Skill params: [-0.43402213  0.06671382  0.56894404 -0.23072124 -0.62391436]
2025-05-25 23:02:06,304 INFO =====> Grad: [ -865.36127 -2706.213    -320.20993  -461.18872  -274.67288]
2025-05-25 23:02:06,304 INFO =====> Num. aborted data so far: 0
2025-05-25 23:02:06,304 INFO ===========> Epoch: 13 optimisation losses
2025-05-25 23:02:06,304 INFO =====> EMD Loss: 19.912560
2025-05-25 23:02:06,304 INFO =====> Height map loss: 5.039099
2025-05-25 23:02:15,201 INFO ==> EMD Loss: 20.035055
2025-05-25 23:02:15,201 INFO ==> Height map loss:  5.094136
2025-05-25 23:02:24,196 INFO ==> EMD Loss: 20.148687
2025-05-25 23:02:24,196 INFO ==> Height map loss:  5.147552
2025-05-25 23:02:32,942 INFO ==> EMD Loss: 19.898636
2025-05-25 23:02:32,942 INFO ==> Height map loss:  5.209573
2025-05-25 23:02:41,956 INFO ==> EMD Loss: 19.983078
2025-05-25 23:02:41,956 INFO ==> Height map loss:  5.251114
2025-05-25 23:02:50,741 INFO ==> EMD Loss: 20.331005
2025-05-25 23:02:50,741 INFO ==> Height map loss:  5.292554
2025-05-25 23:03:10,215 INFO =====> Skill params: [-0.43031856  0.07013488  0.572724   -0.22815031 -0.62082   ]
2025-05-25 23:03:10,216 INFO =====> Grad: [ 925.4635  2458.8613   321.20496  187.63776  382.1859 ]
2025-05-25 23:03:10,216 INFO =====> Num. aborted data so far: 0
2025-05-25 23:03:10,216 INFO ===========> Epoch: 14 optimisation losses
2025-05-25 23:03:10,216 INFO =====> EMD Loss: 19.919912
2025-05-25 23:03:10,216 INFO =====> Height map loss: 5.087129
2025-05-25 23:03:19,096 INFO ==> EMD Loss: 19.931850
2025-05-25 23:03:19,096 INFO ==> Height map loss:  5.059673
2025-05-25 23:03:28,084 INFO ==> EMD Loss: 20.053667
2025-05-25 23:03:28,085 INFO ==> Height map loss:  5.144105
2025-05-25 23:03:36,904 INFO ==> EMD Loss: 20.033558
2025-05-25 23:03:36,904 INFO ==> Height map loss:  5.104659
2025-05-25 23:03:45,988 INFO ==> EMD Loss: 20.125994
2025-05-25 23:03:45,989 INFO ==> Height map loss:  5.183693
2025-05-25 23:03:54,820 INFO ==> EMD Loss: 19.883844
2025-05-25 23:03:54,820 INFO ==> Height map loss:  5.245403
2025-05-25 23:04:14,264 INFO =====> Skill params: [-0.4341399   0.06703787  0.5690407  -0.22924551 -0.6249141 ]
2025-05-25 23:04:14,264 INFO =====> Grad: [ -869.09296 -2398.743    -320.30432  -281.91162  -234.45947]
2025-05-25 23:04:14,264 INFO =====> Num. aborted data so far: 0
2025-05-25 23:04:14,265 INFO ===========> Epoch: 15 optimisation losses
2025-05-25 23:04:14,265 INFO =====> EMD Loss: 19.917494
2025-05-25 23:04:14,265 INFO =====> Height map loss: 5.033151
2025-05-25 23:04:23,159 INFO ==> EMD Loss: 20.035740
2025-05-25 23:04:23,159 INFO ==> Height map loss:  5.083807
2025-05-25 23:04:32,186 INFO ==> EMD Loss: 20.119730
2025-05-25 23:04:32,186 INFO ==> Height map loss:  5.113492
2025-05-25 23:04:40,958 INFO ==> EMD Loss: 19.924568
2025-05-25 23:04:40,958 INFO ==> Height map loss:  5.192058
2025-05-25 23:04:49,994 INFO ==> EMD Loss: 19.942379
2025-05-25 23:04:49,994 INFO ==> Height map loss:  5.198359
2025-05-25 23:04:58,801 INFO ==> EMD Loss: 20.057810
2025-05-25 23:04:58,801 INFO ==> Height map loss:  5.195906
2025-05-25 23:05:18,334 INFO =====> Skill params: [-0.4306262   0.070057    0.57262534 -0.22753932 -0.62236404]
2025-05-25 23:05:18,334 INFO =====> Grad: [ -923.1155  -2605.0334   -321.18234  -681.88983  -309.04593]
2025-05-25 23:05:18,334 INFO =====> Num. aborted data so far: 0
2025-05-25 23:05:18,335 INFO ===========> Epoch: 16 optimisation losses
2025-05-25 23:05:18,335 INFO =====> EMD Loss: 19.925787
2025-05-25 23:05:18,335 INFO =====> Height map loss: 5.086014
2025-05-25 23:05:27,247 INFO ==> EMD Loss: 20.075075
2025-05-25 23:05:27,247 INFO ==> Height map loss:  5.091685
2025-05-25 23:05:36,275 INFO ==> EMD Loss: 20.141563
2025-05-25 23:05:36,275 INFO ==> Height map loss:  5.114566
2025-05-25 23:05:44,970 INFO ==> EMD Loss: 20.027943
2025-05-25 23:05:44,970 INFO ==> Height map loss:  5.280301
2025-05-25 23:05:53,978 INFO ==> EMD Loss: 20.078642
2025-05-25 23:05:53,978 INFO ==> Height map loss:  5.324126
2025-05-25 23:06:02,832 INFO ==> EMD Loss: 20.207300
2025-05-25 23:06:02,832 INFO ==> Height map loss:  5.367256
2025-05-25 23:06:22,752 INFO =====> Skill params: [-0.4269923   0.07330436  0.576144   -0.22358502 -0.6190449 ]
2025-05-25 23:06:22,752 INFO =====> Grad: [ 282.92963 1813.9875   276.1099   426.50745 -640.4782 ]
2025-05-25 23:06:22,753 INFO =====> Num. aborted data so far: 0
2025-05-25 23:06:22,753 INFO ===========> Epoch: 17 optimisation losses
2025-05-25 23:06:22,753 INFO =====> EMD Loss: 19.976421
2025-05-25 23:06:22,753 INFO =====> Height map loss: 5.086800
2025-05-25 23:06:31,656 INFO ==> EMD Loss: 20.080441
2025-05-25 23:06:31,656 INFO ==> Height map loss:  5.095117
2025-05-25 23:06:40,868 INFO ==> EMD Loss: 20.053030
2025-05-25 23:06:40,868 INFO ==> Height map loss:  5.133086
2025-05-25 23:06:49,899 INFO ==> EMD Loss: 20.053963
2025-05-25 23:06:49,900 INFO ==> Height map loss:  5.134193
2025-05-25 23:06:58,979 INFO ==> EMD Loss: 20.042423
2025-05-25 23:06:58,979 INFO ==> Height map loss:  5.212253
2025-05-25 23:07:07,872 INFO ==> EMD Loss: 20.058516
2025-05-25 23:07:07,872 INFO ==> Height map loss:  5.247642
2025-05-25 23:07:27,291 INFO =====> Skill params: [-0.42815745  0.07099263  0.57312167 -0.22609894 -0.61328405]
2025-05-25 23:07:27,291 INFO =====> Grad: [ -946.2624  -2430.9697    276.88885  -322.42743   -83.11466]
2025-05-25 23:07:27,291 INFO =====> Num. aborted data so far: 0
2025-05-25 23:07:27,292 INFO ===========> Epoch: 18 optimisation losses
2025-05-25 23:07:27,292 INFO =====> EMD Loss: 19.971924
2025-05-25 23:07:27,292 INFO =====> Height map loss: 5.073669
2025-05-25 23:07:36,145 INFO ==> EMD Loss: 20.099792
2025-05-25 23:07:36,145 INFO ==> Height map loss:  5.094569
2025-05-25 23:07:45,155 INFO ==> EMD Loss: 20.134401
2025-05-25 23:07:45,155 INFO ==> Height map loss:  5.102865
2025-05-25 23:07:53,904 INFO ==> EMD Loss: 19.970062
2025-05-25 23:07:53,904 INFO ==> Height map loss:  5.228389
2025-05-25 23:08:02,659 INFO ==> EMD Loss: 20.281773
2025-05-25 23:08:02,659 INFO ==> Height map loss:  5.287959
2025-05-25 23:08:11,632 INFO ==> EMD Loss: 20.331373
2025-05-25 23:08:11,632 INFO ==> Height map loss:  5.305019
2025-05-25 23:08:31,084 INFO =====> Skill params: [-0.424388    0.07408039  0.5700939  -0.22413892 -0.61249876]
2025-05-25 23:08:31,084 INFO =====> Grad: [1005.03796  289.6063   322.3474   320.68353  413.4232 ]
2025-05-25 23:08:31,084 INFO =====> Num. aborted data so far: 0
2025-05-25 23:08:31,085 INFO ===========> Epoch: 19 optimisation losses
2025-05-25 23:08:31,085 INFO =====> EMD Loss: 19.960171
2025-05-25 23:08:31,085 INFO =====> Height map loss: 5.083309
2025-05-25 23:08:39,952 INFO ==> EMD Loss: 20.066956
2025-05-25 23:08:39,953 INFO ==> Height map loss:  5.095656
2025-05-25 23:08:48,764 INFO ==> EMD Loss: 19.890032
2025-05-25 23:08:48,764 INFO ==> Height map loss:  5.100768
2025-05-25 23:08:57,839 INFO ==> EMD Loss: 19.908031
2025-05-25 23:08:57,839 INFO ==> Height map loss:  5.091325
2025-05-25 23:09:06,578 INFO ==> EMD Loss: 19.995914
2025-05-25 23:09:06,578 INFO ==> Height map loss:  5.161640
2025-05-25 23:09:15,593 INFO ==> EMD Loss: 20.049902
2025-05-25 23:09:15,594 INFO ==> Height map loss:  5.264008
2025-05-25 23:09:24,455 INFO ===========> Finished training.
2025-05-25 23:09:24,455 INFO ====> Final EMD Loss: 19.922123
2025-05-25 23:09:24,455 INFO ====> Final Height map loss: 5.091320
2025-05-25 23:09:24,455 INFO ====> Final skill params: [-0.46294644  0.07020613  0.53549784 -0.24422191 -0.6502702 ]
