2024-12-09 23:06:00,416 DEBUG loaded <trimesh.Trimesh(vertices.shape=(916, 3), faces.shape=(856, 3))> using `load_obj` in 0.0029s
2024-12-09 23:06:00,558 DEBUG loaded <trimesh.Trimesh(vertices.shape=(48, 3), faces.shape=(28, 3))> using `load_obj` in 0.0007s
2024-12-09 23:07:03,796 INFO =====> Skill params: [ 1.    0.45  0.8   0.   -0.1 ]
2024-12-09 23:07:03,796 INFO =====> Grad: [-2.4347344e+03 -2.1138309e+02 -1.8981600e-05 -1.3404131e+03
 -4.2456177e-05]
2024-12-09 23:07:03,796 INFO =====> Num. aborted data so far: 0
2024-12-09 23:07:03,804 INFO ===========> Epoch: 0 optimisation losses
2024-12-09 23:07:03,804 INFO =====> EMD Loss: 18.919611
2024-12-09 23:07:03,804 INFO =====> Height map loss: 11.073714
2024-12-09 23:07:03,804 INFO =====> Insertion loss: 0.000000
2024-12-09 23:07:04,458 DEBUG loaded <trimesh.Trimesh(vertices.shape=(916, 3), faces.shape=(856, 3))> using `load_obj` in 0.0028s
2024-12-09 23:07:04,600 DEBUG loaded <trimesh.Trimesh(vertices.shape=(48, 3), faces.shape=(28, 3))> using `load_obj` in 0.0007s
2024-12-09 23:07:25,121 INFO ==> EMD Loss: 19.389708
2024-12-09 23:07:25,121 INFO ==> Height map loss:  10.923316
2024-12-09 23:07:25,121 INFO ==> Insertion loss: 0.000000
2024-12-09 23:07:25,745 DEBUG loaded <trimesh.Trimesh(vertices.shape=(916, 3), faces.shape=(856, 3))> using `load_obj` in 0.0029s
2024-12-09 23:07:25,888 DEBUG loaded <trimesh.Trimesh(vertices.shape=(48, 3), faces.shape=(28, 3))> using `load_obj` in 0.0007s
2024-12-09 23:07:47,120 INFO ==> EMD Loss: 19.261517
2024-12-09 23:07:47,120 INFO ==> Height map loss:  10.578955
2024-12-09 23:07:47,120 INFO ==> Insertion loss: 0.000000
2024-12-09 23:07:47,780 DEBUG loaded <trimesh.Trimesh(vertices.shape=(916, 3), faces.shape=(856, 3))> using `load_obj` in 0.0029s
2024-12-09 23:07:47,921 DEBUG loaded <trimesh.Trimesh(vertices.shape=(48, 3), faces.shape=(28, 3))> using `load_obj` in 0.0007s
2024-12-09 23:08:10,181 INFO ==> EMD Loss: 18.792208
2024-12-09 23:08:10,181 INFO ==> Height map loss:  10.018634
2024-12-09 23:08:10,182 INFO ==> Insertion loss: 0.000000
2024-12-09 23:08:10,811 DEBUG loaded <trimesh.Trimesh(vertices.shape=(916, 3), faces.shape=(856, 3))> using `load_obj` in 0.0029s
2024-12-09 23:08:10,952 DEBUG loaded <trimesh.Trimesh(vertices.shape=(48, 3), faces.shape=(28, 3))> using `load_obj` in 0.0007s
2024-12-09 23:08:34,032 INFO ==> EMD Loss: 18.454100
2024-12-09 23:08:34,032 INFO ==> Height map loss:  9.741283
2024-12-09 23:08:34,032 INFO ==> Insertion loss: 0.000000
2024-12-09 23:08:34,658 DEBUG loaded <trimesh.Trimesh(vertices.shape=(916, 3), faces.shape=(856, 3))> using `load_obj` in 0.0029s
2024-12-09 23:08:34,804 DEBUG loaded <trimesh.Trimesh(vertices.shape=(48, 3), faces.shape=(28, 3))> using `load_obj` in 0.0007s
2024-12-09 23:08:59,141 INFO ==> EMD Loss: 17.892311
2024-12-09 23:08:59,141 INFO ==> Height map loss:  9.140251
2024-12-09 23:08:59,141 INFO ==> Insertion loss: 0.000000
2024-12-09 23:08:59,766 DEBUG loaded <trimesh.Trimesh(vertices.shape=(916, 3), faces.shape=(856, 3))> using `load_obj` in 0.0029s
2024-12-09 23:08:59,908 DEBUG loaded <trimesh.Trimesh(vertices.shape=(48, 3), faces.shape=(28, 3))> using `load_obj` in 0.0007s
2024-12-09 23:10:17,289 INFO =====> Skill params: [ 1.          0.63973665  0.81197983  0.18973666 -0.07341605]
2024-12-09 23:10:17,289 INFO =====> Grad: [ 2.4266536e+03 -3.3864418e+01 -1.3437102e-05 -4.0945477e+02
  3.7667312e-06]
2024-12-09 23:10:17,289 INFO =====> Num. aborted data so far: 0
2024-12-09 23:10:17,297 INFO ===========> Epoch: 1 optimisation losses
2024-12-09 23:10:17,297 INFO =====> EMD Loss: 17.891882
2024-12-09 23:10:17,297 INFO =====> Height map loss: 9.139668
2024-12-09 23:10:17,297 INFO =====> Insertion loss: 0.000000
2024-12-09 23:10:17,949 DEBUG loaded <trimesh.Trimesh(vertices.shape=(916, 3), faces.shape=(856, 3))> using `load_obj` in 0.0029s
2024-12-09 23:10:18,094 DEBUG loaded <trimesh.Trimesh(vertices.shape=(48, 3), faces.shape=(28, 3))> using `load_obj` in 0.0007s
2024-12-09 23:10:42,314 INFO ==> EMD Loss: 17.906248
2024-12-09 23:10:42,314 INFO ==> Height map loss:  9.140655
2024-12-09 23:10:42,314 INFO ==> Insertion loss: 0.000000
2024-12-09 23:10:42,940 DEBUG loaded <trimesh.Trimesh(vertices.shape=(916, 3), faces.shape=(856, 3))> using `load_obj` in 0.0029s
2024-12-09 23:10:43,084 DEBUG loaded <trimesh.Trimesh(vertices.shape=(48, 3), faces.shape=(28, 3))> using `load_obj` in 0.0007s
2024-12-09 23:11:07,561 INFO ==> EMD Loss: 17.835609
2024-12-09 23:11:07,561 INFO ==> Height map loss:  9.064963
2024-12-09 23:11:07,561 INFO ==> Insertion loss: 0.000000
2024-12-09 23:11:08,198 DEBUG loaded <trimesh.Trimesh(vertices.shape=(916, 3), faces.shape=(856, 3))> using `load_obj` in 0.0029s
2024-12-09 23:11:08,342 DEBUG loaded <trimesh.Trimesh(vertices.shape=(48, 3), faces.shape=(28, 3))> using `load_obj` in 0.0007s
2024-12-09 23:11:32,828 INFO ==> EMD Loss: 17.701712
2024-12-09 23:11:32,828 INFO ==> Height map loss:  8.924577
2024-12-09 23:11:32,828 INFO ==> Insertion loss: 0.000000
2024-12-09 23:11:33,500 DEBUG loaded <trimesh.Trimesh(vertices.shape=(916, 3), faces.shape=(856, 3))> using `load_obj` in 0.0029s
2024-12-09 23:11:33,644 DEBUG loaded <trimesh.Trimesh(vertices.shape=(48, 3), faces.shape=(28, 3))> using `load_obj` in 0.0007s
2024-12-09 23:11:58,462 INFO ==> EMD Loss: 17.658262
2024-12-09 23:11:58,462 INFO ==> Height map loss:  8.723634
2024-12-09 23:11:58,462 INFO ==> Insertion loss: 0.000000
2024-12-09 23:11:59,093 DEBUG loaded <trimesh.Trimesh(vertices.shape=(916, 3), faces.shape=(856, 3))> using `load_obj` in 0.0029s
2024-12-09 23:11:59,239 DEBUG loaded <trimesh.Trimesh(vertices.shape=(48, 3), faces.shape=(28, 3))> using `load_obj` in 0.0007s
2024-12-09 23:12:24,010 INFO ==> EMD Loss: 17.492128
2024-12-09 23:12:24,010 INFO ==> Height map loss:  8.487996
2024-12-09 23:12:24,010 INFO ==> Insertion loss: 0.000000
2024-12-09 23:12:24,636 DEBUG loaded <trimesh.Trimesh(vertices.shape=(916, 3), faces.shape=(856, 3))> using `load_obj` in 0.0029s
2024-12-09 23:12:24,782 DEBUG loaded <trimesh.Trimesh(vertices.shape=(48, 3), faces.shape=(28, 3))> using `load_obj` in 0.0007s
2024-12-09 23:13:44,420 INFO =====> Skill params: [ 0.86256754  0.67133015  0.82090914  0.24789016 -0.07590195]
2024-12-09 23:13:44,420 INFO =====> Grad: [-2.6818467e+03  1.9674408e+03  4.3549153e-06 -1.3691039e+03
  8.1409984e-05]
2024-12-09 23:13:44,420 INFO =====> Num. aborted data so far: 0
2024-12-09 23:13:44,428 INFO ===========> Epoch: 2 optimisation losses
2024-12-09 23:13:44,428 INFO =====> EMD Loss: 17.491928
2024-12-09 23:13:44,428 INFO =====> Height map loss: 8.487203
2024-12-09 23:13:44,428 INFO =====> Insertion loss: 0.000000
2024-12-09 23:13:45,083 DEBUG loaded <trimesh.Trimesh(vertices.shape=(916, 3), faces.shape=(856, 3))> using `load_obj` in 0.0029s
2024-12-09 23:13:45,226 DEBUG loaded <trimesh.Trimesh(vertices.shape=(48, 3), faces.shape=(28, 3))> using `load_obj` in 0.0007s
2024-12-09 23:14:09,844 INFO ==> EMD Loss: 17.667589
2024-12-09 23:14:09,844 INFO ==> Height map loss:  8.611390
2024-12-09 23:14:09,844 INFO ==> Insertion loss: 0.000000
2024-12-09 23:14:10,470 DEBUG loaded <trimesh.Trimesh(vertices.shape=(916, 3), faces.shape=(856, 3))> using `load_obj` in 0.0029s
2024-12-09 23:14:10,615 DEBUG loaded <trimesh.Trimesh(vertices.shape=(48, 3), faces.shape=(28, 3))> using `load_obj` in 0.0007s
2024-12-09 23:14:34,430 INFO ==> EMD Loss: 17.975227
2024-12-09 23:14:34,430 INFO ==> Height map loss:  9.184417
2024-12-09 23:14:34,430 INFO ==> Insertion loss: 0.000000
2024-12-09 23:14:35,053 DEBUG loaded <trimesh.Trimesh(vertices.shape=(916, 3), faces.shape=(856, 3))> using `load_obj` in 0.0029s
2024-12-09 23:14:35,199 DEBUG loaded <trimesh.Trimesh(vertices.shape=(48, 3), faces.shape=(28, 3))> using `load_obj` in 0.0007s
2024-12-09 23:14:58,003 INFO ==> EMD Loss: 18.716074
2024-12-09 23:14:58,003 INFO ==> Height map loss:  9.904532
2024-12-09 23:14:58,003 INFO ==> Insertion loss: 0.000000
2024-12-09 23:14:58,629 DEBUG loaded <trimesh.Trimesh(vertices.shape=(916, 3), faces.shape=(856, 3))> using `load_obj` in 0.0028s
2024-12-09 23:14:58,776 DEBUG loaded <trimesh.Trimesh(vertices.shape=(48, 3), faces.shape=(28, 3))> using `load_obj` in 0.0007s
2024-12-09 23:15:20,511 INFO ==> EMD Loss: 19.487904
2024-12-09 23:15:20,512 INFO ==> Height map loss:  11.705220
2024-12-09 23:15:20,512 INFO ==> Insertion loss: 0.000000
2024-12-09 23:15:21,138 DEBUG loaded <trimesh.Trimesh(vertices.shape=(916, 3), faces.shape=(856, 3))> using `load_obj` in 0.0029s
2024-12-09 23:15:21,284 DEBUG loaded <trimesh.Trimesh(vertices.shape=(48, 3), faces.shape=(28, 3))> using `load_obj` in 0.0007s
2024-12-09 23:15:42,019 INFO ==> EMD Loss: 19.286585
2024-12-09 23:15:42,019 INFO ==> Height map loss:  12.774190
2024-12-09 23:15:42,019 INFO ==> Insertion loss: 0.000000
2024-12-09 23:15:42,689 DEBUG loaded <trimesh.Trimesh(vertices.shape=(916, 3), faces.shape=(856, 3))> using `load_obj` in 0.0029s
2024-12-09 23:15:42,837 DEBUG loaded <trimesh.Trimesh(vertices.shape=(48, 3), faces.shape=(28, 3))> using `load_obj` in 0.0007s
2024-12-09 23:17:01,957 INFO =====> Skill params: [ 0.86868554  0.6618886   0.8207566   0.25485203 -0.07861531]
2024-12-09 23:17:01,957 INFO =====> Grad: [ 2.6533774e+03 -2.0480999e+03 -7.5565572e-06  1.4848386e+03
 -5.5594279e-05]
2024-12-09 23:17:01,957 INFO =====> Num. aborted data so far: 0
2024-12-09 23:17:01,965 INFO ===========> Epoch: 3 optimisation losses
2024-12-09 23:17:01,965 INFO =====> EMD Loss: 17.667233
2024-12-09 23:17:01,965 INFO =====> Height map loss: 8.612241
2024-12-09 23:17:01,965 INFO =====> Insertion loss: 0.000000
2024-12-09 23:17:02,623 DEBUG loaded <trimesh.Trimesh(vertices.shape=(916, 3), faces.shape=(856, 3))> using `load_obj` in 0.0029s
2024-12-09 23:17:02,771 DEBUG loaded <trimesh.Trimesh(vertices.shape=(48, 3), faces.shape=(28, 3))> using `load_obj` in 0.0007s
2024-12-09 23:17:27,580 INFO ==> EMD Loss: 17.495880
2024-12-09 23:17:27,580 INFO ==> Height map loss:  8.490302
2024-12-09 23:17:27,580 INFO ==> Insertion loss: 0.000000
2024-12-09 23:17:28,206 DEBUG loaded <trimesh.Trimesh(vertices.shape=(916, 3), faces.shape=(856, 3))> using `load_obj` in 0.0029s
2024-12-09 23:17:28,351 DEBUG loaded <trimesh.Trimesh(vertices.shape=(48, 3), faces.shape=(28, 3))> using `load_obj` in 0.0007s
2024-12-09 23:17:53,628 INFO ==> EMD Loss: 17.387802
2024-12-09 23:17:53,628 INFO ==> Height map loss:  7.987972
2024-12-09 23:17:53,628 INFO ==> Insertion loss: 0.000000
2024-12-09 23:17:54,268 DEBUG loaded <trimesh.Trimesh(vertices.shape=(916, 3), faces.shape=(856, 3))> using `load_obj` in 0.0029s
2024-12-09 23:17:54,415 DEBUG loaded <trimesh.Trimesh(vertices.shape=(48, 3), faces.shape=(28, 3))> using `load_obj` in 0.0007s
2024-12-09 23:18:20,678 INFO ==> EMD Loss: 16.698462
2024-12-09 23:18:20,678 INFO ==> Height map loss:  7.232676
2024-12-09 23:18:20,678 INFO ==> Insertion loss: 0.000000
2024-12-09 23:18:21,308 DEBUG loaded <trimesh.Trimesh(vertices.shape=(916, 3), faces.shape=(856, 3))> using `load_obj` in 0.0030s
2024-12-09 23:18:21,458 DEBUG loaded <trimesh.Trimesh(vertices.shape=(48, 3), faces.shape=(28, 3))> using `load_obj` in 0.0007s
2024-12-09 23:18:48,345 INFO ==> EMD Loss: 16.374748
2024-12-09 23:18:48,345 INFO ==> Height map loss:  6.872795
2024-12-09 23:18:48,345 INFO ==> Insertion loss: 0.000000
2024-12-09 23:18:48,971 DEBUG loaded <trimesh.Trimesh(vertices.shape=(916, 3), faces.shape=(856, 3))> using `load_obj` in 0.0029s
2024-12-09 23:18:49,120 DEBUG loaded <trimesh.Trimesh(vertices.shape=(48, 3), faces.shape=(28, 3))> using `load_obj` in 0.0007s
2024-12-09 23:19:16,659 INFO ==> EMD Loss: 16.501337
2024-12-09 23:19:16,659 INFO ==> Height map loss:  6.686126
2024-12-09 23:19:16,659 INFO ==> Insertion loss: 0.000000
2024-12-09 23:19:17,288 DEBUG loaded <trimesh.Trimesh(vertices.shape=(916, 3), faces.shape=(856, 3))> using `load_obj` in 0.0029s
2024-12-09 23:19:17,435 DEBUG loaded <trimesh.Trimesh(vertices.shape=(48, 3), faces.shape=(28, 3))> using `load_obj` in 0.0007s
2024-12-09 23:20:46,409 INFO =====> Skill params: [ 0.76279664  0.8018216   0.82633287  0.13290596 -0.04035484]
2024-12-09 23:20:46,409 INFO =====> Grad: [ 2.7268684e+03 -1.1131002e+03 -4.6606451e-06  1.5378591e+03
 -5.3403692e-05]
2024-12-09 23:20:46,409 INFO =====> Num. aborted data so far: 0
2024-12-09 23:20:46,417 INFO ===========> Epoch: 4 optimisation losses
2024-12-09 23:20:46,417 INFO =====> EMD Loss: 16.498095
2024-12-09 23:20:46,417 INFO =====> Height map loss: 6.686386
2024-12-09 23:20:46,417 INFO =====> Insertion loss: 0.000000
2024-12-09 23:20:47,076 DEBUG loaded <trimesh.Trimesh(vertices.shape=(916, 3), faces.shape=(856, 3))> using `load_obj` in 0.0029s
2024-12-09 23:20:47,223 DEBUG loaded <trimesh.Trimesh(vertices.shape=(48, 3), faces.shape=(28, 3))> using `load_obj` in 0.0007s
2024-12-09 23:21:14,946 INFO ==> EMD Loss: 16.283609
2024-12-09 23:21:14,946 INFO ==> Height map loss:  6.745756
2024-12-09 23:21:14,946 INFO ==> Insertion loss: 0.000000
2024-12-09 23:21:15,578 DEBUG loaded <trimesh.Trimesh(vertices.shape=(916, 3), faces.shape=(856, 3))> using `load_obj` in 0.0029s
2024-12-09 23:21:15,725 DEBUG loaded <trimesh.Trimesh(vertices.shape=(48, 3), faces.shape=(28, 3))> using `load_obj` in 0.0007s
2024-12-09 23:21:43,729 INFO ==> EMD Loss: 16.178673
2024-12-09 23:21:43,729 INFO ==> Height map loss:  6.937783
2024-12-09 23:21:43,729 INFO ==> Insertion loss: 0.000000
2024-12-09 23:21:44,354 DEBUG loaded <trimesh.Trimesh(vertices.shape=(916, 3), faces.shape=(856, 3))> using `load_obj` in 0.0029s
2024-12-09 23:21:44,500 DEBUG loaded <trimesh.Trimesh(vertices.shape=(48, 3), faces.shape=(28, 3))> using `load_obj` in 0.0007s
2024-12-09 23:22:12,933 INFO ==> EMD Loss: 16.031549
2024-12-09 23:22:12,933 INFO ==> Height map loss:  6.955696
2024-12-09 23:22:12,933 INFO ==> Insertion loss: 0.000000
2024-12-09 23:22:13,566 DEBUG loaded <trimesh.Trimesh(vertices.shape=(916, 3), faces.shape=(856, 3))> using `load_obj` in 0.0029s
2024-12-09 23:22:13,711 DEBUG loaded <trimesh.Trimesh(vertices.shape=(48, 3), faces.shape=(28, 3))> using `load_obj` in 0.0007s
2024-12-09 23:22:42,566 INFO ==> EMD Loss: 16.033484
2024-12-09 23:22:42,567 INFO ==> Height map loss:  6.957771
2024-12-09 23:22:42,567 INFO ==> Insertion loss: 0.000000
2024-12-09 23:22:43,199 DEBUG loaded <trimesh.Trimesh(vertices.shape=(916, 3), faces.shape=(856, 3))> using `load_obj` in 0.0029s
2024-12-09 23:22:43,346 DEBUG loaded <trimesh.Trimesh(vertices.shape=(48, 3), faces.shape=(28, 3))> using `load_obj` in 0.0007s
2024-12-09 23:23:12,481 INFO ==> EMD Loss: 16.025021
2024-12-09 23:23:12,481 INFO ==> Height map loss:  6.951336
2024-12-09 23:23:12,481 INFO ==> Insertion loss: 0.000000
2024-12-09 23:23:13,116 DEBUG loaded <trimesh.Trimesh(vertices.shape=(916, 3), faces.shape=(856, 3))> using `load_obj` in 0.0029s
2024-12-09 23:23:13,265 DEBUG loaded <trimesh.Trimesh(vertices.shape=(48, 3), faces.shape=(28, 3))> using `load_obj` in 0.0007s
2024-12-09 23:24:42,970 INFO =====> Skill params: [ 0.7578885   0.8055138   0.8265141   0.12745692 -0.03845697]
2024-12-09 23:24:42,970 INFO =====> Grad: [ 2.7675264e+03 -1.4629698e+03 -2.4981482e-06  5.2029877e+02
  9.4994604e-05]
2024-12-09 23:24:42,970 INFO =====> Num. aborted data so far: 0
2024-12-09 23:24:42,978 INFO ===========> Epoch: 5 optimisation losses
2024-12-09 23:24:42,978 INFO =====> EMD Loss: 16.283716
2024-12-09 23:24:42,978 INFO =====> Height map loss: 6.745872
2024-12-09 23:24:42,978 INFO =====> Insertion loss: 0.000000
2024-12-09 23:24:43,636 DEBUG loaded <trimesh.Trimesh(vertices.shape=(916, 3), faces.shape=(856, 3))> using `load_obj` in 0.0030s
2024-12-09 23:24:43,783 DEBUG loaded <trimesh.Trimesh(vertices.shape=(48, 3), faces.shape=(28, 3))> using `load_obj` in 0.0007s
2024-12-09 23:25:11,600 INFO ==> EMD Loss: 16.161308
2024-12-09 23:25:11,600 INFO ==> Height map loss:  6.783924
2024-12-09 23:25:11,601 INFO ==> Insertion loss: 0.000000
2024-12-09 23:25:12,238 DEBUG loaded <trimesh.Trimesh(vertices.shape=(916, 3), faces.shape=(856, 3))> using `load_obj` in 0.0029s
2024-12-09 23:25:12,386 DEBUG loaded <trimesh.Trimesh(vertices.shape=(48, 3), faces.shape=(28, 3))> using `load_obj` in 0.0007s
2024-12-09 23:25:40,660 INFO ==> EMD Loss: 16.169729
2024-12-09 23:25:40,660 INFO ==> Height map loss:  6.935245
2024-12-09 23:25:40,660 INFO ==> Insertion loss: 0.000000
2024-12-09 23:25:41,303 DEBUG loaded <trimesh.Trimesh(vertices.shape=(916, 3), faces.shape=(856, 3))> using `load_obj` in 0.0029s
2024-12-09 23:25:41,453 DEBUG loaded <trimesh.Trimesh(vertices.shape=(48, 3), faces.shape=(28, 3))> using `load_obj` in 0.0007s
2024-12-09 23:26:09,948 INFO ==> EMD Loss: 16.154301
2024-12-09 23:26:09,948 INFO ==> Height map loss:  6.960499
2024-12-09 23:26:09,948 INFO ==> Insertion loss: 0.000000
2024-12-09 23:26:10,605 DEBUG loaded <trimesh.Trimesh(vertices.shape=(916, 3), faces.shape=(856, 3))> using `load_obj` in 0.0029s
2024-12-09 23:26:10,755 DEBUG loaded <trimesh.Trimesh(vertices.shape=(48, 3), faces.shape=(28, 3))> using `load_obj` in 0.0007s
2024-12-09 23:26:39,647 INFO ==> EMD Loss: 16.029383
2024-12-09 23:26:39,647 INFO ==> Height map loss:  6.958010
2024-12-09 23:26:39,647 INFO ==> Insertion loss: 0.000000
2024-12-09 23:26:40,290 DEBUG loaded <trimesh.Trimesh(vertices.shape=(916, 3), faces.shape=(856, 3))> using `load_obj` in 0.0029s
2024-12-09 23:26:40,438 DEBUG loaded <trimesh.Trimesh(vertices.shape=(48, 3), faces.shape=(28, 3))> using `load_obj` in 0.0007s
2024-12-09 23:27:09,840 INFO ==> EMD Loss: 16.024754
2024-12-09 23:27:09,840 INFO ==> Height map loss:  6.954935
2024-12-09 23:27:09,840 INFO ==> Insertion loss: 0.000000
2024-12-09 23:27:10,501 DEBUG loaded <trimesh.Trimesh(vertices.shape=(916, 3), faces.shape=(856, 3))> using `load_obj` in 0.0028s
2024-12-09 23:27:10,649 DEBUG loaded <trimesh.Trimesh(vertices.shape=(48, 3), faces.shape=(28, 3))> using `load_obj` in 0.0007s
2024-12-09 23:28:40,548 INFO =====> Skill params: [ 0.75329447  0.8100162   0.8266165   0.12555318 -0.04178879]
2024-12-09 23:28:40,548 INFO =====> Grad: [ 2.0444187e+03  4.3394434e+02  1.8899060e-05  6.9147833e+02
 -4.2061740e-05]
2024-12-09 23:28:40,548 INFO =====> Num. aborted data so far: 0
2024-12-09 23:28:40,556 INFO ===========> Epoch: 6 optimisation losses
2024-12-09 23:28:40,556 INFO =====> EMD Loss: 16.293419
2024-12-09 23:28:40,556 INFO =====> Height map loss: 6.783939
2024-12-09 23:28:40,556 INFO =====> Insertion loss: 0.000000
2024-12-09 23:28:41,227 DEBUG loaded <trimesh.Trimesh(vertices.shape=(916, 3), faces.shape=(856, 3))> using `load_obj` in 0.0029s
2024-12-09 23:28:41,373 DEBUG loaded <trimesh.Trimesh(vertices.shape=(48, 3), faces.shape=(28, 3))> using `load_obj` in 0.0007s
2024-12-09 23:29:09,060 INFO ==> EMD Loss: 16.286890
2024-12-09 23:29:09,060 INFO ==> Height map loss:  6.773182
2024-12-09 23:29:09,060 INFO ==> Insertion loss: 0.000000
2024-12-09 23:29:09,703 DEBUG loaded <trimesh.Trimesh(vertices.shape=(916, 3), faces.shape=(856, 3))> using `load_obj` in 0.0029s
2024-12-09 23:29:09,852 DEBUG loaded <trimesh.Trimesh(vertices.shape=(48, 3), faces.shape=(28, 3))> using `load_obj` in 0.0007s
2024-12-09 23:29:37,571 INFO ==> EMD Loss: 16.274876
2024-12-09 23:29:37,571 INFO ==> Height map loss:  6.770577
2024-12-09 23:29:37,571 INFO ==> Insertion loss: 0.000000
2024-12-09 23:29:38,204 DEBUG loaded <trimesh.Trimesh(vertices.shape=(916, 3), faces.shape=(856, 3))> using `load_obj` in 0.0029s
2024-12-09 23:29:38,354 DEBUG loaded <trimesh.Trimesh(vertices.shape=(48, 3), faces.shape=(28, 3))> using `load_obj` in 0.0007s
2024-12-09 23:30:06,137 INFO ==> EMD Loss: 16.257687
2024-12-09 23:30:06,137 INFO ==> Height map loss:  6.767328
2024-12-09 23:30:06,137 INFO ==> Insertion loss: 0.000000
2024-12-09 23:30:06,770 DEBUG loaded <trimesh.Trimesh(vertices.shape=(916, 3), faces.shape=(856, 3))> using `load_obj` in 0.0029s
2024-12-09 23:30:06,919 DEBUG loaded <trimesh.Trimesh(vertices.shape=(48, 3), faces.shape=(28, 3))> using `load_obj` in 0.0007s
2024-12-09 23:30:34,419 INFO ==> EMD Loss: 16.262726
2024-12-09 23:30:34,419 INFO ==> Height map loss:  6.750439
2024-12-09 23:30:34,420 INFO ==> Insertion loss: 0.000000
2024-12-09 23:30:35,057 DEBUG loaded <trimesh.Trimesh(vertices.shape=(916, 3), faces.shape=(856, 3))> using `load_obj` in 0.0028s
2024-12-09 23:30:35,205 DEBUG loaded <trimesh.Trimesh(vertices.shape=(48, 3), faces.shape=(28, 3))> using `load_obj` in 0.0007s
2024-12-09 23:31:02,552 INFO ==> EMD Loss: 16.196943
2024-12-09 23:31:02,552 INFO ==> Height map loss:  6.687614
2024-12-09 23:31:02,552 INFO ==> Insertion loss: 0.000000
2024-12-09 23:31:03,186 DEBUG loaded <trimesh.Trimesh(vertices.shape=(916, 3), faces.shape=(856, 3))> using `load_obj` in 0.0029s
2024-12-09 23:31:03,336 DEBUG loaded <trimesh.Trimesh(vertices.shape=(48, 3), faces.shape=(28, 3))> using `load_obj` in 0.0007s
2024-12-09 23:32:31,790 INFO =====> Skill params: [ 0.68635005  0.7821662   0.81034684  0.0742047  -0.01109732]
2024-12-09 23:32:31,790 INFO =====> Grad: [ 2.7638879e+03 -1.3450018e+03  8.5738984e-06  9.2639197e+02
 -4.9808554e-05]
2024-12-09 23:32:31,790 INFO =====> Num. aborted data so far: 0
2024-12-09 23:32:31,798 INFO ===========> Epoch: 7 optimisation losses
2024-12-09 23:32:31,798 INFO =====> EMD Loss: 16.196972
2024-12-09 23:32:31,798 INFO =====> Height map loss: 6.686872
2024-12-09 23:32:31,798 INFO =====> Insertion loss: 0.000000
2024-12-09 23:32:32,495 DEBUG loaded <trimesh.Trimesh(vertices.shape=(916, 3), faces.shape=(856, 3))> using `load_obj` in 0.0029s
2024-12-09 23:32:32,642 DEBUG loaded <trimesh.Trimesh(vertices.shape=(48, 3), faces.shape=(28, 3))> using `load_obj` in 0.0007s
2024-12-09 23:33:00,011 INFO ==> EMD Loss: 16.233154
2024-12-09 23:33:00,011 INFO ==> Height map loss:  6.709976
2024-12-09 23:33:00,011 INFO ==> Insertion loss: 0.000000
2024-12-09 23:33:00,646 DEBUG loaded <trimesh.Trimesh(vertices.shape=(916, 3), faces.shape=(856, 3))> using `load_obj` in 0.0029s
2024-12-09 23:33:00,795 DEBUG loaded <trimesh.Trimesh(vertices.shape=(48, 3), faces.shape=(28, 3))> using `load_obj` in 0.0007s
2024-12-09 23:33:28,595 INFO ==> EMD Loss: 16.041651
2024-12-09 23:33:28,595 INFO ==> Height map loss:  6.946348
2024-12-09 23:33:28,595 INFO ==> Insertion loss: 0.000000
2024-12-09 23:33:29,236 DEBUG loaded <trimesh.Trimesh(vertices.shape=(916, 3), faces.shape=(856, 3))> using `load_obj` in 0.0029s
2024-12-09 23:33:29,386 DEBUG loaded <trimesh.Trimesh(vertices.shape=(48, 3), faces.shape=(28, 3))> using `load_obj` in 0.0007s
2024-12-09 23:33:57,578 INFO ==> EMD Loss: 16.029922
2024-12-09 23:33:57,578 INFO ==> Height map loss:  6.957161
2024-12-09 23:33:57,578 INFO ==> Insertion loss: 0.000000
2024-12-09 23:33:58,218 DEBUG loaded <trimesh.Trimesh(vertices.shape=(916, 3), faces.shape=(856, 3))> using `load_obj` in 0.0029s
2024-12-09 23:33:58,366 DEBUG loaded <trimesh.Trimesh(vertices.shape=(48, 3), faces.shape=(28, 3))> using `load_obj` in 0.0007s
2024-12-09 23:34:27,149 INFO ==> EMD Loss: 16.026199
2024-12-09 23:34:27,149 INFO ==> Height map loss:  6.955872
2024-12-09 23:34:27,149 INFO ==> Insertion loss: 0.000000
2024-12-09 23:34:27,879 DEBUG loaded <trimesh.Trimesh(vertices.shape=(916, 3), faces.shape=(856, 3))> using `load_obj` in 0.0029s
2024-12-09 23:34:28,026 DEBUG loaded <trimesh.Trimesh(vertices.shape=(48, 3), faces.shape=(28, 3))> using `load_obj` in 0.0007s
2024-12-09 23:34:57,206 INFO ==> EMD Loss: 16.026798
2024-12-09 23:34:57,206 INFO ==> Height map loss:  6.954104
2024-12-09 23:34:57,206 INFO ==> Insertion loss: 0.000000
2024-12-09 23:34:57,849 DEBUG loaded <trimesh.Trimesh(vertices.shape=(916, 3), faces.shape=(856, 3))> using `load_obj` in 0.0029s
2024-12-09 23:34:57,996 DEBUG loaded <trimesh.Trimesh(vertices.shape=(48, 3), faces.shape=(28, 3))> using `load_obj` in 0.0007s
2024-12-09 23:36:26,356 INFO =====> Skill params: [ 0.68208843  0.78626835  0.80995816  0.07081791 -0.00921972]
2024-12-09 23:36:26,356 INFO =====> Grad: [ 2.7521975e+03 -1.3190929e+03 -1.9376823e-05  8.8829907e+02
 -3.8958988e-05]
2024-12-09 23:36:26,356 INFO =====> Num. aborted data so far: 0
2024-12-09 23:36:26,364 INFO ===========> Epoch: 8 optimisation losses
2024-12-09 23:36:26,364 INFO =====> EMD Loss: 16.233381
2024-12-09 23:36:26,364 INFO =====> Height map loss: 6.709714
2024-12-09 23:36:26,364 INFO =====> Insertion loss: 0.000000
2024-12-09 23:36:27,030 DEBUG loaded <trimesh.Trimesh(vertices.shape=(916, 3), faces.shape=(856, 3))> using `load_obj` in 0.0029s
2024-12-09 23:36:27,180 DEBUG loaded <trimesh.Trimesh(vertices.shape=(48, 3), faces.shape=(28, 3))> using `load_obj` in 0.0007s
2024-12-09 23:36:54,892 INFO ==> EMD Loss: 16.237812
2024-12-09 23:36:54,892 INFO ==> Height map loss:  6.763206
2024-12-09 23:36:54,892 INFO ==> Insertion loss: 0.000000
2024-12-09 23:36:55,528 DEBUG loaded <trimesh.Trimesh(vertices.shape=(916, 3), faces.shape=(856, 3))> using `load_obj` in 0.0029s
2024-12-09 23:36:55,674 DEBUG loaded <trimesh.Trimesh(vertices.shape=(48, 3), faces.shape=(28, 3))> using `load_obj` in 0.0007s
2024-12-09 23:37:23,483 INFO ==> EMD Loss: 16.025665
2024-12-09 23:37:23,483 INFO ==> Height map loss:  6.953059
2024-12-09 23:37:23,483 INFO ==> Insertion loss: 0.000000
2024-12-09 23:37:24,120 DEBUG loaded <trimesh.Trimesh(vertices.shape=(916, 3), faces.shape=(856, 3))> using `load_obj` in 0.0028s
2024-12-09 23:37:24,266 DEBUG loaded <trimesh.Trimesh(vertices.shape=(48, 3), faces.shape=(28, 3))> using `load_obj` in 0.0007s
2024-12-09 23:37:52,433 INFO ==> EMD Loss: 16.030128
2024-12-09 23:37:52,433 INFO ==> Height map loss:  6.956291
2024-12-09 23:37:52,433 INFO ==> Insertion loss: 0.000000
2024-12-09 23:37:53,067 DEBUG loaded <trimesh.Trimesh(vertices.shape=(916, 3), faces.shape=(856, 3))> using `load_obj` in 0.0029s
2024-12-09 23:37:53,213 DEBUG loaded <trimesh.Trimesh(vertices.shape=(48, 3), faces.shape=(28, 3))> using `load_obj` in 0.0007s
2024-12-09 23:38:21,846 INFO ==> EMD Loss: 16.026033
2024-12-09 23:38:21,846 INFO ==> Height map loss:  6.956395
2024-12-09 23:38:21,846 INFO ==> Insertion loss: 0.000000
2024-12-09 23:38:22,493 DEBUG loaded <trimesh.Trimesh(vertices.shape=(916, 3), faces.shape=(856, 3))> using `load_obj` in 0.0029s
2024-12-09 23:38:22,639 DEBUG loaded <trimesh.Trimesh(vertices.shape=(48, 3), faces.shape=(28, 3))> using `load_obj` in 0.0007s
2024-12-09 23:38:51,990 INFO ==> EMD Loss: 16.027063
2024-12-09 23:38:51,990 INFO ==> Height map loss:  6.953598
2024-12-09 23:38:51,990 INFO ==> Insertion loss: 0.000000
2024-12-09 23:38:52,625 DEBUG loaded <trimesh.Trimesh(vertices.shape=(916, 3), faces.shape=(856, 3))> using `load_obj` in 0.0029s
2024-12-09 23:38:52,771 DEBUG loaded <trimesh.Trimesh(vertices.shape=(48, 3), faces.shape=(28, 3))> using `load_obj` in 0.0007s
2024-12-09 23:40:21,585 INFO =====> Skill params: [ 0.67804253  0.7901399   0.8108797   0.06759793 -0.0076919 ]
2024-12-09 23:40:21,585 INFO =====> Grad: [ 2.7929800e+03 -9.6640051e+02 -2.0174204e-05  1.5818536e+02
  2.8820092e-05]
2024-12-09 23:40:21,585 INFO =====> Num. aborted data so far: 0
2024-12-09 23:40:21,593 INFO ===========> Epoch: 9 optimisation losses
2024-12-09 23:40:21,593 INFO =====> EMD Loss: 16.237829
2024-12-09 23:40:21,593 INFO =====> Height map loss: 6.763223
2024-12-09 23:40:21,593 INFO =====> Insertion loss: 0.000000
2024-12-09 23:40:22,258 DEBUG loaded <trimesh.Trimesh(vertices.shape=(916, 3), faces.shape=(856, 3))> using `load_obj` in 0.0029s
2024-12-09 23:40:22,404 DEBUG loaded <trimesh.Trimesh(vertices.shape=(48, 3), faces.shape=(28, 3))> using `load_obj` in 0.0007s
2024-12-09 23:40:49,988 INFO ==> EMD Loss: 16.137924
2024-12-09 23:40:49,988 INFO ==> Height map loss:  6.800611
2024-12-09 23:40:49,988 INFO ==> Insertion loss: 0.000000
2024-12-09 23:40:50,628 DEBUG loaded <trimesh.Trimesh(vertices.shape=(916, 3), faces.shape=(856, 3))> using `load_obj` in 0.0029s
2024-12-09 23:40:50,776 DEBUG loaded <trimesh.Trimesh(vertices.shape=(48, 3), faces.shape=(28, 3))> using `load_obj` in 0.0007s
2024-12-09 23:41:18,758 INFO ==> EMD Loss: 16.016466
2024-12-09 23:41:18,759 INFO ==> Height map loss:  6.939401
2024-12-09 23:41:18,759 INFO ==> Insertion loss: 0.000000
2024-12-09 23:41:19,399 DEBUG loaded <trimesh.Trimesh(vertices.shape=(916, 3), faces.shape=(856, 3))> using `load_obj` in 0.0030s
2024-12-09 23:41:19,544 DEBUG loaded <trimesh.Trimesh(vertices.shape=(48, 3), faces.shape=(28, 3))> using `load_obj` in 0.0007s
2024-12-09 23:41:47,634 INFO ==> EMD Loss: 16.031200
2024-12-09 23:41:47,634 INFO ==> Height map loss:  6.959073
2024-12-09 23:41:47,634 INFO ==> Insertion loss: 0.000000
2024-12-09 23:41:48,264 DEBUG loaded <trimesh.Trimesh(vertices.shape=(916, 3), faces.shape=(856, 3))> using `load_obj` in 0.0029s
2024-12-09 23:41:48,409 DEBUG loaded <trimesh.Trimesh(vertices.shape=(48, 3), faces.shape=(28, 3))> using `load_obj` in 0.0007s
2024-12-09 23:42:16,739 INFO ==> EMD Loss: 16.028704
2024-12-09 23:42:16,739 INFO ==> Height map loss:  6.955703
2024-12-09 23:42:16,739 INFO ==> Insertion loss: 0.000000
2024-12-09 23:42:17,371 DEBUG loaded <trimesh.Trimesh(vertices.shape=(916, 3), faces.shape=(856, 3))> using `load_obj` in 0.0028s
2024-12-09 23:42:17,517 DEBUG loaded <trimesh.Trimesh(vertices.shape=(48, 3), faces.shape=(28, 3))> using `load_obj` in 0.0007s
2024-12-09 23:42:46,157 INFO ==> EMD Loss: 16.028767
2024-12-09 23:42:46,157 INFO ==> Height map loss:  6.958845
2024-12-09 23:42:46,157 INFO ==> Insertion loss: 0.000000
2024-12-09 23:42:46,793 DEBUG loaded <trimesh.Trimesh(vertices.shape=(916, 3), faces.shape=(856, 3))> using `load_obj` in 0.0028s
2024-12-09 23:42:46,938 DEBUG loaded <trimesh.Trimesh(vertices.shape=(48, 3), faces.shape=(28, 3))> using `load_obj` in 0.0007s
2024-12-09 23:44:15,826 INFO =====> Skill params: [ 0.674105    0.79299146  0.81188536  0.06699473 -0.00887396]
2024-12-09 23:44:15,826 INFO =====> Grad: [2.0283064e+03 2.2642714e+02 1.7609533e-05 1.0034323e+03 2.4353998e-05]
2024-12-09 23:44:15,826 INFO =====> Num. aborted data so far: 0
2024-12-09 23:44:15,834 INFO ===========> Epoch: 10 optimisation losses
2024-12-09 23:44:15,834 INFO =====> EMD Loss: 16.137964
2024-12-09 23:44:15,834 INFO =====> Height map loss: 6.800628
2024-12-09 23:44:15,834 INFO =====> Insertion loss: 0.000000
2024-12-09 23:44:16,503 DEBUG loaded <trimesh.Trimesh(vertices.shape=(916, 3), faces.shape=(856, 3))> using `load_obj` in 0.0030s
2024-12-09 23:44:16,649 DEBUG loaded <trimesh.Trimesh(vertices.shape=(48, 3), faces.shape=(28, 3))> using `load_obj` in 0.0007s
2024-12-09 23:44:44,220 INFO ==> EMD Loss: 16.129759
2024-12-09 23:44:44,220 INFO ==> Height map loss:  6.810194
2024-12-09 23:44:44,220 INFO ==> Insertion loss: 0.000000
2024-12-09 23:44:44,875 DEBUG loaded <trimesh.Trimesh(vertices.shape=(916, 3), faces.shape=(856, 3))> using `load_obj` in 0.0029s
2024-12-09 23:44:45,021 DEBUG loaded <trimesh.Trimesh(vertices.shape=(48, 3), faces.shape=(28, 3))> using `load_obj` in 0.0007s
2024-12-09 23:45:12,537 INFO ==> EMD Loss: 16.136780
2024-12-09 23:45:12,537 INFO ==> Height map loss:  6.839754
2024-12-09 23:45:12,537 INFO ==> Insertion loss: 0.000000
2024-12-09 23:45:13,164 DEBUG loaded <trimesh.Trimesh(vertices.shape=(916, 3), faces.shape=(856, 3))> using `load_obj` in 0.0029s
2024-12-09 23:45:13,308 DEBUG loaded <trimesh.Trimesh(vertices.shape=(48, 3), faces.shape=(28, 3))> using `load_obj` in 0.0007s
2024-12-09 23:45:40,851 INFO ==> EMD Loss: 16.086058
2024-12-09 23:45:40,851 INFO ==> Height map loss:  6.786921
2024-12-09 23:45:40,851 INFO ==> Insertion loss: 0.000000
2024-12-09 23:45:41,485 DEBUG loaded <trimesh.Trimesh(vertices.shape=(916, 3), faces.shape=(856, 3))> using `load_obj` in 0.0028s
2024-12-09 23:45:41,631 DEBUG loaded <trimesh.Trimesh(vertices.shape=(48, 3), faces.shape=(28, 3))> using `load_obj` in 0.0007s
2024-12-09 23:46:08,826 INFO ==> EMD Loss: 16.028952
2024-12-09 23:46:08,826 INFO ==> Height map loss:  6.957399
2024-12-09 23:46:08,826 INFO ==> Insertion loss: 0.000000
2024-12-09 23:46:09,457 DEBUG loaded <trimesh.Trimesh(vertices.shape=(916, 3), faces.shape=(856, 3))> using `load_obj` in 0.0028s
2024-12-09 23:46:09,603 DEBUG loaded <trimesh.Trimesh(vertices.shape=(48, 3), faces.shape=(28, 3))> using `load_obj` in 0.0007s
2024-12-09 23:46:36,658 INFO ==> EMD Loss: 16.027845
2024-12-09 23:46:36,658 INFO ==> Height map loss:  6.952294
2024-12-09 23:46:36,658 INFO ==> Insertion loss: 0.000000
2024-12-09 23:46:37,298 DEBUG loaded <trimesh.Trimesh(vertices.shape=(916, 3), faces.shape=(856, 3))> using `load_obj` in 0.0029s
2024-12-09 23:46:37,445 DEBUG loaded <trimesh.Trimesh(vertices.shape=(48, 3), faces.shape=(28, 3))> using `load_obj` in 0.0007s
2024-12-09 23:48:05,867 INFO =====> Skill params: [ 0.64537805  0.7859682   0.80267614  0.02987704 -0.01933877]
2024-12-09 23:48:05,867 INFO =====> Grad: [-2.7659136e+03  1.2003610e+03  1.8418805e-05 -1.3844728e+03
 -3.8003225e-05]
2024-12-09 23:48:05,867 INFO =====> Num. aborted data so far: 0
2024-12-09 23:48:05,875 INFO ===========> Epoch: 11 optimisation losses
2024-12-09 23:48:05,875 INFO =====> EMD Loss: 16.086142
2024-12-09 23:48:05,875 INFO =====> Height map loss: 6.787042
2024-12-09 23:48:05,875 INFO =====> Insertion loss: 0.000000
2024-12-09 23:48:06,529 DEBUG loaded <trimesh.Trimesh(vertices.shape=(916, 3), faces.shape=(856, 3))> using `load_obj` in 0.0029s
2024-12-09 23:48:06,673 DEBUG loaded <trimesh.Trimesh(vertices.shape=(48, 3), faces.shape=(28, 3))> using `load_obj` in 0.0007s
2024-12-09 23:48:34,050 INFO ==> EMD Loss: 16.211840
2024-12-09 23:48:34,050 INFO ==> Height map loss:  6.729295
2024-12-09 23:48:34,050 INFO ==> Insertion loss: 0.000000
2024-12-09 23:48:34,681 DEBUG loaded <trimesh.Trimesh(vertices.shape=(916, 3), faces.shape=(856, 3))> using `load_obj` in 0.0029s
2024-12-09 23:48:34,829 DEBUG loaded <trimesh.Trimesh(vertices.shape=(48, 3), faces.shape=(28, 3))> using `load_obj` in 0.0007s
2024-12-09 23:49:01,942 INFO ==> EMD Loss: 16.191719
2024-12-09 23:49:01,942 INFO ==> Height map loss:  6.658537
2024-12-09 23:49:01,942 INFO ==> Insertion loss: 0.000000
2024-12-09 23:49:02,573 DEBUG loaded <trimesh.Trimesh(vertices.shape=(916, 3), faces.shape=(856, 3))> using `load_obj` in 0.0029s
2024-12-09 23:49:02,718 DEBUG loaded <trimesh.Trimesh(vertices.shape=(48, 3), faces.shape=(28, 3))> using `load_obj` in 0.0007s
2024-12-09 23:49:29,194 INFO ==> EMD Loss: 16.352491
2024-12-09 23:49:29,194 INFO ==> Height map loss:  6.721269
2024-12-09 23:49:29,194 INFO ==> Insertion loss: 0.000000
2024-12-09 23:49:29,823 DEBUG loaded <trimesh.Trimesh(vertices.shape=(916, 3), faces.shape=(856, 3))> using `load_obj` in 0.0029s
2024-12-09 23:49:29,970 DEBUG loaded <trimesh.Trimesh(vertices.shape=(48, 3), faces.shape=(28, 3))> using `load_obj` in 0.0007s
2024-12-09 23:49:56,256 INFO ==> EMD Loss: 16.390471
2024-12-09 23:49:56,256 INFO ==> Height map loss:  6.984645
2024-12-09 23:49:56,256 INFO ==> Insertion loss: 0.000000
2024-12-09 23:49:56,890 DEBUG loaded <trimesh.Trimesh(vertices.shape=(916, 3), faces.shape=(856, 3))> using `load_obj` in 0.0028s
2024-12-09 23:49:57,037 DEBUG loaded <trimesh.Trimesh(vertices.shape=(48, 3), faces.shape=(28, 3))> using `load_obj` in 0.0007s
2024-12-09 23:50:23,023 INFO ==> EMD Loss: 16.524942
2024-12-09 23:50:23,023 INFO ==> Height map loss:  7.118021
2024-12-09 23:50:23,023 INFO ==> Insertion loss: 0.000000
2024-12-09 23:50:23,667 DEBUG loaded <trimesh.Trimesh(vertices.shape=(916, 3), faces.shape=(856, 3))> using `load_obj` in 0.0029s
2024-12-09 23:50:23,815 DEBUG loaded <trimesh.Trimesh(vertices.shape=(48, 3), faces.shape=(28, 3))> using `load_obj` in 0.0007s
2024-12-09 23:51:50,925 INFO =====> Skill params: [ 0.66430885  0.76783526  0.7976283   0.05333637 -0.01087054]
2024-12-09 23:51:50,925 INFO =====> Grad: [-1.00609674e+03  4.96135773e+02 -2.74010745e-05  9.76501587e+02
 -1.12790804e-06]
2024-12-09 23:51:50,925 INFO =====> Num. aborted data so far: 0
2024-12-09 23:51:50,933 INFO ===========> Epoch: 12 optimisation losses
2024-12-09 23:51:50,933 INFO =====> EMD Loss: 16.189592
2024-12-09 23:51:50,933 INFO =====> Height map loss: 6.658607
2024-12-09 23:51:50,933 INFO =====> Insertion loss: 0.000000
2024-12-09 23:51:51,590 DEBUG loaded <trimesh.Trimesh(vertices.shape=(916, 3), faces.shape=(856, 3))> using `load_obj` in 0.0029s
2024-12-09 23:51:51,735 DEBUG loaded <trimesh.Trimesh(vertices.shape=(48, 3), faces.shape=(28, 3))> using `load_obj` in 0.0007s
2024-12-09 23:52:18,724 INFO ==> EMD Loss: 16.180857
2024-12-09 23:52:18,724 INFO ==> Height map loss:  6.645295
2024-12-09 23:52:18,724 INFO ==> Insertion loss: 0.000000
2024-12-09 23:52:19,427 DEBUG loaded <trimesh.Trimesh(vertices.shape=(916, 3), faces.shape=(856, 3))> using `load_obj` in 0.0030s
2024-12-09 23:52:19,573 DEBUG loaded <trimesh.Trimesh(vertices.shape=(48, 3), faces.shape=(28, 3))> using `load_obj` in 0.0007s
2024-12-09 23:52:46,487 INFO ==> EMD Loss: 16.320852
2024-12-09 23:52:46,487 INFO ==> Height map loss:  6.639965
2024-12-09 23:52:46,487 INFO ==> Insertion loss: 0.000000
2024-12-09 23:52:47,124 DEBUG loaded <trimesh.Trimesh(vertices.shape=(916, 3), faces.shape=(856, 3))> using `load_obj` in 0.0029s
2024-12-09 23:52:47,270 DEBUG loaded <trimesh.Trimesh(vertices.shape=(48, 3), faces.shape=(28, 3))> using `load_obj` in 0.0007s
2024-12-09 23:53:14,060 INFO ==> EMD Loss: 16.297108
2024-12-09 23:53:14,060 INFO ==> Height map loss:  6.622794
2024-12-09 23:53:14,060 INFO ==> Insertion loss: 0.000000
2024-12-09 23:53:14,722 DEBUG loaded <trimesh.Trimesh(vertices.shape=(916, 3), faces.shape=(856, 3))> using `load_obj` in 0.0029s
2024-12-09 23:53:14,868 DEBUG loaded <trimesh.Trimesh(vertices.shape=(48, 3), faces.shape=(28, 3))> using `load_obj` in 0.0007s
2024-12-09 23:53:41,668 INFO ==> EMD Loss: 16.346012
2024-12-09 23:53:41,669 INFO ==> Height map loss:  6.655138
2024-12-09 23:53:41,669 INFO ==> Insertion loss: 0.000000
2024-12-09 23:53:42,298 DEBUG loaded <trimesh.Trimesh(vertices.shape=(916, 3), faces.shape=(856, 3))> using `load_obj` in 0.0028s
2024-12-09 23:53:42,443 DEBUG loaded <trimesh.Trimesh(vertices.shape=(48, 3), faces.shape=(28, 3))> using `load_obj` in 0.0007s
2024-12-09 23:54:08,889 INFO ==> EMD Loss: 16.341711
2024-12-09 23:54:08,889 INFO ==> Height map loss:  6.680817
2024-12-09 23:54:08,889 INFO ==> Insertion loss: 0.000000
2024-12-09 23:54:09,523 DEBUG loaded <trimesh.Trimesh(vertices.shape=(916, 3), faces.shape=(856, 3))> using `load_obj` in 0.0029s
2024-12-09 23:54:09,668 DEBUG loaded <trimesh.Trimesh(vertices.shape=(48, 3), faces.shape=(28, 3))> using `load_obj` in 0.0007s
2024-12-09 23:55:44,360 INFO =====> Skill params: [ 0.6786589   0.75224966  0.8132437   0.02059655 -0.0103407 ]
2024-12-09 23:55:44,360 INFO =====> Grad: [-2.7585854e+03  1.4073485e+03  1.3034542e-05 -1.4820581e+02
  4.1869994e-06]
2024-12-09 23:55:44,360 INFO =====> Num. aborted data so far: 0
2024-12-09 23:55:44,368 INFO ===========> Epoch: 13 optimisation losses
2024-12-09 23:55:44,368 INFO =====> EMD Loss: 16.297003
2024-12-09 23:55:44,368 INFO =====> Height map loss: 6.622806
2024-12-09 23:55:44,368 INFO =====> Insertion loss: 0.000000
2024-12-09 23:55:45,064 DEBUG loaded <trimesh.Trimesh(vertices.shape=(916, 3), faces.shape=(856, 3))> using `load_obj` in 0.0029s
2024-12-09 23:55:45,213 DEBUG loaded <trimesh.Trimesh(vertices.shape=(48, 3), faces.shape=(28, 3))> using `load_obj` in 0.0007s
2024-12-09 23:56:11,785 INFO ==> EMD Loss: 16.342756
2024-12-09 23:56:11,785 INFO ==> Height map loss:  6.666940
2024-12-09 23:56:11,785 INFO ==> Insertion loss: 0.000000
2024-12-09 23:56:12,418 DEBUG loaded <trimesh.Trimesh(vertices.shape=(916, 3), faces.shape=(856, 3))> using `load_obj` in 0.0029s
2024-12-09 23:56:12,565 DEBUG loaded <trimesh.Trimesh(vertices.shape=(48, 3), faces.shape=(28, 3))> using `load_obj` in 0.0007s
2024-12-09 23:56:38,848 INFO ==> EMD Loss: 16.515402
2024-12-09 23:56:38,848 INFO ==> Height map loss:  6.878347
2024-12-09 23:56:38,848 INFO ==> Insertion loss: 0.000000
2024-12-09 23:56:39,481 DEBUG loaded <trimesh.Trimesh(vertices.shape=(916, 3), faces.shape=(856, 3))> using `load_obj` in 0.0029s
2024-12-09 23:56:39,628 DEBUG loaded <trimesh.Trimesh(vertices.shape=(48, 3), faces.shape=(28, 3))> using `load_obj` in 0.0007s
2024-12-09 23:57:05,470 INFO ==> EMD Loss: 16.448944
2024-12-09 23:57:05,471 INFO ==> Height map loss:  7.196348
2024-12-09 23:57:05,471 INFO ==> Insertion loss: 0.000000
2024-12-09 23:57:06,104 DEBUG loaded <trimesh.Trimesh(vertices.shape=(916, 3), faces.shape=(856, 3))> using `load_obj` in 0.0029s
2024-12-09 23:57:06,250 DEBUG loaded <trimesh.Trimesh(vertices.shape=(48, 3), faces.shape=(28, 3))> using `load_obj` in 0.0007s
2024-12-09 23:57:31,765 INFO ==> EMD Loss: 16.726511
2024-12-09 23:57:31,765 INFO ==> Height map loss:  7.483795
2024-12-09 23:57:31,765 INFO ==> Insertion loss: 0.000000
2024-12-09 23:57:32,442 DEBUG loaded <trimesh.Trimesh(vertices.shape=(916, 3), faces.shape=(856, 3))> using `load_obj` in 0.0029s
2024-12-09 23:57:32,590 DEBUG loaded <trimesh.Trimesh(vertices.shape=(48, 3), faces.shape=(28, 3))> using `load_obj` in 0.0007s
2024-12-09 23:57:57,558 INFO ==> EMD Loss: 16.983374
2024-12-09 23:57:57,558 INFO ==> Height map loss:  7.671921
2024-12-09 23:57:57,558 INFO ==> Insertion loss: 0.000000
2024-12-09 23:57:58,284 DEBUG loaded <trimesh.Trimesh(vertices.shape=(916, 3), faces.shape=(856, 3))> using `load_obj` in 0.0029s
2024-12-09 23:57:58,430 DEBUG loaded <trimesh.Trimesh(vertices.shape=(48, 3), faces.shape=(28, 3))> using `load_obj` in 0.0007s
2024-12-09 23:59:24,082 INFO =====> Skill params: [ 0.68245906  0.7480669   0.81246334  0.02111953 -0.01054798]
2024-12-09 23:59:24,082 INFO =====> Grad: [ 2.7712146e+03 -1.3512515e+03  2.9152466e-06  1.2409684e+03
 -1.0173796e-05]
2024-12-09 23:59:24,082 INFO =====> Num. aborted data so far: 0
2024-12-09 23:59:24,091 INFO ===========> Epoch: 14 optimisation losses
2024-12-09 23:59:24,091 INFO =====> EMD Loss: 16.342697
2024-12-09 23:59:24,091 INFO =====> Height map loss: 6.666676
2024-12-09 23:59:24,091 INFO =====> Insertion loss: 0.000000
2024-12-09 23:59:24,752 DEBUG loaded <trimesh.Trimesh(vertices.shape=(916, 3), faces.shape=(856, 3))> using `load_obj` in 0.0030s
2024-12-09 23:59:24,899 DEBUG loaded <trimesh.Trimesh(vertices.shape=(48, 3), faces.shape=(28, 3))> using `load_obj` in 0.0007s
2024-12-09 23:59:51,672 INFO ==> EMD Loss: 16.320751
2024-12-09 23:59:51,672 INFO ==> Height map loss:  6.618829
2024-12-09 23:59:51,672 INFO ==> Insertion loss: 0.000000
2024-12-09 23:59:52,310 DEBUG loaded <trimesh.Trimesh(vertices.shape=(916, 3), faces.shape=(856, 3))> using `load_obj` in 0.0029s
2024-12-09 23:59:52,457 DEBUG loaded <trimesh.Trimesh(vertices.shape=(48, 3), faces.shape=(28, 3))> using `load_obj` in 0.0007s
2024-12-10 00:00:19,525 INFO ==> EMD Loss: 16.137455
2024-12-10 00:00:19,525 INFO ==> Height map loss:  6.563393
2024-12-10 00:00:19,525 INFO ==> Insertion loss: 0.000000
2024-12-10 00:00:20,204 DEBUG loaded <trimesh.Trimesh(vertices.shape=(916, 3), faces.shape=(856, 3))> using `load_obj` in 0.0031s
2024-12-10 00:00:20,353 DEBUG loaded <trimesh.Trimesh(vertices.shape=(48, 3), faces.shape=(28, 3))> using `load_obj` in 0.0007s
2024-12-10 00:00:47,786 INFO ==> EMD Loss: 16.026758
2024-12-10 00:00:47,786 INFO ==> Height map loss:  6.952870
2024-12-10 00:00:47,786 INFO ==> Insertion loss: 0.000000
2024-12-10 00:00:48,430 DEBUG loaded <trimesh.Trimesh(vertices.shape=(916, 3), faces.shape=(856, 3))> using `load_obj` in 0.0028s
2024-12-10 00:00:48,579 DEBUG loaded <trimesh.Trimesh(vertices.shape=(48, 3), faces.shape=(28, 3))> using `load_obj` in 0.0007s
2024-12-10 00:01:16,609 INFO ==> EMD Loss: 16.026564
2024-12-10 00:01:16,609 INFO ==> Height map loss:  6.953751
2024-12-10 00:01:16,609 INFO ==> Insertion loss: 0.000000
2024-12-10 00:01:17,250 DEBUG loaded <trimesh.Trimesh(vertices.shape=(916, 3), faces.shape=(856, 3))> using `load_obj` in 0.0029s
2024-12-10 00:01:17,396 DEBUG loaded <trimesh.Trimesh(vertices.shape=(48, 3), faces.shape=(28, 3))> using `load_obj` in 0.0007s
2024-12-10 00:01:45,740 INFO ==> EMD Loss: 16.024708
2024-12-10 00:01:45,740 INFO ==> Height map loss:  6.952281
2024-12-10 00:01:45,740 INFO ==> Insertion loss: 0.000000
2024-12-10 00:01:46,382 DEBUG loaded <trimesh.Trimesh(vertices.shape=(916, 3), faces.shape=(856, 3))> using `load_obj` in 0.0029s
2024-12-10 00:01:46,531 DEBUG loaded <trimesh.Trimesh(vertices.shape=(48, 3), faces.shape=(28, 3))> using `load_obj` in 0.0007s
2024-12-10 00:03:13,811 INFO =====> Skill params: [ 6.6393626e-01  7.6739621e-01  8.1154370e-01  3.6604889e-04
 -7.8977039e-03]
2024-12-10 00:03:13,812 INFO =====> Grad: [-2.0224741e+03 -7.4230688e+02  5.1403636e-05 -1.4448013e+03
 -9.8648743e-06]
2024-12-10 00:03:13,812 INFO =====> Num. aborted data so far: 0
2024-12-10 00:03:13,820 INFO ===========> Epoch: 15 optimisation losses
2024-12-10 00:03:13,820 INFO =====> EMD Loss: 16.137392
2024-12-10 00:03:13,820 INFO =====> Height map loss: 6.563310
2024-12-10 00:03:13,820 INFO =====> Insertion loss: 0.000000
2024-12-10 00:03:14,494 DEBUG loaded <trimesh.Trimesh(vertices.shape=(916, 3), faces.shape=(856, 3))> using `load_obj` in 0.0029s
2024-12-10 00:03:14,639 DEBUG loaded <trimesh.Trimesh(vertices.shape=(48, 3), faces.shape=(28, 3))> using `load_obj` in 0.0007s
2024-12-10 00:03:41,735 INFO ==> EMD Loss: 16.137045
2024-12-10 00:03:41,735 INFO ==> Height map loss:  6.573319
2024-12-10 00:03:41,735 INFO ==> Insertion loss: 0.000000
2024-12-10 00:03:42,377 DEBUG loaded <trimesh.Trimesh(vertices.shape=(916, 3), faces.shape=(856, 3))> using `load_obj` in 0.0029s
2024-12-10 00:03:42,525 DEBUG loaded <trimesh.Trimesh(vertices.shape=(48, 3), faces.shape=(28, 3))> using `load_obj` in 0.0007s
2024-12-10 00:04:09,662 INFO ==> EMD Loss: 16.139790
2024-12-10 00:04:09,662 INFO ==> Height map loss:  6.899466
2024-12-10 00:04:09,663 INFO ==> Insertion loss: 0.000000
2024-12-10 00:04:10,300 DEBUG loaded <trimesh.Trimesh(vertices.shape=(916, 3), faces.shape=(856, 3))> using `load_obj` in 0.0029s
2024-12-10 00:04:10,448 DEBUG loaded <trimesh.Trimesh(vertices.shape=(48, 3), faces.shape=(28, 3))> using `load_obj` in 0.0007s
2024-12-10 00:04:37,867 INFO ==> EMD Loss: 16.043659
2024-12-10 00:04:37,867 INFO ==> Height map loss:  6.949929
2024-12-10 00:04:37,867 INFO ==> Insertion loss: 0.000000
2024-12-10 00:04:38,505 DEBUG loaded <trimesh.Trimesh(vertices.shape=(916, 3), faces.shape=(856, 3))> using `load_obj` in 0.0029s
2024-12-10 00:04:38,650 DEBUG loaded <trimesh.Trimesh(vertices.shape=(48, 3), faces.shape=(28, 3))> using `load_obj` in 0.0007s
2024-12-10 00:05:06,319 INFO ==> EMD Loss: 16.152903
2024-12-10 00:05:06,319 INFO ==> Height map loss:  6.939320
2024-12-10 00:05:06,319 INFO ==> Insertion loss: 0.000000
2024-12-10 00:05:06,957 DEBUG loaded <trimesh.Trimesh(vertices.shape=(916, 3), faces.shape=(856, 3))> using `load_obj` in 0.0028s
2024-12-10 00:05:07,100 DEBUG loaded <trimesh.Trimesh(vertices.shape=(48, 3), faces.shape=(28, 3))> using `load_obj` in 0.0007s
2024-12-10 00:05:35,235 INFO ==> EMD Loss: 16.156504
2024-12-10 00:05:35,235 INFO ==> Height map loss:  6.943914
2024-12-10 00:05:35,235 INFO ==> Insertion loss: 0.000000
2024-12-10 00:05:35,877 DEBUG loaded <trimesh.Trimesh(vertices.shape=(916, 3), faces.shape=(856, 3))> using `load_obj` in 0.0028s
2024-12-10 00:05:36,022 DEBUG loaded <trimesh.Trimesh(vertices.shape=(48, 3), faces.shape=(28, 3))> using `load_obj` in 0.0007s
2024-12-10 00:07:13,322 INFO =====> Skill params: [ 0.6666657   0.76957494  0.8083276   0.00485389 -0.00735683]
2024-12-10 00:07:13,323 INFO =====> Grad: [ 7.8309851e+02 -1.4520509e+03 -8.1201433e-06  4.7651242e+02
  2.2038037e-06]
2024-12-10 00:07:13,323 INFO =====> Num. aborted data so far: 0
2024-12-10 00:07:13,330 INFO ===========> Epoch: 16 optimisation losses
2024-12-10 00:07:13,331 INFO =====> EMD Loss: 16.136946
2024-12-10 00:07:13,331 INFO =====> Height map loss: 6.573267
2024-12-10 00:07:13,331 INFO =====> Insertion loss: 0.000000
2024-12-10 00:07:14,045 DEBUG loaded <trimesh.Trimesh(vertices.shape=(916, 3), faces.shape=(856, 3))> using `load_obj` in 0.0029s
2024-12-10 00:07:14,192 DEBUG loaded <trimesh.Trimesh(vertices.shape=(48, 3), faces.shape=(28, 3))> using `load_obj` in 0.0007s
2024-12-10 00:07:41,433 INFO ==> EMD Loss: 16.171309
2024-12-10 00:07:41,433 INFO ==> Height map loss:  6.629824
2024-12-10 00:07:41,433 INFO ==> Insertion loss: 0.000000
2024-12-10 00:07:42,073 DEBUG loaded <trimesh.Trimesh(vertices.shape=(916, 3), faces.shape=(856, 3))> using `load_obj` in 0.0029s
2024-12-10 00:07:42,220 DEBUG loaded <trimesh.Trimesh(vertices.shape=(48, 3), faces.shape=(28, 3))> using `load_obj` in 0.0007s
2024-12-10 00:08:09,727 INFO ==> EMD Loss: 16.028051
2024-12-10 00:08:09,727 INFO ==> Height map loss:  6.953673
2024-12-10 00:08:09,727 INFO ==> Insertion loss: 0.000000
2024-12-10 00:08:10,379 DEBUG loaded <trimesh.Trimesh(vertices.shape=(916, 3), faces.shape=(856, 3))> using `load_obj` in 0.0029s
2024-12-10 00:08:10,526 DEBUG loaded <trimesh.Trimesh(vertices.shape=(48, 3), faces.shape=(28, 3))> using `load_obj` in 0.0007s
2024-12-10 00:08:38,489 INFO ==> EMD Loss: 16.027218
2024-12-10 00:08:38,489 INFO ==> Height map loss:  6.955297
2024-12-10 00:08:38,489 INFO ==> Insertion loss: 0.000000
2024-12-10 00:08:39,168 DEBUG loaded <trimesh.Trimesh(vertices.shape=(916, 3), faces.shape=(856, 3))> using `load_obj` in 0.0029s
2024-12-10 00:08:39,315 DEBUG loaded <trimesh.Trimesh(vertices.shape=(48, 3), faces.shape=(28, 3))> using `load_obj` in 0.0007s
2024-12-10 00:09:07,585 INFO ==> EMD Loss: 16.026733
2024-12-10 00:09:07,585 INFO ==> Height map loss:  6.954404
2024-12-10 00:09:07,585 INFO ==> Insertion loss: 0.000000
2024-12-10 00:09:08,221 DEBUG loaded <trimesh.Trimesh(vertices.shape=(916, 3), faces.shape=(856, 3))> using `load_obj` in 0.0029s
2024-12-10 00:09:08,365 DEBUG loaded <trimesh.Trimesh(vertices.shape=(48, 3), faces.shape=(28, 3))> using `load_obj` in 0.0007s
2024-12-10 00:09:37,080 INFO ==> EMD Loss: 16.025953
2024-12-10 00:09:37,080 INFO ==> Height map loss:  6.951890
2024-12-10 00:09:37,080 INFO ==> Insertion loss: 0.000000
2024-12-10 00:09:37,748 DEBUG loaded <trimesh.Trimesh(vertices.shape=(916, 3), faces.shape=(856, 3))> using `load_obj` in 0.0029s
2024-12-10 00:09:37,896 DEBUG loaded <trimesh.Trimesh(vertices.shape=(48, 3), faces.shape=(28, 3))> using `load_obj` in 0.0007s
2024-12-10 00:11:05,707 INFO =====> Skill params: [ 0.6655593   0.77363515  0.80886227  0.00331437 -0.00748418]
2024-12-10 00:11:05,707 INFO =====> Grad: [-2.0467756e+03  1.2599023e+03  3.6626324e-07 -1.0151674e+03
 -8.3110499e-06]
2024-12-10 00:11:05,707 INFO =====> Num. aborted data so far: 0
2024-12-10 00:11:05,715 INFO ===========> Epoch: 17 optimisation losses
2024-12-10 00:11:05,715 INFO =====> EMD Loss: 16.171288
2024-12-10 00:11:05,715 INFO =====> Height map loss: 6.629836
2024-12-10 00:11:05,715 INFO =====> Insertion loss: 0.000000
2024-12-10 00:11:06,389 DEBUG loaded <trimesh.Trimesh(vertices.shape=(916, 3), faces.shape=(856, 3))> using `load_obj` in 0.0028s
2024-12-10 00:11:06,534 DEBUG loaded <trimesh.Trimesh(vertices.shape=(48, 3), faces.shape=(28, 3))> using `load_obj` in 0.0007s
2024-12-10 00:11:33,743 INFO ==> EMD Loss: 16.153896
2024-12-10 00:11:33,743 INFO ==> Height map loss:  6.574698
2024-12-10 00:11:33,743 INFO ==> Insertion loss: 0.000000
2024-12-10 00:11:34,431 DEBUG loaded <trimesh.Trimesh(vertices.shape=(916, 3), faces.shape=(856, 3))> using `load_obj` in 0.0029s
2024-12-10 00:11:34,580 DEBUG loaded <trimesh.Trimesh(vertices.shape=(48, 3), faces.shape=(28, 3))> using `load_obj` in 0.0007s
2024-12-10 00:12:01,361 INFO ==> EMD Loss: 16.317562
2024-12-10 00:12:01,361 INFO ==> Height map loss:  6.616658
2024-12-10 00:12:01,362 INFO ==> Insertion loss: 0.000000
2024-12-10 00:12:01,995 DEBUG loaded <trimesh.Trimesh(vertices.shape=(916, 3), faces.shape=(856, 3))> using `load_obj` in 0.0029s
2024-12-10 00:12:02,141 DEBUG loaded <trimesh.Trimesh(vertices.shape=(48, 3), faces.shape=(28, 3))> using `load_obj` in 0.0007s
2024-12-10 00:12:28,610 INFO ==> EMD Loss: 16.416370
2024-12-10 00:12:28,610 INFO ==> Height map loss:  6.810498
2024-12-10 00:12:28,610 INFO ==> Insertion loss: 0.000000
2024-12-10 00:12:29,249 DEBUG loaded <trimesh.Trimesh(vertices.shape=(916, 3), faces.shape=(856, 3))> using `load_obj` in 0.0028s
2024-12-10 00:12:29,394 DEBUG loaded <trimesh.Trimesh(vertices.shape=(48, 3), faces.shape=(28, 3))> using `load_obj` in 0.0007s
2024-12-10 00:12:55,586 INFO ==> EMD Loss: 16.399151
2024-12-10 00:12:55,586 INFO ==> Height map loss:  7.097643
2024-12-10 00:12:55,586 INFO ==> Insertion loss: 0.000000
2024-12-10 00:12:56,224 DEBUG loaded <trimesh.Trimesh(vertices.shape=(916, 3), faces.shape=(856, 3))> using `load_obj` in 0.0029s
2024-12-10 00:12:56,369 DEBUG loaded <trimesh.Trimesh(vertices.shape=(48, 3), faces.shape=(28, 3))> using `load_obj` in 0.0007s
2024-12-10 00:13:22,131 INFO ==> EMD Loss: 16.717110
2024-12-10 00:13:22,131 INFO ==> Height map loss:  7.284677
2024-12-10 00:13:22,131 INFO ==> Insertion loss: 0.000000
2024-12-10 00:13:22,765 DEBUG loaded <trimesh.Trimesh(vertices.shape=(916, 3), faces.shape=(856, 3))> using `load_obj` in 0.0029s
2024-12-10 00:13:22,911 DEBUG loaded <trimesh.Trimesh(vertices.shape=(48, 3), faces.shape=(28, 3))> using `load_obj` in 0.0007s
2024-12-10 00:14:50,168 INFO =====> Skill params: [ 0.6684613   0.7701771   0.8088369   0.00656263 -0.00697865]
2024-12-10 00:14:50,168 INFO =====> Grad: [ 2.7565679e+03 -1.1246382e+03  2.4705245e-05  1.0731414e+03
 -2.4812898e-05]
2024-12-10 00:14:50,168 INFO =====> Num. aborted data so far: 0
2024-12-10 00:14:50,176 INFO ===========> Epoch: 18 optimisation losses
2024-12-10 00:14:50,176 INFO =====> EMD Loss: 16.153740
2024-12-10 00:14:50,176 INFO =====> Height map loss: 6.574670
2024-12-10 00:14:50,176 INFO =====> Insertion loss: 0.000000
2024-12-10 00:14:50,870 DEBUG loaded <trimesh.Trimesh(vertices.shape=(916, 3), faces.shape=(856, 3))> using `load_obj` in 0.0030s
2024-12-10 00:14:51,015 DEBUG loaded <trimesh.Trimesh(vertices.shape=(48, 3), faces.shape=(28, 3))> using `load_obj` in 0.0007s
2024-12-10 00:15:18,270 INFO ==> EMD Loss: 16.167702
2024-12-10 00:15:18,270 INFO ==> Height map loss:  6.622387
2024-12-10 00:15:18,270 INFO ==> Insertion loss: 0.000000
2024-12-10 00:15:18,909 DEBUG loaded <trimesh.Trimesh(vertices.shape=(916, 3), faces.shape=(856, 3))> using `load_obj` in 0.0029s
2024-12-10 00:15:19,056 DEBUG loaded <trimesh.Trimesh(vertices.shape=(48, 3), faces.shape=(28, 3))> using `load_obj` in 0.0007s
2024-12-10 00:15:46,429 INFO ==> EMD Loss: 16.026773
2024-12-10 00:15:46,429 INFO ==> Height map loss:  6.952078
2024-12-10 00:15:46,429 INFO ==> Insertion loss: 0.000000
2024-12-10 00:15:47,067 DEBUG loaded <trimesh.Trimesh(vertices.shape=(916, 3), faces.shape=(856, 3))> using `load_obj` in 0.0028s
2024-12-10 00:15:47,212 DEBUG loaded <trimesh.Trimesh(vertices.shape=(48, 3), faces.shape=(28, 3))> using `load_obj` in 0.0007s
2024-12-10 00:16:14,892 INFO ==> EMD Loss: 16.027515
2024-12-10 00:16:14,892 INFO ==> Height map loss:  6.957557
2024-12-10 00:16:14,892 INFO ==> Insertion loss: 0.000000
2024-12-10 00:16:15,536 DEBUG loaded <trimesh.Trimesh(vertices.shape=(916, 3), faces.shape=(856, 3))> using `load_obj` in 0.0029s
2024-12-10 00:16:15,682 DEBUG loaded <trimesh.Trimesh(vertices.shape=(48, 3), faces.shape=(28, 3))> using `load_obj` in 0.0007s
2024-12-10 00:16:43,873 INFO ==> EMD Loss: 16.025703
2024-12-10 00:16:43,873 INFO ==> Height map loss:  6.953806
2024-12-10 00:16:43,873 INFO ==> Insertion loss: 0.000000
2024-12-10 00:16:44,519 DEBUG loaded <trimesh.Trimesh(vertices.shape=(916, 3), faces.shape=(856, 3))> using `load_obj` in 0.0029s
2024-12-10 00:16:44,664 DEBUG loaded <trimesh.Trimesh(vertices.shape=(48, 3), faces.shape=(28, 3))> using `load_obj` in 0.0007s
2024-12-10 00:17:13,083 INFO ==> EMD Loss: 16.027351
2024-12-10 00:17:13,083 INFO ==> Height map loss:  6.953022
2024-12-10 00:17:13,083 INFO ==> Insertion loss: 0.000000
2024-12-10 00:17:13,718 DEBUG loaded <trimesh.Trimesh(vertices.shape=(916, 3), faces.shape=(856, 3))> using `load_obj` in 0.0029s
2024-12-10 00:17:13,865 DEBUG loaded <trimesh.Trimesh(vertices.shape=(48, 3), faces.shape=(28, 3))> using `load_obj` in 0.0007s
2024-12-10 00:18:41,565 INFO =====> Skill params: [ 0.66468245  0.7732549   0.80706143  0.0031809  -0.00540964]
2024-12-10 00:18:41,565 INFO =====> Grad: [ 1.2798716e+03 -4.9654654e+02  1.5101057e-05 -1.1077567e+03
  6.0494360e-05]
2024-12-10 00:18:41,565 INFO =====> Num. aborted data so far: 0
2024-12-10 00:18:41,573 INFO ===========> Epoch: 19 optimisation losses
2024-12-10 00:18:41,573 INFO =====> EMD Loss: 16.167625
2024-12-10 00:18:41,573 INFO =====> Height map loss: 6.622334
2024-12-10 00:18:41,573 INFO =====> Insertion loss: 0.000000
2024-12-10 00:18:42,321 DEBUG loaded <trimesh.Trimesh(vertices.shape=(916, 3), faces.shape=(856, 3))> using `load_obj` in 0.0029s
2024-12-10 00:18:42,468 DEBUG loaded <trimesh.Trimesh(vertices.shape=(48, 3), faces.shape=(28, 3))> using `load_obj` in 0.0007s
2024-12-10 00:19:09,711 INFO ==> EMD Loss: 16.198368
2024-12-10 00:19:09,711 INFO ==> Height map loss:  6.641682
2024-12-10 00:19:09,711 INFO ==> Insertion loss: 0.000000
2024-12-10 00:19:10,361 DEBUG loaded <trimesh.Trimesh(vertices.shape=(916, 3), faces.shape=(856, 3))> using `load_obj` in 0.0029s
2024-12-10 00:19:10,511 DEBUG loaded <trimesh.Trimesh(vertices.shape=(48, 3), faces.shape=(28, 3))> using `load_obj` in 0.0007s
2024-12-10 00:19:37,807 INFO ==> EMD Loss: 16.088253
2024-12-10 00:19:37,808 INFO ==> Height map loss:  6.753474
2024-12-10 00:19:37,808 INFO ==> Insertion loss: 0.000000
2024-12-10 00:19:38,443 DEBUG loaded <trimesh.Trimesh(vertices.shape=(916, 3), faces.shape=(856, 3))> using `load_obj` in 0.0029s
2024-12-10 00:19:38,592 DEBUG loaded <trimesh.Trimesh(vertices.shape=(48, 3), faces.shape=(28, 3))> using `load_obj` in 0.0007s
2024-12-10 00:20:05,745 INFO ==> EMD Loss: 16.045967
2024-12-10 00:20:05,745 INFO ==> Height map loss:  6.948933
2024-12-10 00:20:05,745 INFO ==> Insertion loss: 0.000000
2024-12-10 00:20:06,381 DEBUG loaded <trimesh.Trimesh(vertices.shape=(916, 3), faces.shape=(856, 3))> using `load_obj` in 0.0029s
2024-12-10 00:20:06,527 DEBUG loaded <trimesh.Trimesh(vertices.shape=(48, 3), faces.shape=(28, 3))> using `load_obj` in 0.0007s
2024-12-10 00:20:33,830 INFO ==> EMD Loss: 16.041840
2024-12-10 00:20:33,830 INFO ==> Height map loss:  6.951127
2024-12-10 00:20:33,830 INFO ==> Insertion loss: 0.000000
2024-12-10 00:20:34,464 DEBUG loaded <trimesh.Trimesh(vertices.shape=(916, 3), faces.shape=(856, 3))> using `load_obj` in 0.0029s
2024-12-10 00:20:34,610 DEBUG loaded <trimesh.Trimesh(vertices.shape=(48, 3), faces.shape=(28, 3))> using `load_obj` in 0.0007s
2024-12-10 00:21:02,001 INFO ==> EMD Loss: 16.032974
2024-12-10 00:21:02,002 INFO ==> Height map loss:  6.950672
2024-12-10 00:21:02,002 INFO ==> Insertion loss: 0.000000
2024-12-10 00:21:02,649 DEBUG loaded <trimesh.Trimesh(vertices.shape=(916, 3), faces.shape=(856, 3))> using `load_obj` in 0.0028s
2024-12-10 00:21:02,795 DEBUG loaded <trimesh.Trimesh(vertices.shape=(48, 3), faces.shape=(28, 3))> using `load_obj` in 0.0007s
2024-12-10 00:21:30,062 INFO ===========> Finished training.
2024-12-10 00:21:30,062 INFO ====> Final EMD Loss: 16.198320
2024-12-10 00:21:30,062 INFO ====> Final Height map loss: 6.641726
2024-12-10 00:21:30,062 INFO ====> Final Insertion loss: 0.000000
2024-12-10 00:21:30,062 INFO ====> Final skill params: [ 0.6628672   0.7746712   0.8059257   0.00661153 -0.00912045]
