2024-09-09 22:06:37,006 INFO ===> New TaichiEnv created.
2024-09-09 22:06:37,006 INFO ===> Specifications: horizon = 600, dt = 0.01, n_substeps = 20, dt_sub = 0.0005
2024-09-09 22:07:26,559 INFO =====> Epoch: 0
2024-09-09 22:07:26,560 INFO =====> Loss: 57.22773742675781
2024-09-09 22:07:26,560 INFO =====> Grad: [-1.2735334e+03  5.0253735e+03  4.1671543e-04 -1.6384846e+04
 -2.4414062e-04]
2024-09-09 22:07:26,560 INFO =====> Num. aborted data so far: 0
2024-09-09 22:07:26,869 INFO ===> New TaichiEnv created.
2024-09-09 22:07:26,869 INFO ===> Specifications: horizon = 600, dt = 0.01, n_substeps = 20, dt_sub = 0.0005
2024-09-09 22:08:07,269 INFO =====> Epoch: 1
2024-09-09 22:08:07,269 INFO =====> Loss: 57.06399917602539
2024-09-09 22:08:07,269 INFO =====> Grad: [ 8.6181240e+03 -6.6854279e+02  1.4878651e-02 -5.1627641e+04
  5.3405762e-05]
2024-09-09 22:08:07,269 INFO =====> Num. aborted data so far: 0
2024-09-09 22:08:07,521 INFO ===> New TaichiEnv created.
2024-09-09 22:08:07,521 INFO ===> Specifications: horizon = 600, dt = 0.01, n_substeps = 20, dt_sub = 0.0005
2024-09-09 22:08:40,530 INFO =====> Epoch: 2
2024-09-09 22:08:40,530 INFO =====> Loss: 57.293479919433594
2024-09-09 22:08:40,530 INFO =====> Grad: [-1.9398379e+03  3.7397366e+03 -1.6733535e-04  5.6591473e+04
  3.3569336e-04]
2024-09-09 22:08:40,530 INFO =====> Num. aborted data so far: 0
2024-09-09 22:08:40,749 INFO ===> New TaichiEnv created.
2024-09-09 22:08:40,749 INFO ===> Specifications: horizon = 600, dt = 0.01, n_substeps = 20, dt_sub = 0.0005
2024-09-09 22:09:21,604 INFO =====> Epoch: 3
2024-09-09 22:09:21,604 INFO =====> Loss: 58.08137512207031
2024-09-09 22:09:21,604 INFO =====> Grad: [-4.5502488e+04  1.6401803e+05 -9.6092297e-04 -4.1862805e+04
  1.8310547e-04]
2024-09-09 22:09:21,604 INFO =====> Num. aborted data so far: 0
2024-09-09 22:09:21,859 INFO ===> New TaichiEnv created.
2024-09-09 22:09:21,859 INFO ===> Specifications: horizon = 600, dt = 0.01, n_substeps = 20, dt_sub = 0.0005
2024-09-09 22:09:54,766 INFO =====> Epoch: 4
2024-09-09 22:09:54,766 INFO =====> Loss: 57.191219329833984
2024-09-09 22:09:54,766 INFO =====> Grad: [-8.1306660e+03  3.9275906e+04 -4.4403342e-04 -1.2844435e+04
 -2.1362305e-04]
2024-09-09 22:09:54,766 INFO =====> Num. aborted data so far: 0
2024-09-09 22:09:54,992 INFO ===> New TaichiEnv created.
2024-09-09 22:09:54,992 INFO ===> Specifications: horizon = 600, dt = 0.01, n_substeps = 20, dt_sub = 0.0005
2024-09-09 22:10:27,989 INFO =====> Epoch: 5
2024-09-09 22:10:27,989 INFO =====> Loss: 56.748626708984375
2024-09-09 22:10:27,989 INFO =====> Grad: [ 5.6286123e+03 -3.2788352e+04  2.3715248e-04  2.6701465e+04
  2.7465820e-04]
2024-09-09 22:10:27,989 INFO =====> Num. aborted data so far: 0
2024-09-09 22:10:28,216 INFO ===> New TaichiEnv created.
2024-09-09 22:10:28,216 INFO ===> Specifications: horizon = 600, dt = 0.01, n_substeps = 20, dt_sub = 0.0005
2024-09-09 22:11:01,285 INFO =====> Epoch: 6
2024-09-09 22:11:01,285 INFO =====> Loss: 57.44181442260742
2024-09-09 22:11:01,285 INFO =====> Grad: [-5.1494058e+03  2.2908496e+04 -4.1902481e-04 -4.6769375e+04
  1.2207031e-04]
2024-09-09 22:11:01,285 INFO =====> Num. aborted data so far: 0
2024-09-09 22:11:01,516 INFO ===> New TaichiEnv created.
2024-09-09 22:11:01,516 INFO ===> Specifications: horizon = 600, dt = 0.01, n_substeps = 20, dt_sub = 0.0005
2024-09-09 22:11:42,244 INFO =====> Epoch: 7
2024-09-09 22:11:42,244 INFO =====> Loss: 56.657291412353516
2024-09-09 22:11:42,245 INFO =====> Grad: [ 1.4404915e+03  4.2700674e+03  2.6516791e-06  9.1077393e+03
 -6.1035156e-05]
2024-09-09 22:11:42,245 INFO =====> Num. aborted data so far: 0
2024-09-09 22:11:42,516 INFO ===> New TaichiEnv created.
2024-09-09 22:11:42,516 INFO ===> Specifications: horizon = 600, dt = 0.01, n_substeps = 20, dt_sub = 0.0005
2024-09-09 22:12:15,912 INFO =====> Epoch: 8
2024-09-09 22:12:15,912 INFO =====> Loss: 57.41661071777344
2024-09-09 22:12:15,912 INFO =====> Grad: [ 4.8712529e+03 -2.6005619e+04  1.1914622e-04 -1.3222816e+04
 -8.7890625e-03]
2024-09-09 22:12:15,912 INFO =====> Num. aborted data so far: 0
2024-09-09 22:12:16,146 INFO ===> New TaichiEnv created.
2024-09-09 22:12:16,146 INFO ===> Specifications: horizon = 600, dt = 0.01, n_substeps = 20, dt_sub = 0.0005
2024-09-09 22:12:49,430 INFO =====> Epoch: 9
2024-09-09 22:12:49,430 INFO =====> Loss: 57.81731033325195
2024-09-09 22:12:49,430 INFO =====> Grad: [ 3.6177485e+03 -7.7206992e+03 -6.4739236e-04  2.4186787e+04
 -2.4414062e-03]
2024-09-09 22:12:49,430 INFO =====> Num. aborted data so far: 0
2024-09-09 22:12:49,666 INFO ===> New TaichiEnv created.
2024-09-09 22:12:49,666 INFO ===> Specifications: horizon = 600, dt = 0.01, n_substeps = 20, dt_sub = 0.0005
2024-09-09 22:13:23,188 INFO =====> Epoch: 10
2024-09-09 22:13:23,188 INFO =====> Loss: 57.596343994140625
2024-09-09 22:13:23,188 INFO =====> Grad: [ 1.3285012e+04 -4.8749164e+04 -1.8521671e-03  1.7720902e+05
 -6.7138672e-04]
2024-09-09 22:13:23,188 INFO =====> Num. aborted data so far: 0
2024-09-09 22:13:23,425 INFO ===> New TaichiEnv created.
2024-09-09 22:13:23,425 INFO ===> Specifications: horizon = 600, dt = 0.01, n_substeps = 20, dt_sub = 0.0005
2024-09-09 22:13:57,166 INFO =====> Epoch: 11
2024-09-09 22:13:57,166 INFO =====> Loss: 58.16682434082031
2024-09-09 22:13:57,166 INFO =====> Grad: [-3.6099446e+03  9.0289062e+03  3.9665779e-04  2.1358840e+03
  6.6757202e-06]
2024-09-09 22:13:57,166 INFO =====> Num. aborted data so far: 0
2024-09-09 22:13:57,406 INFO ===> New TaichiEnv created.
2024-09-09 22:13:57,406 INFO ===> Specifications: horizon = 600, dt = 0.01, n_substeps = 20, dt_sub = 0.0005
2024-09-09 22:14:30,402 INFO =====> Epoch: 12
2024-09-09 22:14:30,402 INFO =====> Loss: 57.281185150146484
2024-09-09 22:14:30,402 INFO =====> Grad: [-1.43900352e+04  4.94531641e+04  2.98798783e-04  1.56171455e+04
  7.62939453e-06]
2024-09-09 22:14:30,402 INFO =====> Num. aborted data so far: 0
2024-09-09 22:14:30,645 INFO ===> New TaichiEnv created.
2024-09-09 22:14:30,645 INFO ===> Specifications: horizon = 600, dt = 0.01, n_substeps = 20, dt_sub = 0.0005
2024-09-09 22:15:03,925 INFO =====> Epoch: 13
2024-09-09 22:15:03,925 INFO =====> Loss: 58.04250717163086
2024-09-09 22:15:03,925 INFO =====> Grad: [-1.4688271e+03  2.5468604e+03  9.3093389e-05  2.5418569e+03
  1.2207031e-03]
2024-09-09 22:15:03,925 INFO =====> Num. aborted data so far: 0
2024-09-09 22:15:04,170 INFO ===> New TaichiEnv created.
2024-09-09 22:15:04,170 INFO ===> Specifications: horizon = 600, dt = 0.01, n_substeps = 20, dt_sub = 0.0005
2024-09-09 22:15:36,826 INFO =====> Epoch: 14
2024-09-09 22:15:36,827 INFO =====> Loss: 56.94439697265625
2024-09-09 22:15:36,827 INFO =====> Grad: [-3.71650781e+04  1.40675844e+05  1.17401942e-03 -3.57296797e+04
  1.26953125e-02]
2024-09-09 22:15:36,827 INFO =====> Num. aborted data so far: 0
2024-09-09 22:15:37,088 INFO ===> New TaichiEnv created.
2024-09-09 22:15:37,088 INFO ===> Specifications: horizon = 600, dt = 0.01, n_substeps = 20, dt_sub = 0.0005
2024-09-09 22:16:10,313 INFO =====> Epoch: 15
2024-09-09 22:16:10,313 INFO =====> Loss: 56.972145080566406
2024-09-09 22:16:10,313 INFO =====> Grad: [ 1.0196766e+04 -4.1420398e+04 -9.0549787e-05  3.8682416e+02
  2.5024414e-03]
2024-09-09 22:16:10,313 INFO =====> Num. aborted data so far: 0
2024-09-09 22:16:10,560 INFO ===> New TaichiEnv created.
2024-09-09 22:16:10,560 INFO ===> Specifications: horizon = 600, dt = 0.01, n_substeps = 20, dt_sub = 0.0005
2024-09-09 22:16:43,015 INFO =====> Epoch: 16
2024-09-09 22:16:43,015 INFO =====> Loss: 56.96208572387695
2024-09-09 22:16:43,015 INFO =====> Grad: [ 1.8135123e+04 -8.4994727e+04 -4.1869341e-04  5.0275266e+04
  3.0517578e-03]
2024-09-09 22:16:43,015 INFO =====> Num. aborted data so far: 0
2024-09-09 22:16:43,265 INFO ===> New TaichiEnv created.
2024-09-09 22:16:43,265 INFO ===> Specifications: horizon = 600, dt = 0.01, n_substeps = 20, dt_sub = 0.0005
2024-09-09 22:17:15,936 INFO =====> Epoch: 17
2024-09-09 22:17:15,936 INFO =====> Loss: 57.03254318237305
2024-09-09 22:17:15,936 INFO =====> Grad: [-1.6076481e+04  6.5509738e+04  9.9645159e-04 -2.0471072e+04
  6.1035156e-04]
2024-09-09 22:17:15,936 INFO =====> Num. aborted data so far: 0
2024-09-09 22:17:16,186 INFO ===> New TaichiEnv created.
2024-09-09 22:17:16,186 INFO ===> Specifications: horizon = 600, dt = 0.01, n_substeps = 20, dt_sub = 0.0005
2024-09-09 22:17:48,913 INFO =====> Epoch: 18
2024-09-09 22:17:48,914 INFO =====> Loss: 57.51972198486328
2024-09-09 22:17:48,914 INFO =====> Grad: [ 5.1297816e+04 -2.0766500e+05  5.0191220e-04  7.3547984e+04
  7.8125000e-03]
2024-09-09 22:17:48,914 INFO =====> Num. aborted data so far: 0
2024-09-09 22:17:49,166 INFO ===> New TaichiEnv created.
2024-09-09 22:17:49,166 INFO ===> Specifications: horizon = 600, dt = 0.01, n_substeps = 20, dt_sub = 0.0005
2024-09-09 22:18:21,963 INFO =====> Epoch: 19
2024-09-09 22:18:21,963 INFO =====> Loss: 57.039466857910156
2024-09-09 22:18:21,963 INFO =====> Grad: [-5.6511289e+03  2.5941982e+04 -2.5511690e-05  2.1521965e+04
 -4.3334961e-03]
2024-09-09 22:18:21,963 INFO =====> Num. aborted data so far: 0
2024-09-09 22:18:22,215 INFO ===> New TaichiEnv created.
2024-09-09 22:18:22,215 INFO ===> Specifications: horizon = 600, dt = 0.01, n_substeps = 20, dt_sub = 0.0005
2024-09-09 22:18:55,408 INFO =====> Epoch: 20
2024-09-09 22:18:55,408 INFO =====> Loss: 57.87362289428711
2024-09-09 22:18:55,408 INFO =====> Grad: [ 4.441110e+03 -3.374783e+04  9.379855e-05 -5.896994e+04  4.211426e-03]
2024-09-09 22:18:55,408 INFO =====> Num. aborted data so far: 0
2024-09-09 22:18:55,661 INFO ===> New TaichiEnv created.
2024-09-09 22:18:55,661 INFO ===> Specifications: horizon = 600, dt = 0.01, n_substeps = 20, dt_sub = 0.0005
2024-09-09 22:19:28,642 INFO =====> Epoch: 21
2024-09-09 22:19:28,642 INFO =====> Loss: 57.027565002441406
2024-09-09 22:19:28,642 INFO =====> Grad: [ 7.4700483e+03 -2.7788230e+04  1.4152957e-04  3.9095992e+04
 -2.5939941e-04]
2024-09-09 22:19:28,642 INFO =====> Num. aborted data so far: 0
2024-09-09 22:19:28,898 INFO ===> New TaichiEnv created.
2024-09-09 22:19:28,898 INFO ===> Specifications: horizon = 600, dt = 0.01, n_substeps = 20, dt_sub = 0.0005
2024-09-09 22:20:02,535 INFO =====> Epoch: 22
2024-09-09 22:20:02,535 INFO =====> Loss: 58.21714401245117
2024-09-09 22:20:02,535 INFO =====> Grad: [-7.6547896e+03  4.1566125e+04 -3.7585877e-04  3.4329535e+04
 -2.2583008e-03]
2024-09-09 22:20:02,535 INFO =====> Num. aborted data so far: 0
2024-09-09 22:20:02,790 INFO ===> New TaichiEnv created.
2024-09-09 22:20:02,790 INFO ===> Specifications: horizon = 600, dt = 0.01, n_substeps = 20, dt_sub = 0.0005
2024-09-09 22:20:35,445 INFO =====> Epoch: 23
2024-09-09 22:20:35,446 INFO =====> Loss: 57.19867706298828
2024-09-09 22:20:35,446 INFO =====> Grad: [ 8.8764619e+03 -3.3633898e+04 -3.3954415e-04 -3.5908117e+04
 -2.0751953e-03]
2024-09-09 22:20:35,446 INFO =====> Num. aborted data so far: 0
2024-09-09 22:20:35,702 INFO ===> New TaichiEnv created.
2024-09-09 22:20:35,702 INFO ===> Specifications: horizon = 600, dt = 0.01, n_substeps = 20, dt_sub = 0.0005
2024-09-09 22:21:09,109 INFO =====> Epoch: 24
2024-09-09 22:21:09,109 INFO =====> Loss: 57.780250549316406
2024-09-09 22:21:09,109 INFO =====> Grad: [ 1.0503642e+04 -2.4760547e+04 -2.0384376e-03  7.5397192e+03
 -1.6784668e-04]
2024-09-09 22:21:09,109 INFO =====> Num. aborted data so far: 0
2024-09-09 22:21:09,366 INFO ===> New TaichiEnv created.
2024-09-09 22:21:09,366 INFO ===> Specifications: horizon = 600, dt = 0.01, n_substeps = 20, dt_sub = 0.0005
2024-09-09 22:21:43,657 INFO =====> Epoch: 25
2024-09-09 22:21:43,657 INFO =====> Loss: 58.49867630004883
2024-09-09 22:21:43,657 INFO =====> Grad: [-2.1293971e+02  1.5573041e+03 -6.9379399e-05  1.1650781e+04
 -7.6293945e-05]
2024-09-09 22:21:43,657 INFO =====> Num. aborted data so far: 0
2024-09-09 22:21:43,915 INFO ===> New TaichiEnv created.
2024-09-09 22:21:43,915 INFO ===> Specifications: horizon = 600, dt = 0.01, n_substeps = 20, dt_sub = 0.0005
2024-09-09 22:22:17,691 INFO =====> Epoch: 26
2024-09-09 22:22:17,691 INFO =====> Loss: 58.19969940185547
2024-09-09 22:22:17,691 INFO =====> Grad: [-3.0252341e+03  1.4007903e+04  1.0956623e-04  9.1077676e+03
  6.1035156e-05]
2024-09-09 22:22:17,691 INFO =====> Num. aborted data so far: 0
2024-09-09 22:22:17,950 INFO ===> New TaichiEnv created.
2024-09-09 22:22:17,950 INFO ===> Specifications: horizon = 600, dt = 0.01, n_substeps = 20, dt_sub = 0.0005
2024-09-09 22:22:51,274 INFO =====> Epoch: 27
2024-09-09 22:22:51,274 INFO =====> Loss: 58.102909088134766
2024-09-09 22:22:51,274 INFO =====> Grad: [-4.7492925e+03  1.3346978e+04  9.9910278e-05  1.7937104e+04
 -1.6174316e-03]
2024-09-09 22:22:51,274 INFO =====> Num. aborted data so far: 0
2024-09-09 22:22:51,534 INFO ===> New TaichiEnv created.
2024-09-09 22:22:51,534 INFO ===> Specifications: horizon = 600, dt = 0.01, n_substeps = 20, dt_sub = 0.0005
2024-09-09 22:23:24,629 INFO =====> Epoch: 28
2024-09-09 22:23:24,629 INFO =====> Loss: 57.30332946777344
2024-09-09 22:23:24,629 INFO =====> Grad: [ 1.0464229e+04 -4.9062965e+04  3.5957826e-04 -2.7383773e+04
 -2.5939941e-04]
2024-09-09 22:23:24,629 INFO =====> Num. aborted data so far: 0
2024-09-09 22:23:24,890 INFO ===> New TaichiEnv created.
2024-09-09 22:23:24,890 INFO ===> Specifications: horizon = 600, dt = 0.01, n_substeps = 20, dt_sub = 0.0005
2024-09-09 22:23:58,444 INFO =====> Epoch: 29
2024-09-09 22:23:58,444 INFO =====> Loss: 58.108280181884766
2024-09-09 22:23:58,444 INFO =====> Grad: [-3.9820381e+03  8.2760352e+03 -1.0619702e-04  4.5544219e+03
  1.9073486e-04]
2024-09-09 22:23:58,444 INFO =====> Num. aborted data so far: 0
2024-09-09 22:23:58,705 INFO ===> New TaichiEnv created.
2024-09-09 22:23:58,705 INFO ===> Specifications: horizon = 600, dt = 0.01, n_substeps = 20, dt_sub = 0.0005
2024-09-09 22:24:31,557 INFO =====> Epoch: 30
2024-09-09 22:24:31,557 INFO =====> Loss: 57.25116729736328
2024-09-09 22:24:31,557 INFO =====> Grad: [-4.8477266e+03  2.0291062e+04 -1.3536042e-05  2.3023402e+04
 -4.8828125e-03]
2024-09-09 22:24:31,557 INFO =====> Num. aborted data so far: 0
2024-09-09 22:24:31,820 INFO ===> New TaichiEnv created.
2024-09-09 22:24:31,820 INFO ===> Specifications: horizon = 600, dt = 0.01, n_substeps = 20, dt_sub = 0.0005
2024-09-09 22:25:04,904 INFO =====> Epoch: 31
2024-09-09 22:25:04,904 INFO =====> Loss: 57.925689697265625
2024-09-09 22:25:04,904 INFO =====> Grad: [-1.6698707e+04  7.6039719e+04 -1.1224737e-03 -6.9033609e+04
 -4.8828125e-04]
2024-09-09 22:25:04,904 INFO =====> Num. aborted data so far: 0
2024-09-09 22:25:05,168 INFO ===> New TaichiEnv created.
2024-09-09 22:25:05,169 INFO ===> Specifications: horizon = 600, dt = 0.01, n_substeps = 20, dt_sub = 0.0005
2024-09-09 22:25:38,235 INFO =====> Epoch: 32
2024-09-09 22:25:38,235 INFO =====> Loss: 56.7452507019043
2024-09-09 22:25:38,235 INFO =====> Grad: [-1.0393641e+04  5.3199125e+04 -1.7038551e-03 -1.1535923e+04
 -1.9531250e-03]
2024-09-09 22:25:38,235 INFO =====> Num. aborted data so far: 0
2024-09-09 22:25:38,501 INFO ===> New TaichiEnv created.
2024-09-09 22:25:38,501 INFO ===> Specifications: horizon = 600, dt = 0.01, n_substeps = 20, dt_sub = 0.0005
2024-09-09 22:26:11,911 INFO =====> Epoch: 33
2024-09-09 22:26:11,911 INFO =====> Loss: 57.67522048950195
2024-09-09 22:26:11,911 INFO =====> Grad: [2.1789780e+03 2.9216121e+03 6.4881839e-05 8.3483215e+02 3.0517578e-04]
2024-09-09 22:26:11,911 INFO =====> Num. aborted data so far: 0
2024-09-09 22:26:12,177 INFO ===> New TaichiEnv created.
2024-09-09 22:26:12,177 INFO ===> Specifications: horizon = 600, dt = 0.01, n_substeps = 20, dt_sub = 0.0005
2024-09-09 22:26:44,820 INFO =====> Epoch: 34
2024-09-09 22:26:44,820 INFO =====> Loss: 56.50118637084961
2024-09-09 22:26:44,820 INFO =====> Grad: [ 1.2319859e+04 -2.7346877e+04 -1.2418054e-04  3.1927532e+03
 -1.2969971e-04]
2024-09-09 22:26:44,820 INFO =====> Num. aborted data so far: 0
2024-09-09 22:26:45,086 INFO ===> New TaichiEnv created.
2024-09-09 22:26:45,086 INFO ===> Specifications: horizon = 600, dt = 0.01, n_substeps = 20, dt_sub = 0.0005
2024-09-09 22:27:18,170 INFO =====> Epoch: 35
2024-09-09 22:27:18,170 INFO =====> Loss: 57.363704681396484
2024-09-09 22:27:18,170 INFO =====> Grad: [ 1.6527761e+03  1.5546707e+03  4.1434094e-03 -3.5909121e+03
  2.5177002e-04]
2024-09-09 22:27:18,170 INFO =====> Num. aborted data so far: 0
2024-09-09 22:27:18,437 INFO ===> New TaichiEnv created.
2024-09-09 22:27:18,437 INFO ===> Specifications: horizon = 600, dt = 0.01, n_substeps = 20, dt_sub = 0.0005
2024-09-09 22:27:50,956 INFO =====> Epoch: 36
2024-09-09 22:27:50,957 INFO =====> Loss: 56.66365051269531
2024-09-09 22:27:50,957 INFO =====> Grad: [ 2.9835229e+03 -4.8080601e+03 -1.3171363e-04 -6.3404614e+03
  4.2724609e-04]
2024-09-09 22:27:50,957 INFO =====> Num. aborted data so far: 0
2024-09-09 22:27:51,223 INFO ===> New TaichiEnv created.
2024-09-09 22:27:51,223 INFO ===> Specifications: horizon = 600, dt = 0.01, n_substeps = 20, dt_sub = 0.0005
2024-09-09 22:28:24,463 INFO =====> Epoch: 37
2024-09-09 22:28:24,463 INFO =====> Loss: 56.777381896972656
2024-09-09 22:28:24,463 INFO =====> Grad: [ 5.3133091e+03 -2.0748414e+04 -1.0498583e-04 -9.2269414e+03
  8.0871582e-04]
2024-09-09 22:28:24,463 INFO =====> Num. aborted data so far: 0
2024-09-09 22:28:24,731 INFO ===> New TaichiEnv created.
2024-09-09 22:28:24,731 INFO ===> Specifications: horizon = 600, dt = 0.01, n_substeps = 20, dt_sub = 0.0005
2024-09-09 22:28:57,405 INFO =====> Epoch: 38
2024-09-09 22:28:57,406 INFO =====> Loss: 56.56482696533203
2024-09-09 22:28:57,406 INFO =====> Grad: [-3.4335759e+03  2.1519809e+04  6.3799589e-04 -2.3587762e+04
 -1.3494492e-04]
2024-09-09 22:28:57,406 INFO =====> Num. aborted data so far: 0
2024-09-09 22:28:57,675 INFO ===> New TaichiEnv created.
2024-09-09 22:28:57,675 INFO ===> Specifications: horizon = 600, dt = 0.01, n_substeps = 20, dt_sub = 0.0005
2024-09-09 22:29:30,939 INFO =====> Epoch: 39
2024-09-09 22:29:30,940 INFO =====> Loss: 57.26186752319336
2024-09-09 22:29:30,940 INFO =====> Grad: [ 6.4868003e+03 -2.3357139e+04  4.7198596e-04 -8.2001738e+03
 -4.7302246e-04]
2024-09-09 22:29:30,940 INFO =====> Num. aborted data so far: 0
2024-09-09 22:29:31,209 INFO ===> New TaichiEnv created.
2024-09-09 22:29:31,209 INFO ===> Specifications: horizon = 600, dt = 0.01, n_substeps = 20, dt_sub = 0.0005
2024-09-09 22:30:04,589 INFO =====> Epoch: 40
2024-09-09 22:30:04,589 INFO =====> Loss: 57.657081604003906
2024-09-09 22:30:04,589 INFO =====> Grad: [-2.5158789e+04  8.4586102e+04 -2.0047184e-05 -4.0317312e+04
 -9.1552734e-04]
2024-09-09 22:30:04,589 INFO =====> Num. aborted data so far: 0
2024-09-09 22:30:04,860 INFO ===> New TaichiEnv created.
2024-09-09 22:30:04,861 INFO ===> Specifications: horizon = 600, dt = 0.01, n_substeps = 20, dt_sub = 0.0005
2024-09-09 22:30:37,777 INFO =====> Epoch: 41
2024-09-09 22:30:37,777 INFO =====> Loss: 56.368675231933594
2024-09-09 22:30:37,777 INFO =====> Grad: [ 1.2419224e+04 -4.7400312e+04 -8.3277113e-04 -2.9089916e+04
  3.5400391e-03]
2024-09-09 22:30:37,777 INFO =====> Num. aborted data so far: 0
2024-09-09 22:30:38,050 INFO ===> New TaichiEnv created.
2024-09-09 22:30:38,050 INFO ===> Specifications: horizon = 600, dt = 0.01, n_substeps = 20, dt_sub = 0.0005
2024-09-09 22:31:11,220 INFO =====> Epoch: 42
2024-09-09 22:31:11,220 INFO =====> Loss: 57.01173782348633
2024-09-09 22:31:11,220 INFO =====> Grad: [ 1.6990638e+03 -4.3146945e+02 -5.0727261e-04 -1.4631690e+04
  1.8310547e-04]
2024-09-09 22:31:11,220 INFO =====> Num. aborted data so far: 0
2024-09-09 22:31:11,492 INFO ===> New TaichiEnv created.
2024-09-09 22:31:11,492 INFO ===> Specifications: horizon = 600, dt = 0.01, n_substeps = 20, dt_sub = 0.0005
2024-09-09 22:31:44,971 INFO =====> Epoch: 43
2024-09-09 22:31:44,971 INFO =====> Loss: 57.66010665893555
2024-09-09 22:31:44,971 INFO =====> Grad: [-9.3784238e+03  2.9161080e+04 -4.7378894e-04  3.5942651e+03
  1.1596680e-03]
2024-09-09 22:31:44,971 INFO =====> Num. aborted data so far: 0
2024-09-09 22:31:45,245 INFO ===> New TaichiEnv created.
2024-09-09 22:31:45,245 INFO ===> Specifications: horizon = 600, dt = 0.01, n_substeps = 20, dt_sub = 0.0005
2024-09-09 22:32:17,860 INFO =====> Epoch: 44
2024-09-09 22:32:17,860 INFO =====> Loss: 56.7558479309082
2024-09-09 22:32:17,860 INFO =====> Grad: [ 1.4981421e+04 -5.3701984e+04  3.5404155e-05  4.5220363e+04
  1.1563301e-04]
2024-09-09 22:32:17,860 INFO =====> Num. aborted data so far: 0
2024-09-09 22:32:18,134 INFO ===> New TaichiEnv created.
2024-09-09 22:32:18,134 INFO ===> Specifications: horizon = 600, dt = 0.01, n_substeps = 20, dt_sub = 0.0005
2024-09-09 22:32:51,291 INFO =====> Epoch: 45
2024-09-09 22:32:51,291 INFO =====> Loss: 57.502113342285156
2024-09-09 22:32:51,291 INFO =====> Grad: [-2.4759512e+03  9.1741572e+03  2.3149649e-04 -1.4492677e+04
  2.3803711e-03]
2024-09-09 22:32:51,291 INFO =====> Num. aborted data so far: 0
2024-09-09 22:32:51,567 INFO ===> New TaichiEnv created.
2024-09-09 22:32:51,567 INFO ===> Specifications: horizon = 600, dt = 0.01, n_substeps = 20, dt_sub = 0.0005
2024-09-09 22:33:24,403 INFO =====> Epoch: 46
2024-09-09 22:33:24,403 INFO =====> Loss: 56.83049774169922
2024-09-09 22:33:24,403 INFO =====> Grad: [ 9.9423691e+03 -3.3398016e+04  7.5363088e-05  5.1094500e+04
 -1.1444092e-04]
2024-09-09 22:33:24,403 INFO =====> Num. aborted data so far: 0
2024-09-09 22:33:24,677 INFO ===> New TaichiEnv created.
2024-09-09 22:33:24,677 INFO ===> Specifications: horizon = 600, dt = 0.01, n_substeps = 20, dt_sub = 0.0005
2024-09-09 22:33:58,008 INFO =====> Epoch: 47
2024-09-09 22:33:58,008 INFO =====> Loss: 57.49435043334961
2024-09-09 22:33:58,009 INFO =====> Grad: [ 3.1729116e+03 -1.0559893e+04  5.7464204e-04 -3.0894494e+04
 -4.8828125e-04]
2024-09-09 22:33:58,009 INFO =====> Num. aborted data so far: 0
2024-09-09 22:33:58,282 INFO ===> New TaichiEnv created.
2024-09-09 22:33:58,283 INFO ===> Specifications: horizon = 600, dt = 0.01, n_substeps = 20, dt_sub = 0.0005
2024-09-09 22:34:31,707 INFO =====> Epoch: 48
2024-09-09 22:34:31,707 INFO =====> Loss: 57.54018020629883
2024-09-09 22:34:31,708 INFO =====> Grad: [ 5.1114985e+03 -2.4810123e+04 -4.4777335e-04  2.9684727e+03
 -1.2207031e-04]
2024-09-09 22:34:31,708 INFO =====> Num. aborted data so far: 0
2024-09-09 22:34:31,982 INFO ===> New TaichiEnv created.
2024-09-09 22:34:31,982 INFO ===> Specifications: horizon = 600, dt = 0.01, n_substeps = 20, dt_sub = 0.0005
2024-09-09 22:35:04,695 INFO =====> Epoch: 49
2024-09-09 22:35:04,695 INFO =====> Loss: 57.21393585205078
2024-09-09 22:35:04,695 INFO =====> Grad: [-4.3991953e+03  1.0384928e+04  1.0648917e-04 -4.7457847e+03
 -3.6621094e-04]
2024-09-09 22:35:04,695 INFO =====> Num. aborted data so far: 0
2024-09-09 22:35:04,970 INFO ===> New TaichiEnv created.
2024-09-09 22:35:04,970 INFO ===> Specifications: horizon = 600, dt = 0.01, n_substeps = 20, dt_sub = 0.0005
2024-09-09 22:35:37,854 INFO =====> Epoch: 50
2024-09-09 22:35:37,854 INFO =====> Loss: 56.92063522338867
2024-09-09 22:35:37,854 INFO =====> Grad: [ 2.8580388e+03 -6.3698447e+03  2.2813299e-04  4.4470184e+04
 -8.3923340e-05]
2024-09-09 22:35:37,854 INFO =====> Num. aborted data so far: 0
2024-09-09 22:35:38,129 INFO ===> New TaichiEnv created.
2024-09-09 22:35:38,129 INFO ===> Specifications: horizon = 600, dt = 0.01, n_substeps = 20, dt_sub = 0.0005
2024-09-09 22:36:11,321 INFO =====> Epoch: 51
2024-09-09 22:36:11,321 INFO =====> Loss: 57.84189987182617
2024-09-09 22:36:11,321 INFO =====> Grad: [-1.2396144e+04  4.2154250e+04 -1.3850364e-03 -9.6306273e+04
  4.8828125e-04]
2024-09-09 22:36:11,321 INFO =====> Num. aborted data so far: 0
2024-09-09 22:36:11,596 INFO ===> New TaichiEnv created.
2024-09-09 22:36:11,596 INFO ===> Specifications: horizon = 600, dt = 0.01, n_substeps = 20, dt_sub = 0.0005
2024-09-09 22:36:44,555 INFO =====> Epoch: 52
2024-09-09 22:36:44,555 INFO =====> Loss: 56.89513397216797
2024-09-09 22:36:44,555 INFO =====> Grad: [ 3.2765205e+03 -1.4954952e+04  3.3270990e-05 -3.7845949e+04
  1.8310547e-03]
2024-09-09 22:36:44,555 INFO =====> Num. aborted data so far: 0
2024-09-09 22:36:44,832 INFO ===> New TaichiEnv created.
2024-09-09 22:36:44,832 INFO ===> Specifications: horizon = 600, dt = 0.01, n_substeps = 20, dt_sub = 0.0005
2024-09-09 22:37:17,718 INFO =====> Epoch: 53
2024-09-09 22:37:17,718 INFO =====> Loss: 57.879295349121094
2024-09-09 22:37:17,718 INFO =====> Grad: [ 2.6027632e+03 -5.0647861e+03 -1.0678971e-04  1.1465035e+04
  6.4086914e-04]
2024-09-09 22:37:17,719 INFO =====> Num. aborted data so far: 0
2024-09-09 22:37:17,996 INFO ===> New TaichiEnv created.
2024-09-09 22:37:17,996 INFO ===> Specifications: horizon = 600, dt = 0.01, n_substeps = 20, dt_sub = 0.0005
2024-09-09 22:37:50,969 INFO =====> Epoch: 54
2024-09-09 22:37:50,969 INFO =====> Loss: 57.170166015625
2024-09-09 22:37:50,969 INFO =====> Grad: [ 6.7325791e+03 -2.5468006e+05  9.1536192e-04  1.4333360e+04
  5.0354004e-04]
2024-09-09 22:37:50,969 INFO =====> Num. aborted data so far: 0
2024-09-09 22:37:51,246 INFO ===> New TaichiEnv created.
2024-09-09 22:37:51,246 INFO ===> Specifications: horizon = 600, dt = 0.01, n_substeps = 20, dt_sub = 0.0005
2024-09-09 22:38:25,489 INFO =====> Epoch: 55
2024-09-09 22:38:25,489 INFO =====> Loss: 58.39205551147461
2024-09-09 22:38:25,489 INFO =====> Grad: [ 7.2746773e+04 -2.6538628e+05  4.9491106e-03  4.6264219e+04
 -3.2806396e-04]
2024-09-09 22:38:25,489 INFO =====> Num. aborted data so far: 0
2024-09-09 22:38:25,768 INFO ===> New TaichiEnv created.
2024-09-09 22:38:25,768 INFO ===> Specifications: horizon = 600, dt = 0.01, n_substeps = 20, dt_sub = 0.0005
2024-09-09 22:38:59,967 INFO =====> Epoch: 56
2024-09-09 22:38:59,968 INFO =====> Loss: 58.73003005981445
2024-09-09 22:38:59,968 INFO =====> Grad: [-2.8096084e+03  1.0069956e+04  2.2421879e-04 -3.6080996e+03
  3.0517578e-04]
2024-09-09 22:38:59,968 INFO =====> Num. aborted data so far: 0
2024-09-09 22:39:00,246 INFO ===> New TaichiEnv created.
2024-09-09 22:39:00,246 INFO ===> Specifications: horizon = 600, dt = 0.01, n_substeps = 20, dt_sub = 0.0005
2024-09-09 22:39:34,261 INFO =====> Epoch: 57
2024-09-09 22:39:34,261 INFO =====> Loss: 58.391300201416016
2024-09-09 22:39:34,261 INFO =====> Grad: [ 3.1933989e+03 -7.0051475e+03  1.0093396e-04 -9.0338320e+03
  1.2817383e-03]
2024-09-09 22:39:34,261 INFO =====> Num. aborted data so far: 0
2024-09-09 22:39:34,540 INFO ===> New TaichiEnv created.
2024-09-09 22:39:34,540 INFO ===> Specifications: horizon = 600, dt = 0.01, n_substeps = 20, dt_sub = 0.0005
2024-09-09 22:40:08,640 INFO =====> Epoch: 58
2024-09-09 22:40:08,640 INFO =====> Loss: 58.16961669921875
2024-09-09 22:40:08,640 INFO =====> Grad: [ 2.7302927e+01  2.7747188e+03 -5.5741220e-06  6.0437749e+03
 -1.2969971e-04]
2024-09-09 22:40:08,640 INFO =====> Num. aborted data so far: 0
2024-09-09 22:40:08,917 INFO ===> New TaichiEnv created.
2024-09-09 22:40:08,917 INFO ===> Specifications: horizon = 600, dt = 0.01, n_substeps = 20, dt_sub = 0.0005
2024-09-09 22:40:42,778 INFO =====> Epoch: 59
2024-09-09 22:40:42,778 INFO =====> Loss: 58.38772201538086
2024-09-09 22:40:42,778 INFO =====> Grad: [ 8.0262375e+04 -8.5842369e+05 -4.4121314e-04 -1.5980721e+03
 -6.1035156e-05]
2024-09-09 22:40:42,778 INFO =====> Num. aborted data so far: 0
2024-09-09 22:40:43,056 INFO ===> New TaichiEnv created.
2024-09-09 22:40:43,056 INFO ===> Specifications: horizon = 600, dt = 0.01, n_substeps = 20, dt_sub = 0.0005
2024-09-09 22:41:17,152 INFO =====> Epoch: 60
2024-09-09 22:41:17,153 INFO =====> Loss: 58.14085006713867
2024-09-09 22:41:17,153 INFO =====> Grad: [-3.0048684e+03  5.3451890e+03 -1.6890741e-05  5.9205254e+03
 -8.2397461e-04]
2024-09-09 22:41:17,153 INFO =====> Num. aborted data so far: 0
2024-09-09 22:41:17,432 INFO ===> New TaichiEnv created.
2024-09-09 22:41:17,432 INFO ===> Specifications: horizon = 600, dt = 0.01, n_substeps = 20, dt_sub = 0.0005
2024-09-09 22:41:51,361 INFO =====> Epoch: 61
2024-09-09 22:41:51,361 INFO =====> Loss: 58.36711120605469
2024-09-09 22:41:51,361 INFO =====> Grad: [ 8.99927109e+04 -1.01284875e+06 -2.18466576e-03  9.10955273e+03
 -4.27246094e-04]
2024-09-09 22:41:51,361 INFO =====> Num. aborted data so far: 0
2024-09-09 22:41:51,639 INFO ===> New TaichiEnv created.
2024-09-09 22:41:51,639 INFO ===> Specifications: horizon = 600, dt = 0.01, n_substeps = 20, dt_sub = 0.0005
2024-09-09 22:42:25,857 INFO =====> Epoch: 62
2024-09-09 22:42:25,857 INFO =====> Loss: 58.78445053100586
2024-09-09 22:42:25,857 INFO =====> Grad: [ 5.2616364e+02 -2.2350613e+03 -7.4529415e-04  1.7018709e+02
 -1.2512207e-03]
2024-09-09 22:42:25,857 INFO =====> Num. aborted data so far: 0
2024-09-09 22:42:26,134 INFO ===> New TaichiEnv created.
2024-09-09 22:42:26,134 INFO ===> Specifications: horizon = 600, dt = 0.01, n_substeps = 20, dt_sub = 0.0005
2024-09-09 22:43:01,026 INFO =====> Epoch: 63
2024-09-09 22:43:01,026 INFO =====> Loss: 58.931610107421875
2024-09-09 22:43:01,026 INFO =====> Grad: [ 6.2064790e+03 -9.5319977e+04  4.4877990e-04 -4.0379230e+04
  3.6315918e-03]
2024-09-09 22:43:01,026 INFO =====> Num. aborted data so far: 0
2024-09-09 22:43:01,307 INFO ===> New TaichiEnv created.
2024-09-09 22:43:01,307 INFO ===> Specifications: horizon = 600, dt = 0.01, n_substeps = 20, dt_sub = 0.0005
2024-09-09 22:43:35,925 INFO =====> Epoch: 64
2024-09-09 22:43:35,925 INFO =====> Loss: 58.85552978515625
2024-09-09 22:43:35,925 INFO =====> Grad: [-5.6734121e+03  4.7941324e+04 -4.4295378e-04 -2.4199775e+04
  1.6784668e-04]
2024-09-09 22:43:35,925 INFO =====> Num. aborted data so far: 0
2024-09-09 22:43:36,204 INFO ===> New TaichiEnv created.
2024-09-09 22:43:36,204 INFO ===> Specifications: horizon = 600, dt = 0.01, n_substeps = 20, dt_sub = 0.0005
2024-09-09 22:44:09,759 INFO =====> Epoch: 65
2024-09-09 22:44:09,759 INFO =====> Loss: 57.37885665893555
2024-09-09 22:44:09,759 INFO =====> Grad: [-9.2702646e+03  6.7792148e+04  2.4416868e-04 -4.5468312e+04
  1.5258789e-04]
2024-09-09 22:44:09,759 INFO =====> Num. aborted data so far: 0
2024-09-09 22:44:10,040 INFO ===> New TaichiEnv created.
2024-09-09 22:44:10,040 INFO ===> Specifications: horizon = 600, dt = 0.01, n_substeps = 20, dt_sub = 0.0005
2024-09-09 22:44:43,610 INFO =====> Epoch: 66
2024-09-09 22:44:43,610 INFO =====> Loss: 57.31416702270508
2024-09-09 22:44:43,610 INFO =====> Grad: [-1.6571498e+03  1.2365014e+04  6.5142012e-05  2.9949656e+04
 -9.7656250e-04]
2024-09-09 22:44:43,610 INFO =====> Num. aborted data so far: 0
2024-09-09 22:44:43,890 INFO ===> New TaichiEnv created.
2024-09-09 22:44:43,890 INFO ===> Specifications: horizon = 600, dt = 0.01, n_substeps = 20, dt_sub = 0.0005
2024-09-09 22:45:17,945 INFO =====> Epoch: 67
2024-09-09 22:45:17,945 INFO =====> Loss: 58.378875732421875
2024-09-09 22:45:17,945 INFO =====> Grad: [-7.4792477e+04  8.5343500e+05 -1.0043874e-03  2.6927502e+04
 -5.4931641e-04]
2024-09-09 22:45:17,945 INFO =====> Num. aborted data so far: 0
2024-09-09 22:45:18,226 INFO ===> New TaichiEnv created.
2024-09-09 22:45:18,226 INFO ===> Specifications: horizon = 600, dt = 0.01, n_substeps = 20, dt_sub = 0.0005
2024-09-09 22:45:51,569 INFO =====> Epoch: 68
2024-09-09 22:45:51,569 INFO =====> Loss: 57.96631622314453
2024-09-09 22:45:51,569 INFO =====> Grad: [-5.0489419e+05  1.4538934e+06  8.8228546e-03  5.1569312e+04
 -7.3242188e-03]
2024-09-09 22:45:51,569 INFO =====> Num. aborted data so far: 0
2024-09-09 22:45:51,850 INFO ===> New TaichiEnv created.
2024-09-09 22:45:51,850 INFO ===> Specifications: horizon = 600, dt = 0.01, n_substeps = 20, dt_sub = 0.0005
2024-09-09 22:46:24,755 INFO =====> Epoch: 69
2024-09-09 22:46:24,755 INFO =====> Loss: 57.72591781616211
2024-09-09 22:46:24,755 INFO =====> Grad: [-5.0367329e+03  1.8791283e+04 -7.4736119e-05  1.7340449e+04
 -1.8692017e-04]
2024-09-09 22:46:24,755 INFO =====> Num. aborted data so far: 0
2024-09-09 22:46:25,036 INFO ===> New TaichiEnv created.
2024-09-09 22:46:25,036 INFO ===> Specifications: horizon = 600, dt = 0.01, n_substeps = 20, dt_sub = 0.0005
2024-09-09 22:46:57,972 INFO =====> Epoch: 70
2024-09-09 22:46:57,972 INFO =====> Loss: 57.15700912475586
2024-09-09 22:46:57,972 INFO =====> Grad: [ 7.2925723e+03 -2.5797500e+04  2.5384483e-04 -4.4275610e+03
  4.8828125e-04]
2024-09-09 22:46:57,972 INFO =====> Num. aborted data so far: 0
2024-09-09 22:46:58,255 INFO ===> New TaichiEnv created.
2024-09-09 22:46:58,255 INFO ===> Specifications: horizon = 600, dt = 0.01, n_substeps = 20, dt_sub = 0.0005
2024-09-09 22:47:31,397 INFO =====> Epoch: 71
2024-09-09 22:47:31,397 INFO =====> Loss: 57.71429443359375
2024-09-09 22:47:31,397 INFO =====> Grad: [-1.4844547e+03  3.5332939e+03 -2.7031507e-04 -5.7010146e+03
  8.3446503e-07]
2024-09-09 22:47:31,397 INFO =====> Num. aborted data so far: 0
2024-09-09 22:47:31,681 INFO ===> New TaichiEnv created.
2024-09-09 22:47:31,681 INFO ===> Specifications: horizon = 600, dt = 0.01, n_substeps = 20, dt_sub = 0.0005
2024-09-09 22:48:04,829 INFO =====> Epoch: 72
2024-09-09 22:48:04,829 INFO =====> Loss: 56.971988677978516
2024-09-09 22:48:04,829 INFO =====> Grad: [-6.4137153e+03  3.0929465e+04  8.8238012e-05  3.1528012e+04
  2.4414062e-04]
2024-09-09 22:48:04,829 INFO =====> Num. aborted data so far: 0
2024-09-09 22:48:05,114 INFO ===> New TaichiEnv created.
2024-09-09 22:48:05,114 INFO ===> Specifications: horizon = 600, dt = 0.01, n_substeps = 20, dt_sub = 0.0005
2024-09-09 22:48:38,019 INFO =====> Epoch: 73
2024-09-09 22:48:38,019 INFO =====> Loss: 57.409610748291016
2024-09-09 22:48:38,019 INFO =====> Grad: [-4.8648428e+03  2.5617674e+04 -1.9103175e-04 -1.6374218e+04
 -1.8920898e-03]
2024-09-09 22:48:38,019 INFO =====> Num. aborted data so far: 0
2024-09-09 22:48:38,302 INFO ===> New TaichiEnv created.
2024-09-09 22:48:38,302 INFO ===> Specifications: horizon = 600, dt = 0.01, n_substeps = 20, dt_sub = 0.0005
2024-09-09 22:49:10,504 INFO =====> Epoch: 74
2024-09-09 22:49:10,504 INFO =====> Loss: 56.808406829833984
2024-09-09 22:49:10,504 INFO =====> Grad: [-2.9336543e+03  1.2424628e+04 -3.1041668e-04  1.5036801e+04
  3.6621094e-04]
2024-09-09 22:49:10,504 INFO =====> Num. aborted data so far: 0
2024-09-09 22:49:10,786 INFO ===> New TaichiEnv created.
2024-09-09 22:49:10,786 INFO ===> Specifications: horizon = 600, dt = 0.01, n_substeps = 20, dt_sub = 0.0005
2024-09-09 22:49:43,689 INFO =====> Epoch: 75
2024-09-09 22:49:43,689 INFO =====> Loss: 57.03678512573242
2024-09-09 22:49:43,689 INFO =====> Grad: [ 1.2320029e+03 -1.6182437e+04  1.2874899e-03 -5.1403531e+04
 -9.1552734e-05]
2024-09-09 22:49:43,689 INFO =====> Num. aborted data so far: 0
2024-09-09 22:49:43,970 INFO ===> New TaichiEnv created.
2024-09-09 22:49:43,970 INFO ===> Specifications: horizon = 600, dt = 0.01, n_substeps = 20, dt_sub = 0.0005
2024-09-09 22:50:16,119 INFO =====> Epoch: 76
2024-09-09 22:50:16,119 INFO =====> Loss: 56.810123443603516
2024-09-09 22:50:16,119 INFO =====> Grad: [ 1.9552219e+04 -7.1936883e+04  2.6817294e-03  2.8574369e+04
  1.7700195e-03]
2024-09-09 22:50:16,119 INFO =====> Num. aborted data so far: 0
2024-09-09 22:50:16,402 INFO ===> New TaichiEnv created.
2024-09-09 22:50:16,402 INFO ===> Specifications: horizon = 600, dt = 0.01, n_substeps = 20, dt_sub = 0.0005
2024-09-09 22:50:49,341 INFO =====> Epoch: 77
2024-09-09 22:50:49,341 INFO =====> Loss: 57.4697151184082
2024-09-09 22:50:49,341 INFO =====> Grad: [ 5.4355781e+03 -2.3374898e+04  1.1890431e-04  3.5877180e+03
  1.3351440e-05]
2024-09-09 22:50:49,341 INFO =====> Num. aborted data so far: 0
2024-09-09 22:50:49,625 INFO ===> New TaichiEnv created.
2024-09-09 22:50:49,625 INFO ===> Specifications: horizon = 600, dt = 0.01, n_substeps = 20, dt_sub = 0.0005
2024-09-09 22:51:22,567 INFO =====> Epoch: 78
2024-09-09 22:51:22,567 INFO =====> Loss: 57.20597839355469
2024-09-09 22:51:22,568 INFO =====> Grad: [ 7.7083594e+03 -2.5786547e+04  2.0118793e-03  6.6799031e+04
 -3.6621094e-04]
2024-09-09 22:51:22,568 INFO =====> Num. aborted data so far: 0
2024-09-09 22:51:22,851 INFO ===> New TaichiEnv created.
2024-09-09 22:51:22,851 INFO ===> Specifications: horizon = 600, dt = 0.01, n_substeps = 20, dt_sub = 0.0005
2024-09-09 22:51:56,398 INFO =====> Epoch: 79
2024-09-09 22:51:56,398 INFO =====> Loss: 58.19379425048828
2024-09-09 22:51:56,398 INFO =====> Grad: [ 8.9078779e+03 -3.0991215e+04 -9.0099068e-04  3.5043844e+04
  4.8828125e-04]
2024-09-09 22:51:56,398 INFO =====> Num. aborted data so far: 0
2024-09-09 22:51:56,681 INFO ===> New TaichiEnv created.
2024-09-09 22:51:56,682 INFO ===> Specifications: horizon = 600, dt = 0.01, n_substeps = 20, dt_sub = 0.0005
2024-09-09 22:52:30,368 INFO =====> Epoch: 80
2024-09-09 22:52:30,368 INFO =====> Loss: 58.73527908325195
2024-09-09 22:52:30,369 INFO =====> Grad: [ 4.7887969e+05 -1.1625174e+06  1.4732795e-02 -1.0863441e+04
  1.5258789e-05]
2024-09-09 22:52:30,369 INFO =====> Num. aborted data so far: 0
2024-09-09 22:52:30,652 INFO ===> New TaichiEnv created.
2024-09-09 22:52:30,652 INFO ===> Specifications: horizon = 600, dt = 0.01, n_substeps = 20, dt_sub = 0.0005
2024-09-09 22:53:04,527 INFO =====> Epoch: 81
2024-09-09 22:53:04,527 INFO =====> Loss: 58.8237419128418
2024-09-09 22:53:04,527 INFO =====> Grad: [-1.9700223e+02 -3.1484260e+04  2.1929231e-03 -9.3764508e+04
 -2.2583008e-03]
2024-09-09 22:53:04,527 INFO =====> Num. aborted data so far: 0
2024-09-09 22:53:04,814 INFO ===> New TaichiEnv created.
2024-09-09 22:53:04,814 INFO ===> Specifications: horizon = 600, dt = 0.01, n_substeps = 20, dt_sub = 0.0005
2024-09-09 22:53:39,189 INFO =====> Epoch: 82
2024-09-09 22:53:39,190 INFO =====> Loss: 59.049217224121094
2024-09-09 22:53:39,190 INFO =====> Grad: [-1.7374064e+03  1.0432822e+04 -4.2487160e-04  6.0370539e+04
 -1.8310547e-04]
2024-09-09 22:53:39,190 INFO =====> Num. aborted data so far: 0
2024-09-09 22:53:39,475 INFO ===> New TaichiEnv created.
2024-09-09 22:53:39,475 INFO ===> Specifications: horizon = 600, dt = 0.01, n_substeps = 20, dt_sub = 0.0005
2024-09-09 22:54:13,672 INFO =====> Epoch: 83
2024-09-09 22:54:13,672 INFO =====> Loss: 58.94091033935547
2024-09-09 22:54:13,672 INFO =====> Grad: [-5.5693369e+03  1.2035678e+04 -7.1591476e-04 -4.9001359e+04
 -1.0986328e-03]
2024-09-09 22:54:13,672 INFO =====> Num. aborted data so far: 0
2024-09-09 22:54:13,956 INFO ===> New TaichiEnv created.
2024-09-09 22:54:13,956 INFO ===> Specifications: horizon = 600, dt = 0.01, n_substeps = 20, dt_sub = 0.0005
2024-09-09 22:54:47,293 INFO =====> Epoch: 84
2024-09-09 22:54:47,293 INFO =====> Loss: 58.382110595703125
2024-09-09 22:54:47,293 INFO =====> Grad: [-1.4854900e+06  4.4555255e+06 -1.0530354e-02 -5.6455840e+04
  1.2207031e-03]
2024-09-09 22:54:47,293 INFO =====> Num. aborted data so far: 0
2024-09-09 22:54:47,578 INFO ===> New TaichiEnv created.
2024-09-09 22:54:47,578 INFO ===> Specifications: horizon = 600, dt = 0.01, n_substeps = 20, dt_sub = 0.0005
2024-09-09 22:55:20,946 INFO =====> Epoch: 85
2024-09-09 22:55:20,946 INFO =====> Loss: 57.93144989013672
2024-09-09 22:55:20,946 INFO =====> Grad: [ 2.6054355e+03 -1.9099016e+03 -5.0652394e-05 -1.9727211e+04
  5.3405762e-05]
2024-09-09 22:55:20,946 INFO =====> Num. aborted data so far: 0
2024-09-09 22:55:21,231 INFO ===> New TaichiEnv created.
2024-09-09 22:55:21,231 INFO ===> Specifications: horizon = 600, dt = 0.01, n_substeps = 20, dt_sub = 0.0005
2024-09-09 22:55:54,156 INFO =====> Epoch: 86
2024-09-09 22:55:54,156 INFO =====> Loss: 57.225399017333984
2024-09-09 22:55:54,156 INFO =====> Grad: [ 2.7039925e+05 -8.0395275e+05  3.8054097e-03  1.2339362e+04
 -3.6621094e-04]
2024-09-09 22:55:54,156 INFO =====> Num. aborted data so far: 0
2024-09-09 22:55:54,443 INFO ===> New TaichiEnv created.
2024-09-09 22:55:54,443 INFO ===> Specifications: horizon = 600, dt = 0.01, n_substeps = 20, dt_sub = 0.0005
2024-09-09 22:56:28,545 INFO =====> Epoch: 87
2024-09-09 22:56:28,546 INFO =====> Loss: 58.43798828125
2024-09-09 22:56:28,546 INFO =====> Grad: [-1.0132381e+04  3.4479250e+04 -2.1670414e-05 -1.9377863e+04
  1.5869141e-03]
2024-09-09 22:56:28,546 INFO =====> Num. aborted data so far: 0
2024-09-09 22:56:28,829 INFO ===> New TaichiEnv created.
2024-09-09 22:56:28,829 INFO ===> Specifications: horizon = 600, dt = 0.01, n_substeps = 20, dt_sub = 0.0005
2024-09-09 22:57:02,062 INFO =====> Epoch: 88
2024-09-09 22:57:02,063 INFO =====> Loss: 57.31892776489258
2024-09-09 22:57:02,063 INFO =====> Grad: [ 8.2661625e+05 -2.2632650e+06 -7.8432877e-03 -7.3272055e+04
  1.2969971e-04]
2024-09-09 22:57:02,063 INFO =====> Num. aborted data so far: 0
2024-09-09 22:57:02,347 INFO ===> New TaichiEnv created.
2024-09-09 22:57:02,347 INFO ===> Specifications: horizon = 600, dt = 0.01, n_substeps = 20, dt_sub = 0.0005
2024-09-09 22:57:35,479 INFO =====> Epoch: 89
2024-09-09 22:57:35,479 INFO =====> Loss: 57.26877975463867
2024-09-09 22:57:35,479 INFO =====> Grad: [-3.7415222e+03  1.8979082e+04 -1.6717124e-05 -3.6138234e+04
 -8.3923340e-05]
2024-09-09 22:57:35,479 INFO =====> Num. aborted data so far: 0
2024-09-09 22:57:35,764 INFO ===> New TaichiEnv created.
2024-09-09 22:57:35,764 INFO ===> Specifications: horizon = 600, dt = 0.01, n_substeps = 20, dt_sub = 0.0005
2024-09-09 22:58:08,704 INFO =====> Epoch: 90
2024-09-09 22:58:08,704 INFO =====> Loss: 57.18913269042969
2024-09-09 22:58:08,704 INFO =====> Grad: [-1.7649753e+05  4.0555750e+05 -1.2410118e-03  3.1675088e+04
  4.2724609e-04]
2024-09-09 22:58:08,704 INFO =====> Num. aborted data so far: 0
2024-09-09 22:58:08,990 INFO ===> New TaichiEnv created.
2024-09-09 22:58:08,990 INFO ===> Specifications: horizon = 600, dt = 0.01, n_substeps = 20, dt_sub = 0.0005
2024-09-09 22:58:41,796 INFO =====> Epoch: 91
2024-09-09 22:58:41,796 INFO =====> Loss: 57.15190887451172
2024-09-09 22:58:41,797 INFO =====> Grad: [ 3.3850046e+03 -1.4246014e+04  2.8710149e-04 -2.3153811e+04
  1.3351440e-04]
2024-09-09 22:58:41,797 INFO =====> Num. aborted data so far: 0
2024-09-09 22:58:42,081 INFO ===> New TaichiEnv created.
2024-09-09 22:58:42,081 INFO ===> Specifications: horizon = 600, dt = 0.01, n_substeps = 20, dt_sub = 0.0005
2024-09-09 22:59:14,978 INFO =====> Epoch: 92
2024-09-09 22:59:14,978 INFO =====> Loss: 57.1895637512207
2024-09-09 22:59:14,978 INFO =====> Grad: [ 6.3071331e+05 -1.8944029e+06  4.6612393e-02 -3.7614910e+04
  5.0354004e-04]
2024-09-09 22:59:14,978 INFO =====> Num. aborted data so far: 0
2024-09-09 22:59:15,262 INFO ===> New TaichiEnv created.
2024-09-09 22:59:15,262 INFO ===> Specifications: horizon = 600, dt = 0.01, n_substeps = 20, dt_sub = 0.0005
2024-09-09 22:59:48,608 INFO =====> Epoch: 93
2024-09-09 22:59:48,608 INFO =====> Loss: 58.069644927978516
2024-09-09 22:59:48,608 INFO =====> Grad: [ 6.7830578e+04 -2.0725927e+05  2.7360505e-04  1.3064201e+05
 -3.1250000e-02]
2024-09-09 22:59:48,608 INFO =====> Num. aborted data so far: 0
2024-09-09 22:59:48,892 INFO ===> New TaichiEnv created.
2024-09-09 22:59:48,892 INFO ===> Specifications: horizon = 600, dt = 0.01, n_substeps = 20, dt_sub = 0.0005
2024-09-09 23:00:23,146 INFO =====> Epoch: 94
2024-09-09 23:00:23,146 INFO =====> Loss: 58.06432342529297
2024-09-09 23:00:23,146 INFO =====> Grad: [ 2.6276434e+02 -3.7355609e+02  7.9309684e-05  8.5529258e+03
 -2.7465820e-04]
2024-09-09 23:00:23,146 INFO =====> Num. aborted data so far: 0
2024-09-09 23:00:23,433 INFO ===> New TaichiEnv created.
2024-09-09 23:00:23,433 INFO ===> Specifications: horizon = 600, dt = 0.01, n_substeps = 20, dt_sub = 0.0005
2024-09-09 23:00:57,964 INFO =====> Epoch: 95
2024-09-09 23:00:57,964 INFO =====> Loss: 58.867313385009766
2024-09-09 23:00:57,964 INFO =====> Grad: [ 3.1122578e+03 -2.2279469e+04 -7.1076371e-05  1.4243732e+02
  3.0517578e-05]
2024-09-09 23:00:57,964 INFO =====> Num. aborted data so far: 0
2024-09-09 23:00:58,248 INFO ===> New TaichiEnv created.
2024-09-09 23:00:58,248 INFO ===> Specifications: horizon = 600, dt = 0.01, n_substeps = 20, dt_sub = 0.0005
2024-09-09 23:01:32,792 INFO =====> Epoch: 96
2024-09-09 23:01:32,792 INFO =====> Loss: 59.09404754638672
2024-09-09 23:01:32,793 INFO =====> Grad: [ 6.0228070e+02  9.9930353e+02  3.3819795e-04  6.1567515e+03
 -1.2207031e-04]
2024-09-09 23:01:32,793 INFO =====> Num. aborted data so far: 0
2024-09-09 23:01:33,078 INFO ===> New TaichiEnv created.
2024-09-09 23:01:33,078 INFO ===> Specifications: horizon = 600, dt = 0.01, n_substeps = 20, dt_sub = 0.0005
2024-09-09 23:02:07,874 INFO =====> Epoch: 97
2024-09-09 23:02:07,874 INFO =====> Loss: 59.57546615600586
2024-09-09 23:02:07,874 INFO =====> Grad: [-7.5424795e+03  8.5382109e+04 -1.1889957e-04 -3.1521949e+04
 -1.2207031e-04]
2024-09-09 23:02:07,874 INFO =====> Num. aborted data so far: 0
2024-09-09 23:02:08,160 INFO ===> New TaichiEnv created.
2024-09-09 23:02:08,160 INFO ===> Specifications: horizon = 600, dt = 0.01, n_substeps = 20, dt_sub = 0.0005
2024-09-09 23:02:42,512 INFO =====> Epoch: 98
2024-09-09 23:02:42,512 INFO =====> Loss: 58.76265335083008
2024-09-09 23:02:42,512 INFO =====> Grad: [ 7.8227155e+02 -2.1300903e+03 -4.0800541e-04 -4.3606953e+04
  1.6021729e-04]
2024-09-09 23:02:42,512 INFO =====> Num. aborted data so far: 0
2024-09-09 23:02:42,799 INFO ===> New TaichiEnv created.
2024-09-09 23:02:42,799 INFO ===> Specifications: horizon = 600, dt = 0.01, n_substeps = 20, dt_sub = 0.0005
2024-09-09 23:03:16,822 INFO =====> Epoch: 99
2024-09-09 23:03:16,822 INFO =====> Loss: 57.42283248901367
2024-09-09 23:03:16,823 INFO =====> Grad: [ 7.6953735e+03 -6.9589477e+04  1.4172262e-04  1.1050344e+04
 -1.0681152e-03]
2024-09-09 23:03:16,823 INFO =====> Num. aborted data so far: 0
2024-09-09 23:03:16,824 INFO ====> Finished training.
