2024-12-10 20:51:59,060 DEBUG loaded <trimesh.Trimesh(vertices.shape=(916, 3), faces.shape=(856, 3))> using `load_obj` in 0.0030s
2024-12-10 20:51:59,209 DEBUG loaded <trimesh.Trimesh(vertices.shape=(48, 3), faces.shape=(28, 3))> using `load_obj` in 0.0007s
2024-12-10 20:52:07,723 DEBUG loaded <trimesh.Trimesh(vertices.shape=(916, 3), faces.shape=(856, 3))> using `load_obj` in 0.0029s
2024-12-10 20:52:07,870 DEBUG loaded <trimesh.Trimesh(vertices.shape=(48, 3), faces.shape=(28, 3))> using `load_obj` in 0.0007s
2024-12-10 20:52:17,854 DEBUG loaded <trimesh.Trimesh(vertices.shape=(916, 3), faces.shape=(856, 3))> using `load_obj` in 0.0030s
2024-12-10 20:52:18,006 DEBUG loaded <trimesh.Trimesh(vertices.shape=(48, 3), faces.shape=(28, 3))> using `load_obj` in 0.0007s
2024-12-10 20:52:27,590 DEBUG loaded <trimesh.Trimesh(vertices.shape=(916, 3), faces.shape=(856, 3))> using `load_obj` in 0.0029s
2024-12-10 20:52:27,747 DEBUG loaded <trimesh.Trimesh(vertices.shape=(48, 3), faces.shape=(28, 3))> using `load_obj` in 0.0007s
2024-12-10 20:52:36,461 DEBUG loaded <trimesh.Trimesh(vertices.shape=(916, 3), faces.shape=(856, 3))> using `load_obj` in 0.0030s
2024-12-10 20:52:36,614 DEBUG loaded <trimesh.Trimesh(vertices.shape=(48, 3), faces.shape=(28, 3))> using `load_obj` in 0.0007s
2024-12-10 20:52:44,662 DEBUG loaded <trimesh.Trimesh(vertices.shape=(916, 3), faces.shape=(856, 3))> using `load_obj` in 0.0039s
2024-12-10 20:52:44,857 DEBUG loaded <trimesh.Trimesh(vertices.shape=(48, 3), faces.shape=(28, 3))> using `load_obj` in 0.0008s
2024-12-10 20:52:53,639 DEBUG loaded <trimesh.Trimesh(vertices.shape=(916, 3), faces.shape=(856, 3))> using `load_obj` in 0.0039s
2024-12-10 20:52:53,833 DEBUG loaded <trimesh.Trimesh(vertices.shape=(48, 3), faces.shape=(28, 3))> using `load_obj` in 0.0008s
2024-12-10 20:53:02,956 DEBUG loaded <trimesh.Trimesh(vertices.shape=(916, 3), faces.shape=(856, 3))> using `load_obj` in 0.0039s
2024-12-10 20:53:03,157 DEBUG loaded <trimesh.Trimesh(vertices.shape=(48, 3), faces.shape=(28, 3))> using `load_obj` in 0.0008s
2024-12-10 20:53:11,910 DEBUG loaded <trimesh.Trimesh(vertices.shape=(916, 3), faces.shape=(856, 3))> using `load_obj` in 0.0039s
2024-12-10 20:53:12,104 DEBUG loaded <trimesh.Trimesh(vertices.shape=(48, 3), faces.shape=(28, 3))> using `load_obj` in 0.0008s
2024-12-10 20:53:19,897 DEBUG loaded <trimesh.Trimesh(vertices.shape=(916, 3), faces.shape=(856, 3))> using `load_obj` in 0.0028s
2024-12-10 20:53:20,046 DEBUG loaded <trimesh.Trimesh(vertices.shape=(48, 3), faces.shape=(28, 3))> using `load_obj` in 0.0007s
2024-12-10 20:53:30,107 DEBUG loaded <trimesh.Trimesh(vertices.shape=(916, 3), faces.shape=(856, 3))> using `load_obj` in 0.0027s
2024-12-10 20:53:30,258 DEBUG loaded <trimesh.Trimesh(vertices.shape=(48, 3), faces.shape=(28, 3))> using `load_obj` in 0.0007s
2024-12-10 20:53:56,100 INFO =====> Skill params: [ 0.92332643  0.77770257  0.70919913  0.04959369 -0.5724409 ]
2024-12-10 20:53:56,100 INFO =====> Grad: [2.1229424e+03 5.6297681e+02 5.6219724e-06 5.6170551e+02 1.1535848e-05]
2024-12-10 20:53:56,100 INFO =====> Num. aborted data so far: 0
2024-12-10 20:53:56,101 INFO ===========> Epoch: 0 optimisation losses
2024-12-10 20:53:56,101 INFO =====> EMD Loss: 14.525080
2024-12-10 20:53:56,101 INFO =====> Height map loss: 6.628796
2024-12-10 20:53:56,747 DEBUG loaded <trimesh.Trimesh(vertices.shape=(916, 3), faces.shape=(856, 3))> using `load_obj` in 0.0030s
2024-12-10 20:53:56,895 DEBUG loaded <trimesh.Trimesh(vertices.shape=(48, 3), faces.shape=(28, 3))> using `load_obj` in 0.0007s
2024-12-10 20:54:05,633 INFO ==> EMD Loss: 14.495129
2024-12-10 20:54:05,633 INFO ==> Height map loss:  6.582687
2024-12-10 20:54:06,258 DEBUG loaded <trimesh.Trimesh(vertices.shape=(916, 3), faces.shape=(856, 3))> using `load_obj` in 0.0029s
2024-12-10 20:54:06,410 DEBUG loaded <trimesh.Trimesh(vertices.shape=(48, 3), faces.shape=(28, 3))> using `load_obj` in 0.0007s
2024-12-10 20:54:15,056 INFO ==> EMD Loss: 14.854862
2024-12-10 20:54:15,057 INFO ==> Height map loss:  7.111296
2024-12-10 20:54:15,705 DEBUG loaded <trimesh.Trimesh(vertices.shape=(916, 3), faces.shape=(856, 3))> using `load_obj` in 0.0030s
2024-12-10 20:54:15,857 DEBUG loaded <trimesh.Trimesh(vertices.shape=(48, 3), faces.shape=(28, 3))> using `load_obj` in 0.0007s
2024-12-10 20:54:24,392 INFO ==> EMD Loss: 15.324680
2024-12-10 20:54:24,392 INFO ==> Height map loss:  7.784016
2024-12-10 20:54:25,006 DEBUG loaded <trimesh.Trimesh(vertices.shape=(916, 3), faces.shape=(856, 3))> using `load_obj` in 0.0029s
2024-12-10 20:54:25,158 DEBUG loaded <trimesh.Trimesh(vertices.shape=(48, 3), faces.shape=(28, 3))> using `load_obj` in 0.0007s
2024-12-10 20:54:33,290 INFO ==> EMD Loss: 15.882023
2024-12-10 20:54:33,290 INFO ==> Height map loss:  8.304852
2024-12-10 20:54:33,900 DEBUG loaded <trimesh.Trimesh(vertices.shape=(916, 3), faces.shape=(856, 3))> using `load_obj` in 0.0029s
2024-12-10 20:54:34,051 DEBUG loaded <trimesh.Trimesh(vertices.shape=(48, 3), faces.shape=(28, 3))> using `load_obj` in 0.0007s
2024-12-10 20:54:41,858 INFO ==> EMD Loss: 16.301437
2024-12-10 20:54:41,858 INFO ==> Height map loss:  8.826399
2024-12-10 20:54:42,649 DEBUG loaded <trimesh.Trimesh(vertices.shape=(916, 3), faces.shape=(856, 3))> using `load_obj` in 0.0040s
2024-12-10 20:54:42,850 DEBUG loaded <trimesh.Trimesh(vertices.shape=(48, 3), faces.shape=(28, 3))> using `load_obj` in 0.0008s
2024-12-10 20:55:09,227 INFO =====> Skill params: [ 0.9138396   0.7682157   0.7090214   0.04010686 -0.5728054 ]
2024-12-10 20:55:09,227 INFO =====> Grad: [ 1.1577706e+03 -1.4650310e+03 -1.9694458e-05  3.0973600e+01
  6.0260714e-05]
2024-12-10 20:55:09,227 INFO =====> Num. aborted data so far: 0
2024-12-10 20:55:09,228 INFO ===========> Epoch: 1 optimisation losses
2024-12-10 20:55:09,228 INFO =====> EMD Loss: 14.496943
2024-12-10 20:55:09,228 INFO =====> Height map loss: 6.582569
2024-12-10 20:55:10,112 DEBUG loaded <trimesh.Trimesh(vertices.shape=(916, 3), faces.shape=(856, 3))> using `load_obj` in 0.0041s
2024-12-10 20:55:10,310 DEBUG loaded <trimesh.Trimesh(vertices.shape=(48, 3), faces.shape=(28, 3))> using `load_obj` in 0.0009s
2024-12-10 20:55:19,887 INFO ==> EMD Loss: 14.535565
2024-12-10 20:55:19,887 INFO ==> Height map loss:  6.640627
2024-12-10 20:55:20,688 DEBUG loaded <trimesh.Trimesh(vertices.shape=(916, 3), faces.shape=(856, 3))> using `load_obj` in 0.0040s
2024-12-10 20:55:20,888 DEBUG loaded <trimesh.Trimesh(vertices.shape=(48, 3), faces.shape=(28, 3))> using `load_obj` in 0.0008s
2024-12-10 20:55:30,471 INFO ==> EMD Loss: 14.539913
2024-12-10 20:55:30,471 INFO ==> Height map loss:  6.732373
2024-12-10 20:55:31,279 DEBUG loaded <trimesh.Trimesh(vertices.shape=(916, 3), faces.shape=(856, 3))> using `load_obj` in 0.0040s
2024-12-10 20:55:31,460 DEBUG loaded <trimesh.Trimesh(vertices.shape=(48, 3), faces.shape=(28, 3))> using `load_obj` in 0.0007s
2024-12-10 20:55:40,455 INFO ==> EMD Loss: 14.526367
2024-12-10 20:55:40,455 INFO ==> Height map loss:  6.727017
2024-12-10 20:55:41,066 DEBUG loaded <trimesh.Trimesh(vertices.shape=(916, 3), faces.shape=(856, 3))> using `load_obj` in 0.0030s
2024-12-10 20:55:41,219 DEBUG loaded <trimesh.Trimesh(vertices.shape=(48, 3), faces.shape=(28, 3))> using `load_obj` in 0.0007s
2024-12-10 20:55:50,395 INFO ==> EMD Loss: 14.525563
2024-12-10 20:55:50,395 INFO ==> Height map loss:  6.731184
2024-12-10 20:55:51,011 DEBUG loaded <trimesh.Trimesh(vertices.shape=(916, 3), faces.shape=(856, 3))> using `load_obj` in 0.0029s
2024-12-10 20:55:51,157 DEBUG loaded <trimesh.Trimesh(vertices.shape=(48, 3), faces.shape=(28, 3))> using `load_obj` in 0.0007s
2024-12-10 20:56:00,886 INFO ==> EMD Loss: 14.527949
2024-12-10 20:56:00,886 INFO ==> Height map loss:  6.731278
2024-12-10 20:56:01,642 DEBUG loaded <trimesh.Trimesh(vertices.shape=(916, 3), faces.shape=(856, 3))> using `load_obj` in 0.0030s
2024-12-10 20:56:01,793 DEBUG loaded <trimesh.Trimesh(vertices.shape=(48, 3), faces.shape=(28, 3))> using `load_obj` in 0.0007s
2024-12-10 20:56:27,985 INFO =====> Skill params: [ 0.9091115   0.77712876  0.70967615  0.03955637 -0.5747689 ]
2024-12-10 20:56:27,985 INFO =====> Grad: [ 2.7010581e+03 -1.0934883e+03  3.7157802e-06  3.0074158e+02
  3.0007272e-06]
2024-12-10 20:56:27,985 INFO =====> Num. aborted data so far: 0
2024-12-10 20:56:27,986 INFO ===========> Epoch: 2 optimisation losses
2024-12-10 20:56:27,986 INFO =====> EMD Loss: 14.535558
2024-12-10 20:56:27,986 INFO =====> Height map loss: 6.640646
2024-12-10 20:56:28,913 DEBUG loaded <trimesh.Trimesh(vertices.shape=(916, 3), faces.shape=(856, 3))> using `load_obj` in 0.0049s
2024-12-10 20:56:29,156 DEBUG loaded <trimesh.Trimesh(vertices.shape=(48, 3), faces.shape=(28, 3))> using `load_obj` in 0.0009s
2024-12-10 20:56:38,982 INFO ==> EMD Loss: 14.539317
2024-12-10 20:56:38,982 INFO ==> Height map loss:  6.729697
2024-12-10 20:56:39,783 DEBUG loaded <trimesh.Trimesh(vertices.shape=(916, 3), faces.shape=(856, 3))> using `load_obj` in 0.0040s
2024-12-10 20:56:39,981 DEBUG loaded <trimesh.Trimesh(vertices.shape=(48, 3), faces.shape=(28, 3))> using `load_obj` in 0.0008s
2024-12-10 20:56:48,911 INFO ==> EMD Loss: 14.554180
2024-12-10 20:56:48,911 INFO ==> Height map loss:  6.731295
2024-12-10 20:56:49,519 DEBUG loaded <trimesh.Trimesh(vertices.shape=(916, 3), faces.shape=(856, 3))> using `load_obj` in 0.0029s
2024-12-10 20:56:49,671 DEBUG loaded <trimesh.Trimesh(vertices.shape=(48, 3), faces.shape=(28, 3))> using `load_obj` in 0.0007s
2024-12-10 20:56:58,584 INFO ==> EMD Loss: 14.544704
2024-12-10 20:56:58,584 INFO ==> Height map loss:  6.728677
2024-12-10 20:56:59,209 DEBUG loaded <trimesh.Trimesh(vertices.shape=(916, 3), faces.shape=(856, 3))> using `load_obj` in 0.0030s
2024-12-10 20:56:59,357 DEBUG loaded <trimesh.Trimesh(vertices.shape=(48, 3), faces.shape=(28, 3))> using `load_obj` in 0.0007s
2024-12-10 20:57:09,157 INFO ==> EMD Loss: 14.526021
2024-12-10 20:57:09,157 INFO ==> Height map loss:  6.730490
2024-12-10 20:57:09,883 DEBUG loaded <trimesh.Trimesh(vertices.shape=(916, 3), faces.shape=(856, 3))> using `load_obj` in 0.0030s
2024-12-10 20:57:10,036 DEBUG loaded <trimesh.Trimesh(vertices.shape=(48, 3), faces.shape=(28, 3))> using `load_obj` in 0.0007s
2024-12-10 20:57:19,436 INFO ==> EMD Loss: 14.538296
2024-12-10 20:57:19,436 INFO ==> Height map loss:  6.727422
2024-12-10 20:57:20,406 DEBUG loaded <trimesh.Trimesh(vertices.shape=(916, 3), faces.shape=(856, 3))> using `load_obj` in 0.0048s
2024-12-10 20:57:20,654 DEBUG loaded <trimesh.Trimesh(vertices.shape=(48, 3), faces.shape=(28, 3))> using `load_obj` in 0.0010s
2024-12-10 20:57:49,110 INFO =====> Skill params: [ 0.7621007   0.88991135  0.7070722  -0.05732908 -0.57683   ]
2024-12-10 20:57:49,110 INFO =====> Grad: [0. 0. 0. 0. 0.]
2024-12-10 20:57:49,110 INFO =====> Num. aborted data so far: 0
2024-12-10 20:57:49,111 INFO ===========> Epoch: 3 optimisation losses
2024-12-10 20:57:49,111 INFO =====> EMD Loss: 14.538177
2024-12-10 20:57:49,111 INFO =====> Height map loss: 6.727418
2024-12-10 20:57:49,767 DEBUG loaded <trimesh.Trimesh(vertices.shape=(916, 3), faces.shape=(856, 3))> using `load_obj` in 0.0030s
2024-12-10 20:57:49,914 DEBUG loaded <trimesh.Trimesh(vertices.shape=(48, 3), faces.shape=(28, 3))> using `load_obj` in 0.0007s
2024-12-10 20:57:59,088 INFO ==> EMD Loss: 14.529377
2024-12-10 20:57:59,088 INFO ==> Height map loss:  6.727305
2024-12-10 20:57:59,697 DEBUG loaded <trimesh.Trimesh(vertices.shape=(916, 3), faces.shape=(856, 3))> using `load_obj` in 0.0029s
2024-12-10 20:57:59,844 DEBUG loaded <trimesh.Trimesh(vertices.shape=(48, 3), faces.shape=(28, 3))> using `load_obj` in 0.0007s
2024-12-10 20:58:08,983 INFO ==> EMD Loss: 14.529424
2024-12-10 20:58:08,983 INFO ==> Height map loss:  6.727371
2024-12-10 20:58:09,628 DEBUG loaded <trimesh.Trimesh(vertices.shape=(916, 3), faces.shape=(856, 3))> using `load_obj` in 0.0040s
2024-12-10 20:58:09,814 DEBUG loaded <trimesh.Trimesh(vertices.shape=(48, 3), faces.shape=(28, 3))> using `load_obj` in 0.0007s
2024-12-10 20:58:19,241 INFO ==> EMD Loss: 14.529353
2024-12-10 20:58:19,241 INFO ==> Height map loss:  6.727337
2024-12-10 20:58:19,869 DEBUG loaded <trimesh.Trimesh(vertices.shape=(916, 3), faces.shape=(856, 3))> using `load_obj` in 0.0030s
2024-12-10 20:58:20,021 DEBUG loaded <trimesh.Trimesh(vertices.shape=(48, 3), faces.shape=(28, 3))> using `load_obj` in 0.0007s
2024-12-10 20:58:29,851 INFO ==> EMD Loss: 14.529313
2024-12-10 20:58:29,851 INFO ==> Height map loss:  6.726733
2024-12-10 20:58:30,761 DEBUG loaded <trimesh.Trimesh(vertices.shape=(916, 3), faces.shape=(856, 3))> using `load_obj` in 0.0040s
2024-12-10 20:58:30,934 DEBUG loaded <trimesh.Trimesh(vertices.shape=(48, 3), faces.shape=(28, 3))> using `load_obj` in 0.0007s
2024-12-10 20:58:40,682 INFO ==> EMD Loss: 14.529296
2024-12-10 20:58:40,682 INFO ==> Height map loss:  6.727422
2024-12-10 20:58:41,472 DEBUG loaded <trimesh.Trimesh(vertices.shape=(916, 3), faces.shape=(856, 3))> using `load_obj` in 0.0031s
2024-12-10 20:58:41,628 DEBUG loaded <trimesh.Trimesh(vertices.shape=(48, 3), faces.shape=(28, 3))> using `load_obj` in 0.0008s
2024-12-10 20:59:09,071 INFO =====> Skill params: [ 0.7621007   0.88991135  0.7070722  -0.05732908 -0.57683   ]
2024-12-10 20:59:09,072 INFO =====> Grad: [0. 0. 0. 0. 0.]
2024-12-10 20:59:09,072 INFO =====> Num. aborted data so far: 0
2024-12-10 20:59:09,072 INFO ===========> Epoch: 4 optimisation losses
2024-12-10 20:59:09,072 INFO =====> EMD Loss: 14.529345
2024-12-10 20:59:09,072 INFO =====> Height map loss: 6.727458
2024-12-10 20:59:09,725 DEBUG loaded <trimesh.Trimesh(vertices.shape=(916, 3), faces.shape=(856, 3))> using `load_obj` in 0.0032s
2024-12-10 20:59:09,875 DEBUG loaded <trimesh.Trimesh(vertices.shape=(48, 3), faces.shape=(28, 3))> using `load_obj` in 0.0007s
2024-12-10 20:59:19,091 INFO ==> EMD Loss: 14.529346
2024-12-10 20:59:19,091 INFO ==> Height map loss:  6.727409
2024-12-10 20:59:20,054 DEBUG loaded <trimesh.Trimesh(vertices.shape=(916, 3), faces.shape=(856, 3))> using `load_obj` in 0.0049s
2024-12-10 20:59:20,296 DEBUG loaded <trimesh.Trimesh(vertices.shape=(48, 3), faces.shape=(28, 3))> using `load_obj` in 0.0010s
2024-12-10 20:59:30,884 INFO ==> EMD Loss: 14.529265
2024-12-10 20:59:30,885 INFO ==> Height map loss:  6.727437
2024-12-10 20:59:31,520 DEBUG loaded <trimesh.Trimesh(vertices.shape=(916, 3), faces.shape=(856, 3))> using `load_obj` in 0.0030s
2024-12-10 20:59:31,672 DEBUG loaded <trimesh.Trimesh(vertices.shape=(48, 3), faces.shape=(28, 3))> using `load_obj` in 0.0007s
2024-12-10 20:59:41,269 INFO ==> EMD Loss: 14.529411
2024-12-10 20:59:41,269 INFO ==> Height map loss:  6.727294
2024-12-10 20:59:41,925 DEBUG loaded <trimesh.Trimesh(vertices.shape=(916, 3), faces.shape=(856, 3))> using `load_obj` in 0.0029s
2024-12-10 20:59:42,073 DEBUG loaded <trimesh.Trimesh(vertices.shape=(48, 3), faces.shape=(28, 3))> using `load_obj` in 0.0007s
2024-12-10 20:59:51,378 INFO ==> EMD Loss: 14.529289
2024-12-10 20:59:51,378 INFO ==> Height map loss:  6.727284
2024-12-10 20:59:52,009 DEBUG loaded <trimesh.Trimesh(vertices.shape=(916, 3), faces.shape=(856, 3))> using `load_obj` in 0.0030s
2024-12-10 20:59:52,159 DEBUG loaded <trimesh.Trimesh(vertices.shape=(48, 3), faces.shape=(28, 3))> using `load_obj` in 0.0007s
2024-12-10 21:00:01,447 INFO ==> EMD Loss: 14.529309
2024-12-10 21:00:01,447 INFO ==> Height map loss:  6.726786
2024-12-10 21:00:02,071 DEBUG loaded <trimesh.Trimesh(vertices.shape=(916, 3), faces.shape=(856, 3))> using `load_obj` in 0.0029s
2024-12-10 21:00:02,219 DEBUG loaded <trimesh.Trimesh(vertices.shape=(48, 3), faces.shape=(28, 3))> using `load_obj` in 0.0007s
2024-12-10 21:00:29,849 INFO =====> Skill params: [ 0.7621007   0.88991135  0.7070722  -0.05732908 -0.57683   ]
2024-12-10 21:00:29,849 INFO =====> Grad: [0. 0. 0. 0. 0.]
2024-12-10 21:00:29,849 INFO =====> Num. aborted data so far: 0
2024-12-10 21:00:29,850 INFO ===========> Epoch: 5 optimisation losses
2024-12-10 21:00:29,850 INFO =====> EMD Loss: 14.529330
2024-12-10 21:00:29,850 INFO =====> Height map loss: 6.726757
2024-12-10 21:00:30,564 DEBUG loaded <trimesh.Trimesh(vertices.shape=(916, 3), faces.shape=(856, 3))> using `load_obj` in 0.0031s
2024-12-10 21:00:30,717 DEBUG loaded <trimesh.Trimesh(vertices.shape=(48, 3), faces.shape=(28, 3))> using `load_obj` in 0.0007s
2024-12-10 21:00:40,274 INFO ==> EMD Loss: 14.529249
2024-12-10 21:00:40,274 INFO ==> Height map loss:  6.727502
2024-12-10 21:00:40,958 DEBUG loaded <trimesh.Trimesh(vertices.shape=(916, 3), faces.shape=(856, 3))> using `load_obj` in 0.0040s
2024-12-10 21:00:41,155 DEBUG loaded <trimesh.Trimesh(vertices.shape=(48, 3), faces.shape=(28, 3))> using `load_obj` in 0.0008s
2024-12-10 21:00:50,653 INFO ==> EMD Loss: 14.529444
2024-12-10 21:00:50,653 INFO ==> Height map loss:  6.727417
2024-12-10 21:00:51,306 DEBUG loaded <trimesh.Trimesh(vertices.shape=(916, 3), faces.shape=(856, 3))> using `load_obj` in 0.0029s
2024-12-10 21:00:51,454 DEBUG loaded <trimesh.Trimesh(vertices.shape=(48, 3), faces.shape=(28, 3))> using `load_obj` in 0.0007s
2024-12-10 21:01:01,046 INFO ==> EMD Loss: 14.538292
2024-12-10 21:01:01,048 INFO ==> Height map loss:  6.727300
2024-12-10 21:01:01,678 DEBUG loaded <trimesh.Trimesh(vertices.shape=(916, 3), faces.shape=(856, 3))> using `load_obj` in 0.0029s
2024-12-10 21:01:01,826 DEBUG loaded <trimesh.Trimesh(vertices.shape=(48, 3), faces.shape=(28, 3))> using `load_obj` in 0.0007s
2024-12-10 21:01:11,179 INFO ==> EMD Loss: 14.529366
2024-12-10 21:01:11,179 INFO ==> Height map loss:  6.727409
2024-12-10 21:01:11,805 DEBUG loaded <trimesh.Trimesh(vertices.shape=(916, 3), faces.shape=(856, 3))> using `load_obj` in 0.0029s
2024-12-10 21:01:11,955 DEBUG loaded <trimesh.Trimesh(vertices.shape=(48, 3), faces.shape=(28, 3))> using `load_obj` in 0.0007s
2024-12-10 21:01:21,294 INFO ==> EMD Loss: 14.529325
2024-12-10 21:01:21,294 INFO ==> Height map loss:  6.727399
2024-12-10 21:01:21,912 DEBUG loaded <trimesh.Trimesh(vertices.shape=(916, 3), faces.shape=(856, 3))> using `load_obj` in 0.0029s
2024-12-10 21:01:22,059 DEBUG loaded <trimesh.Trimesh(vertices.shape=(48, 3), faces.shape=(28, 3))> using `load_obj` in 0.0007s
2024-12-10 21:01:49,548 INFO =====> Skill params: [ 0.7621007   0.88991135  0.7070722  -0.05732908 -0.57683   ]
2024-12-10 21:01:49,548 INFO =====> Grad: [0. 0. 0. 0. 0.]
2024-12-10 21:01:49,548 INFO =====> Num. aborted data so far: 0
2024-12-10 21:01:49,549 INFO ===========> Epoch: 6 optimisation losses
2024-12-10 21:01:49,549 INFO =====> EMD Loss: 14.529370
2024-12-10 21:01:49,549 INFO =====> Height map loss: 6.727466
2024-12-10 21:01:50,212 DEBUG loaded <trimesh.Trimesh(vertices.shape=(916, 3), faces.shape=(856, 3))> using `load_obj` in 0.0031s
2024-12-10 21:01:50,366 DEBUG loaded <trimesh.Trimesh(vertices.shape=(48, 3), faces.shape=(28, 3))> using `load_obj` in 0.0007s
2024-12-10 21:01:59,688 INFO ==> EMD Loss: 14.529427
2024-12-10 21:01:59,688 INFO ==> Height map loss:  6.727294
2024-12-10 21:02:00,407 DEBUG loaded <trimesh.Trimesh(vertices.shape=(916, 3), faces.shape=(856, 3))> using `load_obj` in 0.0031s
2024-12-10 21:02:00,560 DEBUG loaded <trimesh.Trimesh(vertices.shape=(48, 3), faces.shape=(28, 3))> using `load_obj` in 0.0007s
2024-12-10 21:02:09,837 INFO ==> EMD Loss: 14.529317
2024-12-10 21:02:09,837 INFO ==> Height map loss:  6.727560
2024-12-10 21:02:10,467 DEBUG loaded <trimesh.Trimesh(vertices.shape=(916, 3), faces.shape=(856, 3))> using `load_obj` in 0.0030s
2024-12-10 21:02:10,616 DEBUG loaded <trimesh.Trimesh(vertices.shape=(48, 3), faces.shape=(28, 3))> using `load_obj` in 0.0007s
2024-12-10 21:02:20,027 INFO ==> EMD Loss: 14.529333
2024-12-10 21:02:20,027 INFO ==> Height map loss:  6.727390
2024-12-10 21:02:20,652 DEBUG loaded <trimesh.Trimesh(vertices.shape=(916, 3), faces.shape=(856, 3))> using `load_obj` in 0.0029s
2024-12-10 21:02:20,801 DEBUG loaded <trimesh.Trimesh(vertices.shape=(48, 3), faces.shape=(28, 3))> using `load_obj` in 0.0007s
2024-12-10 21:02:30,550 INFO ==> EMD Loss: 14.529298
2024-12-10 21:02:30,550 INFO ==> Height map loss:  6.726772
2024-12-10 21:02:31,164 DEBUG loaded <trimesh.Trimesh(vertices.shape=(916, 3), faces.shape=(856, 3))> using `load_obj` in 0.0029s
2024-12-10 21:02:31,312 DEBUG loaded <trimesh.Trimesh(vertices.shape=(48, 3), faces.shape=(28, 3))> using `load_obj` in 0.0007s
2024-12-10 21:02:40,581 INFO ==> EMD Loss: 14.529260
2024-12-10 21:02:40,581 INFO ==> Height map loss:  6.727376
2024-12-10 21:02:41,200 DEBUG loaded <trimesh.Trimesh(vertices.shape=(916, 3), faces.shape=(856, 3))> using `load_obj` in 0.0029s
2024-12-10 21:02:41,348 DEBUG loaded <trimesh.Trimesh(vertices.shape=(48, 3), faces.shape=(28, 3))> using `load_obj` in 0.0007s
2024-12-10 21:03:08,849 INFO =====> Skill params: [ 0.7621007   0.88991135  0.7070722  -0.05732908 -0.57683   ]
2024-12-10 21:03:08,849 INFO =====> Grad: [0. 0. 0. 0. 0.]
2024-12-10 21:03:08,849 INFO =====> Num. aborted data so far: 0
2024-12-10 21:03:08,850 INFO ===========> Epoch: 7 optimisation losses
2024-12-10 21:03:08,850 INFO =====> EMD Loss: 14.529320
2024-12-10 21:03:08,851 INFO =====> Height map loss: 6.727439
2024-12-10 21:03:09,567 DEBUG loaded <trimesh.Trimesh(vertices.shape=(916, 3), faces.shape=(856, 3))> using `load_obj` in 0.0031s
2024-12-10 21:03:09,725 DEBUG loaded <trimesh.Trimesh(vertices.shape=(48, 3), faces.shape=(28, 3))> using `load_obj` in 0.0026s
2024-12-10 21:03:19,010 INFO ==> EMD Loss: 14.529312
2024-12-10 21:03:19,010 INFO ==> Height map loss:  6.726806
2024-12-10 21:03:19,633 DEBUG loaded <trimesh.Trimesh(vertices.shape=(916, 3), faces.shape=(856, 3))> using `load_obj` in 0.0030s
2024-12-10 21:03:19,783 DEBUG loaded <trimesh.Trimesh(vertices.shape=(48, 3), faces.shape=(28, 3))> using `load_obj` in 0.0007s
2024-12-10 21:03:29,473 INFO ==> EMD Loss: 14.529296
2024-12-10 21:03:29,473 INFO ==> Height map loss:  6.727335
2024-12-10 21:03:30,112 DEBUG loaded <trimesh.Trimesh(vertices.shape=(916, 3), faces.shape=(856, 3))> using `load_obj` in 0.0031s
2024-12-10 21:03:30,262 DEBUG loaded <trimesh.Trimesh(vertices.shape=(48, 3), faces.shape=(28, 3))> using `load_obj` in 0.0007s
2024-12-10 21:03:39,689 INFO ==> EMD Loss: 14.538304
2024-12-10 21:03:39,690 INFO ==> Height map loss:  6.727359
2024-12-10 21:03:40,327 DEBUG loaded <trimesh.Trimesh(vertices.shape=(916, 3), faces.shape=(856, 3))> using `load_obj` in 0.0031s
2024-12-10 21:03:40,476 DEBUG loaded <trimesh.Trimesh(vertices.shape=(48, 3), faces.shape=(28, 3))> using `load_obj` in 0.0007s
2024-12-10 21:03:49,866 INFO ==> EMD Loss: 14.529249
2024-12-10 21:03:49,866 INFO ==> Height map loss:  6.727456
2024-12-10 21:03:50,530 DEBUG loaded <trimesh.Trimesh(vertices.shape=(916, 3), faces.shape=(856, 3))> using `load_obj` in 0.0029s
2024-12-10 21:03:50,679 DEBUG loaded <trimesh.Trimesh(vertices.shape=(48, 3), faces.shape=(28, 3))> using `load_obj` in 0.0007s
2024-12-10 21:03:59,974 INFO ==> EMD Loss: 14.529340
2024-12-10 21:03:59,974 INFO ==> Height map loss:  6.726713
2024-12-10 21:04:00,632 DEBUG loaded <trimesh.Trimesh(vertices.shape=(916, 3), faces.shape=(856, 3))> using `load_obj` in 0.0029s
2024-12-10 21:04:00,787 DEBUG loaded <trimesh.Trimesh(vertices.shape=(48, 3), faces.shape=(28, 3))> using `load_obj` in 0.0007s
2024-12-10 21:04:28,298 INFO =====> Skill params: [ 0.7621007   0.88991135  0.7070722  -0.05732908 -0.57683   ]
2024-12-10 21:04:28,298 INFO =====> Grad: [0. 0. 0. 0. 0.]
2024-12-10 21:04:28,298 INFO =====> Num. aborted data so far: 0
2024-12-10 21:04:28,299 INFO ===========> Epoch: 8 optimisation losses
2024-12-10 21:04:28,299 INFO =====> EMD Loss: 14.538271
2024-12-10 21:04:28,299 INFO =====> Height map loss: 6.726772
2024-12-10 21:04:28,953 DEBUG loaded <trimesh.Trimesh(vertices.shape=(916, 3), faces.shape=(856, 3))> using `load_obj` in 0.0031s
2024-12-10 21:04:29,102 DEBUG loaded <trimesh.Trimesh(vertices.shape=(48, 3), faces.shape=(28, 3))> using `load_obj` in 0.0007s
2024-12-10 21:04:38,433 INFO ==> EMD Loss: 14.529331
2024-12-10 21:04:38,434 INFO ==> Height map loss:  6.728877
2024-12-10 21:04:39,107 DEBUG loaded <trimesh.Trimesh(vertices.shape=(916, 3), faces.shape=(856, 3))> using `load_obj` in 0.0030s
2024-12-10 21:04:39,256 DEBUG loaded <trimesh.Trimesh(vertices.shape=(48, 3), faces.shape=(28, 3))> using `load_obj` in 0.0007s
2024-12-10 21:04:48,594 INFO ==> EMD Loss: 14.529276
2024-12-10 21:04:48,594 INFO ==> Height map loss:  6.727486
2024-12-10 21:04:49,221 DEBUG loaded <trimesh.Trimesh(vertices.shape=(916, 3), faces.shape=(856, 3))> using `load_obj` in 0.0029s
2024-12-10 21:04:49,369 DEBUG loaded <trimesh.Trimesh(vertices.shape=(48, 3), faces.shape=(28, 3))> using `load_obj` in 0.0007s
2024-12-10 21:04:58,618 INFO ==> EMD Loss: 14.538202
2024-12-10 21:04:58,618 INFO ==> Height map loss:  6.727407
2024-12-10 21:04:59,315 DEBUG loaded <trimesh.Trimesh(vertices.shape=(916, 3), faces.shape=(856, 3))> using `load_obj` in 0.0029s
2024-12-10 21:04:59,464 DEBUG loaded <trimesh.Trimesh(vertices.shape=(48, 3), faces.shape=(28, 3))> using `load_obj` in 0.0007s
2024-12-10 21:05:08,775 INFO ==> EMD Loss: 14.529354
2024-12-10 21:05:08,775 INFO ==> Height map loss:  6.726754
2024-12-10 21:05:09,410 DEBUG loaded <trimesh.Trimesh(vertices.shape=(916, 3), faces.shape=(856, 3))> using `load_obj` in 0.0029s
2024-12-10 21:05:09,565 DEBUG loaded <trimesh.Trimesh(vertices.shape=(48, 3), faces.shape=(28, 3))> using `load_obj` in 0.0007s
2024-12-10 21:05:18,974 INFO ==> EMD Loss: 14.538247
2024-12-10 21:05:18,974 INFO ==> Height map loss:  6.727417
2024-12-10 21:05:19,636 DEBUG loaded <trimesh.Trimesh(vertices.shape=(916, 3), faces.shape=(856, 3))> using `load_obj` in 0.0029s
2024-12-10 21:05:19,786 DEBUG loaded <trimesh.Trimesh(vertices.shape=(48, 3), faces.shape=(28, 3))> using `load_obj` in 0.0007s
2024-12-10 21:05:47,262 INFO =====> Skill params: [ 0.7621007   0.88991135  0.7070722  -0.05732908 -0.57683   ]
2024-12-10 21:05:47,262 INFO =====> Grad: [0. 0. 0. 0. 0.]
2024-12-10 21:05:47,262 INFO =====> Num. aborted data so far: 0
2024-12-10 21:05:47,263 INFO ===========> Epoch: 9 optimisation losses
2024-12-10 21:05:47,263 INFO =====> EMD Loss: 14.538162
2024-12-10 21:05:47,263 INFO =====> Height map loss: 6.727413
2024-12-10 21:05:47,918 DEBUG loaded <trimesh.Trimesh(vertices.shape=(916, 3), faces.shape=(856, 3))> using `load_obj` in 0.0030s
2024-12-10 21:05:48,067 DEBUG loaded <trimesh.Trimesh(vertices.shape=(48, 3), faces.shape=(28, 3))> using `load_obj` in 0.0007s
2024-12-10 21:05:57,618 INFO ==> EMD Loss: 14.529302
2024-12-10 21:05:57,618 INFO ==> Height map loss:  6.727314
2024-12-10 21:05:58,241 DEBUG loaded <trimesh.Trimesh(vertices.shape=(916, 3), faces.shape=(856, 3))> using `load_obj` in 0.0029s
2024-12-10 21:05:58,390 DEBUG loaded <trimesh.Trimesh(vertices.shape=(48, 3), faces.shape=(28, 3))> using `load_obj` in 0.0007s
2024-12-10 21:06:07,580 INFO ==> EMD Loss: 14.529338
2024-12-10 21:06:07,580 INFO ==> Height map loss:  6.726777
2024-12-10 21:06:08,211 DEBUG loaded <trimesh.Trimesh(vertices.shape=(916, 3), faces.shape=(856, 3))> using `load_obj` in 0.0030s
2024-12-10 21:06:08,361 DEBUG loaded <trimesh.Trimesh(vertices.shape=(48, 3), faces.shape=(28, 3))> using `load_obj` in 0.0007s
2024-12-10 21:06:17,701 INFO ==> EMD Loss: 14.529420
2024-12-10 21:06:17,701 INFO ==> Height map loss:  6.726748
2024-12-10 21:06:18,329 DEBUG loaded <trimesh.Trimesh(vertices.shape=(916, 3), faces.shape=(856, 3))> using `load_obj` in 0.0030s
2024-12-10 21:06:18,478 DEBUG loaded <trimesh.Trimesh(vertices.shape=(48, 3), faces.shape=(28, 3))> using `load_obj` in 0.0007s
2024-12-10 21:06:27,887 INFO ==> EMD Loss: 14.529328
2024-12-10 21:06:27,887 INFO ==> Height map loss:  6.727384
2024-12-10 21:06:28,530 DEBUG loaded <trimesh.Trimesh(vertices.shape=(916, 3), faces.shape=(856, 3))> using `load_obj` in 0.0029s
2024-12-10 21:06:28,682 DEBUG loaded <trimesh.Trimesh(vertices.shape=(48, 3), faces.shape=(28, 3))> using `load_obj` in 0.0007s
2024-12-10 21:06:37,983 INFO ==> EMD Loss: 14.538207
2024-12-10 21:06:37,983 INFO ==> Height map loss:  6.727392
2024-12-10 21:06:38,710 DEBUG loaded <trimesh.Trimesh(vertices.shape=(916, 3), faces.shape=(856, 3))> using `load_obj` in 0.0030s
2024-12-10 21:06:38,862 DEBUG loaded <trimesh.Trimesh(vertices.shape=(48, 3), faces.shape=(28, 3))> using `load_obj` in 0.0007s
2024-12-10 21:07:06,554 INFO =====> Skill params: [ 0.7621007   0.88991135  0.7070722  -0.05732908 -0.57683   ]
2024-12-10 21:07:06,555 INFO =====> Grad: [0. 0. 0. 0. 0.]
2024-12-10 21:07:06,556 INFO =====> Num. aborted data so far: 0
2024-12-10 21:07:06,557 INFO ===========> Epoch: 10 optimisation losses
2024-12-10 21:07:06,557 INFO =====> EMD Loss: 14.529342
2024-12-10 21:07:06,557 INFO =====> Height map loss: 6.727530
2024-12-10 21:07:07,201 DEBUG loaded <trimesh.Trimesh(vertices.shape=(916, 3), faces.shape=(856, 3))> using `load_obj` in 0.0029s
2024-12-10 21:07:07,348 DEBUG loaded <trimesh.Trimesh(vertices.shape=(48, 3), faces.shape=(28, 3))> using `load_obj` in 0.0007s
2024-12-10 21:07:16,621 INFO ==> EMD Loss: 14.529384
2024-12-10 21:07:16,621 INFO ==> Height map loss:  6.727392
2024-12-10 21:07:17,248 DEBUG loaded <trimesh.Trimesh(vertices.shape=(916, 3), faces.shape=(856, 3))> using `load_obj` in 0.0031s
2024-12-10 21:07:17,404 DEBUG loaded <trimesh.Trimesh(vertices.shape=(48, 3), faces.shape=(28, 3))> using `load_obj` in 0.0007s
2024-12-10 21:07:26,723 INFO ==> EMD Loss: 14.529261
2024-12-10 21:07:26,723 INFO ==> Height map loss:  6.727393
2024-12-10 21:07:27,358 DEBUG loaded <trimesh.Trimesh(vertices.shape=(916, 3), faces.shape=(856, 3))> using `load_obj` in 0.0028s
2024-12-10 21:07:27,508 DEBUG loaded <trimesh.Trimesh(vertices.shape=(48, 3), faces.shape=(28, 3))> using `load_obj` in 0.0007s
2024-12-10 21:07:36,848 INFO ==> EMD Loss: 14.538254
2024-12-10 21:07:36,849 INFO ==> Height map loss:  6.727396
2024-12-10 21:07:37,476 DEBUG loaded <trimesh.Trimesh(vertices.shape=(916, 3), faces.shape=(856, 3))> using `load_obj` in 0.0030s
2024-12-10 21:07:37,625 DEBUG loaded <trimesh.Trimesh(vertices.shape=(48, 3), faces.shape=(28, 3))> using `load_obj` in 0.0007s
2024-12-10 21:07:47,150 INFO ==> EMD Loss: 14.529305
2024-12-10 21:07:47,150 INFO ==> Height map loss:  6.726734
2024-12-10 21:07:47,776 DEBUG loaded <trimesh.Trimesh(vertices.shape=(916, 3), faces.shape=(856, 3))> using `load_obj` in 0.0028s
2024-12-10 21:07:47,927 DEBUG loaded <trimesh.Trimesh(vertices.shape=(48, 3), faces.shape=(28, 3))> using `load_obj` in 0.0007s
2024-12-10 21:07:57,386 INFO ==> EMD Loss: 14.529404
2024-12-10 21:07:57,386 INFO ==> Height map loss:  6.727428
2024-12-10 21:07:58,019 DEBUG loaded <trimesh.Trimesh(vertices.shape=(916, 3), faces.shape=(856, 3))> using `load_obj` in 0.0030s
2024-12-10 21:07:58,174 DEBUG loaded <trimesh.Trimesh(vertices.shape=(48, 3), faces.shape=(28, 3))> using `load_obj` in 0.0007s
2024-12-10 21:08:27,175 INFO =====> Skill params: [ 0.7621007   0.88991135  0.7070722  -0.05732908 -0.57683   ]
2024-12-10 21:08:27,175 INFO =====> Grad: [0. 0. 0. 0. 0.]
2024-12-10 21:08:27,175 INFO =====> Num. aborted data so far: 0
2024-12-10 21:08:27,175 INFO ===========> Epoch: 11 optimisation losses
2024-12-10 21:08:27,175 INFO =====> EMD Loss: 14.529354
2024-12-10 21:08:27,176 INFO =====> Height map loss: 6.727427
2024-12-10 21:08:27,876 DEBUG loaded <trimesh.Trimesh(vertices.shape=(916, 3), faces.shape=(856, 3))> using `load_obj` in 0.0030s
2024-12-10 21:08:28,026 DEBUG loaded <trimesh.Trimesh(vertices.shape=(48, 3), faces.shape=(28, 3))> using `load_obj` in 0.0007s
2024-12-10 21:08:37,522 INFO ==> EMD Loss: 14.529334
2024-12-10 21:08:37,522 INFO ==> Height map loss:  6.727374
2024-12-10 21:08:38,177 DEBUG loaded <trimesh.Trimesh(vertices.shape=(916, 3), faces.shape=(856, 3))> using `load_obj` in 0.0029s
2024-12-10 21:08:38,326 DEBUG loaded <trimesh.Trimesh(vertices.shape=(48, 3), faces.shape=(28, 3))> using `load_obj` in 0.0007s
2024-12-10 21:08:47,769 INFO ==> EMD Loss: 14.538315
2024-12-10 21:08:47,769 INFO ==> Height map loss:  6.727381
2024-12-10 21:08:48,391 DEBUG loaded <trimesh.Trimesh(vertices.shape=(916, 3), faces.shape=(856, 3))> using `load_obj` in 0.0029s
2024-12-10 21:08:48,541 DEBUG loaded <trimesh.Trimesh(vertices.shape=(48, 3), faces.shape=(28, 3))> using `load_obj` in 0.0007s
2024-12-10 21:08:57,916 INFO ==> EMD Loss: 14.529363
2024-12-10 21:08:57,916 INFO ==> Height map loss:  6.726707
2024-12-10 21:08:58,537 DEBUG loaded <trimesh.Trimesh(vertices.shape=(916, 3), faces.shape=(856, 3))> using `load_obj` in 0.0029s
2024-12-10 21:08:58,686 DEBUG loaded <trimesh.Trimesh(vertices.shape=(48, 3), faces.shape=(28, 3))> using `load_obj` in 0.0007s
2024-12-10 21:09:08,473 INFO ==> EMD Loss: 14.529453
2024-12-10 21:09:08,473 INFO ==> Height map loss:  6.726688
2024-12-10 21:09:09,167 DEBUG loaded <trimesh.Trimesh(vertices.shape=(916, 3), faces.shape=(856, 3))> using `load_obj` in 0.0030s
2024-12-10 21:09:09,321 DEBUG loaded <trimesh.Trimesh(vertices.shape=(48, 3), faces.shape=(28, 3))> using `load_obj` in 0.0007s
2024-12-10 21:09:18,788 INFO ==> EMD Loss: 14.529361
2024-12-10 21:09:18,788 INFO ==> Height map loss:  6.726758
2024-12-10 21:09:19,422 DEBUG loaded <trimesh.Trimesh(vertices.shape=(916, 3), faces.shape=(856, 3))> using `load_obj` in 0.0030s
2024-12-10 21:09:19,577 DEBUG loaded <trimesh.Trimesh(vertices.shape=(48, 3), faces.shape=(28, 3))> using `load_obj` in 0.0007s
2024-12-10 21:09:47,215 INFO =====> Skill params: [ 0.7621007   0.88991135  0.7070722  -0.05732908 -0.57683   ]
2024-12-10 21:09:47,215 INFO =====> Grad: [0. 0. 0. 0. 0.]
2024-12-10 21:09:47,215 INFO =====> Num. aborted data so far: 0
2024-12-10 21:09:47,216 INFO ===========> Epoch: 12 optimisation losses
2024-12-10 21:09:47,216 INFO =====> EMD Loss: 14.529347
2024-12-10 21:09:47,216 INFO =====> Height map loss: 6.727453
2024-12-10 21:09:47,880 DEBUG loaded <trimesh.Trimesh(vertices.shape=(916, 3), faces.shape=(856, 3))> using `load_obj` in 0.0032s
2024-12-10 21:09:48,037 DEBUG loaded <trimesh.Trimesh(vertices.shape=(48, 3), faces.shape=(28, 3))> using `load_obj` in 0.0007s
2024-12-10 21:09:57,466 INFO ==> EMD Loss: 14.529235
2024-12-10 21:09:57,467 INFO ==> Height map loss:  6.727499
2024-12-10 21:09:58,232 DEBUG loaded <trimesh.Trimesh(vertices.shape=(916, 3), faces.shape=(856, 3))> using `load_obj` in 0.0049s
2024-12-10 21:09:58,477 DEBUG loaded <trimesh.Trimesh(vertices.shape=(48, 3), faces.shape=(28, 3))> using `load_obj` in 0.0010s
2024-12-10 21:10:08,055 INFO ==> EMD Loss: 14.529259
2024-12-10 21:10:08,055 INFO ==> Height map loss:  6.727456
2024-12-10 21:10:08,689 DEBUG loaded <trimesh.Trimesh(vertices.shape=(916, 3), faces.shape=(856, 3))> using `load_obj` in 0.0029s
2024-12-10 21:10:08,844 DEBUG loaded <trimesh.Trimesh(vertices.shape=(48, 3), faces.shape=(28, 3))> using `load_obj` in 0.0007s
2024-12-10 21:10:18,274 INFO ==> EMD Loss: 14.529345
2024-12-10 21:10:18,274 INFO ==> Height map loss:  6.727422
2024-12-10 21:10:18,911 DEBUG loaded <trimesh.Trimesh(vertices.shape=(916, 3), faces.shape=(856, 3))> using `load_obj` in 0.0029s
2024-12-10 21:10:19,062 DEBUG loaded <trimesh.Trimesh(vertices.shape=(48, 3), faces.shape=(28, 3))> using `load_obj` in 0.0007s
2024-12-10 21:10:28,390 INFO ==> EMD Loss: 14.529362
2024-12-10 21:10:28,390 INFO ==> Height map loss:  6.726736
2024-12-10 21:10:29,019 DEBUG loaded <trimesh.Trimesh(vertices.shape=(916, 3), faces.shape=(856, 3))> using `load_obj` in 0.0029s
2024-12-10 21:10:29,168 DEBUG loaded <trimesh.Trimesh(vertices.shape=(48, 3), faces.shape=(28, 3))> using `load_obj` in 0.0007s
2024-12-10 21:10:38,526 INFO ==> EMD Loss: 14.529364
2024-12-10 21:10:38,526 INFO ==> Height map loss:  6.727364
2024-12-10 21:10:39,151 DEBUG loaded <trimesh.Trimesh(vertices.shape=(916, 3), faces.shape=(856, 3))> using `load_obj` in 0.0028s
2024-12-10 21:10:39,301 DEBUG loaded <trimesh.Trimesh(vertices.shape=(48, 3), faces.shape=(28, 3))> using `load_obj` in 0.0007s
2024-12-10 21:11:06,821 INFO =====> Skill params: [ 0.7621007   0.88991135  0.7070722  -0.05732908 -0.57683   ]
2024-12-10 21:11:06,821 INFO =====> Grad: [0. 0. 0. 0. 0.]
2024-12-10 21:11:06,821 INFO =====> Num. aborted data so far: 0
2024-12-10 21:11:06,822 INFO ===========> Epoch: 13 optimisation losses
2024-12-10 21:11:06,822 INFO =====> EMD Loss: 14.529437
2024-12-10 21:11:06,822 INFO =====> Height map loss: 6.727324
2024-12-10 21:11:07,657 DEBUG loaded <trimesh.Trimesh(vertices.shape=(916, 3), faces.shape=(856, 3))> using `load_obj` in 0.0039s
2024-12-10 21:11:07,855 DEBUG loaded <trimesh.Trimesh(vertices.shape=(48, 3), faces.shape=(28, 3))> using `load_obj` in 0.0009s
2024-12-10 21:11:17,474 INFO ==> EMD Loss: 14.529370
2024-12-10 21:11:17,474 INFO ==> Height map loss:  6.727271
2024-12-10 21:11:18,292 DEBUG loaded <trimesh.Trimesh(vertices.shape=(916, 3), faces.shape=(856, 3))> using `load_obj` in 0.0040s
2024-12-10 21:11:18,490 DEBUG loaded <trimesh.Trimesh(vertices.shape=(48, 3), faces.shape=(28, 3))> using `load_obj` in 0.0009s
2024-12-10 21:11:28,515 INFO ==> EMD Loss: 14.529352
2024-12-10 21:11:28,515 INFO ==> Height map loss:  6.726794
2024-12-10 21:11:29,238 DEBUG loaded <trimesh.Trimesh(vertices.shape=(916, 3), faces.shape=(856, 3))> using `load_obj` in 0.0030s
2024-12-10 21:11:29,392 DEBUG loaded <trimesh.Trimesh(vertices.shape=(48, 3), faces.shape=(28, 3))> using `load_obj` in 0.0007s
2024-12-10 21:11:38,859 INFO ==> EMD Loss: 14.529364
2024-12-10 21:11:38,860 INFO ==> Height map loss:  6.727342
2024-12-10 21:11:39,573 DEBUG loaded <trimesh.Trimesh(vertices.shape=(916, 3), faces.shape=(856, 3))> using `load_obj` in 0.0030s
2024-12-10 21:11:39,725 DEBUG loaded <trimesh.Trimesh(vertices.shape=(48, 3), faces.shape=(28, 3))> using `load_obj` in 0.0007s
2024-12-10 21:11:49,014 INFO ==> EMD Loss: 14.529381
2024-12-10 21:11:49,014 INFO ==> Height map loss:  6.727312
2024-12-10 21:11:49,632 DEBUG loaded <trimesh.Trimesh(vertices.shape=(916, 3), faces.shape=(856, 3))> using `load_obj` in 0.0028s
2024-12-10 21:11:49,779 DEBUG loaded <trimesh.Trimesh(vertices.shape=(48, 3), faces.shape=(28, 3))> using `load_obj` in 0.0007s
2024-12-10 21:11:58,966 INFO ==> EMD Loss: 14.529387
2024-12-10 21:11:58,966 INFO ==> Height map loss:  6.727326
2024-12-10 21:11:59,582 DEBUG loaded <trimesh.Trimesh(vertices.shape=(916, 3), faces.shape=(856, 3))> using `load_obj` in 0.0029s
2024-12-10 21:11:59,732 DEBUG loaded <trimesh.Trimesh(vertices.shape=(48, 3), faces.shape=(28, 3))> using `load_obj` in 0.0007s
2024-12-10 21:12:28,168 INFO =====> Skill params: [ 0.7621007   0.88991135  0.7070722  -0.05732908 -0.57683   ]
2024-12-10 21:12:28,168 INFO =====> Grad: [0. 0. 0. 0. 0.]
2024-12-10 21:12:28,168 INFO =====> Num. aborted data so far: 0
2024-12-10 21:12:28,169 INFO ===========> Epoch: 14 optimisation losses
2024-12-10 21:12:28,169 INFO =====> EMD Loss: 14.529280
2024-12-10 21:12:28,169 INFO =====> Height map loss: 6.726761
2024-12-10 21:12:28,829 DEBUG loaded <trimesh.Trimesh(vertices.shape=(916, 3), faces.shape=(856, 3))> using `load_obj` in 0.0032s
2024-12-10 21:12:28,983 DEBUG loaded <trimesh.Trimesh(vertices.shape=(48, 3), faces.shape=(28, 3))> using `load_obj` in 0.0007s
2024-12-10 21:12:38,546 INFO ==> EMD Loss: 14.529389
2024-12-10 21:12:38,546 INFO ==> Height map loss:  6.726606
2024-12-10 21:12:39,327 DEBUG loaded <trimesh.Trimesh(vertices.shape=(916, 3), faces.shape=(856, 3))> using `load_obj` in 0.0040s
2024-12-10 21:12:39,525 DEBUG loaded <trimesh.Trimesh(vertices.shape=(48, 3), faces.shape=(28, 3))> using `load_obj` in 0.0009s
2024-12-10 21:12:49,233 INFO ==> EMD Loss: 14.538252
2024-12-10 21:12:49,233 INFO ==> Height map loss:  6.727318
2024-12-10 21:12:49,864 DEBUG loaded <trimesh.Trimesh(vertices.shape=(916, 3), faces.shape=(856, 3))> using `load_obj` in 0.0030s
2024-12-10 21:12:50,017 DEBUG loaded <trimesh.Trimesh(vertices.shape=(48, 3), faces.shape=(28, 3))> using `load_obj` in 0.0007s
2024-12-10 21:12:59,428 INFO ==> EMD Loss: 14.529300
2024-12-10 21:12:59,428 INFO ==> Height map loss:  6.727475
2024-12-10 21:13:00,058 DEBUG loaded <trimesh.Trimesh(vertices.shape=(916, 3), faces.shape=(856, 3))> using `load_obj` in 0.0030s
2024-12-10 21:13:00,213 DEBUG loaded <trimesh.Trimesh(vertices.shape=(48, 3), faces.shape=(28, 3))> using `load_obj` in 0.0007s
2024-12-10 21:13:09,483 INFO ==> EMD Loss: 14.529421
2024-12-10 21:13:09,483 INFO ==> Height map loss:  6.727384
2024-12-10 21:13:10,188 DEBUG loaded <trimesh.Trimesh(vertices.shape=(916, 3), faces.shape=(856, 3))> using `load_obj` in 0.0030s
2024-12-10 21:13:10,337 DEBUG loaded <trimesh.Trimesh(vertices.shape=(48, 3), faces.shape=(28, 3))> using `load_obj` in 0.0007s
2024-12-10 21:13:19,537 INFO ==> EMD Loss: 14.538206
2024-12-10 21:13:19,537 INFO ==> Height map loss:  6.727290
2024-12-10 21:13:20,158 DEBUG loaded <trimesh.Trimesh(vertices.shape=(916, 3), faces.shape=(856, 3))> using `load_obj` in 0.0029s
2024-12-10 21:13:20,308 DEBUG loaded <trimesh.Trimesh(vertices.shape=(48, 3), faces.shape=(28, 3))> using `load_obj` in 0.0007s
2024-12-10 21:13:47,977 INFO =====> Skill params: [ 0.7621007   0.88991135  0.7070722  -0.05732908 -0.57683   ]
2024-12-10 21:13:47,977 INFO =====> Grad: [0. 0. 0. 0. 0.]
2024-12-10 21:13:47,977 INFO =====> Num. aborted data so far: 0
2024-12-10 21:13:47,978 INFO ===========> Epoch: 15 optimisation losses
2024-12-10 21:13:47,978 INFO =====> EMD Loss: 14.529322
2024-12-10 21:13:47,978 INFO =====> Height map loss: 6.727379
2024-12-10 21:13:48,635 DEBUG loaded <trimesh.Trimesh(vertices.shape=(916, 3), faces.shape=(856, 3))> using `load_obj` in 0.0032s
2024-12-10 21:13:48,790 DEBUG loaded <trimesh.Trimesh(vertices.shape=(48, 3), faces.shape=(28, 3))> using `load_obj` in 0.0007s
2024-12-10 21:13:58,511 INFO ==> EMD Loss: 14.529236
2024-12-10 21:13:58,511 INFO ==> Height map loss:  6.726806
2024-12-10 21:13:59,336 DEBUG loaded <trimesh.Trimesh(vertices.shape=(916, 3), faces.shape=(856, 3))> using `load_obj` in 0.0040s
2024-12-10 21:13:59,529 DEBUG loaded <trimesh.Trimesh(vertices.shape=(48, 3), faces.shape=(28, 3))> using `load_obj` in 0.0009s
2024-12-10 21:14:09,179 INFO ==> EMD Loss: 14.529314
2024-12-10 21:14:09,179 INFO ==> Height map loss:  6.726705
2024-12-10 21:14:09,844 DEBUG loaded <trimesh.Trimesh(vertices.shape=(916, 3), faces.shape=(856, 3))> using `load_obj` in 0.0031s
2024-12-10 21:14:10,020 DEBUG loaded <trimesh.Trimesh(vertices.shape=(48, 3), faces.shape=(28, 3))> using `load_obj` in 0.0009s
2024-12-10 21:14:19,601 INFO ==> EMD Loss: 14.529215
2024-12-10 21:14:19,602 INFO ==> Height map loss:  6.727404
2024-12-10 21:14:20,224 DEBUG loaded <trimesh.Trimesh(vertices.shape=(916, 3), faces.shape=(856, 3))> using `load_obj` in 0.0029s
2024-12-10 21:14:20,376 DEBUG loaded <trimesh.Trimesh(vertices.shape=(48, 3), faces.shape=(28, 3))> using `load_obj` in 0.0007s
2024-12-10 21:14:29,601 INFO ==> EMD Loss: 14.538213
2024-12-10 21:14:29,601 INFO ==> Height map loss:  6.727237
2024-12-10 21:14:30,251 DEBUG loaded <trimesh.Trimesh(vertices.shape=(916, 3), faces.shape=(856, 3))> using `load_obj` in 0.0029s
2024-12-10 21:14:30,403 DEBUG loaded <trimesh.Trimesh(vertices.shape=(48, 3), faces.shape=(28, 3))> using `load_obj` in 0.0007s
2024-12-10 21:14:40,362 INFO ==> EMD Loss: 14.538264
2024-12-10 21:14:40,362 INFO ==> Height map loss:  6.727439
2024-12-10 21:14:40,995 DEBUG loaded <trimesh.Trimesh(vertices.shape=(916, 3), faces.shape=(856, 3))> using `load_obj` in 0.0029s
2024-12-10 21:14:41,149 DEBUG loaded <trimesh.Trimesh(vertices.shape=(48, 3), faces.shape=(28, 3))> using `load_obj` in 0.0007s
2024-12-10 21:15:10,472 INFO =====> Skill params: [ 0.7621007   0.88991135  0.7070722  -0.05732908 -0.57683   ]
2024-12-10 21:15:10,472 INFO =====> Grad: [0. 0. 0. 0. 0.]
2024-12-10 21:15:10,472 INFO =====> Num. aborted data so far: 0
2024-12-10 21:15:10,472 INFO ===========> Epoch: 16 optimisation losses
2024-12-10 21:15:10,472 INFO =====> EMD Loss: 14.529365
2024-12-10 21:15:10,472 INFO =====> Height map loss: 6.727442
2024-12-10 21:15:11,327 DEBUG loaded <trimesh.Trimesh(vertices.shape=(916, 3), faces.shape=(856, 3))> using `load_obj` in 0.0042s
2024-12-10 21:15:11,526 DEBUG loaded <trimesh.Trimesh(vertices.shape=(48, 3), faces.shape=(28, 3))> using `load_obj` in 0.0009s
2024-12-10 21:15:21,546 INFO ==> EMD Loss: 14.529312
2024-12-10 21:15:21,546 INFO ==> Height map loss:  6.727492
2024-12-10 21:15:22,326 DEBUG loaded <trimesh.Trimesh(vertices.shape=(916, 3), faces.shape=(856, 3))> using `load_obj` in 0.0040s
2024-12-10 21:15:22,529 DEBUG loaded <trimesh.Trimesh(vertices.shape=(48, 3), faces.shape=(28, 3))> using `load_obj` in 0.0008s
2024-12-10 21:15:32,283 INFO ==> EMD Loss: 14.538195
2024-12-10 21:15:32,283 INFO ==> Height map loss:  6.727437
2024-12-10 21:15:32,904 DEBUG loaded <trimesh.Trimesh(vertices.shape=(916, 3), faces.shape=(856, 3))> using `load_obj` in 0.0029s
2024-12-10 21:15:33,060 DEBUG loaded <trimesh.Trimesh(vertices.shape=(48, 3), faces.shape=(28, 3))> using `load_obj` in 0.0007s
2024-12-10 21:15:42,279 INFO ==> EMD Loss: 14.538255
2024-12-10 21:15:42,280 INFO ==> Height map loss:  6.727427
2024-12-10 21:15:42,912 DEBUG loaded <trimesh.Trimesh(vertices.shape=(916, 3), faces.shape=(856, 3))> using `load_obj` in 0.0029s
2024-12-10 21:15:43,067 DEBUG loaded <trimesh.Trimesh(vertices.shape=(48, 3), faces.shape=(28, 3))> using `load_obj` in 0.0007s
2024-12-10 21:15:52,941 INFO ==> EMD Loss: 14.538226
2024-12-10 21:15:52,941 INFO ==> Height map loss:  6.726738
2024-12-10 21:15:53,569 DEBUG loaded <trimesh.Trimesh(vertices.shape=(916, 3), faces.shape=(856, 3))> using `load_obj` in 0.0030s
2024-12-10 21:15:53,726 DEBUG loaded <trimesh.Trimesh(vertices.shape=(48, 3), faces.shape=(28, 3))> using `load_obj` in 0.0007s
2024-12-10 21:16:03,834 INFO ==> EMD Loss: 14.529355
2024-12-10 21:16:03,834 INFO ==> Height map loss:  6.726788
2024-12-10 21:16:04,457 DEBUG loaded <trimesh.Trimesh(vertices.shape=(916, 3), faces.shape=(856, 3))> using `load_obj` in 0.0030s
2024-12-10 21:16:04,606 DEBUG loaded <trimesh.Trimesh(vertices.shape=(48, 3), faces.shape=(28, 3))> using `load_obj` in 0.0007s
2024-12-10 21:16:32,781 INFO =====> Skill params: [ 0.7621007   0.88991135  0.7070722  -0.05732908 -0.57683   ]
2024-12-10 21:16:32,781 INFO =====> Grad: [0. 0. 0. 0. 0.]
2024-12-10 21:16:32,781 INFO =====> Num. aborted data so far: 0
2024-12-10 21:16:32,781 INFO ===========> Epoch: 17 optimisation losses
2024-12-10 21:16:32,781 INFO =====> EMD Loss: 14.529431
2024-12-10 21:16:32,781 INFO =====> Height map loss: 6.727320
2024-12-10 21:16:33,456 DEBUG loaded <trimesh.Trimesh(vertices.shape=(916, 3), faces.shape=(856, 3))> using `load_obj` in 0.0040s
2024-12-10 21:16:33,643 DEBUG loaded <trimesh.Trimesh(vertices.shape=(48, 3), faces.shape=(28, 3))> using `load_obj` in 0.0007s
2024-12-10 21:16:43,054 INFO ==> EMD Loss: 14.538181
2024-12-10 21:16:43,055 INFO ==> Height map loss:  6.727430
2024-12-10 21:16:43,673 DEBUG loaded <trimesh.Trimesh(vertices.shape=(916, 3), faces.shape=(856, 3))> using `load_obj` in 0.0029s
2024-12-10 21:16:43,827 DEBUG loaded <trimesh.Trimesh(vertices.shape=(48, 3), faces.shape=(28, 3))> using `load_obj` in 0.0007s
2024-12-10 21:16:53,048 INFO ==> EMD Loss: 14.538236
2024-12-10 21:16:53,048 INFO ==> Height map loss:  6.727332
2024-12-10 21:16:53,687 DEBUG loaded <trimesh.Trimesh(vertices.shape=(916, 3), faces.shape=(856, 3))> using `load_obj` in 0.0029s
2024-12-10 21:16:53,846 DEBUG loaded <trimesh.Trimesh(vertices.shape=(48, 3), faces.shape=(28, 3))> using `load_obj` in 0.0007s
2024-12-10 21:17:03,178 INFO ==> EMD Loss: 14.538193
2024-12-10 21:17:03,178 INFO ==> Height map loss:  6.727439
2024-12-10 21:17:03,804 DEBUG loaded <trimesh.Trimesh(vertices.shape=(916, 3), faces.shape=(856, 3))> using `load_obj` in 0.0029s
2024-12-10 21:17:03,953 DEBUG loaded <trimesh.Trimesh(vertices.shape=(48, 3), faces.shape=(28, 3))> using `load_obj` in 0.0007s
2024-12-10 21:17:13,278 INFO ==> EMD Loss: 14.529296
2024-12-10 21:17:13,278 INFO ==> Height map loss:  6.726786
2024-12-10 21:17:13,904 DEBUG loaded <trimesh.Trimesh(vertices.shape=(916, 3), faces.shape=(856, 3))> using `load_obj` in 0.0029s
2024-12-10 21:17:14,056 DEBUG loaded <trimesh.Trimesh(vertices.shape=(48, 3), faces.shape=(28, 3))> using `load_obj` in 0.0007s
2024-12-10 21:17:23,768 INFO ==> EMD Loss: 14.529387
2024-12-10 21:17:23,768 INFO ==> Height map loss:  6.727291
2024-12-10 21:17:24,420 DEBUG loaded <trimesh.Trimesh(vertices.shape=(916, 3), faces.shape=(856, 3))> using `load_obj` in 0.0030s
2024-12-10 21:17:24,573 DEBUG loaded <trimesh.Trimesh(vertices.shape=(48, 3), faces.shape=(28, 3))> using `load_obj` in 0.0007s
2024-12-10 21:17:52,107 INFO =====> Skill params: [ 0.7621007   0.88991135  0.7070722  -0.05732908 -0.57683   ]
2024-12-10 21:17:52,107 INFO =====> Grad: [0. 0. 0. 0. 0.]
2024-12-10 21:17:52,107 INFO =====> Num. aborted data so far: 0
2024-12-10 21:17:52,108 INFO ===========> Epoch: 18 optimisation losses
2024-12-10 21:17:52,108 INFO =====> EMD Loss: 14.529268
2024-12-10 21:17:52,108 INFO =====> Height map loss: 6.727446
2024-12-10 21:17:52,757 DEBUG loaded <trimesh.Trimesh(vertices.shape=(916, 3), faces.shape=(856, 3))> using `load_obj` in 0.0030s
2024-12-10 21:17:52,905 DEBUG loaded <trimesh.Trimesh(vertices.shape=(48, 3), faces.shape=(28, 3))> using `load_obj` in 0.0007s
2024-12-10 21:18:02,237 INFO ==> EMD Loss: 14.538255
2024-12-10 21:18:02,237 INFO ==> Height map loss:  6.727313
2024-12-10 21:18:02,859 DEBUG loaded <trimesh.Trimesh(vertices.shape=(916, 3), faces.shape=(856, 3))> using `load_obj` in 0.0029s
2024-12-10 21:18:03,014 DEBUG loaded <trimesh.Trimesh(vertices.shape=(48, 3), faces.shape=(28, 3))> using `load_obj` in 0.0007s
2024-12-10 21:18:12,456 INFO ==> EMD Loss: 14.529342
2024-12-10 21:18:12,456 INFO ==> Height map loss:  6.727335
2024-12-10 21:18:13,087 DEBUG loaded <trimesh.Trimesh(vertices.shape=(916, 3), faces.shape=(856, 3))> using `load_obj` in 0.0030s
2024-12-10 21:18:13,244 DEBUG loaded <trimesh.Trimesh(vertices.shape=(48, 3), faces.shape=(28, 3))> using `load_obj` in 0.0007s
2024-12-10 21:18:22,602 INFO ==> EMD Loss: 14.529220
2024-12-10 21:18:22,603 INFO ==> Height map loss:  6.727534
2024-12-10 21:18:23,270 DEBUG loaded <trimesh.Trimesh(vertices.shape=(916, 3), faces.shape=(856, 3))> using `load_obj` in 0.0030s
2024-12-10 21:18:23,419 DEBUG loaded <trimesh.Trimesh(vertices.shape=(48, 3), faces.shape=(28, 3))> using `load_obj` in 0.0007s
2024-12-10 21:18:33,060 INFO ==> EMD Loss: 14.529411
2024-12-10 21:18:33,060 INFO ==> Height map loss:  6.726825
2024-12-10 21:18:33,690 DEBUG loaded <trimesh.Trimesh(vertices.shape=(916, 3), faces.shape=(856, 3))> using `load_obj` in 0.0029s
2024-12-10 21:18:33,838 DEBUG loaded <trimesh.Trimesh(vertices.shape=(48, 3), faces.shape=(28, 3))> using `load_obj` in 0.0007s
2024-12-10 21:18:43,199 INFO ==> EMD Loss: 14.529352
2024-12-10 21:18:43,199 INFO ==> Height map loss:  6.726689
2024-12-10 21:18:43,832 DEBUG loaded <trimesh.Trimesh(vertices.shape=(916, 3), faces.shape=(856, 3))> using `load_obj` in 0.0030s
2024-12-10 21:18:43,982 DEBUG loaded <trimesh.Trimesh(vertices.shape=(48, 3), faces.shape=(28, 3))> using `load_obj` in 0.0007s
2024-12-10 21:19:11,506 INFO =====> Skill params: [ 0.7621007   0.88991135  0.7070722  -0.05732908 -0.57683   ]
2024-12-10 21:19:11,507 INFO =====> Grad: [0. 0. 0. 0. 0.]
2024-12-10 21:19:11,507 INFO =====> Num. aborted data so far: 0
2024-12-10 21:19:11,507 INFO ===========> Epoch: 19 optimisation losses
2024-12-10 21:19:11,507 INFO =====> EMD Loss: 14.529235
2024-12-10 21:19:11,507 INFO =====> Height map loss: 6.726817
2024-12-10 21:19:12,159 DEBUG loaded <trimesh.Trimesh(vertices.shape=(916, 3), faces.shape=(856, 3))> using `load_obj` in 0.0029s
2024-12-10 21:19:12,311 DEBUG loaded <trimesh.Trimesh(vertices.shape=(48, 3), faces.shape=(28, 3))> using `load_obj` in 0.0007s
2024-12-10 21:19:21,741 INFO ==> EMD Loss: 14.529363
2024-12-10 21:19:21,741 INFO ==> Height map loss:  6.727456
2024-12-10 21:19:22,561 DEBUG loaded <trimesh.Trimesh(vertices.shape=(916, 3), faces.shape=(856, 3))> using `load_obj` in 0.0039s
2024-12-10 21:19:22,759 DEBUG loaded <trimesh.Trimesh(vertices.shape=(48, 3), faces.shape=(28, 3))> using `load_obj` in 0.0009s
2024-12-10 21:19:32,520 INFO ==> EMD Loss: 14.529350
2024-12-10 21:19:32,520 INFO ==> Height map loss:  6.727460
2024-12-10 21:19:33,157 DEBUG loaded <trimesh.Trimesh(vertices.shape=(916, 3), faces.shape=(856, 3))> using `load_obj` in 0.0029s
2024-12-10 21:19:33,310 DEBUG loaded <trimesh.Trimesh(vertices.shape=(48, 3), faces.shape=(28, 3))> using `load_obj` in 0.0007s
2024-12-10 21:19:42,689 INFO ==> EMD Loss: 14.529419
2024-12-10 21:19:42,689 INFO ==> Height map loss:  6.727301
2024-12-10 21:19:43,323 DEBUG loaded <trimesh.Trimesh(vertices.shape=(916, 3), faces.shape=(856, 3))> using `load_obj` in 0.0029s
2024-12-10 21:19:43,477 DEBUG loaded <trimesh.Trimesh(vertices.shape=(48, 3), faces.shape=(28, 3))> using `load_obj` in 0.0007s
2024-12-10 21:19:52,861 INFO ==> EMD Loss: 14.529374
2024-12-10 21:19:52,861 INFO ==> Height map loss:  6.727344
2024-12-10 21:19:53,489 DEBUG loaded <trimesh.Trimesh(vertices.shape=(916, 3), faces.shape=(856, 3))> using `load_obj` in 0.0029s
2024-12-10 21:19:53,639 DEBUG loaded <trimesh.Trimesh(vertices.shape=(48, 3), faces.shape=(28, 3))> using `load_obj` in 0.0007s
2024-12-10 21:20:03,639 INFO ==> EMD Loss: 14.538171
2024-12-10 21:20:03,640 INFO ==> Height map loss:  6.727412
2024-12-10 21:20:04,269 DEBUG loaded <trimesh.Trimesh(vertices.shape=(916, 3), faces.shape=(856, 3))> using `load_obj` in 0.0030s
2024-12-10 21:20:04,418 DEBUG loaded <trimesh.Trimesh(vertices.shape=(48, 3), faces.shape=(28, 3))> using `load_obj` in 0.0007s
2024-12-10 21:20:14,437 INFO ===========> Finished training.
2024-12-10 21:20:14,437 INFO ====> Final EMD Loss: 14.529185
2024-12-10 21:20:14,437 INFO ====> Final Height map loss: 6.726894
2024-12-10 21:20:14,437 INFO ====> Final skill params: [ 0.7621007   0.88991135  0.7070722  -0.05732908 -0.57683   ]
