2024-09-05 14:58:38,631 INFO ===> New TaichiEnv created.
2024-09-05 14:58:38,631 INFO ===> Specifications: horizon = 600, dt = 0.01, n_substeps = 20, dt_sub = 0.0005
2024-09-05 14:59:24,114 INFO =====> Epoch: 0
2024-09-05 14:59:24,115 INFO =====> Loss: 66.13188171386719
2024-09-05 14:59:24,115 INFO =====> Grad: [ 2.6126318e+02  7.8597302e+02  8.8322096e-09 -1.3655236e+00
  1.6391277e-07]
2024-09-05 14:59:24,115 INFO =====> Num. aborted data so far: 0
2024-09-05 14:59:24,422 INFO ===> New TaichiEnv created.
2024-09-05 14:59:24,422 INFO ===> Specifications: horizon = 600, dt = 0.01, n_substeps = 20, dt_sub = 0.0005
2024-09-05 14:59:59,137 INFO =====> Epoch: 1
2024-09-05 14:59:59,137 INFO =====> Loss: 67.02934265136719
2024-09-05 14:59:59,137 INFO =====> Grad: [ 1.4604186e+03  9.1395176e+03  0.0000000e+00 -1.0661930e-01
  4.6566129e-10]
2024-09-05 14:59:59,137 INFO =====> Num. aborted data so far: 0
2024-09-05 14:59:59,386 INFO ===> New TaichiEnv created.
2024-09-05 14:59:59,386 INFO ===> Specifications: horizon = 600, dt = 0.01, n_substeps = 20, dt_sub = 0.0005
2024-09-05 15:00:25,421 INFO =====> Epoch: 2
2024-09-05 15:00:25,421 INFO =====> Loss: 67.04832458496094
2024-09-05 15:00:25,421 INFO =====> Grad: [-1.01073346e+03 -4.71029785e+03  0.00000000e+00  2.75048401e+02
  9.15527344e-05]
2024-09-05 15:00:25,421 INFO =====> Num. aborted data so far: 0
2024-09-05 15:00:25,641 INFO ===> New TaichiEnv created.
2024-09-05 15:00:25,641 INFO ===> Specifications: horizon = 600, dt = 0.01, n_substeps = 20, dt_sub = 0.0005
2024-09-05 15:00:52,307 INFO =====> Epoch: 3
2024-09-05 15:00:52,307 INFO =====> Loss: 66.11798858642578
2024-09-05 15:00:52,307 INFO =====> Grad: [ 2.0415494e+02 -5.4786602e+03  0.0000000e+00 -8.7960935e-01
 -7.7998266e-09]
2024-09-05 15:00:52,307 INFO =====> Num. aborted data so far: 0
2024-09-05 15:00:52,542 INFO ===> New TaichiEnv created.
2024-09-05 15:00:52,542 INFO ===> Specifications: horizon = 600, dt = 0.01, n_substeps = 20, dt_sub = 0.0005
2024-09-05 15:01:29,170 INFO =====> Epoch: 4
2024-09-05 15:01:29,170 INFO =====> Loss: 67.02153015136719
2024-09-05 15:01:29,170 INFO =====> Grad: [ 6.8588947e+02  3.8109500e+03  0.0000000e+00 -8.8480704e-02
 -4.0745363e-10]
2024-09-05 15:01:29,170 INFO =====> Num. aborted data so far: 0
2024-09-05 15:01:29,428 INFO ===> New TaichiEnv created.
2024-09-05 15:01:29,428 INFO ===> Specifications: horizon = 600, dt = 0.01, n_substeps = 20, dt_sub = 0.0005
2024-09-05 15:01:56,731 INFO =====> Epoch: 5
2024-09-05 15:01:56,731 INFO =====> Loss: 67.02313232421875
2024-09-05 15:01:56,731 INFO =====> Grad: [ 5.1897516e+02  9.3562021e+03  0.0000000e+00 -8.7566473e-02
 -9.4296411e-09]
2024-09-05 15:01:56,731 INFO =====> Num. aborted data so far: 0
2024-09-05 15:01:56,959 INFO ===> New TaichiEnv created.
2024-09-05 15:01:56,959 INFO ===> Specifications: horizon = 600, dt = 0.01, n_substeps = 20, dt_sub = 0.0005
2024-09-05 15:02:22,997 INFO =====> Epoch: 6
2024-09-05 15:02:22,997 INFO =====> Loss: 66.95857238769531
2024-09-05 15:02:22,997 INFO =====> Grad: [ 3.5094651e+03  3.6473004e+04  0.0000000e+00 -1.0333486e-01
  4.6566129e-10]
2024-09-05 15:02:22,997 INFO =====> Num. aborted data so far: 0
2024-09-05 15:02:23,226 INFO ===> New TaichiEnv created.
2024-09-05 15:02:23,226 INFO ===> Specifications: horizon = 600, dt = 0.01, n_substeps = 20, dt_sub = 0.0005
2024-09-05 15:02:48,314 INFO =====> Epoch: 7
2024-09-05 15:02:48,314 INFO =====> Loss: 66.97876739501953
2024-09-05 15:02:48,314 INFO =====> Grad: [-6.3856377e+03  7.8306040e+03  0.0000000e+00  2.8495117e+01
  3.3378601e-06]
2024-09-05 15:02:48,314 INFO =====> Num. aborted data so far: 0
2024-09-05 15:02:48,545 INFO ===> New TaichiEnv created.
2024-09-05 15:02:48,546 INFO ===> Specifications: horizon = 600, dt = 0.01, n_substeps = 20, dt_sub = 0.0005
2024-09-05 15:03:12,536 INFO =====> Epoch: 8
2024-09-05 15:03:12,536 INFO =====> Loss: 66.97874450683594
2024-09-05 15:03:12,536 INFO =====> Grad: [-9.1637805e+02  6.8357710e+03  0.0000000e+00  9.2298569e+01
  1.5258789e-05]
2024-09-05 15:03:12,536 INFO =====> Num. aborted data so far: 0
2024-09-05 15:03:12,770 INFO ===> New TaichiEnv created.
2024-09-05 15:03:12,770 INFO ===> Specifications: horizon = 600, dt = 0.01, n_substeps = 20, dt_sub = 0.0005
2024-09-05 15:03:35,557 INFO =====> Epoch: 9
2024-09-05 15:03:35,557 INFO =====> Loss: 66.15290832519531
2024-09-05 15:03:35,557 INFO =====> Grad: [ 5.3356431e+03 -4.7228566e+04  0.0000000e+00  1.4900203e+03
  8.8500977e-04]
2024-09-05 15:03:35,557 INFO =====> Num. aborted data so far: 0
2024-09-05 15:03:35,793 INFO ===> New TaichiEnv created.
2024-09-05 15:03:35,793 INFO ===> Specifications: horizon = 600, dt = 0.01, n_substeps = 20, dt_sub = 0.0005
2024-09-05 15:03:58,767 INFO =====> Epoch: 10
2024-09-05 15:03:58,767 INFO =====> Loss: 66.13406372070312
2024-09-05 15:03:58,767 INFO =====> Grad: [-1.6802147e+03  1.4035403e+04  0.0000000e+00 -9.6479358e+02
 -1.9836426e-04]
2024-09-05 15:03:58,767 INFO =====> Num. aborted data so far: 0
2024-09-05 15:03:59,005 INFO ===> New TaichiEnv created.
2024-09-05 15:03:59,005 INFO ===> Specifications: horizon = 600, dt = 0.01, n_substeps = 20, dt_sub = 0.0005
2024-09-05 15:04:21,763 INFO =====> Epoch: 11
2024-09-05 15:04:21,763 INFO =====> Loss: 66.15601348876953
2024-09-05 15:04:21,763 INFO =====> Grad: [-3.7129578e+03  3.4306219e+04  0.0000000e+00 -2.5481577e+03
 -2.7465820e-04]
2024-09-05 15:04:21,763 INFO =====> Num. aborted data so far: 0
2024-09-05 15:04:22,002 INFO ===> New TaichiEnv created.
2024-09-05 15:04:22,002 INFO ===> Specifications: horizon = 600, dt = 0.01, n_substeps = 20, dt_sub = 0.0005
2024-09-05 15:04:45,311 INFO =====> Epoch: 12
2024-09-05 15:04:45,311 INFO =====> Loss: 67.05340576171875
2024-09-05 15:04:45,311 INFO =====> Grad: [-2.3523062e+03  3.7562352e+04  0.0000000e+00 -1.8608449e+02
  1.2207031e-04]
2024-09-05 15:04:45,311 INFO =====> Num. aborted data so far: 0
2024-09-05 15:04:45,553 INFO ===> New TaichiEnv created.
2024-09-05 15:04:45,553 INFO ===> Specifications: horizon = 600, dt = 0.01, n_substeps = 20, dt_sub = 0.0005
2024-09-05 15:05:07,827 INFO =====> Epoch: 13
2024-09-05 15:05:07,827 INFO =====> Loss: 66.0597152709961
2024-09-05 15:05:07,834 INFO =====> Grad: [-2.9035557e+03  1.9107456e+05  0.0000000e+00 -1.6580083e+03
  4.1503906e-03]
2024-09-05 15:05:07,834 INFO =====> Num. aborted data so far: 0
2024-09-05 15:05:08,076 INFO ===> New TaichiEnv created.
2024-09-05 15:05:08,076 INFO ===> Specifications: horizon = 600, dt = 0.01, n_substeps = 20, dt_sub = 0.0005
2024-09-05 15:05:29,486 ERROR ===> [Warning] Aborting epoch: 14
2024-09-05 15:05:29,486 ERROR ===> [Warning] Particle has nan or inf: False
2024-09-05 15:05:29,486 ERROR ===> [Warning] Strange loss or gradient.
2024-09-05 15:05:29,486 ERROR ===> [Warning] Skill params: [-0.2510767  -0.06521679 -0.93518704  0.75865835 -0.90797615]
2024-09-05 15:05:29,486 ERROR ===> [Warning] Skill params grad: [-3.6952066e+05  3.3526605e+06  0.0000000e+00  2.3613283e+04
  3.5156250e-02]
2024-09-05 15:05:29,486 ERROR ===> [Warning] Loss info: {'particle_has_naninf': False, 'height_map_loss': 50.72638702392578, 'emd_loss': 66.08654022216797, 'total_loss': 66.08654022216797}
2024-09-05 15:05:29,487 INFO =====> Epoch: 14
2024-09-05 15:05:29,487 INFO =====> Loss: 66.08654022216797
2024-09-05 15:05:29,487 INFO =====> Grad: [-3.6952066e+05  3.3526605e+06  0.0000000e+00  2.3613283e+04
  3.5156250e-02]
2024-09-05 15:05:29,487 INFO =====> Num. aborted data so far: 1
2024-09-05 15:05:29,730 INFO ===> New TaichiEnv created.
2024-09-05 15:05:29,730 INFO ===> Specifications: horizon = 600, dt = 0.01, n_substeps = 20, dt_sub = 0.0005
2024-09-05 15:05:51,130 ERROR ===> [Warning] Aborting epoch: 15
2024-09-05 15:05:51,130 ERROR ===> [Warning] Particle has nan or inf: False
2024-09-05 15:05:51,130 ERROR ===> [Warning] Strange loss or gradient.
2024-09-05 15:05:51,130 ERROR ===> [Warning] Skill params: [-0.2510767  -0.06521679 -0.93518704  0.75865835 -0.90797615]
2024-09-05 15:05:51,130 ERROR ===> [Warning] Skill params grad: [ 6.760980e+05 -6.149228e+06  0.000000e+00 -4.215808e+04  9.765625e-03]
2024-09-05 15:05:51,130 ERROR ===> [Warning] Loss info: {'particle_has_naninf': False, 'height_map_loss': 50.726356506347656, 'emd_loss': 66.0864486694336, 'total_loss': 66.0864486694336}
2024-09-05 15:05:51,130 INFO =====> Epoch: 15
2024-09-05 15:05:51,130 INFO =====> Loss: 66.0864486694336
2024-09-05 15:05:51,130 INFO =====> Grad: [ 6.760980e+05 -6.149228e+06  0.000000e+00 -4.215808e+04  9.765625e-03]
2024-09-05 15:05:51,130 INFO =====> Num. aborted data so far: 2
2024-09-05 15:05:51,374 INFO ===> New TaichiEnv created.
2024-09-05 15:05:51,375 INFO ===> Specifications: horizon = 600, dt = 0.01, n_substeps = 20, dt_sub = 0.0005
2024-09-05 15:06:12,808 ERROR ===> [Warning] Aborting epoch: 16
2024-09-05 15:06:12,808 ERROR ===> [Warning] Particle has nan or inf: False
2024-09-05 15:06:12,808 ERROR ===> [Warning] Strange loss or gradient.
2024-09-05 15:06:12,808 ERROR ===> [Warning] Skill params: [-0.2510767  -0.06521679 -0.93518704  0.75865835 -0.90797615]
2024-09-05 15:06:12,808 ERROR ===> [Warning] Skill params grad: [-2.4632680e+05  2.2373308e+06  0.0000000e+00  1.5694963e+04
 -1.4648438e-03]
2024-09-05 15:06:12,808 ERROR ===> [Warning] Loss info: {'particle_has_naninf': False, 'height_map_loss': 50.726436614990234, 'emd_loss': 66.08660888671875, 'total_loss': 66.08660888671875}
2024-09-05 15:06:12,808 INFO =====> Epoch: 16
2024-09-05 15:06:12,809 INFO =====> Loss: 66.08660888671875
2024-09-05 15:06:12,809 INFO =====> Grad: [-2.4632680e+05  2.2373308e+06  0.0000000e+00  1.5694963e+04
 -1.4648438e-03]
2024-09-05 15:06:12,809 INFO =====> Num. aborted data so far: 3
2024-09-05 15:06:13,056 INFO ===> New TaichiEnv created.
2024-09-05 15:06:13,056 INFO ===> Specifications: horizon = 600, dt = 0.01, n_substeps = 20, dt_sub = 0.0005
2024-09-05 15:06:34,337 ERROR ===> [Warning] Aborting epoch: 17
2024-09-05 15:06:34,338 ERROR ===> [Warning] Particle has nan or inf: False
2024-09-05 15:06:34,338 ERROR ===> [Warning] Strange loss or gradient.
2024-09-05 15:06:34,338 ERROR ===> [Warning] Skill params: [-0.2510767  -0.06521679 -0.93518704  0.75865835 -0.90797615]
2024-09-05 15:06:34,338 ERROR ===> [Warning] Skill params grad: [-1.15469336e+05  1.05419688e+06  0.00000000e+00  7.39272705e+03
 -3.41796875e-03]
2024-09-05 15:06:34,338 ERROR ===> [Warning] Loss info: {'particle_has_naninf': False, 'height_map_loss': 50.726566314697266, 'emd_loss': 66.08668518066406, 'total_loss': 66.08668518066406}
2024-09-05 15:06:34,338 INFO =====> Epoch: 17
2024-09-05 15:06:34,338 INFO =====> Loss: 66.08668518066406
2024-09-05 15:06:34,338 INFO =====> Grad: [-1.15469336e+05  1.05419688e+06  0.00000000e+00  7.39272705e+03
 -3.41796875e-03]
2024-09-05 15:06:34,338 INFO =====> Num. aborted data so far: 4
2024-09-05 15:06:34,586 INFO ===> New TaichiEnv created.
2024-09-05 15:06:34,586 INFO ===> Specifications: horizon = 600, dt = 0.01, n_substeps = 20, dt_sub = 0.0005
2024-09-05 15:07:03,891 ERROR ===> [Warning] Aborting epoch: 18
2024-09-05 15:07:03,891 ERROR ===> [Warning] Particle has nan or inf: False
2024-09-05 15:07:03,891 ERROR ===> [Warning] Strange loss or gradient.
2024-09-05 15:07:03,891 ERROR ===> [Warning] Skill params: [-0.2510767  -0.06521679 -0.93518704  0.75865835 -0.90797615]
2024-09-05 15:07:03,891 ERROR ===> [Warning] Skill params grad: [-2.6367238e+05  2.4004960e+06  0.0000000e+00  1.7001439e+04
 -6.8359375e-03]
2024-09-05 15:07:03,891 ERROR ===> [Warning] Loss info: {'particle_has_naninf': False, 'height_map_loss': 50.72642517089844, 'emd_loss': 66.0864486694336, 'total_loss': 66.0864486694336}
2024-09-05 15:07:03,891 INFO =====> Epoch: 18
2024-09-05 15:07:03,891 INFO =====> Loss: 66.0864486694336
2024-09-05 15:07:03,891 INFO =====> Grad: [-2.6367238e+05  2.4004960e+06  0.0000000e+00  1.7001439e+04
 -6.8359375e-03]
2024-09-05 15:07:03,891 INFO =====> Num. aborted data so far: 5
2024-09-05 15:07:04,171 INFO ===> New TaichiEnv created.
2024-09-05 15:07:04,171 INFO ===> Specifications: horizon = 600, dt = 0.01, n_substeps = 20, dt_sub = 0.0005
2024-09-05 15:07:25,583 ERROR ===> [Warning] Aborting epoch: 19
2024-09-05 15:07:25,583 ERROR ===> [Warning] Particle has nan or inf: False
2024-09-05 15:07:25,583 ERROR ===> [Warning] Strange loss or gradient.
2024-09-05 15:07:25,583 ERROR ===> [Warning] Skill params: [-0.2510767  -0.06521679 -0.93518704  0.75865835 -0.90797615]
2024-09-05 15:07:25,583 ERROR ===> [Warning] Skill params grad: [ 1.9769072e+05 -1.7946354e+06  0.0000000e+00 -1.3051599e+04
  2.0996094e-02]
2024-09-05 15:07:25,584 ERROR ===> [Warning] Loss info: {'particle_has_naninf': False, 'height_map_loss': 50.726478576660156, 'emd_loss': 66.08654022216797, 'total_loss': 66.08654022216797}
2024-09-05 15:07:25,584 INFO =====> Epoch: 19
2024-09-05 15:07:25,584 INFO =====> Loss: 66.08654022216797
2024-09-05 15:07:25,584 INFO =====> Grad: [ 1.9769072e+05 -1.7946354e+06  0.0000000e+00 -1.3051599e+04
  2.0996094e-02]
2024-09-05 15:07:25,584 INFO =====> Num. aborted data so far: 6
2024-09-05 15:07:25,834 INFO ===> New TaichiEnv created.
2024-09-05 15:07:25,834 INFO ===> Specifications: horizon = 600, dt = 0.01, n_substeps = 20, dt_sub = 0.0005
2024-09-05 15:07:47,223 ERROR ===> [Warning] Aborting epoch: 20
2024-09-05 15:07:47,223 ERROR ===> [Warning] Particle has nan or inf: False
2024-09-05 15:07:47,223 ERROR ===> [Warning] Strange loss or gradient.
2024-09-05 15:07:47,223 ERROR ===> [Warning] Skill params: [-0.2510767  -0.06521679 -0.93518704  0.75865835 -0.90797615]
2024-09-05 15:07:47,223 ERROR ===> [Warning] Skill params grad: [ 1.3144927e+05 -1.1893386e+06  0.0000000e+00 -8.0848643e+03
  9.7656250e-03]
2024-09-05 15:07:47,223 ERROR ===> [Warning] Loss info: {'particle_has_naninf': False, 'height_map_loss': 50.72639083862305, 'emd_loss': 66.08639526367188, 'total_loss': 66.08639526367188}
2024-09-05 15:07:47,223 INFO =====> Epoch: 20
2024-09-05 15:07:47,223 INFO =====> Loss: 66.08639526367188
2024-09-05 15:07:47,224 INFO =====> Grad: [ 1.3144927e+05 -1.1893386e+06  0.0000000e+00 -8.0848643e+03
  9.7656250e-03]
2024-09-05 15:07:47,224 INFO =====> Num. aborted data so far: 7
2024-09-05 15:07:47,474 INFO ===> New TaichiEnv created.
2024-09-05 15:07:47,474 INFO ===> Specifications: horizon = 600, dt = 0.01, n_substeps = 20, dt_sub = 0.0005
2024-09-05 15:08:09,000 ERROR ===> [Warning] Aborting epoch: 21
2024-09-05 15:08:09,000 ERROR ===> [Warning] Particle has nan or inf: False
2024-09-05 15:08:09,000 ERROR ===> [Warning] Strange loss or gradient.
2024-09-05 15:08:09,000 ERROR ===> [Warning] Skill params: [-0.2510767  -0.06521679 -0.93518704  0.75865835 -0.90797615]
2024-09-05 15:08:09,000 ERROR ===> [Warning] Skill params grad: [-5.346145e+05  4.848624e+06  0.000000e+00  3.333202e+04 -1.171875e-02]
2024-09-05 15:08:09,000 ERROR ===> [Warning] Loss info: {'particle_has_naninf': False, 'height_map_loss': 50.72635269165039, 'emd_loss': 66.08657836914062, 'total_loss': 66.08657836914062}
2024-09-05 15:08:09,001 INFO =====> Epoch: 21
2024-09-05 15:08:09,001 INFO =====> Loss: 66.08657836914062
2024-09-05 15:08:09,001 INFO =====> Grad: [-5.346145e+05  4.848624e+06  0.000000e+00  3.333202e+04 -1.171875e-02]
2024-09-05 15:08:09,001 INFO =====> Num. aborted data so far: 8
2024-09-05 15:08:09,252 INFO ===> New TaichiEnv created.
2024-09-05 15:08:09,252 INFO ===> Specifications: horizon = 600, dt = 0.01, n_substeps = 20, dt_sub = 0.0005
2024-09-05 15:08:30,685 ERROR ===> [Warning] Aborting epoch: 22
2024-09-05 15:08:30,685 ERROR ===> [Warning] Particle has nan or inf: False
2024-09-05 15:08:30,686 ERROR ===> [Warning] Strange loss or gradient.
2024-09-05 15:08:30,686 ERROR ===> [Warning] Skill params: [-0.2510767  -0.06521679 -0.93518704  0.75865835 -0.90797615]
2024-09-05 15:08:30,686 ERROR ===> [Warning] Skill params grad: [-3.6600847e+05  3.3229735e+06  0.0000000e+00  2.2838527e+04
  1.5625000e-02]
2024-09-05 15:08:30,686 ERROR ===> [Warning] Loss info: {'particle_has_naninf': False, 'height_map_loss': 50.72644805908203, 'emd_loss': 66.0865478515625, 'total_loss': 66.0865478515625}
2024-09-05 15:08:30,686 INFO =====> Epoch: 22
2024-09-05 15:08:30,686 INFO =====> Loss: 66.0865478515625
2024-09-05 15:08:30,686 INFO =====> Grad: [-3.6600847e+05  3.3229735e+06  0.0000000e+00  2.2838527e+04
  1.5625000e-02]
2024-09-05 15:08:30,686 INFO =====> Num. aborted data so far: 9
2024-09-05 15:08:30,938 INFO ===> New TaichiEnv created.
2024-09-05 15:08:30,938 INFO ===> Specifications: horizon = 600, dt = 0.01, n_substeps = 20, dt_sub = 0.0005
2024-09-05 15:08:52,394 INFO =====> Epoch: 23
2024-09-05 15:08:52,394 INFO =====> Loss: 66.08670043945312
2024-09-05 15:08:52,394 INFO =====> Grad: [ 5.3497719e+04 -4.8848044e+05  0.0000000e+00 -3.2218054e+03
  4.8828125e-04]
2024-09-05 15:08:52,394 INFO =====> Num. aborted data so far: 9
2024-09-05 15:08:52,652 INFO ===> New TaichiEnv created.
2024-09-05 15:08:52,652 INFO ===> Specifications: horizon = 600, dt = 0.01, n_substeps = 20, dt_sub = 0.0005
2024-09-05 15:09:14,980 INFO =====> Epoch: 24
2024-09-05 15:09:14,980 INFO =====> Loss: 66.98576354980469
2024-09-05 15:09:14,980 INFO =====> Grad: [-9.9098473e+01  5.8287744e+03  0.0000000e+00 -2.8117422e+02
  3.8146973e-04]
2024-09-05 15:09:14,980 INFO =====> Num. aborted data so far: 9
2024-09-05 15:09:15,236 INFO ===> New TaichiEnv created.
2024-09-05 15:09:15,237 INFO ===> Specifications: horizon = 600, dt = 0.01, n_substeps = 20, dt_sub = 0.0005
2024-09-05 15:09:36,549 INFO =====> Epoch: 25
2024-09-05 15:09:36,549 INFO =====> Loss: 66.10021209716797
2024-09-05 15:09:36,549 INFO =====> Grad: [-1624.7057 10838.891      0.         0.         0.    ]
2024-09-05 15:09:36,549 INFO =====> Num. aborted data so far: 9
2024-09-05 15:09:36,804 INFO ===> New TaichiEnv created.
2024-09-05 15:09:36,804 INFO ===> Specifications: horizon = 600, dt = 0.01, n_substeps = 20, dt_sub = 0.0005
2024-09-05 15:09:58,713 INFO =====> Epoch: 26
2024-09-05 15:09:58,713 INFO =====> Loss: 66.17748260498047
2024-09-05 15:09:58,713 INFO =====> Grad: [ 4215.9805 -7132.2935     0.         0.         0.    ]
2024-09-05 15:09:58,713 INFO =====> Num. aborted data so far: 9
2024-09-05 15:09:58,971 INFO ===> New TaichiEnv created.
2024-09-05 15:09:58,971 INFO ===> Specifications: horizon = 600, dt = 0.01, n_substeps = 20, dt_sub = 0.0005
2024-09-05 15:10:20,115 INFO =====> Epoch: 27
2024-09-05 15:10:20,115 INFO =====> Loss: 66.13155364990234
2024-09-05 15:10:20,115 INFO =====> Grad: [-8920.934 79176.73      0.        0.        0.   ]
2024-09-05 15:10:20,115 INFO =====> Num. aborted data so far: 9
2024-09-05 15:10:20,372 INFO ===> New TaichiEnv created.
2024-09-05 15:10:20,372 INFO ===> Specifications: horizon = 600, dt = 0.01, n_substeps = 20, dt_sub = 0.0005
2024-09-05 15:10:42,242 INFO =====> Epoch: 28
2024-09-05 15:10:42,242 INFO =====> Loss: 66.1774673461914
2024-09-05 15:10:42,242 INFO =====> Grad: [-5248.166   8012.5166     0.         0.         0.    ]
2024-09-05 15:10:42,242 INFO =====> Num. aborted data so far: 9
2024-09-05 15:10:42,501 INFO ===> New TaichiEnv created.
2024-09-05 15:10:42,501 INFO ===> Specifications: horizon = 600, dt = 0.01, n_substeps = 20, dt_sub = 0.0005
2024-09-05 15:11:05,700 INFO =====> Epoch: 29
2024-09-05 15:11:05,700 INFO =====> Loss: 66.18314361572266
2024-09-05 15:11:05,701 INFO =====> Grad: [ 4470.707  -3478.6094     0.         0.         0.    ]
2024-09-05 15:11:05,701 INFO =====> Num. aborted data so far: 9
2024-09-05 15:11:05,960 INFO ===> New TaichiEnv created.
2024-09-05 15:11:05,960 INFO ===> Specifications: horizon = 600, dt = 0.01, n_substeps = 20, dt_sub = 0.0005
2024-09-05 15:11:27,970 INFO =====> Epoch: 30
2024-09-05 15:11:27,970 INFO =====> Loss: 66.17743682861328
2024-09-05 15:11:27,971 INFO =====> Grad: [-12172.443  19588.564      0.         0.         0.   ]
2024-09-05 15:11:27,971 INFO =====> Num. aborted data so far: 9
2024-09-05 15:11:28,233 INFO ===> New TaichiEnv created.
2024-09-05 15:11:28,233 INFO ===> Specifications: horizon = 600, dt = 0.01, n_substeps = 20, dt_sub = 0.0005
2024-09-05 15:11:51,595 INFO =====> Epoch: 31
2024-09-05 15:11:51,595 INFO =====> Loss: 66.18315124511719
2024-09-05 15:11:51,595 INFO =====> Grad: [-15822.606  11878.509      0.         0.         0.   ]
2024-09-05 15:11:51,595 INFO =====> Num. aborted data so far: 9
2024-09-05 15:11:51,860 INFO ===> New TaichiEnv created.
2024-09-05 15:11:51,860 INFO ===> Specifications: horizon = 600, dt = 0.01, n_substeps = 20, dt_sub = 0.0005
2024-09-05 15:12:16,057 INFO =====> Epoch: 32
2024-09-05 15:12:16,057 INFO =====> Loss: 66.20462036132812
2024-09-05 15:12:16,064 INFO =====> Grad: [-78.42358 155.47745   0.        0.        0.     ]
2024-09-05 15:12:16,064 INFO =====> Num. aborted data so far: 9
2024-09-05 15:12:16,325 INFO ===> New TaichiEnv created.
2024-09-05 15:12:16,325 INFO ===> Specifications: horizon = 600, dt = 0.01, n_substeps = 20, dt_sub = 0.0005
2024-09-05 15:12:42,258 INFO =====> Epoch: 33
2024-09-05 15:12:42,258 INFO =====> Loss: 67.1030044555664
2024-09-05 15:12:42,258 INFO =====> Grad: [0.02686446 0.15671387 0.         0.         0.        ]
2024-09-05 15:12:42,258 INFO =====> Num. aborted data so far: 9
2024-09-05 15:12:42,521 INFO ===> New TaichiEnv created.
2024-09-05 15:12:42,521 INFO ===> Specifications: horizon = 600, dt = 0.01, n_substeps = 20, dt_sub = 0.0005
2024-09-05 15:13:10,759 INFO =====> Epoch: 34
2024-09-05 15:13:10,759 INFO =====> Loss: 67.09781646728516
2024-09-05 15:13:10,759 INFO =====> Grad: [0.01801654 0.11250688 0.         0.         0.        ]
2024-09-05 15:13:10,760 INFO =====> Num. aborted data so far: 9
2024-09-05 15:13:11,022 INFO ===> New TaichiEnv created.
2024-09-05 15:13:11,022 INFO ===> Specifications: horizon = 600, dt = 0.01, n_substeps = 20, dt_sub = 0.0005
2024-09-05 15:13:40,855 INFO =====> Epoch: 35
2024-09-05 15:13:40,855 INFO =====> Loss: 67.10707092285156
2024-09-05 15:13:40,855 INFO =====> Grad: [0.01059193 0.08046494 0.         0.         0.        ]
2024-09-05 15:13:40,855 INFO =====> Num. aborted data so far: 9
2024-09-05 15:13:41,117 INFO ===> New TaichiEnv created.
2024-09-05 15:13:41,118 INFO ===> Specifications: horizon = 600, dt = 0.01, n_substeps = 20, dt_sub = 0.0005
2024-09-05 15:14:12,881 INFO =====> Epoch: 36
2024-09-05 15:14:12,881 INFO =====> Loss: 67.11857604980469
2024-09-05 15:14:12,881 INFO =====> Grad: [0.00404123 0.05617524 0.         0.         0.        ]
2024-09-05 15:14:12,881 INFO =====> Num. aborted data so far: 9
2024-09-05 15:14:13,145 INFO ===> New TaichiEnv created.
2024-09-05 15:14:13,145 INFO ===> Specifications: horizon = 600, dt = 0.01, n_substeps = 20, dt_sub = 0.0005
2024-09-05 15:14:46,818 INFO =====> Epoch: 37
2024-09-05 15:14:46,818 INFO =====> Loss: 67.22248077392578
2024-09-05 15:14:46,818 INFO =====> Grad: [-0.00194035  0.03712896  0.          0.          0.        ]
2024-09-05 15:14:46,818 INFO =====> Num. aborted data so far: 9
2024-09-05 15:14:47,084 INFO ===> New TaichiEnv created.
2024-09-05 15:14:47,084 INFO ===> Specifications: horizon = 600, dt = 0.01, n_substeps = 20, dt_sub = 0.0005
2024-09-05 15:15:22,648 INFO =====> Epoch: 38
2024-09-05 15:15:22,648 INFO =====> Loss: 67.22846221923828
2024-09-05 15:15:22,648 INFO =====> Grad: [-0.00034955  0.04575391  0.          0.          0.        ]
2024-09-05 15:15:22,648 INFO =====> Num. aborted data so far: 9
2024-09-05 15:15:22,914 INFO ===> New TaichiEnv created.
2024-09-05 15:15:22,914 INFO ===> Specifications: horizon = 600, dt = 0.01, n_substeps = 20, dt_sub = 0.0005
2024-09-05 15:16:00,554 INFO =====> Epoch: 39
2024-09-05 15:16:00,555 INFO =====> Loss: 67.22772216796875
2024-09-05 15:16:00,555 INFO =====> Grad: [0.00020451 0.05275544 0.         0.         0.        ]
2024-09-05 15:16:00,555 INFO =====> Num. aborted data so far: 9
2024-09-05 15:16:00,821 INFO ===> New TaichiEnv created.
2024-09-05 15:16:00,821 INFO ===> Specifications: horizon = 600, dt = 0.01, n_substeps = 20, dt_sub = 0.0005
2024-09-05 15:16:40,480 INFO =====> Epoch: 40
2024-09-05 15:16:40,480 INFO =====> Loss: 67.21257019042969
2024-09-05 15:16:40,480 INFO =====> Grad: [-0.00602332  0.03857882  0.          0.          0.        ]
2024-09-05 15:16:40,481 INFO =====> Num. aborted data so far: 9
2024-09-05 15:16:40,748 INFO ===> New TaichiEnv created.
2024-09-05 15:16:40,748 INFO ===> Specifications: horizon = 600, dt = 0.01, n_substeps = 20, dt_sub = 0.0005
2024-09-05 15:17:22,271 INFO =====> Epoch: 41
2024-09-05 15:17:22,272 INFO =====> Loss: 67.21256256103516
2024-09-05 15:17:22,272 INFO =====> Grad: [-0.00641585  0.04499073  0.          0.          0.        ]
2024-09-05 15:17:22,272 INFO =====> Num. aborted data so far: 9
2024-09-05 15:17:22,542 INFO ===> New TaichiEnv created.
2024-09-05 15:17:22,542 INFO ===> Specifications: horizon = 600, dt = 0.01, n_substeps = 20, dt_sub = 0.0005
2024-09-05 15:18:06,113 INFO =====> Epoch: 42
2024-09-05 15:18:06,113 INFO =====> Loss: 67.22248840332031
2024-09-05 15:18:06,113 INFO =====> Grad: [-0.00736749  0.05046745  0.          0.          0.        ]
2024-09-05 15:18:06,113 INFO =====> Num. aborted data so far: 9
2024-09-05 15:18:06,387 INFO ===> New TaichiEnv created.
2024-09-05 15:18:06,388 INFO ===> Specifications: horizon = 600, dt = 0.01, n_substeps = 20, dt_sub = 0.0005
2024-09-05 15:18:51,941 INFO =====> Epoch: 43
2024-09-05 15:18:51,941 INFO =====> Loss: 67.21241760253906
2024-09-05 15:18:51,941 INFO =====> Grad: [-0.00877303  0.05519987  0.          0.          0.        ]
2024-09-05 15:18:51,941 INFO =====> Num. aborted data so far: 9
2024-09-05 15:18:52,211 INFO ===> New TaichiEnv created.
2024-09-05 15:18:52,211 INFO ===> Specifications: horizon = 600, dt = 0.01, n_substeps = 20, dt_sub = 0.0005
2024-09-05 15:19:39,548 INFO =====> Epoch: 44
2024-09-05 15:19:39,548 INFO =====> Loss: 67.12295532226562
2024-09-05 15:19:39,548 INFO =====> Grad: [-0.010555    0.05933006  0.          0.          0.        ]
2024-09-05 15:19:39,549 INFO =====> Num. aborted data so far: 9
2024-09-05 15:19:39,822 INFO ===> New TaichiEnv created.
2024-09-05 15:19:39,822 INFO ===> Specifications: horizon = 600, dt = 0.01, n_substeps = 20, dt_sub = 0.0005
2024-09-05 15:20:29,197 INFO =====> Epoch: 45
2024-09-05 15:20:29,197 INFO =====> Loss: 67.14777374267578
2024-09-05 15:20:29,197 INFO =====> Grad: [0.25675318 0.06296635 0.         0.         0.        ]
2024-09-05 15:20:29,197 INFO =====> Num. aborted data so far: 9
2024-09-05 15:20:29,469 INFO ===> New TaichiEnv created.
2024-09-05 15:20:29,469 INFO ===> Specifications: horizon = 600, dt = 0.01, n_substeps = 20, dt_sub = 0.0005
2024-09-05 15:21:20,488 INFO =====> Epoch: 46
2024-09-05 15:21:20,488 INFO =====> Loss: 67.10509490966797
2024-09-05 15:21:20,488 INFO =====> Grad: [-0.01901581  0.05286907  0.          0.          0.        ]
2024-09-05 15:21:20,488 INFO =====> Num. aborted data so far: 9
2024-09-05 15:21:20,760 INFO ===> New TaichiEnv created.
2024-09-05 15:21:20,760 INFO ===> Specifications: horizon = 600, dt = 0.01, n_substeps = 20, dt_sub = 0.0005
2024-09-05 15:22:13,848 INFO =====> Epoch: 47
2024-09-05 15:22:13,848 INFO =====> Loss: 67.10965728759766
2024-09-05 15:22:13,848 INFO =====> Grad: [0.2650777 0.0564514 0.        0.        0.       ]
2024-09-05 15:22:13,848 INFO =====> Num. aborted data so far: 9
2024-09-05 15:22:14,126 INFO ===> New TaichiEnv created.
2024-09-05 15:22:14,126 INFO ===> Specifications: horizon = 600, dt = 0.01, n_substeps = 20, dt_sub = 0.0005
2024-09-05 15:23:08,652 INFO =====> Epoch: 48
2024-09-05 15:23:08,652 INFO =====> Loss: 67.10256958007812
2024-09-05 15:23:08,652 INFO =====> Grad: [-0.02575445  0.04865159  0.          0.          0.        ]
2024-09-05 15:23:08,652 INFO =====> Num. aborted data so far: 9
2024-09-05 15:23:08,927 INFO ===> New TaichiEnv created.
2024-09-05 15:23:08,927 INFO ===> Specifications: horizon = 600, dt = 0.01, n_substeps = 20, dt_sub = 0.0005
2024-09-05 15:24:03,448 INFO =====> Epoch: 49
2024-09-05 15:24:03,448 INFO =====> Loss: 67.12471771240234
2024-09-05 15:24:03,448 INFO =====> Grad: [0.26633644 0.05471157 0.         0.         0.        ]
2024-09-05 15:24:03,448 INFO =====> Num. aborted data so far: 9
2024-09-05 15:24:03,723 INFO ===> New TaichiEnv created.
2024-09-05 15:24:03,723 INFO ===> Specifications: horizon = 600, dt = 0.01, n_substeps = 20, dt_sub = 0.0005
2024-09-05 15:24:58,194 INFO =====> Epoch: 50
2024-09-05 15:24:58,195 INFO =====> Loss: 67.10124206542969
2024-09-05 15:24:58,195 INFO =====> Grad: [-0.02575445  0.04865159  0.          0.          0.        ]
2024-09-05 15:24:58,195 INFO =====> Num. aborted data so far: 9
2024-09-05 15:24:58,470 INFO ===> New TaichiEnv created.
2024-09-05 15:24:58,470 INFO ===> Specifications: horizon = 600, dt = 0.01, n_substeps = 20, dt_sub = 0.0005
2024-09-05 15:25:52,949 INFO =====> Epoch: 51
2024-09-05 15:25:52,949 INFO =====> Loss: 67.12806701660156
2024-09-05 15:25:52,949 INFO =====> Grad: [0.26633644 0.05471157 0.         0.         0.        ]
2024-09-05 15:25:52,949 INFO =====> Num. aborted data so far: 9
2024-09-05 15:25:53,228 INFO ===> New TaichiEnv created.
2024-09-05 15:25:53,228 INFO ===> Specifications: horizon = 600, dt = 0.01, n_substeps = 20, dt_sub = 0.0005
2024-09-05 15:26:48,003 INFO =====> Epoch: 52
2024-09-05 15:26:48,003 INFO =====> Loss: 67.10099029541016
2024-09-05 15:26:48,003 INFO =====> Grad: [-0.02575445  0.04865159  0.          0.          0.        ]
2024-09-05 15:26:48,003 INFO =====> Num. aborted data so far: 9
2024-09-05 15:26:48,283 INFO ===> New TaichiEnv created.
2024-09-05 15:26:48,283 INFO ===> Specifications: horizon = 600, dt = 0.01, n_substeps = 20, dt_sub = 0.0005
2024-09-05 15:27:42,599 INFO =====> Epoch: 53
2024-09-05 15:27:42,599 INFO =====> Loss: 67.12726593017578
2024-09-05 15:27:42,599 INFO =====> Grad: [0.26633644 0.05471157 0.         0.         0.        ]
2024-09-05 15:27:42,599 INFO =====> Num. aborted data so far: 9
2024-09-05 15:27:42,876 INFO ===> New TaichiEnv created.
2024-09-05 15:27:42,877 INFO ===> Specifications: horizon = 600, dt = 0.01, n_substeps = 20, dt_sub = 0.0005
2024-09-05 15:28:37,514 INFO =====> Epoch: 54
2024-09-05 15:28:37,514 INFO =====> Loss: 67.10101318359375
2024-09-05 15:28:37,515 INFO =====> Grad: [-0.02575445  0.04865159  0.          0.          0.        ]
2024-09-05 15:28:37,515 INFO =====> Num. aborted data so far: 9
2024-09-05 15:28:37,793 INFO ===> New TaichiEnv created.
2024-09-05 15:28:37,793 INFO ===> Specifications: horizon = 600, dt = 0.01, n_substeps = 20, dt_sub = 0.0005
2024-09-05 15:29:32,298 INFO =====> Epoch: 55
2024-09-05 15:29:32,298 INFO =====> Loss: 67.12471771240234
2024-09-05 15:29:32,298 INFO =====> Grad: [0.26633644 0.05471157 0.         0.         0.        ]
2024-09-05 15:29:32,298 INFO =====> Num. aborted data so far: 9
2024-09-05 15:29:32,576 INFO ===> New TaichiEnv created.
2024-09-05 15:29:32,576 INFO ===> Specifications: horizon = 600, dt = 0.01, n_substeps = 20, dt_sub = 0.0005
2024-09-05 15:30:27,015 INFO =====> Epoch: 56
2024-09-05 15:30:27,015 INFO =====> Loss: 67.10368347167969
2024-09-05 15:30:27,016 INFO =====> Grad: [-0.02575445  0.04865159  0.          0.          0.        ]
2024-09-05 15:30:27,016 INFO =====> Num. aborted data so far: 9
2024-09-05 15:30:27,294 INFO ===> New TaichiEnv created.
2024-09-05 15:30:27,298 INFO ===> Specifications: horizon = 600, dt = 0.01, n_substeps = 20, dt_sub = 0.0005
2024-09-05 15:31:21,951 INFO =====> Epoch: 57
2024-09-05 15:31:21,951 INFO =====> Loss: 67.13154602050781
2024-09-05 15:31:21,951 INFO =====> Grad: [0.26633644 0.05471157 0.         0.         0.        ]
2024-09-05 15:31:21,951 INFO =====> Num. aborted data so far: 9
2024-09-05 15:31:22,233 INFO ===> New TaichiEnv created.
2024-09-05 15:31:22,233 INFO ===> Specifications: horizon = 600, dt = 0.01, n_substeps = 20, dt_sub = 0.0005
2024-09-05 15:32:16,750 INFO =====> Epoch: 58
2024-09-05 15:32:16,750 INFO =====> Loss: 67.10411071777344
2024-09-05 15:32:16,750 INFO =====> Grad: [-0.02575445  0.04865159  0.          0.          0.        ]
2024-09-05 15:32:16,750 INFO =====> Num. aborted data so far: 9
2024-09-05 15:32:17,033 INFO ===> New TaichiEnv created.
2024-09-05 15:32:17,033 INFO ===> Specifications: horizon = 600, dt = 0.01, n_substeps = 20, dt_sub = 0.0005
2024-09-05 15:33:11,494 INFO =====> Epoch: 59
2024-09-05 15:33:11,494 INFO =====> Loss: 67.12860107421875
2024-09-05 15:33:11,495 INFO =====> Grad: [0.26633644 0.05471157 0.         0.         0.        ]
2024-09-05 15:33:11,495 INFO =====> Num. aborted data so far: 9
2024-09-05 15:33:11,775 INFO ===> New TaichiEnv created.
2024-09-05 15:33:11,775 INFO ===> Specifications: horizon = 600, dt = 0.01, n_substeps = 20, dt_sub = 0.0005
2024-09-05 15:34:06,295 INFO =====> Epoch: 60
2024-09-05 15:34:06,295 INFO =====> Loss: 67.1046371459961
2024-09-05 15:34:06,295 INFO =====> Grad: [-0.02575445  0.04865159  0.          0.          0.        ]
2024-09-05 15:34:06,295 INFO =====> Num. aborted data so far: 9
2024-09-05 15:34:06,577 INFO ===> New TaichiEnv created.
2024-09-05 15:34:06,577 INFO ===> Specifications: horizon = 600, dt = 0.01, n_substeps = 20, dt_sub = 0.0005
2024-09-05 15:35:01,072 INFO =====> Epoch: 61
2024-09-05 15:35:01,072 INFO =====> Loss: 67.1281967163086
2024-09-05 15:35:01,072 INFO =====> Grad: [0.26633644 0.05471157 0.         0.         0.        ]
2024-09-05 15:35:01,072 INFO =====> Num. aborted data so far: 9
2024-09-05 15:35:01,354 INFO ===> New TaichiEnv created.
2024-09-05 15:35:01,354 INFO ===> Specifications: horizon = 600, dt = 0.01, n_substeps = 20, dt_sub = 0.0005
2024-09-05 15:35:55,809 INFO =====> Epoch: 62
2024-09-05 15:35:55,809 INFO =====> Loss: 67.10137939453125
2024-09-05 15:35:55,809 INFO =====> Grad: [-0.02575445  0.04865159  0.          0.          0.        ]
2024-09-05 15:35:55,809 INFO =====> Num. aborted data so far: 9
2024-09-05 15:35:56,089 INFO ===> New TaichiEnv created.
2024-09-05 15:35:56,089 INFO ===> Specifications: horizon = 600, dt = 0.01, n_substeps = 20, dt_sub = 0.0005
2024-09-05 15:36:50,592 INFO =====> Epoch: 63
2024-09-05 15:36:50,592 INFO =====> Loss: 67.13105010986328
2024-09-05 15:36:50,592 INFO =====> Grad: [0.26633644 0.05471157 0.         0.         0.        ]
2024-09-05 15:36:50,592 INFO =====> Num. aborted data so far: 9
2024-09-05 15:36:50,872 INFO ===> New TaichiEnv created.
2024-09-05 15:36:50,872 INFO ===> Specifications: horizon = 600, dt = 0.01, n_substeps = 20, dt_sub = 0.0005
2024-09-05 15:37:45,312 INFO =====> Epoch: 64
2024-09-05 15:37:45,313 INFO =====> Loss: 67.1051025390625
2024-09-05 15:37:45,313 INFO =====> Grad: [-0.02575445  0.04865159  0.          0.          0.        ]
2024-09-05 15:37:45,313 INFO =====> Num. aborted data so far: 9
2024-09-05 15:37:45,598 INFO ===> New TaichiEnv created.
2024-09-05 15:37:45,598 INFO ===> Specifications: horizon = 600, dt = 0.01, n_substeps = 20, dt_sub = 0.0005
2024-09-05 15:38:40,182 INFO =====> Epoch: 65
2024-09-05 15:38:40,182 INFO =====> Loss: 67.12899017333984
2024-09-05 15:38:40,182 INFO =====> Grad: [0.26633644 0.05471157 0.         0.         0.        ]
2024-09-05 15:38:40,182 INFO =====> Num. aborted data so far: 9
2024-09-05 15:38:40,466 INFO ===> New TaichiEnv created.
2024-09-05 15:38:40,466 INFO ===> Specifications: horizon = 600, dt = 0.01, n_substeps = 20, dt_sub = 0.0005
2024-09-05 15:39:34,953 INFO =====> Epoch: 66
2024-09-05 15:39:34,953 INFO =====> Loss: 67.08650970458984
2024-09-05 15:39:34,953 INFO =====> Grad: [-0.02575446  0.04865155  0.          0.          0.        ]
2024-09-05 15:39:34,953 INFO =====> Num. aborted data so far: 9
2024-09-05 15:39:35,236 INFO ===> New TaichiEnv created.
2024-09-05 15:39:35,236 INFO ===> Specifications: horizon = 600, dt = 0.01, n_substeps = 20, dt_sub = 0.0005
2024-09-05 15:40:29,581 INFO =====> Epoch: 67
2024-09-05 15:40:29,581 INFO =====> Loss: 67.1103286743164
2024-09-05 15:40:29,581 INFO =====> Grad: [0.26633644 0.05471157 0.         0.         0.        ]
2024-09-05 15:40:29,581 INFO =====> Num. aborted data so far: 9
2024-09-05 15:40:29,864 INFO ===> New TaichiEnv created.
2024-09-05 15:40:29,864 INFO ===> Specifications: horizon = 600, dt = 0.01, n_substeps = 20, dt_sub = 0.0005
2024-09-05 15:41:24,632 INFO =====> Epoch: 68
2024-09-05 15:41:24,632 INFO =====> Loss: 67.1041259765625
2024-09-05 15:41:24,632 INFO =====> Grad: [-0.02575446  0.04865155  0.          0.          0.        ]
2024-09-05 15:41:24,632 INFO =====> Num. aborted data so far: 9
2024-09-05 15:41:24,915 INFO ===> New TaichiEnv created.
2024-09-05 15:41:24,915 INFO ===> Specifications: horizon = 600, dt = 0.01, n_substeps = 20, dt_sub = 0.0005
2024-09-05 15:42:19,355 INFO =====> Epoch: 69
2024-09-05 15:42:19,355 INFO =====> Loss: 67.12809753417969
2024-09-05 15:42:19,355 INFO =====> Grad: [0.26633644 0.05471157 0.         0.         0.        ]
2024-09-05 15:42:19,355 INFO =====> Num. aborted data so far: 9
2024-09-05 15:42:19,639 INFO ===> New TaichiEnv created.
2024-09-05 15:42:19,639 INFO ===> Specifications: horizon = 600, dt = 0.01, n_substeps = 20, dt_sub = 0.0005
2024-09-05 15:43:14,116 INFO =====> Epoch: 70
2024-09-05 15:43:14,116 INFO =====> Loss: 67.10153198242188
2024-09-05 15:43:14,116 INFO =====> Grad: [-0.02575446  0.04865155  0.          0.          0.        ]
2024-09-05 15:43:14,116 INFO =====> Num. aborted data so far: 9
2024-09-05 15:43:14,404 INFO ===> New TaichiEnv created.
2024-09-05 15:43:14,404 INFO ===> Specifications: horizon = 600, dt = 0.01, n_substeps = 20, dt_sub = 0.0005
2024-09-05 15:44:08,900 INFO =====> Epoch: 71
2024-09-05 15:44:08,900 INFO =====> Loss: 67.12646484375
2024-09-05 15:44:08,900 INFO =====> Grad: [0.26633644 0.05471157 0.         0.         0.        ]
2024-09-05 15:44:08,900 INFO =====> Num. aborted data so far: 9
2024-09-05 15:44:09,191 INFO ===> New TaichiEnv created.
2024-09-05 15:44:09,191 INFO ===> Specifications: horizon = 600, dt = 0.01, n_substeps = 20, dt_sub = 0.0005
2024-09-05 15:45:03,650 INFO =====> Epoch: 72
2024-09-05 15:45:03,651 INFO =====> Loss: 67.10107421875
2024-09-05 15:45:03,651 INFO =====> Grad: [-0.02575446  0.04865155  0.          0.          0.        ]
2024-09-05 15:45:03,651 INFO =====> Num. aborted data so far: 9
2024-09-05 15:45:03,938 INFO ===> New TaichiEnv created.
2024-09-05 15:45:03,938 INFO ===> Specifications: horizon = 600, dt = 0.01, n_substeps = 20, dt_sub = 0.0005
2024-09-05 15:45:58,405 INFO =====> Epoch: 73
2024-09-05 15:45:58,405 INFO =====> Loss: 67.12813568115234
2024-09-05 15:45:58,405 INFO =====> Grad: [0.26633644 0.05471152 0.         0.         0.        ]
2024-09-05 15:45:58,405 INFO =====> Num. aborted data so far: 9
2024-09-05 15:45:58,693 INFO ===> New TaichiEnv created.
2024-09-05 15:45:58,693 INFO ===> Specifications: horizon = 600, dt = 0.01, n_substeps = 20, dt_sub = 0.0005
2024-09-05 15:46:53,242 INFO =====> Epoch: 74
2024-09-05 15:46:53,242 INFO =====> Loss: 67.10651397705078
2024-09-05 15:46:53,242 INFO =====> Grad: [-0.02575446  0.04865155  0.          0.          0.        ]
2024-09-05 15:46:53,242 INFO =====> Num. aborted data so far: 9
2024-09-05 15:46:53,529 INFO ===> New TaichiEnv created.
2024-09-05 15:46:53,529 INFO ===> Specifications: horizon = 600, dt = 0.01, n_substeps = 20, dt_sub = 0.0005
2024-09-05 15:47:47,834 INFO =====> Epoch: 75
2024-09-05 15:47:47,834 INFO =====> Loss: 67.12676239013672
2024-09-05 15:47:47,834 INFO =====> Grad: [0.26633644 0.05471152 0.         0.         0.        ]
2024-09-05 15:47:47,834 INFO =====> Num. aborted data so far: 9
2024-09-05 15:47:48,122 INFO ===> New TaichiEnv created.
2024-09-05 15:47:48,122 INFO ===> Specifications: horizon = 600, dt = 0.01, n_substeps = 20, dt_sub = 0.0005
2024-09-05 15:48:42,607 INFO =====> Epoch: 76
2024-09-05 15:48:42,607 INFO =====> Loss: 67.09333038330078
2024-09-05 15:48:42,607 INFO =====> Grad: [-0.02575446  0.04865155  0.          0.          0.        ]
2024-09-05 15:48:42,607 INFO =====> Num. aborted data so far: 9
2024-09-05 15:48:42,893 INFO ===> New TaichiEnv created.
2024-09-05 15:48:42,894 INFO ===> Specifications: horizon = 600, dt = 0.01, n_substeps = 20, dt_sub = 0.0005
2024-09-05 15:49:37,467 INFO =====> Epoch: 77
2024-09-05 15:49:37,467 INFO =====> Loss: 67.12486267089844
2024-09-05 15:49:37,467 INFO =====> Grad: [0.26633644 0.05471152 0.         0.         0.        ]
2024-09-05 15:49:37,467 INFO =====> Num. aborted data so far: 9
2024-09-05 15:49:37,758 INFO ===> New TaichiEnv created.
2024-09-05 15:49:37,758 INFO ===> Specifications: horizon = 600, dt = 0.01, n_substeps = 20, dt_sub = 0.0005
2024-09-05 15:50:32,166 INFO =====> Epoch: 78
2024-09-05 15:50:32,166 INFO =====> Loss: 67.10758209228516
2024-09-05 15:50:32,166 INFO =====> Grad: [-0.02575446  0.04865155  0.          0.          0.        ]
2024-09-05 15:50:32,166 INFO =====> Num. aborted data so far: 9
2024-09-05 15:50:32,456 INFO ===> New TaichiEnv created.
2024-09-05 15:50:32,457 INFO ===> Specifications: horizon = 600, dt = 0.01, n_substeps = 20, dt_sub = 0.0005
2024-09-05 15:51:26,937 INFO =====> Epoch: 79
2024-09-05 15:51:26,937 INFO =====> Loss: 67.12468719482422
2024-09-05 15:51:26,937 INFO =====> Grad: [0.26633644 0.05471152 0.         0.         0.        ]
2024-09-05 15:51:26,937 INFO =====> Num. aborted data so far: 9
2024-09-05 15:51:27,225 INFO ===> New TaichiEnv created.
2024-09-05 15:51:27,226 INFO ===> Specifications: horizon = 600, dt = 0.01, n_substeps = 20, dt_sub = 0.0005
2024-09-05 15:52:21,997 INFO =====> Epoch: 80
2024-09-05 15:52:21,997 INFO =====> Loss: 67.1080322265625
2024-09-05 15:52:21,997 INFO =====> Grad: [-0.02575446  0.04865155  0.          0.          0.        ]
2024-09-05 15:52:21,997 INFO =====> Num. aborted data so far: 9
2024-09-05 15:52:22,288 INFO ===> New TaichiEnv created.
2024-09-05 15:52:22,288 INFO ===> Specifications: horizon = 600, dt = 0.01, n_substeps = 20, dt_sub = 0.0005
2024-09-05 15:53:16,705 INFO =====> Epoch: 81
2024-09-05 15:53:16,705 INFO =====> Loss: 67.12716674804688
2024-09-05 15:53:16,705 INFO =====> Grad: [0.26633644 0.05471152 0.         0.         0.        ]
2024-09-05 15:53:16,705 INFO =====> Num. aborted data so far: 9
2024-09-05 15:53:16,996 INFO ===> New TaichiEnv created.
2024-09-05 15:53:16,996 INFO ===> Specifications: horizon = 600, dt = 0.01, n_substeps = 20, dt_sub = 0.0005
2024-09-05 15:54:11,493 INFO =====> Epoch: 82
2024-09-05 15:54:11,493 INFO =====> Loss: 67.10100555419922
2024-09-05 15:54:11,493 INFO =====> Grad: [-0.02575446  0.04865155  0.          0.          0.        ]
2024-09-05 15:54:11,493 INFO =====> Num. aborted data so far: 9
2024-09-05 15:54:11,786 INFO ===> New TaichiEnv created.
2024-09-05 15:54:11,786 INFO ===> Specifications: horizon = 600, dt = 0.01, n_substeps = 20, dt_sub = 0.0005
2024-09-05 15:55:06,431 INFO =====> Epoch: 83
2024-09-05 15:55:06,431 INFO =====> Loss: 67.12440490722656
2024-09-05 15:55:06,432 INFO =====> Grad: [0.26633644 0.05471152 0.         0.         0.        ]
2024-09-05 15:55:06,432 INFO =====> Num. aborted data so far: 9
2024-09-05 15:55:06,723 INFO ===> New TaichiEnv created.
2024-09-05 15:55:06,723 INFO ===> Specifications: horizon = 600, dt = 0.01, n_substeps = 20, dt_sub = 0.0005
2024-09-05 15:56:01,228 INFO =====> Epoch: 84
2024-09-05 15:56:01,228 INFO =====> Loss: 67.10122680664062
2024-09-05 15:56:01,228 INFO =====> Grad: [-0.02575446  0.04865155  0.          0.          0.        ]
2024-09-05 15:56:01,228 INFO =====> Num. aborted data so far: 9
2024-09-05 15:56:01,520 INFO ===> New TaichiEnv created.
2024-09-05 15:56:01,520 INFO ===> Specifications: horizon = 600, dt = 0.01, n_substeps = 20, dt_sub = 0.0005
2024-09-05 15:56:56,036 INFO =====> Epoch: 85
2024-09-05 15:56:56,036 INFO =====> Loss: 67.08635711669922
2024-09-05 15:56:56,036 INFO =====> Grad: [0.26633644 0.05471152 0.         0.         0.        ]
2024-09-05 15:56:56,036 INFO =====> Num. aborted data so far: 9
2024-09-05 15:56:56,328 INFO ===> New TaichiEnv created.
2024-09-05 15:56:56,328 INFO ===> Specifications: horizon = 600, dt = 0.01, n_substeps = 20, dt_sub = 0.0005
2024-09-05 15:57:50,832 INFO =====> Epoch: 86
2024-09-05 15:57:50,832 INFO =====> Loss: 67.10152435302734
2024-09-05 15:57:50,839 INFO =====> Grad: [-0.02575446  0.04865155  0.          0.          0.        ]
2024-09-05 15:57:50,839 INFO =====> Num. aborted data so far: 9
2024-09-05 15:57:51,130 INFO ===> New TaichiEnv created.
2024-09-05 15:57:51,130 INFO ===> Specifications: horizon = 600, dt = 0.01, n_substeps = 20, dt_sub = 0.0005
2024-09-05 15:58:46,129 INFO =====> Epoch: 87
2024-09-05 15:58:46,129 INFO =====> Loss: 67.12455749511719
2024-09-05 15:58:46,129 INFO =====> Grad: [0.26633644 0.05471152 0.         0.         0.        ]
2024-09-05 15:58:46,129 INFO =====> Num. aborted data so far: 9
2024-09-05 15:58:46,421 INFO ===> New TaichiEnv created.
2024-09-05 15:58:46,421 INFO ===> Specifications: horizon = 600, dt = 0.01, n_substeps = 20, dt_sub = 0.0005
2024-09-05 15:59:40,985 INFO =====> Epoch: 88
2024-09-05 15:59:40,985 INFO =====> Loss: 67.1026382446289
2024-09-05 15:59:40,985 INFO =====> Grad: [-0.02575446  0.04865155  0.          0.          0.        ]
2024-09-05 15:59:40,985 INFO =====> Num. aborted data so far: 9
2024-09-05 15:59:41,276 INFO ===> New TaichiEnv created.
2024-09-05 15:59:41,276 INFO ===> Specifications: horizon = 600, dt = 0.01, n_substeps = 20, dt_sub = 0.0005
2024-09-05 16:00:35,796 INFO =====> Epoch: 89
2024-09-05 16:00:35,796 INFO =====> Loss: 67.12420654296875
2024-09-05 16:00:35,796 INFO =====> Grad: [0.26633644 0.05471152 0.         0.         0.        ]
2024-09-05 16:00:35,796 INFO =====> Num. aborted data so far: 9
2024-09-05 16:00:36,089 INFO ===> New TaichiEnv created.
2024-09-05 16:00:36,089 INFO ===> Specifications: horizon = 600, dt = 0.01, n_substeps = 20, dt_sub = 0.0005
2024-09-05 16:01:30,851 INFO =====> Epoch: 90
2024-09-05 16:01:30,851 INFO =====> Loss: 67.10540771484375
2024-09-05 16:01:30,852 INFO =====> Grad: [-0.02575446  0.04865155  0.          0.          0.        ]
2024-09-05 16:01:30,852 INFO =====> Num. aborted data so far: 9
2024-09-05 16:01:31,147 INFO ===> New TaichiEnv created.
2024-09-05 16:01:31,147 INFO ===> Specifications: horizon = 600, dt = 0.01, n_substeps = 20, dt_sub = 0.0005
2024-09-05 16:02:25,929 INFO =====> Epoch: 91
2024-09-05 16:02:25,929 INFO =====> Loss: 67.12428283691406
2024-09-05 16:02:25,929 INFO =====> Grad: [0.26633644 0.05471152 0.         0.         0.        ]
2024-09-05 16:02:25,929 INFO =====> Num. aborted data so far: 9
2024-09-05 16:02:26,222 INFO ===> New TaichiEnv created.
2024-09-05 16:02:26,222 INFO ===> Specifications: horizon = 600, dt = 0.01, n_substeps = 20, dt_sub = 0.0005
2024-09-05 16:03:20,872 INFO =====> Epoch: 92
2024-09-05 16:03:20,873 INFO =====> Loss: 67.10440063476562
2024-09-05 16:03:20,873 INFO =====> Grad: [-0.02575446  0.04865155  0.          0.          0.        ]
2024-09-05 16:03:20,873 INFO =====> Num. aborted data so far: 9
2024-09-05 16:03:21,164 INFO ===> New TaichiEnv created.
2024-09-05 16:03:21,165 INFO ===> Specifications: horizon = 600, dt = 0.01, n_substeps = 20, dt_sub = 0.0005
2024-09-05 16:04:15,600 INFO =====> Epoch: 93
2024-09-05 16:04:15,600 INFO =====> Loss: 67.12429809570312
2024-09-05 16:04:15,600 INFO =====> Grad: [0.26633644 0.05471152 0.         0.         0.        ]
2024-09-05 16:04:15,600 INFO =====> Num. aborted data so far: 9
2024-09-05 16:04:15,893 INFO ===> New TaichiEnv created.
2024-09-05 16:04:15,893 INFO ===> Specifications: horizon = 600, dt = 0.01, n_substeps = 20, dt_sub = 0.0005
2024-09-05 16:05:10,253 INFO =====> Epoch: 94
2024-09-05 16:05:10,253 INFO =====> Loss: 67.10747528076172
2024-09-05 16:05:10,253 INFO =====> Grad: [-0.02575446  0.04865155  0.          0.          0.        ]
2024-09-05 16:05:10,253 INFO =====> Num. aborted data so far: 9
2024-09-05 16:05:10,548 INFO ===> New TaichiEnv created.
2024-09-05 16:05:10,548 INFO ===> Specifications: horizon = 600, dt = 0.01, n_substeps = 20, dt_sub = 0.0005
2024-09-05 16:06:05,073 INFO =====> Epoch: 95
2024-09-05 16:06:05,073 INFO =====> Loss: 67.12765502929688
2024-09-05 16:06:05,073 INFO =====> Grad: [0.26633644 0.05471152 0.         0.         0.        ]
2024-09-05 16:06:05,073 INFO =====> Num. aborted data so far: 9
2024-09-05 16:06:05,365 INFO ===> New TaichiEnv created.
2024-09-05 16:06:05,365 INFO ===> Specifications: horizon = 600, dt = 0.01, n_substeps = 20, dt_sub = 0.0005
2024-09-05 16:06:59,861 INFO =====> Epoch: 96
2024-09-05 16:06:59,861 INFO =====> Loss: 67.10087585449219
2024-09-05 16:06:59,861 INFO =====> Grad: [-0.02575446  0.04865155  0.          0.          0.        ]
2024-09-05 16:06:59,861 INFO =====> Num. aborted data so far: 9
2024-09-05 16:07:00,153 INFO ===> New TaichiEnv created.
2024-09-05 16:07:00,153 INFO ===> Specifications: horizon = 600, dt = 0.01, n_substeps = 20, dt_sub = 0.0005
2024-09-05 16:07:55,018 INFO =====> Epoch: 97
2024-09-05 16:07:55,018 INFO =====> Loss: 67.12454223632812
2024-09-05 16:07:55,018 INFO =====> Grad: [0.26633644 0.05471152 0.         0.         0.        ]
2024-09-05 16:07:55,018 INFO =====> Num. aborted data so far: 9
2024-09-05 16:07:55,315 INFO ===> New TaichiEnv created.
2024-09-05 16:07:55,315 INFO ===> Specifications: horizon = 600, dt = 0.01, n_substeps = 20, dt_sub = 0.0005
2024-09-05 16:08:58,091 INFO =====> Epoch: 98
2024-09-05 16:08:58,091 INFO =====> Loss: 67.10111999511719
2024-09-05 16:08:58,091 INFO =====> Grad: [-0.02575446  0.04865155  0.          0.          0.        ]
2024-09-05 16:08:58,091 INFO =====> Num. aborted data so far: 9
2024-09-05 16:08:58,427 INFO ===> New TaichiEnv created.
2024-09-05 16:08:58,427 INFO ===> Specifications: horizon = 600, dt = 0.01, n_substeps = 20, dt_sub = 0.0005
2024-09-05 16:09:52,865 INFO =====> Epoch: 99
2024-09-05 16:09:52,865 INFO =====> Loss: 67.13167572021484
2024-09-05 16:09:52,865 INFO =====> Grad: [0.26633644 0.05471152 0.         0.         0.        ]
2024-09-05 16:09:52,865 INFO =====> Num. aborted data so far: 9
2024-09-05 16:09:53,157 INFO ===> New TaichiEnv created.
2024-09-05 16:09:53,157 INFO ===> Specifications: horizon = 600, dt = 0.01, n_substeps = 20, dt_sub = 0.0005
2024-09-05 16:10:47,678 INFO =====> Epoch: 100
2024-09-05 16:10:47,678 INFO =====> Loss: 67.10100555419922
2024-09-05 16:10:47,678 INFO =====> Grad: [-0.02575448  0.0486515   0.          0.          0.        ]
2024-09-05 16:10:47,678 INFO =====> Num. aborted data so far: 9
2024-09-05 16:10:47,973 INFO ===> New TaichiEnv created.
2024-09-05 16:10:47,973 INFO ===> Specifications: horizon = 600, dt = 0.01, n_substeps = 20, dt_sub = 0.0005
2024-09-05 16:11:42,489 INFO =====> Epoch: 101
2024-09-05 16:11:42,490 INFO =====> Loss: 67.12454986572266
2024-09-05 16:11:42,497 INFO =====> Grad: [0.26633644 0.05471152 0.         0.         0.        ]
2024-09-05 16:11:42,497 INFO =====> Num. aborted data so far: 9
2024-09-05 16:11:42,790 INFO ===> New TaichiEnv created.
2024-09-05 16:11:42,790 INFO ===> Specifications: horizon = 600, dt = 0.01, n_substeps = 20, dt_sub = 0.0005
2024-09-05 16:12:37,154 INFO =====> Epoch: 102
2024-09-05 16:12:37,154 INFO =====> Loss: 67.10784912109375
2024-09-05 16:12:37,154 INFO =====> Grad: [-0.02575448  0.0486515   0.          0.          0.        ]
2024-09-05 16:12:37,154 INFO =====> Num. aborted data so far: 9
2024-09-05 16:12:37,447 INFO ===> New TaichiEnv created.
2024-09-05 16:12:37,447 INFO ===> Specifications: horizon = 600, dt = 0.01, n_substeps = 20, dt_sub = 0.0005
2024-09-05 16:13:32,264 INFO =====> Epoch: 103
2024-09-05 16:13:32,264 INFO =====> Loss: 67.12635040283203
2024-09-05 16:13:32,264 INFO =====> Grad: [0.26633644 0.05471152 0.         0.         0.        ]
2024-09-05 16:13:32,264 INFO =====> Num. aborted data so far: 9
2024-09-05 16:13:32,557 INFO ===> New TaichiEnv created.
2024-09-05 16:13:32,557 INFO ===> Specifications: horizon = 600, dt = 0.01, n_substeps = 20, dt_sub = 0.0005
2024-09-05 16:14:27,017 INFO =====> Epoch: 104
2024-09-05 16:14:27,017 INFO =====> Loss: 67.08936309814453
2024-09-05 16:14:27,017 INFO =====> Grad: [-0.02575448  0.0486515   0.          0.          0.        ]
2024-09-05 16:14:27,017 INFO =====> Num. aborted data so far: 9
2024-09-05 16:14:27,310 INFO ===> New TaichiEnv created.
2024-09-05 16:14:27,310 INFO ===> Specifications: horizon = 600, dt = 0.01, n_substeps = 20, dt_sub = 0.0005
2024-09-05 16:15:21,753 INFO =====> Epoch: 105
2024-09-05 16:15:21,753 INFO =====> Loss: 67.1312255859375
2024-09-05 16:15:21,753 INFO =====> Grad: [0.26633644 0.05471152 0.         0.         0.        ]
2024-09-05 16:15:21,753 INFO =====> Num. aborted data so far: 9
2024-09-05 16:15:22,045 INFO ===> New TaichiEnv created.
2024-09-05 16:15:22,045 INFO ===> Specifications: horizon = 600, dt = 0.01, n_substeps = 20, dt_sub = 0.0005
2024-09-05 16:16:16,531 INFO =====> Epoch: 106
2024-09-05 16:16:16,531 INFO =====> Loss: 67.100830078125
2024-09-05 16:16:16,531 INFO =====> Grad: [-0.02575448  0.0486515   0.          0.          0.        ]
2024-09-05 16:16:16,531 INFO =====> Num. aborted data so far: 9
2024-09-05 16:16:16,824 INFO ===> New TaichiEnv created.
2024-09-05 16:16:16,828 INFO ===> Specifications: horizon = 600, dt = 0.01, n_substeps = 20, dt_sub = 0.0005
2024-09-05 16:17:11,291 INFO =====> Epoch: 107
2024-09-05 16:17:11,291 INFO =====> Loss: 67.131591796875
2024-09-05 16:17:11,291 INFO =====> Grad: [0.26633644 0.05471152 0.         0.         0.        ]
2024-09-05 16:17:11,291 INFO =====> Num. aborted data so far: 9
2024-09-05 16:17:11,587 INFO ===> New TaichiEnv created.
2024-09-05 16:17:11,587 INFO ===> Specifications: horizon = 600, dt = 0.01, n_substeps = 20, dt_sub = 0.0005
2024-09-05 16:18:06,280 INFO =====> Epoch: 108
2024-09-05 16:18:06,281 INFO =====> Loss: 67.1077651977539
2024-09-05 16:18:06,281 INFO =====> Grad: [-0.02575448  0.0486515   0.          0.          0.        ]
2024-09-05 16:18:06,281 INFO =====> Num. aborted data so far: 9
2024-09-05 16:18:06,574 INFO ===> New TaichiEnv created.
2024-09-05 16:18:06,574 INFO ===> Specifications: horizon = 600, dt = 0.01, n_substeps = 20, dt_sub = 0.0005
2024-09-05 16:19:01,147 INFO =====> Epoch: 109
2024-09-05 16:19:01,147 INFO =====> Loss: 67.12751007080078
2024-09-05 16:19:01,148 INFO =====> Grad: [0.26633644 0.05471152 0.         0.         0.        ]
2024-09-05 16:19:01,148 INFO =====> Num. aborted data so far: 9
2024-09-05 16:19:01,441 INFO ===> New TaichiEnv created.
2024-09-05 16:19:01,441 INFO ===> Specifications: horizon = 600, dt = 0.01, n_substeps = 20, dt_sub = 0.0005
2024-09-05 16:19:55,965 INFO =====> Epoch: 110
2024-09-05 16:19:55,966 INFO =====> Loss: 67.10099029541016
2024-09-05 16:19:55,966 INFO =====> Grad: [-0.02575448  0.0486515   0.          0.          0.        ]
2024-09-05 16:19:55,966 INFO =====> Num. aborted data so far: 9
2024-09-05 16:19:56,261 INFO ===> New TaichiEnv created.
2024-09-05 16:19:56,261 INFO ===> Specifications: horizon = 600, dt = 0.01, n_substeps = 20, dt_sub = 0.0005
2024-09-05 16:20:50,822 INFO =====> Epoch: 111
2024-09-05 16:20:50,822 INFO =====> Loss: 67.12861633300781
2024-09-05 16:20:50,822 INFO =====> Grad: [0.26633644 0.05471152 0.         0.         0.        ]
2024-09-05 16:20:50,822 INFO =====> Num. aborted data so far: 9
2024-09-05 16:20:51,122 INFO ===> New TaichiEnv created.
2024-09-05 16:20:51,122 INFO ===> Specifications: horizon = 600, dt = 0.01, n_substeps = 20, dt_sub = 0.0005
2024-09-05 16:21:45,579 INFO =====> Epoch: 112
2024-09-05 16:21:45,579 INFO =====> Loss: 67.1043701171875
2024-09-05 16:21:45,579 INFO =====> Grad: [-0.02575448  0.0486515   0.          0.          0.        ]
2024-09-05 16:21:45,579 INFO =====> Num. aborted data so far: 9
2024-09-05 16:21:45,876 INFO ===> New TaichiEnv created.
2024-09-05 16:21:45,877 INFO ===> Specifications: horizon = 600, dt = 0.01, n_substeps = 20, dt_sub = 0.0005
2024-09-05 16:22:40,460 INFO =====> Epoch: 113
2024-09-05 16:22:40,460 INFO =====> Loss: 67.10541534423828
2024-09-05 16:22:40,461 INFO =====> Grad: [0.26633644 0.05471152 0.         0.         0.        ]
2024-09-05 16:22:40,461 INFO =====> Num. aborted data so far: 9
2024-09-05 16:22:40,756 INFO ===> New TaichiEnv created.
2024-09-05 16:22:40,756 INFO ===> Specifications: horizon = 600, dt = 0.01, n_substeps = 20, dt_sub = 0.0005
2024-09-05 16:23:35,390 INFO =====> Epoch: 114
2024-09-05 16:23:35,390 INFO =====> Loss: 67.10460662841797
2024-09-05 16:23:35,390 INFO =====> Grad: [-0.02575448  0.0486515   0.          0.          0.        ]
2024-09-05 16:23:35,390 INFO =====> Num. aborted data so far: 9
2024-09-05 16:23:35,685 INFO ===> New TaichiEnv created.
2024-09-05 16:23:35,685 INFO ===> Specifications: horizon = 600, dt = 0.01, n_substeps = 20, dt_sub = 0.0005
2024-09-05 16:24:30,156 INFO =====> Epoch: 115
2024-09-05 16:24:30,156 INFO =====> Loss: 67.12991333007812
2024-09-05 16:24:30,157 INFO =====> Grad: [0.26633644 0.05471152 0.         0.         0.        ]
2024-09-05 16:24:30,157 INFO =====> Num. aborted data so far: 9
2024-09-05 16:24:30,456 INFO ===> New TaichiEnv created.
2024-09-05 16:24:30,456 INFO ===> Specifications: horizon = 600, dt = 0.01, n_substeps = 20, dt_sub = 0.0005
2024-09-05 16:25:24,969 INFO =====> Epoch: 116
2024-09-05 16:25:24,969 INFO =====> Loss: 67.10409545898438
2024-09-05 16:25:24,969 INFO =====> Grad: [-0.02575448  0.0486515   0.          0.          0.        ]
2024-09-05 16:25:24,969 INFO =====> Num. aborted data so far: 9
2024-09-05 16:25:25,265 INFO ===> New TaichiEnv created.
2024-09-05 16:25:25,265 INFO ===> Specifications: horizon = 600, dt = 0.01, n_substeps = 20, dt_sub = 0.0005
2024-09-05 16:26:19,674 INFO =====> Epoch: 117
2024-09-05 16:26:19,674 INFO =====> Loss: 67.12276458740234
2024-09-05 16:26:19,674 INFO =====> Grad: [0.26633644 0.05471152 0.         0.         0.        ]
2024-09-05 16:26:19,674 INFO =====> Num. aborted data so far: 9
2024-09-05 16:26:19,967 INFO ===> New TaichiEnv created.
2024-09-05 16:26:19,967 INFO ===> Specifications: horizon = 600, dt = 0.01, n_substeps = 20, dt_sub = 0.0005
2024-09-05 16:27:14,465 INFO =====> Epoch: 118
2024-09-05 16:27:14,465 INFO =====> Loss: 67.106689453125
2024-09-05 16:27:14,465 INFO =====> Grad: [-0.02575448  0.0486515   0.          0.          0.        ]
2024-09-05 16:27:14,465 INFO =====> Num. aborted data so far: 9
2024-09-05 16:27:14,759 INFO ===> New TaichiEnv created.
2024-09-05 16:27:14,759 INFO ===> Specifications: horizon = 600, dt = 0.01, n_substeps = 20, dt_sub = 0.0005
2024-09-05 16:28:09,290 INFO =====> Epoch: 119
2024-09-05 16:28:09,290 INFO =====> Loss: 67.12543487548828
2024-09-05 16:28:09,290 INFO =====> Grad: [0.26633644 0.05471152 0.         0.         0.        ]
2024-09-05 16:28:09,290 INFO =====> Num. aborted data so far: 9
2024-09-05 16:28:09,586 INFO ===> New TaichiEnv created.
2024-09-05 16:28:09,586 INFO ===> Specifications: horizon = 600, dt = 0.01, n_substeps = 20, dt_sub = 0.0005
2024-09-05 16:29:04,112 INFO =====> Epoch: 120
2024-09-05 16:29:04,112 INFO =====> Loss: 67.10104370117188
2024-09-05 16:29:04,112 INFO =====> Grad: [-0.02575448  0.0486515   0.          0.          0.        ]
2024-09-05 16:29:04,112 INFO =====> Num. aborted data so far: 9
2024-09-05 16:29:04,408 INFO ===> New TaichiEnv created.
2024-09-05 16:29:04,408 INFO ===> Specifications: horizon = 600, dt = 0.01, n_substeps = 20, dt_sub = 0.0005
2024-09-05 16:29:58,894 INFO =====> Epoch: 121
2024-09-05 16:29:58,894 INFO =====> Loss: 67.12809753417969
2024-09-05 16:29:58,894 INFO =====> Grad: [0.26633644 0.05471152 0.         0.         0.        ]
2024-09-05 16:29:58,894 INFO =====> Num. aborted data so far: 9
2024-09-05 16:29:59,192 INFO ===> New TaichiEnv created.
2024-09-05 16:29:59,192 INFO ===> Specifications: horizon = 600, dt = 0.01, n_substeps = 20, dt_sub = 0.0005
2024-09-05 16:30:53,653 INFO =====> Epoch: 122
2024-09-05 16:30:53,653 INFO =====> Loss: 67.10771179199219
2024-09-05 16:30:53,660 INFO =====> Grad: [-0.02575448  0.0486515   0.          0.          0.        ]
2024-09-05 16:30:53,660 INFO =====> Num. aborted data so far: 9
2024-09-05 16:30:53,957 INFO ===> New TaichiEnv created.
2024-09-05 16:30:53,957 INFO ===> Specifications: horizon = 600, dt = 0.01, n_substeps = 20, dt_sub = 0.0005
2024-09-05 16:31:48,477 INFO =====> Epoch: 123
2024-09-05 16:31:48,477 INFO =====> Loss: 67.123046875
2024-09-05 16:31:48,477 INFO =====> Grad: [0.26633644 0.05471152 0.         0.         0.        ]
2024-09-05 16:31:48,477 INFO =====> Num. aborted data so far: 9
2024-09-05 16:31:48,772 INFO ===> New TaichiEnv created.
2024-09-05 16:31:48,772 INFO ===> Specifications: horizon = 600, dt = 0.01, n_substeps = 20, dt_sub = 0.0005
2024-09-05 16:32:43,153 INFO =====> Epoch: 124
2024-09-05 16:32:43,153 INFO =====> Loss: 67.10330200195312
2024-09-05 16:32:43,153 INFO =====> Grad: [-0.02575448  0.0486515   0.          0.          0.        ]
2024-09-05 16:32:43,153 INFO =====> Num. aborted data so far: 9
2024-09-05 16:32:43,448 INFO ===> New TaichiEnv created.
2024-09-05 16:32:43,448 INFO ===> Specifications: horizon = 600, dt = 0.01, n_substeps = 20, dt_sub = 0.0005
2024-09-05 16:33:38,079 INFO =====> Epoch: 125
2024-09-05 16:33:38,079 INFO =====> Loss: 67.12433624267578
2024-09-05 16:33:38,079 INFO =====> Grad: [0.26633644 0.05471152 0.         0.         0.        ]
2024-09-05 16:33:38,079 INFO =====> Num. aborted data so far: 9
2024-09-05 16:33:38,374 INFO ===> New TaichiEnv created.
2024-09-05 16:33:38,374 INFO ===> Specifications: horizon = 600, dt = 0.01, n_substeps = 20, dt_sub = 0.0005
2024-09-05 16:34:32,822 INFO =====> Epoch: 126
2024-09-05 16:34:32,823 INFO =====> Loss: 67.10664367675781
2024-09-05 16:34:32,823 INFO =====> Grad: [-0.02575448  0.0486515   0.          0.          0.        ]
2024-09-05 16:34:32,823 INFO =====> Num. aborted data so far: 9
2024-09-05 16:34:33,120 INFO ===> New TaichiEnv created.
2024-09-05 16:34:33,120 INFO ===> Specifications: horizon = 600, dt = 0.01, n_substeps = 20, dt_sub = 0.0005
2024-09-05 16:35:27,607 INFO =====> Epoch: 127
2024-09-05 16:35:27,608 INFO =====> Loss: 67.1054916381836
2024-09-05 16:35:27,608 INFO =====> Grad: [0.26633644 0.05471152 0.         0.         0.        ]
2024-09-05 16:35:27,608 INFO =====> Num. aborted data so far: 9
2024-09-05 16:35:27,905 INFO ===> New TaichiEnv created.
2024-09-05 16:35:27,905 INFO ===> Specifications: horizon = 600, dt = 0.01, n_substeps = 20, dt_sub = 0.0005
2024-09-05 16:36:22,283 INFO =====> Epoch: 128
2024-09-05 16:36:22,283 INFO =====> Loss: 67.09043884277344
2024-09-05 16:36:22,283 INFO =====> Grad: [-0.02575448  0.0486515   0.          0.          0.        ]
2024-09-05 16:36:22,283 INFO =====> Num. aborted data so far: 9
2024-09-05 16:36:22,578 INFO ===> New TaichiEnv created.
2024-09-05 16:36:22,578 INFO ===> Specifications: horizon = 600, dt = 0.01, n_substeps = 20, dt_sub = 0.0005
2024-09-05 16:37:17,004 INFO =====> Epoch: 129
2024-09-05 16:37:17,005 INFO =====> Loss: 67.10431671142578
2024-09-05 16:37:17,005 INFO =====> Grad: [0.26633644 0.05471152 0.         0.         0.        ]
2024-09-05 16:37:17,005 INFO =====> Num. aborted data so far: 9
2024-09-05 16:37:17,307 INFO ===> New TaichiEnv created.
2024-09-05 16:37:17,307 INFO ===> Specifications: horizon = 600, dt = 0.01, n_substeps = 20, dt_sub = 0.0005
2024-09-05 16:38:12,110 INFO =====> Epoch: 130
2024-09-05 16:38:12,110 INFO =====> Loss: 67.10265350341797
2024-09-05 16:38:12,110 INFO =====> Grad: [-0.02575448  0.0486515   0.          0.          0.        ]
2024-09-05 16:38:12,110 INFO =====> Num. aborted data so far: 9
2024-09-05 16:38:12,405 INFO ===> New TaichiEnv created.
2024-09-05 16:38:12,405 INFO ===> Specifications: horizon = 600, dt = 0.01, n_substeps = 20, dt_sub = 0.0005
2024-09-05 16:39:06,876 INFO =====> Epoch: 131
2024-09-05 16:39:06,876 INFO =====> Loss: 67.12744903564453
2024-09-05 16:39:06,876 INFO =====> Grad: [0.26633644 0.05471152 0.         0.         0.        ]
2024-09-05 16:39:06,876 INFO =====> Num. aborted data so far: 9
2024-09-05 16:39:07,174 INFO ===> New TaichiEnv created.
2024-09-05 16:39:07,174 INFO ===> Specifications: horizon = 600, dt = 0.01, n_substeps = 20, dt_sub = 0.0005
2024-09-05 16:40:01,599 INFO =====> Epoch: 132
2024-09-05 16:40:01,599 INFO =====> Loss: 67.09978485107422
2024-09-05 16:40:01,599 INFO =====> Grad: [-0.02575448  0.0486515   0.          0.          0.        ]
2024-09-05 16:40:01,599 INFO =====> Num. aborted data so far: 9
2024-09-05 16:40:01,896 INFO ===> New TaichiEnv created.
2024-09-05 16:40:01,897 INFO ===> Specifications: horizon = 600, dt = 0.01, n_substeps = 20, dt_sub = 0.0005
2024-09-05 16:40:56,382 INFO =====> Epoch: 133
2024-09-05 16:40:56,382 INFO =====> Loss: 67.13147735595703
2024-09-05 16:40:56,382 INFO =====> Grad: [0.26633644 0.05471152 0.         0.         0.        ]
2024-09-05 16:40:56,383 INFO =====> Num. aborted data so far: 9
2024-09-05 16:40:56,680 INFO ===> New TaichiEnv created.
2024-09-05 16:40:56,680 INFO ===> Specifications: horizon = 600, dt = 0.01, n_substeps = 20, dt_sub = 0.0005
2024-09-05 16:41:51,064 INFO =====> Epoch: 134
2024-09-05 16:41:51,064 INFO =====> Loss: 67.10828399658203
2024-09-05 16:41:51,064 INFO =====> Grad: [-0.02575449  0.04865145  0.          0.          0.        ]
2024-09-05 16:41:51,064 INFO =====> Num. aborted data so far: 9
2024-09-05 16:41:51,360 INFO ===> New TaichiEnv created.
2024-09-05 16:41:51,360 INFO ===> Specifications: horizon = 600, dt = 0.01, n_substeps = 20, dt_sub = 0.0005
2024-09-05 16:42:45,852 INFO =====> Epoch: 135
2024-09-05 16:42:45,852 INFO =====> Loss: 67.13116455078125
2024-09-05 16:42:45,852 INFO =====> Grad: [0.26633644 0.05471152 0.         0.         0.        ]
2024-09-05 16:42:45,852 INFO =====> Num. aborted data so far: 9
2024-09-05 16:42:46,148 INFO ===> New TaichiEnv created.
2024-09-05 16:42:46,148 INFO ===> Specifications: horizon = 600, dt = 0.01, n_substeps = 20, dt_sub = 0.0005
2024-09-05 16:43:40,772 INFO =====> Epoch: 136
2024-09-05 16:43:40,773 INFO =====> Loss: 67.10496520996094
2024-09-05 16:43:40,773 INFO =====> Grad: [-0.02575449  0.04865145  0.          0.          0.        ]
2024-09-05 16:43:40,773 INFO =====> Num. aborted data so far: 9
2024-09-05 16:43:41,072 INFO ===> New TaichiEnv created.
2024-09-05 16:43:41,072 INFO ===> Specifications: horizon = 600, dt = 0.01, n_substeps = 20, dt_sub = 0.0005
2024-09-05 16:44:35,555 INFO =====> Epoch: 137
2024-09-05 16:44:35,555 INFO =====> Loss: 67.10615539550781
2024-09-05 16:44:35,555 INFO =====> Grad: [0.26633644 0.05471152 0.         0.         0.        ]
2024-09-05 16:44:35,555 INFO =====> Num. aborted data so far: 9
2024-09-05 16:44:35,850 INFO ===> New TaichiEnv created.
2024-09-05 16:44:35,850 INFO ===> Specifications: horizon = 600, dt = 0.01, n_substeps = 20, dt_sub = 0.0005
2024-09-05 16:45:30,304 INFO =====> Epoch: 138
2024-09-05 16:45:30,304 INFO =====> Loss: 67.09947204589844
2024-09-05 16:45:30,304 INFO =====> Grad: [-0.02575449  0.04865145  0.          0.          0.        ]
2024-09-05 16:45:30,304 INFO =====> Num. aborted data so far: 9
2024-09-05 16:45:30,599 INFO ===> New TaichiEnv created.
2024-09-05 16:45:30,599 INFO ===> Specifications: horizon = 600, dt = 0.01, n_substeps = 20, dt_sub = 0.0005
2024-09-05 16:46:25,079 INFO =====> Epoch: 139
2024-09-05 16:46:25,079 INFO =====> Loss: 67.11293029785156
2024-09-05 16:46:25,079 INFO =====> Grad: [0.26633644 0.05471152 0.         0.         0.        ]
2024-09-05 16:46:25,079 INFO =====> Num. aborted data so far: 9
2024-09-05 16:46:25,375 INFO ===> New TaichiEnv created.
2024-09-05 16:46:25,375 INFO ===> Specifications: horizon = 600, dt = 0.01, n_substeps = 20, dt_sub = 0.0005
2024-09-05 16:47:19,778 INFO =====> Epoch: 140
2024-09-05 16:47:19,778 INFO =====> Loss: 67.10310363769531
2024-09-05 16:47:19,778 INFO =====> Grad: [-0.02575449  0.04865145  0.          0.          0.        ]
2024-09-05 16:47:19,778 INFO =====> Num. aborted data so far: 9
2024-09-05 16:47:20,075 INFO ===> New TaichiEnv created.
2024-09-05 16:47:20,075 INFO ===> Specifications: horizon = 600, dt = 0.01, n_substeps = 20, dt_sub = 0.0005
2024-09-05 16:48:14,638 INFO =====> Epoch: 141
2024-09-05 16:48:14,638 INFO =====> Loss: 67.10577392578125
2024-09-05 16:48:14,638 INFO =====> Grad: [0.26633647 0.05471148 0.         0.         0.        ]
2024-09-05 16:48:14,638 INFO =====> Num. aborted data so far: 9
2024-09-05 16:48:14,935 INFO ===> New TaichiEnv created.
2024-09-05 16:48:14,935 INFO ===> Specifications: horizon = 600, dt = 0.01, n_substeps = 20, dt_sub = 0.0005
2024-09-05 16:49:09,307 INFO =====> Epoch: 142
2024-09-05 16:49:09,307 INFO =====> Loss: 67.09685516357422
2024-09-05 16:49:09,307 INFO =====> Grad: [-0.02575449  0.04865145  0.          0.          0.        ]
2024-09-05 16:49:09,307 INFO =====> Num. aborted data so far: 9
2024-09-05 16:49:09,609 INFO ===> New TaichiEnv created.
2024-09-05 16:49:09,609 INFO ===> Specifications: horizon = 600, dt = 0.01, n_substeps = 20, dt_sub = 0.0005
2024-09-05 16:50:04,012 INFO =====> Epoch: 143
2024-09-05 16:50:04,012 INFO =====> Loss: 67.12858581542969
2024-09-05 16:50:04,019 INFO =====> Grad: [0.26633647 0.05471148 0.         0.         0.        ]
2024-09-05 16:50:04,019 INFO =====> Num. aborted data so far: 9
2024-09-05 16:50:04,320 INFO ===> New TaichiEnv created.
2024-09-05 16:50:04,321 INFO ===> Specifications: horizon = 600, dt = 0.01, n_substeps = 20, dt_sub = 0.0005
2024-09-05 16:50:58,775 INFO =====> Epoch: 144
2024-09-05 16:50:58,775 INFO =====> Loss: 67.09354400634766
2024-09-05 16:50:58,775 INFO =====> Grad: [-0.02575449  0.04865145  0.          0.          0.        ]
2024-09-05 16:50:58,775 INFO =====> Num. aborted data so far: 9
2024-09-05 16:50:59,075 INFO ===> New TaichiEnv created.
2024-09-05 16:50:59,075 INFO ===> Specifications: horizon = 600, dt = 0.01, n_substeps = 20, dt_sub = 0.0005
2024-09-05 16:51:53,666 INFO =====> Epoch: 145
2024-09-05 16:51:53,666 INFO =====> Loss: 67.128173828125
2024-09-05 16:51:53,667 INFO =====> Grad: [0.26633647 0.05471148 0.         0.         0.        ]
2024-09-05 16:51:53,667 INFO =====> Num. aborted data so far: 9
2024-09-05 16:51:53,963 INFO ===> New TaichiEnv created.
2024-09-05 16:51:53,963 INFO ===> Specifications: horizon = 600, dt = 0.01, n_substeps = 20, dt_sub = 0.0005
2024-09-05 16:52:48,394 INFO =====> Epoch: 146
2024-09-05 16:52:48,394 INFO =====> Loss: 67.1078872680664
2024-09-05 16:52:48,394 INFO =====> Grad: [-0.02575449  0.04865145  0.          0.          0.        ]
2024-09-05 16:52:48,394 INFO =====> Num. aborted data so far: 9
2024-09-05 16:52:48,691 INFO ===> New TaichiEnv created.
2024-09-05 16:52:48,691 INFO ===> Specifications: horizon = 600, dt = 0.01, n_substeps = 20, dt_sub = 0.0005
2024-09-05 16:53:43,321 INFO =====> Epoch: 147
2024-09-05 16:53:43,322 INFO =====> Loss: 67.12799072265625
2024-09-05 16:53:43,328 INFO =====> Grad: [0.26633647 0.05471148 0.         0.         0.        ]
2024-09-05 16:53:43,328 INFO =====> Num. aborted data so far: 9
2024-09-05 16:53:43,626 INFO ===> New TaichiEnv created.
2024-09-05 16:53:43,626 INFO ===> Specifications: horizon = 600, dt = 0.01, n_substeps = 20, dt_sub = 0.0005
2024-09-05 16:54:38,103 INFO =====> Epoch: 148
2024-09-05 16:54:38,103 INFO =====> Loss: 67.10437774658203
2024-09-05 16:54:38,103 INFO =====> Grad: [-0.02575449  0.04865145  0.          0.          0.        ]
2024-09-05 16:54:38,104 INFO =====> Num. aborted data so far: 9
2024-09-05 16:54:38,404 INFO ===> New TaichiEnv created.
2024-09-05 16:54:38,404 INFO ===> Specifications: horizon = 600, dt = 0.01, n_substeps = 20, dt_sub = 0.0005
2024-09-05 16:55:32,818 INFO =====> Epoch: 149
2024-09-05 16:55:32,818 INFO =====> Loss: 67.12459564208984
2024-09-05 16:55:32,818 INFO =====> Grad: [0.26633647 0.05471148 0.         0.         0.        ]
2024-09-05 16:55:32,818 INFO =====> Num. aborted data so far: 9
2024-09-05 16:55:32,820 INFO ====> Finished training.
