2025-07-24 21:55:48,449 INFO =====> Skill params: [ 0.7478441  0.2        0.8        0.        -0.5      ]
2025-07-24 21:55:48,449 INFO =====> Grad: [  488.1544  -2136.8574    233.34541  -188.02829  -280.0368 ]
2025-07-24 21:55:48,449 INFO =====> Num. aborted data so far: 0
2025-07-24 21:55:48,449 INFO ===========> Epoch: 0 optimisation losses
2025-07-24 21:55:48,449 INFO =====> EMD Loss: 20.117649
2025-07-24 21:55:48,449 INFO =====> Height map loss: 10.810993
2025-07-24 21:56:01,206 INFO ==> EMD Loss: 20.290806
2025-07-24 21:56:01,207 INFO ==> Height map loss:  11.013030
2025-07-24 21:56:11,118 INFO ==> EMD Loss: 20.390081
2025-07-24 21:56:11,118 INFO ==> Height map loss:  11.188972
2025-07-24 21:56:21,025 INFO ==> EMD Loss: 20.284044
2025-07-24 21:56:21,025 INFO ==> Height map loss:  11.082040
2025-07-24 21:56:30,712 INFO ==> EMD Loss: 19.853401
2025-07-24 21:56:30,712 INFO ==> Height map loss:  10.579272
2025-07-24 21:56:44,322 INFO ==> EMD Loss: 19.545704
2025-07-24 21:56:44,322 INFO ==> Height map loss:  10.151062
2025-07-24 21:57:15,364 INFO =====> Skill params: [ 0.5581075   0.38973665  0.61026335  0.18973665 -0.31026334]
2025-07-24 21:57:15,364 INFO =====> Grad: [-1604.1917   1021.5483    394.42764   133.03972   870.1554 ]
2025-07-24 21:57:15,364 INFO =====> Num. aborted data so far: 0
2025-07-24 21:57:15,365 INFO ===========> Epoch: 1 optimisation losses
2025-07-24 21:57:15,365 INFO =====> EMD Loss: 19.649824
2025-07-24 21:57:15,365 INFO =====> Height map loss: 10.068079
2025-07-24 21:57:28,224 INFO ==> EMD Loss: 19.553398
2025-07-24 21:57:28,225 INFO ==> Height map loss:  10.116379
2025-07-24 21:57:43,370 INFO ==> EMD Loss: 19.508366
2025-07-24 21:57:43,370 INFO ==> Height map loss:  10.020789
2025-07-24 21:57:53,983 INFO ==> EMD Loss: 19.147825
2025-07-24 21:57:53,983 INFO ==> Height map loss:  10.136903
2025-07-24 21:58:04,082 INFO ==> EMD Loss: 19.239658
2025-07-24 21:58:04,082 INFO ==> Height map loss:  10.122654
2025-07-24 21:58:15,247 INFO ==> EMD Loss: 19.128780
2025-07-24 21:58:15,247 INFO ==> Height map loss:  9.794222
2025-07-24 21:58:43,554 INFO =====> Skill params: [ 0.7404002   0.30435282  0.44480494  0.07630147 -0.4917308 ]
2025-07-24 21:58:43,554 INFO =====> Grad: [-2228.6892   2310.5566    378.8961   -579.2122   -254.15929]
2025-07-24 21:58:43,554 INFO =====> Num. aborted data so far: 0
2025-07-24 21:58:43,555 INFO ===========> Epoch: 2 optimisation losses
2025-07-24 21:58:43,555 INFO =====> EMD Loss: 19.347635
2025-07-24 21:58:43,555 INFO =====> Height map loss: 9.856506
2025-07-24 21:58:56,388 INFO ==> EMD Loss: 19.259346
2025-07-24 21:58:56,388 INFO ==> Height map loss:  9.819777
2025-07-24 21:59:09,500 INFO ==> EMD Loss: 18.988756
2025-07-24 21:59:09,500 INFO ==> Height map loss:  9.811705
2025-07-24 21:59:24,815 INFO ==> EMD Loss: 19.296770
2025-07-24 21:59:24,815 INFO ==> Height map loss:  9.536899
2025-07-24 21:59:35,848 INFO ==> EMD Loss: 19.724396
2025-07-24 21:59:35,848 INFO ==> Height map loss:  9.492035
2025-07-24 21:59:45,945 INFO ==> EMD Loss: 18.768192
2025-07-24 21:59:45,945 INFO ==> Height map loss:  9.114633
2025-07-24 22:00:15,738 INFO =====> Skill params: [ 0.8950543   0.16555601  0.31921795  0.25456667 -0.43813515]
2025-07-24 22:00:15,738 INFO =====> Grad: [  354.2642  -2248.3953    243.75188   453.11838  1057.606  ]
2025-07-24 22:00:15,738 INFO =====> Num. aborted data so far: 0
2025-07-24 22:00:15,739 INFO ===========> Epoch: 3 optimisation losses
2025-07-24 22:00:15,739 INFO =====> EMD Loss: 19.020004
2025-07-24 22:00:15,740 INFO =====> Height map loss: 9.180778
2025-07-24 22:00:28,854 INFO ==> EMD Loss: 19.179308
2025-07-24 22:00:28,854 INFO ==> Height map loss:  9.136845
2025-07-24 22:00:41,862 INFO ==> EMD Loss: 18.985315
2025-07-24 22:00:41,862 INFO ==> Height map loss:  8.786990
2025-07-24 22:00:55,292 INFO ==> EMD Loss: 18.084972
2025-07-24 22:00:55,292 INFO ==> Height map loss:  8.585795
2025-07-24 22:01:06,066 INFO ==> EMD Loss: 17.582233
2025-07-24 22:01:06,066 INFO ==> Height map loss:  8.094411
2025-07-24 22:01:18,768 INFO ==> EMD Loss: 16.853970
2025-07-24 22:01:18,768 INFO ==> Height map loss:  7.690864
2025-07-24 22:01:47,161 INFO =====> Skill params: [ 0.86937964  0.27943185  0.24152249  0.13836172 -0.5857822 ]
2025-07-24 22:01:47,161 INFO =====> Grad: [200.48936  616.7053   257.01672  -85.650116  23.851255]
2025-07-24 22:01:47,161 INFO =====> Num. aborted data so far: 0
2025-07-24 22:01:47,163 INFO ===========> Epoch: 4 optimisation losses
2025-07-24 22:01:47,163 INFO =====> EMD Loss: 16.877356
2025-07-24 22:01:47,163 INFO =====> Height map loss: 7.730000
2025-07-24 22:02:02,228 INFO ==> EMD Loss: 16.856794
2025-07-24 22:02:02,228 INFO ==> Height map loss:  7.664844
2025-07-24 22:02:14,085 INFO ==> EMD Loss: 16.744728
2025-07-24 22:02:14,085 INFO ==> Height map loss:  7.521407
2025-07-24 22:02:24,068 INFO ==> EMD Loss: 16.700146
2025-07-24 22:02:24,068 INFO ==> Height map loss:  7.544741
2025-07-24 22:02:34,152 INFO ==> EMD Loss: 17.071520
2025-07-24 22:02:34,152 INFO ==> Height map loss:  7.529641
2025-07-24 22:02:46,818 INFO ==> EMD Loss: 17.039459
2025-07-24 22:02:46,818 INFO ==> Height map loss:  7.415488
2025-07-24 22:03:15,783 INFO =====> Skill params: [ 0.8541132   0.24699241  0.1629251   0.16134489 -0.58929145]
2025-07-24 22:03:15,783 INFO =====> Grad: [-444.2739  2244.4907   366.75354  567.1414  -151.3713 ]
2025-07-24 22:03:15,783 INFO =====> Num. aborted data so far: 0
2025-07-24 22:03:15,784 INFO ===========> Epoch: 5 optimisation losses
2025-07-24 22:03:15,784 INFO =====> EMD Loss: 16.992632
2025-07-24 22:03:15,784 INFO =====> Height map loss: 7.416497
2025-07-24 22:03:28,708 INFO ==> EMD Loss: 16.850765
2025-07-24 22:03:28,708 INFO ==> Height map loss:  7.363446
2025-07-24 22:03:40,537 INFO ==> EMD Loss: 16.988745
2025-07-24 22:03:40,537 INFO ==> Height map loss:  7.321505
2025-07-24 22:03:55,091 INFO ==> EMD Loss: 16.848883
2025-07-24 22:03:55,091 INFO ==> Height map loss:  7.095761
2025-07-24 22:04:05,277 INFO ==> EMD Loss: 16.469910
2025-07-24 22:04:05,277 INFO ==> Height map loss:  6.797462
2025-07-24 22:04:16,829 INFO ==> EMD Loss: 16.234373
2025-07-24 22:04:16,829 INFO ==> Height map loss:  6.445643
2025-07-24 22:04:45,443 INFO =====> Skill params: [ 0.88915914  0.14293042  0.06258649  0.0388433  -0.56599295]
2025-07-24 22:04:45,443 INFO =====> Grad: [  37.677307 -977.54596  -111.79522    18.758245 -362.2551  ]
2025-07-24 22:04:45,443 INFO =====> Num. aborted data so far: 0
2025-07-24 22:04:45,444 INFO ===========> Epoch: 6 optimisation losses
2025-07-24 22:04:45,444 INFO =====> EMD Loss: 16.223993
2025-07-24 22:04:45,444 INFO =====> Height map loss: 6.398200
2025-07-24 22:04:57,618 INFO ==> EMD Loss: 16.271559
2025-07-24 22:04:57,618 INFO ==> Height map loss:  6.428493
2025-07-24 22:05:13,437 INFO ==> EMD Loss: 16.222893
2025-07-24 22:05:13,437 INFO ==> Height map loss:  6.667209
2025-07-24 22:05:26,309 INFO ==> EMD Loss: 16.435324
2025-07-24 22:05:26,309 INFO ==> Height map loss:  6.916115
2025-07-24 22:05:36,907 INFO ==> EMD Loss: 16.574707
2025-07-24 22:05:36,908 INFO ==> Height map loss:  7.221187
2025-07-24 22:05:46,416 INFO ==> EMD Loss: 17.180058
2025-07-24 22:05:46,416 INFO ==> Height map loss:  7.518144
2025-07-24 22:06:06,818 INFO =====> Skill params: [ 0.8890025   0.14524682  0.06417572  0.0386298  -0.5631859 ]
2025-07-24 22:06:06,818 INFO =====> Grad: [-187.63594  2399.1719    -35.330193  731.62476   908.3757  ]
2025-07-24 22:06:06,818 INFO =====> Num. aborted data so far: 0
2025-07-24 22:06:06,818 INFO ===========> Epoch: 7 optimisation losses
2025-07-24 22:06:06,819 INFO =====> EMD Loss: 16.065104
2025-07-24 22:06:06,819 INFO =====> Height map loss: 6.441039
2025-07-24 22:06:15,798 INFO ==> EMD Loss: 16.034868
2025-07-24 22:06:15,798 INFO ==> Height map loss:  6.348282
2025-07-24 22:06:29,769 INFO ==> EMD Loss: 15.820296
2025-07-24 22:06:29,769 INFO ==> Height map loss:  5.842805
2025-07-24 22:06:42,968 INFO ==> EMD Loss: 15.447021
2025-07-24 22:06:42,969 INFO ==> Height map loss:  5.518781
2025-07-24 22:06:53,076 INFO ==> EMD Loss: 15.343978
2025-07-24 22:06:53,076 INFO ==> Height map loss:  5.267981
2025-07-24 22:07:02,855 INFO ==> EMD Loss: 15.263441
2025-07-24 22:07:02,855 INFO ==> Height map loss:  5.344762
2025-07-24 22:07:31,350 INFO =====> Skill params: [ 0.9012893   0.06925     0.07210442 -0.05801076 -0.65085256]
2025-07-24 22:07:31,351 INFO =====> Grad: [  14.2748995 -737.0189     -89.35151    -62.183792   171.45842  ]
2025-07-24 22:07:31,351 INFO =====> Num. aborted data so far: 0
2025-07-24 22:07:31,351 INFO ===========> Epoch: 8 optimisation losses
2025-07-24 22:07:31,351 INFO =====> EMD Loss: 15.384264
2025-07-24 22:07:31,351 INFO =====> Height map loss: 5.244156
2025-07-24 22:07:44,150 INFO ==> EMD Loss: 15.377435
2025-07-24 22:07:44,150 INFO ==> Height map loss:  5.243317
2025-07-24 22:07:56,940 INFO ==> EMD Loss: 15.425351
2025-07-24 22:07:56,940 INFO ==> Height map loss:  5.248118
2025-07-24 22:08:09,303 INFO ==> EMD Loss: 15.428469
2025-07-24 22:08:09,303 INFO ==> Height map loss:  5.189647
2025-07-24 22:08:24,297 INFO ==> EMD Loss: 15.457931
2025-07-24 22:08:24,298 INFO ==> Height map loss:  5.225233
2025-07-24 22:08:35,210 INFO ==> EMD Loss: 15.291183
2025-07-24 22:08:35,211 INFO ==> Height map loss:  5.280729
2025-07-24 22:08:57,790 INFO =====> Skill params: [ 0.90063244  0.08541595  0.08604264 -0.05224929 -0.66239446]
2025-07-24 22:08:57,790 INFO =====> Grad: [   75.790215 -2264.0352      57.72022    313.3866     931.31635 ]
2025-07-24 22:08:57,790 INFO =====> Num. aborted data so far: 0
2025-07-24 22:08:57,791 INFO ===========> Epoch: 9 optimisation losses
2025-07-24 22:08:57,791 INFO =====> EMD Loss: 15.431554
2025-07-24 22:08:57,791 INFO =====> Height map loss: 5.204117
2025-07-24 22:09:10,564 INFO ==> EMD Loss: 15.451817
2025-07-24 22:09:10,564 INFO ==> Height map loss:  5.176980
2025-07-24 22:09:23,355 INFO ==> EMD Loss: 15.151258
2025-07-24 22:09:23,355 INFO ==> Height map loss:  5.153946
2025-07-24 22:09:36,098 INFO ==> EMD Loss: 14.847704
2025-07-24 22:09:36,098 INFO ==> Height map loss:  4.965891
2025-07-24 22:09:48,451 INFO ==> EMD Loss: 14.890807
2025-07-24 22:09:48,451 INFO ==> Height map loss:  4.849430
2025-07-24 22:10:02,691 INFO ==> EMD Loss: 15.069067
2025-07-24 22:10:02,691 INFO ==> Height map loss:  4.677132
2025-07-24 22:10:27,471 INFO =====> Skill params: [ 0.8932857   0.17708014  0.06715493 -0.11050574 -0.770844  ]
2025-07-24 22:10:27,471 INFO =====> Grad: [  507.6854  -3088.191    -350.16977   470.62027  -394.90378]
2025-07-24 22:10:27,471 INFO =====> Num. aborted data so far: 0
2025-07-24 22:10:27,472 INFO ===========> Epoch: 10 optimisation losses
2025-07-24 22:10:27,472 INFO =====> EMD Loss: 15.106573
2025-07-24 22:10:27,472 INFO =====> Height map loss: 4.679594
2025-07-24 22:10:39,896 INFO ==> EMD Loss: 15.102216
2025-07-24 22:10:39,896 INFO ==> Height map loss:  4.690522
2025-07-24 22:10:52,273 INFO ==> EMD Loss: 15.104280
2025-07-24 22:10:52,273 INFO ==> Height map loss:  4.759879
2025-07-24 22:11:04,763 INFO ==> EMD Loss: 15.155784
2025-07-24 22:11:04,763 INFO ==> Height map loss:  5.024382
2025-07-24 22:11:17,214 INFO ==> EMD Loss: 15.066426
2025-07-24 22:11:17,214 INFO ==> Height map loss:  5.309375
2025-07-24 22:11:30,795 INFO ==> EMD Loss: 15.627277
2025-07-24 22:11:30,795 INFO ==> Height map loss:  5.813920
2025-07-24 22:11:55,014 INFO =====> Skill params: [ 0.8907838   0.18249232  0.07224945 -0.11465275 -0.76849574]
2025-07-24 22:11:55,014 INFO =====> Grad: [  -4.823266 -151.03084  -205.05731   -21.696918  393.48923 ]
2025-07-24 22:11:55,014 INFO =====> Num. aborted data so far: 0
2025-07-24 22:11:55,015 INFO ===========> Epoch: 11 optimisation losses
2025-07-24 22:11:55,015 INFO =====> EMD Loss: 15.116362
2025-07-24 22:11:55,015 INFO =====> Height map loss: 4.729434
2025-07-24 22:12:07,739 INFO ==> EMD Loss: 15.115501
2025-07-24 22:12:07,739 INFO ==> Height map loss:  4.687616
2025-07-24 22:12:20,089 INFO ==> EMD Loss: 15.064447
2025-07-24 22:12:20,089 INFO ==> Height map loss:  4.670660
2025-07-24 22:12:32,669 INFO ==> EMD Loss: 15.004282
2025-07-24 22:12:32,669 INFO ==> Height map loss:  4.672040
2025-07-24 22:12:46,214 INFO ==> EMD Loss: 14.862768
2025-07-24 22:12:46,214 INFO ==> Height map loss:  4.666206
2025-07-24 22:13:00,298 INFO ==> EMD Loss: 14.886813
2025-07-24 22:13:00,298 INFO ==> Height map loss:  4.625842
2025-07-24 22:13:22,414 INFO =====> Skill params: [ 0.8912849   0.18807001  0.13194895 -0.11062305 -0.8162365 ]
2025-07-24 22:13:22,414 INFO =====> Grad: [-146.1007  2061.3716    75.24661   11.8902  -687.27057]
2025-07-24 22:13:22,414 INFO =====> Num. aborted data so far: 0
2025-07-24 22:13:22,414 INFO ===========> Epoch: 12 optimisation losses
2025-07-24 22:13:22,415 INFO =====> EMD Loss: 14.838360
2025-07-24 22:13:22,415 INFO =====> Height map loss: 4.603997
2025-07-24 22:13:34,894 INFO ==> EMD Loss: 14.820178
2025-07-24 22:13:34,894 INFO ==> Height map loss:  4.645530
2025-07-24 22:13:47,159 INFO ==> EMD Loss: 14.927302
2025-07-24 22:13:47,160 INFO ==> Height map loss:  4.752550
2025-07-24 22:13:59,578 INFO ==> EMD Loss: 15.083138
2025-07-24 22:13:59,578 INFO ==> Height map loss:  4.893912
2025-07-24 22:14:11,625 INFO ==> EMD Loss: 14.902905
2025-07-24 22:14:11,625 INFO ==> Height map loss:  5.000782
2025-07-24 22:14:23,959 INFO ==> EMD Loss: 15.044196
2025-07-24 22:14:23,959 INFO ==> Height map loss:  5.085730
2025-07-24 22:14:50,547 INFO =====> Skill params: [ 0.89208204  0.18437462  0.13080281 -0.11073943 -0.8122488 ]
2025-07-24 22:14:50,547 INFO =====> Grad: [-244.14594   2369.7493      -5.6892285    9.572135   -65.31103  ]
2025-07-24 22:14:50,547 INFO =====> Num. aborted data so far: 0
2025-07-24 22:14:50,548 INFO ===========> Epoch: 13 optimisation losses
2025-07-24 22:14:50,548 INFO =====> EMD Loss: 14.853378
2025-07-24 22:14:50,548 INFO =====> Height map loss: 4.629447
2025-07-24 22:15:00,454 INFO ==> EMD Loss: 14.830224
2025-07-24 22:15:00,454 INFO ==> Height map loss:  4.675903
2025-07-24 22:15:11,018 INFO ==> EMD Loss: 14.824517
2025-07-24 22:15:11,018 INFO ==> Height map loss:  4.811019
2025-07-24 22:15:23,636 INFO ==> EMD Loss: 15.238317
2025-07-24 22:15:23,636 INFO ==> Height map loss:  4.908101
2025-07-24 22:15:36,102 INFO ==> EMD Loss: 15.198709
2025-07-24 22:15:36,103 INFO ==> Height map loss:  5.119786
2025-07-24 22:15:48,670 INFO ==> EMD Loss: 15.407820
2025-07-24 22:15:48,670 INFO ==> Height map loss:  5.300250
2025-07-24 22:16:18,005 INFO =====> Skill params: [ 0.89347106  0.18032506  0.13089415 -0.11083819 -0.8118497 ]
2025-07-24 22:16:18,005 INFO =====> Grad: [-127.8261  1629.1378  -145.9796   -67.78509  926.1691 ]
2025-07-24 22:16:18,005 INFO =====> Num. aborted data so far: 0
2025-07-24 22:16:18,006 INFO ===========> Epoch: 14 optimisation losses
2025-07-24 22:16:18,006 INFO =====> EMD Loss: 14.844850
2025-07-24 22:16:18,006 INFO =====> Height map loss: 4.636596
2025-07-24 22:16:28,511 INFO ==> EMD Loss: 14.883512
2025-07-24 22:16:28,511 INFO ==> Height map loss:  4.686534
2025-07-24 22:16:38,153 INFO ==> EMD Loss: 14.840299
2025-07-24 22:16:38,153 INFO ==> Height map loss:  4.769738
2025-07-24 22:16:50,382 INFO ==> EMD Loss: 15.050407
2025-07-24 22:16:50,382 INFO ==> Height map loss:  5.017710
2025-07-24 22:17:02,739 INFO ==> EMD Loss: 15.157722
2025-07-24 22:17:02,739 INFO ==> Height map loss:  5.146218
2025-07-24 22:17:15,221 INFO ==> EMD Loss: 15.315022
2025-07-24 22:17:15,221 INFO ==> Height map loss:  5.305328
2025-07-24 22:17:42,716 INFO =====> Skill params: [ 0.8942352   0.17752157  0.1332849  -0.11010325 -0.8168998 ]
2025-07-24 22:17:42,716 INFO =====> Grad: [  350.64536 -2855.7288    239.38168  -330.95148   394.54312]
2025-07-24 22:17:42,716 INFO =====> Num. aborted data so far: 0
2025-07-24 22:17:42,717 INFO ===========> Epoch: 15 optimisation losses
2025-07-24 22:17:42,717 INFO =====> EMD Loss: 14.852131
2025-07-24 22:17:42,717 INFO =====> Height map loss: 4.649233
2025-07-24 22:17:57,130 INFO ==> EMD Loss: 14.879132
2025-07-24 22:17:57,130 INFO ==> Height map loss:  4.633615
2025-07-24 22:18:10,821 INFO ==> EMD Loss: 14.817983
2025-07-24 22:18:10,821 INFO ==> Height map loss:  4.533165
2025-07-24 22:18:21,086 INFO ==> EMD Loss: 14.822770
2025-07-24 22:18:21,087 INFO ==> Height map loss:  4.488171
2025-07-24 22:18:30,748 INFO ==> EMD Loss: 14.906718
2025-07-24 22:18:30,748 INFO ==> Height map loss:  4.470644
2025-07-24 22:18:42,662 INFO ==> EMD Loss: 14.951181
2025-07-24 22:18:42,662 INFO ==> Height map loss:  4.464798
2025-07-24 22:19:09,928 INFO =====> Skill params: [ 0.85119843  0.26845092  0.05751216 -0.03983534 -0.86101073]
2025-07-24 22:19:09,928 INFO =====> Grad: [-166.10837  1677.6111     11.307036 -378.834     676.4777  ]
2025-07-24 22:19:09,929 INFO =====> Num. aborted data so far: 0
2025-07-24 22:19:09,929 INFO ===========> Epoch: 16 optimisation losses
2025-07-24 22:19:09,929 INFO =====> EMD Loss: 14.952466
2025-07-24 22:19:09,929 INFO =====> Height map loss: 4.475151
2025-07-24 22:19:22,220 INFO ==> EMD Loss: 14.931986
2025-07-24 22:19:22,220 INFO ==> Height map loss:  4.485872
2025-07-24 22:19:34,280 INFO ==> EMD Loss: 14.807939
2025-07-24 22:19:34,280 INFO ==> Height map loss:  4.389855
2025-07-24 22:19:47,267 INFO ==> EMD Loss: 14.957970
2025-07-24 22:19:47,267 INFO ==> Height map loss:  4.272500
2025-07-24 22:20:00,404 INFO ==> EMD Loss: 15.020954
2025-07-24 22:20:00,404 INFO ==> Height map loss:  4.309517
2025-07-24 22:20:10,362 INFO ==> EMD Loss: 14.798352
2025-07-24 22:20:10,362 INFO ==> Height map loss:  4.376999
2025-07-24 22:20:33,498 INFO =====> Skill params: [ 0.8618753   0.24146113  0.05562619 -0.00113121 -0.89776003]
2025-07-24 22:20:33,499 INFO =====> Grad: [ -35.780624  384.68735    66.10486   -89.866905 -944.53156 ]
2025-07-24 22:20:33,499 INFO =====> Num. aborted data so far: 0
2025-07-24 22:20:33,499 INFO ===========> Epoch: 17 optimisation losses
2025-07-24 22:20:33,499 INFO =====> EMD Loss: 14.842475
2025-07-24 22:20:33,499 INFO =====> Height map loss: 4.233160
2025-07-24 22:20:45,807 INFO ==> EMD Loss: 14.971833
2025-07-24 22:20:45,807 INFO ==> Height map loss:  4.277126
2025-07-24 22:20:57,744 INFO ==> EMD Loss: 15.019966
2025-07-24 22:20:57,745 INFO ==> Height map loss:  4.331131
2025-07-24 22:21:10,269 INFO ==> EMD Loss: 15.003574
2025-07-24 22:21:10,270 INFO ==> Height map loss:  4.473623
2025-07-24 22:21:23,401 INFO ==> EMD Loss: 14.838873
2025-07-24 22:21:23,401 INFO ==> Height map loss:  4.723097
2025-07-24 22:21:38,086 INFO ==> EMD Loss: 14.993251
2025-07-24 22:21:38,087 INFO ==> Height map loss:  4.893317
2025-07-24 22:22:00,085 INFO =====> Skill params: [ 8.6211765e-01  2.4081029e-01  5.4472573e-02 -1.6840087e-04
 -8.9306134e-01]
2025-07-24 22:22:00,085 INFO =====> Grad: [ -46.30855 -314.502    -87.03028 -202.41191  251.12637]
2025-07-24 22:22:00,085 INFO =====> Num. aborted data so far: 0
2025-07-24 22:22:00,086 INFO ===========> Epoch: 18 optimisation losses
2025-07-24 22:22:00,086 INFO =====> EMD Loss: 14.805448
2025-07-24 22:22:00,086 INFO =====> Height map loss: 4.242362
2025-07-24 22:22:12,385 INFO ==> EMD Loss: 14.970925
2025-07-24 22:22:12,385 INFO ==> Height map loss:  4.278330
2025-07-24 22:22:24,282 INFO ==> EMD Loss: 14.966333
2025-07-24 22:22:24,282 INFO ==> Height map loss:  4.274047
2025-07-24 22:22:35,154 INFO ==> EMD Loss: 14.861914
2025-07-24 22:22:35,154 INFO ==> Height map loss:  4.286440
2025-07-24 22:22:47,521 INFO ==> EMD Loss: 14.908238
2025-07-24 22:22:47,521 INFO ==> Height map loss:  4.275206
2025-07-24 22:22:59,686 INFO ==> EMD Loss: 14.870321
2025-07-24 22:22:59,686 INFO ==> Height map loss:  4.224587
2025-07-24 22:23:27,300 INFO =====> Skill params: [ 0.868726    0.2520082   0.08604518  0.04427722 -0.9191479 ]
2025-07-24 22:23:27,300 INFO =====> Grad: [  4.412595  92.21148  102.40336  312.2309   768.6375  ]
2025-07-24 22:23:27,300 INFO =====> Num. aborted data so far: 0
2025-07-24 22:23:27,301 INFO ===========> Epoch: 19 optimisation losses
2025-07-24 22:23:27,301 INFO =====> EMD Loss: 14.845345
2025-07-24 22:23:27,301 INFO =====> Height map loss: 4.234157
2025-07-24 22:23:37,026 INFO ==> EMD Loss: 14.963622
2025-07-24 22:23:37,026 INFO ==> Height map loss:  4.236660
2025-07-24 22:23:46,737 INFO ==> EMD Loss: 14.913551
2025-07-24 22:23:46,737 INFO ==> Height map loss:  4.165060
2025-07-24 22:23:58,409 INFO ==> EMD Loss: 14.799427
2025-07-24 22:23:58,409 INFO ==> Height map loss:  4.222501
2025-07-24 22:24:10,616 INFO ==> EMD Loss: 14.803125
2025-07-24 22:24:10,616 INFO ==> Height map loss:  4.285325
2025-07-24 22:24:22,506 INFO ==> EMD Loss: 14.739519
2025-07-24 22:24:22,506 INFO ==> Height map loss:  4.319595
2025-07-24 22:24:34,806 INFO ===========> Finished training.
2025-07-24 22:24:34,807 INFO ====> Final EMD Loss: 14.913498
2025-07-24 22:24:34,807 INFO ====> Final Height map loss: 4.165002
2025-07-24 22:24:34,808 INFO ====> Final skill params: [ 0.8685601   0.25114313  0.07645746  0.0273934  -0.9383815 ]
