2025-05-28 03:49:01,376 INFO =====> Skill params: [ 0.8861122   0.02265511  0.9524874  -0.83832794  0.21471167]
2025-05-28 03:49:01,376 INFO =====> Grad: [-633.9623  6152.2583  -130.44084  546.7728  -269.2949 ]
2025-05-28 03:49:01,376 INFO =====> Num. aborted data so far: 0
2025-05-28 03:49:01,376 INFO ===========> Epoch: 0 optimisation losses
2025-05-28 03:49:01,377 INFO =====> EMD Loss: 20.893589
2025-05-28 03:49:01,377 INFO =====> Height map loss: 8.739967
2025-05-28 03:49:11,466 INFO ==> EMD Loss: 21.057077
2025-05-28 03:49:11,466 INFO ==> Height map loss:  8.636861
2025-05-28 03:49:21,483 INFO ==> EMD Loss: 20.700554
2025-05-28 03:49:21,484 INFO ==> Height map loss:  8.206339
2025-05-28 03:49:31,782 INFO ==> EMD Loss: 20.660282
2025-05-28 03:49:31,782 INFO ==> Height map loss:  7.652239
2025-05-28 03:49:41,940 INFO ==> EMD Loss: 20.568342
2025-05-28 03:49:41,940 INFO ==> Height map loss:  7.274126
2025-05-28 03:49:52,310 INFO ==> EMD Loss: 20.507978
2025-05-28 03:49:52,310 INFO ==> Height map loss:  7.172448
2025-05-28 03:50:16,630 INFO =====> Skill params: [ 1.         -0.16708156  1.         -1.          0.40444833]
2025-05-28 03:50:16,630 INFO =====> Grad: [ 164.61937 5585.1123   223.87689 -708.4387   158.2527 ]
2025-05-28 03:50:16,630 INFO =====> Num. aborted data so far: 0
2025-05-28 03:50:16,631 INFO ===========> Epoch: 1 optimisation losses
2025-05-28 03:50:16,631 INFO =====> EMD Loss: 20.501923
2025-05-28 03:50:16,631 INFO =====> Height map loss: 7.197936
2025-05-28 03:50:26,941 INFO ==> EMD Loss: 20.500168
2025-05-28 03:50:26,942 INFO ==> Height map loss:  7.186872
2025-05-28 03:50:37,299 INFO ==> EMD Loss: 20.465015
2025-05-28 03:50:37,299 INFO ==> Height map loss:  7.129925
2025-05-28 03:50:47,680 INFO ==> EMD Loss: 20.469452
2025-05-28 03:50:47,680 INFO ==> Height map loss:  7.078763
2025-05-28 03:50:57,866 INFO ==> EMD Loss: 20.475126
2025-05-28 03:50:57,866 INFO ==> Height map loss:  7.073519
2025-05-28 03:51:08,173 INFO ==> EMD Loss: 20.478909
2025-05-28 03:51:08,174 INFO ==> Height map loss:  7.056857
2025-05-28 03:51:31,848 INFO =====> Skill params: [ 0.94990903 -0.29826042  0.83394265 -0.84691226  0.3045334 ]
2025-05-28 03:51:31,848 INFO =====> Grad: [ 363.35568  2904.9075   -278.4403    571.0356    -12.749881]
2025-05-28 03:51:31,848 INFO =====> Num. aborted data so far: 0
2025-05-28 03:51:31,849 INFO ===========> Epoch: 2 optimisation losses
2025-05-28 03:51:31,849 INFO =====> EMD Loss: 20.478840
2025-05-28 03:51:31,849 INFO =====> Height map loss: 7.056909
2025-05-28 03:51:42,187 INFO ==> EMD Loss: 20.476439
2025-05-28 03:51:42,187 INFO ==> Height map loss:  7.047433
2025-05-28 03:51:52,262 INFO ==> EMD Loss: 20.481518
2025-05-28 03:51:52,262 INFO ==> Height map loss:  7.008860
2025-05-28 03:52:02,494 INFO ==> EMD Loss: 20.501690
2025-05-28 03:52:02,494 INFO ==> Height map loss:  6.962954
2025-05-28 03:52:12,554 INFO ==> EMD Loss: 20.517546
2025-05-28 03:52:12,554 INFO ==> Height map loss:  6.922637
2025-05-28 03:52:22,770 INFO ==> EMD Loss: 20.505127
2025-05-28 03:52:22,770 INFO ==> Height map loss:  6.909271
2025-05-28 03:52:46,386 INFO =====> Skill params: [ 0.8506028  -0.3655103   0.9769784  -0.9541945   0.31301016]
2025-05-28 03:52:46,386 INFO =====> Grad: [  64.93603  5775.9526    278.29105   182.52899   -44.501762]
2025-05-28 03:52:46,386 INFO =====> Num. aborted data so far: 0
2025-05-28 03:52:46,387 INFO ===========> Epoch: 3 optimisation losses
2025-05-28 03:52:46,387 INFO =====> EMD Loss: 20.505217
2025-05-28 03:52:46,387 INFO =====> Height map loss: 6.909226
2025-05-28 03:52:56,508 INFO ==> EMD Loss: 20.505419
2025-05-28 03:52:56,509 INFO ==> Height map loss:  6.909750
2025-05-28 03:53:06,805 INFO ==> EMD Loss: 20.703831
2025-05-28 03:53:06,805 INFO ==> Height map loss:  6.906996
2025-05-28 03:53:17,174 INFO ==> EMD Loss: 20.693483
2025-05-28 03:53:17,174 INFO ==> Height map loss:  6.895894
2025-05-28 03:53:27,792 INFO ==> EMD Loss: 20.709536
2025-05-28 03:53:27,792 INFO ==> Height map loss:  6.893022
2025-05-28 03:53:38,280 INFO ==> EMD Loss: 20.705477
2025-05-28 03:53:38,280 INFO ==> Height map loss:  6.888801
2025-05-28 03:54:03,538 INFO =====> Skill params: [ 0.8319859  -0.47865567  0.8589755  -0.98970306  0.34378466]
2025-05-28 03:54:03,538 INFO =====> Grad: [    0.       -5682.802     -185.14107    -26.585443     6.18864 ]
2025-05-28 03:54:03,538 INFO =====> Num. aborted data so far: 0
2025-05-28 03:54:03,539 INFO ===========> Epoch: 4 optimisation losses
2025-05-28 03:54:03,540 INFO =====> EMD Loss: 20.705435
2025-05-28 03:54:03,540 INFO =====> Height map loss: 6.888810
2025-05-28 03:54:14,236 INFO ==> EMD Loss: 20.709198
2025-05-28 03:54:14,236 INFO ==> Height map loss:  6.889171
2025-05-28 03:54:24,646 INFO ==> EMD Loss: 20.708693
2025-05-28 03:54:24,646 INFO ==> Height map loss:  6.893189
2025-05-28 03:54:35,201 INFO ==> EMD Loss: 20.706966
2025-05-28 03:54:35,201 INFO ==> Height map loss:  6.893415
2025-05-28 03:54:45,433 INFO ==> EMD Loss: 20.699081
2025-05-28 03:54:45,433 INFO ==> Height map loss:  6.895242
2025-05-28 03:54:55,716 INFO ==> EMD Loss: 20.699205
2025-05-28 03:54:55,716 INFO ==> Height map loss:  6.905277
2025-05-28 03:55:20,807 INFO =====> Skill params: [ 0.8319859  -0.4736657   0.8627681  -0.9894306   0.34355918]
2025-05-28 03:55:20,807 INFO =====> Grad: [ 0.0000000e+00 -2.8177031e+03 -1.2877135e+00 -2.7691653e+02
  3.2852654e+01]
2025-05-28 03:55:20,808 INFO =====> Num. aborted data so far: 0
2025-05-28 03:55:20,808 INFO ===========> Epoch: 5 optimisation losses
2025-05-28 03:55:20,808 INFO =====> EMD Loss: 20.709208
2025-05-28 03:55:20,808 INFO =====> Height map loss: 6.889113
2025-05-28 03:55:31,560 INFO ==> EMD Loss: 20.709543
2025-05-28 03:55:31,560 INFO ==> Height map loss:  6.893003
2025-05-28 03:55:42,028 INFO ==> EMD Loss: 20.704758
2025-05-28 03:55:42,028 INFO ==> Height map loss:  6.889307
2025-05-28 03:55:52,554 INFO ==> EMD Loss: 20.702402
2025-05-28 03:55:52,554 INFO ==> Height map loss:  6.893707
2025-05-28 03:56:02,985 INFO ==> EMD Loss: 20.709148
2025-05-28 03:56:02,985 INFO ==> Height map loss:  6.897947
2025-05-28 03:56:13,141 INFO ==> EMD Loss: 20.682501
2025-05-28 03:56:13,141 INFO ==> Height map loss:  6.898842
2025-05-28 03:56:38,132 INFO =====> Skill params: [ 0.8319859  -0.4610922   0.8629071  -0.97516525  0.33730528]
2025-05-28 03:56:38,133 INFO =====> Grad: [    0.       -1619.2457      44.690464  -196.28702     12.298423]
2025-05-28 03:56:38,133 INFO =====> Num. aborted data so far: 0
2025-05-28 03:56:38,133 INFO ===========> Epoch: 6 optimisation losses
2025-05-28 03:56:38,133 INFO =====> EMD Loss: 20.704868
2025-05-28 03:56:38,133 INFO =====> Height map loss: 6.889296
2025-05-28 03:56:48,595 INFO ==> EMD Loss: 20.704603
2025-05-28 03:56:48,595 INFO ==> Height map loss:  6.892960
2025-05-28 03:56:59,131 INFO ==> EMD Loss: 20.710089
2025-05-28 03:56:59,131 INFO ==> Height map loss:  6.891973
2025-05-28 03:57:09,469 INFO ==> EMD Loss: 20.701717
2025-05-28 03:57:09,470 INFO ==> Height map loss:  6.893976
2025-05-28 03:57:20,013 INFO ==> EMD Loss: 20.705629
2025-05-28 03:57:20,013 INFO ==> Height map loss:  6.893865
2025-05-28 03:57:30,249 INFO ==> EMD Loss: 20.694021
2025-05-28 03:57:30,249 INFO ==> Height map loss:  6.895168
2025-05-28 03:57:55,154 INFO =====> Skill params: [ 0.8319859  -0.45357206  0.8578502  -0.96476585  0.3348408 ]
2025-05-28 03:57:55,154 INFO =====> Grad: [   0.      -446.3678  -258.31073   63.11934  272.7415 ]
2025-05-28 03:57:55,154 INFO =====> Num. aborted data so far: 0
2025-05-28 03:57:55,155 INFO ===========> Epoch: 7 optimisation losses
2025-05-28 03:57:55,155 INFO =====> EMD Loss: 20.710215
2025-05-28 03:57:55,155 INFO =====> Height map loss: 6.891934
2025-05-28 03:58:05,805 INFO ==> EMD Loss: 20.710232
2025-05-28 03:58:05,805 INFO ==> Height map loss:  6.891964
2025-05-28 03:58:16,225 INFO ==> EMD Loss: 20.709892
2025-05-28 03:58:16,226 INFO ==> Height map loss:  6.890831
2025-05-28 03:58:26,811 INFO ==> EMD Loss: 20.716671
2025-05-28 03:58:26,812 INFO ==> Height map loss:  6.893322
2025-05-28 03:58:37,089 INFO ==> EMD Loss: 20.711264
2025-05-28 03:58:37,089 INFO ==> Height map loss:  6.898294
2025-05-28 03:58:47,506 INFO ==> EMD Loss: 20.710266
2025-05-28 03:58:47,506 INFO ==> Height map loss:  6.898810
2025-05-28 03:59:12,192 INFO =====> Skill params: [ 0.8319859  -0.45138922  0.8836883  -0.96828115  0.29822186]
2025-05-28 03:59:12,193 INFO =====> Grad: [    0.       -1676.8143    -175.75957    157.0991      61.116657]
2025-05-28 03:59:12,193 INFO =====> Num. aborted data so far: 0
2025-05-28 03:59:12,193 INFO ===========> Epoch: 8 optimisation losses
2025-05-28 03:59:12,193 INFO =====> EMD Loss: 20.709888
2025-05-28 03:59:12,193 INFO =====> Height map loss: 6.890882
2025-05-28 03:59:22,802 INFO ==> EMD Loss: 20.715891
2025-05-28 03:59:22,803 INFO ==> Height map loss:  6.890271
2025-05-28 03:59:33,167 INFO ==> EMD Loss: 20.709894
2025-05-28 03:59:33,167 INFO ==> Height map loss:  6.892365
2025-05-28 03:59:43,685 INFO ==> EMD Loss: 20.704702
2025-05-28 03:59:43,685 INFO ==> Height map loss:  6.901315
2025-05-28 03:59:53,906 INFO ==> EMD Loss: 20.703573
2025-05-28 03:59:53,906 INFO ==> Height map loss:  6.900290
2025-05-28 04:00:04,498 INFO ==> EMD Loss: 20.706236
2025-05-28 04:00:04,498 INFO ==> Height map loss:  6.902464
2025-05-28 04:00:29,107 INFO =====> Skill params: [ 0.8319859  -0.4496885   0.8871405  -0.97009176  0.29652002]
2025-05-28 04:00:29,107 INFO =====> Grad: [   20.338984 -5707.794     -227.93506    185.39261    312.2882  ]
2025-05-28 04:00:29,107 INFO =====> Num. aborted data so far: 0
2025-05-28 04:00:29,108 INFO ===========> Epoch: 9 optimisation losses
2025-05-28 04:00:29,108 INFO =====> EMD Loss: 20.715836
2025-05-28 04:00:29,108 INFO =====> Height map loss: 6.890295
2025-05-28 04:00:39,709 INFO ==> EMD Loss: 20.709248
2025-05-28 04:00:39,709 INFO ==> Height map loss:  6.891199
2025-05-28 04:00:50,153 INFO ==> EMD Loss: 20.701332
2025-05-28 04:00:50,153 INFO ==> Height map loss:  6.894212
2025-05-28 04:01:00,223 INFO ==> EMD Loss: 20.691608
2025-05-28 04:01:00,223 INFO ==> Height map loss:  6.896587
2025-05-28 04:01:10,364 INFO ==> EMD Loss: 20.708345
2025-05-28 04:01:10,364 INFO ==> Height map loss:  6.902532
2025-05-28 04:01:20,292 INFO ==> EMD Loss: 20.518236
2025-05-28 04:01:20,292 INFO ==> Height map loss:  6.905136
2025-05-28 04:01:45,016 INFO =====> Skill params: [ 0.8315863  -0.44455627  0.8913658  -0.9722831   0.28992805]
2025-05-28 04:01:45,016 INFO =====> Grad: [ 5.1476855e+00 -5.4550220e+03  7.1307373e+01 -3.2864014e+02
  1.3226399e+01]
2025-05-28 04:01:45,016 INFO =====> Num. aborted data so far: 0
2025-05-28 04:01:45,017 INFO ===========> Epoch: 10 optimisation losses
2025-05-28 04:01:45,017 INFO =====> EMD Loss: 20.709227
2025-05-28 04:01:45,017 INFO =====> Height map loss: 6.891148
2025-05-28 04:01:55,520 INFO ==> EMD Loss: 20.713194
2025-05-28 04:01:55,520 INFO ==> Height map loss:  6.894115
2025-05-28 04:02:06,072 INFO ==> EMD Loss: 20.679688
2025-05-28 04:02:06,072 INFO ==> Height map loss:  6.895256
2025-05-28 04:02:16,220 INFO ==> EMD Loss: 20.697365
2025-05-28 04:02:16,221 INFO ==> Height map loss:  6.900345
2025-05-28 04:02:26,431 INFO ==> EMD Loss: 20.526279
2025-05-28 04:02:26,431 INFO ==> Height map loss:  6.906464
2025-05-28 04:02:36,532 INFO ==> EMD Loss: 20.511559
2025-05-28 04:02:36,532 INFO ==> Height map loss:  6.937776
2025-05-28 04:03:01,268 INFO =====> Skill params: [ 0.8314797  -0.44001642  0.8899873  -0.9685237   0.2896339 ]
2025-05-28 04:03:01,269 INFO =====> Grad: [   0.       -845.55817   -55.08427   100.587524  -50.086765]
2025-05-28 04:03:01,269 INFO =====> Num. aborted data so far: 0
2025-05-28 04:03:01,269 INFO ===========> Epoch: 11 optimisation losses
2025-05-28 04:03:01,269 INFO =====> EMD Loss: 20.713217
2025-05-28 04:03:01,270 INFO =====> Height map loss: 6.894159
2025-05-28 04:03:11,757 INFO ==> EMD Loss: 20.710205
2025-05-28 04:03:11,757 INFO ==> Height map loss:  6.894300
2025-05-28 04:03:22,391 INFO ==> EMD Loss: 20.706848
2025-05-28 04:03:22,392 INFO ==> Height map loss:  6.899438
2025-05-28 04:03:32,699 INFO ==> EMD Loss: 20.701736
2025-05-28 04:03:32,699 INFO ==> Height map loss:  6.899189
2025-05-28 04:03:43,241 INFO ==> EMD Loss: 20.710571
2025-05-28 04:03:43,241 INFO ==> Height map loss:  6.898284
2025-05-28 04:03:53,549 INFO ==> EMD Loss: 20.705402
2025-05-28 04:03:53,549 INFO ==> Height map loss:  6.895413
2025-05-28 04:04:18,258 INFO =====> Skill params: [ 0.8314797  -0.4392769   0.891102   -0.9697268   0.29079917]
2025-05-28 04:04:18,258 INFO =====> Grad: [   0.      5664.045    252.25052  173.35435 -224.01785]
2025-05-28 04:04:18,258 INFO =====> Num. aborted data so far: 0
2025-05-28 04:04:18,259 INFO ===========> Epoch: 12 optimisation losses
2025-05-28 04:04:18,260 INFO =====> EMD Loss: 20.710207
2025-05-28 04:04:18,260 INFO =====> Height map loss: 6.894382
2025-05-28 04:04:28,723 INFO ==> EMD Loss: 20.708948
2025-05-28 04:04:28,723 INFO ==> Height map loss:  6.890989
2025-05-28 04:04:39,397 INFO ==> EMD Loss: 20.711996
2025-05-28 04:04:39,397 INFO ==> Height map loss:  6.893172
2025-05-28 04:04:49,953 INFO ==> EMD Loss: 20.703629
2025-05-28 04:04:49,953 INFO ==> Height map loss:  6.888497
2025-05-28 04:05:00,926 INFO ==> EMD Loss: 20.719379
2025-05-28 04:05:00,926 INFO ==> Height map loss:  6.890139
2025-05-28 04:05:11,772 INFO ==> EMD Loss: 20.733082
2025-05-28 04:05:11,772 INFO ==> Height map loss:  6.889934
2025-05-28 04:05:37,636 INFO =====> Skill params: [ 0.8314797  -0.48502162  0.84429705 -0.9910252   0.33834046]
2025-05-28 04:05:37,636 INFO =====> Grad: [    0.        -3132.935      -256.95212      68.852905     -6.4594345]
2025-05-28 04:05:37,636 INFO =====> Num. aborted data so far: 0
2025-05-28 04:05:37,637 INFO ===========> Epoch: 13 optimisation losses
2025-05-28 04:05:37,637 INFO =====> EMD Loss: 20.703684
2025-05-28 04:05:37,637 INFO =====> Height map loss: 6.888518
2025-05-28 04:05:48,277 INFO ==> EMD Loss: 20.714672
2025-05-28 04:05:48,277 INFO ==> Height map loss:  6.888300
2025-05-28 04:05:58,940 INFO ==> EMD Loss: 20.708593
2025-05-28 04:05:58,940 INFO ==> Height map loss:  6.892942
2025-05-28 04:06:09,530 INFO ==> EMD Loss: 20.712961
2025-05-28 04:06:09,531 INFO ==> Height map loss:  6.893157
2025-05-28 04:06:20,218 INFO ==> EMD Loss: 20.711510
2025-05-28 04:06:20,218 INFO ==> Height map loss:  6.895540
2025-05-28 04:06:30,653 INFO ==> EMD Loss: 20.707483
2025-05-28 04:06:30,653 INFO ==> Height map loss:  6.896820
2025-05-28 04:06:56,073 INFO =====> Skill params: [ 0.8314797  -0.48245403  0.848738   -0.99191296  0.33848494]
2025-05-28 04:06:56,073 INFO =====> Grad: [   0.       3197.1602   -209.2139   -113.89851    16.956934]
2025-05-28 04:06:56,073 INFO =====> Num. aborted data so far: 0
2025-05-28 04:06:56,074 INFO ===========> Epoch: 14 optimisation losses
2025-05-28 04:06:56,074 INFO =====> EMD Loss: 20.714714
2025-05-28 04:06:56,074 INFO =====> Height map loss: 6.889481
2025-05-28 04:07:06,911 INFO ==> EMD Loss: 20.715109
2025-05-28 04:07:06,912 INFO ==> Height map loss:  6.888570
2025-05-28 04:07:17,754 INFO ==> EMD Loss: 20.714710
2025-05-28 04:07:17,754 INFO ==> Height map loss:  6.889957
2025-05-28 04:07:28,420 INFO ==> EMD Loss: 20.712971
2025-05-28 04:07:28,420 INFO ==> Height map loss:  6.889915
2025-05-28 04:07:39,496 INFO ==> EMD Loss: 20.714098
2025-05-28 04:07:39,496 INFO ==> Height map loss:  6.889538
2025-05-28 04:07:50,588 INFO ==> EMD Loss: 20.714434
2025-05-28 04:07:50,588 INFO ==> Height map loss:  6.890729
2025-05-28 04:08:16,052 INFO =====> Skill params: [ 0.8314797 -0.4851059  0.8522747 -0.9903851  0.3380855]
2025-05-28 04:08:16,052 INFO =====> Grad: [   0.       4939.15      186.24684  -144.94257     8.560657]
2025-05-28 04:08:16,052 INFO =====> Num. aborted data so far: 0
2025-05-28 04:08:16,053 INFO ===========> Epoch: 15 optimisation losses
2025-05-28 04:08:16,053 INFO =====> EMD Loss: 20.715172
2025-05-28 04:08:16,053 INFO =====> Height map loss: 6.888626
2025-05-28 04:08:26,705 INFO ==> EMD Loss: 20.713507
2025-05-28 04:08:26,706 INFO ==> Height map loss:  6.889824
2025-05-28 04:08:37,676 INFO ==> EMD Loss: 20.721836
2025-05-28 04:08:37,676 INFO ==> Height map loss:  6.890371
2025-05-28 04:08:48,463 INFO ==> EMD Loss: 20.557337
2025-05-28 04:08:48,464 INFO ==> Height map loss:  6.890041
2025-05-28 04:08:59,514 INFO ==> EMD Loss: 20.552757
2025-05-28 04:08:59,514 INFO ==> Height map loss:  6.895637
2025-05-28 04:09:10,562 INFO ==> EMD Loss: 20.379536
2025-05-28 04:09:10,562 INFO ==> Height map loss:  6.896806
2025-05-28 04:09:36,203 INFO =====> Skill params: [ 0.8314797  -0.4890362   0.8491421  -0.9883819   0.33787298]
2025-05-28 04:09:36,203 INFO =====> Grad: [    0.       -5661.8926    -169.25749     24.244095    -7.672648]
2025-05-28 04:09:36,203 INFO =====> Num. aborted data so far: 0
2025-05-28 04:09:36,204 INFO ===========> Epoch: 16 optimisation losses
2025-05-28 04:09:36,204 INFO =====> EMD Loss: 20.713558
2025-05-28 04:09:36,204 INFO =====> Height map loss: 6.889770
2025-05-28 04:09:46,840 INFO ==> EMD Loss: 20.704145
2025-05-28 04:09:46,840 INFO ==> Height map loss:  6.888666
2025-05-28 04:09:57,596 INFO ==> EMD Loss: 20.712368
2025-05-28 04:09:57,596 INFO ==> Height map loss:  6.889446
2025-05-28 04:10:08,151 INFO ==> EMD Loss: 20.707041
2025-05-28 04:10:08,151 INFO ==> Height map loss:  6.892529
2025-05-28 04:10:18,756 INFO ==> EMD Loss: 20.708288
2025-05-28 04:10:18,756 INFO ==> Height map loss:  6.890637
2025-05-28 04:10:29,040 INFO ==> EMD Loss: 20.706373
2025-05-28 04:10:29,040 INFO ==> Height map loss:  6.895404
2025-05-28 04:10:54,379 INFO =====> Skill params: [ 0.8314797  -0.48478946  0.8520032  -0.98873484  0.3380737 ]
2025-05-28 04:10:54,379 INFO =====> Grad: [   0.       -873.8425    106.32633   -58.38121   -30.608469]
2025-05-28 04:10:54,379 INFO =====> Num. aborted data so far: 0
2025-05-28 04:10:54,380 INFO ===========> Epoch: 17 optimisation losses
2025-05-28 04:10:54,380 INFO =====> EMD Loss: 20.704147
2025-05-28 04:10:54,380 INFO =====> Height map loss: 6.888616
2025-05-28 04:11:05,068 INFO ==> EMD Loss: 20.704206
2025-05-28 04:11:05,068 INFO ==> Height map loss:  6.888487
2025-05-28 04:11:15,940 INFO ==> EMD Loss: 20.703222
2025-05-28 04:11:15,940 INFO ==> Height map loss:  6.888704
2025-05-28 04:11:26,567 INFO ==> EMD Loss: 20.704304
2025-05-28 04:11:26,567 INFO ==> Height map loss:  6.888649
2025-05-28 04:11:37,382 INFO ==> EMD Loss: 20.703979
2025-05-28 04:11:37,382 INFO ==> Height map loss:  6.888730
2025-05-28 04:11:47,867 INFO ==> EMD Loss: 20.706951
2025-05-28 04:11:47,867 INFO ==> Height map loss:  6.892703
2025-05-28 04:12:13,447 INFO =====> Skill params: [ 0.8314797  -0.4841004   0.85014534 -0.9878429   0.33891445]
2025-05-28 04:12:13,448 INFO =====> Grad: [    0.      -5700.632    -256.87442  -113.44769    34.09559]
2025-05-28 04:12:13,448 INFO =====> Num. aborted data so far: 0
2025-05-28 04:12:13,448 INFO ===========> Epoch: 18 optimisation losses
2025-05-28 04:12:13,448 INFO =====> EMD Loss: 20.715227
2025-05-28 04:12:13,448 INFO =====> Height map loss: 6.888487
2025-05-28 04:12:24,053 INFO ==> EMD Loss: 20.703970
2025-05-28 04:12:24,053 INFO ==> Height map loss:  6.892391
2025-05-28 04:12:34,781 INFO ==> EMD Loss: 20.714603
2025-05-28 04:12:34,781 INFO ==> Height map loss:  6.893220
2025-05-28 04:12:45,172 INFO ==> EMD Loss: 20.713987
2025-05-28 04:12:45,173 INFO ==> Height map loss:  6.894291
2025-05-28 04:12:55,566 INFO ==> EMD Loss: 20.674826
2025-05-28 04:12:55,566 INFO ==> Height map loss:  6.899146
2025-05-28 04:13:06,113 INFO ==> EMD Loss: 20.683405
2025-05-28 04:13:06,113 INFO ==> Height map loss:  6.906706
2025-05-28 04:13:31,497 INFO =====> Skill params: [ 0.8314797  -0.4798614   0.8543793  -0.98604894  0.33793256]
2025-05-28 04:13:31,498 INFO =====> Grad: [ 0.0000000e+00  3.1506826e+03  1.6553780e+02 -1.5150853e+02
 -1.2949165e+00]
2025-05-28 04:13:31,498 INFO =====> Num. aborted data so far: 0
2025-05-28 04:13:31,498 INFO ===========> Epoch: 19 optimisation losses
2025-05-28 04:13:31,498 INFO =====> EMD Loss: 20.703915
2025-05-28 04:13:31,498 INFO =====> Height map loss: 6.892408
2025-05-28 04:13:42,205 INFO ==> EMD Loss: 20.715471
2025-05-28 04:13:42,205 INFO ==> Height map loss:  6.888515
2025-05-28 04:13:52,816 INFO ==> EMD Loss: 20.712502
2025-05-28 04:13:52,816 INFO ==> Height map loss:  6.889672
2025-05-28 04:14:03,744 INFO ==> EMD Loss: 20.712990
2025-05-28 04:14:03,744 INFO ==> Height map loss:  6.889687
2025-05-28 04:14:14,447 INFO ==> EMD Loss: 20.722946
2025-05-28 04:14:14,447 INFO ==> Height map loss:  6.890172
2025-05-28 04:14:25,466 INFO ==> EMD Loss: 20.546898
2025-05-28 04:14:25,466 INFO ==> Height map loss:  6.889566
2025-05-28 04:14:36,152 INFO ===========> Finished training.
2025-05-28 04:14:36,152 INFO ====> Final EMD Loss: 20.715395
2025-05-28 04:14:36,152 INFO ====> Final Height map loss: 6.888528
2025-05-28 04:14:36,152 INFO ====> Final skill params: [ 0.8314797  -0.48225135  0.85162693 -0.9836085   0.33797187]
