2024-09-18 09:07:34,528 INFO ===> New TaichiEnv created.
2024-09-18 09:07:34,528 INFO ===> Specifications: horizon = 600, dt = 0.01, n_substeps = 20, dt_sub = 0.0005
2024-09-18 09:08:01,712 INFO =====> Epoch: 0
2024-09-18 09:08:01,712 INFO =====> EMD Loss: 29.789443969726562
2024-09-18 09:08:01,712 INFO =====> Height map loss: 33.60459518432617
2024-09-18 09:08:01,712 INFO =====> Grad: [ 1.10038206e-01 -6.47333050e+00 -2.22864678e-08  8.68905663e-01
  6.70552254e-08]
2024-09-18 09:08:01,713 INFO =====> Skill params: [-0.7226761   0.0231667   0.5763761  -0.57298416  0.67977023]
2024-09-18 09:08:01,713 INFO =====> Num. aborted data so far: 0
2024-09-18 09:08:01,990 INFO ===> New TaichiEnv created.
2024-09-18 09:08:01,990 INFO ===> Specifications: horizon = 600, dt = 0.01, n_substeps = 20, dt_sub = 0.0005
2024-09-18 09:08:29,216 INFO =====> Epoch: 1
2024-09-18 09:08:29,217 INFO =====> EMD Loss: 29.142131805419922
2024-09-18 09:08:29,217 INFO =====> Height map loss: 32.83921432495117
2024-09-18 09:08:29,217 INFO =====> Grad: [-3.7331936e-01  2.5714004e+00  3.2231938e-08  9.2803109e-01
 -2.3096800e-07]
2024-09-18 09:08:29,217 INFO =====> Skill params: [-0.7121872   0.03360226  0.57127887 -0.5829959   0.75456184]
2024-09-18 09:08:29,217 INFO =====> Num. aborted data so far: 0
2024-09-18 09:08:29,488 INFO ===> New TaichiEnv created.
2024-09-18 09:08:29,488 INFO ===> Specifications: horizon = 600, dt = 0.01, n_substeps = 20, dt_sub = 0.0005
2024-09-18 09:08:58,243 INFO =====> Epoch: 2
2024-09-18 09:08:58,243 INFO =====> EMD Loss: 29.324277877807617
2024-09-18 09:08:58,243 INFO =====> Height map loss: 33.04927444458008
2024-09-18 09:08:58,244 INFO =====> Grad: [1.0842900e-02 7.9232298e-02 2.6054741e-09 1.0049852e-01 1.1175871e-08]
2024-09-18 09:08:58,244 INFO =====> Skill params: [-0.7044383   0.04145027  0.5666835  -0.59121466  0.8074534 ]
2024-09-18 09:08:58,244 INFO =====> Num. aborted data so far: 0
2024-09-18 09:08:58,518 INFO ===> New TaichiEnv created.
2024-09-18 09:08:58,518 INFO ===> Specifications: horizon = 600, dt = 0.01, n_substeps = 20, dt_sub = 0.0005
2024-09-18 09:09:25,767 INFO =====> Epoch: 3
2024-09-18 09:09:25,767 INFO =====> EMD Loss: 29.34388542175293
2024-09-18 09:09:25,767 INFO =====> Height map loss: 33.09695816040039
2024-09-18 09:09:25,767 INFO =====> Grad: [-6.7744315e-01  2.9427888e+00  5.3204054e-08  1.2561102e+00
  4.9918890e-07]
2024-09-18 09:09:25,767 INFO =====> Skill params: [-0.69119847  0.04057803  0.553437   -0.60008866  0.7511145 ]
2024-09-18 09:09:25,767 INFO =====> Num. aborted data so far: 0
2024-09-18 09:09:26,055 INFO ===> New TaichiEnv created.
2024-09-18 09:09:26,055 INFO ===> Specifications: horizon = 600, dt = 0.01, n_substeps = 20, dt_sub = 0.0005
2024-09-18 09:09:53,009 INFO =====> Epoch: 4
2024-09-18 09:09:53,009 INFO =====> EMD Loss: 29.649444580078125
2024-09-18 09:09:53,009 INFO =====> Height map loss: 33.63872146606445
2024-09-18 09:09:53,009 INFO =====> Grad: [-6.884803e-01  2.884399e+00 -8.867623e-08  1.331438e+00  9.685755e-08]
2024-09-18 09:09:53,009 INFO =====> Skill params: [-0.6755894   0.03404837  0.55710673 -0.6093624   0.6908153 ]
2024-09-18 09:09:53,009 INFO =====> Num. aborted data so far: 0
2024-09-18 09:09:53,296 INFO ===> New TaichiEnv created.
2024-09-18 09:09:53,296 INFO ===> Specifications: horizon = 600, dt = 0.01, n_substeps = 20, dt_sub = 0.0005
2024-09-18 09:10:20,694 INFO =====> Epoch: 5
2024-09-18 09:10:20,694 INFO =====> EMD Loss: 29.90749740600586
2024-09-18 09:10:20,694 INFO =====> Height map loss: 34.64873123168945
2024-09-18 09:10:20,694 INFO =====> Grad: [-5.7567644e-01  2.9504902e+00 -5.8372009e-08  1.4035136e+00
 -2.8312206e-07]
2024-09-18 09:10:20,694 INFO =====> Skill params: [-0.6587626   0.02338794  0.5660357  -0.61890817  0.6782841 ]
2024-09-18 09:10:20,694 INFO =====> Num. aborted data so far: 0
2024-09-18 09:10:20,993 INFO ===> New TaichiEnv created.
2024-09-18 09:10:20,994 INFO ===> Specifications: horizon = 600, dt = 0.01, n_substeps = 20, dt_sub = 0.0005
2024-09-18 09:10:48,890 INFO =====> Epoch: 6
2024-09-18 09:10:48,890 INFO =====> EMD Loss: 30.337947845458984
2024-09-18 09:10:48,890 INFO =====> Height map loss: 35.262969970703125
2024-09-18 09:10:48,890 INFO =====> Grad: [-4.14120615e-01  2.68689275e+00  1.33126115e-08  1.50649929e+00
  5.96046448e-08]
2024-09-18 09:10:48,890 INFO =====> Skill params: [-0.6415535   0.00996951  0.5723663  -0.62865865  0.66054136]
2024-09-18 09:10:48,890 INFO =====> Num. aborted data so far: 0
2024-09-18 09:10:49,178 INFO ===> New TaichiEnv created.
2024-09-18 09:10:49,178 INFO ===> Specifications: horizon = 600, dt = 0.01, n_substeps = 20, dt_sub = 0.0005
2024-09-18 09:11:15,705 INFO =====> Epoch: 7
2024-09-18 09:11:15,706 INFO =====> EMD Loss: 30.517099380493164
2024-09-18 09:11:15,706 INFO =====> Height map loss: 35.888954162597656
2024-09-18 09:11:15,706 INFO =====> Grad: [ 3.68328416e-03  8.27950835e-02  3.67278474e-09  1.48037374e-01
 -1.21071935e-08]
2024-09-18 09:11:15,706 INFO =====> Skill params: [-0.62641186 -0.00199595  0.57752377 -0.63748586  0.64631075]
2024-09-18 09:11:15,706 INFO =====> Num. aborted data so far: 0
2024-09-18 09:11:16,008 INFO ===> New TaichiEnv created.
2024-09-18 09:11:16,008 INFO ===> Specifications: horizon = 600, dt = 0.01, n_substeps = 20, dt_sub = 0.0005
2024-09-18 09:11:42,397 INFO =====> Epoch: 8
2024-09-18 09:11:42,397 INFO =====> EMD Loss: 30.74811553955078
2024-09-18 09:11:42,397 INFO =====> Height map loss: 36.55023193359375
2024-09-18 09:11:42,397 INFO =====> Grad: [-7.821147e-04 -3.600376e-01  3.754387e-09  1.561369e-01  9.313226e-09]
2024-09-18 09:11:42,397 INFO =====> Skill params: [-0.612964   -0.01202329  0.5816961  -0.645563    0.63267934]
2024-09-18 09:11:42,397 INFO =====> Num. aborted data so far: 0
2024-09-18 09:11:42,704 INFO ===> New TaichiEnv created.
2024-09-18 09:11:42,704 INFO ===> Specifications: horizon = 600, dt = 0.01, n_substeps = 20, dt_sub = 0.0005
2024-09-18 09:12:09,853 INFO =====> Epoch: 9
2024-09-18 09:12:09,853 INFO =====> EMD Loss: 30.850723266601562
2024-09-18 09:12:09,853 INFO =====> Height map loss: 36.99066925048828
2024-09-18 09:12:09,853 INFO =====> Grad: [-4.7166767e-03 -3.6075670e-01 -3.3947278e-09  1.6313981e-01
 -7.4505806e-09]
2024-09-18 09:12:09,853 INFO =====> Skill params: [-0.60092574 -0.02038316  0.5856941  -0.6530212   0.6213614 ]
2024-09-18 09:12:09,853 INFO =====> Num. aborted data so far: 0
2024-09-18 09:12:10,151 INFO ===> New TaichiEnv created.
2024-09-18 09:12:10,151 INFO ===> Specifications: horizon = 600, dt = 0.01, n_substeps = 20, dt_sub = 0.0005
2024-09-18 09:12:37,396 INFO =====> Epoch: 10
2024-09-18 09:12:37,396 INFO =====> EMD Loss: 31.033815383911133
2024-09-18 09:12:37,396 INFO =====> Height map loss: 37.699398040771484
2024-09-18 09:12:37,396 INFO =====> Grad: [-8.38876795e-03 -3.70289475e-01 -5.43140111e-09  1.71341032e-01
 -1.21071935e-08]
2024-09-18 09:12:37,396 INFO =====> Skill params: [-0.59007305 -0.02727438  0.5897343  -0.659966    0.6125626 ]
2024-09-18 09:12:37,396 INFO =====> Num. aborted data so far: 0
2024-09-18 09:12:37,695 INFO ===> New TaichiEnv created.
2024-09-18 09:12:37,695 INFO ===> Specifications: horizon = 600, dt = 0.01, n_substeps = 20, dt_sub = 0.0005
2024-09-18 09:13:03,834 INFO =====> Epoch: 11
2024-09-18 09:13:03,834 INFO =====> EMD Loss: 31.107887268066406
2024-09-18 09:13:03,834 INFO =====> Height map loss: 38.05571365356445
2024-09-18 09:13:03,834 INFO =====> Grad: [-1.1710674e-02 -3.7936825e-01 -8.6406704e-09  1.7674720e-01
 -1.9557774e-08]
2024-09-18 09:13:03,835 INFO =====> Skill params: [-0.58022565 -0.03285711  0.5941047  -0.66647905  0.6067952 ]
2024-09-18 09:13:03,835 INFO =====> Num. aborted data so far: 0
2024-09-18 09:13:04,217 INFO ===> New TaichiEnv created.
2024-09-18 09:13:04,217 INFO ===> Specifications: horizon = 600, dt = 0.01, n_substeps = 20, dt_sub = 0.0005
2024-09-18 09:13:31,787 INFO =====> Epoch: 12
2024-09-18 09:13:31,787 INFO =====> EMD Loss: 30.905010223388672
2024-09-18 09:13:31,787 INFO =====> Height map loss: 38.544193267822266
2024-09-18 09:13:31,787 INFO =====> Grad: [ 6.2828577e-01 -5.7747087e+00 -1.5743530e-07  2.0216024e+00
 -1.4901161e-08]
2024-09-18 09:13:31,787 INFO =====> Skill params: [-0.5766032  -0.02929067  0.6063506  -0.67403656  0.6032244 ]
2024-09-18 09:13:31,787 INFO =====> Num. aborted data so far: 0
2024-09-18 09:13:32,095 INFO ===> New TaichiEnv created.
2024-09-18 09:13:32,095 INFO ===> Specifications: horizon = 600, dt = 0.01, n_substeps = 20, dt_sub = 0.0005
2024-09-18 09:13:59,270 INFO =====> Epoch: 13
2024-09-18 09:13:59,270 INFO =====> EMD Loss: 31.28036880493164
2024-09-18 09:13:59,270 INFO =====> Height map loss: 39.34736633300781
2024-09-18 09:13:59,270 INFO =====> Grad: [-1.2496620e-02 -3.8166827e-01  5.7011507e-10  1.9192088e-01
 -8.3819032e-09]
2024-09-18 09:13:59,270 INFO =====> Skill params: [-0.5732446  -0.02555335  0.61731577 -0.6811084   0.6009159 ]
2024-09-18 09:13:59,270 INFO =====> Num. aborted data so far: 0
2024-09-18 09:13:59,578 INFO ===> New TaichiEnv created.
2024-09-18 09:13:59,578 INFO ===> Specifications: horizon = 600, dt = 0.01, n_substeps = 20, dt_sub = 0.0005
2024-09-18 09:14:26,814 INFO =====> Epoch: 14
2024-09-18 09:14:26,814 INFO =====> EMD Loss: 31.776973724365234
2024-09-18 09:14:26,814 INFO =====> Height map loss: 39.679012298583984
2024-09-18 09:14:26,814 INFO =====> Grad: [-1.0996188e-02 -3.8045111e-01  5.7157523e-10  1.9951218e-01
 -2.7008355e-08]
2024-09-18 09:14:26,814 INFO =====> Skill params: [-0.570129   -0.02165504  0.62714976 -0.6877636   0.6017746 ]
2024-09-18 09:14:26,814 INFO =====> Num. aborted data so far: 0
2024-09-18 09:14:27,123 INFO ===> New TaichiEnv created.
2024-09-18 09:14:27,123 INFO ===> Specifications: horizon = 600, dt = 0.01, n_substeps = 20, dt_sub = 0.0005
2024-09-18 09:14:53,521 INFO =====> Epoch: 15
2024-09-18 09:14:53,521 INFO =====> EMD Loss: 32.072444915771484
2024-09-18 09:14:53,521 INFO =====> Height map loss: 39.84023666381836
2024-09-18 09:14:53,521 INFO =====> Grad: [-9.3893250e-03 -3.7892038e-01 -3.6167735e-10  2.0663372e-01
 -2.7939677e-08]
2024-09-18 09:14:53,522 INFO =====> Skill params: [-0.56723994 -0.01760496  0.6360367  -0.6940609   0.6056064 ]
2024-09-18 09:14:53,522 INFO =====> Num. aborted data so far: 0
2024-09-18 09:14:53,836 INFO ===> New TaichiEnv created.
2024-09-18 09:14:53,836 INFO ===> Specifications: horizon = 600, dt = 0.01, n_substeps = 20, dt_sub = 0.0005
2024-09-18 09:15:20,738 INFO =====> Epoch: 16
2024-09-18 09:15:20,738 INFO =====> EMD Loss: 32.144371032714844
2024-09-18 09:15:20,738 INFO =====> Height map loss: 39.98610305786133
2024-09-18 09:15:20,738 INFO =====> Grad: [-7.6836962e-03 -3.7709156e-01 -1.7634445e-09  2.1335165e-01
  1.3038516e-08]
2024-09-18 09:15:20,739 INFO =====> Skill params: [-0.5645647  -0.01341183  0.644166   -0.7000513   0.60764116]
2024-09-18 09:15:20,739 INFO =====> Num. aborted data so far: 0
2024-09-18 09:15:21,108 INFO ===> New TaichiEnv created.
2024-09-18 09:15:21,108 INFO ===> Specifications: horizon = 600, dt = 0.01, n_substeps = 20, dt_sub = 0.0005
2024-09-18 09:15:47,915 INFO =====> Epoch: 17
2024-09-18 09:15:47,915 INFO =====> EMD Loss: 31.957277297973633
2024-09-18 09:15:47,915 INFO =====> Height map loss: 40.044830322265625
2024-09-18 09:15:47,915 INFO =====> Grad: [ 2.7305129e-01 -6.5909615e+00 -1.3888187e-08  2.4169495e+00
 -3.5017729e-07]
2024-09-18 09:15:47,915 INFO =====> Skill params: [-0.56408316 -0.00234894  0.6523473  -0.7073288   0.6434658 ]
2024-09-18 09:15:47,915 INFO =====> Num. aborted data so far: 0
2024-09-18 09:15:48,228 INFO ===> New TaichiEnv created.
2024-09-18 09:15:48,228 INFO ===> Specifications: horizon = 600, dt = 0.01, n_substeps = 20, dt_sub = 0.0005
2024-09-18 09:16:15,590 INFO =====> Epoch: 18
2024-09-18 09:16:15,590 INFO =====> EMD Loss: 32.2641716003418
2024-09-18 09:16:15,590 INFO =====> Height map loss: 40.56591033935547
2024-09-18 09:16:15,590 INFO =====> Grad: [ 4.8116434e-02 -6.8502736e+00  3.4023699e-08  2.5643458e+00
  1.8626451e-07]
2024-09-18 09:16:15,590 INFO =====> Skill params: [-0.5639842   0.01368445  0.6575945  -0.7155704   0.6572076 ]
2024-09-18 09:16:15,590 INFO =====> Num. aborted data so far: 0
2024-09-18 09:16:15,912 INFO ===> New TaichiEnv created.
2024-09-18 09:16:15,912 INFO ===> Specifications: horizon = 600, dt = 0.01, n_substeps = 20, dt_sub = 0.0005
2024-09-18 09:16:42,478 INFO =====> Epoch: 19
2024-09-18 09:16:42,478 INFO =====> EMD Loss: 32.52363204956055
2024-09-18 09:16:42,478 INFO =====> Height map loss: 40.54969024658203
2024-09-18 09:16:42,478 INFO =====> Grad: [-2.8221449e-01  2.5782638e+00 -9.7244254e-08  2.6624341e+00
 -5.9604645e-08]
2024-09-18 09:16:42,478 INFO =====> Skill params: [-0.5619283   0.02533689  0.66742027 -0.7245608   0.67537576]
2024-09-18 09:16:42,479 INFO =====> Num. aborted data so far: 0
2024-09-18 09:16:42,802 INFO ===> New TaichiEnv created.
2024-09-18 09:16:42,803 INFO ===> Specifications: horizon = 600, dt = 0.01, n_substeps = 20, dt_sub = 0.0005
2024-09-18 09:17:09,521 INFO =====> Epoch: 20
2024-09-18 09:17:09,521 INFO =====> EMD Loss: 32.94816207885742
2024-09-18 09:17:09,521 INFO =====> Height map loss: 41.23466873168945
2024-09-18 09:17:09,521 INFO =====> Grad: [-5.2881652e-01  2.8209350e+00  6.4455079e-08  2.8026936e+00
  1.2665987e-07]
2024-09-18 09:17:09,521 INFO =====> Skill params: [-0.55666786  0.03281596  0.6725104  -0.7341582   0.6795412 ]
2024-09-18 09:17:09,521 INFO =====> Num. aborted data so far: 0
2024-09-18 09:17:09,842 INFO ===> New TaichiEnv created.
2024-09-18 09:17:09,842 INFO ===> Specifications: horizon = 600, dt = 0.01, n_substeps = 20, dt_sub = 0.0005
2024-09-18 09:17:37,029 INFO =====> Epoch: 21
2024-09-18 09:17:37,029 INFO =====> EMD Loss: 33.07075119018555
2024-09-18 09:17:37,029 INFO =====> Height map loss: 41.1800537109375
2024-09-18 09:17:37,029 INFO =====> Grad: [-7.0015562e-01  3.0104358e+00 -6.6265748e-08  2.9171441e+00
 -9.6857548e-08]
2024-09-18 09:17:37,029 INFO =====> Skill params: [-0.54803437  0.03638948  0.6805188  -0.7442551   0.69258994]
2024-09-18 09:17:37,029 INFO =====> Num. aborted data so far: 0
2024-09-18 09:17:37,359 INFO ===> New TaichiEnv created.
2024-09-18 09:17:37,359 INFO ===> Specifications: horizon = 600, dt = 0.01, n_substeps = 20, dt_sub = 0.0005
2024-09-18 09:18:04,137 INFO =====> Epoch: 22
2024-09-18 09:18:04,138 INFO =====> EMD Loss: 32.88860321044922
2024-09-18 09:18:04,138 INFO =====> Height map loss: 40.68626022338867
2024-09-18 09:18:04,138 INFO =====> Grad: [-7.5729823e-01  3.3416953e+00 -5.1375885e-08  3.0734241e+00
  2.3096800e-07]
2024-09-18 09:18:04,138 INFO =====> Skill params: [-0.53658843  0.03617026  0.6903689  -0.7547761   0.6824963 ]
2024-09-18 09:18:04,138 INFO =====> Num. aborted data so far: 0
2024-09-18 09:18:04,478 INFO ===> New TaichiEnv created.
2024-09-18 09:18:04,478 INFO ===> Specifications: horizon = 600, dt = 0.01, n_substeps = 20, dt_sub = 0.0005
2024-09-18 09:18:31,007 INFO =====> Epoch: 23
2024-09-18 09:18:31,007 INFO =====> EMD Loss: 33.07486343383789
2024-09-18 09:18:31,007 INFO =====> Height map loss: 40.696651458740234
2024-09-18 09:18:31,007 INFO =====> Grad: [-7.85607755e-01  3.29766297e+00 -1.14436446e-07  3.19882154e+00
  1.78813934e-07]
2024-09-18 09:18:31,007 INFO =====> Skill params: [-0.5228624   0.03265864  0.70424294 -0.7656581   0.6571054 ]
2024-09-18 09:18:31,007 INFO =====> Num. aborted data so far: 0
2024-09-18 09:18:31,330 INFO ===> New TaichiEnv created.
2024-09-18 09:18:31,330 INFO ===> Specifications: horizon = 600, dt = 0.01, n_substeps = 20, dt_sub = 0.0005
2024-09-18 09:18:58,363 INFO =====> Epoch: 24
2024-09-18 09:18:58,363 INFO =====> EMD Loss: 33.04018020629883
2024-09-18 09:18:58,363 INFO =====> Height map loss: 40.513153076171875
2024-09-18 09:18:58,363 INFO =====> Grad: [ 1.5116403e-02  8.5746795e-02  9.1215409e-09  2.9530665e-01
 -8.3819032e-09]
2024-09-18 09:18:58,363 INFO =====> Skill params: [-0.5104401   0.0293727   0.71638286 -0.77575475  0.6347834 ]
2024-09-18 09:18:58,363 INFO =====> Num. aborted data so far: 0
2024-09-18 09:18:58,684 INFO ===> New TaichiEnv created.
2024-09-18 09:18:58,684 INFO ===> Specifications: horizon = 600, dt = 0.01, n_substeps = 20, dt_sub = 0.0005
2024-09-18 09:19:26,584 INFO =====> Epoch: 25
2024-09-18 09:19:26,585 INFO =====> EMD Loss: 32.660255432128906
2024-09-18 09:19:26,585 INFO =====> Height map loss: 39.7346076965332
2024-09-18 09:19:26,585 INFO =====> Grad: [ 1.3474231e-02  6.3312203e-02 -6.1147576e-10  3.0210382e-01
  3.5390258e-08]
2024-09-18 09:19:26,585 INFO =====> Skill params: [-0.4991961   0.02631398  0.72743905 -0.7851441   0.6111707 ]
2024-09-18 09:19:26,585 INFO =====> Num. aborted data so far: 0
2024-09-18 09:19:26,908 INFO ===> New TaichiEnv created.
2024-09-18 09:19:26,909 INFO ===> Specifications: horizon = 600, dt = 0.01, n_substeps = 20, dt_sub = 0.0005
2024-09-18 09:19:53,274 INFO =====> Epoch: 26
2024-09-18 09:19:53,274 INFO =====> EMD Loss: 32.11726760864258
2024-09-18 09:19:53,274 INFO =====> Height map loss: 38.619964599609375
2024-09-18 09:19:53,275 INFO =====> Grad: [ 1.2663881e-02  7.7313788e-02 -3.8294345e-09  3.0785736e-01
 -1.7695129e-08]
2024-09-18 09:19:53,275 INFO =====> Skill params: [-0.4890211   0.02344663  0.7376745  -0.793896    0.5913641 ]
2024-09-18 09:19:53,275 INFO =====> Num. aborted data so far: 0
2024-09-18 09:19:53,684 INFO ===> New TaichiEnv created.
2024-09-18 09:19:53,685 INFO ===> Specifications: horizon = 600, dt = 0.01, n_substeps = 20, dt_sub = 0.0005
2024-09-18 09:20:20,454 INFO =====> Epoch: 27
2024-09-18 09:20:20,454 INFO =====> EMD Loss: 32.523128509521484
2024-09-18 09:20:20,454 INFO =====> Height map loss: 38.613548278808594
2024-09-18 09:20:20,455 INFO =====> Grad: [ 1.1778061e-02  8.4871553e-02  1.1424124e-08  3.1267858e-01
 -3.7252903e-09]
2024-09-18 09:20:20,455 INFO =====> Skill params: [-0.4798155   0.02074457  0.746384   -0.80207336  0.5736951 ]
2024-09-18 09:20:20,455 INFO =====> Num. aborted data so far: 0
2024-09-18 09:20:20,784 INFO ===> New TaichiEnv created.
2024-09-18 09:20:20,784 INFO ===> Specifications: horizon = 600, dt = 0.01, n_substeps = 20, dt_sub = 0.0005
2024-09-18 09:20:48,697 INFO =====> Epoch: 28
2024-09-18 09:20:48,697 INFO =====> EMD Loss: 32.60691833496094
2024-09-18 09:20:48,697 INFO =====> Height map loss: 38.20180130004883
2024-09-18 09:20:48,697 INFO =====> Grad: [ 1.0180045e-02  5.6790926e-02 -2.0448869e-09  3.1666571e-01
  4.6566129e-09]
2024-09-18 09:20:48,697 INFO =====> Skill params: [-0.471485    0.01822195  0.7544017  -0.8097326   0.55716276]
2024-09-18 09:20:48,697 INFO =====> Num. aborted data so far: 0
2024-09-18 09:20:49,029 INFO ===> New TaichiEnv created.
2024-09-18 09:20:49,029 INFO ===> Specifications: horizon = 600, dt = 0.01, n_substeps = 20, dt_sub = 0.0005
2024-09-18 09:21:14,641 INFO =====> Epoch: 29
2024-09-18 09:21:14,641 INFO =====> EMD Loss: 32.6597785949707
2024-09-18 09:21:14,641 INFO =====> Height map loss: 38.136322021484375
2024-09-18 09:21:14,641 INFO =====> Grad: [-4.4899306e-01  2.8325360e+00 -2.4000808e-08  3.5189602e+00
 -2.0861626e-07]
2024-09-18 09:21:14,641 INFO =====> Skill params: [-0.4616013   0.01294334  0.7629046  -0.81837434  0.56240827]
2024-09-18 09:21:14,641 INFO =====> Num. aborted data so far: 0
2024-09-18 09:21:14,976 INFO ===> New TaichiEnv created.
2024-09-18 09:21:14,976 INFO ===> Specifications: horizon = 600, dt = 0.01, n_substeps = 20, dt_sub = 0.0005
2024-09-18 09:21:40,740 INFO =====> Epoch: 30
2024-09-18 09:21:40,740 INFO =====> EMD Loss: 32.26688766479492
2024-09-18 09:21:40,740 INFO =====> Height map loss: 37.439022064208984
2024-09-18 09:21:40,740 INFO =====> Grad: [-3.3196181e-01  2.5133803e+00  3.2417759e-08  3.6558115e+00
  5.2154064e-08]
2024-09-18 09:21:40,740 INFO =====> Skill params: [-0.4508817   0.00551577  0.76890206 -0.82783026  0.56216437]
2024-09-18 09:21:40,740 INFO =====> Num. aborted data so far: 0
2024-09-18 09:21:41,067 INFO ===> New TaichiEnv created.
2024-09-18 09:21:41,067 INFO ===> Specifications: horizon = 600, dt = 0.01, n_substeps = 20, dt_sub = 0.0005
2024-09-18 09:22:08,090 INFO =====> Epoch: 31
2024-09-18 09:22:08,090 INFO =====> EMD Loss: 32.149147033691406
2024-09-18 09:22:08,090 INFO =====> Height map loss: 36.8233528137207
2024-09-18 09:22:08,090 INFO =====> Grad: [-1.4785114e-01  2.0394239e+00 -4.1472617e-08  3.7547779e+00
 -2.0116568e-07]
2024-09-18 09:22:08,090 INFO =====> Skill params: [-0.4403176  -0.00337902  0.7764551  -0.83796096  0.5809846 ]
2024-09-18 09:22:08,090 INFO =====> Num. aborted data so far: 0
2024-09-18 09:22:08,422 INFO ===> New TaichiEnv created.
2024-09-18 09:22:08,422 INFO ===> Specifications: horizon = 600, dt = 0.01, n_substeps = 20, dt_sub = 0.0005
2024-09-18 09:22:33,940 INFO =====> Epoch: 32
2024-09-18 09:22:33,941 INFO =====> EMD Loss: 31.648632049560547
2024-09-18 09:22:33,941 INFO =====> Height map loss: 34.98765563964844
2024-09-18 09:22:33,941 INFO =====> Grad: [ 8.8316172e-02 -6.8440294e+00  3.9782861e-09  3.9093726e+00
  2.8312206e-07]
2024-09-18 09:22:33,941 INFO =====> Skill params: [-0.43119994 -0.00401848  0.7831083  -0.8486676   0.5714858 ]
2024-09-18 09:22:33,941 INFO =====> Num. aborted data so far: 0
2024-09-18 09:22:34,321 INFO ===> New TaichiEnv created.
2024-09-18 09:22:34,321 INFO ===> Specifications: horizon = 600, dt = 0.01, n_substeps = 20, dt_sub = 0.0005
2024-09-18 09:23:00,096 INFO =====> Epoch: 33
2024-09-18 09:23:00,096 INFO =====> EMD Loss: 31.513580322265625
2024-09-18 09:23:00,096 INFO =====> Height map loss: 34.641239166259766
2024-09-18 09:23:00,096 INFO =====> Grad: [ 1.0949524e-01 -7.1447296e+00  1.1622028e-08  3.9699087e+00
  1.4156103e-07]
2024-09-18 09:23:00,096 INFO =====> Skill params: [-0.42352924  0.0021324   0.78853375 -0.8598525   0.5500271 ]
2024-09-18 09:23:00,096 INFO =====> Num. aborted data so far: 0
2024-09-18 09:23:00,426 INFO ===> New TaichiEnv created.
2024-09-18 09:23:00,427 INFO ===> Specifications: horizon = 600, dt = 0.01, n_substeps = 20, dt_sub = 0.0005
2024-09-18 09:23:26,472 INFO =====> Epoch: 34
2024-09-18 09:23:26,472 INFO =====> EMD Loss: 31.963481903076172
2024-09-18 09:23:26,472 INFO =====> Height map loss: 35.06235122680664
2024-09-18 09:23:26,472 INFO =====> Grad: [1.27466209e-03 1.02688715e-01 7.14458492e-10 3.66480976e-01
 3.72529030e-09]
2024-09-18 09:23:26,472 INFO =====> Skill params: [-0.41655037  0.00763699  0.7934243  -0.87022114  0.530157  ]
2024-09-18 09:23:26,472 INFO =====> Num. aborted data so far: 0
2024-09-18 09:23:26,801 INFO ===> New TaichiEnv created.
2024-09-18 09:23:26,801 INFO ===> Specifications: horizon = 600, dt = 0.01, n_substeps = 20, dt_sub = 0.0005
2024-09-18 09:23:51,877 INFO =====> Epoch: 35
2024-09-18 09:23:51,877 INFO =====> EMD Loss: 31.926788330078125
2024-09-18 09:23:51,877 INFO =====> Height map loss: 34.91139602661133
2024-09-18 09:23:51,877 INFO =====> Grad: [4.3615028e-03 6.0014397e-02 1.3914323e-09 3.7096113e-01 1.3969839e-08]
2024-09-18 09:23:51,878 INFO =====> Skill params: [-0.4102204   0.01259223  0.79779184 -0.87985003  0.5107776 ]
2024-09-18 09:23:51,878 INFO =====> Num. aborted data so far: 0
2024-09-18 09:23:52,287 INFO ===> New TaichiEnv created.
2024-09-18 09:23:52,287 INFO ===> Specifications: horizon = 600, dt = 0.01, n_substeps = 20, dt_sub = 0.0005
2024-09-18 09:24:17,705 INFO =====> Epoch: 36
2024-09-18 09:24:17,705 INFO =====> EMD Loss: 32.46662139892578
2024-09-18 09:24:17,705 INFO =====> Height map loss: 35.50194549560547
2024-09-18 09:24:17,706 INFO =====> Grad: [-3.5435352e-01  2.7778308e+00  8.9135725e-08  4.1190681e+00
 -5.2154064e-08]
2024-09-18 09:24:17,706 INFO =====> Skill params: [-0.40247932  0.01439033  0.7969463  -0.89015585  0.4980803 ]
2024-09-18 09:24:17,706 INFO =====> Num. aborted data so far: 0
2024-09-18 09:24:18,036 INFO ===> New TaichiEnv created.
2024-09-18 09:24:18,036 INFO ===> Specifications: horizon = 600, dt = 0.01, n_substeps = 20, dt_sub = 0.0005
2024-09-18 09:24:43,459 INFO =====> Epoch: 37
2024-09-18 09:24:43,459 INFO =====> EMD Loss: 32.59469223022461
2024-09-18 09:24:43,459 INFO =====> Height map loss: 35.78831100463867
2024-09-18 09:24:43,459 INFO =====> Grad: [ 8.7430896e-03  7.5988218e-02  8.9473051e-10  3.7822446e-01
 -3.2596290e-08]
2024-09-18 09:24:43,459 INFO =====> Skill params: [-0.39548308  0.01595357  0.79613113 -0.8997226   0.48963484]
2024-09-18 09:24:43,459 INFO =====> Num. aborted data so far: 0
2024-09-18 09:24:43,801 INFO ===> New TaichiEnv created.
2024-09-18 09:24:43,801 INFO ===> Specifications: horizon = 600, dt = 0.01, n_substeps = 20, dt_sub = 0.0005
2024-09-18 09:25:08,554 INFO =====> Epoch: 38
2024-09-18 09:25:08,554 INFO =====> EMD Loss: 32.491661071777344
2024-09-18 09:25:08,554 INFO =====> Height map loss: 35.127685546875
2024-09-18 09:25:08,554 INFO =====> Grad: [-4.8363182e-01  2.8121607e+00 -3.0320667e-08  4.2489080e+00
  1.9371510e-07]
2024-09-18 09:25:08,554 INFO =====> Skill params: [-0.38647202  0.0146287   0.79700017 -0.9099928   0.46387607]
2024-09-18 09:25:08,554 INFO =====> Num. aborted data so far: 0
2024-09-18 09:25:08,896 INFO ===> New TaichiEnv created.
2024-09-18 09:25:08,896 INFO ===> Specifications: horizon = 600, dt = 0.01, n_substeps = 20, dt_sub = 0.0005
2024-09-18 09:25:35,352 INFO =====> Epoch: 39
2024-09-18 09:25:35,353 INFO =====> EMD Loss: 32.655006408691406
2024-09-18 09:25:35,353 INFO =====> Height map loss: 35.49107360839844
2024-09-18 09:25:35,353 INFO =====> Grad: [ 9.6377656e-03  1.0124400e-01  4.2783599e-10  3.8946325e-01
 -1.0244548e-08]
2024-09-18 09:25:35,353 INFO =====> Skill params: [-0.37832692  0.01332335  0.7977665  -0.91952413  0.44142538]
2024-09-18 09:25:35,353 INFO =====> Num. aborted data so far: 0
2024-09-18 09:25:35,688 INFO ===> New TaichiEnv created.
2024-09-18 09:25:35,688 INFO ===> Specifications: horizon = 600, dt = 0.01, n_substeps = 20, dt_sub = 0.0005
2024-09-18 09:26:01,435 INFO =====> Epoch: 40
2024-09-18 09:26:01,436 INFO =====> EMD Loss: 32.42881393432617
2024-09-18 09:26:01,436 INFO =====> Height map loss: 35.004268646240234
2024-09-18 09:26:01,436 INFO =====> Grad: [ 8.4705250e-03  6.3543648e-02 -6.5481052e-09  3.9174470e-01
 -5.5879354e-09]
2024-09-18 09:26:01,436 INFO =====> Skill params: [-0.37096477  0.01207229  0.79881525 -0.9283851   0.42154768]
2024-09-18 09:26:01,436 INFO =====> Num. aborted data so far: 0
2024-09-18 09:26:01,781 INFO ===> New TaichiEnv created.
2024-09-18 09:26:01,781 INFO ===> Specifications: horizon = 600, dt = 0.01, n_substeps = 20, dt_sub = 0.0005
2024-09-18 09:26:26,278 INFO =====> Epoch: 41
2024-09-18 09:26:26,278 INFO =====> EMD Loss: 32.398406982421875
2024-09-18 09:26:26,278 INFO =====> Height map loss: 34.973934173583984
2024-09-18 09:26:26,278 INFO =====> Grad: [-3.8344371e-01  2.7529626e+00 -5.6094748e-08  4.3252954e+00
 -4.4703484e-08]
2024-09-18 09:26:26,278 INFO =====> Skill params: [-0.36210632  0.00820683  0.80276    -0.93806994  0.4078285 ]
2024-09-18 09:26:26,278 INFO =====> Num. aborted data so far: 0
2024-09-18 09:26:26,621 INFO ===> New TaichiEnv created.
2024-09-18 09:26:26,621 INFO ===> Specifications: horizon = 600, dt = 0.01, n_substeps = 20, dt_sub = 0.0005
2024-09-18 09:26:51,687 INFO =====> Epoch: 42
2024-09-18 09:26:51,687 INFO =====> EMD Loss: 32.50554275512695
2024-09-18 09:26:51,687 INFO =====> Height map loss: 34.962852478027344
2024-09-18 09:26:51,687 INFO =====> Grad: [ 5.7217772e-03  9.0387911e-02 -2.9263161e-09  3.9502516e-01
 -9.3132257e-10]
2024-09-18 09:26:51,687 INFO =====> Skill params: [-0.35408124  0.00459927  0.80649924 -0.9470642   0.39544797]
2024-09-18 09:26:51,687 INFO =====> Num. aborted data so far: 0
2024-09-18 09:26:52,022 INFO ===> New TaichiEnv created.
2024-09-18 09:26:52,022 INFO ===> Specifications: horizon = 600, dt = 0.01, n_substeps = 20, dt_sub = 0.0005
2024-09-18 09:27:16,962 INFO =====> Epoch: 43
2024-09-18 09:27:16,962 INFO =====> EMD Loss: 32.35951614379883
2024-09-18 09:27:16,962 INFO =====> Height map loss: 34.78460693359375
2024-09-18 09:27:16,962 INFO =====> Grad: [-1.5985797e-01  1.9140888e+00 -4.8587694e-09  4.3563733e+00
  2.9802322e-08]
2024-09-18 09:27:16,962 INFO =====> Skill params: [-3.4583959e-01 -6.0273102e-04  8.1015801e-01 -9.5685583e-01
  3.8125348e-01]
2024-09-18 09:27:16,962 INFO =====> Num. aborted data so far: 0
2024-09-18 09:27:17,307 INFO ===> New TaichiEnv created.
2024-09-18 09:27:17,307 INFO ===> Specifications: horizon = 600, dt = 0.01, n_substeps = 20, dt_sub = 0.0005
2024-09-18 09:27:42,375 INFO =====> Epoch: 44
2024-09-18 09:27:42,375 INFO =====> EMD Loss: 32.296016693115234
2024-09-18 09:27:42,375 INFO =====> Height map loss: 34.53257369995117
2024-09-18 09:27:42,375 INFO =====> Grad: [-4.2562492e-04 -3.8430777e-01 -5.6523408e-09  4.0318573e-01
  5.5879354e-09]
2024-09-18 09:27:42,375 INFO =====> Skill params: [-0.33834115 -0.00494035  0.813789   -0.9659437   0.36779556]
2024-09-18 09:27:42,375 INFO =====> Num. aborted data so far: 0
2024-09-18 09:27:42,716 INFO ===> New TaichiEnv created.
2024-09-18 09:27:42,716 INFO ===> Specifications: horizon = 600, dt = 0.01, n_substeps = 20, dt_sub = 0.0005
2024-09-18 09:28:07,630 INFO =====> Epoch: 45
2024-09-18 09:28:07,630 INFO =====> EMD Loss: 32.08517837524414
2024-09-18 09:28:07,630 INFO =====> Height map loss: 34.333675384521484
2024-09-18 09:28:07,631 INFO =====> Grad: [ 1.7171615e-01 -7.0715132e+00  1.5984742e-07  4.4417996e+00
 -3.2782555e-07]
2024-09-18 09:28:07,631 INFO =====> Skill params: [-0.33259368 -0.00178145  0.808773   -0.9758234   0.387521  ]
2024-09-18 09:28:07,631 INFO =====> Num. aborted data so far: 0
2024-09-18 09:28:07,967 INFO ===> New TaichiEnv created.
2024-09-18 09:28:07,967 INFO ===> Specifications: horizon = 600, dt = 0.01, n_substeps = 20, dt_sub = 0.0005
2024-09-18 09:28:32,772 INFO =====> Epoch: 46
2024-09-18 09:28:32,773 INFO =====> EMD Loss: 31.91777801513672
2024-09-18 09:28:32,773 INFO =====> Height map loss: 34.03532791137695
2024-09-18 09:28:32,773 INFO =====> Grad: [ 6.4163789e-02 -7.5706701e+00 -1.1838807e-08  4.5844345e+00
  1.0430813e-07]
2024-09-18 09:28:32,773 INFO =====> Skill params: [-0.32776657  0.00790344  0.804819   -0.986396    0.39534453]
2024-09-18 09:28:32,773 INFO =====> Num. aborted data so far: 0
2024-09-18 09:28:33,120 INFO ===> New TaichiEnv created.
2024-09-18 09:28:33,121 INFO ===> Specifications: horizon = 600, dt = 0.01, n_substeps = 20, dt_sub = 0.0005
2024-09-18 09:28:58,135 INFO =====> Epoch: 47
2024-09-18 09:28:58,135 INFO =====> EMD Loss: 31.817276000976562
2024-09-18 09:28:58,135 INFO =====> Height map loss: 34.31687545776367
2024-09-18 09:28:58,135 INFO =====> Grad: [-2.9422006e-01  2.2970521e+00 -1.6288912e-08  4.6659493e+00
  2.0116568e-07]
2024-09-18 09:28:58,135 INFO =====> Skill params: [-0.3215962   0.01453182  0.80206054 -0.99756247  0.38319838]
2024-09-18 09:28:58,135 INFO =====> Num. aborted data so far: 0
2024-09-18 09:28:58,475 INFO ===> New TaichiEnv created.
2024-09-18 09:28:58,475 INFO ===> Specifications: horizon = 600, dt = 0.01, n_substeps = 20, dt_sub = 0.0005
2024-09-18 09:29:23,368 INFO =====> Epoch: 48
2024-09-18 09:29:23,368 INFO =====> EMD Loss: 32.02555465698242
2024-09-18 09:29:23,368 INFO =====> Height map loss: 34.671573638916016
2024-09-18 09:29:23,368 INFO =====> Grad: [-5.6351078e-01  2.7791314e+00  1.3019925e-08  4.7506428e+00
  3.0547380e-07]
2024-09-18 09:29:23,368 INFO =====> Skill params: [-0.31274515  0.01792856  0.7988938  -1.          0.34445405]
2024-09-18 09:29:23,368 INFO =====> Num. aborted data so far: 0
2024-09-18 09:29:23,730 INFO ===> New TaichiEnv created.
2024-09-18 09:29:23,730 INFO ===> Specifications: horizon = 600, dt = 0.01, n_substeps = 20, dt_sub = 0.0005
2024-09-18 09:29:47,835 INFO =====> Epoch: 49
2024-09-18 09:29:47,835 INFO =====> EMD Loss: 31.854236602783203
2024-09-18 09:29:47,835 INFO =====> Height map loss: 34.35147476196289
2024-09-18 09:29:47,835 INFO =====> Grad: [-6.6896600e-01  3.5436320e+00 -8.6258339e-08  4.6307077e+00
 -2.3841858e-07]
2024-09-18 09:29:47,835 INFO =====> Skill params: [-0.3010932   0.01769396  0.8004242  -1.          0.33173147]
2024-09-18 09:29:47,835 INFO =====> Num. aborted data so far: 0
2024-09-18 09:29:48,188 INFO ===> New TaichiEnv created.
2024-09-18 09:29:48,188 INFO ===> Specifications: horizon = 600, dt = 0.01, n_substeps = 20, dt_sub = 0.0005
2024-09-18 09:30:13,188 INFO =====> Epoch: 50
2024-09-18 09:30:13,188 INFO =====> EMD Loss: 32.08769989013672
2024-09-18 09:30:13,188 INFO =====> Height map loss: 34.90166473388672
2024-09-18 09:30:13,189 INFO =====> Grad: [-7.1262443e-01  3.3605688e+00 -2.1232331e-09  4.5615926e+00
  4.4703484e-08]
2024-09-18 09:30:13,189 INFO =====> Skill params: [-0.28689665  0.01437245  0.80192    -1.          0.31609067]
2024-09-18 09:30:13,189 INFO =====> Num. aborted data so far: 0
2024-09-18 09:30:13,528 INFO ===> New TaichiEnv created.
2024-09-18 09:30:13,528 INFO ===> Specifications: horizon = 600, dt = 0.01, n_substeps = 20, dt_sub = 0.0005
2024-09-18 09:30:37,845 INFO =====> Epoch: 51
2024-09-18 09:30:37,845 INFO =====> EMD Loss: 31.627208709716797
2024-09-18 09:30:37,845 INFO =====> Height map loss: 34.02910614013672
2024-09-18 09:30:37,846 INFO =====> Grad: [-6.3661826e-01  2.8874240e+00 -7.2654842e-08  4.4924769e+00
  1.0430813e-07]
2024-09-18 09:30:37,846 INFO =====> Skill params: [-0.27086034  0.0087011   0.806893   -1.          0.29234797]
2024-09-18 09:30:37,846 INFO =====> Num. aborted data so far: 0
2024-09-18 09:30:38,274 INFO ===> New TaichiEnv created.
2024-09-18 09:30:38,274 INFO ===> Specifications: horizon = 600, dt = 0.01, n_substeps = 20, dt_sub = 0.0005
2024-09-18 09:31:02,811 INFO =====> Epoch: 52
2024-09-18 09:31:02,811 INFO =====> EMD Loss: 31.338905334472656
2024-09-18 09:31:02,811 INFO =====> Height map loss: 33.46038818359375
2024-09-18 09:31:02,811 INFO =====> Grad: [-3.8825241e-01  2.6495156e+00 -8.8413934e-09  4.4233627e+00
  3.4272671e-07]
2024-09-18 09:31:02,811 INFO =====> Skill params: [-0.25430125  0.00111893  0.8118485  -1.          0.24126707]
2024-09-18 09:31:02,812 INFO =====> Num. aborted data so far: 0
2024-09-18 09:31:03,156 INFO ===> New TaichiEnv created.
2024-09-18 09:31:03,156 INFO ===> Specifications: horizon = 600, dt = 0.01, n_substeps = 20, dt_sub = 0.0005
2024-09-18 09:31:28,177 INFO =====> Epoch: 53
2024-09-18 09:31:28,177 INFO =====> EMD Loss: 30.894996643066406
2024-09-18 09:31:28,177 INFO =====> Height map loss: 32.384220123291016
2024-09-18 09:31:28,177 INFO =====> Grad: [ 1.1937335e-03  1.4455932e-01 -7.0560335e-09  3.8955748e-01
 -1.3038516e-08]
2024-09-18 09:31:28,177 INFO =====> Skill params: [-0.23926668 -0.00590376  0.81670064 -1.          0.19606614]
2024-09-18 09:31:28,177 INFO =====> Num. aborted data so far: 0
2024-09-18 09:31:28,522 INFO ===> New TaichiEnv created.
2024-09-18 09:31:28,522 INFO ===> Specifications: horizon = 600, dt = 0.01, n_substeps = 20, dt_sub = 0.0005
2024-09-18 09:31:51,670 INFO =====> Epoch: 54
2024-09-18 09:31:51,670 INFO =====> EMD Loss: 30.657594680786133
2024-09-18 09:31:51,670 INFO =====> Height map loss: 32.40153503417969
2024-09-18 09:31:51,670 INFO =====> Grad: [-6.3643805e-03 -4.0970331e-01  2.7748426e-09  3.7070793e-01
 -5.5879354e-09]
2024-09-18 09:31:51,670 INFO =====> Skill params: [-0.22557612 -0.01189298  0.8209581  -1.          0.15554261]
2024-09-18 09:31:51,670 INFO =====> Num. aborted data so far: 0
2024-09-18 09:31:52,027 INFO ===> New TaichiEnv created.
2024-09-18 09:31:52,027 INFO ===> Specifications: horizon = 600, dt = 0.01, n_substeps = 20, dt_sub = 0.0005
2024-09-18 09:32:15,433 INFO =====> Epoch: 55
2024-09-18 09:32:15,433 INFO =====> EMD Loss: 30.601221084594727
2024-09-18 09:32:15,433 INFO =====> Height map loss: 32.26877975463867
2024-09-18 09:32:15,433 INFO =====> Grad: [ 6.7457885e-01 -7.2124939e+00  7.4787351e-08  3.9395571e+00
  2.6077032e-07]
2024-09-18 09:32:15,434 INFO =====> Skill params: [-0.21726565 -0.01050679  0.82095826 -1.          0.09641862]
2024-09-18 09:32:15,434 INFO =====> Num. aborted data so far: 0
2024-09-18 09:32:15,779 INFO ===> New TaichiEnv created.
2024-09-18 09:32:15,779 INFO ===> Specifications: horizon = 600, dt = 0.01, n_substeps = 20, dt_sub = 0.0005
2024-09-18 09:32:38,693 INFO =====> Epoch: 56
2024-09-18 09:32:38,693 INFO =====> EMD Loss: 30.455974578857422
2024-09-18 09:32:38,693 INFO =====> Height map loss: 32.53227615356445
2024-09-18 09:32:38,693 INFO =====> Grad: [-1.3799602e-02 -4.5018676e-01 -4.6393689e-09  3.3929199e-01
 -2.8871000e-08]
2024-09-18 09:32:38,693 INFO =====> Skill params: [-0.20964319 -0.00883405  0.8211953  -1.          0.04536987]
2024-09-18 09:32:38,693 INFO =====> Num. aborted data so far: 0
2024-09-18 09:32:39,127 INFO ===> New TaichiEnv created.
2024-09-18 09:32:39,127 INFO ===> Specifications: horizon = 600, dt = 0.01, n_substeps = 20, dt_sub = 0.0005
2024-09-18 09:33:02,022 INFO =====> Epoch: 57
2024-09-18 09:33:02,022 INFO =====> EMD Loss: 30.381505966186523
2024-09-18 09:33:02,022 INFO =====> Height map loss: 32.1284294128418
2024-09-18 09:33:02,022 INFO =====> Grad: [ 5.0824785e-01 -6.5746961e+00 -1.0049848e-07  3.5939820e+00
  7.4505806e-09]
2024-09-18 09:33:02,022 INFO =====> Skill params: [-0.20564836 -0.00147585  0.82641697 -1.         -0.00162374]
2024-09-18 09:33:02,022 INFO =====> Num. aborted data so far: 0
2024-09-18 09:33:02,368 INFO ===> New TaichiEnv created.
2024-09-18 09:33:02,368 INFO ===> Specifications: horizon = 600, dt = 0.01, n_substeps = 20, dt_sub = 0.0005
2024-09-18 09:33:24,792 INFO =====> Epoch: 58
2024-09-18 09:33:24,792 INFO =====> EMD Loss: 30.37095832824707
2024-09-18 09:33:24,792 INFO =====> Height map loss: 33.00370407104492
2024-09-18 09:33:24,792 INFO =====> Grad: [-1.8770663e-03 -4.0117154e-01  1.0684705e-08  3.0787611e-01
  4.6566129e-09]
2024-09-18 09:33:24,792 INFO =====> Skill params: [-0.2020116   0.0055653   0.8306118  -1.         -0.04468395]
2024-09-18 09:33:24,792 INFO =====> Num. aborted data so far: 0
2024-09-18 09:33:25,225 INFO ===> New TaichiEnv created.
2024-09-18 09:33:25,225 INFO ===> Specifications: horizon = 600, dt = 0.01, n_substeps = 20, dt_sub = 0.0005
2024-09-18 09:33:47,449 INFO =====> Epoch: 59
2024-09-18 09:33:47,449 INFO =====> EMD Loss: 30.43092918395996
2024-09-18 09:33:47,449 INFO =====> Height map loss: 33.55616760253906
2024-09-18 09:33:47,449 INFO =====> Grad: [ 7.2876541e-03  1.1381247e-01 -1.4552461e-09  2.9530972e-01
  3.0733645e-08]
2024-09-18 09:33:47,449 INFO =====> Skill params: [-0.19875163  0.01185235  0.8344873  -1.         -0.08655788]
2024-09-18 09:33:47,449 INFO =====> Num. aborted data so far: 0
2024-09-18 09:33:47,795 INFO ===> New TaichiEnv created.
2024-09-18 09:33:47,795 INFO ===> Specifications: horizon = 600, dt = 0.01, n_substeps = 20, dt_sub = 0.0005
2024-09-18 09:34:10,834 INFO =====> Epoch: 60
2024-09-18 09:34:10,834 INFO =====> EMD Loss: 30.385269165039062
2024-09-18 09:34:10,834 INFO =====> Height map loss: 33.45701599121094
2024-09-18 09:34:10,834 INFO =====> Grad: [-7.6446241e-01  3.3411696e+00 -1.9580433e-08  3.1101766e+00
 -2.9802322e-08]
2024-09-18 09:34:10,834 INFO =====> Skill params: [-0.19173795  0.01446428  0.8389915  -1.         -0.12176961]
2024-09-18 09:34:10,834 INFO =====> Num. aborted data so far: 0
2024-09-18 09:34:11,202 INFO ===> New TaichiEnv created.
2024-09-18 09:34:11,202 INFO ===> Specifications: horizon = 600, dt = 0.01, n_substeps = 20, dt_sub = 0.0005
2024-09-18 09:34:33,603 INFO =====> Epoch: 61
2024-09-18 09:34:33,603 INFO =====> EMD Loss: 30.286394119262695
2024-09-18 09:34:33,603 INFO =====> Height map loss: 33.556827545166016
2024-09-18 09:34:33,603 INFO =====> Grad: [-1.0037581e+00  3.7484462e+00  1.6289650e-07  2.9719467e+00
  1.3411045e-07]
2024-09-18 09:34:33,604 INFO =====> Skill params: [-0.18054378  0.01340255  0.8350236  -1.         -0.16594568]
2024-09-18 09:34:33,604 INFO =====> Num. aborted data so far: 0
2024-09-18 09:34:33,953 INFO ===> New TaichiEnv created.
2024-09-18 09:34:33,953 INFO ===> Specifications: horizon = 600, dt = 0.01, n_substeps = 20, dt_sub = 0.0005
2024-09-18 09:34:57,462 INFO =====> Epoch: 62
2024-09-18 09:34:57,462 INFO =====> EMD Loss: 30.05584716796875
2024-09-18 09:34:57,462 INFO =====> Height map loss: 33.40580749511719
2024-09-18 09:34:57,462 INFO =====> Grad: [ 1.8728577e-02  5.5010576e-02  1.7681057e-09  2.5761056e-01
 -3.7252903e-09]
2024-09-18 09:34:57,462 INFO =====> Skill params: [-0.17048496  0.01238883  0.83134323 -1.         -0.20565905]
2024-09-18 09:34:57,462 INFO =====> Num. aborted data so far: 0
2024-09-18 09:34:57,811 INFO ===> New TaichiEnv created.
2024-09-18 09:34:57,812 INFO ===> Specifications: horizon = 600, dt = 0.01, n_substeps = 20, dt_sub = 0.0005
2024-09-18 09:35:18,780 INFO =====> Epoch: 63
2024-09-18 09:35:18,780 INFO =====> EMD Loss: 29.929471969604492
2024-09-18 09:35:18,780 INFO =====> Height map loss: 33.584739685058594
2024-09-18 09:35:18,780 INFO =====> Grad: [ 1.9405773e-02  9.2559129e-02 -5.6202909e-10  2.4504422e-01
 -3.7252903e-09]
2024-09-18 09:35:18,780 INFO =====> Skill params: [-0.16146162  0.01138368  0.82803583 -1.         -0.2413189 ]
2024-09-18 09:35:18,780 INFO =====> Num. aborted data so far: 0
2024-09-18 09:35:19,141 INFO ===> New TaichiEnv created.
2024-09-18 09:35:19,141 INFO ===> Specifications: horizon = 600, dt = 0.01, n_substeps = 20, dt_sub = 0.0005
2024-09-18 09:35:40,379 INFO =====> Epoch: 64
2024-09-18 09:35:40,380 INFO =====> EMD Loss: 29.682510375976562
2024-09-18 09:35:40,380 INFO =====> Height map loss: 33.00996780395508
2024-09-18 09:35:40,380 INFO =====> Grad: [-9.5350659e-01  3.5690265e+00  3.2455503e-08  2.5572562e+00
 -8.9406967e-08]
2024-09-18 09:35:40,380 INFO =====> Skill params: [-0.14884394  0.00719037  0.8234723  -1.         -0.26510814]
2024-09-18 09:35:40,380 INFO =====> Num. aborted data so far: 0
2024-09-18 09:35:40,731 INFO ===> New TaichiEnv created.
2024-09-18 09:35:40,731 INFO ===> Specifications: horizon = 600, dt = 0.01, n_substeps = 20, dt_sub = 0.0005
2024-09-18 09:36:02,018 INFO =====> Epoch: 65
2024-09-18 09:36:02,018 INFO =====> EMD Loss: 29.667339324951172
2024-09-18 09:36:02,018 INFO =====> Height map loss: 32.770545959472656
2024-09-18 09:36:02,018 INFO =====> Grad: [-5.8958185e-01  3.3049469e+00 -3.4436134e-08  2.4881411e+00
 -7.4505806e-09]
2024-09-18 09:36:02,018 INFO =====> Skill params: [-1.3464478e-01  3.7188875e-04  8.2102752e-01 -1.0000000e+00
 -2.8596476e-01]
2024-09-18 09:36:02,018 INFO =====> Num. aborted data so far: 0
2024-09-18 09:36:02,378 INFO ===> New TaichiEnv created.
2024-09-18 09:36:02,378 INFO ===> Specifications: horizon = 600, dt = 0.01, n_substeps = 20, dt_sub = 0.0005
2024-09-18 09:36:23,421 INFO =====> Epoch: 66
2024-09-18 09:36:23,421 INFO =====> EMD Loss: 29.13833999633789
2024-09-18 09:36:23,421 INFO =====> Height map loss: 32.461891174316406
2024-09-18 09:36:23,421 INFO =====> Grad: [ 7.8680465e-04  1.8168196e-01 -2.3758653e-09  2.1991147e-01
  0.0000000e+00]
2024-09-18 09:36:23,421 INFO =====> Skill params: [-0.12177102 -0.0059806   0.81892955 -1.         -0.304871  ]
2024-09-18 09:36:23,421 INFO =====> Num. aborted data so far: 0
2024-09-18 09:36:23,782 INFO ===> New TaichiEnv created.
2024-09-18 09:36:23,782 INFO ===> Specifications: horizon = 600, dt = 0.01, n_substeps = 20, dt_sub = 0.0005
2024-09-18 09:36:44,425 INFO =====> Epoch: 67
2024-09-18 09:36:44,425 INFO =====> EMD Loss: 28.903076171875
2024-09-18 09:36:44,425 INFO =====> Height map loss: 31.922779083251953
2024-09-18 09:36:44,425 INFO =====> Grad: [-1.5555263e-02 -4.8314336e-01  6.0395196e-09  2.1362829e-01
  4.6566129e-09]
2024-09-18 09:36:44,425 INFO =====> Skill params: [-0.11001763 -0.01128832  0.8167317  -1.         -0.3224574 ]
2024-09-18 09:36:44,425 INFO =====> Num. aborted data so far: 0
2024-09-18 09:36:44,866 INFO ===> New TaichiEnv created.
2024-09-18 09:36:44,866 INFO ===> Specifications: horizon = 600, dt = 0.01, n_substeps = 20, dt_sub = 0.0005
2024-09-18 09:37:06,013 INFO =====> Epoch: 68
2024-09-18 09:37:06,013 INFO =====> EMD Loss: 28.600740432739258
2024-09-18 09:37:06,013 INFO =====> Height map loss: 31.328371047973633
2024-09-18 09:37:06,013 INFO =====> Grad: [-2.8877251e-02 -4.9740386e-01 -5.1089386e-09  2.0734510e-01
 -1.9092113e-08]
2024-09-18 09:37:06,013 INFO =====> Skill params: [-0.0992128  -0.01563146  0.81499493 -1.         -0.33653662]
2024-09-18 09:37:06,013 INFO =====> Num. aborted data so far: 0
2024-09-18 09:37:06,362 INFO ===> New TaichiEnv created.
2024-09-18 09:37:06,362 INFO ===> Specifications: horizon = 600, dt = 0.01, n_substeps = 20, dt_sub = 0.0005
2024-09-18 09:37:26,465 INFO =====> Epoch: 69
2024-09-18 09:37:26,465 INFO =====> EMD Loss: 28.17706871032715
2024-09-18 09:37:26,465 INFO =====> Height map loss: 30.645723342895508
2024-09-18 09:37:26,465 INFO =====> Grad: [ 2.2920394e+00 -4.4566350e+00 -4.0580744e-08  2.2807963e+00
 -2.3841858e-07]
2024-09-18 09:37:26,465 INFO =====> Skill params: [-0.10085759 -0.0153424   0.8154466  -1.         -0.32613522]
2024-09-18 09:37:26,465 INFO =====> Num. aborted data so far: 0
2024-09-18 09:37:26,826 INFO ===> New TaichiEnv created.
2024-09-18 09:37:26,826 INFO ===> Specifications: horizon = 600, dt = 0.01, n_substeps = 20, dt_sub = 0.0005
2024-09-18 09:37:47,803 INFO =====> Epoch: 70
2024-09-18 09:37:47,803 INFO =====> EMD Loss: 28.493682861328125
2024-09-18 09:37:47,803 INFO =====> Height map loss: 31.234447479248047
2024-09-18 09:37:47,803 INFO =====> Grad: [-4.6958733e-02 -5.7295626e-01  3.2949212e-09  2.0734510e-01
  3.7252903e-09]
2024-09-18 09:37:47,803 INFO =====> Skill params: [-0.10215048 -0.01454047  0.81569076 -1.         -0.31707066]
2024-09-18 09:37:47,803 INFO =====> Num. aborted data so far: 0
2024-09-18 09:37:48,157 INFO ===> New TaichiEnv created.
2024-09-18 09:37:48,157 INFO ===> Specifications: horizon = 600, dt = 0.01, n_substeps = 20, dt_sub = 0.0005
2024-09-18 09:38:08,153 INFO =====> Epoch: 71
2024-09-18 09:38:08,153 INFO =====> EMD Loss: 28.374914169311523
2024-09-18 09:38:08,153 INFO =====> Height map loss: 31.031118392944336
2024-09-18 09:38:08,154 INFO =====> Grad: [ 2.0083754e+00 -4.7579546e+00  1.8966489e-08  2.3499112e+00
 -4.3958426e-07]
2024-09-18 09:38:08,154 INFO =====> Skill params: [-0.11079229 -0.00938082  0.8149578  -1.         -0.26894024]
2024-09-18 09:38:08,154 INFO =====> Num. aborted data so far: 0
2024-09-18 09:38:08,514 INFO ===> New TaichiEnv created.
2024-09-18 09:38:08,514 INFO ===> Specifications: horizon = 600, dt = 0.01, n_substeps = 20, dt_sub = 0.0005
2024-09-18 09:38:29,434 INFO =====> Epoch: 72
2024-09-18 09:38:29,434 INFO =====> EMD Loss: 28.452003479003906
2024-09-18 09:38:29,434 INFO =====> Height map loss: 30.929887771606445
2024-09-18 09:38:29,434 INFO =====> Grad: [ 1.1044579e+00 -5.9913712e+00  3.3507675e-08  2.4881415e+00
 -1.5646219e-07]
2024-09-18 09:38:29,434 INFO =====> Skill params: [-1.2247248e-01  6.8329182e-04  8.1260562e-01 -1.0000000e+00
 -2.1126637e-01]
2024-09-18 09:38:29,434 INFO =====> Num. aborted data so far: 0
2024-09-18 09:38:29,786 INFO ===> New TaichiEnv created.
2024-09-18 09:38:29,786 INFO ===> Specifications: horizon = 600, dt = 0.01, n_substeps = 20, dt_sub = 0.0005
2024-09-18 09:38:50,978 INFO =====> Epoch: 73
2024-09-18 09:38:50,978 INFO =====> EMD Loss: 29.311981201171875
2024-09-18 09:38:50,978 INFO =====> Height map loss: 31.706289291381836
2024-09-18 09:38:50,978 INFO =====> Grad: [-8.2577944e-02  3.2104301e-01  6.2593571e-08  2.6954868e+00
  5.9604645e-08]
2024-09-18 09:38:50,978 INFO =====> Skill params: [-0.13274954  0.00950731  0.8073495  -1.         -0.16457498]
2024-09-18 09:38:50,978 INFO =====> Num. aborted data so far: 0
2024-09-18 09:38:51,338 INFO ===> New TaichiEnv created.
2024-09-18 09:38:51,338 INFO ===> Specifications: horizon = 600, dt = 0.01, n_substeps = 20, dt_sub = 0.0005
2024-09-18 09:39:12,857 INFO =====> Epoch: 74
2024-09-18 09:39:12,857 INFO =====> EMD Loss: 29.471914291381836
2024-09-18 09:39:12,857 INFO =====> Height map loss: 31.9444580078125
2024-09-18 09:39:12,857 INFO =====> Grad: [-9.8067480e-01  3.6299396e+00 -2.7509302e-08  2.8337164e+00
  1.1175871e-07]
2024-09-18 09:39:12,857 INFO =====> Skill params: [-0.13826117  0.01408526  0.8039886  -1.         -0.13278039]
2024-09-18 09:39:12,857 INFO =====> Num. aborted data so far: 0
2024-09-18 09:39:13,205 INFO ===> New TaichiEnv created.
2024-09-18 09:39:13,206 INFO ===> Specifications: horizon = 600, dt = 0.01, n_substeps = 20, dt_sub = 0.0005
2024-09-18 09:39:34,660 INFO =====> Epoch: 75
2024-09-18 09:39:34,660 INFO =====> EMD Loss: 30.161542892456055
2024-09-18 09:39:34,660 INFO =====> Height map loss: 32.625282287597656
2024-09-18 09:39:34,660 INFO =====> Grad: [ 2.7921682e-02  8.6391993e-02 -5.2865210e-09  2.7017695e-01
 -1.3969839e-08]
2024-09-18 09:39:34,660 INFO =====> Skill params: [-0.14335854  0.01815339  0.80121505 -1.         -0.10268039]
2024-09-18 09:39:34,660 INFO =====> Num. aborted data so far: 0
2024-09-18 09:39:35,020 INFO ===> New TaichiEnv created.
2024-09-18 09:39:35,020 INFO ===> Specifications: horizon = 600, dt = 0.01, n_substeps = 20, dt_sub = 0.0005
2024-09-18 09:39:57,148 INFO =====> Epoch: 76
2024-09-18 09:39:57,148 INFO =====> EMD Loss: 30.12447738647461
2024-09-18 09:39:57,148 INFO =====> Height map loss: 32.63241958618164
2024-09-18 09:39:57,148 INFO =====> Grad: [-1.6112628e+00  5.9756212e+00  4.6295071e-08  3.0410616e+00
 -1.4901161e-08]
2024-09-18 09:39:57,148 INFO =====> Skill params: [-0.14207037  0.0162929   0.7963663  -1.         -0.07402208]
2024-09-18 09:39:57,148 INFO =====> Num. aborted data so far: 0
2024-09-18 09:39:57,499 INFO ===> New TaichiEnv created.
2024-09-18 09:39:57,499 INFO ===> Specifications: horizon = 600, dt = 0.01, n_substeps = 20, dt_sub = 0.0005
2024-09-18 09:40:19,192 INFO =====> Epoch: 77
2024-09-18 09:40:19,193 INFO =====> EMD Loss: 30.087486267089844
2024-09-18 09:40:19,193 INFO =====> Height map loss: 32.41230392456055
2024-09-18 09:40:19,193 INFO =====> Grad: [3.0553767e-02 6.6004187e-02 1.3484445e-09 2.8902650e-01 3.1664968e-08]
2024-09-18 09:40:19,193 INFO =====> Skill params: [-0.14101115  0.0145465   0.7919093  -1.         -0.05106344]
2024-09-18 09:40:19,193 INFO =====> Num. aborted data so far: 0
2024-09-18 09:40:19,569 INFO ===> New TaichiEnv created.
2024-09-18 09:40:19,569 INFO ===> Specifications: horizon = 600, dt = 0.01, n_substeps = 20, dt_sub = 0.0005
2024-09-18 09:40:41,620 INFO =====> Epoch: 78
2024-09-18 09:40:41,621 INFO =====> EMD Loss: 30.030479431152344
2024-09-18 09:40:41,621 INFO =====> Height map loss: 32.125972747802734
2024-09-18 09:40:41,621 INFO =====> Grad: [-1.3329989e+00  5.1390209e+00  1.4475773e-07  3.2484066e+00
  5.9604645e-08]
2024-09-18 09:40:41,621 INFO =====> Skill params: [-0.13551311  0.00830569  0.7809615  -1.         -0.03594771]
2024-09-18 09:40:41,621 INFO =====> Num. aborted data so far: 0
2024-09-18 09:40:41,973 INFO ===> New TaichiEnv created.
2024-09-18 09:40:41,973 INFO ===> Specifications: horizon = 600, dt = 0.01, n_substeps = 20, dt_sub = 0.0005
2024-09-18 09:41:04,605 INFO =====> Epoch: 79
2024-09-18 09:41:04,605 INFO =====> EMD Loss: 30.0063533782959
2024-09-18 09:41:04,605 INFO =====> Height map loss: 31.6314640045166
2024-09-18 09:41:04,605 INFO =====> Grad: [1.7221574e-02 1.3707326e-01 3.2241192e-09 3.0159289e-01 4.6566129e-09]
2024-09-18 09:41:04,605 INFO =====> Skill params: [-0.13059199  0.00252653  0.770896   -1.         -0.02270479]
2024-09-18 09:41:04,605 INFO =====> Num. aborted data so far: 0
2024-09-18 09:41:04,978 INFO ===> New TaichiEnv created.
2024-09-18 09:41:04,978 INFO ===> Specifications: horizon = 600, dt = 0.01, n_substeps = 20, dt_sub = 0.0005
2024-09-18 09:41:26,522 INFO =====> Epoch: 80
2024-09-18 09:41:26,522 INFO =====> EMD Loss: 29.56985855102539
2024-09-18 09:41:26,522 INFO =====> Height map loss: 30.70785140991211
2024-09-18 09:41:26,522 INFO =====> Grad: [-2.6870146e-01  1.4817086e+00 -7.7066851e-09  3.3175216e+00
  5.9604645e-08]
2024-09-18 09:41:26,522 INFO =====> Skill params: [-0.12520826 -0.00406771  0.7621712  -1.         -0.01644365]
2024-09-18 09:41:26,522 INFO =====> Num. aborted data so far: 0
2024-09-18 09:41:26,881 INFO ===> New TaichiEnv created.
2024-09-18 09:41:26,881 INFO ===> Specifications: horizon = 600, dt = 0.01, n_substeps = 20, dt_sub = 0.0005
2024-09-18 09:41:49,320 INFO =====> Epoch: 81
2024-09-18 09:41:49,320 INFO =====> EMD Loss: 29.510374069213867
2024-09-18 09:41:49,320 INFO =====> Height map loss: 30.63251495361328
2024-09-18 09:41:49,320 INFO =====> Grad: [-9.9886199e-03 -4.5333573e-01  3.2567011e-09  3.0787605e-01
  5.5879354e-09]
2024-09-18 09:41:49,320 INFO =====> Skill params: [-0.12029707 -0.00961904  0.75411505 -1.         -0.01131422]
2024-09-18 09:41:49,320 INFO =====> Num. aborted data so far: 0
2024-09-18 09:41:49,678 INFO ===> New TaichiEnv created.
2024-09-18 09:41:49,678 INFO ===> Specifications: horizon = 600, dt = 0.01, n_substeps = 20, dt_sub = 0.0005
2024-09-18 09:42:11,179 INFO =====> Epoch: 82
2024-09-18 09:42:11,179 INFO =====> EMD Loss: 29.314971923828125
2024-09-18 09:42:11,179 INFO =====> Height map loss: 30.305925369262695
2024-09-18 09:42:11,179 INFO =====> Grad: [-2.5721990e-02 -5.1074988e-01 -5.3419331e-09  3.0787605e-01
 -2.8871000e-08]
2024-09-18 09:42:11,179 INFO =====> Skill params: [-0.11575876 -0.01416915  0.7470943  -1.         -0.00386975]
2024-09-18 09:42:11,179 INFO =====> Num. aborted data so far: 0
2024-09-18 09:42:11,546 INFO ===> New TaichiEnv created.
2024-09-18 09:42:11,547 INFO ===> Specifications: horizon = 600, dt = 0.01, n_substeps = 20, dt_sub = 0.0005
2024-09-18 09:42:34,266 INFO =====> Epoch: 83
2024-09-18 09:42:34,266 INFO =====> EMD Loss: 28.906089782714844
2024-09-18 09:42:34,266 INFO =====> Height map loss: 29.835250854492188
2024-09-18 09:42:34,266 INFO =====> Grad: [ 1.5263394e+00 -3.9465113e+00 -1.3010131e-07  3.3866365e+00
 -2.9057264e-07]
2024-09-18 09:42:34,266 INFO =====> Skill params: [-0.11699123 -0.01457832  0.74728465 -1.          0.03042945]
2024-09-18 09:42:34,266 INFO =====> Num. aborted data so far: 0
2024-09-18 09:42:34,618 INFO ===> New TaichiEnv created.
2024-09-18 09:42:34,618 INFO ===> Specifications: horizon = 600, dt = 0.01, n_substeps = 20, dt_sub = 0.0005
2024-09-18 09:42:56,065 INFO =====> Epoch: 84
2024-09-18 09:42:56,065 INFO =====> EMD Loss: 29.046550750732422
2024-09-18 09:42:56,066 INFO =====> Height map loss: 29.729143142700195
2024-09-18 09:42:56,066 INFO =====> Grad: [-4.1429855e-02 -5.6575966e-01 -7.1890547e-09  3.2044244e-01
 -6.5192580e-09]
2024-09-18 09:42:56,066 INFO =====> Skill params: [-0.11796612 -0.01441908  0.74780834 -1.          0.06210216]
2024-09-18 09:42:56,066 INFO =====> Num. aborted data so far: 0
2024-09-18 09:42:56,421 INFO ===> New TaichiEnv created.
2024-09-18 09:42:56,422 INFO ===> Specifications: horizon = 600, dt = 0.01, n_substeps = 20, dt_sub = 0.0005
2024-09-18 09:43:18,999 INFO =====> Epoch: 85
2024-09-18 09:43:18,999 INFO =====> EMD Loss: 28.927698135375977
2024-09-18 09:43:18,999 INFO =====> Height map loss: 29.439226150512695
2024-09-18 09:43:19,000 INFO =====> Grad: [-4.0287830e-02 -5.6014031e-01  1.1437535e-08  3.3300883e-01
  1.1175871e-08]
2024-09-18 09:43:19,000 INFO =====> Skill params: [-0.11871075 -0.01374737  0.74772006 -1.          0.08969134]
2024-09-18 09:43:19,000 INFO =====> Num. aborted data so far: 0
2024-09-18 09:43:19,351 INFO ===> New TaichiEnv created.
2024-09-18 09:43:19,351 INFO ===> Specifications: horizon = 600, dt = 0.01, n_substeps = 20, dt_sub = 0.0005
2024-09-18 09:43:41,755 INFO =====> Epoch: 86
2024-09-18 09:43:41,756 INFO =====> EMD Loss: 29.139989852905273
2024-09-18 09:43:41,756 INFO =====> Height map loss: 29.67928123474121
2024-09-18 09:43:41,756 INFO =====> Grad: [ 1.7579960e+00 -6.9880629e+00  3.0072567e-08  3.7322121e+00
 -2.9802322e-08]
2024-09-18 09:43:41,756 INFO =====> Skill params: [-0.1251043  -0.00672036  0.7461581  -1.          0.11754661]
2024-09-18 09:43:41,756 INFO =====> Num. aborted data so far: 0
2024-09-18 09:43:42,118 INFO ===> New TaichiEnv created.
2024-09-18 09:43:42,118 INFO ===> Specifications: horizon = 600, dt = 0.01, n_substeps = 20, dt_sub = 0.0005
2024-09-18 09:44:04,990 INFO =====> Epoch: 87
2024-09-18 09:44:04,990 INFO =====> EMD Loss: 29.421480178833008
2024-09-18 09:44:04,990 INFO =====> Height map loss: 29.83116340637207
2024-09-18 09:44:04,990 INFO =====> Grad: [-1.6565662e-02 -4.7349873e-01 -2.3495113e-09  3.4557518e-01
  9.3132257e-10]
2024-09-18 09:44:04,990 INFO =====> Skill params: [-1.3083830e-01  7.9570804e-05  7.4486178e-01 -1.0000000e+00
  1.4266557e-01]
2024-09-18 09:44:04,990 INFO =====> Num. aborted data so far: 0
2024-09-18 09:44:05,344 INFO ===> New TaichiEnv created.
2024-09-18 09:44:05,344 INFO ===> Specifications: horizon = 600, dt = 0.01, n_substeps = 20, dt_sub = 0.0005
2024-09-18 09:44:28,512 INFO =====> Epoch: 88
2024-09-18 09:44:28,512 INFO =====> EMD Loss: 29.76991844177246
2024-09-18 09:44:28,512 INFO =====> Height map loss: 29.933725357055664
2024-09-18 09:44:28,512 INFO =====> Grad: [ 1.7837381e-04  2.1235867e-01 -1.9273205e-09  3.5814154e-01
 -3.0733645e-08]
2024-09-18 09:44:28,512 INFO =====> Skill params: [-0.13603002  0.00603765  0.74378526 -1.          0.1684052 ]
2024-09-18 09:44:28,512 INFO =====> Num. aborted data so far: 0
2024-09-18 09:44:28,934 INFO ===> New TaichiEnv created.
2024-09-18 09:44:28,934 INFO ===> Specifications: horizon = 600, dt = 0.01, n_substeps = 20, dt_sub = 0.0005
2024-09-18 09:44:51,796 INFO =====> Epoch: 89
2024-09-18 09:44:51,796 INFO =====> EMD Loss: 30.227962493896484
2024-09-18 09:44:51,796 INFO =====> Height map loss: 30.560096740722656
2024-09-18 09:44:51,796 INFO =====> Grad: [1.2450342e-02 1.4750658e-01 3.6332937e-10 3.6442474e-01 3.7252903e-09]
2024-09-18 09:44:51,797 INFO =====> Skill params: [-0.14077134  0.01129296  0.7427935  -1.          0.19133012]
2024-09-18 09:44:51,797 INFO =====> Num. aborted data so far: 0
2024-09-18 09:44:52,151 INFO ===> New TaichiEnv created.
2024-09-18 09:44:52,151 INFO ===> Specifications: horizon = 600, dt = 0.01, n_substeps = 20, dt_sub = 0.0005
2024-09-18 09:45:15,817 INFO =====> Epoch: 90
2024-09-18 09:45:15,817 INFO =====> EMD Loss: 30.274843215942383
2024-09-18 09:45:15,817 INFO =====> Height map loss: 30.88091468811035
2024-09-18 09:45:15,818 INFO =====> Grad: [-1.0371413e+00  4.2757721e+00 -4.2467605e-08  4.0777864e+00
 -2.2351742e-07]
2024-09-18 09:45:15,818 INFO =====> Skill params: [-0.14157449  0.01201202  0.7440267  -1.          0.23366486]
2024-09-18 09:45:15,818 INFO =====> Num. aborted data so far: 0
2024-09-18 09:45:16,200 INFO ===> New TaichiEnv created.
2024-09-18 09:45:16,201 INFO ===> Specifications: horizon = 600, dt = 0.01, n_substeps = 20, dt_sub = 0.0005
2024-09-18 09:45:39,723 INFO =====> Epoch: 91
2024-09-18 09:45:39,723 INFO =====> EMD Loss: 30.126428604125977
2024-09-18 09:45:39,723 INFO =====> Height map loss: 30.403867721557617
2024-09-18 09:45:39,723 INFO =====> Grad: [-1.0909380e+00  4.4689503e+00 -4.9934393e-08  4.2160172e+00
 -8.9406967e-08]
2024-09-18 09:45:39,723 INFO =====> Skill params: [-0.1387396   0.00850795  0.7476375  -1.          0.28066412]
2024-09-18 09:45:39,723 INFO =====> Num. aborted data so far: 0
2024-09-18 09:45:40,077 INFO ===> New TaichiEnv created.
2024-09-18 09:45:40,077 INFO ===> Specifications: horizon = 600, dt = 0.01, n_substeps = 20, dt_sub = 0.0005
2024-09-18 09:46:04,264 INFO =====> Epoch: 92
2024-09-18 09:46:04,264 INFO =====> EMD Loss: 30.199909210205078
2024-09-18 09:46:04,264 INFO =====> Height map loss: 29.99590492248535
2024-09-18 09:46:04,264 INFO =====> Grad: [ 1.6833078e-02 -3.7943479e-02  3.8253534e-10  4.0212390e-01
 -1.9557774e-08]
2024-09-18 09:46:04,264 INFO =====> Skill params: [-0.13622883  0.00537183  0.75088334 -1.          0.32511252]
2024-09-18 09:46:04,264 INFO =====> Num. aborted data so far: 0
2024-09-18 09:46:04,618 INFO ===> New TaichiEnv created.
2024-09-18 09:46:04,618 INFO ===> Specifications: horizon = 600, dt = 0.01, n_substeps = 20, dt_sub = 0.0005
2024-09-18 09:46:28,069 INFO =====> Epoch: 93
2024-09-18 09:46:28,069 INFO =====> EMD Loss: 30.10854721069336
2024-09-18 09:46:28,069 INFO =====> Height map loss: 29.991640090942383
2024-09-18 09:46:28,069 INFO =====> Grad: [ 1.1052046e-02 -1.2707610e-02 -2.3952738e-09  4.1469023e-01
 -4.6566129e-09]
2024-09-18 09:46:28,069 INFO =====> Skill params: [-0.1339928   0.0025454   0.7539393  -1.          0.36578724]
2024-09-18 09:46:28,069 INFO =====> Num. aborted data so far: 0
2024-09-18 09:46:28,572 INFO ===> New TaichiEnv created.
2024-09-18 09:46:28,572 INFO ===> Specifications: horizon = 600, dt = 0.01, n_substeps = 20, dt_sub = 0.0005
2024-09-18 09:46:54,481 INFO =====> Epoch: 94
2024-09-18 09:46:54,482 INFO =====> EMD Loss: 29.81451416015625
2024-09-18 09:46:54,482 INFO =====> Height map loss: 29.615373611450195
2024-09-18 09:46:54,482 INFO =====> Grad: [ 5.4266560e-03  1.1638733e-02 -2.3804021e-09  4.2725655e-01
 -1.5832484e-08]
2024-09-18 09:46:54,482 INFO =====> Skill params: [-1.3198715e-01 -2.3493776e-05  7.5682318e-01 -1.0000000e+00
  4.0415990e-01]
2024-09-18 09:46:54,482 INFO =====> Num. aborted data so far: 0
2024-09-18 09:46:54,851 INFO ===> New TaichiEnv created.
2024-09-18 09:46:54,851 INFO ===> Specifications: horizon = 600, dt = 0.01, n_substeps = 20, dt_sub = 0.0005
2024-09-18 09:47:18,639 INFO =====> Epoch: 95
2024-09-18 09:47:18,640 INFO =====> EMD Loss: 29.53108024597168
2024-09-18 09:47:18,640 INFO =====> Height map loss: 29.177955627441406
2024-09-18 09:47:18,640 INFO =====> Grad: [ 2.4440233e-03 -3.0559692e+00 -4.5125834e-08  4.8380532e+00
  4.6566129e-10]
2024-09-18 09:47:18,640 INFO =====> Skill params: [-1.3018027e-01  5.4912694e-04  7.6171392e-01 -1.0000000e+00
  4.3882591e-01]
2024-09-18 09:47:18,640 INFO =====> Num. aborted data so far: 0
2024-09-18 09:47:19,150 INFO ===> New TaichiEnv created.
2024-09-18 09:47:19,150 INFO ===> Specifications: horizon = 600, dt = 0.01, n_substeps = 20, dt_sub = 0.0005
2024-09-18 09:47:42,793 INFO =====> Epoch: 96
2024-09-18 09:47:42,793 INFO =====> EMD Loss: 29.501251220703125
2024-09-18 09:47:42,793 INFO =====> Height map loss: 29.165597915649414
2024-09-18 09:47:42,793 INFO =====> Grad: [ 1.2427262e-03  3.9023530e-02 -9.6089270e-10  4.4610614e-01
 -6.9849193e-09]
2024-09-18 09:47:42,793 INFO =====> Skill params: [-0.12854938  0.00103024  0.7661845  -1.          0.4708867 ]
2024-09-18 09:47:42,793 INFO =====> Num. aborted data so far: 0
2024-09-18 09:47:43,148 INFO ===> New TaichiEnv created.
2024-09-18 09:47:43,148 INFO ===> Specifications: horizon = 600, dt = 0.01, n_substeps = 20, dt_sub = 0.0005
2024-09-18 09:48:07,504 INFO =====> Epoch: 97
2024-09-18 09:48:07,504 INFO =====> EMD Loss: 29.576091766357422
2024-09-18 09:48:07,504 INFO =====> Height map loss: 29.309749603271484
2024-09-18 09:48:07,504 INFO =====> Grad: [ 2.3901470e-03  4.2721655e-02 -3.7467665e-09  4.5867252e-01
  1.3969839e-09]
2024-09-18 09:48:07,504 INFO =====> Skill params: [-0.12708169  0.00142481  0.77041805 -1.          0.4997452 ]
2024-09-18 09:48:07,504 INFO =====> Num. aborted data so far: 0
2024-09-18 09:48:07,866 INFO ===> New TaichiEnv created.
2024-09-18 09:48:07,866 INFO ===> Specifications: horizon = 600, dt = 0.01, n_substeps = 20, dt_sub = 0.0005
2024-09-18 09:48:31,772 INFO =====> Epoch: 98
2024-09-18 09:48:31,772 INFO =====> EMD Loss: 29.57181167602539
2024-09-18 09:48:31,772 INFO =====> Height map loss: 29.377307891845703
2024-09-18 09:48:31,772 INFO =====> Grad: [-1.59966663e-01 -2.85632610e+00 -1.15592584e-07  5.11451292e+00
 -8.84756446e-09]
2024-09-18 09:48:31,772 INFO =====> Skill params: [-0.12521371  0.00450912  0.7799618  -1.          0.52674633]
2024-09-18 09:48:31,772 INFO =====> Num. aborted data so far: 0
2024-09-18 09:48:32,137 INFO ===> New TaichiEnv created.
2024-09-18 09:48:32,137 INFO ===> Specifications: horizon = 600, dt = 0.01, n_substeps = 20, dt_sub = 0.0005
2024-09-18 09:48:56,731 INFO =====> Epoch: 99
2024-09-18 09:48:56,731 INFO =====> EMD Loss: 29.675626754760742
2024-09-18 09:48:56,731 INFO =====> Height map loss: 29.632259368896484
2024-09-18 09:48:56,731 INFO =====> Grad: [-5.2205831e-01 -1.9882343e+00  1.4166466e-07  5.2527423e+00
 -4.6566129e-10]
2024-09-18 09:48:56,731 INFO =====> Skill params: [-0.12176451  0.0091993   0.7813878  -1.          0.55121475]
2024-09-18 09:48:56,731 INFO =====> Num. aborted data so far: 0
2024-09-18 09:48:57,097 INFO ===> New TaichiEnv created.
2024-09-18 09:48:57,097 INFO ===> Specifications: horizon = 600, dt = 0.01, n_substeps = 20, dt_sub = 0.0005
2024-09-18 09:49:22,028 INFO =====> Epoch: 100
2024-09-18 09:49:22,028 INFO =====> EMD Loss: 29.761777877807617
2024-09-18 09:49:22,028 INFO =====> Height map loss: 29.62571144104004
2024-09-18 09:49:22,028 INFO =====> Grad: [ 2.36167368e-02  1.19674485e-02 -2.34123698e-09  4.83805239e-01
 -4.65661287e-10]
2024-09-18 09:49:22,029 INFO =====> Skill params: [-0.11872429  0.01343105  0.78279144 -1.          0.5733917 ]
2024-09-18 09:49:22,029 INFO =====> Num. aborted data so far: 0
2024-09-18 09:49:22,395 INFO ===> New TaichiEnv created.
2024-09-18 09:49:22,395 INFO ===> Specifications: horizon = 600, dt = 0.01, n_substeps = 20, dt_sub = 0.0005
2024-09-18 09:49:46,629 INFO =====> Epoch: 101
2024-09-18 09:49:46,629 INFO =====> EMD Loss: 29.984270095825195
2024-09-18 09:49:46,629 INFO =====> Height map loss: 29.87578773498535
2024-09-18 09:49:46,629 INFO =====> Grad: [-1.7362248e+00  8.9824975e-01  7.4656384e-08  5.3909726e+00
  4.6566129e-09]
2024-09-18 09:49:46,629 INFO =====> Skill params: [-0.11040825  0.01638822  0.78040963 -1.          0.59296674]
2024-09-18 09:49:46,629 INFO =====> Num. aborted data so far: 0
2024-09-18 09:49:46,986 INFO ===> New TaichiEnv created.
2024-09-18 09:49:46,986 INFO ===> Specifications: horizon = 600, dt = 0.01, n_substeps = 20, dt_sub = 0.0005
2024-09-18 09:50:11,379 INFO =====> Epoch: 102
2024-09-18 09:50:11,379 INFO =====> EMD Loss: 29.69807243347168
2024-09-18 09:50:11,379 INFO =====> Height map loss: 29.60347557067871
2024-09-18 09:50:11,379 INFO =====> Grad: [-1.9599977e+00  3.6281407e+00  5.5971135e-08  5.4600878e+00
 -9.7788870e-09]
2024-09-18 09:50:11,379 INFO =====> Skill params: [-0.09712457  0.01553923  0.7755415  -1.          0.6116821 ]
2024-09-18 09:50:11,379 INFO =====> Num. aborted data so far: 0
2024-09-18 09:50:11,743 INFO ===> New TaichiEnv created.
2024-09-18 09:50:11,743 INFO ===> Specifications: horizon = 600, dt = 0.01, n_substeps = 20, dt_sub = 0.0005
2024-09-18 09:50:36,369 INFO =====> Epoch: 103
2024-09-18 09:50:36,370 INFO =====> EMD Loss: 29.5816593170166
2024-09-18 09:50:36,370 INFO =====> Height map loss: 29.179840087890625
2024-09-18 09:50:36,370 INFO =====> Grad: [-2.3994169e+00  3.3590367e+00 -8.9426166e-08  5.5292029e+00
  7.9162419e-09]
2024-09-18 09:50:36,370 INFO =====> Skill params: [-0.07883686  0.01153318  0.775516   -1.          0.6277809 ]
2024-09-18 09:50:36,370 INFO =====> Num. aborted data so far: 0
2024-09-18 09:50:36,784 INFO ===> New TaichiEnv created.
2024-09-18 09:50:36,784 INFO ===> Specifications: horizon = 600, dt = 0.01, n_substeps = 20, dt_sub = 0.0005
2024-09-18 09:51:02,733 INFO =====> Epoch: 104
2024-09-18 09:51:02,733 INFO =====> EMD Loss: 29.01430892944336
2024-09-18 09:51:02,733 INFO =====> Height map loss: 28.871768951416016
2024-09-18 09:51:02,733 INFO =====> Grad: [-2.0244825e+00  3.3969471e+00 -1.4914722e-08  5.5983176e+00
  2.7939677e-09]
2024-09-18 09:51:02,733 INFO =====> Skill params: [-0.05726055  0.00465523  0.7762161  -1.          0.64204544]
2024-09-18 09:51:02,733 INFO =====> Num. aborted data so far: 0
2024-09-18 09:51:03,096 INFO ===> New TaichiEnv created.
2024-09-18 09:51:03,096 INFO ===> Specifications: horizon = 600, dt = 0.01, n_substeps = 20, dt_sub = 0.0005
2024-09-18 09:51:27,874 INFO =====> Epoch: 105
2024-09-18 09:51:27,874 INFO =====> EMD Loss: 28.911361694335938
2024-09-18 09:51:27,874 INFO =====> Height map loss: 28.450721740722656
2024-09-18 09:51:27,874 INFO =====> Grad: [-1.5460950e+00 -3.0198770e+00 -7.0763434e-08  5.6674328e+00
  6.5192580e-09]
2024-09-18 09:51:27,874 INFO =====> Skill params: [-0.03390172  0.00137652  0.78026277 -1.          0.6542576 ]
2024-09-18 09:51:27,874 INFO =====> Num. aborted data so far: 0
2024-09-18 09:51:28,239 INFO ===> New TaichiEnv created.
2024-09-18 09:51:28,239 INFO ===> Specifications: horizon = 600, dt = 0.01, n_substeps = 20, dt_sub = 0.0005
2024-09-18 09:51:52,171 INFO =====> Epoch: 106
2024-09-18 09:51:52,171 INFO =====> EMD Loss: 28.831249237060547
2024-09-18 09:51:52,171 INFO =====> Height map loss: 28.201366424560547
2024-09-18 09:51:52,171 INFO =====> Grad: [1.8357771e-02 2.7789339e-01 5.5950817e-09 5.1522118e-01 1.8626451e-09]
2024-09-18 09:51:52,171 INFO =====> Skill params: [-0.01282582 -0.00185824  0.7836483  -1.          0.6651025 ]
2024-09-18 09:51:52,171 INFO =====> Num. aborted data so far: 0
2024-09-18 09:51:52,545 INFO ===> New TaichiEnv created.
2024-09-18 09:51:52,545 INFO ===> Specifications: horizon = 600, dt = 0.01, n_substeps = 20, dt_sub = 0.0005
2024-09-18 09:52:18,205 INFO =====> Epoch: 107
2024-09-18 09:52:18,205 INFO =====> EMD Loss: 28.83373260498047
2024-09-18 09:52:18,205 INFO =====> Height map loss: 27.74760627746582
2024-09-18 09:52:18,205 INFO =====> Grad: [ 0.0000000e+00  1.0842355e+01 -1.0970069e-08  5.7365484e+00
  1.8626451e-09]
2024-09-18 09:52:18,205 INFO =====> Skill params: [ 0.00623575 -0.01459743  0.7872415  -1.          0.6747098 ]
2024-09-18 09:52:18,205 INFO =====> Num. aborted data so far: 0
2024-09-18 09:52:18,571 INFO ===> New TaichiEnv created.
2024-09-18 09:52:18,571 INFO ===> Specifications: horizon = 600, dt = 0.01, n_substeps = 20, dt_sub = 0.0005
2024-09-18 09:52:42,986 INFO =====> Epoch: 108
2024-09-18 09:52:42,987 INFO =====> EMD Loss: 28.456771850585938
2024-09-18 09:52:42,987 INFO =====> Height map loss: 27.685699462890625
2024-09-18 09:52:42,987 INFO =====> Grad: [-4.38751745e+00  1.02551832e+01 -1.07698106e-07  5.73654842e+00
  1.39698386e-09]
2024-09-18 09:52:42,987 INFO =====> Skill params: [ 0.03153034 -0.03465318  0.7956076  -1.          0.6832466 ]
2024-09-18 09:52:42,987 INFO =====> Num. aborted data so far: 0
2024-09-18 09:52:43,375 INFO ===> New TaichiEnv created.
2024-09-18 09:52:43,375 INFO ===> Specifications: horizon = 600, dt = 0.01, n_substeps = 20, dt_sub = 0.0005
2024-09-18 09:53:08,221 INFO =====> Epoch: 109
2024-09-18 09:53:08,221 INFO =====> EMD Loss: 27.988365173339844
2024-09-18 09:53:08,221 INFO =====> Height map loss: 26.95393180847168
2024-09-18 09:53:08,221 INFO =====> Grad: [ 1.3199495e-01 -3.4019955e-02  2.4768263e-09  5.2778751e-01
  4.6566129e-10]
2024-09-18 09:53:08,221 INFO =====> Skill params: [ 0.05408323 -0.05276038  0.8030481  -1.          0.69091433]
2024-09-18 09:53:08,221 INFO =====> Num. aborted data so far: 0
2024-09-18 09:53:08,597 INFO ===> New TaichiEnv created.
2024-09-18 09:53:08,597 INFO ===> Specifications: horizon = 600, dt = 0.01, n_substeps = 20, dt_sub = 0.0005
2024-09-18 09:53:33,836 INFO =====> Epoch: 110
2024-09-18 09:53:33,836 INFO =====> EMD Loss: 27.93009376525879
2024-09-18 09:53:33,836 INFO =====> Height map loss: 26.909408569335938
2024-09-18 09:53:33,836 INFO =====> Grad: [-3.5879653e+00  8.3627615e+00  3.1141525e-09  5.8056631e+00
  6.9849193e-09]
2024-09-18 09:53:33,836 INFO =====> Skill params: [ 0.08087789 -0.07591902  0.80962044 -1.          0.6970947 ]
2024-09-18 09:53:33,836 INFO =====> Num. aborted data so far: 0
2024-09-18 09:53:34,205 INFO ===> New TaichiEnv created.
2024-09-18 09:53:34,205 INFO ===> Specifications: horizon = 600, dt = 0.01, n_substeps = 20, dt_sub = 0.0005
2024-09-18 09:53:59,799 INFO =====> Epoch: 111
2024-09-18 09:53:59,800 INFO =====> EMD Loss: 28.16511344909668
2024-09-18 09:53:59,800 INFO =====> Height map loss: 26.853191375732422
2024-09-18 09:53:59,800 INFO =====> Grad: [ 1.3609470e-01 -3.9646691e-03 -9.8061759e-10  5.2778751e-01
 -4.1909516e-09]
2024-09-18 09:53:59,800 INFO =====> Skill params: [ 0.10479902 -0.09685733  0.8156068  -1.          0.7031342 ]
2024-09-18 09:53:59,800 INFO =====> Num. aborted data so far: 0
2024-09-18 09:54:00,184 INFO ===> New TaichiEnv created.
2024-09-18 09:54:00,184 INFO ===> Specifications: horizon = 600, dt = 0.01, n_substeps = 20, dt_sub = 0.0005
2024-09-18 09:54:25,646 INFO =====> Epoch: 112
2024-09-18 09:54:25,647 INFO =====> EMD Loss: 28.068174362182617
2024-09-18 09:54:25,647 INFO =====> Height map loss: 26.876161575317383
2024-09-18 09:54:25,647 INFO =====> Grad: [-3.5107782e+00  6.2246709e+00  5.2298422e-08  5.8747783e+00
  1.1641532e-08]
2024-09-18 09:54:25,647 INFO =====> Skill params: [ 0.1323989  -0.1208673   0.81845075 -1.          0.7073303 ]
2024-09-18 09:54:25,647 INFO =====> Num. aborted data so far: 0
2024-09-18 09:54:26,016 INFO ===> New TaichiEnv created.
2024-09-18 09:54:26,016 INFO ===> Specifications: horizon = 600, dt = 0.01, n_substeps = 20, dt_sub = 0.0005
2024-09-18 09:54:52,768 INFO =====> Epoch: 113
2024-09-18 09:54:52,768 INFO =====> EMD Loss: 27.78974151611328
2024-09-18 09:54:52,768 INFO =====> Height map loss: 26.908296585083008
2024-09-18 09:54:52,768 INFO =====> Grad: [ 1.2618050e-01  1.8996479e-02 -1.7220236e-09  5.3407073e-01
 -1.0710210e-08]
2024-09-18 09:54:52,768 INFO =====> Skill params: [ 0.15708545 -0.14259362  0.8211044  -1.          0.71229   ]
2024-09-18 09:54:52,768 INFO =====> Num. aborted data so far: 0
2024-09-18 09:54:53,129 INFO ===> New TaichiEnv created.
2024-09-18 09:54:53,130 INFO ===> Specifications: horizon = 600, dt = 0.01, n_substeps = 20, dt_sub = 0.0005
2024-09-18 09:55:19,683 INFO =====> Epoch: 114
2024-09-18 09:55:19,683 INFO =====> EMD Loss: 27.79244041442871
2024-09-18 09:55:19,683 INFO =====> Height map loss: 27.16885757446289
2024-09-18 09:55:19,683 INFO =====> Grad: [ 1.24610476e-01  3.32349315e-02 -6.96418256e-10  5.34070730e-01
  3.72529030e-09]
2024-09-18 09:55:19,683 INFO =====> Skill params: [ 0.17913927 -0.16226676  0.82353604 -1.          0.7163652 ]
2024-09-18 09:55:19,683 INFO =====> Num. aborted data so far: 0
2024-09-18 09:55:20,066 INFO ===> New TaichiEnv created.
2024-09-18 09:55:20,066 INFO ===> Specifications: horizon = 600, dt = 0.01, n_substeps = 20, dt_sub = 0.0005
2024-09-18 09:55:46,983 INFO =====> Epoch: 115
2024-09-18 09:55:46,984 INFO =====> EMD Loss: 27.633056640625
2024-09-18 09:55:46,984 INFO =====> Height map loss: 27.214765548706055
2024-09-18 09:55:46,984 INFO =====> Grad: [1.2552978e-01 4.7471277e-02 5.2128053e-09 5.3407073e-01 4.1909516e-09]
2024-09-18 09:55:46,984 INFO =====> Skill params: [ 0.19880892 -0.18009537  0.8254764  -1.          0.719588  ]
2024-09-18 09:55:46,984 INFO =====> Num. aborted data so far: 0
2024-09-18 09:55:47,436 INFO ===> New TaichiEnv created.
2024-09-18 09:55:47,437 INFO ===> Specifications: horizon = 600, dt = 0.01, n_substeps = 20, dt_sub = 0.0005
2024-09-18 09:56:15,492 INFO =====> Epoch: 116
2024-09-18 09:56:15,492 INFO =====> EMD Loss: 27.649938583374023
2024-09-18 09:56:15,492 INFO =====> Height map loss: 27.319734573364258
2024-09-18 09:56:15,492 INFO =====> Grad: [ 1.2803817e-01  6.1460607e-02 -5.1824447e-09  5.3407073e-01
 -1.0244548e-08]
2024-09-18 09:56:15,492 INFO =====> Skill params: [ 0.21631584 -0.19626814  0.8274852  -1.          0.72363114]
2024-09-18 09:56:15,492 INFO =====> Num. aborted data so far: 0
2024-09-18 09:56:15,854 INFO ===> New TaichiEnv created.
2024-09-18 09:56:15,854 INFO ===> Specifications: horizon = 600, dt = 0.01, n_substeps = 20, dt_sub = 0.0005
2024-09-18 09:56:43,707 INFO =====> Epoch: 117
2024-09-18 09:56:43,707 INFO =====> EMD Loss: 27.480249404907227
2024-09-18 09:56:43,708 INFO =====> Height map loss: 27.282970428466797
2024-09-18 09:56:43,708 INFO =====> Grad: [1.3092451e-01 7.5631194e-02 2.5778188e-09 5.4035389e-01 9.3132257e-10]
2024-09-18 09:56:43,708 INFO =====> Skill params: [ 0.23185949 -0.21095605  0.8291722  -1.          0.72718203]
2024-09-18 09:56:43,708 INFO =====> Num. aborted data so far: 0
2024-09-18 09:56:44,063 INFO ===> New TaichiEnv created.
2024-09-18 09:56:44,063 INFO ===> Specifications: horizon = 600, dt = 0.01, n_substeps = 20, dt_sub = 0.0005
2024-09-18 09:57:11,261 INFO =====> Epoch: 118
2024-09-18 09:57:11,261 INFO =====> EMD Loss: 27.50554847717285
2024-09-18 09:57:11,261 INFO =====> Height map loss: 27.21381187438965
2024-09-18 09:57:11,261 INFO =====> Grad: [-3.0486455e+00  1.0408990e+00 -9.4314771e-08  5.9438934e+00
  1.8626451e-09]
2024-09-18 09:57:11,261 INFO =====> Skill params: [ 0.25158024 -0.22514997  0.83530885 -1.          0.73018384]
2024-09-18 09:57:11,261 INFO =====> Num. aborted data so far: 0
2024-09-18 09:57:11,643 INFO ===> New TaichiEnv created.
2024-09-18 09:57:11,643 INFO ===> Specifications: horizon = 600, dt = 0.01, n_substeps = 20, dt_sub = 0.0005
2024-09-18 09:57:39,978 INFO =====> Epoch: 119
2024-09-18 09:57:39,979 INFO =====> EMD Loss: 27.525745391845703
2024-09-18 09:57:39,979 INFO =====> Height map loss: 27.538707733154297
2024-09-18 09:57:39,979 INFO =====> Grad: [ 1.3248147e-01  1.0117101e-01  4.8215334e-09  5.4035389e-01
 -1.0710210e-08]
2024-09-18 09:57:39,979 INFO =====> Skill params: [ 0.26913118 -0.2380712   0.8406145  -1.          0.7340931 ]
2024-09-18 09:57:39,979 INFO =====> Num. aborted data so far: 0
2024-09-18 09:57:40,426 INFO ===> New TaichiEnv created.
2024-09-18 09:57:40,426 INFO ===> Specifications: horizon = 600, dt = 0.01, n_substeps = 20, dt_sub = 0.0005
2024-09-18 09:58:11,911 INFO =====> Epoch: 120
2024-09-18 09:58:11,911 INFO =====> EMD Loss: 27.431440353393555
2024-09-18 09:58:11,911 INFO =====> Height map loss: 27.66065788269043
2024-09-18 09:58:11,911 INFO =====> Grad: [ 1.3079210e-01  1.1276454e-01 -1.3943215e-09  5.4035389e-01
 -5.5879354e-09]
2024-09-18 09:58:11,911 INFO =====> Skill params: [ 0.2847226  -0.24985225  0.84547615 -1.          0.7382527 ]
2024-09-18 09:58:11,911 INFO =====> Num. aborted data so far: 0
2024-09-18 09:58:12,283 INFO ===> New TaichiEnv created.
2024-09-18 09:58:12,283 INFO ===> Specifications: horizon = 600, dt = 0.01, n_substeps = 20, dt_sub = 0.0005
2024-09-18 09:58:41,079 INFO =====> Epoch: 121
2024-09-18 09:58:41,079 INFO =====> EMD Loss: 27.47578239440918
2024-09-18 09:58:41,079 INFO =====> Height map loss: 27.77033805847168
2024-09-18 09:58:41,079 INFO =====> Grad: [1.3004819e-01 1.2367633e-01 4.0258099e-09 5.4035389e-01 4.6566129e-10]
2024-09-18 09:58:41,079 INFO =====> Skill params: [ 0.2985427  -0.2606125   0.8496676  -1.          0.74195904]
2024-09-18 09:58:41,079 INFO =====> Num. aborted data so far: 0
2024-09-18 09:58:41,439 INFO ===> New TaichiEnv created.
2024-09-18 09:58:41,439 INFO ===> Specifications: horizon = 600, dt = 0.01, n_substeps = 20, dt_sub = 0.0005
2024-09-18 09:59:10,359 INFO =====> Epoch: 122
2024-09-18 09:59:10,359 INFO =====> EMD Loss: 27.35576820373535
2024-09-18 09:59:10,359 INFO =====> Height map loss: 28.07377052307129
2024-09-18 09:59:10,359 INFO =====> Grad: [1.3083261e-01 1.1338112e-01 2.6883755e-09 5.4663706e-01 6.5192580e-09]
2024-09-18 09:59:10,359 INFO =====> Skill params: [ 0.31075856 -0.27044085  0.8533196  -1.          0.74457085]
2024-09-18 09:59:10,359 INFO =====> Num. aborted data so far: 0
2024-09-18 09:59:10,739 INFO ===> New TaichiEnv created.
2024-09-18 09:59:10,740 INFO ===> Specifications: horizon = 600, dt = 0.01, n_substeps = 20, dt_sub = 0.0005
2024-09-18 09:59:40,005 INFO =====> Epoch: 123
2024-09-18 09:59:40,005 INFO =====> EMD Loss: 27.35434913635254
2024-09-18 09:59:40,005 INFO =====> Height map loss: 28.21471405029297
2024-09-18 09:59:40,005 INFO =====> Grad: [1.3142575e-01 1.0498678e-01 2.7429488e-09 5.4663712e-01 5.5879354e-09]
2024-09-18 09:59:40,005 INFO =====> Skill params: [ 0.3215216  -0.27941942  0.85648096 -1.          0.74629635]
2024-09-18 09:59:40,005 INFO =====> Num. aborted data so far: 0
2024-09-18 09:59:40,371 INFO ===> New TaichiEnv created.
2024-09-18 09:59:40,371 INFO ===> Specifications: horizon = 600, dt = 0.01, n_substeps = 20, dt_sub = 0.0005
2024-09-18 10:00:09,457 INFO =====> Epoch: 124
2024-09-18 10:00:09,457 INFO =====> EMD Loss: 27.43008041381836
2024-09-18 10:00:09,457 INFO =====> Height map loss: 28.300331115722656
2024-09-18 10:00:09,457 INFO =====> Grad: [1.3246056e-01 9.2258871e-02 2.0944251e-09 5.4663712e-01 8.3819032e-09]
2024-09-18 10:00:09,457 INFO =====> Skill params: [ 0.33096793 -0.28761852  0.8592312  -1.          0.7469    ]
2024-09-18 10:00:09,457 INFO =====> Num. aborted data so far: 0
2024-09-18 10:00:09,812 INFO ===> New TaichiEnv created.
2024-09-18 10:00:09,812 INFO ===> Specifications: horizon = 600, dt = 0.01, n_substeps = 20, dt_sub = 0.0005
2024-09-18 10:00:40,236 INFO =====> Epoch: 125
2024-09-18 10:00:40,236 INFO =====> EMD Loss: 27.43338394165039
2024-09-18 10:00:40,236 INFO =====> Height map loss: 28.544076919555664
2024-09-18 10:00:40,237 INFO =====> Grad: [ 1.3387616e-01  8.7477341e-02  3.3043206e-09  5.4663706e-01
 -3.2596290e-09]
2024-09-18 10:00:40,237 INFO =====> Skill params: [ 0.33921975 -0.29510882  0.86154866 -1.          0.74781847]
2024-09-18 10:00:40,237 INFO =====> Num. aborted data so far: 0
2024-09-18 10:00:40,600 INFO ===> New TaichiEnv created.
2024-09-18 10:00:40,601 INFO ===> Specifications: horizon = 600, dt = 0.01, n_substeps = 20, dt_sub = 0.0005
2024-09-18 10:01:11,768 INFO =====> Epoch: 126
2024-09-18 10:01:11,768 INFO =====> EMD Loss: 27.60157585144043
2024-09-18 10:01:11,768 INFO =====> Height map loss: 28.82052230834961
2024-09-18 10:01:11,768 INFO =====> Grad: [ 1.3561378e-01  8.3829112e-02  5.2087401e-09  5.4663706e-01
 -1.3969839e-09]
2024-09-18 10:01:11,769 INFO =====> Skill params: [ 0.34638688 -0.30195528  0.86337835 -1.          0.74880874]
2024-09-18 10:01:11,769 INFO =====> Num. aborted data so far: 0
2024-09-18 10:01:12,128 INFO ===> New TaichiEnv created.
2024-09-18 10:01:12,128 INFO ===> Specifications: horizon = 600, dt = 0.01, n_substeps = 20, dt_sub = 0.0005
2024-09-18 10:01:42,395 INFO =====> Epoch: 127
2024-09-18 10:01:42,395 INFO =====> EMD Loss: 27.60978126525879
2024-09-18 10:01:42,395 INFO =====> Height map loss: 28.868276596069336
2024-09-18 10:01:42,395 INFO =====> Grad: [ 1.3258193e-01  7.8845061e-02 -1.0834844e-10  5.4663712e-01
 -1.3038516e-08]
2024-09-18 10:01:42,395 INFO =====> Skill params: [ 0.35257894 -0.3082154   0.8650363  -1.          0.75120693]
2024-09-18 10:01:42,395 INFO =====> Num. aborted data so far: 0
2024-09-18 10:01:42,777 INFO ===> New TaichiEnv created.
2024-09-18 10:01:42,777 INFO ===> Specifications: horizon = 600, dt = 0.01, n_substeps = 20, dt_sub = 0.0005
2024-09-18 10:02:13,213 INFO =====> Epoch: 128
2024-09-18 10:02:13,213 INFO =====> EMD Loss: 27.54452896118164
2024-09-18 10:02:13,213 INFO =====> Height map loss: 28.888103485107422
2024-09-18 10:02:13,213 INFO =====> Grad: [1.3489331e-01 7.1926437e-02 5.2816773e-09 5.4663712e-01 1.0244548e-08]
2024-09-18 10:02:13,213 INFO =====> Skill params: [ 0.35788348 -0.31393936  0.86626476 -1.          0.75218767]
2024-09-18 10:02:13,213 INFO =====> Num. aborted data so far: 0
2024-09-18 10:02:13,661 INFO ===> New TaichiEnv created.
2024-09-18 10:02:13,661 INFO ===> Specifications: horizon = 600, dt = 0.01, n_substeps = 20, dt_sub = 0.0005
2024-09-18 10:02:44,839 INFO =====> Epoch: 129
2024-09-18 10:02:44,839 INFO =====> EMD Loss: 27.61583137512207
2024-09-18 10:02:44,839 INFO =====> Height map loss: 29.105422973632812
2024-09-18 10:02:44,839 INFO =====> Grad: [ 1.3250770e-01  6.8725340e-02  4.8477311e-09  5.4663712e-01
 -1.6298145e-08]
2024-09-18 10:02:44,839 INFO =====> Skill params: [ 0.36238986 -0.3191759   0.8671266  -1.          0.7549673 ]
2024-09-18 10:02:44,839 INFO =====> Num. aborted data so far: 0
2024-09-18 10:02:45,286 INFO ===> New TaichiEnv created.
2024-09-18 10:02:45,286 INFO ===> Specifications: horizon = 600, dt = 0.01, n_substeps = 20, dt_sub = 0.0005
2024-09-18 10:03:16,905 INFO =====> Epoch: 130
2024-09-18 10:03:16,905 INFO =====> EMD Loss: 27.721466064453125
2024-09-18 10:03:16,905 INFO =====> Height map loss: 29.166757583618164
2024-09-18 10:03:16,905 INFO =====> Grad: [-2.8501632e+00 -8.4950042e-01  2.7458047e-08  6.0130076e+00
  1.3969839e-08]
2024-09-18 10:03:16,905 INFO =====> Skill params: [ 0.37228093 -0.32311586  0.8664986  -1.          0.75584906]
2024-09-18 10:03:16,905 INFO =====> Num. aborted data so far: 0
2024-09-18 10:03:17,291 INFO ===> New TaichiEnv created.
2024-09-18 10:03:17,291 INFO ===> Specifications: horizon = 600, dt = 0.01, n_substeps = 20, dt_sub = 0.0005
2024-09-18 10:03:48,462 INFO =====> Epoch: 131
2024-09-18 10:03:48,462 INFO =====> EMD Loss: 27.66718101501465
2024-09-18 10:03:48,462 INFO =====> Height map loss: 29.36653709411621
2024-09-18 10:03:48,462 INFO =====> Grad: [ 1.3328911e-01  6.4092964e-02  4.7294701e-10  5.4663712e-01
 -1.4901161e-08]
2024-09-18 10:03:48,462 INFO =====> Skill params: [ 0.3809381  -0.32673612  0.8659072  -1.          0.75838983]
2024-09-18 10:03:48,462 INFO =====> Num. aborted data so far: 0
2024-09-18 10:03:48,824 INFO ===> New TaichiEnv created.
2024-09-18 10:03:48,824 INFO ===> Specifications: horizon = 600, dt = 0.01, n_substeps = 20, dt_sub = 0.0005
2024-09-18 10:04:19,836 INFO =====> Epoch: 132
2024-09-18 10:04:19,836 INFO =====> EMD Loss: 27.67781639099121
2024-09-18 10:04:19,836 INFO =====> Height map loss: 29.513200759887695
2024-09-18 10:04:19,836 INFO =====> Grad: [1.3631040e-01 6.2396888e-02 2.1213793e-09 5.4663712e-01 1.1175871e-08]
2024-09-18 10:04:19,836 INFO =====> Skill params: [ 0.38847265 -0.33006608  0.8652639  -1.          0.75937194]
2024-09-18 10:04:19,836 INFO =====> Num. aborted data so far: 0
2024-09-18 10:04:20,193 INFO ===> New TaichiEnv created.
2024-09-18 10:04:20,193 INFO ===> Specifications: horizon = 600, dt = 0.01, n_substeps = 20, dt_sub = 0.0005
2024-09-18 10:04:51,411 INFO =====> Epoch: 133
2024-09-18 10:04:51,411 INFO =====> EMD Loss: 27.786893844604492
2024-09-18 10:04:51,411 INFO =====> Height map loss: 29.645719528198242
2024-09-18 10:04:51,411 INFO =====> Grad: [ 1.3473113e-01  6.3271731e-02 -1.8984792e-10  5.4663706e-01
  1.4435500e-08]
2024-09-18 10:04:51,411 INFO =====> Skill params: [ 0.39499483 -0.33313468  0.8646928  -1.          0.75855696]
2024-09-18 10:04:51,411 INFO =====> Num. aborted data so far: 0
2024-09-18 10:04:51,771 INFO ===> New TaichiEnv created.
2024-09-18 10:04:51,771 INFO ===> Specifications: horizon = 600, dt = 0.01, n_substeps = 20, dt_sub = 0.0005
2024-09-18 10:05:22,777 INFO =====> Epoch: 134
2024-09-18 10:05:22,777 INFO =====> EMD Loss: 27.822681427001953
2024-09-18 10:05:22,777 INFO =====> Height map loss: 29.68607521057129
2024-09-18 10:05:22,777 INFO =====> Grad: [1.3332902e-01 5.9940588e-02 3.0856115e-09 5.4663706e-01 2.7939677e-09]
2024-09-18 10:05:22,777 INFO =====> Skill params: [ 0.400604   -0.3359641   0.86401707 -1.          0.75749016]
2024-09-18 10:05:22,777 INFO =====> Num. aborted data so far: 0
2024-09-18 10:05:23,142 INFO ===> New TaichiEnv created.
2024-09-18 10:05:23,142 INFO ===> Specifications: horizon = 600, dt = 0.01, n_substeps = 20, dt_sub = 0.0005
2024-09-18 10:05:54,168 INFO =====> Epoch: 135
2024-09-18 10:05:54,168 INFO =====> EMD Loss: 27.780696868896484
2024-09-18 10:05:54,168 INFO =====> Height map loss: 29.73687171936035
2024-09-18 10:05:54,168 INFO =====> Grad: [ 1.3673234e-01  5.8979213e-02  1.0046075e-09  5.4663706e-01
 -4.6566129e-10]
2024-09-18 10:05:54,168 INFO =====> Skill params: [ 0.40537977 -0.33857667  0.8633547  -1.          0.75658184]
2024-09-18 10:05:54,168 INFO =====> Num. aborted data so far: 0
2024-09-18 10:05:54,538 INFO ===> New TaichiEnv created.
2024-09-18 10:05:54,538 INFO ===> Specifications: horizon = 600, dt = 0.01, n_substeps = 20, dt_sub = 0.0005
2024-09-18 10:06:25,598 INFO =====> Epoch: 136
2024-09-18 10:06:25,598 INFO =====> EMD Loss: 27.844026565551758
2024-09-18 10:06:25,598 INFO =====> Height map loss: 29.724905014038086
2024-09-18 10:06:25,598 INFO =====> Grad: [1.3558565e-01 5.6105752e-02 4.5104320e-09 5.4663706e-01 1.4435500e-08]
2024-09-18 10:06:25,598 INFO =====> Skill params: [ 0.4094038  -0.34099072  0.8625211  -1.          0.75404084]
2024-09-18 10:06:25,598 INFO =====> Num. aborted data so far: 0
2024-09-18 10:06:25,978 INFO ===> New TaichiEnv created.
2024-09-18 10:06:25,979 INFO ===> Specifications: horizon = 600, dt = 0.01, n_substeps = 20, dt_sub = 0.0005
2024-09-18 10:06:57,322 INFO =====> Epoch: 137
2024-09-18 10:06:57,323 INFO =====> EMD Loss: 27.790189743041992
2024-09-18 10:06:57,323 INFO =====> Height map loss: 29.843307495117188
2024-09-18 10:06:57,323 INFO =====> Grad: [ 1.3456661e-01  5.7543416e-02 -1.5310377e-09  5.4663712e-01
  4.6566129e-09]
2024-09-18 10:06:57,323 INFO =====> Skill params: [ 0.41274965 -0.3432269   0.8618487  -1.          0.7511887 ]
2024-09-18 10:06:57,323 INFO =====> Num. aborted data so far: 0
2024-09-18 10:06:57,701 INFO ===> New TaichiEnv created.
2024-09-18 10:06:57,702 INFO ===> Specifications: horizon = 600, dt = 0.01, n_substeps = 20, dt_sub = 0.0005
2024-09-18 10:07:28,857 INFO =====> Epoch: 138
2024-09-18 10:07:28,857 INFO =====> EMD Loss: 27.812044143676758
2024-09-18 10:07:28,857 INFO =====> Height map loss: 29.849943161010742
2024-09-18 10:07:28,857 INFO =====> Grad: [ 1.3365364e-01  5.4981019e-02 -1.0539860e-09  5.4663712e-01
 -9.7788870e-09]
2024-09-18 10:07:28,857 INFO =====> Skill params: [ 0.4154836  -0.3453001   0.86129695 -1.          0.7497866 ]
2024-09-18 10:07:28,858 INFO =====> Num. aborted data so far: 0
2024-09-18 10:07:29,301 INFO ===> New TaichiEnv created.
2024-09-18 10:07:29,301 INFO ===> Specifications: horizon = 600, dt = 0.01, n_substeps = 20, dt_sub = 0.0005
2024-09-18 10:08:01,006 INFO =====> Epoch: 139
2024-09-18 10:08:01,007 INFO =====> EMD Loss: 27.730567932128906
2024-09-18 10:08:01,007 INFO =====> Height map loss: 29.901147842407227
2024-09-18 10:08:01,007 INFO =====> Grad: [ 1.3740119e-01  5.4660052e-02 -3.6044461e-09  5.4663700e-01
 -4.6566129e-10]
2024-09-18 10:08:01,007 INFO =====> Skill params: [ 0.41765547 -0.3472259   0.8609888  -1.          0.74857634]
2024-09-18 10:08:01,007 INFO =====> Num. aborted data so far: 0
2024-09-18 10:08:01,451 INFO ===> New TaichiEnv created.
2024-09-18 10:08:01,451 INFO ===> Specifications: horizon = 600, dt = 0.01, n_substeps = 20, dt_sub = 0.0005
2024-09-18 10:08:33,664 INFO =====> Epoch: 140
2024-09-18 10:08:33,664 INFO =====> EMD Loss: 27.708389282226562
2024-09-18 10:08:33,664 INFO =====> Height map loss: 29.905670166015625
2024-09-18 10:08:33,664 INFO =====> Grad: [1.3664638e-01 5.2382153e-02 3.3906584e-09 5.4663706e-01 8.8475645e-09]
2024-09-18 10:08:33,664 INFO =====> Skill params: [ 0.41932002 -0.34901646  0.86053133 -1.          0.7464137 ]
2024-09-18 10:08:33,664 INFO =====> Num. aborted data so far: 0
2024-09-18 10:08:34,174 INFO ===> New TaichiEnv created.
2024-09-18 10:08:34,174 INFO ===> Specifications: horizon = 600, dt = 0.01, n_substeps = 20, dt_sub = 0.0005
2024-09-18 10:09:07,482 INFO =====> Epoch: 141
2024-09-18 10:09:07,482 INFO =====> EMD Loss: 27.72271156311035
2024-09-18 10:09:07,482 INFO =====> Height map loss: 29.91703224182129
2024-09-18 10:09:07,483 INFO =====> Grad: [ 1.3597122e-01  5.0229672e-02 -9.2510666e-11  5.4663712e-01
  1.1175871e-08]
2024-09-18 10:09:07,483 INFO =====> Skill params: [ 0.42052662 -0.3506829   0.8601232  -1.          0.7431049 ]
2024-09-18 10:09:07,483 INFO =====> Num. aborted data so far: 0
2024-09-18 10:09:07,934 INFO ===> New TaichiEnv created.
2024-09-18 10:09:07,934 INFO ===> Specifications: horizon = 600, dt = 0.01, n_substeps = 20, dt_sub = 0.0005
2024-09-18 10:09:40,721 INFO =====> Epoch: 142
2024-09-18 10:09:40,721 INFO =====> EMD Loss: 27.719688415527344
2024-09-18 10:09:40,721 INFO =====> Height map loss: 29.94814682006836
2024-09-18 10:09:40,721 INFO =====> Grad: [1.3536848e-01 5.2083515e-02 6.1466832e-10 5.4663712e-01 1.0244548e-08]
2024-09-18 10:09:40,721 INFO =====> Skill params: [ 0.42131975 -0.3522392   0.8597221  -1.          0.73886967]
2024-09-18 10:09:40,721 INFO =====> Num. aborted data so far: 0
2024-09-18 10:09:41,083 INFO ===> New TaichiEnv created.
2024-09-18 10:09:41,083 INFO ===> Specifications: horizon = 600, dt = 0.01, n_substeps = 20, dt_sub = 0.0005
2024-09-18 10:10:13,462 INFO =====> Epoch: 143
2024-09-18 10:10:13,462 INFO =====> EMD Loss: 27.702198028564453
2024-09-18 10:10:13,462 INFO =====> Height map loss: 29.94048309326172
2024-09-18 10:10:13,462 INFO =====> Grad: [-2.7712474e+00 -9.0074444e-01 -2.2408404e-08  5.9438939e+00
 -5.5879354e-09]
2024-09-18 10:10:13,462 INFO =====> Skill params: [ 0.42791092 -0.3527628   0.8605552  -1.          0.7357274 ]
2024-09-18 10:10:13,462 INFO =====> Num. aborted data so far: 0
2024-09-18 10:10:13,827 INFO ===> New TaichiEnv created.
2024-09-18 10:10:13,827 INFO ===> Specifications: horizon = 600, dt = 0.01, n_substeps = 20, dt_sub = 0.0005
2024-09-18 10:10:45,632 INFO =====> Epoch: 144
2024-09-18 10:10:45,633 INFO =====> EMD Loss: 27.71990394592285
2024-09-18 10:10:45,633 INFO =====> Height map loss: 29.93701171875
2024-09-18 10:10:45,633 INFO =====> Grad: [-2.7674320e+00 -9.0122944e-01  4.4680707e-08  5.9438934e+00
 -1.8160790e-08]
2024-09-18 10:10:45,633 INFO =====> Skill params: [ 0.43941092 -0.3523503   0.858922   -1.          0.7351156 ]
2024-09-18 10:10:45,633 INFO =====> Num. aborted data so far: 0
2024-09-18 10:10:46,010 INFO ===> New TaichiEnv created.
2024-09-18 10:10:46,010 INFO ===> Specifications: horizon = 600, dt = 0.01, n_substeps = 20, dt_sub = 0.0005
2024-09-18 10:11:17,922 INFO =====> Epoch: 145
2024-09-18 10:11:17,922 INFO =====> EMD Loss: 27.70184326171875
2024-09-18 10:11:17,922 INFO =====> Height map loss: 29.94507598876953
2024-09-18 10:11:17,922 INFO =====> Grad: [-2.7713079e+00 -8.9794302e-01 -1.4968276e-08  5.9438925e+00
  9.7788870e-09]
2024-09-18 10:11:17,922 INFO =====> Skill params: [ 0.455087   -0.3510927   0.85824865 -1.          0.73336065]
2024-09-18 10:11:17,922 INFO =====> Num. aborted data so far: 0
2024-09-18 10:11:18,292 INFO ===> New TaichiEnv created.
2024-09-18 10:11:18,292 INFO ===> Specifications: horizon = 600, dt = 0.01, n_substeps = 20, dt_sub = 0.0005
2024-09-18 10:11:50,333 INFO =====> Epoch: 146
2024-09-18 10:11:50,333 INFO =====> EMD Loss: 27.708404541015625
2024-09-18 10:11:50,333 INFO =====> Height map loss: 29.953113555908203
2024-09-18 10:11:50,333 INFO =====> Grad: [-2.7821469e+00 -8.9125538e-01 -2.6201569e-08  5.9438939e+00
 -1.3038516e-08]
2024-09-18 10:11:50,333 INFO =====> Skill params: [ 0.47433043 -0.34907562  0.85904557 -1.          0.73338455]
2024-09-18 10:11:50,333 INFO =====> Num. aborted data so far: 0
2024-09-18 10:11:50,692 INFO ===> New TaichiEnv created.
2024-09-18 10:11:50,692 INFO ===> Specifications: horizon = 600, dt = 0.01, n_substeps = 20, dt_sub = 0.0005
2024-09-18 10:12:22,858 INFO =====> Epoch: 147
2024-09-18 10:12:22,858 INFO =====> EMD Loss: 27.72557830810547
2024-09-18 10:12:22,858 INFO =====> Height map loss: 29.92399787902832
2024-09-18 10:12:22,858 INFO =====> Grad: [-2.7994113e+00 -8.8187766e-01 -1.8237856e-10  5.9438934e+00
  4.6566129e-09]
2024-09-18 10:12:22,858 INFO =====> Skill params: [ 0.4966324 -0.3463791  0.8597747 -1.         0.7328297]
2024-09-18 10:12:22,858 INFO =====> Num. aborted data so far: 0
2024-09-18 10:12:23,227 INFO ===> New TaichiEnv created.
2024-09-18 10:12:23,227 INFO ===> Specifications: horizon = 600, dt = 0.01, n_substeps = 20, dt_sub = 0.0005
2024-09-18 10:12:54,848 INFO =====> Epoch: 148
2024-09-18 10:12:54,848 INFO =====> EMD Loss: 27.72583770751953
2024-09-18 10:12:54,848 INFO =====> Height map loss: 29.917888641357422
2024-09-18 10:12:54,848 INFO =====> Grad: [-2.8225808e+00 -8.6922151e-01  3.4600944e-09  5.9438930e+00
 -7.4505806e-09]
2024-09-18 10:12:54,848 INFO =====> Skill params: [ 0.5215655  -0.34307876  0.86024636 -1.          0.733254  ]
2024-09-18 10:12:54,848 INFO =====> Num. aborted data so far: 0
2024-09-18 10:12:55,215 INFO ===> New TaichiEnv created.
2024-09-18 10:12:55,215 INFO ===> Specifications: horizon = 600, dt = 0.01, n_substeps = 20, dt_sub = 0.0005
2024-09-18 10:13:26,753 INFO =====> Epoch: 149
2024-09-18 10:13:26,753 INFO =====> EMD Loss: 27.756196975708008
2024-09-18 10:13:26,753 INFO =====> Height map loss: 29.925418853759766
2024-09-18 10:13:26,753 INFO =====> Grad: [-2.7879300e+00 -8.5641682e-01 -3.7331560e-10  5.9438930e+00
 -6.9849193e-09]
2024-09-18 10:13:26,753 INFO =====> Skill params: [ 0.5486822  -0.33924314  0.8606923  -1.          0.7345075 ]
2024-09-18 10:13:26,753 INFO =====> Num. aborted data so far: 0
2024-09-18 10:13:26,755 INFO ====> Finished training.
2024-09-18 10:13:26,755 INFO ====> Final EMD loss: 27.756196975708008
2024-09-18 10:13:26,755 INFO ====> Final height map loss: 29.925418853759766
2024-09-18 10:13:26,755 INFO ====> Final skill params: [ 0.5486822  -0.33924314  0.8606923  -1.          0.7345075 ]
