2025-07-26 14:09:40,915 DEBUG loaded <trimesh.Trimesh(vertices.shape=(48, 3), faces.shape=(28, 3))> using `load_obj` in 0.0010s
2025-07-26 14:09:41,204 DEBUG loaded <trimesh.Trimesh(vertices.shape=(916, 3), faces.shape=(856, 3))> using `load_obj` in 0.0026s
2025-07-26 14:10:15,556 INFO =====> Skill params: [ 0.8861122   0.02265511  0.9524874  -0.83832794  0.21471167]
2025-07-26 14:10:15,556 INFO =====> Grad: [-141.00168 7233.8354  -292.79895  675.97107  198.30849]
2025-07-26 14:10:15,556 INFO =====> Num. aborted data so far: 0
2025-07-26 14:10:15,556 INFO ===========> Epoch: 0 optimisation losses
2025-07-26 14:10:15,557 INFO =====> EMD Loss: 17.450771
2025-07-26 14:10:15,557 INFO =====> Height map loss: 7.998652
2025-07-26 14:10:16,037 DEBUG loaded <trimesh.Trimesh(vertices.shape=(48, 3), faces.shape=(28, 3))> using `load_obj` in 0.0007s
2025-07-26 14:10:16,156 DEBUG loaded <trimesh.Trimesh(vertices.shape=(916, 3), faces.shape=(856, 3))> using `load_obj` in 0.0028s
2025-07-26 14:10:21,927 INFO ==> EMD Loss: 17.698282
2025-07-26 14:10:21,927 INFO ==> Height map loss:  8.103842
2025-07-26 14:10:22,212 DEBUG loaded <trimesh.Trimesh(vertices.shape=(48, 3), faces.shape=(28, 3))> using `load_obj` in 0.0007s
2025-07-26 14:10:22,329 DEBUG loaded <trimesh.Trimesh(vertices.shape=(916, 3), faces.shape=(856, 3))> using `load_obj` in 0.0027s
2025-07-26 14:10:28,142 INFO ==> EMD Loss: 17.864813
2025-07-26 14:10:28,142 INFO ==> Height map loss:  8.218383
2025-07-26 14:10:28,417 DEBUG loaded <trimesh.Trimesh(vertices.shape=(48, 3), faces.shape=(28, 3))> using `load_obj` in 0.0007s
2025-07-26 14:10:28,534 DEBUG loaded <trimesh.Trimesh(vertices.shape=(916, 3), faces.shape=(856, 3))> using `load_obj` in 0.0027s
2025-07-26 14:10:34,239 INFO ==> EMD Loss: 17.862627
2025-07-26 14:10:34,239 INFO ==> Height map loss:  7.974751
2025-07-26 14:10:34,518 DEBUG loaded <trimesh.Trimesh(vertices.shape=(48, 3), faces.shape=(28, 3))> using `load_obj` in 0.0007s
2025-07-26 14:10:34,634 DEBUG loaded <trimesh.Trimesh(vertices.shape=(916, 3), faces.shape=(856, 3))> using `load_obj` in 0.0027s
2025-07-26 14:10:40,456 INFO ==> EMD Loss: 17.800270
2025-07-26 14:10:40,456 INFO ==> Height map loss:  7.808996
2025-07-26 14:10:40,775 DEBUG loaded <trimesh.Trimesh(vertices.shape=(48, 3), faces.shape=(28, 3))> using `load_obj` in 0.0007s
2025-07-26 14:10:40,893 DEBUG loaded <trimesh.Trimesh(vertices.shape=(916, 3), faces.shape=(856, 3))> using `load_obj` in 0.0026s
2025-07-26 14:10:46,763 INFO ==> EMD Loss: 17.775364
2025-07-26 14:10:46,763 INFO ==> Height map loss:  7.680828
2025-07-26 14:10:47,045 DEBUG loaded <trimesh.Trimesh(vertices.shape=(48, 3), faces.shape=(28, 3))> using `load_obj` in 0.0007s
2025-07-26 14:10:47,162 DEBUG loaded <trimesh.Trimesh(vertices.shape=(916, 3), faces.shape=(856, 3))> using `load_obj` in 0.0028s
2025-07-26 14:11:01,143 INFO =====> Skill params: [ 1.         -0.16708156  1.         -1.          0.02497502]
2025-07-26 14:11:01,143 INFO =====> Grad: [ -903.99835 -3252.5215   -295.41965   -43.39866  -247.15628]
2025-07-26 14:11:01,143 INFO =====> Num. aborted data so far: 0
2025-07-26 14:11:01,144 INFO ===========> Epoch: 1 optimisation losses
2025-07-26 14:11:01,144 INFO =====> EMD Loss: 17.815254
2025-07-26 14:11:01,144 INFO =====> Height map loss: 7.692055
2025-07-26 14:11:01,455 DEBUG loaded <trimesh.Trimesh(vertices.shape=(48, 3), faces.shape=(28, 3))> using `load_obj` in 0.0007s
2025-07-26 14:11:01,574 DEBUG loaded <trimesh.Trimesh(vertices.shape=(916, 3), faces.shape=(856, 3))> using `load_obj` in 0.0028s
2025-07-26 14:11:07,442 INFO ==> EMD Loss: 17.807327
2025-07-26 14:11:07,442 INFO ==> Height map loss:  7.693704
2025-07-26 14:11:07,727 DEBUG loaded <trimesh.Trimesh(vertices.shape=(48, 3), faces.shape=(28, 3))> using `load_obj` in 0.0007s
2025-07-26 14:11:07,847 DEBUG loaded <trimesh.Trimesh(vertices.shape=(916, 3), faces.shape=(856, 3))> using `load_obj` in 0.0027s
2025-07-26 14:11:13,783 INFO ==> EMD Loss: 17.777271
2025-07-26 14:11:13,783 INFO ==> Height map loss:  7.709943
2025-07-26 14:11:14,085 DEBUG loaded <trimesh.Trimesh(vertices.shape=(48, 3), faces.shape=(28, 3))> using `load_obj` in 0.0008s
2025-07-26 14:11:14,205 DEBUG loaded <trimesh.Trimesh(vertices.shape=(916, 3), faces.shape=(856, 3))> using `load_obj` in 0.0027s
2025-07-26 14:11:19,992 INFO ==> EMD Loss: 17.791355
2025-07-26 14:11:19,992 INFO ==> Height map loss:  7.778764
2025-07-26 14:11:20,288 DEBUG loaded <trimesh.Trimesh(vertices.shape=(48, 3), faces.shape=(28, 3))> using `load_obj` in 0.0007s
2025-07-26 14:11:20,406 DEBUG loaded <trimesh.Trimesh(vertices.shape=(916, 3), faces.shape=(856, 3))> using `load_obj` in 0.0027s
2025-07-26 14:11:26,291 INFO ==> EMD Loss: 17.825785
2025-07-26 14:11:26,291 INFO ==> Height map loss:  7.780787
2025-07-26 14:11:26,585 DEBUG loaded <trimesh.Trimesh(vertices.shape=(48, 3), faces.shape=(28, 3))> using `load_obj` in 0.0007s
2025-07-26 14:11:26,706 DEBUG loaded <trimesh.Trimesh(vertices.shape=(916, 3), faces.shape=(856, 3))> using `load_obj` in 0.0029s
2025-07-26 14:11:32,530 INFO ==> EMD Loss: 17.848063
2025-07-26 14:11:32,530 INFO ==> Height map loss:  7.896574
2025-07-26 14:11:32,823 DEBUG loaded <trimesh.Trimesh(vertices.shape=(48, 3), faces.shape=(28, 3))> using `load_obj` in 0.0007s
2025-07-26 14:11:32,941 DEBUG loaded <trimesh.Trimesh(vertices.shape=(916, 3), faces.shape=(856, 3))> using `load_obj` in 0.0027s
2025-07-26 14:11:46,929 INFO =====> Skill params: [ 1.         -0.16301854  1.         -0.9993594   0.03252376]
2025-07-26 14:11:46,929 INFO =====> Grad: [ -882.0153  -3286.7627   -295.6392    410.97806  -157.29218]
2025-07-26 14:11:46,929 INFO =====> Num. aborted data so far: 0
2025-07-26 14:11:46,931 INFO ===========> Epoch: 2 optimisation losses
2025-07-26 14:11:46,931 INFO =====> EMD Loss: 17.803251
2025-07-26 14:11:46,931 INFO =====> Height map loss: 7.701033
2025-07-26 14:11:47,258 DEBUG loaded <trimesh.Trimesh(vertices.shape=(48, 3), faces.shape=(28, 3))> using `load_obj` in 0.0008s
2025-07-26 14:11:47,377 DEBUG loaded <trimesh.Trimesh(vertices.shape=(916, 3), faces.shape=(856, 3))> using `load_obj` in 0.0028s
2025-07-26 14:11:53,245 INFO ==> EMD Loss: 17.797832
2025-07-26 14:11:53,245 INFO ==> Height map loss:  7.704515
2025-07-26 14:11:53,541 DEBUG loaded <trimesh.Trimesh(vertices.shape=(48, 3), faces.shape=(28, 3))> using `load_obj` in 0.0007s
2025-07-26 14:11:53,662 DEBUG loaded <trimesh.Trimesh(vertices.shape=(916, 3), faces.shape=(856, 3))> using `load_obj` in 0.0027s
2025-07-26 14:11:59,431 INFO ==> EMD Loss: 17.786451
2025-07-26 14:11:59,431 INFO ==> Height map loss:  7.705822
2025-07-26 14:11:59,728 DEBUG loaded <trimesh.Trimesh(vertices.shape=(48, 3), faces.shape=(28, 3))> using `load_obj` in 0.0007s
2025-07-26 14:11:59,848 DEBUG loaded <trimesh.Trimesh(vertices.shape=(916, 3), faces.shape=(856, 3))> using `load_obj` in 0.0027s
2025-07-26 14:12:05,721 INFO ==> EMD Loss: 17.770926
2025-07-26 14:12:05,721 INFO ==> Height map loss:  7.766926
2025-07-26 14:12:06,025 DEBUG loaded <trimesh.Trimesh(vertices.shape=(48, 3), faces.shape=(28, 3))> using `load_obj` in 0.0007s
2025-07-26 14:12:06,144 DEBUG loaded <trimesh.Trimesh(vertices.shape=(916, 3), faces.shape=(856, 3))> using `load_obj` in 0.0027s
2025-07-26 14:12:11,930 INFO ==> EMD Loss: 17.729294
2025-07-26 14:12:11,930 INFO ==> Height map loss:  7.775732
2025-07-26 14:12:12,236 DEBUG loaded <trimesh.Trimesh(vertices.shape=(48, 3), faces.shape=(28, 3))> using `load_obj` in 0.0007s
2025-07-26 14:12:12,364 DEBUG loaded <trimesh.Trimesh(vertices.shape=(916, 3), faces.shape=(856, 3))> using `load_obj` in 0.0029s
2025-07-26 14:12:18,342 INFO ==> EMD Loss: 17.838697
2025-07-26 14:12:18,342 INFO ==> Height map loss:  7.839486
2025-07-26 14:12:18,653 DEBUG loaded <trimesh.Trimesh(vertices.shape=(48, 3), faces.shape=(28, 3))> using `load_obj` in 0.0008s
2025-07-26 14:12:18,773 DEBUG loaded <trimesh.Trimesh(vertices.shape=(916, 3), faces.shape=(856, 3))> using `load_obj` in 0.0026s
2025-07-26 14:12:43,442 INFO =====> Skill params: [ 1.         -0.15908103  1.         -1.          0.0369911 ]
2025-07-26 14:12:43,442 INFO =====> Grad: [ -857.7767   -3510.7185    -295.84683    -28.486671   223.40422 ]
2025-07-26 14:12:43,442 INFO =====> Num. aborted data so far: 0
2025-07-26 14:12:43,443 INFO ===========> Epoch: 3 optimisation losses
2025-07-26 14:12:43,443 INFO =====> EMD Loss: 17.792923
2025-07-26 14:12:43,443 INFO =====> Height map loss: 7.702230
2025-07-26 14:12:43,820 DEBUG loaded <trimesh.Trimesh(vertices.shape=(48, 3), faces.shape=(28, 3))> using `load_obj` in 0.0007s
2025-07-26 14:12:43,945 DEBUG loaded <trimesh.Trimesh(vertices.shape=(916, 3), faces.shape=(856, 3))> using `load_obj` in 0.0028s
2025-07-26 14:12:49,772 INFO ==> EMD Loss: 17.798378
2025-07-26 14:12:49,772 INFO ==> Height map loss:  7.702605
2025-07-26 14:12:50,085 DEBUG loaded <trimesh.Trimesh(vertices.shape=(48, 3), faces.shape=(28, 3))> using `load_obj` in 0.0008s
2025-07-26 14:12:50,214 DEBUG loaded <trimesh.Trimesh(vertices.shape=(916, 3), faces.shape=(856, 3))> using `load_obj` in 0.0028s
2025-07-26 14:12:56,078 INFO ==> EMD Loss: 17.800890
2025-07-26 14:12:56,078 INFO ==> Height map loss:  7.725533
2025-07-26 14:12:56,385 DEBUG loaded <trimesh.Trimesh(vertices.shape=(48, 3), faces.shape=(28, 3))> using `load_obj` in 0.0008s
2025-07-26 14:12:56,509 DEBUG loaded <trimesh.Trimesh(vertices.shape=(916, 3), faces.shape=(856, 3))> using `load_obj` in 0.0027s
2025-07-26 14:13:02,285 INFO ==> EMD Loss: 17.816595
2025-07-26 14:13:02,285 INFO ==> Height map loss:  7.784188
2025-07-26 14:13:02,618 DEBUG loaded <trimesh.Trimesh(vertices.shape=(48, 3), faces.shape=(28, 3))> using `load_obj` in 0.0007s
2025-07-26 14:13:02,740 DEBUG loaded <trimesh.Trimesh(vertices.shape=(916, 3), faces.shape=(856, 3))> using `load_obj` in 0.0027s
2025-07-26 14:13:08,565 INFO ==> EMD Loss: 17.806086
2025-07-26 14:13:08,565 INFO ==> Height map loss:  7.830992
2025-07-26 14:13:08,883 DEBUG loaded <trimesh.Trimesh(vertices.shape=(48, 3), faces.shape=(28, 3))> using `load_obj` in 0.0007s
2025-07-26 14:13:09,005 DEBUG loaded <trimesh.Trimesh(vertices.shape=(916, 3), faces.shape=(856, 3))> using `load_obj` in 0.0027s
2025-07-26 14:13:16,366 INFO ==> EMD Loss: 17.857691
2025-07-26 14:13:16,366 INFO ==> Height map loss:  7.862802
2025-07-26 14:13:16,700 DEBUG loaded <trimesh.Trimesh(vertices.shape=(48, 3), faces.shape=(28, 3))> using `load_obj` in 0.0008s
2025-07-26 14:13:16,822 DEBUG loaded <trimesh.Trimesh(vertices.shape=(916, 3), faces.shape=(856, 3))> using `load_obj` in 0.0027s
2025-07-26 14:13:30,696 INFO =====> Skill params: [ 1.         -0.15506463  1.         -0.9996129   0.03152476]
2025-07-26 14:13:30,696 INFO =====> Grad: [ -838.98047 -3824.7402   -296.05344  -212.58546  -393.11465]
2025-07-26 14:13:30,696 INFO =====> Num. aborted data so far: 0
2025-07-26 14:13:30,697 INFO ===========> Epoch: 4 optimisation losses
2025-07-26 14:13:30,697 INFO =====> EMD Loss: 17.801796
2025-07-26 14:13:30,697 INFO =====> Height map loss: 7.701106
2025-07-26 14:13:31,029 DEBUG loaded <trimesh.Trimesh(vertices.shape=(48, 3), faces.shape=(28, 3))> using `load_obj` in 0.0007s
2025-07-26 14:13:31,151 DEBUG loaded <trimesh.Trimesh(vertices.shape=(916, 3), faces.shape=(856, 3))> using `load_obj` in 0.0028s
2025-07-26 14:13:37,014 INFO ==> EMD Loss: 17.771235
2025-07-26 14:13:37,014 INFO ==> Height map loss:  7.714994
2025-07-26 14:13:37,324 DEBUG loaded <trimesh.Trimesh(vertices.shape=(48, 3), faces.shape=(28, 3))> using `load_obj` in 0.0007s
2025-07-26 14:13:37,445 DEBUG loaded <trimesh.Trimesh(vertices.shape=(916, 3), faces.shape=(856, 3))> using `load_obj` in 0.0027s
2025-07-26 14:13:43,294 INFO ==> EMD Loss: 17.824406
2025-07-26 14:13:43,294 INFO ==> Height map loss:  7.798271
2025-07-26 14:13:43,612 DEBUG loaded <trimesh.Trimesh(vertices.shape=(48, 3), faces.shape=(28, 3))> using `load_obj` in 0.0008s
2025-07-26 14:13:43,738 DEBUG loaded <trimesh.Trimesh(vertices.shape=(916, 3), faces.shape=(856, 3))> using `load_obj` in 0.0029s
2025-07-26 14:13:49,707 INFO ==> EMD Loss: 17.837788
2025-07-26 14:13:49,707 INFO ==> Height map loss:  7.834005
2025-07-26 14:13:50,019 DEBUG loaded <trimesh.Trimesh(vertices.shape=(48, 3), faces.shape=(28, 3))> using `load_obj` in 0.0007s
2025-07-26 14:13:50,142 DEBUG loaded <trimesh.Trimesh(vertices.shape=(916, 3), faces.shape=(856, 3))> using `load_obj` in 0.0027s
2025-07-26 14:13:56,094 INFO ==> EMD Loss: 17.896637
2025-07-26 14:13:56,094 INFO ==> Height map loss:  8.039639
2025-07-26 14:13:56,406 DEBUG loaded <trimesh.Trimesh(vertices.shape=(48, 3), faces.shape=(28, 3))> using `load_obj` in 0.0007s
2025-07-26 14:13:56,528 DEBUG loaded <trimesh.Trimesh(vertices.shape=(916, 3), faces.shape=(856, 3))> using `load_obj` in 0.0028s
2025-07-26 14:14:02,671 INFO ==> EMD Loss: 17.852327
2025-07-26 14:14:02,671 INFO ==> Height map loss:  7.944745
2025-07-26 14:14:02,993 DEBUG loaded <trimesh.Trimesh(vertices.shape=(48, 3), faces.shape=(28, 3))> using `load_obj` in 0.0008s
2025-07-26 14:14:03,116 DEBUG loaded <trimesh.Trimesh(vertices.shape=(916, 3), faces.shape=(856, 3))> using `load_obj` in 0.0027s
2025-07-26 14:14:17,160 INFO =====> Skill params: [ 1.         -0.15091655  1.         -0.99671376  0.03845211]
2025-07-26 14:14:17,160 INFO =====> Grad: [ 816.5371   3946.1443   -296.2613   -154.63394   -21.068224]
2025-07-26 14:14:17,160 INFO =====> Num. aborted data so far: 0
2025-07-26 14:14:17,161 INFO ===========> Epoch: 5 optimisation losses
2025-07-26 14:14:17,161 INFO =====> EMD Loss: 17.752636
2025-07-26 14:14:17,161 INFO =====> Height map loss: 7.719123
2025-07-26 14:14:17,522 DEBUG loaded <trimesh.Trimesh(vertices.shape=(48, 3), faces.shape=(28, 3))> using `load_obj` in 0.0008s
2025-07-26 14:14:17,646 DEBUG loaded <trimesh.Trimesh(vertices.shape=(916, 3), faces.shape=(856, 3))> using `load_obj` in 0.0028s
2025-07-26 14:14:23,663 INFO ==> EMD Loss: 17.791471
2025-07-26 14:14:23,663 INFO ==> Height map loss:  7.709676
2025-07-26 14:14:23,995 DEBUG loaded <trimesh.Trimesh(vertices.shape=(48, 3), faces.shape=(28, 3))> using `load_obj` in 0.0007s
2025-07-26 14:14:24,116 DEBUG loaded <trimesh.Trimesh(vertices.shape=(916, 3), faces.shape=(856, 3))> using `load_obj` in 0.0028s
2025-07-26 14:14:31,539 INFO ==> EMD Loss: 17.814260
2025-07-26 14:14:31,539 INFO ==> Height map loss:  7.734811
2025-07-26 14:14:31,878 DEBUG loaded <trimesh.Trimesh(vertices.shape=(48, 3), faces.shape=(28, 3))> using `load_obj` in 0.0007s
2025-07-26 14:14:31,998 DEBUG loaded <trimesh.Trimesh(vertices.shape=(916, 3), faces.shape=(856, 3))> using `load_obj` in 0.0027s
2025-07-26 14:14:37,725 INFO ==> EMD Loss: 17.814266
2025-07-26 14:14:37,725 INFO ==> Height map loss:  7.669558
2025-07-26 14:14:38,039 DEBUG loaded <trimesh.Trimesh(vertices.shape=(48, 3), faces.shape=(28, 3))> using `load_obj` in 0.0007s
2025-07-26 14:14:38,161 DEBUG loaded <trimesh.Trimesh(vertices.shape=(916, 3), faces.shape=(856, 3))> using `load_obj` in 0.0028s
2025-07-26 14:14:43,998 INFO ==> EMD Loss: 17.739059
2025-07-26 14:14:43,998 INFO ==> Height map loss:  7.583950
2025-07-26 14:14:44,314 DEBUG loaded <trimesh.Trimesh(vertices.shape=(48, 3), faces.shape=(28, 3))> using `load_obj` in 0.0007s
2025-07-26 14:14:44,434 DEBUG loaded <trimesh.Trimesh(vertices.shape=(916, 3), faces.shape=(856, 3))> using `load_obj` in 0.0027s
2025-07-26 14:14:50,131 INFO ==> EMD Loss: 17.707653
2025-07-26 14:14:50,131 INFO ==> Height map loss:  7.558701
2025-07-26 14:14:50,455 DEBUG loaded <trimesh.Trimesh(vertices.shape=(48, 3), faces.shape=(28, 3))> using `load_obj` in 0.0007s
2025-07-26 14:14:50,575 DEBUG loaded <trimesh.Trimesh(vertices.shape=(916, 3), faces.shape=(856, 3))> using `load_obj` in 0.0027s
2025-07-26 14:15:04,388 INFO =====> Skill params: [ 0.91072017 -0.23239799  1.         -0.9534276   0.04627228]
2025-07-26 14:15:04,388 INFO =====> Grad: [ 231.69284  670.81665 -265.25922  525.86945 -104.68229]
2025-07-26 14:15:04,388 INFO =====> Num. aborted data so far: 0
2025-07-26 14:15:04,389 INFO ===========> Epoch: 6 optimisation losses
2025-07-26 14:15:04,389 INFO =====> EMD Loss: 17.699160
2025-07-26 14:15:04,389 INFO =====> Height map loss: 7.559340
2025-07-26 14:15:04,766 DEBUG loaded <trimesh.Trimesh(vertices.shape=(48, 3), faces.shape=(28, 3))> using `load_obj` in 0.0008s
2025-07-26 14:15:04,888 DEBUG loaded <trimesh.Trimesh(vertices.shape=(916, 3), faces.shape=(856, 3))> using `load_obj` in 0.0028s
2025-07-26 14:15:10,747 INFO ==> EMD Loss: 17.690660
2025-07-26 14:15:10,747 INFO ==> Height map loss:  7.547328
2025-07-26 14:15:11,073 DEBUG loaded <trimesh.Trimesh(vertices.shape=(48, 3), faces.shape=(28, 3))> using `load_obj` in 0.0007s
2025-07-26 14:15:11,203 DEBUG loaded <trimesh.Trimesh(vertices.shape=(916, 3), faces.shape=(856, 3))> using `load_obj` in 0.0029s
2025-07-26 14:15:17,161 INFO ==> EMD Loss: 17.671024
2025-07-26 14:15:17,161 INFO ==> Height map loss:  7.503191
2025-07-26 14:15:17,496 DEBUG loaded <trimesh.Trimesh(vertices.shape=(48, 3), faces.shape=(28, 3))> using `load_obj` in 0.0008s
2025-07-26 14:15:17,622 DEBUG loaded <trimesh.Trimesh(vertices.shape=(916, 3), faces.shape=(856, 3))> using `load_obj` in 0.0028s
2025-07-26 14:15:23,564 INFO ==> EMD Loss: 17.618731
2025-07-26 14:15:23,565 INFO ==> Height map loss:  7.460703
2025-07-26 14:15:23,890 DEBUG loaded <trimesh.Trimesh(vertices.shape=(48, 3), faces.shape=(28, 3))> using `load_obj` in 0.0007s
2025-07-26 14:15:24,010 DEBUG loaded <trimesh.Trimesh(vertices.shape=(916, 3), faces.shape=(856, 3))> using `load_obj` in 0.0029s
2025-07-26 14:15:29,830 INFO ==> EMD Loss: 17.620056
2025-07-26 14:15:29,830 INFO ==> Height map loss:  7.457510
2025-07-26 14:15:30,153 DEBUG loaded <trimesh.Trimesh(vertices.shape=(48, 3), faces.shape=(28, 3))> using `load_obj` in 0.0007s
2025-07-26 14:15:30,279 DEBUG loaded <trimesh.Trimesh(vertices.shape=(916, 3), faces.shape=(856, 3))> using `load_obj` in 0.0028s
2025-07-26 14:15:37,869 INFO ==> EMD Loss: 17.622841
2025-07-26 14:15:37,869 INFO ==> Height map loss:  7.446815
2025-07-26 14:15:38,224 DEBUG loaded <trimesh.Trimesh(vertices.shape=(48, 3), faces.shape=(28, 3))> using `load_obj` in 0.0008s
2025-07-26 14:15:38,349 DEBUG loaded <trimesh.Trimesh(vertices.shape=(916, 3), faces.shape=(856, 3))> using `load_obj` in 0.0028s
2025-07-26 14:15:52,159 INFO =====> Skill params: [ 0.8842772  -0.24695547  1.         -1.          0.0863082 ]
2025-07-26 14:15:52,159 INFO =====> Grad: [1543.3955   2218.5308     97.189445 -631.9188    121.92466 ]
2025-07-26 14:15:52,159 INFO =====> Num. aborted data so far: 0
2025-07-26 14:15:52,160 INFO ===========> Epoch: 7 optimisation losses
2025-07-26 14:15:52,160 INFO =====> EMD Loss: 17.626938
2025-07-26 14:15:52,160 INFO =====> Height map loss: 7.446422
2025-07-26 14:15:52,508 DEBUG loaded <trimesh.Trimesh(vertices.shape=(48, 3), faces.shape=(28, 3))> using `load_obj` in 0.0007s
2025-07-26 14:15:52,636 DEBUG loaded <trimesh.Trimesh(vertices.shape=(916, 3), faces.shape=(856, 3))> using `load_obj` in 0.0028s
2025-07-26 14:15:58,464 INFO ==> EMD Loss: 17.622528
2025-07-26 14:15:58,464 INFO ==> Height map loss:  7.450191
2025-07-26 14:15:58,788 DEBUG loaded <trimesh.Trimesh(vertices.shape=(48, 3), faces.shape=(28, 3))> using `load_obj` in 0.0008s
2025-07-26 14:15:58,911 DEBUG loaded <trimesh.Trimesh(vertices.shape=(916, 3), faces.shape=(856, 3))> using `load_obj` in 0.0027s
2025-07-26 14:16:04,726 INFO ==> EMD Loss: 17.588379
2025-07-26 14:16:04,726 INFO ==> Height map loss:  7.479463
2025-07-26 14:16:05,054 DEBUG loaded <trimesh.Trimesh(vertices.shape=(48, 3), faces.shape=(28, 3))> using `load_obj` in 0.0007s
2025-07-26 14:16:05,176 DEBUG loaded <trimesh.Trimesh(vertices.shape=(916, 3), faces.shape=(856, 3))> using `load_obj` in 0.0030s
2025-07-26 14:16:10,911 INFO ==> EMD Loss: 17.596272
2025-07-26 14:16:10,911 INFO ==> Height map loss:  7.504139
2025-07-26 14:16:11,236 DEBUG loaded <trimesh.Trimesh(vertices.shape=(48, 3), faces.shape=(28, 3))> using `load_obj` in 0.0008s
2025-07-26 14:16:11,360 DEBUG loaded <trimesh.Trimesh(vertices.shape=(916, 3), faces.shape=(856, 3))> using `load_obj` in 0.0028s
2025-07-26 14:16:17,173 INFO ==> EMD Loss: 17.680140
2025-07-26 14:16:17,174 INFO ==> Height map loss:  7.512016
2025-07-26 14:16:17,503 DEBUG loaded <trimesh.Trimesh(vertices.shape=(48, 3), faces.shape=(28, 3))> using `load_obj` in 0.0007s
2025-07-26 14:16:17,628 DEBUG loaded <trimesh.Trimesh(vertices.shape=(916, 3), faces.shape=(856, 3))> using `load_obj` in 0.0029s
2025-07-26 14:16:23,248 INFO ==> EMD Loss: 17.708418
2025-07-26 14:16:23,248 INFO ==> Height map loss:  7.525463
2025-07-26 14:16:23,648 DEBUG loaded <trimesh.Trimesh(vertices.shape=(48, 3), faces.shape=(28, 3))> using `load_obj` in 0.0007s
2025-07-26 14:16:23,769 DEBUG loaded <trimesh.Trimesh(vertices.shape=(916, 3), faces.shape=(856, 3))> using `load_obj` in 0.0027s
2025-07-26 14:16:46,449 INFO =====> Skill params: [ 0.877642   -0.24940674  0.9985497  -0.99406517  0.0839291 ]
2025-07-26 14:16:46,449 INFO =====> Grad: [1525.8596  2130.8154   243.4904  -439.99457  130.87047]
2025-07-26 14:16:46,449 INFO =====> Num. aborted data so far: 0
2025-07-26 14:16:46,451 INFO ===========> Epoch: 8 optimisation losses
2025-07-26 14:16:46,451 INFO =====> EMD Loss: 17.620497
2025-07-26 14:16:46,451 INFO =====> Height map loss: 7.456355
2025-07-26 14:16:46,837 DEBUG loaded <trimesh.Trimesh(vertices.shape=(48, 3), faces.shape=(28, 3))> using `load_obj` in 0.0008s
2025-07-26 14:16:46,962 DEBUG loaded <trimesh.Trimesh(vertices.shape=(916, 3), faces.shape=(856, 3))> using `load_obj` in 0.0028s
2025-07-26 14:16:52,772 INFO ==> EMD Loss: 17.625505
2025-07-26 14:16:52,772 INFO ==> Height map loss:  7.451117
2025-07-26 14:16:53,099 DEBUG loaded <trimesh.Trimesh(vertices.shape=(48, 3), faces.shape=(28, 3))> using `load_obj` in 0.0007s
2025-07-26 14:16:53,225 DEBUG loaded <trimesh.Trimesh(vertices.shape=(916, 3), faces.shape=(856, 3))> using `load_obj` in 0.0027s
2025-07-26 14:16:59,168 INFO ==> EMD Loss: 17.627161
2025-07-26 14:16:59,168 INFO ==> Height map loss:  7.468954
2025-07-26 14:16:59,503 DEBUG loaded <trimesh.Trimesh(vertices.shape=(48, 3), faces.shape=(28, 3))> using `load_obj` in 0.0008s
2025-07-26 14:16:59,625 DEBUG loaded <trimesh.Trimesh(vertices.shape=(916, 3), faces.shape=(856, 3))> using `load_obj` in 0.0028s
2025-07-26 14:17:05,404 INFO ==> EMD Loss: 17.563086
2025-07-26 14:17:05,404 INFO ==> Height map loss:  7.474134
2025-07-26 14:17:05,740 DEBUG loaded <trimesh.Trimesh(vertices.shape=(48, 3), faces.shape=(28, 3))> using `load_obj` in 0.0008s
2025-07-26 14:17:05,870 DEBUG loaded <trimesh.Trimesh(vertices.shape=(916, 3), faces.shape=(856, 3))> using `load_obj` in 0.0028s
2025-07-26 14:17:11,680 INFO ==> EMD Loss: 17.644693
2025-07-26 14:17:11,680 INFO ==> Height map loss:  7.481958
2025-07-26 14:17:12,015 DEBUG loaded <trimesh.Trimesh(vertices.shape=(48, 3), faces.shape=(28, 3))> using `load_obj` in 0.0007s
2025-07-26 14:17:12,138 DEBUG loaded <trimesh.Trimesh(vertices.shape=(916, 3), faces.shape=(856, 3))> using `load_obj` in 0.0028s
2025-07-26 14:17:17,773 INFO ==> EMD Loss: 17.635765
2025-07-26 14:17:17,773 INFO ==> Height map loss:  7.478916
2025-07-26 14:17:18,102 DEBUG loaded <trimesh.Trimesh(vertices.shape=(48, 3), faces.shape=(28, 3))> using `load_obj` in 0.0007s
2025-07-26 14:17:18,225 DEBUG loaded <trimesh.Trimesh(vertices.shape=(916, 3), faces.shape=(856, 3))> using `load_obj` in 0.0027s
2025-07-26 14:17:41,319 INFO =====> Skill params: [ 0.8720541  -0.25180766  0.9949982  -0.99010664  0.08133953]
2025-07-26 14:17:41,319 INFO =====> Grad: [1560.3545   2305.7651    277.96017  -477.40018   -19.793835]
2025-07-26 14:17:41,319 INFO =====> Num. aborted data so far: 0
2025-07-26 14:17:41,319 INFO ===========> Epoch: 9 optimisation losses
2025-07-26 14:17:41,319 INFO =====> EMD Loss: 17.621607
2025-07-26 14:17:41,320 INFO =====> Height map loss: 7.454363
2025-07-26 14:17:41,698 DEBUG loaded <trimesh.Trimesh(vertices.shape=(48, 3), faces.shape=(28, 3))> using `load_obj` in 0.0007s
2025-07-26 14:17:41,822 DEBUG loaded <trimesh.Trimesh(vertices.shape=(916, 3), faces.shape=(856, 3))> using `load_obj` in 0.0028s
2025-07-26 14:17:47,735 INFO ==> EMD Loss: 17.623400
2025-07-26 14:17:47,735 INFO ==> Height map loss:  7.455536
2025-07-26 14:17:48,070 DEBUG loaded <trimesh.Trimesh(vertices.shape=(48, 3), faces.shape=(28, 3))> using `load_obj` in 0.0008s
2025-07-26 14:17:48,197 DEBUG loaded <trimesh.Trimesh(vertices.shape=(916, 3), faces.shape=(856, 3))> using `load_obj` in 0.0029s
2025-07-26 14:17:53,964 INFO ==> EMD Loss: 17.649632
2025-07-26 14:17:53,964 INFO ==> Height map loss:  7.465789
2025-07-26 14:17:54,293 DEBUG loaded <trimesh.Trimesh(vertices.shape=(48, 3), faces.shape=(28, 3))> using `load_obj` in 0.0007s
2025-07-26 14:17:54,416 DEBUG loaded <trimesh.Trimesh(vertices.shape=(916, 3), faces.shape=(856, 3))> using `load_obj` in 0.0027s
2025-07-26 14:18:00,357 INFO ==> EMD Loss: 17.643480
2025-07-26 14:18:00,357 INFO ==> Height map loss:  7.468581
2025-07-26 14:18:00,739 DEBUG loaded <trimesh.Trimesh(vertices.shape=(48, 3), faces.shape=(28, 3))> using `load_obj` in 0.0007s
2025-07-26 14:18:00,874 DEBUG loaded <trimesh.Trimesh(vertices.shape=(916, 3), faces.shape=(856, 3))> using `load_obj` in 0.0029s
2025-07-26 14:18:06,624 INFO ==> EMD Loss: 17.669020
2025-07-26 14:18:06,625 INFO ==> Height map loss:  7.479661
2025-07-26 14:18:06,961 DEBUG loaded <trimesh.Trimesh(vertices.shape=(48, 3), faces.shape=(28, 3))> using `load_obj` in 0.0007s
2025-07-26 14:18:07,083 DEBUG loaded <trimesh.Trimesh(vertices.shape=(916, 3), faces.shape=(856, 3))> using `load_obj` in 0.0028s
2025-07-26 14:18:12,946 INFO ==> EMD Loss: 17.649601
2025-07-26 14:18:12,946 INFO ==> Height map loss:  7.475492
2025-07-26 14:18:13,284 DEBUG loaded <trimesh.Trimesh(vertices.shape=(48, 3), faces.shape=(28, 3))> using `load_obj` in 0.0007s
2025-07-26 14:18:13,410 DEBUG loaded <trimesh.Trimesh(vertices.shape=(916, 3), faces.shape=(856, 3))> using `load_obj` in 0.0028s
2025-07-26 14:18:27,402 INFO =====> Skill params: [ 0.8669691  -0.25443882  0.9911018  -0.9860207   0.08175199]
2025-07-26 14:18:27,403 INFO =====> Grad: [1057.1583   1336.5413   -111.08285  -249.59726   -41.562225]
2025-07-26 14:18:27,403 INFO =====> Num. aborted data so far: 0
2025-07-26 14:18:27,403 INFO ===========> Epoch: 10 optimisation losses
2025-07-26 14:18:27,403 INFO =====> EMD Loss: 17.620449
2025-07-26 14:18:27,403 INFO =====> Height map loss: 7.458431
2025-07-26 14:18:27,770 DEBUG loaded <trimesh.Trimesh(vertices.shape=(48, 3), faces.shape=(28, 3))> using `load_obj` in 0.0007s
2025-07-26 14:18:27,894 DEBUG loaded <trimesh.Trimesh(vertices.shape=(916, 3), faces.shape=(856, 3))> using `load_obj` in 0.0028s
2025-07-26 14:18:33,831 INFO ==> EMD Loss: 17.623663
2025-07-26 14:18:33,831 INFO ==> Height map loss:  7.454589
2025-07-26 14:18:34,169 DEBUG loaded <trimesh.Trimesh(vertices.shape=(48, 3), faces.shape=(28, 3))> using `load_obj` in 0.0007s
2025-07-26 14:18:34,295 DEBUG loaded <trimesh.Trimesh(vertices.shape=(916, 3), faces.shape=(856, 3))> using `load_obj` in 0.0028s
2025-07-26 14:18:40,105 INFO ==> EMD Loss: 17.621000
2025-07-26 14:18:40,106 INFO ==> Height map loss:  7.464880
2025-07-26 14:18:40,438 DEBUG loaded <trimesh.Trimesh(vertices.shape=(48, 3), faces.shape=(28, 3))> using `load_obj` in 0.0007s
2025-07-26 14:18:40,561 DEBUG loaded <trimesh.Trimesh(vertices.shape=(916, 3), faces.shape=(856, 3))> using `load_obj` in 0.0028s
2025-07-26 14:18:46,428 INFO ==> EMD Loss: 17.669405
2025-07-26 14:18:46,428 INFO ==> Height map loss:  7.478508
2025-07-26 14:18:46,782 DEBUG loaded <trimesh.Trimesh(vertices.shape=(48, 3), faces.shape=(28, 3))> using `load_obj` in 0.0008s
2025-07-26 14:18:46,905 DEBUG loaded <trimesh.Trimesh(vertices.shape=(916, 3), faces.shape=(856, 3))> using `load_obj` in 0.0027s
2025-07-26 14:18:52,663 INFO ==> EMD Loss: 17.584728
2025-07-26 14:18:52,663 INFO ==> Height map loss:  7.483662
2025-07-26 14:18:52,994 DEBUG loaded <trimesh.Trimesh(vertices.shape=(48, 3), faces.shape=(28, 3))> using `load_obj` in 0.0007s
2025-07-26 14:18:53,116 DEBUG loaded <trimesh.Trimesh(vertices.shape=(916, 3), faces.shape=(856, 3))> using `load_obj` in 0.0027s
2025-07-26 14:18:58,915 INFO ==> EMD Loss: 17.571442
2025-07-26 14:18:58,915 INFO ==> Height map loss:  7.475497
2025-07-26 14:18:59,260 DEBUG loaded <trimesh.Trimesh(vertices.shape=(48, 3), faces.shape=(28, 3))> using `load_obj` in 0.0008s
2025-07-26 14:18:59,383 DEBUG loaded <trimesh.Trimesh(vertices.shape=(916, 3), faces.shape=(856, 3))> using `load_obj` in 0.0027s
2025-07-26 14:19:13,276 INFO =====> Skill params: [ 0.8635776  -0.25602388  0.9927192  -0.98382974  0.08266071]
2025-07-26 14:19:13,276 INFO =====> Grad: [1617.7781  2302.6624   289.28217 -235.82149  166.5818 ]
2025-07-26 14:19:13,276 INFO =====> Num. aborted data so far: 0
2025-07-26 14:19:13,277 INFO ===========> Epoch: 11 optimisation losses
2025-07-26 14:19:13,277 INFO =====> EMD Loss: 17.632627
2025-07-26 14:19:13,277 INFO =====> Height map loss: 7.465937
2025-07-26 14:19:13,634 DEBUG loaded <trimesh.Trimesh(vertices.shape=(48, 3), faces.shape=(28, 3))> using `load_obj` in 0.0007s
2025-07-26 14:19:13,757 DEBUG loaded <trimesh.Trimesh(vertices.shape=(916, 3), faces.shape=(856, 3))> using `load_obj` in 0.0027s
2025-07-26 14:19:19,498 INFO ==> EMD Loss: 17.623850
2025-07-26 14:19:19,498 INFO ==> Height map loss:  7.457757
2025-07-26 14:19:19,833 DEBUG loaded <trimesh.Trimesh(vertices.shape=(48, 3), faces.shape=(28, 3))> using `load_obj` in 0.0007s
2025-07-26 14:19:19,957 DEBUG loaded <trimesh.Trimesh(vertices.shape=(916, 3), faces.shape=(856, 3))> using `load_obj` in 0.0028s
2025-07-26 14:19:25,793 INFO ==> EMD Loss: 17.526524
2025-07-26 14:19:25,793 INFO ==> Height map loss:  7.443850
2025-07-26 14:19:26,126 DEBUG loaded <trimesh.Trimesh(vertices.shape=(48, 3), faces.shape=(28, 3))> using `load_obj` in 0.0007s
2025-07-26 14:19:26,249 DEBUG loaded <trimesh.Trimesh(vertices.shape=(916, 3), faces.shape=(856, 3))> using `load_obj` in 0.0028s
2025-07-26 14:19:31,979 INFO ==> EMD Loss: 17.599316
2025-07-26 14:19:31,979 INFO ==> Height map loss:  7.427676
2025-07-26 14:19:32,325 DEBUG loaded <trimesh.Trimesh(vertices.shape=(48, 3), faces.shape=(28, 3))> using `load_obj` in 0.0007s
2025-07-26 14:19:32,450 DEBUG loaded <trimesh.Trimesh(vertices.shape=(916, 3), faces.shape=(856, 3))> using `load_obj` in 0.0028s
2025-07-26 14:19:38,311 INFO ==> EMD Loss: 17.542099
2025-07-26 14:19:38,311 INFO ==> Height map loss:  7.420540
2025-07-26 14:19:38,652 DEBUG loaded <trimesh.Trimesh(vertices.shape=(48, 3), faces.shape=(28, 3))> using `load_obj` in 0.0007s
2025-07-26 14:19:38,775 DEBUG loaded <trimesh.Trimesh(vertices.shape=(916, 3), faces.shape=(856, 3))> using `load_obj` in 0.0029s
2025-07-26 14:19:44,430 INFO ==> EMD Loss: 17.524336
2025-07-26 14:19:44,430 INFO ==> Height map loss:  7.404419
2025-07-26 14:19:44,772 DEBUG loaded <trimesh.Trimesh(vertices.shape=(48, 3), faces.shape=(28, 3))> using `load_obj` in 0.0008s
2025-07-26 14:19:44,895 DEBUG loaded <trimesh.Trimesh(vertices.shape=(916, 3), faces.shape=(856, 3))> using `load_obj` in 0.0028s
2025-07-26 14:19:58,501 INFO =====> Skill params: [ 0.7687929  -0.31111425  0.91229546 -0.9413005   0.01148474]
2025-07-26 14:19:58,502 INFO =====> Grad: [2204.9045   107.98011  203.01335 -234.98546  -99.8322 ]
2025-07-26 14:19:58,502 INFO =====> Num. aborted data so far: 0
2025-07-26 14:19:58,502 INFO ===========> Epoch: 12 optimisation losses
2025-07-26 14:19:58,502 INFO =====> EMD Loss: 17.520363
2025-07-26 14:19:58,502 INFO =====> Height map loss: 7.406005
2025-07-26 14:19:58,863 DEBUG loaded <trimesh.Trimesh(vertices.shape=(48, 3), faces.shape=(28, 3))> using `load_obj` in 0.0007s
2025-07-26 14:19:58,986 DEBUG loaded <trimesh.Trimesh(vertices.shape=(916, 3), faces.shape=(856, 3))> using `load_obj` in 0.0028s
2025-07-26 14:20:04,622 INFO ==> EMD Loss: 17.522112
2025-07-26 14:20:04,622 INFO ==> Height map loss:  7.406201
2025-07-26 14:20:04,973 DEBUG loaded <trimesh.Trimesh(vertices.shape=(48, 3), faces.shape=(28, 3))> using `load_obj` in 0.0007s
2025-07-26 14:20:05,096 DEBUG loaded <trimesh.Trimesh(vertices.shape=(916, 3), faces.shape=(856, 3))> using `load_obj` in 0.0027s
2025-07-26 14:20:10,849 INFO ==> EMD Loss: 17.596153
2025-07-26 14:20:10,849 INFO ==> Height map loss:  7.416906
2025-07-26 14:20:11,186 DEBUG loaded <trimesh.Trimesh(vertices.shape=(48, 3), faces.shape=(28, 3))> using `load_obj` in 0.0007s
2025-07-26 14:20:11,312 DEBUG loaded <trimesh.Trimesh(vertices.shape=(916, 3), faces.shape=(856, 3))> using `load_obj` in 0.0028s
2025-07-26 14:20:16,922 INFO ==> EMD Loss: 17.588373
2025-07-26 14:20:16,922 INFO ==> Height map loss:  7.417086
2025-07-26 14:20:17,261 DEBUG loaded <trimesh.Trimesh(vertices.shape=(48, 3), faces.shape=(28, 3))> using `load_obj` in 0.0007s
2025-07-26 14:20:17,384 DEBUG loaded <trimesh.Trimesh(vertices.shape=(916, 3), faces.shape=(856, 3))> using `load_obj` in 0.0027s
2025-07-26 14:20:23,090 INFO ==> EMD Loss: 17.582964
2025-07-26 14:20:23,090 INFO ==> Height map loss:  7.430124
2025-07-26 14:20:23,433 DEBUG loaded <trimesh.Trimesh(vertices.shape=(48, 3), faces.shape=(28, 3))> using `load_obj` in 0.0007s
2025-07-26 14:20:23,556 DEBUG loaded <trimesh.Trimesh(vertices.shape=(916, 3), faces.shape=(856, 3))> using `load_obj` in 0.0028s
2025-07-26 14:20:29,135 INFO ==> EMD Loss: 17.528444
2025-07-26 14:20:29,135 INFO ==> Height map loss:  7.410778
2025-07-26 14:20:29,488 DEBUG loaded <trimesh.Trimesh(vertices.shape=(48, 3), faces.shape=(28, 3))> using `load_obj` in 0.0007s
2025-07-26 14:20:29,611 DEBUG loaded <trimesh.Trimesh(vertices.shape=(916, 3), faces.shape=(856, 3))> using `load_obj` in 0.0027s
2025-07-26 14:20:43,030 INFO =====> Skill params: [ 0.76326144 -0.3112504   0.9094571  -0.93912643  0.01367231]
2025-07-26 14:20:43,030 INFO =====> Grad: [  -8.182277  108.59874  -202.97922   526.5278    -80.42724 ]
2025-07-26 14:20:43,030 INFO =====> Num. aborted data so far: 0
2025-07-26 14:20:43,031 INFO ===========> Epoch: 13 optimisation losses
2025-07-26 14:20:43,031 INFO =====> EMD Loss: 17.537472
2025-07-26 14:20:43,031 INFO =====> Height map loss: 7.413297
2025-07-26 14:20:43,396 DEBUG loaded <trimesh.Trimesh(vertices.shape=(48, 3), faces.shape=(28, 3))> using `load_obj` in 0.0007s
2025-07-26 14:20:43,520 DEBUG loaded <trimesh.Trimesh(vertices.shape=(916, 3), faces.shape=(856, 3))> using `load_obj` in 0.0028s
2025-07-26 14:20:49,124 INFO ==> EMD Loss: 17.526802
2025-07-26 14:20:49,124 INFO ==> Height map loss:  7.401088
2025-07-26 14:20:49,471 DEBUG loaded <trimesh.Trimesh(vertices.shape=(48, 3), faces.shape=(28, 3))> using `load_obj` in 0.0007s
2025-07-26 14:20:49,598 DEBUG loaded <trimesh.Trimesh(vertices.shape=(916, 3), faces.shape=(856, 3))> using `load_obj` in 0.0028s
2025-07-26 14:20:55,455 INFO ==> EMD Loss: 17.515589
2025-07-26 14:20:55,455 INFO ==> Height map loss:  7.388347
2025-07-26 14:20:55,810 DEBUG loaded <trimesh.Trimesh(vertices.shape=(48, 3), faces.shape=(28, 3))> using `load_obj` in 0.0007s
2025-07-26 14:20:55,937 DEBUG loaded <trimesh.Trimesh(vertices.shape=(916, 3), faces.shape=(856, 3))> using `load_obj` in 0.0028s
2025-07-26 14:21:01,686 INFO ==> EMD Loss: 17.516397
2025-07-26 14:21:01,686 INFO ==> Height map loss:  7.365236
2025-07-26 14:21:02,027 DEBUG loaded <trimesh.Trimesh(vertices.shape=(48, 3), faces.shape=(28, 3))> using `load_obj` in 0.0007s
2025-07-26 14:21:02,153 DEBUG loaded <trimesh.Trimesh(vertices.shape=(916, 3), faces.shape=(856, 3))> using `load_obj` in 0.0027s
2025-07-26 14:21:08,025 INFO ==> EMD Loss: 17.505177
2025-07-26 14:21:08,025 INFO ==> Height map loss:  7.343989
2025-07-26 14:21:08,419 DEBUG loaded <trimesh.Trimesh(vertices.shape=(48, 3), faces.shape=(28, 3))> using `load_obj` in 0.0007s
2025-07-26 14:21:08,546 DEBUG loaded <trimesh.Trimesh(vertices.shape=(916, 3), faces.shape=(856, 3))> using `load_obj` in 0.0028s
2025-07-26 14:21:14,250 INFO ==> EMD Loss: 17.502218
2025-07-26 14:21:14,251 INFO ==> Height map loss:  7.346881
2025-07-26 14:21:14,603 DEBUG loaded <trimesh.Trimesh(vertices.shape=(48, 3), faces.shape=(28, 3))> using `load_obj` in 0.0007s
2025-07-26 14:21:14,732 DEBUG loaded <trimesh.Trimesh(vertices.shape=(916, 3), faces.shape=(856, 3))> using `load_obj` in 0.0028s
2025-07-26 14:21:28,647 INFO =====> Skill params: [ 0.763586   -0.31341508  0.9522513  -1.          0.04101824]
2025-07-26 14:21:28,647 INFO =====> Grad: [2251.6074   792.4314   283.9865   469.9383   -93.22422]
2025-07-26 14:21:28,647 INFO =====> Num. aborted data so far: 0
2025-07-26 14:21:28,648 INFO ===========> Epoch: 14 optimisation losses
2025-07-26 14:21:28,648 INFO =====> EMD Loss: 17.503693
2025-07-26 14:21:28,648 INFO =====> Height map loss: 7.354949
2025-07-26 14:21:29,015 DEBUG loaded <trimesh.Trimesh(vertices.shape=(48, 3), faces.shape=(28, 3))> using `load_obj` in 0.0007s
2025-07-26 14:21:29,141 DEBUG loaded <trimesh.Trimesh(vertices.shape=(916, 3), faces.shape=(856, 3))> using `load_obj` in 0.0028s
2025-07-26 14:21:34,924 INFO ==> EMD Loss: 17.504320
2025-07-26 14:21:34,924 INFO ==> Height map loss:  7.348469
2025-07-26 14:21:35,291 DEBUG loaded <trimesh.Trimesh(vertices.shape=(48, 3), faces.shape=(28, 3))> using `load_obj` in 0.0007s
2025-07-26 14:21:35,414 DEBUG loaded <trimesh.Trimesh(vertices.shape=(916, 3), faces.shape=(856, 3))> using `load_obj` in 0.0026s
2025-07-26 14:21:40,987 INFO ==> EMD Loss: 17.513947
2025-07-26 14:21:40,987 INFO ==> Height map loss:  7.338304
2025-07-26 14:21:41,328 DEBUG loaded <trimesh.Trimesh(vertices.shape=(48, 3), faces.shape=(28, 3))> using `load_obj` in 0.0007s
2025-07-26 14:21:41,453 DEBUG loaded <trimesh.Trimesh(vertices.shape=(916, 3), faces.shape=(856, 3))> using `load_obj` in 0.0027s
2025-07-26 14:21:47,190 INFO ==> EMD Loss: 17.528969
2025-07-26 14:21:47,190 INFO ==> Height map loss:  7.332864
2025-07-26 14:21:47,531 DEBUG loaded <trimesh.Trimesh(vertices.shape=(48, 3), faces.shape=(28, 3))> using `load_obj` in 0.0007s
2025-07-26 14:21:47,658 DEBUG loaded <trimesh.Trimesh(vertices.shape=(916, 3), faces.shape=(856, 3))> using `load_obj` in 0.0028s
2025-07-26 14:21:53,304 INFO ==> EMD Loss: 17.529491
2025-07-26 14:21:53,304 INFO ==> Height map loss:  7.330812
2025-07-26 14:21:53,652 DEBUG loaded <trimesh.Trimesh(vertices.shape=(48, 3), faces.shape=(28, 3))> using `load_obj` in 0.0007s
2025-07-26 14:21:53,777 DEBUG loaded <trimesh.Trimesh(vertices.shape=(916, 3), faces.shape=(856, 3))> using `load_obj` in 0.0028s
2025-07-26 14:21:59,548 INFO ==> EMD Loss: 17.509119
2025-07-26 14:21:59,548 INFO ==> Height map loss:  7.324086
2025-07-26 14:21:59,891 DEBUG loaded <trimesh.Trimesh(vertices.shape=(48, 3), faces.shape=(28, 3))> using `load_obj` in 0.0007s
2025-07-26 14:22:00,017 DEBUG loaded <trimesh.Trimesh(vertices.shape=(916, 3), faces.shape=(856, 3))> using `load_obj` in 0.0028s
2025-07-26 14:22:13,487 INFO =====> Skill params: [ 0.65889764 -0.33546442  0.8753282  -1.          0.08438763]
2025-07-26 14:22:13,487 INFO =====> Grad: [-2326.2935    738.2251    317.55222   225.69553  -118.82841]
2025-07-26 14:22:13,487 INFO =====> Num. aborted data so far: 0
2025-07-26 14:22:13,488 INFO ===========> Epoch: 15 optimisation losses
2025-07-26 14:22:13,488 INFO =====> EMD Loss: 17.536013
2025-07-26 14:22:13,488 INFO =====> Height map loss: 7.327871
2025-07-26 14:22:13,864 DEBUG loaded <trimesh.Trimesh(vertices.shape=(48, 3), faces.shape=(28, 3))> using `load_obj` in 0.0008s
2025-07-26 14:22:13,996 DEBUG loaded <trimesh.Trimesh(vertices.shape=(916, 3), faces.shape=(856, 3))> using `load_obj` in 0.0030s
2025-07-26 14:22:19,855 INFO ==> EMD Loss: 17.512508
2025-07-26 14:22:19,855 INFO ==> Height map loss:  7.321586
2025-07-26 14:22:20,205 DEBUG loaded <trimesh.Trimesh(vertices.shape=(48, 3), faces.shape=(28, 3))> using `load_obj` in 0.0008s
2025-07-26 14:22:20,332 DEBUG loaded <trimesh.Trimesh(vertices.shape=(916, 3), faces.shape=(856, 3))> using `load_obj` in 0.0029s
2025-07-26 14:22:26,053 INFO ==> EMD Loss: 17.511745
2025-07-26 14:22:26,054 INFO ==> Height map loss:  7.308148
2025-07-26 14:22:26,401 DEBUG loaded <trimesh.Trimesh(vertices.shape=(48, 3), faces.shape=(28, 3))> using `load_obj` in 0.0008s
2025-07-26 14:22:26,530 DEBUG loaded <trimesh.Trimesh(vertices.shape=(916, 3), faces.shape=(856, 3))> using `load_obj` in 0.0029s
2025-07-26 14:22:32,485 INFO ==> EMD Loss: 17.500793
2025-07-26 14:22:32,485 INFO ==> Height map loss:  7.302552
2025-07-26 14:22:32,835 DEBUG loaded <trimesh.Trimesh(vertices.shape=(48, 3), faces.shape=(28, 3))> using `load_obj` in 0.0007s
2025-07-26 14:22:32,961 DEBUG loaded <trimesh.Trimesh(vertices.shape=(916, 3), faces.shape=(856, 3))> using `load_obj` in 0.0028s
2025-07-26 14:22:38,711 INFO ==> EMD Loss: 17.482538
2025-07-26 14:22:38,712 INFO ==> Height map loss:  7.299337
2025-07-26 14:22:39,062 DEBUG loaded <trimesh.Trimesh(vertices.shape=(48, 3), faces.shape=(28, 3))> using `load_obj` in 0.0007s
2025-07-26 14:22:39,189 DEBUG loaded <trimesh.Trimesh(vertices.shape=(916, 3), faces.shape=(856, 3))> using `load_obj` in 0.0028s
2025-07-26 14:22:45,056 INFO ==> EMD Loss: 17.477699
2025-07-26 14:22:45,057 INFO ==> Height map loss:  7.292751
2025-07-26 14:22:45,440 DEBUG loaded <trimesh.Trimesh(vertices.shape=(48, 3), faces.shape=(28, 3))> using `load_obj` in 0.0008s
2025-07-26 14:22:45,568 DEBUG loaded <trimesh.Trimesh(vertices.shape=(916, 3), faces.shape=(856, 3))> using `load_obj` in 0.0027s
2025-07-26 14:22:59,183 INFO =====> Skill params: [ 0.7566232  -0.356977    0.7935209  -1.          0.14009099]
2025-07-26 14:22:59,183 INFO =====> Grad: [-2484.4744   -637.60345  -253.5844   -743.9032    123.59296]
2025-07-26 14:22:59,183 INFO =====> Num. aborted data so far: 0
2025-07-26 14:22:59,184 INFO ===========> Epoch: 16 optimisation losses
2025-07-26 14:22:59,184 INFO =====> EMD Loss: 17.481829
2025-07-26 14:22:59,184 INFO =====> Height map loss: 7.295788
2025-07-26 14:22:59,571 DEBUG loaded <trimesh.Trimesh(vertices.shape=(48, 3), faces.shape=(28, 3))> using `load_obj` in 0.0007s
2025-07-26 14:22:59,698 DEBUG loaded <trimesh.Trimesh(vertices.shape=(916, 3), faces.shape=(856, 3))> using `load_obj` in 0.0028s
2025-07-26 14:23:05,611 INFO ==> EMD Loss: 17.481546
2025-07-26 14:23:05,612 INFO ==> Height map loss:  7.296146
2025-07-26 14:23:05,959 DEBUG loaded <trimesh.Trimesh(vertices.shape=(48, 3), faces.shape=(28, 3))> using `load_obj` in 0.0007s
2025-07-26 14:23:06,087 DEBUG loaded <trimesh.Trimesh(vertices.shape=(916, 3), faces.shape=(856, 3))> using `load_obj` in 0.0028s
2025-07-26 14:23:11,783 INFO ==> EMD Loss: 17.503529
2025-07-26 14:23:11,784 INFO ==> Height map loss:  7.309805
2025-07-26 14:23:12,140 DEBUG loaded <trimesh.Trimesh(vertices.shape=(48, 3), faces.shape=(28, 3))> using `load_obj` in 0.0007s
2025-07-26 14:23:12,267 DEBUG loaded <trimesh.Trimesh(vertices.shape=(916, 3), faces.shape=(856, 3))> using `load_obj` in 0.0027s
2025-07-26 14:23:18,116 INFO ==> EMD Loss: 17.512285
2025-07-26 14:23:18,116 INFO ==> Height map loss:  7.340164
2025-07-26 14:23:18,471 DEBUG loaded <trimesh.Trimesh(vertices.shape=(48, 3), faces.shape=(28, 3))> using `load_obj` in 0.0007s
2025-07-26 14:23:18,598 DEBUG loaded <trimesh.Trimesh(vertices.shape=(916, 3), faces.shape=(856, 3))> using `load_obj` in 0.0028s
2025-07-26 14:23:24,311 INFO ==> EMD Loss: 17.511284
2025-07-26 14:23:24,311 INFO ==> Height map loss:  7.376941
2025-07-26 14:23:24,672 DEBUG loaded <trimesh.Trimesh(vertices.shape=(48, 3), faces.shape=(28, 3))> using `load_obj` in 0.0007s
2025-07-26 14:23:24,799 DEBUG loaded <trimesh.Trimesh(vertices.shape=(916, 3), faces.shape=(856, 3))> using `load_obj` in 0.0028s
2025-07-26 14:23:30,703 INFO ==> EMD Loss: 17.519480
2025-07-26 14:23:30,703 INFO ==> Height map loss:  7.403821
2025-07-26 14:23:31,066 DEBUG loaded <trimesh.Trimesh(vertices.shape=(48, 3), faces.shape=(28, 3))> using `load_obj` in 0.0008s
2025-07-26 14:23:31,199 DEBUG loaded <trimesh.Trimesh(vertices.shape=(916, 3), faces.shape=(856, 3))> using `load_obj` in 0.0029s
2025-07-26 14:23:44,895 INFO =====> Skill params: [ 0.7613819  -0.3560029   0.79675746 -0.99453896  0.1371843 ]
2025-07-26 14:23:44,896 INFO =====> Grad: [-2489.528    -658.3571   -275.19012  -695.4547    113.11814]
2025-07-26 14:23:44,896 INFO =====> Num. aborted data so far: 0
2025-07-26 14:23:44,896 INFO ===========> Epoch: 17 optimisation losses
2025-07-26 14:23:44,896 INFO =====> EMD Loss: 17.481586
2025-07-26 14:23:44,896 INFO =====> Height map loss: 7.298023
2025-07-26 14:23:45,274 DEBUG loaded <trimesh.Trimesh(vertices.shape=(48, 3), faces.shape=(28, 3))> using `load_obj` in 0.0008s
2025-07-26 14:23:45,407 DEBUG loaded <trimesh.Trimesh(vertices.shape=(916, 3), faces.shape=(856, 3))> using `load_obj` in 0.0030s
2025-07-26 14:23:51,339 INFO ==> EMD Loss: 17.483572
2025-07-26 14:23:51,339 INFO ==> Height map loss:  7.298509
2025-07-26 14:23:51,695 DEBUG loaded <trimesh.Trimesh(vertices.shape=(48, 3), faces.shape=(28, 3))> using `load_obj` in 0.0007s
2025-07-26 14:23:51,825 DEBUG loaded <trimesh.Trimesh(vertices.shape=(916, 3), faces.shape=(856, 3))> using `load_obj` in 0.0028s
2025-07-26 14:23:57,560 INFO ==> EMD Loss: 17.504608
2025-07-26 14:23:57,561 INFO ==> Height map loss:  7.309966
2025-07-26 14:23:57,921 DEBUG loaded <trimesh.Trimesh(vertices.shape=(48, 3), faces.shape=(28, 3))> using `load_obj` in 0.0007s
2025-07-26 14:23:58,054 DEBUG loaded <trimesh.Trimesh(vertices.shape=(916, 3), faces.shape=(856, 3))> using `load_obj` in 0.0029s
2025-07-26 14:24:03,984 INFO ==> EMD Loss: 17.514185
2025-07-26 14:24:03,984 INFO ==> Height map loss:  7.341694
2025-07-26 14:24:04,336 DEBUG loaded <trimesh.Trimesh(vertices.shape=(48, 3), faces.shape=(28, 3))> using `load_obj` in 0.0007s
2025-07-26 14:24:04,466 DEBUG loaded <trimesh.Trimesh(vertices.shape=(916, 3), faces.shape=(856, 3))> using `load_obj` in 0.0028s
2025-07-26 14:24:10,175 INFO ==> EMD Loss: 17.510851
2025-07-26 14:24:10,175 INFO ==> Height map loss:  7.371798
2025-07-26 14:24:10,531 DEBUG loaded <trimesh.Trimesh(vertices.shape=(48, 3), faces.shape=(28, 3))> using `load_obj` in 0.0008s
2025-07-26 14:24:10,660 DEBUG loaded <trimesh.Trimesh(vertices.shape=(916, 3), faces.shape=(856, 3))> using `load_obj` in 0.0028s
2025-07-26 14:24:16,551 INFO ==> EMD Loss: 17.521456
2025-07-26 14:24:16,551 INFO ==> Height map loss:  7.404855
2025-07-26 14:24:16,926 DEBUG loaded <trimesh.Trimesh(vertices.shape=(48, 3), faces.shape=(28, 3))> using `load_obj` in 0.0007s
2025-07-26 14:24:17,054 DEBUG loaded <trimesh.Trimesh(vertices.shape=(916, 3), faces.shape=(856, 3))> using `load_obj` in 0.0028s
2025-07-26 14:24:30,724 INFO =====> Skill params: [ 0.76582336 -0.35494924  0.8002064  -0.9898581   0.1344951 ]
2025-07-26 14:24:30,724 INFO =====> Grad: [-2495.1965   -643.0609   -279.51315  -608.2307     97.12415]
2025-07-26 14:24:30,724 INFO =====> Num. aborted data so far: 0
2025-07-26 14:24:30,725 INFO ===========> Epoch: 18 optimisation losses
2025-07-26 14:24:30,725 INFO =====> EMD Loss: 17.484074
2025-07-26 14:24:30,725 INFO =====> Height map loss: 7.299161
2025-07-26 14:24:31,102 DEBUG loaded <trimesh.Trimesh(vertices.shape=(48, 3), faces.shape=(28, 3))> using `load_obj` in 0.0007s
2025-07-26 14:24:31,232 DEBUG loaded <trimesh.Trimesh(vertices.shape=(916, 3), faces.shape=(856, 3))> using `load_obj` in 0.0028s
2025-07-26 14:24:37,115 INFO ==> EMD Loss: 17.494333
2025-07-26 14:24:37,115 INFO ==> Height map loss:  7.300634
2025-07-26 14:24:37,473 DEBUG loaded <trimesh.Trimesh(vertices.shape=(48, 3), faces.shape=(28, 3))> using `load_obj` in 0.0007s
2025-07-26 14:24:37,602 DEBUG loaded <trimesh.Trimesh(vertices.shape=(916, 3), faces.shape=(856, 3))> using `load_obj` in 0.0028s
2025-07-26 14:24:43,320 INFO ==> EMD Loss: 17.501539
2025-07-26 14:24:43,320 INFO ==> Height map loss:  7.312400
2025-07-26 14:24:43,671 DEBUG loaded <trimesh.Trimesh(vertices.shape=(48, 3), faces.shape=(28, 3))> using `load_obj` in 0.0007s
2025-07-26 14:24:43,799 DEBUG loaded <trimesh.Trimesh(vertices.shape=(916, 3), faces.shape=(856, 3))> using `load_obj` in 0.0027s
2025-07-26 14:24:49,672 INFO ==> EMD Loss: 17.514002
2025-07-26 14:24:49,673 INFO ==> Height map loss:  7.341021
2025-07-26 14:24:50,026 DEBUG loaded <trimesh.Trimesh(vertices.shape=(48, 3), faces.shape=(28, 3))> using `load_obj` in 0.0007s
2025-07-26 14:24:50,159 DEBUG loaded <trimesh.Trimesh(vertices.shape=(916, 3), faces.shape=(856, 3))> using `load_obj` in 0.0028s
2025-07-26 14:24:56,050 INFO ==> EMD Loss: 17.508450
2025-07-26 14:24:56,051 INFO ==> Height map loss:  7.367230
2025-07-26 14:24:56,405 DEBUG loaded <trimesh.Trimesh(vertices.shape=(48, 3), faces.shape=(28, 3))> using `load_obj` in 0.0007s
2025-07-26 14:24:56,535 DEBUG loaded <trimesh.Trimesh(vertices.shape=(916, 3), faces.shape=(856, 3))> using `load_obj` in 0.0028s
2025-07-26 14:25:02,521 INFO ==> EMD Loss: 17.524271
2025-07-26 14:25:02,521 INFO ==> Height map loss:  7.402886
2025-07-26 14:25:02,881 DEBUG loaded <trimesh.Trimesh(vertices.shape=(48, 3), faces.shape=(28, 3))> using `load_obj` in 0.0008s
2025-07-26 14:25:03,011 DEBUG loaded <trimesh.Trimesh(vertices.shape=(916, 3), faces.shape=(856, 3))> using `load_obj` in 0.0029s
2025-07-26 14:25:16,754 INFO =====> Skill params: [ 0.77002937 -0.35387143  0.8036476  -0.98593014  0.13213757]
2025-07-26 14:25:16,755 INFO =====> Grad: [-2.4945374e+03  1.1866136e+02 -1.7178246e+02  4.9205560e+02
 -2.8891167e-01]
2025-07-26 14:25:16,755 INFO =====> Num. aborted data so far: 0
2025-07-26 14:25:16,755 INFO ===========> Epoch: 19 optimisation losses
2025-07-26 14:25:16,755 INFO =====> EMD Loss: 17.498430
2025-07-26 14:25:16,755 INFO =====> Height map loss: 7.301204
2025-07-26 14:25:17,139 DEBUG loaded <trimesh.Trimesh(vertices.shape=(48, 3), faces.shape=(28, 3))> using `load_obj` in 0.0007s
2025-07-26 14:25:17,270 DEBUG loaded <trimesh.Trimesh(vertices.shape=(916, 3), faces.shape=(856, 3))> using `load_obj` in 0.0029s
2025-07-26 14:25:23,159 INFO ==> EMD Loss: 17.484123
2025-07-26 14:25:23,159 INFO ==> Height map loss:  7.299179
2025-07-26 14:25:23,575 DEBUG loaded <trimesh.Trimesh(vertices.shape=(48, 3), faces.shape=(28, 3))> using `load_obj` in 0.0007s
2025-07-26 14:25:23,703 DEBUG loaded <trimesh.Trimesh(vertices.shape=(916, 3), faces.shape=(856, 3))> using `load_obj` in 0.0028s
2025-07-26 14:25:29,467 INFO ==> EMD Loss: 17.484482
2025-07-26 14:25:29,467 INFO ==> Height map loss:  7.296271
2025-07-26 14:25:29,816 DEBUG loaded <trimesh.Trimesh(vertices.shape=(48, 3), faces.shape=(28, 3))> using `load_obj` in 0.0007s
2025-07-26 14:25:29,943 DEBUG loaded <trimesh.Trimesh(vertices.shape=(916, 3), faces.shape=(856, 3))> using `load_obj` in 0.0027s
2025-07-26 14:25:35,893 INFO ==> EMD Loss: 17.484241
2025-07-26 14:25:35,893 INFO ==> Height map loss:  7.301752
2025-07-26 14:25:36,264 DEBUG loaded <trimesh.Trimesh(vertices.shape=(48, 3), faces.shape=(28, 3))> using `load_obj` in 0.0008s
2025-07-26 14:25:36,390 DEBUG loaded <trimesh.Trimesh(vertices.shape=(916, 3), faces.shape=(856, 3))> using `load_obj` in 0.0028s
2025-07-26 14:25:42,119 INFO ==> EMD Loss: 17.481585
2025-07-26 14:25:42,119 INFO ==> Height map loss:  7.297564
2025-07-26 14:25:42,472 DEBUG loaded <trimesh.Trimesh(vertices.shape=(48, 3), faces.shape=(28, 3))> using `load_obj` in 0.0007s
2025-07-26 14:25:42,598 DEBUG loaded <trimesh.Trimesh(vertices.shape=(916, 3), faces.shape=(856, 3))> using `load_obj` in 0.0028s
2025-07-26 14:25:48,544 INFO ==> EMD Loss: 17.482847
2025-07-26 14:25:48,544 INFO ==> Height map loss:  7.303824
2025-07-26 14:25:48,959 DEBUG loaded <trimesh.Trimesh(vertices.shape=(48, 3), faces.shape=(28, 3))> using `load_obj` in 0.0008s
2025-07-26 14:25:49,086 DEBUG loaded <trimesh.Trimesh(vertices.shape=(916, 3), faces.shape=(856, 3))> using `load_obj` in 0.0028s
2025-07-26 14:25:54,812 INFO ===========> Finished training.
2025-07-26 14:25:54,812 INFO ====> Final EMD Loss: 17.484564
2025-07-26 14:25:54,812 INFO ====> Final Height map loss: 7.301456
2025-07-26 14:25:54,812 INFO ====> Final skill params: [ 0.7901077  -0.3549194   0.8144982  -1.          0.13217452]
