2024-12-07 02:26:02,890 DEBUG loaded <trimesh.Trimesh(vertices.shape=(916, 3), faces.shape=(856, 3))> using `load_obj` in 0.0029s
2024-12-07 02:26:03,035 DEBUG loaded <trimesh.Trimesh(vertices.shape=(48, 3), faces.shape=(28, 3))> using `load_obj` in 0.0007s
2024-12-07 02:26:24,578 INFO =====> Skill params: [ 1.    0.45  0.8   0.   -0.1 ]
2024-12-07 02:26:24,578 INFO =====> Grad: [-6.5648889e+02 -4.5743637e+01 -3.4080385e-06  1.6752988e+02
 -2.3445443e-06]
2024-12-07 02:26:24,578 INFO =====> Num. aborted data so far: 0
2024-12-07 02:26:24,586 INFO ===========> Epoch: 0 optimisation losses
2024-12-07 02:26:24,586 INFO =====> EMD Loss: 25.783007
2024-12-07 02:26:24,586 INFO =====> Height map loss: 12.960130
2024-12-07 02:26:24,586 INFO =====> Insertion loss: 0.000000
2024-12-07 02:26:25,207 DEBUG loaded <trimesh.Trimesh(vertices.shape=(916, 3), faces.shape=(856, 3))> using `load_obj` in 0.0029s
2024-12-07 02:26:25,354 DEBUG loaded <trimesh.Trimesh(vertices.shape=(48, 3), faces.shape=(28, 3))> using `load_obj` in 0.0007s
2024-12-07 02:26:33,110 INFO ==> EMD Loss: 26.063782
2024-12-07 02:26:33,110 INFO ==> Height map loss:  13.297742
2024-12-07 02:26:33,110 INFO ==> Insertion loss: 0.000000
2024-12-07 02:26:33,701 DEBUG loaded <trimesh.Trimesh(vertices.shape=(916, 3), faces.shape=(856, 3))> using `load_obj` in 0.0029s
2024-12-07 02:26:33,854 DEBUG loaded <trimesh.Trimesh(vertices.shape=(48, 3), faces.shape=(28, 3))> using `load_obj` in 0.0007s
2024-12-07 02:26:41,907 INFO ==> EMD Loss: 26.071007
2024-12-07 02:26:41,907 INFO ==> Height map loss:  13.560424
2024-12-07 02:26:41,908 INFO ==> Insertion loss: 0.000000
2024-12-07 02:26:42,500 DEBUG loaded <trimesh.Trimesh(vertices.shape=(916, 3), faces.shape=(856, 3))> using `load_obj` in 0.0028s
2024-12-07 02:26:42,647 DEBUG loaded <trimesh.Trimesh(vertices.shape=(48, 3), faces.shape=(28, 3))> using `load_obj` in 0.0007s
2024-12-07 02:26:50,764 INFO ==> EMD Loss: 25.493736
2024-12-07 02:26:50,764 INFO ==> Height map loss:  13.897115
2024-12-07 02:26:50,764 INFO ==> Insertion loss: 0.000000
2024-12-07 02:26:51,353 DEBUG loaded <trimesh.Trimesh(vertices.shape=(916, 3), faces.shape=(856, 3))> using `load_obj` in 0.0029s
2024-12-07 02:26:51,501 DEBUG loaded <trimesh.Trimesh(vertices.shape=(48, 3), faces.shape=(28, 3))> using `load_obj` in 0.0007s
2024-12-07 02:26:59,945 INFO ==> EMD Loss: 25.257116
2024-12-07 02:26:59,945 INFO ==> Height map loss:  13.600741
2024-12-07 02:26:59,945 INFO ==> Insertion loss: 0.000000
2024-12-07 02:27:00,563 DEBUG loaded <trimesh.Trimesh(vertices.shape=(916, 3), faces.shape=(856, 3))> using `load_obj` in 0.0030s
2024-12-07 02:27:00,709 DEBUG loaded <trimesh.Trimesh(vertices.shape=(48, 3), faces.shape=(28, 3))> using `load_obj` in 0.0007s
2024-12-07 02:27:09,254 INFO ==> EMD Loss: 24.935228
2024-12-07 02:27:09,254 INFO ==> Height map loss:  12.903522
2024-12-07 02:27:09,254 INFO ==> Insertion loss: 0.000000
2024-12-07 02:27:09,852 DEBUG loaded <trimesh.Trimesh(vertices.shape=(916, 3), faces.shape=(856, 3))> using `load_obj` in 0.0028s
2024-12-07 02:27:10,001 DEBUG loaded <trimesh.Trimesh(vertices.shape=(48, 3), faces.shape=(28, 3))> using `load_obj` in 0.0007s
2024-12-07 02:27:34,993 INFO =====> Skill params: [ 1.          0.63973665  0.8021551  -0.18973665 -0.09851738]
2024-12-07 02:27:34,993 INFO =====> Grad: [ 1.6061256e+03 -8.1638434e+02  1.1966386e-06  7.7245953e+02
  1.7685408e-05]
2024-12-07 02:27:34,993 INFO =====> Num. aborted data so far: 0
2024-12-07 02:27:35,001 INFO ===========> Epoch: 1 optimisation losses
2024-12-07 02:27:35,001 INFO =====> EMD Loss: 24.935305
2024-12-07 02:27:35,001 INFO =====> Height map loss: 12.903584
2024-12-07 02:27:35,001 INFO =====> Insertion loss: 0.000000
2024-12-07 02:27:35,628 DEBUG loaded <trimesh.Trimesh(vertices.shape=(916, 3), faces.shape=(856, 3))> using `load_obj` in 0.0029s
2024-12-07 02:27:35,770 DEBUG loaded <trimesh.Trimesh(vertices.shape=(48, 3), faces.shape=(28, 3))> using `load_obj` in 0.0007s
2024-12-07 02:27:44,368 INFO ==> EMD Loss: 24.899902
2024-12-07 02:27:44,368 INFO ==> Height map loss:  12.824305
2024-12-07 02:27:44,368 INFO ==> Insertion loss: 0.000000
2024-12-07 02:27:44,968 DEBUG loaded <trimesh.Trimesh(vertices.shape=(916, 3), faces.shape=(856, 3))> using `load_obj` in 0.0029s
2024-12-07 02:27:45,117 DEBUG loaded <trimesh.Trimesh(vertices.shape=(48, 3), faces.shape=(28, 3))> using `load_obj` in 0.0007s
2024-12-07 02:27:53,978 INFO ==> EMD Loss: 24.615271
2024-12-07 02:27:53,978 INFO ==> Height map loss:  11.947772
2024-12-07 02:27:53,979 INFO ==> Insertion loss: 0.000000
2024-12-07 02:27:54,579 DEBUG loaded <trimesh.Trimesh(vertices.shape=(916, 3), faces.shape=(856, 3))> using `load_obj` in 0.0029s
2024-12-07 02:27:54,725 DEBUG loaded <trimesh.Trimesh(vertices.shape=(48, 3), faces.shape=(28, 3))> using `load_obj` in 0.0007s
2024-12-07 02:28:03,664 INFO ==> EMD Loss: 24.306393
2024-12-07 02:28:03,664 INFO ==> Height map loss:  11.516444
2024-12-07 02:28:03,665 INFO ==> Insertion loss: 0.000000
2024-12-07 02:28:04,260 DEBUG loaded <trimesh.Trimesh(vertices.shape=(916, 3), faces.shape=(856, 3))> using `load_obj` in 0.0029s
2024-12-07 02:28:04,404 DEBUG loaded <trimesh.Trimesh(vertices.shape=(48, 3), faces.shape=(28, 3))> using `load_obj` in 0.0007s
2024-12-07 02:28:13,774 INFO ==> EMD Loss: 24.494812
2024-12-07 02:28:13,774 INFO ==> Height map loss:  11.573181
2024-12-07 02:28:13,774 INFO ==> Insertion loss: 0.000000
2024-12-07 02:28:14,372 DEBUG loaded <trimesh.Trimesh(vertices.shape=(916, 3), faces.shape=(856, 3))> using `load_obj` in 0.0029s
2024-12-07 02:28:14,515 DEBUG loaded <trimesh.Trimesh(vertices.shape=(48, 3), faces.shape=(28, 3))> using `load_obj` in 0.0007s
2024-12-07 02:28:23,908 INFO ==> EMD Loss: 24.505323
2024-12-07 02:28:23,908 INFO ==> Height map loss:  11.773982
2024-12-07 02:28:23,908 INFO ==> Insertion loss: 0.000000
2024-12-07 02:28:24,509 DEBUG loaded <trimesh.Trimesh(vertices.shape=(916, 3), faces.shape=(856, 3))> using `load_obj` in 0.0029s
2024-12-07 02:28:24,658 DEBUG loaded <trimesh.Trimesh(vertices.shape=(48, 3), faces.shape=(28, 3))> using `load_obj` in 0.0007s
2024-12-07 02:28:50,981 INFO =====> Skill params: [ 0.91154873  0.7344712   0.80175626 -0.28265855 -0.10440034]
2024-12-07 02:28:50,982 INFO =====> Grad: [ 2.6765164e+03 -1.5600144e+03 -1.7264387e-05  3.2814648e+02
 -5.1105503e-06]
2024-12-07 02:28:50,982 INFO =====> Num. aborted data so far: 0
2024-12-07 02:28:50,989 INFO ===========> Epoch: 2 optimisation losses
2024-12-07 02:28:50,989 INFO =====> EMD Loss: 24.306288
2024-12-07 02:28:50,989 INFO =====> Height map loss: 11.519782
2024-12-07 02:28:50,990 INFO =====> Insertion loss: 0.000000
2024-12-07 02:28:51,616 DEBUG loaded <trimesh.Trimesh(vertices.shape=(916, 3), faces.shape=(856, 3))> using `load_obj` in 0.0029s
2024-12-07 02:28:51,760 DEBUG loaded <trimesh.Trimesh(vertices.shape=(48, 3), faces.shape=(28, 3))> using `load_obj` in 0.0007s
2024-12-07 02:29:00,836 INFO ==> EMD Loss: 24.222992
2024-12-07 02:29:00,836 INFO ==> Height map loss:  11.660191
2024-12-07 02:29:00,836 INFO ==> Insertion loss: 0.000000
2024-12-07 02:29:01,431 DEBUG loaded <trimesh.Trimesh(vertices.shape=(916, 3), faces.shape=(856, 3))> using `load_obj` in 0.0029s
2024-12-07 02:29:01,573 DEBUG loaded <trimesh.Trimesh(vertices.shape=(48, 3), faces.shape=(28, 3))> using `load_obj` in 0.0007s
2024-12-07 02:29:10,739 INFO ==> EMD Loss: 24.497908
2024-12-07 02:29:10,739 INFO ==> Height map loss:  11.580838
2024-12-07 02:29:10,739 INFO ==> Insertion loss: 0.000000
2024-12-07 02:29:11,342 DEBUG loaded <trimesh.Trimesh(vertices.shape=(916, 3), faces.shape=(856, 3))> using `load_obj` in 0.0029s
2024-12-07 02:29:11,487 DEBUG loaded <trimesh.Trimesh(vertices.shape=(48, 3), faces.shape=(28, 3))> using `load_obj` in 0.0007s
2024-12-07 02:29:20,979 INFO ==> EMD Loss: 24.505188
2024-12-07 02:29:20,979 INFO ==> Height map loss:  11.777820
2024-12-07 02:29:20,979 INFO ==> Insertion loss: 0.000000
2024-12-07 02:29:21,581 DEBUG loaded <trimesh.Trimesh(vertices.shape=(916, 3), faces.shape=(856, 3))> using `load_obj` in 0.0029s
2024-12-07 02:29:21,725 DEBUG loaded <trimesh.Trimesh(vertices.shape=(48, 3), faces.shape=(28, 3))> using `load_obj` in 0.0007s
2024-12-07 02:29:31,269 INFO ==> EMD Loss: 24.514645
2024-12-07 02:29:31,269 INFO ==> Height map loss:  11.773230
2024-12-07 02:29:31,269 INFO ==> Insertion loss: 0.000000
2024-12-07 02:29:31,870 DEBUG loaded <trimesh.Trimesh(vertices.shape=(916, 3), faces.shape=(856, 3))> using `load_obj` in 0.0029s
2024-12-07 02:29:32,016 DEBUG loaded <trimesh.Trimesh(vertices.shape=(48, 3), faces.shape=(28, 3))> using `load_obj` in 0.0007s
2024-12-07 02:29:41,909 INFO ==> EMD Loss: 24.510767
2024-12-07 02:29:41,909 INFO ==> Height map loss:  11.773956
2024-12-07 02:29:41,909 INFO ==> Insertion loss: 0.000000
2024-12-07 02:29:42,511 DEBUG loaded <trimesh.Trimesh(vertices.shape=(916, 3), faces.shape=(856, 3))> using `load_obj` in 0.0028s
2024-12-07 02:29:42,655 DEBUG loaded <trimesh.Trimesh(vertices.shape=(48, 3), faces.shape=(28, 3))> using `load_obj` in 0.0007s
2024-12-07 02:30:09,654 INFO =====> Skill params: [ 0.8710646   0.77694565  0.80478257 -0.3017111  -0.10350452]
2024-12-07 02:30:09,654 INFO =====> Grad: [-2.9971289e+02  6.2193683e+02 -9.0620269e-06 -3.0722330e+02
  3.1531108e-05]
2024-12-07 02:30:09,654 INFO =====> Num. aborted data so far: 0
2024-12-07 02:30:09,662 INFO ===========> Epoch: 3 optimisation losses
2024-12-07 02:30:09,662 INFO =====> EMD Loss: 24.498022
2024-12-07 02:30:09,662 INFO =====> Height map loss: 11.580741
2024-12-07 02:30:09,662 INFO =====> Insertion loss: 0.000000
2024-12-07 02:30:10,370 DEBUG loaded <trimesh.Trimesh(vertices.shape=(916, 3), faces.shape=(856, 3))> using `load_obj` in 0.0029s
2024-12-07 02:30:10,516 DEBUG loaded <trimesh.Trimesh(vertices.shape=(48, 3), faces.shape=(28, 3))> using `load_obj` in 0.0007s
2024-12-07 02:30:19,676 INFO ==> EMD Loss: 24.499790
2024-12-07 02:30:19,676 INFO ==> Height map loss:  11.582828
2024-12-07 02:30:19,676 INFO ==> Insertion loss: 0.000000
2024-12-07 02:30:20,276 DEBUG loaded <trimesh.Trimesh(vertices.shape=(916, 3), faces.shape=(856, 3))> using `load_obj` in 0.0029s
2024-12-07 02:30:20,421 DEBUG loaded <trimesh.Trimesh(vertices.shape=(48, 3), faces.shape=(28, 3))> using `load_obj` in 0.0007s
2024-12-07 02:30:29,632 INFO ==> EMD Loss: 24.404369
2024-12-07 02:30:29,632 INFO ==> Height map loss:  11.403199
2024-12-07 02:30:29,632 INFO ==> Insertion loss: 0.000000
2024-12-07 02:30:30,229 DEBUG loaded <trimesh.Trimesh(vertices.shape=(916, 3), faces.shape=(856, 3))> using `load_obj` in 0.0029s
2024-12-07 02:30:30,374 DEBUG loaded <trimesh.Trimesh(vertices.shape=(48, 3), faces.shape=(28, 3))> using `load_obj` in 0.0007s
2024-12-07 02:30:39,371 INFO ==> EMD Loss: 24.385899
2024-12-07 02:30:39,371 INFO ==> Height map loss:  11.783594
2024-12-07 02:30:39,371 INFO ==> Insertion loss: 0.000000
2024-12-07 02:30:39,975 DEBUG loaded <trimesh.Trimesh(vertices.shape=(916, 3), faces.shape=(856, 3))> using `load_obj` in 0.0029s
2024-12-07 02:30:40,120 DEBUG loaded <trimesh.Trimesh(vertices.shape=(48, 3), faces.shape=(28, 3))> using `load_obj` in 0.0007s
2024-12-07 02:30:49,039 INFO ==> EMD Loss: 24.245447
2024-12-07 02:30:49,039 INFO ==> Height map loss:  11.433417
2024-12-07 02:30:49,039 INFO ==> Insertion loss: 0.000000
2024-12-07 02:30:49,393 DEBUG loaded <trimesh.Trimesh(vertices.shape=(916, 3), faces.shape=(856, 3))> using `load_obj` in 0.0028s
2024-12-07 02:30:49,537 DEBUG loaded <trimesh.Trimesh(vertices.shape=(48, 3), faces.shape=(28, 3))> using `load_obj` in 0.0007s
2024-12-07 02:30:58,494 INFO ==> EMD Loss: 24.518864
2024-12-07 02:30:58,494 INFO ==> Height map loss:  11.981609
2024-12-07 02:30:58,494 INFO ==> Insertion loss: 0.000000
2024-12-07 02:30:59,090 DEBUG loaded <trimesh.Trimesh(vertices.shape=(916, 3), faces.shape=(856, 3))> using `load_obj` in 0.0031s
2024-12-07 02:30:59,238 DEBUG loaded <trimesh.Trimesh(vertices.shape=(48, 3), faces.shape=(28, 3))> using `load_obj` in 0.0007s
2024-12-07 02:31:25,960 INFO =====> Skill params: [ 0.87581915  0.76023984  0.8064559  -0.28423166 -0.10928699]
2024-12-07 02:31:25,961 INFO =====> Grad: [-2.7138992e+03  7.0060925e+02 -1.1270931e-05 -6.6441369e+00
  1.3746359e-05]
2024-12-07 02:31:25,961 INFO =====> Num. aborted data so far: 0
2024-12-07 02:31:25,969 INFO ===========> Epoch: 4 optimisation losses
2024-12-07 02:31:25,969 INFO =====> EMD Loss: 24.404512
2024-12-07 02:31:25,969 INFO =====> Height map loss: 11.403342
2024-12-07 02:31:25,969 INFO =====> Insertion loss: 0.000000
2024-12-07 02:31:26,348 DEBUG loaded <trimesh.Trimesh(vertices.shape=(916, 3), faces.shape=(856, 3))> using `load_obj` in 0.0029s
2024-12-07 02:31:26,493 DEBUG loaded <trimesh.Trimesh(vertices.shape=(48, 3), faces.shape=(28, 3))> using `load_obj` in 0.0007s
2024-12-07 02:31:35,676 INFO ==> EMD Loss: 24.292288
2024-12-07 02:31:35,676 INFO ==> Height map loss:  11.662673
2024-12-07 02:31:35,676 INFO ==> Insertion loss: 0.000000
2024-12-07 02:31:36,276 DEBUG loaded <trimesh.Trimesh(vertices.shape=(916, 3), faces.shape=(856, 3))> using `load_obj` in 0.0029s
2024-12-07 02:31:36,421 DEBUG loaded <trimesh.Trimesh(vertices.shape=(48, 3), faces.shape=(28, 3))> using `load_obj` in 0.0007s
2024-12-07 02:31:45,376 INFO ==> EMD Loss: 24.352053
2024-12-07 02:31:45,377 INFO ==> Height map loss:  11.608954
2024-12-07 02:31:45,377 INFO ==> Insertion loss: 0.000000
2024-12-07 02:31:45,979 DEBUG loaded <trimesh.Trimesh(vertices.shape=(916, 3), faces.shape=(856, 3))> using `load_obj` in 0.0030s
2024-12-07 02:31:46,127 DEBUG loaded <trimesh.Trimesh(vertices.shape=(48, 3), faces.shape=(28, 3))> using `load_obj` in 0.0007s
2024-12-07 02:31:55,050 INFO ==> EMD Loss: 24.295609
2024-12-07 02:31:55,050 INFO ==> Height map loss:  11.427446
2024-12-07 02:31:55,050 INFO ==> Insertion loss: 0.000000
2024-12-07 02:31:55,661 DEBUG loaded <trimesh.Trimesh(vertices.shape=(916, 3), faces.shape=(856, 3))> using `load_obj` in 0.0029s
2024-12-07 02:31:55,808 DEBUG loaded <trimesh.Trimesh(vertices.shape=(48, 3), faces.shape=(28, 3))> using `load_obj` in 0.0007s
2024-12-07 02:32:04,812 INFO ==> EMD Loss: 24.120008
2024-12-07 02:32:04,812 INFO ==> Height map loss:  11.469744
2024-12-07 02:32:04,812 INFO ==> Insertion loss: 0.000000
2024-12-07 02:32:05,410 DEBUG loaded <trimesh.Trimesh(vertices.shape=(916, 3), faces.shape=(856, 3))> using `load_obj` in 0.0029s
2024-12-07 02:32:05,556 DEBUG loaded <trimesh.Trimesh(vertices.shape=(48, 3), faces.shape=(28, 3))> using `load_obj` in 0.0007s
2024-12-07 02:32:14,305 INFO ==> EMD Loss: 24.102980
2024-12-07 02:32:14,305 INFO ==> Height map loss:  11.549269
2024-12-07 02:32:14,305 INFO ==> Insertion loss: 0.000000
2024-12-07 02:32:14,902 DEBUG loaded <trimesh.Trimesh(vertices.shape=(916, 3), faces.shape=(856, 3))> using `load_obj` in 0.0030s
2024-12-07 02:32:15,051 DEBUG loaded <trimesh.Trimesh(vertices.shape=(48, 3), faces.shape=(28, 3))> using `load_obj` in 0.0007s
2024-12-07 02:32:41,296 INFO =====> Skill params: [ 0.9414012   0.7236377   0.8108389  -0.28343475 -0.11459322]
2024-12-07 02:32:41,296 INFO =====> Grad: [-2.6458459e+03  1.5922273e+03  6.2336371e-06 -1.0598259e+03
  3.9781411e-05]
2024-12-07 02:32:41,296 INFO =====> Num. aborted data so far: 0
2024-12-07 02:32:41,304 INFO ===========> Epoch: 5 optimisation losses
2024-12-07 02:32:41,304 INFO =====> EMD Loss: 24.295467
2024-12-07 02:32:41,304 INFO =====> Height map loss: 11.427322
2024-12-07 02:32:41,304 INFO =====> Insertion loss: 0.000000
2024-12-07 02:32:41,963 DEBUG loaded <trimesh.Trimesh(vertices.shape=(916, 3), faces.shape=(856, 3))> using `load_obj` in 0.0029s
2024-12-07 02:32:42,109 DEBUG loaded <trimesh.Trimesh(vertices.shape=(48, 3), faces.shape=(28, 3))> using `load_obj` in 0.0007s
2024-12-07 02:32:51,009 INFO ==> EMD Loss: 24.229771
2024-12-07 02:32:51,009 INFO ==> Height map loss:  11.483892
2024-12-07 02:32:51,009 INFO ==> Insertion loss: 0.000000
2024-12-07 02:32:51,614 DEBUG loaded <trimesh.Trimesh(vertices.shape=(916, 3), faces.shape=(856, 3))> using `load_obj` in 0.0029s
2024-12-07 02:32:51,762 DEBUG loaded <trimesh.Trimesh(vertices.shape=(48, 3), faces.shape=(28, 3))> using `load_obj` in 0.0007s
2024-12-07 02:33:00,536 INFO ==> EMD Loss: 24.373095
2024-12-07 02:33:00,536 INFO ==> Height map loss:  11.840463
2024-12-07 02:33:00,536 INFO ==> Insertion loss: 0.000000
2024-12-07 02:33:01,147 DEBUG loaded <trimesh.Trimesh(vertices.shape=(916, 3), faces.shape=(856, 3))> using `load_obj` in 0.0029s
2024-12-07 02:33:01,295 DEBUG loaded <trimesh.Trimesh(vertices.shape=(48, 3), faces.shape=(28, 3))> using `load_obj` in 0.0007s
2024-12-07 02:33:09,876 INFO ==> EMD Loss: 24.973778
2024-12-07 02:33:09,877 INFO ==> Height map loss:  12.596573
2024-12-07 02:33:09,877 INFO ==> Insertion loss: 0.000000
2024-12-07 02:33:10,483 DEBUG loaded <trimesh.Trimesh(vertices.shape=(916, 3), faces.shape=(856, 3))> using `load_obj` in 0.0028s
2024-12-07 02:33:10,635 DEBUG loaded <trimesh.Trimesh(vertices.shape=(48, 3), faces.shape=(28, 3))> using `load_obj` in 0.0007s
2024-12-07 02:33:19,230 INFO ==> EMD Loss: 25.104084
2024-12-07 02:33:19,230 INFO ==> Height map loss:  13.176155
2024-12-07 02:33:19,230 INFO ==> Insertion loss: 0.000000
2024-12-07 02:33:19,840 DEBUG loaded <trimesh.Trimesh(vertices.shape=(916, 3), faces.shape=(856, 3))> using `load_obj` in 0.0029s
2024-12-07 02:33:19,989 DEBUG loaded <trimesh.Trimesh(vertices.shape=(48, 3), faces.shape=(28, 3))> using `load_obj` in 0.0007s
2024-12-07 02:33:28,296 INFO ==> EMD Loss: 25.235167
2024-12-07 02:33:28,297 INFO ==> Height map loss:  13.456962
2024-12-07 02:33:28,297 INFO ==> Insertion loss: 0.000000
2024-12-07 02:33:28,909 DEBUG loaded <trimesh.Trimesh(vertices.shape=(916, 3), faces.shape=(856, 3))> using `load_obj` in 0.0029s
2024-12-07 02:33:29,060 DEBUG loaded <trimesh.Trimesh(vertices.shape=(48, 3), faces.shape=(28, 3))> using `load_obj` in 0.0007s
2024-12-07 02:33:55,228 INFO =====> Skill params: [ 0.9468955   0.71719855  0.8105835  -0.27569208 -0.11618882]
2024-12-07 02:33:55,228 INFO =====> Grad: [-2.6642485e+03  1.5138108e+03  1.0678774e-05  4.3518054e+02
  6.8620548e-06]
2024-12-07 02:33:55,228 INFO =====> Num. aborted data so far: 0
2024-12-07 02:33:55,236 INFO ===========> Epoch: 6 optimisation losses
2024-12-07 02:33:55,236 INFO =====> EMD Loss: 24.223581
2024-12-07 02:33:55,236 INFO =====> Height map loss: 11.484835
2024-12-07 02:33:55,236 INFO =====> Insertion loss: 0.000000
2024-12-07 02:33:55,872 DEBUG loaded <trimesh.Trimesh(vertices.shape=(916, 3), faces.shape=(856, 3))> using `load_obj` in 0.0030s
2024-12-07 02:33:56,023 DEBUG loaded <trimesh.Trimesh(vertices.shape=(48, 3), faces.shape=(28, 3))> using `load_obj` in 0.0007s
2024-12-07 02:34:04,889 INFO ==> EMD Loss: 24.190069
2024-12-07 02:34:04,889 INFO ==> Height map loss:  11.547430
2024-12-07 02:34:04,889 INFO ==> Insertion loss: 0.000000
2024-12-07 02:34:05,497 DEBUG loaded <trimesh.Trimesh(vertices.shape=(916, 3), faces.shape=(856, 3))> using `load_obj` in 0.0029s
2024-12-07 02:34:05,644 DEBUG loaded <trimesh.Trimesh(vertices.shape=(48, 3), faces.shape=(28, 3))> using `load_obj` in 0.0007s
2024-12-07 02:34:14,428 INFO ==> EMD Loss: 24.057364
2024-12-07 02:34:14,428 INFO ==> Height map loss:  11.518979
2024-12-07 02:34:14,428 INFO ==> Insertion loss: 0.000000
2024-12-07 02:34:15,033 DEBUG loaded <trimesh.Trimesh(vertices.shape=(916, 3), faces.shape=(856, 3))> using `load_obj` in 0.0029s
2024-12-07 02:34:15,180 DEBUG loaded <trimesh.Trimesh(vertices.shape=(48, 3), faces.shape=(28, 3))> using `load_obj` in 0.0007s
2024-12-07 02:34:23,989 INFO ==> EMD Loss: 24.210304
2024-12-07 02:34:23,989 INFO ==> Height map loss:  11.529976
2024-12-07 02:34:23,989 INFO ==> Insertion loss: 0.000000
2024-12-07 02:34:24,668 DEBUG loaded <trimesh.Trimesh(vertices.shape=(916, 3), faces.shape=(856, 3))> using `load_obj` in 0.0029s
2024-12-07 02:34:24,816 DEBUG loaded <trimesh.Trimesh(vertices.shape=(48, 3), faces.shape=(28, 3))> using `load_obj` in 0.0007s
2024-12-07 02:34:33,283 INFO ==> EMD Loss: 24.137232
2024-12-07 02:34:33,283 INFO ==> Height map loss:  11.668069
2024-12-07 02:34:33,283 INFO ==> Insertion loss: 0.000000
2024-12-07 02:34:33,891 DEBUG loaded <trimesh.Trimesh(vertices.shape=(916, 3), faces.shape=(856, 3))> using `load_obj` in 0.0030s
2024-12-07 02:34:34,039 DEBUG loaded <trimesh.Trimesh(vertices.shape=(48, 3), faces.shape=(28, 3))> using `load_obj` in 0.0007s
2024-12-07 02:34:42,415 INFO ==> EMD Loss: 24.053993
2024-12-07 02:34:42,415 INFO ==> Height map loss:  11.629674
2024-12-07 02:34:42,415 INFO ==> Insertion loss: 0.000000
2024-12-07 02:34:43,048 DEBUG loaded <trimesh.Trimesh(vertices.shape=(916, 3), faces.shape=(856, 3))> using `load_obj` in 0.0029s
2024-12-07 02:34:43,195 DEBUG loaded <trimesh.Trimesh(vertices.shape=(48, 3), faces.shape=(28, 3))> using `load_obj` in 0.0007s
2024-12-07 02:35:08,967 INFO =====> Skill params: [ 0.97173613  0.69051975  0.80828005 -0.29149142 -0.11763872]
2024-12-07 02:35:08,967 INFO =====> Grad: [-2.4056042e+03  7.9816772e+02 -3.4595087e-06  5.0096320e+02
 -4.3535333e-06]
2024-12-07 02:35:08,968 INFO =====> Num. aborted data so far: 0
2024-12-07 02:35:08,975 INFO ===========> Epoch: 7 optimisation losses
2024-12-07 02:35:08,976 INFO =====> EMD Loss: 24.057653
2024-12-07 02:35:08,976 INFO =====> Height map loss: 11.519013
2024-12-07 02:35:08,976 INFO =====> Insertion loss: 0.000000
2024-12-07 02:35:09,609 DEBUG loaded <trimesh.Trimesh(vertices.shape=(916, 3), faces.shape=(856, 3))> using `load_obj` in 0.0029s
2024-12-07 02:35:09,758 DEBUG loaded <trimesh.Trimesh(vertices.shape=(48, 3), faces.shape=(28, 3))> using `load_obj` in 0.0007s
2024-12-07 02:35:18,500 INFO ==> EMD Loss: 24.076540
2024-12-07 02:35:18,500 INFO ==> Height map loss:  11.533863
2024-12-07 02:35:18,500 INFO ==> Insertion loss: 0.000000
2024-12-07 02:35:19,106 DEBUG loaded <trimesh.Trimesh(vertices.shape=(916, 3), faces.shape=(856, 3))> using `load_obj` in 0.0029s
2024-12-07 02:35:19,252 DEBUG loaded <trimesh.Trimesh(vertices.shape=(48, 3), faces.shape=(28, 3))> using `load_obj` in 0.0007s
2024-12-07 02:35:27,951 INFO ==> EMD Loss: 24.112619
2024-12-07 02:35:27,952 INFO ==> Height map loss:  11.482443
2024-12-07 02:35:27,952 INFO ==> Insertion loss: 0.000000
2024-12-07 02:35:28,564 DEBUG loaded <trimesh.Trimesh(vertices.shape=(916, 3), faces.shape=(856, 3))> using `load_obj` in 0.0029s
2024-12-07 02:35:28,710 DEBUG loaded <trimesh.Trimesh(vertices.shape=(48, 3), faces.shape=(28, 3))> using `load_obj` in 0.0007s
2024-12-07 02:35:37,502 INFO ==> EMD Loss: 24.075287
2024-12-07 02:35:37,502 INFO ==> Height map loss:  11.408545
2024-12-07 02:35:37,502 INFO ==> Insertion loss: 0.000000
2024-12-07 02:35:38,157 DEBUG loaded <trimesh.Trimesh(vertices.shape=(916, 3), faces.shape=(856, 3))> using `load_obj` in 0.0029s
2024-12-07 02:35:38,306 DEBUG loaded <trimesh.Trimesh(vertices.shape=(48, 3), faces.shape=(28, 3))> using `load_obj` in 0.0007s
2024-12-07 02:35:46,895 INFO ==> EMD Loss: 24.010946
2024-12-07 02:35:46,895 INFO ==> Height map loss:  11.415205
2024-12-07 02:35:46,895 INFO ==> Insertion loss: 0.000000
2024-12-07 02:35:47,502 DEBUG loaded <trimesh.Trimesh(vertices.shape=(916, 3), faces.shape=(856, 3))> using `load_obj` in 0.0029s
2024-12-07 02:35:47,650 DEBUG loaded <trimesh.Trimesh(vertices.shape=(48, 3), faces.shape=(28, 3))> using `load_obj` in 0.0007s
2024-12-07 02:35:56,139 INFO ==> EMD Loss: 24.024721
2024-12-07 02:35:56,139 INFO ==> Height map loss:  11.339646
2024-12-07 02:35:56,139 INFO ==> Insertion loss: 0.000000
2024-12-07 02:35:56,762 DEBUG loaded <trimesh.Trimesh(vertices.shape=(916, 3), faces.shape=(856, 3))> using `load_obj` in 0.0029s
2024-12-07 02:35:56,911 DEBUG loaded <trimesh.Trimesh(vertices.shape=(48, 3), faces.shape=(28, 3))> using `load_obj` in 0.0007s
2024-12-07 02:36:21,623 INFO =====> Skill params: [ 1.          0.633911    0.811426   -0.3625896  -0.11376105]
2024-12-07 02:36:21,623 INFO =====> Grad: [ 2.3939587e+03 -7.7502063e+02  3.0907020e-05 -3.1917371e+02
  7.4417287e-05]
2024-12-07 02:36:21,623 INFO =====> Num. aborted data so far: 0
2024-12-07 02:36:21,631 INFO ===========> Epoch: 8 optimisation losses
2024-12-07 02:36:21,631 INFO =====> EMD Loss: 24.025309
2024-12-07 02:36:21,631 INFO =====> Height map loss: 11.340892
2024-12-07 02:36:21,631 INFO =====> Insertion loss: 0.000000
2024-12-07 02:36:22,263 DEBUG loaded <trimesh.Trimesh(vertices.shape=(916, 3), faces.shape=(856, 3))> using `load_obj` in 0.0029s
2024-12-07 02:36:22,413 DEBUG loaded <trimesh.Trimesh(vertices.shape=(48, 3), faces.shape=(28, 3))> using `load_obj` in 0.0007s
2024-12-07 02:36:30,926 INFO ==> EMD Loss: 24.038282
2024-12-07 02:36:30,926 INFO ==> Height map loss:  11.381373
2024-12-07 02:36:30,926 INFO ==> Insertion loss: 0.000000
2024-12-07 02:36:31,528 DEBUG loaded <trimesh.Trimesh(vertices.shape=(916, 3), faces.shape=(856, 3))> using `load_obj` in 0.0029s
2024-12-07 02:36:31,675 DEBUG loaded <trimesh.Trimesh(vertices.shape=(48, 3), faces.shape=(28, 3))> using `load_obj` in 0.0007s
2024-12-07 02:36:40,242 INFO ==> EMD Loss: 24.051790
2024-12-07 02:36:40,242 INFO ==> Height map loss:  11.414961
2024-12-07 02:36:40,242 INFO ==> Insertion loss: 0.000000
2024-12-07 02:36:40,855 DEBUG loaded <trimesh.Trimesh(vertices.shape=(916, 3), faces.shape=(856, 3))> using `load_obj` in 0.0030s
2024-12-07 02:36:41,003 DEBUG loaded <trimesh.Trimesh(vertices.shape=(48, 3), faces.shape=(28, 3))> using `load_obj` in 0.0007s
2024-12-07 02:36:49,600 INFO ==> EMD Loss: 23.920876
2024-12-07 02:36:49,601 INFO ==> Height map loss:  11.235651
2024-12-07 02:36:49,601 INFO ==> Insertion loss: 0.000000
2024-12-07 02:36:50,204 DEBUG loaded <trimesh.Trimesh(vertices.shape=(916, 3), faces.shape=(856, 3))> using `load_obj` in 0.0028s
2024-12-07 02:36:50,351 DEBUG loaded <trimesh.Trimesh(vertices.shape=(48, 3), faces.shape=(28, 3))> using `load_obj` in 0.0007s
2024-12-07 02:36:59,089 INFO ==> EMD Loss: 23.924952
2024-12-07 02:36:59,089 INFO ==> Height map loss:  11.352822
2024-12-07 02:36:59,089 INFO ==> Insertion loss: 0.000000
2024-12-07 02:36:59,692 DEBUG loaded <trimesh.Trimesh(vertices.shape=(916, 3), faces.shape=(856, 3))> using `load_obj` in 0.0029s
2024-12-07 02:36:59,842 DEBUG loaded <trimesh.Trimesh(vertices.shape=(48, 3), faces.shape=(28, 3))> using `load_obj` in 0.0007s
2024-12-07 02:37:08,495 INFO ==> EMD Loss: 24.137760
2024-12-07 02:37:08,495 INFO ==> Height map loss:  11.529593
2024-12-07 02:37:08,495 INFO ==> Insertion loss: 0.000000
2024-12-07 02:37:09,101 DEBUG loaded <trimesh.Trimesh(vertices.shape=(916, 3), faces.shape=(856, 3))> using `load_obj` in 0.0029s
2024-12-07 02:37:09,254 DEBUG loaded <trimesh.Trimesh(vertices.shape=(48, 3), faces.shape=(28, 3))> using `load_obj` in 0.0007s
2024-12-07 02:37:34,331 INFO =====> Skill params: [ 0.9597918   0.6616181   0.7967906  -0.3394373  -0.14654283]
2024-12-07 02:37:34,331 INFO =====> Grad: [-1.0042333e+02  9.1053900e+02 -1.9120263e-05 -1.3427289e+03
  1.1149532e-05]
2024-12-07 02:37:34,331 INFO =====> Num. aborted data so far: 0
2024-12-07 02:37:34,339 INFO ===========> Epoch: 9 optimisation losses
2024-12-07 02:37:34,339 INFO =====> EMD Loss: 23.919710
2024-12-07 02:37:34,339 INFO =====> Height map loss: 11.238935
2024-12-07 02:37:34,339 INFO =====> Insertion loss: 0.000000
2024-12-07 02:37:34,975 DEBUG loaded <trimesh.Trimesh(vertices.shape=(916, 3), faces.shape=(856, 3))> using `load_obj` in 0.0029s
2024-12-07 02:37:35,122 DEBUG loaded <trimesh.Trimesh(vertices.shape=(48, 3), faces.shape=(28, 3))> using `load_obj` in 0.0007s
2024-12-07 02:37:43,682 INFO ==> EMD Loss: 24.069317
2024-12-07 02:37:43,682 INFO ==> Height map loss:  11.391499
2024-12-07 02:37:43,682 INFO ==> Insertion loss: 0.000000
2024-12-07 02:37:44,289 DEBUG loaded <trimesh.Trimesh(vertices.shape=(916, 3), faces.shape=(856, 3))> using `load_obj` in 0.0029s
2024-12-07 02:37:44,436 DEBUG loaded <trimesh.Trimesh(vertices.shape=(48, 3), faces.shape=(28, 3))> using `load_obj` in 0.0007s
2024-12-07 02:37:52,983 INFO ==> EMD Loss: 24.116337
2024-12-07 02:37:52,983 INFO ==> Height map loss:  11.742802
2024-12-07 02:37:52,983 INFO ==> Insertion loss: 0.000000
2024-12-07 02:37:53,591 DEBUG loaded <trimesh.Trimesh(vertices.shape=(916, 3), faces.shape=(856, 3))> using `load_obj` in 0.0029s
2024-12-07 02:37:53,740 DEBUG loaded <trimesh.Trimesh(vertices.shape=(48, 3), faces.shape=(28, 3))> using `load_obj` in 0.0007s
2024-12-07 02:38:02,197 INFO ==> EMD Loss: 24.697212
2024-12-07 02:38:02,197 INFO ==> Height map loss:  12.259393
2024-12-07 02:38:02,197 INFO ==> Insertion loss: 0.000000
2024-12-07 02:38:02,804 DEBUG loaded <trimesh.Trimesh(vertices.shape=(916, 3), faces.shape=(856, 3))> using `load_obj` in 0.0029s
2024-12-07 02:38:02,953 DEBUG loaded <trimesh.Trimesh(vertices.shape=(48, 3), faces.shape=(28, 3))> using `load_obj` in 0.0007s
2024-12-07 02:38:11,455 INFO ==> EMD Loss: 24.692802
2024-12-07 02:38:11,455 INFO ==> Height map loss:  12.652606
2024-12-07 02:38:11,455 INFO ==> Insertion loss: 0.000000
2024-12-07 02:38:12,126 DEBUG loaded <trimesh.Trimesh(vertices.shape=(916, 3), faces.shape=(856, 3))> using `load_obj` in 0.0029s
2024-12-07 02:38:12,274 DEBUG loaded <trimesh.Trimesh(vertices.shape=(48, 3), faces.shape=(28, 3))> using `load_obj` in 0.0007s
2024-12-07 02:38:20,572 INFO ==> EMD Loss: 24.745802
2024-12-07 02:38:20,572 INFO ==> Height map loss:  12.923184
2024-12-07 02:38:20,572 INFO ==> Insertion loss: 0.000000
2024-12-07 02:38:21,182 DEBUG loaded <trimesh.Trimesh(vertices.shape=(916, 3), faces.shape=(856, 3))> using `load_obj` in 0.0029s
2024-12-07 02:38:21,330 DEBUG loaded <trimesh.Trimesh(vertices.shape=(48, 3), faces.shape=(28, 3))> using `load_obj` in 0.0007s
2024-12-07 02:38:46,193 INFO =====> Skill params: [ 0.9599695   0.6583914   0.79774016 -0.33246967 -0.14705978]
2024-12-07 02:38:46,193 INFO =====> Grad: [-1.7197883e+03 -7.0674017e+02  2.7235496e-05 -9.0734180e+02
 -2.5701896e-05]
2024-12-07 02:38:46,193 INFO =====> Num. aborted data so far: 0
2024-12-07 02:38:46,201 INFO ===========> Epoch: 10 optimisation losses
2024-12-07 02:38:46,201 INFO =====> EMD Loss: 24.073757
2024-12-07 02:38:46,201 INFO =====> Height map loss: 11.392150
2024-12-07 02:38:46,201 INFO =====> Insertion loss: 0.000000
2024-12-07 02:38:46,840 DEBUG loaded <trimesh.Trimesh(vertices.shape=(916, 3), faces.shape=(856, 3))> using `load_obj` in 0.0030s
2024-12-07 02:38:46,984 DEBUG loaded <trimesh.Trimesh(vertices.shape=(48, 3), faces.shape=(28, 3))> using `load_obj` in 0.0007s
2024-12-07 02:38:55,595 INFO ==> EMD Loss: 23.939800
2024-12-07 02:38:55,596 INFO ==> Height map loss:  11.346638
2024-12-07 02:38:55,596 INFO ==> Insertion loss: 0.000000
2024-12-07 02:38:56,361 DEBUG loaded <trimesh.Trimesh(vertices.shape=(916, 3), faces.shape=(856, 3))> using `load_obj` in 0.0028s
2024-12-07 02:38:56,509 DEBUG loaded <trimesh.Trimesh(vertices.shape=(48, 3), faces.shape=(28, 3))> using `load_obj` in 0.0007s
2024-12-07 02:39:05,147 INFO ==> EMD Loss: 24.044884
2024-12-07 02:39:05,147 INFO ==> Height map loss:  11.329823
2024-12-07 02:39:05,147 INFO ==> Insertion loss: 0.000000
2024-12-07 02:39:05,747 DEBUG loaded <trimesh.Trimesh(vertices.shape=(916, 3), faces.shape=(856, 3))> using `load_obj` in 0.0029s
2024-12-07 02:39:05,891 DEBUG loaded <trimesh.Trimesh(vertices.shape=(48, 3), faces.shape=(28, 3))> using `load_obj` in 0.0007s
2024-12-07 02:39:14,600 INFO ==> EMD Loss: 24.000467
2024-12-07 02:39:14,600 INFO ==> Height map loss:  11.370798
2024-12-07 02:39:14,600 INFO ==> Insertion loss: 0.000000
2024-12-07 02:39:15,210 DEBUG loaded <trimesh.Trimesh(vertices.shape=(916, 3), faces.shape=(856, 3))> using `load_obj` in 0.0031s
2024-12-07 02:39:15,357 DEBUG loaded <trimesh.Trimesh(vertices.shape=(48, 3), faces.shape=(28, 3))> using `load_obj` in 0.0007s
2024-12-07 02:39:24,259 INFO ==> EMD Loss: 24.068520
2024-12-07 02:39:24,259 INFO ==> Height map loss:  11.448880
2024-12-07 02:39:24,259 INFO ==> Insertion loss: 0.000000
2024-12-07 02:39:24,868 DEBUG loaded <trimesh.Trimesh(vertices.shape=(916, 3), faces.shape=(856, 3))> using `load_obj` in 0.0029s
2024-12-07 02:39:25,013 DEBUG loaded <trimesh.Trimesh(vertices.shape=(48, 3), faces.shape=(28, 3))> using `load_obj` in 0.0007s
2024-12-07 02:39:33,811 INFO ==> EMD Loss: 24.085165
2024-12-07 02:39:33,811 INFO ==> Height map loss:  11.225683
2024-12-07 02:39:33,811 INFO ==> Insertion loss: 0.000000
2024-12-07 02:39:34,415 DEBUG loaded <trimesh.Trimesh(vertices.shape=(916, 3), faces.shape=(856, 3))> using `load_obj` in 0.0029s
2024-12-07 02:39:34,567 DEBUG loaded <trimesh.Trimesh(vertices.shape=(48, 3), faces.shape=(28, 3))> using `load_obj` in 0.0007s
2024-12-07 02:40:00,314 INFO =====> Skill params: [ 1.          0.70925796  0.7695418  -0.24451762 -0.12215493]
2024-12-07 02:40:00,314 INFO =====> Grad: [ 1.9987306e+03 -7.5441968e+02 -2.4526360e-05  1.6792821e+02
 -6.7825576e-06]
2024-12-07 02:40:00,314 INFO =====> Num. aborted data so far: 0
2024-12-07 02:40:00,323 INFO ===========> Epoch: 11 optimisation losses
2024-12-07 02:40:00,323 INFO =====> EMD Loss: 24.088041
2024-12-07 02:40:00,323 INFO =====> Height map loss: 11.225539
2024-12-07 02:40:00,323 INFO =====> Insertion loss: 0.000000
2024-12-07 02:40:00,960 DEBUG loaded <trimesh.Trimesh(vertices.shape=(916, 3), faces.shape=(856, 3))> using `load_obj` in 0.0030s
2024-12-07 02:40:01,108 DEBUG loaded <trimesh.Trimesh(vertices.shape=(48, 3), faces.shape=(28, 3))> using `load_obj` in 0.0007s
2024-12-07 02:40:09,921 INFO ==> EMD Loss: 24.090025
2024-12-07 02:40:09,921 INFO ==> Height map loss:  11.246347
2024-12-07 02:40:09,921 INFO ==> Insertion loss: 0.000000
2024-12-07 02:40:10,535 DEBUG loaded <trimesh.Trimesh(vertices.shape=(916, 3), faces.shape=(856, 3))> using `load_obj` in 0.0030s
2024-12-07 02:40:10,687 DEBUG loaded <trimesh.Trimesh(vertices.shape=(48, 3), faces.shape=(28, 3))> using `load_obj` in 0.0007s
2024-12-07 02:40:19,609 INFO ==> EMD Loss: 24.162769
2024-12-07 02:40:19,609 INFO ==> Height map loss:  11.486783
2024-12-07 02:40:19,609 INFO ==> Insertion loss: 0.000000
2024-12-07 02:40:20,252 DEBUG loaded <trimesh.Trimesh(vertices.shape=(916, 3), faces.shape=(856, 3))> using `load_obj` in 0.0029s
2024-12-07 02:40:20,399 DEBUG loaded <trimesh.Trimesh(vertices.shape=(48, 3), faces.shape=(28, 3))> using `load_obj` in 0.0007s
2024-12-07 02:40:29,573 INFO ==> EMD Loss: 24.181837
2024-12-07 02:40:29,573 INFO ==> Height map loss:  11.415337
2024-12-07 02:40:29,573 INFO ==> Insertion loss: 0.000000
2024-12-07 02:40:30,186 DEBUG loaded <trimesh.Trimesh(vertices.shape=(916, 3), faces.shape=(856, 3))> using `load_obj` in 0.0029s
2024-12-07 02:40:30,334 DEBUG loaded <trimesh.Trimesh(vertices.shape=(48, 3), faces.shape=(28, 3))> using `load_obj` in 0.0007s
2024-12-07 02:40:39,423 INFO ==> EMD Loss: 24.213163
2024-12-07 02:40:39,423 INFO ==> Height map loss:  11.146840
2024-12-07 02:40:39,424 INFO ==> Insertion loss: 0.000000
2024-12-07 02:40:40,023 DEBUG loaded <trimesh.Trimesh(vertices.shape=(916, 3), faces.shape=(856, 3))> using `load_obj` in 0.0029s
2024-12-07 02:40:40,170 DEBUG loaded <trimesh.Trimesh(vertices.shape=(48, 3), faces.shape=(28, 3))> using `load_obj` in 0.0008s
2024-12-07 02:40:49,279 INFO ==> EMD Loss: 24.432602
2024-12-07 02:40:49,279 INFO ==> Height map loss:  11.461613
2024-12-07 02:40:49,279 INFO ==> Insertion loss: 0.000000
2024-12-07 02:40:49,889 DEBUG loaded <trimesh.Trimesh(vertices.shape=(916, 3), faces.shape=(856, 3))> using `load_obj` in 0.0029s
2024-12-07 02:40:50,041 DEBUG loaded <trimesh.Trimesh(vertices.shape=(48, 3), faces.shape=(28, 3))> using `load_obj` in 0.0007s
2024-12-07 02:41:16,638 INFO =====> Skill params: [ 0.9480047   0.7503553   0.78942007 -0.25733414 -0.11696263]
2024-12-07 02:41:16,638 INFO =====> Grad: [ 1.1223372e+03 -7.7255286e+02 -3.2403404e-06 -8.2042908e+02
  8.6036860e-05]
2024-12-07 02:41:16,638 INFO =====> Num. aborted data so far: 0
2024-12-07 02:41:16,647 INFO ===========> Epoch: 12 optimisation losses
2024-12-07 02:41:16,647 INFO =====> EMD Loss: 24.213125
2024-12-07 02:41:16,647 INFO =====> Height map loss: 11.146924
2024-12-07 02:41:16,647 INFO =====> Insertion loss: 0.000000
2024-12-07 02:41:17,291 DEBUG loaded <trimesh.Trimesh(vertices.shape=(916, 3), faces.shape=(856, 3))> using `load_obj` in 0.0030s
2024-12-07 02:41:17,437 DEBUG loaded <trimesh.Trimesh(vertices.shape=(48, 3), faces.shape=(28, 3))> using `load_obj` in 0.0007s
2024-12-07 02:41:26,646 INFO ==> EMD Loss: 24.076773
2024-12-07 02:41:26,646 INFO ==> Height map loss:  11.147591
2024-12-07 02:41:26,646 INFO ==> Insertion loss: 0.000000
2024-12-07 02:41:27,252 DEBUG loaded <trimesh.Trimesh(vertices.shape=(916, 3), faces.shape=(856, 3))> using `load_obj` in 0.0029s
2024-12-07 02:41:27,399 DEBUG loaded <trimesh.Trimesh(vertices.shape=(48, 3), faces.shape=(28, 3))> using `load_obj` in 0.0007s
2024-12-07 02:41:36,485 INFO ==> EMD Loss: 24.453575
2024-12-07 02:41:36,485 INFO ==> Height map loss:  11.503819
2024-12-07 02:41:36,485 INFO ==> Insertion loss: 0.000000
2024-12-07 02:41:37,096 DEBUG loaded <trimesh.Trimesh(vertices.shape=(916, 3), faces.shape=(856, 3))> using `load_obj` in 0.0030s
2024-12-07 02:41:37,242 DEBUG loaded <trimesh.Trimesh(vertices.shape=(48, 3), faces.shape=(28, 3))> using `load_obj` in 0.0007s
2024-12-07 02:41:46,392 INFO ==> EMD Loss: 24.508984
2024-12-07 02:41:46,392 INFO ==> Height map loss:  11.772228
2024-12-07 02:41:46,392 INFO ==> Insertion loss: 0.000000
2024-12-07 02:41:47,049 DEBUG loaded <trimesh.Trimesh(vertices.shape=(916, 3), faces.shape=(856, 3))> using `load_obj` in 0.0030s
2024-12-07 02:41:47,196 DEBUG loaded <trimesh.Trimesh(vertices.shape=(48, 3), faces.shape=(28, 3))> using `load_obj` in 0.0007s
2024-12-07 02:41:56,405 INFO ==> EMD Loss: 24.513298
2024-12-07 02:41:56,405 INFO ==> Height map loss:  11.773735
2024-12-07 02:41:56,405 INFO ==> Insertion loss: 0.000000
2024-12-07 02:41:57,020 DEBUG loaded <trimesh.Trimesh(vertices.shape=(916, 3), faces.shape=(856, 3))> using `load_obj` in 0.0029s
2024-12-07 02:41:57,165 DEBUG loaded <trimesh.Trimesh(vertices.shape=(48, 3), faces.shape=(28, 3))> using `load_obj` in 0.0007s
2024-12-07 02:42:06,386 INFO ==> EMD Loss: 24.518986
2024-12-07 02:42:06,386 INFO ==> Height map loss:  11.773207
2024-12-07 02:42:06,386 INFO ==> Insertion loss: 0.000000
2024-12-07 02:42:07,004 DEBUG loaded <trimesh.Trimesh(vertices.shape=(916, 3), faces.shape=(856, 3))> using `load_obj` in 0.0029s
2024-12-07 02:42:07,150 DEBUG loaded <trimesh.Trimesh(vertices.shape=(48, 3), faces.shape=(28, 3))> using `load_obj` in 0.0007s
2024-12-07 02:42:33,824 INFO =====> Skill params: [ 0.9459994   0.7531787   0.7896046  -0.2533424  -0.12112233]
2024-12-07 02:42:33,824 INFO =====> Grad: [-2.6581475e+03  7.6286981e+02 -3.8724163e-05 -4.2105420e+02
  2.6646079e-05]
2024-12-07 02:42:33,824 INFO =====> Num. aborted data so far: 0
2024-12-07 02:42:33,832 INFO ===========> Epoch: 13 optimisation losses
2024-12-07 02:42:33,832 INFO =====> EMD Loss: 24.076900
2024-12-07 02:42:33,832 INFO =====> Height map loss: 11.147772
2024-12-07 02:42:33,832 INFO =====> Insertion loss: 0.000000
2024-12-07 02:42:34,469 DEBUG loaded <trimesh.Trimesh(vertices.shape=(916, 3), faces.shape=(856, 3))> using `load_obj` in 0.0029s
2024-12-07 02:42:34,614 DEBUG loaded <trimesh.Trimesh(vertices.shape=(48, 3), faces.shape=(28, 3))> using `load_obj` in 0.0007s
2024-12-07 02:42:43,681 INFO ==> EMD Loss: 24.053402
2024-12-07 02:42:43,681 INFO ==> Height map loss:  11.152759
2024-12-07 02:42:43,681 INFO ==> Insertion loss: 0.000000
2024-12-07 02:42:44,294 DEBUG loaded <trimesh.Trimesh(vertices.shape=(916, 3), faces.shape=(856, 3))> using `load_obj` in 0.0030s
2024-12-07 02:42:44,443 DEBUG loaded <trimesh.Trimesh(vertices.shape=(48, 3), faces.shape=(28, 3))> using `load_obj` in 0.0007s
2024-12-07 02:42:53,495 INFO ==> EMD Loss: 24.295717
2024-12-07 02:42:53,495 INFO ==> Height map loss:  11.508590
2024-12-07 02:42:53,495 INFO ==> Insertion loss: 0.000000
2024-12-07 02:42:54,136 DEBUG loaded <trimesh.Trimesh(vertices.shape=(916, 3), faces.shape=(856, 3))> using `load_obj` in 0.0029s
2024-12-07 02:42:54,285 DEBUG loaded <trimesh.Trimesh(vertices.shape=(48, 3), faces.shape=(28, 3))> using `load_obj` in 0.0007s
2024-12-07 02:43:03,249 INFO ==> EMD Loss: 24.262243
2024-12-07 02:43:03,249 INFO ==> Height map loss:  11.415335
2024-12-07 02:43:03,249 INFO ==> Insertion loss: 0.000000
2024-12-07 02:43:03,902 DEBUG loaded <trimesh.Trimesh(vertices.shape=(916, 3), faces.shape=(856, 3))> using `load_obj` in 0.0030s
2024-12-07 02:43:04,049 DEBUG loaded <trimesh.Trimesh(vertices.shape=(48, 3), faces.shape=(28, 3))> using `load_obj` in 0.0007s
2024-12-07 02:43:13,026 INFO ==> EMD Loss: 24.495703
2024-12-07 02:43:13,027 INFO ==> Height map loss:  11.914271
2024-12-07 02:43:13,027 INFO ==> Insertion loss: 0.000000
2024-12-07 02:43:13,667 DEBUG loaded <trimesh.Trimesh(vertices.shape=(916, 3), faces.shape=(856, 3))> using `load_obj` in 0.0029s
2024-12-07 02:43:13,813 DEBUG loaded <trimesh.Trimesh(vertices.shape=(48, 3), faces.shape=(28, 3))> using `load_obj` in 0.0007s
2024-12-07 02:43:22,567 INFO ==> EMD Loss: 24.562857
2024-12-07 02:43:22,567 INFO ==> Height map loss:  12.147951
2024-12-07 02:43:22,567 INFO ==> Insertion loss: 0.000000
2024-12-07 02:43:23,175 DEBUG loaded <trimesh.Trimesh(vertices.shape=(916, 3), faces.shape=(856, 3))> using `load_obj` in 0.0029s
2024-12-07 02:43:23,323 DEBUG loaded <trimesh.Trimesh(vertices.shape=(48, 3), faces.shape=(28, 3))> using `load_obj` in 0.0007s
2024-12-07 02:43:49,895 INFO =====> Skill params: [ 0.9504271   0.75037146  0.7918622  -0.25123683 -0.12246658]
2024-12-07 02:43:49,895 INFO =====> Grad: [-7.9399432e+02  7.7448138e+02  1.0429420e-04 -5.6638556e+02
 -5.9095328e-08]
2024-12-07 02:43:49,895 INFO =====> Num. aborted data so far: 0
2024-12-07 02:43:49,903 INFO ===========> Epoch: 14 optimisation losses
2024-12-07 02:43:49,903 INFO =====> EMD Loss: 24.053110
2024-12-07 02:43:49,903 INFO =====> Height map loss: 11.152317
2024-12-07 02:43:49,903 INFO =====> Insertion loss: 0.000000
2024-12-07 02:43:50,543 DEBUG loaded <trimesh.Trimesh(vertices.shape=(916, 3), faces.shape=(856, 3))> using `load_obj` in 0.0030s
2024-12-07 02:43:50,690 DEBUG loaded <trimesh.Trimesh(vertices.shape=(48, 3), faces.shape=(28, 3))> using `load_obj` in 0.0007s
2024-12-07 02:43:59,696 INFO ==> EMD Loss: 24.132292
2024-12-07 02:43:59,696 INFO ==> Height map loss:  11.396929
2024-12-07 02:43:59,696 INFO ==> Insertion loss: 0.000000
2024-12-07 02:44:00,320 DEBUG loaded <trimesh.Trimesh(vertices.shape=(916, 3), faces.shape=(856, 3))> using `load_obj` in 0.0030s
2024-12-07 02:44:00,468 DEBUG loaded <trimesh.Trimesh(vertices.shape=(48, 3), faces.shape=(28, 3))> using `load_obj` in 0.0007s
2024-12-07 02:44:09,477 INFO ==> EMD Loss: 24.167635
2024-12-07 02:44:09,478 INFO ==> Height map loss:  11.545760
2024-12-07 02:44:09,478 INFO ==> Insertion loss: 0.000000
2024-12-07 02:44:10,090 DEBUG loaded <trimesh.Trimesh(vertices.shape=(916, 3), faces.shape=(856, 3))> using `load_obj` in 0.0029s
2024-12-07 02:44:10,240 DEBUG loaded <trimesh.Trimesh(vertices.shape=(48, 3), faces.shape=(28, 3))> using `load_obj` in 0.0007s
2024-12-07 02:44:19,341 INFO ==> EMD Loss: 24.231050
2024-12-07 02:44:19,341 INFO ==> Height map loss:  11.351603
2024-12-07 02:44:19,341 INFO ==> Insertion loss: 0.000000
2024-12-07 02:44:19,950 DEBUG loaded <trimesh.Trimesh(vertices.shape=(916, 3), faces.shape=(856, 3))> using `load_obj` in 0.0029s
2024-12-07 02:44:20,097 DEBUG loaded <trimesh.Trimesh(vertices.shape=(48, 3), faces.shape=(28, 3))> using `load_obj` in 0.0007s
2024-12-07 02:44:28,932 INFO ==> EMD Loss: 24.233246
2024-12-07 02:44:28,932 INFO ==> Height map loss:  11.381271
2024-12-07 02:44:28,932 INFO ==> Insertion loss: 0.000000
2024-12-07 02:44:29,551 DEBUG loaded <trimesh.Trimesh(vertices.shape=(916, 3), faces.shape=(856, 3))> using `load_obj` in 0.0029s
2024-12-07 02:44:29,697 DEBUG loaded <trimesh.Trimesh(vertices.shape=(48, 3), faces.shape=(28, 3))> using `load_obj` in 0.0007s
2024-12-07 02:44:38,467 INFO ==> EMD Loss: 24.373123
2024-12-07 02:44:38,467 INFO ==> Height map loss:  11.836287
2024-12-07 02:44:38,467 INFO ==> Insertion loss: 0.000000
2024-12-07 02:44:39,075 DEBUG loaded <trimesh.Trimesh(vertices.shape=(916, 3), faces.shape=(856, 3))> using `load_obj` in 0.0029s
2024-12-07 02:44:39,223 DEBUG loaded <trimesh.Trimesh(vertices.shape=(48, 3), faces.shape=(28, 3))> using `load_obj` in 0.0007s
2024-12-07 02:45:05,294 INFO =====> Skill params: [ 0.96422005  0.7217318   0.73875654 -0.2227584  -0.12243515]
2024-12-07 02:45:05,294 INFO =====> Grad: [ 2.6431946e+03 -1.5367671e+03 -4.2567581e-06  7.6949683e+02
 -1.0004192e-05]
2024-12-07 02:45:05,294 INFO =====> Num. aborted data so far: 0
2024-12-07 02:45:05,302 INFO ===========> Epoch: 15 optimisation losses
2024-12-07 02:45:05,302 INFO =====> EMD Loss: 24.213806
2024-12-07 02:45:05,302 INFO =====> Height map loss: 11.351623
2024-12-07 02:45:05,302 INFO =====> Insertion loss: 0.000000
2024-12-07 02:45:05,943 DEBUG loaded <trimesh.Trimesh(vertices.shape=(916, 3), faces.shape=(856, 3))> using `load_obj` in 0.0030s
2024-12-07 02:45:06,089 DEBUG loaded <trimesh.Trimesh(vertices.shape=(48, 3), faces.shape=(28, 3))> using `load_obj` in 0.0007s
2024-12-07 02:45:14,998 INFO ==> EMD Loss: 24.202448
2024-12-07 02:45:14,998 INFO ==> Height map loss:  11.340724
2024-12-07 02:45:14,998 INFO ==> Insertion loss: 0.000000
2024-12-07 02:45:15,605 DEBUG loaded <trimesh.Trimesh(vertices.shape=(916, 3), faces.shape=(856, 3))> using `load_obj` in 0.0029s
2024-12-07 02:45:15,752 DEBUG loaded <trimesh.Trimesh(vertices.shape=(48, 3), faces.shape=(28, 3))> using `load_obj` in 0.0007s
2024-12-07 02:45:24,788 INFO ==> EMD Loss: 24.186993
2024-12-07 02:45:24,788 INFO ==> Height map loss:  11.481185
2024-12-07 02:45:24,788 INFO ==> Insertion loss: 0.000000
2024-12-07 02:45:25,406 DEBUG loaded <trimesh.Trimesh(vertices.shape=(916, 3), faces.shape=(856, 3))> using `load_obj` in 0.0029s
2024-12-07 02:45:25,554 DEBUG loaded <trimesh.Trimesh(vertices.shape=(48, 3), faces.shape=(28, 3))> using `load_obj` in 0.0007s
2024-12-07 02:45:34,939 INFO ==> EMD Loss: 24.451668
2024-12-07 02:45:34,939 INFO ==> Height map loss:  11.538656
2024-12-07 02:45:34,939 INFO ==> Insertion loss: 0.000000
2024-12-07 02:45:35,560 DEBUG loaded <trimesh.Trimesh(vertices.shape=(916, 3), faces.shape=(856, 3))> using `load_obj` in 0.0029s
2024-12-07 02:45:35,707 DEBUG loaded <trimesh.Trimesh(vertices.shape=(48, 3), faces.shape=(28, 3))> using `load_obj` in 0.0007s
2024-12-07 02:45:45,005 INFO ==> EMD Loss: 24.514835
2024-12-07 02:45:45,005 INFO ==> Height map loss:  11.773538
2024-12-07 02:45:45,005 INFO ==> Insertion loss: 0.000000
2024-12-07 02:45:45,612 DEBUG loaded <trimesh.Trimesh(vertices.shape=(916, 3), faces.shape=(856, 3))> using `load_obj` in 0.0030s
2024-12-07 02:45:45,759 DEBUG loaded <trimesh.Trimesh(vertices.shape=(48, 3), faces.shape=(28, 3))> using `load_obj` in 0.0007s
2024-12-07 02:45:55,169 INFO ==> EMD Loss: 24.516806
2024-12-07 02:45:55,169 INFO ==> Height map loss:  11.773870
2024-12-07 02:45:55,169 INFO ==> Insertion loss: 0.000000
2024-12-07 02:45:55,789 DEBUG loaded <trimesh.Trimesh(vertices.shape=(916, 3), faces.shape=(856, 3))> using `load_obj` in 0.0029s
2024-12-07 02:45:55,936 DEBUG loaded <trimesh.Trimesh(vertices.shape=(48, 3), faces.shape=(28, 3))> using `load_obj` in 0.0007s
2024-12-07 02:46:22,024 INFO =====> Skill params: [ 0.9599087   0.7267968   0.73898494 -0.22650523 -0.12187537]
2024-12-07 02:46:22,024 INFO =====> Grad: [-1.3636383e+03  1.5712600e+03 -1.1560873e-05  2.7051157e+02
  2.3038561e-05]
2024-12-07 02:46:22,024 INFO =====> Num. aborted data so far: 0
2024-12-07 02:46:22,032 INFO ===========> Epoch: 16 optimisation losses
2024-12-07 02:46:22,032 INFO =====> EMD Loss: 24.202566
2024-12-07 02:46:22,032 INFO =====> Height map loss: 11.340846
2024-12-07 02:46:22,032 INFO =====> Insertion loss: 0.000000
2024-12-07 02:46:22,682 DEBUG loaded <trimesh.Trimesh(vertices.shape=(916, 3), faces.shape=(856, 3))> using `load_obj` in 0.0030s
2024-12-07 02:46:22,834 DEBUG loaded <trimesh.Trimesh(vertices.shape=(48, 3), faces.shape=(28, 3))> using `load_obj` in 0.0007s
2024-12-07 02:46:31,763 INFO ==> EMD Loss: 24.161175
2024-12-07 02:46:31,763 INFO ==> Height map loss:  11.184888
2024-12-07 02:46:31,763 INFO ==> Insertion loss: 0.000000
2024-12-07 02:46:32,375 DEBUG loaded <trimesh.Trimesh(vertices.shape=(916, 3), faces.shape=(856, 3))> using `load_obj` in 0.0029s
2024-12-07 02:46:32,522 DEBUG loaded <trimesh.Trimesh(vertices.shape=(48, 3), faces.shape=(28, 3))> using `load_obj` in 0.0007s
2024-12-07 02:46:41,526 INFO ==> EMD Loss: 24.284977
2024-12-07 02:46:41,526 INFO ==> Height map loss:  11.636287
2024-12-07 02:46:41,526 INFO ==> Insertion loss: 0.000000
2024-12-07 02:46:42,151 DEBUG loaded <trimesh.Trimesh(vertices.shape=(916, 3), faces.shape=(856, 3))> using `load_obj` in 0.0029s
2024-12-07 02:46:42,298 DEBUG loaded <trimesh.Trimesh(vertices.shape=(48, 3), faces.shape=(28, 3))> using `load_obj` in 0.0007s
2024-12-07 02:46:51,007 INFO ==> EMD Loss: 24.435743
2024-12-07 02:46:51,007 INFO ==> Height map loss:  11.858066
2024-12-07 02:46:51,007 INFO ==> Insertion loss: 0.000000
2024-12-07 02:46:51,616 DEBUG loaded <trimesh.Trimesh(vertices.shape=(916, 3), faces.shape=(856, 3))> using `load_obj` in 0.0029s
2024-12-07 02:46:51,764 DEBUG loaded <trimesh.Trimesh(vertices.shape=(48, 3), faces.shape=(28, 3))> using `load_obj` in 0.0007s
2024-12-07 02:47:00,376 INFO ==> EMD Loss: 24.414742
2024-12-07 02:47:00,376 INFO ==> Height map loss:  11.981481
2024-12-07 02:47:00,376 INFO ==> Insertion loss: 0.000000
2024-12-07 02:47:01,041 DEBUG loaded <trimesh.Trimesh(vertices.shape=(916, 3), faces.shape=(856, 3))> using `load_obj` in 0.0029s
2024-12-07 02:47:01,191 DEBUG loaded <trimesh.Trimesh(vertices.shape=(48, 3), faces.shape=(28, 3))> using `load_obj` in 0.0007s
2024-12-07 02:47:09,720 INFO ==> EMD Loss: 24.490002
2024-12-07 02:47:09,720 INFO ==> Height map loss:  12.134531
2024-12-07 02:47:09,720 INFO ==> Insertion loss: 0.000000
2024-12-07 02:47:10,333 DEBUG loaded <trimesh.Trimesh(vertices.shape=(916, 3), faces.shape=(856, 3))> using `load_obj` in 0.0031s
2024-12-07 02:47:10,486 DEBUG loaded <trimesh.Trimesh(vertices.shape=(48, 3), faces.shape=(28, 3))> using `load_obj` in 0.0007s
2024-12-07 02:47:36,585 INFO =====> Skill params: [ 0.9621848   0.7220653   0.73963726 -0.22787902 -0.12322048]
2024-12-07 02:47:36,585 INFO =====> Grad: [-2.6429177e+03  9.0761920e+02 -5.6711178e-07  1.2715769e+03
  8.7276012e-06]
2024-12-07 02:47:36,585 INFO =====> Num. aborted data so far: 0
2024-12-07 02:47:36,593 INFO ===========> Epoch: 17 optimisation losses
2024-12-07 02:47:36,593 INFO =====> EMD Loss: 24.160915
2024-12-07 02:47:36,593 INFO =====> Height map loss: 11.185071
2024-12-07 02:47:36,593 INFO =====> Insertion loss: 0.000000
2024-12-07 02:47:37,236 DEBUG loaded <trimesh.Trimesh(vertices.shape=(916, 3), faces.shape=(856, 3))> using `load_obj` in 0.0030s
2024-12-07 02:47:37,384 DEBUG loaded <trimesh.Trimesh(vertices.shape=(48, 3), faces.shape=(28, 3))> using `load_obj` in 0.0007s
2024-12-07 02:47:46,286 INFO ==> EMD Loss: 24.204548
2024-12-07 02:47:46,286 INFO ==> Height map loss:  11.332149
2024-12-07 02:47:46,286 INFO ==> Insertion loss: 0.000000
2024-12-07 02:47:46,964 DEBUG loaded <trimesh.Trimesh(vertices.shape=(916, 3), faces.shape=(856, 3))> using `load_obj` in 0.0029s
2024-12-07 02:47:47,111 DEBUG loaded <trimesh.Trimesh(vertices.shape=(48, 3), faces.shape=(28, 3))> using `load_obj` in 0.0007s
2024-12-07 02:47:56,176 INFO ==> EMD Loss: 24.136705
2024-12-07 02:47:56,176 INFO ==> Height map loss:  11.308196
2024-12-07 02:47:56,176 INFO ==> Insertion loss: 0.000000
2024-12-07 02:47:56,793 DEBUG loaded <trimesh.Trimesh(vertices.shape=(916, 3), faces.shape=(856, 3))> using `load_obj` in 0.0029s
2024-12-07 02:47:56,940 DEBUG loaded <trimesh.Trimesh(vertices.shape=(48, 3), faces.shape=(28, 3))> using `load_obj` in 0.0007s
2024-12-07 02:48:05,725 INFO ==> EMD Loss: 24.075823
2024-12-07 02:48:05,725 INFO ==> Height map loss:  11.343310
2024-12-07 02:48:05,726 INFO ==> Insertion loss: 0.000000
2024-12-07 02:48:06,344 DEBUG loaded <trimesh.Trimesh(vertices.shape=(916, 3), faces.shape=(856, 3))> using `load_obj` in 0.0029s
2024-12-07 02:48:06,491 DEBUG loaded <trimesh.Trimesh(vertices.shape=(48, 3), faces.shape=(28, 3))> using `load_obj` in 0.0007s
2024-12-07 02:48:15,170 INFO ==> EMD Loss: 23.974682
2024-12-07 02:48:15,170 INFO ==> Height map loss:  11.345841
2024-12-07 02:48:15,170 INFO ==> Insertion loss: 0.000000
2024-12-07 02:48:15,780 DEBUG loaded <trimesh.Trimesh(vertices.shape=(916, 3), faces.shape=(856, 3))> using `load_obj` in 0.0029s
2024-12-07 02:48:15,927 DEBUG loaded <trimesh.Trimesh(vertices.shape=(48, 3), faces.shape=(28, 3))> using `load_obj` in 0.0007s
2024-12-07 02:48:24,550 INFO ==> EMD Loss: 23.807814
2024-12-07 02:48:24,550 INFO ==> Height map loss:  11.153918
2024-12-07 02:48:24,550 INFO ==> Insertion loss: 0.000000
2024-12-07 02:48:25,170 DEBUG loaded <trimesh.Trimesh(vertices.shape=(916, 3), faces.shape=(856, 3))> using `load_obj` in 0.0029s
2024-12-07 02:48:25,318 DEBUG loaded <trimesh.Trimesh(vertices.shape=(48, 3), faces.shape=(28, 3))> using `load_obj` in 0.0007s
2024-12-07 02:48:50,341 INFO =====> Skill params: [ 1.          0.6669332   0.74031186 -0.33849117 -0.1339457 ]
2024-12-07 02:48:50,341 INFO =====> Grad: [-1.1746177e+03  5.5958637e+01  2.0715868e-05  1.1487612e+03
  2.7499902e-05]
2024-12-07 02:48:50,341 INFO =====> Num. aborted data so far: 0
2024-12-07 02:48:50,349 INFO ===========> Epoch: 18 optimisation losses
2024-12-07 02:48:50,349 INFO =====> EMD Loss: 23.813475
2024-12-07 02:48:50,349 INFO =====> Height map loss: 11.153746
2024-12-07 02:48:50,349 INFO =====> Insertion loss: 0.000000
2024-12-07 02:48:50,989 DEBUG loaded <trimesh.Trimesh(vertices.shape=(916, 3), faces.shape=(856, 3))> using `load_obj` in 0.0030s
2024-12-07 02:48:51,136 DEBUG loaded <trimesh.Trimesh(vertices.shape=(48, 3), faces.shape=(28, 3))> using `load_obj` in 0.0007s
2024-12-07 02:48:59,824 INFO ==> EMD Loss: 23.729305
2024-12-07 02:48:59,825 INFO ==> Height map loss:  11.104543
2024-12-07 02:48:59,825 INFO ==> Insertion loss: 0.000000
2024-12-07 02:49:00,460 DEBUG loaded <trimesh.Trimesh(vertices.shape=(916, 3), faces.shape=(856, 3))> using `load_obj` in 0.0030s
2024-12-07 02:49:00,609 DEBUG loaded <trimesh.Trimesh(vertices.shape=(48, 3), faces.shape=(28, 3))> using `load_obj` in 0.0007s
2024-12-07 02:49:09,257 INFO ==> EMD Loss: 23.722685
2024-12-07 02:49:09,257 INFO ==> Height map loss:  10.914853
2024-12-07 02:49:09,257 INFO ==> Insertion loss: 0.000000
2024-12-07 02:49:09,867 DEBUG loaded <trimesh.Trimesh(vertices.shape=(916, 3), faces.shape=(856, 3))> using `load_obj` in 0.0029s
2024-12-07 02:49:10,013 DEBUG loaded <trimesh.Trimesh(vertices.shape=(48, 3), faces.shape=(28, 3))> using `load_obj` in 0.0007s
2024-12-07 02:49:18,827 INFO ==> EMD Loss: 23.549067
2024-12-07 02:49:18,827 INFO ==> Height map loss:  10.393247
2024-12-07 02:49:18,827 INFO ==> Insertion loss: 0.000000
2024-12-07 02:49:19,447 DEBUG loaded <trimesh.Trimesh(vertices.shape=(916, 3), faces.shape=(856, 3))> using `load_obj` in 0.0030s
2024-12-07 02:49:19,597 DEBUG loaded <trimesh.Trimesh(vertices.shape=(48, 3), faces.shape=(28, 3))> using `load_obj` in 0.0007s
2024-12-07 02:49:28,203 INFO ==> EMD Loss: 23.515179
2024-12-07 02:49:28,203 INFO ==> Height map loss:  10.168689
2024-12-07 02:49:28,203 INFO ==> Insertion loss: 0.000000
2024-12-07 02:49:28,814 DEBUG loaded <trimesh.Trimesh(vertices.shape=(916, 3), faces.shape=(856, 3))> using `load_obj` in 0.0029s
2024-12-07 02:49:28,960 DEBUG loaded <trimesh.Trimesh(vertices.shape=(48, 3), faces.shape=(28, 3))> using `load_obj` in 0.0007s
2024-12-07 02:49:37,572 INFO ==> EMD Loss: 23.566126
2024-12-07 02:49:37,572 INFO ==> Height map loss:  10.047213
2024-12-07 02:49:37,572 INFO ==> Insertion loss: 0.000000
2024-12-07 02:49:38,189 DEBUG loaded <trimesh.Trimesh(vertices.shape=(916, 3), faces.shape=(856, 3))> using `load_obj` in 0.0029s
2024-12-07 02:49:38,335 DEBUG loaded <trimesh.Trimesh(vertices.shape=(48, 3), faces.shape=(28, 3))> using `load_obj` in 0.0007s
2024-12-07 02:50:03,264 INFO =====> Skill params: [ 1.          0.6633508   0.7145771  -0.43058518 -0.16895577]
2024-12-07 02:50:03,264 INFO =====> Grad: [-1.00926160e+03  5.41681030e+02 -6.24396307e-06  1.98681278e+01
  1.50421665e-05]
2024-12-07 02:50:03,264 INFO =====> Num. aborted data so far: 0
2024-12-07 02:50:03,272 INFO ===========> Epoch: 19 optimisation losses
2024-12-07 02:50:03,272 INFO =====> EMD Loss: 23.568897
2024-12-07 02:50:03,272 INFO =====> Height map loss: 10.047865
2024-12-07 02:50:03,272 INFO =====> Insertion loss: 0.000000
2024-12-07 02:50:03,911 DEBUG loaded <trimesh.Trimesh(vertices.shape=(916, 3), faces.shape=(856, 3))> using `load_obj` in 0.0029s
2024-12-07 02:50:04,059 DEBUG loaded <trimesh.Trimesh(vertices.shape=(48, 3), faces.shape=(28, 3))> using `load_obj` in 0.0007s
2024-12-07 02:50:12,674 INFO ==> EMD Loss: 23.557459
2024-12-07 02:50:12,674 INFO ==> Height map loss:  10.077075
2024-12-07 02:50:12,674 INFO ==> Insertion loss: 0.000000
2024-12-07 02:50:13,292 DEBUG loaded <trimesh.Trimesh(vertices.shape=(916, 3), faces.shape=(856, 3))> using `load_obj` in 0.0030s
2024-12-07 02:50:13,443 DEBUG loaded <trimesh.Trimesh(vertices.shape=(48, 3), faces.shape=(28, 3))> using `load_obj` in 0.0007s
2024-12-07 02:50:22,037 INFO ==> EMD Loss: 23.537165
2024-12-07 02:50:22,037 INFO ==> Height map loss:  10.074968
2024-12-07 02:50:22,037 INFO ==> Insertion loss: 0.000000
2024-12-07 02:50:22,725 DEBUG loaded <trimesh.Trimesh(vertices.shape=(916, 3), faces.shape=(856, 3))> using `load_obj` in 0.0029s
2024-12-07 02:50:22,874 DEBUG loaded <trimesh.Trimesh(vertices.shape=(48, 3), faces.shape=(28, 3))> using `load_obj` in 0.0007s
2024-12-07 02:50:31,460 INFO ==> EMD Loss: 23.342587
2024-12-07 02:50:31,461 INFO ==> Height map loss:  10.082054
2024-12-07 02:50:31,461 INFO ==> Insertion loss: 0.000000
2024-12-07 02:50:32,079 DEBUG loaded <trimesh.Trimesh(vertices.shape=(916, 3), faces.shape=(856, 3))> using `load_obj` in 0.0030s
2024-12-07 02:50:32,226 DEBUG loaded <trimesh.Trimesh(vertices.shape=(48, 3), faces.shape=(28, 3))> using `load_obj` in 0.0007s
2024-12-07 02:50:40,699 INFO ==> EMD Loss: 23.348331
2024-12-07 02:50:40,699 INFO ==> Height map loss:  10.054146
2024-12-07 02:50:40,699 INFO ==> Insertion loss: 0.000000
2024-12-07 02:50:41,314 DEBUG loaded <trimesh.Trimesh(vertices.shape=(916, 3), faces.shape=(856, 3))> using `load_obj` in 0.0029s
2024-12-07 02:50:41,459 DEBUG loaded <trimesh.Trimesh(vertices.shape=(48, 3), faces.shape=(28, 3))> using `load_obj` in 0.0007s
2024-12-07 02:50:50,028 INFO ==> EMD Loss: 23.246016
2024-12-07 02:50:50,028 INFO ==> Height map loss:  10.065586
2024-12-07 02:50:50,028 INFO ==> Insertion loss: 0.000000
2024-12-07 02:50:50,642 DEBUG loaded <trimesh.Trimesh(vertices.shape=(916, 3), faces.shape=(856, 3))> using `load_obj` in 0.0029s
2024-12-07 02:50:50,790 DEBUG loaded <trimesh.Trimesh(vertices.shape=(48, 3), faces.shape=(28, 3))> using `load_obj` in 0.0007s
2024-12-07 02:50:59,268 INFO ===========> Finished training.
2024-12-07 02:50:59,268 INFO ====> Final EMD Loss: 23.346506
2024-12-07 02:50:59,268 INFO ====> Final Height map loss: 10.054683
2024-12-07 02:50:59,268 INFO ====> Final Insertion loss: 0.000000
2024-12-07 02:50:59,268 INFO ====> Final skill params: [ 1.          0.636431    0.72070354 -0.43184432 -0.18401015]
