2025-05-28 17:59:36,306 DEBUG loaded <trimesh.Trimesh(vertices.shape=(48, 3), faces.shape=(28, 3))> using `load_obj` in 0.0009s
2025-05-28 17:59:36,420 DEBUG loaded <trimesh.Trimesh(vertices.shape=(916, 3), faces.shape=(856, 3))> using `load_obj` in 0.0025s
2025-05-28 17:59:48,026 INFO =====> Skill params: [ 0.01800392  0.2         0.8         0.         -0.5       ]
2025-05-28 17:59:48,027 INFO =====> Grad: [  646.1539  -6315.5425   -213.88762   111.05928   259.74405]
2025-05-28 17:59:48,027 INFO =====> Num. aborted data so far: 0
2025-05-28 17:59:48,027 INFO ===========> Epoch: 0 optimisation losses
2025-05-28 17:59:48,027 INFO =====> EMD Loss: 17.413158
2025-05-28 17:59:48,027 INFO =====> Height map loss: 5.841650
2025-05-28 17:59:48,314 DEBUG loaded <trimesh.Trimesh(vertices.shape=(48, 3), faces.shape=(28, 3))> using `load_obj` in 0.0008s
2025-05-28 17:59:48,433 DEBUG loaded <trimesh.Trimesh(vertices.shape=(916, 3), faces.shape=(856, 3))> using `load_obj` in 0.0027s
2025-05-28 17:59:53,376 INFO ==> EMD Loss: 17.304895
2025-05-28 17:59:53,377 INFO ==> Height map loss:  5.849884
2025-05-28 17:59:53,667 DEBUG loaded <trimesh.Trimesh(vertices.shape=(48, 3), faces.shape=(28, 3))> using `load_obj` in 0.0008s
2025-05-28 17:59:53,783 DEBUG loaded <trimesh.Trimesh(vertices.shape=(916, 3), faces.shape=(856, 3))> using `load_obj` in 0.0027s
2025-05-28 17:59:58,825 INFO ==> EMD Loss: 17.105301
2025-05-28 17:59:58,825 INFO ==> Height map loss:  6.044154
2025-05-28 17:59:59,098 DEBUG loaded <trimesh.Trimesh(vertices.shape=(48, 3), faces.shape=(28, 3))> using `load_obj` in 0.0007s
2025-05-28 17:59:59,217 DEBUG loaded <trimesh.Trimesh(vertices.shape=(916, 3), faces.shape=(856, 3))> using `load_obj` in 0.0026s
2025-05-28 18:00:04,232 INFO ==> EMD Loss: 17.038280
2025-05-28 18:00:04,232 INFO ==> Height map loss:  6.482215
2025-05-28 18:00:04,508 DEBUG loaded <trimesh.Trimesh(vertices.shape=(48, 3), faces.shape=(28, 3))> using `load_obj` in 0.0008s
2025-05-28 18:00:04,626 DEBUG loaded <trimesh.Trimesh(vertices.shape=(916, 3), faces.shape=(856, 3))> using `load_obj` in 0.0027s
2025-05-28 18:00:09,816 INFO ==> EMD Loss: 17.179871
2025-05-28 18:00:09,816 INFO ==> Height map loss:  6.793871
2025-05-28 18:00:10,106 DEBUG loaded <trimesh.Trimesh(vertices.shape=(48, 3), faces.shape=(28, 3))> using `load_obj` in 0.0008s
2025-05-28 18:00:10,225 DEBUG loaded <trimesh.Trimesh(vertices.shape=(916, 3), faces.shape=(856, 3))> using `load_obj` in 0.0027s
2025-05-28 18:00:15,491 INFO ==> EMD Loss: 17.409159
2025-05-28 18:00:15,491 INFO ==> Height map loss:  6.951550
2025-05-28 18:00:15,843 DEBUG loaded <trimesh.Trimesh(vertices.shape=(48, 3), faces.shape=(28, 3))> using `load_obj` in 0.0008s
2025-05-28 18:00:15,960 DEBUG loaded <trimesh.Trimesh(vertices.shape=(916, 3), faces.shape=(856, 3))> using `load_obj` in 0.0026s
2025-05-28 18:00:27,444 INFO =====> Skill params: [ 0.00851708  0.20948684  0.80948687 -0.00948683 -0.50948685]
2025-05-28 18:00:27,444 INFO =====> Grad: [  666.6667   -5971.639     -358.0958    -819.58813     10.687432]
2025-05-28 18:00:27,444 INFO =====> Num. aborted data so far: 0
2025-05-28 18:00:27,445 INFO ===========> Epoch: 1 optimisation losses
2025-05-28 18:00:27,445 INFO =====> EMD Loss: 17.305010
2025-05-28 18:00:27,445 INFO =====> Height map loss: 5.849913
2025-05-28 18:00:27,772 DEBUG loaded <trimesh.Trimesh(vertices.shape=(48, 3), faces.shape=(28, 3))> using `load_obj` in 0.0008s
2025-05-28 18:00:27,890 DEBUG loaded <trimesh.Trimesh(vertices.shape=(916, 3), faces.shape=(856, 3))> using `load_obj` in 0.0027s
2025-05-28 18:00:33,005 INFO ==> EMD Loss: 17.673342
2025-05-28 18:00:33,006 INFO ==> Height map loss:  6.044147
2025-05-28 18:00:33,339 DEBUG loaded <trimesh.Trimesh(vertices.shape=(48, 3), faces.shape=(28, 3))> using `load_obj` in 0.0008s
2025-05-28 18:00:33,457 DEBUG loaded <trimesh.Trimesh(vertices.shape=(916, 3), faces.shape=(856, 3))> using `load_obj` in 0.0026s
2025-05-28 18:00:38,576 INFO ==> EMD Loss: 18.195410
2025-05-28 18:00:38,576 INFO ==> Height map loss:  6.654744
2025-05-28 18:00:38,864 DEBUG loaded <trimesh.Trimesh(vertices.shape=(48, 3), faces.shape=(28, 3))> using `load_obj` in 0.0007s
2025-05-28 18:00:38,982 DEBUG loaded <trimesh.Trimesh(vertices.shape=(916, 3), faces.shape=(856, 3))> using `load_obj` in 0.0027s
2025-05-28 18:00:44,072 INFO ==> EMD Loss: 18.257816
2025-05-28 18:00:44,072 INFO ==> Height map loss:  6.940503
2025-05-28 18:00:44,361 DEBUG loaded <trimesh.Trimesh(vertices.shape=(48, 3), faces.shape=(28, 3))> using `load_obj` in 0.0007s
2025-05-28 18:00:44,477 DEBUG loaded <trimesh.Trimesh(vertices.shape=(916, 3), faces.shape=(856, 3))> using `load_obj` in 0.0026s
2025-05-28 18:00:49,719 INFO ==> EMD Loss: 18.134790
2025-05-28 18:00:49,719 INFO ==> Height map loss:  7.529876
2025-05-28 18:00:50,012 DEBUG loaded <trimesh.Trimesh(vertices.shape=(48, 3), faces.shape=(28, 3))> using `load_obj` in 0.0007s
2025-05-28 18:00:50,131 DEBUG loaded <trimesh.Trimesh(vertices.shape=(916, 3), faces.shape=(856, 3))> using `load_obj` in 0.0027s
2025-05-28 18:00:55,356 INFO ==> EMD Loss: 17.614946
2025-05-28 18:00:55,356 INFO ==> Height map loss:  7.486276
2025-05-28 18:00:55,753 DEBUG loaded <trimesh.Trimesh(vertices.shape=(48, 3), faces.shape=(28, 3))> using `load_obj` in 0.0007s
2025-05-28 18:00:55,870 DEBUG loaded <trimesh.Trimesh(vertices.shape=(916, 3), faces.shape=(856, 3))> using `load_obj` in 0.0026s
2025-05-28 18:01:07,515 INFO =====> Skill params: [ 1.5336666e-03  2.1618393e-01  8.1774074e-01 -7.7430159e-05
 -5.0989795e-01]
2025-05-28 18:01:07,515 INFO =====> Grad: [ -642.8572   7952.907     344.71875   932.0372  -1000.081  ]
2025-05-28 18:01:07,515 INFO =====> Num. aborted data so far: 0
2025-05-28 18:01:07,516 INFO ===========> Epoch: 2 optimisation losses
2025-05-28 18:01:07,516 INFO =====> EMD Loss: 17.695274
2025-05-28 18:01:07,516 INFO =====> Height map loss: 6.070515
2025-05-28 18:01:07,837 DEBUG loaded <trimesh.Trimesh(vertices.shape=(48, 3), faces.shape=(28, 3))> using `load_obj` in 0.0008s
2025-05-28 18:01:07,953 DEBUG loaded <trimesh.Trimesh(vertices.shape=(916, 3), faces.shape=(856, 3))> using `load_obj` in 0.0027s
2025-05-28 18:01:13,064 INFO ==> EMD Loss: 17.417501
2025-05-28 18:01:13,064 INFO ==> Height map loss:  6.021263
2025-05-28 18:01:13,367 DEBUG loaded <trimesh.Trimesh(vertices.shape=(48, 3), faces.shape=(28, 3))> using `load_obj` in 0.0007s
2025-05-28 18:01:13,486 DEBUG loaded <trimesh.Trimesh(vertices.shape=(916, 3), faces.shape=(856, 3))> using `load_obj` in 0.0027s
2025-05-28 18:01:18,465 INFO ==> EMD Loss: 17.265993
2025-05-28 18:01:18,465 INFO ==> Height map loss:  5.754433
2025-05-28 18:01:18,803 DEBUG loaded <trimesh.Trimesh(vertices.shape=(48, 3), faces.shape=(28, 3))> using `load_obj` in 0.0007s
2025-05-28 18:01:18,921 DEBUG loaded <trimesh.Trimesh(vertices.shape=(916, 3), faces.shape=(856, 3))> using `load_obj` in 0.0027s
2025-05-28 18:01:23,974 INFO ==> EMD Loss: 17.290840
2025-05-28 18:01:23,974 INFO ==> Height map loss:  5.440225
2025-05-28 18:01:24,271 DEBUG loaded <trimesh.Trimesh(vertices.shape=(48, 3), faces.shape=(28, 3))> using `load_obj` in 0.0007s
2025-05-28 18:01:24,389 DEBUG loaded <trimesh.Trimesh(vertices.shape=(916, 3), faces.shape=(856, 3))> using `load_obj` in 0.0027s
2025-05-28 18:01:29,302 INFO ==> EMD Loss: 16.743999
2025-05-28 18:01:29,302 INFO ==> Height map loss:  5.494696
2025-05-28 18:01:29,602 DEBUG loaded <trimesh.Trimesh(vertices.shape=(48, 3), faces.shape=(28, 3))> using `load_obj` in 0.0008s
2025-05-28 18:01:29,719 DEBUG loaded <trimesh.Trimesh(vertices.shape=(916, 3), faces.shape=(856, 3))> using `load_obj` in 0.0028s
2025-05-28 18:01:34,660 INFO ==> EMD Loss: 16.538189
2025-05-28 18:01:34,660 INFO ==> Height map loss:  5.510427
2025-05-28 18:01:34,964 DEBUG loaded <trimesh.Trimesh(vertices.shape=(48, 3), faces.shape=(28, 3))> using `load_obj` in 0.0007s
2025-05-28 18:01:35,085 DEBUG loaded <trimesh.Trimesh(vertices.shape=(916, 3), faces.shape=(856, 3))> using `load_obj` in 0.0028s
2025-05-28 18:01:46,488 INFO =====> Skill params: [ 0.05836826  0.14940566  0.7549545  -0.07267955 -0.4175243 ]
2025-05-28 18:01:46,488 INFO =====> Grad: [-694.7369  2560.5054   307.65433 -557.17035  534.4238 ]
2025-05-28 18:01:46,488 INFO =====> Num. aborted data so far: 0
2025-05-28 18:01:46,489 INFO ===========> Epoch: 3 optimisation losses
2025-05-28 18:01:46,489 INFO =====> EMD Loss: 17.290876
2025-05-28 18:01:46,489 INFO =====> Height map loss: 5.440223
2025-05-28 18:01:46,815 DEBUG loaded <trimesh.Trimesh(vertices.shape=(48, 3), faces.shape=(28, 3))> using `load_obj` in 0.0007s
2025-05-28 18:01:46,935 DEBUG loaded <trimesh.Trimesh(vertices.shape=(916, 3), faces.shape=(856, 3))> using `load_obj` in 0.0027s
2025-05-28 18:01:51,850 INFO ==> EMD Loss: 17.065523
2025-05-28 18:01:51,850 INFO ==> Height map loss:  5.402008
2025-05-28 18:01:52,148 DEBUG loaded <trimesh.Trimesh(vertices.shape=(48, 3), faces.shape=(28, 3))> using `load_obj` in 0.0007s
2025-05-28 18:01:52,268 DEBUG loaded <trimesh.Trimesh(vertices.shape=(916, 3), faces.shape=(856, 3))> using `load_obj` in 0.0027s
2025-05-28 18:01:57,231 INFO ==> EMD Loss: 16.999464
2025-05-28 18:01:57,231 INFO ==> Height map loss:  5.383495
2025-05-28 18:01:57,574 DEBUG loaded <trimesh.Trimesh(vertices.shape=(48, 3), faces.shape=(28, 3))> using `load_obj` in 0.0007s
2025-05-28 18:01:57,690 DEBUG loaded <trimesh.Trimesh(vertices.shape=(916, 3), faces.shape=(856, 3))> using `load_obj` in 0.0027s
2025-05-28 18:02:02,525 INFO ==> EMD Loss: 17.061190
2025-05-28 18:02:02,525 INFO ==> Height map loss:  5.414853
2025-05-28 18:02:02,829 DEBUG loaded <trimesh.Trimesh(vertices.shape=(48, 3), faces.shape=(28, 3))> using `load_obj` in 0.0007s
2025-05-28 18:02:02,949 DEBUG loaded <trimesh.Trimesh(vertices.shape=(916, 3), faces.shape=(856, 3))> using `load_obj` in 0.0027s
2025-05-28 18:02:07,921 INFO ==> EMD Loss: 16.740383
2025-05-28 18:02:07,921 INFO ==> Height map loss:  5.525955
2025-05-28 18:02:08,227 DEBUG loaded <trimesh.Trimesh(vertices.shape=(48, 3), faces.shape=(28, 3))> using `load_obj` in 0.0007s
2025-05-28 18:02:08,349 DEBUG loaded <trimesh.Trimesh(vertices.shape=(916, 3), faces.shape=(856, 3))> using `load_obj` in 0.0027s
2025-05-28 18:02:13,185 INFO ==> EMD Loss: 16.514704
2025-05-28 18:02:13,185 INFO ==> Height map loss:  5.792722
2025-05-28 18:02:13,502 DEBUG loaded <trimesh.Trimesh(vertices.shape=(48, 3), faces.shape=(28, 3))> using `load_obj` in 0.0008s
2025-05-28 18:02:13,623 DEBUG loaded <trimesh.Trimesh(vertices.shape=(916, 3), faces.shape=(856, 3))> using `load_obj` in 0.0027s
2025-05-28 18:02:25,416 INFO =====> Skill params: [ 0.08510679  0.13838437  0.72988355 -0.05207562 -0.44033498]
2025-05-28 18:02:25,416 INFO =====> Grad: [  666.6667  -6076.798    -338.66446  -405.42432  -979.4669 ]
2025-05-28 18:02:25,418 INFO =====> Num. aborted data so far: 0
2025-05-28 18:02:25,419 INFO ===========> Epoch: 4 optimisation losses
2025-05-28 18:02:25,419 INFO =====> EMD Loss: 16.999483
2025-05-28 18:02:25,419 INFO =====> Height map loss: 5.383712
2025-05-28 18:02:25,750 DEBUG loaded <trimesh.Trimesh(vertices.shape=(48, 3), faces.shape=(28, 3))> using `load_obj` in 0.0007s
2025-05-28 18:02:25,872 DEBUG loaded <trimesh.Trimesh(vertices.shape=(916, 3), faces.shape=(856, 3))> using `load_obj` in 0.0027s
2025-05-28 18:02:30,989 INFO ==> EMD Loss: 16.671280
2025-05-28 18:02:30,989 INFO ==> Height map loss:  5.331715
2025-05-28 18:02:31,306 DEBUG loaded <trimesh.Trimesh(vertices.shape=(48, 3), faces.shape=(28, 3))> using `load_obj` in 0.0008s
2025-05-28 18:02:31,427 DEBUG loaded <trimesh.Trimesh(vertices.shape=(916, 3), faces.shape=(856, 3))> using `load_obj` in 0.0027s
2025-05-28 18:02:36,459 INFO ==> EMD Loss: 17.509031
2025-05-28 18:02:36,459 INFO ==> Height map loss:  5.852643
2025-05-28 18:02:36,771 DEBUG loaded <trimesh.Trimesh(vertices.shape=(48, 3), faces.shape=(28, 3))> using `load_obj` in 0.0008s
2025-05-28 18:02:36,892 DEBUG loaded <trimesh.Trimesh(vertices.shape=(916, 3), faces.shape=(856, 3))> using `load_obj` in 0.0028s
2025-05-28 18:02:42,093 INFO ==> EMD Loss: 18.032007
2025-05-28 18:02:42,093 INFO ==> Height map loss:  6.087751
2025-05-28 18:02:42,406 DEBUG loaded <trimesh.Trimesh(vertices.shape=(48, 3), faces.shape=(28, 3))> using `load_obj` in 0.0008s
2025-05-28 18:02:42,527 DEBUG loaded <trimesh.Trimesh(vertices.shape=(916, 3), faces.shape=(856, 3))> using `load_obj` in 0.0028s
2025-05-28 18:02:47,656 INFO ==> EMD Loss: 17.543318
2025-05-28 18:02:47,657 INFO ==> Height map loss:  6.136166
2025-05-28 18:02:47,969 DEBUG loaded <trimesh.Trimesh(vertices.shape=(48, 3), faces.shape=(28, 3))> using `load_obj` in 0.0007s
2025-05-28 18:02:48,091 DEBUG loaded <trimesh.Trimesh(vertices.shape=(916, 3), faces.shape=(856, 3))> using `load_obj` in 0.0027s
2025-05-28 18:02:53,390 INFO ==> EMD Loss: 17.799116
2025-05-28 18:02:53,390 INFO ==> Height map loss:  6.571102
2025-05-28 18:02:53,730 DEBUG loaded <trimesh.Trimesh(vertices.shape=(48, 3), faces.shape=(28, 3))> using `load_obj` in 0.0008s
2025-05-28 18:02:53,852 DEBUG loaded <trimesh.Trimesh(vertices.shape=(916, 3), faces.shape=(856, 3))> using `load_obj` in 0.0027s
2025-05-28 18:03:05,382 INFO =====> Skill params: [ 0.08040775  0.1431518   0.73484325 -0.04907699 -0.43387794]
2025-05-28 18:03:05,382 INFO =====> Grad: [-445.14188   46.33368  296.24072  125.95596  245.71782]
2025-05-28 18:03:05,382 INFO =====> Num. aborted data so far: 0
2025-05-28 18:03:05,383 INFO ===========> Epoch: 5 optimisation losses
2025-05-28 18:03:05,383 INFO =====> EMD Loss: 16.671234
2025-05-28 18:03:05,383 INFO =====> Height map loss: 5.331658
2025-05-28 18:03:05,721 DEBUG loaded <trimesh.Trimesh(vertices.shape=(48, 3), faces.shape=(28, 3))> using `load_obj` in 0.0007s
2025-05-28 18:03:05,850 DEBUG loaded <trimesh.Trimesh(vertices.shape=(916, 3), faces.shape=(856, 3))> using `load_obj` in 0.0028s
2025-05-28 18:03:10,831 INFO ==> EMD Loss: 16.777033
2025-05-28 18:03:10,831 INFO ==> Height map loss:  5.338267
2025-05-28 18:03:11,244 DEBUG loaded <trimesh.Trimesh(vertices.shape=(48, 3), faces.shape=(28, 3))> using `load_obj` in 0.0007s
2025-05-28 18:03:11,363 DEBUG loaded <trimesh.Trimesh(vertices.shape=(916, 3), faces.shape=(856, 3))> using `load_obj` in 0.0027s
2025-05-28 18:03:16,414 INFO ==> EMD Loss: 16.881907
2025-05-28 18:03:16,414 INFO ==> Height map loss:  5.391228
2025-05-28 18:03:16,817 DEBUG loaded <trimesh.Trimesh(vertices.shape=(48, 3), faces.shape=(28, 3))> using `load_obj` in 0.0007s
2025-05-28 18:03:16,938 DEBUG loaded <trimesh.Trimesh(vertices.shape=(916, 3), faces.shape=(856, 3))> using `load_obj` in 0.0028s
2025-05-28 18:03:21,898 INFO ==> EMD Loss: 16.572433
2025-05-28 18:03:21,898 INFO ==> Height map loss:  5.345685
2025-05-28 18:03:22,214 DEBUG loaded <trimesh.Trimesh(vertices.shape=(48, 3), faces.shape=(28, 3))> using `load_obj` in 0.0007s
2025-05-28 18:03:22,335 DEBUG loaded <trimesh.Trimesh(vertices.shape=(916, 3), faces.shape=(856, 3))> using `load_obj` in 0.0028s
2025-05-28 18:03:27,396 INFO ==> EMD Loss: 16.454769
2025-05-28 18:03:27,396 INFO ==> Height map loss:  5.297679
2025-05-28 18:03:27,710 DEBUG loaded <trimesh.Trimesh(vertices.shape=(48, 3), faces.shape=(28, 3))> using `load_obj` in 0.0008s
2025-05-28 18:03:27,828 DEBUG loaded <trimesh.Trimesh(vertices.shape=(916, 3), faces.shape=(856, 3))> using `load_obj` in 0.0025s
2025-05-28 18:03:32,854 INFO ==> EMD Loss: 16.200624
2025-05-28 18:03:32,855 INFO ==> Height map loss:  5.255400
2025-05-28 18:03:33,181 DEBUG loaded <trimesh.Trimesh(vertices.shape=(48, 3), faces.shape=(28, 3))> using `load_obj` in 0.0008s
2025-05-28 18:03:33,302 DEBUG loaded <trimesh.Trimesh(vertices.shape=(916, 3), faces.shape=(856, 3))> using `load_obj` in 0.0027s
2025-05-28 18:03:44,494 INFO =====> Skill params: [ 0.14286755  0.14238548  0.6524539  -0.06861261 -0.46748775]
2025-05-28 18:03:44,494 INFO =====> Grad: [-633.9887    808.0751    -10.939531 -664.08344  -227.12068 ]
2025-05-28 18:03:44,494 INFO =====> Num. aborted data so far: 0
2025-05-28 18:03:44,495 INFO ===========> Epoch: 6 optimisation losses
2025-05-28 18:03:44,495 INFO =====> EMD Loss: 16.200674
2025-05-28 18:03:44,495 INFO =====> Height map loss: 5.255436
2025-05-28 18:03:44,845 DEBUG loaded <trimesh.Trimesh(vertices.shape=(48, 3), faces.shape=(28, 3))> using `load_obj` in 0.0008s
2025-05-28 18:03:44,966 DEBUG loaded <trimesh.Trimesh(vertices.shape=(916, 3), faces.shape=(856, 3))> using `load_obj` in 0.0028s
2025-05-28 18:03:49,996 INFO ==> EMD Loss: 16.231144
2025-05-28 18:03:49,996 INFO ==> Height map loss:  5.316455
2025-05-28 18:03:50,313 DEBUG loaded <trimesh.Trimesh(vertices.shape=(48, 3), faces.shape=(28, 3))> using `load_obj` in 0.0007s
2025-05-28 18:03:50,433 DEBUG loaded <trimesh.Trimesh(vertices.shape=(916, 3), faces.shape=(856, 3))> using `load_obj` in 0.0028s
2025-05-28 18:03:55,379 INFO ==> EMD Loss: 16.340956
2025-05-28 18:03:55,379 INFO ==> Height map loss:  5.431660
2025-05-28 18:03:55,698 DEBUG loaded <trimesh.Trimesh(vertices.shape=(48, 3), faces.shape=(28, 3))> using `load_obj` in 0.0008s
2025-05-28 18:03:55,819 DEBUG loaded <trimesh.Trimesh(vertices.shape=(916, 3), faces.shape=(856, 3))> using `load_obj` in 0.0026s
2025-05-28 18:04:00,866 INFO ==> EMD Loss: 16.417538
2025-05-28 18:04:00,866 INFO ==> Height map loss:  5.592120
2025-05-28 18:04:01,190 DEBUG loaded <trimesh.Trimesh(vertices.shape=(48, 3), faces.shape=(28, 3))> using `load_obj` in 0.0008s
2025-05-28 18:04:01,311 DEBUG loaded <trimesh.Trimesh(vertices.shape=(916, 3), faces.shape=(856, 3))> using `load_obj` in 0.0027s
2025-05-28 18:04:06,327 INFO ==> EMD Loss: 16.767815
2025-05-28 18:04:06,327 INFO ==> Height map loss:  5.671558
2025-05-28 18:04:06,646 DEBUG loaded <trimesh.Trimesh(vertices.shape=(48, 3), faces.shape=(28, 3))> using `load_obj` in 0.0007s
2025-05-28 18:04:06,764 DEBUG loaded <trimesh.Trimesh(vertices.shape=(916, 3), faces.shape=(856, 3))> using `load_obj` in 0.0027s
2025-05-28 18:04:11,716 INFO ==> EMD Loss: 17.136641
2025-05-28 18:04:11,716 INFO ==> Height map loss:  5.980628
2025-05-28 18:04:12,035 DEBUG loaded <trimesh.Trimesh(vertices.shape=(48, 3), faces.shape=(28, 3))> using `load_obj` in 0.0007s
2025-05-28 18:04:12,156 DEBUG loaded <trimesh.Trimesh(vertices.shape=(916, 3), faces.shape=(856, 3))> using `load_obj` in 0.0028s
2025-05-28 18:04:23,498 INFO =====> Skill params: [ 0.14707075  0.14168303  0.65261424 -0.06390095 -0.46587428]
2025-05-28 18:04:23,498 INFO =====> Grad: [-666.6667  3234.1475  -252.35603 -375.3119  1002.7243 ]
2025-05-28 18:04:23,498 INFO =====> Num. aborted data so far: 0
2025-05-28 18:04:23,499 INFO ===========> Epoch: 7 optimisation losses
2025-05-28 18:04:23,499 INFO =====> EMD Loss: 16.229168
2025-05-28 18:04:23,499 INFO =====> Height map loss: 5.316423
2025-05-28 18:04:23,843 DEBUG loaded <trimesh.Trimesh(vertices.shape=(48, 3), faces.shape=(28, 3))> using `load_obj` in 0.0008s
2025-05-28 18:04:23,965 DEBUG loaded <trimesh.Trimesh(vertices.shape=(916, 3), faces.shape=(856, 3))> using `load_obj` in 0.0028s
2025-05-28 18:04:28,959 INFO ==> EMD Loss: 16.371799
2025-05-28 18:04:28,959 INFO ==> Height map loss:  5.357798
2025-05-28 18:04:29,288 DEBUG loaded <trimesh.Trimesh(vertices.shape=(48, 3), faces.shape=(28, 3))> using `load_obj` in 0.0008s
2025-05-28 18:04:29,408 DEBUG loaded <trimesh.Trimesh(vertices.shape=(916, 3), faces.shape=(856, 3))> using `load_obj` in 0.0027s
2025-05-28 18:04:34,434 INFO ==> EMD Loss: 16.305931
2025-05-28 18:04:34,434 INFO ==> Height map loss:  5.434208
2025-05-28 18:04:34,754 DEBUG loaded <trimesh.Trimesh(vertices.shape=(48, 3), faces.shape=(28, 3))> using `load_obj` in 0.0008s
2025-05-28 18:04:34,876 DEBUG loaded <trimesh.Trimesh(vertices.shape=(916, 3), faces.shape=(856, 3))> using `load_obj` in 0.0028s
2025-05-28 18:04:39,774 INFO ==> EMD Loss: 16.626492
2025-05-28 18:04:39,774 INFO ==> Height map loss:  6.069454
2025-05-28 18:04:40,096 DEBUG loaded <trimesh.Trimesh(vertices.shape=(48, 3), faces.shape=(28, 3))> using `load_obj` in 0.0007s
2025-05-28 18:04:40,218 DEBUG loaded <trimesh.Trimesh(vertices.shape=(916, 3), faces.shape=(856, 3))> using `load_obj` in 0.0028s
2025-05-28 18:04:45,193 INFO ==> EMD Loss: 16.714533
2025-05-28 18:04:45,193 INFO ==> Height map loss:  6.397923
2025-05-28 18:04:45,523 DEBUG loaded <trimesh.Trimesh(vertices.shape=(48, 3), faces.shape=(28, 3))> using `load_obj` in 0.0007s
2025-05-28 18:04:45,645 DEBUG loaded <trimesh.Trimesh(vertices.shape=(916, 3), faces.shape=(856, 3))> using `load_obj` in 0.0027s
2025-05-28 18:04:50,463 INFO ==> EMD Loss: 17.461231
2025-05-28 18:04:50,463 INFO ==> Height map loss:  7.287075
2025-05-28 18:04:50,790 DEBUG loaded <trimesh.Trimesh(vertices.shape=(48, 3), faces.shape=(28, 3))> using `load_obj` in 0.0008s
2025-05-28 18:04:50,911 DEBUG loaded <trimesh.Trimesh(vertices.shape=(916, 3), faces.shape=(856, 3))> using `load_obj` in 0.0027s
2025-05-28 18:05:02,235 INFO =====> Skill params: [ 0.15125261  0.13885431  0.6562202  -0.06120941 -0.47176197]
2025-05-28 18:05:02,235 INFO =====> Grad: [-666.6667  6121.452    304.01642 -935.8391   387.1262 ]
2025-05-28 18:05:02,235 INFO =====> Num. aborted data so far: 0
2025-05-28 18:05:02,236 INFO ===========> Epoch: 8 optimisation losses
2025-05-28 18:05:02,236 INFO =====> EMD Loss: 16.398293
2025-05-28 18:05:02,236 INFO =====> Height map loss: 5.336697
2025-05-28 18:05:02,587 DEBUG loaded <trimesh.Trimesh(vertices.shape=(48, 3), faces.shape=(28, 3))> using `load_obj` in 0.0008s
2025-05-28 18:05:02,708 DEBUG loaded <trimesh.Trimesh(vertices.shape=(916, 3), faces.shape=(856, 3))> using `load_obj` in 0.0028s
2025-05-28 18:05:07,741 INFO ==> EMD Loss: 16.321527
2025-05-28 18:05:07,741 INFO ==> Height map loss:  5.439925
2025-05-28 18:05:08,067 DEBUG loaded <trimesh.Trimesh(vertices.shape=(48, 3), faces.shape=(28, 3))> using `load_obj` in 0.0007s
2025-05-28 18:05:08,188 DEBUG loaded <trimesh.Trimesh(vertices.shape=(916, 3), faces.shape=(856, 3))> using `load_obj` in 0.0028s
2025-05-28 18:05:13,131 INFO ==> EMD Loss: 16.455629
2025-05-28 18:05:13,131 INFO ==> Height map loss:  5.548739
2025-05-28 18:05:13,456 DEBUG loaded <trimesh.Trimesh(vertices.shape=(48, 3), faces.shape=(28, 3))> using `load_obj` in 0.0008s
2025-05-28 18:05:13,581 DEBUG loaded <trimesh.Trimesh(vertices.shape=(916, 3), faces.shape=(856, 3))> using `load_obj` in 0.0028s
2025-05-28 18:05:18,564 INFO ==> EMD Loss: 16.735075
2025-05-28 18:05:18,564 INFO ==> Height map loss:  6.095290
2025-05-28 18:05:18,890 DEBUG loaded <trimesh.Trimesh(vertices.shape=(48, 3), faces.shape=(28, 3))> using `load_obj` in 0.0007s
2025-05-28 18:05:19,010 DEBUG loaded <trimesh.Trimesh(vertices.shape=(916, 3), faces.shape=(856, 3))> using `load_obj` in 0.0028s
2025-05-28 18:05:23,898 INFO ==> EMD Loss: 17.251736
2025-05-28 18:05:23,898 INFO ==> Height map loss:  6.647346
2025-05-28 18:05:24,233 DEBUG loaded <trimesh.Trimesh(vertices.shape=(48, 3), faces.shape=(28, 3))> using `load_obj` in 0.0007s
2025-05-28 18:05:24,358 DEBUG loaded <trimesh.Trimesh(vertices.shape=(916, 3), faces.shape=(856, 3))> using `load_obj` in 0.0028s
2025-05-28 18:05:29,352 INFO ==> EMD Loss: 17.876158
2025-05-28 18:05:29,352 INFO ==> Height map loss:  7.423182
2025-05-28 18:05:29,682 DEBUG loaded <trimesh.Trimesh(vertices.shape=(48, 3), faces.shape=(28, 3))> using `load_obj` in 0.0008s
2025-05-28 18:05:29,806 DEBUG loaded <trimesh.Trimesh(vertices.shape=(916, 3), faces.shape=(856, 3))> using `load_obj` in 0.0028s
2025-05-28 18:05:41,151 INFO =====> Skill params: [ 0.1552502   0.134004    0.65209633 -0.05553824 -0.47408506]
2025-05-28 18:05:41,151 INFO =====> Grad: [  705.8824  -1496.8517   -339.01157  -713.67224   718.9887 ]
2025-05-28 18:05:41,151 INFO =====> Num. aborted data so far: 0
2025-05-28 18:05:41,152 INFO ===========> Epoch: 9 optimisation losses
2025-05-28 18:05:41,152 INFO =====> EMD Loss: 16.321663
2025-05-28 18:05:41,152 INFO =====> Height map loss: 5.439846
2025-05-28 18:05:41,505 DEBUG loaded <trimesh.Trimesh(vertices.shape=(48, 3), faces.shape=(28, 3))> using `load_obj` in 0.0008s
2025-05-28 18:05:41,629 DEBUG loaded <trimesh.Trimesh(vertices.shape=(916, 3), faces.shape=(856, 3))> using `load_obj` in 0.0028s
2025-05-28 18:05:46,602 INFO ==> EMD Loss: 16.362257
2025-05-28 18:05:46,602 INFO ==> Height map loss:  5.412961
2025-05-28 18:05:46,933 DEBUG loaded <trimesh.Trimesh(vertices.shape=(48, 3), faces.shape=(28, 3))> using `load_obj` in 0.0008s
2025-05-28 18:05:47,055 DEBUG loaded <trimesh.Trimesh(vertices.shape=(916, 3), faces.shape=(856, 3))> using `load_obj` in 0.0028s
2025-05-28 18:05:52,161 INFO ==> EMD Loss: 16.426653
2025-05-28 18:05:52,161 INFO ==> Height map loss:  5.277102
2025-05-28 18:05:52,489 DEBUG loaded <trimesh.Trimesh(vertices.shape=(48, 3), faces.shape=(28, 3))> using `load_obj` in 0.0007s
2025-05-28 18:05:52,610 DEBUG loaded <trimesh.Trimesh(vertices.shape=(916, 3), faces.shape=(856, 3))> using `load_obj` in 0.0028s
2025-05-28 18:05:57,551 INFO ==> EMD Loss: 16.271736
2025-05-28 18:05:57,551 INFO ==> Height map loss:  5.229871
2025-05-28 18:05:57,938 DEBUG loaded <trimesh.Trimesh(vertices.shape=(48, 3), faces.shape=(28, 3))> using `load_obj` in 0.0008s
2025-05-28 18:05:58,060 DEBUG loaded <trimesh.Trimesh(vertices.shape=(916, 3), faces.shape=(856, 3))> using `load_obj` in 0.0028s
2025-05-28 18:06:03,104 INFO ==> EMD Loss: 16.288219
2025-05-28 18:06:03,104 INFO ==> Height map loss:  5.091001
2025-05-28 18:06:03,432 DEBUG loaded <trimesh.Trimesh(vertices.shape=(48, 3), faces.shape=(28, 3))> using `load_obj` in 0.0007s
2025-05-28 18:06:03,549 DEBUG loaded <trimesh.Trimesh(vertices.shape=(916, 3), faces.shape=(856, 3))> using `load_obj` in 0.0027s
2025-05-28 18:06:08,489 INFO ==> EMD Loss: 16.846849
2025-05-28 18:06:08,489 INFO ==> Height map loss:  5.097610
2025-05-28 18:06:08,819 DEBUG loaded <trimesh.Trimesh(vertices.shape=(48, 3), faces.shape=(28, 3))> using `load_obj` in 0.0007s
2025-05-28 18:06:08,942 DEBUG loaded <trimesh.Trimesh(vertices.shape=(916, 3), faces.shape=(856, 3))> using `load_obj` in 0.0029s
2025-05-28 18:06:20,258 INFO =====> Skill params: [ 0.09468801  0.15259597  0.7168437   0.00609654 -0.53560066]
2025-05-28 18:06:20,258 INFO =====> Grad: [  660.      -5426.0723    248.44212   910.9575   -993.5952 ]
2025-05-28 18:06:20,258 INFO =====> Num. aborted data so far: 0
2025-05-28 18:06:20,259 INFO ===========> Epoch: 10 optimisation losses
2025-05-28 18:06:20,259 INFO =====> EMD Loss: 16.286802
2025-05-28 18:06:20,259 INFO =====> Height map loss: 5.093232
2025-05-28 18:06:20,616 DEBUG loaded <trimesh.Trimesh(vertices.shape=(48, 3), faces.shape=(28, 3))> using `load_obj` in 0.0007s
2025-05-28 18:06:20,734 DEBUG loaded <trimesh.Trimesh(vertices.shape=(916, 3), faces.shape=(856, 3))> using `load_obj` in 0.0028s
2025-05-28 18:06:25,632 INFO ==> EMD Loss: 16.552212
2025-05-28 18:06:25,632 INFO ==> Height map loss:  5.066791
2025-05-28 18:06:25,969 DEBUG loaded <trimesh.Trimesh(vertices.shape=(48, 3), faces.shape=(28, 3))> using `load_obj` in 0.0008s
2025-05-28 18:06:26,087 DEBUG loaded <trimesh.Trimesh(vertices.shape=(916, 3), faces.shape=(856, 3))> using `load_obj` in 0.0026s
2025-05-28 18:06:31,206 INFO ==> EMD Loss: 16.976278
2025-05-28 18:06:31,206 INFO ==> Height map loss:  5.200587
2025-05-28 18:06:31,536 DEBUG loaded <trimesh.Trimesh(vertices.shape=(48, 3), faces.shape=(28, 3))> using `load_obj` in 0.0008s
2025-05-28 18:06:31,660 DEBUG loaded <trimesh.Trimesh(vertices.shape=(916, 3), faces.shape=(856, 3))> using `load_obj` in 0.0028s
2025-05-28 18:06:36,682 INFO ==> EMD Loss: 16.620497
2025-05-28 18:06:36,682 INFO ==> Height map loss:  5.279135
2025-05-28 18:06:37,010 DEBUG loaded <trimesh.Trimesh(vertices.shape=(48, 3), faces.shape=(28, 3))> using `load_obj` in 0.0007s
2025-05-28 18:06:37,131 DEBUG loaded <trimesh.Trimesh(vertices.shape=(916, 3), faces.shape=(856, 3))> using `load_obj` in 0.0028s
2025-05-28 18:06:42,304 INFO ==> EMD Loss: 16.485348
2025-05-28 18:06:42,304 INFO ==> Height map loss:  5.586189
2025-05-28 18:06:42,634 DEBUG loaded <trimesh.Trimesh(vertices.shape=(48, 3), faces.shape=(28, 3))> using `load_obj` in 0.0007s
2025-05-28 18:06:42,754 DEBUG loaded <trimesh.Trimesh(vertices.shape=(916, 3), faces.shape=(856, 3))> using `load_obj` in 0.0027s
2025-05-28 18:06:47,799 INFO ==> EMD Loss: 16.468679
2025-05-28 18:06:47,799 INFO ==> Height map loss:  5.641032
2025-05-28 18:06:48,143 DEBUG loaded <trimesh.Trimesh(vertices.shape=(48, 3), faces.shape=(28, 3))> using `load_obj` in 0.0008s
2025-05-28 18:06:48,266 DEBUG loaded <trimesh.Trimesh(vertices.shape=(916, 3), faces.shape=(856, 3))> using `load_obj` in 0.0028s
2025-05-28 18:06:59,605 INFO =====> Skill params: [ 0.09101849  0.15683337  0.71369797  0.00131989 -0.53054553]
2025-05-28 18:06:59,605 INFO =====> Grad: [  660.      -2632.9558    246.91365   891.2948    584.98425]
2025-05-28 18:06:59,605 INFO =====> Num. aborted data so far: 0
2025-05-28 18:06:59,607 INFO ===========> Epoch: 11 optimisation losses
2025-05-28 18:06:59,607 INFO =====> EMD Loss: 16.548292
2025-05-28 18:06:59,607 INFO =====> Height map loss: 5.066771
2025-05-28 18:07:00,021 DEBUG loaded <trimesh.Trimesh(vertices.shape=(48, 3), faces.shape=(28, 3))> using `load_obj` in 0.0008s
2025-05-28 18:07:00,145 DEBUG loaded <trimesh.Trimesh(vertices.shape=(916, 3), faces.shape=(856, 3))> using `load_obj` in 0.0030s
2025-05-28 18:07:05,114 INFO ==> EMD Loss: 16.523098
2025-05-28 18:07:05,114 INFO ==> Height map loss:  5.021255
2025-05-28 18:07:05,548 DEBUG loaded <trimesh.Trimesh(vertices.shape=(48, 3), faces.shape=(28, 3))> using `load_obj` in 0.0008s
2025-05-28 18:07:05,670 DEBUG loaded <trimesh.Trimesh(vertices.shape=(916, 3), faces.shape=(856, 3))> using `load_obj` in 0.0027s
2025-05-28 18:07:10,782 INFO ==> EMD Loss: 16.489225
2025-05-28 18:07:10,782 INFO ==> Height map loss:  4.946562
2025-05-28 18:07:11,118 DEBUG loaded <trimesh.Trimesh(vertices.shape=(48, 3), faces.shape=(28, 3))> using `load_obj` in 0.0008s
2025-05-28 18:07:11,244 DEBUG loaded <trimesh.Trimesh(vertices.shape=(916, 3), faces.shape=(856, 3))> using `load_obj` in 0.0030s
2025-05-28 18:07:16,220 INFO ==> EMD Loss: 16.111492
2025-05-28 18:07:16,220 INFO ==> Height map loss:  4.921569
2025-05-28 18:07:16,558 DEBUG loaded <trimesh.Trimesh(vertices.shape=(48, 3), faces.shape=(28, 3))> using `load_obj` in 0.0008s
2025-05-28 18:07:16,679 DEBUG loaded <trimesh.Trimesh(vertices.shape=(916, 3), faces.shape=(856, 3))> using `load_obj` in 0.0027s
2025-05-28 18:07:21,800 INFO ==> EMD Loss: 15.838390
2025-05-28 18:07:21,800 INFO ==> Height map loss:  4.876159
2025-05-28 18:07:22,139 DEBUG loaded <trimesh.Trimesh(vertices.shape=(48, 3), faces.shape=(28, 3))> using `load_obj` in 0.0008s
2025-05-28 18:07:22,260 DEBUG loaded <trimesh.Trimesh(vertices.shape=(916, 3), faces.shape=(856, 3))> using `load_obj` in 0.0027s
2025-05-28 18:07:27,231 INFO ==> EMD Loss: 15.637751
2025-05-28 18:07:27,231 INFO ==> Height map loss:  4.849542
2025-05-28 18:07:27,560 DEBUG loaded <trimesh.Trimesh(vertices.shape=(48, 3), faces.shape=(28, 3))> using `load_obj` in 0.0007s
2025-05-28 18:07:27,681 DEBUG loaded <trimesh.Trimesh(vertices.shape=(916, 3), faces.shape=(856, 3))> using `load_obj` in 0.0027s
2025-05-28 18:07:39,372 INFO =====> Skill params: [ 0.01938377  0.19909218  0.651437   -0.08612054 -0.5901175 ]
2025-05-28 18:07:39,372 INFO =====> Grad: [ 226.84674  -406.20355    31.742281 -701.4053   -749.1611  ]
2025-05-28 18:07:39,374 INFO =====> Num. aborted data so far: 0
2025-05-28 18:07:39,374 INFO ===========> Epoch: 12 optimisation losses
2025-05-28 18:07:39,374 INFO =====> EMD Loss: 15.637794
2025-05-28 18:07:39,374 INFO =====> Height map loss: 4.849466
2025-05-28 18:07:39,729 DEBUG loaded <trimesh.Trimesh(vertices.shape=(48, 3), faces.shape=(28, 3))> using `load_obj` in 0.0007s
2025-05-28 18:07:39,850 DEBUG loaded <trimesh.Trimesh(vertices.shape=(916, 3), faces.shape=(856, 3))> using `load_obj` in 0.0028s
2025-05-28 18:07:44,775 INFO ==> EMD Loss: 15.681590
2025-05-28 18:07:44,775 INFO ==> Height map loss:  4.859379
2025-05-28 18:07:45,111 DEBUG loaded <trimesh.Trimesh(vertices.shape=(48, 3), faces.shape=(28, 3))> using `load_obj` in 0.0008s
2025-05-28 18:07:45,234 DEBUG loaded <trimesh.Trimesh(vertices.shape=(916, 3), faces.shape=(856, 3))> using `load_obj` in 0.0028s
2025-05-28 18:07:50,303 INFO ==> EMD Loss: 15.781020
2025-05-28 18:07:50,303 INFO ==> Height map loss:  4.960817
2025-05-28 18:07:50,639 DEBUG loaded <trimesh.Trimesh(vertices.shape=(48, 3), faces.shape=(28, 3))> using `load_obj` in 0.0007s
2025-05-28 18:07:50,758 DEBUG loaded <trimesh.Trimesh(vertices.shape=(916, 3), faces.shape=(856, 3))> using `load_obj` in 0.0027s
2025-05-28 18:07:55,735 INFO ==> EMD Loss: 15.747574
2025-05-28 18:07:55,735 INFO ==> Height map loss:  5.175218
2025-05-28 18:07:56,074 DEBUG loaded <trimesh.Trimesh(vertices.shape=(48, 3), faces.shape=(28, 3))> using `load_obj` in 0.0008s
2025-05-28 18:07:56,197 DEBUG loaded <trimesh.Trimesh(vertices.shape=(916, 3), faces.shape=(856, 3))> using `load_obj` in 0.0028s
2025-05-28 18:08:01,348 INFO ==> EMD Loss: 16.190784
2025-05-28 18:08:01,348 INFO ==> Height map loss:  5.316896
2025-05-28 18:08:01,692 DEBUG loaded <trimesh.Trimesh(vertices.shape=(48, 3), faces.shape=(28, 3))> using `load_obj` in 0.0008s
2025-05-28 18:08:01,813 DEBUG loaded <trimesh.Trimesh(vertices.shape=(916, 3), faces.shape=(856, 3))> using `load_obj` in 0.0027s
2025-05-28 18:08:06,825 INFO ==> EMD Loss: 16.369551
2025-05-28 18:08:06,825 INFO ==> Height map loss:  5.652527
2025-05-28 18:08:07,164 DEBUG loaded <trimesh.Trimesh(vertices.shape=(48, 3), faces.shape=(28, 3))> using `load_obj` in 0.0008s
2025-05-28 18:08:07,287 DEBUG loaded <trimesh.Trimesh(vertices.shape=(916, 3), faces.shape=(856, 3))> using `load_obj` in 0.0027s
2025-05-28 18:08:18,720 INFO =====> Skill params: [ 0.01809809  0.19943556  0.6510156  -0.08273296 -0.5864154 ]
2025-05-28 18:08:18,720 INFO =====> Grad: [-646.1539   6164.7065    -91.1644    518.77057    59.926632]
2025-05-28 18:08:18,721 INFO =====> Num. aborted data so far: 0
2025-05-28 18:08:18,721 INFO ===========> Epoch: 13 optimisation losses
2025-05-28 18:08:18,721 INFO =====> EMD Loss: 15.682231
2025-05-28 18:08:18,721 INFO =====> Height map loss: 4.859638
2025-05-28 18:08:19,093 DEBUG loaded <trimesh.Trimesh(vertices.shape=(48, 3), faces.shape=(28, 3))> using `load_obj` in 0.0008s
2025-05-28 18:08:19,220 DEBUG loaded <trimesh.Trimesh(vertices.shape=(916, 3), faces.shape=(856, 3))> using `load_obj` in 0.0028s
2025-05-28 18:08:24,311 INFO ==> EMD Loss: 15.755665
2025-05-28 18:08:24,311 INFO ==> Height map loss:  4.762010
2025-05-28 18:08:24,649 DEBUG loaded <trimesh.Trimesh(vertices.shape=(48, 3), faces.shape=(28, 3))> using `load_obj` in 0.0007s
2025-05-28 18:08:24,774 DEBUG loaded <trimesh.Trimesh(vertices.shape=(916, 3), faces.shape=(856, 3))> using `load_obj` in 0.0029s
2025-05-28 18:08:29,737 INFO ==> EMD Loss: 15.588020
2025-05-28 18:08:29,737 INFO ==> Height map loss:  4.656887
2025-05-28 18:08:30,076 DEBUG loaded <trimesh.Trimesh(vertices.shape=(48, 3), faces.shape=(28, 3))> using `load_obj` in 0.0007s
2025-05-28 18:08:30,200 DEBUG loaded <trimesh.Trimesh(vertices.shape=(916, 3), faces.shape=(856, 3))> using `load_obj` in 0.0029s
2025-05-28 18:08:35,239 INFO ==> EMD Loss: 15.442813
2025-05-28 18:08:35,239 INFO ==> Height map loss:  4.789890
2025-05-28 18:08:35,581 DEBUG loaded <trimesh.Trimesh(vertices.shape=(48, 3), faces.shape=(28, 3))> using `load_obj` in 0.0007s
2025-05-28 18:08:35,703 DEBUG loaded <trimesh.Trimesh(vertices.shape=(916, 3), faces.shape=(856, 3))> using `load_obj` in 0.0028s
2025-05-28 18:08:40,595 INFO ==> EMD Loss: 15.717417
2025-05-28 18:08:40,595 INFO ==> Height map loss:  4.885945
2025-05-28 18:08:40,943 DEBUG loaded <trimesh.Trimesh(vertices.shape=(48, 3), faces.shape=(28, 3))> using `load_obj` in 0.0008s
2025-05-28 18:08:41,065 DEBUG loaded <trimesh.Trimesh(vertices.shape=(916, 3), faces.shape=(856, 3))> using `load_obj` in 0.0028s
2025-05-28 18:08:46,038 INFO ==> EMD Loss: 16.181637
2025-05-28 18:08:46,038 INFO ==> Height map loss:  5.318849
2025-05-28 18:08:46,379 DEBUG loaded <trimesh.Trimesh(vertices.shape=(48, 3), faces.shape=(28, 3))> using `load_obj` in 0.0007s
2025-05-28 18:08:46,502 DEBUG loaded <trimesh.Trimesh(vertices.shape=(916, 3), faces.shape=(856, 3))> using `load_obj` in 0.0028s
2025-05-28 18:08:57,645 INFO =====> Skill params: [ 0.03597604  0.17566651  0.65733784 -0.09545439 -0.5879753 ]
2025-05-28 18:08:57,645 INFO =====> Grad: [  678.26086  -1283.4642    -295.04758     56.146618    52.474953]
2025-05-28 18:08:57,645 INFO =====> Num. aborted data so far: 0
2025-05-28 18:08:57,645 INFO ===========> Epoch: 14 optimisation losses
2025-05-28 18:08:57,646 INFO =====> EMD Loss: 15.607731
2025-05-28 18:08:57,646 INFO =====> Height map loss: 4.656979
2025-05-28 18:08:58,011 DEBUG loaded <trimesh.Trimesh(vertices.shape=(48, 3), faces.shape=(28, 3))> using `load_obj` in 0.0008s
2025-05-28 18:08:58,131 DEBUG loaded <trimesh.Trimesh(vertices.shape=(916, 3), faces.shape=(856, 3))> using `load_obj` in 0.0028s
2025-05-28 18:09:03,219 INFO ==> EMD Loss: 15.494188
2025-05-28 18:09:03,219 INFO ==> Height map loss:  4.722898
2025-05-28 18:09:03,664 DEBUG loaded <trimesh.Trimesh(vertices.shape=(48, 3), faces.shape=(28, 3))> using `load_obj` in 0.0007s
2025-05-28 18:09:03,787 DEBUG loaded <trimesh.Trimesh(vertices.shape=(916, 3), faces.shape=(856, 3))> using `load_obj` in 0.0028s
2025-05-28 18:09:08,733 INFO ==> EMD Loss: 15.783354
2025-05-28 18:09:08,733 INFO ==> Height map loss:  4.809589
2025-05-28 18:09:09,076 DEBUG loaded <trimesh.Trimesh(vertices.shape=(48, 3), faces.shape=(28, 3))> using `load_obj` in 0.0007s
2025-05-28 18:09:09,203 DEBUG loaded <trimesh.Trimesh(vertices.shape=(916, 3), faces.shape=(856, 3))> using `load_obj` in 0.0029s
2025-05-28 18:09:14,270 INFO ==> EMD Loss: 15.777842
2025-05-28 18:09:14,270 INFO ==> Height map loss:  4.855950
2025-05-28 18:09:14,615 DEBUG loaded <trimesh.Trimesh(vertices.shape=(48, 3), faces.shape=(28, 3))> using `load_obj` in 0.0007s
2025-05-28 18:09:14,735 DEBUG loaded <trimesh.Trimesh(vertices.shape=(916, 3), faces.shape=(856, 3))> using `load_obj` in 0.0028s
2025-05-28 18:09:19,678 INFO ==> EMD Loss: 15.661520
2025-05-28 18:09:19,678 INFO ==> Height map loss:  5.004931
2025-05-28 18:09:20,026 DEBUG loaded <trimesh.Trimesh(vertices.shape=(48, 3), faces.shape=(28, 3))> using `load_obj` in 0.0007s
2025-05-28 18:09:20,149 DEBUG loaded <trimesh.Trimesh(vertices.shape=(916, 3), faces.shape=(856, 3))> using `load_obj` in 0.0029s
2025-05-28 18:09:25,250 INFO ==> EMD Loss: 16.008181
2025-05-28 18:09:25,250 INFO ==> Height map loss:  5.149587
2025-05-28 18:09:25,598 DEBUG loaded <trimesh.Trimesh(vertices.shape=(48, 3), faces.shape=(28, 3))> using `load_obj` in 0.0008s
2025-05-28 18:09:25,726 DEBUG loaded <trimesh.Trimesh(vertices.shape=(916, 3), faces.shape=(856, 3))> using `load_obj` in 0.0026s
2025-05-28 18:09:36,885 INFO =====> Skill params: [ 0.03232455  0.17670351  0.66126466 -0.09574451 -0.58826315]
2025-05-28 18:09:36,885 INFO =====> Grad: [  678.26086 -6352.6553   -129.00414  -839.887    -504.05624]
2025-05-28 18:09:36,885 INFO =====> Num. aborted data so far: 0
2025-05-28 18:09:36,886 INFO ===========> Epoch: 15 optimisation losses
2025-05-28 18:09:36,886 INFO =====> EMD Loss: 15.487505
2025-05-28 18:09:36,886 INFO =====> Height map loss: 4.723178
2025-05-28 18:09:37,260 DEBUG loaded <trimesh.Trimesh(vertices.shape=(48, 3), faces.shape=(28, 3))> using `load_obj` in 0.0007s
2025-05-28 18:09:37,385 DEBUG loaded <trimesh.Trimesh(vertices.shape=(916, 3), faces.shape=(856, 3))> using `load_obj` in 0.0028s
2025-05-28 18:09:42,542 INFO ==> EMD Loss: 15.538930
2025-05-28 18:09:42,542 INFO ==> Height map loss:  4.836012
2025-05-28 18:09:42,971 DEBUG loaded <trimesh.Trimesh(vertices.shape=(48, 3), faces.shape=(28, 3))> using `load_obj` in 0.0008s
2025-05-28 18:09:43,097 DEBUG loaded <trimesh.Trimesh(vertices.shape=(916, 3), faces.shape=(856, 3))> using `load_obj` in 0.0028s
2025-05-28 18:09:48,067 INFO ==> EMD Loss: 15.712039
2025-05-28 18:09:48,067 INFO ==> Height map loss:  4.937735
2025-05-28 18:09:48,413 DEBUG loaded <trimesh.Trimesh(vertices.shape=(48, 3), faces.shape=(28, 3))> using `load_obj` in 0.0008s
2025-05-28 18:09:48,538 DEBUG loaded <trimesh.Trimesh(vertices.shape=(916, 3), faces.shape=(856, 3))> using `load_obj` in 0.0028s
2025-05-28 18:09:53,714 INFO ==> EMD Loss: 16.029551
2025-05-28 18:09:53,714 INFO ==> Height map loss:  5.371060
2025-05-28 18:09:54,060 DEBUG loaded <trimesh.Trimesh(vertices.shape=(48, 3), faces.shape=(28, 3))> using `load_obj` in 0.0007s
2025-05-28 18:09:54,184 DEBUG loaded <trimesh.Trimesh(vertices.shape=(916, 3), faces.shape=(856, 3))> using `load_obj` in 0.0028s
2025-05-28 18:09:59,247 INFO ==> EMD Loss: 16.680481
2025-05-28 18:09:59,247 INFO ==> Height map loss:  5.755170
2025-05-28 18:09:59,644 DEBUG loaded <trimesh.Trimesh(vertices.shape=(48, 3), faces.shape=(28, 3))> using `load_obj` in 0.0007s
2025-05-28 18:09:59,767 DEBUG loaded <trimesh.Trimesh(vertices.shape=(916, 3), faces.shape=(856, 3))> using `load_obj` in 0.0027s
2025-05-28 18:10:05,033 INFO ==> EMD Loss: 16.913214
2025-05-28 18:10:05,033 INFO ==> Height map loss:  6.285891
2025-05-28 18:10:05,462 DEBUG loaded <trimesh.Trimesh(vertices.shape=(48, 3), faces.shape=(28, 3))> using `load_obj` in 0.0008s
2025-05-28 18:10:05,587 DEBUG loaded <trimesh.Trimesh(vertices.shape=(916, 3), faces.shape=(856, 3))> using `load_obj` in 0.0027s
2025-05-28 18:10:16,837 INFO =====> Skill params: [ 0.02875792  0.18140335  0.66304237 -0.09162386 -0.58547723]
2025-05-28 18:10:16,837 INFO =====> Grad: [-650.       1743.314    -152.05771   -53.339535 -175.89659 ]
2025-05-28 18:10:16,837 INFO =====> Num. aborted data so far: 0
2025-05-28 18:10:16,838 INFO ===========> Epoch: 16 optimisation losses
2025-05-28 18:10:16,838 INFO =====> EMD Loss: 15.539103
2025-05-28 18:10:16,838 INFO =====> Height map loss: 4.833429
2025-05-28 18:10:17,216 DEBUG loaded <trimesh.Trimesh(vertices.shape=(48, 3), faces.shape=(28, 3))> using `load_obj` in 0.0008s
2025-05-28 18:10:17,341 DEBUG loaded <trimesh.Trimesh(vertices.shape=(916, 3), faces.shape=(856, 3))> using `load_obj` in 0.0028s
2025-05-28 18:10:22,474 INFO ==> EMD Loss: 15.541350
2025-05-28 18:10:22,474 INFO ==> Height map loss:  4.838036
2025-05-28 18:10:22,822 DEBUG loaded <trimesh.Trimesh(vertices.shape=(48, 3), faces.shape=(28, 3))> using `load_obj` in 0.0008s
2025-05-28 18:10:22,948 DEBUG loaded <trimesh.Trimesh(vertices.shape=(916, 3), faces.shape=(856, 3))> using `load_obj` in 0.0028s
2025-05-28 18:10:27,907 INFO ==> EMD Loss: 15.709578
2025-05-28 18:10:27,907 INFO ==> Height map loss:  4.757876
2025-05-28 18:10:28,254 DEBUG loaded <trimesh.Trimesh(vertices.shape=(48, 3), faces.shape=(28, 3))> using `load_obj` in 0.0008s
2025-05-28 18:10:28,381 DEBUG loaded <trimesh.Trimesh(vertices.shape=(916, 3), faces.shape=(856, 3))> using `load_obj` in 0.0028s
2025-05-28 18:10:33,520 INFO ==> EMD Loss: 15.827351
2025-05-28 18:10:33,520 INFO ==> Height map loss:  4.814245
2025-05-28 18:10:33,865 DEBUG loaded <trimesh.Trimesh(vertices.shape=(48, 3), faces.shape=(28, 3))> using `load_obj` in 0.0007s
2025-05-28 18:10:33,990 DEBUG loaded <trimesh.Trimesh(vertices.shape=(916, 3), faces.shape=(856, 3))> using `load_obj` in 0.0028s
2025-05-28 18:10:38,920 INFO ==> EMD Loss: 15.843590
2025-05-28 18:10:38,920 INFO ==> Height map loss:  4.822084
2025-05-28 18:10:39,321 DEBUG loaded <trimesh.Trimesh(vertices.shape=(48, 3), faces.shape=(28, 3))> using `load_obj` in 0.0007s
2025-05-28 18:10:39,446 DEBUG loaded <trimesh.Trimesh(vertices.shape=(916, 3), faces.shape=(856, 3))> using `load_obj` in 0.0028s
2025-05-28 18:10:44,492 INFO ==> EMD Loss: 15.830749
2025-05-28 18:10:44,492 INFO ==> Height map loss:  4.944839
2025-05-28 18:10:44,843 DEBUG loaded <trimesh.Trimesh(vertices.shape=(48, 3), faces.shape=(28, 3))> using `load_obj` in 0.0008s
2025-05-28 18:10:44,969 DEBUG loaded <trimesh.Trimesh(vertices.shape=(916, 3), faces.shape=(856, 3))> using `load_obj` in 0.0028s
2025-05-28 18:10:56,222 INFO =====> Skill params: [ 0.04559886  0.17467456  0.6737985  -0.09024519 -0.580383  ]
2025-05-28 18:10:56,222 INFO =====> Grad: [-678.26086   3037.8945       5.108645   750.6849      -4.9257736]
2025-05-28 18:10:56,222 INFO =====> Num. aborted data so far: 0
2025-05-28 18:10:56,223 INFO ===========> Epoch: 17 optimisation losses
2025-05-28 18:10:56,223 INFO =====> EMD Loss: 15.709535
2025-05-28 18:10:56,223 INFO =====> Height map loss: 4.757830
2025-05-28 18:10:56,602 DEBUG loaded <trimesh.Trimesh(vertices.shape=(48, 3), faces.shape=(28, 3))> using `load_obj` in 0.0008s
2025-05-28 18:10:56,728 DEBUG loaded <trimesh.Trimesh(vertices.shape=(916, 3), faces.shape=(856, 3))> using `load_obj` in 0.0028s
2025-05-28 18:11:01,812 INFO ==> EMD Loss: 15.621328
2025-05-28 18:11:01,813 INFO ==> Height map loss:  4.733085
2025-05-28 18:11:02,168 DEBUG loaded <trimesh.Trimesh(vertices.shape=(48, 3), faces.shape=(28, 3))> using `load_obj` in 0.0007s
2025-05-28 18:11:02,296 DEBUG loaded <trimesh.Trimesh(vertices.shape=(916, 3), faces.shape=(856, 3))> using `load_obj` in 0.0028s
2025-05-28 18:11:07,242 INFO ==> EMD Loss: 15.654375
2025-05-28 18:11:07,242 INFO ==> Height map loss:  4.824721
2025-05-28 18:11:07,593 DEBUG loaded <trimesh.Trimesh(vertices.shape=(48, 3), faces.shape=(28, 3))> using `load_obj` in 0.0007s
2025-05-28 18:11:07,719 DEBUG loaded <trimesh.Trimesh(vertices.shape=(916, 3), faces.shape=(856, 3))> using `load_obj` in 0.0028s
2025-05-28 18:11:12,764 INFO ==> EMD Loss: 15.664741
2025-05-28 18:11:12,764 INFO ==> Height map loss:  4.745235
2025-05-28 18:11:13,111 DEBUG loaded <trimesh.Trimesh(vertices.shape=(48, 3), faces.shape=(28, 3))> using `load_obj` in 0.0007s
2025-05-28 18:11:13,234 DEBUG loaded <trimesh.Trimesh(vertices.shape=(916, 3), faces.shape=(856, 3))> using `load_obj` in 0.0026s
2025-05-28 18:11:18,106 INFO ==> EMD Loss: 15.765209
2025-05-28 18:11:18,106 INFO ==> Height map loss:  4.984200
2025-05-28 18:11:18,457 DEBUG loaded <trimesh.Trimesh(vertices.shape=(48, 3), faces.shape=(28, 3))> using `load_obj` in 0.0008s
2025-05-28 18:11:18,586 DEBUG loaded <trimesh.Trimesh(vertices.shape=(916, 3), faces.shape=(856, 3))> using `load_obj` in 0.0028s
2025-05-28 18:11:23,630 INFO ==> EMD Loss: 16.116873
2025-05-28 18:11:23,630 INFO ==> Height map loss:  5.368868
2025-05-28 18:11:23,980 DEBUG loaded <trimesh.Trimesh(vertices.shape=(48, 3), faces.shape=(28, 3))> using `load_obj` in 0.0008s
2025-05-28 18:11:24,107 DEBUG loaded <trimesh.Trimesh(vertices.shape=(916, 3), faces.shape=(856, 3))> using `load_obj` in 0.0028s
2025-05-28 18:11:35,302 INFO =====> Skill params: [ 0.0490498   0.17228246  0.6737223  -0.0940014  -0.5803529 ]
2025-05-28 18:11:35,302 INFO =====> Grad: [-654.5455  2601.845    335.19336 -749.3607  -916.73193]
2025-05-28 18:11:35,302 INFO =====> Num. aborted data so far: 0
2025-05-28 18:11:35,303 INFO ===========> Epoch: 18 optimisation losses
2025-05-28 18:11:35,303 INFO =====> EMD Loss: 15.621284
2025-05-28 18:11:35,303 INFO =====> Height map loss: 4.733275
2025-05-28 18:11:35,679 DEBUG loaded <trimesh.Trimesh(vertices.shape=(48, 3), faces.shape=(28, 3))> using `load_obj` in 0.0008s
2025-05-28 18:11:35,807 DEBUG loaded <trimesh.Trimesh(vertices.shape=(916, 3), faces.shape=(856, 3))> using `load_obj` in 0.0028s
2025-05-28 18:11:40,913 INFO ==> EMD Loss: 15.785741
2025-05-28 18:11:40,913 INFO ==> Height map loss:  4.736689
2025-05-28 18:11:41,261 DEBUG loaded <trimesh.Trimesh(vertices.shape=(48, 3), faces.shape=(28, 3))> using `load_obj` in 0.0007s
2025-05-28 18:11:41,385 DEBUG loaded <trimesh.Trimesh(vertices.shape=(916, 3), faces.shape=(856, 3))> using `load_obj` in 0.0027s
2025-05-28 18:11:46,330 INFO ==> EMD Loss: 15.935150
2025-05-28 18:11:46,330 INFO ==> Height map loss:  4.762727
2025-05-28 18:11:46,681 DEBUG loaded <trimesh.Trimesh(vertices.shape=(48, 3), faces.shape=(28, 3))> using `load_obj` in 0.0008s
2025-05-28 18:11:46,808 DEBUG loaded <trimesh.Trimesh(vertices.shape=(916, 3), faces.shape=(856, 3))> using `load_obj` in 0.0027s
2025-05-28 18:11:51,867 INFO ==> EMD Loss: 15.890347
2025-05-28 18:11:51,867 INFO ==> Height map loss:  4.833680
2025-05-28 18:11:52,216 DEBUG loaded <trimesh.Trimesh(vertices.shape=(48, 3), faces.shape=(28, 3))> using `load_obj` in 0.0008s
2025-05-28 18:11:52,344 DEBUG loaded <trimesh.Trimesh(vertices.shape=(916, 3), faces.shape=(856, 3))> using `load_obj` in 0.0028s
2025-05-28 18:11:57,296 INFO ==> EMD Loss: 16.130466
2025-05-28 18:11:57,296 INFO ==> Height map loss:  5.103667
2025-05-28 18:11:57,645 DEBUG loaded <trimesh.Trimesh(vertices.shape=(48, 3), faces.shape=(28, 3))> using `load_obj` in 0.0007s
2025-05-28 18:11:57,772 DEBUG loaded <trimesh.Trimesh(vertices.shape=(916, 3), faces.shape=(856, 3))> using `load_obj` in 0.0028s
2025-05-28 18:12:02,842 INFO ==> EMD Loss: 16.290945
2025-05-28 18:12:02,843 INFO ==> Height map loss:  5.287710
2025-05-28 18:12:03,232 DEBUG loaded <trimesh.Trimesh(vertices.shape=(48, 3), faces.shape=(28, 3))> using `load_obj` in 0.0007s
2025-05-28 18:12:03,359 DEBUG loaded <trimesh.Trimesh(vertices.shape=(916, 3), faces.shape=(856, 3))> using `load_obj` in 0.0028s
2025-05-28 18:12:14,619 INFO =====> Skill params: [ 0.05234206  0.17017676  0.6691162  -0.09035296 -0.57534283]
2025-05-28 18:12:14,619 INFO =====> Grad: [  654.5455    -2160.9548       -9.2229185  -287.95007    -508.01324  ]
2025-05-28 18:12:14,619 INFO =====> Num. aborted data so far: 0
2025-05-28 18:12:14,620 INFO ===========> Epoch: 19 optimisation losses
2025-05-28 18:12:14,620 INFO =====> EMD Loss: 15.785600
2025-05-28 18:12:14,620 INFO =====> Height map loss: 4.736582
2025-05-28 18:12:15,000 DEBUG loaded <trimesh.Trimesh(vertices.shape=(48, 3), faces.shape=(28, 3))> using `load_obj` in 0.0008s
2025-05-28 18:12:15,127 DEBUG loaded <trimesh.Trimesh(vertices.shape=(916, 3), faces.shape=(856, 3))> using `load_obj` in 0.0029s
2025-05-28 18:12:20,240 INFO ==> EMD Loss: 15.768098
2025-05-28 18:12:20,240 INFO ==> Height map loss:  4.746944
2025-05-28 18:12:20,593 DEBUG loaded <trimesh.Trimesh(vertices.shape=(48, 3), faces.shape=(28, 3))> using `load_obj` in 0.0007s
2025-05-28 18:12:20,720 DEBUG loaded <trimesh.Trimesh(vertices.shape=(916, 3), faces.shape=(856, 3))> using `load_obj` in 0.0027s
2025-05-28 18:12:25,699 INFO ==> EMD Loss: 15.895154
2025-05-28 18:12:25,699 INFO ==> Height map loss:  4.883267
2025-05-28 18:12:26,057 DEBUG loaded <trimesh.Trimesh(vertices.shape=(48, 3), faces.shape=(28, 3))> using `load_obj` in 0.0008s
2025-05-28 18:12:26,186 DEBUG loaded <trimesh.Trimesh(vertices.shape=(916, 3), faces.shape=(856, 3))> using `load_obj` in 0.0029s
2025-05-28 18:12:31,332 INFO ==> EMD Loss: 15.897880
2025-05-28 18:12:31,332 INFO ==> Height map loss:  4.948009
2025-05-28 18:12:31,679 DEBUG loaded <trimesh.Trimesh(vertices.shape=(48, 3), faces.shape=(28, 3))> using `load_obj` in 0.0008s
2025-05-28 18:12:31,805 DEBUG loaded <trimesh.Trimesh(vertices.shape=(916, 3), faces.shape=(856, 3))> using `load_obj` in 0.0028s
2025-05-28 18:12:36,792 INFO ==> EMD Loss: 16.152893
2025-05-28 18:12:36,792 INFO ==> Height map loss:  5.210070
2025-05-28 18:12:37,140 DEBUG loaded <trimesh.Trimesh(vertices.shape=(48, 3), faces.shape=(28, 3))> using `load_obj` in 0.0008s
2025-05-28 18:12:37,266 DEBUG loaded <trimesh.Trimesh(vertices.shape=(916, 3), faces.shape=(856, 3))> using `load_obj` in 0.0028s
2025-05-28 18:12:42,420 INFO ==> EMD Loss: 16.194502
2025-05-28 18:12:42,420 INFO ==> Height map loss:  5.545866
2025-05-28 18:12:42,786 DEBUG loaded <trimesh.Trimesh(vertices.shape=(48, 3), faces.shape=(28, 3))> using `load_obj` in 0.0008s
2025-05-28 18:12:42,908 DEBUG loaded <trimesh.Trimesh(vertices.shape=(916, 3), faces.shape=(856, 3))> using `load_obj` in 0.0028s
2025-05-28 18:12:47,869 INFO ===========> Finished training.
2025-05-28 18:12:47,869 INFO ====> Final EMD Loss: 15.768189
2025-05-28 18:12:47,869 INFO ====> Final Height map loss: 4.746866
2025-05-28 18:12:47,869 INFO ====> Final skill params: [ 0.04908293  0.17198639  0.6692498  -0.08889278 -0.5725463 ]
