2024-12-06 19:19:14,710 DEBUG loaded <trimesh.Trimesh(vertices.shape=(916, 3), faces.shape=(856, 3))> using `load_obj` in 0.0029s
2024-12-06 19:19:14,858 DEBUG loaded <trimesh.Trimesh(vertices.shape=(48, 3), faces.shape=(28, 3))> using `load_obj` in 0.0007s
2024-12-06 19:19:35,383 INFO =====> Skill params: [ 1.    0.45  0.8   0.   -0.1 ]
2024-12-06 19:19:35,383 INFO =====> Grad: [-2.4347346e+03  6.8847760e+02  2.3959974e-06 -1.2632798e+03
 -1.7095919e-05]
2024-12-06 19:19:35,383 INFO =====> Num. aborted data so far: 0
2024-12-06 19:19:35,391 INFO ===========> Epoch: 0 optimisation losses
2024-12-06 19:19:35,391 INFO =====> EMD Loss: 23.793636
2024-12-06 19:19:35,391 INFO =====> Height map loss: 11.018950
2024-12-06 19:19:35,391 INFO =====> Insertion loss: 0.000000
2024-12-06 19:19:36,029 DEBUG loaded <trimesh.Trimesh(vertices.shape=(916, 3), faces.shape=(856, 3))> using `load_obj` in 0.0029s
2024-12-06 19:19:36,181 DEBUG loaded <trimesh.Trimesh(vertices.shape=(48, 3), faces.shape=(28, 3))> using `load_obj` in 0.0007s
2024-12-06 19:19:44,188 INFO ==> EMD Loss: 24.141018
2024-12-06 19:19:44,188 INFO ==> Height map loss:  11.339543
2024-12-06 19:19:44,188 INFO ==> Insertion loss: 0.000000
2024-12-06 19:19:44,803 DEBUG loaded <trimesh.Trimesh(vertices.shape=(916, 3), faces.shape=(856, 3))> using `load_obj` in 0.0029s
2024-12-06 19:19:44,955 DEBUG loaded <trimesh.Trimesh(vertices.shape=(48, 3), faces.shape=(28, 3))> using `load_obj` in 0.0007s
2024-12-06 19:19:52,647 INFO ==> EMD Loss: 24.855162
2024-12-06 19:19:52,647 INFO ==> Height map loss:  12.409985
2024-12-06 19:19:52,647 INFO ==> Insertion loss: 0.000000
2024-12-06 19:19:53,268 DEBUG loaded <trimesh.Trimesh(vertices.shape=(916, 3), faces.shape=(856, 3))> using `load_obj` in 0.0028s
2024-12-06 19:19:53,418 DEBUG loaded <trimesh.Trimesh(vertices.shape=(48, 3), faces.shape=(28, 3))> using `load_obj` in 0.0007s
2024-12-06 19:20:01,094 INFO ==> EMD Loss: 25.791412
2024-12-06 19:20:01,094 INFO ==> Height map loss:  13.366367
2024-12-06 19:20:01,094 INFO ==> Insertion loss: 0.000000
2024-12-06 19:20:01,714 DEBUG loaded <trimesh.Trimesh(vertices.shape=(916, 3), faces.shape=(856, 3))> using `load_obj` in 0.0030s
2024-12-06 19:20:01,868 DEBUG loaded <trimesh.Trimesh(vertices.shape=(48, 3), faces.shape=(28, 3))> using `load_obj` in 0.0007s
2024-12-06 19:20:09,519 INFO ==> EMD Loss: 26.856283
2024-12-06 19:20:09,519 INFO ==> Height map loss:  14.898817
2024-12-06 19:20:09,519 INFO ==> Insertion loss: 0.000000
2024-12-06 19:20:09,894 DEBUG loaded <trimesh.Trimesh(vertices.shape=(916, 3), faces.shape=(856, 3))> using `load_obj` in 0.0028s
2024-12-06 19:20:10,043 DEBUG loaded <trimesh.Trimesh(vertices.shape=(48, 3), faces.shape=(28, 3))> using `load_obj` in 0.0007s
2024-12-06 19:20:17,732 INFO ==> EMD Loss: 28.854141
2024-12-06 19:20:17,732 INFO ==> Height map loss:  16.795715
2024-12-06 19:20:17,732 INFO ==> Insertion loss: 0.000000
2024-12-06 19:20:18,103 DEBUG loaded <trimesh.Trimesh(vertices.shape=(916, 3), faces.shape=(856, 3))> using `load_obj` in 0.0028s
2024-12-06 19:20:18,257 DEBUG loaded <trimesh.Trimesh(vertices.shape=(48, 3), faces.shape=(28, 3))> using `load_obj` in 0.0007s
2024-12-06 19:20:38,839 INFO =====> Skill params: [ 1.          0.44051316  0.79992425  0.00948683 -0.09946031]
2024-12-06 19:20:38,839 INFO =====> Grad: [ 2.3834058e+03 -2.9628256e+02 -3.1720228e-06  9.7784558e+02
  2.0662525e-05]
2024-12-06 19:20:38,839 INFO =====> Num. aborted data so far: 0
2024-12-06 19:20:38,847 INFO ===========> Epoch: 1 optimisation losses
2024-12-06 19:20:38,847 INFO =====> EMD Loss: 24.140461
2024-12-06 19:20:38,847 INFO =====> Height map loss: 11.341518
2024-12-06 19:20:38,847 INFO =====> Insertion loss: 0.000000
2024-12-06 19:20:39,486 DEBUG loaded <trimesh.Trimesh(vertices.shape=(916, 3), faces.shape=(856, 3))> using `load_obj` in 0.0029s
2024-12-06 19:20:39,639 DEBUG loaded <trimesh.Trimesh(vertices.shape=(48, 3), faces.shape=(28, 3))> using `load_obj` in 0.0007s
2024-12-06 19:20:47,446 INFO ==> EMD Loss: 24.300821
2024-12-06 19:20:47,446 INFO ==> Height map loss:  11.352087
2024-12-06 19:20:47,446 INFO ==> Insertion loss: 0.000000
2024-12-06 19:20:48,063 DEBUG loaded <trimesh.Trimesh(vertices.shape=(916, 3), faces.shape=(856, 3))> using `load_obj` in 0.0029s
2024-12-06 19:20:48,214 DEBUG loaded <trimesh.Trimesh(vertices.shape=(48, 3), faces.shape=(28, 3))> using `load_obj` in 0.0007s
2024-12-06 19:20:56,068 INFO ==> EMD Loss: 23.666845
2024-12-06 19:20:56,068 INFO ==> Height map loss:  10.979705
2024-12-06 19:20:56,068 INFO ==> Insertion loss: 0.000000
2024-12-06 19:20:56,681 DEBUG loaded <trimesh.Trimesh(vertices.shape=(916, 3), faces.shape=(856, 3))> using `load_obj` in 0.0030s
2024-12-06 19:20:56,837 DEBUG loaded <trimesh.Trimesh(vertices.shape=(48, 3), faces.shape=(28, 3))> using `load_obj` in 0.0007s
2024-12-06 19:21:04,772 INFO ==> EMD Loss: 23.019815
2024-12-06 19:21:04,772 INFO ==> Height map loss:  10.345350
2024-12-06 19:21:04,772 INFO ==> Insertion loss: 0.000000
2024-12-06 19:21:05,419 DEBUG loaded <trimesh.Trimesh(vertices.shape=(916, 3), faces.shape=(856, 3))> using `load_obj` in 0.0029s
2024-12-06 19:21:05,568 DEBUG loaded <trimesh.Trimesh(vertices.shape=(48, 3), faces.shape=(28, 3))> using `load_obj` in 0.0007s
2024-12-06 19:21:13,568 INFO ==> EMD Loss: 21.800224
2024-12-06 19:21:13,568 INFO ==> Height map loss:  9.281710
2024-12-06 19:21:13,568 INFO ==> Insertion loss: 0.000000
2024-12-06 19:21:13,945 DEBUG loaded <trimesh.Trimesh(vertices.shape=(916, 3), faces.shape=(856, 3))> using `load_obj` in 0.0029s
2024-12-06 19:21:14,098 DEBUG loaded <trimesh.Trimesh(vertices.shape=(48, 3), faces.shape=(28, 3))> using `load_obj` in 0.0007s
2024-12-06 19:21:22,221 INFO ==> EMD Loss: 20.823284
2024-12-06 19:21:22,221 INFO ==> Height map loss:  8.223051
2024-12-06 19:21:22,221 INFO ==> Insertion loss: 0.000000
2024-12-06 19:21:22,587 DEBUG loaded <trimesh.Trimesh(vertices.shape=(916, 3), faces.shape=(856, 3))> using `load_obj` in 0.0029s
2024-12-06 19:21:22,736 DEBUG loaded <trimesh.Trimesh(vertices.shape=(48, 3), faces.shape=(28, 3))> using `load_obj` in 0.0007s
2024-12-06 19:21:44,724 INFO =====> Skill params: [ 0.8637483   0.5188946   0.8020385  -0.11046261 -0.11317551]
2024-12-06 19:21:44,724 INFO =====> Grad: [ 9.7872064e+02 -1.3218274e+03  3.0773135e-06  5.2161499e+02
  9.3294824e-05]
2024-12-06 19:21:44,724 INFO =====> Num. aborted data so far: 0
2024-12-06 19:21:44,732 INFO ===========> Epoch: 2 optimisation losses
2024-12-06 19:21:44,732 INFO =====> EMD Loss: 20.823017
2024-12-06 19:21:44,732 INFO =====> Height map loss: 8.223172
2024-12-06 19:21:44,732 INFO =====> Insertion loss: 0.000000
2024-12-06 19:21:45,390 DEBUG loaded <trimesh.Trimesh(vertices.shape=(916, 3), faces.shape=(856, 3))> using `load_obj` in 0.0030s
2024-12-06 19:21:45,540 DEBUG loaded <trimesh.Trimesh(vertices.shape=(48, 3), faces.shape=(28, 3))> using `load_obj` in 0.0007s
2024-12-06 19:21:53,699 INFO ==> EMD Loss: 20.665918
2024-12-06 19:21:53,699 INFO ==> Height map loss:  8.096519
2024-12-06 19:21:53,699 INFO ==> Insertion loss: 0.000000
2024-12-06 19:21:54,319 DEBUG loaded <trimesh.Trimesh(vertices.shape=(916, 3), faces.shape=(856, 3))> using `load_obj` in 0.0029s
2024-12-06 19:21:54,467 DEBUG loaded <trimesh.Trimesh(vertices.shape=(48, 3), faces.shape=(28, 3))> using `load_obj` in 0.0007s
2024-12-06 19:22:02,775 INFO ==> EMD Loss: 20.287457
2024-12-06 19:22:02,776 INFO ==> Height map loss:  7.316164
2024-12-06 19:22:02,776 INFO ==> Insertion loss: 0.000000
2024-12-06 19:22:03,446 DEBUG loaded <trimesh.Trimesh(vertices.shape=(916, 3), faces.shape=(856, 3))> using `load_obj` in 0.0030s
2024-12-06 19:22:03,591 DEBUG loaded <trimesh.Trimesh(vertices.shape=(48, 3), faces.shape=(28, 3))> using `load_obj` in 0.0007s
2024-12-06 19:22:12,080 INFO ==> EMD Loss: 20.144552
2024-12-06 19:22:12,080 INFO ==> Height map loss:  6.509731
2024-12-06 19:22:12,080 INFO ==> Insertion loss: 0.000000
2024-12-06 19:22:12,702 DEBUG loaded <trimesh.Trimesh(vertices.shape=(916, 3), faces.shape=(856, 3))> using `load_obj` in 0.0029s
2024-12-06 19:22:12,849 DEBUG loaded <trimesh.Trimesh(vertices.shape=(48, 3), faces.shape=(28, 3))> using `load_obj` in 0.0007s
2024-12-06 19:22:21,504 INFO ==> EMD Loss: 20.152296
2024-12-06 19:22:21,504 INFO ==> Height map loss:  5.978564
2024-12-06 19:22:21,504 INFO ==> Insertion loss: 0.000000
2024-12-06 19:22:21,879 DEBUG loaded <trimesh.Trimesh(vertices.shape=(916, 3), faces.shape=(856, 3))> using `load_obj` in 0.0027s
2024-12-06 19:22:22,024 DEBUG loaded <trimesh.Trimesh(vertices.shape=(48, 3), faces.shape=(28, 3))> using `load_obj` in 0.0007s
2024-12-06 19:22:30,855 INFO ==> EMD Loss: 20.353010
2024-12-06 19:22:30,855 INFO ==> Height map loss:  6.015852
2024-12-06 19:22:30,855 INFO ==> Insertion loss: 0.000000
2024-12-06 19:22:31,235 DEBUG loaded <trimesh.Trimesh(vertices.shape=(916, 3), faces.shape=(856, 3))> using `load_obj` in 0.0029s
2024-12-06 19:22:31,380 DEBUG loaded <trimesh.Trimesh(vertices.shape=(48, 3), faces.shape=(28, 3))> using `load_obj` in 0.0007s
2024-12-06 19:22:55,449 INFO =====> Skill params: [ 0.8215092   0.64541894  0.80041707 -0.15812539 -0.15946907]
2024-12-06 19:22:55,449 INFO =====> Grad: [ 2.6715515e+03 -8.8996936e+02 -2.8713521e-05 -9.2319159e+02
 -1.9572877e-05]
2024-12-06 19:22:55,449 INFO =====> Num. aborted data so far: 0
2024-12-06 19:22:55,457 INFO ===========> Epoch: 3 optimisation losses
2024-12-06 19:22:55,457 INFO =====> EMD Loss: 20.152122
2024-12-06 19:22:55,457 INFO =====> Height map loss: 5.978210
2024-12-06 19:22:55,458 INFO =====> Insertion loss: 0.000000
2024-12-06 19:22:56,101 DEBUG loaded <trimesh.Trimesh(vertices.shape=(916, 3), faces.shape=(856, 3))> using `load_obj` in 0.0029s
2024-12-06 19:22:56,252 DEBUG loaded <trimesh.Trimesh(vertices.shape=(48, 3), faces.shape=(28, 3))> using `load_obj` in 0.0007s
2024-12-06 19:23:04,908 INFO ==> EMD Loss: 20.197382
2024-12-06 19:23:04,908 INFO ==> Height map loss:  5.929170
2024-12-06 19:23:04,908 INFO ==> Insertion loss: 0.000000
2024-12-06 19:23:05,530 DEBUG loaded <trimesh.Trimesh(vertices.shape=(916, 3), faces.shape=(856, 3))> using `load_obj` in 0.0029s
2024-12-06 19:23:05,682 DEBUG loaded <trimesh.Trimesh(vertices.shape=(48, 3), faces.shape=(28, 3))> using `load_obj` in 0.0007s
2024-12-06 19:23:14,454 INFO ==> EMD Loss: 20.130905
2024-12-06 19:23:14,454 INFO ==> Height map loss:  5.927265
2024-12-06 19:23:14,454 INFO ==> Insertion loss: 0.000000
2024-12-06 19:23:15,081 DEBUG loaded <trimesh.Trimesh(vertices.shape=(916, 3), faces.shape=(856, 3))> using `load_obj` in 0.0029s
2024-12-06 19:23:15,229 DEBUG loaded <trimesh.Trimesh(vertices.shape=(48, 3), faces.shape=(28, 3))> using `load_obj` in 0.0007s
2024-12-06 19:23:24,114 INFO ==> EMD Loss: 20.540253
2024-12-06 19:23:24,114 INFO ==> Height map loss:  5.972214
2024-12-06 19:23:24,114 INFO ==> Insertion loss: 0.000000
2024-12-06 19:23:24,739 DEBUG loaded <trimesh.Trimesh(vertices.shape=(916, 3), faces.shape=(856, 3))> using `load_obj` in 0.0030s
2024-12-06 19:23:24,888 DEBUG loaded <trimesh.Trimesh(vertices.shape=(48, 3), faces.shape=(28, 3))> using `load_obj` in 0.0007s
2024-12-06 19:23:33,937 INFO ==> EMD Loss: 20.561031
2024-12-06 19:23:33,937 INFO ==> Height map loss:  6.091366
2024-12-06 19:23:33,937 INFO ==> Insertion loss: 0.000000
2024-12-06 19:23:34,313 DEBUG loaded <trimesh.Trimesh(vertices.shape=(916, 3), faces.shape=(856, 3))> using `load_obj` in 0.0029s
2024-12-06 19:23:34,458 DEBUG loaded <trimesh.Trimesh(vertices.shape=(48, 3), faces.shape=(28, 3))> using `load_obj` in 0.0007s
2024-12-06 19:23:43,593 INFO ==> EMD Loss: 20.589123
2024-12-06 19:23:43,593 INFO ==> Height map loss:  6.434889
2024-12-06 19:23:43,594 INFO ==> Insertion loss: 0.000000
2024-12-06 19:23:43,962 DEBUG loaded <trimesh.Trimesh(vertices.shape=(916, 3), faces.shape=(856, 3))> using `load_obj` in 0.0029s
2024-12-06 19:23:44,110 DEBUG loaded <trimesh.Trimesh(vertices.shape=(48, 3), faces.shape=(28, 3))> using `load_obj` in 0.0007s
2024-12-06 19:24:08,482 INFO =====> Skill params: [ 0.7907037   0.6707323   0.8056998  -0.13298918 -0.15606536]
2024-12-06 19:24:08,482 INFO =====> Grad: [2.1340811e+03 7.6005200e+02 7.7227705e-06 9.8858423e+02 1.0545266e-05]
2024-12-06 19:24:08,484 INFO =====> Num. aborted data so far: 0
2024-12-06 19:24:08,492 INFO ===========> Epoch: 4 optimisation losses
2024-12-06 19:24:08,492 INFO =====> EMD Loss: 20.118750
2024-12-06 19:24:08,492 INFO =====> Height map loss: 5.926928
2024-12-06 19:24:08,492 INFO =====> Insertion loss: 0.000000
2024-12-06 19:24:09,141 DEBUG loaded <trimesh.Trimesh(vertices.shape=(916, 3), faces.shape=(856, 3))> using `load_obj` in 0.0029s
2024-12-06 19:24:09,293 DEBUG loaded <trimesh.Trimesh(vertices.shape=(48, 3), faces.shape=(28, 3))> using `load_obj` in 0.0007s
2024-12-06 19:24:18,022 INFO ==> EMD Loss: 20.055973
2024-12-06 19:24:18,022 INFO ==> Height map loss:  5.891963
2024-12-06 19:24:18,022 INFO ==> Insertion loss: 0.000000
2024-12-06 19:24:18,639 DEBUG loaded <trimesh.Trimesh(vertices.shape=(916, 3), faces.shape=(856, 3))> using `load_obj` in 0.0029s
2024-12-06 19:24:18,793 DEBUG loaded <trimesh.Trimesh(vertices.shape=(48, 3), faces.shape=(28, 3))> using `load_obj` in 0.0007s
2024-12-06 19:24:27,433 INFO ==> EMD Loss: 20.135395
2024-12-06 19:24:27,433 INFO ==> Height map loss:  5.890781
2024-12-06 19:24:27,433 INFO ==> Insertion loss: 0.000000
2024-12-06 19:24:28,049 DEBUG loaded <trimesh.Trimesh(vertices.shape=(916, 3), faces.shape=(856, 3))> using `load_obj` in 0.0029s
2024-12-06 19:24:28,201 DEBUG loaded <trimesh.Trimesh(vertices.shape=(48, 3), faces.shape=(28, 3))> using `load_obj` in 0.0007s
2024-12-06 19:24:36,762 INFO ==> EMD Loss: 20.166691
2024-12-06 19:24:36,762 INFO ==> Height map loss:  5.988921
2024-12-06 19:24:36,762 INFO ==> Insertion loss: 0.000000
2024-12-06 19:24:37,381 DEBUG loaded <trimesh.Trimesh(vertices.shape=(916, 3), faces.shape=(856, 3))> using `load_obj` in 0.0029s
2024-12-06 19:24:37,534 DEBUG loaded <trimesh.Trimesh(vertices.shape=(48, 3), faces.shape=(28, 3))> using `load_obj` in 0.0007s
2024-12-06 19:24:45,968 INFO ==> EMD Loss: 20.219076
2024-12-06 19:24:45,969 INFO ==> Height map loss:  6.027339
2024-12-06 19:24:45,969 INFO ==> Insertion loss: 0.000000
2024-12-06 19:24:46,335 DEBUG loaded <trimesh.Trimesh(vertices.shape=(916, 3), faces.shape=(856, 3))> using `load_obj` in 0.0028s
2024-12-06 19:24:46,487 DEBUG loaded <trimesh.Trimesh(vertices.shape=(48, 3), faces.shape=(28, 3))> using `load_obj` in 0.0007s
2024-12-06 19:24:54,761 INFO ==> EMD Loss: 20.201952
2024-12-06 19:24:54,761 INFO ==> Height map loss:  6.100507
2024-12-06 19:24:54,761 INFO ==> Insertion loss: 0.000000
2024-12-06 19:24:55,126 DEBUG loaded <trimesh.Trimesh(vertices.shape=(916, 3), faces.shape=(856, 3))> using `load_obj` in 0.0028s
2024-12-06 19:24:55,278 DEBUG loaded <trimesh.Trimesh(vertices.shape=(48, 3), faces.shape=(28, 3))> using `load_obj` in 0.0007s
2024-12-06 19:25:19,029 INFO =====> Skill params: [ 0.76794523  0.6501921   0.80420285 -0.15733841 -0.15799674]
2024-12-06 19:25:19,029 INFO =====> Grad: [-2.0118215e+03  8.7919904e+02  3.3922588e-05 -4.5316650e+02
  6.2259904e-05]
2024-12-06 19:25:19,029 INFO =====> Num. aborted data so far: 0
2024-12-06 19:25:19,037 INFO ===========> Epoch: 5 optimisation losses
2024-12-06 19:25:19,037 INFO =====> EMD Loss: 20.135450
2024-12-06 19:25:19,037 INFO =====> Height map loss: 5.890800
2024-12-06 19:25:19,037 INFO =====> Insertion loss: 0.000000
2024-12-06 19:25:19,685 DEBUG loaded <trimesh.Trimesh(vertices.shape=(916, 3), faces.shape=(856, 3))> using `load_obj` in 0.0030s
2024-12-06 19:25:19,838 DEBUG loaded <trimesh.Trimesh(vertices.shape=(48, 3), faces.shape=(28, 3))> using `load_obj` in 0.0007s
2024-12-06 19:25:28,521 INFO ==> EMD Loss: 20.152967
2024-12-06 19:25:28,521 INFO ==> Height map loss:  5.868721
2024-12-06 19:25:28,521 INFO ==> Insertion loss: 0.000000
2024-12-06 19:25:29,144 DEBUG loaded <trimesh.Trimesh(vertices.shape=(916, 3), faces.shape=(856, 3))> using `load_obj` in 0.0029s
2024-12-06 19:25:29,293 DEBUG loaded <trimesh.Trimesh(vertices.shape=(48, 3), faces.shape=(28, 3))> using `load_obj` in 0.0007s
2024-12-06 19:25:37,812 INFO ==> EMD Loss: 20.153389
2024-12-06 19:25:37,812 INFO ==> Height map loss:  5.909451
2024-12-06 19:25:37,812 INFO ==> Insertion loss: 0.000000
2024-12-06 19:25:38,442 DEBUG loaded <trimesh.Trimesh(vertices.shape=(916, 3), faces.shape=(856, 3))> using `load_obj` in 0.0030s
2024-12-06 19:25:38,595 DEBUG loaded <trimesh.Trimesh(vertices.shape=(48, 3), faces.shape=(28, 3))> using `load_obj` in 0.0007s
2024-12-06 19:25:47,027 INFO ==> EMD Loss: 19.945391
2024-12-06 19:25:47,027 INFO ==> Height map loss:  6.177496
2024-12-06 19:25:47,027 INFO ==> Insertion loss: 0.000000
2024-12-06 19:25:47,651 DEBUG loaded <trimesh.Trimesh(vertices.shape=(916, 3), faces.shape=(856, 3))> using `load_obj` in 0.0029s
2024-12-06 19:25:47,803 DEBUG loaded <trimesh.Trimesh(vertices.shape=(48, 3), faces.shape=(28, 3))> using `load_obj` in 0.0007s
2024-12-06 19:25:56,109 INFO ==> EMD Loss: 19.962437
2024-12-06 19:25:56,109 INFO ==> Height map loss:  6.687874
2024-12-06 19:25:56,109 INFO ==> Insertion loss: 0.000000
2024-12-06 19:25:56,478 DEBUG loaded <trimesh.Trimesh(vertices.shape=(916, 3), faces.shape=(856, 3))> using `load_obj` in 0.0030s
2024-12-06 19:25:56,631 DEBUG loaded <trimesh.Trimesh(vertices.shape=(48, 3), faces.shape=(28, 3))> using `load_obj` in 0.0007s
2024-12-06 19:26:04,831 INFO ==> EMD Loss: 20.344988
2024-12-06 19:26:04,831 INFO ==> Height map loss:  7.455891
2024-12-06 19:26:04,831 INFO ==> Insertion loss: 0.000000
2024-12-06 19:26:05,201 DEBUG loaded <trimesh.Trimesh(vertices.shape=(916, 3), faces.shape=(856, 3))> using `load_obj` in 0.0029s
2024-12-06 19:26:05,353 DEBUG loaded <trimesh.Trimesh(vertices.shape=(48, 3), faces.shape=(28, 3))> using `load_obj` in 0.0007s
2024-12-06 19:26:29,686 INFO =====> Skill params: [ 0.77202797  0.64576256  0.80283123 -0.15505452 -0.16032705]
2024-12-06 19:26:29,686 INFO =====> Grad: [-2.6914614e+03  1.4261858e+03 -8.1837970e-06  9.9573810e+02
 -7.3645082e-05]
2024-12-06 19:26:29,686 INFO =====> Num. aborted data so far: 0
2024-12-06 19:26:29,694 INFO ===========> Epoch: 6 optimisation losses
2024-12-06 19:26:29,694 INFO =====> EMD Loss: 20.153212
2024-12-06 19:26:29,694 INFO =====> Height map loss: 5.868981
2024-12-06 19:26:29,694 INFO =====> Insertion loss: 0.000000
2024-12-06 19:26:30,349 DEBUG loaded <trimesh.Trimesh(vertices.shape=(916, 3), faces.shape=(856, 3))> using `load_obj` in 0.0029s
2024-12-06 19:26:30,503 DEBUG loaded <trimesh.Trimesh(vertices.shape=(48, 3), faces.shape=(28, 3))> using `load_obj` in 0.0007s
2024-12-06 19:26:39,174 INFO ==> EMD Loss: 20.192656
2024-12-06 19:26:39,174 INFO ==> Height map loss:  5.954664
2024-12-06 19:26:39,174 INFO ==> Insertion loss: 0.000000
2024-12-06 19:26:39,790 DEBUG loaded <trimesh.Trimesh(vertices.shape=(916, 3), faces.shape=(856, 3))> using `load_obj` in 0.0029s
2024-12-06 19:26:39,939 DEBUG loaded <trimesh.Trimesh(vertices.shape=(48, 3), faces.shape=(28, 3))> using `load_obj` in 0.0007s
2024-12-06 19:26:48,485 INFO ==> EMD Loss: 20.034573
2024-12-06 19:26:48,485 INFO ==> Height map loss:  6.143411
2024-12-06 19:26:48,485 INFO ==> Insertion loss: 0.000000
2024-12-06 19:26:49,105 DEBUG loaded <trimesh.Trimesh(vertices.shape=(916, 3), faces.shape=(856, 3))> using `load_obj` in 0.0029s
2024-12-06 19:26:49,256 DEBUG loaded <trimesh.Trimesh(vertices.shape=(48, 3), faces.shape=(28, 3))> using `load_obj` in 0.0007s
2024-12-06 19:26:57,671 INFO ==> EMD Loss: 20.088987
2024-12-06 19:26:57,671 INFO ==> Height map loss:  6.729311
2024-12-06 19:26:57,671 INFO ==> Insertion loss: 0.000000
2024-12-06 19:26:58,287 DEBUG loaded <trimesh.Trimesh(vertices.shape=(916, 3), faces.shape=(856, 3))> using `load_obj` in 0.0029s
2024-12-06 19:26:58,436 DEBUG loaded <trimesh.Trimesh(vertices.shape=(48, 3), faces.shape=(28, 3))> using `load_obj` in 0.0007s
2024-12-06 19:27:06,727 INFO ==> EMD Loss: 20.332874
2024-12-06 19:27:06,727 INFO ==> Height map loss:  7.298219
2024-12-06 19:27:06,727 INFO ==> Insertion loss: 0.000000
2024-12-06 19:27:07,098 DEBUG loaded <trimesh.Trimesh(vertices.shape=(916, 3), faces.shape=(856, 3))> using `load_obj` in 0.0029s
2024-12-06 19:27:07,251 DEBUG loaded <trimesh.Trimesh(vertices.shape=(48, 3), faces.shape=(28, 3))> using `load_obj` in 0.0007s
2024-12-06 19:27:15,431 INFO ==> EMD Loss: 20.796453
2024-12-06 19:27:15,431 INFO ==> Height map loss:  8.093310
2024-12-06 19:27:15,431 INFO ==> Insertion loss: 0.000000
2024-12-06 19:27:15,800 DEBUG loaded <trimesh.Trimesh(vertices.shape=(916, 3), faces.shape=(856, 3))> using `load_obj` in 0.0029s
2024-12-06 19:27:15,947 DEBUG loaded <trimesh.Trimesh(vertices.shape=(48, 3), faces.shape=(28, 3))> using `load_obj` in 0.0007s
2024-12-06 19:27:40,209 INFO =====> Skill params: [ 0.77694994  0.6398435   0.8031798  -0.15967464 -0.15754893]
2024-12-06 19:27:40,210 INFO =====> Grad: [ 2.7111370e+03 -1.3415782e+03 -7.5585467e-07 -1.0642972e+03
 -1.7534669e-05]
2024-12-06 19:27:40,210 INFO =====> Num. aborted data so far: 0
2024-12-06 19:27:40,218 INFO ===========> Epoch: 7 optimisation losses
2024-12-06 19:27:40,218 INFO =====> EMD Loss: 20.179317
2024-12-06 19:27:40,218 INFO =====> Height map loss: 5.951024
2024-12-06 19:27:40,218 INFO =====> Insertion loss: 0.000000
2024-12-06 19:27:40,864 DEBUG loaded <trimesh.Trimesh(vertices.shape=(916, 3), faces.shape=(856, 3))> using `load_obj` in 0.0032s
2024-12-06 19:27:41,015 DEBUG loaded <trimesh.Trimesh(vertices.shape=(48, 3), faces.shape=(28, 3))> using `load_obj` in 0.0007s
2024-12-06 19:27:49,664 INFO ==> EMD Loss: 20.120401
2024-12-06 19:27:49,664 INFO ==> Height map loss:  5.894425
2024-12-06 19:27:49,664 INFO ==> Insertion loss: 0.000000
2024-12-06 19:27:50,286 DEBUG loaded <trimesh.Trimesh(vertices.shape=(916, 3), faces.shape=(856, 3))> using `load_obj` in 0.0029s
2024-12-06 19:27:50,434 DEBUG loaded <trimesh.Trimesh(vertices.shape=(48, 3), faces.shape=(28, 3))> using `load_obj` in 0.0007s
2024-12-06 19:27:59,198 INFO ==> EMD Loss: 20.057463
2024-12-06 19:27:59,198 INFO ==> Height map loss:  5.755383
2024-12-06 19:27:59,198 INFO ==> Insertion loss: 0.000000
2024-12-06 19:27:59,821 DEBUG loaded <trimesh.Trimesh(vertices.shape=(916, 3), faces.shape=(856, 3))> using `load_obj` in 0.0029s
2024-12-06 19:27:59,966 DEBUG loaded <trimesh.Trimesh(vertices.shape=(48, 3), faces.shape=(28, 3))> using `load_obj` in 0.0007s
2024-12-06 19:28:08,848 INFO ==> EMD Loss: 20.511360
2024-12-06 19:28:08,848 INFO ==> Height map loss:  6.035236
2024-12-06 19:28:08,848 INFO ==> Insertion loss: 0.000000
2024-12-06 19:28:09,464 DEBUG loaded <trimesh.Trimesh(vertices.shape=(916, 3), faces.shape=(856, 3))> using `load_obj` in 0.0029s
2024-12-06 19:28:09,609 DEBUG loaded <trimesh.Trimesh(vertices.shape=(48, 3), faces.shape=(28, 3))> using `load_obj` in 0.0007s
2024-12-06 19:28:18,613 INFO ==> EMD Loss: 20.492226
2024-12-06 19:28:18,613 INFO ==> Height map loss:  6.109940
2024-12-06 19:28:18,613 INFO ==> Insertion loss: 0.000000
2024-12-06 19:28:18,985 DEBUG loaded <trimesh.Trimesh(vertices.shape=(916, 3), faces.shape=(856, 3))> using `load_obj` in 0.0030s
2024-12-06 19:28:19,136 DEBUG loaded <trimesh.Trimesh(vertices.shape=(48, 3), faces.shape=(28, 3))> using `load_obj` in 0.0007s
2024-12-06 19:28:28,264 INFO ==> EMD Loss: 20.605888
2024-12-06 19:28:28,264 INFO ==> Height map loss:  6.379893
2024-12-06 19:28:28,264 INFO ==> Insertion loss: 0.000000
2024-12-06 19:28:28,682 DEBUG loaded <trimesh.Trimesh(vertices.shape=(916, 3), faces.shape=(856, 3))> using `load_obj` in 0.0028s
2024-12-06 19:28:28,828 DEBUG loaded <trimesh.Trimesh(vertices.shape=(48, 3), faces.shape=(28, 3))> using `load_obj` in 0.0007s
2024-12-06 19:28:53,216 INFO =====> Skill params: [ 0.7540624   0.6647992   0.8033495  -0.13685702 -0.15407212]
2024-12-06 19:28:53,217 INFO =====> Grad: [-1.2655453e+03  8.3270801e+02 -7.1709492e-06  1.3366232e+02
  1.7022479e-05]
2024-12-06 19:28:53,217 INFO =====> Num. aborted data so far: 0
2024-12-06 19:28:53,224 INFO ===========> Epoch: 8 optimisation losses
2024-12-06 19:28:53,225 INFO =====> EMD Loss: 20.056213
2024-12-06 19:28:53,225 INFO =====> Height map loss: 5.754804
2024-12-06 19:28:53,225 INFO =====> Insertion loss: 0.000000
2024-12-06 19:28:53,870 DEBUG loaded <trimesh.Trimesh(vertices.shape=(916, 3), faces.shape=(856, 3))> using `load_obj` in 0.0029s
2024-12-06 19:28:54,020 DEBUG loaded <trimesh.Trimesh(vertices.shape=(48, 3), faces.shape=(28, 3))> using `load_obj` in 0.0007s
2024-12-06 19:29:02,837 INFO ==> EMD Loss: 19.998465
2024-12-06 19:29:02,837 INFO ==> Height map loss:  5.795043
2024-12-06 19:29:02,837 INFO ==> Insertion loss: 0.000000
2024-12-06 19:29:03,468 DEBUG loaded <trimesh.Trimesh(vertices.shape=(916, 3), faces.shape=(856, 3))> using `load_obj` in 0.0030s
2024-12-06 19:29:03,617 DEBUG loaded <trimesh.Trimesh(vertices.shape=(48, 3), faces.shape=(28, 3))> using `load_obj` in 0.0007s
2024-12-06 19:29:12,334 INFO ==> EMD Loss: 20.178413
2024-12-06 19:29:12,334 INFO ==> Height map loss:  5.844766
2024-12-06 19:29:12,334 INFO ==> Insertion loss: 0.000000
2024-12-06 19:29:12,954 DEBUG loaded <trimesh.Trimesh(vertices.shape=(916, 3), faces.shape=(856, 3))> using `load_obj` in 0.0029s
2024-12-06 19:29:13,107 DEBUG loaded <trimesh.Trimesh(vertices.shape=(48, 3), faces.shape=(28, 3))> using `load_obj` in 0.0007s
2024-12-06 19:29:21,710 INFO ==> EMD Loss: 20.121349
2024-12-06 19:29:21,710 INFO ==> Height map loss:  5.925731
2024-12-06 19:29:21,710 INFO ==> Insertion loss: 0.000000
2024-12-06 19:29:22,350 DEBUG loaded <trimesh.Trimesh(vertices.shape=(916, 3), faces.shape=(856, 3))> using `load_obj` in 0.0030s
2024-12-06 19:29:22,498 DEBUG loaded <trimesh.Trimesh(vertices.shape=(48, 3), faces.shape=(28, 3))> using `load_obj` in 0.0007s
2024-12-06 19:29:31,035 INFO ==> EMD Loss: 20.080774
2024-12-06 19:29:31,035 INFO ==> Height map loss:  6.039526
2024-12-06 19:29:31,035 INFO ==> Insertion loss: 0.000000
2024-12-06 19:29:31,402 DEBUG loaded <trimesh.Trimesh(vertices.shape=(916, 3), faces.shape=(856, 3))> using `load_obj` in 0.0029s
2024-12-06 19:29:31,553 DEBUG loaded <trimesh.Trimesh(vertices.shape=(48, 3), faces.shape=(28, 3))> using `load_obj` in 0.0007s
2024-12-06 19:29:40,010 INFO ==> EMD Loss: 20.027773
2024-12-06 19:29:40,010 INFO ==> Height map loss:  6.252270
2024-12-06 19:29:40,010 INFO ==> Insertion loss: 0.000000
2024-12-06 19:29:40,379 DEBUG loaded <trimesh.Trimesh(vertices.shape=(916, 3), faces.shape=(856, 3))> using `load_obj` in 0.0029s
2024-12-06 19:29:40,526 DEBUG loaded <trimesh.Trimesh(vertices.shape=(48, 3), faces.shape=(28, 3))> using `load_obj` in 0.0007s
2024-12-06 19:30:04,835 INFO =====> Skill params: [ 0.75625384  0.66171145  0.80368865 -0.13745992 -0.15478168]
2024-12-06 19:30:04,835 INFO =====> Grad: [ 2.7007878e+03 -1.4866484e+03 -4.4288927e-06 -8.1775177e+02
  1.0959697e-04]
2024-12-06 19:30:04,835 INFO =====> Num. aborted data so far: 0
2024-12-06 19:30:04,843 INFO ===========> Epoch: 9 optimisation losses
2024-12-06 19:30:04,843 INFO =====> EMD Loss: 19.997929
2024-12-06 19:30:04,843 INFO =====> Height map loss: 5.794868
2024-12-06 19:30:04,843 INFO =====> Insertion loss: 0.000000
2024-12-06 19:30:05,483 DEBUG loaded <trimesh.Trimesh(vertices.shape=(916, 3), faces.shape=(856, 3))> using `load_obj` in 0.0030s
2024-12-06 19:30:05,628 DEBUG loaded <trimesh.Trimesh(vertices.shape=(48, 3), faces.shape=(28, 3))> using `load_obj` in 0.0007s
2024-12-06 19:30:14,425 INFO ==> EMD Loss: 20.132015
2024-12-06 19:30:14,425 INFO ==> Height map loss:  5.787992
2024-12-06 19:30:14,425 INFO ==> Insertion loss: 0.000000
2024-12-06 19:30:15,042 DEBUG loaded <trimesh.Trimesh(vertices.shape=(916, 3), faces.shape=(856, 3))> using `load_obj` in 0.0030s
2024-12-06 19:30:15,190 DEBUG loaded <trimesh.Trimesh(vertices.shape=(48, 3), faces.shape=(28, 3))> using `load_obj` in 0.0007s
2024-12-06 19:30:24,075 INFO ==> EMD Loss: 20.448935
2024-12-06 19:30:24,075 INFO ==> Height map loss:  5.960015
2024-12-06 19:30:24,075 INFO ==> Insertion loss: 0.000000
2024-12-06 19:30:24,693 DEBUG loaded <trimesh.Trimesh(vertices.shape=(916, 3), faces.shape=(856, 3))> using `load_obj` in 0.0029s
2024-12-06 19:30:24,839 DEBUG loaded <trimesh.Trimesh(vertices.shape=(48, 3), faces.shape=(28, 3))> using `load_obj` in 0.0007s
2024-12-06 19:30:33,790 INFO ==> EMD Loss: 20.483248
2024-12-06 19:30:33,790 INFO ==> Height map loss:  6.097700
2024-12-06 19:30:33,790 INFO ==> Insertion loss: 0.000000
2024-12-06 19:30:34,408 DEBUG loaded <trimesh.Trimesh(vertices.shape=(916, 3), faces.shape=(856, 3))> using `load_obj` in 0.0029s
2024-12-06 19:30:34,554 DEBUG loaded <trimesh.Trimesh(vertices.shape=(48, 3), faces.shape=(28, 3))> using `load_obj` in 0.0007s
2024-12-06 19:30:43,621 INFO ==> EMD Loss: 20.561125
2024-12-06 19:30:43,621 INFO ==> Height map loss:  6.374873
2024-12-06 19:30:43,621 INFO ==> Insertion loss: 0.000000
2024-12-06 19:30:44,242 DEBUG loaded <trimesh.Trimesh(vertices.shape=(916, 3), faces.shape=(856, 3))> using `load_obj` in 0.0029s
2024-12-06 19:30:44,392 DEBUG loaded <trimesh.Trimesh(vertices.shape=(48, 3), faces.shape=(28, 3))> using `load_obj` in 0.0007s
2024-12-06 19:30:53,543 INFO ==> EMD Loss: 20.771833
2024-12-06 19:30:53,543 INFO ==> Height map loss:  6.612437
2024-12-06 19:30:53,543 INFO ==> Insertion loss: 0.000000
2024-12-06 19:30:53,915 DEBUG loaded <trimesh.Trimesh(vertices.shape=(916, 3), faces.shape=(856, 3))> using `load_obj` in 0.0029s
2024-12-06 19:30:54,065 DEBUG loaded <trimesh.Trimesh(vertices.shape=(48, 3), faces.shape=(28, 3))> using `load_obj` in 0.0007s
2024-12-06 19:31:18,147 INFO =====> Skill params: [ 0.7518795   0.66666657  0.80390936 -0.13386224 -0.15907563]
2024-12-06 19:31:18,147 INFO =====> Grad: [-1.6387258e+03  1.3484131e+03  2.3302275e-05  6.6117134e+01
 -8.0279125e-07]
2024-12-06 19:31:18,148 INFO =====> Num. aborted data so far: 0
2024-12-06 19:31:18,155 INFO ===========> Epoch: 10 optimisation losses
2024-12-06 19:31:18,155 INFO =====> EMD Loss: 20.132584
2024-12-06 19:31:18,155 INFO =====> Height map loss: 5.789988
2024-12-06 19:31:18,155 INFO =====> Insertion loss: 0.000000
2024-12-06 19:31:18,804 DEBUG loaded <trimesh.Trimesh(vertices.shape=(916, 3), faces.shape=(856, 3))> using `load_obj` in 0.0029s
2024-12-06 19:31:18,952 DEBUG loaded <trimesh.Trimesh(vertices.shape=(48, 3), faces.shape=(28, 3))> using `load_obj` in 0.0007s
2024-12-06 19:31:27,720 INFO ==> EMD Loss: 20.039412
2024-12-06 19:31:27,720 INFO ==> Height map loss:  5.768058
2024-12-06 19:31:27,720 INFO ==> Insertion loss: 0.000000
2024-12-06 19:31:28,342 DEBUG loaded <trimesh.Trimesh(vertices.shape=(916, 3), faces.shape=(856, 3))> using `load_obj` in 0.0030s
2024-12-06 19:31:28,492 DEBUG loaded <trimesh.Trimesh(vertices.shape=(48, 3), faces.shape=(28, 3))> using `load_obj` in 0.0007s
2024-12-06 19:31:37,161 INFO ==> EMD Loss: 20.062168
2024-12-06 19:31:37,161 INFO ==> Height map loss:  5.874784
2024-12-06 19:31:37,161 INFO ==> Insertion loss: 0.000000
2024-12-06 19:31:37,817 DEBUG loaded <trimesh.Trimesh(vertices.shape=(916, 3), faces.shape=(856, 3))> using `load_obj` in 0.0029s
2024-12-06 19:31:37,969 DEBUG loaded <trimesh.Trimesh(vertices.shape=(48, 3), faces.shape=(28, 3))> using `load_obj` in 0.0007s
2024-12-06 19:31:46,539 INFO ==> EMD Loss: 20.013517
2024-12-06 19:31:46,539 INFO ==> Height map loss:  5.932936
2024-12-06 19:31:46,539 INFO ==> Insertion loss: 0.000000
2024-12-06 19:31:47,161 DEBUG loaded <trimesh.Trimesh(vertices.shape=(916, 3), faces.shape=(856, 3))> using `load_obj` in 0.0030s
2024-12-06 19:31:47,310 DEBUG loaded <trimesh.Trimesh(vertices.shape=(48, 3), faces.shape=(28, 3))> using `load_obj` in 0.0007s
2024-12-06 19:31:55,791 INFO ==> EMD Loss: 20.065395
2024-12-06 19:31:55,791 INFO ==> Height map loss:  6.148963
2024-12-06 19:31:55,791 INFO ==> Insertion loss: 0.000000
2024-12-06 19:31:56,416 DEBUG loaded <trimesh.Trimesh(vertices.shape=(916, 3), faces.shape=(856, 3))> using `load_obj` in 0.0029s
2024-12-06 19:31:56,569 DEBUG loaded <trimesh.Trimesh(vertices.shape=(48, 3), faces.shape=(28, 3))> using `load_obj` in 0.0007s
2024-12-06 19:32:04,950 INFO ==> EMD Loss: 20.056740
2024-12-06 19:32:04,950 INFO ==> Height map loss:  6.507825
2024-12-06 19:32:04,950 INFO ==> Insertion loss: 0.000000
2024-12-06 19:32:05,404 DEBUG loaded <trimesh.Trimesh(vertices.shape=(916, 3), faces.shape=(856, 3))> using `load_obj` in 0.0029s
2024-12-06 19:32:05,553 DEBUG loaded <trimesh.Trimesh(vertices.shape=(48, 3), faces.shape=(28, 3))> using `load_obj` in 0.0007s
2024-12-06 19:32:29,924 INFO =====> Skill params: [ 0.754563    0.66242814  0.8026953  -0.1341687  -0.15904248]
2024-12-06 19:32:29,925 INFO =====> Grad: [-2.6989084e+03  1.4999431e+03 -3.8970043e-06 -3.2807266e+02
 -1.3244299e-05]
2024-12-06 19:32:29,925 INFO =====> Num. aborted data so far: 0
2024-12-06 19:32:29,933 INFO ===========> Epoch: 11 optimisation losses
2024-12-06 19:32:29,933 INFO =====> EMD Loss: 20.050943
2024-12-06 19:32:29,933 INFO =====> Height map loss: 5.767864
2024-12-06 19:32:29,933 INFO =====> Insertion loss: 0.000000
2024-12-06 19:32:30,585 DEBUG loaded <trimesh.Trimesh(vertices.shape=(916, 3), faces.shape=(856, 3))> using `load_obj` in 0.0030s
2024-12-06 19:32:30,738 DEBUG loaded <trimesh.Trimesh(vertices.shape=(48, 3), faces.shape=(28, 3))> using `load_obj` in 0.0007s
2024-12-06 19:32:39,520 INFO ==> EMD Loss: 20.125854
2024-12-06 19:32:39,520 INFO ==> Height map loss:  5.823835
2024-12-06 19:32:39,520 INFO ==> Insertion loss: 0.000000
2024-12-06 19:32:40,148 DEBUG loaded <trimesh.Trimesh(vertices.shape=(916, 3), faces.shape=(856, 3))> using `load_obj` in 0.0028s
2024-12-06 19:32:40,295 DEBUG loaded <trimesh.Trimesh(vertices.shape=(48, 3), faces.shape=(28, 3))> using `load_obj` in 0.0007s
2024-12-06 19:32:48,983 INFO ==> EMD Loss: 20.003595
2024-12-06 19:32:48,983 INFO ==> Height map loss:  5.967049
2024-12-06 19:32:48,983 INFO ==> Insertion loss: 0.000000
2024-12-06 19:32:49,606 DEBUG loaded <trimesh.Trimesh(vertices.shape=(916, 3), faces.shape=(856, 3))> using `load_obj` in 0.0029s
2024-12-06 19:32:49,754 DEBUG loaded <trimesh.Trimesh(vertices.shape=(48, 3), faces.shape=(28, 3))> using `load_obj` in 0.0007s
2024-12-06 19:32:58,307 INFO ==> EMD Loss: 19.887938
2024-12-06 19:32:58,307 INFO ==> Height map loss:  6.051626
2024-12-06 19:32:58,307 INFO ==> Insertion loss: 0.000000
2024-12-06 19:32:58,938 DEBUG loaded <trimesh.Trimesh(vertices.shape=(916, 3), faces.shape=(856, 3))> using `load_obj` in 0.0029s
2024-12-06 19:32:59,084 DEBUG loaded <trimesh.Trimesh(vertices.shape=(48, 3), faces.shape=(28, 3))> using `load_obj` in 0.0007s
2024-12-06 19:33:07,576 INFO ==> EMD Loss: 19.958464
2024-12-06 19:33:07,576 INFO ==> Height map loss:  6.469562
2024-12-06 19:33:07,576 INFO ==> Insertion loss: 0.000000
2024-12-06 19:33:08,196 DEBUG loaded <trimesh.Trimesh(vertices.shape=(916, 3), faces.shape=(856, 3))> using `load_obj` in 0.0030s
2024-12-06 19:33:08,343 DEBUG loaded <trimesh.Trimesh(vertices.shape=(48, 3), faces.shape=(28, 3))> using `load_obj` in 0.0007s
2024-12-06 19:33:16,436 INFO ==> EMD Loss: 20.274574
2024-12-06 19:33:16,436 INFO ==> Height map loss:  7.109857
2024-12-06 19:33:16,436 INFO ==> Insertion loss: 0.000000
2024-12-06 19:33:16,882 DEBUG loaded <trimesh.Trimesh(vertices.shape=(916, 3), faces.shape=(856, 3))> using `load_obj` in 0.0029s
2024-12-06 19:33:17,033 DEBUG loaded <trimesh.Trimesh(vertices.shape=(48, 3), faces.shape=(28, 3))> using `load_obj` in 0.0007s
2024-12-06 19:33:41,219 INFO =====> Skill params: [ 0.75874466  0.65802586  0.80290926 -0.13258822 -0.158467  ]
2024-12-06 19:33:41,219 INFO =====> Grad: [ 1.7601324e+03 -6.5297839e+02  1.9765032e-05 -1.1170929e+03
 -1.1791708e-04]
2024-12-06 19:33:41,219 INFO =====> Num. aborted data so far: 0
2024-12-06 19:33:41,226 INFO ===========> Epoch: 12 optimisation losses
2024-12-06 19:33:41,226 INFO =====> EMD Loss: 20.133902
2024-12-06 19:33:41,226 INFO =====> Height map loss: 5.820296
2024-12-06 19:33:41,227 INFO =====> Insertion loss: 0.000000
2024-12-06 19:33:41,873 DEBUG loaded <trimesh.Trimesh(vertices.shape=(916, 3), faces.shape=(856, 3))> using `load_obj` in 0.0030s
2024-12-06 19:33:42,020 DEBUG loaded <trimesh.Trimesh(vertices.shape=(48, 3), faces.shape=(28, 3))> using `load_obj` in 0.0007s
2024-12-06 19:33:50,825 INFO ==> EMD Loss: 20.101433
2024-12-06 19:33:50,826 INFO ==> Height map loss:  5.859078
2024-12-06 19:33:50,826 INFO ==> Insertion loss: 0.000000
2024-12-06 19:33:51,450 DEBUG loaded <trimesh.Trimesh(vertices.shape=(916, 3), faces.shape=(856, 3))> using `load_obj` in 0.0029s
2024-12-06 19:33:51,598 DEBUG loaded <trimesh.Trimesh(vertices.shape=(48, 3), faces.shape=(28, 3))> using `load_obj` in 0.0007s
2024-12-06 19:34:00,430 INFO ==> EMD Loss: 20.125082
2024-12-06 19:34:00,430 INFO ==> Height map loss:  5.908486
2024-12-06 19:34:00,430 INFO ==> Insertion loss: 0.000000
2024-12-06 19:34:01,058 DEBUG loaded <trimesh.Trimesh(vertices.shape=(916, 3), faces.shape=(856, 3))> using `load_obj` in 0.0029s
2024-12-06 19:34:01,207 DEBUG loaded <trimesh.Trimesh(vertices.shape=(48, 3), faces.shape=(28, 3))> using `load_obj` in 0.0007s
2024-12-06 19:34:10,140 INFO ==> EMD Loss: 20.575172
2024-12-06 19:34:10,140 INFO ==> Height map loss:  5.927101
2024-12-06 19:34:10,140 INFO ==> Insertion loss: 0.000000
2024-12-06 19:34:10,772 DEBUG loaded <trimesh.Trimesh(vertices.shape=(916, 3), faces.shape=(856, 3))> using `load_obj` in 0.0029s
2024-12-06 19:34:10,920 DEBUG loaded <trimesh.Trimesh(vertices.shape=(48, 3), faces.shape=(28, 3))> using `load_obj` in 0.0007s
2024-12-06 19:34:19,878 INFO ==> EMD Loss: 20.382370
2024-12-06 19:34:19,878 INFO ==> Height map loss:  6.000354
2024-12-06 19:34:19,878 INFO ==> Insertion loss: 0.000000
2024-12-06 19:34:20,496 DEBUG loaded <trimesh.Trimesh(vertices.shape=(916, 3), faces.shape=(856, 3))> using `load_obj` in 0.0029s
2024-12-06 19:34:20,642 DEBUG loaded <trimesh.Trimesh(vertices.shape=(48, 3), faces.shape=(28, 3))> using `load_obj` in 0.0007s
2024-12-06 19:34:29,757 INFO ==> EMD Loss: 20.548733
2024-12-06 19:34:29,758 INFO ==> Height map loss:  6.014970
2024-12-06 19:34:29,758 INFO ==> Insertion loss: 0.000000
2024-12-06 19:34:30,138 DEBUG loaded <trimesh.Trimesh(vertices.shape=(916, 3), faces.shape=(856, 3))> using `load_obj` in 0.0030s
2024-12-06 19:34:30,283 DEBUG loaded <trimesh.Trimesh(vertices.shape=(48, 3), faces.shape=(28, 3))> using `load_obj` in 0.0007s
2024-12-06 19:34:54,359 INFO =====> Skill params: [ 0.75599355  0.6600017   0.8017736  -0.12771955 -0.15377356]
2024-12-06 19:34:54,360 INFO =====> Grad: [-6.550975e+02  7.896092e+02 -5.027452e-06 -5.458773e+02 -9.242273e-05]
2024-12-06 19:34:54,360 INFO =====> Num. aborted data so far: 0
2024-12-06 19:34:54,368 INFO ===========> Epoch: 13 optimisation losses
2024-12-06 19:34:54,368 INFO =====> EMD Loss: 20.106638
2024-12-06 19:34:54,368 INFO =====> Height map loss: 5.851930
2024-12-06 19:34:54,368 INFO =====> Insertion loss: 0.000000
2024-12-06 19:34:55,019 DEBUG loaded <trimesh.Trimesh(vertices.shape=(916, 3), faces.shape=(856, 3))> using `load_obj` in 0.0029s
2024-12-06 19:34:55,165 DEBUG loaded <trimesh.Trimesh(vertices.shape=(48, 3), faces.shape=(28, 3))> using `load_obj` in 0.0007s
2024-12-06 19:35:03,941 INFO ==> EMD Loss: 20.115757
2024-12-06 19:35:03,941 INFO ==> Height map loss:  5.807903
2024-12-06 19:35:03,941 INFO ==> Insertion loss: 0.000000
2024-12-06 19:35:04,607 DEBUG loaded <trimesh.Trimesh(vertices.shape=(916, 3), faces.shape=(856, 3))> using `load_obj` in 0.0030s
2024-12-06 19:35:04,754 DEBUG loaded <trimesh.Trimesh(vertices.shape=(48, 3), faces.shape=(28, 3))> using `load_obj` in 0.0007s
2024-12-06 19:35:13,495 INFO ==> EMD Loss: 20.258247
2024-12-06 19:35:13,495 INFO ==> Height map loss:  5.846118
2024-12-06 19:35:13,495 INFO ==> Insertion loss: 0.000000
2024-12-06 19:35:14,121 DEBUG loaded <trimesh.Trimesh(vertices.shape=(916, 3), faces.shape=(856, 3))> using `load_obj` in 0.0029s
2024-12-06 19:35:14,274 DEBUG loaded <trimesh.Trimesh(vertices.shape=(48, 3), faces.shape=(28, 3))> using `load_obj` in 0.0007s
2024-12-06 19:35:22,950 INFO ==> EMD Loss: 20.025410
2024-12-06 19:35:22,950 INFO ==> Height map loss:  5.955282
2024-12-06 19:35:22,950 INFO ==> Insertion loss: 0.000000
2024-12-06 19:35:23,570 DEBUG loaded <trimesh.Trimesh(vertices.shape=(916, 3), faces.shape=(856, 3))> using `load_obj` in 0.0029s
2024-12-06 19:35:23,715 DEBUG loaded <trimesh.Trimesh(vertices.shape=(48, 3), faces.shape=(28, 3))> using `load_obj` in 0.0007s
2024-12-06 19:35:32,391 INFO ==> EMD Loss: 20.037283
2024-12-06 19:35:32,391 INFO ==> Height map loss:  6.005940
2024-12-06 19:35:32,391 INFO ==> Insertion loss: 0.000000
2024-12-06 19:35:33,012 DEBUG loaded <trimesh.Trimesh(vertices.shape=(916, 3), faces.shape=(856, 3))> using `load_obj` in 0.0029s
2024-12-06 19:35:33,158 DEBUG loaded <trimesh.Trimesh(vertices.shape=(48, 3), faces.shape=(28, 3))> using `load_obj` in 0.0007s
2024-12-06 19:35:41,749 INFO ==> EMD Loss: 20.127552
2024-12-06 19:35:41,749 INFO ==> Height map loss:  6.223501
2024-12-06 19:35:41,749 INFO ==> Insertion loss: 0.000000
2024-12-06 19:35:42,120 DEBUG loaded <trimesh.Trimesh(vertices.shape=(916, 3), faces.shape=(856, 3))> using `load_obj` in 0.0029s
2024-12-06 19:35:42,265 DEBUG loaded <trimesh.Trimesh(vertices.shape=(48, 3), faces.shape=(28, 3))> using `load_obj` in 0.0007s
2024-12-06 19:36:06,303 INFO =====> Skill params: [ 0.75706595  0.6575675   0.80207795 -0.12529503 -0.15018421]
2024-12-06 19:36:06,303 INFO =====> Grad: [ 8.1690778e+02 -1.5521260e+03 -5.5023634e-06  5.7812842e+02
 -1.5684745e-06]
2024-12-06 19:36:06,303 INFO =====> Num. aborted data so far: 0
2024-12-06 19:36:06,311 INFO ===========> Epoch: 14 optimisation losses
2024-12-06 19:36:06,311 INFO =====> EMD Loss: 20.115883
2024-12-06 19:36:06,311 INFO =====> Height map loss: 5.807878
2024-12-06 19:36:06,311 INFO =====> Insertion loss: 0.000000
2024-12-06 19:36:06,964 DEBUG loaded <trimesh.Trimesh(vertices.shape=(916, 3), faces.shape=(856, 3))> using `load_obj` in 0.0029s
2024-12-06 19:36:07,110 DEBUG loaded <trimesh.Trimesh(vertices.shape=(48, 3), faces.shape=(28, 3))> using `load_obj` in 0.0007s
2024-12-06 19:36:15,935 INFO ==> EMD Loss: 20.053274
2024-12-06 19:36:15,935 INFO ==> Height map loss:  5.776163
2024-12-06 19:36:15,935 INFO ==> Insertion loss: 0.000000
2024-12-06 19:36:16,559 DEBUG loaded <trimesh.Trimesh(vertices.shape=(916, 3), faces.shape=(856, 3))> using `load_obj` in 0.0029s
2024-12-06 19:36:16,706 DEBUG loaded <trimesh.Trimesh(vertices.shape=(48, 3), faces.shape=(28, 3))> using `load_obj` in 0.0007s
2024-12-06 19:36:25,602 INFO ==> EMD Loss: 20.501661
2024-12-06 19:36:25,602 INFO ==> Height map loss:  5.965053
2024-12-06 19:36:25,602 INFO ==> Insertion loss: 0.000000
2024-12-06 19:36:26,224 DEBUG loaded <trimesh.Trimesh(vertices.shape=(916, 3), faces.shape=(856, 3))> using `load_obj` in 0.0030s
2024-12-06 19:36:26,371 DEBUG loaded <trimesh.Trimesh(vertices.shape=(48, 3), faces.shape=(28, 3))> using `load_obj` in 0.0007s
2024-12-06 19:36:35,311 INFO ==> EMD Loss: 20.389780
2024-12-06 19:36:35,311 INFO ==> Height map loss:  6.010825
2024-12-06 19:36:35,312 INFO ==> Insertion loss: 0.000000
2024-12-06 19:36:35,960 DEBUG loaded <trimesh.Trimesh(vertices.shape=(916, 3), faces.shape=(856, 3))> using `load_obj` in 0.0029s
2024-12-06 19:36:36,107 DEBUG loaded <trimesh.Trimesh(vertices.shape=(48, 3), faces.shape=(28, 3))> using `load_obj` in 0.0007s
2024-12-06 19:36:45,183 INFO ==> EMD Loss: 20.594755
2024-12-06 19:36:45,183 INFO ==> Height map loss:  6.180166
2024-12-06 19:36:45,183 INFO ==> Insertion loss: 0.000000
2024-12-06 19:36:45,803 DEBUG loaded <trimesh.Trimesh(vertices.shape=(916, 3), faces.shape=(856, 3))> using `load_obj` in 0.0030s
2024-12-06 19:36:45,949 DEBUG loaded <trimesh.Trimesh(vertices.shape=(48, 3), faces.shape=(28, 3))> using `load_obj` in 0.0007s
2024-12-06 19:36:55,142 INFO ==> EMD Loss: 20.603649
2024-12-06 19:36:55,142 INFO ==> Height map loss:  6.535417
2024-12-06 19:36:55,142 INFO ==> Insertion loss: 0.000000
2024-12-06 19:36:55,515 DEBUG loaded <trimesh.Trimesh(vertices.shape=(916, 3), faces.shape=(856, 3))> using `load_obj` in 0.0028s
2024-12-06 19:36:55,660 DEBUG loaded <trimesh.Trimesh(vertices.shape=(48, 3), faces.shape=(28, 3))> using `load_obj` in 0.0007s
2024-12-06 19:37:19,994 INFO =====> Skill params: [ 0.7556716   0.6620209   0.8024288  -0.12789783 -0.15012   ]
2024-12-06 19:37:19,994 INFO =====> Grad: [ 2.6999143e+03 -1.4122941e+03  1.2015034e-05  1.1214719e+03
 -9.9669989e-05]
2024-12-06 19:37:19,994 INFO =====> Num. aborted data so far: 0
2024-12-06 19:37:20,003 INFO ===========> Epoch: 15 optimisation losses
2024-12-06 19:37:20,003 INFO =====> EMD Loss: 20.070509
2024-12-06 19:37:20,003 INFO =====> Height map loss: 5.776004
2024-12-06 19:37:20,003 INFO =====> Insertion loss: 0.000000
2024-12-06 19:37:20,657 DEBUG loaded <trimesh.Trimesh(vertices.shape=(916, 3), faces.shape=(856, 3))> using `load_obj` in 0.0029s
2024-12-06 19:37:20,804 DEBUG loaded <trimesh.Trimesh(vertices.shape=(48, 3), faces.shape=(28, 3))> using `load_obj` in 0.0007s
2024-12-06 19:37:29,306 INFO ==> EMD Loss: 20.150743
2024-12-06 19:37:29,306 INFO ==> Height map loss:  5.795535
2024-12-06 19:37:29,306 INFO ==> Insertion loss: 0.000000
2024-12-06 19:37:29,937 DEBUG loaded <trimesh.Trimesh(vertices.shape=(916, 3), faces.shape=(856, 3))> using `load_obj` in 0.0029s
2024-12-06 19:37:30,084 DEBUG loaded <trimesh.Trimesh(vertices.shape=(48, 3), faces.shape=(28, 3))> using `load_obj` in 0.0007s
2024-12-06 19:37:38,968 INFO ==> EMD Loss: 20.474791
2024-12-06 19:37:38,968 INFO ==> Height map loss:  5.994662
2024-12-06 19:37:38,969 INFO ==> Insertion loss: 0.000000
2024-12-06 19:37:39,592 DEBUG loaded <trimesh.Trimesh(vertices.shape=(916, 3), faces.shape=(856, 3))> using `load_obj` in 0.0029s
2024-12-06 19:37:39,741 DEBUG loaded <trimesh.Trimesh(vertices.shape=(48, 3), faces.shape=(28, 3))> using `load_obj` in 0.0007s
2024-12-06 19:37:48,772 INFO ==> EMD Loss: 20.364977
2024-12-06 19:37:48,772 INFO ==> Height map loss:  6.114851
2024-12-06 19:37:48,772 INFO ==> Insertion loss: 0.000000
2024-12-06 19:37:49,402 DEBUG loaded <trimesh.Trimesh(vertices.shape=(916, 3), faces.shape=(856, 3))> using `load_obj` in 0.0029s
2024-12-06 19:37:49,555 DEBUG loaded <trimesh.Trimesh(vertices.shape=(48, 3), faces.shape=(28, 3))> using `load_obj` in 0.0007s
2024-12-06 19:37:58,711 INFO ==> EMD Loss: 20.593271
2024-12-06 19:37:58,711 INFO ==> Height map loss:  6.338232
2024-12-06 19:37:58,711 INFO ==> Insertion loss: 0.000000
2024-12-06 19:37:59,351 DEBUG loaded <trimesh.Trimesh(vertices.shape=(916, 3), faces.shape=(856, 3))> using `load_obj` in 0.0030s
2024-12-06 19:37:59,502 DEBUG loaded <trimesh.Trimesh(vertices.shape=(48, 3), faces.shape=(28, 3))> using `load_obj` in 0.0007s
2024-12-06 19:38:08,731 INFO ==> EMD Loss: 20.670841
2024-12-06 19:38:08,731 INFO ==> Height map loss:  6.748134
2024-12-06 19:38:08,731 INFO ==> Insertion loss: 0.000000
2024-12-06 19:38:09,108 DEBUG loaded <trimesh.Trimesh(vertices.shape=(916, 3), faces.shape=(856, 3))> using `load_obj` in 0.0029s
2024-12-06 19:38:09,257 DEBUG loaded <trimesh.Trimesh(vertices.shape=(48, 3), faces.shape=(28, 3))> using `load_obj` in 0.0007s
2024-12-06 19:38:33,704 INFO =====> Skill params: [ 0.7513479   0.6659157   0.8016241  -0.13253942 -0.14620303]
2024-12-06 19:38:33,704 INFO =====> Grad: [ 2.6877278e+03 -8.7837933e+02 -2.0497300e-06 -9.1225269e+02
  3.0525727e-05]
2024-12-06 19:38:33,704 INFO =====> Num. aborted data so far: 0
2024-12-06 19:38:33,712 INFO ===========> Epoch: 16 optimisation losses
2024-12-06 19:38:33,712 INFO =====> EMD Loss: 20.145678
2024-12-06 19:38:33,712 INFO =====> Height map loss: 5.795580
2024-12-06 19:38:33,712 INFO =====> Insertion loss: 0.000000
2024-12-06 19:38:34,363 DEBUG loaded <trimesh.Trimesh(vertices.shape=(916, 3), faces.shape=(856, 3))> using `load_obj` in 0.0030s
2024-12-06 19:38:34,509 DEBUG loaded <trimesh.Trimesh(vertices.shape=(48, 3), faces.shape=(28, 3))> using `load_obj` in 0.0007s
2024-12-06 19:38:43,358 INFO ==> EMD Loss: 20.173336
2024-12-06 19:38:43,358 INFO ==> Height map loss:  5.819545
2024-12-06 19:38:43,358 INFO ==> Insertion loss: 0.000000
2024-12-06 19:38:43,978 DEBUG loaded <trimesh.Trimesh(vertices.shape=(916, 3), faces.shape=(856, 3))> using `load_obj` in 0.0030s
2024-12-06 19:38:44,126 DEBUG loaded <trimesh.Trimesh(vertices.shape=(48, 3), faces.shape=(28, 3))> using `load_obj` in 0.0007s
2024-12-06 19:38:52,707 INFO ==> EMD Loss: 20.402136
2024-12-06 19:38:52,707 INFO ==> Height map loss:  5.892552
2024-12-06 19:38:52,707 INFO ==> Insertion loss: 0.000000
2024-12-06 19:38:53,331 DEBUG loaded <trimesh.Trimesh(vertices.shape=(916, 3), faces.shape=(856, 3))> using `load_obj` in 0.0029s
2024-12-06 19:38:53,477 DEBUG loaded <trimesh.Trimesh(vertices.shape=(48, 3), faces.shape=(28, 3))> using `load_obj` in 0.0007s
2024-12-06 19:39:02,432 INFO ==> EMD Loss: 20.502811
2024-12-06 19:39:02,432 INFO ==> Height map loss:  5.998604
2024-12-06 19:39:02,432 INFO ==> Insertion loss: 0.000000
2024-12-06 19:39:03,054 DEBUG loaded <trimesh.Trimesh(vertices.shape=(916, 3), faces.shape=(856, 3))> using `load_obj` in 0.0030s
2024-12-06 19:39:03,199 DEBUG loaded <trimesh.Trimesh(vertices.shape=(48, 3), faces.shape=(28, 3))> using `load_obj` in 0.0007s
2024-12-06 19:39:12,191 INFO ==> EMD Loss: 20.590210
2024-12-06 19:39:12,191 INFO ==> Height map loss:  6.037817
2024-12-06 19:39:12,191 INFO ==> Insertion loss: 0.000000
2024-12-06 19:39:12,830 DEBUG loaded <trimesh.Trimesh(vertices.shape=(916, 3), faces.shape=(856, 3))> using `load_obj` in 0.0029s
2024-12-06 19:39:12,984 DEBUG loaded <trimesh.Trimesh(vertices.shape=(48, 3), faces.shape=(28, 3))> using `load_obj` in 0.0007s
2024-12-06 19:39:22,058 INFO ==> EMD Loss: 20.620659
2024-12-06 19:39:22,058 INFO ==> Height map loss:  6.153696
2024-12-06 19:39:22,058 INFO ==> Insertion loss: 0.000000
2024-12-06 19:39:22,432 DEBUG loaded <trimesh.Trimesh(vertices.shape=(916, 3), faces.shape=(856, 3))> using `load_obj` in 0.0029s
2024-12-06 19:39:22,577 DEBUG loaded <trimesh.Trimesh(vertices.shape=(48, 3), faces.shape=(28, 3))> using `load_obj` in 0.0007s
2024-12-06 19:39:47,148 INFO =====> Skill params: [ 0.74725485  0.6683814   0.8017688  -0.12886938 -0.14745647]
2024-12-06 19:39:47,148 INFO =====> Grad: [ 2.7401865e+03 -1.4570183e+03  2.7772553e-06  9.4202692e+02
 -9.2683076e-05]
2024-12-06 19:39:47,148 INFO =====> Num. aborted data so far: 0
2024-12-06 19:39:47,156 INFO ===========> Epoch: 17 optimisation losses
2024-12-06 19:39:47,156 INFO =====> EMD Loss: 20.173439
2024-12-06 19:39:47,157 INFO =====> Height map loss: 5.819691
2024-12-06 19:39:47,157 INFO =====> Insertion loss: 0.000000
2024-12-06 19:39:47,814 DEBUG loaded <trimesh.Trimesh(vertices.shape=(916, 3), faces.shape=(856, 3))> using `load_obj` in 0.0029s
2024-12-06 19:39:47,963 DEBUG loaded <trimesh.Trimesh(vertices.shape=(48, 3), faces.shape=(28, 3))> using `load_obj` in 0.0007s
2024-12-06 19:39:56,816 INFO ==> EMD Loss: 20.122717
2024-12-06 19:39:56,816 INFO ==> Height map loss:  5.837250
2024-12-06 19:39:56,816 INFO ==> Insertion loss: 0.000000
2024-12-06 19:39:57,439 DEBUG loaded <trimesh.Trimesh(vertices.shape=(916, 3), faces.shape=(856, 3))> using `load_obj` in 0.0029s
2024-12-06 19:39:57,587 DEBUG loaded <trimesh.Trimesh(vertices.shape=(48, 3), faces.shape=(28, 3))> using `load_obj` in 0.0007s
2024-12-06 19:40:06,247 INFO ==> EMD Loss: 20.471222
2024-12-06 19:40:06,248 INFO ==> Height map loss:  6.000597
2024-12-06 19:40:06,248 INFO ==> Insertion loss: 0.000000
2024-12-06 19:40:06,876 DEBUG loaded <trimesh.Trimesh(vertices.shape=(916, 3), faces.shape=(856, 3))> using `load_obj` in 0.0029s
2024-12-06 19:40:07,024 DEBUG loaded <trimesh.Trimesh(vertices.shape=(48, 3), faces.shape=(28, 3))> using `load_obj` in 0.0007s
2024-12-06 19:40:16,073 INFO ==> EMD Loss: 20.599501
2024-12-06 19:40:16,073 INFO ==> Height map loss:  6.173081
2024-12-06 19:40:16,073 INFO ==> Insertion loss: 0.000000
2024-12-06 19:40:16,705 DEBUG loaded <trimesh.Trimesh(vertices.shape=(916, 3), faces.shape=(856, 3))> using `load_obj` in 0.0029s
2024-12-06 19:40:16,852 DEBUG loaded <trimesh.Trimesh(vertices.shape=(48, 3), faces.shape=(28, 3))> using `load_obj` in 0.0007s
2024-12-06 19:40:26,044 INFO ==> EMD Loss: 20.637472
2024-12-06 19:40:26,044 INFO ==> Height map loss:  6.355097
2024-12-06 19:40:26,044 INFO ==> Insertion loss: 0.000000
2024-12-06 19:40:26,671 DEBUG loaded <trimesh.Trimesh(vertices.shape=(916, 3), faces.shape=(856, 3))> using `load_obj` in 0.0029s
2024-12-06 19:40:26,818 DEBUG loaded <trimesh.Trimesh(vertices.shape=(48, 3), faces.shape=(28, 3))> using `load_obj` in 0.0007s
2024-12-06 19:40:36,080 INFO ==> EMD Loss: 20.796097
2024-12-06 19:40:36,080 INFO ==> Height map loss:  6.948956
2024-12-06 19:40:36,080 INFO ==> Insertion loss: 0.000000
2024-12-06 19:40:36,455 DEBUG loaded <trimesh.Trimesh(vertices.shape=(916, 3), faces.shape=(856, 3))> using `load_obj` in 0.0029s
2024-12-06 19:40:36,601 DEBUG loaded <trimesh.Trimesh(vertices.shape=(48, 3), faces.shape=(28, 3))> using `load_obj` in 0.0007s
2024-12-06 19:41:01,106 INFO =====> Skill params: [ 0.7432643  0.6723063  0.8015622 -0.1325511 -0.1437617]
2024-12-06 19:41:01,107 INFO =====> Grad: [-2.7276428e+03  1.3878893e+03 -6.9586686e-06  8.5942029e+02
 -4.7586009e-06]
2024-12-06 19:41:01,107 INFO =====> Num. aborted data so far: 0
2024-12-06 19:41:01,116 INFO ===========> Epoch: 18 optimisation losses
2024-12-06 19:41:01,116 INFO =====> EMD Loss: 20.124313
2024-12-06 19:41:01,116 INFO =====> Height map loss: 5.837704
2024-12-06 19:41:01,116 INFO =====> Insertion loss: 0.000000
2024-12-06 19:41:01,766 DEBUG loaded <trimesh.Trimesh(vertices.shape=(916, 3), faces.shape=(856, 3))> using `load_obj` in 0.0029s
2024-12-06 19:41:01,917 DEBUG loaded <trimesh.Trimesh(vertices.shape=(48, 3), faces.shape=(28, 3))> using `load_obj` in 0.0007s
2024-12-06 19:41:10,486 INFO ==> EMD Loss: 20.156145
2024-12-06 19:41:10,486 INFO ==> Height map loss:  5.803820
2024-12-06 19:41:10,486 INFO ==> Insertion loss: 0.000000
2024-12-06 19:41:11,116 DEBUG loaded <trimesh.Trimesh(vertices.shape=(916, 3), faces.shape=(856, 3))> using `load_obj` in 0.0029s
2024-12-06 19:41:11,264 DEBUG loaded <trimesh.Trimesh(vertices.shape=(48, 3), faces.shape=(28, 3))> using `load_obj` in 0.0007s
2024-12-06 19:41:20,057 INFO ==> EMD Loss: 20.134138
2024-12-06 19:41:20,057 INFO ==> Height map loss:  5.934786
2024-12-06 19:41:20,057 INFO ==> Insertion loss: 0.000000
2024-12-06 19:41:20,679 DEBUG loaded <trimesh.Trimesh(vertices.shape=(916, 3), faces.shape=(856, 3))> using `load_obj` in 0.0029s
2024-12-06 19:41:20,826 DEBUG loaded <trimesh.Trimesh(vertices.shape=(48, 3), faces.shape=(28, 3))> using `load_obj` in 0.0007s
2024-12-06 19:41:29,469 INFO ==> EMD Loss: 20.197340
2024-12-06 19:41:29,469 INFO ==> Height map loss:  5.942376
2024-12-06 19:41:29,469 INFO ==> Insertion loss: 0.000000
2024-12-06 19:41:30,096 DEBUG loaded <trimesh.Trimesh(vertices.shape=(916, 3), faces.shape=(856, 3))> using `load_obj` in 0.0031s
2024-12-06 19:41:30,249 DEBUG loaded <trimesh.Trimesh(vertices.shape=(48, 3), faces.shape=(28, 3))> using `load_obj` in 0.0007s
2024-12-06 19:41:38,842 INFO ==> EMD Loss: 20.076656
2024-12-06 19:41:38,842 INFO ==> Height map loss:  6.175778
2024-12-06 19:41:38,842 INFO ==> Insertion loss: 0.000000
2024-12-06 19:41:39,482 DEBUG loaded <trimesh.Trimesh(vertices.shape=(916, 3), faces.shape=(856, 3))> using `load_obj` in 0.0030s
2024-12-06 19:41:39,633 DEBUG loaded <trimesh.Trimesh(vertices.shape=(48, 3), faces.shape=(28, 3))> using `load_obj` in 0.0007s
2024-12-06 19:41:48,152 INFO ==> EMD Loss: 20.022129
2024-12-06 19:41:48,153 INFO ==> Height map loss:  6.499981
2024-12-06 19:41:48,153 INFO ==> Insertion loss: 0.000000
2024-12-06 19:41:48,527 DEBUG loaded <trimesh.Trimesh(vertices.shape=(916, 3), faces.shape=(856, 3))> using `load_obj` in 0.0029s
2024-12-06 19:41:48,678 DEBUG loaded <trimesh.Trimesh(vertices.shape=(48, 3), faces.shape=(28, 3))> using `load_obj` in 0.0007s
2024-12-06 19:42:13,292 INFO =====> Skill params: [ 0.747095    0.6686669   0.8021069  -0.13586818 -0.14356178]
2024-12-06 19:42:13,292 INFO =====> Grad: [ 2.7392158e+03 -1.4982805e+03 -3.9069223e-06  1.1359027e+03
  4.3583354e-05]
2024-12-06 19:42:13,292 INFO =====> Num. aborted data so far: 0
2024-12-06 19:42:13,300 INFO ===========> Epoch: 19 optimisation losses
2024-12-06 19:42:13,300 INFO =====> EMD Loss: 20.160873
2024-12-06 19:42:13,300 INFO =====> Height map loss: 5.803335
2024-12-06 19:42:13,300 INFO =====> Insertion loss: 0.000000
2024-12-06 19:42:13,947 DEBUG loaded <trimesh.Trimesh(vertices.shape=(916, 3), faces.shape=(856, 3))> using `load_obj` in 0.0030s
2024-12-06 19:42:14,097 DEBUG loaded <trimesh.Trimesh(vertices.shape=(48, 3), faces.shape=(28, 3))> using `load_obj` in 0.0007s
2024-12-06 19:42:22,959 INFO ==> EMD Loss: 20.495867
2024-12-06 19:42:22,959 INFO ==> Height map loss:  5.836737
2024-12-06 19:42:22,959 INFO ==> Insertion loss: 0.000000
2024-12-06 19:42:23,585 DEBUG loaded <trimesh.Trimesh(vertices.shape=(916, 3), faces.shape=(856, 3))> using `load_obj` in 0.0029s
2024-12-06 19:42:23,732 DEBUG loaded <trimesh.Trimesh(vertices.shape=(48, 3), faces.shape=(28, 3))> using `load_obj` in 0.0007s
2024-12-06 19:42:32,655 INFO ==> EMD Loss: 20.438189
2024-12-06 19:42:32,655 INFO ==> Height map loss:  6.015750
2024-12-06 19:42:32,655 INFO ==> Insertion loss: 0.000000
2024-12-06 19:42:33,281 DEBUG loaded <trimesh.Trimesh(vertices.shape=(916, 3), faces.shape=(856, 3))> using `load_obj` in 0.0029s
2024-12-06 19:42:33,432 DEBUG loaded <trimesh.Trimesh(vertices.shape=(48, 3), faces.shape=(28, 3))> using `load_obj` in 0.0007s
2024-12-06 19:42:42,459 INFO ==> EMD Loss: 20.351116
2024-12-06 19:42:42,459 INFO ==> Height map loss:  6.048028
2024-12-06 19:42:42,459 INFO ==> Insertion loss: 0.000000
2024-12-06 19:42:43,084 DEBUG loaded <trimesh.Trimesh(vertices.shape=(916, 3), faces.shape=(856, 3))> using `load_obj` in 0.0029s
2024-12-06 19:42:43,230 DEBUG loaded <trimesh.Trimesh(vertices.shape=(48, 3), faces.shape=(28, 3))> using `load_obj` in 0.0007s
2024-12-06 19:42:52,344 INFO ==> EMD Loss: 20.610497
2024-12-06 19:42:52,345 INFO ==> Height map loss:  6.333060
2024-12-06 19:42:52,345 INFO ==> Insertion loss: 0.000000
2024-12-06 19:42:52,968 DEBUG loaded <trimesh.Trimesh(vertices.shape=(916, 3), faces.shape=(856, 3))> using `load_obj` in 0.0029s
2024-12-06 19:42:53,114 DEBUG loaded <trimesh.Trimesh(vertices.shape=(48, 3), faces.shape=(28, 3))> using `load_obj` in 0.0007s
2024-12-06 19:43:02,283 INFO ==> EMD Loss: 20.556082
2024-12-06 19:43:02,283 INFO ==> Height map loss:  6.457949
2024-12-06 19:43:02,283 INFO ==> Insertion loss: 0.000000
2024-12-06 19:43:02,662 DEBUG loaded <trimesh.Trimesh(vertices.shape=(916, 3), faces.shape=(856, 3))> using `load_obj` in 0.0029s
2024-12-06 19:43:02,810 DEBUG loaded <trimesh.Trimesh(vertices.shape=(48, 3), faces.shape=(28, 3))> using `load_obj` in 0.0007s
2024-12-06 19:43:11,675 INFO ===========> Finished training.
2024-12-06 19:43:11,675 INFO ====> Final EMD Loss: 20.498323
2024-12-06 19:43:11,675 INFO ====> Final Height map loss: 5.836561
2024-12-06 19:43:11,675 INFO ====> Final Insertion loss: 0.000000
2024-12-06 19:43:11,675 INFO ====> Final skill params: [ 0.74336636  0.6724624   0.8024291  -0.1400228  -0.14545307]
