2025-05-28 02:09:16,968 INFO =====> Skill params: [ 0.27392337 -0.46042657 -0.918053   -0.96694475  0.6265405 ]
2025-05-28 02:09:16,968 INFO =====> Grad: [0. 0. 0. 0. 0.]
2025-05-28 02:09:16,968 INFO =====> Num. aborted data so far: 0
2025-05-28 02:09:16,969 INFO ===========> Epoch: 0 optimisation losses
2025-05-28 02:09:16,969 INFO =====> EMD Loss: 20.348156
2025-05-28 02:09:16,969 INFO =====> Height map loss: 6.910267
2025-05-28 02:09:27,179 INFO ==> EMD Loss: 20.348181
2025-05-28 02:09:27,179 INFO ==> Height map loss:  6.910198
2025-05-28 02:09:37,331 INFO ==> EMD Loss: 20.348280
2025-05-28 02:09:37,331 INFO ==> Height map loss:  6.910145
2025-05-28 02:09:47,588 INFO ==> EMD Loss: 20.348169
2025-05-28 02:09:47,588 INFO ==> Height map loss:  6.910192
2025-05-28 02:09:57,707 INFO ==> EMD Loss: 20.348225
2025-05-28 02:09:57,707 INFO ==> Height map loss:  6.910213
2025-05-28 02:10:07,976 INFO ==> EMD Loss: 20.348152
2025-05-28 02:10:07,976 INFO ==> Height map loss:  6.910222
2025-05-28 02:10:32,203 INFO =====> Skill params: [ 0.27392337 -0.46042657 -0.918053   -0.96694475  0.6265405 ]
2025-05-28 02:10:32,203 INFO =====> Grad: [0. 0. 0. 0. 0.]
2025-05-28 02:10:32,203 INFO =====> Num. aborted data so far: 0
2025-05-28 02:10:32,204 INFO ===========> Epoch: 1 optimisation losses
2025-05-28 02:10:32,204 INFO =====> EMD Loss: 20.348164
2025-05-28 02:10:32,204 INFO =====> Height map loss: 6.910201
2025-05-28 02:10:42,404 INFO ==> EMD Loss: 20.348125
2025-05-28 02:10:42,404 INFO ==> Height map loss:  6.910178
2025-05-28 02:10:52,621 INFO ==> EMD Loss: 20.348156
2025-05-28 02:10:52,621 INFO ==> Height map loss:  6.910229
2025-05-28 02:11:02,763 INFO ==> EMD Loss: 20.348265
2025-05-28 02:11:02,763 INFO ==> Height map loss:  6.910195
2025-05-28 02:11:13,075 INFO ==> EMD Loss: 20.348223
2025-05-28 02:11:13,075 INFO ==> Height map loss:  6.910184
2025-05-28 02:11:23,260 INFO ==> EMD Loss: 20.348087
2025-05-28 02:11:23,260 INFO ==> Height map loss:  6.910240
2025-05-28 02:11:47,418 INFO =====> Skill params: [ 0.27392337 -0.46042657 -0.918053   -0.96694475  0.6265405 ]
2025-05-28 02:11:47,418 INFO =====> Grad: [0. 0. 0. 0. 0.]
2025-05-28 02:11:47,419 INFO =====> Num. aborted data so far: 0
2025-05-28 02:11:47,420 INFO ===========> Epoch: 2 optimisation losses
2025-05-28 02:11:47,420 INFO =====> EMD Loss: 20.348156
2025-05-28 02:11:47,420 INFO =====> Height map loss: 6.910183
2025-05-28 02:11:57,748 INFO ==> EMD Loss: 20.348167
2025-05-28 02:11:57,748 INFO ==> Height map loss:  6.910214
2025-05-28 02:12:07,881 INFO ==> EMD Loss: 20.348150
2025-05-28 02:12:07,881 INFO ==> Height map loss:  6.910275
2025-05-28 02:12:18,198 INFO ==> EMD Loss: 20.348248
2025-05-28 02:12:18,198 INFO ==> Height map loss:  6.910176
2025-05-28 02:12:28,315 INFO ==> EMD Loss: 20.348196
2025-05-28 02:12:28,315 INFO ==> Height map loss:  6.910229
2025-05-28 02:12:38,581 INFO ==> EMD Loss: 20.348114
2025-05-28 02:12:38,581 INFO ==> Height map loss:  6.910240
2025-05-28 02:13:02,647 INFO =====> Skill params: [ 0.27392337 -0.46042657 -0.918053   -0.96694475  0.6265405 ]
2025-05-28 02:13:02,647 INFO =====> Grad: [0. 0. 0. 0. 0.]
2025-05-28 02:13:02,647 INFO =====> Num. aborted data so far: 0
2025-05-28 02:13:02,648 INFO ===========> Epoch: 3 optimisation losses
2025-05-28 02:13:02,648 INFO =====> EMD Loss: 20.348181
2025-05-28 02:13:02,648 INFO =====> Height map loss: 6.910217
2025-05-28 02:13:13,092 INFO ==> EMD Loss: 20.348171
2025-05-28 02:13:13,092 INFO ==> Height map loss:  6.910182
2025-05-28 02:13:23,327 INFO ==> EMD Loss: 20.348146
2025-05-28 02:13:23,327 INFO ==> Height map loss:  6.910268
2025-05-28 02:13:33,769 INFO ==> EMD Loss: 20.348150
2025-05-28 02:13:33,769 INFO ==> Height map loss:  6.910255
2025-05-28 02:13:44,144 INFO ==> EMD Loss: 20.348236
2025-05-28 02:13:44,144 INFO ==> Height map loss:  6.910252
2025-05-28 02:13:54,266 INFO ==> EMD Loss: 20.348141
2025-05-28 02:13:54,266 INFO ==> Height map loss:  6.910218
2025-05-28 02:14:18,602 INFO =====> Skill params: [ 0.27392337 -0.46042657 -0.918053   -0.96694475  0.6265405 ]
2025-05-28 02:14:18,602 INFO =====> Grad: [0. 0. 0. 0. 0.]
2025-05-28 02:14:18,609 INFO =====> Num. aborted data so far: 0
2025-05-28 02:14:18,610 INFO ===========> Epoch: 4 optimisation losses
2025-05-28 02:14:18,610 INFO =====> EMD Loss: 20.348141
2025-05-28 02:14:18,610 INFO =====> Height map loss: 6.910307
2025-05-28 02:14:28,869 INFO ==> EMD Loss: 20.348118
2025-05-28 02:14:28,869 INFO ==> Height map loss:  6.910247
2025-05-28 02:14:39,251 INFO ==> EMD Loss: 20.348227
2025-05-28 02:14:39,251 INFO ==> Height map loss:  6.910243
2025-05-28 02:14:49,501 INFO ==> EMD Loss: 20.348248
2025-05-28 02:14:49,501 INFO ==> Height map loss:  6.910236
2025-05-28 02:14:59,927 INFO ==> EMD Loss: 20.348192
2025-05-28 02:14:59,927 INFO ==> Height map loss:  6.910222
2025-05-28 02:15:10,262 INFO ==> EMD Loss: 20.348240
2025-05-28 02:15:10,262 INFO ==> Height map loss:  6.910186
2025-05-28 02:15:34,471 INFO =====> Skill params: [ 0.27392337 -0.46042657 -0.918053   -0.96694475  0.6265405 ]
2025-05-28 02:15:34,471 INFO =====> Grad: [0. 0. 0. 0. 0.]
2025-05-28 02:15:34,471 INFO =====> Num. aborted data so far: 0
2025-05-28 02:15:34,472 INFO ===========> Epoch: 5 optimisation losses
2025-05-28 02:15:34,472 INFO =====> EMD Loss: 20.348154
2025-05-28 02:15:34,472 INFO =====> Height map loss: 6.910238
2025-05-28 02:15:44,887 INFO ==> EMD Loss: 20.348133
2025-05-28 02:15:44,887 INFO ==> Height map loss:  6.910258
2025-05-28 02:15:55,088 INFO ==> EMD Loss: 20.348209
2025-05-28 02:15:55,088 INFO ==> Height map loss:  6.910241
2025-05-28 02:16:05,414 INFO ==> EMD Loss: 20.348076
2025-05-28 02:16:05,414 INFO ==> Height map loss:  6.910191
2025-05-28 02:16:15,568 INFO ==> EMD Loss: 20.348207
2025-05-28 02:16:15,568 INFO ==> Height map loss:  6.910222
2025-05-28 02:16:25,952 INFO ==> EMD Loss: 20.348272
2025-05-28 02:16:25,952 INFO ==> Height map loss:  6.910291
2025-05-28 02:16:50,086 INFO =====> Skill params: [ 0.27392337 -0.46042657 -0.918053   -0.96694475  0.6265405 ]
2025-05-28 02:16:50,086 INFO =====> Grad: [0. 0. 0. 0. 0.]
2025-05-28 02:16:50,086 INFO =====> Num. aborted data so far: 0
2025-05-28 02:16:50,087 INFO ===========> Epoch: 6 optimisation losses
2025-05-28 02:16:50,087 INFO =====> EMD Loss: 20.348219
2025-05-28 02:16:50,087 INFO =====> Height map loss: 6.910223
2025-05-28 02:17:00,553 INFO ==> EMD Loss: 20.348122
2025-05-28 02:17:00,553 INFO ==> Height map loss:  6.910276
2025-05-28 02:17:10,864 INFO ==> EMD Loss: 20.348152
2025-05-28 02:17:10,864 INFO ==> Height map loss:  6.910210
2025-05-28 02:17:21,169 INFO ==> EMD Loss: 20.348200
2025-05-28 02:17:21,169 INFO ==> Height map loss:  6.910217
2025-05-28 02:17:31,322 INFO ==> EMD Loss: 20.348171
2025-05-28 02:17:31,322 INFO ==> Height map loss:  6.910228
2025-05-28 02:17:41,755 INFO ==> EMD Loss: 20.348200
2025-05-28 02:17:41,755 INFO ==> Height map loss:  6.910303
2025-05-28 02:18:06,263 INFO =====> Skill params: [ 0.27392337 -0.46042657 -0.918053   -0.96694475  0.6265405 ]
2025-05-28 02:18:06,263 INFO =====> Grad: [0. 0. 0. 0. 0.]
2025-05-28 02:18:06,270 INFO =====> Num. aborted data so far: 0
2025-05-28 02:18:06,271 INFO ===========> Epoch: 7 optimisation losses
2025-05-28 02:18:06,271 INFO =====> EMD Loss: 20.348137
2025-05-28 02:18:06,271 INFO =====> Height map loss: 6.910177
2025-05-28 02:18:16,643 INFO ==> EMD Loss: 20.348179
2025-05-28 02:18:16,643 INFO ==> Height map loss:  6.910220
2025-05-28 02:18:26,987 INFO ==> EMD Loss: 20.348206
2025-05-28 02:18:26,988 INFO ==> Height map loss:  6.910221
2025-05-28 02:18:37,120 INFO ==> EMD Loss: 20.348217
2025-05-28 02:18:37,120 INFO ==> Height map loss:  6.910278
2025-05-28 02:18:47,511 INFO ==> EMD Loss: 20.348141
2025-05-28 02:18:47,511 INFO ==> Height map loss:  6.910210
2025-05-28 02:18:57,741 INFO ==> EMD Loss: 20.348230
2025-05-28 02:18:57,742 INFO ==> Height map loss:  6.910161
2025-05-28 02:19:22,079 INFO =====> Skill params: [ 0.27392337 -0.46042657 -0.918053   -0.96694475  0.6265405 ]
2025-05-28 02:19:22,079 INFO =====> Grad: [0. 0. 0. 0. 0.]
2025-05-28 02:19:22,079 INFO =====> Num. aborted data so far: 0
2025-05-28 02:19:22,080 INFO ===========> Epoch: 8 optimisation losses
2025-05-28 02:19:22,080 INFO =====> EMD Loss: 20.348156
2025-05-28 02:19:22,080 INFO =====> Height map loss: 6.910245
2025-05-28 02:19:32,327 INFO ==> EMD Loss: 20.348186
2025-05-28 02:19:32,327 INFO ==> Height map loss:  6.910214
2025-05-28 02:19:42,648 INFO ==> EMD Loss: 20.348240
2025-05-28 02:19:42,648 INFO ==> Height map loss:  6.910208
2025-05-28 02:19:52,821 INFO ==> EMD Loss: 20.348127
2025-05-28 02:19:52,821 INFO ==> Height map loss:  6.910249
2025-05-28 02:20:03,205 INFO ==> EMD Loss: 20.348160
2025-05-28 02:20:03,205 INFO ==> Height map loss:  6.910258
2025-05-28 02:20:13,403 INFO ==> EMD Loss: 20.348112
2025-05-28 02:20:13,403 INFO ==> Height map loss:  6.910226
2025-05-28 02:20:37,637 INFO =====> Skill params: [ 0.27392337 -0.46042657 -0.918053   -0.96694475  0.6265405 ]
2025-05-28 02:20:37,637 INFO =====> Grad: [0. 0. 0. 0. 0.]
2025-05-28 02:20:37,637 INFO =====> Num. aborted data so far: 0
2025-05-28 02:20:37,638 INFO ===========> Epoch: 9 optimisation losses
2025-05-28 02:20:37,638 INFO =====> EMD Loss: 20.348238
2025-05-28 02:20:37,638 INFO =====> Height map loss: 6.910182
2025-05-28 02:20:48,031 INFO ==> EMD Loss: 20.348242
2025-05-28 02:20:48,032 INFO ==> Height map loss:  6.910191
2025-05-28 02:20:58,411 INFO ==> EMD Loss: 20.348198
2025-05-28 02:20:58,411 INFO ==> Height map loss:  6.910215
2025-05-28 02:21:08,540 INFO ==> EMD Loss: 20.348188
2025-05-28 02:21:08,540 INFO ==> Height map loss:  6.910194
2025-05-28 02:21:18,917 INFO ==> EMD Loss: 20.348148
2025-05-28 02:21:18,917 INFO ==> Height map loss:  6.910252
2025-05-28 02:21:29,115 INFO ==> EMD Loss: 20.348124
2025-05-28 02:21:29,115 INFO ==> Height map loss:  6.910267
2025-05-28 02:21:53,495 INFO =====> Skill params: [ 0.27392337 -0.46042657 -0.918053   -0.96694475  0.6265405 ]
2025-05-28 02:21:53,496 INFO =====> Grad: [0. 0. 0. 0. 0.]
2025-05-28 02:21:53,496 INFO =====> Num. aborted data so far: 0
2025-05-28 02:21:53,496 INFO ===========> Epoch: 10 optimisation losses
2025-05-28 02:21:53,496 INFO =====> EMD Loss: 20.348145
2025-05-28 02:21:53,496 INFO =====> Height map loss: 6.910268
2025-05-28 02:22:03,944 INFO ==> EMD Loss: 20.348150
2025-05-28 02:22:03,944 INFO ==> Height map loss:  6.910239
2025-05-28 02:22:14,246 INFO ==> EMD Loss: 20.348173
2025-05-28 02:22:14,246 INFO ==> Height map loss:  6.910217
2025-05-28 02:22:24,693 INFO ==> EMD Loss: 20.348150
2025-05-28 02:22:24,694 INFO ==> Height map loss:  6.910233
2025-05-28 02:22:34,889 INFO ==> EMD Loss: 20.348154
2025-05-28 02:22:34,889 INFO ==> Height map loss:  6.910278
2025-05-28 02:22:45,230 INFO ==> EMD Loss: 20.348167
2025-05-28 02:22:45,230 INFO ==> Height map loss:  6.910188
2025-05-28 02:23:09,488 INFO =====> Skill params: [ 0.27392337 -0.46042657 -0.918053   -0.96694475  0.6265405 ]
2025-05-28 02:23:09,488 INFO =====> Grad: [0. 0. 0. 0. 0.]
2025-05-28 02:23:09,488 INFO =====> Num. aborted data so far: 0
2025-05-28 02:23:09,489 INFO ===========> Epoch: 11 optimisation losses
2025-05-28 02:23:09,489 INFO =====> EMD Loss: 20.348145
2025-05-28 02:23:09,489 INFO =====> Height map loss: 6.910273
2025-05-28 02:23:19,959 INFO ==> EMD Loss: 20.348185
2025-05-28 02:23:19,959 INFO ==> Height map loss:  6.910259
2025-05-28 02:23:30,208 INFO ==> EMD Loss: 20.348181
2025-05-28 02:23:30,208 INFO ==> Height map loss:  6.910173
2025-05-28 02:23:40,710 INFO ==> EMD Loss: 20.348143
2025-05-28 02:23:40,710 INFO ==> Height map loss:  6.910258
2025-05-28 02:23:51,050 INFO ==> EMD Loss: 20.348156
2025-05-28 02:23:51,050 INFO ==> Height map loss:  6.910172
2025-05-28 02:24:01,397 INFO ==> EMD Loss: 20.348207
2025-05-28 02:24:01,397 INFO ==> Height map loss:  6.910275
2025-05-28 02:24:25,474 INFO =====> Skill params: [ 0.27392337 -0.46042657 -0.918053   -0.96694475  0.6265405 ]
2025-05-28 02:24:25,474 INFO =====> Grad: [0. 0. 0. 0. 0.]
2025-05-28 02:24:25,474 INFO =====> Num. aborted data so far: 0
2025-05-28 02:24:25,474 INFO ===========> Epoch: 12 optimisation losses
2025-05-28 02:24:25,474 INFO =====> EMD Loss: 20.348148
2025-05-28 02:24:25,475 INFO =====> Height map loss: 6.910259
2025-05-28 02:24:35,966 INFO ==> EMD Loss: 20.348188
2025-05-28 02:24:35,966 INFO ==> Height map loss:  6.910211
2025-05-28 02:24:46,189 INFO ==> EMD Loss: 20.348169
2025-05-28 02:24:46,189 INFO ==> Height map loss:  6.910195
2025-05-28 02:24:56,774 INFO ==> EMD Loss: 20.348194
2025-05-28 02:24:56,774 INFO ==> Height map loss:  6.910264
2025-05-28 02:25:07,102 INFO ==> EMD Loss: 20.348242
2025-05-28 02:25:07,102 INFO ==> Height map loss:  6.910158
2025-05-28 02:25:17,511 INFO ==> EMD Loss: 20.348162
2025-05-28 02:25:17,511 INFO ==> Height map loss:  6.910209
2025-05-28 02:25:41,553 INFO =====> Skill params: [ 0.27392337 -0.46042657 -0.918053   -0.96694475  0.6265405 ]
2025-05-28 02:25:41,554 INFO =====> Grad: [0. 0. 0. 0. 0.]
2025-05-28 02:25:41,554 INFO =====> Num. aborted data so far: 0
2025-05-28 02:25:41,554 INFO ===========> Epoch: 13 optimisation losses
2025-05-28 02:25:41,554 INFO =====> EMD Loss: 20.348177
2025-05-28 02:25:41,554 INFO =====> Height map loss: 6.910282
2025-05-28 02:25:52,028 INFO ==> EMD Loss: 20.348143
2025-05-28 02:25:52,028 INFO ==> Height map loss:  6.910232
2025-05-28 02:26:02,350 INFO ==> EMD Loss: 20.348162
2025-05-28 02:26:02,350 INFO ==> Height map loss:  6.910185
2025-05-28 02:26:12,781 INFO ==> EMD Loss: 20.348160
2025-05-28 02:26:12,781 INFO ==> Height map loss:  6.910179
2025-05-28 02:26:23,050 INFO ==> EMD Loss: 20.348186
2025-05-28 02:26:23,051 INFO ==> Height map loss:  6.910182
2025-05-28 02:26:33,501 INFO ==> EMD Loss: 20.348234
2025-05-28 02:26:33,501 INFO ==> Height map loss:  6.910184
2025-05-28 02:26:57,598 INFO =====> Skill params: [ 0.27392337 -0.46042657 -0.918053   -0.96694475  0.6265405 ]
2025-05-28 02:26:57,598 INFO =====> Grad: [0. 0. 0. 0. 0.]
2025-05-28 02:26:57,598 INFO =====> Num. aborted data so far: 0
2025-05-28 02:26:57,599 INFO ===========> Epoch: 14 optimisation losses
2025-05-28 02:26:57,599 INFO =====> EMD Loss: 20.348196
2025-05-28 02:26:57,599 INFO =====> Height map loss: 6.910175
2025-05-28 02:27:08,160 INFO ==> EMD Loss: 20.348162
2025-05-28 02:27:08,160 INFO ==> Height map loss:  6.910230
2025-05-28 02:27:18,421 INFO ==> EMD Loss: 20.348261
2025-05-28 02:27:18,421 INFO ==> Height map loss:  6.910208
2025-05-28 02:27:28,952 INFO ==> EMD Loss: 20.348089
2025-05-28 02:27:28,952 INFO ==> Height map loss:  6.910219
2025-05-28 02:27:39,226 INFO ==> EMD Loss: 20.348110
2025-05-28 02:27:39,226 INFO ==> Height map loss:  6.910233
2025-05-28 02:27:49,504 INFO ==> EMD Loss: 20.348215
2025-05-28 02:27:49,504 INFO ==> Height map loss:  6.910246
2025-05-28 02:28:13,970 INFO =====> Skill params: [ 0.27392337 -0.46042657 -0.918053   -0.96694475  0.6265405 ]
2025-05-28 02:28:13,971 INFO =====> Grad: [0. 0. 0. 0. 0.]
2025-05-28 02:28:13,971 INFO =====> Num. aborted data so far: 0
2025-05-28 02:28:13,972 INFO ===========> Epoch: 15 optimisation losses
2025-05-28 02:28:13,972 INFO =====> EMD Loss: 20.348148
2025-05-28 02:28:13,972 INFO =====> Height map loss: 6.910264
2025-05-28 02:28:24,390 INFO ==> EMD Loss: 20.348133
2025-05-28 02:28:24,390 INFO ==> Height map loss:  6.910246
2025-05-28 02:28:34,741 INFO ==> EMD Loss: 20.348137
2025-05-28 02:28:34,741 INFO ==> Height map loss:  6.910189
2025-05-28 02:28:45,111 INFO ==> EMD Loss: 20.348227
2025-05-28 02:28:45,111 INFO ==> Height map loss:  6.910154
2025-05-28 02:28:55,570 INFO ==> EMD Loss: 20.348160
2025-05-28 02:28:55,570 INFO ==> Height map loss:  6.910205
2025-05-28 02:29:05,845 INFO ==> EMD Loss: 20.348125
2025-05-28 02:29:05,845 INFO ==> Height map loss:  6.910258
2025-05-28 02:29:30,373 INFO =====> Skill params: [ 0.27392337 -0.46042657 -0.918053   -0.96694475  0.6265405 ]
2025-05-28 02:29:30,373 INFO =====> Grad: [0. 0. 0. 0. 0.]
2025-05-28 02:29:30,373 INFO =====> Num. aborted data so far: 0
2025-05-28 02:29:30,374 INFO ===========> Epoch: 16 optimisation losses
2025-05-28 02:29:30,374 INFO =====> EMD Loss: 20.348194
2025-05-28 02:29:30,374 INFO =====> Height map loss: 6.910193
2025-05-28 02:29:40,553 INFO ==> EMD Loss: 20.348207
2025-05-28 02:29:40,554 INFO ==> Height map loss:  6.910276
2025-05-28 02:29:50,972 INFO ==> EMD Loss: 20.348242
2025-05-28 02:29:50,972 INFO ==> Height map loss:  6.910238
2025-05-28 02:30:01,185 INFO ==> EMD Loss: 20.348188
2025-05-28 02:30:01,185 INFO ==> Height map loss:  6.910121
2025-05-28 02:30:11,580 INFO ==> EMD Loss: 20.348108
2025-05-28 02:30:11,580 INFO ==> Height map loss:  6.910220
2025-05-28 02:30:21,813 INFO ==> EMD Loss: 20.348118
2025-05-28 02:30:21,813 INFO ==> Height map loss:  6.910246
2025-05-28 02:30:46,171 INFO =====> Skill params: [ 0.27392337 -0.46042657 -0.918053   -0.96694475  0.6265405 ]
2025-05-28 02:30:46,172 INFO =====> Grad: [0. 0. 0. 0. 0.]
2025-05-28 02:30:46,172 INFO =====> Num. aborted data so far: 0
2025-05-28 02:30:46,172 INFO ===========> Epoch: 17 optimisation losses
2025-05-28 02:30:46,172 INFO =====> EMD Loss: 20.348129
2025-05-28 02:30:46,172 INFO =====> Height map loss: 6.910285
2025-05-28 02:30:56,451 INFO ==> EMD Loss: 20.348085
2025-05-28 02:30:56,451 INFO ==> Height map loss:  6.910213
2025-05-28 02:31:06,890 INFO ==> EMD Loss: 20.348253
2025-05-28 02:31:06,890 INFO ==> Height map loss:  6.910173
2025-05-28 02:31:17,132 INFO ==> EMD Loss: 20.348215
2025-05-28 02:31:17,132 INFO ==> Height map loss:  6.910292
2025-05-28 02:31:27,707 INFO ==> EMD Loss: 20.348209
2025-05-28 02:31:27,707 INFO ==> Height map loss:  6.910163
2025-05-28 02:31:37,964 INFO ==> EMD Loss: 20.348303
2025-05-28 02:31:37,964 INFO ==> Height map loss:  6.910179
2025-05-28 02:32:02,443 INFO =====> Skill params: [ 0.27392337 -0.46042657 -0.918053   -0.96694475  0.6265405 ]
2025-05-28 02:32:02,443 INFO =====> Grad: [0. 0. 0. 0. 0.]
2025-05-28 02:32:02,443 INFO =====> Num. aborted data so far: 0
2025-05-28 02:32:02,444 INFO ===========> Epoch: 18 optimisation losses
2025-05-28 02:32:02,444 INFO =====> EMD Loss: 20.348167
2025-05-28 02:32:02,444 INFO =====> Height map loss: 6.910231
2025-05-28 02:32:12,786 INFO ==> EMD Loss: 20.348152
2025-05-28 02:32:12,786 INFO ==> Height map loss:  6.910218
2025-05-28 02:32:23,235 INFO ==> EMD Loss: 20.348173
2025-05-28 02:32:23,235 INFO ==> Height map loss:  6.910255
2025-05-28 02:32:33,444 INFO ==> EMD Loss: 20.348211
2025-05-28 02:32:33,445 INFO ==> Height map loss:  6.910190
2025-05-28 02:32:43,956 INFO ==> EMD Loss: 20.348177
2025-05-28 02:32:43,956 INFO ==> Height map loss:  6.910190
2025-05-28 02:32:54,321 INFO ==> EMD Loss: 20.348099
2025-05-28 02:32:54,322 INFO ==> Height map loss:  6.910244
2025-05-28 02:33:18,748 INFO =====> Skill params: [ 0.27392337 -0.46042657 -0.918053   -0.96694475  0.6265405 ]
2025-05-28 02:33:18,748 INFO =====> Grad: [0. 0. 0. 0. 0.]
2025-05-28 02:33:18,748 INFO =====> Num. aborted data so far: 0
2025-05-28 02:33:18,749 INFO ===========> Epoch: 19 optimisation losses
2025-05-28 02:33:18,749 INFO =====> EMD Loss: 20.348253
2025-05-28 02:33:18,749 INFO =====> Height map loss: 6.910220
2025-05-28 02:33:29,139 INFO ==> EMD Loss: 20.348223
2025-05-28 02:33:29,139 INFO ==> Height map loss:  6.910223
2025-05-28 02:33:39,448 INFO ==> EMD Loss: 20.348162
2025-05-28 02:33:39,448 INFO ==> Height map loss:  6.910320
2025-05-28 02:33:49,842 INFO ==> EMD Loss: 20.348217
2025-05-28 02:33:49,842 INFO ==> Height map loss:  6.910187
2025-05-28 02:34:00,066 INFO ==> EMD Loss: 20.348206
2025-05-28 02:34:00,066 INFO ==> Height map loss:  6.910146
2025-05-28 02:34:10,576 INFO ==> EMD Loss: 20.348104
2025-05-28 02:34:10,576 INFO ==> Height map loss:  6.910200
2025-05-28 02:34:20,909 INFO ===========> Finished training.
2025-05-28 02:34:20,909 INFO ====> Final EMD Loss: 20.348173
2025-05-28 02:34:20,909 INFO ====> Final Height map loss: 6.910206
2025-05-28 02:34:20,909 INFO ====> Final skill params: [ 0.27392337 -0.46042657 -0.918053   -0.96694475  0.6265405 ]
