2024-12-10 16:32:12,654 DEBUG loaded <trimesh.Trimesh(vertices.shape=(916, 3), faces.shape=(856, 3))> using `load_obj` in 0.0027s
2024-12-10 16:32:12,797 DEBUG loaded <trimesh.Trimesh(vertices.shape=(48, 3), faces.shape=(28, 3))> using `load_obj` in 0.0007s
2024-12-10 16:32:34,402 INFO =====> Skill params: [ 0.27392337 -0.46042657 -0.918053   -0.96694475  0.6265405 ]
2024-12-10 16:32:34,402 INFO =====> Grad: [ 62.44731 -11.62922   0.        0.        0.     ]
2024-12-10 16:32:34,402 INFO =====> Num. aborted data so far: 0
2024-12-10 16:32:34,403 INFO ===========> Epoch: 0 optimisation losses
2024-12-10 16:32:34,403 INFO =====> EMD Loss: 23.792109
2024-12-10 16:32:34,403 INFO =====> Height map loss: 11.822613
2024-12-10 16:32:34,696 DEBUG loaded <trimesh.Trimesh(vertices.shape=(916, 3), faces.shape=(856, 3))> using `load_obj` in 0.0029s
2024-12-10 16:32:34,832 DEBUG loaded <trimesh.Trimesh(vertices.shape=(48, 3), faces.shape=(28, 3))> using `load_obj` in 0.0007s
2024-12-10 16:32:42,602 INFO ==> EMD Loss: 23.792055
2024-12-10 16:32:42,602 INFO ==> Height map loss:  11.821046
2024-12-10 16:32:42,875 DEBUG loaded <trimesh.Trimesh(vertices.shape=(916, 3), faces.shape=(856, 3))> using `load_obj` in 0.0028s
2024-12-10 16:32:43,010 DEBUG loaded <trimesh.Trimesh(vertices.shape=(48, 3), faces.shape=(28, 3))> using `load_obj` in 0.0006s
2024-12-10 16:32:50,502 INFO ==> EMD Loss: 23.794806
2024-12-10 16:32:50,502 INFO ==> Height map loss:  11.819930
2024-12-10 16:32:50,779 DEBUG loaded <trimesh.Trimesh(vertices.shape=(916, 3), faces.shape=(856, 3))> using `load_obj` in 0.0028s
2024-12-10 16:32:50,914 DEBUG loaded <trimesh.Trimesh(vertices.shape=(48, 3), faces.shape=(28, 3))> using `load_obj` in 0.0007s
2024-12-10 16:32:58,284 INFO ==> EMD Loss: 23.796450
2024-12-10 16:32:58,285 INFO ==> Height map loss:  11.818571
2024-12-10 16:32:58,566 DEBUG loaded <trimesh.Trimesh(vertices.shape=(916, 3), faces.shape=(856, 3))> using `load_obj` in 0.0028s
2024-12-10 16:32:58,701 DEBUG loaded <trimesh.Trimesh(vertices.shape=(48, 3), faces.shape=(28, 3))> using `load_obj` in 0.0007s
2024-12-10 16:33:05,959 INFO ==> EMD Loss: 23.793779
2024-12-10 16:33:05,959 INFO ==> Height map loss:  11.818172
2024-12-10 16:33:06,243 DEBUG loaded <trimesh.Trimesh(vertices.shape=(916, 3), faces.shape=(856, 3))> using `load_obj` in 0.0028s
2024-12-10 16:33:06,378 DEBUG loaded <trimesh.Trimesh(vertices.shape=(48, 3), faces.shape=(28, 3))> using `load_obj` in 0.0007s
2024-12-10 16:33:13,566 INFO ==> EMD Loss: 23.792915
2024-12-10 16:33:13,566 INFO ==> Height map loss:  11.817770
2024-12-10 16:33:13,849 DEBUG loaded <trimesh.Trimesh(vertices.shape=(916, 3), faces.shape=(856, 3))> using `load_obj` in 0.0027s
2024-12-10 16:33:13,983 DEBUG loaded <trimesh.Trimesh(vertices.shape=(48, 3), faces.shape=(28, 3))> using `load_obj` in 0.0007s
2024-12-10 16:33:33,012 INFO =====> Skill params: [ 0.0841867  -0.27068993 -0.918053   -0.96694475  0.6265405 ]
2024-12-10 16:33:33,012 INFO =====> Grad: [-220.22778    14.791136    0.          0.          0.      ]
2024-12-10 16:33:33,012 INFO =====> Num. aborted data so far: 0
2024-12-10 16:33:33,013 INFO ===========> Epoch: 1 optimisation losses
2024-12-10 16:33:33,013 INFO =====> EMD Loss: 23.793577
2024-12-10 16:33:33,013 INFO =====> Height map loss: 11.817704
2024-12-10 16:33:33,327 DEBUG loaded <trimesh.Trimesh(vertices.shape=(916, 3), faces.shape=(856, 3))> using `load_obj` in 0.0029s
2024-12-10 16:33:33,461 DEBUG loaded <trimesh.Trimesh(vertices.shape=(48, 3), faces.shape=(28, 3))> using `load_obj` in 0.0007s
2024-12-10 16:33:40,581 INFO ==> EMD Loss: 23.795252
2024-12-10 16:33:40,581 INFO ==> Height map loss:  11.818770
2024-12-10 16:33:40,871 DEBUG loaded <trimesh.Trimesh(vertices.shape=(916, 3), faces.shape=(856, 3))> using `load_obj` in 0.0028s
2024-12-10 16:33:41,006 DEBUG loaded <trimesh.Trimesh(vertices.shape=(48, 3), faces.shape=(28, 3))> using `load_obj` in 0.0007s
2024-12-10 16:33:48,309 INFO ==> EMD Loss: 23.793928
2024-12-10 16:33:48,309 INFO ==> Height map loss:  11.816694
2024-12-10 16:33:48,602 DEBUG loaded <trimesh.Trimesh(vertices.shape=(916, 3), faces.shape=(856, 3))> using `load_obj` in 0.0028s
2024-12-10 16:33:48,739 DEBUG loaded <trimesh.Trimesh(vertices.shape=(48, 3), faces.shape=(28, 3))> using `load_obj` in 0.0007s
2024-12-10 16:33:56,138 INFO ==> EMD Loss: 23.792822
2024-12-10 16:33:56,138 INFO ==> Height map loss:  11.813774
2024-12-10 16:33:56,428 DEBUG loaded <trimesh.Trimesh(vertices.shape=(916, 3), faces.shape=(856, 3))> using `load_obj` in 0.0028s
2024-12-10 16:33:56,563 DEBUG loaded <trimesh.Trimesh(vertices.shape=(48, 3), faces.shape=(28, 3))> using `load_obj` in 0.0007s
2024-12-10 16:34:03,954 INFO ==> EMD Loss: 23.792042
2024-12-10 16:34:03,954 INFO ==> Height map loss:  11.817418
2024-12-10 16:34:04,252 DEBUG loaded <trimesh.Trimesh(vertices.shape=(916, 3), faces.shape=(856, 3))> using `load_obj` in 0.0028s
2024-12-10 16:34:04,385 DEBUG loaded <trimesh.Trimesh(vertices.shape=(48, 3), faces.shape=(28, 3))> using `load_obj` in 0.0007s
2024-12-10 16:34:12,066 INFO ==> EMD Loss: 23.792412
2024-12-10 16:34:12,066 INFO ==> Height map loss:  11.822768
2024-12-10 16:34:12,440 DEBUG loaded <trimesh.Trimesh(vertices.shape=(916, 3), faces.shape=(856, 3))> using `load_obj` in 0.0028s
2024-12-10 16:34:12,573 DEBUG loaded <trimesh.Trimesh(vertices.shape=(48, 3), faces.shape=(28, 3))> using `load_obj` in 0.0007s
2024-12-10 16:34:32,254 INFO =====> Skill params: [ 0.17579821 -0.34673464 -0.918053   -0.96694475  0.6265405 ]
2024-12-10 16:34:32,254 INFO =====> Grad: [-50.554478  40.1521     0.         0.         0.      ]
2024-12-10 16:34:32,254 INFO =====> Num. aborted data so far: 0
2024-12-10 16:34:32,255 INFO ===========> Epoch: 2 optimisation losses
2024-12-10 16:34:32,255 INFO =====> EMD Loss: 23.792799
2024-12-10 16:34:32,255 INFO =====> Height map loss: 11.813740
2024-12-10 16:34:32,581 DEBUG loaded <trimesh.Trimesh(vertices.shape=(916, 3), faces.shape=(856, 3))> using `load_obj` in 0.0029s
2024-12-10 16:34:32,717 DEBUG loaded <trimesh.Trimesh(vertices.shape=(48, 3), faces.shape=(28, 3))> using `load_obj` in 0.0007s
2024-12-10 16:34:40,150 INFO ==> EMD Loss: 23.791096
2024-12-10 16:34:40,151 INFO ==> Height map loss:  11.817499
2024-12-10 16:34:40,446 DEBUG loaded <trimesh.Trimesh(vertices.shape=(916, 3), faces.shape=(856, 3))> using `load_obj` in 0.0028s
2024-12-10 16:34:40,581 DEBUG loaded <trimesh.Trimesh(vertices.shape=(48, 3), faces.shape=(28, 3))> using `load_obj` in 0.0007s
2024-12-10 16:34:48,038 INFO ==> EMD Loss: 23.796135
2024-12-10 16:34:48,038 INFO ==> Height map loss:  11.818280
2024-12-10 16:34:48,340 DEBUG loaded <trimesh.Trimesh(vertices.shape=(916, 3), faces.shape=(856, 3))> using `load_obj` in 0.0028s
2024-12-10 16:34:48,477 DEBUG loaded <trimesh.Trimesh(vertices.shape=(48, 3), faces.shape=(28, 3))> using `load_obj` in 0.0007s
2024-12-10 16:34:56,229 INFO ==> EMD Loss: 23.792625
2024-12-10 16:34:56,229 INFO ==> Height map loss:  11.813145
2024-12-10 16:34:56,531 DEBUG loaded <trimesh.Trimesh(vertices.shape=(916, 3), faces.shape=(856, 3))> using `load_obj` in 0.0028s
2024-12-10 16:34:56,667 DEBUG loaded <trimesh.Trimesh(vertices.shape=(48, 3), faces.shape=(28, 3))> using `load_obj` in 0.0007s
2024-12-10 16:35:04,608 INFO ==> EMD Loss: 23.807487
2024-12-10 16:35:04,608 INFO ==> Height map loss:  11.812728
2024-12-10 16:35:04,921 DEBUG loaded <trimesh.Trimesh(vertices.shape=(916, 3), faces.shape=(856, 3))> using `load_obj` in 0.0028s
2024-12-10 16:35:05,059 DEBUG loaded <trimesh.Trimesh(vertices.shape=(48, 3), faces.shape=(28, 3))> using `load_obj` in 0.0007s
2024-12-10 16:35:13,082 INFO ==> EMD Loss: 23.807062
2024-12-10 16:35:13,082 INFO ==> Height map loss:  11.815941
2024-12-10 16:35:13,421 DEBUG loaded <trimesh.Trimesh(vertices.shape=(916, 3), faces.shape=(856, 3))> using `load_obj` in 0.0028s
2024-12-10 16:35:13,558 DEBUG loaded <trimesh.Trimesh(vertices.shape=(48, 3), faces.shape=(28, 3))> using `load_obj` in 0.0006s
2024-12-10 16:35:35,163 INFO =====> Skill params: [ 0.20817724 -0.4771788  -0.918053   -0.96694475  0.6265405 ]
2024-12-10 16:35:35,163 INFO =====> Grad: [-66.45201    8.228363   0.         0.         0.      ]
2024-12-10 16:35:35,163 INFO =====> Num. aborted data so far: 0
2024-12-10 16:35:35,164 INFO ===========> Epoch: 3 optimisation losses
2024-12-10 16:35:35,164 INFO =====> EMD Loss: 23.807489
2024-12-10 16:35:35,164 INFO =====> Height map loss: 11.812681
2024-12-10 16:35:35,496 DEBUG loaded <trimesh.Trimesh(vertices.shape=(916, 3), faces.shape=(856, 3))> using `load_obj` in 0.0029s
2024-12-10 16:35:35,634 DEBUG loaded <trimesh.Trimesh(vertices.shape=(48, 3), faces.shape=(28, 3))> using `load_obj` in 0.0007s
2024-12-10 16:35:43,594 INFO ==> EMD Loss: 23.807465
2024-12-10 16:35:43,594 INFO ==> Height map loss:  11.812753
2024-12-10 16:35:43,898 DEBUG loaded <trimesh.Trimesh(vertices.shape=(916, 3), faces.shape=(856, 3))> using `load_obj` in 0.0028s
2024-12-10 16:35:44,037 DEBUG loaded <trimesh.Trimesh(vertices.shape=(48, 3), faces.shape=(28, 3))> using `load_obj` in 0.0007s
2024-12-10 16:35:51,895 INFO ==> EMD Loss: 23.794876
2024-12-10 16:35:51,895 INFO ==> Height map loss:  11.814509
2024-12-10 16:35:52,214 DEBUG loaded <trimesh.Trimesh(vertices.shape=(916, 3), faces.shape=(856, 3))> using `load_obj` in 0.0028s
2024-12-10 16:35:52,353 DEBUG loaded <trimesh.Trimesh(vertices.shape=(48, 3), faces.shape=(28, 3))> using `load_obj` in 0.0007s
2024-12-10 16:36:00,417 INFO ==> EMD Loss: 23.807224
2024-12-10 16:36:00,417 INFO ==> Height map loss:  11.813548
2024-12-10 16:36:00,724 DEBUG loaded <trimesh.Trimesh(vertices.shape=(916, 3), faces.shape=(856, 3))> using `load_obj` in 0.0029s
2024-12-10 16:36:00,862 DEBUG loaded <trimesh.Trimesh(vertices.shape=(48, 3), faces.shape=(28, 3))> using `load_obj` in 0.0007s
2024-12-10 16:36:08,917 INFO ==> EMD Loss: 23.809547
2024-12-10 16:36:08,917 INFO ==> Height map loss:  11.817561
2024-12-10 16:36:09,226 DEBUG loaded <trimesh.Trimesh(vertices.shape=(916, 3), faces.shape=(856, 3))> using `load_obj` in 0.0028s
2024-12-10 16:36:09,367 DEBUG loaded <trimesh.Trimesh(vertices.shape=(48, 3), faces.shape=(28, 3))> using `load_obj` in 0.0007s
2024-12-10 16:36:17,369 INFO ==> EMD Loss: 23.794197
2024-12-10 16:36:17,369 INFO ==> Height map loss:  11.816791
2024-12-10 16:36:17,723 DEBUG loaded <trimesh.Trimesh(vertices.shape=(916, 3), faces.shape=(856, 3))> using `load_obj` in 0.0028s
2024-12-10 16:36:17,863 DEBUG loaded <trimesh.Trimesh(vertices.shape=(48, 3), faces.shape=(28, 3))> using `load_obj` in 0.0007s
2024-12-10 16:36:39,467 INFO =====> Skill params: [ 0.21102972 -0.47902155 -0.918053   -0.96694475  0.6265405 ]
2024-12-10 16:36:39,467 INFO =====> Grad: [-32.148502    4.0517564   0.          0.          0.       ]
2024-12-10 16:36:39,467 INFO =====> Num. aborted data so far: 0
2024-12-10 16:36:39,468 INFO ===========> Epoch: 4 optimisation losses
2024-12-10 16:36:39,468 INFO =====> EMD Loss: 23.807457
2024-12-10 16:36:39,468 INFO =====> Height map loss: 11.812775
2024-12-10 16:36:39,803 DEBUG loaded <trimesh.Trimesh(vertices.shape=(916, 3), faces.shape=(856, 3))> using `load_obj` in 0.0029s
2024-12-10 16:36:39,943 DEBUG loaded <trimesh.Trimesh(vertices.shape=(48, 3), faces.shape=(28, 3))> using `load_obj` in 0.0007s
2024-12-10 16:36:47,880 INFO ==> EMD Loss: 23.792492
2024-12-10 16:36:47,880 INFO ==> Height map loss:  11.812799
2024-12-10 16:36:48,193 DEBUG loaded <trimesh.Trimesh(vertices.shape=(916, 3), faces.shape=(856, 3))> using `load_obj` in 0.0028s
2024-12-10 16:36:48,334 DEBUG loaded <trimesh.Trimesh(vertices.shape=(48, 3), faces.shape=(28, 3))> using `load_obj` in 0.0007s
2024-12-10 16:36:56,224 INFO ==> EMD Loss: 23.792301
2024-12-10 16:36:56,224 INFO ==> Height map loss:  11.817541
2024-12-10 16:36:56,611 DEBUG loaded <trimesh.Trimesh(vertices.shape=(916, 3), faces.shape=(856, 3))> using `load_obj` in 0.0029s
2024-12-10 16:36:56,751 DEBUG loaded <trimesh.Trimesh(vertices.shape=(48, 3), faces.shape=(28, 3))> using `load_obj` in 0.0007s
2024-12-10 16:37:04,792 INFO ==> EMD Loss: 23.794651
2024-12-10 16:37:04,792 INFO ==> Height map loss:  11.816685
2024-12-10 16:37:05,106 DEBUG loaded <trimesh.Trimesh(vertices.shape=(916, 3), faces.shape=(856, 3))> using `load_obj` in 0.0028s
2024-12-10 16:37:05,245 DEBUG loaded <trimesh.Trimesh(vertices.shape=(48, 3), faces.shape=(28, 3))> using `load_obj` in 0.0007s
2024-12-10 16:37:13,152 INFO ==> EMD Loss: 23.794580
2024-12-10 16:37:13,152 INFO ==> Height map loss:  11.816690
2024-12-10 16:37:13,466 DEBUG loaded <trimesh.Trimesh(vertices.shape=(916, 3), faces.shape=(856, 3))> using `load_obj` in 0.0027s
2024-12-10 16:37:13,604 DEBUG loaded <trimesh.Trimesh(vertices.shape=(48, 3), faces.shape=(28, 3))> using `load_obj` in 0.0007s
2024-12-10 16:37:21,682 INFO ==> EMD Loss: 23.807495
2024-12-10 16:37:21,682 INFO ==> Height map loss:  11.813219
2024-12-10 16:37:21,997 DEBUG loaded <trimesh.Trimesh(vertices.shape=(916, 3), faces.shape=(856, 3))> using `load_obj` in 0.0028s
2024-12-10 16:37:22,136 DEBUG loaded <trimesh.Trimesh(vertices.shape=(48, 3), faces.shape=(28, 3))> using `load_obj` in 0.0007s
2024-12-10 16:37:43,744 INFO =====> Skill params: [ 0.21246755 -0.4799732  -0.918053   -0.96694475  0.6265405 ]
2024-12-10 16:37:43,744 INFO =====> Grad: [-99.08667   -8.300468   0.         0.         0.      ]
2024-12-10 16:37:43,744 INFO =====> Num. aborted data so far: 0
2024-12-10 16:37:43,745 INFO ===========> Epoch: 5 optimisation losses
2024-12-10 16:37:43,745 INFO =====> EMD Loss: 23.807539
2024-12-10 16:37:43,745 INFO =====> Height map loss: 11.812883
2024-12-10 16:37:44,148 DEBUG loaded <trimesh.Trimesh(vertices.shape=(916, 3), faces.shape=(856, 3))> using `load_obj` in 0.0029s
2024-12-10 16:37:44,288 DEBUG loaded <trimesh.Trimesh(vertices.shape=(48, 3), faces.shape=(28, 3))> using `load_obj` in 0.0007s
2024-12-10 16:37:52,261 INFO ==> EMD Loss: 23.792624
2024-12-10 16:37:52,261 INFO ==> Height map loss:  11.813132
2024-12-10 16:37:52,577 DEBUG loaded <trimesh.Trimesh(vertices.shape=(916, 3), faces.shape=(856, 3))> using `load_obj` in 0.0028s
2024-12-10 16:37:52,716 DEBUG loaded <trimesh.Trimesh(vertices.shape=(48, 3), faces.shape=(28, 3))> using `load_obj` in 0.0007s
2024-12-10 16:38:00,549 INFO ==> EMD Loss: 23.794786
2024-12-10 16:38:00,549 INFO ==> Height map loss:  11.817165
2024-12-10 16:38:00,873 DEBUG loaded <trimesh.Trimesh(vertices.shape=(916, 3), faces.shape=(856, 3))> using `load_obj` in 0.0028s
2024-12-10 16:38:01,016 DEBUG loaded <trimesh.Trimesh(vertices.shape=(48, 3), faces.shape=(28, 3))> using `load_obj` in 0.0007s
2024-12-10 16:38:08,925 INFO ==> EMD Loss: 23.791859
2024-12-10 16:38:08,925 INFO ==> Height map loss:  11.818514
2024-12-10 16:38:09,245 DEBUG loaded <trimesh.Trimesh(vertices.shape=(916, 3), faces.shape=(856, 3))> using `load_obj` in 0.0028s
2024-12-10 16:38:09,384 DEBUG loaded <trimesh.Trimesh(vertices.shape=(48, 3), faces.shape=(28, 3))> using `load_obj` in 0.0007s
2024-12-10 16:38:17,095 INFO ==> EMD Loss: 23.791994
2024-12-10 16:38:17,095 INFO ==> Height map loss:  11.822504
2024-12-10 16:38:17,416 DEBUG loaded <trimesh.Trimesh(vertices.shape=(916, 3), faces.shape=(856, 3))> using `load_obj` in 0.0028s
2024-12-10 16:38:17,553 DEBUG loaded <trimesh.Trimesh(vertices.shape=(48, 3), faces.shape=(28, 3))> using `load_obj` in 0.0007s
2024-12-10 16:38:25,325 INFO ==> EMD Loss: 23.787422
2024-12-10 16:38:25,326 INFO ==> Height map loss:  11.823102
2024-12-10 16:38:25,641 DEBUG loaded <trimesh.Trimesh(vertices.shape=(916, 3), faces.shape=(856, 3))> using `load_obj` in 0.0028s
2024-12-10 16:38:25,779 DEBUG loaded <trimesh.Trimesh(vertices.shape=(48, 3), faces.shape=(28, 3))> using `load_obj` in 0.0007s
2024-12-10 16:38:47,422 INFO =====> Skill params: [ 0.21665838 -0.47796476 -0.918053   -0.96694475  0.6265405 ]
2024-12-10 16:38:47,422 INFO =====> Grad: [-16.205189    6.2279563   0.          0.          0.       ]
2024-12-10 16:38:47,422 INFO =====> Num. aborted data so far: 0
2024-12-10 16:38:47,423 INFO ===========> Epoch: 6 optimisation losses
2024-12-10 16:38:47,423 INFO =====> EMD Loss: 23.807455
2024-12-10 16:38:47,423 INFO =====> Height map loss: 11.813073
2024-12-10 16:38:47,769 DEBUG loaded <trimesh.Trimesh(vertices.shape=(916, 3), faces.shape=(856, 3))> using `load_obj` in 0.0029s
2024-12-10 16:38:47,908 DEBUG loaded <trimesh.Trimesh(vertices.shape=(48, 3), faces.shape=(28, 3))> using `load_obj` in 0.0007s
2024-12-10 16:38:55,822 INFO ==> EMD Loss: 23.807531
2024-12-10 16:38:55,822 INFO ==> Height map loss:  11.813073
2024-12-10 16:38:56,140 DEBUG loaded <trimesh.Trimesh(vertices.shape=(916, 3), faces.shape=(856, 3))> using `load_obj` in 0.0030s
2024-12-10 16:38:56,282 DEBUG loaded <trimesh.Trimesh(vertices.shape=(48, 3), faces.shape=(28, 3))> using `load_obj` in 0.0007s
2024-12-10 16:39:04,308 INFO ==> EMD Loss: 23.794891
2024-12-10 16:39:04,308 INFO ==> Height map loss:  11.815198
2024-12-10 16:39:04,631 DEBUG loaded <trimesh.Trimesh(vertices.shape=(916, 3), faces.shape=(856, 3))> using `load_obj` in 0.0028s
2024-12-10 16:39:04,770 DEBUG loaded <trimesh.Trimesh(vertices.shape=(48, 3), faces.shape=(28, 3))> using `load_obj` in 0.0007s
2024-12-10 16:39:12,693 INFO ==> EMD Loss: 23.794376
2024-12-10 16:39:12,693 INFO ==> Height map loss:  11.814786
2024-12-10 16:39:13,014 DEBUG loaded <trimesh.Trimesh(vertices.shape=(916, 3), faces.shape=(856, 3))> using `load_obj` in 0.0028s
2024-12-10 16:39:13,154 DEBUG loaded <trimesh.Trimesh(vertices.shape=(48, 3), faces.shape=(28, 3))> using `load_obj` in 0.0007s
2024-12-10 16:39:21,261 INFO ==> EMD Loss: 23.807459
2024-12-10 16:39:21,261 INFO ==> Height map loss:  11.812865
2024-12-10 16:39:21,589 DEBUG loaded <trimesh.Trimesh(vertices.shape=(916, 3), faces.shape=(856, 3))> using `load_obj` in 0.0028s
2024-12-10 16:39:21,728 DEBUG loaded <trimesh.Trimesh(vertices.shape=(48, 3), faces.shape=(28, 3))> using `load_obj` in 0.0007s
2024-12-10 16:39:29,743 INFO ==> EMD Loss: 23.809696
2024-12-10 16:39:29,743 INFO ==> Height map loss:  11.814958
2024-12-10 16:39:30,068 DEBUG loaded <trimesh.Trimesh(vertices.shape=(916, 3), faces.shape=(856, 3))> using `load_obj` in 0.0030s
2024-12-10 16:39:30,210 DEBUG loaded <trimesh.Trimesh(vertices.shape=(48, 3), faces.shape=(28, 3))> using `load_obj` in 0.0007s
2024-12-10 16:39:52,296 INFO =====> Skill params: [ 0.2274641  -0.5014647  -0.918053   -0.96694475  0.6265405 ]
2024-12-10 16:39:52,296 INFO =====> Grad: [0. 0. 0. 0. 0.]
2024-12-10 16:39:52,296 INFO =====> Num. aborted data so far: 0
2024-12-10 16:39:52,297 ERROR ===> [Warning] Aborting epoch: 7
2024-12-10 16:39:52,297 ERROR ===> [Warning] Particle has nan or inf: False
2024-12-10 16:39:52,297 ERROR ===> [Warning] Strange loss or gradient.
2024-12-10 16:39:52,297 ERROR ===> [Warning] Skill params: [ 0.2274641  -0.5014647  -0.918053   -0.96694475  0.6265405 ]
2024-12-10 16:39:52,297 ERROR ===> [Warning] Skill params grad: [0. 0. 0. 0. 0.]
2024-12-10 16:39:52,297 ERROR ===> [Warning] EMD Loss: 23.807413
2024-12-10 16:39:52,297 ERROR ===> [Warning] Height map loss: 11.812895
2024-12-10 16:39:52,663 DEBUG loaded <trimesh.Trimesh(vertices.shape=(916, 3), faces.shape=(856, 3))> using `load_obj` in 0.0030s
2024-12-10 16:39:52,809 DEBUG loaded <trimesh.Trimesh(vertices.shape=(48, 3), faces.shape=(28, 3))> using `load_obj` in 0.0007s
2024-12-10 16:40:15,835 INFO =====> Skill params: [ 0.2274641  -0.5014647  -0.918053   -0.96694475  0.6265405 ]
2024-12-10 16:40:15,835 INFO =====> Grad: [0. 0. 0. 0. 0.]
2024-12-10 16:40:15,835 INFO =====> Num. aborted data so far: 1
2024-12-10 16:40:15,836 ERROR ===> [Warning] Aborting epoch: 8
2024-12-10 16:40:15,836 ERROR ===> [Warning] Particle has nan or inf: False
2024-12-10 16:40:15,836 ERROR ===> [Warning] Strange loss or gradient.
2024-12-10 16:40:15,836 ERROR ===> [Warning] Skill params: [ 0.2274641  -0.5014647  -0.918053   -0.96694475  0.6265405 ]
2024-12-10 16:40:15,836 ERROR ===> [Warning] Skill params grad: [0. 0. 0. 0. 0.]
2024-12-10 16:40:15,836 ERROR ===> [Warning] EMD Loss: 23.807533
2024-12-10 16:40:15,836 ERROR ===> [Warning] Height map loss: 11.813569
2024-12-10 16:40:16,437 DEBUG loaded <trimesh.Trimesh(vertices.shape=(916, 3), faces.shape=(856, 3))> using `load_obj` in 0.0030s
2024-12-10 16:40:16,578 DEBUG loaded <trimesh.Trimesh(vertices.shape=(48, 3), faces.shape=(28, 3))> using `load_obj` in 0.0007s
2024-12-10 16:40:39,460 INFO =====> Skill params: [ 0.2274641  -0.5014647  -0.918053   -0.96694475  0.6265405 ]
2024-12-10 16:40:39,460 INFO =====> Grad: [0. 0. 0. 0. 0.]
2024-12-10 16:40:39,460 INFO =====> Num. aborted data so far: 2
2024-12-10 16:40:39,462 ERROR ===> [Warning] Aborting epoch: 9
2024-12-10 16:40:39,462 ERROR ===> [Warning] Particle has nan or inf: False
2024-12-10 16:40:39,462 ERROR ===> [Warning] Strange loss or gradient.
2024-12-10 16:40:39,462 ERROR ===> [Warning] Skill params: [ 0.2274641  -0.5014647  -0.918053   -0.96694475  0.6265405 ]
2024-12-10 16:40:39,462 ERROR ===> [Warning] Skill params grad: [0. 0. 0. 0. 0.]
2024-12-10 16:40:39,462 ERROR ===> [Warning] EMD Loss: 23.807375
2024-12-10 16:40:39,462 ERROR ===> [Warning] Height map loss: 11.812861
2024-12-10 16:40:40,075 DEBUG loaded <trimesh.Trimesh(vertices.shape=(916, 3), faces.shape=(856, 3))> using `load_obj` in 0.0031s
2024-12-10 16:40:40,217 DEBUG loaded <trimesh.Trimesh(vertices.shape=(48, 3), faces.shape=(28, 3))> using `load_obj` in 0.0007s
2024-12-10 16:41:03,236 INFO =====> Skill params: [ 0.2274641  -0.5014647  -0.918053   -0.96694475  0.6265405 ]
2024-12-10 16:41:03,236 INFO =====> Grad: [0. 0. 0. 0. 0.]
2024-12-10 16:41:03,236 INFO =====> Num. aborted data so far: 3
2024-12-10 16:41:03,237 ERROR ===> [Warning] Aborting epoch: 10
2024-12-10 16:41:03,237 ERROR ===> [Warning] Particle has nan or inf: False
2024-12-10 16:41:03,237 ERROR ===> [Warning] Strange loss or gradient.
2024-12-10 16:41:03,237 ERROR ===> [Warning] Skill params: [ 0.2274641  -0.5014647  -0.918053   -0.96694475  0.6265405 ]
2024-12-10 16:41:03,237 ERROR ===> [Warning] Skill params grad: [0. 0. 0. 0. 0.]
2024-12-10 16:41:03,237 ERROR ===> [Warning] EMD Loss: 23.807425
2024-12-10 16:41:03,237 ERROR ===> [Warning] Height map loss: 11.812924
2024-12-10 16:41:03,840 DEBUG loaded <trimesh.Trimesh(vertices.shape=(916, 3), faces.shape=(856, 3))> using `load_obj` in 0.0030s
2024-12-10 16:41:03,981 DEBUG loaded <trimesh.Trimesh(vertices.shape=(48, 3), faces.shape=(28, 3))> using `load_obj` in 0.0007s
2024-12-10 16:41:27,016 INFO =====> Skill params: [ 0.2274641  -0.5014647  -0.918053   -0.96694475  0.6265405 ]
2024-12-10 16:41:27,016 INFO =====> Grad: [0. 0. 0. 0. 0.]
2024-12-10 16:41:27,016 INFO =====> Num. aborted data so far: 4
2024-12-10 16:41:27,017 ERROR ===> [Warning] Aborting epoch: 11
2024-12-10 16:41:27,017 ERROR ===> [Warning] Particle has nan or inf: False
2024-12-10 16:41:27,017 ERROR ===> [Warning] Strange loss or gradient.
2024-12-10 16:41:27,017 ERROR ===> [Warning] Skill params: [ 0.2274641  -0.5014647  -0.918053   -0.96694475  0.6265405 ]
2024-12-10 16:41:27,017 ERROR ===> [Warning] Skill params grad: [0. 0. 0. 0. 0.]
2024-12-10 16:41:27,017 ERROR ===> [Warning] EMD Loss: 23.807537
2024-12-10 16:41:27,017 ERROR ===> [Warning] Height map loss: 11.813574
2024-12-10 16:41:27,619 DEBUG loaded <trimesh.Trimesh(vertices.shape=(916, 3), faces.shape=(856, 3))> using `load_obj` in 0.0030s
2024-12-10 16:41:27,761 DEBUG loaded <trimesh.Trimesh(vertices.shape=(48, 3), faces.shape=(28, 3))> using `load_obj` in 0.0007s
2024-12-10 16:41:50,655 INFO =====> Skill params: [ 0.2274641  -0.5014647  -0.918053   -0.96694475  0.6265405 ]
2024-12-10 16:41:50,655 INFO =====> Grad: [0. 0. 0. 0. 0.]
2024-12-10 16:41:50,655 INFO =====> Num. aborted data so far: 5
2024-12-10 16:41:50,656 ERROR ===> [Warning] Aborting epoch: 12
2024-12-10 16:41:50,656 ERROR ===> [Warning] Particle has nan or inf: False
2024-12-10 16:41:50,656 ERROR ===> [Warning] Strange loss or gradient.
2024-12-10 16:41:50,656 ERROR ===> [Warning] Skill params: [ 0.2274641  -0.5014647  -0.918053   -0.96694475  0.6265405 ]
2024-12-10 16:41:50,656 ERROR ===> [Warning] Skill params grad: [0. 0. 0. 0. 0.]
2024-12-10 16:41:50,656 ERROR ===> [Warning] EMD Loss: 23.807398
2024-12-10 16:41:50,656 ERROR ===> [Warning] Height map loss: 11.812894
2024-12-10 16:41:51,266 DEBUG loaded <trimesh.Trimesh(vertices.shape=(916, 3), faces.shape=(856, 3))> using `load_obj` in 0.0028s
2024-12-10 16:41:51,406 DEBUG loaded <trimesh.Trimesh(vertices.shape=(48, 3), faces.shape=(28, 3))> using `load_obj` in 0.0007s
2024-12-10 16:42:14,510 INFO =====> Skill params: [ 0.2274641  -0.5014647  -0.918053   -0.96694475  0.6265405 ]
2024-12-10 16:42:14,510 INFO =====> Grad: [0. 0. 0. 0. 0.]
2024-12-10 16:42:14,510 INFO =====> Num. aborted data so far: 6
2024-12-10 16:42:14,511 ERROR ===> [Warning] Aborting epoch: 13
2024-12-10 16:42:14,511 ERROR ===> [Warning] Particle has nan or inf: False
2024-12-10 16:42:14,511 ERROR ===> [Warning] Strange loss or gradient.
2024-12-10 16:42:14,511 ERROR ===> [Warning] Skill params: [ 0.2274641  -0.5014647  -0.918053   -0.96694475  0.6265405 ]
2024-12-10 16:42:14,512 ERROR ===> [Warning] Skill params grad: [0. 0. 0. 0. 0.]
2024-12-10 16:42:14,512 ERROR ===> [Warning] EMD Loss: 23.807447
2024-12-10 16:42:14,512 ERROR ===> [Warning] Height map loss: 11.812996
2024-12-10 16:42:15,148 DEBUG loaded <trimesh.Trimesh(vertices.shape=(916, 3), faces.shape=(856, 3))> using `load_obj` in 0.0030s
2024-12-10 16:42:15,289 DEBUG loaded <trimesh.Trimesh(vertices.shape=(48, 3), faces.shape=(28, 3))> using `load_obj` in 0.0007s
2024-12-10 16:42:38,296 INFO =====> Skill params: [ 0.2274641  -0.5014647  -0.918053   -0.96694475  0.6265405 ]
2024-12-10 16:42:38,296 INFO =====> Grad: [0. 0. 0. 0. 0.]
2024-12-10 16:42:38,296 INFO =====> Num. aborted data so far: 7
2024-12-10 16:42:38,297 ERROR ===> [Warning] Aborting epoch: 14
2024-12-10 16:42:38,297 ERROR ===> [Warning] Particle has nan or inf: False
2024-12-10 16:42:38,297 ERROR ===> [Warning] Strange loss or gradient.
2024-12-10 16:42:38,297 ERROR ===> [Warning] Skill params: [ 0.2274641  -0.5014647  -0.918053   -0.96694475  0.6265405 ]
2024-12-10 16:42:38,297 ERROR ===> [Warning] Skill params grad: [0. 0. 0. 0. 0.]
2024-12-10 16:42:38,297 ERROR ===> [Warning] EMD Loss: 23.807468
2024-12-10 16:42:38,297 ERROR ===> [Warning] Height map loss: 11.812946
2024-12-10 16:42:38,903 DEBUG loaded <trimesh.Trimesh(vertices.shape=(916, 3), faces.shape=(856, 3))> using `load_obj` in 0.0030s
2024-12-10 16:42:39,043 DEBUG loaded <trimesh.Trimesh(vertices.shape=(48, 3), faces.shape=(28, 3))> using `load_obj` in 0.0007s
2024-12-10 16:43:01,975 INFO =====> Skill params: [ 0.2274641  -0.5014647  -0.918053   -0.96694475  0.6265405 ]
2024-12-10 16:43:01,976 INFO =====> Grad: [0. 0. 0. 0. 0.]
2024-12-10 16:43:01,976 INFO =====> Num. aborted data so far: 8
2024-12-10 16:43:01,977 ERROR ===> [Warning] Aborting epoch: 15
2024-12-10 16:43:01,977 ERROR ===> [Warning] Particle has nan or inf: False
2024-12-10 16:43:01,977 ERROR ===> [Warning] Strange loss or gradient.
2024-12-10 16:43:01,977 ERROR ===> [Warning] Skill params: [ 0.2274641  -0.5014647  -0.918053   -0.96694475  0.6265405 ]
2024-12-10 16:43:01,977 ERROR ===> [Warning] Skill params grad: [0. 0. 0. 0. 0.]
2024-12-10 16:43:01,977 ERROR ===> [Warning] EMD Loss: 23.807501
2024-12-10 16:43:01,977 ERROR ===> [Warning] Height map loss: 11.813524
2024-12-10 16:43:02,588 DEBUG loaded <trimesh.Trimesh(vertices.shape=(916, 3), faces.shape=(856, 3))> using `load_obj` in 0.0029s
2024-12-10 16:43:02,730 DEBUG loaded <trimesh.Trimesh(vertices.shape=(48, 3), faces.shape=(28, 3))> using `load_obj` in 0.0007s
2024-12-10 16:43:25,774 INFO =====> Skill params: [ 0.2274641  -0.5014647  -0.918053   -0.96694475  0.6265405 ]
2024-12-10 16:43:25,775 INFO =====> Grad: [0. 0. 0. 0. 0.]
2024-12-10 16:43:25,775 INFO =====> Num. aborted data so far: 9
2024-12-10 16:43:25,776 ERROR ===> [Warning] Aborting epoch: 16
2024-12-10 16:43:25,776 ERROR ===> [Warning] Particle has nan or inf: False
2024-12-10 16:43:25,776 ERROR ===> [Warning] Strange loss or gradient.
2024-12-10 16:43:25,776 ERROR ===> [Warning] Skill params: [ 0.2274641  -0.5014647  -0.918053   -0.96694475  0.6265405 ]
2024-12-10 16:43:25,776 ERROR ===> [Warning] Skill params grad: [0. 0. 0. 0. 0.]
2024-12-10 16:43:25,776 ERROR ===> [Warning] EMD Loss: 23.807476
2024-12-10 16:43:25,776 ERROR ===> [Warning] Height map loss: 11.813552
2024-12-10 16:43:26,390 DEBUG loaded <trimesh.Trimesh(vertices.shape=(916, 3), faces.shape=(856, 3))> using `load_obj` in 0.0029s
2024-12-10 16:43:26,530 DEBUG loaded <trimesh.Trimesh(vertices.shape=(48, 3), faces.shape=(28, 3))> using `load_obj` in 0.0006s
2024-12-10 16:43:49,429 INFO =====> Skill params: [ 0.2274641  -0.5014647  -0.918053   -0.96694475  0.6265405 ]
2024-12-10 16:43:49,429 INFO =====> Grad: [0. 0. 0. 0. 0.]
2024-12-10 16:43:49,429 INFO =====> Num. aborted data so far: 10
2024-12-10 16:43:49,431 ERROR ===> [Warning] Aborting epoch: 17
2024-12-10 16:43:49,431 ERROR ===> [Warning] Particle has nan or inf: False
2024-12-10 16:43:49,432 ERROR ===> [Warning] Strange loss or gradient.
2024-12-10 16:43:49,432 ERROR ===> [Warning] Skill params: [ 0.2274641  -0.5014647  -0.918053   -0.96694475  0.6265405 ]
2024-12-10 16:43:49,432 ERROR ===> [Warning] Skill params grad: [0. 0. 0. 0. 0.]
2024-12-10 16:43:49,432 ERROR ===> [Warning] EMD Loss: 23.807421
2024-12-10 16:43:49,432 ERROR ===> [Warning] Height map loss: 11.813587
2024-12-10 16:43:50,039 DEBUG loaded <trimesh.Trimesh(vertices.shape=(916, 3), faces.shape=(856, 3))> using `load_obj` in 0.0029s
2024-12-10 16:43:50,180 DEBUG loaded <trimesh.Trimesh(vertices.shape=(48, 3), faces.shape=(28, 3))> using `load_obj` in 0.0007s
2024-12-10 16:44:13,254 INFO =====> Skill params: [ 0.2274641  -0.5014647  -0.918053   -0.96694475  0.6265405 ]
2024-12-10 16:44:13,254 INFO =====> Grad: [0. 0. 0. 0. 0.]
2024-12-10 16:44:13,254 INFO =====> Num. aborted data so far: 11
2024-12-10 16:44:13,255 ERROR ===> [Warning] Aborting epoch: 18
2024-12-10 16:44:13,255 ERROR ===> [Warning] Particle has nan or inf: False
2024-12-10 16:44:13,255 ERROR ===> [Warning] Strange loss or gradient.
2024-12-10 16:44:13,255 ERROR ===> [Warning] Skill params: [ 0.2274641  -0.5014647  -0.918053   -0.96694475  0.6265405 ]
2024-12-10 16:44:13,255 ERROR ===> [Warning] Skill params grad: [0. 0. 0. 0. 0.]
2024-12-10 16:44:13,255 ERROR ===> [Warning] EMD Loss: 23.807425
2024-12-10 16:44:13,255 ERROR ===> [Warning] Height map loss: 11.812933
2024-12-10 16:44:13,873 DEBUG loaded <trimesh.Trimesh(vertices.shape=(916, 3), faces.shape=(856, 3))> using `load_obj` in 0.0030s
2024-12-10 16:44:14,013 DEBUG loaded <trimesh.Trimesh(vertices.shape=(48, 3), faces.shape=(28, 3))> using `load_obj` in 0.0007s
2024-12-10 16:44:37,075 INFO =====> Skill params: [ 0.2274641  -0.5014647  -0.918053   -0.96694475  0.6265405 ]
2024-12-10 16:44:37,076 INFO =====> Grad: [0. 0. 0. 0. 0.]
2024-12-10 16:44:37,076 INFO =====> Num. aborted data so far: 12
2024-12-10 16:44:37,077 ERROR ===> [Warning] Aborting epoch: 19
2024-12-10 16:44:37,077 ERROR ===> [Warning] Particle has nan or inf: False
2024-12-10 16:44:37,077 ERROR ===> [Warning] Strange loss or gradient.
2024-12-10 16:44:37,077 ERROR ===> [Warning] Skill params: [ 0.2274641  -0.5014647  -0.918053   -0.96694475  0.6265405 ]
2024-12-10 16:44:37,077 ERROR ===> [Warning] Skill params grad: [0. 0. 0. 0. 0.]
2024-12-10 16:44:37,077 ERROR ===> [Warning] EMD Loss: 23.807461
2024-12-10 16:44:37,077 ERROR ===> [Warning] Height map loss: 11.812968
2024-12-10 16:44:37,696 DEBUG loaded <trimesh.Trimesh(vertices.shape=(916, 3), faces.shape=(856, 3))> using `load_obj` in 0.0029s
2024-12-10 16:44:37,838 DEBUG loaded <trimesh.Trimesh(vertices.shape=(48, 3), faces.shape=(28, 3))> using `load_obj` in 0.0007s
2024-12-10 16:44:45,872 INFO ===========> Finished training.
2024-12-10 16:44:45,872 INFO ====> Final EMD Loss: 23.807529
2024-12-10 16:44:45,872 INFO ====> Final Height map loss: 11.812958
2024-12-10 16:44:45,872 INFO ====> Final skill params: [ 0.2274641  -0.5014647  -0.918053   -0.96694475  0.6265405 ]
