2025-05-28 13:10:10,399 DEBUG loaded <trimesh.Trimesh(vertices.shape=(48, 3), faces.shape=(28, 3))> using `load_obj` in 0.0009s
2025-05-28 13:10:10,514 DEBUG loaded <trimesh.Trimesh(vertices.shape=(916, 3), faces.shape=(856, 3))> using `load_obj` in 0.0027s
2025-05-28 13:10:22,804 INFO =====> Skill params: [ 0.7478441  0.2        0.8        0.        -0.5      ]
2025-05-28 13:10:22,804 INFO =====> Grad: [-627.27277 6537.117   -231.07074 -264.41025 -369.74118]
2025-05-28 13:10:22,804 INFO =====> Num. aborted data so far: 0
2025-05-28 13:10:22,805 INFO ===========> Epoch: 0 optimisation losses
2025-05-28 13:10:22,805 INFO =====> EMD Loss: 20.150539
2025-05-28 13:10:22,805 INFO =====> Height map loss: 10.764841
2025-05-28 13:10:23,091 DEBUG loaded <trimesh.Trimesh(vertices.shape=(48, 3), faces.shape=(28, 3))> using `load_obj` in 0.0007s
2025-05-28 13:10:23,207 DEBUG loaded <trimesh.Trimesh(vertices.shape=(916, 3), faces.shape=(856, 3))> using `load_obj` in 0.0027s
2025-05-28 13:10:28,374 INFO ==> EMD Loss: 20.310003
2025-05-28 13:10:28,374 INFO ==> Height map loss:  10.923683
2025-05-28 13:10:28,650 DEBUG loaded <trimesh.Trimesh(vertices.shape=(48, 3), faces.shape=(28, 3))> using `load_obj` in 0.0007s
2025-05-28 13:10:28,767 DEBUG loaded <trimesh.Trimesh(vertices.shape=(916, 3), faces.shape=(856, 3))> using `load_obj` in 0.0028s
2025-05-28 13:10:34,041 INFO ==> EMD Loss: 21.508560
2025-05-28 13:10:34,041 INFO ==> Height map loss:  11.372858
2025-05-28 13:10:34,315 DEBUG loaded <trimesh.Trimesh(vertices.shape=(48, 3), faces.shape=(28, 3))> using `load_obj` in 0.0007s
2025-05-28 13:10:34,432 DEBUG loaded <trimesh.Trimesh(vertices.shape=(916, 3), faces.shape=(856, 3))> using `load_obj` in 0.0027s
2025-05-28 13:10:39,708 INFO ==> EMD Loss: 21.625355
2025-05-28 13:10:39,708 INFO ==> Height map loss:  11.616859
2025-05-28 13:10:39,989 DEBUG loaded <trimesh.Trimesh(vertices.shape=(48, 3), faces.shape=(28, 3))> using `load_obj` in 0.0008s
2025-05-28 13:10:40,106 DEBUG loaded <trimesh.Trimesh(vertices.shape=(916, 3), faces.shape=(856, 3))> using `load_obj` in 0.0027s
2025-05-28 13:10:45,559 INFO ==> EMD Loss: 22.066177
2025-05-28 13:10:45,559 INFO ==> Height map loss:  12.481671
2025-05-28 13:10:45,839 DEBUG loaded <trimesh.Trimesh(vertices.shape=(48, 3), faces.shape=(28, 3))> using `load_obj` in 0.0008s
2025-05-28 13:10:45,960 DEBUG loaded <trimesh.Trimesh(vertices.shape=(916, 3), faces.shape=(856, 3))> using `load_obj` in 0.0028s
2025-05-28 13:10:51,565 INFO ==> EMD Loss: 23.301687
2025-05-28 13:10:51,565 INFO ==> Height map loss:  13.868026
2025-05-28 13:10:51,861 DEBUG loaded <trimesh.Trimesh(vertices.shape=(48, 3), faces.shape=(28, 3))> using `load_obj` in 0.0007s
2025-05-28 13:10:51,980 DEBUG loaded <trimesh.Trimesh(vertices.shape=(916, 3), faces.shape=(856, 3))> using `load_obj` in 0.0027s
2025-05-28 13:11:04,151 INFO =====> Skill params: [ 0.75733095  0.19051316  0.80948687  0.00948683 -0.49051318]
2025-05-28 13:11:04,151 INFO =====> Grad: [  640.      -5303.033    -353.50467  -956.43604   420.2524 ]
2025-05-28 13:11:04,151 INFO =====> Num. aborted data so far: 0
2025-05-28 13:11:04,152 INFO ===========> Epoch: 1 optimisation losses
2025-05-28 13:11:04,152 INFO =====> EMD Loss: 20.306896
2025-05-28 13:11:04,152 INFO =====> Height map loss: 10.922293
2025-05-28 13:11:04,457 DEBUG loaded <trimesh.Trimesh(vertices.shape=(48, 3), faces.shape=(28, 3))> using `load_obj` in 0.0008s
2025-05-28 13:11:04,575 DEBUG loaded <trimesh.Trimesh(vertices.shape=(916, 3), faces.shape=(856, 3))> using `load_obj` in 0.0028s
2025-05-28 13:11:09,906 INFO ==> EMD Loss: 20.282375
2025-05-28 13:11:09,907 INFO ==> Height map loss:  10.858293
2025-05-28 13:11:10,190 DEBUG loaded <trimesh.Trimesh(vertices.shape=(48, 3), faces.shape=(28, 3))> using `load_obj` in 0.0008s
2025-05-28 13:11:10,306 DEBUG loaded <trimesh.Trimesh(vertices.shape=(916, 3), faces.shape=(856, 3))> using `load_obj` in 0.0027s
2025-05-28 13:11:15,600 INFO ==> EMD Loss: 20.663919
2025-05-28 13:11:15,600 INFO ==> Height map loss:  10.861465
2025-05-28 13:11:15,890 DEBUG loaded <trimesh.Trimesh(vertices.shape=(48, 3), faces.shape=(28, 3))> using `load_obj` in 0.0007s
2025-05-28 13:11:16,006 DEBUG loaded <trimesh.Trimesh(vertices.shape=(916, 3), faces.shape=(856, 3))> using `load_obj` in 0.0027s
2025-05-28 13:11:21,142 INFO ==> EMD Loss: 19.598793
2025-05-28 13:11:21,142 INFO ==> Height map loss:  10.703279
2025-05-28 13:11:21,430 DEBUG loaded <trimesh.Trimesh(vertices.shape=(48, 3), faces.shape=(28, 3))> using `load_obj` in 0.0007s
2025-05-28 13:11:21,547 DEBUG loaded <trimesh.Trimesh(vertices.shape=(916, 3), faces.shape=(856, 3))> using `load_obj` in 0.0027s
2025-05-28 13:11:26,748 INFO ==> EMD Loss: 19.505877
2025-05-28 13:11:26,749 INFO ==> Height map loss:  10.070107
2025-05-28 13:11:27,039 DEBUG loaded <trimesh.Trimesh(vertices.shape=(48, 3), faces.shape=(28, 3))> using `load_obj` in 0.0007s
2025-05-28 13:11:27,153 DEBUG loaded <trimesh.Trimesh(vertices.shape=(916, 3), faces.shape=(856, 3))> using `load_obj` in 0.0027s
2025-05-28 13:11:32,260 INFO ==> EMD Loss: 19.572435
2025-05-28 13:11:32,260 INFO ==> Height map loss:  9.852098
2025-05-28 13:11:32,553 DEBUG loaded <trimesh.Trimesh(vertices.shape=(48, 3), faces.shape=(28, 3))> using `load_obj` in 0.0007s
2025-05-28 13:11:32,670 DEBUG loaded <trimesh.Trimesh(vertices.shape=(916, 3), faces.shape=(856, 3))> using `load_obj` in 0.0027s
2025-05-28 13:11:44,663 INFO =====> Skill params: [ 0.61837953  0.3138222   0.9707364   0.19301651 -0.6361779 ]
2025-05-28 13:11:44,663 INFO =====> Grad: [  643.9024  -7448.289    -101.00157  -776.5576    673.4106 ]
2025-05-28 13:11:44,663 INFO =====> Num. aborted data so far: 0
2025-05-28 13:11:44,664 INFO ===========> Epoch: 2 optimisation losses
2025-05-28 13:11:44,664 INFO =====> EMD Loss: 19.573048
2025-05-28 13:11:44,664 INFO =====> Height map loss: 9.852133
2025-05-28 13:11:44,983 DEBUG loaded <trimesh.Trimesh(vertices.shape=(48, 3), faces.shape=(28, 3))> using `load_obj` in 0.0008s
2025-05-28 13:11:45,099 DEBUG loaded <trimesh.Trimesh(vertices.shape=(916, 3), faces.shape=(856, 3))> using `load_obj` in 0.0027s
2025-05-28 13:11:50,316 INFO ==> EMD Loss: 19.425545
2025-05-28 13:11:50,316 INFO ==> Height map loss:  9.730795
2025-05-28 13:11:50,611 DEBUG loaded <trimesh.Trimesh(vertices.shape=(48, 3), faces.shape=(28, 3))> using `load_obj` in 0.0007s
2025-05-28 13:11:50,727 DEBUG loaded <trimesh.Trimesh(vertices.shape=(916, 3), faces.shape=(856, 3))> using `load_obj` in 0.0025s
2025-05-28 13:11:55,835 INFO ==> EMD Loss: 18.635849
2025-05-28 13:11:55,835 INFO ==> Height map loss:  9.422492
2025-05-28 13:11:56,168 DEBUG loaded <trimesh.Trimesh(vertices.shape=(48, 3), faces.shape=(28, 3))> using `load_obj` in 0.0007s
2025-05-28 13:11:56,287 DEBUG loaded <trimesh.Trimesh(vertices.shape=(916, 3), faces.shape=(856, 3))> using `load_obj` in 0.0027s
2025-05-28 13:12:01,488 INFO ==> EMD Loss: 18.302561
2025-05-28 13:12:01,488 INFO ==> Height map loss:  8.905740
2025-05-28 13:12:01,787 DEBUG loaded <trimesh.Trimesh(vertices.shape=(48, 3), faces.shape=(28, 3))> using `load_obj` in 0.0008s
2025-05-28 13:12:01,907 DEBUG loaded <trimesh.Trimesh(vertices.shape=(916, 3), faces.shape=(856, 3))> using `load_obj` in 0.0030s
2025-05-28 13:12:07,099 INFO ==> EMD Loss: 17.628731
2025-05-28 13:12:07,100 INFO ==> Height map loss:  8.576353
2025-05-28 13:12:07,403 DEBUG loaded <trimesh.Trimesh(vertices.shape=(48, 3), faces.shape=(28, 3))> using `load_obj` in 0.0007s
2025-05-28 13:12:07,521 DEBUG loaded <trimesh.Trimesh(vertices.shape=(916, 3), faces.shape=(856, 3))> using `load_obj` in 0.0027s
2025-05-28 13:12:12,968 INFO ==> EMD Loss: 17.356655
2025-05-28 13:12:12,969 INFO ==> Height map loss:  7.970749
2025-05-28 13:12:13,273 DEBUG loaded <trimesh.Trimesh(vertices.shape=(48, 3), faces.shape=(28, 3))> using `load_obj` in 0.0008s
2025-05-28 13:12:13,389 DEBUG loaded <trimesh.Trimesh(vertices.shape=(916, 3), faces.shape=(856, 3))> using `load_obj` in 0.0027s
2025-05-28 13:12:26,002 INFO =====> Skill params: [ 0.50199693  0.44537565  1.          0.31400934 -0.786427  ]
2025-05-28 13:12:26,002 INFO =====> Grad: [ 630.5085  2116.5469   133.05728  815.6026  -623.4851 ]
2025-05-28 13:12:26,002 INFO =====> Num. aborted data so far: 0
2025-05-28 13:12:26,003 INFO ===========> Epoch: 3 optimisation losses
2025-05-28 13:12:26,003 INFO =====> EMD Loss: 17.356535
2025-05-28 13:12:26,003 INFO =====> Height map loss: 7.970350
2025-05-28 13:12:26,328 DEBUG loaded <trimesh.Trimesh(vertices.shape=(48, 3), faces.shape=(28, 3))> using `load_obj` in 0.0008s
2025-05-28 13:12:26,449 DEBUG loaded <trimesh.Trimesh(vertices.shape=(916, 3), faces.shape=(856, 3))> using `load_obj` in 0.0028s
2025-05-28 13:12:31,779 INFO ==> EMD Loss: 17.405416
2025-05-28 13:12:31,779 INFO ==> Height map loss:  8.086043
2025-05-28 13:12:32,086 DEBUG loaded <trimesh.Trimesh(vertices.shape=(48, 3), faces.shape=(28, 3))> using `load_obj` in 0.0007s
2025-05-28 13:12:32,206 DEBUG loaded <trimesh.Trimesh(vertices.shape=(916, 3), faces.shape=(856, 3))> using `load_obj` in 0.0028s
2025-05-28 13:12:37,602 INFO ==> EMD Loss: 17.622614
2025-05-28 13:12:37,602 INFO ==> Height map loss:  8.113511
2025-05-28 13:12:37,906 DEBUG loaded <trimesh.Trimesh(vertices.shape=(48, 3), faces.shape=(28, 3))> using `load_obj` in 0.0007s
2025-05-28 13:12:38,025 DEBUG loaded <trimesh.Trimesh(vertices.shape=(916, 3), faces.shape=(856, 3))> using `load_obj` in 0.0027s
2025-05-28 13:12:43,317 INFO ==> EMD Loss: 17.844900
2025-05-28 13:12:43,318 INFO ==> Height map loss:  8.390898
2025-05-28 13:12:43,619 DEBUG loaded <trimesh.Trimesh(vertices.shape=(48, 3), faces.shape=(28, 3))> using `load_obj` in 0.0008s
2025-05-28 13:12:43,737 DEBUG loaded <trimesh.Trimesh(vertices.shape=(916, 3), faces.shape=(856, 3))> using `load_obj` in 0.0027s
2025-05-28 13:12:49,084 INFO ==> EMD Loss: 17.990870
2025-05-28 13:12:49,084 INFO ==> Height map loss:  8.574286
2025-05-28 13:12:49,390 DEBUG loaded <trimesh.Trimesh(vertices.shape=(48, 3), faces.shape=(28, 3))> using `load_obj` in 0.0008s
2025-05-28 13:12:49,510 DEBUG loaded <trimesh.Trimesh(vertices.shape=(916, 3), faces.shape=(856, 3))> using `load_obj` in 0.0027s
2025-05-28 13:12:54,867 INFO ==> EMD Loss: 18.206802
2025-05-28 13:12:54,867 INFO ==> Height map loss:  8.756197
2025-05-28 13:12:55,180 DEBUG loaded <trimesh.Trimesh(vertices.shape=(48, 3), faces.shape=(28, 3))> using `load_obj` in 0.0008s
2025-05-28 13:12:55,299 DEBUG loaded <trimesh.Trimesh(vertices.shape=(916, 3), faces.shape=(856, 3))> using `load_obj` in 0.0027s
2025-05-28 13:13:07,906 INFO =====> Skill params: [ 0.4969222   0.44344655  0.9969114   0.30853793 -0.7806258 ]
2025-05-28 13:13:07,906 INFO =====> Grad: [  630.5085   -5893.072       19.826967   161.66835   1114.7064  ]
2025-05-28 13:13:07,906 INFO =====> Num. aborted data so far: 0
2025-05-28 13:13:07,907 INFO ===========> Epoch: 4 optimisation losses
2025-05-28 13:13:07,907 INFO =====> EMD Loss: 17.408693
2025-05-28 13:13:07,907 INFO =====> Height map loss: 8.085970
2025-05-28 13:13:08,239 DEBUG loaded <trimesh.Trimesh(vertices.shape=(48, 3), faces.shape=(28, 3))> using `load_obj` in 0.0008s
2025-05-28 13:13:08,358 DEBUG loaded <trimesh.Trimesh(vertices.shape=(916, 3), faces.shape=(856, 3))> using `load_obj` in 0.0028s
2025-05-28 13:13:13,805 INFO ==> EMD Loss: 17.696438
2025-05-28 13:13:13,805 INFO ==> Height map loss:  7.977032
2025-05-28 13:13:14,113 DEBUG loaded <trimesh.Trimesh(vertices.shape=(48, 3), faces.shape=(28, 3))> using `load_obj` in 0.0007s
2025-05-28 13:13:14,234 DEBUG loaded <trimesh.Trimesh(vertices.shape=(916, 3), faces.shape=(856, 3))> using `load_obj` in 0.0027s
2025-05-28 13:13:19,651 INFO ==> EMD Loss: 16.983030
2025-05-28 13:13:19,651 INFO ==> Height map loss:  7.556540
2025-05-28 13:13:19,964 DEBUG loaded <trimesh.Trimesh(vertices.shape=(48, 3), faces.shape=(28, 3))> using `load_obj` in 0.0007s
2025-05-28 13:13:20,085 DEBUG loaded <trimesh.Trimesh(vertices.shape=(916, 3), faces.shape=(856, 3))> using `load_obj` in 0.0027s
2025-05-28 13:13:25,654 INFO ==> EMD Loss: 16.438196
2025-05-28 13:13:25,654 INFO ==> Height map loss:  7.122221
2025-05-28 13:13:25,966 DEBUG loaded <trimesh.Trimesh(vertices.shape=(48, 3), faces.shape=(28, 3))> using `load_obj` in 0.0008s
2025-05-28 13:13:26,088 DEBUG loaded <trimesh.Trimesh(vertices.shape=(916, 3), faces.shape=(856, 3))> using `load_obj` in 0.0028s
2025-05-28 13:13:31,546 INFO ==> EMD Loss: 16.101219
2025-05-28 13:13:31,546 INFO ==> Height map loss:  6.704115
2025-05-28 13:13:31,951 DEBUG loaded <trimesh.Trimesh(vertices.shape=(48, 3), faces.shape=(28, 3))> using `load_obj` in 0.0007s
2025-05-28 13:13:32,071 DEBUG loaded <trimesh.Trimesh(vertices.shape=(916, 3), faces.shape=(856, 3))> using `load_obj` in 0.0025s
2025-05-28 13:13:37,768 INFO ==> EMD Loss: 15.719663
2025-05-28 13:13:37,768 INFO ==> Height map loss:  6.327758
2025-05-28 13:13:38,096 DEBUG loaded <trimesh.Trimesh(vertices.shape=(48, 3), faces.shape=(28, 3))> using `load_obj` in 0.0007s
2025-05-28 13:13:38,215 DEBUG loaded <trimesh.Trimesh(vertices.shape=(916, 3), faces.shape=(856, 3))> using `load_obj` in 0.0027s
2025-05-28 13:13:51,582 INFO =====> Skill params: [ 0.40373108  0.5406808   0.9872215   0.28583807 -0.9239315 ]
2025-05-28 13:13:51,583 INFO =====> Grad: [  616.6667  -3619.4956   -341.35947  -184.09492  -432.46768]
2025-05-28 13:13:51,583 INFO =====> Num. aborted data so far: 0
2025-05-28 13:13:51,583 INFO ===========> Epoch: 5 optimisation losses
2025-05-28 13:13:51,583 INFO =====> EMD Loss: 15.783101
2025-05-28 13:13:51,583 INFO =====> Height map loss: 6.327755
2025-05-28 13:13:51,935 DEBUG loaded <trimesh.Trimesh(vertices.shape=(48, 3), faces.shape=(28, 3))> using `load_obj` in 0.0008s
2025-05-28 13:13:52,057 DEBUG loaded <trimesh.Trimesh(vertices.shape=(916, 3), faces.shape=(856, 3))> using `load_obj` in 0.0028s
2025-05-28 13:13:57,612 INFO ==> EMD Loss: 15.674616
2025-05-28 13:13:57,612 INFO ==> Height map loss:  6.267841
2025-05-28 13:13:57,981 DEBUG loaded <trimesh.Trimesh(vertices.shape=(48, 3), faces.shape=(28, 3))> using `load_obj` in 0.0008s
2025-05-28 13:13:58,096 DEBUG loaded <trimesh.Trimesh(vertices.shape=(916, 3), faces.shape=(856, 3))> using `load_obj` in 0.0027s
2025-05-28 13:14:03,798 INFO ==> EMD Loss: 15.737605
2025-05-28 13:14:03,798 INFO ==> Height map loss:  6.177753
2025-05-28 13:14:04,112 DEBUG loaded <trimesh.Trimesh(vertices.shape=(48, 3), faces.shape=(28, 3))> using `load_obj` in 0.0007s
2025-05-28 13:14:04,231 DEBUG loaded <trimesh.Trimesh(vertices.shape=(916, 3), faces.shape=(856, 3))> using `load_obj` in 0.0027s
2025-05-28 13:14:09,991 INFO ==> EMD Loss: 15.856012
2025-05-28 13:14:09,991 INFO ==> Height map loss:  6.091735
2025-05-28 13:14:10,310 DEBUG loaded <trimesh.Trimesh(vertices.shape=(48, 3), faces.shape=(28, 3))> using `load_obj` in 0.0009s
2025-05-28 13:14:10,438 DEBUG loaded <trimesh.Trimesh(vertices.shape=(916, 3), faces.shape=(856, 3))> using `load_obj` in 0.0028s
2025-05-28 13:14:16,113 INFO ==> EMD Loss: 15.866998
2025-05-28 13:14:16,113 INFO ==> Height map loss:  5.967500
2025-05-28 13:14:16,442 DEBUG loaded <trimesh.Trimesh(vertices.shape=(48, 3), faces.shape=(28, 3))> using `load_obj` in 0.0008s
2025-05-28 13:14:16,561 DEBUG loaded <trimesh.Trimesh(vertices.shape=(916, 3), faces.shape=(856, 3))> using `load_obj` in 0.0027s
2025-05-28 13:14:22,434 INFO ==> EMD Loss: 15.787481
2025-05-28 13:14:22,434 INFO ==> Height map loss:  5.817742
2025-05-28 13:14:22,751 DEBUG loaded <trimesh.Trimesh(vertices.shape=(48, 3), faces.shape=(28, 3))> using `load_obj` in 0.0007s
2025-05-28 13:14:22,871 DEBUG loaded <trimesh.Trimesh(vertices.shape=(916, 3), faces.shape=(856, 3))> using `load_obj` in 0.0028s
2025-05-28 13:14:36,837 INFO =====> Skill params: [ 0.31801775  0.6004294   1.          0.3128084  -0.8679366 ]
2025-05-28 13:14:36,837 INFO =====> Grad: [ -615.      -6027.048     419.0705    285.86734  1135.3325 ]
2025-05-28 13:14:36,837 INFO =====> Num. aborted data so far: 0
2025-05-28 13:14:36,838 INFO ===========> Epoch: 6 optimisation losses
2025-05-28 13:14:36,838 INFO =====> EMD Loss: 15.787085
2025-05-28 13:14:36,838 INFO =====> Height map loss: 5.815793
2025-05-28 13:14:37,180 DEBUG loaded <trimesh.Trimesh(vertices.shape=(48, 3), faces.shape=(28, 3))> using `load_obj` in 0.0008s
2025-05-28 13:14:37,303 DEBUG loaded <trimesh.Trimesh(vertices.shape=(916, 3), faces.shape=(856, 3))> using `load_obj` in 0.0028s
2025-05-28 13:14:43,184 INFO ==> EMD Loss: 15.677796
2025-05-28 13:14:43,184 INFO ==> Height map loss:  5.779382
2025-05-28 13:14:43,532 DEBUG loaded <trimesh.Trimesh(vertices.shape=(48, 3), faces.shape=(28, 3))> using `load_obj` in 0.0007s
2025-05-28 13:14:43,652 DEBUG loaded <trimesh.Trimesh(vertices.shape=(916, 3), faces.shape=(856, 3))> using `load_obj` in 0.0028s
2025-05-28 13:14:49,441 INFO ==> EMD Loss: 15.541797
2025-05-28 13:14:49,441 INFO ==> Height map loss:  5.640238
2025-05-28 13:14:49,759 DEBUG loaded <trimesh.Trimesh(vertices.shape=(48, 3), faces.shape=(28, 3))> using `load_obj` in 0.0008s
2025-05-28 13:14:49,884 DEBUG loaded <trimesh.Trimesh(vertices.shape=(916, 3), faces.shape=(856, 3))> using `load_obj` in 0.0028s
2025-05-28 13:14:55,826 INFO ==> EMD Loss: 15.514927
2025-05-28 13:14:55,826 INFO ==> Height map loss:  5.483613
2025-05-28 13:14:56,149 DEBUG loaded <trimesh.Trimesh(vertices.shape=(48, 3), faces.shape=(28, 3))> using `load_obj` in 0.0007s
2025-05-28 13:14:56,269 DEBUG loaded <trimesh.Trimesh(vertices.shape=(916, 3), faces.shape=(856, 3))> using `load_obj` in 0.0028s
2025-05-28 13:15:02,340 INFO ==> EMD Loss: 15.361753
2025-05-28 13:15:02,340 INFO ==> Height map loss:  5.296521
2025-05-28 13:15:02,661 DEBUG loaded <trimesh.Trimesh(vertices.shape=(48, 3), faces.shape=(28, 3))> using `load_obj` in 0.0007s
2025-05-28 13:15:02,782 DEBUG loaded <trimesh.Trimesh(vertices.shape=(916, 3), faces.shape=(856, 3))> using `load_obj` in 0.0027s
2025-05-28 13:15:08,743 INFO ==> EMD Loss: 15.261999
2025-05-28 13:15:08,743 INFO ==> Height map loss:  5.171270
2025-05-28 13:15:09,070 DEBUG loaded <trimesh.Trimesh(vertices.shape=(48, 3), faces.shape=(28, 3))> using `load_obj` in 0.0008s
2025-05-28 13:15:09,190 DEBUG loaded <trimesh.Trimesh(vertices.shape=(916, 3), faces.shape=(856, 3))> using `load_obj` in 0.0028s
2025-05-28 13:15:23,862 INFO =====> Skill params: [ 0.39941132  0.69221467  0.87468207  0.26981127 -0.98795164]
2025-05-28 13:15:23,862 INFO =====> Grad: [-613.0435   2994.0657    -25.657642 -351.0586    596.8367  ]
2025-05-28 13:15:23,862 INFO =====> Num. aborted data so far: 0
2025-05-28 13:15:23,863 INFO ===========> Epoch: 7 optimisation losses
2025-05-28 13:15:23,863 INFO =====> EMD Loss: 15.261945
2025-05-28 13:15:23,863 INFO =====> Height map loss: 5.171199
2025-05-28 13:15:24,214 DEBUG loaded <trimesh.Trimesh(vertices.shape=(48, 3), faces.shape=(28, 3))> using `load_obj` in 0.0008s
2025-05-28 13:15:24,336 DEBUG loaded <trimesh.Trimesh(vertices.shape=(916, 3), faces.shape=(856, 3))> using `load_obj` in 0.0028s
2025-05-28 13:15:30,291 INFO ==> EMD Loss: 15.294793
2025-05-28 13:15:30,292 INFO ==> Height map loss:  5.163056
2025-05-28 13:15:30,612 DEBUG loaded <trimesh.Trimesh(vertices.shape=(48, 3), faces.shape=(28, 3))> using `load_obj` in 0.0007s
2025-05-28 13:15:30,730 DEBUG loaded <trimesh.Trimesh(vertices.shape=(916, 3), faces.shape=(856, 3))> using `load_obj` in 0.0026s
2025-05-28 13:15:36,689 INFO ==> EMD Loss: 15.151766
2025-05-28 13:15:36,689 INFO ==> Height map loss:  5.232101
2025-05-28 13:15:37,019 DEBUG loaded <trimesh.Trimesh(vertices.shape=(48, 3), faces.shape=(28, 3))> using `load_obj` in 0.0007s
2025-05-28 13:15:37,138 DEBUG loaded <trimesh.Trimesh(vertices.shape=(916, 3), faces.shape=(856, 3))> using `load_obj` in 0.0026s
2025-05-28 13:15:43,154 INFO ==> EMD Loss: 15.327669
2025-05-28 13:15:43,155 INFO ==> Height map loss:  5.371755
2025-05-28 13:15:43,483 DEBUG loaded <trimesh.Trimesh(vertices.shape=(48, 3), faces.shape=(28, 3))> using `load_obj` in 0.0008s
2025-05-28 13:15:43,604 DEBUG loaded <trimesh.Trimesh(vertices.shape=(916, 3), faces.shape=(856, 3))> using `load_obj` in 0.0027s
2025-05-28 13:15:49,411 INFO ==> EMD Loss: 15.294593
2025-05-28 13:15:49,411 INFO ==> Height map loss:  5.407191
2025-05-28 13:15:49,784 DEBUG loaded <trimesh.Trimesh(vertices.shape=(48, 3), faces.shape=(28, 3))> using `load_obj` in 0.0007s
2025-05-28 13:15:49,905 DEBUG loaded <trimesh.Trimesh(vertices.shape=(916, 3), faces.shape=(856, 3))> using `load_obj` in 0.0028s
2025-05-28 13:15:55,821 INFO ==> EMD Loss: 15.227412
2025-05-28 13:15:55,821 INFO ==> Height map loss:  5.439913
2025-05-28 13:15:56,146 DEBUG loaded <trimesh.Trimesh(vertices.shape=(48, 3), faces.shape=(28, 3))> using `load_obj` in 0.0008s
2025-05-28 13:15:56,266 DEBUG loaded <trimesh.Trimesh(vertices.shape=(916, 3), faces.shape=(856, 3))> using `load_obj` in 0.0028s
2025-05-28 13:16:10,834 INFO =====> Skill params: [ 0.40330976  0.68988514  0.87508607  0.27248168 -0.99108964]
2025-05-28 13:16:10,834 INFO =====> Grad: [  619.7802  -6314.121      26.69065   438.60846  -294.39188]
2025-05-28 13:16:10,834 INFO =====> Num. aborted data so far: 0
2025-05-28 13:16:10,835 INFO ===========> Epoch: 8 optimisation losses
2025-05-28 13:16:10,835 INFO =====> EMD Loss: 15.294806
2025-05-28 13:16:10,835 INFO =====> Height map loss: 5.163675
2025-05-28 13:16:11,185 DEBUG loaded <trimesh.Trimesh(vertices.shape=(48, 3), faces.shape=(28, 3))> using `load_obj` in 0.0008s
2025-05-28 13:16:11,308 DEBUG loaded <trimesh.Trimesh(vertices.shape=(916, 3), faces.shape=(856, 3))> using `load_obj` in 0.0028s
2025-05-28 13:16:17,418 INFO ==> EMD Loss: 15.279418
2025-05-28 13:16:17,418 INFO ==> Height map loss:  5.187274
2025-05-28 13:16:17,774 DEBUG loaded <trimesh.Trimesh(vertices.shape=(48, 3), faces.shape=(28, 3))> using `load_obj` in 0.0008s
2025-05-28 13:16:17,897 DEBUG loaded <trimesh.Trimesh(vertices.shape=(916, 3), faces.shape=(856, 3))> using `load_obj` in 0.0027s
2025-05-28 13:16:23,950 INFO ==> EMD Loss: 15.333078
2025-05-28 13:16:23,950 INFO ==> Height map loss:  5.102855
2025-05-28 13:16:24,277 DEBUG loaded <trimesh.Trimesh(vertices.shape=(48, 3), faces.shape=(28, 3))> using `load_obj` in 0.0007s
2025-05-28 13:16:24,400 DEBUG loaded <trimesh.Trimesh(vertices.shape=(916, 3), faces.shape=(856, 3))> using `load_obj` in 0.0027s
2025-05-28 13:16:30,648 INFO ==> EMD Loss: 15.303719
2025-05-28 13:16:30,648 INFO ==> Height map loss:  5.038913
2025-05-28 13:16:30,970 DEBUG loaded <trimesh.Trimesh(vertices.shape=(48, 3), faces.shape=(28, 3))> using `load_obj` in 0.0007s
2025-05-28 13:16:31,091 DEBUG loaded <trimesh.Trimesh(vertices.shape=(916, 3), faces.shape=(856, 3))> using `load_obj` in 0.0027s
2025-05-28 13:16:37,408 INFO ==> EMD Loss: 15.323539
2025-05-28 13:16:37,408 INFO ==> Height map loss:  4.958688
2025-05-28 13:16:37,744 DEBUG loaded <trimesh.Trimesh(vertices.shape=(48, 3), faces.shape=(28, 3))> using `load_obj` in 0.0007s
2025-05-28 13:16:37,865 DEBUG loaded <trimesh.Trimesh(vertices.shape=(916, 3), faces.shape=(856, 3))> using `load_obj` in 0.0027s
2025-05-28 13:16:44,143 INFO ==> EMD Loss: 15.321188
2025-05-28 13:16:44,143 INFO ==> Height map loss:  4.902617
2025-05-28 13:16:44,474 DEBUG loaded <trimesh.Trimesh(vertices.shape=(48, 3), faces.shape=(28, 3))> using `load_obj` in 0.0008s
2025-05-28 13:16:44,596 DEBUG loaded <trimesh.Trimesh(vertices.shape=(916, 3), faces.shape=(856, 3))> using `load_obj` in 0.0028s
2025-05-28 13:17:00,219 INFO =====> Skill params: [ 0.32719848  0.7807932   0.86623544  0.20653048 -0.9589305 ]
2025-05-28 13:17:00,219 INFO =====> Grad: [-611.5385   2863.6416     13.678696 -414.84128   692.04297 ]
2025-05-28 13:17:00,219 INFO =====> Num. aborted data so far: 0
2025-05-28 13:17:00,220 INFO ===========> Epoch: 9 optimisation losses
2025-05-28 13:17:00,220 INFO =====> EMD Loss: 15.321238
2025-05-28 13:17:00,221 INFO =====> Height map loss: 4.902566
2025-05-28 13:17:00,574 DEBUG loaded <trimesh.Trimesh(vertices.shape=(48, 3), faces.shape=(28, 3))> using `load_obj` in 0.0008s
2025-05-28 13:17:00,694 DEBUG loaded <trimesh.Trimesh(vertices.shape=(916, 3), faces.shape=(856, 3))> using `load_obj` in 0.0028s
2025-05-28 13:17:06,966 INFO ==> EMD Loss: 15.217288
2025-05-28 13:17:06,966 INFO ==> Height map loss:  4.880476
2025-05-28 13:17:07,293 DEBUG loaded <trimesh.Trimesh(vertices.shape=(48, 3), faces.shape=(28, 3))> using `load_obj` in 0.0007s
2025-05-28 13:17:07,414 DEBUG loaded <trimesh.Trimesh(vertices.shape=(916, 3), faces.shape=(856, 3))> using `load_obj` in 0.0028s
2025-05-28 13:17:13,794 INFO ==> EMD Loss: 15.258648
2025-05-28 13:17:13,794 INFO ==> Height map loss:  4.914604
2025-05-28 13:17:14,145 DEBUG loaded <trimesh.Trimesh(vertices.shape=(48, 3), faces.shape=(28, 3))> using `load_obj` in 0.0008s
2025-05-28 13:17:14,267 DEBUG loaded <trimesh.Trimesh(vertices.shape=(916, 3), faces.shape=(856, 3))> using `load_obj` in 0.0028s
2025-05-28 13:17:20,464 INFO ==> EMD Loss: 15.276641
2025-05-28 13:17:20,464 INFO ==> Height map loss:  4.960774
2025-05-28 13:17:20,863 DEBUG loaded <trimesh.Trimesh(vertices.shape=(48, 3), faces.shape=(28, 3))> using `load_obj` in 0.0008s
2025-05-28 13:17:20,986 DEBUG loaded <trimesh.Trimesh(vertices.shape=(916, 3), faces.shape=(856, 3))> using `load_obj` in 0.0028s
2025-05-28 13:17:27,197 INFO ==> EMD Loss: 15.227545
2025-05-28 13:17:27,197 INFO ==> Height map loss:  4.973433
2025-05-28 13:17:27,522 DEBUG loaded <trimesh.Trimesh(vertices.shape=(48, 3), faces.shape=(28, 3))> using `load_obj` in 0.0007s
2025-05-28 13:17:27,642 DEBUG loaded <trimesh.Trimesh(vertices.shape=(916, 3), faces.shape=(856, 3))> using `load_obj` in 0.0029s
2025-05-28 13:17:33,677 INFO ==> EMD Loss: 15.275907
2025-05-28 13:17:33,677 INFO ==> Height map loss:  4.972767
2025-05-28 13:17:34,013 DEBUG loaded <trimesh.Trimesh(vertices.shape=(48, 3), faces.shape=(28, 3))> using `load_obj` in 0.0008s
2025-05-28 13:17:34,135 DEBUG loaded <trimesh.Trimesh(vertices.shape=(916, 3), faces.shape=(856, 3))> using `load_obj` in 0.0027s
2025-05-28 13:17:49,609 INFO =====> Skill params: [ 0.33085138  0.7786751   0.8659964   0.20963682 -0.96260405]
2025-05-28 13:17:49,609 INFO =====> Grad: [-617.4757   6285.7515     12.738138 -186.37161   180.58488 ]
2025-05-28 13:17:49,609 INFO =====> Num. aborted data so far: 0
2025-05-28 13:17:49,611 INFO ===========> Epoch: 10 optimisation losses
2025-05-28 13:17:49,611 INFO =====> EMD Loss: 15.217316
2025-05-28 13:17:49,611 INFO =====> Height map loss: 4.880457
2025-05-28 13:17:50,057 DEBUG loaded <trimesh.Trimesh(vertices.shape=(48, 3), faces.shape=(28, 3))> using `load_obj` in 0.0008s
2025-05-28 13:17:50,178 DEBUG loaded <trimesh.Trimesh(vertices.shape=(916, 3), faces.shape=(856, 3))> using `load_obj` in 0.0028s
2025-05-28 13:17:56,514 INFO ==> EMD Loss: 15.236938
2025-05-28 13:17:56,514 INFO ==> Height map loss:  4.894725
2025-05-28 13:17:56,844 DEBUG loaded <trimesh.Trimesh(vertices.shape=(48, 3), faces.shape=(28, 3))> using `load_obj` in 0.0007s
2025-05-28 13:17:56,967 DEBUG loaded <trimesh.Trimesh(vertices.shape=(916, 3), faces.shape=(856, 3))> using `load_obj` in 0.0028s
2025-05-28 13:18:03,059 INFO ==> EMD Loss: 15.441704
2025-05-28 13:18:03,060 INFO ==> Height map loss:  4.976190
2025-05-28 13:18:03,392 DEBUG loaded <trimesh.Trimesh(vertices.shape=(48, 3), faces.shape=(28, 3))> using `load_obj` in 0.0008s
2025-05-28 13:18:03,511 DEBUG loaded <trimesh.Trimesh(vertices.shape=(916, 3), faces.shape=(856, 3))> using `load_obj` in 0.0028s
2025-05-28 13:18:09,723 INFO ==> EMD Loss: 15.321539
2025-05-28 13:18:09,723 INFO ==> Height map loss:  5.050992
2025-05-28 13:18:10,073 DEBUG loaded <trimesh.Trimesh(vertices.shape=(48, 3), faces.shape=(28, 3))> using `load_obj` in 0.0007s
2025-05-28 13:18:10,195 DEBUG loaded <trimesh.Trimesh(vertices.shape=(916, 3), faces.shape=(856, 3))> using `load_obj` in 0.0029s
2025-05-28 13:18:16,246 INFO ==> EMD Loss: 15.379560
2025-05-28 13:18:16,246 INFO ==> Height map loss:  5.114221
2025-05-28 13:18:16,584 DEBUG loaded <trimesh.Trimesh(vertices.shape=(48, 3), faces.shape=(28, 3))> using `load_obj` in 0.0007s
2025-05-28 13:18:16,703 DEBUG loaded <trimesh.Trimesh(vertices.shape=(916, 3), faces.shape=(856, 3))> using `load_obj` in 0.0028s
2025-05-28 13:18:22,750 INFO ==> EMD Loss: 15.392151
2025-05-28 13:18:22,750 INFO ==> Height map loss:  5.225913
2025-05-28 13:18:23,098 DEBUG loaded <trimesh.Trimesh(vertices.shape=(48, 3), faces.shape=(28, 3))> using `load_obj` in 0.0007s
2025-05-28 13:18:23,219 DEBUG loaded <trimesh.Trimesh(vertices.shape=(916, 3), faces.shape=(856, 3))> using `load_obj` in 0.0028s
2025-05-28 13:18:38,515 INFO =====> Skill params: [ 0.33444887  0.7743209   0.8657619   0.21109049 -0.9636088 ]
2025-05-28 13:18:38,515 INFO =====> Grad: [  617.4757  -4285.688    -424.12646   196.89273  -830.5036 ]
2025-05-28 13:18:38,515 INFO =====> Num. aborted data so far: 0
2025-05-28 13:18:38,516 INFO ===========> Epoch: 11 optimisation losses
2025-05-28 13:18:38,516 INFO =====> EMD Loss: 15.236932
2025-05-28 13:18:38,516 INFO =====> Height map loss: 4.894852
2025-05-28 13:18:38,873 DEBUG loaded <trimesh.Trimesh(vertices.shape=(48, 3), faces.shape=(28, 3))> using `load_obj` in 0.0008s
2025-05-28 13:18:38,993 DEBUG loaded <trimesh.Trimesh(vertices.shape=(916, 3), faces.shape=(856, 3))> using `load_obj` in 0.0027s
2025-05-28 13:18:45,283 INFO ==> EMD Loss: 15.363925
2025-05-28 13:18:45,283 INFO ==> Height map loss:  4.897085
2025-05-28 13:18:45,613 DEBUG loaded <trimesh.Trimesh(vertices.shape=(48, 3), faces.shape=(28, 3))> using `load_obj` in 0.0007s
2025-05-28 13:18:45,732 DEBUG loaded <trimesh.Trimesh(vertices.shape=(916, 3), faces.shape=(856, 3))> using `load_obj` in 0.0027s
2025-05-28 13:18:51,951 INFO ==> EMD Loss: 15.326380
2025-05-28 13:18:51,951 INFO ==> Height map loss:  4.851150
2025-05-28 13:18:52,292 DEBUG loaded <trimesh.Trimesh(vertices.shape=(48, 3), faces.shape=(28, 3))> using `load_obj` in 0.0008s
2025-05-28 13:18:52,412 DEBUG loaded <trimesh.Trimesh(vertices.shape=(916, 3), faces.shape=(856, 3))> using `load_obj` in 0.0026s
2025-05-28 13:18:58,897 INFO ==> EMD Loss: 15.304684
2025-05-28 13:18:58,897 INFO ==> Height map loss:  4.880099
2025-05-28 13:18:59,240 DEBUG loaded <trimesh.Trimesh(vertices.shape=(48, 3), faces.shape=(28, 3))> using `load_obj` in 0.0007s
2025-05-28 13:18:59,359 DEBUG loaded <trimesh.Trimesh(vertices.shape=(916, 3), faces.shape=(856, 3))> using `load_obj` in 0.0028s
2025-05-28 13:19:05,756 INFO ==> EMD Loss: 15.259984
2025-05-28 13:19:05,756 INFO ==> Height map loss:  4.931973
2025-05-28 13:19:06,101 DEBUG loaded <trimesh.Trimesh(vertices.shape=(48, 3), faces.shape=(28, 3))> using `load_obj` in 0.0007s
2025-05-28 13:19:06,229 DEBUG loaded <trimesh.Trimesh(vertices.shape=(916, 3), faces.shape=(856, 3))> using `load_obj` in 0.0027s
2025-05-28 13:19:12,774 INFO ==> EMD Loss: 15.229610
2025-05-28 13:19:12,774 INFO ==> Height map loss:  4.954354
2025-05-28 13:19:13,113 DEBUG loaded <trimesh.Trimesh(vertices.shape=(48, 3), faces.shape=(28, 3))> using `load_obj` in 0.0007s
2025-05-28 13:19:13,233 DEBUG loaded <trimesh.Trimesh(vertices.shape=(916, 3), faces.shape=(856, 3))> using `load_obj` in 0.0028s
2025-05-28 13:19:28,837 INFO =====> Skill params: [ 0.31684285  0.78917986  0.8968473   0.20311177 -0.9419435 ]
2025-05-28 13:19:28,837 INFO =====> Grad: [  617.1429   -5606.7954     -17.402334   570.12476   -766.3667  ]
2025-05-28 13:19:28,837 INFO =====> Num. aborted data so far: 0
2025-05-28 13:19:28,838 INFO ===========> Epoch: 12 optimisation losses
2025-05-28 13:19:28,838 INFO =====> EMD Loss: 15.326391
2025-05-28 13:19:28,838 INFO =====> Height map loss: 4.851193
2025-05-28 13:19:29,199 DEBUG loaded <trimesh.Trimesh(vertices.shape=(48, 3), faces.shape=(28, 3))> using `load_obj` in 0.0008s
2025-05-28 13:19:29,328 DEBUG loaded <trimesh.Trimesh(vertices.shape=(916, 3), faces.shape=(856, 3))> using `load_obj` in 0.0028s
2025-05-28 13:19:35,608 INFO ==> EMD Loss: 15.304827
2025-05-28 13:19:35,608 INFO ==> Height map loss:  4.859727
2025-05-28 13:19:35,946 DEBUG loaded <trimesh.Trimesh(vertices.shape=(48, 3), faces.shape=(28, 3))> using `load_obj` in 0.0008s
2025-05-28 13:19:36,065 DEBUG loaded <trimesh.Trimesh(vertices.shape=(916, 3), faces.shape=(856, 3))> using `load_obj` in 0.0028s
2025-05-28 13:19:42,570 INFO ==> EMD Loss: 15.267248
2025-05-28 13:19:42,570 INFO ==> Height map loss:  4.901022
2025-05-28 13:19:42,910 DEBUG loaded <trimesh.Trimesh(vertices.shape=(48, 3), faces.shape=(28, 3))> using `load_obj` in 0.0008s
2025-05-28 13:19:43,031 DEBUG loaded <trimesh.Trimesh(vertices.shape=(916, 3), faces.shape=(856, 3))> using `load_obj` in 0.0028s
2025-05-28 13:19:49,460 INFO ==> EMD Loss: 15.247575
2025-05-28 13:19:49,460 INFO ==> Height map loss:  4.960614
2025-05-28 13:19:49,799 DEBUG loaded <trimesh.Trimesh(vertices.shape=(48, 3), faces.shape=(28, 3))> using `load_obj` in 0.0008s
2025-05-28 13:19:49,920 DEBUG loaded <trimesh.Trimesh(vertices.shape=(916, 3), faces.shape=(856, 3))> using `load_obj` in 0.0028s
2025-05-28 13:19:56,565 INFO ==> EMD Loss: 15.326619
2025-05-28 13:19:56,565 INFO ==> Height map loss:  4.962321
2025-05-28 13:19:56,910 DEBUG loaded <trimesh.Trimesh(vertices.shape=(48, 3), faces.shape=(28, 3))> using `load_obj` in 0.0008s
2025-05-28 13:19:57,033 DEBUG loaded <trimesh.Trimesh(vertices.shape=(916, 3), faces.shape=(856, 3))> using `load_obj` in 0.0028s
2025-05-28 13:20:03,662 INFO ==> EMD Loss: 15.355077
2025-05-28 13:20:03,662 INFO ==> Height map loss:  4.961377
2025-05-28 13:20:04,011 DEBUG loaded <trimesh.Trimesh(vertices.shape=(48, 3), faces.shape=(28, 3))> using `load_obj` in 0.0007s
2025-05-28 13:20:04,131 DEBUG loaded <trimesh.Trimesh(vertices.shape=(916, 3), faces.shape=(856, 3))> using `load_obj` in 0.0028s
2025-05-28 13:20:19,857 INFO =====> Skill params: [ 0.31338793  0.79294205  0.89711607  0.19877885 -0.9380918 ]
2025-05-28 13:20:19,857 INFO =====> Grad: [ 617.1429  5940.598   -423.83514 -406.663   -437.7914 ]
2025-05-28 13:20:19,857 INFO =====> Num. aborted data so far: 0
2025-05-28 13:20:19,858 INFO ===========> Epoch: 13 optimisation losses
2025-05-28 13:20:19,858 INFO =====> EMD Loss: 15.304766
2025-05-28 13:20:19,858 INFO =====> Height map loss: 4.859711
2025-05-28 13:20:20,222 DEBUG loaded <trimesh.Trimesh(vertices.shape=(48, 3), faces.shape=(28, 3))> using `load_obj` in 0.0008s
2025-05-28 13:20:20,345 DEBUG loaded <trimesh.Trimesh(vertices.shape=(916, 3), faces.shape=(856, 3))> using `load_obj` in 0.0029s
2025-05-28 13:20:26,686 INFO ==> EMD Loss: 15.333851
2025-05-28 13:20:26,686 INFO ==> Height map loss:  4.859628
2025-05-28 13:20:27,028 DEBUG loaded <trimesh.Trimesh(vertices.shape=(48, 3), faces.shape=(28, 3))> using `load_obj` in 0.0008s
2025-05-28 13:20:27,149 DEBUG loaded <trimesh.Trimesh(vertices.shape=(916, 3), faces.shape=(856, 3))> using `load_obj` in 0.0028s
2025-05-28 13:20:33,630 INFO ==> EMD Loss: 15.402419
2025-05-28 13:20:33,630 INFO ==> Height map loss:  4.898113
2025-05-28 13:20:33,970 DEBUG loaded <trimesh.Trimesh(vertices.shape=(48, 3), faces.shape=(28, 3))> using `load_obj` in 0.0008s
2025-05-28 13:20:34,089 DEBUG loaded <trimesh.Trimesh(vertices.shape=(916, 3), faces.shape=(856, 3))> using `load_obj` in 0.0026s
2025-05-28 13:20:40,319 INFO ==> EMD Loss: 15.444738
2025-05-28 13:20:40,319 INFO ==> Height map loss:  4.975415
2025-05-28 13:20:40,661 DEBUG loaded <trimesh.Trimesh(vertices.shape=(48, 3), faces.shape=(28, 3))> using `load_obj` in 0.0007s
2025-05-28 13:20:40,783 DEBUG loaded <trimesh.Trimesh(vertices.shape=(916, 3), faces.shape=(856, 3))> using `load_obj` in 0.0027s
2025-05-28 13:20:47,105 INFO ==> EMD Loss: 15.469034
2025-05-28 13:20:47,105 INFO ==> Height map loss:  5.035599
2025-05-28 13:20:47,444 DEBUG loaded <trimesh.Trimesh(vertices.shape=(48, 3), faces.shape=(28, 3))> using `load_obj` in 0.0008s
2025-05-28 13:20:47,568 DEBUG loaded <trimesh.Trimesh(vertices.shape=(916, 3), faces.shape=(856, 3))> using `load_obj` in 0.0028s
2025-05-28 13:20:53,664 INFO ==> EMD Loss: 15.631583
2025-05-28 13:20:53,665 INFO ==> Height map loss:  5.132688
2025-05-28 13:20:54,008 DEBUG loaded <trimesh.Trimesh(vertices.shape=(48, 3), faces.shape=(28, 3))> using `load_obj` in 0.0007s
2025-05-28 13:20:54,129 DEBUG loaded <trimesh.Trimesh(vertices.shape=(916, 3), faces.shape=(856, 3))> using `load_obj` in 0.0028s
2025-05-28 13:21:10,261 INFO =====> Skill params: [ 0.30998802  0.7891002   0.9026964   0.20186004 -0.9358388 ]
2025-05-28 13:21:10,262 INFO =====> Grad: [-617.1429   5918.304      17.366951 -488.5514    -82.28529 ]
2025-05-28 13:21:10,262 INFO =====> Num. aborted data so far: 0
2025-05-28 13:21:10,263 INFO ===========> Epoch: 14 optimisation losses
2025-05-28 13:21:10,263 INFO =====> EMD Loss: 15.331563
2025-05-28 13:21:10,263 INFO =====> Height map loss: 4.859620
2025-05-28 13:21:10,632 DEBUG loaded <trimesh.Trimesh(vertices.shape=(48, 3), faces.shape=(28, 3))> using `load_obj` in 0.0008s
2025-05-28 13:21:10,754 DEBUG loaded <trimesh.Trimesh(vertices.shape=(916, 3), faces.shape=(856, 3))> using `load_obj` in 0.0029s
2025-05-28 13:21:17,028 INFO ==> EMD Loss: 15.334445
2025-05-28 13:21:17,029 INFO ==> Height map loss:  4.855318
2025-05-28 13:21:17,368 DEBUG loaded <trimesh.Trimesh(vertices.shape=(48, 3), faces.shape=(28, 3))> using `load_obj` in 0.0008s
2025-05-28 13:21:17,489 DEBUG loaded <trimesh.Trimesh(vertices.shape=(916, 3), faces.shape=(856, 3))> using `load_obj` in 0.0028s
2025-05-28 13:21:23,813 INFO ==> EMD Loss: 15.411133
2025-05-28 13:21:23,813 INFO ==> Height map loss:  4.928657
2025-05-28 13:21:24,153 DEBUG loaded <trimesh.Trimesh(vertices.shape=(48, 3), faces.shape=(28, 3))> using `load_obj` in 0.0008s
2025-05-28 13:21:24,276 DEBUG loaded <trimesh.Trimesh(vertices.shape=(916, 3), faces.shape=(856, 3))> using `load_obj` in 0.0027s
2025-05-28 13:21:30,434 INFO ==> EMD Loss: 15.439360
2025-05-28 13:21:30,434 INFO ==> Height map loss:  5.005956
2025-05-28 13:21:30,782 DEBUG loaded <trimesh.Trimesh(vertices.shape=(48, 3), faces.shape=(28, 3))> using `load_obj` in 0.0008s
2025-05-28 13:21:30,906 DEBUG loaded <trimesh.Trimesh(vertices.shape=(916, 3), faces.shape=(856, 3))> using `load_obj` in 0.0027s
2025-05-28 13:21:37,182 INFO ==> EMD Loss: 15.359623
2025-05-28 13:21:37,182 INFO ==> Height map loss:  5.098652
2025-05-28 13:21:37,526 DEBUG loaded <trimesh.Trimesh(vertices.shape=(48, 3), faces.shape=(28, 3))> using `load_obj` in 0.0008s
2025-05-28 13:21:37,652 DEBUG loaded <trimesh.Trimesh(vertices.shape=(916, 3), faces.shape=(856, 3))> using `load_obj` in 0.0028s
2025-05-28 13:21:43,704 INFO ==> EMD Loss: 15.522993
2025-05-28 13:21:43,704 INFO ==> Height map loss:  5.140633
2025-05-28 13:21:44,049 DEBUG loaded <trimesh.Trimesh(vertices.shape=(48, 3), faces.shape=(28, 3))> using `load_obj` in 0.0007s
2025-05-28 13:21:44,173 DEBUG loaded <trimesh.Trimesh(vertices.shape=(916, 3), faces.shape=(856, 3))> using `load_obj` in 0.0027s
2025-05-28 13:22:00,289 INFO =====> Skill params: [ 0.3133406   0.7853876   0.90245545  0.20546861 -0.935393  ]
2025-05-28 13:22:00,289 INFO =====> Grad: [  611.5385   -6326.1826     -15.718711   184.51474   -550.88324 ]
2025-05-28 13:22:00,289 INFO =====> Num. aborted data so far: 0
2025-05-28 13:22:00,290 INFO ===========> Epoch: 15 optimisation losses
2025-05-28 13:22:00,290 INFO =====> EMD Loss: 15.334369
2025-05-28 13:22:00,290 INFO =====> Height map loss: 4.855448
2025-05-28 13:22:00,666 DEBUG loaded <trimesh.Trimesh(vertices.shape=(48, 3), faces.shape=(28, 3))> using `load_obj` in 0.0008s
2025-05-28 13:22:00,793 DEBUG loaded <trimesh.Trimesh(vertices.shape=(916, 3), faces.shape=(856, 3))> using `load_obj` in 0.0029s
2025-05-28 13:22:07,149 INFO ==> EMD Loss: 15.332320
2025-05-28 13:22:07,149 INFO ==> Height map loss:  4.857039
2025-05-28 13:22:07,494 DEBUG loaded <trimesh.Trimesh(vertices.shape=(48, 3), faces.shape=(28, 3))> using `load_obj` in 0.0008s
2025-05-28 13:22:07,617 DEBUG loaded <trimesh.Trimesh(vertices.shape=(916, 3), faces.shape=(856, 3))> using `load_obj` in 0.0028s
2025-05-28 13:22:14,125 INFO ==> EMD Loss: 15.305050
2025-05-28 13:22:14,125 INFO ==> Height map loss:  4.882766
2025-05-28 13:22:14,469 DEBUG loaded <trimesh.Trimesh(vertices.shape=(48, 3), faces.shape=(28, 3))> using `load_obj` in 0.0008s
2025-05-28 13:22:14,589 DEBUG loaded <trimesh.Trimesh(vertices.shape=(916, 3), faces.shape=(856, 3))> using `load_obj` in 0.0028s
2025-05-28 13:22:21,014 INFO ==> EMD Loss: 15.248723
2025-05-28 13:22:21,014 INFO ==> Height map loss:  4.945044
2025-05-28 13:22:21,361 DEBUG loaded <trimesh.Trimesh(vertices.shape=(48, 3), faces.shape=(28, 3))> using `load_obj` in 0.0007s
2025-05-28 13:22:21,486 DEBUG loaded <trimesh.Trimesh(vertices.shape=(916, 3), faces.shape=(856, 3))> using `load_obj` in 0.0028s
2025-05-28 13:22:28,100 INFO ==> EMD Loss: 15.326511
2025-05-28 13:22:28,100 INFO ==> Height map loss:  4.960256
2025-05-28 13:22:28,446 DEBUG loaded <trimesh.Trimesh(vertices.shape=(48, 3), faces.shape=(28, 3))> using `load_obj` in 0.0008s
2025-05-28 13:22:28,570 DEBUG loaded <trimesh.Trimesh(vertices.shape=(916, 3), faces.shape=(856, 3))> using `load_obj` in 0.0028s
2025-05-28 13:22:35,146 INFO ==> EMD Loss: 15.348772
2025-05-28 13:22:35,146 INFO ==> Height map loss:  4.962273
2025-05-28 13:22:35,498 DEBUG loaded <trimesh.Trimesh(vertices.shape=(48, 3), faces.shape=(28, 3))> using `load_obj` in 0.0008s
2025-05-28 13:22:35,622 DEBUG loaded <trimesh.Trimesh(vertices.shape=(916, 3), faces.shape=(856, 3))> using `load_obj` in 0.0028s
2025-05-28 13:22:51,413 INFO =====> Skill params: [ 0.31005543  0.78921515  0.9026853   0.20404822 -0.9324065 ]
2025-05-28 13:22:51,413 INFO =====> Grad: [  617.1429   -4335.2866     -17.418005   582.3628    -765.2008  ]
2025-05-28 13:22:51,413 INFO =====> Num. aborted data so far: 0
2025-05-28 13:22:51,414 INFO ===========> Epoch: 16 optimisation losses
2025-05-28 13:22:51,414 INFO =====> EMD Loss: 15.334538
2025-05-28 13:22:51,414 INFO =====> Height map loss: 4.857025
2025-05-28 13:22:51,785 DEBUG loaded <trimesh.Trimesh(vertices.shape=(48, 3), faces.shape=(28, 3))> using `load_obj` in 0.0008s
2025-05-28 13:22:51,911 DEBUG loaded <trimesh.Trimesh(vertices.shape=(916, 3), faces.shape=(856, 3))> using `load_obj` in 0.0029s
2025-05-28 13:22:58,262 INFO ==> EMD Loss: 15.312156
2025-05-28 13:22:58,262 INFO ==> Height map loss:  4.861776
2025-05-28 13:22:58,609 DEBUG loaded <trimesh.Trimesh(vertices.shape=(48, 3), faces.shape=(28, 3))> using `load_obj` in 0.0007s
2025-05-28 13:22:58,734 DEBUG loaded <trimesh.Trimesh(vertices.shape=(916, 3), faces.shape=(856, 3))> using `load_obj` in 0.0027s
2025-05-28 13:23:05,244 INFO ==> EMD Loss: 15.280665
2025-05-28 13:23:05,244 INFO ==> Height map loss:  4.882823
2025-05-28 13:23:05,596 DEBUG loaded <trimesh.Trimesh(vertices.shape=(48, 3), faces.shape=(28, 3))> using `load_obj` in 0.0008s
2025-05-28 13:23:05,720 DEBUG loaded <trimesh.Trimesh(vertices.shape=(916, 3), faces.shape=(856, 3))> using `load_obj` in 0.0028s
2025-05-28 13:23:12,133 INFO ==> EMD Loss: 15.241243
2025-05-28 13:23:12,133 INFO ==> Height map loss:  4.939253
2025-05-28 13:23:12,553 DEBUG loaded <trimesh.Trimesh(vertices.shape=(48, 3), faces.shape=(28, 3))> using `load_obj` in 0.0007s
2025-05-28 13:23:12,680 DEBUG loaded <trimesh.Trimesh(vertices.shape=(916, 3), faces.shape=(856, 3))> using `load_obj` in 0.0028s
2025-05-28 13:23:19,314 INFO ==> EMD Loss: 15.226720
2025-05-28 13:23:19,314 INFO ==> Height map loss:  4.961884
2025-05-28 13:23:19,662 DEBUG loaded <trimesh.Trimesh(vertices.shape=(48, 3), faces.shape=(28, 3))> using `load_obj` in 0.0007s
2025-05-28 13:23:19,787 DEBUG loaded <trimesh.Trimesh(vertices.shape=(916, 3), faces.shape=(856, 3))> using `load_obj` in 0.0028s
2025-05-28 13:23:26,358 INFO ==> EMD Loss: 15.247946
2025-05-28 13:23:26,358 INFO ==> Height map loss:  4.962611
2025-05-28 13:23:26,709 DEBUG loaded <trimesh.Trimesh(vertices.shape=(48, 3), faces.shape=(28, 3))> using `load_obj` in 0.0007s
2025-05-28 13:23:26,835 DEBUG loaded <trimesh.Trimesh(vertices.shape=(916, 3), faces.shape=(856, 3))> using `load_obj` in 0.0028s
2025-05-28 13:23:42,629 INFO =====> Skill params: [ 0.30677623  0.79186964  0.9029536   0.19981837 -0.92843527]
2025-05-28 13:23:42,629 INFO =====> Grad: [  617.1429   -6674.734      -18.596273   585.6292    -770.4615  ]
2025-05-28 13:23:42,629 INFO =====> Num. aborted data so far: 0
2025-05-28 13:23:42,630 INFO ===========> Epoch: 17 optimisation losses
2025-05-28 13:23:42,630 INFO =====> EMD Loss: 15.312145
2025-05-28 13:23:42,630 INFO =====> Height map loss: 4.861784
2025-05-28 13:23:43,008 DEBUG loaded <trimesh.Trimesh(vertices.shape=(48, 3), faces.shape=(28, 3))> using `load_obj` in 0.0008s
2025-05-28 13:23:43,133 DEBUG loaded <trimesh.Trimesh(vertices.shape=(916, 3), faces.shape=(856, 3))> using `load_obj` in 0.0029s
2025-05-28 13:23:49,463 INFO ==> EMD Loss: 15.404163
2025-05-28 13:23:49,463 INFO ==> Height map loss:  4.860661
2025-05-28 13:23:49,814 DEBUG loaded <trimesh.Trimesh(vertices.shape=(48, 3), faces.shape=(28, 3))> using `load_obj` in 0.0007s
2025-05-28 13:23:49,938 DEBUG loaded <trimesh.Trimesh(vertices.shape=(916, 3), faces.shape=(856, 3))> using `load_obj` in 0.0027s
2025-05-28 13:23:56,457 INFO ==> EMD Loss: 15.260201
2025-05-28 13:23:56,457 INFO ==> Height map loss:  4.914740
2025-05-28 13:23:56,812 DEBUG loaded <trimesh.Trimesh(vertices.shape=(48, 3), faces.shape=(28, 3))> using `load_obj` in 0.0008s
2025-05-28 13:23:56,936 DEBUG loaded <trimesh.Trimesh(vertices.shape=(916, 3), faces.shape=(856, 3))> using `load_obj` in 0.0028s
2025-05-28 13:24:03,366 INFO ==> EMD Loss: 15.244213
2025-05-28 13:24:03,366 INFO ==> Height map loss:  4.962588
2025-05-28 13:24:03,722 DEBUG loaded <trimesh.Trimesh(vertices.shape=(48, 3), faces.shape=(28, 3))> using `load_obj` in 0.0008s
2025-05-28 13:24:03,849 DEBUG loaded <trimesh.Trimesh(vertices.shape=(916, 3), faces.shape=(856, 3))> using `load_obj` in 0.0028s
2025-05-28 13:24:10,505 INFO ==> EMD Loss: 15.350755
2025-05-28 13:24:10,505 INFO ==> Height map loss:  4.963097
2025-05-28 13:24:10,854 DEBUG loaded <trimesh.Trimesh(vertices.shape=(48, 3), faces.shape=(28, 3))> using `load_obj` in 0.0008s
2025-05-28 13:24:10,980 DEBUG loaded <trimesh.Trimesh(vertices.shape=(916, 3), faces.shape=(856, 3))> using `load_obj` in 0.0029s
2025-05-28 13:24:17,579 INFO ==> EMD Loss: 15.353290
2025-05-28 13:24:17,579 INFO ==> Height map loss:  4.961072
2025-05-28 13:24:17,986 DEBUG loaded <trimesh.Trimesh(vertices.shape=(48, 3), faces.shape=(28, 3))> using `load_obj` in 0.0008s
2025-05-28 13:24:18,111 DEBUG loaded <trimesh.Trimesh(vertices.shape=(916, 3), faces.shape=(856, 3))> using `load_obj` in 0.0028s
2025-05-28 13:24:33,972 INFO =====> Skill params: [ 0.30352852  0.7957921   0.90325546  0.19576466 -0.9245835 ]
2025-05-28 13:24:33,972 INFO =====> Grad: [  611.32074  -6934.459      -20.337074   -76.797264   101.15071 ]
2025-05-28 13:24:33,972 INFO =====> Num. aborted data so far: 0
2025-05-28 13:24:33,973 INFO ===========> Epoch: 18 optimisation losses
2025-05-28 13:24:33,973 INFO =====> EMD Loss: 15.407315
2025-05-28 13:24:33,973 INFO =====> Height map loss: 4.860576
2025-05-28 13:24:34,346 DEBUG loaded <trimesh.Trimesh(vertices.shape=(48, 3), faces.shape=(28, 3))> using `load_obj` in 0.0008s
2025-05-28 13:24:34,473 DEBUG loaded <trimesh.Trimesh(vertices.shape=(916, 3), faces.shape=(856, 3))> using `load_obj` in 0.0029s
2025-05-28 13:24:40,831 INFO ==> EMD Loss: 15.354466
2025-05-28 13:24:40,831 INFO ==> Height map loss:  4.873618
2025-05-28 13:24:41,186 DEBUG loaded <trimesh.Trimesh(vertices.shape=(48, 3), faces.shape=(28, 3))> using `load_obj` in 0.0008s
2025-05-28 13:24:41,313 DEBUG loaded <trimesh.Trimesh(vertices.shape=(916, 3), faces.shape=(856, 3))> using `load_obj` in 0.0028s
2025-05-28 13:24:47,868 INFO ==> EMD Loss: 15.275298
2025-05-28 13:24:47,868 INFO ==> Height map loss:  4.926555
2025-05-28 13:24:48,298 DEBUG loaded <trimesh.Trimesh(vertices.shape=(48, 3), faces.shape=(28, 3))> using `load_obj` in 0.0008s
2025-05-28 13:24:48,422 DEBUG loaded <trimesh.Trimesh(vertices.shape=(916, 3), faces.shape=(856, 3))> using `load_obj` in 0.0027s
2025-05-28 13:24:54,857 INFO ==> EMD Loss: 15.235631
2025-05-28 13:24:54,858 INFO ==> Height map loss:  4.954937
2025-05-28 13:24:55,209 DEBUG loaded <trimesh.Trimesh(vertices.shape=(48, 3), faces.shape=(28, 3))> using `load_obj` in 0.0007s
2025-05-28 13:24:55,337 DEBUG loaded <trimesh.Trimesh(vertices.shape=(916, 3), faces.shape=(856, 3))> using `load_obj` in 0.0028s
2025-05-28 13:25:01,998 INFO ==> EMD Loss: 15.350250
2025-05-28 13:25:01,998 INFO ==> Height map loss:  4.960753
2025-05-28 13:25:02,345 DEBUG loaded <trimesh.Trimesh(vertices.shape=(48, 3), faces.shape=(28, 3))> using `load_obj` in 0.0007s
2025-05-28 13:25:02,472 DEBUG loaded <trimesh.Trimesh(vertices.shape=(916, 3), faces.shape=(856, 3))> using `load_obj` in 0.0028s
2025-05-28 13:25:09,057 INFO ==> EMD Loss: 15.350746
2025-05-28 13:25:09,057 INFO ==> Height map loss:  4.960987
2025-05-28 13:25:09,405 DEBUG loaded <trimesh.Trimesh(vertices.shape=(48, 3), faces.shape=(28, 3))> using `load_obj` in 0.0008s
2025-05-28 13:25:09,531 DEBUG loaded <trimesh.Trimesh(vertices.shape=(916, 3), faces.shape=(856, 3))> using `load_obj` in 0.0028s
2025-05-28 13:25:25,744 INFO =====> Skill params: [ 0.3003353   0.7997052   0.90360314  0.19632404 -0.9251157 ]
2025-05-28 13:25:25,745 INFO =====> Grad: [  611.32074 -5518.0786   -308.94205   588.3457   -774.79584]
2025-05-28 13:25:25,745 INFO =====> Num. aborted data so far: 0
2025-05-28 13:25:25,745 INFO ===========> Epoch: 19 optimisation losses
2025-05-28 13:25:25,745 INFO =====> EMD Loss: 15.354551
2025-05-28 13:25:25,745 INFO =====> Height map loss: 4.873595
2025-05-28 13:25:26,119 DEBUG loaded <trimesh.Trimesh(vertices.shape=(48, 3), faces.shape=(28, 3))> using `load_obj` in 0.0008s
2025-05-28 13:25:26,245 DEBUG loaded <trimesh.Trimesh(vertices.shape=(916, 3), faces.shape=(856, 3))> using `load_obj` in 0.0029s
2025-05-28 13:25:32,618 INFO ==> EMD Loss: 15.322127
2025-05-28 13:25:32,618 INFO ==> Height map loss:  4.877715
2025-05-28 13:25:32,963 DEBUG loaded <trimesh.Trimesh(vertices.shape=(48, 3), faces.shape=(28, 3))> using `load_obj` in 0.0008s
2025-05-28 13:25:33,089 DEBUG loaded <trimesh.Trimesh(vertices.shape=(916, 3), faces.shape=(856, 3))> using `load_obj` in 0.0028s
2025-05-28 13:25:39,597 INFO ==> EMD Loss: 15.240767
2025-05-28 13:25:39,597 INFO ==> Height map loss:  4.933596
2025-05-28 13:25:39,941 DEBUG loaded <trimesh.Trimesh(vertices.shape=(48, 3), faces.shape=(28, 3))> using `load_obj` in 0.0007s
2025-05-28 13:25:40,066 DEBUG loaded <trimesh.Trimesh(vertices.shape=(916, 3), faces.shape=(856, 3))> using `load_obj` in 0.0028s
2025-05-28 13:25:46,512 INFO ==> EMD Loss: 15.249061
2025-05-28 13:25:46,512 INFO ==> Height map loss:  4.960702
2025-05-28 13:25:46,857 DEBUG loaded <trimesh.Trimesh(vertices.shape=(48, 3), faces.shape=(28, 3))> using `load_obj` in 0.0007s
2025-05-28 13:25:46,978 DEBUG loaded <trimesh.Trimesh(vertices.shape=(916, 3), faces.shape=(856, 3))> using `load_obj` in 0.0029s
2025-05-28 13:25:53,637 INFO ==> EMD Loss: 15.247799
2025-05-28 13:25:53,637 INFO ==> Height map loss:  4.961719
2025-05-28 13:25:53,988 DEBUG loaded <trimesh.Trimesh(vertices.shape=(48, 3), faces.shape=(28, 3))> using `load_obj` in 0.0007s
2025-05-28 13:25:54,110 DEBUG loaded <trimesh.Trimesh(vertices.shape=(916, 3), faces.shape=(856, 3))> using `load_obj` in 0.0027s
2025-05-28 13:26:00,675 INFO ==> EMD Loss: 15.350387
2025-05-28 13:26:00,675 INFO ==> Height map loss:  4.962324
2025-05-28 13:26:01,028 DEBUG loaded <trimesh.Trimesh(vertices.shape=(48, 3), faces.shape=(28, 3))> using `load_obj` in 0.0008s
2025-05-28 13:26:01,152 DEBUG loaded <trimesh.Trimesh(vertices.shape=(916, 3), faces.shape=(856, 3))> using `load_obj` in 0.0028s
2025-05-28 13:26:07,541 INFO ===========> Finished training.
2025-05-28 13:26:07,541 INFO ====> Final EMD Loss: 15.322042
2025-05-28 13:26:07,541 INFO ====> Final Height map loss: 4.877633
2025-05-28 13:26:07,541 INFO ====> Final skill params: [ 0.29716307  0.8028071   0.9084048   0.19224562 -0.92120147]
