2024-12-04 16:14:44,008 DEBUG loaded <trimesh.Trimesh(vertices.shape=(916, 3), faces.shape=(856, 3))> using `load_obj` in 0.0029s
2024-12-04 16:14:44,159 DEBUG loaded <trimesh.Trimesh(vertices.shape=(48, 3), faces.shape=(28, 3))> using `load_obj` in 0.0007s
2024-12-04 16:15:04,838 INFO =====> Skill params: [ 1.    0.45  0.8   0.   -0.1 ]
2024-12-04 16:15:04,838 INFO =====> Grad: [-2.4347349e+03  7.8897400e+02 -8.0266982e-06  9.6622742e+02
 -7.5144788e-05]
2024-12-04 16:15:04,838 INFO =====> Num. aborted data so far: 0
2024-12-04 16:15:04,846 INFO ===========> Epoch: 0 optimisation losses
2024-12-04 16:15:04,846 INFO =====> EMD Loss: 24.994278
2024-12-04 16:15:04,846 INFO =====> Height map loss: 16.314175
2024-12-04 16:15:04,846 INFO =====> Insertion loss: 0.000000
2024-12-04 16:15:05,244 DEBUG loaded <trimesh.Trimesh(vertices.shape=(916, 3), faces.shape=(856, 3))> using `load_obj` in 0.0029s
2024-12-04 16:15:05,394 DEBUG loaded <trimesh.Trimesh(vertices.shape=(48, 3), faces.shape=(28, 3))> using `load_obj` in 0.0007s
2024-12-04 16:15:13,193 INFO ==> EMD Loss: 24.980509
2024-12-04 16:15:13,193 INFO ==> Height map loss:  16.293585
2024-12-04 16:15:13,194 INFO ==> Insertion loss: 0.000000
2024-12-04 16:15:13,563 DEBUG loaded <trimesh.Trimesh(vertices.shape=(916, 3), faces.shape=(856, 3))> using `load_obj` in 0.0029s
2024-12-04 16:15:13,715 DEBUG loaded <trimesh.Trimesh(vertices.shape=(48, 3), faces.shape=(28, 3))> using `load_obj` in 0.0007s
2024-12-04 16:15:21,366 INFO ==> EMD Loss: 24.348902
2024-12-04 16:15:21,366 INFO ==> Height map loss:  15.536945
2024-12-04 16:15:21,366 INFO ==> Insertion loss: 0.000000
2024-12-04 16:15:21,731 DEBUG loaded <trimesh.Trimesh(vertices.shape=(916, 3), faces.shape=(856, 3))> using `load_obj` in 0.0029s
2024-12-04 16:15:21,882 DEBUG loaded <trimesh.Trimesh(vertices.shape=(48, 3), faces.shape=(28, 3))> using `load_obj` in 0.0007s
2024-12-04 16:15:29,768 INFO ==> EMD Loss: 23.829660
2024-12-04 16:15:29,768 INFO ==> Height map loss:  14.737569
2024-12-04 16:15:29,768 INFO ==> Insertion loss: 0.000000
2024-12-04 16:15:30,137 DEBUG loaded <trimesh.Trimesh(vertices.shape=(916, 3), faces.shape=(856, 3))> using `load_obj` in 0.0029s
2024-12-04 16:15:30,286 DEBUG loaded <trimesh.Trimesh(vertices.shape=(48, 3), faces.shape=(28, 3))> using `load_obj` in 0.0007s
2024-12-04 16:15:37,910 INFO ==> EMD Loss: 22.965359
2024-12-04 16:15:37,910 INFO ==> Height map loss:  13.972576
2024-12-04 16:15:37,910 INFO ==> Insertion loss: 0.000000
2024-12-04 16:15:38,275 DEBUG loaded <trimesh.Trimesh(vertices.shape=(916, 3), faces.shape=(856, 3))> using `load_obj` in 0.0029s
2024-12-04 16:15:38,423 DEBUG loaded <trimesh.Trimesh(vertices.shape=(48, 3), faces.shape=(28, 3))> using `load_obj` in 0.0007s
2024-12-04 16:15:46,009 INFO ==> EMD Loss: 22.532356
2024-12-04 16:15:46,009 INFO ==> Height map loss:  13.096071
2024-12-04 16:15:46,009 INFO ==> Insertion loss: 0.000000
2024-12-04 16:15:46,378 DEBUG loaded <trimesh.Trimesh(vertices.shape=(916, 3), faces.shape=(856, 3))> using `load_obj` in 0.0029s
2024-12-04 16:15:46,526 DEBUG loaded <trimesh.Trimesh(vertices.shape=(48, 3), faces.shape=(28, 3))> using `load_obj` in 0.0007s
2024-12-04 16:16:06,823 INFO =====> Skill params: [ 1.          0.32350886  0.8033828  -0.1264911  -0.06926882]
2024-12-04 16:16:06,824 INFO =====> Grad: [-4.1564539e+02  1.3985100e+03 -3.0839819e-05  1.3854485e+02
 -7.9675570e-05]
2024-12-04 16:16:06,824 INFO =====> Num. aborted data so far: 0
2024-12-04 16:16:06,832 INFO ===========> Epoch: 1 optimisation losses
2024-12-04 16:16:06,832 INFO =====> EMD Loss: 22.532478
2024-12-04 16:16:06,832 INFO =====> Height map loss: 13.094418
2024-12-04 16:16:06,832 INFO =====> Insertion loss: 0.000000
2024-12-04 16:16:07,232 DEBUG loaded <trimesh.Trimesh(vertices.shape=(916, 3), faces.shape=(856, 3))> using `load_obj` in 0.0030s
2024-12-04 16:16:07,382 DEBUG loaded <trimesh.Trimesh(vertices.shape=(48, 3), faces.shape=(28, 3))> using `load_obj` in 0.0007s
2024-12-04 16:16:15,119 INFO ==> EMD Loss: 22.335909
2024-12-04 16:16:15,119 INFO ==> Height map loss:  13.019751
2024-12-04 16:16:15,119 INFO ==> Insertion loss: 0.000000
2024-12-04 16:16:15,501 DEBUG loaded <trimesh.Trimesh(vertices.shape=(916, 3), faces.shape=(856, 3))> using `load_obj` in 0.0029s
2024-12-04 16:16:15,650 DEBUG loaded <trimesh.Trimesh(vertices.shape=(48, 3), faces.shape=(28, 3))> using `load_obj` in 0.0007s
2024-12-04 16:16:23,261 INFO ==> EMD Loss: 21.876051
2024-12-04 16:16:23,261 INFO ==> Height map loss:  12.456538
2024-12-04 16:16:23,261 INFO ==> Insertion loss: 0.000000
2024-12-04 16:16:23,628 DEBUG loaded <trimesh.Trimesh(vertices.shape=(916, 3), faces.shape=(856, 3))> using `load_obj` in 0.0030s
2024-12-04 16:16:23,783 DEBUG loaded <trimesh.Trimesh(vertices.shape=(48, 3), faces.shape=(28, 3))> using `load_obj` in 0.0007s
2024-12-04 16:16:31,467 INFO ==> EMD Loss: 21.645891
2024-12-04 16:16:31,467 INFO ==> Height map loss:  12.232766
2024-12-04 16:16:31,467 INFO ==> Insertion loss: 0.000000
2024-12-04 16:16:31,832 DEBUG loaded <trimesh.Trimesh(vertices.shape=(916, 3), faces.shape=(856, 3))> using `load_obj` in 0.0029s
2024-12-04 16:16:31,980 DEBUG loaded <trimesh.Trimesh(vertices.shape=(48, 3), faces.shape=(28, 3))> using `load_obj` in 0.0007s
2024-12-04 16:16:39,566 INFO ==> EMD Loss: 21.232647
2024-12-04 16:16:39,567 INFO ==> Height map loss:  12.037906
2024-12-04 16:16:39,567 INFO ==> Insertion loss: 0.000000
2024-12-04 16:16:39,929 DEBUG loaded <trimesh.Trimesh(vertices.shape=(916, 3), faces.shape=(856, 3))> using `load_obj` in 0.0029s
2024-12-04 16:16:40,076 DEBUG loaded <trimesh.Trimesh(vertices.shape=(48, 3), faces.shape=(28, 3))> using `load_obj` in 0.0007s
2024-12-04 16:16:47,897 INFO ==> EMD Loss: 21.020483
2024-12-04 16:16:47,897 INFO ==> Height map loss:  11.926786
2024-12-04 16:16:47,897 INFO ==> Insertion loss: 0.000000
2024-12-04 16:16:48,261 DEBUG loaded <trimesh.Trimesh(vertices.shape=(916, 3), faces.shape=(856, 3))> using `load_obj` in 0.0029s
2024-12-04 16:16:48,413 DEBUG loaded <trimesh.Trimesh(vertices.shape=(48, 3), faces.shape=(28, 3))> using `load_obj` in 0.0007s
2024-12-04 16:17:09,107 INFO =====> Skill params: [ 1.          0.21198575  0.8170033  -0.14539471 -0.03612268]
2024-12-04 16:17:09,107 INFO =====> Grad: [ 1.39729385e+02  1.52633594e+03 -3.39505714e-05  8.80904480e+02
 -1.03971455e-04]
2024-12-04 16:17:09,107 INFO =====> Num. aborted data so far: 0
2024-12-04 16:17:09,115 INFO ===========> Epoch: 2 optimisation losses
2024-12-04 16:17:09,115 INFO =====> EMD Loss: 21.117146
2024-12-04 16:17:09,115 INFO =====> Height map loss: 11.927626
2024-12-04 16:17:09,115 INFO =====> Insertion loss: 0.000000
2024-12-04 16:17:09,508 DEBUG loaded <trimesh.Trimesh(vertices.shape=(916, 3), faces.shape=(856, 3))> using `load_obj` in 0.0029s
2024-12-04 16:17:09,669 DEBUG loaded <trimesh.Trimesh(vertices.shape=(48, 3), faces.shape=(28, 3))> using `load_obj` in 0.0007s
2024-12-04 16:17:17,267 INFO ==> EMD Loss: 21.029766
2024-12-04 16:17:17,267 INFO ==> Height map loss:  11.939068
2024-12-04 16:17:17,267 INFO ==> Insertion loss: 0.000000
2024-12-04 16:17:17,639 DEBUG loaded <trimesh.Trimesh(vertices.shape=(916, 3), faces.shape=(856, 3))> using `load_obj` in 0.0030s
2024-12-04 16:17:17,793 DEBUG loaded <trimesh.Trimesh(vertices.shape=(48, 3), faces.shape=(28, 3))> using `load_obj` in 0.0007s
2024-12-04 16:17:25,427 INFO ==> EMD Loss: 20.977848
2024-12-04 16:17:25,427 INFO ==> Height map loss:  12.115502
2024-12-04 16:17:25,427 INFO ==> Insertion loss: 0.000000
2024-12-04 16:17:25,791 DEBUG loaded <trimesh.Trimesh(vertices.shape=(916, 3), faces.shape=(856, 3))> using `load_obj` in 0.0030s
2024-12-04 16:17:25,945 DEBUG loaded <trimesh.Trimesh(vertices.shape=(48, 3), faces.shape=(28, 3))> using `load_obj` in 0.0007s
2024-12-04 16:17:33,789 INFO ==> EMD Loss: 20.738312
2024-12-04 16:17:33,789 INFO ==> Height map loss:  12.198359
2024-12-04 16:17:33,789 INFO ==> Insertion loss: 0.000000
2024-12-04 16:17:34,162 DEBUG loaded <trimesh.Trimesh(vertices.shape=(916, 3), faces.shape=(856, 3))> using `load_obj` in 0.0030s
2024-12-04 16:17:34,316 DEBUG loaded <trimesh.Trimesh(vertices.shape=(48, 3), faces.shape=(28, 3))> using `load_obj` in 0.0007s
2024-12-04 16:17:41,911 INFO ==> EMD Loss: 20.933174
2024-12-04 16:17:41,911 INFO ==> Height map loss:  12.582703
2024-12-04 16:17:41,911 INFO ==> Insertion loss: 0.000000
2024-12-04 16:17:42,279 DEBUG loaded <trimesh.Trimesh(vertices.shape=(916, 3), faces.shape=(856, 3))> using `load_obj` in 0.0029s
2024-12-04 16:17:42,429 DEBUG loaded <trimesh.Trimesh(vertices.shape=(48, 3), faces.shape=(28, 3))> using `load_obj` in 0.0007s
2024-12-04 16:17:50,103 INFO ==> EMD Loss: 20.866444
2024-12-04 16:17:50,103 INFO ==> Height map loss:  13.086474
2024-12-04 16:17:50,103 INFO ==> Insertion loss: 0.000000
2024-12-04 16:17:50,471 DEBUG loaded <trimesh.Trimesh(vertices.shape=(916, 3), faces.shape=(856, 3))> using `load_obj` in 0.0030s
2024-12-04 16:17:50,623 DEBUG loaded <trimesh.Trimesh(vertices.shape=(48, 3), faces.shape=(28, 3))> using `load_obj` in 0.0007s
2024-12-04 16:18:11,347 INFO =====> Skill params: [ 0.99960387  0.20748197  0.81778747 -0.14987046 -0.0339781 ]
2024-12-04 16:18:11,347 INFO =====> Grad: [ 1.1234755e+03 -3.4415681e+03 -1.2977476e-05 -1.6223239e+03
 -6.4941036e-05]
2024-12-04 16:18:11,348 INFO =====> Num. aborted data so far: 0
2024-12-04 16:18:11,355 INFO ===========> Epoch: 3 optimisation losses
2024-12-04 16:18:11,355 INFO =====> EMD Loss: 21.070354
2024-12-04 16:18:11,356 INFO =====> Height map loss: 11.929470
2024-12-04 16:18:11,356 INFO =====> Insertion loss: 0.000000
2024-12-04 16:18:11,751 DEBUG loaded <trimesh.Trimesh(vertices.shape=(916, 3), faces.shape=(856, 3))> using `load_obj` in 0.0029s
2024-12-04 16:18:11,900 DEBUG loaded <trimesh.Trimesh(vertices.shape=(48, 3), faces.shape=(28, 3))> using `load_obj` in 0.0007s
2024-12-04 16:18:19,715 INFO ==> EMD Loss: 20.904858
2024-12-04 16:18:19,715 INFO ==> Height map loss:  11.942074
2024-12-04 16:18:19,715 INFO ==> Insertion loss: 0.000000
2024-12-04 16:18:20,088 DEBUG loaded <trimesh.Trimesh(vertices.shape=(916, 3), faces.shape=(856, 3))> using `load_obj` in 0.0030s
2024-12-04 16:18:20,242 DEBUG loaded <trimesh.Trimesh(vertices.shape=(48, 3), faces.shape=(28, 3))> using `load_obj` in 0.0007s
2024-12-04 16:18:27,846 INFO ==> EMD Loss: 21.489998
2024-12-04 16:18:27,847 INFO ==> Height map loss:  12.057879
2024-12-04 16:18:27,847 INFO ==> Insertion loss: 0.000000
2024-12-04 16:18:28,213 DEBUG loaded <trimesh.Trimesh(vertices.shape=(916, 3), faces.shape=(856, 3))> using `load_obj` in 0.0030s
2024-12-04 16:18:28,366 DEBUG loaded <trimesh.Trimesh(vertices.shape=(48, 3), faces.shape=(28, 3))> using `load_obj` in 0.0007s
2024-12-04 16:18:35,991 INFO ==> EMD Loss: 21.821775
2024-12-04 16:18:35,991 INFO ==> Height map loss:  12.267756
2024-12-04 16:18:35,991 INFO ==> Insertion loss: 0.000000
2024-12-04 16:18:36,356 DEBUG loaded <trimesh.Trimesh(vertices.shape=(916, 3), faces.shape=(856, 3))> using `load_obj` in 0.0028s
2024-12-04 16:18:36,507 DEBUG loaded <trimesh.Trimesh(vertices.shape=(48, 3), faces.shape=(28, 3))> using `load_obj` in 0.0007s
2024-12-04 16:18:44,114 INFO ==> EMD Loss: 22.482267
2024-12-04 16:18:44,114 INFO ==> Height map loss:  12.945716
2024-12-04 16:18:44,115 INFO ==> Insertion loss: 0.000000
2024-12-04 16:18:44,483 DEBUG loaded <trimesh.Trimesh(vertices.shape=(916, 3), faces.shape=(856, 3))> using `load_obj` in 0.0029s
2024-12-04 16:18:44,635 DEBUG loaded <trimesh.Trimesh(vertices.shape=(48, 3), faces.shape=(28, 3))> using `load_obj` in 0.0007s
2024-12-04 16:18:52,486 INFO ==> EMD Loss: 22.880476
2024-12-04 16:18:52,486 INFO ==> Height map loss:  13.722260
2024-12-04 16:18:52,486 INFO ==> Insertion loss: 0.000000
2024-12-04 16:18:52,853 DEBUG loaded <trimesh.Trimesh(vertices.shape=(916, 3), faces.shape=(856, 3))> using `load_obj` in 0.0029s
2024-12-04 16:18:53,003 DEBUG loaded <trimesh.Trimesh(vertices.shape=(48, 3), faces.shape=(28, 3))> using `load_obj` in 0.0007s
2024-12-04 16:19:13,433 INFO =====> Skill params: [ 0.9966384   0.21292712  0.818103   -0.1447571  -0.03260006]
2024-12-04 16:19:13,433 INFO =====> Grad: [-1.1199572e+03  3.7633423e+03  1.5323618e-05 -1.3531270e+03
 -7.3047099e-06]
2024-12-04 16:19:13,433 INFO =====> Num. aborted data so far: 0
2024-12-04 16:19:13,441 INFO ===========> Epoch: 4 optimisation losses
2024-12-04 16:19:13,441 INFO =====> EMD Loss: 20.908302
2024-12-04 16:19:13,441 INFO =====> Height map loss: 11.944113
2024-12-04 16:19:13,441 INFO =====> Insertion loss: 0.000000
2024-12-04 16:19:13,894 DEBUG loaded <trimesh.Trimesh(vertices.shape=(916, 3), faces.shape=(856, 3))> using `load_obj` in 0.0029s
2024-12-04 16:19:14,047 DEBUG loaded <trimesh.Trimesh(vertices.shape=(48, 3), faces.shape=(28, 3))> using `load_obj` in 0.0007s
2024-12-04 16:19:21,706 INFO ==> EMD Loss: 20.949057
2024-12-04 16:19:21,706 INFO ==> Height map loss:  11.910548
2024-12-04 16:19:21,706 INFO ==> Insertion loss: 0.000000
2024-12-04 16:19:22,075 DEBUG loaded <trimesh.Trimesh(vertices.shape=(916, 3), faces.shape=(856, 3))> using `load_obj` in 0.0029s
2024-12-04 16:19:22,224 DEBUG loaded <trimesh.Trimesh(vertices.shape=(48, 3), faces.shape=(28, 3))> using `load_obj` in 0.0007s
2024-12-04 16:19:29,821 INFO ==> EMD Loss: 20.783707
2024-12-04 16:19:29,821 INFO ==> Height map loss:  11.827277
2024-12-04 16:19:29,821 INFO ==> Insertion loss: 0.000000
2024-12-04 16:19:30,193 DEBUG loaded <trimesh.Trimesh(vertices.shape=(916, 3), faces.shape=(856, 3))> using `load_obj` in 0.0029s
2024-12-04 16:19:30,348 DEBUG loaded <trimesh.Trimesh(vertices.shape=(48, 3), faces.shape=(28, 3))> using `load_obj` in 0.0007s
2024-12-04 16:19:38,000 INFO ==> EMD Loss: 20.918243
2024-12-04 16:19:38,000 INFO ==> Height map loss:  11.876158
2024-12-04 16:19:38,000 INFO ==> Insertion loss: 0.000000
2024-12-04 16:19:38,378 DEBUG loaded <trimesh.Trimesh(vertices.shape=(916, 3), faces.shape=(856, 3))> using `load_obj` in 0.0029s
2024-12-04 16:19:38,526 DEBUG loaded <trimesh.Trimesh(vertices.shape=(48, 3), faces.shape=(28, 3))> using `load_obj` in 0.0007s
2024-12-04 16:19:46,383 INFO ==> EMD Loss: 20.617315
2024-12-04 16:19:46,383 INFO ==> Height map loss:  11.945879
2024-12-04 16:19:46,383 INFO ==> Insertion loss: 0.000000
2024-12-04 16:19:46,753 DEBUG loaded <trimesh.Trimesh(vertices.shape=(916, 3), faces.shape=(856, 3))> using `load_obj` in 0.0028s
2024-12-04 16:19:46,904 DEBUG loaded <trimesh.Trimesh(vertices.shape=(48, 3), faces.shape=(28, 3))> using `load_obj` in 0.0007s
2024-12-04 16:19:54,589 INFO ==> EMD Loss: 20.387684
2024-12-04 16:19:54,589 INFO ==> Height map loss:  12.017355
2024-12-04 16:19:54,589 INFO ==> Insertion loss: 0.000000
2024-12-04 16:19:54,957 DEBUG loaded <trimesh.Trimesh(vertices.shape=(916, 3), faces.shape=(856, 3))> using `load_obj` in 0.0029s
2024-12-04 16:19:55,106 DEBUG loaded <trimesh.Trimesh(vertices.shape=(48, 3), faces.shape=(28, 3))> using `load_obj` in 0.0007s
2024-12-04 16:20:15,450 INFO =====> Skill params: [ 1.          0.19065218  0.816143   -0.12643607 -0.03178339]
2024-12-04 16:20:15,450 INFO =====> Grad: [-1.0315277e+03  3.7586167e+03 -4.8294292e-05  1.4433987e+03
  1.7503369e-05]
2024-12-04 16:20:15,450 INFO =====> Num. aborted data so far: 0
2024-12-04 16:20:15,458 INFO ===========> Epoch: 5 optimisation losses
2024-12-04 16:20:15,458 INFO =====> EMD Loss: 20.778307
2024-12-04 16:20:15,458 INFO =====> Height map loss: 11.827618
2024-12-04 16:20:15,458 INFO =====> Insertion loss: 0.000000
2024-12-04 16:20:15,859 DEBUG loaded <trimesh.Trimesh(vertices.shape=(916, 3), faces.shape=(856, 3))> using `load_obj` in 0.0030s
2024-12-04 16:20:16,012 DEBUG loaded <trimesh.Trimesh(vertices.shape=(48, 3), faces.shape=(28, 3))> using `load_obj` in 0.0007s
2024-12-04 16:20:23,716 INFO ==> EMD Loss: 20.960968
2024-12-04 16:20:23,716 INFO ==> Height map loss:  11.850879
2024-12-04 16:20:23,716 INFO ==> Insertion loss: 0.000000
2024-12-04 16:20:24,087 DEBUG loaded <trimesh.Trimesh(vertices.shape=(916, 3), faces.shape=(856, 3))> using `load_obj` in 0.0029s
2024-12-04 16:20:24,237 DEBUG loaded <trimesh.Trimesh(vertices.shape=(48, 3), faces.shape=(28, 3))> using `load_obj` in 0.0007s
2024-12-04 16:20:31,943 INFO ==> EMD Loss: 20.978157
2024-12-04 16:20:31,943 INFO ==> Height map loss:  11.974882
2024-12-04 16:20:31,944 INFO ==> Insertion loss: 0.000000
2024-12-04 16:20:32,316 DEBUG loaded <trimesh.Trimesh(vertices.shape=(916, 3), faces.shape=(856, 3))> using `load_obj` in 0.0029s
2024-12-04 16:20:32,467 DEBUG loaded <trimesh.Trimesh(vertices.shape=(48, 3), faces.shape=(28, 3))> using `load_obj` in 0.0007s
2024-12-04 16:20:40,401 INFO ==> EMD Loss: 20.866594
2024-12-04 16:20:40,401 INFO ==> Height map loss:  12.170557
2024-12-04 16:20:40,401 INFO ==> Insertion loss: 0.000000
2024-12-04 16:20:40,835 DEBUG loaded <trimesh.Trimesh(vertices.shape=(916, 3), faces.shape=(856, 3))> using `load_obj` in 0.0028s
2024-12-04 16:20:40,984 DEBUG loaded <trimesh.Trimesh(vertices.shape=(48, 3), faces.shape=(28, 3))> using `load_obj` in 0.0007s
2024-12-04 16:20:48,626 INFO ==> EMD Loss: 20.874556
2024-12-04 16:20:48,626 INFO ==> Height map loss:  12.549345
2024-12-04 16:20:48,626 INFO ==> Insertion loss: 0.000000
2024-12-04 16:20:48,999 DEBUG loaded <trimesh.Trimesh(vertices.shape=(916, 3), faces.shape=(856, 3))> using `load_obj` in 0.0029s
2024-12-04 16:20:49,149 DEBUG loaded <trimesh.Trimesh(vertices.shape=(48, 3), faces.shape=(28, 3))> using `load_obj` in 0.0007s
2024-12-04 16:20:56,718 INFO ==> EMD Loss: 21.299934
2024-12-04 16:20:56,718 INFO ==> Height map loss:  13.515632
2024-12-04 16:20:56,718 INFO ==> Insertion loss: 0.000000
2024-12-04 16:20:57,158 DEBUG loaded <trimesh.Trimesh(vertices.shape=(916, 3), faces.shape=(856, 3))> using `load_obj` in 0.0029s
2024-12-04 16:20:57,307 DEBUG loaded <trimesh.Trimesh(vertices.shape=(48, 3), faces.shape=(28, 3))> using `load_obj` in 0.0007s
2024-12-04 16:21:17,610 INFO =====> Skill params: [ 1.          0.18688492  0.8174185  -0.12988825 -0.03219507]
2024-12-04 16:21:17,611 INFO =====> Grad: [-1.0111448e+03  3.3230840e+03  6.9447415e-06  1.1499948e+03
 -6.5235603e-05]
2024-12-04 16:21:17,611 INFO =====> Num. aborted data so far: 0
2024-12-04 16:21:17,619 INFO ===========> Epoch: 6 optimisation losses
2024-12-04 16:21:17,619 INFO =====> EMD Loss: 20.966255
2024-12-04 16:21:17,619 INFO =====> Height map loss: 11.851011
2024-12-04 16:21:17,619 INFO =====> Insertion loss: 0.000000
2024-12-04 16:21:18,029 DEBUG loaded <trimesh.Trimesh(vertices.shape=(916, 3), faces.shape=(856, 3))> using `load_obj` in 0.0029s
2024-12-04 16:21:18,182 DEBUG loaded <trimesh.Trimesh(vertices.shape=(48, 3), faces.shape=(28, 3))> using `load_obj` in 0.0007s
2024-12-04 16:21:25,944 INFO ==> EMD Loss: 21.067970
2024-12-04 16:21:25,944 INFO ==> Height map loss:  11.856144
2024-12-04 16:21:25,944 INFO ==> Insertion loss: 0.000000
2024-12-04 16:21:26,372 DEBUG loaded <trimesh.Trimesh(vertices.shape=(916, 3), faces.shape=(856, 3))> using `load_obj` in 0.0030s
2024-12-04 16:21:26,521 DEBUG loaded <trimesh.Trimesh(vertices.shape=(48, 3), faces.shape=(28, 3))> using `load_obj` in 0.0007s
2024-12-04 16:21:34,108 INFO ==> EMD Loss: 20.942509
2024-12-04 16:21:34,109 INFO ==> Height map loss:  11.934877
2024-12-04 16:21:34,109 INFO ==> Insertion loss: 0.000000
2024-12-04 16:21:34,482 DEBUG loaded <trimesh.Trimesh(vertices.shape=(916, 3), faces.shape=(856, 3))> using `load_obj` in 0.0029s
2024-12-04 16:21:34,631 DEBUG loaded <trimesh.Trimesh(vertices.shape=(48, 3), faces.shape=(28, 3))> using `load_obj` in 0.0007s
2024-12-04 16:21:42,427 INFO ==> EMD Loss: 20.982731
2024-12-04 16:21:42,427 INFO ==> Height map loss:  12.016823
2024-12-04 16:21:42,427 INFO ==> Insertion loss: 0.000000
2024-12-04 16:21:42,803 DEBUG loaded <trimesh.Trimesh(vertices.shape=(916, 3), faces.shape=(856, 3))> using `load_obj` in 0.0029s
2024-12-04 16:21:42,953 DEBUG loaded <trimesh.Trimesh(vertices.shape=(48, 3), faces.shape=(28, 3))> using `load_obj` in 0.0007s
2024-12-04 16:21:50,550 INFO ==> EMD Loss: 20.840574
2024-12-04 16:21:50,551 INFO ==> Height map loss:  12.149224
2024-12-04 16:21:50,551 INFO ==> Insertion loss: 0.000000
2024-12-04 16:21:50,919 DEBUG loaded <trimesh.Trimesh(vertices.shape=(916, 3), faces.shape=(856, 3))> using `load_obj` in 0.0030s
2024-12-04 16:21:51,066 DEBUG loaded <trimesh.Trimesh(vertices.shape=(48, 3), faces.shape=(28, 3))> using `load_obj` in 0.0007s
2024-12-04 16:21:58,643 INFO ==> EMD Loss: 20.480278
2024-12-04 16:21:58,643 INFO ==> Height map loss:  12.533252
2024-12-04 16:21:58,643 INFO ==> Insertion loss: 0.000000
2024-12-04 16:21:59,016 DEBUG loaded <trimesh.Trimesh(vertices.shape=(916, 3), faces.shape=(856, 3))> using `load_obj` in 0.0029s
2024-12-04 16:21:59,168 DEBUG loaded <trimesh.Trimesh(vertices.shape=(48, 3), faces.shape=(28, 3))> using `load_obj` in 0.0007s
2024-12-04 16:22:19,545 INFO =====> Skill params: [ 1.          0.18381529  0.8172253  -0.13252376 -0.0306282 ]
2024-12-04 16:22:19,545 INFO =====> Grad: [-2.9702197e+02  1.6151718e+03  1.1131172e-05 -9.9626697e+02
  7.4723444e-05]
2024-12-04 16:22:19,545 INFO =====> Num. aborted data so far: 0
2024-12-04 16:22:19,553 INFO ===========> Epoch: 7 optimisation losses
2024-12-04 16:22:19,553 INFO =====> EMD Loss: 21.069139
2024-12-04 16:22:19,553 INFO =====> Height map loss: 11.859159
2024-12-04 16:22:19,553 INFO =====> Insertion loss: 0.000000
2024-12-04 16:22:19,952 DEBUG loaded <trimesh.Trimesh(vertices.shape=(916, 3), faces.shape=(856, 3))> using `load_obj` in 0.0029s
2024-12-04 16:22:20,104 DEBUG loaded <trimesh.Trimesh(vertices.shape=(48, 3), faces.shape=(28, 3))> using `load_obj` in 0.0007s
2024-12-04 16:22:27,749 INFO ==> EMD Loss: 20.913866
2024-12-04 16:22:27,749 INFO ==> Height map loss:  11.911413
2024-12-04 16:22:27,749 INFO ==> Insertion loss: 0.000000
2024-12-04 16:22:28,119 DEBUG loaded <trimesh.Trimesh(vertices.shape=(916, 3), faces.shape=(856, 3))> using `load_obj` in 0.0029s
2024-12-04 16:22:28,269 DEBUG loaded <trimesh.Trimesh(vertices.shape=(48, 3), faces.shape=(28, 3))> using `load_obj` in 0.0007s
2024-12-04 16:22:35,883 INFO ==> EMD Loss: 20.975481
2024-12-04 16:22:35,883 INFO ==> Height map loss:  11.924133
2024-12-04 16:22:35,883 INFO ==> Insertion loss: 0.000000
2024-12-04 16:22:36,256 DEBUG loaded <trimesh.Trimesh(vertices.shape=(916, 3), faces.shape=(856, 3))> using `load_obj` in 0.0030s
2024-12-04 16:22:36,406 DEBUG loaded <trimesh.Trimesh(vertices.shape=(48, 3), faces.shape=(28, 3))> using `load_obj` in 0.0007s
2024-12-04 16:22:44,179 INFO ==> EMD Loss: 20.942661
2024-12-04 16:22:44,179 INFO ==> Height map loss:  11.993155
2024-12-04 16:22:44,179 INFO ==> Insertion loss: 0.000000
2024-12-04 16:22:44,549 DEBUG loaded <trimesh.Trimesh(vertices.shape=(916, 3), faces.shape=(856, 3))> using `load_obj` in 0.0029s
2024-12-04 16:22:44,698 DEBUG loaded <trimesh.Trimesh(vertices.shape=(48, 3), faces.shape=(28, 3))> using `load_obj` in 0.0007s
2024-12-04 16:22:52,264 INFO ==> EMD Loss: 21.246042
2024-12-04 16:22:52,264 INFO ==> Height map loss:  12.021392
2024-12-04 16:22:52,264 INFO ==> Insertion loss: 0.000000
2024-12-04 16:22:52,636 DEBUG loaded <trimesh.Trimesh(vertices.shape=(916, 3), faces.shape=(856, 3))> using `load_obj` in 0.0029s
2024-12-04 16:22:52,785 DEBUG loaded <trimesh.Trimesh(vertices.shape=(48, 3), faces.shape=(28, 3))> using `load_obj` in 0.0007s
2024-12-04 16:23:00,385 INFO ==> EMD Loss: 21.208504
2024-12-04 16:23:00,385 INFO ==> Height map loss:  12.255733
2024-12-04 16:23:00,385 INFO ==> Insertion loss: 0.000000
2024-12-04 16:23:00,756 DEBUG loaded <trimesh.Trimesh(vertices.shape=(916, 3), faces.shape=(856, 3))> using `load_obj` in 0.0030s
2024-12-04 16:23:00,905 DEBUG loaded <trimesh.Trimesh(vertices.shape=(48, 3), faces.shape=(28, 3))> using `load_obj` in 0.0007s
2024-12-04 16:23:21,410 INFO =====> Skill params: [ 1.          0.18228908  0.81689924 -0.13027442 -0.03244066]
2024-12-04 16:23:21,410 INFO =====> Grad: [ 5.2536365e+02 -1.9886184e+03  2.0923655e-05 -1.3714403e+02
 -1.6953652e-05]
2024-12-04 16:23:21,410 INFO =====> Num. aborted data so far: 0
2024-12-04 16:23:21,418 INFO ===========> Epoch: 8 optimisation losses
2024-12-04 16:23:21,418 INFO =====> EMD Loss: 20.921946
2024-12-04 16:23:21,418 INFO =====> Height map loss: 11.905293
2024-12-04 16:23:21,418 INFO =====> Insertion loss: 0.000000
2024-12-04 16:23:21,816 DEBUG loaded <trimesh.Trimesh(vertices.shape=(916, 3), faces.shape=(856, 3))> using `load_obj` in 0.0029s
2024-12-04 16:23:21,965 DEBUG loaded <trimesh.Trimesh(vertices.shape=(48, 3), faces.shape=(28, 3))> using `load_obj` in 0.0007s
2024-12-04 16:23:29,592 INFO ==> EMD Loss: 20.819944
2024-12-04 16:23:29,592 INFO ==> Height map loss:  11.855975
2024-12-04 16:23:29,592 INFO ==> Insertion loss: 0.000000
2024-12-04 16:23:29,963 DEBUG loaded <trimesh.Trimesh(vertices.shape=(916, 3), faces.shape=(856, 3))> using `load_obj` in 0.0029s
2024-12-04 16:23:30,112 DEBUG loaded <trimesh.Trimesh(vertices.shape=(48, 3), faces.shape=(28, 3))> using `load_obj` in 0.0007s
2024-12-04 16:23:37,751 INFO ==> EMD Loss: 20.749737
2024-12-04 16:23:37,751 INFO ==> Height map loss:  11.833879
2024-12-04 16:23:37,751 INFO ==> Insertion loss: 0.000000
2024-12-04 16:23:38,125 DEBUG loaded <trimesh.Trimesh(vertices.shape=(916, 3), faces.shape=(856, 3))> using `load_obj` in 0.0029s
2024-12-04 16:23:38,274 DEBUG loaded <trimesh.Trimesh(vertices.shape=(48, 3), faces.shape=(28, 3))> using `load_obj` in 0.0007s
2024-12-04 16:23:45,899 INFO ==> EMD Loss: 20.811342
2024-12-04 16:23:45,899 INFO ==> Height map loss:  11.780677
2024-12-04 16:23:45,900 INFO ==> Insertion loss: 0.000000
2024-12-04 16:23:46,276 DEBUG loaded <trimesh.Trimesh(vertices.shape=(916, 3), faces.shape=(856, 3))> using `load_obj` in 0.0029s
2024-12-04 16:23:46,426 DEBUG loaded <trimesh.Trimesh(vertices.shape=(48, 3), faces.shape=(28, 3))> using `load_obj` in 0.0007s
2024-12-04 16:23:54,172 INFO ==> EMD Loss: 21.318691
2024-12-04 16:23:54,172 INFO ==> Height map loss:  11.823386
2024-12-04 16:23:54,172 INFO ==> Insertion loss: 0.000000
2024-12-04 16:23:54,544 DEBUG loaded <trimesh.Trimesh(vertices.shape=(916, 3), faces.shape=(856, 3))> using `load_obj` in 0.0029s
2024-12-04 16:23:54,695 DEBUG loaded <trimesh.Trimesh(vertices.shape=(48, 3), faces.shape=(28, 3))> using `load_obj` in 0.0007s
2024-12-04 16:24:02,411 INFO ==> EMD Loss: 21.509048
2024-12-04 16:24:02,411 INFO ==> Height map loss:  11.894582
2024-12-04 16:24:02,411 INFO ==> Insertion loss: 0.000000
2024-12-04 16:24:02,783 DEBUG loaded <trimesh.Trimesh(vertices.shape=(916, 3), faces.shape=(856, 3))> using `load_obj` in 0.0029s
2024-12-04 16:24:02,934 DEBUG loaded <trimesh.Trimesh(vertices.shape=(48, 3), faces.shape=(28, 3))> using `load_obj` in 0.0007s
2024-12-04 16:24:23,373 INFO =====> Skill params: [ 0.98662585  0.20119113  0.810472   -0.12701485 -0.02811619]
2024-12-04 16:24:23,373 INFO =====> Grad: [-1.1182603e+03  1.0685176e+03 -8.8559991e-06 -1.2227366e+03
 -2.5082369e-05]
2024-12-04 16:24:23,373 INFO =====> Num. aborted data so far: 0
2024-12-04 16:24:23,381 INFO ===========> Epoch: 9 optimisation losses
2024-12-04 16:24:23,381 INFO =====> EMD Loss: 20.811287
2024-12-04 16:24:23,381 INFO =====> Height map loss: 11.777268
2024-12-04 16:24:23,381 INFO =====> Insertion loss: 0.000000
2024-12-04 16:24:23,781 DEBUG loaded <trimesh.Trimesh(vertices.shape=(916, 3), faces.shape=(856, 3))> using `load_obj` in 0.0030s
2024-12-04 16:24:23,932 DEBUG loaded <trimesh.Trimesh(vertices.shape=(48, 3), faces.shape=(28, 3))> using `load_obj` in 0.0007s
2024-12-04 16:24:31,612 INFO ==> EMD Loss: 21.055498
2024-12-04 16:24:31,612 INFO ==> Height map loss:  11.832733
2024-12-04 16:24:31,612 INFO ==> Insertion loss: 0.000000
2024-12-04 16:24:32,026 DEBUG loaded <trimesh.Trimesh(vertices.shape=(916, 3), faces.shape=(856, 3))> using `load_obj` in 0.0030s
2024-12-04 16:24:32,175 DEBUG loaded <trimesh.Trimesh(vertices.shape=(48, 3), faces.shape=(28, 3))> using `load_obj` in 0.0007s
2024-12-04 16:24:39,920 INFO ==> EMD Loss: 21.089869
2024-12-04 16:24:39,920 INFO ==> Height map loss:  11.808022
2024-12-04 16:24:39,920 INFO ==> Insertion loss: 0.000000
2024-12-04 16:24:40,306 DEBUG loaded <trimesh.Trimesh(vertices.shape=(916, 3), faces.shape=(856, 3))> using `load_obj` in 0.0029s
2024-12-04 16:24:40,456 DEBUG loaded <trimesh.Trimesh(vertices.shape=(48, 3), faces.shape=(28, 3))> using `load_obj` in 0.0007s
2024-12-04 16:24:48,038 INFO ==> EMD Loss: 21.124786
2024-12-04 16:24:48,039 INFO ==> Height map loss:  11.900783
2024-12-04 16:24:48,039 INFO ==> Insertion loss: 0.000000
2024-12-04 16:24:48,420 DEBUG loaded <trimesh.Trimesh(vertices.shape=(916, 3), faces.shape=(856, 3))> using `load_obj` in 0.0030s
2024-12-04 16:24:48,569 DEBUG loaded <trimesh.Trimesh(vertices.shape=(48, 3), faces.shape=(28, 3))> using `load_obj` in 0.0007s
2024-12-04 16:24:56,223 INFO ==> EMD Loss: 21.275127
2024-12-04 16:24:56,224 INFO ==> Height map loss:  11.808740
2024-12-04 16:24:56,224 INFO ==> Insertion loss: 0.000000
2024-12-04 16:24:56,601 DEBUG loaded <trimesh.Trimesh(vertices.shape=(916, 3), faces.shape=(856, 3))> using `load_obj` in 0.0029s
2024-12-04 16:24:56,750 DEBUG loaded <trimesh.Trimesh(vertices.shape=(48, 3), faces.shape=(28, 3))> using `load_obj` in 0.0007s
2024-12-04 16:25:04,383 INFO ==> EMD Loss: 21.587818
2024-12-04 16:25:04,383 INFO ==> Height map loss:  11.783009
2024-12-04 16:25:04,383 INFO ==> Insertion loss: 0.000000
2024-12-04 16:25:04,759 DEBUG loaded <trimesh.Trimesh(vertices.shape=(916, 3), faces.shape=(856, 3))> using `load_obj` in 0.0028s
2024-12-04 16:25:04,908 DEBUG loaded <trimesh.Trimesh(vertices.shape=(48, 3), faces.shape=(28, 3))> using `load_obj` in 0.0007s
2024-12-04 16:25:25,550 INFO =====> Skill params: [ 1.          0.1800799   0.8162011  -0.07187553 -0.01470434]
2024-12-04 16:25:25,550 INFO =====> Grad: [ 9.7432611e+02 -1.8133707e+03 -3.0751835e-05  1.2906028e+03
  8.1415106e-05]
2024-12-04 16:25:25,550 INFO =====> Num. aborted data so far: 0
2024-12-04 16:25:25,558 INFO ===========> Epoch: 10 optimisation losses
2024-12-04 16:25:25,558 INFO =====> EMD Loss: 21.587128
2024-12-04 16:25:25,558 INFO =====> Height map loss: 11.786153
2024-12-04 16:25:25,558 INFO =====> Insertion loss: 0.000000
2024-12-04 16:25:25,975 DEBUG loaded <trimesh.Trimesh(vertices.shape=(916, 3), faces.shape=(856, 3))> using `load_obj` in 0.0029s
2024-12-04 16:25:26,125 DEBUG loaded <trimesh.Trimesh(vertices.shape=(48, 3), faces.shape=(28, 3))> using `load_obj` in 0.0007s
2024-12-04 16:25:33,827 INFO ==> EMD Loss: 21.540474
2024-12-04 16:25:33,827 INFO ==> Height map loss:  11.775003
2024-12-04 16:25:33,827 INFO ==> Insertion loss: 0.000000
2024-12-04 16:25:34,198 DEBUG loaded <trimesh.Trimesh(vertices.shape=(916, 3), faces.shape=(856, 3))> using `load_obj` in 0.0029s
2024-12-04 16:25:34,348 DEBUG loaded <trimesh.Trimesh(vertices.shape=(48, 3), faces.shape=(28, 3))> using `load_obj` in 0.0007s
2024-12-04 16:25:42,003 INFO ==> EMD Loss: 20.953299
2024-12-04 16:25:42,003 INFO ==> Height map loss:  11.850759
2024-12-04 16:25:42,003 INFO ==> Insertion loss: 0.000000
2024-12-04 16:25:42,376 DEBUG loaded <trimesh.Trimesh(vertices.shape=(916, 3), faces.shape=(856, 3))> using `load_obj` in 0.0029s
2024-12-04 16:25:42,524 DEBUG loaded <trimesh.Trimesh(vertices.shape=(48, 3), faces.shape=(28, 3))> using `load_obj` in 0.0007s
2024-12-04 16:25:50,117 INFO ==> EMD Loss: 21.274197
2024-12-04 16:25:50,117 INFO ==> Height map loss:  11.767478
2024-12-04 16:25:50,117 INFO ==> Insertion loss: 0.000000
2024-12-04 16:25:50,491 DEBUG loaded <trimesh.Trimesh(vertices.shape=(916, 3), faces.shape=(856, 3))> using `load_obj` in 0.0029s
2024-12-04 16:25:50,641 DEBUG loaded <trimesh.Trimesh(vertices.shape=(48, 3), faces.shape=(28, 3))> using `load_obj` in 0.0007s
2024-12-04 16:25:58,196 INFO ==> EMD Loss: 20.917871
2024-12-04 16:25:58,196 INFO ==> Height map loss:  11.887258
2024-12-04 16:25:58,196 INFO ==> Insertion loss: 0.000000
2024-12-04 16:25:58,568 DEBUG loaded <trimesh.Trimesh(vertices.shape=(916, 3), faces.shape=(856, 3))> using `load_obj` in 0.0029s
2024-12-04 16:25:58,722 DEBUG loaded <trimesh.Trimesh(vertices.shape=(48, 3), faces.shape=(28, 3))> using `load_obj` in 0.0007s
2024-12-04 16:26:06,460 INFO ==> EMD Loss: 21.171112
2024-12-04 16:26:06,460 INFO ==> Height map loss:  11.868466
2024-12-04 16:26:06,460 INFO ==> Insertion loss: 0.000000
2024-12-04 16:26:06,840 DEBUG loaded <trimesh.Trimesh(vertices.shape=(916, 3), faces.shape=(856, 3))> using `load_obj` in 0.0029s
2024-12-04 16:26:06,991 DEBUG loaded <trimesh.Trimesh(vertices.shape=(48, 3), faces.shape=(28, 3))> using `load_obj` in 0.0007s
2024-12-04 16:26:27,448 INFO =====> Skill params: [ 0.97683185  0.19817351  0.8265447  -0.09947477 -0.03627281]
2024-12-04 16:26:27,448 INFO =====> Grad: [ 1.0873456e+03 -3.3972141e+03  2.6657201e-05 -1.0037199e+03
  1.0160944e-04]
2024-12-04 16:26:27,448 INFO =====> Num. aborted data so far: 0
2024-12-04 16:26:27,455 INFO ===========> Epoch: 11 optimisation losses
2024-12-04 16:26:27,455 INFO =====> EMD Loss: 21.275517
2024-12-04 16:26:27,455 INFO =====> Height map loss: 11.774725
2024-12-04 16:26:27,455 INFO =====> Insertion loss: 0.000000
2024-12-04 16:26:27,857 DEBUG loaded <trimesh.Trimesh(vertices.shape=(916, 3), faces.shape=(856, 3))> using `load_obj` in 0.0029s
2024-12-04 16:26:28,013 DEBUG loaded <trimesh.Trimesh(vertices.shape=(48, 3), faces.shape=(28, 3))> using `load_obj` in 0.0007s
2024-12-04 16:26:35,914 INFO ==> EMD Loss: 21.281324
2024-12-04 16:26:35,914 INFO ==> Height map loss:  11.772627
2024-12-04 16:26:35,914 INFO ==> Insertion loss: 0.000000
2024-12-04 16:26:36,323 DEBUG loaded <trimesh.Trimesh(vertices.shape=(916, 3), faces.shape=(856, 3))> using `load_obj` in 0.0029s
2024-12-04 16:26:36,478 DEBUG loaded <trimesh.Trimesh(vertices.shape=(48, 3), faces.shape=(28, 3))> using `load_obj` in 0.0007s
2024-12-04 16:26:44,087 INFO ==> EMD Loss: 21.195234
2024-12-04 16:26:44,087 INFO ==> Height map loss:  11.969933
2024-12-04 16:26:44,087 INFO ==> Insertion loss: 0.000000
2024-12-04 16:26:44,466 DEBUG loaded <trimesh.Trimesh(vertices.shape=(916, 3), faces.shape=(856, 3))> using `load_obj` in 0.0029s
2024-12-04 16:26:44,621 DEBUG loaded <trimesh.Trimesh(vertices.shape=(48, 3), faces.shape=(28, 3))> using `load_obj` in 0.0007s
2024-12-04 16:26:52,162 INFO ==> EMD Loss: 21.480780
2024-12-04 16:26:52,162 INFO ==> Height map loss:  12.017952
2024-12-04 16:26:52,162 INFO ==> Insertion loss: 0.000000
2024-12-04 16:26:52,585 DEBUG loaded <trimesh.Trimesh(vertices.shape=(916, 3), faces.shape=(856, 3))> using `load_obj` in 0.0029s
2024-12-04 16:26:52,741 DEBUG loaded <trimesh.Trimesh(vertices.shape=(48, 3), faces.shape=(28, 3))> using `load_obj` in 0.0007s
2024-12-04 16:27:00,366 INFO ==> EMD Loss: 21.754803
2024-12-04 16:27:00,367 INFO ==> Height map loss:  12.149955
2024-12-04 16:27:00,367 INFO ==> Insertion loss: 0.000000
2024-12-04 16:27:00,757 DEBUG loaded <trimesh.Trimesh(vertices.shape=(916, 3), faces.shape=(856, 3))> using `load_obj` in 0.0029s
2024-12-04 16:27:00,910 DEBUG loaded <trimesh.Trimesh(vertices.shape=(48, 3), faces.shape=(28, 3))> using `load_obj` in 0.0007s
2024-12-04 16:27:08,524 INFO ==> EMD Loss: 21.826811
2024-12-04 16:27:08,524 INFO ==> Height map loss:  12.322229
2024-12-04 16:27:08,524 INFO ==> Insertion loss: 0.000000
2024-12-04 16:27:08,901 DEBUG loaded <trimesh.Trimesh(vertices.shape=(916, 3), faces.shape=(856, 3))> using `load_obj` in 0.0030s
2024-12-04 16:27:09,052 DEBUG loaded <trimesh.Trimesh(vertices.shape=(48, 3), faces.shape=(28, 3))> using `load_obj` in 0.0007s
2024-12-04 16:27:29,387 INFO =====> Skill params: [ 0.97432894  0.20128444  0.82561    -0.09734445 -0.03886161]
2024-12-04 16:27:29,387 INFO =====> Grad: [-1.1101909e+03  3.3418816e+03  3.3228731e-05 -2.7784024e+02
 -6.9530447e-06]
2024-12-04 16:27:29,387 INFO =====> Num. aborted data so far: 0
2024-12-04 16:27:29,395 INFO ===========> Epoch: 12 optimisation losses
2024-12-04 16:27:29,395 INFO =====> EMD Loss: 21.418581
2024-12-04 16:27:29,395 INFO =====> Height map loss: 11.814261
2024-12-04 16:27:29,395 INFO =====> Insertion loss: 0.000000
2024-12-04 16:27:29,800 DEBUG loaded <trimesh.Trimesh(vertices.shape=(916, 3), faces.shape=(856, 3))> using `load_obj` in 0.0029s
2024-12-04 16:27:29,953 DEBUG loaded <trimesh.Trimesh(vertices.shape=(48, 3), faces.shape=(28, 3))> using `load_obj` in 0.0007s
2024-12-04 16:27:37,580 INFO ==> EMD Loss: 21.356197
2024-12-04 16:27:37,580 INFO ==> Height map loss:  11.785059
2024-12-04 16:27:37,580 INFO ==> Insertion loss: 0.000000
2024-12-04 16:27:37,961 DEBUG loaded <trimesh.Trimesh(vertices.shape=(916, 3), faces.shape=(856, 3))> using `load_obj` in 0.0029s
2024-12-04 16:27:38,113 DEBUG loaded <trimesh.Trimesh(vertices.shape=(48, 3), faces.shape=(28, 3))> using `load_obj` in 0.0007s
2024-12-04 16:27:45,872 INFO ==> EMD Loss: 21.176542
2024-12-04 16:27:45,872 INFO ==> Height map loss:  11.853603
2024-12-04 16:27:45,873 INFO ==> Insertion loss: 0.000000
2024-12-04 16:27:46,249 DEBUG loaded <trimesh.Trimesh(vertices.shape=(916, 3), faces.shape=(856, 3))> using `load_obj` in 0.0029s
2024-12-04 16:27:46,399 DEBUG loaded <trimesh.Trimesh(vertices.shape=(48, 3), faces.shape=(28, 3))> using `load_obj` in 0.0007s
2024-12-04 16:27:54,037 INFO ==> EMD Loss: 21.030268
2024-12-04 16:27:54,037 INFO ==> Height map loss:  11.791645
2024-12-04 16:27:54,037 INFO ==> Insertion loss: 0.000000
2024-12-04 16:27:54,413 DEBUG loaded <trimesh.Trimesh(vertices.shape=(916, 3), faces.shape=(856, 3))> using `load_obj` in 0.0028s
2024-12-04 16:27:54,562 DEBUG loaded <trimesh.Trimesh(vertices.shape=(48, 3), faces.shape=(28, 3))> using `load_obj` in 0.0007s
2024-12-04 16:28:02,197 INFO ==> EMD Loss: 21.079441
2024-12-04 16:28:02,197 INFO ==> Height map loss:  11.813516
2024-12-04 16:28:02,197 INFO ==> Insertion loss: 0.000000
2024-12-04 16:28:02,643 DEBUG loaded <trimesh.Trimesh(vertices.shape=(916, 3), faces.shape=(856, 3))> using `load_obj` in 0.0029s
2024-12-04 16:28:02,794 DEBUG loaded <trimesh.Trimesh(vertices.shape=(48, 3), faces.shape=(28, 3))> using `load_obj` in 0.0007s
2024-12-04 16:28:10,422 INFO ==> EMD Loss: 20.543554
2024-12-04 16:28:10,422 INFO ==> Height map loss:  11.861365
2024-12-04 16:28:10,423 INFO ==> Insertion loss: 0.000000
2024-12-04 16:28:10,801 DEBUG loaded <trimesh.Trimesh(vertices.shape=(916, 3), faces.shape=(856, 3))> using `load_obj` in 0.0028s
2024-12-04 16:28:10,950 DEBUG loaded <trimesh.Trimesh(vertices.shape=(48, 3), faces.shape=(28, 3))> using `load_obj` in 0.0007s
2024-12-04 16:28:31,347 INFO =====> Skill params: [ 0.97680724  0.19841084  0.8244043  -0.09672584 -0.03867496]
2024-12-04 16:28:31,347 INFO =====> Grad: [ 5.7757477e+02 -3.2443992e+03 -3.7554317e-05 -8.3933337e+02
 -1.6719334e-05]
2024-12-04 16:28:31,347 INFO =====> Num. aborted data so far: 0
2024-12-04 16:28:31,355 INFO ===========> Epoch: 13 optimisation losses
2024-12-04 16:28:31,355 INFO =====> EMD Loss: 21.355913
2024-12-04 16:28:31,355 INFO =====> Height map loss: 11.800277
2024-12-04 16:28:31,355 INFO =====> Insertion loss: 0.000000
2024-12-04 16:28:31,756 DEBUG loaded <trimesh.Trimesh(vertices.shape=(916, 3), faces.shape=(856, 3))> using `load_obj` in 0.0029s
2024-12-04 16:28:31,906 DEBUG loaded <trimesh.Trimesh(vertices.shape=(48, 3), faces.shape=(28, 3))> using `load_obj` in 0.0007s
2024-12-04 16:28:39,759 INFO ==> EMD Loss: 21.310717
2024-12-04 16:28:39,760 INFO ==> Height map loss:  11.785630
2024-12-04 16:28:39,760 INFO ==> Insertion loss: 0.000000
2024-12-04 16:28:40,136 DEBUG loaded <trimesh.Trimesh(vertices.shape=(916, 3), faces.shape=(856, 3))> using `load_obj` in 0.0030s
2024-12-04 16:28:40,287 DEBUG loaded <trimesh.Trimesh(vertices.shape=(48, 3), faces.shape=(28, 3))> using `load_obj` in 0.0007s
2024-12-04 16:28:47,970 INFO ==> EMD Loss: 21.311478
2024-12-04 16:28:47,970 INFO ==> Height map loss:  11.858232
2024-12-04 16:28:47,970 INFO ==> Insertion loss: 0.000000
2024-12-04 16:28:48,354 DEBUG loaded <trimesh.Trimesh(vertices.shape=(916, 3), faces.shape=(856, 3))> using `load_obj` in 0.0029s
2024-12-04 16:28:48,507 DEBUG loaded <trimesh.Trimesh(vertices.shape=(48, 3), faces.shape=(28, 3))> using `load_obj` in 0.0007s
2024-12-04 16:28:56,198 INFO ==> EMD Loss: 21.626419
2024-12-04 16:28:56,198 INFO ==> Height map loss:  12.051504
2024-12-04 16:28:56,198 INFO ==> Insertion loss: 0.000000
2024-12-04 16:28:56,575 DEBUG loaded <trimesh.Trimesh(vertices.shape=(916, 3), faces.shape=(856, 3))> using `load_obj` in 0.0029s
2024-12-04 16:28:56,727 DEBUG loaded <trimesh.Trimesh(vertices.shape=(48, 3), faces.shape=(28, 3))> using `load_obj` in 0.0007s
2024-12-04 16:29:04,404 INFO ==> EMD Loss: 21.646566
2024-12-04 16:29:04,404 INFO ==> Height map loss:  12.200450
2024-12-04 16:29:04,404 INFO ==> Insertion loss: 0.000000
2024-12-04 16:29:04,781 DEBUG loaded <trimesh.Trimesh(vertices.shape=(916, 3), faces.shape=(856, 3))> using `load_obj` in 0.0029s
2024-12-04 16:29:04,932 DEBUG loaded <trimesh.Trimesh(vertices.shape=(48, 3), faces.shape=(28, 3))> using `load_obj` in 0.0007s
2024-12-04 16:29:12,527 INFO ==> EMD Loss: 21.551281
2024-12-04 16:29:12,527 INFO ==> Height map loss:  12.306644
2024-12-04 16:29:12,527 INFO ==> Insertion loss: 0.000000
2024-12-04 16:29:12,901 DEBUG loaded <trimesh.Trimesh(vertices.shape=(916, 3), faces.shape=(856, 3))> using `load_obj` in 0.0029s
2024-12-04 16:29:13,055 DEBUG loaded <trimesh.Trimesh(vertices.shape=(48, 3), faces.shape=(28, 3))> using `load_obj` in 0.0007s
2024-12-04 16:29:33,485 INFO =====> Skill params: [ 0.9754785   0.20107737  0.82580495 -0.09484508 -0.03820318]
2024-12-04 16:29:33,485 INFO =====> Grad: [-1.1064365e+03  2.5048679e+03 -6.5419154e-05  1.4993501e+02
  1.1377334e-05]
2024-12-04 16:29:33,485 INFO =====> Num. aborted data so far: 0
2024-12-04 16:29:33,493 INFO ===========> Epoch: 14 optimisation losses
2024-12-04 16:29:33,493 INFO =====> EMD Loss: 21.422331
2024-12-04 16:29:33,493 INFO =====> Height map loss: 11.786404
2024-12-04 16:29:33,493 INFO =====> Insertion loss: 0.000000
2024-12-04 16:29:33,914 DEBUG loaded <trimesh.Trimesh(vertices.shape=(916, 3), faces.shape=(856, 3))> using `load_obj` in 0.0031s
2024-12-04 16:29:34,070 DEBUG loaded <trimesh.Trimesh(vertices.shape=(48, 3), faces.shape=(28, 3))> using `load_obj` in 0.0007s
2024-12-04 16:29:41,854 INFO ==> EMD Loss: 21.346395
2024-12-04 16:29:41,854 INFO ==> Height map loss:  11.792725
2024-12-04 16:29:41,854 INFO ==> Insertion loss: 0.000000
2024-12-04 16:29:42,235 DEBUG loaded <trimesh.Trimesh(vertices.shape=(916, 3), faces.shape=(856, 3))> using `load_obj` in 0.0029s
2024-12-04 16:29:42,393 DEBUG loaded <trimesh.Trimesh(vertices.shape=(48, 3), faces.shape=(28, 3))> using `load_obj` in 0.0007s
2024-12-04 16:29:50,044 INFO ==> EMD Loss: 21.133184
2024-12-04 16:29:50,044 INFO ==> Height map loss:  11.958605
2024-12-04 16:29:50,044 INFO ==> Insertion loss: 0.000000
2024-12-04 16:29:50,444 DEBUG loaded <trimesh.Trimesh(vertices.shape=(916, 3), faces.shape=(856, 3))> using `load_obj` in 0.0029s
2024-12-04 16:29:50,598 DEBUG loaded <trimesh.Trimesh(vertices.shape=(48, 3), faces.shape=(28, 3))> using `load_obj` in 0.0007s
2024-12-04 16:29:58,278 INFO ==> EMD Loss: 20.868021
2024-12-04 16:29:58,278 INFO ==> Height map loss:  11.924701
2024-12-04 16:29:58,278 INFO ==> Insertion loss: 0.000000
2024-12-04 16:29:58,651 DEBUG loaded <trimesh.Trimesh(vertices.shape=(916, 3), faces.shape=(856, 3))> using `load_obj` in 0.0029s
2024-12-04 16:29:58,805 DEBUG loaded <trimesh.Trimesh(vertices.shape=(48, 3), faces.shape=(28, 3))> using `load_obj` in 0.0007s
2024-12-04 16:30:06,404 INFO ==> EMD Loss: 21.082088
2024-12-04 16:30:06,404 INFO ==> Height map loss:  11.974068
2024-12-04 16:30:06,404 INFO ==> Insertion loss: 0.000000
2024-12-04 16:30:06,783 DEBUG loaded <trimesh.Trimesh(vertices.shape=(916, 3), faces.shape=(856, 3))> using `load_obj` in 0.0029s
2024-12-04 16:30:06,936 DEBUG loaded <trimesh.Trimesh(vertices.shape=(48, 3), faces.shape=(28, 3))> using `load_obj` in 0.0007s
2024-12-04 16:30:14,692 INFO ==> EMD Loss: 20.678642
2024-12-04 16:30:14,692 INFO ==> Height map loss:  11.873672
2024-12-04 16:30:14,692 INFO ==> Insertion loss: 0.000000
2024-12-04 16:30:15,066 DEBUG loaded <trimesh.Trimesh(vertices.shape=(916, 3), faces.shape=(856, 3))> using `load_obj` in 0.0029s
2024-12-04 16:30:15,217 DEBUG loaded <trimesh.Trimesh(vertices.shape=(48, 3), faces.shape=(28, 3))> using `load_obj` in 0.0007s
2024-12-04 16:30:35,934 INFO =====> Skill params: [ 0.9779485   0.19902475  0.82818735 -0.09519867 -0.0385411 ]
2024-12-04 16:30:35,934 INFO =====> Grad: [ 1.9509151e+02 -1.6968589e+03  2.3517656e-05 -1.1837103e+03
 -3.5325989e-05]
2024-12-04 16:30:35,934 INFO =====> Num. aborted data so far: 0
2024-12-04 16:30:35,942 INFO ===========> Epoch: 15 optimisation losses
2024-12-04 16:30:35,942 INFO =====> EMD Loss: 21.336498
2024-12-04 16:30:35,942 INFO =====> Height map loss: 11.792676
2024-12-04 16:30:35,942 INFO =====> Insertion loss: 0.000000
2024-12-04 16:30:36,348 DEBUG loaded <trimesh.Trimesh(vertices.shape=(916, 3), faces.shape=(856, 3))> using `load_obj` in 0.0031s
2024-12-04 16:30:36,508 DEBUG loaded <trimesh.Trimesh(vertices.shape=(48, 3), faces.shape=(28, 3))> using `load_obj` in 0.0007s
2024-12-04 16:30:44,211 INFO ==> EMD Loss: 21.442339
2024-12-04 16:30:44,211 INFO ==> Height map loss:  11.821799
2024-12-04 16:30:44,211 INFO ==> Insertion loss: 0.000000
2024-12-04 16:30:44,631 DEBUG loaded <trimesh.Trimesh(vertices.shape=(916, 3), faces.shape=(856, 3))> using `load_obj` in 0.0029s
2024-12-04 16:30:44,790 DEBUG loaded <trimesh.Trimesh(vertices.shape=(48, 3), faces.shape=(28, 3))> using `load_obj` in 0.0007s
2024-12-04 16:30:52,722 INFO ==> EMD Loss: 21.275219
2024-12-04 16:30:52,722 INFO ==> Height map loss:  11.757082
2024-12-04 16:30:52,722 INFO ==> Insertion loss: 0.000000
2024-12-04 16:30:53,117 DEBUG loaded <trimesh.Trimesh(vertices.shape=(916, 3), faces.shape=(856, 3))> using `load_obj` in 0.0029s
2024-12-04 16:30:53,271 DEBUG loaded <trimesh.Trimesh(vertices.shape=(48, 3), faces.shape=(28, 3))> using `load_obj` in 0.0007s
2024-12-04 16:31:00,974 INFO ==> EMD Loss: 21.281788
2024-12-04 16:31:00,975 INFO ==> Height map loss:  11.998656
2024-12-04 16:31:00,975 INFO ==> Insertion loss: 0.000000
2024-12-04 16:31:01,348 DEBUG loaded <trimesh.Trimesh(vertices.shape=(916, 3), faces.shape=(856, 3))> using `load_obj` in 0.0029s
2024-12-04 16:31:01,503 DEBUG loaded <trimesh.Trimesh(vertices.shape=(48, 3), faces.shape=(28, 3))> using `load_obj` in 0.0007s
2024-12-04 16:31:09,139 INFO ==> EMD Loss: 21.462822
2024-12-04 16:31:09,139 INFO ==> Height map loss:  12.055624
2024-12-04 16:31:09,139 INFO ==> Insertion loss: 0.000000
2024-12-04 16:31:09,514 DEBUG loaded <trimesh.Trimesh(vertices.shape=(916, 3), faces.shape=(856, 3))> using `load_obj` in 0.0029s
2024-12-04 16:31:09,666 DEBUG loaded <trimesh.Trimesh(vertices.shape=(48, 3), faces.shape=(28, 3))> using `load_obj` in 0.0007s
2024-12-04 16:31:17,371 INFO ==> EMD Loss: 21.240402
2024-12-04 16:31:17,371 INFO ==> Height map loss:  12.107203
2024-12-04 16:31:17,371 INFO ==> Insertion loss: 0.000000
2024-12-04 16:31:17,745 DEBUG loaded <trimesh.Trimesh(vertices.shape=(916, 3), faces.shape=(856, 3))> using `load_obj` in 0.0029s
2024-12-04 16:31:17,898 DEBUG loaded <trimesh.Trimesh(vertices.shape=(48, 3), faces.shape=(28, 3))> using `load_obj` in 0.0007s
2024-12-04 16:31:38,388 INFO =====> Skill params: [ 0.9756591   0.20616409  0.82371885 -0.0818591  -0.03309398]
2024-12-04 16:31:38,389 INFO =====> Grad: [-1.1340065e+03  4.1022700e+03  7.1624090e-06  1.3559535e+03
  3.5643778e-05]
2024-12-04 16:31:38,389 INFO =====> Num. aborted data so far: 0
2024-12-04 16:31:38,396 INFO ===========> Epoch: 16 optimisation losses
2024-12-04 16:31:38,396 INFO =====> EMD Loss: 21.261660
2024-12-04 16:31:38,396 INFO =====> Height map loss: 11.763889
2024-12-04 16:31:38,396 INFO =====> Insertion loss: 0.000000
2024-12-04 16:31:38,807 DEBUG loaded <trimesh.Trimesh(vertices.shape=(916, 3), faces.shape=(856, 3))> using `load_obj` in 0.0029s
2024-12-04 16:31:38,965 DEBUG loaded <trimesh.Trimesh(vertices.shape=(48, 3), faces.shape=(28, 3))> using `load_obj` in 0.0007s
2024-12-04 16:31:46,687 INFO ==> EMD Loss: 21.393078
2024-12-04 16:31:46,687 INFO ==> Height map loss:  11.858282
2024-12-04 16:31:46,687 INFO ==> Insertion loss: 0.000000
2024-12-04 16:31:47,062 DEBUG loaded <trimesh.Trimesh(vertices.shape=(916, 3), faces.shape=(856, 3))> using `load_obj` in 0.0029s
2024-12-04 16:31:47,217 DEBUG loaded <trimesh.Trimesh(vertices.shape=(48, 3), faces.shape=(28, 3))> using `load_obj` in 0.0007s
2024-12-04 16:31:54,854 INFO ==> EMD Loss: 21.150192
2024-12-04 16:31:54,855 INFO ==> Height map loss:  11.895926
2024-12-04 16:31:54,855 INFO ==> Insertion loss: 0.000000
2024-12-04 16:31:55,230 DEBUG loaded <trimesh.Trimesh(vertices.shape=(916, 3), faces.shape=(856, 3))> using `load_obj` in 0.0029s
2024-12-04 16:31:55,386 DEBUG loaded <trimesh.Trimesh(vertices.shape=(48, 3), faces.shape=(28, 3))> using `load_obj` in 0.0007s
2024-12-04 16:32:02,983 INFO ==> EMD Loss: 20.873573
2024-12-04 16:32:02,983 INFO ==> Height map loss:  11.995857
2024-12-04 16:32:02,983 INFO ==> Insertion loss: 0.000000
2024-12-04 16:32:03,358 DEBUG loaded <trimesh.Trimesh(vertices.shape=(916, 3), faces.shape=(856, 3))> using `load_obj` in 0.0029s
2024-12-04 16:32:03,513 DEBUG loaded <trimesh.Trimesh(vertices.shape=(48, 3), faces.shape=(28, 3))> using `load_obj` in 0.0008s
2024-12-04 16:32:11,171 INFO ==> EMD Loss: 21.282070
2024-12-04 16:32:11,171 INFO ==> Height map loss:  12.199125
2024-12-04 16:32:11,171 INFO ==> Insertion loss: 0.000000
2024-12-04 16:32:11,549 DEBUG loaded <trimesh.Trimesh(vertices.shape=(916, 3), faces.shape=(856, 3))> using `load_obj` in 0.0029s
2024-12-04 16:32:11,702 DEBUG loaded <trimesh.Trimesh(vertices.shape=(48, 3), faces.shape=(28, 3))> using `load_obj` in 0.0007s
2024-12-04 16:32:19,349 INFO ==> EMD Loss: 20.927868
2024-12-04 16:32:19,349 INFO ==> Height map loss:  12.398254
2024-12-04 16:32:19,349 INFO ==> Insertion loss: 0.000000
2024-12-04 16:32:19,729 DEBUG loaded <trimesh.Trimesh(vertices.shape=(916, 3), faces.shape=(856, 3))> using `load_obj` in 0.0030s
2024-12-04 16:32:19,884 DEBUG loaded <trimesh.Trimesh(vertices.shape=(48, 3), faces.shape=(28, 3))> using `load_obj` in 0.0007s
2024-12-04 16:32:40,580 INFO =====> Skill params: [ 0.97822356  0.20301014  0.82343227 -0.08472962 -0.03423369]
2024-12-04 16:32:40,581 INFO =====> Grad: [-1.1108109e+03  1.7067087e+03  2.4284529e-05  6.7026337e+02
  2.7686532e-05]
2024-12-04 16:32:40,581 INFO =====> Num. aborted data so far: 0
2024-12-04 16:32:40,588 INFO ===========> Epoch: 17 optimisation losses
2024-12-04 16:32:40,589 INFO =====> EMD Loss: 21.392340
2024-12-04 16:32:40,589 INFO =====> Height map loss: 11.863304
2024-12-04 16:32:40,589 INFO =====> Insertion loss: 0.000000
2024-12-04 16:32:40,998 DEBUG loaded <trimesh.Trimesh(vertices.shape=(916, 3), faces.shape=(856, 3))> using `load_obj` in 0.0031s
2024-12-04 16:32:41,156 DEBUG loaded <trimesh.Trimesh(vertices.shape=(48, 3), faces.shape=(28, 3))> using `load_obj` in 0.0007s
2024-12-04 16:32:48,923 INFO ==> EMD Loss: 21.378284
2024-12-04 16:32:48,923 INFO ==> Height map loss:  11.849726
2024-12-04 16:32:48,923 INFO ==> Insertion loss: 0.000000
2024-12-04 16:32:49,298 DEBUG loaded <trimesh.Trimesh(vertices.shape=(916, 3), faces.shape=(856, 3))> using `load_obj` in 0.0029s
2024-12-04 16:32:49,453 DEBUG loaded <trimesh.Trimesh(vertices.shape=(48, 3), faces.shape=(28, 3))> using `load_obj` in 0.0007s
2024-12-04 16:32:57,140 INFO ==> EMD Loss: 21.237854
2024-12-04 16:32:57,140 INFO ==> Height map loss:  11.835774
2024-12-04 16:32:57,140 INFO ==> Insertion loss: 0.000000
2024-12-04 16:32:57,513 DEBUG loaded <trimesh.Trimesh(vertices.shape=(916, 3), faces.shape=(856, 3))> using `load_obj` in 0.0029s
2024-12-04 16:32:57,668 DEBUG loaded <trimesh.Trimesh(vertices.shape=(48, 3), faces.shape=(28, 3))> using `load_obj` in 0.0007s
2024-12-04 16:33:05,530 INFO ==> EMD Loss: 21.014626
2024-12-04 16:33:05,530 INFO ==> Height map loss:  12.035581
2024-12-04 16:33:05,530 INFO ==> Insertion loss: 0.000000
2024-12-04 16:33:05,911 DEBUG loaded <trimesh.Trimesh(vertices.shape=(916, 3), faces.shape=(856, 3))> using `load_obj` in 0.0029s
2024-12-04 16:33:06,069 DEBUG loaded <trimesh.Trimesh(vertices.shape=(48, 3), faces.shape=(28, 3))> using `load_obj` in 0.0007s
2024-12-04 16:33:13,736 INFO ==> EMD Loss: 20.997084
2024-12-04 16:33:13,736 INFO ==> Height map loss:  11.887457
2024-12-04 16:33:13,736 INFO ==> Insertion loss: 0.000000
2024-12-04 16:33:14,111 DEBUG loaded <trimesh.Trimesh(vertices.shape=(916, 3), faces.shape=(856, 3))> using `load_obj` in 0.0030s
2024-12-04 16:33:14,265 DEBUG loaded <trimesh.Trimesh(vertices.shape=(48, 3), faces.shape=(28, 3))> using `load_obj` in 0.0007s
2024-12-04 16:33:22,008 INFO ==> EMD Loss: 20.849344
2024-12-04 16:33:22,008 INFO ==> Height map loss:  11.934871
2024-12-04 16:33:22,008 INFO ==> Insertion loss: 0.000000
2024-12-04 16:33:22,386 DEBUG loaded <trimesh.Trimesh(vertices.shape=(916, 3), faces.shape=(856, 3))> using `load_obj` in 0.0029s
2024-12-04 16:33:22,541 DEBUG loaded <trimesh.Trimesh(vertices.shape=(48, 3), faces.shape=(28, 3))> using `load_obj` in 0.0007s
2024-12-04 16:33:43,055 INFO =====> Skill params: [ 0.9904361   0.19625406  0.8183766  -0.09200731 -0.03884946]
2024-12-04 16:33:43,056 INFO =====> Grad: [ 9.1396521e+02 -2.0506062e+03  8.9082987e-06  1.3480541e+03
 -3.4834345e-06]
2024-12-04 16:33:43,056 INFO =====> Num. aborted data so far: 0
2024-12-04 16:33:43,064 INFO ===========> Epoch: 18 optimisation losses
2024-12-04 16:33:43,064 INFO =====> EMD Loss: 21.238087
2024-12-04 16:33:43,064 INFO =====> Height map loss: 11.827945
2024-12-04 16:33:43,064 INFO =====> Insertion loss: 0.000000
2024-12-04 16:33:43,477 DEBUG loaded <trimesh.Trimesh(vertices.shape=(916, 3), faces.shape=(856, 3))> using `load_obj` in 0.0029s
2024-12-04 16:33:43,631 DEBUG loaded <trimesh.Trimesh(vertices.shape=(48, 3), faces.shape=(28, 3))> using `load_obj` in 0.0007s
2024-12-04 16:33:51,325 INFO ==> EMD Loss: 21.315878
2024-12-04 16:33:51,325 INFO ==> Height map loss:  11.794973
2024-12-04 16:33:51,325 INFO ==> Insertion loss: 0.000000
2024-12-04 16:33:51,709 DEBUG loaded <trimesh.Trimesh(vertices.shape=(916, 3), faces.shape=(856, 3))> using `load_obj` in 0.0030s
2024-12-04 16:33:51,867 DEBUG loaded <trimesh.Trimesh(vertices.shape=(48, 3), faces.shape=(28, 3))> using `load_obj` in 0.0007s
2024-12-04 16:33:59,527 INFO ==> EMD Loss: 21.234789
2024-12-04 16:33:59,527 INFO ==> Height map loss:  11.732980
2024-12-04 16:33:59,527 INFO ==> Insertion loss: 0.000000
2024-12-04 16:33:59,938 DEBUG loaded <trimesh.Trimesh(vertices.shape=(916, 3), faces.shape=(856, 3))> using `load_obj` in 0.0030s
2024-12-04 16:34:00,093 DEBUG loaded <trimesh.Trimesh(vertices.shape=(48, 3), faces.shape=(28, 3))> using `load_obj` in 0.0007s
2024-12-04 16:34:07,739 INFO ==> EMD Loss: 21.102825
2024-12-04 16:34:07,739 INFO ==> Height map loss:  11.810486
2024-12-04 16:34:07,739 INFO ==> Insertion loss: 0.000000
2024-12-04 16:34:08,119 DEBUG loaded <trimesh.Trimesh(vertices.shape=(916, 3), faces.shape=(856, 3))> using `load_obj` in 0.0029s
2024-12-04 16:34:08,269 DEBUG loaded <trimesh.Trimesh(vertices.shape=(48, 3), faces.shape=(28, 3))> using `load_obj` in 0.0007s
2024-12-04 16:34:15,949 INFO ==> EMD Loss: 21.329372
2024-12-04 16:34:15,949 INFO ==> Height map loss:  11.886438
2024-12-04 16:34:15,949 INFO ==> Insertion loss: 0.000000
2024-12-04 16:34:16,324 DEBUG loaded <trimesh.Trimesh(vertices.shape=(916, 3), faces.shape=(856, 3))> using `load_obj` in 0.0029s
2024-12-04 16:34:16,476 DEBUG loaded <trimesh.Trimesh(vertices.shape=(48, 3), faces.shape=(28, 3))> using `load_obj` in 0.0007s
2024-12-04 16:34:24,156 INFO ==> EMD Loss: 21.382013
2024-12-04 16:34:24,156 INFO ==> Height map loss:  12.024692
2024-12-04 16:34:24,156 INFO ==> Insertion loss: 0.000000
2024-12-04 16:34:24,533 DEBUG loaded <trimesh.Trimesh(vertices.shape=(916, 3), faces.shape=(856, 3))> using `load_obj` in 0.0029s
2024-12-04 16:34:24,681 DEBUG loaded <trimesh.Trimesh(vertices.shape=(48, 3), faces.shape=(28, 3))> using `load_obj` in 0.0007s
2024-12-04 16:34:45,082 INFO =====> Skill params: [ 0.98039263  0.20451355  0.81642544 -0.10587375 -0.03823742]
2024-12-04 16:34:45,082 INFO =====> Grad: [ 1.1443103e+02 -6.6634821e+02 -1.0209667e-05 -1.1853794e+03
 -2.9677625e-05]
2024-12-04 16:34:45,082 INFO =====> Num. aborted data so far: 0
2024-12-04 16:34:45,090 INFO ===========> Epoch: 19 optimisation losses
2024-12-04 16:34:45,091 INFO =====> EMD Loss: 21.276112
2024-12-04 16:34:45,091 INFO =====> Height map loss: 11.735384
2024-12-04 16:34:45,091 INFO =====> Insertion loss: 0.000000
2024-12-04 16:34:45,502 DEBUG loaded <trimesh.Trimesh(vertices.shape=(916, 3), faces.shape=(856, 3))> using `load_obj` in 0.0030s
2024-12-04 16:34:45,657 DEBUG loaded <trimesh.Trimesh(vertices.shape=(48, 3), faces.shape=(28, 3))> using `load_obj` in 0.0007s
2024-12-04 16:34:53,375 INFO ==> EMD Loss: 21.227556
2024-12-04 16:34:53,375 INFO ==> Height map loss:  11.727348
2024-12-04 16:34:53,375 INFO ==> Insertion loss: 0.000000
2024-12-04 16:34:53,749 DEBUG loaded <trimesh.Trimesh(vertices.shape=(916, 3), faces.shape=(856, 3))> using `load_obj` in 0.0030s
2024-12-04 16:34:53,902 DEBUG loaded <trimesh.Trimesh(vertices.shape=(48, 3), faces.shape=(28, 3))> using `load_obj` in 0.0007s
2024-12-04 16:35:01,620 INFO ==> EMD Loss: 21.209442
2024-12-04 16:35:01,621 INFO ==> Height map loss:  11.684341
2024-12-04 16:35:01,621 INFO ==> Insertion loss: 0.000000
2024-12-04 16:35:02,049 DEBUG loaded <trimesh.Trimesh(vertices.shape=(916, 3), faces.shape=(856, 3))> using `load_obj` in 0.0030s
2024-12-04 16:35:02,199 DEBUG loaded <trimesh.Trimesh(vertices.shape=(48, 3), faces.shape=(28, 3))> using `load_obj` in 0.0007s
2024-12-04 16:35:09,954 INFO ==> EMD Loss: 21.128819
2024-12-04 16:35:09,954 INFO ==> Height map loss:  11.805242
2024-12-04 16:35:09,954 INFO ==> Insertion loss: 0.000000
2024-12-04 16:35:10,341 DEBUG loaded <trimesh.Trimesh(vertices.shape=(916, 3), faces.shape=(856, 3))> using `load_obj` in 0.0029s
2024-12-04 16:35:10,491 DEBUG loaded <trimesh.Trimesh(vertices.shape=(48, 3), faces.shape=(28, 3))> using `load_obj` in 0.0007s
2024-12-04 16:35:18,241 INFO ==> EMD Loss: 21.414633
2024-12-04 16:35:18,241 INFO ==> Height map loss:  11.953683
2024-12-04 16:35:18,241 INFO ==> Insertion loss: 0.000000
2024-12-04 16:35:18,640 DEBUG loaded <trimesh.Trimesh(vertices.shape=(916, 3), faces.shape=(856, 3))> using `load_obj` in 0.0029s
2024-12-04 16:35:18,791 DEBUG loaded <trimesh.Trimesh(vertices.shape=(48, 3), faces.shape=(28, 3))> using `load_obj` in 0.0007s
2024-12-04 16:35:26,467 INFO ==> EMD Loss: 21.587385
2024-12-04 16:35:26,467 INFO ==> Height map loss:  12.057581
2024-12-04 16:35:26,467 INFO ==> Insertion loss: 0.000000
2024-12-04 16:35:26,849 DEBUG loaded <trimesh.Trimesh(vertices.shape=(916, 3), faces.shape=(856, 3))> using `load_obj` in 0.0029s
2024-12-04 16:35:26,998 DEBUG loaded <trimesh.Trimesh(vertices.shape=(48, 3), faces.shape=(28, 3))> using `load_obj` in 0.0007s
2024-12-04 16:35:34,667 INFO ===========> Finished training.
2024-12-04 16:35:34,667 INFO ====> Final EMD Loss: 21.209858
2024-12-04 16:35:34,667 INFO ====> Final Height map loss: 11.682837
2024-12-04 16:35:34,667 INFO ====> Final Insertion loss: 0.000000
2024-12-04 16:35:34,667 INFO ====> Final skill params: [ 0.9790683   0.20733142  0.818776   -0.09396695 -0.03282229]
