2024-12-10 18:58:02,124 DEBUG loaded <trimesh.Trimesh(vertices.shape=(916, 3), faces.shape=(856, 3))> using `load_obj` in 0.0028s
2024-12-10 18:58:02,274 DEBUG loaded <trimesh.Trimesh(vertices.shape=(48, 3), faces.shape=(28, 3))> using `load_obj` in 0.0007s
2024-12-10 18:58:28,475 INFO =====> Skill params: [ 0.02364325  0.90092736 -0.71168077  0.8972989  -0.37633708]
2024-12-10 18:58:28,475 INFO =====> Grad: [-6.3771625e+02 -1.5769713e+01  2.6861109e-05 -2.6653482e+01
 -3.6359590e-06]
2024-12-10 18:58:28,475 INFO =====> Num. aborted data so far: 0
2024-12-10 18:58:28,476 INFO ===========> Epoch: 0 optimisation losses
2024-12-10 18:58:28,476 INFO =====> EMD Loss: 24.537357
2024-12-10 18:58:28,476 INFO =====> Height map loss: 12.202280
2024-12-10 18:58:28,871 DEBUG loaded <trimesh.Trimesh(vertices.shape=(916, 3), faces.shape=(856, 3))> using `load_obj` in 0.0031s
2024-12-10 18:58:29,026 DEBUG loaded <trimesh.Trimesh(vertices.shape=(48, 3), faces.shape=(28, 3))> using `load_obj` in 0.0007s
2024-12-10 18:58:38,557 INFO ==> EMD Loss: 24.551178
2024-12-10 18:58:38,557 INFO ==> Height map loss:  12.205404
2024-12-10 18:58:38,922 DEBUG loaded <trimesh.Trimesh(vertices.shape=(916, 3), faces.shape=(856, 3))> using `load_obj` in 0.0030s
2024-12-10 18:58:39,078 DEBUG loaded <trimesh.Trimesh(vertices.shape=(48, 3), faces.shape=(28, 3))> using `load_obj` in 0.0007s
2024-12-10 18:58:48,693 INFO ==> EMD Loss: 24.599716
2024-12-10 18:58:48,693 INFO ==> Height map loss:  12.225420
2024-12-10 18:58:49,058 DEBUG loaded <trimesh.Trimesh(vertices.shape=(916, 3), faces.shape=(856, 3))> using `load_obj` in 0.0030s
2024-12-10 18:58:49,212 DEBUG loaded <trimesh.Trimesh(vertices.shape=(48, 3), faces.shape=(28, 3))> using `load_obj` in 0.0007s
2024-12-10 18:58:59,479 INFO ==> EMD Loss: 24.617020
2024-12-10 18:58:59,479 INFO ==> Height map loss:  12.195395
2024-12-10 18:58:59,867 DEBUG loaded <trimesh.Trimesh(vertices.shape=(916, 3), faces.shape=(856, 3))> using `load_obj` in 0.0030s
2024-12-10 18:59:00,022 DEBUG loaded <trimesh.Trimesh(vertices.shape=(48, 3), faces.shape=(28, 3))> using `load_obj` in 0.0007s
2024-12-10 18:59:09,847 INFO ==> EMD Loss: 24.654970
2024-12-10 18:59:09,847 INFO ==> Height map loss:  12.124056
2024-12-10 18:59:10,283 DEBUG loaded <trimesh.Trimesh(vertices.shape=(916, 3), faces.shape=(856, 3))> using `load_obj` in 0.0030s
2024-12-10 18:59:10,438 DEBUG loaded <trimesh.Trimesh(vertices.shape=(48, 3), faces.shape=(28, 3))> using `load_obj` in 0.0007s
2024-12-10 18:59:20,224 INFO ==> EMD Loss: 24.671438
2024-12-10 18:59:20,224 INFO ==> Height map loss:  12.258191
2024-12-10 18:59:20,638 DEBUG loaded <trimesh.Trimesh(vertices.shape=(916, 3), faces.shape=(856, 3))> using `load_obj` in 0.0029s
2024-12-10 18:59:20,786 DEBUG loaded <trimesh.Trimesh(vertices.shape=(48, 3), faces.shape=(28, 3))> using `load_obj` in 0.0007s
2024-12-10 18:59:48,962 INFO =====> Skill params: [ 0.16594575  1.         -0.72437     1.         -0.3746127 ]
2024-12-10 18:59:48,962 INFO =====> Grad: [2.96961694e+03 1.17191574e+02 2.78239349e-06 1.11578894e+03
 6.83017788e-05]
2024-12-10 18:59:48,962 INFO =====> Num. aborted data so far: 0
2024-12-10 18:59:48,963 INFO ===========> Epoch: 1 optimisation losses
2024-12-10 18:59:48,963 INFO =====> EMD Loss: 24.655106
2024-12-10 18:59:48,963 INFO =====> Height map loss: 12.124410
2024-12-10 18:59:49,493 DEBUG loaded <trimesh.Trimesh(vertices.shape=(916, 3), faces.shape=(856, 3))> using `load_obj` in 0.0041s
2024-12-10 18:59:49,690 DEBUG loaded <trimesh.Trimesh(vertices.shape=(48, 3), faces.shape=(28, 3))> using `load_obj` in 0.0009s
2024-12-10 19:00:00,438 INFO ==> EMD Loss: 24.634401
2024-12-10 19:00:00,438 INFO ==> Height map loss:  12.085815
2024-12-10 19:00:00,802 DEBUG loaded <trimesh.Trimesh(vertices.shape=(916, 3), faces.shape=(856, 3))> using `load_obj` in 0.0030s
2024-12-10 19:00:00,954 DEBUG loaded <trimesh.Trimesh(vertices.shape=(48, 3), faces.shape=(28, 3))> using `load_obj` in 0.0007s
2024-12-10 19:00:10,620 INFO ==> EMD Loss: 24.463219
2024-12-10 19:00:10,620 INFO ==> Height map loss:  12.055363
2024-12-10 19:00:10,987 DEBUG loaded <trimesh.Trimesh(vertices.shape=(916, 3), faces.shape=(856, 3))> using `load_obj` in 0.0030s
2024-12-10 19:00:11,139 DEBUG loaded <trimesh.Trimesh(vertices.shape=(48, 3), faces.shape=(28, 3))> using `load_obj` in 0.0007s
2024-12-10 19:00:20,755 INFO ==> EMD Loss: 24.419523
2024-12-10 19:00:20,755 INFO ==> Height map loss:  11.985246
2024-12-10 19:00:21,125 DEBUG loaded <trimesh.Trimesh(vertices.shape=(916, 3), faces.shape=(856, 3))> using `load_obj` in 0.0029s
2024-12-10 19:00:21,275 DEBUG loaded <trimesh.Trimesh(vertices.shape=(48, 3), faces.shape=(28, 3))> using `load_obj` in 0.0007s
2024-12-10 19:00:30,427 INFO ==> EMD Loss: 24.379570
2024-12-10 19:00:30,427 INFO ==> Height map loss:  11.979324
2024-12-10 19:00:30,876 DEBUG loaded <trimesh.Trimesh(vertices.shape=(916, 3), faces.shape=(856, 3))> using `load_obj` in 0.0039s
2024-12-10 19:00:31,073 DEBUG loaded <trimesh.Trimesh(vertices.shape=(48, 3), faces.shape=(28, 3))> using `load_obj` in 0.0008s
2024-12-10 19:00:40,842 INFO ==> EMD Loss: 24.180691
2024-12-10 19:00:40,842 INFO ==> Height map loss:  11.973947
2024-12-10 19:00:41,202 DEBUG loaded <trimesh.Trimesh(vertices.shape=(916, 3), faces.shape=(856, 3))> using `load_obj` in 0.0030s
2024-12-10 19:00:41,349 DEBUG loaded <trimesh.Trimesh(vertices.shape=(48, 3), faces.shape=(28, 3))> using `load_obj` in 0.0007s
2024-12-10 19:01:06,200 INFO =====> Skill params: [-0.01997189  0.8117907  -0.72621727  0.81031203 -0.41888213]
2024-12-10 19:01:06,200 INFO =====> Grad: [ 1.79152185e+03  1.18307526e+02 -4.46913191e-07 -9.99327393e+02
  2.24681366e-06]
2024-12-10 19:01:06,200 INFO =====> Num. aborted data so far: 0
2024-12-10 19:01:06,201 INFO ===========> Epoch: 2 optimisation losses
2024-12-10 19:01:06,201 INFO =====> EMD Loss: 24.180696
2024-12-10 19:01:06,201 INFO =====> Height map loss: 11.974024
2024-12-10 19:01:06,595 DEBUG loaded <trimesh.Trimesh(vertices.shape=(916, 3), faces.shape=(856, 3))> using `load_obj` in 0.0030s
2024-12-10 19:01:06,748 DEBUG loaded <trimesh.Trimesh(vertices.shape=(48, 3), faces.shape=(28, 3))> using `load_obj` in 0.0007s
2024-12-10 19:01:15,614 INFO ==> EMD Loss: 24.217480
2024-12-10 19:01:15,614 INFO ==> Height map loss:  11.956051
2024-12-10 19:01:15,983 DEBUG loaded <trimesh.Trimesh(vertices.shape=(916, 3), faces.shape=(856, 3))> using `load_obj` in 0.0029s
2024-12-10 19:01:16,135 DEBUG loaded <trimesh.Trimesh(vertices.shape=(48, 3), faces.shape=(28, 3))> using `load_obj` in 0.0007s
2024-12-10 19:01:24,844 INFO ==> EMD Loss: 24.332262
2024-12-10 19:01:24,844 INFO ==> Height map loss:  11.880027
2024-12-10 19:01:25,212 DEBUG loaded <trimesh.Trimesh(vertices.shape=(916, 3), faces.shape=(856, 3))> using `load_obj` in 0.0029s
2024-12-10 19:01:25,365 DEBUG loaded <trimesh.Trimesh(vertices.shape=(48, 3), faces.shape=(28, 3))> using `load_obj` in 0.0007s
2024-12-10 19:01:33,917 INFO ==> EMD Loss: 24.309288
2024-12-10 19:01:33,917 INFO ==> Height map loss:  11.885757
2024-12-10 19:01:34,365 DEBUG loaded <trimesh.Trimesh(vertices.shape=(916, 3), faces.shape=(856, 3))> using `load_obj` in 0.0040s
2024-12-10 19:01:34,562 DEBUG loaded <trimesh.Trimesh(vertices.shape=(48, 3), faces.shape=(28, 3))> using `load_obj` in 0.0009s
2024-12-10 19:01:43,180 INFO ==> EMD Loss: 24.185915
2024-12-10 19:01:43,180 INFO ==> Height map loss:  11.799840
2024-12-10 19:01:43,629 DEBUG loaded <trimesh.Trimesh(vertices.shape=(916, 3), faces.shape=(856, 3))> using `load_obj` in 0.0039s
2024-12-10 19:01:43,798 DEBUG loaded <trimesh.Trimesh(vertices.shape=(48, 3), faces.shape=(28, 3))> using `load_obj` in 0.0007s
2024-12-10 19:01:52,297 INFO ==> EMD Loss: 24.103636
2024-12-10 19:01:52,297 INFO ==> Height map loss:  11.845188
2024-12-10 19:01:52,748 DEBUG loaded <trimesh.Trimesh(vertices.shape=(916, 3), faces.shape=(856, 3))> using `load_obj` in 0.0040s
2024-12-10 19:01:52,944 DEBUG loaded <trimesh.Trimesh(vertices.shape=(48, 3), faces.shape=(28, 3))> using `load_obj` in 0.0008s
2024-12-10 19:02:16,200 INFO =====> Skill params: [-0.09522849  0.7084854  -0.7259827   0.9079866  -0.42003337]
2024-12-10 19:02:16,200 INFO =====> Grad: [-1.8216176e+03  5.3023682e+02 -2.5546397e-06  9.4558643e+02
 -2.2165177e-06]
2024-12-10 19:02:16,200 INFO =====> Num. aborted data so far: 0
2024-12-10 19:02:16,200 INFO ===========> Epoch: 3 optimisation losses
2024-12-10 19:02:16,200 INFO =====> EMD Loss: 24.192053
2024-12-10 19:02:16,201 INFO =====> Height map loss: 11.799891
2024-12-10 19:02:16,672 DEBUG loaded <trimesh.Trimesh(vertices.shape=(916, 3), faces.shape=(856, 3))> using `load_obj` in 0.0030s
2024-12-10 19:02:16,828 DEBUG loaded <trimesh.Trimesh(vertices.shape=(48, 3), faces.shape=(28, 3))> using `load_obj` in 0.0007s
2024-12-10 19:02:25,199 INFO ==> EMD Loss: 24.185564
2024-12-10 19:02:25,199 INFO ==> Height map loss:  11.815681
2024-12-10 19:02:25,599 DEBUG loaded <trimesh.Trimesh(vertices.shape=(916, 3), faces.shape=(856, 3))> using `load_obj` in 0.0029s
2024-12-10 19:02:25,755 DEBUG loaded <trimesh.Trimesh(vertices.shape=(48, 3), faces.shape=(28, 3))> using `load_obj` in 0.0007s
2024-12-10 19:02:34,078 INFO ==> EMD Loss: 23.968079
2024-12-10 19:02:34,078 INFO ==> Height map loss:  11.801746
2024-12-10 19:02:34,446 DEBUG loaded <trimesh.Trimesh(vertices.shape=(916, 3), faces.shape=(856, 3))> using `load_obj` in 0.0030s
2024-12-10 19:02:34,606 DEBUG loaded <trimesh.Trimesh(vertices.shape=(48, 3), faces.shape=(28, 3))> using `load_obj` in 0.0007s
2024-12-10 19:02:42,734 INFO ==> EMD Loss: 23.808918
2024-12-10 19:02:42,734 INFO ==> Height map loss:  11.789206
2024-12-10 19:02:43,102 DEBUG loaded <trimesh.Trimesh(vertices.shape=(916, 3), faces.shape=(856, 3))> using `load_obj` in 0.0030s
2024-12-10 19:02:43,254 DEBUG loaded <trimesh.Trimesh(vertices.shape=(48, 3), faces.shape=(28, 3))> using `load_obj` in 0.0007s
2024-12-10 19:02:51,227 INFO ==> EMD Loss: 23.998322
2024-12-10 19:02:51,227 INFO ==> Height map loss:  11.885448
2024-12-10 19:02:51,680 DEBUG loaded <trimesh.Trimesh(vertices.shape=(916, 3), faces.shape=(856, 3))> using `load_obj` in 0.0040s
2024-12-10 19:02:51,886 DEBUG loaded <trimesh.Trimesh(vertices.shape=(48, 3), faces.shape=(28, 3))> using `load_obj` in 0.0008s
2024-12-10 19:02:59,750 INFO ==> EMD Loss: 24.227139
2024-12-10 19:02:59,750 INFO ==> Height map loss:  12.026132
2024-12-10 19:03:00,122 DEBUG loaded <trimesh.Trimesh(vertices.shape=(916, 3), faces.shape=(856, 3))> using `load_obj` in 0.0029s
2024-12-10 19:03:00,275 DEBUG loaded <trimesh.Trimesh(vertices.shape=(48, 3), faces.shape=(28, 3))> using `load_obj` in 0.0007s
2024-12-10 19:03:22,086 INFO =====> Skill params: [-0.04844758  0.61740965 -0.72504056  0.85439485 -0.41923532]
2024-12-10 19:03:22,086 INFO =====> Grad: [ 1.8136259e+03 -2.4806793e+02  1.5214395e-05 -1.4426776e+03
  7.3654825e-05]
2024-12-10 19:03:22,086 INFO =====> Num. aborted data so far: 0
2024-12-10 19:03:22,087 INFO ===========> Epoch: 4 optimisation losses
2024-12-10 19:03:22,087 INFO =====> EMD Loss: 23.810593
2024-12-10 19:03:22,087 INFO =====> Height map loss: 11.788254
2024-12-10 19:03:22,480 DEBUG loaded <trimesh.Trimesh(vertices.shape=(916, 3), faces.shape=(856, 3))> using `load_obj` in 0.0030s
2024-12-10 19:03:22,634 DEBUG loaded <trimesh.Trimesh(vertices.shape=(48, 3), faces.shape=(28, 3))> using `load_obj` in 0.0007s
2024-12-10 19:03:30,456 INFO ==> EMD Loss: 23.798489
2024-12-10 19:03:30,456 INFO ==> Height map loss:  11.789014
2024-12-10 19:03:30,820 DEBUG loaded <trimesh.Trimesh(vertices.shape=(916, 3), faces.shape=(856, 3))> using `load_obj` in 0.0029s
2024-12-10 19:03:30,972 DEBUG loaded <trimesh.Trimesh(vertices.shape=(48, 3), faces.shape=(28, 3))> using `load_obj` in 0.0007s
2024-12-10 19:03:38,951 INFO ==> EMD Loss: 23.934664
2024-12-10 19:03:38,951 INFO ==> Height map loss:  11.771578
2024-12-10 19:03:39,334 DEBUG loaded <trimesh.Trimesh(vertices.shape=(916, 3), faces.shape=(856, 3))> using `load_obj` in 0.0030s
2024-12-10 19:03:39,487 DEBUG loaded <trimesh.Trimesh(vertices.shape=(48, 3), faces.shape=(28, 3))> using `load_obj` in 0.0007s
2024-12-10 19:03:47,683 INFO ==> EMD Loss: 23.829411
2024-12-10 19:03:47,683 INFO ==> Height map loss:  11.815397
2024-12-10 19:03:48,070 DEBUG loaded <trimesh.Trimesh(vertices.shape=(916, 3), faces.shape=(856, 3))> using `load_obj` in 0.0029s
2024-12-10 19:03:48,220 DEBUG loaded <trimesh.Trimesh(vertices.shape=(48, 3), faces.shape=(28, 3))> using `load_obj` in 0.0007s
2024-12-10 19:03:56,654 INFO ==> EMD Loss: 24.044857
2024-12-10 19:03:56,654 INFO ==> Height map loss:  11.799823
2024-12-10 19:03:57,086 DEBUG loaded <trimesh.Trimesh(vertices.shape=(916, 3), faces.shape=(856, 3))> using `load_obj` in 0.0029s
2024-12-10 19:03:57,242 DEBUG loaded <trimesh.Trimesh(vertices.shape=(48, 3), faces.shape=(28, 3))> using `load_obj` in 0.0008s
2024-12-10 19:04:05,784 INFO ==> EMD Loss: 24.157825
2024-12-10 19:04:05,784 INFO ==> Height map loss:  11.774993
2024-12-10 19:04:06,278 DEBUG loaded <trimesh.Trimesh(vertices.shape=(916, 3), faces.shape=(856, 3))> using `load_obj` in 0.0039s
2024-12-10 19:04:06,474 DEBUG loaded <trimesh.Trimesh(vertices.shape=(48, 3), faces.shape=(28, 3))> using `load_obj` in 0.0008s
2024-12-10 19:04:28,678 INFO =====> Skill params: [-0.07024877  0.6377069  -0.7279922   0.8862911  -0.43264228]
2024-12-10 19:04:28,678 INFO =====> Grad: [-1.8483704e+03  3.5183371e+02 -3.0963770e-06  1.4072670e+03
  7.4554577e-05]
2024-12-10 19:04:28,678 INFO =====> Num. aborted data so far: 0
2024-12-10 19:04:28,678 INFO ===========> Epoch: 5 optimisation losses
2024-12-10 19:04:28,678 INFO =====> EMD Loss: 23.776829
2024-12-10 19:04:28,678 INFO =====> Height map loss: 11.771502
2024-12-10 19:04:29,072 DEBUG loaded <trimesh.Trimesh(vertices.shape=(916, 3), faces.shape=(856, 3))> using `load_obj` in 0.0030s
2024-12-10 19:04:29,220 DEBUG loaded <trimesh.Trimesh(vertices.shape=(48, 3), faces.shape=(28, 3))> using `load_obj` in 0.0007s
2024-12-10 19:04:37,252 INFO ==> EMD Loss: 23.635050
2024-12-10 19:04:37,252 INFO ==> Height map loss:  11.777901
2024-12-10 19:04:37,627 DEBUG loaded <trimesh.Trimesh(vertices.shape=(916, 3), faces.shape=(856, 3))> using `load_obj` in 0.0030s
2024-12-10 19:04:37,782 DEBUG loaded <trimesh.Trimesh(vertices.shape=(48, 3), faces.shape=(28, 3))> using `load_obj` in 0.0007s
2024-12-10 19:04:45,642 INFO ==> EMD Loss: 23.758615
2024-12-10 19:04:45,642 INFO ==> Height map loss:  11.819906
2024-12-10 19:04:46,003 DEBUG loaded <trimesh.Trimesh(vertices.shape=(916, 3), faces.shape=(856, 3))> using `load_obj` in 0.0029s
2024-12-10 19:04:46,154 DEBUG loaded <trimesh.Trimesh(vertices.shape=(48, 3), faces.shape=(28, 3))> using `load_obj` in 0.0007s
2024-12-10 19:04:53,931 INFO ==> EMD Loss: 23.862444
2024-12-10 19:04:53,931 INFO ==> Height map loss:  11.806353
2024-12-10 19:04:54,292 DEBUG loaded <trimesh.Trimesh(vertices.shape=(916, 3), faces.shape=(856, 3))> using `load_obj` in 0.0028s
2024-12-10 19:04:54,437 DEBUG loaded <trimesh.Trimesh(vertices.shape=(48, 3), faces.shape=(28, 3))> using `load_obj` in 0.0007s
2024-12-10 19:05:02,009 INFO ==> EMD Loss: 24.050093
2024-12-10 19:05:02,010 INFO ==> Height map loss:  11.885548
2024-12-10 19:05:02,379 DEBUG loaded <trimesh.Trimesh(vertices.shape=(916, 3), faces.shape=(856, 3))> using `load_obj` in 0.0030s
2024-12-10 19:05:02,535 DEBUG loaded <trimesh.Trimesh(vertices.shape=(48, 3), faces.shape=(28, 3))> using `load_obj` in 0.0007s
2024-12-10 19:05:10,159 INFO ==> EMD Loss: 24.228037
2024-12-10 19:05:10,159 INFO ==> Height map loss:  12.049837
2024-12-10 19:05:10,539 DEBUG loaded <trimesh.Trimesh(vertices.shape=(916, 3), faces.shape=(856, 3))> using `load_obj` in 0.0029s
2024-12-10 19:05:10,694 DEBUG loaded <trimesh.Trimesh(vertices.shape=(48, 3), faces.shape=(28, 3))> using `load_obj` in 0.0007s
2024-12-10 19:05:33,164 INFO =====> Skill params: [-0.0660487   0.6325945  -0.7278656   0.88089585 -0.43538135]
2024-12-10 19:05:33,164 INFO =====> Grad: [ 1.8193777e+03 -3.5504673e+01 -8.2483393e-06 -3.8831543e+02
 -3.0918993e-05]
2024-12-10 19:05:33,164 INFO =====> Num. aborted data so far: 0
2024-12-10 19:05:33,165 INFO ===========> Epoch: 6 optimisation losses
2024-12-10 19:05:33,165 INFO =====> EMD Loss: 23.634983
2024-12-10 19:05:33,165 INFO =====> Height map loss: 11.782810
2024-12-10 19:05:33,570 DEBUG loaded <trimesh.Trimesh(vertices.shape=(916, 3), faces.shape=(856, 3))> using `load_obj` in 0.0032s
2024-12-10 19:05:33,723 DEBUG loaded <trimesh.Trimesh(vertices.shape=(48, 3), faces.shape=(28, 3))> using `load_obj` in 0.0007s
2024-12-10 19:05:42,006 INFO ==> EMD Loss: 23.645847
2024-12-10 19:05:42,006 INFO ==> Height map loss:  11.775206
2024-12-10 19:05:42,378 DEBUG loaded <trimesh.Trimesh(vertices.shape=(916, 3), faces.shape=(856, 3))> using `load_obj` in 0.0028s
2024-12-10 19:05:42,526 DEBUG loaded <trimesh.Trimesh(vertices.shape=(48, 3), faces.shape=(28, 3))> using `load_obj` in 0.0007s
2024-12-10 19:05:50,770 INFO ==> EMD Loss: 23.627222
2024-12-10 19:05:50,770 INFO ==> Height map loss:  11.762748
2024-12-10 19:05:51,187 DEBUG loaded <trimesh.Trimesh(vertices.shape=(916, 3), faces.shape=(856, 3))> using `load_obj` in 0.0029s
2024-12-10 19:05:51,342 DEBUG loaded <trimesh.Trimesh(vertices.shape=(48, 3), faces.shape=(28, 3))> using `load_obj` in 0.0007s
2024-12-10 19:05:59,479 INFO ==> EMD Loss: 23.954592
2024-12-10 19:05:59,479 INFO ==> Height map loss:  11.802658
2024-12-10 19:05:59,849 DEBUG loaded <trimesh.Trimesh(vertices.shape=(916, 3), faces.shape=(856, 3))> using `load_obj` in 0.0029s
2024-12-10 19:05:59,997 DEBUG loaded <trimesh.Trimesh(vertices.shape=(48, 3), faces.shape=(28, 3))> using `load_obj` in 0.0007s
2024-12-10 19:06:08,071 INFO ==> EMD Loss: 24.003931
2024-12-10 19:06:08,071 INFO ==> Height map loss:  11.822021
2024-12-10 19:06:08,529 DEBUG loaded <trimesh.Trimesh(vertices.shape=(916, 3), faces.shape=(856, 3))> using `load_obj` in 0.0029s
2024-12-10 19:06:08,680 DEBUG loaded <trimesh.Trimesh(vertices.shape=(48, 3), faces.shape=(28, 3))> using `load_obj` in 0.0007s
2024-12-10 19:06:16,622 INFO ==> EMD Loss: 24.036264
2024-12-10 19:06:16,622 INFO ==> Height map loss:  11.824504
2024-12-10 19:06:16,988 DEBUG loaded <trimesh.Trimesh(vertices.shape=(916, 3), faces.shape=(856, 3))> using `load_obj` in 0.0029s
2024-12-10 19:06:17,136 DEBUG loaded <trimesh.Trimesh(vertices.shape=(48, 3), faces.shape=(28, 3))> using `load_obj` in 0.0007s
2024-12-10 19:06:38,754 INFO =====> Skill params: [-0.08584873  0.6353091  -0.726089    0.888637   -0.42944157]
2024-12-10 19:06:38,755 INFO =====> Grad: [-1.8200248e+03  7.1042493e+02  4.0685794e-05  4.8093036e+02
 -5.0844970e-05]
2024-12-10 19:06:38,756 INFO =====> Num. aborted data so far: 0
2024-12-10 19:06:38,757 INFO ===========> Epoch: 7 optimisation losses
2024-12-10 19:06:38,757 INFO =====> EMD Loss: 23.627159
2024-12-10 19:06:38,757 INFO =====> Height map loss: 11.762718
2024-12-10 19:06:39,208 DEBUG loaded <trimesh.Trimesh(vertices.shape=(916, 3), faces.shape=(856, 3))> using `load_obj` in 0.0031s
2024-12-10 19:06:39,359 DEBUG loaded <trimesh.Trimesh(vertices.shape=(48, 3), faces.shape=(28, 3))> using `load_obj` in 0.0007s
2024-12-10 19:06:47,569 INFO ==> EMD Loss: 23.658955
2024-12-10 19:06:47,569 INFO ==> Height map loss:  11.765485
2024-12-10 19:06:47,997 DEBUG loaded <trimesh.Trimesh(vertices.shape=(916, 3), faces.shape=(856, 3))> using `load_obj` in 0.0039s
2024-12-10 19:06:48,199 DEBUG loaded <trimesh.Trimesh(vertices.shape=(48, 3), faces.shape=(28, 3))> using `load_obj` in 0.0008s
2024-12-10 19:06:56,234 INFO ==> EMD Loss: 23.919268
2024-12-10 19:06:56,234 INFO ==> Height map loss:  11.847898
2024-12-10 19:06:56,772 DEBUG loaded <trimesh.Trimesh(vertices.shape=(916, 3), faces.shape=(856, 3))> using `load_obj` in 0.0046s
2024-12-10 19:06:57,021 DEBUG loaded <trimesh.Trimesh(vertices.shape=(48, 3), faces.shape=(28, 3))> using `load_obj` in 0.0010s
2024-12-10 19:07:04,983 INFO ==> EMD Loss: 24.212509
2024-12-10 19:07:04,984 INFO ==> Height map loss:  11.800726
2024-12-10 19:07:05,434 DEBUG loaded <trimesh.Trimesh(vertices.shape=(916, 3), faces.shape=(856, 3))> using `load_obj` in 0.0039s
2024-12-10 19:07:05,637 DEBUG loaded <trimesh.Trimesh(vertices.shape=(48, 3), faces.shape=(28, 3))> using `load_obj` in 0.0008s
2024-12-10 19:07:14,155 INFO ==> EMD Loss: 24.065710
2024-12-10 19:07:14,155 INFO ==> Height map loss:  11.929434
2024-12-10 19:07:14,596 DEBUG loaded <trimesh.Trimesh(vertices.shape=(916, 3), faces.shape=(856, 3))> using `load_obj` in 0.0039s
2024-12-10 19:07:14,798 DEBUG loaded <trimesh.Trimesh(vertices.shape=(48, 3), faces.shape=(28, 3))> using `load_obj` in 0.0008s
2024-12-10 19:07:22,547 INFO ==> EMD Loss: 24.268942
2024-12-10 19:07:22,547 INFO ==> Height map loss:  11.970917
2024-12-10 19:07:22,923 DEBUG loaded <trimesh.Trimesh(vertices.shape=(916, 3), faces.shape=(856, 3))> using `load_obj` in 0.0029s
2024-12-10 19:07:23,081 DEBUG loaded <trimesh.Trimesh(vertices.shape=(48, 3), faces.shape=(28, 3))> using `load_obj` in 0.0007s
2024-12-10 19:07:44,905 INFO =====> Skill params: [-0.08202687  0.62800366 -0.72790235  0.88666016 -0.42742923]
2024-12-10 19:07:44,906 INFO =====> Grad: [-1.5682513e+03  2.1488042e+02 -2.8103172e-05  1.4057606e+03
 -4.5386321e-05]
2024-12-10 19:07:44,906 INFO =====> Num. aborted data so far: 0
2024-12-10 19:07:44,906 INFO ===========> Epoch: 8 optimisation losses
2024-12-10 19:07:44,906 INFO =====> EMD Loss: 23.658907
2024-12-10 19:07:44,906 INFO =====> Height map loss: 11.765602
2024-12-10 19:07:45,396 DEBUG loaded <trimesh.Trimesh(vertices.shape=(916, 3), faces.shape=(856, 3))> using `load_obj` in 0.0042s
2024-12-10 19:07:45,594 DEBUG loaded <trimesh.Trimesh(vertices.shape=(48, 3), faces.shape=(28, 3))> using `load_obj` in 0.0008s
2024-12-10 19:07:54,227 INFO ==> EMD Loss: 23.643078
2024-12-10 19:07:54,227 INFO ==> Height map loss:  11.763839
2024-12-10 19:07:54,763 DEBUG loaded <trimesh.Trimesh(vertices.shape=(916, 3), faces.shape=(856, 3))> using `load_obj` in 0.0040s
2024-12-10 19:07:54,960 DEBUG loaded <trimesh.Trimesh(vertices.shape=(48, 3), faces.shape=(28, 3))> using `load_obj` in 0.0009s
2024-12-10 19:08:03,732 INFO ==> EMD Loss: 23.794626
2024-12-10 19:08:03,732 INFO ==> Height map loss:  11.788426
2024-12-10 19:08:04,105 DEBUG loaded <trimesh.Trimesh(vertices.shape=(916, 3), faces.shape=(856, 3))> using `load_obj` in 0.0029s
2024-12-10 19:08:04,254 DEBUG loaded <trimesh.Trimesh(vertices.shape=(48, 3), faces.shape=(28, 3))> using `load_obj` in 0.0007s
2024-12-10 19:08:12,394 INFO ==> EMD Loss: 23.811357
2024-12-10 19:08:12,394 INFO ==> Height map loss:  11.827906
2024-12-10 19:08:12,760 DEBUG loaded <trimesh.Trimesh(vertices.shape=(916, 3), faces.shape=(856, 3))> using `load_obj` in 0.0029s
2024-12-10 19:08:12,911 DEBUG loaded <trimesh.Trimesh(vertices.shape=(48, 3), faces.shape=(28, 3))> using `load_obj` in 0.0007s
2024-12-10 19:08:20,928 INFO ==> EMD Loss: 24.007622
2024-12-10 19:08:20,928 INFO ==> Height map loss:  11.873419
2024-12-10 19:08:21,342 DEBUG loaded <trimesh.Trimesh(vertices.shape=(916, 3), faces.shape=(856, 3))> using `load_obj` in 0.0031s
2024-12-10 19:08:21,497 DEBUG loaded <trimesh.Trimesh(vertices.shape=(48, 3), faces.shape=(28, 3))> using `load_obj` in 0.0007s
2024-12-10 19:08:29,561 INFO ==> EMD Loss: 23.825535
2024-12-10 19:08:29,561 INFO ==> Height map loss:  11.951684
2024-12-10 19:08:29,935 DEBUG loaded <trimesh.Trimesh(vertices.shape=(916, 3), faces.shape=(856, 3))> using `load_obj` in 0.0030s
2024-12-10 19:08:30,094 DEBUG loaded <trimesh.Trimesh(vertices.shape=(48, 3), faces.shape=(28, 3))> using `load_obj` in 0.0007s
2024-12-10 19:08:52,840 INFO =====> Skill params: [-0.07876695  0.62574166 -0.7265947   0.8815347  -0.42557243]
2024-12-10 19:08:52,841 INFO =====> Grad: [ 8.7188255e+01  4.1102856e+02  7.0132483e-06 -7.1806079e+02
  4.5110293e-05]
2024-12-10 19:08:52,841 INFO =====> Num. aborted data so far: 0
2024-12-10 19:08:52,841 INFO ===========> Epoch: 9 optimisation losses
2024-12-10 19:08:52,841 INFO =====> EMD Loss: 23.642267
2024-12-10 19:08:52,841 INFO =====> Height map loss: 11.763761
2024-12-10 19:08:53,254 DEBUG loaded <trimesh.Trimesh(vertices.shape=(916, 3), faces.shape=(856, 3))> using `load_obj` in 0.0028s
2024-12-10 19:08:53,406 DEBUG loaded <trimesh.Trimesh(vertices.shape=(48, 3), faces.shape=(28, 3))> using `load_obj` in 0.0007s
2024-12-10 19:09:01,415 INFO ==> EMD Loss: 23.785751
2024-12-10 19:09:01,415 INFO ==> Height map loss:  11.784338
2024-12-10 19:09:01,784 DEBUG loaded <trimesh.Trimesh(vertices.shape=(916, 3), faces.shape=(856, 3))> using `load_obj` in 0.0029s
2024-12-10 19:09:01,933 DEBUG loaded <trimesh.Trimesh(vertices.shape=(48, 3), faces.shape=(28, 3))> using `load_obj` in 0.0007s
2024-12-10 19:09:10,202 INFO ==> EMD Loss: 23.827593
2024-12-10 19:09:10,202 INFO ==> Height map loss:  11.790071
2024-12-10 19:09:10,588 DEBUG loaded <trimesh.Trimesh(vertices.shape=(916, 3), faces.shape=(856, 3))> using `load_obj` in 0.0029s
2024-12-10 19:09:10,743 DEBUG loaded <trimesh.Trimesh(vertices.shape=(48, 3), faces.shape=(28, 3))> using `load_obj` in 0.0007s
2024-12-10 19:09:18,523 INFO ==> EMD Loss: 23.823788
2024-12-10 19:09:18,523 INFO ==> Height map loss:  11.769046
2024-12-10 19:09:18,896 DEBUG loaded <trimesh.Trimesh(vertices.shape=(916, 3), faces.shape=(856, 3))> using `load_obj` in 0.0030s
2024-12-10 19:09:19,056 DEBUG loaded <trimesh.Trimesh(vertices.shape=(48, 3), faces.shape=(28, 3))> using `load_obj` in 0.0007s
2024-12-10 19:09:26,854 INFO ==> EMD Loss: 23.916996
2024-12-10 19:09:26,854 INFO ==> Height map loss:  11.742912
2024-12-10 19:09:27,250 DEBUG loaded <trimesh.Trimesh(vertices.shape=(916, 3), faces.shape=(856, 3))> using `load_obj` in 0.0030s
2024-12-10 19:09:27,410 DEBUG loaded <trimesh.Trimesh(vertices.shape=(48, 3), faces.shape=(28, 3))> using `load_obj` in 0.0007s
2024-12-10 19:09:34,988 INFO ==> EMD Loss: 23.855816
2024-12-10 19:09:34,988 INFO ==> Height map loss:  11.769601
2024-12-10 19:09:35,375 DEBUG loaded <trimesh.Trimesh(vertices.shape=(916, 3), faces.shape=(856, 3))> using `load_obj` in 0.0030s
2024-12-10 19:09:35,533 DEBUG loaded <trimesh.Trimesh(vertices.shape=(48, 3), faces.shape=(28, 3))> using `load_obj` in 0.0007s
2024-12-10 19:09:55,977 INFO =====> Skill params: [-0.08163199  0.564084   -0.7317511   0.9212824  -0.45415765]
2024-12-10 19:09:55,977 INFO =====> Grad: [ 1.8618357e+03 -1.8710237e+02  1.6771539e-05 -2.3436647e+02
  3.5341423e-06]
2024-12-10 19:09:55,977 INFO =====> Num. aborted data so far: 0
2024-12-10 19:09:55,977 INFO ===========> Epoch: 10 optimisation losses
2024-12-10 19:09:55,977 INFO =====> EMD Loss: 23.910753
2024-12-10 19:09:55,977 INFO =====> Height map loss: 11.742769
2024-12-10 19:09:56,380 DEBUG loaded <trimesh.Trimesh(vertices.shape=(916, 3), faces.shape=(856, 3))> using `load_obj` in 0.0032s
2024-12-10 19:09:56,541 DEBUG loaded <trimesh.Trimesh(vertices.shape=(48, 3), faces.shape=(28, 3))> using `load_obj` in 0.0007s
2024-12-10 19:10:04,336 INFO ==> EMD Loss: 23.926430
2024-12-10 19:10:04,336 INFO ==> Height map loss:  11.735434
2024-12-10 19:10:04,705 DEBUG loaded <trimesh.Trimesh(vertices.shape=(916, 3), faces.shape=(856, 3))> using `load_obj` in 0.0030s
2024-12-10 19:10:04,859 DEBUG loaded <trimesh.Trimesh(vertices.shape=(48, 3), faces.shape=(28, 3))> using `load_obj` in 0.0007s
2024-12-10 19:10:12,642 INFO ==> EMD Loss: 23.830770
2024-12-10 19:10:12,642 INFO ==> Height map loss:  11.815734
2024-12-10 19:10:13,011 DEBUG loaded <trimesh.Trimesh(vertices.shape=(916, 3), faces.shape=(856, 3))> using `load_obj` in 0.0029s
2024-12-10 19:10:13,163 DEBUG loaded <trimesh.Trimesh(vertices.shape=(48, 3), faces.shape=(28, 3))> using `load_obj` in 0.0007s
2024-12-10 19:10:20,788 INFO ==> EMD Loss: 23.790644
2024-12-10 19:10:20,788 INFO ==> Height map loss:  11.798187
2024-12-10 19:10:21,161 DEBUG loaded <trimesh.Trimesh(vertices.shape=(916, 3), faces.shape=(856, 3))> using `load_obj` in 0.0029s
2024-12-10 19:10:21,315 DEBUG loaded <trimesh.Trimesh(vertices.shape=(48, 3), faces.shape=(28, 3))> using `load_obj` in 0.0007s
2024-12-10 19:10:29,392 INFO ==> EMD Loss: 23.796190
2024-12-10 19:10:29,392 INFO ==> Height map loss:  11.809751
2024-12-10 19:10:29,930 DEBUG loaded <trimesh.Trimesh(vertices.shape=(916, 3), faces.shape=(856, 3))> using `load_obj` in 0.0048s
2024-12-10 19:10:30,178 DEBUG loaded <trimesh.Trimesh(vertices.shape=(48, 3), faces.shape=(28, 3))> using `load_obj` in 0.0010s
2024-12-10 19:10:38,057 INFO ==> EMD Loss: 23.769798
2024-12-10 19:10:38,057 INFO ==> Height map loss:  11.798697
2024-12-10 19:10:38,427 DEBUG loaded <trimesh.Trimesh(vertices.shape=(916, 3), faces.shape=(856, 3))> using `load_obj` in 0.0030s
2024-12-10 19:10:38,579 DEBUG loaded <trimesh.Trimesh(vertices.shape=(48, 3), faces.shape=(28, 3))> using `load_obj` in 0.0007s
2024-12-10 19:10:59,166 INFO =====> Skill params: [-0.08554796  0.56601506 -0.73261404  0.9221899  -0.454315  ]
2024-12-10 19:10:59,166 INFO =====> Grad: [-1.8572767e+03  8.1693219e+02  2.4224533e-05  1.3695333e+03
 -3.3441000e-05]
2024-12-10 19:10:59,166 INFO =====> Num. aborted data so far: 0
2024-12-10 19:10:59,167 INFO ===========> Epoch: 11 optimisation losses
2024-12-10 19:10:59,167 INFO =====> EMD Loss: 23.908222
2024-12-10 19:10:59,167 INFO =====> Height map loss: 11.736025
2024-12-10 19:10:59,671 DEBUG loaded <trimesh.Trimesh(vertices.shape=(916, 3), faces.shape=(856, 3))> using `load_obj` in 0.0041s
2024-12-10 19:10:59,872 DEBUG loaded <trimesh.Trimesh(vertices.shape=(48, 3), faces.shape=(28, 3))> using `load_obj` in 0.0009s
2024-12-10 19:11:08,108 INFO ==> EMD Loss: 23.982586
2024-12-10 19:11:08,108 INFO ==> Height map loss:  11.769200
2024-12-10 19:11:08,565 DEBUG loaded <trimesh.Trimesh(vertices.shape=(916, 3), faces.shape=(856, 3))> using `load_obj` in 0.0039s
2024-12-10 19:11:08,766 DEBUG loaded <trimesh.Trimesh(vertices.shape=(48, 3), faces.shape=(28, 3))> using `load_obj` in 0.0009s
2024-12-10 19:11:16,631 INFO ==> EMD Loss: 24.290489
2024-12-10 19:11:16,632 INFO ==> Height map loss:  11.843886
2024-12-10 19:11:17,021 DEBUG loaded <trimesh.Trimesh(vertices.shape=(916, 3), faces.shape=(856, 3))> using `load_obj` in 0.0029s
2024-12-10 19:11:17,174 DEBUG loaded <trimesh.Trimesh(vertices.shape=(48, 3), faces.shape=(28, 3))> using `load_obj` in 0.0007s
2024-12-10 19:11:25,695 INFO ==> EMD Loss: 24.447590
2024-12-10 19:11:25,695 INFO ==> Height map loss:  11.879889
2024-12-10 19:11:26,065 DEBUG loaded <trimesh.Trimesh(vertices.shape=(916, 3), faces.shape=(856, 3))> using `load_obj` in 0.0029s
2024-12-10 19:11:26,221 DEBUG loaded <trimesh.Trimesh(vertices.shape=(48, 3), faces.shape=(28, 3))> using `load_obj` in 0.0007s
2024-12-10 19:11:33,422 INFO ==> EMD Loss: 24.272367
2024-12-10 19:11:33,422 INFO ==> Height map loss:  12.004299
2024-12-10 19:11:33,791 DEBUG loaded <trimesh.Trimesh(vertices.shape=(916, 3), faces.shape=(856, 3))> using `load_obj` in 0.0030s
2024-12-10 19:11:33,943 DEBUG loaded <trimesh.Trimesh(vertices.shape=(48, 3), faces.shape=(28, 3))> using `load_obj` in 0.0007s
2024-12-10 19:11:40,901 INFO ==> EMD Loss: 24.229984
2024-12-10 19:11:40,901 INFO ==> Height map loss:  12.205330
2024-12-10 19:11:41,270 DEBUG loaded <trimesh.Trimesh(vertices.shape=(916, 3), faces.shape=(856, 3))> using `load_obj` in 0.0030s
2024-12-10 19:11:41,425 DEBUG loaded <trimesh.Trimesh(vertices.shape=(48, 3), faces.shape=(28, 3))> using `load_obj` in 0.0007s
2024-12-10 19:12:01,731 INFO =====> Skill params: [-0.08177073  0.5595291  -0.73391545  0.91737396 -0.45276663]
2024-12-10 19:12:01,731 INFO =====> Grad: [ 1.8292562e+03  4.3876300e+02 -4.4940866e-06 -1.3707750e+03
 -2.4664239e-05]
2024-12-10 19:12:01,731 INFO =====> Num. aborted data so far: 0
2024-12-10 19:12:01,732 INFO ===========> Epoch: 12 optimisation losses
2024-12-10 19:12:01,732 INFO =====> EMD Loss: 23.982689
2024-12-10 19:12:01,732 INFO =====> Height map loss: 11.769233
2024-12-10 19:12:02,216 DEBUG loaded <trimesh.Trimesh(vertices.shape=(916, 3), faces.shape=(856, 3))> using `load_obj` in 0.0041s
2024-12-10 19:12:02,413 DEBUG loaded <trimesh.Trimesh(vertices.shape=(48, 3), faces.shape=(28, 3))> using `load_obj` in 0.0009s
2024-12-10 19:12:10,207 INFO ==> EMD Loss: 23.965332
2024-12-10 19:12:10,207 INFO ==> Height map loss:  11.766096
2024-12-10 19:12:10,585 DEBUG loaded <trimesh.Trimesh(vertices.shape=(916, 3), faces.shape=(856, 3))> using `load_obj` in 0.0030s
2024-12-10 19:12:10,739 DEBUG loaded <trimesh.Trimesh(vertices.shape=(48, 3), faces.shape=(28, 3))> using `load_obj` in 0.0007s
2024-12-10 19:12:18,516 INFO ==> EMD Loss: 23.870722
2024-12-10 19:12:18,516 INFO ==> Height map loss:  11.795709
2024-12-10 19:12:18,885 DEBUG loaded <trimesh.Trimesh(vertices.shape=(916, 3), faces.shape=(856, 3))> using `load_obj` in 0.0030s
2024-12-10 19:12:19,039 DEBUG loaded <trimesh.Trimesh(vertices.shape=(48, 3), faces.shape=(28, 3))> using `load_obj` in 0.0007s
2024-12-10 19:12:26,628 INFO ==> EMD Loss: 24.277031
2024-12-10 19:12:26,628 INFO ==> Height map loss:  11.754401
2024-12-10 19:12:27,004 DEBUG loaded <trimesh.Trimesh(vertices.shape=(916, 3), faces.shape=(856, 3))> using `load_obj` in 0.0029s
2024-12-10 19:12:27,154 DEBUG loaded <trimesh.Trimesh(vertices.shape=(48, 3), faces.shape=(28, 3))> using `load_obj` in 0.0007s
2024-12-10 19:12:34,686 INFO ==> EMD Loss: 24.071825
2024-12-10 19:12:34,686 INFO ==> Height map loss:  11.846749
2024-12-10 19:12:35,058 DEBUG loaded <trimesh.Trimesh(vertices.shape=(916, 3), faces.shape=(856, 3))> using `load_obj` in 0.0029s
2024-12-10 19:12:35,211 DEBUG loaded <trimesh.Trimesh(vertices.shape=(48, 3), faces.shape=(28, 3))> using `load_obj` in 0.0007s
2024-12-10 19:12:42,795 INFO ==> EMD Loss: 23.918001
2024-12-10 19:12:42,795 INFO ==> Height map loss:  11.853276
2024-12-10 19:12:43,236 DEBUG loaded <trimesh.Trimesh(vertices.shape=(916, 3), faces.shape=(856, 3))> using `load_obj` in 0.0029s
2024-12-10 19:12:43,388 DEBUG loaded <trimesh.Trimesh(vertices.shape=(48, 3), faces.shape=(28, 3))> using `load_obj` in 0.0007s
2024-12-10 19:13:03,252 INFO =====> Skill params: [-0.11801142  0.5252853  -0.73137146  0.9621648  -0.44082466]
2024-12-10 19:13:03,252 INFO =====> Grad: [ 1.8677482e+03 -1.9618582e+02 -5.7663415e-06 -1.3578851e+03
 -3.7522848e-05]
2024-12-10 19:13:03,252 INFO =====> Num. aborted data so far: 0
2024-12-10 19:13:03,253 INFO ===========> Epoch: 13 optimisation losses
2024-12-10 19:13:03,253 INFO =====> EMD Loss: 24.127094
2024-12-10 19:13:03,253 INFO =====> Height map loss: 11.754439
2024-12-10 19:13:03,646 DEBUG loaded <trimesh.Trimesh(vertices.shape=(916, 3), faces.shape=(856, 3))> using `load_obj` in 0.0030s
2024-12-10 19:13:03,798 DEBUG loaded <trimesh.Trimesh(vertices.shape=(48, 3), faces.shape=(28, 3))> using `load_obj` in 0.0007s
2024-12-10 19:13:11,577 INFO ==> EMD Loss: 24.025890
2024-12-10 19:13:11,577 INFO ==> Height map loss:  11.803978
2024-12-10 19:13:11,973 DEBUG loaded <trimesh.Trimesh(vertices.shape=(916, 3), faces.shape=(856, 3))> using `load_obj` in 0.0030s
2024-12-10 19:13:12,131 DEBUG loaded <trimesh.Trimesh(vertices.shape=(48, 3), faces.shape=(28, 3))> using `load_obj` in 0.0007s
2024-12-10 19:13:20,010 INFO ==> EMD Loss: 24.072704
2024-12-10 19:13:20,010 INFO ==> Height map loss:  11.804160
2024-12-10 19:13:20,381 DEBUG loaded <trimesh.Trimesh(vertices.shape=(916, 3), faces.shape=(856, 3))> using `load_obj` in 0.0030s
2024-12-10 19:13:20,539 DEBUG loaded <trimesh.Trimesh(vertices.shape=(48, 3), faces.shape=(28, 3))> using `load_obj` in 0.0007s
2024-12-10 19:13:28,431 INFO ==> EMD Loss: 24.022907
2024-12-10 19:13:28,431 INFO ==> Height map loss:  11.809385
2024-12-10 19:13:28,888 DEBUG loaded <trimesh.Trimesh(vertices.shape=(916, 3), faces.shape=(856, 3))> using `load_obj` in 0.0039s
2024-12-10 19:13:29,087 DEBUG loaded <trimesh.Trimesh(vertices.shape=(48, 3), faces.shape=(28, 3))> using `load_obj` in 0.0008s
2024-12-10 19:13:37,026 INFO ==> EMD Loss: 24.187286
2024-12-10 19:13:37,026 INFO ==> Height map loss:  11.857668
2024-12-10 19:13:37,481 DEBUG loaded <trimesh.Trimesh(vertices.shape=(916, 3), faces.shape=(856, 3))> using `load_obj` in 0.0040s
2024-12-10 19:13:37,682 DEBUG loaded <trimesh.Trimesh(vertices.shape=(48, 3), faces.shape=(28, 3))> using `load_obj` in 0.0008s
2024-12-10 19:13:46,242 INFO ==> EMD Loss: 23.856400
2024-12-10 19:13:46,242 INFO ==> Height map loss:  11.833810
2024-12-10 19:13:46,641 DEBUG loaded <trimesh.Trimesh(vertices.shape=(916, 3), faces.shape=(856, 3))> using `load_obj` in 0.0040s
2024-12-10 19:13:46,845 DEBUG loaded <trimesh.Trimesh(vertices.shape=(48, 3), faces.shape=(28, 3))> using `load_obj` in 0.0009s
2024-12-10 19:14:06,951 INFO =====> Skill params: [-0.1216189   0.52687645 -0.7310276   0.96635973 -0.4389475 ]
2024-12-10 19:14:06,951 INFO =====> Grad: [-1.3501844e+03 -6.9651331e+02 -2.1941529e-05  8.3027014e+02
  2.5243951e-06]
2024-12-10 19:14:06,951 INFO =====> Num. aborted data so far: 0
2024-12-10 19:14:06,952 INFO ===========> Epoch: 14 optimisation losses
2024-12-10 19:14:06,952 INFO =====> EMD Loss: 24.026169
2024-12-10 19:14:06,952 INFO =====> Height map loss: 11.804637
2024-12-10 19:14:07,348 DEBUG loaded <trimesh.Trimesh(vertices.shape=(916, 3), faces.shape=(856, 3))> using `load_obj` in 0.0030s
2024-12-10 19:14:07,502 DEBUG loaded <trimesh.Trimesh(vertices.shape=(48, 3), faces.shape=(28, 3))> using `load_obj` in 0.0007s
2024-12-10 19:14:14,992 INFO ==> EMD Loss: 24.156265
2024-12-10 19:14:14,993 INFO ==> Height map loss:  11.795859
2024-12-10 19:14:15,356 DEBUG loaded <trimesh.Trimesh(vertices.shape=(916, 3), faces.shape=(856, 3))> using `load_obj` in 0.0029s
2024-12-10 19:14:15,506 DEBUG loaded <trimesh.Trimesh(vertices.shape=(48, 3), faces.shape=(28, 3))> using `load_obj` in 0.0007s
2024-12-10 19:14:23,218 INFO ==> EMD Loss: 23.846840
2024-12-10 19:14:23,218 INFO ==> Height map loss:  11.802546
2024-12-10 19:14:23,673 DEBUG loaded <trimesh.Trimesh(vertices.shape=(916, 3), faces.shape=(856, 3))> using `load_obj` in 0.0040s
2024-12-10 19:14:23,875 DEBUG loaded <trimesh.Trimesh(vertices.shape=(48, 3), faces.shape=(28, 3))> using `load_obj` in 0.0009s
2024-12-10 19:14:32,270 INFO ==> EMD Loss: 23.763634
2024-12-10 19:14:32,270 INFO ==> Height map loss:  11.750694
2024-12-10 19:14:32,726 DEBUG loaded <trimesh.Trimesh(vertices.shape=(916, 3), faces.shape=(856, 3))> using `load_obj` in 0.0030s
2024-12-10 19:14:32,882 DEBUG loaded <trimesh.Trimesh(vertices.shape=(48, 3), faces.shape=(28, 3))> using `load_obj` in 0.0007s
2024-12-10 19:14:41,098 INFO ==> EMD Loss: 24.097282
2024-12-10 19:14:41,098 INFO ==> Height map loss:  11.802154
2024-12-10 19:14:41,557 DEBUG loaded <trimesh.Trimesh(vertices.shape=(916, 3), faces.shape=(856, 3))> using `load_obj` in 0.0039s
2024-12-10 19:14:41,754 DEBUG loaded <trimesh.Trimesh(vertices.shape=(48, 3), faces.shape=(28, 3))> using `load_obj` in 0.0009s
2024-12-10 19:14:50,063 INFO ==> EMD Loss: 23.795961
2024-12-10 19:14:50,063 INFO ==> Height map loss:  11.780188
2024-12-10 19:14:50,482 DEBUG loaded <trimesh.Trimesh(vertices.shape=(916, 3), faces.shape=(856, 3))> using `load_obj` in 0.0030s
2024-12-10 19:14:50,672 DEBUG loaded <trimesh.Trimesh(vertices.shape=(48, 3), faces.shape=(28, 3))> using `load_obj` in 0.0007s
2024-12-10 19:15:11,130 INFO =====> Skill params: [-0.09521606  0.57730997 -0.7173798   0.94035816 -0.44027856]
2024-12-10 19:15:11,130 INFO =====> Grad: [-1.8247120e+03 -8.9971352e+01 -1.2111714e-05  1.3645356e+03
  2.1319289e-05]
2024-12-10 19:15:11,131 INFO =====> Num. aborted data so far: 0
2024-12-10 19:15:11,131 INFO ===========> Epoch: 15 optimisation losses
2024-12-10 19:15:11,131 INFO =====> EMD Loss: 23.763584
2024-12-10 19:15:11,131 INFO =====> Height map loss: 11.750618
2024-12-10 19:15:11,536 DEBUG loaded <trimesh.Trimesh(vertices.shape=(916, 3), faces.shape=(856, 3))> using `load_obj` in 0.0030s
2024-12-10 19:15:11,697 DEBUG loaded <trimesh.Trimesh(vertices.shape=(48, 3), faces.shape=(28, 3))> using `load_obj` in 0.0007s
2024-12-10 19:15:19,714 INFO ==> EMD Loss: 23.954458
2024-12-10 19:15:19,714 INFO ==> Height map loss:  11.770629
2024-12-10 19:15:20,078 DEBUG loaded <trimesh.Trimesh(vertices.shape=(916, 3), faces.shape=(856, 3))> using `load_obj` in 0.0029s
2024-12-10 19:15:20,230 DEBUG loaded <trimesh.Trimesh(vertices.shape=(48, 3), faces.shape=(28, 3))> using `load_obj` in 0.0007s
2024-12-10 19:15:27,875 INFO ==> EMD Loss: 23.773531
2024-12-10 19:15:27,876 INFO ==> Height map loss:  11.717491
2024-12-10 19:15:28,251 DEBUG loaded <trimesh.Trimesh(vertices.shape=(916, 3), faces.shape=(856, 3))> using `load_obj` in 0.0030s
2024-12-10 19:15:28,412 DEBUG loaded <trimesh.Trimesh(vertices.shape=(48, 3), faces.shape=(28, 3))> using `load_obj` in 0.0007s
2024-12-10 19:15:36,354 INFO ==> EMD Loss: 24.049614
2024-12-10 19:15:36,354 INFO ==> Height map loss:  11.726389
2024-12-10 19:15:36,778 DEBUG loaded <trimesh.Trimesh(vertices.shape=(916, 3), faces.shape=(856, 3))> using `load_obj` in 0.0030s
2024-12-10 19:15:36,932 DEBUG loaded <trimesh.Trimesh(vertices.shape=(48, 3), faces.shape=(28, 3))> using `load_obj` in 0.0007s
2024-12-10 19:15:44,987 INFO ==> EMD Loss: 24.122068
2024-12-10 19:15:44,987 INFO ==> Height map loss:  11.769144
2024-12-10 19:15:45,531 DEBUG loaded <trimesh.Trimesh(vertices.shape=(916, 3), faces.shape=(856, 3))> using `load_obj` in 0.0049s
2024-12-10 19:15:45,777 DEBUG loaded <trimesh.Trimesh(vertices.shape=(48, 3), faces.shape=(28, 3))> using `load_obj` in 0.0010s
2024-12-10 19:15:54,062 INFO ==> EMD Loss: 24.110020
2024-12-10 19:15:54,062 INFO ==> Height map loss:  11.769206
2024-12-10 19:15:54,544 DEBUG loaded <trimesh.Trimesh(vertices.shape=(916, 3), faces.shape=(856, 3))> using `load_obj` in 0.0039s
2024-12-10 19:15:54,739 DEBUG loaded <trimesh.Trimesh(vertices.shape=(48, 3), faces.shape=(28, 3))> using `load_obj` in 0.0008s
2024-12-10 19:16:16,266 INFO =====> Skill params: [-0.07773375  0.58073455 -0.71342313  0.9200128  -0.44615746]
2024-12-10 19:16:16,266 INFO =====> Grad: [-2.0509587e+03  3.6876511e+02  1.1355225e-05  1.3182352e+02
 -9.5617688e-05]
2024-12-10 19:16:16,266 INFO =====> Num. aborted data so far: 0
2024-12-10 19:16:16,267 INFO ===========> Epoch: 16 optimisation losses
2024-12-10 19:16:16,267 INFO =====> EMD Loss: 23.773508
2024-12-10 19:16:16,267 INFO =====> Height map loss: 11.717504
2024-12-10 19:16:16,678 DEBUG loaded <trimesh.Trimesh(vertices.shape=(916, 3), faces.shape=(856, 3))> using `load_obj` in 0.0030s
2024-12-10 19:16:16,836 DEBUG loaded <trimesh.Trimesh(vertices.shape=(48, 3), faces.shape=(28, 3))> using `load_obj` in 0.0007s
2024-12-10 19:16:24,636 INFO ==> EMD Loss: 23.755899
2024-12-10 19:16:24,636 INFO ==> Height map loss:  11.722212
2024-12-10 19:16:25,012 DEBUG loaded <trimesh.Trimesh(vertices.shape=(916, 3), faces.shape=(856, 3))> using `load_obj` in 0.0029s
2024-12-10 19:16:25,162 DEBUG loaded <trimesh.Trimesh(vertices.shape=(48, 3), faces.shape=(28, 3))> using `load_obj` in 0.0007s
2024-12-10 19:16:32,843 INFO ==> EMD Loss: 23.807390
2024-12-10 19:16:32,843 INFO ==> Height map loss:  11.743291
2024-12-10 19:16:33,212 DEBUG loaded <trimesh.Trimesh(vertices.shape=(916, 3), faces.shape=(856, 3))> using `load_obj` in 0.0029s
2024-12-10 19:16:33,362 DEBUG loaded <trimesh.Trimesh(vertices.shape=(48, 3), faces.shape=(28, 3))> using `load_obj` in 0.0007s
2024-12-10 19:16:41,028 INFO ==> EMD Loss: 24.276182
2024-12-10 19:16:41,028 INFO ==> Height map loss:  11.792917
2024-12-10 19:16:41,401 DEBUG loaded <trimesh.Trimesh(vertices.shape=(916, 3), faces.shape=(856, 3))> using `load_obj` in 0.0029s
2024-12-10 19:16:41,553 DEBUG loaded <trimesh.Trimesh(vertices.shape=(48, 3), faces.shape=(28, 3))> using `load_obj` in 0.0007s
2024-12-10 19:16:50,043 INFO ==> EMD Loss: 24.123926
2024-12-10 19:16:50,043 INFO ==> Height map loss:  11.890997
2024-12-10 19:16:50,421 DEBUG loaded <trimesh.Trimesh(vertices.shape=(916, 3), faces.shape=(856, 3))> using `load_obj` in 0.0030s
2024-12-10 19:16:50,571 DEBUG loaded <trimesh.Trimesh(vertices.shape=(48, 3), faces.shape=(28, 3))> using `load_obj` in 0.0007s
2024-12-10 19:16:58,223 INFO ==> EMD Loss: 24.115725
2024-12-10 19:16:58,223 INFO ==> Height map loss:  11.980641
2024-12-10 19:16:58,601 DEBUG loaded <trimesh.Trimesh(vertices.shape=(916, 3), faces.shape=(856, 3))> using `load_obj` in 0.0029s
2024-12-10 19:16:58,752 DEBUG loaded <trimesh.Trimesh(vertices.shape=(48, 3), faces.shape=(28, 3))> using `load_obj` in 0.0007s
2024-12-10 19:17:19,484 INFO =====> Skill params: [-0.07393733  0.57790965 -0.7142025   0.9195988  -0.44136158]
2024-12-10 19:17:19,485 INFO =====> Grad: [-1.8591884e+03  5.8938049e+02 -2.5722420e-07  1.3702054e+03
 -1.0414548e-05]
2024-12-10 19:17:19,485 INFO =====> Num. aborted data so far: 0
2024-12-10 19:17:19,485 INFO ===========> Epoch: 17 optimisation losses
2024-12-10 19:17:19,485 INFO =====> EMD Loss: 23.755835
2024-12-10 19:17:19,485 INFO =====> Height map loss: 11.722706
2024-12-10 19:17:19,932 DEBUG loaded <trimesh.Trimesh(vertices.shape=(916, 3), faces.shape=(856, 3))> using `load_obj` in 0.0042s
2024-12-10 19:17:20,131 DEBUG loaded <trimesh.Trimesh(vertices.shape=(48, 3), faces.shape=(28, 3))> using `load_obj` in 0.0009s
2024-12-10 19:17:28,729 INFO ==> EMD Loss: 23.935791
2024-12-10 19:17:28,729 INFO ==> Height map loss:  11.746004
2024-12-10 19:17:29,186 DEBUG loaded <trimesh.Trimesh(vertices.shape=(916, 3), faces.shape=(856, 3))> using `load_obj` in 0.0040s
2024-12-10 19:17:29,384 DEBUG loaded <trimesh.Trimesh(vertices.shape=(48, 3), faces.shape=(28, 3))> using `load_obj` in 0.0008s
2024-12-10 19:17:37,879 INFO ==> EMD Loss: 23.857153
2024-12-10 19:17:37,880 INFO ==> Height map loss:  11.797971
2024-12-10 19:17:38,255 DEBUG loaded <trimesh.Trimesh(vertices.shape=(916, 3), faces.shape=(856, 3))> using `load_obj` in 0.0029s
2024-12-10 19:17:38,404 DEBUG loaded <trimesh.Trimesh(vertices.shape=(48, 3), faces.shape=(28, 3))> using `load_obj` in 0.0007s
2024-12-10 19:17:45,922 INFO ==> EMD Loss: 24.288891
2024-12-10 19:17:45,922 INFO ==> Height map loss:  11.806379
2024-12-10 19:17:46,299 DEBUG loaded <trimesh.Trimesh(vertices.shape=(916, 3), faces.shape=(856, 3))> using `load_obj` in 0.0028s
2024-12-10 19:17:46,450 DEBUG loaded <trimesh.Trimesh(vertices.shape=(48, 3), faces.shape=(28, 3))> using `load_obj` in 0.0007s
2024-12-10 19:17:54,004 INFO ==> EMD Loss: 24.430410
2024-12-10 19:17:54,004 INFO ==> Height map loss:  11.870234
2024-12-10 19:17:54,383 DEBUG loaded <trimesh.Trimesh(vertices.shape=(916, 3), faces.shape=(856, 3))> using `load_obj` in 0.0030s
2024-12-10 19:17:54,539 DEBUG loaded <trimesh.Trimesh(vertices.shape=(48, 3), faces.shape=(28, 3))> using `load_obj` in 0.0007s
2024-12-10 19:18:02,030 INFO ==> EMD Loss: 24.275295
2024-12-10 19:18:02,030 INFO ==> Height map loss:  11.986898
2024-12-10 19:18:02,416 DEBUG loaded <trimesh.Trimesh(vertices.shape=(916, 3), faces.shape=(856, 3))> using `load_obj` in 0.0030s
2024-12-10 19:18:02,570 DEBUG loaded <trimesh.Trimesh(vertices.shape=(48, 3), faces.shape=(28, 3))> using `load_obj` in 0.0007s
2024-12-10 19:18:24,088 INFO =====> Skill params: [-0.07054901  0.5736558  -0.7141839   0.9155068  -0.4408119 ]
2024-12-10 19:18:24,088 INFO =====> Grad: [-7.1844385e+02  6.9797295e+01  3.9997642e-05 -2.4007121e+02
  3.0679868e-05]
2024-12-10 19:18:24,088 INFO =====> Num. aborted data so far: 0
2024-12-10 19:18:24,089 INFO ===========> Epoch: 18 optimisation losses
2024-12-10 19:18:24,089 INFO =====> EMD Loss: 23.935778
2024-12-10 19:18:24,089 INFO =====> Height map loss: 11.746033
2024-12-10 19:18:24,497 DEBUG loaded <trimesh.Trimesh(vertices.shape=(916, 3), faces.shape=(856, 3))> using `load_obj` in 0.0030s
2024-12-10 19:18:24,652 DEBUG loaded <trimesh.Trimesh(vertices.shape=(48, 3), faces.shape=(28, 3))> using `load_obj` in 0.0007s
2024-12-10 19:18:32,517 INFO ==> EMD Loss: 23.932425
2024-12-10 19:18:32,517 INFO ==> Height map loss:  11.753043
2024-12-10 19:18:32,895 DEBUG loaded <trimesh.Trimesh(vertices.shape=(916, 3), faces.shape=(856, 3))> using `load_obj` in 0.0030s
2024-12-10 19:18:33,049 DEBUG loaded <trimesh.Trimesh(vertices.shape=(48, 3), faces.shape=(28, 3))> using `load_obj` in 0.0007s
2024-12-10 19:18:41,194 INFO ==> EMD Loss: 23.776173
2024-12-10 19:18:41,194 INFO ==> Height map loss:  11.768129
2024-12-10 19:18:41,575 DEBUG loaded <trimesh.Trimesh(vertices.shape=(916, 3), faces.shape=(856, 3))> using `load_obj` in 0.0030s
2024-12-10 19:18:41,730 DEBUG loaded <trimesh.Trimesh(vertices.shape=(48, 3), faces.shape=(28, 3))> using `load_obj` in 0.0007s
2024-12-10 19:18:50,041 INFO ==> EMD Loss: 23.811216
2024-12-10 19:18:50,041 INFO ==> Height map loss:  11.776276
2024-12-10 19:18:50,415 DEBUG loaded <trimesh.Trimesh(vertices.shape=(916, 3), faces.shape=(856, 3))> using `load_obj` in 0.0028s
2024-12-10 19:18:50,567 DEBUG loaded <trimesh.Trimesh(vertices.shape=(48, 3), faces.shape=(28, 3))> using `load_obj` in 0.0007s
2024-12-10 19:18:58,144 INFO ==> EMD Loss: 24.013369
2024-12-10 19:18:58,144 INFO ==> Height map loss:  11.775420
2024-12-10 19:18:58,519 DEBUG loaded <trimesh.Trimesh(vertices.shape=(916, 3), faces.shape=(856, 3))> using `load_obj` in 0.0029s
2024-12-10 19:18:58,667 DEBUG loaded <trimesh.Trimesh(vertices.shape=(48, 3), faces.shape=(28, 3))> using `load_obj` in 0.0007s
2024-12-10 19:19:06,372 INFO ==> EMD Loss: 23.831182
2024-12-10 19:19:06,372 INFO ==> Height map loss:  11.759430
2024-12-10 19:19:06,752 DEBUG loaded <trimesh.Trimesh(vertices.shape=(916, 3), faces.shape=(856, 3))> using `load_obj` in 0.0030s
2024-12-10 19:19:06,928 DEBUG loaded <trimesh.Trimesh(vertices.shape=(48, 3), faces.shape=(28, 3))> using `load_obj` in 0.0007s
2024-12-10 19:19:27,765 INFO =====> Skill params: [-0.06918322  0.5731256  -0.71708775  0.9162601  -0.4424918 ]
2024-12-10 19:19:27,765 INFO =====> Grad: [-1.8258484e+03 -2.0272183e+02  8.0202699e-06  1.1429283e+03
  3.6064037e-05]
2024-12-10 19:19:27,765 INFO =====> Num. aborted data so far: 0
2024-12-10 19:19:27,766 INFO ===========> Epoch: 19 optimisation losses
2024-12-10 19:19:27,766 INFO =====> EMD Loss: 23.930986
2024-12-10 19:19:27,766 INFO =====> Height map loss: 11.752879
2024-12-10 19:19:28,174 DEBUG loaded <trimesh.Trimesh(vertices.shape=(916, 3), faces.shape=(856, 3))> using `load_obj` in 0.0030s
2024-12-10 19:19:28,323 DEBUG loaded <trimesh.Trimesh(vertices.shape=(48, 3), faces.shape=(28, 3))> using `load_obj` in 0.0007s
2024-12-10 19:19:36,133 INFO ==> EMD Loss: 23.950735
2024-12-10 19:19:36,133 INFO ==> Height map loss:  11.756578
2024-12-10 19:19:36,513 DEBUG loaded <trimesh.Trimesh(vertices.shape=(916, 3), faces.shape=(856, 3))> using `load_obj` in 0.0030s
2024-12-10 19:19:36,669 DEBUG loaded <trimesh.Trimesh(vertices.shape=(48, 3), faces.shape=(28, 3))> using `load_obj` in 0.0007s
2024-12-10 19:19:44,503 INFO ==> EMD Loss: 23.927841
2024-12-10 19:19:44,503 INFO ==> Height map loss:  11.740305
2024-12-10 19:19:44,886 DEBUG loaded <trimesh.Trimesh(vertices.shape=(916, 3), faces.shape=(856, 3))> using `load_obj` in 0.0030s
2024-12-10 19:19:45,040 DEBUG loaded <trimesh.Trimesh(vertices.shape=(48, 3), faces.shape=(28, 3))> using `load_obj` in 0.0007s
2024-12-10 19:19:53,103 INFO ==> EMD Loss: 23.895824
2024-12-10 19:19:53,103 INFO ==> Height map loss:  11.754718
2024-12-10 19:19:53,534 DEBUG loaded <trimesh.Trimesh(vertices.shape=(916, 3), faces.shape=(856, 3))> using `load_obj` in 0.0029s
2024-12-10 19:19:53,685 DEBUG loaded <trimesh.Trimesh(vertices.shape=(48, 3), faces.shape=(28, 3))> using `load_obj` in 0.0007s
2024-12-10 19:20:01,532 INFO ==> EMD Loss: 24.116377
2024-12-10 19:20:01,532 INFO ==> Height map loss:  11.753071
2024-12-10 19:20:01,901 DEBUG loaded <trimesh.Trimesh(vertices.shape=(916, 3), faces.shape=(856, 3))> using `load_obj` in 0.0029s
2024-12-10 19:20:02,049 DEBUG loaded <trimesh.Trimesh(vertices.shape=(48, 3), faces.shape=(28, 3))> using `load_obj` in 0.0007s
2024-12-10 19:20:09,826 INFO ==> EMD Loss: 23.949968
2024-12-10 19:20:09,826 INFO ==> Height map loss:  11.771876
2024-12-10 19:20:10,210 DEBUG loaded <trimesh.Trimesh(vertices.shape=(916, 3), faces.shape=(856, 3))> using `load_obj` in 0.0029s
2024-12-10 19:20:10,363 DEBUG loaded <trimesh.Trimesh(vertices.shape=(48, 3), faces.shape=(28, 3))> using `load_obj` in 0.0007s
2024-12-10 19:20:18,360 INFO ===========> Finished training.
2024-12-10 19:20:18,360 INFO ====> Final EMD Loss: 23.935644
2024-12-10 19:20:18,360 INFO ====> Final Height map loss: 11.740582
2024-12-10 19:20:18,360 INFO ====> Final skill params: [-0.05211473  0.58112526 -0.7201501   0.8987003  -0.45265746]
