2024-09-03 17:16:59,983 INFO ===> New TaichiEnv created.
2024-09-03 17:16:59,983 INFO ===> Specifications: horizon = 600, dt = 0.01, n_substeps = 20, dt_sub = 0.0005
2024-09-03 17:17:54,061 INFO =====> Epoch: 0
2024-09-03 17:17:54,061 INFO =====> Loss: 58.07477951049805
2024-09-03 17:17:54,061 INFO =====> Grad: [-6.0962634e+02  1.2374094e+02  2.7604732e-09 -5.5286765e-01
  1.6763806e-08]
2024-09-03 17:17:54,062 INFO =====> Num. aborted data so far: 0
2024-09-03 17:17:54,280 INFO ===> New TaichiEnv created.
2024-09-03 17:17:54,280 INFO ===> Specifications: horizon = 600, dt = 0.01, n_substeps = 20, dt_sub = 0.0005
2024-09-03 17:18:44,808 INFO =====> Epoch: 1
2024-09-03 17:18:44,808 INFO =====> Loss: 58.06657409667969
2024-09-03 17:18:44,809 INFO =====> Grad: [ 4.4520609e+02 -1.3981314e+02 -6.4712495e-08 -6.2441630e+00
 -1.7881393e-07]
2024-09-03 17:18:44,809 INFO =====> Num. aborted data so far: 0
2024-09-03 17:18:45,026 INFO ===> New TaichiEnv created.
2024-09-03 17:18:45,026 INFO ===> Specifications: horizon = 600, dt = 0.01, n_substeps = 20, dt_sub = 0.0005
2024-09-03 17:19:39,249 INFO =====> Epoch: 2
2024-09-03 17:19:39,249 INFO =====> Loss: 58.067176818847656
2024-09-03 17:19:39,249 INFO =====> Grad: [ 1.5610714e+03 -3.1626367e+02  7.7851041e-09 -6.7872968e+00
  4.8428774e-08]
2024-09-03 17:19:39,249 INFO =====> Num. aborted data so far: 0
2024-09-03 17:19:39,470 INFO ===> New TaichiEnv created.
2024-09-03 17:19:39,474 INFO ===> Specifications: horizon = 600, dt = 0.01, n_substeps = 20, dt_sub = 0.0005
2024-09-03 17:20:35,748 INFO =====> Epoch: 3
2024-09-03 17:20:35,748 INFO =====> Loss: 58.080013275146484
2024-09-03 17:20:35,748 INFO =====> Grad: [ 9.21854187e+02 -6.64294739e+01 -1.15172725e-07 -6.85833549e+00
  1.15483999e-07]
2024-09-03 17:20:35,748 INFO =====> Num. aborted data so far: 0
2024-09-03 17:20:35,973 INFO ===> New TaichiEnv created.
2024-09-03 17:20:35,973 INFO ===> Specifications: horizon = 600, dt = 0.01, n_substeps = 20, dt_sub = 0.0005
2024-09-03 17:21:35,597 INFO =====> Epoch: 4
2024-09-03 17:21:35,597 INFO =====> Loss: 58.05976486206055
2024-09-03 17:21:35,597 INFO =====> Grad: [ 3.9676216e+00  1.9985777e-01 -1.3992292e-09 -2.5464797e+00
  1.2665987e-07]
2024-09-03 17:21:35,597 INFO =====> Num. aborted data so far: 0
2024-09-03 17:21:35,824 INFO ===> New TaichiEnv created.
2024-09-03 17:21:35,824 INFO ===> Specifications: horizon = 600, dt = 0.01, n_substeps = 20, dt_sub = 0.0005
2024-09-03 17:22:31,888 INFO =====> Epoch: 5
2024-09-03 17:22:31,888 INFO =====> Loss: 58.0433464050293
2024-09-03 17:22:31,888 INFO =====> Grad: [-3.7972066e+00  1.7463936e-01  8.1767375e-09 -2.8037598e+00
  1.4156103e-07]
2024-09-03 17:22:31,888 INFO =====> Num. aborted data so far: 0
2024-09-03 17:22:32,118 INFO ===> New TaichiEnv created.
2024-09-03 17:22:32,119 INFO ===> Specifications: horizon = 600, dt = 0.01, n_substeps = 20, dt_sub = 0.0005
2024-09-03 17:23:25,082 INFO =====> Epoch: 6
2024-09-03 17:23:25,082 INFO =====> Loss: 58.05891799926758
2024-09-03 17:23:25,082 INFO =====> Grad: [-9.7980920e+02  9.1628571e+00  7.1029405e-11 -4.2982942e-01
 -1.8626451e-08]
2024-09-03 17:23:25,082 INFO =====> Num. aborted data so far: 0
2024-09-03 17:23:25,312 INFO ===> New TaichiEnv created.
2024-09-03 17:23:25,313 INFO ===> Specifications: horizon = 600, dt = 0.01, n_substeps = 20, dt_sub = 0.0005
2024-09-03 17:24:15,262 INFO =====> Epoch: 7
2024-09-03 17:24:15,262 INFO =====> Loss: 58.060359954833984
2024-09-03 17:24:15,262 INFO =====> Grad: [ 1.7567020e+03 -1.8616911e+02 -9.1676270e-08 -3.3536794e+00
 -2.2351742e-08]
2024-09-03 17:24:15,262 INFO =====> Num. aborted data so far: 0
2024-09-03 17:24:15,494 INFO ===> New TaichiEnv created.
2024-09-03 17:24:15,494 INFO ===> Specifications: horizon = 600, dt = 0.01, n_substeps = 20, dt_sub = 0.0005
2024-09-03 17:25:08,829 INFO =====> Epoch: 8
2024-09-03 17:25:08,829 INFO =====> Loss: 58.05903625488281
2024-09-03 17:25:08,829 INFO =====> Grad: [-1.4568700e+03  1.5013611e+01 -1.1339489e-09 -4.7956660e-01
 -1.0244548e-08]
2024-09-03 17:25:08,829 INFO =====> Num. aborted data so far: 0
2024-09-03 17:25:09,063 INFO ===> New TaichiEnv created.
2024-09-03 17:25:09,063 INFO ===> Specifications: horizon = 600, dt = 0.01, n_substeps = 20, dt_sub = 0.0005
2024-09-03 17:25:59,792 INFO =====> Epoch: 9
2024-09-03 17:25:59,792 INFO =====> Loss: 58.054290771484375
2024-09-03 17:25:59,793 INFO =====> Grad: [ 2.7275217e+03 -3.6832428e+02  8.8896854e-08 -4.0232930e+00
  4.0978193e-08]
2024-09-03 17:25:59,793 INFO =====> Num. aborted data so far: 0
2024-09-03 17:26:00,032 INFO ===> New TaichiEnv created.
2024-09-03 17:26:00,032 INFO ===> Specifications: horizon = 600, dt = 0.01, n_substeps = 20, dt_sub = 0.0005
2024-09-03 17:26:53,434 INFO =====> Epoch: 10
2024-09-03 17:26:53,434 INFO =====> Loss: 58.0572509765625
2024-09-03 17:26:53,434 INFO =====> Grad: [ 3.9018323e+03 -3.7070679e+01 -4.5397792e-09 -4.9187905e-01
  1.1641532e-09]
2024-09-03 17:26:53,434 INFO =====> Num. aborted data so far: 0
2024-09-03 17:26:53,673 INFO ===> New TaichiEnv created.
2024-09-03 17:26:53,674 INFO ===> Specifications: horizon = 600, dt = 0.01, n_substeps = 20, dt_sub = 0.0005
2024-09-03 17:27:49,878 INFO =====> Epoch: 11
2024-09-03 17:27:49,879 INFO =====> Loss: 58.05270004272461
2024-09-03 17:27:49,879 INFO =====> Grad: [-3.7972052e+00  1.7463917e-01 -5.9040783e-08 -4.3312311e+00
 -3.7252903e-09]
2024-09-03 17:27:49,879 INFO =====> Num. aborted data so far: 0
2024-09-03 17:27:50,120 INFO ===> New TaichiEnv created.
2024-09-03 17:27:50,121 INFO ===> Specifications: horizon = 600, dt = 0.01, n_substeps = 20, dt_sub = 0.0005
2024-09-03 17:28:43,691 INFO =====> Epoch: 12
2024-09-03 17:28:43,692 INFO =====> Loss: 58.058921813964844
2024-09-03 17:28:43,692 INFO =====> Grad: [-1.2857988e+03  1.0471870e+01  1.2067091e-08 -5.0576508e-01
 -3.6452548e-09]
2024-09-03 17:28:43,692 INFO =====> Num. aborted data so far: 0
2024-09-03 17:28:43,934 INFO ===> New TaichiEnv created.
2024-09-03 17:28:43,934 INFO ===> Specifications: horizon = 600, dt = 0.01, n_substeps = 20, dt_sub = 0.0005
2024-09-03 17:29:34,751 INFO =====> Epoch: 13
2024-09-03 17:29:34,752 INFO =====> Loss: 58.06239318847656
2024-09-03 17:29:34,752 INFO =====> Grad: [ 1.3093436e+03 -3.7249350e+02  6.7006302e-05  4.9797131e+02
 -3.6239624e-05]
2024-09-03 17:29:34,752 INFO =====> Num. aborted data so far: 0
2024-09-03 17:29:34,997 INFO ===> New TaichiEnv created.
2024-09-03 17:29:34,997 INFO ===> Specifications: horizon = 600, dt = 0.01, n_substeps = 20, dt_sub = 0.0005
2024-09-03 17:30:28,625 INFO =====> Epoch: 14
2024-09-03 17:30:28,625 INFO =====> Loss: 58.058799743652344
2024-09-03 17:30:28,625 INFO =====> Grad: [ 1.7421823e+03 -1.8145954e+01 -6.1216192e-09 -5.2683854e-01
  6.2864274e-09]
2024-09-03 17:30:28,625 INFO =====> Num. aborted data so far: 0
2024-09-03 17:30:28,870 INFO ===> New TaichiEnv created.
2024-09-03 17:30:28,870 INFO ===> Specifications: horizon = 600, dt = 0.01, n_substeps = 20, dt_sub = 0.0005
2024-09-03 17:31:25,558 INFO =====> Epoch: 15
2024-09-03 17:31:25,558 INFO =====> Loss: 58.04010772705078
2024-09-03 17:31:25,558 INFO =====> Grad: [-3.7972045e+00  1.3258909e-01 -1.1806419e-08 -4.8366227e+00
 -8.1956387e-08]
2024-09-03 17:31:25,558 INFO =====> Num. aborted data so far: 0
2024-09-03 17:31:25,804 INFO ===> New TaichiEnv created.
2024-09-03 17:31:25,805 INFO ===> Specifications: horizon = 600, dt = 0.01, n_substeps = 20, dt_sub = 0.0005
2024-09-03 17:32:19,837 INFO =====> Epoch: 16
2024-09-03 17:32:19,837 INFO =====> Loss: 58.05739974975586
2024-09-03 17:32:19,837 INFO =====> Grad: [ 2.5627705e+03 -2.4633095e+01  3.8679180e-09 -5.2806222e-01
  1.1641532e-09]
2024-09-03 17:32:19,837 INFO =====> Num. aborted data so far: 0
2024-09-03 17:32:20,085 INFO ===> New TaichiEnv created.
2024-09-03 17:32:20,085 INFO ===> Specifications: horizon = 600, dt = 0.01, n_substeps = 20, dt_sub = 0.0005
2024-09-03 17:33:16,875 INFO =====> Epoch: 17
2024-09-03 17:33:16,876 INFO =====> Loss: 58.06064987182617
2024-09-03 17:33:16,876 INFO =====> Grad: [ 1.02294415e-01 -9.39973295e-02 -6.45220632e-09 -5.20264387e-01
  9.31322575e-10]
2024-09-03 17:33:16,876 INFO =====> Num. aborted data so far: 0
2024-09-03 17:33:17,126 INFO ===> New TaichiEnv created.
2024-09-03 17:33:17,126 INFO ===> Specifications: horizon = 600, dt = 0.01, n_substeps = 20, dt_sub = 0.0005
2024-09-03 17:34:17,138 INFO =====> Epoch: 18
2024-09-03 17:34:17,138 INFO =====> Loss: 58.02693176269531
2024-09-03 17:34:17,138 INFO =====> Grad: [ 3.59533539e+01  1.26793995e+01  3.13866577e-09 -5.09258807e-01
 -5.35510480e-09]
2024-09-03 17:34:17,138 INFO =====> Num. aborted data so far: 0
2024-09-03 17:34:17,390 INFO ===> New TaichiEnv created.
2024-09-03 17:34:17,390 INFO ===> Specifications: horizon = 600, dt = 0.01, n_substeps = 20, dt_sub = 0.0005
2024-09-03 17:35:14,132 INFO =====> Epoch: 19
2024-09-03 17:35:14,132 INFO =====> Loss: 58.063865661621094
2024-09-03 17:35:14,139 INFO =====> Grad: [ 2.6825583e+02  1.8178210e+02  6.8037124e-08 -5.3294177e+00
  2.3283064e-10]
2024-09-03 17:35:14,139 INFO =====> Num. aborted data so far: 0
2024-09-03 17:35:14,392 INFO ===> New TaichiEnv created.
2024-09-03 17:35:14,392 INFO ===> Specifications: horizon = 600, dt = 0.01, n_substeps = 20, dt_sub = 0.0005
2024-09-03 17:36:07,827 INFO =====> Epoch: 20
2024-09-03 17:36:07,827 INFO =====> Loss: 57.90251922607422
2024-09-03 17:36:07,834 INFO =====> Grad: [-1.4967841e+02  1.2864441e+01 -5.4364526e-05 -4.7380801e+03
  5.5134296e-07]
2024-09-03 17:36:07,834 INFO =====> Num. aborted data so far: 0
2024-09-03 17:36:08,087 INFO ===> New TaichiEnv created.
2024-09-03 17:36:08,087 INFO ===> Specifications: horizon = 600, dt = 0.01, n_substeps = 20, dt_sub = 0.0005
2024-09-03 17:36:59,401 INFO =====> Epoch: 21
2024-09-03 17:36:59,401 INFO =====> Loss: 58.295433044433594
2024-09-03 17:36:59,401 INFO =====> Grad: [ 1.1446229e+04  7.1268906e+03 -3.8972369e-04 -7.6601711e+04
 -6.7138672e-04]
2024-09-03 17:36:59,401 INFO =====> Num. aborted data so far: 0
2024-09-03 17:36:59,654 INFO ===> New TaichiEnv created.
2024-09-03 17:36:59,654 INFO ===> Specifications: horizon = 600, dt = 0.01, n_substeps = 20, dt_sub = 0.0005
2024-09-03 17:37:47,495 INFO =====> Epoch: 22
2024-09-03 17:37:47,495 INFO =====> Loss: 57.82282638549805
2024-09-03 17:37:47,495 INFO =====> Grad: [1.3138134e+04 1.3834742e+04 1.4503952e-04 1.9937893e+03 1.0681152e-04]
2024-09-03 17:37:47,496 INFO =====> Num. aborted data so far: 0
2024-09-03 17:37:47,750 INFO ===> New TaichiEnv created.
2024-09-03 17:37:47,750 INFO ===> Specifications: horizon = 600, dt = 0.01, n_substeps = 20, dt_sub = 0.0005
2024-09-03 17:38:33,460 INFO =====> Epoch: 23
2024-09-03 17:38:33,460 INFO =====> Loss: 58.16693115234375
2024-09-03 17:38:33,460 INFO =====> Grad: [-2.4886846e+04 -5.4558039e+04 -2.9378486e-04 -5.0494355e+04
  7.3242188e-04]
2024-09-03 17:38:33,460 INFO =====> Num. aborted data so far: 0
2024-09-03 17:38:33,716 INFO ===> New TaichiEnv created.
2024-09-03 17:38:33,716 INFO ===> Specifications: horizon = 600, dt = 0.01, n_substeps = 20, dt_sub = 0.0005
2024-09-03 17:39:21,014 INFO =====> Epoch: 24
2024-09-03 17:39:21,014 INFO =====> Loss: 57.82057189941406
2024-09-03 17:39:21,014 INFO =====> Grad: [-4.3691704e+03 -4.2324009e+03 -9.3276030e-05 -7.8750464e+02
  0.0000000e+00]
2024-09-03 17:39:21,015 INFO =====> Num. aborted data so far: 0
2024-09-03 17:39:21,272 INFO ===> New TaichiEnv created.
2024-09-03 17:39:21,272 INFO ===> Specifications: horizon = 600, dt = 0.01, n_substeps = 20, dt_sub = 0.0005
2024-09-03 17:40:12,056 INFO =====> Epoch: 25
2024-09-03 17:40:12,056 INFO =====> Loss: 58.18696594238281
2024-09-03 17:40:12,056 INFO =====> Grad: [-8.597427e+04 -8.895078e+03  2.421650e-03  2.787260e+03 -7.080078e-03]
2024-09-03 17:40:12,056 INFO =====> Num. aborted data so far: 0
2024-09-03 17:40:12,314 INFO ===> New TaichiEnv created.
2024-09-03 17:40:12,314 INFO ===> Specifications: horizon = 600, dt = 0.01, n_substeps = 20, dt_sub = 0.0005
2024-09-03 17:41:06,172 INFO =====> Epoch: 26
2024-09-03 17:41:06,172 INFO =====> Loss: 58.03683090209961
2024-09-03 17:41:06,172 INFO =====> Grad: [-6.4618579e+02  2.4849911e+02  7.8658806e-05 -7.5570176e+03
  1.3351440e-05]
2024-09-03 17:41:06,172 INFO =====> Num. aborted data so far: 0
2024-09-03 17:41:06,432 INFO ===> New TaichiEnv created.
2024-09-03 17:41:06,432 INFO ===> Specifications: horizon = 600, dt = 0.01, n_substeps = 20, dt_sub = 0.0005
2024-09-03 17:41:57,197 INFO =====> Epoch: 27
2024-09-03 17:41:57,197 INFO =====> Loss: 58.28938674926758
2024-09-03 17:41:57,197 INFO =====> Grad: [-1.08323375e+05 -5.53924023e+03 -2.07999535e-02  1.57268594e+05
 -3.17382812e-03]
2024-09-03 17:41:57,197 INFO =====> Num. aborted data so far: 0
2024-09-03 17:41:57,459 INFO ===> New TaichiEnv created.
2024-09-03 17:41:57,459 INFO ===> Specifications: horizon = 600, dt = 0.01, n_substeps = 20, dt_sub = 0.0005
2024-09-03 17:42:51,510 INFO =====> Epoch: 28
2024-09-03 17:42:51,510 INFO =====> Loss: 58.06462097167969
2024-09-03 17:42:51,510 INFO =====> Grad: [ 2.4191309e+03  3.2547095e+02 -2.3909008e-05 -8.1465176e+03
 -1.7166138e-05]
2024-09-03 17:42:51,510 INFO =====> Num. aborted data so far: 0
2024-09-03 17:42:51,777 INFO ===> New TaichiEnv created.
2024-09-03 17:42:51,777 INFO ===> Specifications: horizon = 600, dt = 0.01, n_substeps = 20, dt_sub = 0.0005
2024-09-03 17:43:43,577 INFO =====> Epoch: 29
2024-09-03 17:43:43,577 INFO =====> Loss: 58.18986129760742
2024-09-03 17:43:43,584 INFO =====> Grad: [ 5.8330766e+04 -5.0202305e+03 -1.9803178e-03 -5.2694770e+04
  0.0000000e+00]
2024-09-03 17:43:43,584 INFO =====> Num. aborted data so far: 0
2024-09-03 17:43:43,844 INFO ===> New TaichiEnv created.
2024-09-03 17:43:43,845 INFO ===> Specifications: horizon = 600, dt = 0.01, n_substeps = 20, dt_sub = 0.0005
2024-09-03 17:44:38,991 INFO =====> Epoch: 30
2024-09-03 17:44:38,991 INFO =====> Loss: 58.332679748535156
2024-09-03 17:44:38,991 INFO =====> Grad: [ 3.4959105e+04  3.7150537e+03  2.5748294e-03 -7.0345867e+04
  1.0986328e-03]
2024-09-03 17:44:38,991 INFO =====> Num. aborted data so far: 0
2024-09-03 17:44:39,254 INFO ===> New TaichiEnv created.
2024-09-03 17:44:39,254 INFO ===> Specifications: horizon = 600, dt = 0.01, n_substeps = 20, dt_sub = 0.0005
2024-09-03 17:45:30,400 INFO =====> Epoch: 31
2024-09-03 17:45:30,400 INFO =====> Loss: 58.19287109375
2024-09-03 17:45:30,400 INFO =====> Grad: [-1.6310244e+04  1.7699975e+04 -1.0092282e-03 -1.8880473e+04
  1.2207031e-04]
2024-09-03 17:45:30,400 INFO =====> Num. aborted data so far: 0
2024-09-03 17:45:30,663 INFO ===> New TaichiEnv created.
2024-09-03 17:45:30,663 INFO ===> Specifications: horizon = 600, dt = 0.01, n_substeps = 20, dt_sub = 0.0005
2024-09-03 17:46:19,216 INFO =====> Epoch: 32
2024-09-03 17:46:19,217 INFO =====> Loss: 59.32597732543945
2024-09-03 17:46:19,217 INFO =====> Grad: [-1.7536018e+04 -8.8309248e+03  1.4734347e-04  1.2654421e+04
 -1.2207031e-04]
2024-09-03 17:46:19,217 INFO =====> Num. aborted data so far: 0
2024-09-03 17:46:19,482 INFO ===> New TaichiEnv created.
2024-09-03 17:46:19,482 INFO ===> Specifications: horizon = 600, dt = 0.01, n_substeps = 20, dt_sub = 0.0005
2024-09-03 17:47:10,312 INFO =====> Epoch: 33
2024-09-03 17:47:10,312 INFO =====> Loss: 58.22896194458008
2024-09-03 17:47:10,312 INFO =====> Grad: [-5.5435727e+04  4.1009133e+04 -2.8497237e-03 -1.8488428e+05
  3.4179688e-03]
2024-09-03 17:47:10,312 INFO =====> Num. aborted data so far: 0
2024-09-03 17:47:10,578 INFO ===> New TaichiEnv created.
2024-09-03 17:47:10,578 INFO ===> Specifications: horizon = 600, dt = 0.01, n_substeps = 20, dt_sub = 0.0005
2024-09-03 17:47:59,352 INFO =====> Epoch: 34
2024-09-03 17:47:59,352 INFO =====> Loss: 59.424102783203125
2024-09-03 17:47:59,352 INFO =====> Grad: [-1.7480350e+04  7.0355757e+03  4.8818247e-04  2.3356567e+03
  9.1552734e-05]
2024-09-03 17:47:59,352 INFO =====> Num. aborted data so far: 0
2024-09-03 17:47:59,620 INFO ===> New TaichiEnv created.
2024-09-03 17:47:59,620 INFO ===> Specifications: horizon = 600, dt = 0.01, n_substeps = 20, dt_sub = 0.0005
2024-09-03 17:48:44,076 INFO =====> Epoch: 35
2024-09-03 17:48:44,077 INFO =====> Loss: 58.1353759765625
2024-09-03 17:48:44,077 INFO =====> Grad: [-3.3707532e+03  1.2702485e+03  4.9754290e-05  3.6691071e+02
 -3.0517578e-05]
2024-09-03 17:48:44,077 INFO =====> Num. aborted data so far: 0
2024-09-03 17:48:44,344 INFO ===> New TaichiEnv created.
2024-09-03 17:48:44,344 INFO ===> Specifications: horizon = 600, dt = 0.01, n_substeps = 20, dt_sub = 0.0005
2024-09-03 17:49:25,954 INFO =====> Epoch: 36
2024-09-03 17:49:25,954 INFO =====> Loss: 55.55570602416992
2024-09-03 17:49:25,961 INFO =====> Grad: [ 2.7814011e+02 -7.6481125e+01  5.6422148e-05  9.8099863e+03
  9.1552734e-05]
2024-09-03 17:49:25,961 INFO =====> Num. aborted data so far: 0
2024-09-03 17:49:26,229 INFO ===> New TaichiEnv created.
2024-09-03 17:49:26,229 INFO ===> Specifications: horizon = 600, dt = 0.01, n_substeps = 20, dt_sub = 0.0005
2024-09-03 17:50:11,100 INFO =====> Epoch: 37
2024-09-03 17:50:11,100 INFO =====> Loss: 57.84001541137695
2024-09-03 17:50:11,100 INFO =====> Grad: [-5.1073652e+04  5.2239551e+03 -1.7525628e-05 -4.1783228e+03
  3.3569336e-04]
2024-09-03 17:50:11,100 INFO =====> Num. aborted data so far: 0
2024-09-03 17:50:11,369 INFO ===> New TaichiEnv created.
2024-09-03 17:50:11,369 INFO ===> Specifications: horizon = 600, dt = 0.01, n_substeps = 20, dt_sub = 0.0005
2024-09-03 17:50:52,319 INFO =====> Epoch: 38
2024-09-03 17:50:52,319 INFO =====> Loss: 55.55458450317383
2024-09-03 17:50:52,319 INFO =====> Grad: [-6.5393018e+03  4.4723721e+03  2.2800194e-04 -1.6824570e+04
  0.0000000e+00]
2024-09-03 17:50:52,319 INFO =====> Num. aborted data so far: 0
2024-09-03 17:50:52,594 INFO ===> New TaichiEnv created.
2024-09-03 17:50:52,594 INFO ===> Specifications: horizon = 600, dt = 0.01, n_substeps = 20, dt_sub = 0.0005
2024-09-03 17:51:33,249 INFO =====> Epoch: 39
2024-09-03 17:51:33,249 INFO =====> Loss: 56.37571716308594
2024-09-03 17:51:33,249 INFO =====> Grad: [-6.4975832e+04  7.5207492e+04 -3.6024654e-04 -7.8455220e+03
 -3.5858154e-04]
2024-09-03 17:51:33,249 INFO =====> Num. aborted data so far: 0
2024-09-03 17:51:33,522 INFO ===> New TaichiEnv created.
2024-09-03 17:51:33,522 INFO ===> Specifications: horizon = 600, dt = 0.01, n_substeps = 20, dt_sub = 0.0005
2024-09-03 17:52:10,705 INFO =====> Epoch: 40
2024-09-03 17:52:10,705 INFO =====> Loss: 53.14866638183594
2024-09-03 17:52:10,705 INFO =====> Grad: [-5.9282944e+03  1.5036262e+04  6.4210071e-05 -5.7895347e+03
  0.0000000e+00]
2024-09-03 17:52:10,705 INFO =====> Num. aborted data so far: 0
2024-09-03 17:52:10,975 INFO ===> New TaichiEnv created.
2024-09-03 17:52:10,975 INFO ===> Specifications: horizon = 600, dt = 0.01, n_substeps = 20, dt_sub = 0.0005
2024-09-03 17:52:47,460 INFO =====> Epoch: 41
2024-09-03 17:52:47,460 INFO =====> Loss: 51.75834655761719
2024-09-03 17:52:47,460 INFO =====> Grad: [-4.76692139e+03  1.14502086e+05  2.23645678e-04 -3.30397891e+04
 -3.66210938e-04]
2024-09-03 17:52:47,460 INFO =====> Num. aborted data so far: 0
2024-09-03 17:52:47,731 INFO ===> New TaichiEnv created.
2024-09-03 17:52:47,731 INFO ===> Specifications: horizon = 600, dt = 0.01, n_substeps = 20, dt_sub = 0.0005
2024-09-03 17:53:24,412 INFO =====> Epoch: 42
2024-09-03 17:53:24,412 INFO =====> Loss: 50.187400817871094
2024-09-03 17:53:24,412 INFO =====> Grad: [ 2.7292661e+02 -1.8138949e+04 -4.0792642e-04 -3.6516875e+04
 -6.7138672e-04]
2024-09-03 17:53:24,412 INFO =====> Num. aborted data so far: 0
2024-09-03 17:53:24,686 INFO ===> New TaichiEnv created.
2024-09-03 17:53:24,686 INFO ===> Specifications: horizon = 600, dt = 0.01, n_substeps = 20, dt_sub = 0.0005
2024-09-03 17:54:02,002 INFO =====> Epoch: 43
2024-09-03 17:54:02,002 INFO =====> Loss: 51.86137390136719
2024-09-03 17:54:02,002 INFO =====> Grad: [-8.2106714e+02  2.4173926e+04  1.5117132e-04  4.0987969e+03
  4.3869019e-05]
2024-09-03 17:54:02,002 INFO =====> Num. aborted data so far: 0
2024-09-03 17:54:02,272 INFO ===> New TaichiEnv created.
2024-09-03 17:54:02,272 INFO ===> Specifications: horizon = 600, dt = 0.01, n_substeps = 20, dt_sub = 0.0005
2024-09-03 17:54:39,341 INFO =====> Epoch: 44
2024-09-03 17:54:39,341 INFO =====> Loss: 51.17490768432617
2024-09-03 17:54:39,341 INFO =====> Grad: [-1.18285675e+02  7.83942480e+03 -3.90818968e-06 -7.25346924e+03
  1.83105469e-04]
2024-09-03 17:54:39,341 INFO =====> Num. aborted data so far: 0
2024-09-03 17:54:39,613 INFO ===> New TaichiEnv created.
2024-09-03 17:54:39,613 INFO ===> Specifications: horizon = 600, dt = 0.01, n_substeps = 20, dt_sub = 0.0005
2024-09-03 17:55:16,555 INFO =====> Epoch: 45
2024-09-03 17:55:16,556 INFO =====> Loss: 48.19851303100586
2024-09-03 17:55:16,556 INFO =====> Grad: [-7.3332622e+03  7.7428164e+04 -4.3514243e-05 -2.0242803e+03
  8.5449219e-04]
2024-09-03 17:55:16,556 INFO =====> Num. aborted data so far: 0
2024-09-03 17:55:16,828 INFO ===> New TaichiEnv created.
2024-09-03 17:55:16,829 INFO ===> Specifications: horizon = 600, dt = 0.01, n_substeps = 20, dt_sub = 0.0005
2024-09-03 17:55:55,415 ERROR ===> [Warning] Aborting epoch: 46
2024-09-03 17:55:55,416 ERROR ===> [Warning] Particle has nan or inf: False
2024-09-03 17:55:55,416 ERROR ===> [Warning] Strange loss or gradient.
2024-09-03 17:55:55,416 ERROR ===> [Warning] Skill params: [ 0.40536037 -0.10523008 -0.5337765   1.          0.34153786]
2024-09-03 17:55:55,416 ERROR ===> [Warning] Skill params grad: [-6.2698255e+06 -1.8028299e+08 -3.0705309e-01 -9.4570520e+07
  9.3750000e-02]
2024-09-03 17:55:55,416 ERROR ===> [Warning] Loss info: {'particle_has_naninf': False, 'height_map_loss': 41.80511474609375, 'emd_loss': 49.97465515136719, 'total_loss': 49.97465515136719}
2024-09-03 17:55:55,416 INFO =====> Epoch: 46
2024-09-03 17:55:55,416 INFO =====> Loss: 49.97465515136719
2024-09-03 17:55:55,416 INFO =====> Grad: [-6.2698255e+06 -1.8028299e+08 -3.0705309e-01 -9.4570520e+07
  9.3750000e-02]
2024-09-03 17:55:55,416 INFO =====> Num. aborted data so far: 1
2024-09-03 17:55:55,689 INFO ===> New TaichiEnv created.
2024-09-03 17:55:55,689 INFO ===> Specifications: horizon = 600, dt = 0.01, n_substeps = 20, dt_sub = 0.0005
2024-09-03 17:56:34,296 INFO =====> Epoch: 47
2024-09-03 17:56:34,296 INFO =====> Loss: 49.984046936035156
2024-09-03 17:56:34,296 INFO =====> Grad: [-9.2924570e+03  4.6692133e+04  1.1264374e-03 -1.0190244e+04
 -1.3732910e-04]
2024-09-03 17:56:34,296 INFO =====> Num. aborted data so far: 1
2024-09-03 17:56:34,570 INFO ===> New TaichiEnv created.
2024-09-03 17:56:34,570 INFO ===> Specifications: horizon = 600, dt = 0.01, n_substeps = 20, dt_sub = 0.0005
2024-09-03 17:57:15,691 INFO =====> Epoch: 48
2024-09-03 17:57:15,692 INFO =====> Loss: 52.25100326538086
2024-09-03 17:57:15,692 INFO =====> Grad: [-1.23909873e+04  1.17517734e+05  5.19495574e-04 -1.84979062e+04
  3.11279297e-03]
2024-09-03 17:57:15,692 INFO =====> Num. aborted data so far: 1
2024-09-03 17:57:15,968 INFO ===> New TaichiEnv created.
2024-09-03 17:57:15,968 INFO ===> Specifications: horizon = 600, dt = 0.01, n_substeps = 20, dt_sub = 0.0005
2024-09-03 17:57:59,969 INFO =====> Epoch: 49
2024-09-03 17:57:59,969 INFO =====> Loss: 58.05185317993164
2024-09-03 17:57:59,969 INFO =====> Grad: [-5.1916162e+02  2.3942603e+03  1.7854451e-05 -3.6863589e+03
 -1.8310547e-04]
2024-09-03 17:57:59,969 INFO =====> Num. aborted data so far: 1
2024-09-03 17:58:00,250 INFO ===> New TaichiEnv created.
2024-09-03 17:58:00,251 INFO ===> Specifications: horizon = 600, dt = 0.01, n_substeps = 20, dt_sub = 0.0005
2024-09-03 17:58:46,262 INFO =====> Epoch: 50
2024-09-03 17:58:46,262 INFO =====> Loss: 57.95649719238281
2024-09-03 17:58:46,262 INFO =====> Grad: [3.6677505e+01 2.7470121e+04 5.9559316e-06 6.1211060e+03 7.3242188e-04]
2024-09-03 17:58:46,262 INFO =====> Num. aborted data so far: 1
2024-09-03 17:58:46,540 INFO ===> New TaichiEnv created.
2024-09-03 17:58:46,540 INFO ===> Specifications: horizon = 600, dt = 0.01, n_substeps = 20, dt_sub = 0.0005
2024-09-03 17:59:34,173 INFO =====> Epoch: 51
2024-09-03 17:59:34,173 INFO =====> Loss: 58.130043029785156
2024-09-03 17:59:34,173 INFO =====> Grad: [-4.0315372e+01  8.9084578e-01 -1.3365825e-09 -4.5270485e-01
  8.8475645e-09]
2024-09-03 17:59:34,173 INFO =====> Num. aborted data so far: 1
2024-09-03 17:59:34,455 INFO ===> New TaichiEnv created.
2024-09-03 17:59:34,455 INFO ===> Specifications: horizon = 600, dt = 0.01, n_substeps = 20, dt_sub = 0.0005
2024-09-03 18:00:25,078 INFO =====> Epoch: 52
2024-09-03 18:00:25,078 INFO =====> Loss: 58.08162307739258
2024-09-03 18:00:25,078 INFO =====> Grad: [ 2.0769069e+02  6.4528732e+01 -5.2660915e-05  2.1675994e+03
 -2.2888184e-05]
2024-09-03 18:00:25,078 INFO =====> Num. aborted data so far: 1
2024-09-03 18:00:25,356 INFO ===> New TaichiEnv created.
2024-09-03 18:00:25,356 INFO ===> Specifications: horizon = 600, dt = 0.01, n_substeps = 20, dt_sub = 0.0005
2024-09-03 18:01:18,547 INFO =====> Epoch: 53
2024-09-03 18:01:18,547 INFO =====> Loss: 58.10909652709961
2024-09-03 18:01:18,548 INFO =====> Grad: [ 1.4040235e-01  1.6917491e-01  1.4280852e-09 -4.5946157e-01
 -5.1222742e-09]
2024-09-03 18:01:18,548 INFO =====> Num. aborted data so far: 1
2024-09-03 18:01:18,826 INFO ===> New TaichiEnv created.
2024-09-03 18:01:18,826 INFO ===> Specifications: horizon = 600, dt = 0.01, n_substeps = 20, dt_sub = 0.0005
2024-09-03 18:02:15,256 INFO =====> Epoch: 54
2024-09-03 18:02:15,256 INFO =====> Loss: 58.1153678894043
2024-09-03 18:02:15,256 INFO =====> Grad: [-2.6171694e+00 -1.1964968e-01  2.8286440e-08 -4.7689371e+00
  2.2351742e-08]
2024-09-03 18:02:15,256 INFO =====> Num. aborted data so far: 1
2024-09-03 18:02:15,536 INFO ===> New TaichiEnv created.
2024-09-03 18:02:15,536 INFO ===> Specifications: horizon = 600, dt = 0.01, n_substeps = 20, dt_sub = 0.0005
2024-09-03 18:03:08,850 INFO =====> Epoch: 55
2024-09-03 18:03:08,850 INFO =====> Loss: 58.08942413330078
2024-09-03 18:03:08,850 INFO =====> Grad: [-3.1675613e+03 -2.4405310e+03 -5.3347833e-04 -7.5572195e+04
  2.3651123e-04]
2024-09-03 18:03:08,850 INFO =====> Num. aborted data so far: 1
2024-09-03 18:03:09,132 INFO ===> New TaichiEnv created.
2024-09-03 18:03:09,133 INFO ===> Specifications: horizon = 600, dt = 0.01, n_substeps = 20, dt_sub = 0.0005
2024-09-03 18:03:59,644 INFO =====> Epoch: 56
2024-09-03 18:03:59,644 INFO =====> Loss: 58.08430099487305
2024-09-03 18:03:59,644 INFO =====> Grad: [3.6154858e+01 5.6280170e+01 4.1137660e-06 3.7084003e+02 1.1920929e-05]
2024-09-03 18:03:59,644 INFO =====> Num. aborted data so far: 1
2024-09-03 18:03:59,929 INFO ===> New TaichiEnv created.
2024-09-03 18:03:59,929 INFO ===> Specifications: horizon = 600, dt = 0.01, n_substeps = 20, dt_sub = 0.0005
2024-09-03 18:04:52,629 INFO =====> Epoch: 57
2024-09-03 18:04:52,629 INFO =====> Loss: 58.115169525146484
2024-09-03 18:04:52,629 INFO =====> Grad: [ 1.4040235e-01  1.6917488e-01  2.8471685e-09 -4.1892096e-01
 -7.9162419e-09]
2024-09-03 18:04:52,629 INFO =====> Num. aborted data so far: 1
2024-09-03 18:04:52,908 INFO ===> New TaichiEnv created.
2024-09-03 18:04:52,908 INFO ===> Specifications: horizon = 600, dt = 0.01, n_substeps = 20, dt_sub = 0.0005
2024-09-03 18:05:48,264 INFO =====> Epoch: 58
2024-09-03 18:05:48,264 INFO =====> Loss: 58.118125915527344
2024-09-03 18:05:48,264 INFO =====> Grad: [-2.6171691e+00 -1.1964968e-01  2.4687257e-08 -4.3542466e+00
 -3.5017729e-07]
2024-09-03 18:05:48,264 INFO =====> Num. aborted data so far: 1
2024-09-03 18:05:48,545 INFO ===> New TaichiEnv created.
2024-09-03 18:05:48,545 INFO ===> Specifications: horizon = 600, dt = 0.01, n_substeps = 20, dt_sub = 0.0005
2024-09-03 18:06:41,415 INFO =====> Epoch: 59
2024-09-03 18:06:41,415 INFO =====> Loss: 58.10926055908203
2024-09-03 18:06:41,415 INFO =====> Grad: [-2.7141466e+00  1.3892710e-02 -3.8388972e-09 -4.5615921e+00
  1.1920929e-07]
2024-09-03 18:06:41,415 INFO =====> Num. aborted data so far: 1
2024-09-03 18:06:41,695 INFO ===> New TaichiEnv created.
2024-09-03 18:06:41,695 INFO ===> Specifications: horizon = 600, dt = 0.01, n_substeps = 20, dt_sub = 0.0005
2024-09-03 18:07:36,855 INFO =====> Epoch: 60
2024-09-03 18:07:36,855 INFO =====> Loss: 58.11960983276367
2024-09-03 18:07:36,856 INFO =====> Grad: [ 1.4426413e-01  1.6230695e-01 -3.1856580e-09 -3.9584059e-01
  2.7939677e-09]
2024-09-03 18:07:36,856 INFO =====> Num. aborted data so far: 1
2024-09-03 18:07:37,141 INFO ===> New TaichiEnv created.
2024-09-03 18:07:37,141 INFO ===> Specifications: horizon = 600, dt = 0.01, n_substeps = 20, dt_sub = 0.0005
2024-09-03 18:08:35,701 INFO =====> Epoch: 61
2024-09-03 18:08:35,701 INFO =====> Loss: 58.13247299194336
2024-09-03 18:08:35,701 INFO =====> Grad: [ 1.51826024e-01  1.37495518e-01  1.54316271e-09 -3.95840645e-01
  1.21071935e-08]
2024-09-03 18:08:35,701 INFO =====> Num. aborted data so far: 1
2024-09-03 18:08:35,982 INFO ===> New TaichiEnv created.
2024-09-03 18:08:35,983 INFO ===> Specifications: horizon = 600, dt = 0.01, n_substeps = 20, dt_sub = 0.0005
2024-09-03 18:09:37,092 INFO =====> Epoch: 62
2024-09-03 18:09:37,092 INFO =====> Loss: 58.09992599487305
2024-09-03 18:09:37,092 INFO =====> Grad: [ 1.5874760e-01  1.1722098e-01 -3.2205516e-11 -3.8327426e-01
  4.3772161e-08]
2024-09-03 18:09:37,092 INFO =====> Num. aborted data so far: 1
2024-09-03 18:09:37,374 INFO ===> New TaichiEnv created.
2024-09-03 18:09:37,374 INFO ===> Specifications: horizon = 600, dt = 0.01, n_substeps = 20, dt_sub = 0.0005
2024-09-03 18:10:40,667 INFO =====> Epoch: 63
2024-09-03 18:10:40,667 INFO =====> Loss: 58.050472259521484
2024-09-03 18:10:40,667 INFO =====> Grad: [ 1.6520448e-01  1.0038225e-01 -1.3425144e-09 -3.7070793e-01
 -1.6763806e-08]
2024-09-03 18:10:40,667 INFO =====> Num. aborted data so far: 1
2024-09-03 18:10:40,951 INFO ===> New TaichiEnv created.
2024-09-03 18:10:40,951 INFO ===> Specifications: horizon = 600, dt = 0.01, n_substeps = 20, dt_sub = 0.0005
2024-09-03 18:11:47,618 INFO =====> Epoch: 64
2024-09-03 18:11:47,618 INFO =====> Loss: 58.07053756713867
2024-09-03 18:11:47,618 INFO =====> Grad: [ 1.7131419e-01  8.6216979e-02  1.4887201e-09 -3.8327426e-01
 -1.1175871e-08]
2024-09-03 18:11:47,618 INFO =====> Num. aborted data so far: 1
2024-09-03 18:11:47,906 INFO ===> New TaichiEnv created.
2024-09-03 18:11:47,906 INFO ===> Specifications: horizon = 600, dt = 0.01, n_substeps = 20, dt_sub = 0.0005
2024-09-03 18:12:56,733 INFO =====> Epoch: 65
2024-09-03 18:12:56,733 INFO =====> Loss: 57.93708419799805
2024-09-03 18:12:56,734 INFO =====> Grad: [-2.1566308e+00 -1.2730172e-01  2.9285472e-08 -4.2851319e+00
 -1.1920929e-07]
2024-09-03 18:12:56,734 INFO =====> Num. aborted data so far: 1
2024-09-03 18:12:57,022 INFO ===> New TaichiEnv created.
2024-09-03 18:12:57,022 INFO ===> Specifications: horizon = 600, dt = 0.01, n_substeps = 20, dt_sub = 0.0005
2024-09-03 18:14:03,907 INFO =====> Epoch: 66
2024-09-03 18:14:03,907 INFO =====> Loss: 58.07860565185547
2024-09-03 18:14:03,907 INFO =====> Grad: [-2.24837184e+00 -1.10239446e-01  1.29842608e-08 -4.42336226e+00
 -1.19209290e-07]
2024-09-03 18:14:03,907 INFO =====> Num. aborted data so far: 1
2024-09-03 18:14:04,195 INFO ===> New TaichiEnv created.
2024-09-03 18:14:04,195 INFO ===> Specifications: horizon = 600, dt = 0.01, n_substeps = 20, dt_sub = 0.0005
2024-09-03 18:15:08,423 INFO =====> Epoch: 67
2024-09-03 18:15:08,423 INFO =====> Loss: 58.061256408691406
2024-09-03 18:15:08,423 INFO =====> Grad: [-2.3403389e+00 -7.0614725e-02 -1.3535635e-08 -4.6307068e+00
 -1.7881393e-07]
2024-09-03 18:15:08,423 INFO =====> Num. aborted data so far: 1
2024-09-03 18:15:08,708 INFO ===> New TaichiEnv created.
2024-09-03 18:15:08,709 INFO ===> Specifications: horizon = 600, dt = 0.01, n_substeps = 20, dt_sub = 0.0005
2024-09-03 18:16:10,649 INFO =====> Epoch: 68
2024-09-03 18:16:10,649 INFO =====> Loss: 58.09910202026367
2024-09-03 18:16:10,649 INFO =====> Grad: [ 1.58747584e-01  1.17221035e-01 -2.61355271e-09 -4.33539778e-01
  2.14204192e-08]
2024-09-03 18:16:10,649 INFO =====> Num. aborted data so far: 1
2024-09-03 18:16:10,934 INFO ===> New TaichiEnv created.
2024-09-03 18:16:10,934 INFO ===> Specifications: horizon = 600, dt = 0.01, n_substeps = 20, dt_sub = 0.0005
2024-09-03 18:17:15,142 INFO =====> Epoch: 69
2024-09-03 18:17:15,142 INFO =====> Loss: 58.04996871948242
2024-09-03 18:17:15,142 INFO =====> Grad: [ 1.6520448e-01  1.0038225e-01 -8.2368001e-10 -4.2097333e-01
  1.8626451e-08]
2024-09-03 18:17:15,142 INFO =====> Num. aborted data so far: 1
2024-09-03 18:17:15,427 INFO ===> New TaichiEnv created.
2024-09-03 18:17:15,427 INFO ===> Specifications: horizon = 600, dt = 0.01, n_substeps = 20, dt_sub = 0.0005
2024-09-03 18:18:22,581 INFO =====> Epoch: 70
2024-09-03 18:18:22,581 INFO =====> Loss: 58.07020950317383
2024-09-03 18:18:22,581 INFO =====> Grad: [-2.24837184e+00 -1.10239446e-01  1.79079276e-08 -4.56159210e+00
 -1.63912773e-07]
2024-09-03 18:18:22,581 INFO =====> Num. aborted data so far: 1
2024-09-03 18:18:22,869 INFO ===> New TaichiEnv created.
2024-09-03 18:18:22,869 INFO ===> Specifications: horizon = 600, dt = 0.01, n_substeps = 20, dt_sub = 0.0005
2024-09-03 18:19:27,459 INFO =====> Epoch: 71
2024-09-03 18:19:27,459 INFO =====> Loss: 58.0615234375
2024-09-03 18:19:27,459 INFO =====> Grad: [ 1.6520448e-01  1.0549563e-01 -1.6778736e-09 -4.2725649e-01
  3.2596290e-08]
2024-09-03 18:19:27,459 INFO =====> Num. aborted data so far: 1
2024-09-03 18:19:27,744 INFO ===> New TaichiEnv created.
2024-09-03 18:19:27,745 INFO ===> Specifications: horizon = 600, dt = 0.01, n_substeps = 20, dt_sub = 0.0005
2024-09-03 18:20:34,604 INFO =====> Epoch: 72
2024-09-03 18:20:34,604 INFO =====> Loss: 58.066490173339844
2024-09-03 18:20:34,604 INFO =====> Grad: [-2.24837184e+00 -1.10239446e-01 -2.33430093e-08 -4.56159210e+00
  2.90572643e-07]
2024-09-03 18:20:34,604 INFO =====> Num. aborted data so far: 1
2024-09-03 18:20:34,889 INFO ===> New TaichiEnv created.
2024-09-03 18:20:34,889 INFO ===> Specifications: horizon = 600, dt = 0.01, n_substeps = 20, dt_sub = 0.0005
2024-09-03 18:21:38,854 INFO =====> Epoch: 73
2024-09-03 18:21:38,854 INFO =====> Loss: 58.050010681152344
2024-09-03 18:21:38,855 INFO =====> Grad: [-2.3403389e+00 -9.0349019e-02  3.1173464e-08 -4.4233618e+00
 -2.3096800e-07]
2024-09-03 18:21:38,855 INFO =====> Num. aborted data so far: 1
2024-09-03 18:21:39,141 INFO ===> New TaichiEnv created.
2024-09-03 18:21:39,141 INFO ===> Specifications: horizon = 600, dt = 0.01, n_substeps = 20, dt_sub = 0.0005
2024-09-03 18:22:41,112 INFO =====> Epoch: 74
2024-09-03 18:22:41,112 INFO =====> Loss: 58.09928512573242
2024-09-03 18:22:41,112 INFO =====> Grad: [-2.4328275e+00 -6.7214131e-02  9.9892414e-09 -4.5615921e+00
 -9.6857548e-08]
2024-09-03 18:22:41,112 INFO =====> Num. aborted data so far: 1
2024-09-03 18:22:41,400 INFO ===> New TaichiEnv created.
2024-09-03 18:22:41,400 INFO ===> Specifications: horizon = 600, dt = 0.01, n_substeps = 20, dt_sub = 0.0005
2024-09-03 18:23:40,958 INFO =====> Epoch: 75
2024-09-03 18:23:40,959 INFO =====> Loss: 58.11790466308594
2024-09-03 18:23:40,959 INFO =====> Grad: [-2.5262642e+00 -3.5029650e-02  1.2837298e-08 -4.7689376e+00
  2.9057264e-07]
2024-09-03 18:23:40,959 INFO =====> Num. aborted data so far: 1
2024-09-03 18:23:41,249 INFO ===> New TaichiEnv created.
2024-09-03 18:23:41,250 INFO ===> Specifications: horizon = 600, dt = 0.01, n_substeps = 20, dt_sub = 0.0005
2024-09-03 18:24:36,769 INFO =====> Epoch: 76
2024-09-03 18:24:36,769 INFO =====> Loss: 58.119998931884766
2024-09-03 18:24:36,769 INFO =====> Grad: [ 1.4426413e-01  1.6642667e-01  6.6621880e-10 -4.1469020e-01
  2.6077032e-08]
2024-09-03 18:24:36,769 INFO =====> Num. aborted data so far: 1
2024-09-03 18:24:37,058 INFO ===> New TaichiEnv created.
2024-09-03 18:24:37,058 INFO ===> Specifications: horizon = 600, dt = 0.01, n_substeps = 20, dt_sub = 0.0005
2024-09-03 18:25:34,940 INFO =====> Epoch: 77
2024-09-03 18:25:34,940 INFO =====> Loss: 58.12718963623047
2024-09-03 18:25:34,940 INFO =====> Grad: [ 1.5182602e-01  1.4197475e-01 -4.1064646e-10 -4.0212381e-01
  1.0244548e-08]
2024-09-03 18:25:34,940 INFO =====> Num. aborted data so far: 1
2024-09-03 18:25:35,227 INFO ===> New TaichiEnv created.
2024-09-03 18:25:35,227 INFO ===> Specifications: horizon = 600, dt = 0.01, n_substeps = 20, dt_sub = 0.0005
2024-09-03 18:26:36,251 INFO =====> Epoch: 78
2024-09-03 18:26:36,251 INFO =====> Loss: 58.099586486816406
2024-09-03 18:26:36,251 INFO =====> Grad: [-2.4328275e+00 -5.4703355e-02  1.1228343e-08 -4.3542471e+00
  7.4505806e-09]
2024-09-03 18:26:36,251 INFO =====> Num. aborted data so far: 1
2024-09-03 18:26:36,542 INFO ===> New TaichiEnv created.
2024-09-03 18:26:36,542 INFO ===> Specifications: horizon = 600, dt = 0.01, n_substeps = 20, dt_sub = 0.0005
2024-09-03 18:27:34,190 INFO =====> Epoch: 79
2024-09-03 18:27:34,190 INFO =====> Loss: 58.126041412353516
2024-09-03 18:27:34,190 INFO =====> Grad: [-2.5262642e+00  6.2710702e-02 -2.3002734e-08 -4.2851315e+00
  2.1606684e-07]
2024-09-03 18:27:34,190 INFO =====> Num. aborted data so far: 1
2024-09-03 18:27:34,478 INFO ===> New TaichiEnv created.
2024-09-03 18:27:34,478 INFO ===> Specifications: horizon = 600, dt = 0.01, n_substeps = 20, dt_sub = 0.0005
2024-09-03 18:28:35,406 INFO =====> Epoch: 80
2024-09-03 18:28:35,406 INFO =====> Loss: 58.11532211303711
2024-09-03 18:28:35,406 INFO =====> Grad: [ 1.5541944e-01  1.3312599e-01  1.8259894e-09 -3.7699109e-01
  2.1420419e-08]
2024-09-03 18:28:35,406 INFO =====> Num. aborted data so far: 1
2024-09-03 18:28:35,694 INFO ===> New TaichiEnv created.
2024-09-03 18:28:35,694 INFO ===> Specifications: horizon = 600, dt = 0.01, n_substeps = 20, dt_sub = 0.0005
2024-09-03 18:29:38,841 INFO =====> Epoch: 81
2024-09-03 18:29:38,841 INFO =====> Loss: 58.099273681640625
2024-09-03 18:29:38,842 INFO =====> Grad: [ 1.6215782e-01  1.1565117e-01  2.2400160e-09 -3.6442468e-01
  4.6566129e-09]
2024-09-03 18:29:38,842 INFO =====> Num. aborted data so far: 1
2024-09-03 18:29:39,133 INFO ===> New TaichiEnv created.
2024-09-03 18:29:39,133 INFO ===> Specifications: horizon = 600, dt = 0.01, n_substeps = 20, dt_sub = 0.0005
2024-09-03 18:30:44,802 INFO =====> Epoch: 82
2024-09-03 18:30:44,802 INFO =====> Loss: 58.061302185058594
2024-09-03 18:30:44,802 INFO =====> Grad: [-2.2511806e+00 -7.4039876e-02 -1.7634004e-08 -3.9395568e+00
  5.2154064e-08]
2024-09-03 18:30:44,802 INFO =====> Num. aborted data so far: 1
2024-09-03 18:30:45,092 INFO ===> New TaichiEnv created.
2024-09-03 18:30:45,092 INFO ===> Specifications: horizon = 600, dt = 0.01, n_substeps = 20, dt_sub = 0.0005
2024-09-03 18:31:47,735 INFO =====> Epoch: 83
2024-09-03 18:31:47,735 INFO =====> Loss: 58.09859085083008
2024-09-03 18:31:47,736 INFO =====> Grad: [-2.3433857e+00 -6.0458839e-02 -8.8440366e-09 -3.8013265e+00
 -1.1920929e-07]
2024-09-03 18:31:47,736 INFO =====> Num. aborted data so far: 1
2024-09-03 18:31:48,024 INFO ===> New TaichiEnv created.
2024-09-03 18:31:48,024 INFO ===> Specifications: horizon = 600, dt = 0.01, n_substeps = 20, dt_sub = 0.0005
2024-09-03 18:32:47,858 INFO =====> Epoch: 84
2024-09-03 18:32:47,859 INFO =====> Loss: 58.13329315185547
2024-09-03 18:32:47,859 INFO =====> Grad: [-2.4361558e+00 -4.3609440e-02  6.0207039e-09 -3.9395564e+00
 -1.2665987e-07]
2024-09-03 18:32:47,859 INFO =====> Num. aborted data so far: 1
2024-09-03 18:32:48,152 INFO ===> New TaichiEnv created.
2024-09-03 18:32:48,152 INFO ===> Specifications: horizon = 600, dt = 0.01, n_substeps = 20, dt_sub = 0.0005
2024-09-03 18:33:46,365 INFO =====> Epoch: 85
2024-09-03 18:33:46,365 INFO =====> Loss: 58.1171760559082
2024-09-03 18:33:46,366 INFO =====> Grad: [ 1.4815913e-01  1.5419771e-01 -2.1725957e-09 -3.7699112e-01
 -9.3132257e-09]
2024-09-03 18:33:46,366 INFO =====> Num. aborted data so far: 1
2024-09-03 18:33:46,657 INFO ===> New TaichiEnv created.
2024-09-03 18:33:46,657 INFO ===> Specifications: horizon = 600, dt = 0.01, n_substeps = 20, dt_sub = 0.0005
2024-09-03 18:34:47,286 INFO =====> Epoch: 86
2024-09-03 18:34:47,286 INFO =====> Loss: 58.116180419921875
2024-09-03 18:34:47,286 INFO =====> Grad: [-2.4361558e+00 -4.3609440e-02 -1.3448121e-08 -4.2160168e+00
  1.8626451e-07]
2024-09-03 18:34:47,286 INFO =====> Num. aborted data so far: 1
2024-09-03 18:34:47,580 INFO ===> New TaichiEnv created.
2024-09-03 18:34:47,580 INFO ===> Specifications: horizon = 600, dt = 0.01, n_substeps = 20, dt_sub = 0.0005
2024-09-03 18:35:44,721 INFO =====> Epoch: 87
2024-09-03 18:35:44,721 INFO =====> Loss: 58.13893127441406
2024-09-03 18:35:44,721 INFO =====> Grad: [-2.5299308e+00 -2.8016359e-02 -3.4197356e-10 -4.0086718e+00
 -1.4901161e-07]
2024-09-03 18:35:44,721 INFO =====> Num. aborted data so far: 1
2024-09-03 18:35:45,012 INFO ===> New TaichiEnv created.
2024-09-03 18:35:45,012 INFO ===> Specifications: horizon = 600, dt = 0.01, n_substeps = 20, dt_sub = 0.0005
2024-09-03 18:36:40,234 INFO =====> Epoch: 88
2024-09-03 18:36:40,234 INFO =====> Loss: 58.10395050048828
2024-09-03 18:36:40,234 INFO =====> Grad: [ 1.4018179e-01  1.7591472e-01 -7.0723616e-10 -3.8327426e-01
  2.2351742e-08]
2024-09-03 18:36:40,234 INFO =====> Num. aborted data so far: 1
2024-09-03 18:36:40,527 INFO ===> New TaichiEnv created.
2024-09-03 18:36:40,527 INFO ===> Specifications: horizon = 600, dt = 0.01, n_substeps = 20, dt_sub = 0.0005
2024-09-03 18:37:38,557 INFO =====> Epoch: 89
2024-09-03 18:37:38,557 INFO =====> Loss: 58.1201286315918
2024-09-03 18:37:38,557 INFO =====> Grad: [ 1.4815913e-01  1.4971848e-01 -3.9505210e-10 -3.7070793e-01
 -3.3527613e-08]
2024-09-03 18:37:38,557 INFO =====> Num. aborted data so far: 1
2024-09-03 18:37:38,850 INFO ===> New TaichiEnv created.
2024-09-03 18:37:38,850 INFO ===> Specifications: horizon = 600, dt = 0.01, n_substeps = 20, dt_sub = 0.0005
2024-09-03 18:38:39,611 INFO =====> Epoch: 90
2024-09-03 18:38:39,612 INFO =====> Loss: 58.135135650634766
2024-09-03 18:38:39,612 INFO =====> Grad: [ 1.5541944e-01  1.2831484e-01 -1.5458068e-09 -3.8327426e-01
  6.5192580e-09]
2024-09-03 18:38:39,612 INFO =====> Num. aborted data so far: 1
2024-09-03 18:38:39,905 INFO ===> New TaichiEnv created.
2024-09-03 18:38:39,905 INFO ===> Specifications: horizon = 600, dt = 0.01, n_substeps = 20, dt_sub = 0.0005
2024-09-03 18:39:43,784 INFO =====> Epoch: 91
2024-09-03 18:39:43,784 INFO =====> Loss: 58.09832000732422
2024-09-03 18:39:43,784 INFO =====> Grad: [-2.3433857e+00 -8.0193132e-02 -1.0890252e-08 -4.1469016e+00
 -2.0116568e-07]
2024-09-03 18:39:43,784 INFO =====> Num. aborted data so far: 1
2024-09-03 18:39:44,078 INFO ===> New TaichiEnv created.
2024-09-03 18:39:44,078 INFO ===> Specifications: horizon = 600, dt = 0.01, n_substeps = 20, dt_sub = 0.0005
2024-09-03 18:40:45,497 INFO =====> Epoch: 92
2024-09-03 18:40:45,497 INFO =====> Loss: 58.11752700805664
2024-09-03 18:40:45,497 INFO =====> Grad: [-2.4361558e+00 -5.6120217e-02  4.8664539e-08 -4.2851319e+00
 -2.2351742e-07]
2024-09-03 18:40:45,497 INFO =====> Num. aborted data so far: 1
2024-09-03 18:40:45,789 INFO ===> New TaichiEnv created.
2024-09-03 18:40:45,789 INFO ===> Specifications: horizon = 600, dt = 0.01, n_substeps = 20, dt_sub = 0.0005
2024-09-03 18:41:44,739 INFO =====> Epoch: 93
2024-09-03 18:41:44,739 INFO =====> Loss: 58.12142562866211
2024-09-03 18:41:44,739 INFO =====> Grad: [ 1.4815913e-01  1.4971848e-01 -8.9987717e-10 -4.0840694e-01
  1.8626451e-09]
2024-09-03 18:41:44,739 INFO =====> Num. aborted data so far: 1
2024-09-03 18:41:45,034 INFO ===> New TaichiEnv created.
2024-09-03 18:41:45,034 INFO ===> Specifications: horizon = 600, dt = 0.01, n_substeps = 20, dt_sub = 0.0005
2024-09-03 18:42:46,264 INFO =====> Epoch: 94
2024-09-03 18:42:46,264 INFO =====> Loss: 58.11443328857422
2024-09-03 18:42:46,264 INFO =====> Grad: [-2.4361558e+00 -5.6120217e-02  4.1637787e-09 -4.4233623e+00
  5.2154064e-08]
2024-09-03 18:42:46,264 INFO =====> Num. aborted data so far: 1
2024-09-03 18:42:46,556 INFO ===> New TaichiEnv created.
2024-09-03 18:42:46,556 INFO ===> Specifications: horizon = 600, dt = 0.01, n_substeps = 20, dt_sub = 0.0005
2024-09-03 18:43:45,204 INFO =====> Epoch: 95
2024-09-03 18:43:45,204 INFO =====> Loss: 58.11948013305664
2024-09-03 18:43:45,204 INFO =====> Grad: [-2.5299308e+00 -2.8016359e-02  2.2230571e-08 -4.2851324e+00
 -2.2351742e-08]
2024-09-03 18:43:45,204 INFO =====> Num. aborted data so far: 1
2024-09-03 18:43:45,496 INFO ===> New TaichiEnv created.
2024-09-03 18:43:45,496 INFO ===> Specifications: horizon = 600, dt = 0.01, n_substeps = 20, dt_sub = 0.0005
2024-09-03 18:44:40,661 INFO =====> Epoch: 96
2024-09-03 18:44:40,661 INFO =====> Loss: 58.10535430908203
2024-09-03 18:44:40,661 INFO =====> Grad: [ 1.4018179e-01  1.8003443e-01 -2.8461546e-09 -4.0212381e-01
 -6.5192580e-09]
2024-09-03 18:44:40,661 INFO =====> Num. aborted data so far: 1
2024-09-03 18:44:40,952 INFO ===> New TaichiEnv created.
2024-09-03 18:44:40,953 INFO ===> Specifications: horizon = 600, dt = 0.01, n_substeps = 20, dt_sub = 0.0005
2024-09-03 18:45:39,163 INFO =====> Epoch: 97
2024-09-03 18:45:39,163 INFO =====> Loss: 58.13795852661133
2024-09-03 18:45:39,163 INFO =====> Grad: [-2.5299308e+00 -2.2806972e-02 -3.1829650e-08 -4.4924769e+00
 -3.0547380e-07]
2024-09-03 18:45:39,163 INFO =====> Num. aborted data so far: 1
2024-09-03 18:45:39,456 INFO ===> New TaichiEnv created.
2024-09-03 18:45:39,460 INFO ===> Specifications: horizon = 600, dt = 0.01, n_substeps = 20, dt_sub = 0.0005
2024-09-03 18:46:35,066 INFO =====> Epoch: 98
2024-09-03 18:46:35,066 INFO =====> Loss: 58.11637496948242
2024-09-03 18:46:35,066 INFO =====> Grad: [ 1.4018179e-01  1.7591472e-01 -1.2853947e-09 -4.2097333e-01
  1.6763806e-08]
2024-09-03 18:46:35,066 INFO =====> Num. aborted data so far: 1
2024-09-03 18:46:35,357 INFO ===> New TaichiEnv created.
2024-09-03 18:46:35,357 INFO ===> Specifications: horizon = 600, dt = 0.01, n_substeps = 20, dt_sub = 0.0005
2024-09-03 18:47:33,994 INFO =====> Epoch: 99
2024-09-03 18:47:33,994 INFO =====> Loss: 58.13755798339844
2024-09-03 18:47:33,994 INFO =====> Grad: [-2.5299308e+00 -2.8016359e-02 -1.6158614e-08 -4.5615921e+00
  1.2665987e-07]
2024-09-03 18:47:33,994 INFO =====> Num. aborted data so far: 1
2024-09-03 18:47:34,286 INFO ===> New TaichiEnv created.
2024-09-03 18:47:34,286 INFO ===> Specifications: horizon = 600, dt = 0.01, n_substeps = 20, dt_sub = 0.0005
2024-09-03 18:48:30,352 INFO =====> Epoch: 100
2024-09-03 18:48:30,352 INFO =====> Loss: 58.1038703918457
2024-09-03 18:48:30,352 INFO =====> Grad: [-2.6253350e+00  5.0673187e-03 -3.7345362e-09 -4.4233623e+00
 -1.1920929e-07]
2024-09-03 18:48:30,352 INFO =====> Num. aborted data so far: 1
2024-09-03 18:48:30,643 INFO ===> New TaichiEnv created.
2024-09-03 18:48:30,643 INFO ===> Specifications: horizon = 600, dt = 0.01, n_substeps = 20, dt_sub = 0.0005
2024-09-03 18:49:29,568 INFO =====> Epoch: 101
2024-09-03 18:49:29,568 INFO =====> Loss: 58.138343811035156
2024-09-03 18:49:29,568 INFO =====> Grad: [-2.5335984e+00 -1.5793025e-02 -2.8644571e-08 -4.5615921e+00
  1.6391277e-07]
2024-09-03 18:49:29,568 INFO =====> Num. aborted data so far: 1
2024-09-03 18:49:29,859 INFO ===> New TaichiEnv created.
2024-09-03 18:49:29,859 INFO ===> Specifications: horizon = 600, dt = 0.01, n_substeps = 20, dt_sub = 0.0005
2024-09-03 18:50:25,833 INFO =====> Epoch: 102
2024-09-03 18:50:25,833 INFO =====> Loss: 58.11768341064453
2024-09-03 18:50:25,833 INFO =====> Grad: [-2.6294172e+00 -7.8826457e-02  1.2716939e-09 -4.3542471e+00
 -9.6857548e-08]
2024-09-03 18:50:25,833 INFO =====> Num. aborted data so far: 1
2024-09-03 18:50:26,124 INFO ===> New TaichiEnv created.
2024-09-03 18:50:26,124 INFO ===> Specifications: horizon = 600, dt = 0.01, n_substeps = 20, dt_sub = 0.0005
2024-09-03 18:51:19,491 INFO =====> Epoch: 103
2024-09-03 18:51:19,491 INFO =====> Loss: 58.12519454956055
2024-09-03 18:51:19,491 INFO =====> Grad: [ 1.1971974e+03  8.6568921e+02 -8.9778798e-05  2.3140547e+04
  1.9073486e-06]
2024-09-03 18:51:19,491 INFO =====> Num. aborted data so far: 1
2024-09-03 18:51:19,782 INFO ===> New TaichiEnv created.
2024-09-03 18:51:19,782 INFO ===> Specifications: horizon = 600, dt = 0.01, n_substeps = 20, dt_sub = 0.0005
2024-09-03 18:52:23,780 INFO =====> Epoch: 104
2024-09-03 18:52:23,780 INFO =====> Loss: 58.1179313659668
2024-09-03 18:52:23,782 INFO =====> Grad: [ 1.3609943e-01  1.7653899e-01 -4.5955746e-09 -4.2567766e-01
  9.3132257e-10]
2024-09-03 18:52:23,782 INFO =====> Num. aborted data so far: 1
2024-09-03 18:52:24,113 INFO ===> New TaichiEnv created.
2024-09-03 18:52:24,114 INFO ===> Specifications: horizon = 600, dt = 0.01, n_substeps = 20, dt_sub = 0.0005
2024-09-03 18:53:23,738 INFO =====> Epoch: 105
2024-09-03 18:53:23,738 INFO =====> Loss: 58.111610412597656
2024-09-03 18:53:23,738 INFO =====> Grad: [ 1.4449224e-01  1.4857675e-01 -6.2911931e-10 -3.9584059e-01
  1.0244548e-08]
2024-09-03 18:53:23,738 INFO =====> Num. aborted data so far: 1
2024-09-03 18:53:24,032 INFO ===> New TaichiEnv created.
2024-09-03 18:53:24,032 INFO ===> Specifications: horizon = 600, dt = 0.01, n_substeps = 20, dt_sub = 0.0005
2024-09-03 18:54:26,059 INFO =====> Epoch: 106
2024-09-03 18:54:26,059 INFO =====> Loss: 58.12120056152344
2024-09-03 18:54:26,059 INFO =====> Grad: [-2.4394836e+00 -1.5491265e-01 -4.7529618e-08 -4.2851315e+00
  6.7055225e-08]
2024-09-03 18:54:26,059 INFO =====> Num. aborted data so far: 1
2024-09-03 18:54:26,351 INFO ===> New TaichiEnv created.
2024-09-03 18:54:26,355 INFO ===> Specifications: horizon = 600, dt = 0.01, n_substeps = 20, dt_sub = 0.0005
2024-09-03 18:55:25,548 INFO =====> Epoch: 107
2024-09-03 18:55:25,549 INFO =====> Loss: 58.111663818359375
2024-09-03 18:55:25,549 INFO =====> Grad: [ 1.4449224e-01  1.3969129e-01 -2.4689366e-09 -3.7699106e-01
  1.7695129e-08]
2024-09-03 18:55:25,549 INFO =====> Num. aborted data so far: 1
2024-09-03 18:55:25,844 INFO ===> New TaichiEnv created.
2024-09-03 18:55:25,844 INFO ===> Specifications: horizon = 600, dt = 0.01, n_substeps = 20, dt_sub = 0.0005
2024-09-03 18:56:27,438 INFO =====> Epoch: 108
2024-09-03 18:56:27,439 INFO =====> Loss: 58.12141036987305
2024-09-03 18:56:27,439 INFO =====> Grad: [ 1.5209131e-01  1.1689282e-01  1.0257474e-09 -3.6442471e-01
  1.1175871e-08]
2024-09-03 18:56:27,439 INFO =====> Num. aborted data so far: 1
2024-09-03 18:56:27,736 INFO ===> New TaichiEnv created.
2024-09-03 18:56:27,736 INFO ===> Specifications: horizon = 600, dt = 0.01, n_substeps = 20, dt_sub = 0.0005
2024-09-03 18:57:32,121 INFO =====> Epoch: 109
2024-09-03 18:57:32,121 INFO =====> Loss: 58.11679458618164
2024-09-03 18:57:32,121 INFO =====> Grad: [-2.3464324e+00 -2.8259397e-01 -3.8735823e-09 -3.9395568e+00
  3.7252903e-08]
2024-09-03 18:57:32,121 INFO =====> Num. aborted data so far: 1
2024-09-03 18:57:32,416 INFO ===> New TaichiEnv created.
2024-09-03 18:57:32,416 INFO ===> Specifications: horizon = 600, dt = 0.01, n_substeps = 20, dt_sub = 0.0005
2024-09-03 18:58:33,668 INFO =====> Epoch: 110
2024-09-03 18:58:33,668 INFO =====> Loss: 58.11834716796875
2024-09-03 18:58:33,668 INFO =====> Grad: [-2.4394836e+00 -2.5228900e-01  5.5312327e-08 -3.8013265e+00
  3.7252903e-08]
2024-09-03 18:58:33,668 INFO =====> Num. aborted data so far: 1
2024-09-03 18:58:33,961 INFO ===> New TaichiEnv created.
2024-09-03 18:58:33,961 INFO ===> Specifications: horizon = 600, dt = 0.01, n_substeps = 20, dt_sub = 0.0005
2024-09-03 18:59:31,374 INFO =====> Epoch: 111
2024-09-03 18:59:31,374 INFO =====> Loss: 58.126949310302734
2024-09-03 18:59:31,374 INFO =====> Grad: [ 1.4449224e-01  1.4857675e-01  4.8542304e-10 -3.3300880e-01
  9.3132257e-09]
2024-09-03 18:59:31,374 INFO =====> Num. aborted data so far: 1
2024-09-03 18:59:31,668 INFO ===> New TaichiEnv created.
2024-09-03 18:59:31,668 INFO ===> Specifications: horizon = 600, dt = 0.01, n_substeps = 20, dt_sub = 0.0005
2024-09-03 19:00:32,322 INFO =====> Epoch: 112
2024-09-03 19:00:32,322 INFO =====> Loss: 58.122161865234375
2024-09-03 19:00:32,322 INFO =====> Grad: [-2.4394836e+00 -1.5491265e-01  4.4710880e-08 -3.5939815e+00
 -8.1956387e-08]
2024-09-03 19:00:32,322 INFO =====> Num. aborted data so far: 1
2024-09-03 19:00:32,616 INFO ===> New TaichiEnv created.
2024-09-03 19:00:32,616 INFO ===> Specifications: horizon = 600, dt = 0.01, n_substeps = 20, dt_sub = 0.0005
2024-09-03 19:01:30,190 INFO =====> Epoch: 113
2024-09-03 19:01:30,190 INFO =====> Loss: 58.13908004760742
2024-09-03 19:01:30,190 INFO =====> Grad: [-2.5335979e+00 -1.1874196e-01  7.8714262e-09 -3.7322116e+00
 -3.7252903e-08]
2024-09-03 19:01:30,190 INFO =====> Num. aborted data so far: 1
2024-09-03 19:01:30,485 INFO ===> New TaichiEnv created.
2024-09-03 19:01:30,485 INFO ===> Specifications: horizon = 600, dt = 0.01, n_substeps = 20, dt_sub = 0.0005
2024-09-03 19:02:25,620 INFO =====> Epoch: 114
2024-09-03 19:02:25,620 INFO =====> Loss: 58.1181755065918
2024-09-03 19:02:25,620 INFO =====> Grad: [ 1.3609943e-01  1.8065871e-01  2.9699412e-09 -3.5185832e-01
  1.3969839e-08]
2024-09-03 19:02:25,620 INFO =====> Num. aborted data so far: 1
2024-09-03 19:02:25,914 INFO ===> New TaichiEnv created.
2024-09-03 19:02:25,914 INFO ===> Specifications: horizon = 600, dt = 0.01, n_substeps = 20, dt_sub = 0.0005
2024-09-03 19:03:23,552 INFO =====> Epoch: 115
2024-09-03 19:03:23,553 INFO =====> Loss: 58.139183044433594
2024-09-03 19:03:23,553 INFO =====> Grad: [ 1.4449224e-01  1.5305600e-01 -7.3228879e-10 -3.3929199e-01
 -4.6566129e-09]
2024-09-03 19:03:23,553 INFO =====> Num. aborted data so far: 1
2024-09-03 19:03:23,847 INFO ===> New TaichiEnv created.
2024-09-03 19:03:23,847 INFO ===> Specifications: horizon = 600, dt = 0.01, n_substeps = 20, dt_sub = 0.0005
2024-09-03 19:04:25,032 INFO =====> Epoch: 116
2024-09-03 19:04:25,032 INFO =====> Loss: 58.12164306640625
2024-09-03 19:04:25,032 INFO =====> Grad: [-2.4394836e+00 -1.4240265e-01 -3.2132334e-08 -3.8013265e+00
  1.6391277e-07]
2024-09-03 19:04:25,032 INFO =====> Num. aborted data so far: 1
2024-09-03 19:04:25,328 INFO ===> New TaichiEnv created.
2024-09-03 19:04:25,328 INFO ===> Specifications: horizon = 600, dt = 0.01, n_substeps = 20, dt_sub = 0.0005
2024-09-03 19:05:22,954 INFO =====> Epoch: 117
2024-09-03 19:05:22,954 INFO =====> Loss: 58.119380950927734
2024-09-03 19:05:22,954 INFO =====> Grad: [ 1.4449224e-01  1.4857675e-01  9.5207786e-10 -3.3300880e-01
  5.5879354e-09]
2024-09-03 19:05:22,954 INFO =====> Num. aborted data so far: 1
2024-09-03 19:05:23,250 INFO ===> New TaichiEnv created.
2024-09-03 19:05:23,250 INFO ===> Specifications: horizon = 600, dt = 0.01, n_substeps = 20, dt_sub = 0.0005
2024-09-03 19:06:23,323 INFO =====> Epoch: 118
2024-09-03 19:06:23,323 INFO =====> Loss: 58.13806915283203
2024-09-03 19:06:23,323 INFO =====> Grad: [-2.4394836e+00 -1.5491265e-01 -2.8483843e-08 -3.5939815e+00
  8.1956387e-08]
2024-09-03 19:06:23,323 INFO =====> Num. aborted data so far: 1
2024-09-03 19:06:23,621 INFO ===> New TaichiEnv created.
2024-09-03 19:06:23,621 INFO ===> Specifications: horizon = 600, dt = 0.01, n_substeps = 20, dt_sub = 0.0005
2024-09-03 19:07:20,710 INFO =====> Epoch: 119
2024-09-03 19:07:20,710 INFO =====> Loss: 58.13890838623047
2024-09-03 19:07:20,710 INFO =====> Grad: [-2.5335979e+00 -1.1874196e-01  1.5025670e-09 -3.4557514e+00
 -1.7136335e-07]
2024-09-03 19:07:20,710 INFO =====> Num. aborted data so far: 1
2024-09-03 19:07:21,007 INFO ===> New TaichiEnv created.
2024-09-03 19:07:21,007 INFO ===> Specifications: horizon = 600, dt = 0.01, n_substeps = 20, dt_sub = 0.0005
2024-09-03 19:08:15,645 INFO =====> Epoch: 120
2024-09-03 19:08:15,645 INFO =====> Loss: 58.08671951293945
2024-09-03 19:08:15,645 INFO =====> Grad: [-1.0243908e+04 -1.6545642e+02 -1.2453545e-05 -3.2859958e+03
  1.2207031e-04]
2024-09-03 19:08:15,645 INFO =====> Num. aborted data so far: 1
2024-09-03 19:08:15,943 INFO ===> New TaichiEnv created.
2024-09-03 19:08:15,943 INFO ===> Specifications: horizon = 600, dt = 0.01, n_substeps = 20, dt_sub = 0.0005
2024-09-03 19:09:07,505 INFO =====> Epoch: 121
2024-09-03 19:09:07,505 INFO =====> Loss: 58.11179733276367
2024-09-03 19:09:07,505 INFO =====> Grad: [-3.0551406e+03 -8.4918323e+02 -2.1687269e-05 -7.9158159e+03
 -7.6293945e-04]
2024-09-03 19:09:07,505 INFO =====> Num. aborted data so far: 1
2024-09-03 19:09:07,802 INFO ===> New TaichiEnv created.
2024-09-03 19:09:07,802 INFO ===> Specifications: horizon = 600, dt = 0.01, n_substeps = 20, dt_sub = 0.0005
2024-09-03 19:09:57,742 INFO =====> Epoch: 122
2024-09-03 19:09:57,743 INFO =====> Loss: 58.193233489990234
2024-09-03 19:09:57,743 INFO =====> Grad: [-3.1653355e+04 -6.8419663e+03 -2.4253759e-03 -1.1104686e+05
 -5.3710938e-03]
2024-09-03 19:09:57,743 INFO =====> Num. aborted data so far: 1
2024-09-03 19:09:58,040 INFO ===> New TaichiEnv created.
2024-09-03 19:09:58,040 INFO ===> Specifications: horizon = 600, dt = 0.01, n_substeps = 20, dt_sub = 0.0005
2024-09-03 19:10:45,369 INFO =====> Epoch: 123
2024-09-03 19:10:45,369 INFO =====> Loss: 57.96763610839844
2024-09-03 19:10:45,370 INFO =====> Grad: [-3.8075852e+04  2.7782059e+05 -8.0697716e-04 -1.4868783e+05
  3.5400391e-03]
2024-09-03 19:10:45,370 INFO =====> Num. aborted data so far: 1
2024-09-03 19:10:45,665 INFO ===> New TaichiEnv created.
2024-09-03 19:10:45,665 INFO ===> Specifications: horizon = 600, dt = 0.01, n_substeps = 20, dt_sub = 0.0005
2024-09-03 19:11:35,903 INFO =====> Epoch: 124
2024-09-03 19:11:35,903 INFO =====> Loss: 58.218414306640625
2024-09-03 19:11:35,904 INFO =====> Grad: [ 5.7749060e+02  1.7238277e+02  8.0437439e-07  7.9102307e+02
 -1.2207031e-04]
2024-09-03 19:11:35,904 INFO =====> Num. aborted data so far: 1
2024-09-03 19:11:36,201 INFO ===> New TaichiEnv created.
2024-09-03 19:11:36,201 INFO ===> Specifications: horizon = 600, dt = 0.01, n_substeps = 20, dt_sub = 0.0005
2024-09-03 19:12:28,417 INFO =====> Epoch: 125
2024-09-03 19:12:28,417 INFO =====> Loss: 58.16360092163086
2024-09-03 19:12:28,417 INFO =====> Grad: [-2.7325623e+00 -9.9160463e-02 -5.5079109e-08 -4.0135326e+00
 -2.9802322e-07]
2024-09-03 19:12:28,417 INFO =====> Num. aborted data so far: 1
2024-09-03 19:12:28,716 INFO ===> New TaichiEnv created.
2024-09-03 19:12:28,716 INFO ===> Specifications: horizon = 600, dt = 0.01, n_substeps = 20, dt_sub = 0.0005
2024-09-03 19:13:19,736 INFO =====> Epoch: 126
2024-09-03 19:13:19,736 INFO =====> Loss: 58.24073028564453
2024-09-03 19:13:19,737 INFO =====> Grad: [ 2.6131458e+05  8.3813477e+04 -6.8077864e-03  8.0425744e+05
  4.8828125e-02]
2024-09-03 19:13:19,737 INFO =====> Num. aborted data so far: 1
2024-09-03 19:13:20,033 INFO ===> New TaichiEnv created.
2024-09-03 19:13:20,033 INFO ===> Specifications: horizon = 600, dt = 0.01, n_substeps = 20, dt_sub = 0.0005
2024-09-03 19:14:12,625 INFO =====> Epoch: 127
2024-09-03 19:14:12,625 INFO =====> Loss: 58.14323425292969
2024-09-03 19:14:12,625 INFO =====> Grad: [ 3.1990211e+04  8.1751562e+03  2.6187161e-05  9.9335531e+04
 -1.0498047e-02]
2024-09-03 19:14:12,625 INFO =====> Num. aborted data so far: 1
2024-09-03 19:14:12,920 INFO ===> New TaichiEnv created.
2024-09-03 19:14:12,920 INFO ===> Specifications: horizon = 600, dt = 0.01, n_substeps = 20, dt_sub = 0.0005
2024-09-03 19:15:08,430 INFO =====> Epoch: 128
2024-09-03 19:15:08,430 INFO =====> Loss: 58.12234878540039
2024-09-03 19:15:08,430 INFO =====> Grad: [-2.6334991e+00 -2.5597456e-01 -2.5534774e-08 -4.5073371e+00
 -1.8626451e-07]
2024-09-03 19:15:08,430 INFO =====> Num. aborted data so far: 1
2024-09-03 19:15:08,725 INFO ===> New TaichiEnv created.
2024-09-03 19:15:08,726 INFO ===> Specifications: horizon = 600, dt = 0.01, n_substeps = 20, dt_sub = 0.0005
2024-09-03 19:16:01,965 INFO =====> Epoch: 129
2024-09-03 19:16:01,966 INFO =====> Loss: 58.125179290771484
2024-09-03 19:16:01,966 INFO =====> Grad: [-9.8282538e+02  1.7794832e+02 -1.9379113e-05  1.6487738e+03
  4.5776367e-04]
2024-09-03 19:16:01,966 INFO =====> Num. aborted data so far: 1
2024-09-03 19:16:02,261 INFO ===> New TaichiEnv created.
2024-09-03 19:16:02,261 INFO ===> Specifications: horizon = 600, dt = 0.01, n_substeps = 20, dt_sub = 0.0005
2024-09-03 19:16:58,071 INFO =====> Epoch: 130
2024-09-03 19:16:58,071 INFO =====> Loss: 58.17720031738281
2024-09-03 19:16:58,072 INFO =====> Grad: [ 1.2793477e-01  1.7778748e-01  3.3919598e-09 -4.0975794e-01
  1.3969839e-08]
2024-09-03 19:16:58,072 INFO =====> Num. aborted data so far: 1
2024-09-03 19:16:58,370 INFO ===> New TaichiEnv created.
2024-09-03 19:16:58,370 INFO ===> Specifications: horizon = 600, dt = 0.01, n_substeps = 20, dt_sub = 0.0005
2024-09-03 19:17:56,721 INFO =====> Epoch: 131
2024-09-03 19:17:56,721 INFO =====> Loss: 58.11548614501953
2024-09-03 19:17:56,722 INFO =====> Grad: [ 1.3715847e-01  1.4629328e-01  1.6436053e-10 -3.7162343e-01
  0.0000000e+00]
2024-09-03 19:17:56,722 INFO =====> Num. aborted data so far: 1
2024-09-03 19:17:57,018 INFO ===> New TaichiEnv created.
2024-09-03 19:17:57,018 INFO ===> Specifications: horizon = 600, dt = 0.01, n_substeps = 20, dt_sub = 0.0005
2024-09-03 19:18:58,529 INFO =====> Epoch: 132
2024-09-03 19:18:58,529 INFO =====> Loss: 58.08349609375
2024-09-03 19:18:58,529 INFO =====> Grad: [-6.563383e+03 -8.134899e+03  4.743570e-04 -6.622790e+04  2.746582e-04]
2024-09-03 19:18:58,529 INFO =====> Num. aborted data so far: 1
2024-09-03 19:18:58,826 INFO ===> New TaichiEnv created.
2024-09-03 19:18:58,826 INFO ===> Specifications: horizon = 600, dt = 0.01, n_substeps = 20, dt_sub = 0.0005
2024-09-03 19:19:57,286 INFO =====> Epoch: 133
2024-09-03 19:19:57,286 INFO =====> Loss: 58.10940170288086
2024-09-03 19:19:57,286 INFO =====> Grad: [ 3.0682410e+04  9.3453086e+03 -2.5480866e-04  8.1889281e+04
  7.5683594e-03]
2024-09-03 19:19:57,286 INFO =====> Num. aborted data so far: 1
2024-09-03 19:19:57,582 INFO ===> New TaichiEnv created.
2024-09-03 19:19:57,582 INFO ===> Specifications: horizon = 600, dt = 0.01, n_substeps = 20, dt_sub = 0.0005
2024-09-03 19:20:58,500 INFO =====> Epoch: 134
2024-09-03 19:20:58,500 INFO =====> Loss: 58.10700607299805
2024-09-03 19:20:58,500 INFO =====> Grad: [-2.4461403e+00 -3.5249683e-01 -7.1881470e-09 -3.7162342e+00
 -7.4505806e-08]
2024-09-03 19:20:58,500 INFO =====> Num. aborted data so far: 1
2024-09-03 19:20:58,800 INFO ===> New TaichiEnv created.
2024-09-03 19:20:58,800 INFO ===> Specifications: horizon = 600, dt = 0.01, n_substeps = 20, dt_sub = 0.0005
2024-09-03 19:21:57,374 INFO =====> Epoch: 135
2024-09-03 19:21:57,374 INFO =====> Loss: 58.113182067871094
2024-09-03 19:21:57,374 INFO =====> Grad: [ 1.07500195e+05  2.89738945e+04  3.81207326e-04  2.80981250e+05
 -2.63671875e-02]
2024-09-03 19:21:57,374 INFO =====> Num. aborted data so far: 1
2024-09-03 19:21:57,670 INFO ===> New TaichiEnv created.
2024-09-03 19:21:57,670 INFO ===> Specifications: horizon = 600, dt = 0.01, n_substeps = 20, dt_sub = 0.0005
2024-09-03 19:22:58,741 INFO =====> Epoch: 136
2024-09-03 19:22:58,741 INFO =====> Loss: 58.12678146362305
2024-09-03 19:22:58,741 INFO =====> Grad: [ 1.45435035e-01  1.20605774e-01 -2.48952370e-09 -3.71623367e-01
 -1.39698386e-09]
2024-09-03 19:22:58,741 INFO =====> Num. aborted data so far: 1
2024-09-03 19:22:59,040 INFO ===> New TaichiEnv created.
2024-09-03 19:22:59,040 INFO ===> Specifications: horizon = 600, dt = 0.01, n_substeps = 20, dt_sub = 0.0005
2024-09-03 19:24:03,512 INFO =====> Epoch: 137
2024-09-03 19:24:03,512 INFO =====> Loss: 58.11896896362305
2024-09-03 19:24:03,513 INFO =====> Grad: [ 1.5301785e-01  9.9370293e-02 -8.7556917e-10 -3.4557515e-01
  9.3132257e-09]
2024-09-03 19:24:03,513 INFO =====> Num. aborted data so far: 1
2024-09-03 19:24:03,811 INFO ===> New TaichiEnv created.
2024-09-03 19:24:03,811 INFO ===> Specifications: horizon = 600, dt = 0.01, n_substeps = 20, dt_sub = 0.0005
2024-09-03 19:25:11,135 INFO =====> Epoch: 138
2024-09-03 19:25:11,135 INFO =====> Loss: 58.118186950683594
2024-09-03 19:25:11,135 INFO =====> Grad: [-2.2596080e+00 -4.3785110e-01  2.7351478e-08 -3.7322116e+00
 -1.5646219e-07]
2024-09-03 19:25:11,135 INFO =====> Num. aborted data so far: 1
2024-09-03 19:25:11,433 INFO ===> New TaichiEnv created.
2024-09-03 19:25:11,433 INFO ===> Specifications: horizon = 600, dt = 0.01, n_substeps = 20, dt_sub = 0.0005
2024-09-03 19:26:15,971 INFO =====> Epoch: 139
2024-09-03 19:26:15,971 INFO =====> Loss: 58.112693786621094
2024-09-03 19:26:15,971 INFO =====> Grad: [ 1.5301785e-01  1.0448367e-01  6.4989891e-10 -3.5185835e-01
  3.7252903e-09]
2024-09-03 19:26:15,971 INFO =====> Num. aborted data so far: 1
2024-09-03 19:26:16,270 INFO ===> New TaichiEnv created.
2024-09-03 19:26:16,270 INFO ===> Specifications: horizon = 600, dt = 0.01, n_substeps = 20, dt_sub = 0.0005
2024-09-03 19:27:23,709 INFO =====> Epoch: 140
2024-09-03 19:27:23,709 INFO =====> Loss: 58.12006759643555
2024-09-03 19:27:23,709 INFO =====> Grad: [ 1.6007799e-01  8.7034121e-02 -3.5070435e-09 -3.5185832e-01
  1.0244548e-08]
2024-09-03 19:27:23,709 INFO =====> Num. aborted data so far: 1
2024-09-03 19:27:24,009 INFO ===> New TaichiEnv created.
2024-09-03 19:27:24,009 INFO ===> Specifications: horizon = 600, dt = 0.01, n_substeps = 20, dt_sub = 0.0005
2024-09-03 19:28:33,634 INFO =====> Epoch: 141
2024-09-03 19:28:33,634 INFO =====> Loss: 58.10629653930664
2024-09-03 19:28:33,634 INFO =====> Grad: [-2.1670542e+00 -4.3822965e-01 -3.7533070e-09 -3.8013265e+00
 -5.9604645e-08]
2024-09-03 19:28:33,634 INFO =====> Num. aborted data so far: 1
2024-09-03 19:28:33,934 INFO ===> New TaichiEnv created.
2024-09-03 19:28:33,934 INFO ===> Specifications: horizon = 600, dt = 0.01, n_substeps = 20, dt_sub = 0.0005
2024-09-03 19:29:41,517 INFO =====> Epoch: 142
2024-09-03 19:29:41,517 INFO =====> Loss: 58.11903381347656
2024-09-03 19:29:41,518 INFO =====> Grad: [ 1.6007799e-01  8.1650019e-02  3.4358358e-10 -3.5814151e-01
  3.7252903e-09]
2024-09-03 19:29:41,518 INFO =====> Num. aborted data so far: 1
2024-09-03 19:29:41,812 INFO ===> New TaichiEnv created.
2024-09-03 19:29:41,812 INFO ===> Specifications: horizon = 600, dt = 0.01, n_substeps = 20, dt_sub = 0.0005
2024-09-03 19:30:51,100 INFO =====> Epoch: 143
2024-09-03 19:30:51,101 INFO =====> Loss: 58.01161575317383
2024-09-03 19:30:51,101 INFO =====> Grad: [-2.1670542e+00 -4.7200271e-01 -1.1177059e-08 -3.8704414e+00
  3.2037497e-07]
2024-09-03 19:30:51,101 INFO =====> Num. aborted data so far: 1
2024-09-03 19:30:51,397 INFO ===> New TaichiEnv created.
2024-09-03 19:30:51,397 INFO ===> Specifications: horizon = 600, dt = 0.01, n_substeps = 20, dt_sub = 0.0005
2024-09-03 19:31:58,470 INFO =====> Epoch: 144
2024-09-03 19:31:58,470 INFO =====> Loss: 58.11299133300781
2024-09-03 19:31:58,471 INFO =====> Grad: [-2.2596080e+00 -4.3785110e-01  2.5841999e-08 -3.7322114e+00
  7.4505806e-08]
2024-09-03 19:31:58,471 INFO =====> Num. aborted data so far: 1
2024-09-03 19:31:58,770 INFO ===> New TaichiEnv created.
2024-09-03 19:31:58,770 INFO ===> Specifications: horizon = 600, dt = 0.01, n_substeps = 20, dt_sub = 0.0005
2024-09-03 19:33:02,504 INFO =====> Epoch: 145
2024-09-03 19:33:02,504 INFO =====> Loss: 58.11859893798828
2024-09-03 19:33:02,504 INFO =====> Grad: [ 1.5301785e-01  9.9370293e-02 -5.4810367e-10 -3.2044244e-01
 -5.5879354e-09]
2024-09-03 19:33:02,504 INFO =====> Num. aborted data so far: 1
2024-09-03 19:33:02,804 INFO ===> New TaichiEnv created.
2024-09-03 19:33:02,804 INFO ===> Specifications: horizon = 600, dt = 0.01, n_substeps = 20, dt_sub = 0.0005
2024-09-03 19:34:09,814 INFO =====> Epoch: 146
2024-09-03 19:34:09,814 INFO =====> Loss: 58.117332458496094
2024-09-03 19:34:09,821 INFO =====> Grad: [-2.2596080e+00 -4.3785110e-01 -2.5496410e-08 -3.5939815e+00
 -2.9802322e-08]
2024-09-03 19:34:09,821 INFO =====> Num. aborted data so far: 1
2024-09-03 19:34:10,121 INFO ===> New TaichiEnv created.
2024-09-03 19:34:10,121 INFO ===> Specifications: horizon = 600, dt = 0.01, n_substeps = 20, dt_sub = 0.0005
2024-09-03 19:35:14,346 INFO =====> Epoch: 147
2024-09-03 19:35:14,346 INFO =====> Loss: 58.117069244384766
2024-09-03 19:35:14,346 INFO =====> Grad: [-2.3525257e+00 -3.9816234e-01 -4.3805919e-08 -3.7322114e+00
  5.9604645e-08]
2024-09-03 19:35:14,346 INFO =====> Num. aborted data so far: 1
2024-09-03 19:35:14,643 INFO ===> New TaichiEnv created.
2024-09-03 19:35:14,643 INFO ===> Specifications: horizon = 600, dt = 0.01, n_substeps = 20, dt_sub = 0.0005
2024-09-03 19:36:16,064 INFO =====> Epoch: 148
2024-09-03 19:36:16,065 INFO =====> Loss: 58.09955978393555
2024-09-03 19:36:16,065 INFO =====> Grad: [ 1.4543504e-01  1.1175341e-01 -1.4133784e-09 -3.2672560e-01
 -5.5879354e-09]
2024-09-03 19:36:16,065 INFO =====> Num. aborted data so far: 1
2024-09-03 19:36:16,362 INFO ===> New TaichiEnv created.
2024-09-03 19:36:16,362 INFO ===> Specifications: horizon = 600, dt = 0.01, n_substeps = 20, dt_sub = 0.0005
2024-09-03 19:37:20,473 INFO =====> Epoch: 149
2024-09-03 19:37:20,473 INFO =====> Loss: 58.11853790283203
2024-09-03 19:37:20,473 INFO =====> Grad: [-2.3525257e+00 -4.9457321e-01 -2.2727544e-09 -3.6630964e+00
  6.7055225e-08]
2024-09-03 19:37:20,473 INFO =====> Num. aborted data so far: 1
2024-09-03 19:37:20,475 INFO ====> Finished training.
