2024-12-11 04:38:08,902 DEBUG loaded <trimesh.Trimesh(vertices.shape=(916, 3), faces.shape=(856, 3))> using `load_obj` in 0.0028s
2024-12-11 04:38:09,050 DEBUG loaded <trimesh.Trimesh(vertices.shape=(48, 3), faces.shape=(28, 3))> using `load_obj` in 0.0007s
2024-12-11 04:38:29,611 INFO =====> Skill params: [-0.47677574 -0.4030177   0.62845147 -0.8161681   0.20020105]
2024-12-11 04:38:29,612 INFO =====> Grad: [ 2.7478892e+03 -1.4041664e+03 -1.1326834e-05 -6.7960736e+02
 -1.1192396e-06]
2024-12-11 04:38:29,612 INFO =====> Num. aborted data so far: 0
2024-12-11 04:38:29,612 INFO ===========> Epoch: 0 optimisation losses
2024-12-11 04:38:29,612 INFO =====> EMD Loss: 19.220007
2024-12-11 04:38:29,612 INFO =====> Height map loss: 7.906966
2024-12-11 04:38:30,020 DEBUG loaded <trimesh.Trimesh(vertices.shape=(916, 3), faces.shape=(856, 3))> using `load_obj` in 0.0030s
2024-12-11 04:38:30,171 DEBUG loaded <trimesh.Trimesh(vertices.shape=(48, 3), faces.shape=(28, 3))> using `load_obj` in 0.0007s
2024-12-11 04:38:38,044 INFO ==> EMD Loss: 19.185354
2024-12-11 04:38:38,044 INFO ==> Height map loss:  7.916397
2024-12-11 04:38:38,441 DEBUG loaded <trimesh.Trimesh(vertices.shape=(916, 3), faces.shape=(856, 3))> using `load_obj` in 0.0030s
2024-12-11 04:38:38,592 DEBUG loaded <trimesh.Trimesh(vertices.shape=(48, 3), faces.shape=(28, 3))> using `load_obj` in 0.0007s
2024-12-11 04:38:46,658 INFO ==> EMD Loss: 19.161852
2024-12-11 04:38:46,658 INFO ==> Height map loss:  7.929855
2024-12-11 04:38:47,038 DEBUG loaded <trimesh.Trimesh(vertices.shape=(916, 3), faces.shape=(856, 3))> using `load_obj` in 0.0029s
2024-12-11 04:38:47,190 DEBUG loaded <trimesh.Trimesh(vertices.shape=(48, 3), faces.shape=(28, 3))> using `load_obj` in 0.0007s
2024-12-11 04:38:54,876 INFO ==> EMD Loss: 19.412342
2024-12-11 04:38:54,876 INFO ==> Height map loss:  8.014030
2024-12-11 04:38:55,255 DEBUG loaded <trimesh.Trimesh(vertices.shape=(916, 3), faces.shape=(856, 3))> using `load_obj` in 0.0030s
2024-12-11 04:38:55,407 DEBUG loaded <trimesh.Trimesh(vertices.shape=(48, 3), faces.shape=(28, 3))> using `load_obj` in 0.0007s
2024-12-11 04:39:03,001 INFO ==> EMD Loss: 19.295872
2024-12-11 04:39:03,001 INFO ==> Height map loss:  8.011478
2024-12-11 04:39:03,385 DEBUG loaded <trimesh.Trimesh(vertices.shape=(916, 3), faces.shape=(856, 3))> using `load_obj` in 0.0029s
2024-12-11 04:39:03,538 DEBUG loaded <trimesh.Trimesh(vertices.shape=(48, 3), faces.shape=(28, 3))> using `load_obj` in 0.0008s
2024-12-11 04:39:11,150 INFO ==> EMD Loss: 19.440935
2024-12-11 04:39:11,150 INFO ==> Height map loss:  8.486588
2024-12-11 04:39:11,549 DEBUG loaded <trimesh.Trimesh(vertices.shape=(916, 3), faces.shape=(856, 3))> using `load_obj` in 0.0029s
2024-12-11 04:39:11,755 DEBUG loaded <trimesh.Trimesh(vertices.shape=(48, 3), faces.shape=(28, 3))> using `load_obj` in 0.0008s
2024-12-11 04:39:32,464 INFO =====> Skill params: [-0.48626256 -0.39353088  0.62880933 -0.8066813   0.20023644]
2024-12-11 04:39:32,464 INFO =====> Grad: [-6.88545898e+02 -1.02223083e+03 -2.68263302e-05  8.73286819e+01
  1.29849277e-05]
2024-12-11 04:39:32,464 INFO =====> Num. aborted data so far: 0
2024-12-11 04:39:32,465 INFO ===========> Epoch: 1 optimisation losses
2024-12-11 04:39:32,465 INFO =====> EMD Loss: 19.185310
2024-12-11 04:39:32,465 INFO =====> Height map loss: 7.916335
2024-12-11 04:39:32,909 DEBUG loaded <trimesh.Trimesh(vertices.shape=(916, 3), faces.shape=(856, 3))> using `load_obj` in 0.0029s
2024-12-11 04:39:33,057 DEBUG loaded <trimesh.Trimesh(vertices.shape=(48, 3), faces.shape=(28, 3))> using `load_obj` in 0.0007s
2024-12-11 04:39:41,001 INFO ==> EMD Loss: 19.219906
2024-12-11 04:39:41,001 INFO ==> Height map loss:  7.919171
2024-12-11 04:39:41,374 DEBUG loaded <trimesh.Trimesh(vertices.shape=(916, 3), faces.shape=(856, 3))> using `load_obj` in 0.0030s
2024-12-11 04:39:41,520 DEBUG loaded <trimesh.Trimesh(vertices.shape=(48, 3), faces.shape=(28, 3))> using `load_obj` in 0.0007s
2024-12-11 04:39:49,075 INFO ==> EMD Loss: 19.609816
2024-12-11 04:39:49,075 INFO ==> Height map loss:  7.974953
2024-12-11 04:39:49,443 DEBUG loaded <trimesh.Trimesh(vertices.shape=(916, 3), faces.shape=(856, 3))> using `load_obj` in 0.0028s
2024-12-11 04:39:49,588 DEBUG loaded <trimesh.Trimesh(vertices.shape=(48, 3), faces.shape=(28, 3))> using `load_obj` in 0.0007s
2024-12-11 04:39:57,148 INFO ==> EMD Loss: 19.126478
2024-12-11 04:39:57,148 INFO ==> Height map loss:  7.912300
2024-12-11 04:39:57,521 DEBUG loaded <trimesh.Trimesh(vertices.shape=(916, 3), faces.shape=(856, 3))> using `load_obj` in 0.0028s
2024-12-11 04:39:57,667 DEBUG loaded <trimesh.Trimesh(vertices.shape=(48, 3), faces.shape=(28, 3))> using `load_obj` in 0.0007s
2024-12-11 04:40:05,497 INFO ==> EMD Loss: 19.155197
2024-12-11 04:40:05,497 INFO ==> Height map loss:  7.910795
2024-12-11 04:40:05,893 DEBUG loaded <trimesh.Trimesh(vertices.shape=(916, 3), faces.shape=(856, 3))> using `load_obj` in 0.0030s
2024-12-11 04:40:06,041 DEBUG loaded <trimesh.Trimesh(vertices.shape=(48, 3), faces.shape=(28, 3))> using `load_obj` in 0.0007s
2024-12-11 04:40:13,978 INFO ==> EMD Loss: 19.170895
2024-12-11 04:40:13,978 INFO ==> Height map loss:  7.957681
2024-12-11 04:40:14,622 DEBUG loaded <trimesh.Trimesh(vertices.shape=(916, 3), faces.shape=(856, 3))> using `load_obj` in 0.0048s
2024-12-11 04:40:14,806 DEBUG loaded <trimesh.Trimesh(vertices.shape=(48, 3), faces.shape=(28, 3))> using `load_obj` in 0.0007s
2024-12-11 04:40:35,604 INFO =====> Skill params: [-0.44992286 -0.306899    0.6421524  -0.82578164  0.19375148]
2024-12-11 04:40:35,604 INFO =====> Grad: [-1.1463712e+03 -1.2342068e+03 -8.5488864e-07  5.4854828e+02
 -2.5588586e-06]
2024-12-11 04:40:35,604 INFO =====> Num. aborted data so far: 0
2024-12-11 04:40:35,604 INFO ===========> Epoch: 2 optimisation losses
2024-12-11 04:40:35,604 INFO =====> EMD Loss: 19.155130
2024-12-11 04:40:35,604 INFO =====> Height map loss: 7.910726
2024-12-11 04:40:36,056 DEBUG loaded <trimesh.Trimesh(vertices.shape=(916, 3), faces.shape=(856, 3))> using `load_obj` in 0.0030s
2024-12-11 04:40:36,211 DEBUG loaded <trimesh.Trimesh(vertices.shape=(48, 3), faces.shape=(28, 3))> using `load_obj` in 0.0007s
2024-12-11 04:40:44,077 INFO ==> EMD Loss: 19.184095
2024-12-11 04:40:44,077 INFO ==> Height map loss:  7.916935
2024-12-11 04:40:44,540 DEBUG loaded <trimesh.Trimesh(vertices.shape=(916, 3), faces.shape=(856, 3))> using `load_obj` in 0.0039s
2024-12-11 04:40:44,726 DEBUG loaded <trimesh.Trimesh(vertices.shape=(48, 3), faces.shape=(28, 3))> using `load_obj` in 0.0007s
2024-12-11 04:40:52,284 INFO ==> EMD Loss: 19.158525
2024-12-11 04:40:52,284 INFO ==> Height map loss:  7.952652
2024-12-11 04:40:52,657 DEBUG loaded <trimesh.Trimesh(vertices.shape=(916, 3), faces.shape=(856, 3))> using `load_obj` in 0.0029s
2024-12-11 04:40:52,816 DEBUG loaded <trimesh.Trimesh(vertices.shape=(48, 3), faces.shape=(28, 3))> using `load_obj` in 0.0007s
2024-12-11 04:41:00,367 INFO ==> EMD Loss: 19.120926
2024-12-11 04:41:00,367 INFO ==> Height map loss:  7.923135
2024-12-11 04:41:00,738 DEBUG loaded <trimesh.Trimesh(vertices.shape=(916, 3), faces.shape=(856, 3))> using `load_obj` in 0.0028s
2024-12-11 04:41:00,890 DEBUG loaded <trimesh.Trimesh(vertices.shape=(48, 3), faces.shape=(28, 3))> using `load_obj` in 0.0007s
2024-12-11 04:41:08,256 INFO ==> EMD Loss: 19.258804
2024-12-11 04:41:08,256 INFO ==> Height map loss:  7.937101
2024-12-11 04:41:08,698 DEBUG loaded <trimesh.Trimesh(vertices.shape=(916, 3), faces.shape=(856, 3))> using `load_obj` in 0.0028s
2024-12-11 04:41:08,854 DEBUG loaded <trimesh.Trimesh(vertices.shape=(48, 3), faces.shape=(28, 3))> using `load_obj` in 0.0007s
2024-12-11 04:41:15,995 INFO ==> EMD Loss: 19.178270
2024-12-11 04:41:15,995 INFO ==> Height map loss:  7.890416
2024-12-11 04:41:16,443 DEBUG loaded <trimesh.Trimesh(vertices.shape=(916, 3), faces.shape=(856, 3))> using `load_obj` in 0.0028s
2024-12-11 04:41:16,593 DEBUG loaded <trimesh.Trimesh(vertices.shape=(48, 3), faces.shape=(28, 3))> using `load_obj` in 0.0007s
2024-12-11 04:41:35,698 INFO =====> Skill params: [-0.37232566 -0.19069158  0.64275    -0.9518227   0.19554749]
2024-12-11 04:41:35,699 INFO =====> Grad: [ 2.6749685e+03 -1.8824983e+03 -1.2615519e-05 -1.7922447e+02
  1.8303948e-06]
2024-12-11 04:41:35,699 INFO =====> Num. aborted data so far: 0
2024-12-11 04:41:35,699 INFO ===========> Epoch: 3 optimisation losses
2024-12-11 04:41:35,699 INFO =====> EMD Loss: 19.187937
2024-12-11 04:41:35,699 INFO =====> Height map loss: 7.893806
2024-12-11 04:41:36,108 DEBUG loaded <trimesh.Trimesh(vertices.shape=(916, 3), faces.shape=(856, 3))> using `load_obj` in 0.0030s
2024-12-11 04:41:36,266 DEBUG loaded <trimesh.Trimesh(vertices.shape=(48, 3), faces.shape=(28, 3))> using `load_obj` in 0.0007s
2024-12-11 04:41:43,774 INFO ==> EMD Loss: 19.424376
2024-12-11 04:41:43,774 INFO ==> Height map loss:  7.938553
2024-12-11 04:41:44,160 DEBUG loaded <trimesh.Trimesh(vertices.shape=(916, 3), faces.shape=(856, 3))> using `load_obj` in 0.0029s
2024-12-11 04:41:44,318 DEBUG loaded <trimesh.Trimesh(vertices.shape=(48, 3), faces.shape=(28, 3))> using `load_obj` in 0.0007s
2024-12-11 04:41:51,635 INFO ==> EMD Loss: 19.198435
2024-12-11 04:41:51,635 INFO ==> Height map loss:  7.899112
2024-12-11 04:41:52,018 DEBUG loaded <trimesh.Trimesh(vertices.shape=(916, 3), faces.shape=(856, 3))> using `load_obj` in 0.0030s
2024-12-11 04:41:52,180 DEBUG loaded <trimesh.Trimesh(vertices.shape=(48, 3), faces.shape=(28, 3))> using `load_obj` in 0.0007s
2024-12-11 04:41:59,560 INFO ==> EMD Loss: 19.301842
2024-12-11 04:41:59,560 INFO ==> Height map loss:  7.936226
2024-12-11 04:41:59,944 DEBUG loaded <trimesh.Trimesh(vertices.shape=(916, 3), faces.shape=(856, 3))> using `load_obj` in 0.0030s
2024-12-11 04:42:00,100 DEBUG loaded <trimesh.Trimesh(vertices.shape=(48, 3), faces.shape=(28, 3))> using `load_obj` in 0.0007s
2024-12-11 04:42:07,498 INFO ==> EMD Loss: 19.411037
2024-12-11 04:42:07,498 INFO ==> Height map loss:  8.021073
2024-12-11 04:42:07,879 DEBUG loaded <trimesh.Trimesh(vertices.shape=(916, 3), faces.shape=(856, 3))> using `load_obj` in 0.0028s
2024-12-11 04:42:08,027 DEBUG loaded <trimesh.Trimesh(vertices.shape=(48, 3), faces.shape=(28, 3))> using `load_obj` in 0.0007s
2024-12-11 04:42:15,845 INFO ==> EMD Loss: 19.394958
2024-12-11 04:42:15,845 INFO ==> Height map loss:  8.176101
2024-12-11 04:42:16,230 DEBUG loaded <trimesh.Trimesh(vertices.shape=(916, 3), faces.shape=(856, 3))> using `load_obj` in 0.0029s
2024-12-11 04:42:16,382 DEBUG loaded <trimesh.Trimesh(vertices.shape=(48, 3), faces.shape=(28, 3))> using `load_obj` in 0.0007s
2024-12-11 04:42:35,326 INFO =====> Skill params: [-0.40596566 -0.15740995  0.6450712  -0.94124395  0.19520895]
2024-12-11 04:42:35,326 INFO =====> Grad: [ 9.4639294e+02 -1.4263550e+03 -7.9902902e-06  2.0990497e+02
 -2.6264757e-05]
2024-12-11 04:42:35,326 INFO =====> Num. aborted data so far: 0
2024-12-11 04:42:35,326 INFO ===========> Epoch: 4 optimisation losses
2024-12-11 04:42:35,327 INFO =====> EMD Loss: 19.198576
2024-12-11 04:42:35,327 INFO =====> Height map loss: 7.899215
2024-12-11 04:42:35,732 DEBUG loaded <trimesh.Trimesh(vertices.shape=(916, 3), faces.shape=(856, 3))> using `load_obj` in 0.0030s
2024-12-11 04:42:35,883 DEBUG loaded <trimesh.Trimesh(vertices.shape=(48, 3), faces.shape=(28, 3))> using `load_obj` in 0.0007s
2024-12-11 04:42:43,022 INFO ==> EMD Loss: 19.215115
2024-12-11 04:42:43,022 INFO ==> Height map loss:  7.915144
2024-12-11 04:42:43,396 DEBUG loaded <trimesh.Trimesh(vertices.shape=(916, 3), faces.shape=(856, 3))> using `load_obj` in 0.0029s
2024-12-11 04:42:43,546 DEBUG loaded <trimesh.Trimesh(vertices.shape=(48, 3), faces.shape=(28, 3))> using `load_obj` in 0.0007s
2024-12-11 04:42:50,746 INFO ==> EMD Loss: 19.289186
2024-12-11 04:42:50,746 INFO ==> Height map loss:  7.943916
2024-12-11 04:42:51,127 DEBUG loaded <trimesh.Trimesh(vertices.shape=(916, 3), faces.shape=(856, 3))> using `load_obj` in 0.0030s
2024-12-11 04:42:51,283 DEBUG loaded <trimesh.Trimesh(vertices.shape=(48, 3), faces.shape=(28, 3))> using `load_obj` in 0.0007s
2024-12-11 04:42:58,672 INFO ==> EMD Loss: 19.305685
2024-12-11 04:42:58,672 INFO ==> Height map loss:  7.916042
2024-12-11 04:42:59,084 DEBUG loaded <trimesh.Trimesh(vertices.shape=(916, 3), faces.shape=(856, 3))> using `load_obj` in 0.0029s
2024-12-11 04:42:59,234 DEBUG loaded <trimesh.Trimesh(vertices.shape=(48, 3), faces.shape=(28, 3))> using `load_obj` in 0.0007s
2024-12-11 04:43:06,657 INFO ==> EMD Loss: 19.324808
2024-12-11 04:43:06,657 INFO ==> Height map loss:  7.918849
2024-12-11 04:43:07,173 DEBUG loaded <trimesh.Trimesh(vertices.shape=(916, 3), faces.shape=(856, 3))> using `load_obj` in 0.0040s
2024-12-11 04:43:07,370 DEBUG loaded <trimesh.Trimesh(vertices.shape=(48, 3), faces.shape=(28, 3))> using `load_obj` in 0.0008s
2024-12-11 04:43:14,942 INFO ==> EMD Loss: 19.371870
2024-12-11 04:43:14,942 INFO ==> Height map loss:  7.959330
2024-12-11 04:43:15,326 DEBUG loaded <trimesh.Trimesh(vertices.shape=(916, 3), faces.shape=(856, 3))> using `load_obj` in 0.0030s
2024-12-11 04:43:15,481 DEBUG loaded <trimesh.Trimesh(vertices.shape=(48, 3), faces.shape=(28, 3))> using `load_obj` in 0.0007s
2024-12-11 04:43:35,131 INFO =====> Skill params: [-0.40839136 -0.15277223  0.645381   -0.94376224  0.19622715]
2024-12-11 04:43:35,131 INFO =====> Grad: [ 2.0783186e+03 -2.9283584e+03 -1.3448602e-05 -7.2528949e+02
  2.6667840e-05]
2024-12-11 04:43:35,131 INFO =====> Num. aborted data so far: 0
2024-12-11 04:43:35,132 INFO ===========> Epoch: 5 optimisation losses
2024-12-11 04:43:35,132 INFO =====> EMD Loss: 19.215061
2024-12-11 04:43:35,132 INFO =====> Height map loss: 7.915123
2024-12-11 04:43:35,622 DEBUG loaded <trimesh.Trimesh(vertices.shape=(916, 3), faces.shape=(856, 3))> using `load_obj` in 0.0040s
2024-12-11 04:43:35,822 DEBUG loaded <trimesh.Trimesh(vertices.shape=(48, 3), faces.shape=(28, 3))> using `load_obj` in 0.0008s
2024-12-11 04:43:44,204 INFO ==> EMD Loss: 19.227718
2024-12-11 04:43:44,204 INFO ==> Height map loss:  7.922270
2024-12-11 04:43:44,595 DEBUG loaded <trimesh.Trimesh(vertices.shape=(916, 3), faces.shape=(856, 3))> using `load_obj` in 0.0029s
2024-12-11 04:43:44,751 DEBUG loaded <trimesh.Trimesh(vertices.shape=(48, 3), faces.shape=(28, 3))> using `load_obj` in 0.0007s
2024-12-11 04:43:52,794 INFO ==> EMD Loss: 19.431303
2024-12-11 04:43:52,794 INFO ==> Height map loss:  7.979730
2024-12-11 04:43:53,210 DEBUG loaded <trimesh.Trimesh(vertices.shape=(916, 3), faces.shape=(856, 3))> using `load_obj` in 0.0029s
2024-12-11 04:43:53,363 DEBUG loaded <trimesh.Trimesh(vertices.shape=(48, 3), faces.shape=(28, 3))> using `load_obj` in 0.0007s
2024-12-11 04:44:00,641 INFO ==> EMD Loss: 19.332857
2024-12-11 04:44:00,641 INFO ==> Height map loss:  8.119668
2024-12-11 04:44:01,009 DEBUG loaded <trimesh.Trimesh(vertices.shape=(916, 3), faces.shape=(856, 3))> using `load_obj` in 0.0029s
2024-12-11 04:44:01,155 DEBUG loaded <trimesh.Trimesh(vertices.shape=(48, 3), faces.shape=(28, 3))> using `load_obj` in 0.0007s
2024-12-11 04:44:08,345 INFO ==> EMD Loss: 19.398712
2024-12-11 04:44:08,345 INFO ==> Height map loss:  8.325493
2024-12-11 04:44:08,713 DEBUG loaded <trimesh.Trimesh(vertices.shape=(916, 3), faces.shape=(856, 3))> using `load_obj` in 0.0030s
2024-12-11 04:44:08,864 DEBUG loaded <trimesh.Trimesh(vertices.shape=(48, 3), faces.shape=(28, 3))> using `load_obj` in 0.0007s
2024-12-11 04:44:16,162 INFO ==> EMD Loss: 19.625345
2024-12-11 04:44:16,162 INFO ==> Height map loss:  8.685304
2024-12-11 04:44:16,600 DEBUG loaded <trimesh.Trimesh(vertices.shape=(916, 3), faces.shape=(856, 3))> using `load_obj` in 0.0030s
2024-12-11 04:44:16,752 DEBUG loaded <trimesh.Trimesh(vertices.shape=(48, 3), faces.shape=(28, 3))> using `load_obj` in 0.0007s
2024-12-11 04:44:36,177 INFO =====> Skill params: [-0.41322348 -0.14587791  0.64592963 -0.9371681   0.19514453]
2024-12-11 04:44:36,177 INFO =====> Grad: [-1.9383861e+03  3.0018105e+03  5.5561504e-06 -2.9817343e+02
  4.5466354e-06]
2024-12-11 04:44:36,177 INFO =====> Num. aborted data so far: 0
2024-12-11 04:44:36,178 INFO ===========> Epoch: 6 optimisation losses
2024-12-11 04:44:36,178 INFO =====> EMD Loss: 19.227890
2024-12-11 04:44:36,178 INFO =====> Height map loss: 7.922529
2024-12-11 04:44:36,589 DEBUG loaded <trimesh.Trimesh(vertices.shape=(916, 3), faces.shape=(856, 3))> using `load_obj` in 0.0029s
2024-12-11 04:44:36,744 DEBUG loaded <trimesh.Trimesh(vertices.shape=(48, 3), faces.shape=(28, 3))> using `load_obj` in 0.0007s
2024-12-11 04:44:44,827 INFO ==> EMD Loss: 19.236650
2024-12-11 04:44:44,827 INFO ==> Height map loss:  7.928265
2024-12-11 04:44:45,237 DEBUG loaded <trimesh.Trimesh(vertices.shape=(916, 3), faces.shape=(856, 3))> using `load_obj` in 0.0030s
2024-12-11 04:44:45,398 DEBUG loaded <trimesh.Trimesh(vertices.shape=(48, 3), faces.shape=(28, 3))> using `load_obj` in 0.0007s
2024-12-11 04:44:52,672 INFO ==> EMD Loss: 19.461956
2024-12-11 04:44:52,672 INFO ==> Height map loss:  7.973823
2024-12-11 04:44:53,209 DEBUG loaded <trimesh.Trimesh(vertices.shape=(916, 3), faces.shape=(856, 3))> using `load_obj` in 0.0049s
2024-12-11 04:44:53,457 DEBUG loaded <trimesh.Trimesh(vertices.shape=(48, 3), faces.shape=(28, 3))> using `load_obj` in 0.0010s
2024-12-11 04:45:01,315 INFO ==> EMD Loss: 19.161419
2024-12-11 04:45:01,315 INFO ==> Height map loss:  7.926990
2024-12-11 04:45:01,747 DEBUG loaded <trimesh.Trimesh(vertices.shape=(916, 3), faces.shape=(856, 3))> using `load_obj` in 0.0030s
2024-12-11 04:45:01,903 DEBUG loaded <trimesh.Trimesh(vertices.shape=(48, 3), faces.shape=(28, 3))> using `load_obj` in 0.0007s
2024-12-11 04:45:09,378 INFO ==> EMD Loss: 19.129395
2024-12-11 04:45:09,378 INFO ==> Height map loss:  7.883863
2024-12-11 04:45:09,831 DEBUG loaded <trimesh.Trimesh(vertices.shape=(916, 3), faces.shape=(856, 3))> using `load_obj` in 0.0030s
2024-12-11 04:45:09,979 DEBUG loaded <trimesh.Trimesh(vertices.shape=(48, 3), faces.shape=(28, 3))> using `load_obj` in 0.0007s
2024-12-11 04:45:17,566 INFO ==> EMD Loss: 19.174212
2024-12-11 04:45:17,566 INFO ==> Height map loss:  7.943892
2024-12-11 04:45:17,952 DEBUG loaded <trimesh.Trimesh(vertices.shape=(916, 3), faces.shape=(856, 3))> using `load_obj` in 0.0030s
2024-12-11 04:45:18,112 DEBUG loaded <trimesh.Trimesh(vertices.shape=(48, 3), faces.shape=(28, 3))> using `load_obj` in 0.0007s
2024-12-11 04:45:37,174 INFO =====> Skill params: [-0.34950742 -0.23376328  0.6423468  -0.89612633  0.19222675]
2024-12-11 04:45:37,174 INFO =====> Grad: [-2.7843965e+03  1.4034194e+03  4.3188948e-06 -3.4142709e+02
  2.4990519e-05]
2024-12-11 04:45:37,174 INFO =====> Num. aborted data so far: 0
2024-12-11 04:45:37,175 INFO ===========> Epoch: 7 optimisation losses
2024-12-11 04:45:37,175 INFO =====> EMD Loss: 19.129694
2024-12-11 04:45:37,175 INFO =====> Height map loss: 7.883839
2024-12-11 04:45:37,589 DEBUG loaded <trimesh.Trimesh(vertices.shape=(916, 3), faces.shape=(856, 3))> using `load_obj` in 0.0030s
2024-12-11 04:45:37,752 DEBUG loaded <trimesh.Trimesh(vertices.shape=(48, 3), faces.shape=(28, 3))> using `load_obj` in 0.0009s
2024-12-11 04:45:45,440 INFO ==> EMD Loss: 19.531439
2024-12-11 04:45:45,440 INFO ==> Height map loss:  7.948480
2024-12-11 04:45:45,905 DEBUG loaded <trimesh.Trimesh(vertices.shape=(916, 3), faces.shape=(856, 3))> using `load_obj` in 0.0039s
2024-12-11 04:45:46,106 DEBUG loaded <trimesh.Trimesh(vertices.shape=(48, 3), faces.shape=(28, 3))> using `load_obj` in 0.0008s
2024-12-11 04:45:53,802 INFO ==> EMD Loss: 19.337954
2024-12-11 04:45:53,802 INFO ==> Height map loss:  7.927921
2024-12-11 04:45:54,257 DEBUG loaded <trimesh.Trimesh(vertices.shape=(916, 3), faces.shape=(856, 3))> using `load_obj` in 0.0029s
2024-12-11 04:45:54,414 DEBUG loaded <trimesh.Trimesh(vertices.shape=(48, 3), faces.shape=(28, 3))> using `load_obj` in 0.0007s
2024-12-11 04:46:02,735 INFO ==> EMD Loss: 19.150986
2024-12-11 04:46:02,735 INFO ==> Height map loss:  7.906216
2024-12-11 04:46:03,112 DEBUG loaded <trimesh.Trimesh(vertices.shape=(916, 3), faces.shape=(856, 3))> using `load_obj` in 0.0028s
2024-12-11 04:46:03,261 DEBUG loaded <trimesh.Trimesh(vertices.shape=(48, 3), faces.shape=(28, 3))> using `load_obj` in 0.0007s
2024-12-11 04:46:10,877 INFO ==> EMD Loss: 19.477659
2024-12-11 04:46:10,877 INFO ==> Height map loss:  7.938657
2024-12-11 04:46:11,265 DEBUG loaded <trimesh.Trimesh(vertices.shape=(916, 3), faces.shape=(856, 3))> using `load_obj` in 0.0028s
2024-12-11 04:46:11,684 DEBUG loaded <trimesh.Trimesh(vertices.shape=(48, 3), faces.shape=(28, 3))> using `load_obj` in 0.0007s
2024-12-11 04:46:19,222 INFO ==> EMD Loss: 19.519011
2024-12-11 04:46:19,222 INFO ==> Height map loss:  7.916869
2024-12-11 04:46:19,676 DEBUG loaded <trimesh.Trimesh(vertices.shape=(916, 3), faces.shape=(856, 3))> using `load_obj` in 0.0039s
2024-12-11 04:46:19,876 DEBUG loaded <trimesh.Trimesh(vertices.shape=(48, 3), faces.shape=(28, 3))> using `load_obj` in 0.0008s
2024-12-11 04:46:39,578 INFO =====> Skill params: [-0.29627144 -0.26138628  0.6403901  -0.8649371   0.18103553]
2024-12-11 04:46:39,578 INFO =====> Grad: [-2.7374932e+03  1.0519937e+03  1.7316957e-05 -9.7660149e+01
 -1.6328650e-07]
2024-12-11 04:46:39,578 INFO =====> Num. aborted data so far: 0
2024-12-11 04:46:39,579 INFO ===========> Epoch: 8 optimisation losses
2024-12-11 04:46:39,579 INFO =====> EMD Loss: 19.151028
2024-12-11 04:46:39,579 INFO =====> Height map loss: 7.906247
2024-12-11 04:46:40,050 DEBUG loaded <trimesh.Trimesh(vertices.shape=(916, 3), faces.shape=(856, 3))> using `load_obj` in 0.0039s
2024-12-11 04:46:40,252 DEBUG loaded <trimesh.Trimesh(vertices.shape=(48, 3), faces.shape=(28, 3))> using `load_obj` in 0.0009s
2024-12-11 04:46:48,073 INFO ==> EMD Loss: 19.169168
2024-12-11 04:46:48,073 INFO ==> Height map loss:  7.905744
2024-12-11 04:46:48,443 DEBUG loaded <trimesh.Trimesh(vertices.shape=(916, 3), faces.shape=(856, 3))> using `load_obj` in 0.0029s
2024-12-11 04:46:48,595 DEBUG loaded <trimesh.Trimesh(vertices.shape=(48, 3), faces.shape=(28, 3))> using `load_obj` in 0.0007s
2024-12-11 04:46:56,075 INFO ==> EMD Loss: 19.138340
2024-12-11 04:46:56,075 INFO ==> Height map loss:  7.926264
2024-12-11 04:46:56,446 DEBUG loaded <trimesh.Trimesh(vertices.shape=(916, 3), faces.shape=(856, 3))> using `load_obj` in 0.0029s
2024-12-11 04:46:56,593 DEBUG loaded <trimesh.Trimesh(vertices.shape=(48, 3), faces.shape=(28, 3))> using `load_obj` in 0.0007s
2024-12-11 04:47:04,088 INFO ==> EMD Loss: 19.140455
2024-12-11 04:47:04,088 INFO ==> Height map loss:  7.873219
2024-12-11 04:47:04,474 DEBUG loaded <trimesh.Trimesh(vertices.shape=(916, 3), faces.shape=(856, 3))> using `load_obj` in 0.0030s
2024-12-11 04:47:04,624 DEBUG loaded <trimesh.Trimesh(vertices.shape=(48, 3), faces.shape=(28, 3))> using `load_obj` in 0.0007s
2024-12-11 04:47:12,704 INFO ==> EMD Loss: 19.239393
2024-12-11 04:47:12,704 INFO ==> Height map loss:  7.865342
2024-12-11 04:47:13,110 DEBUG loaded <trimesh.Trimesh(vertices.shape=(916, 3), faces.shape=(856, 3))> using `load_obj` in 0.0030s
2024-12-11 04:47:13,264 DEBUG loaded <trimesh.Trimesh(vertices.shape=(48, 3), faces.shape=(28, 3))> using `load_obj` in 0.0007s
2024-12-11 04:47:20,938 INFO ==> EMD Loss: 19.234287
2024-12-11 04:47:20,938 INFO ==> Height map loss:  7.873951
2024-12-11 04:47:21,317 DEBUG loaded <trimesh.Trimesh(vertices.shape=(916, 3), faces.shape=(856, 3))> using `load_obj` in 0.0030s
2024-12-11 04:47:21,469 DEBUG loaded <trimesh.Trimesh(vertices.shape=(48, 3), faces.shape=(28, 3))> using `load_obj` in 0.0007s
2024-12-11 04:47:41,781 INFO =====> Skill params: [-0.22473337 -0.29329184  0.6280323  -0.85090023  0.18115115]
2024-12-11 04:47:41,782 INFO =====> Grad: [-1.6344070e+03  8.2094122e+02 -1.9720344e-05 -2.9870175e+02
 -8.1105190e-07]
2024-12-11 04:47:41,782 INFO =====> Num. aborted data so far: 0
2024-12-11 04:47:41,782 INFO ===========> Epoch: 9 optimisation losses
2024-12-11 04:47:41,782 INFO =====> EMD Loss: 19.239391
2024-12-11 04:47:41,782 INFO =====> Height map loss: 7.865393
2024-12-11 04:47:42,274 DEBUG loaded <trimesh.Trimesh(vertices.shape=(916, 3), faces.shape=(856, 3))> using `load_obj` in 0.0041s
2024-12-11 04:47:42,473 DEBUG loaded <trimesh.Trimesh(vertices.shape=(48, 3), faces.shape=(28, 3))> using `load_obj` in 0.0008s
2024-12-11 04:47:50,872 INFO ==> EMD Loss: 19.237268
2024-12-11 04:47:50,872 INFO ==> Height map loss:  7.880108
2024-12-11 04:47:51,336 DEBUG loaded <trimesh.Trimesh(vertices.shape=(916, 3), faces.shape=(856, 3))> using `load_obj` in 0.0040s
2024-12-11 04:47:51,532 DEBUG loaded <trimesh.Trimesh(vertices.shape=(48, 3), faces.shape=(28, 3))> using `load_obj` in 0.0008s
2024-12-11 04:47:59,853 INFO ==> EMD Loss: 19.264135
2024-12-11 04:47:59,853 INFO ==> Height map loss:  7.895467
2024-12-11 04:48:00,234 DEBUG loaded <trimesh.Trimesh(vertices.shape=(916, 3), faces.shape=(856, 3))> using `load_obj` in 0.0029s
2024-12-11 04:48:00,387 DEBUG loaded <trimesh.Trimesh(vertices.shape=(48, 3), faces.shape=(28, 3))> using `load_obj` in 0.0007s
2024-12-11 04:48:08,052 INFO ==> EMD Loss: 19.171423
2024-12-11 04:48:08,052 INFO ==> Height map loss:  7.850127
2024-12-11 04:48:08,448 DEBUG loaded <trimesh.Trimesh(vertices.shape=(916, 3), faces.shape=(856, 3))> using `load_obj` in 0.0029s
2024-12-11 04:48:08,595 DEBUG loaded <trimesh.Trimesh(vertices.shape=(48, 3), faces.shape=(28, 3))> using `load_obj` in 0.0007s
2024-12-11 04:48:16,163 INFO ==> EMD Loss: 19.491123
2024-12-11 04:48:16,163 INFO ==> Height map loss:  7.869184
2024-12-11 04:48:16,575 DEBUG loaded <trimesh.Trimesh(vertices.shape=(916, 3), faces.shape=(856, 3))> using `load_obj` in 0.0030s
2024-12-11 04:48:16,725 DEBUG loaded <trimesh.Trimesh(vertices.shape=(48, 3), faces.shape=(28, 3))> using `load_obj` in 0.0007s
2024-12-11 04:48:24,314 INFO ==> EMD Loss: 19.432102
2024-12-11 04:48:24,314 INFO ==> Height map loss:  7.821012
2024-12-11 04:48:24,684 DEBUG loaded <trimesh.Trimesh(vertices.shape=(916, 3), faces.shape=(856, 3))> using `load_obj` in 0.0029s
2024-12-11 04:48:24,835 DEBUG loaded <trimesh.Trimesh(vertices.shape=(48, 3), faces.shape=(28, 3))> using `load_obj` in 0.0007s
2024-12-11 04:48:44,869 INFO =====> Skill params: [-0.16750038 -0.3277046   0.64770436 -0.7933976   0.18195826]
2024-12-11 04:48:44,869 INFO =====> Grad: [-2.4068599e+03  1.1428892e+02  1.9317615e-05  2.0980267e+02
  4.1102157e-06]
2024-12-11 04:48:44,870 INFO =====> Num. aborted data so far: 0
2024-12-11 04:48:44,871 INFO ===========> Epoch: 10 optimisation losses
2024-12-11 04:48:44,871 INFO =====> EMD Loss: 19.432158
2024-12-11 04:48:44,871 INFO =====> Height map loss: 7.821032
2024-12-11 04:48:45,346 DEBUG loaded <trimesh.Trimesh(vertices.shape=(916, 3), faces.shape=(856, 3))> using `load_obj` in 0.0039s
2024-12-11 04:48:45,543 DEBUG loaded <trimesh.Trimesh(vertices.shape=(48, 3), faces.shape=(28, 3))> using `load_obj` in 0.0009s
2024-12-11 04:48:53,465 INFO ==> EMD Loss: 19.477312
2024-12-11 04:48:53,465 INFO ==> Height map loss:  7.822594
2024-12-11 04:48:53,839 DEBUG loaded <trimesh.Trimesh(vertices.shape=(916, 3), faces.shape=(856, 3))> using `load_obj` in 0.0028s
2024-12-11 04:48:53,987 DEBUG loaded <trimesh.Trimesh(vertices.shape=(48, 3), faces.shape=(28, 3))> using `load_obj` in 0.0007s
2024-12-11 04:49:02,639 INFO ==> EMD Loss: 19.458117
2024-12-11 04:49:02,639 INFO ==> Height map loss:  7.834401
2024-12-11 04:49:03,017 DEBUG loaded <trimesh.Trimesh(vertices.shape=(916, 3), faces.shape=(856, 3))> using `load_obj` in 0.0029s
2024-12-11 04:49:03,169 DEBUG loaded <trimesh.Trimesh(vertices.shape=(48, 3), faces.shape=(28, 3))> using `load_obj` in 0.0007s
2024-12-11 04:49:10,920 INFO ==> EMD Loss: 19.311274
2024-12-11 04:49:10,920 INFO ==> Height map loss:  7.815022
2024-12-11 04:49:11,302 DEBUG loaded <trimesh.Trimesh(vertices.shape=(916, 3), faces.shape=(856, 3))> using `load_obj` in 0.0030s
2024-12-11 04:49:11,455 DEBUG loaded <trimesh.Trimesh(vertices.shape=(48, 3), faces.shape=(28, 3))> using `load_obj` in 0.0007s
2024-12-11 04:49:19,320 INFO ==> EMD Loss: 19.280773
2024-12-11 04:49:19,320 INFO ==> Height map loss:  7.818582
2024-12-11 04:49:19,777 DEBUG loaded <trimesh.Trimesh(vertices.shape=(916, 3), faces.shape=(856, 3))> using `load_obj` in 0.0030s
2024-12-11 04:49:19,930 DEBUG loaded <trimesh.Trimesh(vertices.shape=(48, 3), faces.shape=(28, 3))> using `load_obj` in 0.0007s
2024-12-11 04:49:27,686 INFO ==> EMD Loss: 19.452780
2024-12-11 04:49:27,686 INFO ==> Height map loss:  7.829923
2024-12-11 04:49:28,086 DEBUG loaded <trimesh.Trimesh(vertices.shape=(916, 3), faces.shape=(856, 3))> using `load_obj` in 0.0030s
2024-12-11 04:49:28,242 DEBUG loaded <trimesh.Trimesh(vertices.shape=(48, 3), faces.shape=(28, 3))> using `load_obj` in 0.0007s
2024-12-11 04:49:48,769 INFO =====> Skill params: [-0.12727128 -0.33022872  0.63760585 -0.8141679   0.17980312]
2024-12-11 04:49:48,769 INFO =====> Grad: [-2.9797129e+03  5.4410138e+02  2.1927364e-05 -1.0996265e+02
 -3.9603447e-06]
2024-12-11 04:49:48,769 INFO =====> Num. aborted data so far: 0
2024-12-11 04:49:48,770 INFO ===========> Epoch: 11 optimisation losses
2024-12-11 04:49:48,770 INFO =====> EMD Loss: 19.306139
2024-12-11 04:49:48,770 INFO =====> Height map loss: 7.815073
2024-12-11 04:49:49,262 DEBUG loaded <trimesh.Trimesh(vertices.shape=(916, 3), faces.shape=(856, 3))> using `load_obj` in 0.0041s
2024-12-11 04:49:49,445 DEBUG loaded <trimesh.Trimesh(vertices.shape=(48, 3), faces.shape=(28, 3))> using `load_obj` in 0.0007s
2024-12-11 04:49:57,189 INFO ==> EMD Loss: 19.213793
2024-12-11 04:49:57,189 INFO ==> Height map loss:  7.822246
2024-12-11 04:49:57,661 DEBUG loaded <trimesh.Trimesh(vertices.shape=(916, 3), faces.shape=(856, 3))> using `load_obj` in 0.0045s
2024-12-11 04:49:57,881 DEBUG loaded <trimesh.Trimesh(vertices.shape=(48, 3), faces.shape=(28, 3))> using `load_obj` in 0.0007s
2024-12-11 04:50:05,690 INFO ==> EMD Loss: 19.280172
2024-12-11 04:50:05,690 INFO ==> Height map loss:  7.805684
2024-12-11 04:50:06,071 DEBUG loaded <trimesh.Trimesh(vertices.shape=(916, 3), faces.shape=(856, 3))> using `load_obj` in 0.0030s
2024-12-11 04:50:06,228 DEBUG loaded <trimesh.Trimesh(vertices.shape=(48, 3), faces.shape=(28, 3))> using `load_obj` in 0.0007s
2024-12-11 04:50:14,239 INFO ==> EMD Loss: 19.327351
2024-12-11 04:50:14,239 INFO ==> Height map loss:  7.697727
2024-12-11 04:50:14,704 DEBUG loaded <trimesh.Trimesh(vertices.shape=(916, 3), faces.shape=(856, 3))> using `load_obj` in 0.0040s
2024-12-11 04:50:14,906 DEBUG loaded <trimesh.Trimesh(vertices.shape=(48, 3), faces.shape=(28, 3))> using `load_obj` in 0.0009s
2024-12-11 04:50:23,343 INFO ==> EMD Loss: 19.487770
2024-12-11 04:50:23,344 INFO ==> Height map loss:  7.836314
2024-12-11 04:50:23,738 DEBUG loaded <trimesh.Trimesh(vertices.shape=(916, 3), faces.shape=(856, 3))> using `load_obj` in 0.0030s
2024-12-11 04:50:23,892 DEBUG loaded <trimesh.Trimesh(vertices.shape=(48, 3), faces.shape=(28, 3))> using `load_obj` in 0.0008s
2024-12-11 04:50:31,626 INFO ==> EMD Loss: 19.342390
2024-12-11 04:50:31,626 INFO ==> Height map loss:  7.834785
2024-12-11 04:50:32,012 DEBUG loaded <trimesh.Trimesh(vertices.shape=(916, 3), faces.shape=(856, 3))> using `load_obj` in 0.0029s
2024-12-11 04:50:32,168 DEBUG loaded <trimesh.Trimesh(vertices.shape=(48, 3), faces.shape=(28, 3))> using `load_obj` in 0.0007s
2024-12-11 04:50:52,243 INFO =====> Skill params: [-0.08133738 -0.34278393  0.62561995 -0.80277586  0.1819914 ]
2024-12-11 04:50:52,243 INFO =====> Grad: [ 3.0373826e+03 -7.9672229e+02  9.0457952e-06  3.6346198e+02
 -7.9457814e-06]
2024-12-11 04:50:52,243 INFO =====> Num. aborted data so far: 0
2024-12-11 04:50:52,243 INFO ===========> Epoch: 12 optimisation losses
2024-12-11 04:50:52,244 INFO =====> EMD Loss: 19.327353
2024-12-11 04:50:52,244 INFO =====> Height map loss: 7.697713
2024-12-11 04:50:52,682 DEBUG loaded <trimesh.Trimesh(vertices.shape=(916, 3), faces.shape=(856, 3))> using `load_obj` in 0.0030s
2024-12-11 04:50:52,841 DEBUG loaded <trimesh.Trimesh(vertices.shape=(48, 3), faces.shape=(28, 3))> using `load_obj` in 0.0007s
2024-12-11 04:51:00,612 INFO ==> EMD Loss: 19.411734
2024-12-11 04:51:00,612 INFO ==> Height map loss:  7.764633
2024-12-11 04:51:00,997 DEBUG loaded <trimesh.Trimesh(vertices.shape=(916, 3), faces.shape=(856, 3))> using `load_obj` in 0.0032s
2024-12-11 04:51:01,149 DEBUG loaded <trimesh.Trimesh(vertices.shape=(48, 3), faces.shape=(28, 3))> using `load_obj` in 0.0007s
2024-12-11 04:51:08,925 INFO ==> EMD Loss: 19.278872
2024-12-11 04:51:08,926 INFO ==> Height map loss:  7.809294
2024-12-11 04:51:09,307 DEBUG loaded <trimesh.Trimesh(vertices.shape=(916, 3), faces.shape=(856, 3))> using `load_obj` in 0.0029s
2024-12-11 04:51:09,461 DEBUG loaded <trimesh.Trimesh(vertices.shape=(48, 3), faces.shape=(28, 3))> using `load_obj` in 0.0007s
2024-12-11 04:51:17,171 INFO ==> EMD Loss: 19.328762
2024-12-11 04:51:17,171 INFO ==> Height map loss:  7.838577
2024-12-11 04:51:17,559 DEBUG loaded <trimesh.Trimesh(vertices.shape=(916, 3), faces.shape=(856, 3))> using `load_obj` in 0.0031s
2024-12-11 04:51:17,722 DEBUG loaded <trimesh.Trimesh(vertices.shape=(48, 3), faces.shape=(28, 3))> using `load_obj` in 0.0007s
2024-12-11 04:51:25,344 INFO ==> EMD Loss: 19.458357
2024-12-11 04:51:25,344 INFO ==> Height map loss:  7.845098
2024-12-11 04:51:25,723 DEBUG loaded <trimesh.Trimesh(vertices.shape=(916, 3), faces.shape=(856, 3))> using `load_obj` in 0.0029s
2024-12-11 04:51:25,873 DEBUG loaded <trimesh.Trimesh(vertices.shape=(48, 3), faces.shape=(28, 3))> using `load_obj` in 0.0007s
2024-12-11 04:51:33,375 INFO ==> EMD Loss: 19.538513
2024-12-11 04:51:33,375 INFO ==> Height map loss:  7.933106
2024-12-11 04:51:33,760 DEBUG loaded <trimesh.Trimesh(vertices.shape=(916, 3), faces.shape=(856, 3))> using `load_obj` in 0.0029s
2024-12-11 04:51:33,912 DEBUG loaded <trimesh.Trimesh(vertices.shape=(48, 3), faces.shape=(28, 3))> using `load_obj` in 0.0007s
2024-12-11 04:51:54,432 INFO =====> Skill params: [-0.08571584 -0.34088525  0.62509954 -0.80643743  0.18245363]
2024-12-11 04:51:54,433 INFO =====> Grad: [ 3.0502610e+03 -5.1319812e+02 -2.9391567e-05  4.7476508e+02
  3.1240677e-06]
2024-12-11 04:51:54,433 INFO =====> Num. aborted data so far: 0
2024-12-11 04:51:54,433 INFO ===========> Epoch: 13 optimisation losses
2024-12-11 04:51:54,433 INFO =====> EMD Loss: 19.411713
2024-12-11 04:51:54,433 INFO =====> Height map loss: 7.764579
2024-12-11 04:51:54,847 DEBUG loaded <trimesh.Trimesh(vertices.shape=(916, 3), faces.shape=(856, 3))> using `load_obj` in 0.0029s
2024-12-11 04:51:54,997 DEBUG loaded <trimesh.Trimesh(vertices.shape=(48, 3), faces.shape=(28, 3))> using `load_obj` in 0.0007s
2024-12-11 04:52:03,320 INFO ==> EMD Loss: 19.438272
2024-12-11 04:52:03,320 INFO ==> Height map loss:  7.804625
2024-12-11 04:52:03,703 DEBUG loaded <trimesh.Trimesh(vertices.shape=(916, 3), faces.shape=(856, 3))> using `load_obj` in 0.0030s
2024-12-11 04:52:03,854 DEBUG loaded <trimesh.Trimesh(vertices.shape=(48, 3), faces.shape=(28, 3))> using `load_obj` in 0.0007s
2024-12-11 04:52:11,640 INFO ==> EMD Loss: 19.292950
2024-12-11 04:52:11,640 INFO ==> Height map loss:  7.846371
2024-12-11 04:52:12,029 DEBUG loaded <trimesh.Trimesh(vertices.shape=(916, 3), faces.shape=(856, 3))> using `load_obj` in 0.0029s
2024-12-11 04:52:12,183 DEBUG loaded <trimesh.Trimesh(vertices.shape=(48, 3), faces.shape=(28, 3))> using `load_obj` in 0.0007s
2024-12-11 04:52:19,895 INFO ==> EMD Loss: 19.320423
2024-12-11 04:52:19,895 INFO ==> Height map loss:  7.849178
2024-12-11 04:52:20,276 DEBUG loaded <trimesh.Trimesh(vertices.shape=(916, 3), faces.shape=(856, 3))> using `load_obj` in 0.0030s
2024-12-11 04:52:20,430 DEBUG loaded <trimesh.Trimesh(vertices.shape=(48, 3), faces.shape=(28, 3))> using `load_obj` in 0.0007s
2024-12-11 04:52:28,184 INFO ==> EMD Loss: 19.481932
2024-12-11 04:52:28,184 INFO ==> Height map loss:  7.924061
2024-12-11 04:52:28,566 DEBUG loaded <trimesh.Trimesh(vertices.shape=(916, 3), faces.shape=(856, 3))> using `load_obj` in 0.0030s
2024-12-11 04:52:28,725 DEBUG loaded <trimesh.Trimesh(vertices.shape=(48, 3), faces.shape=(28, 3))> using `load_obj` in 0.0007s
2024-12-11 04:52:36,504 INFO ==> EMD Loss: 19.215813
2024-12-11 04:52:36,504 INFO ==> Height map loss:  7.852955
2024-12-11 04:52:36,882 DEBUG loaded <trimesh.Trimesh(vertices.shape=(916, 3), faces.shape=(856, 3))> using `load_obj` in 0.0029s
2024-12-11 04:52:37,029 DEBUG loaded <trimesh.Trimesh(vertices.shape=(48, 3), faces.shape=(28, 3))> using `load_obj` in 0.0007s
2024-12-11 04:52:57,313 INFO =====> Skill params: [-0.08988028 -0.33960783  0.62685126 -0.8108894   0.18226211]
2024-12-11 04:52:57,313 INFO =====> Grad: [ 3.7804135e+02 -3.2718842e+02  2.9492405e-05  4.7514542e+02
  6.7698386e-07]
2024-12-11 04:52:57,313 INFO =====> Num. aborted data so far: 0
2024-12-11 04:52:57,314 INFO ===========> Epoch: 14 optimisation losses
2024-12-11 04:52:57,314 INFO =====> EMD Loss: 19.438110
2024-12-11 04:52:57,314 INFO =====> Height map loss: 7.804397
2024-12-11 04:52:57,792 DEBUG loaded <trimesh.Trimesh(vertices.shape=(916, 3), faces.shape=(856, 3))> using `load_obj` in 0.0041s
2024-12-11 04:52:57,970 DEBUG loaded <trimesh.Trimesh(vertices.shape=(48, 3), faces.shape=(28, 3))> using `load_obj` in 0.0008s
2024-12-11 04:53:05,682 INFO ==> EMD Loss: 19.450485
2024-12-11 04:53:05,682 INFO ==> Height map loss:  7.821965
2024-12-11 04:53:06,081 DEBUG loaded <trimesh.Trimesh(vertices.shape=(916, 3), faces.shape=(856, 3))> using `load_obj` in 0.0030s
2024-12-11 04:53:06,236 DEBUG loaded <trimesh.Trimesh(vertices.shape=(48, 3), faces.shape=(28, 3))> using `load_obj` in 0.0007s
2024-12-11 04:53:13,778 INFO ==> EMD Loss: 19.435329
2024-12-11 04:53:13,778 INFO ==> Height map loss:  7.820042
2024-12-11 04:53:14,161 DEBUG loaded <trimesh.Trimesh(vertices.shape=(916, 3), faces.shape=(856, 3))> using `load_obj` in 0.0029s
2024-12-11 04:53:14,318 DEBUG loaded <trimesh.Trimesh(vertices.shape=(48, 3), faces.shape=(28, 3))> using `load_obj` in 0.0007s
2024-12-11 04:53:22,098 INFO ==> EMD Loss: 19.446913
2024-12-11 04:53:22,098 INFO ==> Height map loss:  7.836765
2024-12-11 04:53:22,520 DEBUG loaded <trimesh.Trimesh(vertices.shape=(916, 3), faces.shape=(856, 3))> using `load_obj` in 0.0030s
2024-12-11 04:53:22,676 DEBUG loaded <trimesh.Trimesh(vertices.shape=(48, 3), faces.shape=(28, 3))> using `load_obj` in 0.0007s
2024-12-11 04:53:30,399 INFO ==> EMD Loss: 19.317274
2024-12-11 04:53:30,399 INFO ==> Height map loss:  7.871844
2024-12-11 04:53:30,797 DEBUG loaded <trimesh.Trimesh(vertices.shape=(916, 3), faces.shape=(856, 3))> using `load_obj` in 0.0039s
2024-12-11 04:53:30,960 DEBUG loaded <trimesh.Trimesh(vertices.shape=(48, 3), faces.shape=(28, 3))> using `load_obj` in 0.0007s
2024-12-11 04:53:38,665 INFO ==> EMD Loss: 19.350698
2024-12-11 04:53:38,665 INFO ==> Height map loss:  7.889381
2024-12-11 04:53:39,051 DEBUG loaded <trimesh.Trimesh(vertices.shape=(916, 3), faces.shape=(856, 3))> using `load_obj` in 0.0030s
2024-12-11 04:53:39,200 DEBUG loaded <trimesh.Trimesh(vertices.shape=(48, 3), faces.shape=(28, 3))> using `load_obj` in 0.0007s
2024-12-11 04:53:59,471 INFO =====> Skill params: [-0.09259606 -0.33533293  0.61775905 -0.8319344   0.18204336]
2024-12-11 04:53:59,471 INFO =====> Grad: [-2.9647119e+03  8.1534155e+02  3.7926784e-05  6.0354675e+02
  1.1878305e-06]
2024-12-11 04:53:59,471 INFO =====> Num. aborted data so far: 0
2024-12-11 04:53:59,472 INFO ===========> Epoch: 15 optimisation losses
2024-12-11 04:53:59,472 INFO =====> EMD Loss: 19.435192
2024-12-11 04:53:59,472 INFO =====> Height map loss: 7.819906
2024-12-11 04:53:59,883 DEBUG loaded <trimesh.Trimesh(vertices.shape=(916, 3), faces.shape=(856, 3))> using `load_obj` in 0.0031s
2024-12-11 04:54:00,030 DEBUG loaded <trimesh.Trimesh(vertices.shape=(48, 3), faces.shape=(28, 3))> using `load_obj` in 0.0007s
2024-12-11 04:54:07,747 INFO ==> EMD Loss: 19.460545
2024-12-11 04:54:07,747 INFO ==> Height map loss:  7.832018
2024-12-11 04:54:08,131 DEBUG loaded <trimesh.Trimesh(vertices.shape=(916, 3), faces.shape=(856, 3))> using `load_obj` in 0.0030s
2024-12-11 04:54:08,283 DEBUG loaded <trimesh.Trimesh(vertices.shape=(48, 3), faces.shape=(28, 3))> using `load_obj` in 0.0007s
2024-12-11 04:54:16,467 INFO ==> EMD Loss: 19.352032
2024-12-11 04:54:16,467 INFO ==> Height map loss:  7.842935
2024-12-11 04:54:16,861 DEBUG loaded <trimesh.Trimesh(vertices.shape=(916, 3), faces.shape=(856, 3))> using `load_obj` in 0.0029s
2024-12-11 04:54:17,013 DEBUG loaded <trimesh.Trimesh(vertices.shape=(48, 3), faces.shape=(28, 3))> using `load_obj` in 0.0007s
2024-12-11 04:54:24,788 INFO ==> EMD Loss: 19.279625
2024-12-11 04:54:24,788 INFO ==> Height map loss:  7.875922
2024-12-11 04:54:25,263 DEBUG loaded <trimesh.Trimesh(vertices.shape=(916, 3), faces.shape=(856, 3))> using `load_obj` in 0.0039s
2024-12-11 04:54:25,457 DEBUG loaded <trimesh.Trimesh(vertices.shape=(48, 3), faces.shape=(28, 3))> using `load_obj` in 0.0008s
2024-12-11 04:54:33,359 INFO ==> EMD Loss: 19.283438
2024-12-11 04:54:33,359 INFO ==> Height map loss:  7.880326
2024-12-11 04:54:33,740 DEBUG loaded <trimesh.Trimesh(vertices.shape=(916, 3), faces.shape=(856, 3))> using `load_obj` in 0.0030s
2024-12-11 04:54:33,889 DEBUG loaded <trimesh.Trimesh(vertices.shape=(48, 3), faces.shape=(28, 3))> using `load_obj` in 0.0007s
2024-12-11 04:54:41,776 INFO ==> EMD Loss: 19.532345
2024-12-11 04:54:41,776 INFO ==> Height map loss:  7.859592
2024-12-11 04:54:42,167 DEBUG loaded <trimesh.Trimesh(vertices.shape=(916, 3), faces.shape=(856, 3))> using `load_obj` in 0.0029s
2024-12-11 04:54:42,320 DEBUG loaded <trimesh.Trimesh(vertices.shape=(48, 3), faces.shape=(28, 3))> using `load_obj` in 0.0007s
2024-12-11 04:55:03,363 INFO =====> Skill params: [-0.08853766 -0.33751836  0.6153733  -0.8367796   0.18196245]
2024-12-11 04:55:03,364 INFO =====> Grad: [ 1.8043278e+03  4.4067264e+02 -2.6056081e-05 -4.5680997e+02
 -1.6571088e-05]
2024-12-11 04:55:03,364 INFO =====> Num. aborted data so far: 0
2024-12-11 04:55:03,364 INFO ===========> Epoch: 16 optimisation losses
2024-12-11 04:55:03,364 INFO =====> EMD Loss: 19.460543
2024-12-11 04:55:03,364 INFO =====> Height map loss: 7.832007
2024-12-11 04:55:03,771 DEBUG loaded <trimesh.Trimesh(vertices.shape=(916, 3), faces.shape=(856, 3))> using `load_obj` in 0.0030s
2024-12-11 04:55:03,918 DEBUG loaded <trimesh.Trimesh(vertices.shape=(48, 3), faces.shape=(28, 3))> using `load_obj` in 0.0007s
2024-12-11 04:55:11,614 INFO ==> EMD Loss: 19.465860
2024-12-11 04:55:11,614 INFO ==> Height map loss:  7.835439
2024-12-11 04:55:11,995 DEBUG loaded <trimesh.Trimesh(vertices.shape=(916, 3), faces.shape=(856, 3))> using `load_obj` in 0.0030s
2024-12-11 04:55:12,142 DEBUG loaded <trimesh.Trimesh(vertices.shape=(48, 3), faces.shape=(28, 3))> using `load_obj` in 0.0007s
2024-12-11 04:55:19,836 INFO ==> EMD Loss: 19.421614
2024-12-11 04:55:19,836 INFO ==> Height map loss:  7.805903
2024-12-11 04:55:20,295 DEBUG loaded <trimesh.Trimesh(vertices.shape=(916, 3), faces.shape=(856, 3))> using `load_obj` in 0.0040s
2024-12-11 04:55:20,489 DEBUG loaded <trimesh.Trimesh(vertices.shape=(48, 3), faces.shape=(28, 3))> using `load_obj` in 0.0009s
2024-12-11 04:55:28,807 INFO ==> EMD Loss: 19.428457
2024-12-11 04:55:28,807 INFO ==> Height map loss:  7.812298
2024-12-11 04:55:29,195 DEBUG loaded <trimesh.Trimesh(vertices.shape=(916, 3), faces.shape=(856, 3))> using `load_obj` in 0.0030s
2024-12-11 04:55:29,350 DEBUG loaded <trimesh.Trimesh(vertices.shape=(48, 3), faces.shape=(28, 3))> using `load_obj` in 0.0008s
2024-12-11 04:55:37,472 INFO ==> EMD Loss: 19.444412
2024-12-11 04:55:37,472 INFO ==> Height map loss:  7.810239
2024-12-11 04:55:37,857 DEBUG loaded <trimesh.Trimesh(vertices.shape=(916, 3), faces.shape=(856, 3))> using `load_obj` in 0.0028s
2024-12-11 04:55:38,007 DEBUG loaded <trimesh.Trimesh(vertices.shape=(48, 3), faces.shape=(28, 3))> using `load_obj` in 0.0007s
2024-12-11 04:55:45,575 INFO ==> EMD Loss: 19.449745
2024-12-11 04:55:45,575 INFO ==> Height map loss:  7.824140
2024-12-11 04:55:45,975 DEBUG loaded <trimesh.Trimesh(vertices.shape=(916, 3), faces.shape=(856, 3))> using `load_obj` in 0.0029s
2024-12-11 04:55:46,134 DEBUG loaded <trimesh.Trimesh(vertices.shape=(48, 3), faces.shape=(28, 3))> using `load_obj` in 0.0007s
2024-12-11 04:56:06,936 INFO =====> Skill params: [-0.10109128 -0.34369075  0.62387174 -0.81888056  0.18786508]
2024-12-11 04:56:06,937 INFO =====> Grad: [-1.9227167e+03 -5.2695374e+02  1.4384739e-05 -2.0679680e+02
 -2.0000603e-05]
2024-12-11 04:56:06,937 INFO =====> Num. aborted data so far: 0
2024-12-11 04:56:06,937 INFO ===========> Epoch: 17 optimisation losses
2024-12-11 04:56:06,937 INFO =====> EMD Loss: 19.429745
2024-12-11 04:56:06,937 INFO =====> Height map loss: 7.804968
2024-12-11 04:56:07,349 DEBUG loaded <trimesh.Trimesh(vertices.shape=(916, 3), faces.shape=(856, 3))> using `load_obj` in 0.0029s
2024-12-11 04:56:07,497 DEBUG loaded <trimesh.Trimesh(vertices.shape=(48, 3), faces.shape=(28, 3))> using `load_obj` in 0.0007s
2024-12-11 04:56:15,281 INFO ==> EMD Loss: 19.449068
2024-12-11 04:56:15,281 INFO ==> Height map loss:  7.829458
2024-12-11 04:56:15,655 DEBUG loaded <trimesh.Trimesh(vertices.shape=(916, 3), faces.shape=(856, 3))> using `load_obj` in 0.0030s
2024-12-11 04:56:15,804 DEBUG loaded <trimesh.Trimesh(vertices.shape=(48, 3), faces.shape=(28, 3))> using `load_obj` in 0.0007s
2024-12-11 04:56:23,408 INFO ==> EMD Loss: 19.413607
2024-12-11 04:56:23,408 INFO ==> Height map loss:  7.804719
2024-12-11 04:56:23,792 DEBUG loaded <trimesh.Trimesh(vertices.shape=(916, 3), faces.shape=(856, 3))> using `load_obj` in 0.0030s
2024-12-11 04:56:23,943 DEBUG loaded <trimesh.Trimesh(vertices.shape=(48, 3), faces.shape=(28, 3))> using `load_obj` in 0.0007s
2024-12-11 04:56:31,601 INFO ==> EMD Loss: 19.453300
2024-12-11 04:56:31,601 INFO ==> Height map loss:  7.788990
2024-12-11 04:56:31,990 DEBUG loaded <trimesh.Trimesh(vertices.shape=(916, 3), faces.shape=(856, 3))> using `load_obj` in 0.0029s
2024-12-11 04:56:32,138 DEBUG loaded <trimesh.Trimesh(vertices.shape=(48, 3), faces.shape=(28, 3))> using `load_obj` in 0.0007s
2024-12-11 04:56:39,944 INFO ==> EMD Loss: 19.408216
2024-12-11 04:56:39,944 INFO ==> Height map loss:  7.748621
2024-12-11 04:56:40,341 DEBUG loaded <trimesh.Trimesh(vertices.shape=(916, 3), faces.shape=(856, 3))> using `load_obj` in 0.0030s
2024-12-11 04:56:40,494 DEBUG loaded <trimesh.Trimesh(vertices.shape=(48, 3), faces.shape=(28, 3))> using `load_obj` in 0.0007s
2024-12-11 04:56:48,390 INFO ==> EMD Loss: 19.401381
2024-12-11 04:56:48,390 INFO ==> Height map loss:  7.705013
2024-12-11 04:56:48,946 DEBUG loaded <trimesh.Trimesh(vertices.shape=(916, 3), faces.shape=(856, 3))> using `load_obj` in 0.0047s
2024-12-11 04:56:49,107 DEBUG loaded <trimesh.Trimesh(vertices.shape=(48, 3), faces.shape=(28, 3))> using `load_obj` in 0.0007s
2024-12-11 04:57:09,073 INFO =====> Skill params: [-0.04702591 -0.3129804   0.6041966  -0.78525674  0.21753353]
2024-12-11 04:57:09,073 INFO =====> Grad: [ 3.0741755e+03 -7.3276373e+02  3.0074731e-05 -4.6141226e+02
 -3.2174592e-06]
2024-12-11 04:57:09,073 INFO =====> Num. aborted data so far: 0
2024-12-11 04:57:09,074 INFO ===========> Epoch: 18 optimisation losses
2024-12-11 04:57:09,074 INFO =====> EMD Loss: 19.401381
2024-12-11 04:57:09,074 INFO =====> Height map loss: 7.705021
2024-12-11 04:57:09,492 DEBUG loaded <trimesh.Trimesh(vertices.shape=(916, 3), faces.shape=(856, 3))> using `load_obj` in 0.0031s
2024-12-11 04:57:09,639 DEBUG loaded <trimesh.Trimesh(vertices.shape=(48, 3), faces.shape=(28, 3))> using `load_obj` in 0.0007s
2024-12-11 04:57:17,352 INFO ==> EMD Loss: 19.365368
2024-12-11 04:57:17,352 INFO ==> Height map loss:  7.703176
2024-12-11 04:57:17,814 DEBUG loaded <trimesh.Trimesh(vertices.shape=(916, 3), faces.shape=(856, 3))> using `load_obj` in 0.0040s
2024-12-11 04:57:17,991 DEBUG loaded <trimesh.Trimesh(vertices.shape=(48, 3), faces.shape=(28, 3))> using `load_obj` in 0.0007s
2024-12-11 04:57:25,763 INFO ==> EMD Loss: 19.391186
2024-12-11 04:57:25,763 INFO ==> Height map loss:  7.733750
2024-12-11 04:57:26,196 DEBUG loaded <trimesh.Trimesh(vertices.shape=(916, 3), faces.shape=(856, 3))> using `load_obj` in 0.0029s
2024-12-11 04:57:26,345 DEBUG loaded <trimesh.Trimesh(vertices.shape=(48, 3), faces.shape=(28, 3))> using `load_obj` in 0.0007s
2024-12-11 04:57:33,947 INFO ==> EMD Loss: 19.410257
2024-12-11 04:57:33,947 INFO ==> Height map loss:  7.697911
2024-12-11 04:57:34,323 DEBUG loaded <trimesh.Trimesh(vertices.shape=(916, 3), faces.shape=(856, 3))> using `load_obj` in 0.0029s
2024-12-11 04:57:34,468 DEBUG loaded <trimesh.Trimesh(vertices.shape=(48, 3), faces.shape=(28, 3))> using `load_obj` in 0.0007s
2024-12-11 04:57:41,908 INFO ==> EMD Loss: 19.441971
2024-12-11 04:57:41,908 INFO ==> Height map loss:  7.695309
2024-12-11 04:57:42,287 DEBUG loaded <trimesh.Trimesh(vertices.shape=(916, 3), faces.shape=(856, 3))> using `load_obj` in 0.0029s
2024-12-11 04:57:42,433 DEBUG loaded <trimesh.Trimesh(vertices.shape=(48, 3), faces.shape=(28, 3))> using `load_obj` in 0.0007s
2024-12-11 04:57:50,010 INFO ==> EMD Loss: 19.493580
2024-12-11 04:57:50,011 INFO ==> Height map loss:  7.784204
2024-12-11 04:57:50,393 DEBUG loaded <trimesh.Trimesh(vertices.shape=(916, 3), faces.shape=(856, 3))> using `load_obj` in 0.0029s
2024-12-11 04:57:50,545 DEBUG loaded <trimesh.Trimesh(vertices.shape=(48, 3), faces.shape=(28, 3))> using `load_obj` in 0.0007s
2024-12-11 04:58:11,188 INFO =====> Skill params: [-0.10862985 -0.2801312   0.572494   -0.7305109   0.22130531]
2024-12-11 04:58:11,188 INFO =====> Grad: [-3.0537407e+03  8.4959747e+02  4.5804558e-05 -4.0626572e+02
 -6.3217935e-06]
2024-12-11 04:58:11,188 INFO =====> Num. aborted data so far: 0
2024-12-11 04:58:11,189 INFO ===========> Epoch: 19 optimisation losses
2024-12-11 04:58:11,189 INFO =====> EMD Loss: 19.441927
2024-12-11 04:58:11,189 INFO =====> Height map loss: 7.695273
2024-12-11 04:58:11,645 DEBUG loaded <trimesh.Trimesh(vertices.shape=(916, 3), faces.shape=(856, 3))> using `load_obj` in 0.0032s
2024-12-11 04:58:11,799 DEBUG loaded <trimesh.Trimesh(vertices.shape=(48, 3), faces.shape=(28, 3))> using `load_obj` in 0.0007s
2024-12-11 04:58:19,424 INFO ==> EMD Loss: 19.441755
2024-12-11 04:58:19,424 INFO ==> Height map loss:  7.731093
2024-12-11 04:58:19,811 DEBUG loaded <trimesh.Trimesh(vertices.shape=(916, 3), faces.shape=(856, 3))> using `load_obj` in 0.0030s
2024-12-11 04:58:19,964 DEBUG loaded <trimesh.Trimesh(vertices.shape=(48, 3), faces.shape=(28, 3))> using `load_obj` in 0.0007s
2024-12-11 04:58:27,684 INFO ==> EMD Loss: 19.380608
2024-12-11 04:58:27,684 INFO ==> Height map loss:  7.683468
2024-12-11 04:58:28,075 DEBUG loaded <trimesh.Trimesh(vertices.shape=(916, 3), faces.shape=(856, 3))> using `load_obj` in 0.0030s
2024-12-11 04:58:28,229 DEBUG loaded <trimesh.Trimesh(vertices.shape=(48, 3), faces.shape=(28, 3))> using `load_obj` in 0.0007s
2024-12-11 04:58:36,105 INFO ==> EMD Loss: 19.324203
2024-12-11 04:58:36,105 INFO ==> Height map loss:  7.626843
2024-12-11 04:58:36,651 DEBUG loaded <trimesh.Trimesh(vertices.shape=(916, 3), faces.shape=(856, 3))> using `load_obj` in 0.0044s
2024-12-11 04:58:36,894 DEBUG loaded <trimesh.Trimesh(vertices.shape=(48, 3), faces.shape=(28, 3))> using `load_obj` in 0.0010s
2024-12-11 04:58:44,829 INFO ==> EMD Loss: 19.301952
2024-12-11 04:58:44,829 INFO ==> Height map loss:  7.610270
2024-12-11 04:58:45,206 DEBUG loaded <trimesh.Trimesh(vertices.shape=(916, 3), faces.shape=(856, 3))> using `load_obj` in 0.0029s
2024-12-11 04:58:45,354 DEBUG loaded <trimesh.Trimesh(vertices.shape=(48, 3), faces.shape=(28, 3))> using `load_obj` in 0.0007s
2024-12-11 04:58:52,915 INFO ==> EMD Loss: 19.390148
2024-12-11 04:58:52,915 INFO ==> Height map loss:  7.680929
2024-12-11 04:58:53,297 DEBUG loaded <trimesh.Trimesh(vertices.shape=(916, 3), faces.shape=(856, 3))> using `load_obj` in 0.0028s
2024-12-11 04:58:53,445 DEBUG loaded <trimesh.Trimesh(vertices.shape=(48, 3), faces.shape=(28, 3))> using `load_obj` in 0.0007s
2024-12-11 04:59:00,899 INFO ===========> Finished training.
2024-12-11 04:59:00,899 INFO ====> Final EMD Loss: 19.301975
2024-12-11 04:59:00,899 INFO ====> Final Height map loss: 7.610285
2024-12-11 04:59:00,899 INFO ====> Final skill params: [-0.04987932 -0.31876993  0.5245724  -0.6826595   0.22910528]
