2025-05-28 04:58:22,083 INFO =====> Skill params: [-0.30213484  0.2         0.8         0.         -0.5       ]
2025-05-28 04:58:22,083 INFO =====> Grad: [-646.1539      8.954018  199.16133   659.2695    206.31364 ]
2025-05-28 04:58:22,083 INFO =====> Num. aborted data so far: 0
2025-05-28 04:58:22,084 INFO ===========> Epoch: 0 optimisation losses
2025-05-28 04:58:22,084 INFO =====> EMD Loss: 20.985826
2025-05-28 04:58:22,084 INFO =====> Height map loss: 5.906711
2025-05-28 04:58:31,055 INFO ==> EMD Loss: 20.985256
2025-05-28 04:58:31,055 INFO ==> Height map loss:  5.824605
2025-05-28 04:58:39,689 INFO ==> EMD Loss: 20.343872
2025-05-28 04:58:39,689 INFO ==> Height map loss:  5.593942
2025-05-28 04:58:48,295 INFO ==> EMD Loss: 20.154903
2025-05-28 04:58:48,295 INFO ==> Height map loss:  5.730075
2025-05-28 04:58:56,588 INFO ==> EMD Loss: 20.205256
2025-05-28 04:58:56,588 INFO ==> Height map loss:  6.950464
2025-05-28 04:59:05,119 INFO ==> EMD Loss: 20.641285
2025-05-28 04:59:05,119 INFO ==> Height map loss:  8.179173
2025-05-28 04:59:24,656 INFO =====> Skill params: [-0.25470066  0.15256584  0.75256586 -0.04743417 -0.54743415]
2025-05-28 04:59:24,657 INFO =====> Grad: [  660.      -6434.1523    154.98428  -476.8902   -783.9691 ]
2025-05-28 04:59:24,657 INFO =====> Num. aborted data so far: 0
2025-05-28 04:59:24,657 INFO ===========> Epoch: 1 optimisation losses
2025-05-28 04:59:24,657 INFO =====> EMD Loss: 20.395504
2025-05-28 04:59:24,657 INFO =====> Height map loss: 5.589817
2025-05-28 04:59:33,439 INFO ==> EMD Loss: 20.665478
2025-05-28 04:59:33,440 INFO ==> Height map loss:  5.602455
2025-05-28 04:59:42,481 INFO ==> EMD Loss: 20.773212
2025-05-28 04:59:42,481 INFO ==> Height map loss:  5.820395
2025-05-28 04:59:51,528 INFO ==> EMD Loss: 21.071886
2025-05-28 04:59:51,528 INFO ==> Height map loss:  6.052194
2025-05-28 05:00:00,831 INFO ==> EMD Loss: 21.174992
2025-05-28 05:00:00,831 INFO ==> Height map loss:  6.581357
2025-05-28 05:00:10,340 INFO ==> EMD Loss: 21.020504
2025-05-28 05:00:10,340 INFO ==> Height map loss:  6.963557
2025-05-28 05:00:29,723 INFO =====> Skill params: [-0.2616518   0.16205266  0.74654925 -0.04168194 -0.5382298 ]
2025-05-28 05:00:29,724 INFO =====> Grad: [  685.7143  -5153.6016   -293.22406  -558.7608    771.93866]
2025-05-28 05:00:29,724 INFO =====> Num. aborted data so far: 0
2025-05-28 05:00:29,724 INFO ===========> Epoch: 2 optimisation losses
2025-05-28 05:00:29,724 INFO =====> EMD Loss: 20.665432
2025-05-28 05:00:29,724 INFO =====> Height map loss: 5.602157
2025-05-28 05:00:38,734 INFO ==> EMD Loss: 20.758921
2025-05-28 05:00:38,734 INFO ==> Height map loss:  5.601559
2025-05-28 05:00:47,757 INFO ==> EMD Loss: 20.843327
2025-05-28 05:00:47,757 INFO ==> Height map loss:  5.845875
2025-05-28 05:00:56,673 INFO ==> EMD Loss: 20.962109
2025-05-28 05:00:56,673 INFO ==> Height map loss:  5.913273
2025-05-28 05:01:05,758 INFO ==> EMD Loss: 21.109472
2025-05-28 05:01:05,758 INFO ==> Height map loss:  6.193715
2025-05-28 05:01:14,804 INFO ==> EMD Loss: 21.249844
2025-05-28 05:01:14,804 INFO ==> Height map loss:  6.606772
2025-05-28 05:01:34,492 INFO =====> Skill params: [-0.2675892   0.16817278  0.75399107 -0.03599538 -0.5449614 ]
2025-05-28 05:01:34,493 INFO =====> Grad: [  654.5455  -4078.8516   -224.82648    91.37862  -327.7247 ]
2025-05-28 05:01:34,493 INFO =====> Num. aborted data so far: 0
2025-05-28 05:01:34,493 INFO ===========> Epoch: 3 optimisation losses
2025-05-28 05:01:34,493 INFO =====> EMD Loss: 20.758945
2025-05-28 05:01:34,493 INFO =====> Height map loss: 5.601540
2025-05-28 05:01:43,431 INFO ==> EMD Loss: 20.936241
2025-05-28 05:01:43,432 INFO ==> Height map loss:  5.623529
2025-05-28 05:01:52,616 INFO ==> EMD Loss: 20.950314
2025-05-28 05:01:52,616 INFO ==> Height map loss:  5.801154
2025-05-28 05:02:01,701 INFO ==> EMD Loss: 20.544832
2025-05-28 05:02:01,701 INFO ==> Height map loss:  5.825660
2025-05-28 05:02:10,779 INFO ==> EMD Loss: 20.810257
2025-05-28 05:02:10,780 INFO ==> Height map loss:  5.956666
2025-05-28 05:02:20,205 INFO ==> EMD Loss: 21.048668
2025-05-28 05:02:20,205 INFO ==> Height map loss:  6.164057
2025-05-28 05:02:39,740 INFO =====> Skill params: [-0.27264446  0.1726688   0.7590708  -0.03697046 -0.5420902 ]
2025-05-28 05:02:39,740 INFO =====> Grad: [-678.26086 6579.172   -241.15866 -817.286    734.0252 ]
2025-05-28 05:02:39,741 INFO =====> Num. aborted data so far: 0
2025-05-28 05:02:39,741 INFO ===========> Epoch: 4 optimisation losses
2025-05-28 05:02:39,741 INFO =====> EMD Loss: 20.762484
2025-05-28 05:02:39,741 INFO =====> Height map loss: 5.622523
2025-05-28 05:02:48,855 INFO ==> EMD Loss: 20.833769
2025-05-28 05:02:48,855 INFO ==> Height map loss:  5.596477
2025-05-28 05:02:57,616 INFO ==> EMD Loss: 20.894457
2025-05-28 05:02:57,616 INFO ==> Height map loss:  5.796281
2025-05-28 05:03:06,495 INFO ==> EMD Loss: 20.465643
2025-05-28 05:03:06,495 INFO ==> Height map loss:  6.094913
2025-05-28 05:03:15,113 INFO ==> EMD Loss: 21.788946
2025-05-28 05:03:15,113 INFO ==> Height map loss:  6.333120
2025-05-28 05:03:23,965 INFO ==> EMD Loss: 21.816813
2025-05-28 05:03:23,965 INFO ==> Height map loss:  6.966352
2025-05-28 05:03:43,570 INFO =====> Skill params: [-0.26787218  0.1667164   0.763984   -0.03036866 -0.5476055 ]
2025-05-28 05:03:43,570 INFO =====> Grad: [-654.5455  3539.6626  -244.85233 -210.22383 -711.7592 ]
2025-05-28 05:03:43,577 INFO =====> Num. aborted data so far: 0
2025-05-28 05:03:43,578 INFO ===========> Epoch: 5 optimisation losses
2025-05-28 05:03:43,578 INFO =====> EMD Loss: 20.830496
2025-05-28 05:03:43,578 INFO =====> Height map loss: 5.596544
2025-05-28 05:03:52,503 INFO ==> EMD Loss: 20.545990
2025-05-28 05:03:52,503 INFO ==> Height map loss:  5.614764
2025-05-28 05:04:01,510 INFO ==> EMD Loss: 20.844748
2025-05-28 05:04:01,510 INFO ==> Height map loss:  5.659570
2025-05-28 05:04:10,271 INFO ==> EMD Loss: 20.328285
2025-05-28 05:04:10,271 INFO ==> Height map loss:  5.859731
2025-05-28 05:04:19,268 INFO ==> EMD Loss: 20.704065
2025-05-28 05:04:19,268 INFO ==> Height map loss:  6.192141
2025-05-28 05:04:28,118 INFO ==> EMD Loss: 21.354931
2025-05-28 05:04:28,118 INFO ==> Height map loss:  6.521163
2025-05-28 05:04:47,669 INFO =====> Skill params: [-0.2635506   0.16353606  0.7685831  -0.02860971 -0.54275924]
2025-05-28 05:04:47,670 INFO =====> Grad: [ 685.7143   597.17566  244.48592  865.9769  -838.797  ]
2025-05-28 05:04:47,670 INFO =====> Num. aborted data so far: 0
2025-05-28 05:04:47,670 INFO ===========> Epoch: 6 optimisation losses
2025-05-28 05:04:47,670 INFO =====> EMD Loss: 20.541220
2025-05-28 05:04:47,670 INFO =====> Height map loss: 5.628573
2025-05-28 05:04:56,801 INFO ==> EMD Loss: 20.758909
2025-05-28 05:04:56,801 INFO ==> Height map loss:  5.581163
2025-05-28 05:05:05,663 INFO ==> EMD Loss: 20.892609
2025-05-28 05:05:05,663 INFO ==> Height map loss:  5.615071
2025-05-28 05:05:14,823 INFO ==> EMD Loss: 20.751375
2025-05-28 05:05:14,823 INFO ==> Height map loss:  5.478095
2025-05-28 05:05:23,751 INFO ==> EMD Loss: 20.620245
2025-05-28 05:05:23,751 INFO ==> Height map loss:  5.374870
2025-05-28 05:05:32,957 INFO ==> EMD Loss: 20.579023
2025-05-28 05:05:32,957 INFO ==> Height map loss:  5.356646
2025-05-28 05:05:52,599 INFO =====> Skill params: [-0.34881553  0.15224454  0.682348   -0.14759381 -0.44109714]
2025-05-28 05:05:52,599 INFO =====> Grad: [  660.      -6267.092    -322.32358  -471.2108   -508.2871 ]
2025-05-28 05:05:52,599 INFO =====> Num. aborted data so far: 0
2025-05-28 05:05:52,600 INFO ===========> Epoch: 7 optimisation losses
2025-05-28 05:05:52,600 INFO =====> EMD Loss: 20.578791
2025-05-28 05:05:52,600 INFO =====> Height map loss: 5.356284
2025-05-28 05:06:01,731 INFO ==> EMD Loss: 20.331772
2025-05-28 05:06:01,731 INFO ==> Height map loss:  5.344093
2025-05-28 05:06:10,685 INFO ==> EMD Loss: 20.484613
2025-05-28 05:06:10,686 INFO ==> Height map loss:  5.477992
2025-05-28 05:06:19,864 INFO ==> EMD Loss: 20.688433
2025-05-28 05:06:19,864 INFO ==> Height map loss:  5.856525
2025-05-28 05:06:28,992 INFO ==> EMD Loss: 20.937708
2025-05-28 05:06:28,992 INFO ==> Height map loss:  6.072378
2025-05-28 05:06:38,397 INFO ==> EMD Loss: 21.064600
2025-05-28 05:06:38,398 INFO ==> Height map loss:  6.402593
2025-05-28 05:06:58,301 INFO =====> Skill params: [-0.3527511   0.15746106  0.6874141  -0.14438291 -0.43802524]
2025-05-28 05:06:58,301 INFO =====> Grad: [  685.7143  -6389.7744     33.98435  -164.20323  -565.23035]
2025-05-28 05:06:58,302 INFO =====> Num. aborted data so far: 0
2025-05-28 05:06:58,302 INFO ===========> Epoch: 8 optimisation losses
2025-05-28 05:06:58,302 INFO =====> EMD Loss: 20.331661
2025-05-28 05:06:58,302 INFO =====> Height map loss: 5.343936
2025-05-28 05:07:07,272 INFO ==> EMD Loss: 20.375570
2025-05-28 05:07:07,273 INFO ==> Height map loss:  5.383986
2025-05-28 05:07:16,378 INFO ==> EMD Loss: 20.459820
2025-05-28 05:07:16,378 INFO ==> Height map loss:  5.550780
2025-05-28 05:07:25,482 INFO ==> EMD Loss: 20.864048
2025-05-28 05:07:25,482 INFO ==> Height map loss:  5.818916
2025-05-28 05:07:34,859 INFO ==> EMD Loss: 20.912397
2025-05-28 05:07:34,859 INFO ==> Height map loss:  6.074385
2025-05-28 05:07:44,109 INFO ==> EMD Loss: 21.009153
2025-05-28 05:07:44,109 INFO ==> Height map loss:  6.367202
2025-05-28 05:08:04,124 INFO =====> Skill params: [-0.3566752   0.16228761  0.68685204 -0.14321248 -0.43465874]
2025-05-28 05:08:04,124 INFO =====> Grad: [-685.7143   6516.8      -244.93901    32.813942  580.7762  ]
2025-05-28 05:08:04,124 INFO =====> Num. aborted data so far: 0
2025-05-28 05:08:04,125 INFO ===========> Epoch: 9 optimisation losses
2025-05-28 05:08:04,125 INFO =====> EMD Loss: 20.375488
2025-05-28 05:08:04,125 INFO =====> Height map loss: 5.383927
2025-05-28 05:08:13,116 INFO ==> EMD Loss: 20.328342
2025-05-28 05:08:13,116 INFO ==> Height map loss:  5.343606
2025-05-28 05:08:22,254 INFO ==> EMD Loss: 20.568802
2025-05-28 05:08:22,254 INFO ==> Height map loss:  5.374251
2025-05-28 05:08:31,127 INFO ==> EMD Loss: 20.499851
2025-05-28 05:08:31,127 INFO ==> Height map loss:  5.280623
2025-05-28 05:08:40,181 INFO ==> EMD Loss: 20.143456
2025-05-28 05:08:40,181 INFO ==> Height map loss:  5.464648
2025-05-28 05:08:49,029 INFO ==> EMD Loss: 20.231443
2025-05-28 05:08:49,029 INFO ==> Height map loss:  5.685359
2025-05-28 05:09:08,741 INFO =====> Skill params: [-0.31875893  0.11676423  0.72579    -0.1456771  -0.4686934 ]
2025-05-28 05:09:08,741 INFO =====> Grad: [  694.7369  -5272.969    -334.35135  -412.61148  -577.98456]
2025-05-28 05:09:08,741 INFO =====> Num. aborted data so far: 0
2025-05-28 05:09:08,742 INFO ===========> Epoch: 10 optimisation losses
2025-05-28 05:09:08,742 INFO =====> EMD Loss: 20.496660
2025-05-28 05:09:08,742 INFO =====> Height map loss: 5.280968
2025-05-28 05:09:17,662 INFO ==> EMD Loss: 20.531778
2025-05-28 05:09:17,662 INFO ==> Height map loss:  5.416621
2025-05-28 05:09:26,801 INFO ==> EMD Loss: 20.460150
2025-05-28 05:09:26,801 INFO ==> Height map loss:  5.383403
2025-05-28 05:09:35,816 INFO ==> EMD Loss: 20.705015
2025-05-28 05:09:35,816 INFO ==> Height map loss:  5.388840
2025-05-28 05:09:45,036 INFO ==> EMD Loss: 20.468185
2025-05-28 05:09:45,037 INFO ==> Height map loss:  5.450003
2025-05-28 05:09:54,159 INFO ==> EMD Loss: 20.509636
2025-05-28 05:09:54,160 INFO ==> Height map loss:  5.698877
2025-05-28 05:10:14,107 INFO =====> Skill params: [-0.33738017  0.1347312   0.74991107 -0.13023344 -0.4519858 ]
2025-05-28 05:10:14,107 INFO =====> Grad: [  660.      -5367.5293    254.83221   638.4218   -752.178  ]
2025-05-28 05:10:14,107 INFO =====> Num. aborted data so far: 0
2025-05-28 05:10:14,108 INFO ===========> Epoch: 11 optimisation losses
2025-05-28 05:10:14,108 INFO =====> EMD Loss: 20.460091
2025-05-28 05:10:14,108 INFO =====> Height map loss: 5.383328
2025-05-28 05:10:23,073 INFO ==> EMD Loss: 20.404902
2025-05-28 05:10:23,073 INFO ==> Height map loss:  5.418477
2025-05-28 05:10:32,363 INFO ==> EMD Loss: 20.580582
2025-05-28 05:10:32,363 INFO ==> Height map loss:  5.352550
2025-05-28 05:10:41,389 INFO ==> EMD Loss: 20.334217
2025-05-28 05:10:41,389 INFO ==> Height map loss:  5.353918
2025-05-28 05:10:50,688 INFO ==> EMD Loss: 20.472023
2025-05-28 05:10:50,688 INFO ==> Height map loss:  5.610487
2025-05-28 05:10:59,926 INFO ==> EMD Loss: 20.800493
2025-05-28 05:10:59,927 INFO ==> Height map loss:  5.766681
2025-05-28 05:11:20,098 INFO =====> Skill params: [-0.35473445  0.15259098  0.7319716  -0.15247965 -0.43134937]
2025-05-28 05:11:20,098 INFO =====> Grad: [  685.7143 -4884.7695  -296.5237   310.5756  -640.1585]
2025-05-28 05:11:20,098 INFO =====> Num. aborted data so far: 0
2025-05-28 05:11:20,099 INFO ===========> Epoch: 12 optimisation losses
2025-05-28 05:11:20,100 INFO =====> EMD Loss: 20.582005
2025-05-28 05:11:20,100 INFO =====> Height map loss: 5.353287
2025-05-28 05:11:29,133 INFO ==> EMD Loss: 20.527195
2025-05-28 05:11:29,133 INFO ==> Height map loss:  5.328901
2025-05-28 05:11:38,323 INFO ==> EMD Loss: 20.544155
2025-05-28 05:11:38,323 INFO ==> Height map loss:  5.364221
2025-05-28 05:11:47,384 INFO ==> EMD Loss: 20.502916
2025-05-28 05:11:47,385 INFO ==> Height map loss:  5.584197
2025-05-28 05:11:56,705 INFO ==> EMD Loss: 20.686665
2025-05-28 05:11:56,705 INFO ==> Height map loss:  5.768066
2025-05-28 05:12:05,895 INFO ==> EMD Loss: 20.826780
2025-05-28 05:12:05,895 INFO ==> Height map loss:  5.892031
2025-05-28 05:12:26,053 INFO =====> Skill params: [-0.3582629   0.15581372  0.7359637  -0.15469792 -0.42790014]
2025-05-28 05:12:26,053 INFO =====> Grad: [ -685.7143  -5619.992     313.67603  -937.3345    438.99985]
2025-05-28 05:12:26,053 INFO =====> Num. aborted data so far: 0
2025-05-28 05:12:26,054 INFO ===========> Epoch: 13 optimisation losses
2025-05-28 05:12:26,054 INFO =====> EMD Loss: 20.527086
2025-05-28 05:12:26,054 INFO =====> Height map loss: 5.331401
2025-05-28 05:12:35,079 INFO ==> EMD Loss: 20.514423
2025-05-28 05:12:35,079 INFO ==> Height map loss:  5.337992
2025-05-28 05:12:44,203 INFO ==> EMD Loss: 20.435944
2025-05-28 05:12:44,203 INFO ==> Height map loss:  5.460215
2025-05-28 05:12:53,284 INFO ==> EMD Loss: 20.339031
2025-05-28 05:12:53,284 INFO ==> Height map loss:  5.527241
2025-05-28 05:13:02,548 INFO ==> EMD Loss: 20.356592
2025-05-28 05:13:02,548 INFO ==> Height map loss:  5.661638
2025-05-28 05:13:11,617 INFO ==> EMD Loss: 20.598928
2025-05-28 05:13:11,617 INFO ==> Height map loss:  5.813607
2025-05-28 05:13:31,641 INFO =====> Skill params: [-0.3548002   0.15942745  0.73193383 -0.1490357  -0.43031156]
2025-05-28 05:13:31,642 INFO =====> Grad: [-685.7143  6377.3516   345.682    585.12646  475.80026]
2025-05-28 05:13:31,642 INFO =====> Num. aborted data so far: 0
2025-05-28 05:13:31,642 INFO ===========> Epoch: 14 optimisation losses
2025-05-28 05:13:31,642 INFO =====> EMD Loss: 20.504025
2025-05-28 05:13:31,642 INFO =====> Height map loss: 5.338417
2025-05-28 05:13:40,663 INFO ==> EMD Loss: 20.553391
2025-05-28 05:13:40,663 INFO ==> Height map loss:  5.318178
2025-05-28 05:13:49,779 INFO ==> EMD Loss: 20.501377
2025-05-28 05:13:49,780 INFO ==> Height map loss:  5.337739
2025-05-28 05:13:58,728 INFO ==> EMD Loss: 20.325476
2025-05-28 05:13:58,728 INFO ==> Height map loss:  5.331685
2025-05-28 05:14:07,876 INFO ==> EMD Loss: 20.190678
2025-05-28 05:14:07,876 INFO ==> Height map loss:  5.359122
2025-05-28 05:14:16,748 INFO ==> EMD Loss: 20.088308
2025-05-28 05:14:16,748 INFO ==> Height map loss:  5.505088
2025-05-28 05:14:36,798 INFO =====> Skill params: [-0.3513936   0.15549397  0.7277358  -0.15250365 -0.4329572 ]
2025-05-28 05:14:36,798 INFO =====> Grad: [ -128.1166   -3608.6948    -279.24997    178.71016   -115.829895]
2025-05-28 05:14:36,798 INFO =====> Num. aborted data so far: 0
2025-05-28 05:14:36,799 INFO ===========> Epoch: 15 optimisation losses
2025-05-28 05:14:36,799 INFO =====> EMD Loss: 20.553627
2025-05-28 05:14:36,799 INFO =====> Height map loss: 5.318584
2025-05-28 05:14:45,817 INFO ==> EMD Loss: 20.619347
2025-05-28 05:14:45,817 INFO ==> Height map loss:  5.348848
2025-05-28 05:14:55,031 INFO ==> EMD Loss: 20.526457
2025-05-28 05:14:55,031 INFO ==> Height map loss:  5.350339
2025-05-28 05:15:04,095 INFO ==> EMD Loss: 20.442192
2025-05-28 05:15:04,095 INFO ==> Height map loss:  5.344932
2025-05-28 05:15:13,501 INFO ==> EMD Loss: 20.670803
2025-05-28 05:15:13,501 INFO ==> Height map loss:  5.462593
2025-05-28 05:15:22,677 INFO ==> EMD Loss: 20.766567
2025-05-28 05:15:22,677 INFO ==> Height map loss:  5.495985
2025-05-28 05:15:42,965 INFO =====> Skill params: [-0.3447013   0.1782698   0.76118684 -0.16359192 -0.4261855 ]
2025-05-28 05:15:42,966 INFO =====> Grad: [-678.26086 2806.7131  -239.10716 -937.7527   511.59488]
2025-05-28 05:15:42,966 INFO =====> Num. aborted data so far: 0
2025-05-28 05:15:42,966 INFO ===========> Epoch: 16 optimisation losses
2025-05-28 05:15:42,966 INFO =====> EMD Loss: 20.441959
2025-05-28 05:15:42,966 INFO =====> Height map loss: 5.344666
2025-05-28 05:15:52,014 INFO ==> EMD Loss: 20.494238
2025-05-28 05:15:52,014 INFO ==> Height map loss:  5.399079
2025-05-28 05:16:01,198 INFO ==> EMD Loss: 20.691147
2025-05-28 05:16:01,198 INFO ==> Height map loss:  5.381709
2025-05-28 05:16:10,263 INFO ==> EMD Loss: 20.589859
2025-05-28 05:16:10,263 INFO ==> Height map loss:  5.479035
2025-05-28 05:16:19,439 INFO ==> EMD Loss: 20.719957
2025-05-28 05:16:19,439 INFO ==> Height map loss:  5.547484
2025-05-28 05:16:28,333 INFO ==> EMD Loss: 20.564869
2025-05-28 05:16:28,333 INFO ==> Height map loss:  5.662503
2025-05-28 05:16:48,472 INFO =====> Skill params: [-0.32732606  0.16910934  0.7755718  -0.13783929 -0.44114456]
2025-05-28 05:16:48,473 INFO =====> Grad: [  654.5455  -6495.293     254.65424   581.37714  -499.44   ]
2025-05-28 05:16:48,473 INFO =====> Num. aborted data so far: 0
2025-05-28 05:16:48,473 INFO ===========> Epoch: 17 optimisation losses
2025-05-28 05:16:48,473 INFO =====> EMD Loss: 20.690968
2025-05-28 05:16:48,474 INFO =====> Height map loss: 5.381577
2025-05-28 05:16:57,513 INFO ==> EMD Loss: 20.658697
2025-05-28 05:16:57,513 INFO ==> Height map loss:  5.395261
2025-05-28 05:17:06,876 INFO ==> EMD Loss: 20.716885
2025-05-28 05:17:06,876 INFO ==> Height map loss:  5.476057
2025-05-28 05:17:16,059 INFO ==> EMD Loss: 20.536896
2025-05-28 05:17:16,059 INFO ==> Height map loss:  5.685247
2025-05-28 05:17:25,418 INFO ==> EMD Loss: 20.846418
2025-05-28 05:17:25,418 INFO ==> Height map loss:  5.823679
2025-05-28 05:17:34,942 INFO ==> EMD Loss: 20.838634
2025-05-28 05:17:34,942 INFO ==> Height map loss:  6.123531
2025-05-28 05:17:55,080 INFO =====> Skill params: [-0.33063853  0.17315234  0.77251434 -0.14101143 -0.43821618]
2025-05-28 05:17:55,080 INFO =====> Grad: [-678.26086 4880.198    349.18155  427.27942  547.7094 ]
2025-05-28 05:17:55,080 INFO =====> Num. aborted data so far: 0
2025-05-28 05:17:55,081 INFO ===========> Epoch: 18 optimisation losses
2025-05-28 05:17:55,081 INFO =====> EMD Loss: 20.661982
2025-05-28 05:17:55,081 INFO =====> Height map loss: 5.395194
2025-05-28 05:18:04,145 INFO ==> EMD Loss: 20.648741
2025-05-28 05:18:04,145 INFO ==> Height map loss:  5.383045
2025-05-28 05:18:13,124 INFO ==> EMD Loss: 20.654762
2025-05-28 05:18:13,124 INFO ==> Height map loss:  5.390029
2025-05-28 05:18:22,257 INFO ==> EMD Loss: 20.397499
2025-05-28 05:18:22,257 INFO ==> Height map loss:  5.411988
2025-05-28 05:18:31,136 INFO ==> EMD Loss: 20.249804
2025-05-28 05:18:31,136 INFO ==> Height map loss:  5.363935
2025-05-28 05:18:40,163 INFO ==> EMD Loss: 20.132027
2025-05-28 05:18:40,163 INFO ==> Height map loss:  5.366954
2025-05-28 05:18:59,569 INFO =====> Skill params: [-0.27992916  0.12764455  0.71242625 -0.17669556 -0.48603955]
2025-05-28 05:18:59,569 INFO =====> Grad: [  705.8824 -6068.7935  -337.3053  -628.0473  -602.7156]
2025-05-28 05:18:59,569 INFO =====> Num. aborted data so far: 0
2025-05-28 05:18:59,570 INFO ===========> Epoch: 19 optimisation losses
2025-05-28 05:18:59,570 INFO =====> EMD Loss: 20.248726
2025-05-28 05:18:59,570 INFO =====> Height map loss: 5.389964
2025-05-28 05:19:08,641 INFO ==> EMD Loss: 20.300896
2025-05-28 05:19:08,641 INFO ==> Height map loss:  5.295816
2025-05-28 05:19:17,663 INFO ==> EMD Loss: 20.446991
2025-05-28 05:19:17,663 INFO ==> Height map loss:  5.411702
2025-05-28 05:19:26,948 INFO ==> EMD Loss: 20.625452
2025-05-28 05:19:26,948 INFO ==> Height map loss:  5.448881
2025-05-28 05:19:36,050 INFO ==> EMD Loss: 20.552021
2025-05-28 05:19:36,050 INFO ==> Height map loss:  5.466735
2025-05-28 05:19:45,380 INFO ==> EMD Loss: 20.514977
2025-05-28 05:19:45,380 INFO ==> Height map loss:  5.595884
2025-05-28 05:19:54,298 INFO ===========> Finished training.
2025-05-28 05:19:54,298 INFO ====> Final EMD Loss: 20.302309
2025-05-28 05:19:54,298 INFO ====> Final Height map loss: 5.293952
2025-05-28 05:19:54,298 INFO ====> Final skill params: [-0.28338322  0.13131218  0.7161735  -0.17325987 -0.4825939 ]
