2025-05-25 23:31:04,965 INFO =====> Skill params: [-0.30213484  0.2         0.8         0.         -0.5       ]
2025-05-25 23:31:04,965 INFO =====> Grad: [-2272.2803   1032.024     327.03      846.23      190.79245]
2025-05-25 23:31:04,965 INFO =====> Num. aborted data so far: 0
2025-05-25 23:31:04,966 INFO ===========> Epoch: 0 optimisation losses
2025-05-25 23:31:04,966 INFO =====> EMD Loss: 20.879625
2025-05-25 23:31:04,966 INFO =====> Height map loss: 5.813125
2025-05-25 23:31:13,762 INFO ==> EMD Loss: 20.816032
2025-05-25 23:31:13,763 INFO ==> Height map loss:  5.752545
2025-05-25 23:31:22,248 INFO ==> EMD Loss: 20.183683
2025-05-25 23:31:22,248 INFO ==> Height map loss:  5.503216
2025-05-25 23:31:30,789 INFO ==> EMD Loss: 20.323473
2025-05-25 23:31:30,789 INFO ==> Height map loss:  5.725701
2025-05-25 23:31:39,032 INFO ==> EMD Loss: 20.118954
2025-05-25 23:31:39,032 INFO ==> Height map loss:  7.071608
2025-05-25 23:31:47,371 INFO ==> EMD Loss: 20.697212
2025-05-25 23:31:47,371 INFO ==> Height map loss:  8.378207
2025-05-25 23:32:06,521 INFO =====> Skill params: [-0.25470066  0.15256584  0.75256586 -0.04743416 -0.54743415]
2025-05-25 23:32:06,521 INFO =====> Grad: [-2166.702     239.5378    248.45299   815.81647  -855.9503 ]
2025-05-25 23:32:06,521 INFO =====> Num. aborted data so far: 0
2025-05-25 23:32:06,522 INFO ===========> Epoch: 1 optimisation losses
2025-05-25 23:32:06,522 INFO =====> EMD Loss: 20.449978
2025-05-25 23:32:06,522 INFO =====> Height map loss: 5.563439
2025-05-25 23:32:15,116 INFO ==> EMD Loss: 20.356537
2025-05-25 23:32:15,116 INFO ==> Height map loss:  5.587839
2025-05-25 23:32:23,782 INFO ==> EMD Loss: 20.403366
2025-05-25 23:32:23,782 INFO ==> Height map loss:  5.580975
2025-05-25 23:32:32,421 INFO ==> EMD Loss: 20.279060
2025-05-25 23:32:32,421 INFO ==> Height map loss:  5.629725
2025-05-25 23:32:41,130 INFO ==> EMD Loss: 19.618723
2025-05-25 23:32:41,130 INFO ==> Height map loss:  5.808688
2025-05-25 23:32:49,834 INFO ==> EMD Loss: 19.607037
2025-05-25 23:32:49,835 INFO ==> Height map loss:  6.306270
2025-05-25 23:33:08,680 INFO =====> Skill params: [-0.22107418  0.14129308  0.7229155  -0.08124372 -0.5010262 ]
2025-05-25 23:33:08,680 INFO =====> Grad: [-2312.905    -364.9291    252.49535  -155.28056  -482.51056]
2025-05-25 23:33:08,680 INFO =====> Num. aborted data so far: 0
2025-05-25 23:33:08,681 INFO ===========> Epoch: 2 optimisation losses
2025-05-25 23:33:08,681 INFO =====> EMD Loss: 20.181513
2025-05-25 23:33:08,681 INFO =====> Height map loss: 5.693242
2025-05-25 23:33:17,451 INFO ==> EMD Loss: 20.369381
2025-05-25 23:33:17,451 INFO ==> Height map loss:  5.652615
2025-05-25 23:33:26,173 INFO ==> EMD Loss: 20.320765
2025-05-25 23:33:26,173 INFO ==> Height map loss:  5.640144
2025-05-25 23:33:34,933 INFO ==> EMD Loss: 20.415760
2025-05-25 23:33:34,933 INFO ==> Height map loss:  5.715087
2025-05-25 23:33:43,896 INFO ==> EMD Loss: 20.126827
2025-05-25 23:33:43,896 INFO ==> Height map loss:  5.691285
2025-05-25 23:33:52,713 INFO ==> EMD Loss: 20.224049
2025-05-25 23:33:52,713 INFO ==> Height map loss:  5.840400
2025-05-25 23:34:12,567 INFO =====> Skill params: [-0.19149482  0.15820597  0.69652325 -0.07452871 -0.4771862 ]
2025-05-25 23:34:12,568 INFO =====> Grad: [-2369.9556   1913.9666     64.69287  -543.175    -784.652  ]
2025-05-25 23:34:12,568 INFO =====> Num. aborted data so far: 0
2025-05-25 23:34:12,568 INFO ===========> Epoch: 3 optimisation losses
2025-05-25 23:34:12,568 INFO =====> EMD Loss: 20.193256
2025-05-25 23:34:12,568 INFO =====> Height map loss: 5.723017
2025-05-25 23:34:21,216 INFO ==> EMD Loss: 20.208961
2025-05-25 23:34:21,217 INFO ==> Height map loss:  5.732039
2025-05-25 23:34:29,896 INFO ==> EMD Loss: 20.331190
2025-05-25 23:34:29,896 INFO ==> Height map loss:  5.921854
2025-05-25 23:34:38,564 INFO ==> EMD Loss: 21.942255
2025-05-25 23:34:38,564 INFO ==> Height map loss:  6.890545
2025-05-25 23:34:47,086 INFO ==> EMD Loss: 22.060532
2025-05-25 23:34:47,086 INFO ==> Height map loss:  7.373752
2025-05-25 23:34:55,783 INFO ==> EMD Loss: 22.613777
2025-05-25 23:34:55,783 INFO ==> Height map loss:  7.923821
2025-05-25 23:35:14,868 INFO =====> Skill params: [-0.18619514  0.14974555  0.6951135  -0.0701388  -0.47099414]
2025-05-25 23:35:14,868 INFO =====> Grad: [-2305.0164    516.3079   -343.17038  -542.6754    716.37225]
2025-05-25 23:35:14,868 INFO =====> Num. aborted data so far: 0
2025-05-25 23:35:14,868 INFO ===========> Epoch: 4 optimisation losses
2025-05-25 23:35:14,868 INFO =====> EMD Loss: 19.995657
2025-05-25 23:35:14,869 INFO =====> Height map loss: 5.809031
2025-05-25 23:35:23,718 INFO ==> EMD Loss: 20.167503
2025-05-25 23:35:23,718 INFO ==> Height map loss:  5.803075
2025-05-25 23:35:32,342 INFO ==> EMD Loss: 19.792374
2025-05-25 23:35:32,342 INFO ==> Height map loss:  5.951576
2025-05-25 23:35:40,991 INFO ==> EMD Loss: 21.020262
2025-05-25 23:35:40,991 INFO ==> Height map loss:  6.318288
2025-05-25 23:35:49,729 INFO ==> EMD Loss: 21.419771
2025-05-25 23:35:49,729 INFO ==> Height map loss:  6.583652
2025-05-25 23:35:58,255 INFO ==> EMD Loss: 21.990053
2025-05-25 23:35:58,255 INFO ==> Height map loss:  7.044700
2025-05-25 23:36:17,486 INFO =====> Skill params: [-0.18148033  0.14741364  0.70117635 -0.0659829  -0.47604027]
2025-05-25 23:36:17,486 INFO =====> Grad: [ 419.001    110.13147 -334.5195  -427.1502  -770.1512 ]
2025-05-25 23:36:17,486 INFO =====> Num. aborted data so far: 0
2025-05-25 23:36:17,486 INFO ===========> Epoch: 5 optimisation losses
2025-05-25 23:36:17,486 INFO =====> EMD Loss: 19.859835
2025-05-25 23:36:17,487 INFO =====> Height map loss: 5.907279
2025-05-25 23:36:26,137 INFO ==> EMD Loss: 19.778532
2025-05-25 23:36:26,137 INFO ==> Height map loss:  5.808609
2025-05-25 23:36:34,917 INFO ==> EMD Loss: 20.020983
2025-05-25 23:36:34,918 INFO ==> Height map loss:  5.852161
2025-05-25 23:36:43,561 INFO ==> EMD Loss: 20.184879
2025-05-25 23:36:43,561 INFO ==> Height map loss:  6.047397
2025-05-25 23:36:52,428 INFO ==> EMD Loss: 20.189486
2025-05-25 23:36:52,428 INFO ==> Height map loss:  6.031855
2025-05-25 23:37:01,188 INFO ==> EMD Loss: 20.768238
2025-05-25 23:37:01,188 INFO ==> Height map loss:  6.044982
2025-05-25 23:37:20,525 INFO =====> Skill params: [-0.18237966  0.14689012  0.70638365 -0.06274219 -0.4711428 ]
2025-05-25 23:37:20,525 INFO =====> Grad: [ 2349.2776  -2743.7734   -250.49261  -939.4796    253.33951]
2025-05-25 23:37:20,525 INFO =====> Num. aborted data so far: 0
2025-05-25 23:37:20,526 INFO ===========> Epoch: 6 optimisation losses
2025-05-25 23:37:20,526 INFO =====> EMD Loss: 19.908144
2025-05-25 23:37:20,526 INFO =====> Height map loss: 5.910155
2025-05-25 23:37:29,236 INFO ==> EMD Loss: 20.220926
2025-05-25 23:37:29,236 INFO ==> Height map loss:  5.867549
2025-05-25 23:37:38,252 INFO ==> EMD Loss: 20.422737
2025-05-25 23:37:38,252 INFO ==> Height map loss:  5.640028
2025-05-25 23:37:47,075 INFO ==> EMD Loss: 20.922316
2025-05-25 23:37:47,075 INFO ==> Height map loss:  5.958537
2025-05-25 23:37:56,100 INFO ==> EMD Loss: 20.786757
2025-05-25 23:37:56,100 INFO ==> Height map loss:  6.001678
2025-05-25 23:38:05,087 INFO ==> EMD Loss: 21.099588
2025-05-25 23:38:05,087 INFO ==> Height map loss:  6.438169
2025-05-25 23:38:24,652 INFO =====> Skill params: [-0.20556474  0.18593149  0.72524107 -0.03329289 -0.47950074]
2025-05-25 23:38:24,653 INFO =====> Grad: [-1886.222       17.059082  -348.24902   -288.60864   -794.3943  ]
2025-05-25 23:38:24,653 INFO =====> Num. aborted data so far: 0
2025-05-25 23:38:24,653 INFO ===========> Epoch: 7 optimisation losses
2025-05-25 23:38:24,653 INFO =====> EMD Loss: 20.848963
2025-05-25 23:38:24,653 INFO =====> Height map loss: 5.673342
2025-05-25 23:38:33,588 INFO ==> EMD Loss: 20.459072
2025-05-25 23:38:33,588 INFO ==> Height map loss:  5.680247
2025-05-25 23:38:42,340 INFO ==> EMD Loss: 20.750608
2025-05-25 23:38:42,340 INFO ==> Height map loss:  5.770918
2025-05-25 23:38:51,284 INFO ==> EMD Loss: 20.503208
2025-05-25 23:38:51,284 INFO ==> Height map loss:  5.866411
2025-05-25 23:38:59,994 INFO ==> EMD Loss: 20.581005
2025-05-25 23:38:59,994 INFO ==> Height map loss:  5.946341
2025-05-25 23:39:09,011 INFO ==> EMD Loss: 21.216682
2025-05-25 23:39:09,011 INFO ==> Height map loss:  6.148162
2025-05-25 23:39:28,426 INFO =====> Skill params: [-0.20193835  0.18588032  0.73001665 -0.03142306 -0.47472632]
2025-05-25 23:39:28,426 INFO =====> Grad: [-2150.073     713.61346   223.59848   -75.0389   -821.463  ]
2025-05-25 23:39:28,426 INFO =====> Num. aborted data so far: 0
2025-05-25 23:39:28,427 INFO ===========> Epoch: 8 optimisation losses
2025-05-25 23:39:28,427 INFO =====> EMD Loss: 20.835541
2025-05-25 23:39:28,427 INFO =====> Height map loss: 5.728878
2025-05-25 23:39:37,442 INFO ==> EMD Loss: 20.528542
2025-05-25 23:39:37,442 INFO ==> Height map loss:  5.689751
2025-05-25 23:39:46,193 INFO ==> EMD Loss: 20.581444
2025-05-25 23:39:46,193 INFO ==> Height map loss:  5.756788
2025-05-25 23:39:55,097 INFO ==> EMD Loss: 19.782040
2025-05-25 23:39:55,097 INFO ==> Height map loss:  5.970716
2025-05-25 23:40:03,792 INFO ==> EMD Loss: 19.942596
2025-05-25 23:40:03,792 INFO ==> Height map loss:  6.070658
2025-05-25 23:40:12,738 INFO ==> EMD Loss: 20.899654
2025-05-25 23:40:12,738 INFO ==> Height map loss:  6.248180
2025-05-25 23:40:32,243 INFO =====> Skill params: [-0.19797876  0.18368512  0.7269572  -0.03091135 -0.47016358]
2025-05-25 23:40:32,244 INFO =====> Grad: [2173.3115    -42.780823 -237.11586   508.41574  -517.1697  ]
2025-05-25 23:40:32,244 INFO =====> Num. aborted data so far: 0
2025-05-25 23:40:32,244 INFO ===========> Epoch: 9 optimisation losses
2025-05-25 23:40:32,244 INFO =====> EMD Loss: 20.881790
2025-05-25 23:40:32,244 INFO =====> Height map loss: 5.765928
2025-05-25 23:40:41,285 INFO ==> EMD Loss: 20.471327
2025-05-25 23:40:41,285 INFO ==> Height map loss:  5.631084
2025-05-25 23:40:50,135 INFO ==> EMD Loss: 20.473490
2025-05-25 23:40:50,135 INFO ==> Height map loss:  5.584283
2025-05-25 23:40:59,154 INFO ==> EMD Loss: 20.471504
2025-05-25 23:40:59,154 INFO ==> Height map loss:  5.581524
2025-05-25 23:41:07,942 INFO ==> EMD Loss: 20.794622
2025-05-25 23:41:07,942 INFO ==> Height map loss:  5.535590
2025-05-25 23:41:17,047 INFO ==> EMD Loss: 20.773830
2025-05-25 23:41:17,047 INFO ==> Height map loss:  5.497816
2025-05-25 23:41:37,052 INFO =====> Skill params: [-0.27507645  0.18645921  0.79130155 -0.09911694 -0.41247192]
2025-05-25 23:41:37,052 INFO =====> Grad: [1077.2836    -24.861805  325.3898    119.57389  -408.00327 ]
2025-05-25 23:41:37,053 INFO =====> Num. aborted data so far: 0
2025-05-25 23:41:37,053 INFO ===========> Epoch: 10 optimisation losses
2025-05-25 23:41:37,053 INFO =====> EMD Loss: 20.782841
2025-05-25 23:41:37,053 INFO =====> Height map loss: 5.507053
2025-05-25 23:41:46,018 INFO ==> EMD Loss: 20.621208
2025-05-25 23:41:46,018 INFO ==> Height map loss:  5.508177
2025-05-25 23:41:55,109 INFO ==> EMD Loss: 20.526649
2025-05-25 23:41:55,109 INFO ==> Height map loss:  5.461099
2025-05-25 23:42:04,015 INFO ==> EMD Loss: 20.551884
2025-05-25 23:42:04,015 INFO ==> Height map loss:  5.470916
2025-05-25 23:42:13,110 INFO ==> EMD Loss: 20.483521
2025-05-25 23:42:13,110 INFO ==> Height map loss:  5.507578
2025-05-25 23:42:21,988 INFO ==> EMD Loss: 20.466366
2025-05-25 23:42:21,988 INFO ==> Height map loss:  5.500552
2025-05-25 23:42:42,011 INFO =====> Skill params: [-0.28492776  0.18688403  0.770411   -0.10332749 -0.40084392]
2025-05-25 23:42:42,011 INFO =====> Grad: [2261.9878  -185.739    323.7965   947.6035  -447.71042]
2025-05-25 23:42:42,011 INFO =====> Num. aborted data so far: 0
2025-05-25 23:42:42,011 INFO ===========> Epoch: 11 optimisation losses
2025-05-25 23:42:42,012 INFO =====> EMD Loss: 20.700373
2025-05-25 23:42:42,012 INFO =====> Height map loss: 5.469275
2025-05-25 23:42:51,018 INFO ==> EMD Loss: 20.660671
2025-05-25 23:42:51,018 INFO ==> Height map loss:  5.515117
2025-05-25 23:43:00,164 INFO ==> EMD Loss: 20.595467
2025-05-25 23:43:00,164 INFO ==> Height map loss:  5.419703
2025-05-25 23:43:09,124 INFO ==> EMD Loss: 20.453493
2025-05-25 23:43:09,124 INFO ==> Height map loss:  5.420579
2025-05-25 23:43:18,215 INFO ==> EMD Loss: 20.365299
2025-05-25 23:43:18,215 INFO ==> Height map loss:  5.497926
2025-05-25 23:43:27,121 INFO ==> EMD Loss: 20.436581
2025-05-25 23:43:27,121 INFO ==> Height map loss:  5.480786
2025-05-25 23:43:47,194 INFO =====> Skill params: [-0.30473885  0.19022119  0.7505183  -0.1315805  -0.3879042 ]
2025-05-25 23:43:47,194 INFO =====> Grad: [-2416.322    1186.4976    234.70224   675.06836   319.93866]
2025-05-25 23:43:47,194 INFO =====> Num. aborted data so far: 0
2025-05-25 23:43:47,194 INFO ===========> Epoch: 12 optimisation losses
2025-05-25 23:43:47,195 INFO =====> EMD Loss: 20.789690
2025-05-25 23:43:47,195 INFO =====> Height map loss: 5.422632
2025-05-25 23:43:56,165 INFO ==> EMD Loss: 20.584932
2025-05-25 23:43:56,165 INFO ==> Height map loss:  5.429095
2025-05-25 23:44:05,208 INFO ==> EMD Loss: 20.516357
2025-05-25 23:44:05,208 INFO ==> Height map loss:  5.428856
2025-05-25 23:44:13,981 INFO ==> EMD Loss: 20.375254
2025-05-25 23:44:13,981 INFO ==> Height map loss:  5.347749
2025-05-25 23:44:22,948 INFO ==> EMD Loss: 20.405334
2025-05-25 23:44:22,948 INFO ==> Height map loss:  5.408911
2025-05-25 23:44:31,626 INFO ==> EMD Loss: 20.260033
2025-05-25 23:44:31,626 INFO ==> Height map loss:  5.635562
2025-05-25 23:44:51,194 INFO =====> Skill params: [-0.26436555  0.14960638  0.72156996 -0.17031467 -0.40699932]
2025-05-25 23:44:51,194 INFO =====> Grad: [2463.0986  -708.6372  -147.81953  191.13225  326.05026]
2025-05-25 23:44:51,194 INFO =====> Num. aborted data so far: 0
2025-05-25 23:44:51,195 INFO ===========> Epoch: 13 optimisation losses
2025-05-25 23:44:51,195 INFO =====> EMD Loss: 20.506552
2025-05-25 23:44:51,195 INFO =====> Height map loss: 5.339910
2025-05-25 23:45:00,015 INFO ==> EMD Loss: 20.421877
2025-05-25 23:45:00,015 INFO ==> Height map loss:  5.393018
2025-05-25 23:45:09,059 INFO ==> EMD Loss: 20.605997
2025-05-25 23:45:09,059 INFO ==> Height map loss:  5.304323
2025-05-25 23:45:17,944 INFO ==> EMD Loss: 20.596645
2025-05-25 23:45:17,944 INFO ==> Height map loss:  5.345559
2025-05-25 23:45:27,053 INFO ==> EMD Loss: 20.548832
2025-05-25 23:45:27,053 INFO ==> Height map loss:  5.282133
2025-05-25 23:45:35,852 INFO ==> EMD Loss: 20.463604
2025-05-25 23:45:35,852 INFO ==> Height map loss:  5.458977
2025-05-25 23:45:55,752 INFO =====> Skill params: [-0.3235435   0.18663894  0.7498237  -0.1875274  -0.43707314]
2025-05-25 23:45:55,752 INFO =====> Grad: [-2310.1113     617.73456   -197.54488   -126.096924   176.40517 ]
2025-05-25 23:45:55,752 INFO =====> Num. aborted data so far: 0
2025-05-25 23:45:55,753 INFO ===========> Epoch: 14 optimisation losses
2025-05-25 23:45:55,753 INFO =====> EMD Loss: 20.568933
2025-05-25 23:45:55,753 INFO =====> Height map loss: 5.304184
2025-05-25 23:46:04,706 INFO ==> EMD Loss: 20.546152
2025-05-25 23:46:04,706 INFO ==> Height map loss:  5.281285
2025-05-25 23:46:13,750 INFO ==> EMD Loss: 20.598312
2025-05-25 23:46:13,750 INFO ==> Height map loss:  5.344703
2025-05-25 23:46:22,596 INFO ==> EMD Loss: 20.435131
2025-05-25 23:46:22,596 INFO ==> Height map loss:  5.346713
2025-05-25 23:46:31,623 INFO ==> EMD Loss: 20.554230
2025-05-25 23:46:31,623 INFO ==> Height map loss:  5.404966
2025-05-25 23:46:40,391 INFO ==> EMD Loss: 20.434845
2025-05-25 23:46:40,391 INFO ==> Height map loss:  5.402870
2025-05-25 23:47:00,347 INFO =====> Skill params: [-0.31993616  0.18443258  0.752379   -0.1867322  -0.43820834]
2025-05-25 23:47:00,347 INFO =====> Grad: [2352.0261  -529.87805 -181.312   -355.90933 -282.90472]
2025-05-25 23:47:00,347 INFO =====> Num. aborted data so far: 0
2025-05-25 23:47:00,348 INFO ===========> Epoch: 15 optimisation losses
2025-05-25 23:47:00,348 INFO =====> EMD Loss: 20.595715
2025-05-25 23:47:00,348 INFO =====> Height map loss: 5.304130
2025-05-25 23:47:09,359 INFO ==> EMD Loss: 20.546804
2025-05-25 23:47:09,359 INFO ==> Height map loss:  5.297516
2025-05-25 23:47:18,531 INFO ==> EMD Loss: 20.496401
2025-05-25 23:47:18,531 INFO ==> Height map loss:  5.440687
2025-05-25 23:47:27,579 INFO ==> EMD Loss: 20.569437
2025-05-25 23:47:27,580 INFO ==> Height map loss:  5.604852
2025-05-25 23:47:36,833 INFO ==> EMD Loss: 20.581327
2025-05-25 23:47:36,833 INFO ==> Height map loss:  5.735010
2025-05-25 23:47:45,762 INFO ==> EMD Loss: 20.966040
2025-05-25 23:47:45,762 INFO ==> Height map loss:  5.853399
2025-05-25 23:48:05,657 INFO =====> Skill params: [-0.32352063  0.18638481  0.7547713  -0.18443665 -0.43632743]
2025-05-25 23:48:05,657 INFO =====> Grad: [2327.6902  -799.27625  298.4015  -704.65485 -239.50676]
2025-05-25 23:48:05,658 INFO =====> Num. aborted data so far: 0
2025-05-25 23:48:05,658 INFO ===========> Epoch: 16 optimisation losses
2025-05-25 23:48:05,658 INFO =====> EMD Loss: 20.602995
2025-05-25 23:48:05,658 INFO =====> Height map loss: 5.310346
2025-05-25 23:48:14,806 INFO ==> EMD Loss: 20.361208
2025-05-25 23:48:14,806 INFO ==> Height map loss:  5.408364
2025-05-25 23:48:23,966 INFO ==> EMD Loss: 20.461443
2025-05-25 23:48:23,966 INFO ==> Height map loss:  5.501700
2025-05-25 23:48:33,019 INFO ==> EMD Loss: 20.509531
2025-05-25 23:48:33,019 INFO ==> Height map loss:  5.657961
2025-05-25 23:48:42,248 INFO ==> EMD Loss: 20.930305
2025-05-25 23:48:42,249 INFO ==> Height map loss:  5.896559
2025-05-25 23:48:51,234 INFO ==> EMD Loss: 21.126682
2025-05-25 23:48:51,234 INFO ==> Height map loss:  6.106344
2025-05-25 23:49:11,129 INFO =====> Skill params: [-0.32699943  0.18933497  0.75096905 -0.18016022 -0.4346746 ]
2025-05-25 23:49:11,129 INFO =====> Grad: [2402.7656  -803.6161   353.215    211.20137  535.2387 ]
2025-05-25 23:49:11,129 INFO =====> Num. aborted data so far: 0
2025-05-25 23:49:11,130 INFO ===========> Epoch: 17 optimisation losses
2025-05-25 23:49:11,130 INFO =====> EMD Loss: 20.312038
2025-05-25 23:49:11,130 INFO =====> Height map loss: 5.431934
2025-05-25 23:49:20,106 INFO ==> EMD Loss: 20.343750
2025-05-25 23:49:20,106 INFO ==> Height map loss:  5.396368
2025-05-25 23:49:29,230 INFO ==> EMD Loss: 20.377335
2025-05-25 23:49:29,230 INFO ==> Height map loss:  5.518976
2025-05-25 23:49:38,174 INFO ==> EMD Loss: 20.844608
2025-05-25 23:49:38,175 INFO ==> Height map loss:  5.695416
2025-05-25 23:49:47,366 INFO ==> EMD Loss: 20.752584
2025-05-25 23:49:47,366 INFO ==> Height map loss:  5.856536
2025-05-25 23:49:56,320 INFO ==> EMD Loss: 20.772787
2025-05-25 23:49:56,320 INFO ==> Height map loss:  6.181244
2025-05-25 23:50:16,150 INFO =====> Skill params: [-0.33051515  0.19230449  0.74672586 -0.1814978  -0.43827656]
2025-05-25 23:50:16,151 INFO =====> Grad: [2424.5488  -595.2367  -233.93063 -348.86386  502.2129 ]
2025-05-25 23:50:16,151 INFO =====> Num. aborted data so far: 0
2025-05-25 23:50:16,151 INFO ===========> Epoch: 18 optimisation losses
2025-05-25 23:50:16,152 INFO =====> EMD Loss: 20.311857
2025-05-25 23:50:16,152 INFO =====> Height map loss: 5.415053
2025-05-25 23:50:25,107 INFO ==> EMD Loss: 20.323946
2025-05-25 23:50:25,107 INFO ==> Height map loss:  5.401432
2025-05-25 23:50:34,297 INFO ==> EMD Loss: 20.447727
2025-05-25 23:50:34,297 INFO ==> Height map loss:  5.586309
2025-05-25 23:50:43,178 INFO ==> EMD Loss: 20.523985
2025-05-25 23:50:43,178 INFO ==> Height map loss:  5.710194
2025-05-25 23:50:52,336 INFO ==> EMD Loss: 20.962032
2025-05-25 23:50:52,336 INFO ==> Height map loss:  5.885283
2025-05-25 23:51:01,212 INFO ==> EMD Loss: 20.969303
2025-05-25 23:51:01,212 INFO ==> Height map loss:  5.996336
2025-05-25 23:51:20,772 INFO =====> Skill params: [-0.33399412  0.1945567   0.74955344 -0.17923602 -0.44161168]
2025-05-25 23:51:20,772 INFO =====> Grad: [-2690.5496   -954.65497   354.49484   745.9815   -154.2946 ]
2025-05-25 23:51:20,772 INFO =====> Num. aborted data so far: 0
2025-05-25 23:51:20,773 INFO ===========> Epoch: 19 optimisation losses
2025-05-25 23:51:20,773 INFO =====> EMD Loss: 20.350103
2025-05-25 23:51:20,773 INFO =====> Height map loss: 5.417323
2025-05-25 23:51:29,503 INFO ==> EMD Loss: 20.330170
2025-05-25 23:51:29,503 INFO ==> Height map loss:  5.409603
2025-05-25 23:51:38,376 INFO ==> EMD Loss: 20.291843
2025-05-25 23:51:38,376 INFO ==> Height map loss:  5.422608
2025-05-25 23:51:47,107 INFO ==> EMD Loss: 20.378201
2025-05-25 23:51:47,107 INFO ==> Height map loss:  5.492288
2025-05-25 23:51:55,863 INFO ==> EMD Loss: 20.586441
2025-05-25 23:51:55,863 INFO ==> Height map loss:  5.554893
2025-05-25 23:52:04,922 INFO ==> EMD Loss: 20.372692
2025-05-25 23:52:04,922 INFO ==> Height map loss:  5.505050
2025-05-25 23:52:13,573 INFO ===========> Finished training.
2025-05-25 23:52:13,574 INFO ====> Final EMD Loss: 20.330235
2025-05-25 23:52:13,574 INFO ====> Final Height map loss: 5.409629
2025-05-25 23:52:13,574 INFO ====> Final skill params: [-0.3302542   0.19809026  0.74547535 -0.1837267  -0.44053853]
