2025-05-27 18:50:24,731 INFO =====> Skill params: [-0.47677574 -0.4030177   0.62845147 -0.8161681   0.20020105]
2025-05-27 18:50:24,732 INFO =====> Grad: [ 2747.8892   -1415.9823    -150.79022   -620.58905     25.702438]
2025-05-27 18:50:24,732 INFO =====> Num. aborted data so far: 0
2025-05-27 18:50:24,732 INFO ===========> Epoch: 0 optimisation losses
2025-05-27 18:50:24,732 INFO =====> EMD Loss: 14.633391
2025-05-27 18:50:24,732 INFO =====> Height map loss: 6.623307
2025-05-27 18:50:34,429 INFO ==> EMD Loss: 14.679769
2025-05-27 18:50:34,429 INFO ==> Height map loss:  6.639315
2025-05-27 18:50:43,902 INFO ==> EMD Loss: 14.752990
2025-05-27 18:50:43,902 INFO ==> Height map loss:  6.838281
2025-05-27 18:50:53,425 INFO ==> EMD Loss: 14.838394
2025-05-27 18:50:53,425 INFO ==> Height map loss:  7.026639
2025-05-27 18:51:02,628 INFO ==> EMD Loss: 14.942962
2025-05-27 18:51:02,628 INFO ==> Height map loss:  7.099242
2025-05-27 18:51:11,927 INFO ==> EMD Loss: 14.988664
2025-05-27 18:51:11,927 INFO ==> Height map loss:  7.035633
2025-05-27 18:51:34,956 INFO =====> Skill params: [-0.48626256 -0.39353088  0.6379383  -0.8066813   0.19071421]
2025-05-27 18:51:34,956 INFO =====> Grad: [-380.48257   830.4765    188.04486  -461.8608      3.693679]
2025-05-27 18:51:34,956 INFO =====> Num. aborted data so far: 0
2025-05-27 18:51:34,957 INFO ===========> Epoch: 1 optimisation losses
2025-05-27 18:51:34,957 INFO =====> EMD Loss: 14.682312
2025-05-27 18:51:34,957 INFO =====> Height map loss: 6.641503
2025-05-27 18:51:44,699 INFO ==> EMD Loss: 14.638799
2025-05-27 18:51:44,699 INFO ==> Height map loss:  6.633345
2025-05-27 18:51:54,648 INFO ==> EMD Loss: 14.648881
2025-05-27 18:51:54,648 INFO ==> Height map loss:  6.616294
2025-05-27 18:52:04,616 INFO ==> EMD Loss: 14.603539
2025-05-27 18:52:04,616 INFO ==> Height map loss:  6.606863
2025-05-27 18:52:14,484 INFO ==> EMD Loss: 14.564393
2025-05-27 18:52:14,484 INFO ==> Height map loss:  6.588591
2025-05-27 18:52:24,593 INFO ==> EMD Loss: 14.563910
2025-05-27 18:52:24,593 INFO ==> Height map loss:  6.603302
2025-05-27 18:52:48,540 INFO =====> Skill params: [-0.46571076 -0.46836066  0.5246825  -0.7188487   0.16940096]
2025-05-27 18:52:48,540 INFO =====> Grad: [-349.84003   637.2939   -348.74176    58.50386   -10.899127]
2025-05-27 18:52:48,540 INFO =====> Num. aborted data so far: 0
2025-05-27 18:52:48,541 INFO ===========> Epoch: 2 optimisation losses
2025-05-27 18:52:48,541 INFO =====> EMD Loss: 14.555711
2025-05-27 18:52:48,541 INFO =====> Height map loss: 6.588678
2025-05-27 18:52:58,621 INFO ==> EMD Loss: 14.558739
2025-05-27 18:52:58,621 INFO ==> Height map loss:  6.588086
2025-05-27 18:53:08,646 INFO ==> EMD Loss: 14.552814
2025-05-27 18:53:08,646 INFO ==> Height map loss:  6.598974
2025-05-27 18:53:18,954 INFO ==> EMD Loss: 14.536314
2025-05-27 18:53:18,954 INFO ==> Height map loss:  6.601555
2025-05-27 18:53:29,234 INFO ==> EMD Loss: 14.554008
2025-05-27 18:53:29,234 INFO ==> Height map loss:  6.602684
2025-05-27 18:53:39,600 INFO ==> EMD Loss: 14.569939
2025-05-27 18:53:39,600 INFO ==> Height map loss:  6.580391
2025-05-27 18:54:05,142 INFO =====> Skill params: [-0.43940878 -0.5426271   0.68429387 -0.73443264  0.24952282]
2025-05-27 18:54:05,143 INFO =====> Grad: [-2799.9753    1227.683       91.410934   262.88397   -140.85802 ]
2025-05-27 18:54:05,143 INFO =====> Num. aborted data so far: 0
2025-05-27 18:54:05,143 INFO ===========> Epoch: 3 optimisation losses
2025-05-27 18:54:05,143 INFO =====> EMD Loss: 14.529996
2025-05-27 18:54:05,143 INFO =====> Height map loss: 6.577968
2025-05-27 18:54:15,701 INFO ==> EMD Loss: 14.573846
2025-05-27 18:54:15,701 INFO ==> Height map loss:  6.596365
2025-05-27 18:54:26,397 INFO ==> EMD Loss: 14.565592
2025-05-27 18:54:26,397 INFO ==> Height map loss:  6.594230
2025-05-27 18:54:37,143 INFO ==> EMD Loss: 14.571382
2025-05-27 18:54:37,143 INFO ==> Height map loss:  6.597398
2025-05-27 18:54:48,148 INFO ==> EMD Loss: 14.578581
2025-05-27 18:54:48,148 INFO ==> Height map loss:  6.599453
2025-05-27 18:54:59,427 INFO ==> EMD Loss: 14.576857
2025-05-27 18:54:59,428 INFO ==> Height map loss:  6.601002
2025-05-27 18:55:25,517 INFO =====> Skill params: [-0.4033571  -0.57214147  0.67355514 -0.7516304   0.29625615]
2025-05-27 18:55:25,518 INFO =====> Grad: [1216.0642 -570.1912  416.9264  -33.1778  -67.7814]
2025-05-27 18:55:25,518 INFO =====> Num. aborted data so far: 0
2025-05-27 18:55:25,518 INFO ===========> Epoch: 4 optimisation losses
2025-05-27 18:55:25,518 INFO =====> EMD Loss: 14.565278
2025-05-27 18:55:25,518 INFO =====> Height map loss: 6.593647
2025-05-27 18:55:36,213 INFO ==> EMD Loss: 14.580842
2025-05-27 18:55:36,214 INFO ==> Height map loss:  6.589997
2025-05-27 18:55:46,918 INFO ==> EMD Loss: 14.583591
2025-05-27 18:55:46,918 INFO ==> Height map loss:  6.589902
2025-05-27 18:55:57,434 INFO ==> EMD Loss: 14.574524
2025-05-27 18:55:57,435 INFO ==> Height map loss:  6.595583
2025-05-27 18:56:07,933 INFO ==> EMD Loss: 14.590194
2025-05-27 18:56:07,933 INFO ==> Height map loss:  6.599212
2025-05-27 18:56:18,339 INFO ==> EMD Loss: 14.579878
2025-05-27 18:56:18,339 INFO ==> Height map loss:  6.604908
2025-05-27 18:56:44,263 INFO =====> Skill params: [-0.4189451 -0.5583193  0.6386252 -0.7493452  0.3174605]
2025-05-27 18:56:44,263 INFO =====> Grad: [-626.9214    859.6024     75.670944  -33.311386   -5.338698]
2025-05-27 18:56:44,263 INFO =====> Num. aborted data so far: 0
2025-05-27 18:56:44,264 INFO ===========> Epoch: 5 optimisation losses
2025-05-27 18:56:44,264 INFO =====> EMD Loss: 14.580119
2025-05-27 18:56:44,264 INFO =====> Height map loss: 6.589153
2025-05-27 18:56:54,889 INFO ==> EMD Loss: 14.575903
2025-05-27 18:56:54,889 INFO ==> Height map loss:  6.593915
2025-05-27 18:57:05,818 INFO ==> EMD Loss: 14.578310
2025-05-27 18:57:05,818 INFO ==> Height map loss:  6.596706
2025-05-27 18:57:16,496 INFO ==> EMD Loss: 14.583331
2025-05-27 18:57:16,496 INFO ==> Height map loss:  6.600182
2025-05-27 18:57:27,420 INFO ==> EMD Loss: 14.570988
2025-05-27 18:57:27,421 INFO ==> Height map loss:  6.589053
2025-05-27 18:57:38,568 INFO ==> EMD Loss: 14.569790
2025-05-27 18:57:38,568 INFO ==> Height map loss:  6.599627
2025-05-27 18:58:05,460 INFO =====> Skill params: [-0.39392838 -0.61811477  0.6187734  -0.742099    0.3227383 ]
2025-05-27 18:58:05,460 INFO =====> Grad: [-4.5172256e+02  4.8462323e+02  1.7078543e+02  7.9678215e-02
  3.7285013e-03]
2025-05-27 18:58:05,460 INFO =====> Num. aborted data so far: 0
2025-05-27 18:58:05,460 INFO ===========> Epoch: 6 optimisation losses
2025-05-27 18:58:05,460 INFO =====> EMD Loss: 14.579996
2025-05-27 18:58:05,460 INFO =====> Height map loss: 6.595516
2025-05-27 18:58:16,449 INFO ==> EMD Loss: 14.579455
2025-05-27 18:58:16,449 INFO ==> Height map loss:  6.592885
2025-05-27 18:58:27,279 INFO ==> EMD Loss: 14.574298
2025-05-27 18:58:27,279 INFO ==> Height map loss:  6.591422
2025-05-27 18:58:38,281 INFO ==> EMD Loss: 14.569844
2025-05-27 18:58:38,281 INFO ==> Height map loss:  6.600180
2025-05-27 18:58:49,249 INFO ==> EMD Loss: 14.578661
2025-05-27 18:58:49,249 INFO ==> Height map loss:  6.601609
2025-05-27 18:59:00,484 INFO ==> EMD Loss: 14.578465
2025-05-27 18:59:00,484 INFO ==> Height map loss:  6.600189
2025-05-27 18:59:27,645 INFO =====> Skill params: [-0.38765055 -0.62960684  0.60383207 -0.74210507  0.322737  ]
2025-05-27 18:59:27,645 INFO =====> Grad: [ 9.4870013e+02  1.7418030e+02 -1.4312624e+02  6.9172578e+00
  9.0661538e-01]
2025-05-27 18:59:27,645 INFO =====> Num. aborted data so far: 0
2025-05-27 18:59:27,646 INFO ===========> Epoch: 7 optimisation losses
2025-05-27 18:59:27,646 INFO =====> EMD Loss: 14.578784
2025-05-27 18:59:27,646 INFO =====> Height map loss: 6.594508
2025-05-27 18:59:38,577 INFO ==> EMD Loss: 14.575943
2025-05-27 18:59:38,577 INFO ==> Height map loss:  6.592741
2025-05-27 18:59:49,567 INFO ==> EMD Loss: 14.582327
2025-05-27 18:59:49,567 INFO ==> Height map loss:  6.597457
2025-05-27 19:00:00,502 INFO ==> EMD Loss: 14.579984
2025-05-27 19:00:00,502 INFO ==> Height map loss:  6.593416
2025-05-27 19:00:11,600 INFO ==> EMD Loss: 14.582152
2025-05-27 19:00:11,600 INFO ==> Height map loss:  6.597080
2025-05-27 19:00:22,647 INFO ==> EMD Loss: 14.578536
2025-05-27 19:00:22,647 INFO ==> Height map loss:  6.596392
2025-05-27 19:00:50,058 INFO =====> Skill params: [-0.39031798 -0.630474    0.6063752  -0.7422165   0.3226706 ]
2025-05-27 19:00:50,058 INFO =====> Grad: [ 4.3341061e+02  6.2451056e+02 -2.6120700e+02  1.6863059e-01
  2.2622515e-02]
2025-05-27 19:00:50,058 INFO =====> Num. aborted data so far: 0
2025-05-27 19:00:50,059 INFO ===========> Epoch: 8 optimisation losses
2025-05-27 19:00:50,059 INFO =====> EMD Loss: 14.569610
2025-05-27 19:00:50,059 INFO =====> Height map loss: 6.594579
2025-05-27 19:01:01,032 INFO ==> EMD Loss: 14.587045
2025-05-27 19:01:01,032 INFO ==> Height map loss:  6.599037
2025-05-27 19:01:12,092 INFO ==> EMD Loss: 14.577469
2025-05-27 19:01:12,092 INFO ==> Height map loss:  6.600853
2025-05-27 19:01:23,235 INFO ==> EMD Loss: 14.578835
2025-05-27 19:01:23,236 INFO ==> Height map loss:  6.600705
2025-05-27 19:01:34,589 INFO ==> EMD Loss: 14.570692
2025-05-27 19:01:34,589 INFO ==> Height map loss:  6.601243
2025-05-27 19:01:45,857 INFO ==> EMD Loss: 14.578201
2025-05-27 19:01:45,857 INFO ==> Height map loss:  6.602281
2025-05-27 19:02:13,680 INFO =====> Skill params: [-0.3915909  -0.6335715   0.61072344 -0.7422194   0.32266885]
2025-05-27 19:02:13,680 INFO =====> Grad: [-1957.7621   -442.80774   315.83588     0.          0.     ]
2025-05-27 19:02:13,680 INFO =====> Num. aborted data so far: 0
2025-05-27 19:02:13,681 INFO ===========> Epoch: 9 optimisation losses
2025-05-27 19:02:13,681 INFO =====> EMD Loss: 14.574176
2025-05-27 19:02:13,681 INFO =====> Height map loss: 6.590900
2025-05-27 19:02:24,740 INFO ==> EMD Loss: 14.586985
2025-05-27 19:02:24,740 INFO ==> Height map loss:  6.602553
2025-05-27 19:02:35,564 INFO ==> EMD Loss: 14.575521
2025-05-27 19:02:35,564 INFO ==> Height map loss:  6.592818
2025-05-27 19:02:46,532 INFO ==> EMD Loss: 14.576620
2025-05-27 19:02:46,532 INFO ==> Height map loss:  6.598169
2025-05-27 19:02:57,271 INFO ==> EMD Loss: 14.576929
2025-05-27 19:02:57,271 INFO ==> Height map loss:  6.598493
2025-05-27 19:03:08,112 INFO ==> EMD Loss: 14.577566
2025-05-27 19:03:08,112 INFO ==> Height map loss:  6.599644
2025-05-27 19:03:34,787 INFO =====> Skill params: [-0.36605334 -0.6223259   0.586797   -0.7422194   0.32266885]
2025-05-27 19:03:34,787 INFO =====> Grad: [ 2.8318752e+03 -5.6175037e+02 -5.3775753e+01  5.0797710e+00
  6.7890513e-01]
2025-05-27 19:03:34,787 INFO =====> Num. aborted data so far: 0
2025-05-27 19:03:34,787 INFO ===========> Epoch: 10 optimisation losses
2025-05-27 19:03:34,787 INFO =====> EMD Loss: 14.586998
2025-05-27 19:03:34,787 INFO =====> Height map loss: 6.597889
2025-05-27 19:03:45,767 INFO ==> EMD Loss: 14.579847
2025-05-27 19:03:45,767 INFO ==> Height map loss:  6.588719
2025-05-27 19:03:56,528 INFO ==> EMD Loss: 14.573263
2025-05-27 19:03:56,528 INFO ==> Height map loss:  6.597447
2025-05-27 19:04:07,544 INFO ==> EMD Loss: 14.597346
2025-05-27 19:04:07,544 INFO ==> Height map loss:  6.608906
2025-05-27 19:04:18,300 INFO ==> EMD Loss: 14.579759
2025-05-27 19:04:18,300 INFO ==> Height map loss:  6.591533
2025-05-27 19:04:29,136 INFO ==> EMD Loss: 14.575460
2025-05-27 19:04:29,136 INFO ==> Height map loss:  6.588596
2025-05-27 19:04:55,342 INFO =====> Skill params: [-0.48643887 -0.5649865   0.60390383 -0.74413645  0.32150435]
2025-05-27 19:04:55,342 INFO =====> Grad: [2597.1042   -672.08386   416.32608    61.291523 -180.68242 ]
2025-05-27 19:04:55,342 INFO =====> Num. aborted data so far: 0
2025-05-27 19:04:55,343 INFO ===========> Epoch: 11 optimisation losses
2025-05-27 19:04:55,343 INFO =====> EMD Loss: 14.572827
2025-05-27 19:04:55,343 INFO =====> Height map loss: 6.586979
2025-05-27 19:05:06,052 INFO ==> EMD Loss: 14.707678
2025-05-27 19:05:06,052 INFO ==> Height map loss:  6.625597
2025-05-27 19:05:16,677 INFO ==> EMD Loss: 14.574227
2025-05-27 19:05:16,677 INFO ==> Height map loss:  6.603202
2025-05-27 19:05:27,414 INFO ==> EMD Loss: 14.587789
2025-05-27 19:05:27,414 INFO ==> Height map loss:  6.603055
2025-05-27 19:05:38,017 INFO ==> EMD Loss: 14.589733
2025-05-27 19:05:38,018 INFO ==> Height map loss:  6.603361
2025-05-27 19:05:48,636 INFO ==> EMD Loss: 14.586629
2025-05-27 19:05:48,636 INFO ==> Height map loss:  6.601432
2025-05-27 19:06:14,565 INFO =====> Skill params: [-0.585642   -0.4974154   0.49145812 -0.7683201   0.48557538]
2025-05-27 19:06:14,566 INFO =====> Grad: [-1816.5227    1363.887      110.91644     97.34255    -21.534622]
2025-05-27 19:06:14,566 INFO =====> Num. aborted data so far: 0
2025-05-27 19:06:14,566 INFO ===========> Epoch: 12 optimisation losses
2025-05-27 19:06:14,566 INFO =====> EMD Loss: 14.583655
2025-05-27 19:06:14,566 INFO =====> Height map loss: 6.601380
2025-05-27 19:06:25,201 INFO ==> EMD Loss: 14.576100
2025-05-27 19:06:25,201 INFO ==> Height map loss:  6.613876
2025-05-27 19:06:35,813 INFO ==> EMD Loss: 14.715353
2025-05-27 19:06:35,813 INFO ==> Height map loss:  6.634611
2025-05-27 19:06:46,754 INFO ==> EMD Loss: 14.585423
2025-05-27 19:06:46,754 INFO ==> Height map loss:  6.600277
2025-05-27 19:06:57,647 INFO ==> EMD Loss: 14.575020
2025-05-27 19:06:57,647 INFO ==> Height map loss:  6.598031
2025-05-27 19:07:08,803 INFO ==> EMD Loss: 14.582520
2025-05-27 19:07:08,803 INFO ==> Height map loss:  6.601020
2025-05-27 19:07:35,507 INFO =====> Skill params: [-0.5344581 -0.5836497  0.468096  -0.7980159  0.5009444]
2025-05-27 19:07:35,507 INFO =====> Grad: [-1144.9812    1148.8097      66.84933      8.124609  -138.22112 ]
2025-05-27 19:07:35,507 INFO =====> Num. aborted data so far: 0
2025-05-27 19:07:35,507 INFO ===========> Epoch: 13 optimisation losses
2025-05-27 19:07:35,508 INFO =====> EMD Loss: 14.577224
2025-05-27 19:07:35,508 INFO =====> Height map loss: 6.599098
2025-05-27 19:07:46,492 INFO ==> EMD Loss: 14.583886
2025-05-27 19:07:46,492 INFO ==> Height map loss:  6.600047
2025-05-27 19:07:57,445 INFO ==> EMD Loss: 14.583547
2025-05-27 19:07:57,445 INFO ==> Height map loss:  6.603920
2025-05-27 19:08:08,681 INFO ==> EMD Loss: 14.598980
2025-05-27 19:08:08,681 INFO ==> Height map loss:  6.600836
2025-05-27 19:08:19,998 INFO ==> EMD Loss: 14.581923
2025-05-27 19:08:19,998 INFO ==> Height map loss:  6.601242
2025-05-27 19:08:31,468 INFO ==> EMD Loss: 14.581367
2025-05-27 19:08:31,468 INFO ==> Height map loss:  6.602407
2025-05-27 19:08:58,340 INFO =====> Skill params: [-0.532253   -0.58814466  0.46711186 -0.79819006  0.5065415 ]
2025-05-27 19:08:58,341 INFO =====> Grad: [-9.508119   6.6506214 91.495964   0.         0.       ]
2025-05-27 19:08:58,341 INFO =====> Num. aborted data so far: 0
2025-05-27 19:08:58,341 INFO ===========> Epoch: 14 optimisation losses
2025-05-27 19:08:58,341 INFO =====> EMD Loss: 14.583939
2025-05-27 19:08:58,341 INFO =====> Height map loss: 6.599868
2025-05-27 19:09:09,388 INFO ==> EMD Loss: 14.583711
2025-05-27 19:09:09,388 INFO ==> Height map loss:  6.600513
2025-05-27 19:09:20,254 INFO ==> EMD Loss: 14.583609
2025-05-27 19:09:20,255 INFO ==> Height map loss:  6.600657
2025-05-27 19:09:31,376 INFO ==> EMD Loss: 14.583504
2025-05-27 19:09:31,376 INFO ==> Height map loss:  6.600744
2025-05-27 19:09:42,260 INFO ==> EMD Loss: 14.583439
2025-05-27 19:09:42,260 INFO ==> Height map loss:  6.600855
2025-05-27 19:09:53,330 INFO ==> EMD Loss: 14.583436
2025-05-27 19:09:53,330 INFO ==> Height map loss:  6.600892
2025-05-27 19:10:20,115 INFO =====> Skill params: [-0.5322337  -0.5881721   0.46570766 -0.79819006  0.5065415 ]
2025-05-27 19:10:20,116 INFO =====> Grad: [ 234.68718 -272.92877 -232.59563    0.         0.     ]
2025-05-27 19:10:20,116 INFO =====> Num. aborted data so far: 0
2025-05-27 19:10:20,116 INFO ===========> Epoch: 15 optimisation losses
2025-05-27 19:10:20,116 INFO =====> EMD Loss: 14.575776
2025-05-27 19:10:20,116 INFO =====> Height map loss: 6.600404
2025-05-27 19:10:31,267 INFO ==> EMD Loss: 14.583671
2025-05-27 19:10:31,267 INFO ==> Height map loss:  6.600391
2025-05-27 19:10:42,089 INFO ==> EMD Loss: 14.585851
2025-05-27 19:10:42,089 INFO ==> Height map loss:  6.599079
2025-05-27 19:10:53,091 INFO ==> EMD Loss: 14.586648
2025-05-27 19:10:53,091 INFO ==> Height map loss:  6.601577
2025-05-27 19:11:03,913 INFO ==> EMD Loss: 14.590638
2025-05-27 19:11:03,914 INFO ==> Height map loss:  6.611051
2025-05-27 19:11:14,662 INFO ==> EMD Loss: 14.578497
2025-05-27 19:11:14,662 INFO ==> Height map loss:  6.611789
2025-05-27 19:11:41,470 INFO =====> Skill params: [-0.53474116 -0.5822852   0.48319596 -0.79819006  0.5065415 ]
2025-05-27 19:11:41,471 INFO =====> Grad: [ 2790.6328    -1216.6014      -74.131256   -178.10016       4.5055056]
2025-05-27 19:11:41,471 INFO =====> Num. aborted data so far: 0
2025-05-27 19:11:41,471 INFO ===========> Epoch: 16 optimisation losses
2025-05-27 19:11:41,471 INFO =====> EMD Loss: 14.601501
2025-05-27 19:11:41,471 INFO =====> Height map loss: 6.617745
2025-05-27 19:11:52,550 INFO ==> EMD Loss: 14.586423
2025-05-27 19:11:52,550 INFO ==> Height map loss:  6.603472
2025-05-27 19:12:03,327 INFO ==> EMD Loss: 14.577879
2025-05-27 19:12:03,327 INFO ==> Height map loss:  6.602378
2025-05-27 19:12:13,971 INFO ==> EMD Loss: 14.580544
2025-05-27 19:12:13,971 INFO ==> Height map loss:  6.616130
2025-05-27 19:12:24,734 INFO ==> EMD Loss: 14.598291
2025-05-27 19:12:24,734 INFO ==> Height map loss:  6.601227
2025-05-27 19:12:35,194 INFO ==> EMD Loss: 14.750246
2025-05-27 19:12:35,195 INFO ==> Height map loss:  6.646399
2025-05-27 19:13:01,515 INFO =====> Skill params: [-0.61333925 -0.51060104  0.500688   -0.73752433  0.503337  ]
2025-05-27 19:13:01,515 INFO =====> Grad: [ 8.2162457e+02 -1.0345525e+03 -1.5313965e+02  2.8949366e+01
  9.2835343e-01]
2025-05-27 19:13:01,515 INFO =====> Num. aborted data so far: 0
2025-05-27 19:13:01,516 INFO ===========> Epoch: 17 optimisation losses
2025-05-27 19:13:01,516 INFO =====> EMD Loss: 14.597856
2025-05-27 19:13:01,516 INFO =====> Height map loss: 6.600812
2025-05-27 19:13:12,105 INFO ==> EMD Loss: 14.598312
2025-05-27 19:13:12,105 INFO ==> Height map loss:  6.604292
2025-05-27 19:13:22,830 INFO ==> EMD Loss: 14.660948
2025-05-27 19:13:22,830 INFO ==> Height map loss:  6.611529
2025-05-27 19:13:33,178 INFO ==> EMD Loss: 14.599525
2025-05-27 19:13:33,178 INFO ==> Height map loss:  6.617087
2025-05-27 19:13:43,701 INFO ==> EMD Loss: 14.663082
2025-05-27 19:13:43,701 INFO ==> Height map loss:  6.627861
2025-05-27 19:13:53,917 INFO ==> EMD Loss: 14.617339
2025-05-27 19:13:53,917 INFO ==> Height map loss:  6.645117
2025-05-27 19:14:19,634 INFO =====> Skill params: [-0.6149421  -0.50669694  0.503141   -0.73821545  0.50329065]
2025-05-27 19:14:19,634 INFO =====> Grad: [   2.4968083 -952.5348     358.41013     -4.436266    10.651605 ]
2025-05-27 19:14:19,634 INFO =====> Num. aborted data so far: 0
2025-05-27 19:14:19,634 INFO ===========> Epoch: 18 optimisation losses
2025-05-27 19:14:19,635 INFO =====> EMD Loss: 14.596641
2025-05-27 19:14:19,635 INFO =====> Height map loss: 6.603164
2025-05-27 19:14:30,144 INFO ==> EMD Loss: 14.591486
2025-05-27 19:14:30,145 INFO ==> Height map loss:  6.603394
2025-05-27 19:14:40,754 INFO ==> EMD Loss: 14.640554
2025-05-27 19:14:40,754 INFO ==> Height map loss:  6.611327
2025-05-27 19:14:51,047 INFO ==> EMD Loss: 14.803755
2025-05-27 19:14:51,047 INFO ==> Height map loss:  6.640762
2025-05-27 19:15:01,487 INFO ==> EMD Loss: 14.599979
2025-05-27 19:15:01,487 INFO ==> Height map loss:  6.612189
2025-05-27 19:15:11,625 INFO ==> EMD Loss: 14.659669
2025-05-27 19:15:11,625 INFO ==> Height map loss:  6.631669
2025-05-27 19:15:37,235 INFO =====> Skill params: [-0.6149472 -0.5031782  0.4980391 -0.7381038  0.5027305]
2025-05-27 19:15:37,236 INFO =====> Grad: [ 1793.6677   -1364.9907    -105.06623    -55.42697     -5.973707]
2025-05-27 19:15:37,236 INFO =====> Num. aborted data so far: 0
2025-05-27 19:15:37,236 INFO ===========> Epoch: 19 optimisation losses
2025-05-27 19:15:37,236 INFO =====> EMD Loss: 14.591252
2025-05-27 19:15:37,237 INFO =====> Height map loss: 6.603272
2025-05-27 19:15:47,710 INFO ==> EMD Loss: 14.630906
2025-05-27 19:15:47,710 INFO ==> Height map loss:  6.605748
2025-05-27 19:15:58,278 INFO ==> EMD Loss: 14.635912
2025-05-27 19:15:58,279 INFO ==> Height map loss:  6.626845
2025-05-27 19:16:08,546 INFO ==> EMD Loss: 14.672343
2025-05-27 19:16:08,547 INFO ==> Height map loss:  6.636430
2025-05-27 19:16:18,936 INFO ==> EMD Loss: 14.636853
2025-05-27 19:16:18,936 INFO ==> Height map loss:  6.645855
2025-05-27 19:16:29,150 INFO ==> EMD Loss: 14.598155
2025-05-27 19:16:29,150 INFO ==> Height map loss:  6.607638
2025-05-27 19:16:39,558 INFO ===========> Finished training.
2025-05-27 19:16:39,559 INFO ====> Final EMD Loss: 14.622931
2025-05-27 19:16:39,559 INFO ====> Final Height map loss: 6.605814
2025-05-27 19:16:39,559 INFO ====> Final skill params: [-0.61854464 -0.49854118  0.49959427 -0.736651    0.5030615 ]
