2024-12-10 18:22:25,899 DEBUG loaded <trimesh.Trimesh(vertices.shape=(916, 3), faces.shape=(856, 3))> using `load_obj` in 0.0029s
2024-12-10 18:22:26,046 DEBUG loaded <trimesh.Trimesh(vertices.shape=(48, 3), faces.shape=(28, 3))> using `load_obj` in 0.0007s
2024-12-10 18:22:47,457 INFO =====> Skill params: [ 0.27392337 -0.46042657 -0.918053   -0.96694475  0.6265405 ]
2024-12-10 18:22:47,458 INFO =====> Grad: [ 13.807748 -11.629232   0.         0.         0.      ]
2024-12-10 18:22:47,458 INFO =====> Num. aborted data so far: 0
2024-12-10 18:22:47,458 INFO ===========> Epoch: 0 optimisation losses
2024-12-10 18:22:47,458 INFO =====> EMD Loss: 15.279110
2024-12-10 18:22:47,458 INFO =====> Height map loss: 5.344522
2024-12-10 18:22:47,824 DEBUG loaded <trimesh.Trimesh(vertices.shape=(916, 3), faces.shape=(856, 3))> using `load_obj` in 0.0031s
2024-12-10 18:22:47,963 DEBUG loaded <trimesh.Trimesh(vertices.shape=(48, 3), faces.shape=(28, 3))> using `load_obj` in 0.0007s
2024-12-10 18:22:55,733 INFO ==> EMD Loss: 15.279097
2024-12-10 18:22:55,733 INFO ==> Height map loss:  5.343018
2024-12-10 18:22:56,014 DEBUG loaded <trimesh.Trimesh(vertices.shape=(916, 3), faces.shape=(856, 3))> using `load_obj` in 0.0028s
2024-12-10 18:22:56,151 DEBUG loaded <trimesh.Trimesh(vertices.shape=(48, 3), faces.shape=(28, 3))> using `load_obj` in 0.0007s
2024-12-10 18:23:03,847 INFO ==> EMD Loss: 15.207284
2024-12-10 18:23:03,847 INFO ==> Height map loss:  5.343287
2024-12-10 18:23:04,130 DEBUG loaded <trimesh.Trimesh(vertices.shape=(916, 3), faces.shape=(856, 3))> using `load_obj` in 0.0028s
2024-12-10 18:23:04,267 DEBUG loaded <trimesh.Trimesh(vertices.shape=(48, 3), faces.shape=(28, 3))> using `load_obj` in 0.0007s
2024-12-10 18:23:11,783 INFO ==> EMD Loss: 15.192039
2024-12-10 18:23:11,783 INFO ==> Height map loss:  5.343581
2024-12-10 18:23:12,070 DEBUG loaded <trimesh.Trimesh(vertices.shape=(916, 3), faces.shape=(856, 3))> using `load_obj` in 0.0029s
2024-12-10 18:23:12,210 DEBUG loaded <trimesh.Trimesh(vertices.shape=(48, 3), faces.shape=(28, 3))> using `load_obj` in 0.0007s
2024-12-10 18:23:19,909 INFO ==> EMD Loss: 15.199662
2024-12-10 18:23:19,909 INFO ==> Height map loss:  5.343715
2024-12-10 18:23:20,197 DEBUG loaded <trimesh.Trimesh(vertices.shape=(916, 3), faces.shape=(856, 3))> using `load_obj` in 0.0028s
2024-12-10 18:23:20,333 DEBUG loaded <trimesh.Trimesh(vertices.shape=(48, 3), faces.shape=(28, 3))> using `load_obj` in 0.0007s
2024-12-10 18:23:27,718 INFO ==> EMD Loss: 15.070837
2024-12-10 18:23:27,718 INFO ==> Height map loss:  5.343506
2024-12-10 18:23:28,167 DEBUG loaded <trimesh.Trimesh(vertices.shape=(916, 3), faces.shape=(856, 3))> using `load_obj` in 0.0047s
2024-12-10 18:23:28,397 DEBUG loaded <trimesh.Trimesh(vertices.shape=(48, 3), faces.shape=(28, 3))> using `load_obj` in 0.0010s
2024-12-10 18:23:49,817 INFO =====> Skill params: [ 0.26443654 -0.45093974 -0.918053   -0.96694475  0.6265405 ]
2024-12-10 18:23:49,817 INFO =====> Grad: [ 8.073762 11.703798  0.        0.        0.      ]
2024-12-10 18:23:49,817 INFO =====> Num. aborted data so far: 0
2024-12-10 18:23:49,818 INFO ===========> Epoch: 1 optimisation losses
2024-12-10 18:23:49,818 INFO =====> EMD Loss: 15.270577
2024-12-10 18:23:49,818 INFO =====> Height map loss: 5.343033
2024-12-10 18:23:50,135 DEBUG loaded <trimesh.Trimesh(vertices.shape=(916, 3), faces.shape=(856, 3))> using `load_obj` in 0.0030s
2024-12-10 18:23:50,272 DEBUG loaded <trimesh.Trimesh(vertices.shape=(48, 3), faces.shape=(28, 3))> using `load_obj` in 0.0007s
2024-12-10 18:23:58,058 INFO ==> EMD Loss: 15.278937
2024-12-10 18:23:58,058 INFO ==> Height map loss:  5.342886
2024-12-10 18:23:58,373 DEBUG loaded <trimesh.Trimesh(vertices.shape=(916, 3), faces.shape=(856, 3))> using `load_obj` in 0.0029s
2024-12-10 18:23:58,513 DEBUG loaded <trimesh.Trimesh(vertices.shape=(48, 3), faces.shape=(28, 3))> using `load_obj` in 0.0007s
2024-12-10 18:24:06,731 INFO ==> EMD Loss: 15.279817
2024-12-10 18:24:06,731 INFO ==> Height map loss:  5.344411
2024-12-10 18:24:07,033 DEBUG loaded <trimesh.Trimesh(vertices.shape=(916, 3), faces.shape=(856, 3))> using `load_obj` in 0.0029s
2024-12-10 18:24:07,172 DEBUG loaded <trimesh.Trimesh(vertices.shape=(48, 3), faces.shape=(28, 3))> using `load_obj` in 0.0007s
2024-12-10 18:24:15,304 INFO ==> EMD Loss: 15.269897
2024-12-10 18:24:15,305 INFO ==> Height map loss:  5.343609
2024-12-10 18:24:15,689 DEBUG loaded <trimesh.Trimesh(vertices.shape=(916, 3), faces.shape=(856, 3))> using `load_obj` in 0.0030s
2024-12-10 18:24:15,830 DEBUG loaded <trimesh.Trimesh(vertices.shape=(48, 3), faces.shape=(28, 3))> using `load_obj` in 0.0007s
2024-12-10 18:24:24,263 INFO ==> EMD Loss: 15.268969
2024-12-10 18:24:24,263 INFO ==> Height map loss:  5.342718
2024-12-10 18:24:24,571 DEBUG loaded <trimesh.Trimesh(vertices.shape=(916, 3), faces.shape=(856, 3))> using `load_obj` in 0.0030s
2024-12-10 18:24:24,713 DEBUG loaded <trimesh.Trimesh(vertices.shape=(48, 3), faces.shape=(28, 3))> using `load_obj` in 0.0007s
2024-12-10 18:24:33,283 INFO ==> EMD Loss: 15.273370
2024-12-10 18:24:33,283 INFO ==> Height map loss:  5.344387
2024-12-10 18:24:33,589 DEBUG loaded <trimesh.Trimesh(vertices.shape=(916, 3), faces.shape=(856, 3))> using `load_obj` in 0.0029s
2024-12-10 18:24:33,727 DEBUG loaded <trimesh.Trimesh(vertices.shape=(48, 3), faces.shape=(28, 3))> using `load_obj` in 0.0007s
2024-12-10 18:24:56,891 INFO =====> Skill params: [ 0.18977082 -0.5544888  -0.918053   -0.96694475  0.6265405 ]
2024-12-10 18:24:56,891 INFO =====> Grad: [0. 0. 0. 0. 0.]
2024-12-10 18:24:56,891 INFO =====> Num. aborted data so far: 0
2024-12-10 18:24:56,891 INFO ===========> Epoch: 2 optimisation losses
2024-12-10 18:24:56,892 INFO =====> EMD Loss: 15.268995
2024-12-10 18:24:56,892 INFO =====> Height map loss: 5.342752
2024-12-10 18:24:57,220 DEBUG loaded <trimesh.Trimesh(vertices.shape=(916, 3), faces.shape=(856, 3))> using `load_obj` in 0.0029s
2024-12-10 18:24:57,357 DEBUG loaded <trimesh.Trimesh(vertices.shape=(48, 3), faces.shape=(28, 3))> using `load_obj` in 0.0006s
2024-12-10 18:25:05,697 INFO ==> EMD Loss: 15.269064
2024-12-10 18:25:05,697 INFO ==> Height map loss:  5.342751
2024-12-10 18:25:06,077 DEBUG loaded <trimesh.Trimesh(vertices.shape=(916, 3), faces.shape=(856, 3))> using `load_obj` in 0.0039s
2024-12-10 18:25:06,262 DEBUG loaded <trimesh.Trimesh(vertices.shape=(48, 3), faces.shape=(28, 3))> using `load_obj` in 0.0008s
2024-12-10 18:25:14,970 INFO ==> EMD Loss: 15.277574
2024-12-10 18:25:14,970 INFO ==> Height map loss:  5.342704
2024-12-10 18:25:15,337 DEBUG loaded <trimesh.Trimesh(vertices.shape=(916, 3), faces.shape=(856, 3))> using `load_obj` in 0.0054s
2024-12-10 18:25:15,482 DEBUG loaded <trimesh.Trimesh(vertices.shape=(48, 3), faces.shape=(28, 3))> using `load_obj` in 0.0008s
2024-12-10 18:25:23,870 INFO ==> EMD Loss: 15.277665
2024-12-10 18:25:23,870 INFO ==> Height map loss:  5.342824
2024-12-10 18:25:24,215 DEBUG loaded <trimesh.Trimesh(vertices.shape=(916, 3), faces.shape=(856, 3))> using `load_obj` in 0.0029s
2024-12-10 18:25:24,355 DEBUG loaded <trimesh.Trimesh(vertices.shape=(48, 3), faces.shape=(28, 3))> using `load_obj` in 0.0007s
2024-12-10 18:25:32,694 INFO ==> EMD Loss: 15.269101
2024-12-10 18:25:32,694 INFO ==> Height map loss:  5.342754
2024-12-10 18:25:33,071 DEBUG loaded <trimesh.Trimesh(vertices.shape=(916, 3), faces.shape=(856, 3))> using `load_obj` in 0.0041s
2024-12-10 18:25:33,230 DEBUG loaded <trimesh.Trimesh(vertices.shape=(48, 3), faces.shape=(28, 3))> using `load_obj` in 0.0008s
2024-12-10 18:25:41,684 INFO ==> EMD Loss: 15.268967
2024-12-10 18:25:41,684 INFO ==> Height map loss:  5.342692
2024-12-10 18:25:41,996 DEBUG loaded <trimesh.Trimesh(vertices.shape=(916, 3), faces.shape=(856, 3))> using `load_obj` in 0.0029s
2024-12-10 18:25:42,136 DEBUG loaded <trimesh.Trimesh(vertices.shape=(48, 3), faces.shape=(28, 3))> using `load_obj` in 0.0007s
2024-12-10 18:26:05,905 INFO =====> Skill params: [ 0.18977082 -0.5544888  -0.918053   -0.96694475  0.6265405 ]
2024-12-10 18:26:05,905 INFO =====> Grad: [0. 0. 0. 0. 0.]
2024-12-10 18:26:05,905 INFO =====> Num. aborted data so far: 0
2024-12-10 18:26:05,905 INFO ===========> Epoch: 3 optimisation losses
2024-12-10 18:26:05,906 INFO =====> EMD Loss: 15.277512
2024-12-10 18:26:05,906 INFO =====> Height map loss: 5.342671
2024-12-10 18:26:06,334 DEBUG loaded <trimesh.Trimesh(vertices.shape=(916, 3), faces.shape=(856, 3))> using `load_obj` in 0.0040s
2024-12-10 18:26:06,521 DEBUG loaded <trimesh.Trimesh(vertices.shape=(48, 3), faces.shape=(28, 3))> using `load_obj` in 0.0008s
2024-12-10 18:26:15,614 INFO ==> EMD Loss: 15.269009
2024-12-10 18:26:15,614 INFO ==> Height map loss:  5.342657
2024-12-10 18:26:16,012 DEBUG loaded <trimesh.Trimesh(vertices.shape=(916, 3), faces.shape=(856, 3))> using `load_obj` in 0.0039s
2024-12-10 18:26:16,199 DEBUG loaded <trimesh.Trimesh(vertices.shape=(48, 3), faces.shape=(28, 3))> using `load_obj` in 0.0008s
2024-12-10 18:26:24,890 INFO ==> EMD Loss: 15.277566
2024-12-10 18:26:24,890 INFO ==> Height map loss:  5.342718
2024-12-10 18:26:25,210 DEBUG loaded <trimesh.Trimesh(vertices.shape=(916, 3), faces.shape=(856, 3))> using `load_obj` in 0.0029s
2024-12-10 18:26:25,357 DEBUG loaded <trimesh.Trimesh(vertices.shape=(48, 3), faces.shape=(28, 3))> using `load_obj` in 0.0007s
2024-12-10 18:26:33,823 INFO ==> EMD Loss: 15.269022
2024-12-10 18:26:33,823 INFO ==> Height map loss:  5.342707
2024-12-10 18:26:34,148 DEBUG loaded <trimesh.Trimesh(vertices.shape=(916, 3), faces.shape=(856, 3))> using `load_obj` in 0.0030s
2024-12-10 18:26:34,295 DEBUG loaded <trimesh.Trimesh(vertices.shape=(48, 3), faces.shape=(28, 3))> using `load_obj` in 0.0007s
2024-12-10 18:26:42,550 INFO ==> EMD Loss: 15.277649
2024-12-10 18:26:42,550 INFO ==> Height map loss:  5.342809
2024-12-10 18:26:42,875 DEBUG loaded <trimesh.Trimesh(vertices.shape=(916, 3), faces.shape=(856, 3))> using `load_obj` in 0.0029s
2024-12-10 18:26:43,023 DEBUG loaded <trimesh.Trimesh(vertices.shape=(48, 3), faces.shape=(28, 3))> using `load_obj` in 0.0007s
2024-12-10 18:26:51,408 INFO ==> EMD Loss: 15.269011
2024-12-10 18:26:51,408 INFO ==> Height map loss:  5.342674
2024-12-10 18:26:51,725 DEBUG loaded <trimesh.Trimesh(vertices.shape=(916, 3), faces.shape=(856, 3))> using `load_obj` in 0.0029s
2024-12-10 18:26:51,868 DEBUG loaded <trimesh.Trimesh(vertices.shape=(48, 3), faces.shape=(28, 3))> using `load_obj` in 0.0007s
2024-12-10 18:27:14,972 INFO =====> Skill params: [ 0.18977082 -0.5544888  -0.918053   -0.96694475  0.6265405 ]
2024-12-10 18:27:14,973 INFO =====> Grad: [0. 0. 0. 0. 0.]
2024-12-10 18:27:14,973 INFO =====> Num. aborted data so far: 0
2024-12-10 18:27:14,973 INFO ===========> Epoch: 4 optimisation losses
2024-12-10 18:27:14,973 INFO =====> EMD Loss: 15.269011
2024-12-10 18:27:14,973 INFO =====> Height map loss: 5.342705
2024-12-10 18:27:15,331 DEBUG loaded <trimesh.Trimesh(vertices.shape=(916, 3), faces.shape=(856, 3))> using `load_obj` in 0.0040s
2024-12-10 18:27:15,520 DEBUG loaded <trimesh.Trimesh(vertices.shape=(48, 3), faces.shape=(28, 3))> using `load_obj` in 0.0008s
2024-12-10 18:27:24,268 INFO ==> EMD Loss: 15.265759
2024-12-10 18:27:24,270 INFO ==> Height map loss:  5.343858
2024-12-10 18:27:24,594 DEBUG loaded <trimesh.Trimesh(vertices.shape=(916, 3), faces.shape=(856, 3))> using `load_obj` in 0.0029s
2024-12-10 18:27:24,740 DEBUG loaded <trimesh.Trimesh(vertices.shape=(48, 3), faces.shape=(28, 3))> using `load_obj` in 0.0007s
2024-12-10 18:27:33,404 INFO ==> EMD Loss: 15.269011
2024-12-10 18:27:33,405 INFO ==> Height map loss:  5.342728
2024-12-10 18:27:33,814 DEBUG loaded <trimesh.Trimesh(vertices.shape=(916, 3), faces.shape=(856, 3))> using `load_obj` in 0.0038s
2024-12-10 18:27:34,003 DEBUG loaded <trimesh.Trimesh(vertices.shape=(48, 3), faces.shape=(28, 3))> using `load_obj` in 0.0008s
2024-12-10 18:27:42,880 INFO ==> EMD Loss: 15.268978
2024-12-10 18:27:42,880 INFO ==> Height map loss:  5.342609
2024-12-10 18:27:43,205 DEBUG loaded <trimesh.Trimesh(vertices.shape=(916, 3), faces.shape=(856, 3))> using `load_obj` in 0.0029s
2024-12-10 18:27:43,351 DEBUG loaded <trimesh.Trimesh(vertices.shape=(48, 3), faces.shape=(28, 3))> using `load_obj` in 0.0007s
2024-12-10 18:27:51,771 INFO ==> EMD Loss: 15.269028
2024-12-10 18:27:51,771 INFO ==> Height map loss:  5.342667
2024-12-10 18:27:52,098 DEBUG loaded <trimesh.Trimesh(vertices.shape=(916, 3), faces.shape=(856, 3))> using `load_obj` in 0.0029s
2024-12-10 18:27:52,247 DEBUG loaded <trimesh.Trimesh(vertices.shape=(48, 3), faces.shape=(28, 3))> using `load_obj` in 0.0007s
2024-12-10 18:28:00,612 INFO ==> EMD Loss: 15.268998
2024-12-10 18:28:00,612 INFO ==> Height map loss:  5.342698
2024-12-10 18:28:00,936 DEBUG loaded <trimesh.Trimesh(vertices.shape=(916, 3), faces.shape=(856, 3))> using `load_obj` in 0.0028s
2024-12-10 18:28:01,079 DEBUG loaded <trimesh.Trimesh(vertices.shape=(48, 3), faces.shape=(28, 3))> using `load_obj` in 0.0007s
2024-12-10 18:28:24,399 INFO =====> Skill params: [ 0.18977082 -0.5544888  -0.918053   -0.96694475  0.6265405 ]
2024-12-10 18:28:24,399 INFO =====> Grad: [0. 0. 0. 0. 0.]
2024-12-10 18:28:24,399 INFO =====> Num. aborted data so far: 0
2024-12-10 18:28:24,400 INFO ===========> Epoch: 5 optimisation losses
2024-12-10 18:28:24,400 INFO =====> EMD Loss: 15.268993
2024-12-10 18:28:24,400 INFO =====> Height map loss: 5.342736
2024-12-10 18:28:24,760 DEBUG loaded <trimesh.Trimesh(vertices.shape=(916, 3), faces.shape=(856, 3))> using `load_obj` in 0.0030s
2024-12-10 18:28:24,909 DEBUG loaded <trimesh.Trimesh(vertices.shape=(48, 3), faces.shape=(28, 3))> using `load_obj` in 0.0007s
2024-12-10 18:28:33,210 INFO ==> EMD Loss: 15.269035
2024-12-10 18:28:33,210 INFO ==> Height map loss:  5.342741
2024-12-10 18:28:33,550 DEBUG loaded <trimesh.Trimesh(vertices.shape=(916, 3), faces.shape=(856, 3))> using `load_obj` in 0.0029s
2024-12-10 18:28:33,692 DEBUG loaded <trimesh.Trimesh(vertices.shape=(48, 3), faces.shape=(28, 3))> using `load_obj` in 0.0007s
2024-12-10 18:28:42,431 INFO ==> EMD Loss: 15.269004
2024-12-10 18:28:42,431 INFO ==> Height map loss:  5.342694
2024-12-10 18:28:42,835 DEBUG loaded <trimesh.Trimesh(vertices.shape=(916, 3), faces.shape=(856, 3))> using `load_obj` in 0.0029s
2024-12-10 18:28:42,977 DEBUG loaded <trimesh.Trimesh(vertices.shape=(48, 3), faces.shape=(28, 3))> using `load_obj` in 0.0007s
2024-12-10 18:28:51,631 INFO ==> EMD Loss: 15.277612
2024-12-10 18:28:51,631 INFO ==> Height map loss:  5.342718
2024-12-10 18:28:51,959 DEBUG loaded <trimesh.Trimesh(vertices.shape=(916, 3), faces.shape=(856, 3))> using `load_obj` in 0.0029s
2024-12-10 18:28:52,106 DEBUG loaded <trimesh.Trimesh(vertices.shape=(48, 3), faces.shape=(28, 3))> using `load_obj` in 0.0007s
2024-12-10 18:29:00,569 INFO ==> EMD Loss: 15.277595
2024-12-10 18:29:00,569 INFO ==> Height map loss:  5.342741
2024-12-10 18:29:00,892 DEBUG loaded <trimesh.Trimesh(vertices.shape=(916, 3), faces.shape=(856, 3))> using `load_obj` in 0.0028s
2024-12-10 18:29:01,031 DEBUG loaded <trimesh.Trimesh(vertices.shape=(48, 3), faces.shape=(28, 3))> using `load_obj` in 0.0007s
2024-12-10 18:29:09,312 INFO ==> EMD Loss: 15.268982
2024-12-10 18:29:09,312 INFO ==> Height map loss:  5.342693
2024-12-10 18:29:09,677 DEBUG loaded <trimesh.Trimesh(vertices.shape=(916, 3), faces.shape=(856, 3))> using `load_obj` in 0.0028s
2024-12-10 18:29:09,824 DEBUG loaded <trimesh.Trimesh(vertices.shape=(48, 3), faces.shape=(28, 3))> using `load_obj` in 0.0007s
2024-12-10 18:29:32,860 INFO =====> Skill params: [ 0.18977082 -0.5544888  -0.918053   -0.96694475  0.6265405 ]
2024-12-10 18:29:32,860 INFO =====> Grad: [0. 0. 0. 0. 0.]
2024-12-10 18:29:32,860 INFO =====> Num. aborted data so far: 0
2024-12-10 18:29:32,861 INFO ===========> Epoch: 6 optimisation losses
2024-12-10 18:29:32,861 INFO =====> EMD Loss: 15.277453
2024-12-10 18:29:32,861 INFO =====> Height map loss: 5.342616
2024-12-10 18:29:33,219 DEBUG loaded <trimesh.Trimesh(vertices.shape=(916, 3), faces.shape=(856, 3))> using `load_obj` in 0.0031s
2024-12-10 18:29:33,367 DEBUG loaded <trimesh.Trimesh(vertices.shape=(48, 3), faces.shape=(28, 3))> using `load_obj` in 0.0007s
2024-12-10 18:29:41,892 INFO ==> EMD Loss: 15.267486
2024-12-10 18:29:41,892 INFO ==> Height map loss:  5.342690
2024-12-10 18:29:42,229 DEBUG loaded <trimesh.Trimesh(vertices.shape=(916, 3), faces.shape=(856, 3))> using `load_obj` in 0.0030s
2024-12-10 18:29:42,375 DEBUG loaded <trimesh.Trimesh(vertices.shape=(48, 3), faces.shape=(28, 3))> using `load_obj` in 0.0007s
2024-12-10 18:29:50,764 INFO ==> EMD Loss: 15.277535
2024-12-10 18:29:50,764 INFO ==> Height map loss:  5.342699
2024-12-10 18:29:51,112 DEBUG loaded <trimesh.Trimesh(vertices.shape=(916, 3), faces.shape=(856, 3))> using `load_obj` in 0.0036s
2024-12-10 18:29:51,262 DEBUG loaded <trimesh.Trimesh(vertices.shape=(48, 3), faces.shape=(28, 3))> using `load_obj` in 0.0007s
2024-12-10 18:29:59,544 INFO ==> EMD Loss: 15.269087
2024-12-10 18:29:59,545 INFO ==> Height map loss:  5.342782
2024-12-10 18:29:59,877 DEBUG loaded <trimesh.Trimesh(vertices.shape=(916, 3), faces.shape=(856, 3))> using `load_obj` in 0.0029s
2024-12-10 18:30:00,021 DEBUG loaded <trimesh.Trimesh(vertices.shape=(48, 3), faces.shape=(28, 3))> using `load_obj` in 0.0007s
2024-12-10 18:30:08,319 INFO ==> EMD Loss: 15.277531
2024-12-10 18:30:08,319 INFO ==> Height map loss:  5.342664
2024-12-10 18:30:08,736 DEBUG loaded <trimesh.Trimesh(vertices.shape=(916, 3), faces.shape=(856, 3))> using `load_obj` in 0.0028s
2024-12-10 18:30:08,877 DEBUG loaded <trimesh.Trimesh(vertices.shape=(48, 3), faces.shape=(28, 3))> using `load_obj` in 0.0007s
2024-12-10 18:30:17,206 INFO ==> EMD Loss: 15.268918
2024-12-10 18:30:17,206 INFO ==> Height map loss:  5.342635
2024-12-10 18:30:17,544 DEBUG loaded <trimesh.Trimesh(vertices.shape=(916, 3), faces.shape=(856, 3))> using `load_obj` in 0.0030s
2024-12-10 18:30:17,693 DEBUG loaded <trimesh.Trimesh(vertices.shape=(48, 3), faces.shape=(28, 3))> using `load_obj` in 0.0007s
2024-12-10 18:30:41,349 INFO =====> Skill params: [ 0.18977082 -0.5544888  -0.918053   -0.96694475  0.6265405 ]
2024-12-10 18:30:41,349 INFO =====> Grad: [0. 0. 0. 0. 0.]
2024-12-10 18:30:41,349 INFO =====> Num. aborted data so far: 0
2024-12-10 18:30:41,350 INFO ===========> Epoch: 7 optimisation losses
2024-12-10 18:30:41,350 INFO =====> EMD Loss: 15.268969
2024-12-10 18:30:41,350 INFO =====> Height map loss: 5.342686
2024-12-10 18:30:41,778 DEBUG loaded <trimesh.Trimesh(vertices.shape=(916, 3), faces.shape=(856, 3))> using `load_obj` in 0.0041s
2024-12-10 18:30:41,971 DEBUG loaded <trimesh.Trimesh(vertices.shape=(48, 3), faces.shape=(28, 3))> using `load_obj` in 0.0008s
2024-12-10 18:30:50,988 INFO ==> EMD Loss: 15.268944
2024-12-10 18:30:50,988 INFO ==> Height map loss:  5.342634
2024-12-10 18:30:51,407 DEBUG loaded <trimesh.Trimesh(vertices.shape=(916, 3), faces.shape=(856, 3))> using `load_obj` in 0.0040s
2024-12-10 18:30:51,598 DEBUG loaded <trimesh.Trimesh(vertices.shape=(48, 3), faces.shape=(28, 3))> using `load_obj` in 0.0008s
2024-12-10 18:31:00,147 INFO ==> EMD Loss: 15.268939
2024-12-10 18:31:00,147 INFO ==> Height map loss:  5.342699
2024-12-10 18:31:00,652 DEBUG loaded <trimesh.Trimesh(vertices.shape=(916, 3), faces.shape=(856, 3))> using `load_obj` in 0.0047s
2024-12-10 18:31:00,874 DEBUG loaded <trimesh.Trimesh(vertices.shape=(48, 3), faces.shape=(28, 3))> using `load_obj` in 0.0007s
2024-12-10 18:31:09,244 INFO ==> EMD Loss: 15.277636
2024-12-10 18:31:09,244 INFO ==> Height map loss:  5.342723
2024-12-10 18:31:09,604 DEBUG loaded <trimesh.Trimesh(vertices.shape=(916, 3), faces.shape=(856, 3))> using `load_obj` in 0.0028s
2024-12-10 18:31:09,748 DEBUG loaded <trimesh.Trimesh(vertices.shape=(48, 3), faces.shape=(28, 3))> using `load_obj` in 0.0007s
2024-12-10 18:31:17,997 INFO ==> EMD Loss: 15.277535
2024-12-10 18:31:17,997 INFO ==> Height map loss:  5.342658
2024-12-10 18:31:18,328 DEBUG loaded <trimesh.Trimesh(vertices.shape=(916, 3), faces.shape=(856, 3))> using `load_obj` in 0.0028s
2024-12-10 18:31:18,478 DEBUG loaded <trimesh.Trimesh(vertices.shape=(48, 3), faces.shape=(28, 3))> using `load_obj` in 0.0007s
2024-12-10 18:31:27,070 INFO ==> EMD Loss: 15.269001
2024-12-10 18:31:27,070 INFO ==> Height map loss:  5.342731
2024-12-10 18:31:27,486 DEBUG loaded <trimesh.Trimesh(vertices.shape=(916, 3), faces.shape=(856, 3))> using `load_obj` in 0.0039s
2024-12-10 18:31:27,643 DEBUG loaded <trimesh.Trimesh(vertices.shape=(48, 3), faces.shape=(28, 3))> using `load_obj` in 0.0007s
2024-12-10 18:31:50,884 INFO =====> Skill params: [ 0.18977082 -0.5544888  -0.918053   -0.96694475  0.6265405 ]
2024-12-10 18:31:50,885 INFO =====> Grad: [0. 0. 0. 0. 0.]
2024-12-10 18:31:50,885 INFO =====> Num. aborted data so far: 0
2024-12-10 18:31:50,885 INFO ===========> Epoch: 8 optimisation losses
2024-12-10 18:31:50,885 INFO =====> EMD Loss: 15.277566
2024-12-10 18:31:50,885 INFO =====> Height map loss: 5.342757
2024-12-10 18:31:51,252 DEBUG loaded <trimesh.Trimesh(vertices.shape=(916, 3), faces.shape=(856, 3))> using `load_obj` in 0.0030s
2024-12-10 18:31:51,398 DEBUG loaded <trimesh.Trimesh(vertices.shape=(48, 3), faces.shape=(28, 3))> using `load_obj` in 0.0007s
2024-12-10 18:32:00,570 INFO ==> EMD Loss: 15.269013
2024-12-10 18:32:00,570 INFO ==> Height map loss:  5.342714
2024-12-10 18:32:00,939 DEBUG loaded <trimesh.Trimesh(vertices.shape=(916, 3), faces.shape=(856, 3))> using `load_obj` in 0.0039s
2024-12-10 18:32:01,093 DEBUG loaded <trimesh.Trimesh(vertices.shape=(48, 3), faces.shape=(28, 3))> using `load_obj` in 0.0007s
2024-12-10 18:32:09,901 INFO ==> EMD Loss: 15.269011
2024-12-10 18:32:09,901 INFO ==> Height map loss:  5.342754
2024-12-10 18:32:10,236 DEBUG loaded <trimesh.Trimesh(vertices.shape=(916, 3), faces.shape=(856, 3))> using `load_obj` in 0.0028s
2024-12-10 18:32:10,384 DEBUG loaded <trimesh.Trimesh(vertices.shape=(48, 3), faces.shape=(28, 3))> using `load_obj` in 0.0007s
2024-12-10 18:32:18,705 INFO ==> EMD Loss: 15.268964
2024-12-10 18:32:18,705 INFO ==> Height map loss:  5.342681
2024-12-10 18:32:19,049 DEBUG loaded <trimesh.Trimesh(vertices.shape=(916, 3), faces.shape=(856, 3))> using `load_obj` in 0.0028s
2024-12-10 18:32:19,196 DEBUG loaded <trimesh.Trimesh(vertices.shape=(48, 3), faces.shape=(28, 3))> using `load_obj` in 0.0007s
2024-12-10 18:32:27,484 INFO ==> EMD Loss: 15.268909
2024-12-10 18:32:27,484 INFO ==> Height map loss:  5.342650
2024-12-10 18:32:27,835 DEBUG loaded <trimesh.Trimesh(vertices.shape=(916, 3), faces.shape=(856, 3))> using `load_obj` in 0.0030s
2024-12-10 18:32:27,982 DEBUG loaded <trimesh.Trimesh(vertices.shape=(48, 3), faces.shape=(28, 3))> using `load_obj` in 0.0007s
2024-12-10 18:32:36,621 INFO ==> EMD Loss: 15.269082
2024-12-10 18:32:36,621 INFO ==> Height map loss:  5.342720
2024-12-10 18:32:36,966 DEBUG loaded <trimesh.Trimesh(vertices.shape=(916, 3), faces.shape=(856, 3))> using `load_obj` in 0.0028s
2024-12-10 18:32:37,110 DEBUG loaded <trimesh.Trimesh(vertices.shape=(48, 3), faces.shape=(28, 3))> using `load_obj` in 0.0007s
2024-12-10 18:33:00,345 INFO =====> Skill params: [ 0.18977082 -0.5544888  -0.918053   -0.96694475  0.6265405 ]
2024-12-10 18:33:00,345 INFO =====> Grad: [0. 0. 0. 0. 0.]
2024-12-10 18:33:00,345 INFO =====> Num. aborted data so far: 0
2024-12-10 18:33:00,346 INFO ===========> Epoch: 9 optimisation losses
2024-12-10 18:33:00,346 INFO =====> EMD Loss: 15.268932
2024-12-10 18:33:00,346 INFO =====> Height map loss: 5.342692
2024-12-10 18:33:00,726 DEBUG loaded <trimesh.Trimesh(vertices.shape=(916, 3), faces.shape=(856, 3))> using `load_obj` in 0.0032s
2024-12-10 18:33:00,879 DEBUG loaded <trimesh.Trimesh(vertices.shape=(48, 3), faces.shape=(28, 3))> using `load_obj` in 0.0007s
2024-12-10 18:33:09,328 INFO ==> EMD Loss: 15.269115
2024-12-10 18:33:09,328 INFO ==> Height map loss:  5.342811
2024-12-10 18:33:09,687 DEBUG loaded <trimesh.Trimesh(vertices.shape=(916, 3), faces.shape=(856, 3))> using `load_obj` in 0.0030s
2024-12-10 18:33:09,842 DEBUG loaded <trimesh.Trimesh(vertices.shape=(48, 3), faces.shape=(28, 3))> using `load_obj` in 0.0007s
2024-12-10 18:33:18,270 INFO ==> EMD Loss: 15.269048
2024-12-10 18:33:18,270 INFO ==> Height map loss:  5.342762
2024-12-10 18:33:18,614 DEBUG loaded <trimesh.Trimesh(vertices.shape=(916, 3), faces.shape=(856, 3))> using `load_obj` in 0.0030s
2024-12-10 18:33:18,764 DEBUG loaded <trimesh.Trimesh(vertices.shape=(48, 3), faces.shape=(28, 3))> using `load_obj` in 0.0007s
2024-12-10 18:33:27,495 INFO ==> EMD Loss: 15.267496
2024-12-10 18:33:27,495 INFO ==> Height map loss:  5.342743
2024-12-10 18:33:27,833 DEBUG loaded <trimesh.Trimesh(vertices.shape=(916, 3), faces.shape=(856, 3))> using `load_obj` in 0.0028s
2024-12-10 18:33:27,976 DEBUG loaded <trimesh.Trimesh(vertices.shape=(48, 3), faces.shape=(28, 3))> using `load_obj` in 0.0007s
2024-12-10 18:33:36,218 INFO ==> EMD Loss: 15.267462
2024-12-10 18:33:36,218 INFO ==> Height map loss:  5.342675
2024-12-10 18:33:36,568 DEBUG loaded <trimesh.Trimesh(vertices.shape=(916, 3), faces.shape=(856, 3))> using `load_obj` in 0.0028s
2024-12-10 18:33:36,711 DEBUG loaded <trimesh.Trimesh(vertices.shape=(48, 3), faces.shape=(28, 3))> using `load_obj` in 0.0007s
2024-12-10 18:33:45,230 INFO ==> EMD Loss: 15.277540
2024-12-10 18:33:45,231 INFO ==> Height map loss:  5.342796
2024-12-10 18:33:45,576 DEBUG loaded <trimesh.Trimesh(vertices.shape=(916, 3), faces.shape=(856, 3))> using `load_obj` in 0.0029s
2024-12-10 18:33:45,722 DEBUG loaded <trimesh.Trimesh(vertices.shape=(48, 3), faces.shape=(28, 3))> using `load_obj` in 0.0007s
2024-12-10 18:34:08,872 INFO =====> Skill params: [ 0.18977082 -0.5544888  -0.918053   -0.96694475  0.6265405 ]
2024-12-10 18:34:08,872 INFO =====> Grad: [0. 0. 0. 0. 0.]
2024-12-10 18:34:08,872 INFO =====> Num. aborted data so far: 0
2024-12-10 18:34:08,873 INFO ===========> Epoch: 10 optimisation losses
2024-12-10 18:34:08,873 INFO =====> EMD Loss: 15.269089
2024-12-10 18:34:08,873 INFO =====> Height map loss: 5.342765
2024-12-10 18:34:09,244 DEBUG loaded <trimesh.Trimesh(vertices.shape=(916, 3), faces.shape=(856, 3))> using `load_obj` in 0.0031s
2024-12-10 18:34:09,391 DEBUG loaded <trimesh.Trimesh(vertices.shape=(48, 3), faces.shape=(28, 3))> using `load_obj` in 0.0007s
2024-12-10 18:34:17,964 INFO ==> EMD Loss: 15.268994
2024-12-10 18:34:17,964 INFO ==> Height map loss:  5.342747
2024-12-10 18:34:18,407 DEBUG loaded <trimesh.Trimesh(vertices.shape=(916, 3), faces.shape=(856, 3))> using `load_obj` in 0.0038s
2024-12-10 18:34:18,595 DEBUG loaded <trimesh.Trimesh(vertices.shape=(48, 3), faces.shape=(28, 3))> using `load_obj` in 0.0008s
2024-12-10 18:34:27,117 INFO ==> EMD Loss: 15.269057
2024-12-10 18:34:27,118 INFO ==> Height map loss:  5.342725
2024-12-10 18:34:27,550 DEBUG loaded <trimesh.Trimesh(vertices.shape=(916, 3), faces.shape=(856, 3))> using `load_obj` in 0.0039s
2024-12-10 18:34:27,741 DEBUG loaded <trimesh.Trimesh(vertices.shape=(48, 3), faces.shape=(28, 3))> using `load_obj` in 0.0008s
2024-12-10 18:34:36,490 INFO ==> EMD Loss: 15.275990
2024-12-10 18:34:36,491 INFO ==> Height map loss:  5.342747
2024-12-10 18:34:36,837 DEBUG loaded <trimesh.Trimesh(vertices.shape=(916, 3), faces.shape=(856, 3))> using `load_obj` in 0.0028s
2024-12-10 18:34:36,978 DEBUG loaded <trimesh.Trimesh(vertices.shape=(48, 3), faces.shape=(28, 3))> using `load_obj` in 0.0007s
2024-12-10 18:34:45,259 INFO ==> EMD Loss: 15.268894
2024-12-10 18:34:45,259 INFO ==> Height map loss:  5.342656
2024-12-10 18:34:45,600 DEBUG loaded <trimesh.Trimesh(vertices.shape=(916, 3), faces.shape=(856, 3))> using `load_obj` in 0.0029s
2024-12-10 18:34:45,745 DEBUG loaded <trimesh.Trimesh(vertices.shape=(48, 3), faces.shape=(28, 3))> using `load_obj` in 0.0007s
2024-12-10 18:34:54,125 INFO ==> EMD Loss: 15.269039
2024-12-10 18:34:54,126 INFO ==> Height map loss:  5.342734
2024-12-10 18:34:54,539 DEBUG loaded <trimesh.Trimesh(vertices.shape=(916, 3), faces.shape=(856, 3))> using `load_obj` in 0.0039s
2024-12-10 18:34:54,705 DEBUG loaded <trimesh.Trimesh(vertices.shape=(48, 3), faces.shape=(28, 3))> using `load_obj` in 0.0007s
2024-12-10 18:35:18,465 INFO =====> Skill params: [ 0.18977082 -0.5544888  -0.918053   -0.96694475  0.6265405 ]
2024-12-10 18:35:18,466 INFO =====> Grad: [0. 0. 0. 0. 0.]
2024-12-10 18:35:18,466 INFO =====> Num. aborted data so far: 0
2024-12-10 18:35:18,466 INFO ===========> Epoch: 11 optimisation losses
2024-12-10 18:35:18,466 INFO =====> EMD Loss: 15.269129
2024-12-10 18:35:18,466 INFO =====> Height map loss: 5.342852
2024-12-10 18:35:18,934 DEBUG loaded <trimesh.Trimesh(vertices.shape=(916, 3), faces.shape=(856, 3))> using `load_obj` in 0.0041s
2024-12-10 18:35:19,125 DEBUG loaded <trimesh.Trimesh(vertices.shape=(48, 3), faces.shape=(28, 3))> using `load_obj` in 0.0008s
2024-12-10 18:35:28,013 INFO ==> EMD Loss: 15.269086
2024-12-10 18:35:28,013 INFO ==> Height map loss:  5.342766
2024-12-10 18:35:28,364 DEBUG loaded <trimesh.Trimesh(vertices.shape=(916, 3), faces.shape=(856, 3))> using `load_obj` in 0.0030s
2024-12-10 18:35:28,513 DEBUG loaded <trimesh.Trimesh(vertices.shape=(48, 3), faces.shape=(28, 3))> using `load_obj` in 0.0007s
2024-12-10 18:35:37,685 INFO ==> EMD Loss: 15.267480
2024-12-10 18:35:37,685 INFO ==> Height map loss:  5.342665
2024-12-10 18:35:38,192 DEBUG loaded <trimesh.Trimesh(vertices.shape=(916, 3), faces.shape=(856, 3))> using `load_obj` in 0.0039s
2024-12-10 18:35:38,382 DEBUG loaded <trimesh.Trimesh(vertices.shape=(48, 3), faces.shape=(28, 3))> using `load_obj` in 0.0009s
2024-12-10 18:35:47,445 INFO ==> EMD Loss: 15.274220
2024-12-10 18:35:47,445 INFO ==> Height map loss:  5.343789
2024-12-10 18:35:47,787 DEBUG loaded <trimesh.Trimesh(vertices.shape=(916, 3), faces.shape=(856, 3))> using `load_obj` in 0.0028s
2024-12-10 18:35:47,929 DEBUG loaded <trimesh.Trimesh(vertices.shape=(48, 3), faces.shape=(28, 3))> using `load_obj` in 0.0007s
2024-12-10 18:35:56,351 INFO ==> EMD Loss: 15.277587
2024-12-10 18:35:56,352 INFO ==> Height map loss:  5.342713
2024-12-10 18:35:56,696 DEBUG loaded <trimesh.Trimesh(vertices.shape=(916, 3), faces.shape=(856, 3))> using `load_obj` in 0.0029s
2024-12-10 18:35:56,839 DEBUG loaded <trimesh.Trimesh(vertices.shape=(48, 3), faces.shape=(28, 3))> using `load_obj` in 0.0007s
2024-12-10 18:36:05,291 INFO ==> EMD Loss: 15.268920
2024-12-10 18:36:05,291 INFO ==> Height map loss:  5.342619
2024-12-10 18:36:05,650 DEBUG loaded <trimesh.Trimesh(vertices.shape=(916, 3), faces.shape=(856, 3))> using `load_obj` in 0.0030s
2024-12-10 18:36:05,798 DEBUG loaded <trimesh.Trimesh(vertices.shape=(48, 3), faces.shape=(28, 3))> using `load_obj` in 0.0007s
2024-12-10 18:36:29,530 INFO =====> Skill params: [ 0.18977082 -0.5544888  -0.918053   -0.96694475  0.6265405 ]
2024-12-10 18:36:29,530 INFO =====> Grad: [0. 0. 0. 0. 0.]
2024-12-10 18:36:29,530 INFO =====> Num. aborted data so far: 0
2024-12-10 18:36:29,531 INFO ===========> Epoch: 12 optimisation losses
2024-12-10 18:36:29,531 INFO =====> EMD Loss: 15.277586
2024-12-10 18:36:29,531 INFO =====> Height map loss: 5.342752
2024-12-10 18:36:29,965 DEBUG loaded <trimesh.Trimesh(vertices.shape=(916, 3), faces.shape=(856, 3))> using `load_obj` in 0.0040s
2024-12-10 18:36:30,156 DEBUG loaded <trimesh.Trimesh(vertices.shape=(48, 3), faces.shape=(28, 3))> using `load_obj` in 0.0008s
2024-12-10 18:36:39,435 INFO ==> EMD Loss: 15.277547
2024-12-10 18:36:39,435 INFO ==> Height map loss:  5.342700
2024-12-10 18:36:39,840 DEBUG loaded <trimesh.Trimesh(vertices.shape=(916, 3), faces.shape=(856, 3))> using `load_obj` in 0.0040s
2024-12-10 18:36:40,032 DEBUG loaded <trimesh.Trimesh(vertices.shape=(48, 3), faces.shape=(28, 3))> using `load_obj` in 0.0008s
2024-12-10 18:36:49,275 INFO ==> EMD Loss: 15.267427
2024-12-10 18:36:49,275 INFO ==> Height map loss:  5.342725
2024-12-10 18:36:49,629 DEBUG loaded <trimesh.Trimesh(vertices.shape=(916, 3), faces.shape=(856, 3))> using `load_obj` in 0.0029s
2024-12-10 18:36:49,775 DEBUG loaded <trimesh.Trimesh(vertices.shape=(48, 3), faces.shape=(28, 3))> using `load_obj` in 0.0007s
2024-12-10 18:36:58,230 INFO ==> EMD Loss: 15.277584
2024-12-10 18:36:58,231 INFO ==> Height map loss:  5.342702
2024-12-10 18:36:58,583 DEBUG loaded <trimesh.Trimesh(vertices.shape=(916, 3), faces.shape=(856, 3))> using `load_obj` in 0.0029s
2024-12-10 18:36:58,728 DEBUG loaded <trimesh.Trimesh(vertices.shape=(48, 3), faces.shape=(28, 3))> using `load_obj` in 0.0007s
2024-12-10 18:37:07,075 INFO ==> EMD Loss: 15.277585
2024-12-10 18:37:07,075 INFO ==> Height map loss:  5.342728
2024-12-10 18:37:07,418 DEBUG loaded <trimesh.Trimesh(vertices.shape=(916, 3), faces.shape=(856, 3))> using `load_obj` in 0.0028s
2024-12-10 18:37:07,561 DEBUG loaded <trimesh.Trimesh(vertices.shape=(48, 3), faces.shape=(28, 3))> using `load_obj` in 0.0007s
2024-12-10 18:37:15,773 INFO ==> EMD Loss: 15.277690
2024-12-10 18:37:15,773 INFO ==> Height map loss:  5.342756
2024-12-10 18:37:16,192 DEBUG loaded <trimesh.Trimesh(vertices.shape=(916, 3), faces.shape=(856, 3))> using `load_obj` in 0.0039s
2024-12-10 18:37:16,384 DEBUG loaded <trimesh.Trimesh(vertices.shape=(48, 3), faces.shape=(28, 3))> using `load_obj` in 0.0008s
2024-12-10 18:37:40,127 INFO =====> Skill params: [ 0.18977082 -0.5544888  -0.918053   -0.96694475  0.6265405 ]
2024-12-10 18:37:40,127 INFO =====> Grad: [0. 0. 0. 0. 0.]
2024-12-10 18:37:40,127 INFO =====> Num. aborted data so far: 0
2024-12-10 18:37:40,128 INFO ===========> Epoch: 13 optimisation losses
2024-12-10 18:37:40,128 INFO =====> EMD Loss: 15.268956
2024-12-10 18:37:40,128 INFO =====> Height map loss: 5.342708
2024-12-10 18:37:40,529 DEBUG loaded <trimesh.Trimesh(vertices.shape=(916, 3), faces.shape=(856, 3))> using `load_obj` in 0.0030s
2024-12-10 18:37:40,681 DEBUG loaded <trimesh.Trimesh(vertices.shape=(48, 3), faces.shape=(28, 3))> using `load_obj` in 0.0008s
2024-12-10 18:37:49,154 INFO ==> EMD Loss: 15.269061
2024-12-10 18:37:49,154 INFO ==> Height map loss:  5.342729
2024-12-10 18:37:49,676 DEBUG loaded <trimesh.Trimesh(vertices.shape=(916, 3), faces.shape=(856, 3))> using `load_obj` in 0.0048s
2024-12-10 18:37:49,917 DEBUG loaded <trimesh.Trimesh(vertices.shape=(48, 3), faces.shape=(28, 3))> using `load_obj` in 0.0010s
2024-12-10 18:37:58,591 INFO ==> EMD Loss: 15.269073
2024-12-10 18:37:58,591 INFO ==> Height map loss:  5.342738
2024-12-10 18:37:59,031 DEBUG loaded <trimesh.Trimesh(vertices.shape=(916, 3), faces.shape=(856, 3))> using `load_obj` in 0.0039s
2024-12-10 18:37:59,185 DEBUG loaded <trimesh.Trimesh(vertices.shape=(48, 3), faces.shape=(28, 3))> using `load_obj` in 0.0007s
2024-12-10 18:38:07,689 INFO ==> EMD Loss: 15.267540
2024-12-10 18:38:07,689 INFO ==> Height map loss:  5.342799
2024-12-10 18:38:08,087 DEBUG loaded <trimesh.Trimesh(vertices.shape=(916, 3), faces.shape=(856, 3))> using `load_obj` in 0.0030s
2024-12-10 18:38:08,237 DEBUG loaded <trimesh.Trimesh(vertices.shape=(48, 3), faces.shape=(28, 3))> using `load_obj` in 0.0007s
2024-12-10 18:38:16,595 INFO ==> EMD Loss: 15.269067
2024-12-10 18:38:16,595 INFO ==> Height map loss:  5.342724
2024-12-10 18:38:16,940 DEBUG loaded <trimesh.Trimesh(vertices.shape=(916, 3), faces.shape=(856, 3))> using `load_obj` in 0.0029s
2024-12-10 18:38:17,085 DEBUG loaded <trimesh.Trimesh(vertices.shape=(48, 3), faces.shape=(28, 3))> using `load_obj` in 0.0007s
2024-12-10 18:38:25,442 INFO ==> EMD Loss: 15.268989
2024-12-10 18:38:25,442 INFO ==> Height map loss:  5.342760
2024-12-10 18:38:25,812 DEBUG loaded <trimesh.Trimesh(vertices.shape=(916, 3), faces.shape=(856, 3))> using `load_obj` in 0.0030s
2024-12-10 18:38:25,962 DEBUG loaded <trimesh.Trimesh(vertices.shape=(48, 3), faces.shape=(28, 3))> using `load_obj` in 0.0007s
2024-12-10 18:38:49,199 INFO =====> Skill params: [ 0.18977082 -0.5544888  -0.918053   -0.96694475  0.6265405 ]
2024-12-10 18:38:49,199 INFO =====> Grad: [0. 0. 0. 0. 0.]
2024-12-10 18:38:49,199 INFO =====> Num. aborted data so far: 0
2024-12-10 18:38:49,200 INFO ===========> Epoch: 14 optimisation losses
2024-12-10 18:38:49,200 INFO =====> EMD Loss: 15.269051
2024-12-10 18:38:49,200 INFO =====> Height map loss: 5.342785
2024-12-10 18:38:49,660 DEBUG loaded <trimesh.Trimesh(vertices.shape=(916, 3), faces.shape=(856, 3))> using `load_obj` in 0.0031s
2024-12-10 18:38:49,812 DEBUG loaded <trimesh.Trimesh(vertices.shape=(48, 3), faces.shape=(28, 3))> using `load_obj` in 0.0007s
2024-12-10 18:38:58,384 INFO ==> EMD Loss: 15.269040
2024-12-10 18:38:58,384 INFO ==> Height map loss:  5.342698
2024-12-10 18:38:58,742 DEBUG loaded <trimesh.Trimesh(vertices.shape=(916, 3), faces.shape=(856, 3))> using `load_obj` in 0.0030s
2024-12-10 18:38:58,895 DEBUG loaded <trimesh.Trimesh(vertices.shape=(48, 3), faces.shape=(28, 3))> using `load_obj` in 0.0007s
2024-12-10 18:39:07,345 INFO ==> EMD Loss: 15.269055
2024-12-10 18:39:07,345 INFO ==> Height map loss:  5.342721
2024-12-10 18:39:07,700 DEBUG loaded <trimesh.Trimesh(vertices.shape=(916, 3), faces.shape=(856, 3))> using `load_obj` in 0.0030s
2024-12-10 18:39:07,848 DEBUG loaded <trimesh.Trimesh(vertices.shape=(48, 3), faces.shape=(28, 3))> using `load_obj` in 0.0007s
2024-12-10 18:39:17,113 INFO ==> EMD Loss: 15.277497
2024-12-10 18:39:17,113 INFO ==> Height map loss:  5.342676
2024-12-10 18:39:17,473 DEBUG loaded <trimesh.Trimesh(vertices.shape=(916, 3), faces.shape=(856, 3))> using `load_obj` in 0.0029s
2024-12-10 18:39:17,620 DEBUG loaded <trimesh.Trimesh(vertices.shape=(48, 3), faces.shape=(28, 3))> using `load_obj` in 0.0007s
2024-12-10 18:39:26,174 INFO ==> EMD Loss: 15.269040
2024-12-10 18:39:26,174 INFO ==> Height map loss:  5.342694
2024-12-10 18:39:26,535 DEBUG loaded <trimesh.Trimesh(vertices.shape=(916, 3), faces.shape=(856, 3))> using `load_obj` in 0.0029s
2024-12-10 18:39:26,684 DEBUG loaded <trimesh.Trimesh(vertices.shape=(48, 3), faces.shape=(28, 3))> using `load_obj` in 0.0007s
2024-12-10 18:39:34,909 INFO ==> EMD Loss: 15.269018
2024-12-10 18:39:34,909 INFO ==> Height map loss:  5.342733
2024-12-10 18:39:35,257 DEBUG loaded <trimesh.Trimesh(vertices.shape=(916, 3), faces.shape=(856, 3))> using `load_obj` in 0.0029s
2024-12-10 18:39:35,403 DEBUG loaded <trimesh.Trimesh(vertices.shape=(48, 3), faces.shape=(28, 3))> using `load_obj` in 0.0007s
2024-12-10 18:39:58,985 INFO =====> Skill params: [ 0.18977082 -0.5544888  -0.918053   -0.96694475  0.6265405 ]
2024-12-10 18:39:58,985 INFO =====> Grad: [0. 0. 0. 0. 0.]
2024-12-10 18:39:58,985 INFO =====> Num. aborted data so far: 0
2024-12-10 18:39:58,986 INFO ===========> Epoch: 15 optimisation losses
2024-12-10 18:39:58,986 INFO =====> EMD Loss: 15.268902
2024-12-10 18:39:58,986 INFO =====> Height map loss: 5.342609
2024-12-10 18:39:59,433 DEBUG loaded <trimesh.Trimesh(vertices.shape=(916, 3), faces.shape=(856, 3))> using `load_obj` in 0.0030s
2024-12-10 18:39:59,582 DEBUG loaded <trimesh.Trimesh(vertices.shape=(48, 3), faces.shape=(28, 3))> using `load_obj` in 0.0007s
2024-12-10 18:40:08,126 INFO ==> EMD Loss: 15.269025
2024-12-10 18:40:08,126 INFO ==> Height map loss:  5.342701
2024-12-10 18:40:08,496 DEBUG loaded <trimesh.Trimesh(vertices.shape=(916, 3), faces.shape=(856, 3))> using `load_obj` in 0.0031s
2024-12-10 18:40:08,653 DEBUG loaded <trimesh.Trimesh(vertices.shape=(48, 3), faces.shape=(28, 3))> using `load_obj` in 0.0007s
2024-12-10 18:40:17,167 INFO ==> EMD Loss: 15.269041
2024-12-10 18:40:17,167 INFO ==> Height map loss:  5.342785
2024-12-10 18:40:17,626 DEBUG loaded <trimesh.Trimesh(vertices.shape=(916, 3), faces.shape=(856, 3))> using `load_obj` in 0.0052s
2024-12-10 18:40:17,779 DEBUG loaded <trimesh.Trimesh(vertices.shape=(48, 3), faces.shape=(28, 3))> using `load_obj` in 0.0007s
2024-12-10 18:40:26,397 INFO ==> EMD Loss: 15.269087
2024-12-10 18:40:26,397 INFO ==> Height map loss:  5.342779
2024-12-10 18:40:26,770 DEBUG loaded <trimesh.Trimesh(vertices.shape=(916, 3), faces.shape=(856, 3))> using `load_obj` in 0.0029s
2024-12-10 18:40:26,925 DEBUG loaded <trimesh.Trimesh(vertices.shape=(48, 3), faces.shape=(28, 3))> using `load_obj` in 0.0007s
2024-12-10 18:40:35,439 INFO ==> EMD Loss: 15.268875
2024-12-10 18:40:35,439 INFO ==> Height map loss:  5.342652
2024-12-10 18:40:35,884 DEBUG loaded <trimesh.Trimesh(vertices.shape=(916, 3), faces.shape=(856, 3))> using `load_obj` in 0.0040s
2024-12-10 18:40:36,083 DEBUG loaded <trimesh.Trimesh(vertices.shape=(48, 3), faces.shape=(28, 3))> using `load_obj` in 0.0009s
2024-12-10 18:40:44,521 INFO ==> EMD Loss: 15.277548
2024-12-10 18:40:44,521 INFO ==> Height map loss:  5.342674
2024-12-10 18:40:44,872 DEBUG loaded <trimesh.Trimesh(vertices.shape=(916, 3), faces.shape=(856, 3))> using `load_obj` in 0.0030s
2024-12-10 18:40:45,019 DEBUG loaded <trimesh.Trimesh(vertices.shape=(48, 3), faces.shape=(28, 3))> using `load_obj` in 0.0007s
2024-12-10 18:41:08,333 INFO =====> Skill params: [ 0.18977082 -0.5544888  -0.918053   -0.96694475  0.6265405 ]
2024-12-10 18:41:08,333 INFO =====> Grad: [0. 0. 0. 0. 0.]
2024-12-10 18:41:08,333 INFO =====> Num. aborted data so far: 0
2024-12-10 18:41:08,334 INFO ===========> Epoch: 16 optimisation losses
2024-12-10 18:41:08,334 INFO =====> EMD Loss: 15.277584
2024-12-10 18:41:08,334 INFO =====> Height map loss: 5.342781
2024-12-10 18:41:08,807 DEBUG loaded <trimesh.Trimesh(vertices.shape=(916, 3), faces.shape=(856, 3))> using `load_obj` in 0.0040s
2024-12-10 18:41:09,003 DEBUG loaded <trimesh.Trimesh(vertices.shape=(48, 3), faces.shape=(28, 3))> using `load_obj` in 0.0008s
2024-12-10 18:41:17,733 INFO ==> EMD Loss: 15.277490
2024-12-10 18:41:17,733 INFO ==> Height map loss:  5.342626
2024-12-10 18:41:18,193 DEBUG loaded <trimesh.Trimesh(vertices.shape=(916, 3), faces.shape=(856, 3))> using `load_obj` in 0.0039s
2024-12-10 18:41:18,389 DEBUG loaded <trimesh.Trimesh(vertices.shape=(48, 3), faces.shape=(28, 3))> using `load_obj` in 0.0008s
2024-12-10 18:41:26,877 INFO ==> EMD Loss: 15.277606
2024-12-10 18:41:26,877 INFO ==> Height map loss:  5.342766
2024-12-10 18:41:27,376 DEBUG loaded <trimesh.Trimesh(vertices.shape=(916, 3), faces.shape=(856, 3))> using `load_obj` in 0.0030s
2024-12-10 18:41:27,530 DEBUG loaded <trimesh.Trimesh(vertices.shape=(48, 3), faces.shape=(28, 3))> using `load_obj` in 0.0007s
2024-12-10 18:41:36,197 INFO ==> EMD Loss: 15.269025
2024-12-10 18:41:36,197 INFO ==> Height map loss:  5.342710
2024-12-10 18:41:36,584 DEBUG loaded <trimesh.Trimesh(vertices.shape=(916, 3), faces.shape=(856, 3))> using `load_obj` in 0.0029s
2024-12-10 18:41:36,737 DEBUG loaded <trimesh.Trimesh(vertices.shape=(48, 3), faces.shape=(28, 3))> using `load_obj` in 0.0007s
2024-12-10 18:41:45,249 INFO ==> EMD Loss: 15.269033
2024-12-10 18:41:45,249 INFO ==> Height map loss:  5.342755
2024-12-10 18:41:45,772 DEBUG loaded <trimesh.Trimesh(vertices.shape=(916, 3), faces.shape=(856, 3))> using `load_obj` in 0.0030s
2024-12-10 18:41:45,928 DEBUG loaded <trimesh.Trimesh(vertices.shape=(48, 3), faces.shape=(28, 3))> using `load_obj` in 0.0007s
2024-12-10 18:41:54,430 INFO ==> EMD Loss: 15.269023
2024-12-10 18:41:54,430 INFO ==> Height map loss:  5.342726
2024-12-10 18:41:54,782 DEBUG loaded <trimesh.Trimesh(vertices.shape=(916, 3), faces.shape=(856, 3))> using `load_obj` in 0.0029s
2024-12-10 18:41:54,931 DEBUG loaded <trimesh.Trimesh(vertices.shape=(48, 3), faces.shape=(28, 3))> using `load_obj` in 0.0007s
2024-12-10 18:42:18,100 INFO =====> Skill params: [ 0.18977082 -0.5544888  -0.918053   -0.96694475  0.6265405 ]
2024-12-10 18:42:18,100 INFO =====> Grad: [0. 0. 0. 0. 0.]
2024-12-10 18:42:18,100 INFO =====> Num. aborted data so far: 0
2024-12-10 18:42:18,101 INFO ===========> Epoch: 17 optimisation losses
2024-12-10 18:42:18,101 INFO =====> EMD Loss: 15.269048
2024-12-10 18:42:18,101 INFO =====> Height map loss: 5.342683
2024-12-10 18:42:18,493 DEBUG loaded <trimesh.Trimesh(vertices.shape=(916, 3), faces.shape=(856, 3))> using `load_obj` in 0.0031s
2024-12-10 18:42:18,653 DEBUG loaded <trimesh.Trimesh(vertices.shape=(48, 3), faces.shape=(28, 3))> using `load_obj` in 0.0007s
2024-12-10 18:42:27,476 INFO ==> EMD Loss: 15.269073
2024-12-10 18:42:27,476 INFO ==> Height map loss:  5.342813
2024-12-10 18:42:27,850 DEBUG loaded <trimesh.Trimesh(vertices.shape=(916, 3), faces.shape=(856, 3))> using `load_obj` in 0.0029s
2024-12-10 18:42:28,000 DEBUG loaded <trimesh.Trimesh(vertices.shape=(48, 3), faces.shape=(28, 3))> using `load_obj` in 0.0007s
2024-12-10 18:42:36,579 INFO ==> EMD Loss: 15.269105
2024-12-10 18:42:36,579 INFO ==> Height map loss:  5.342796
2024-12-10 18:42:36,948 DEBUG loaded <trimesh.Trimesh(vertices.shape=(916, 3), faces.shape=(856, 3))> using `load_obj` in 0.0028s
2024-12-10 18:42:37,096 DEBUG loaded <trimesh.Trimesh(vertices.shape=(48, 3), faces.shape=(28, 3))> using `load_obj` in 0.0007s
2024-12-10 18:42:45,655 INFO ==> EMD Loss: 15.268920
2024-12-10 18:42:45,656 INFO ==> Height map loss:  5.342682
2024-12-10 18:42:46,059 DEBUG loaded <trimesh.Trimesh(vertices.shape=(916, 3), faces.shape=(856, 3))> using `load_obj` in 0.0030s
2024-12-10 18:42:46,217 DEBUG loaded <trimesh.Trimesh(vertices.shape=(48, 3), faces.shape=(28, 3))> using `load_obj` in 0.0007s
2024-12-10 18:42:54,612 INFO ==> EMD Loss: 15.269041
2024-12-10 18:42:54,612 INFO ==> Height map loss:  5.342711
2024-12-10 18:42:55,012 DEBUG loaded <trimesh.Trimesh(vertices.shape=(916, 3), faces.shape=(856, 3))> using `load_obj` in 0.0030s
2024-12-10 18:42:55,166 DEBUG loaded <trimesh.Trimesh(vertices.shape=(48, 3), faces.shape=(28, 3))> using `load_obj` in 0.0007s
2024-12-10 18:43:03,694 INFO ==> EMD Loss: 15.269009
2024-12-10 18:43:03,694 INFO ==> Height map loss:  5.342664
2024-12-10 18:43:04,104 DEBUG loaded <trimesh.Trimesh(vertices.shape=(916, 3), faces.shape=(856, 3))> using `load_obj` in 0.0029s
2024-12-10 18:43:04,270 DEBUG loaded <trimesh.Trimesh(vertices.shape=(48, 3), faces.shape=(28, 3))> using `load_obj` in 0.0007s
2024-12-10 18:43:27,551 INFO =====> Skill params: [ 0.18977082 -0.5544888  -0.918053   -0.96694475  0.6265405 ]
2024-12-10 18:43:27,552 INFO =====> Grad: [0. 0. 0. 0. 0.]
2024-12-10 18:43:27,552 INFO =====> Num. aborted data so far: 0
2024-12-10 18:43:27,552 INFO ===========> Epoch: 18 optimisation losses
2024-12-10 18:43:27,552 INFO =====> EMD Loss: 15.277458
2024-12-10 18:43:27,552 INFO =====> Height map loss: 5.342655
2024-12-10 18:43:28,033 DEBUG loaded <trimesh.Trimesh(vertices.shape=(916, 3), faces.shape=(856, 3))> using `load_obj` in 0.0041s
2024-12-10 18:43:28,235 DEBUG loaded <trimesh.Trimesh(vertices.shape=(48, 3), faces.shape=(28, 3))> using `load_obj` in 0.0009s
2024-12-10 18:43:36,719 INFO ==> EMD Loss: 15.269063
2024-12-10 18:43:36,719 INFO ==> Height map loss:  5.342758
2024-12-10 18:43:37,082 DEBUG loaded <trimesh.Trimesh(vertices.shape=(916, 3), faces.shape=(856, 3))> using `load_obj` in 0.0030s
2024-12-10 18:43:37,238 DEBUG loaded <trimesh.Trimesh(vertices.shape=(48, 3), faces.shape=(28, 3))> using `load_obj` in 0.0007s
2024-12-10 18:43:45,860 INFO ==> EMD Loss: 15.265672
2024-12-10 18:43:45,860 INFO ==> Height map loss:  5.343774
2024-12-10 18:43:46,346 DEBUG loaded <trimesh.Trimesh(vertices.shape=(916, 3), faces.shape=(856, 3))> using `load_obj` in 0.0030s
2024-12-10 18:43:46,546 DEBUG loaded <trimesh.Trimesh(vertices.shape=(48, 3), faces.shape=(28, 3))> using `load_obj` in 0.0008s
2024-12-10 18:43:55,785 INFO ==> EMD Loss: 15.269014
2024-12-10 18:43:55,785 INFO ==> Height map loss:  5.342708
2024-12-10 18:43:56,226 DEBUG loaded <trimesh.Trimesh(vertices.shape=(916, 3), faces.shape=(856, 3))> using `load_obj` in 0.0039s
2024-12-10 18:43:56,425 DEBUG loaded <trimesh.Trimesh(vertices.shape=(48, 3), faces.shape=(28, 3))> using `load_obj` in 0.0008s
2024-12-10 18:44:05,641 INFO ==> EMD Loss: 15.269032
2024-12-10 18:44:05,641 INFO ==> Height map loss:  5.342725
2024-12-10 18:44:06,006 DEBUG loaded <trimesh.Trimesh(vertices.shape=(916, 3), faces.shape=(856, 3))> using `load_obj` in 0.0030s
2024-12-10 18:44:06,160 DEBUG loaded <trimesh.Trimesh(vertices.shape=(48, 3), faces.shape=(28, 3))> using `load_obj` in 0.0007s
2024-12-10 18:44:14,643 INFO ==> EMD Loss: 15.277525
2024-12-10 18:44:14,643 INFO ==> Height map loss:  5.342732
2024-12-10 18:44:15,167 DEBUG loaded <trimesh.Trimesh(vertices.shape=(916, 3), faces.shape=(856, 3))> using `load_obj` in 0.0044s
2024-12-10 18:44:15,414 DEBUG loaded <trimesh.Trimesh(vertices.shape=(48, 3), faces.shape=(28, 3))> using `load_obj` in 0.0010s
2024-12-10 18:44:39,758 INFO =====> Skill params: [ 0.18977082 -0.5544888  -0.918053   -0.96694475  0.6265405 ]
2024-12-10 18:44:39,758 INFO =====> Grad: [0. 0. 0. 0. 0.]
2024-12-10 18:44:39,758 INFO =====> Num. aborted data so far: 0
2024-12-10 18:44:39,758 INFO ===========> Epoch: 19 optimisation losses
2024-12-10 18:44:39,758 INFO =====> EMD Loss: 15.277506
2024-12-10 18:44:39,758 INFO =====> Height map loss: 5.342655
2024-12-10 18:44:40,147 DEBUG loaded <trimesh.Trimesh(vertices.shape=(916, 3), faces.shape=(856, 3))> using `load_obj` in 0.0031s
2024-12-10 18:44:40,302 DEBUG loaded <trimesh.Trimesh(vertices.shape=(48, 3), faces.shape=(28, 3))> using `load_obj` in 0.0007s
2024-12-10 18:44:49,184 INFO ==> EMD Loss: 15.269040
2024-12-10 18:44:49,184 INFO ==> Height map loss:  5.342745
2024-12-10 18:44:49,749 DEBUG loaded <trimesh.Trimesh(vertices.shape=(916, 3), faces.shape=(856, 3))> using `load_obj` in 0.0047s
2024-12-10 18:44:49,998 DEBUG loaded <trimesh.Trimesh(vertices.shape=(48, 3), faces.shape=(28, 3))> using `load_obj` in 0.0010s
2024-12-10 18:44:59,209 INFO ==> EMD Loss: 15.269135
2024-12-10 18:44:59,209 INFO ==> Height map loss:  5.342742
2024-12-10 18:44:59,654 DEBUG loaded <trimesh.Trimesh(vertices.shape=(916, 3), faces.shape=(856, 3))> using `load_obj` in 0.0040s
2024-12-10 18:44:59,853 DEBUG loaded <trimesh.Trimesh(vertices.shape=(48, 3), faces.shape=(28, 3))> using `load_obj` in 0.0008s
2024-12-10 18:45:08,393 INFO ==> EMD Loss: 15.268979
2024-12-10 18:45:08,393 INFO ==> Height map loss:  5.342706
2024-12-10 18:45:08,772 DEBUG loaded <trimesh.Trimesh(vertices.shape=(916, 3), faces.shape=(856, 3))> using `load_obj` in 0.0039s
2024-12-10 18:45:08,971 DEBUG loaded <trimesh.Trimesh(vertices.shape=(48, 3), faces.shape=(28, 3))> using `load_obj` in 0.0008s
2024-12-10 18:45:18,577 INFO ==> EMD Loss: 15.268983
2024-12-10 18:45:18,577 INFO ==> Height map loss:  5.342658
2024-12-10 18:45:19,024 DEBUG loaded <trimesh.Trimesh(vertices.shape=(916, 3), faces.shape=(856, 3))> using `load_obj` in 0.0040s
2024-12-10 18:45:19,241 DEBUG loaded <trimesh.Trimesh(vertices.shape=(48, 3), faces.shape=(28, 3))> using `load_obj` in 0.0010s
2024-12-10 18:45:27,911 INFO ==> EMD Loss: 15.269018
2024-12-10 18:45:27,911 INFO ==> Height map loss:  5.342741
2024-12-10 18:45:28,267 DEBUG loaded <trimesh.Trimesh(vertices.shape=(916, 3), faces.shape=(856, 3))> using `load_obj` in 0.0029s
2024-12-10 18:45:28,419 DEBUG loaded <trimesh.Trimesh(vertices.shape=(48, 3), faces.shape=(28, 3))> using `load_obj` in 0.0007s
2024-12-10 18:45:37,065 INFO ===========> Finished training.
2024-12-10 18:45:37,065 INFO ====> Final EMD Loss: 15.268988
2024-12-10 18:45:37,065 INFO ====> Final Height map loss: 5.342710
2024-12-10 18:45:37,065 INFO ====> Final skill params: [ 0.18977082 -0.5544888  -0.918053   -0.96694475  0.6265405 ]
