2025-05-27 21:45:37,744 INFO =====> Skill params: [ 0.79940385  0.2         0.8         0.         -0.5       ]
2025-05-27 21:45:37,744 INFO =====> Grad: [  638.29785 -4362.3213   -265.52725  -412.42923  -118.85809]
2025-05-27 21:45:37,744 INFO =====> Num. aborted data so far: 0
2025-05-27 21:45:37,745 INFO ===========> Epoch: 0 optimisation losses
2025-05-27 21:45:37,745 INFO =====> EMD Loss: 18.628801
2025-05-27 21:45:37,745 INFO =====> Height map loss: 11.313005
2025-05-27 21:45:46,765 INFO ==> EMD Loss: 19.004187
2025-05-27 21:45:46,765 INFO ==> Height map loss:  11.597344
2025-05-27 21:45:55,716 INFO ==> EMD Loss: 19.386623
2025-05-27 21:45:55,716 INFO ==> Height map loss:  12.081550
2025-05-27 21:46:04,822 INFO ==> EMD Loss: 19.522022
2025-05-27 21:46:04,822 INFO ==> Height map loss:  12.018937
2025-05-27 21:46:13,922 INFO ==> EMD Loss: 19.241167
2025-05-27 21:46:13,922 INFO ==> Height map loss:  11.527652
2025-05-27 21:46:23,309 INFO ==> EMD Loss: 19.317665
2025-05-27 21:46:23,309 INFO ==> Height map loss:  11.352752
2025-05-27 21:46:45,012 INFO =====> Skill params: [ 0.6096672   0.38973665  0.9897367   0.18973666 -0.31026337]
2025-05-27 21:46:45,012 INFO =====> Grad: [-635.2941  6697.6934   362.61716 1343.9702  -782.9385 ]
2025-05-27 21:46:45,012 INFO =====> Num. aborted data so far: 0
2025-05-27 21:46:45,013 INFO ===========> Epoch: 1 optimisation losses
2025-05-27 21:46:45,013 INFO =====> EMD Loss: 19.318584
2025-05-27 21:46:45,013 INFO =====> Height map loss: 11.352585
2025-05-27 21:46:54,162 INFO ==> EMD Loss: 19.535324
2025-05-27 21:46:54,162 INFO ==> Height map loss:  11.467225
2025-05-27 21:47:03,492 INFO ==> EMD Loss: 20.252619
2025-05-27 21:47:03,492 INFO ==> Height map loss:  11.588154
2025-05-27 21:47:12,611 INFO ==> EMD Loss: 20.315084
2025-05-27 21:47:12,611 INFO ==> Height map loss:  12.142001
2025-05-27 21:47:22,000 INFO ==> EMD Loss: 20.921013
2025-05-27 21:47:22,001 INFO ==> Height map loss:  12.637830
2025-05-27 21:47:31,378 INFO ==> EMD Loss: 20.962946
2025-05-27 21:47:31,378 INFO ==> Height map loss:  13.014006
2025-05-27 21:47:53,056 INFO =====> Skill params: [ 0.61653423  0.38166615  0.98194534  0.18062799 -0.30087343]
2025-05-27 21:47:53,056 INFO =====> Grad: [ -624.       -2226.8147     354.14288    -58.711414   970.68524 ]
2025-05-27 21:47:53,057 INFO =====> Num. aborted data so far: 0
2025-05-27 21:47:53,057 INFO ===========> Epoch: 2 optimisation losses
2025-05-27 21:47:53,057 INFO =====> EMD Loss: 19.535372
2025-05-27 21:47:53,057 INFO =====> Height map loss: 11.465217
2025-05-27 21:48:02,471 INFO ==> EMD Loss: 19.573330
2025-05-27 21:48:02,471 INFO ==> Height map loss:  11.436521
2025-05-27 21:48:11,711 INFO ==> EMD Loss: 18.856815
2025-05-27 21:48:11,711 INFO ==> Height map loss:  10.795877
2025-05-27 21:48:21,093 INFO ==> EMD Loss: 18.742548
2025-05-27 21:48:21,094 INFO ==> Height map loss:  10.887892
2025-05-27 21:48:30,404 INFO ==> EMD Loss: 18.395880
2025-05-27 21:48:30,404 INFO ==> Height map loss:  10.796263
2025-05-27 21:48:39,932 INFO ==> EMD Loss: 18.200869
2025-05-27 21:48:39,932 INFO ==> Height map loss:  10.677530
2025-05-27 21:49:02,002 INFO =====> Skill params: [ 0.7303221   0.43587574  0.8594438   0.18900855 -0.45098305]
2025-05-27 21:49:02,003 INFO =====> Grad: [  620.68964 -6301.195     137.05836   957.22675   282.82693]
2025-05-27 21:49:02,003 INFO =====> Num. aborted data so far: 0
2025-05-27 21:49:02,003 INFO ===========> Epoch: 3 optimisation losses
2025-05-27 21:49:02,003 INFO =====> EMD Loss: 18.204525
2025-05-27 21:49:02,003 INFO =====> Height map loss: 10.678655
2025-05-27 21:49:11,597 INFO ==> EMD Loss: 18.261219
2025-05-27 21:49:11,597 INFO ==> Height map loss:  10.552902
2025-05-27 21:49:21,247 INFO ==> EMD Loss: 18.182487
2025-05-27 21:49:21,247 INFO ==> Height map loss:  10.426123
2025-05-27 21:49:30,986 INFO ==> EMD Loss: 17.744770
2025-05-27 21:49:30,986 INFO ==> Height map loss:  9.817683
2025-05-27 21:49:40,852 INFO ==> EMD Loss: 17.291969
2025-05-27 21:49:40,852 INFO ==> Height map loss:  9.162966
2025-05-27 21:49:50,809 INFO ==> EMD Loss: 17.051147
2025-05-27 21:49:50,809 INFO ==> Height map loss:  8.704468
2025-05-27 21:50:14,729 INFO =====> Skill params: [ 0.6293232   0.5589429   0.8111176   0.07428933 -0.49578255]
2025-05-27 21:50:14,729 INFO =====> Grad: [-616.2162  5508.6167   415.80075 -826.3416   792.95087]
2025-05-27 21:50:14,729 INFO =====> Num. aborted data so far: 0
2025-05-27 21:50:14,730 INFO ===========> Epoch: 4 optimisation losses
2025-05-27 21:50:14,730 INFO =====> EMD Loss: 17.052830
2025-05-27 21:50:14,730 INFO =====> Height map loss: 8.703744
2025-05-27 21:50:24,708 INFO ==> EMD Loss: 16.970501
2025-05-27 21:50:24,708 INFO ==> Height map loss:  8.740012
2025-05-27 21:50:34,814 INFO ==> EMD Loss: 17.201180
2025-05-27 21:50:34,814 INFO ==> Height map loss:  9.026126
2025-05-27 21:50:44,507 INFO ==> EMD Loss: 17.025511
2025-05-27 21:50:44,507 INFO ==> Height map loss:  9.366127
2025-05-27 21:50:54,089 INFO ==> EMD Loss: 17.291100
2025-05-27 21:50:54,089 INFO ==> Height map loss:  9.727884
2025-05-27 21:51:03,450 INFO ==> EMD Loss: 17.598291
2025-05-27 21:51:03,450 INFO ==> Height map loss:  9.924793
2025-05-27 21:51:27,265 INFO =====> Skill params: [ 0.6339399   0.5540757   0.8051264   0.07886239 -0.50121135]
2025-05-27 21:51:27,265 INFO =====> Grad: [  624.65753 -6386.924      86.43741  -890.6462   -139.3127 ]
2025-05-27 21:51:27,265 INFO =====> Num. aborted data so far: 0
2025-05-27 21:51:27,266 INFO ===========> Epoch: 5 optimisation losses
2025-05-27 21:51:27,266 INFO =====> EMD Loss: 16.989979
2025-05-27 21:51:27,266 INFO =====> Height map loss: 8.740650
2025-05-27 21:51:37,427 INFO ==> EMD Loss: 17.047586
2025-05-27 21:51:37,427 INFO ==> Height map loss:  8.727319
2025-05-27 21:51:47,509 INFO ==> EMD Loss: 16.759331
2025-05-27 21:51:47,510 INFO ==> Height map loss:  8.166064
2025-05-27 21:51:57,798 INFO ==> EMD Loss: 16.296667
2025-05-27 21:51:57,798 INFO ==> Height map loss:  7.656816
2025-05-27 21:52:08,042 INFO ==> EMD Loss: 16.031662
2025-05-27 21:52:08,042 INFO ==> Height map loss:  7.296327
2025-05-27 21:52:18,498 INFO ==> EMD Loss: 15.771367
2025-05-27 21:52:18,498 INFO ==> Height map loss:  7.005743
2025-05-27 21:52:43,713 INFO =====> Skill params: [ 0.54640454  0.6548702   0.77911776  0.17000076 -0.48121583]
2025-05-27 21:52:43,714 INFO =====> Grad: [  620.68964  -5940.3384     115.265434   892.274      492.87027 ]
2025-05-27 21:52:43,714 INFO =====> Num. aborted data so far: 0
2025-05-27 21:52:43,714 INFO ===========> Epoch: 6 optimisation losses
2025-05-27 21:52:43,714 INFO =====> EMD Loss: 15.773381
2025-05-27 21:52:43,714 INFO =====> Height map loss: 7.007621
2025-05-27 21:52:54,388 INFO ==> EMD Loss: 15.718271
2025-05-27 21:52:54,388 INFO ==> Height map loss:  6.932069
2025-05-27 21:53:04,960 INFO ==> EMD Loss: 15.587776
2025-05-27 21:53:04,960 INFO ==> Height map loss:  6.759167
2025-05-27 21:53:15,692 INFO ==> EMD Loss: 15.419871
2025-05-27 21:53:15,692 INFO ==> Height map loss:  6.631178
2025-05-27 21:53:26,397 INFO ==> EMD Loss: 15.023186
2025-05-27 21:53:26,397 INFO ==> Height map loss:  6.517696
2025-05-27 21:53:37,257 INFO ==> EMD Loss: 14.942907
2025-05-27 21:53:37,257 INFO ==> Height map loss:  6.490196
2025-05-27 21:54:03,876 INFO =====> Skill params: [ 0.463853    0.7425137   0.7432191   0.08416797 -0.5506166 ]
2025-05-27 21:54:03,876 INFO =====> Grad: [  618.1818  -2644.086    -424.25104  -351.91464    86.22572]
2025-05-27 21:54:03,876 INFO =====> Num. aborted data so far: 0
2025-05-27 21:54:03,877 INFO ===========> Epoch: 7 optimisation losses
2025-05-27 21:54:03,877 INFO =====> EMD Loss: 14.943314
2025-05-27 21:54:03,877 INFO =====> Height map loss: 6.490164
2025-05-27 21:54:14,748 INFO ==> EMD Loss: 14.923898
2025-05-27 21:54:14,748 INFO ==> Height map loss:  6.500154
2025-05-27 21:54:25,693 INFO ==> EMD Loss: 14.986081
2025-05-27 21:54:25,693 INFO ==> Height map loss:  6.540962
2025-05-27 21:54:36,467 INFO ==> EMD Loss: 14.943273
2025-05-27 21:54:36,467 INFO ==> Height map loss:  6.520733
2025-05-27 21:54:47,470 INFO ==> EMD Loss: 15.027287
2025-05-27 21:54:47,470 INFO ==> Height map loss:  6.577112
2025-05-27 21:54:58,305 INFO ==> EMD Loss: 14.913630
2025-05-27 21:54:58,305 INFO ==> Height map loss:  6.612103
2025-05-27 21:55:25,424 INFO =====> Skill params: [ 0.45991144  0.7445231   0.7488328   0.08592142 -0.5512551 ]
2025-05-27 21:55:25,424 INFO =====> Grad: [ 6.1818182e+02 -5.8568809e+03  2.4332964e+00  2.5780627e+02
  2.1854382e+02]
2025-05-27 21:55:25,424 INFO =====> Num. aborted data so far: 0
2025-05-27 21:55:25,425 INFO ===========> Epoch: 8 optimisation losses
2025-05-27 21:55:25,425 INFO =====> EMD Loss: 14.923777
2025-05-27 21:55:25,425 INFO =====> Height map loss: 6.499987
2025-05-27 21:55:36,209 INFO ==> EMD Loss: 14.992537
2025-05-27 21:55:36,209 INFO ==> Height map loss:  6.532120
2025-05-27 21:55:47,257 INFO ==> EMD Loss: 14.931804
2025-05-27 21:55:47,257 INFO ==> Height map loss:  6.576510
2025-05-27 21:55:58,230 INFO ==> EMD Loss: 14.692234
2025-05-27 21:55:58,230 INFO ==> Height map loss:  6.597872
2025-05-27 21:56:09,350 INFO ==> EMD Loss: 14.586426
2025-05-27 21:56:09,350 INFO ==> Height map loss:  6.598965
2025-05-27 21:56:20,343 INFO ==> EMD Loss: 14.595010
2025-05-27 21:56:20,343 INFO ==> Height map loss:  6.603051
2025-05-27 21:56:47,048 INFO =====> Skill params: [ 0.45610565  0.74872863  0.7487989   0.08458097 -0.55293393]
2025-05-27 21:56:47,048 INFO =====> Grad: [ 6.1818182e+02 -4.2764375e+03  5.6481969e-01  7.3079657e+02
 -5.2445880e+02]
2025-05-27 21:56:47,055 INFO =====> Num. aborted data so far: 0
2025-05-27 21:56:47,056 INFO ===========> Epoch: 9 optimisation losses
2025-05-27 21:56:47,056 INFO =====> EMD Loss: 14.992413
2025-05-27 21:56:47,056 INFO =====> Height map loss: 6.532159
2025-05-27 21:56:58,030 INFO ==> EMD Loss: 14.954092
2025-05-27 21:56:58,030 INFO ==> Height map loss:  6.503191
2025-05-27 21:57:08,838 INFO ==> EMD Loss: 14.936550
2025-05-27 21:57:08,838 INFO ==> Height map loss:  6.558351
2025-05-27 21:57:19,935 INFO ==> EMD Loss: 14.678271
2025-05-27 21:57:19,936 INFO ==> Height map loss:  6.595763
2025-05-27 21:57:31,083 INFO ==> EMD Loss: 14.595132
2025-05-27 21:57:31,083 INFO ==> Height map loss:  6.597738
2025-05-27 21:57:42,350 INFO ==> EMD Loss: 14.594897
2025-05-27 21:57:42,350 INFO ==> Height map loss:  6.598920
2025-05-27 21:58:08,883 INFO =====> Skill params: [ 0.45241076  0.7517921   0.7487906   0.08089109 -0.54905784]
2025-05-27 21:58:08,883 INFO =====> Grad: [  612.      -5303.5664   -424.2633   -658.78375  -677.2192 ]
2025-05-27 21:58:08,890 INFO =====> Num. aborted data so far: 0
2025-05-27 21:58:08,891 INFO ===========> Epoch: 10 optimisation losses
2025-05-27 21:58:08,891 INFO =====> EMD Loss: 14.954031
2025-05-27 21:58:08,891 INFO =====> Height map loss: 6.502995
2025-05-27 21:58:19,992 INFO ==> EMD Loss: 15.014468
2025-05-27 21:58:19,992 INFO ==> Height map loss:  6.502773
2025-05-27 21:58:30,853 INFO ==> EMD Loss: 14.974055
2025-05-27 21:58:30,853 INFO ==> Height map loss:  6.594501
2025-05-27 21:58:42,144 INFO ==> EMD Loss: 14.805243
2025-05-27 21:58:42,145 INFO ==> Height map loss:  6.584368
2025-05-27 21:58:53,372 INFO ==> EMD Loss: 14.708857
2025-05-27 21:58:53,372 INFO ==> Height map loss:  6.603860
2025-05-27 21:59:04,735 INFO ==> EMD Loss: 14.631810
2025-05-27 21:59:04,735 INFO ==> Height map loss:  6.615756
2025-05-27 21:59:31,350 INFO =====> Skill params: [ 0.4488387   0.75548154  0.7541947   0.08417987 -0.54444706]
2025-05-27 21:59:31,351 INFO =====> Grad: [  612.        -1366.5211       -2.4354236   200.91641     -38.068996 ]
2025-05-27 21:59:31,351 INFO =====> Num. aborted data so far: 0
2025-05-27 21:59:31,352 INFO ===========> Epoch: 11 optimisation losses
2025-05-27 21:59:31,352 INFO =====> EMD Loss: 15.014431
2025-05-27 21:59:31,352 INFO =====> Height map loss: 6.503680
2025-05-27 21:59:42,492 INFO ==> EMD Loss: 15.009836
2025-05-27 21:59:42,492 INFO ==> Height map loss:  6.504671
2025-05-27 21:59:53,432 INFO ==> EMD Loss: 14.949920
2025-05-27 21:59:53,432 INFO ==> Height map loss:  6.560838
2025-05-27 22:00:04,515 INFO ==> EMD Loss: 14.957631
2025-05-27 22:00:04,515 INFO ==> Height map loss:  6.577922
2025-05-27 22:00:15,386 INFO ==> EMD Loss: 14.887478
2025-05-27 22:00:15,386 INFO ==> Height map loss:  6.535113
2025-05-27 22:00:26,521 INFO ==> EMD Loss: 14.749058
2025-05-27 22:00:26,521 INFO ==> Height map loss:  6.580264
2025-05-27 22:00:53,202 INFO =====> Skill params: [ 0.44533902  0.7564781   0.7542274   0.08312911 -0.54417396]
2025-05-27 22:00:53,203 INFO =====> Grad: [-6.1200000e+02  6.1199570e+03  2.8781593e+00 -4.9730090e+02
  1.6078229e+02]
2025-05-27 22:00:53,203 INFO =====> Num. aborted data so far: 0
2025-05-27 22:00:53,204 INFO ===========> Epoch: 12 optimisation losses
2025-05-27 22:00:53,204 INFO =====> EMD Loss: 15.009866
2025-05-27 22:00:53,204 INFO =====> Height map loss: 6.504725
2025-05-27 22:01:04,388 INFO ==> EMD Loss: 15.006232
2025-05-27 22:01:04,389 INFO ==> Height map loss:  6.515787
2025-05-27 22:01:15,244 INFO ==> EMD Loss: 15.017334
2025-05-27 22:01:15,244 INFO ==> Height map loss:  6.481314
2025-05-27 22:01:26,085 INFO ==> EMD Loss: 15.075624
2025-05-27 22:01:26,085 INFO ==> Height map loss:  6.508798
2025-05-27 22:01:36,726 INFO ==> EMD Loss: 15.275355
2025-05-27 22:01:36,726 INFO ==> Height map loss:  6.660735
2025-05-27 22:01:47,484 INFO ==> EMD Loss: 15.467242
2025-05-27 22:01:47,484 INFO ==> Height map loss:  6.727018
2025-05-27 22:02:13,865 INFO =====> Skill params: [ 0.46253005  0.7354053   0.75402373  0.09629779 -0.5502036 ]
2025-05-27 22:02:13,865 INFO =====> Grad: [-612.2449    6145.4062      -6.4839168 -844.1564      98.23694  ]
2025-05-27 22:02:13,865 INFO =====> Num. aborted data so far: 0
2025-05-27 22:02:13,866 INFO ===========> Epoch: 13 optimisation losses
2025-05-27 22:02:13,866 INFO =====> EMD Loss: 15.017280
2025-05-27 22:02:13,866 INFO =====> Height map loss: 6.481242
2025-05-27 22:02:24,881 INFO ==> EMD Loss: 14.997953
2025-05-27 22:02:24,882 INFO ==> Height map loss:  6.480459
2025-05-27 22:02:35,504 INFO ==> EMD Loss: 15.070616
2025-05-27 22:02:35,504 INFO ==> Height map loss:  6.496061
2025-05-27 22:02:46,240 INFO ==> EMD Loss: 15.217180
2025-05-27 22:02:46,240 INFO ==> Height map loss:  6.601511
2025-05-27 22:02:56,712 INFO ==> EMD Loss: 15.414489
2025-05-27 22:02:56,712 INFO ==> Height map loss:  6.704447
2025-05-27 22:03:07,381 INFO ==> EMD Loss: 15.535381
2025-05-27 22:03:07,382 INFO ==> Height map loss:  6.844246
2025-05-27 22:03:33,656 INFO =====> Skill params: [ 0.46591678  0.73136836  0.75412047  0.10051829 -0.5509777 ]
2025-05-27 22:03:33,656 INFO =====> Grad: [-618.55676 5287.528    424.18332 -182.37091  983.8942 ]
2025-05-27 22:03:33,663 INFO =====> Num. aborted data so far: 0
2025-05-27 22:03:33,664 INFO ===========> Epoch: 14 optimisation losses
2025-05-27 22:03:33,664 INFO =====> EMD Loss: 14.997907
2025-05-27 22:03:33,664 INFO =====> Height map loss: 6.481354
2025-05-27 22:03:44,627 INFO ==> EMD Loss: 15.039777
2025-05-27 22:03:44,627 INFO ==> Height map loss:  6.482779
2025-05-27 22:03:55,126 INFO ==> EMD Loss: 14.983120
2025-05-27 22:03:55,126 INFO ==> Height map loss:  6.459388
2025-05-27 22:04:05,854 INFO ==> EMD Loss: 15.004658
2025-05-27 22:04:05,854 INFO ==> Height map loss:  6.519400
2025-05-27 22:04:16,331 INFO ==> EMD Loss: 15.102618
2025-05-27 22:04:16,331 INFO ==> Height map loss:  6.690396
2025-05-27 22:04:26,828 INFO ==> EMD Loss: 15.202927
2025-05-27 22:04:26,828 INFO ==> Height map loss:  6.818833
2025-05-27 22:04:53,006 INFO =====> Skill params: [ 0.48277333  0.71428967  0.72683877  0.1052994  -0.58193624]
2025-05-27 22:04:53,007 INFO =====> Grad: [-618.9474   6106.3496    -15.861954 -702.2095    725.8656  ]
2025-05-27 22:04:53,007 INFO =====> Num. aborted data so far: 0
2025-05-27 22:04:53,008 INFO ===========> Epoch: 15 optimisation losses
2025-05-27 22:04:53,008 INFO =====> EMD Loss: 14.983139
2025-05-27 22:04:53,008 INFO =====> Height map loss: 6.455741
2025-05-27 22:05:03,715 INFO ==> EMD Loss: 15.009316
2025-05-27 22:05:03,715 INFO ==> Height map loss:  6.466789
2025-05-27 22:05:14,300 INFO ==> EMD Loss: 15.037757
2025-05-27 22:05:14,300 INFO ==> Height map loss:  6.538006
2025-05-27 22:05:24,939 INFO ==> EMD Loss: 15.311479
2025-05-27 22:05:24,939 INFO ==> Height map loss:  6.713775
2025-05-27 22:05:35,239 INFO ==> EMD Loss: 15.464012
2025-05-27 22:05:35,239 INFO ==> Height map loss:  6.858232
2025-05-27 22:05:45,577 INFO ==> EMD Loss: 15.515966
2025-05-27 22:05:45,578 INFO ==> Height map loss:  7.016229
2025-05-27 22:06:11,206 INFO =====> Skill params: [ 0.48610303  0.71048135  0.72705376  0.10889147 -0.58622986]
2025-05-27 22:06:11,207 INFO =====> Grad: [  612.7659   -6383.3745      17.552603  -568.5504    -326.58127 ]
2025-05-27 22:06:11,207 INFO =====> Num. aborted data so far: 0
2025-05-27 22:06:11,208 INFO ===========> Epoch: 16 optimisation losses
2025-05-27 22:06:11,208 INFO =====> EMD Loss: 15.009460
2025-05-27 22:06:11,208 INFO =====> Height map loss: 6.466697
2025-05-27 22:06:21,999 INFO ==> EMD Loss: 14.997595
2025-05-27 22:06:21,999 INFO ==> Height map loss:  6.463094
2025-05-27 22:06:32,762 INFO ==> EMD Loss: 15.005726
2025-05-27 22:06:32,762 INFO ==> Height map loss:  6.483864
2025-05-27 22:06:43,807 INFO ==> EMD Loss: 14.906775
2025-05-27 22:06:43,807 INFO ==> Height map loss:  6.542036
2025-05-27 22:06:54,701 INFO ==> EMD Loss: 15.036105
2025-05-27 22:06:54,701 INFO ==> Height map loss:  6.562258
2025-05-27 22:07:05,617 INFO ==> EMD Loss: 14.876896
2025-05-27 22:07:05,617 INFO ==> Height map loss:  6.601834
2025-05-27 22:07:31,452 INFO =====> Skill params: [ 0.48284024  0.7143191   0.72680306  0.11180862 -0.58423895]
2025-05-27 22:07:31,453 INFO =====> Grad: [-618.9474   5977.11      -15.848926 -925.9842    655.16473 ]
2025-05-27 22:07:31,453 INFO =====> Num. aborted data so far: 0
2025-05-27 22:07:31,453 INFO ===========> Epoch: 17 optimisation losses
2025-05-27 22:07:31,453 INFO =====> EMD Loss: 14.997572
2025-05-27 22:07:31,453 INFO =====> Height map loss: 6.462984
2025-05-27 22:07:42,311 INFO ==> EMD Loss: 15.023103
2025-05-27 22:07:42,312 INFO ==> Height map loss:  6.483177
2025-05-27 22:07:52,888 INFO ==> EMD Loss: 15.051236
2025-05-27 22:07:52,888 INFO ==> Height map loss:  6.542031
2025-05-27 22:08:03,290 INFO ==> EMD Loss: 15.152186
2025-05-27 22:08:03,290 INFO ==> Height map loss:  6.720364
2025-05-27 22:08:13,799 INFO ==> EMD Loss: 15.354862
2025-05-27 22:08:13,799 INFO ==> Height map loss:  6.830651
2025-05-27 22:08:24,012 INFO ==> EMD Loss: 15.517221
2025-05-27 22:08:24,012 INFO ==> Height map loss:  6.949176
2025-05-27 22:08:49,783 INFO =====> Skill params: [ 0.48610237  0.7108013   0.7270416   0.11623747 -0.58808714]
2025-05-27 22:08:49,784 INFO =====> Grad: [-612.7659   3875.001     -17.410606   94.55272   256.03467 ]
2025-05-27 22:08:49,784 INFO =====> Num. aborted data so far: 0
2025-05-27 22:08:49,784 INFO ===========> Epoch: 18 optimisation losses
2025-05-27 22:08:49,784 INFO =====> EMD Loss: 15.021082
2025-05-27 22:08:49,784 INFO =====> Height map loss: 6.483546
2025-05-27 22:09:00,645 INFO ==> EMD Loss: 14.980599
2025-05-27 22:09:00,645 INFO ==> Height map loss:  6.450820
2025-05-27 22:09:11,252 INFO ==> EMD Loss: 15.015769
2025-05-27 22:09:11,252 INFO ==> Height map loss:  6.553710
2025-05-27 22:09:21,781 INFO ==> EMD Loss: 15.154988
2025-05-27 22:09:21,781 INFO ==> Height map loss:  6.671350
2025-05-27 22:09:32,415 INFO ==> EMD Loss: 15.345685
2025-05-27 22:09:32,415 INFO ==> Height map loss:  6.794542
2025-05-27 22:09:42,722 INFO ==> EMD Loss: 15.457603
2025-05-27 22:09:42,722 INFO ==> Height map loss:  6.821037
2025-05-27 22:10:08,695 INFO =====> Skill params: [ 0.48930657  0.70847094  0.7273177   0.11576138 -0.5896507 ]
2025-05-27 22:10:08,696 INFO =====> Grad: [-612.7659 6097.3193  -18.445  -944.9876  871.7327]
2025-05-27 22:10:08,696 INFO =====> Num. aborted data so far: 0
2025-05-27 22:10:08,696 INFO ===========> Epoch: 19 optimisation losses
2025-05-27 22:10:08,696 INFO =====> EMD Loss: 14.980554
2025-05-27 22:10:08,696 INFO =====> Height map loss: 6.450206
2025-05-27 22:10:19,439 INFO ==> EMD Loss: 15.015981
2025-05-27 22:10:19,439 INFO ==> Height map loss:  6.514069
2025-05-27 22:10:30,242 INFO ==> EMD Loss: 15.195274
2025-05-27 22:10:30,242 INFO ==> Height map loss:  6.645923
2025-05-27 22:10:40,650 INFO ==> EMD Loss: 15.305663
2025-05-27 22:10:40,650 INFO ==> Height map loss:  6.711545
2025-05-27 22:10:51,083 INFO ==> EMD Loss: 15.344440
2025-05-27 22:10:51,083 INFO ==> Height map loss:  6.810802
2025-05-27 22:11:01,340 INFO ==> EMD Loss: 15.407151
2025-05-27 22:11:01,340 INFO ==> Height map loss:  6.969251
2025-05-27 22:11:11,900 INFO ===========> Finished training.
2025-05-27 22:11:11,900 INFO ====> Final EMD Loss: 15.016106
2025-05-27 22:11:11,900 INFO ====> Final Height map loss: 6.513129
2025-05-27 22:11:11,901 INFO ====> Final skill params: [ 0.49248844  0.7048915   0.72762585  0.12019543 -0.59448045]
