2025-05-27 13:50:08,239 INFO =====> Skill params: [ 0.27392337 -0.46042657 -0.918053   -0.96694475  0.6265405 ]
2025-05-27 13:50:08,239 INFO =====> Grad: [0. 0. 0. 0. 0.]
2025-05-27 13:50:08,239 INFO =====> Num. aborted data so far: 0
2025-05-27 13:50:08,240 INFO ===========> Epoch: 0 optimisation losses
2025-05-27 13:50:08,240 INFO =====> EMD Loss: 14.571213
2025-05-27 13:50:08,240 INFO =====> Height map loss: 6.596415
2025-05-27 13:50:18,217 INFO ==> EMD Loss: 14.571208
2025-05-27 13:50:18,217 INFO ==> Height map loss:  6.596484
2025-05-27 13:50:27,965 INFO ==> EMD Loss: 14.571146
2025-05-27 13:50:27,965 INFO ==> Height map loss:  6.596629
2025-05-27 13:50:37,899 INFO ==> EMD Loss: 14.571174
2025-05-27 13:50:37,900 INFO ==> Height map loss:  6.596631
2025-05-27 13:50:47,690 INFO ==> EMD Loss: 14.571192
2025-05-27 13:50:47,690 INFO ==> Height map loss:  6.596674
2025-05-27 13:50:57,670 INFO ==> EMD Loss: 14.571237
2025-05-27 13:50:57,670 INFO ==> Height map loss:  6.596428
2025-05-27 13:51:21,388 INFO =====> Skill params: [ 0.27392337 -0.46042657 -0.918053   -0.96694475  0.6265405 ]
2025-05-27 13:51:21,389 INFO =====> Grad: [0. 0. 0. 0. 0.]
2025-05-27 13:51:21,389 INFO =====> Num. aborted data so far: 0
2025-05-27 13:51:21,389 INFO ===========> Epoch: 1 optimisation losses
2025-05-27 13:51:21,389 INFO =====> EMD Loss: 14.571186
2025-05-27 13:51:21,389 INFO =====> Height map loss: 6.596489
2025-05-27 13:51:31,236 INFO ==> EMD Loss: 14.571117
2025-05-27 13:51:31,236 INFO ==> Height map loss:  6.596622
2025-05-27 13:51:41,151 INFO ==> EMD Loss: 14.571169
2025-05-27 13:51:41,151 INFO ==> Height map loss:  6.596622
2025-05-27 13:51:50,954 INFO ==> EMD Loss: 14.571203
2025-05-27 13:51:50,954 INFO ==> Height map loss:  6.596437
2025-05-27 13:52:00,970 INFO ==> EMD Loss: 14.571119
2025-05-27 13:52:00,970 INFO ==> Height map loss:  6.596576
2025-05-27 13:52:10,857 INFO ==> EMD Loss: 14.571112
2025-05-27 13:52:10,857 INFO ==> Height map loss:  6.596710
2025-05-27 13:52:34,872 INFO =====> Skill params: [ 0.27392337 -0.46042657 -0.918053   -0.96694475  0.6265405 ]
2025-05-27 13:52:34,872 INFO =====> Grad: [0. 0. 0. 0. 0.]
2025-05-27 13:52:34,872 INFO =====> Num. aborted data so far: 0
2025-05-27 13:52:34,873 INFO ===========> Epoch: 2 optimisation losses
2025-05-27 13:52:34,873 INFO =====> EMD Loss: 14.571118
2025-05-27 13:52:34,873 INFO =====> Height map loss: 6.596657
2025-05-27 13:52:45,020 INFO ==> EMD Loss: 14.571225
2025-05-27 13:52:45,020 INFO ==> Height map loss:  6.596436
2025-05-27 13:52:54,880 INFO ==> EMD Loss: 14.571137
2025-05-27 13:52:54,880 INFO ==> Height map loss:  6.596588
2025-05-27 13:53:04,884 INFO ==> EMD Loss: 14.571194
2025-05-27 13:53:04,884 INFO ==> Height map loss:  6.596566
2025-05-27 13:53:14,742 INFO ==> EMD Loss: 14.571165
2025-05-27 13:53:14,742 INFO ==> Height map loss:  6.596561
2025-05-27 13:53:24,761 INFO ==> EMD Loss: 14.571240
2025-05-27 13:53:24,761 INFO ==> Height map loss:  6.596552
2025-05-27 13:53:48,477 INFO =====> Skill params: [ 0.27392337 -0.46042657 -0.918053   -0.96694475  0.6265405 ]
2025-05-27 13:53:48,477 INFO =====> Grad: [0. 0. 0. 0. 0.]
2025-05-27 13:53:48,478 INFO =====> Num. aborted data so far: 0
2025-05-27 13:53:48,478 INFO ===========> Epoch: 3 optimisation losses
2025-05-27 13:53:48,478 INFO =====> EMD Loss: 14.571148
2025-05-27 13:53:48,478 INFO =====> Height map loss: 6.596622
2025-05-27 13:53:58,471 INFO ==> EMD Loss: 14.571125
2025-05-27 13:53:58,471 INFO ==> Height map loss:  6.596640
2025-05-27 13:54:08,314 INFO ==> EMD Loss: 14.571189
2025-05-27 13:54:08,314 INFO ==> Height map loss:  6.596429
2025-05-27 13:54:18,404 INFO ==> EMD Loss: 14.571171
2025-05-27 13:54:18,404 INFO ==> Height map loss:  6.596607
2025-05-27 13:54:28,399 INFO ==> EMD Loss: 14.571181
2025-05-27 13:54:28,399 INFO ==> Height map loss:  6.596614
2025-05-27 13:54:38,275 INFO ==> EMD Loss: 14.571198
2025-05-27 13:54:38,276 INFO ==> Height map loss:  6.596400
2025-05-27 13:55:15,093 INFO =====> Skill params: [ 0.27392337 -0.46042657 -0.918053   -0.96694475  0.6265405 ]
2025-05-27 13:55:15,093 INFO =====> Grad: [0. 0. 0. 0. 0.]
2025-05-27 13:55:15,093 INFO =====> Num. aborted data so far: 0
2025-05-27 13:55:15,093 INFO ===========> Epoch: 4 optimisation losses
2025-05-27 13:55:15,093 INFO =====> EMD Loss: 14.571177
2025-05-27 13:55:15,093 INFO =====> Height map loss: 6.596462
2025-05-27 13:55:25,067 INFO ==> EMD Loss: 14.571168
2025-05-27 13:55:25,067 INFO ==> Height map loss:  6.596599
2025-05-27 13:55:35,149 INFO ==> EMD Loss: 14.571157
2025-05-27 13:55:35,149 INFO ==> Height map loss:  6.596660
2025-05-27 13:55:45,076 INFO ==> EMD Loss: 14.571151
2025-05-27 13:55:45,076 INFO ==> Height map loss:  6.596634
2025-05-27 13:55:55,168 INFO ==> EMD Loss: 14.571176
2025-05-27 13:55:55,168 INFO ==> Height map loss:  6.596612
2025-05-27 13:56:05,234 INFO ==> EMD Loss: 14.571141
2025-05-27 13:56:05,234 INFO ==> Height map loss:  6.596620
2025-05-27 13:56:29,013 INFO =====> Skill params: [ 0.27392337 -0.46042657 -0.918053   -0.96694475  0.6265405 ]
2025-05-27 13:56:29,013 INFO =====> Grad: [0. 0. 0. 0. 0.]
2025-05-27 13:56:29,013 INFO =====> Num. aborted data so far: 0
2025-05-27 13:56:29,014 INFO ===========> Epoch: 5 optimisation losses
2025-05-27 13:56:29,014 INFO =====> EMD Loss: 14.571178
2025-05-27 13:56:29,014 INFO =====> Height map loss: 6.596447
2025-05-27 13:56:39,127 INFO ==> EMD Loss: 14.571146
2025-05-27 13:56:39,127 INFO ==> Height map loss:  6.596641
2025-05-27 13:56:49,057 INFO ==> EMD Loss: 14.571198
2025-05-27 13:56:49,057 INFO ==> Height map loss:  6.596519
2025-05-27 13:56:59,117 INFO ==> EMD Loss: 14.571205
2025-05-27 13:56:59,117 INFO ==> Height map loss:  6.596435
2025-05-27 13:57:09,049 INFO ==> EMD Loss: 14.571162
2025-05-27 13:57:09,049 INFO ==> Height map loss:  6.596604
2025-05-27 13:57:19,123 INFO ==> EMD Loss: 14.571206
2025-05-27 13:57:19,123 INFO ==> Height map loss:  6.596416
2025-05-27 13:57:43,270 INFO =====> Skill params: [ 0.27392337 -0.46042657 -0.918053   -0.96694475  0.6265405 ]
2025-05-27 13:57:43,270 INFO =====> Grad: [0. 0. 0. 0. 0.]
2025-05-27 13:57:43,270 INFO =====> Num. aborted data so far: 0
2025-05-27 13:57:43,270 INFO ===========> Epoch: 6 optimisation losses
2025-05-27 13:57:43,271 INFO =====> EMD Loss: 14.571150
2025-05-27 13:57:43,271 INFO =====> Height map loss: 6.596617
2025-05-27 13:57:53,398 INFO ==> EMD Loss: 14.571086
2025-05-27 13:57:53,398 INFO ==> Height map loss:  6.596650
2025-05-27 13:58:03,343 INFO ==> EMD Loss: 14.571123
2025-05-27 13:58:03,343 INFO ==> Height map loss:  6.596559
2025-05-27 13:58:13,447 INFO ==> EMD Loss: 14.571197
2025-05-27 13:58:13,447 INFO ==> Height map loss:  6.596480
2025-05-27 13:58:23,411 INFO ==> EMD Loss: 14.571175
2025-05-27 13:58:23,411 INFO ==> Height map loss:  6.596629
2025-05-27 13:58:33,596 INFO ==> EMD Loss: 14.571170
2025-05-27 13:58:33,596 INFO ==> Height map loss:  6.596704
2025-05-27 13:58:57,447 INFO =====> Skill params: [ 0.27392337 -0.46042657 -0.918053   -0.96694475  0.6265405 ]
2025-05-27 13:58:57,447 INFO =====> Grad: [0. 0. 0. 0. 0.]
2025-05-27 13:58:57,447 INFO =====> Num. aborted data so far: 0
2025-05-27 13:58:57,448 INFO ===========> Epoch: 7 optimisation losses
2025-05-27 13:58:57,448 INFO =====> EMD Loss: 14.571135
2025-05-27 13:58:57,448 INFO =====> Height map loss: 6.596585
2025-05-27 13:59:07,452 INFO ==> EMD Loss: 14.571180
2025-05-27 13:59:07,452 INFO ==> Height map loss:  6.596483
2025-05-27 13:59:17,584 INFO ==> EMD Loss: 14.571141
2025-05-27 13:59:17,584 INFO ==> Height map loss:  6.596626
2025-05-27 13:59:27,522 INFO ==> EMD Loss: 14.571163
2025-05-27 13:59:27,522 INFO ==> Height map loss:  6.596487
2025-05-27 13:59:37,657 INFO ==> EMD Loss: 14.571142
2025-05-27 13:59:37,657 INFO ==> Height map loss:  6.596646
2025-05-27 13:59:47,686 INFO ==> EMD Loss: 14.571157
2025-05-27 13:59:47,686 INFO ==> Height map loss:  6.596447
2025-05-27 14:00:11,564 INFO =====> Skill params: [ 0.27392337 -0.46042657 -0.918053   -0.96694475  0.6265405 ]
2025-05-27 14:00:11,564 INFO =====> Grad: [0. 0. 0. 0. 0.]
2025-05-27 14:00:11,564 INFO =====> Num. aborted data so far: 0
2025-05-27 14:00:11,565 INFO ===========> Epoch: 8 optimisation losses
2025-05-27 14:00:11,565 INFO =====> EMD Loss: 14.571194
2025-05-27 14:00:11,565 INFO =====> Height map loss: 6.596446
2025-05-27 14:00:21,659 INFO ==> EMD Loss: 14.571161
2025-05-27 14:00:21,659 INFO ==> Height map loss:  6.596588
2025-05-27 14:00:31,824 INFO ==> EMD Loss: 14.571216
2025-05-27 14:00:31,824 INFO ==> Height map loss:  6.596465
2025-05-27 14:00:41,788 INFO ==> EMD Loss: 14.571163
2025-05-27 14:00:41,788 INFO ==> Height map loss:  6.596626
2025-05-27 14:00:51,937 INFO ==> EMD Loss: 14.571183
2025-05-27 14:00:51,938 INFO ==> Height map loss:  6.596663
2025-05-27 14:01:01,912 INFO ==> EMD Loss: 14.571111
2025-05-27 14:01:01,912 INFO ==> Height map loss:  6.596624
2025-05-27 14:01:25,861 INFO =====> Skill params: [ 0.27392337 -0.46042657 -0.918053   -0.96694475  0.6265405 ]
2025-05-27 14:01:25,861 INFO =====> Grad: [0. 0. 0. 0. 0.]
2025-05-27 14:01:25,861 INFO =====> Num. aborted data so far: 0
2025-05-27 14:01:25,862 INFO ===========> Epoch: 9 optimisation losses
2025-05-27 14:01:25,862 INFO =====> EMD Loss: 14.571203
2025-05-27 14:01:25,862 INFO =====> Height map loss: 6.596436
2025-05-27 14:01:38,683 INFO ==> EMD Loss: 14.571186
2025-05-27 14:01:38,683 INFO ==> Height map loss:  6.596443
2025-05-27 14:01:48,876 INFO ==> EMD Loss: 14.571172
2025-05-27 14:01:48,876 INFO ==> Height map loss:  6.596595
2025-05-27 14:01:58,835 INFO ==> EMD Loss: 14.571115
2025-05-27 14:01:58,835 INFO ==> Height map loss:  6.596629
2025-05-27 14:02:09,032 INFO ==> EMD Loss: 14.571169
2025-05-27 14:02:09,032 INFO ==> Height map loss:  6.596430
2025-05-27 14:02:19,028 INFO ==> EMD Loss: 14.571166
2025-05-27 14:02:19,028 INFO ==> Height map loss:  6.596665
2025-05-27 14:02:42,889 INFO =====> Skill params: [ 0.27392337 -0.46042657 -0.918053   -0.96694475  0.6265405 ]
2025-05-27 14:02:42,889 INFO =====> Grad: [0. 0. 0. 0. 0.]
2025-05-27 14:02:42,889 INFO =====> Num. aborted data so far: 0
2025-05-27 14:02:42,890 INFO ===========> Epoch: 10 optimisation losses
2025-05-27 14:02:42,890 INFO =====> EMD Loss: 14.571159
2025-05-27 14:02:42,890 INFO =====> Height map loss: 6.596575
2025-05-27 14:02:53,077 INFO ==> EMD Loss: 14.571187
2025-05-27 14:02:53,077 INFO ==> Height map loss:  6.596478
2025-05-27 14:03:03,086 INFO ==> EMD Loss: 14.571194
2025-05-27 14:03:03,086 INFO ==> Height map loss:  6.596507
2025-05-27 14:03:13,247 INFO ==> EMD Loss: 14.571163
2025-05-27 14:03:13,247 INFO ==> Height map loss:  6.596661
2025-05-27 14:03:23,203 INFO ==> EMD Loss: 14.571158
2025-05-27 14:03:23,203 INFO ==> Height map loss:  6.596617
2025-05-27 14:03:33,310 INFO ==> EMD Loss: 14.571158
2025-05-27 14:03:33,310 INFO ==> Height map loss:  6.596584
2025-05-27 14:03:56,964 INFO =====> Skill params: [ 0.27392337 -0.46042657 -0.918053   -0.96694475  0.6265405 ]
2025-05-27 14:03:56,964 INFO =====> Grad: [0. 0. 0. 0. 0.]
2025-05-27 14:03:56,964 INFO =====> Num. aborted data so far: 0
2025-05-27 14:03:56,965 INFO ===========> Epoch: 11 optimisation losses
2025-05-27 14:03:56,965 INFO =====> EMD Loss: 14.571150
2025-05-27 14:03:56,965 INFO =====> Height map loss: 6.596632
2025-05-27 14:04:07,214 INFO ==> EMD Loss: 14.571160
2025-05-27 14:04:07,214 INFO ==> Height map loss:  6.596604
2025-05-27 14:04:17,180 INFO ==> EMD Loss: 14.571178
2025-05-27 14:04:17,180 INFO ==> Height map loss:  6.596545
2025-05-27 14:04:27,371 INFO ==> EMD Loss: 14.571141
2025-05-27 14:04:27,371 INFO ==> Height map loss:  6.596579
2025-05-27 14:04:37,307 INFO ==> EMD Loss: 14.571205
2025-05-27 14:04:37,307 INFO ==> Height map loss:  6.596492
2025-05-27 14:04:47,429 INFO ==> EMD Loss: 14.571206
2025-05-27 14:04:47,429 INFO ==> Height map loss:  6.596424
2025-05-27 14:05:11,234 INFO =====> Skill params: [ 0.27392337 -0.46042657 -0.918053   -0.96694475  0.6265405 ]
2025-05-27 14:05:11,234 INFO =====> Grad: [0. 0. 0. 0. 0.]
2025-05-27 14:05:11,235 INFO =====> Num. aborted data so far: 0
2025-05-27 14:05:11,235 INFO ===========> Epoch: 12 optimisation losses
2025-05-27 14:05:11,235 INFO =====> EMD Loss: 14.571209
2025-05-27 14:05:11,235 INFO =====> Height map loss: 6.596467
2025-05-27 14:05:21,397 INFO ==> EMD Loss: 14.571143
2025-05-27 14:05:21,397 INFO ==> Height map loss:  6.596600
2025-05-27 14:05:31,370 INFO ==> EMD Loss: 14.571201
2025-05-27 14:05:31,370 INFO ==> Height map loss:  6.596444
2025-05-27 14:05:41,531 INFO ==> EMD Loss: 14.571136
2025-05-27 14:05:41,531 INFO ==> Height map loss:  6.596612
2025-05-27 14:05:51,505 INFO ==> EMD Loss: 14.571169
2025-05-27 14:05:51,505 INFO ==> Height map loss:  6.596518
2025-05-27 14:06:01,673 INFO ==> EMD Loss: 14.571210
2025-05-27 14:06:01,673 INFO ==> Height map loss:  6.596467
2025-05-27 14:06:25,355 INFO =====> Skill params: [ 0.27392337 -0.46042657 -0.918053   -0.96694475  0.6265405 ]
2025-05-27 14:06:25,355 INFO =====> Grad: [0. 0. 0. 0. 0.]
2025-05-27 14:06:25,355 INFO =====> Num. aborted data so far: 0
2025-05-27 14:06:25,355 INFO ===========> Epoch: 13 optimisation losses
2025-05-27 14:06:25,355 INFO =====> EMD Loss: 14.571239
2025-05-27 14:06:25,356 INFO =====> Height map loss: 6.596480
2025-05-27 14:06:35,557 INFO ==> EMD Loss: 14.571116
2025-05-27 14:06:35,557 INFO ==> Height map loss:  6.596624
2025-05-27 14:06:45,543 INFO ==> EMD Loss: 14.571138
2025-05-27 14:06:45,543 INFO ==> Height map loss:  6.596562
2025-05-27 14:06:55,693 INFO ==> EMD Loss: 14.571199
2025-05-27 14:06:55,693 INFO ==> Height map loss:  6.596560
2025-05-27 14:07:05,776 INFO ==> EMD Loss: 14.571118
2025-05-27 14:07:05,777 INFO ==> Height map loss:  6.596607
2025-05-27 14:07:15,925 INFO ==> EMD Loss: 14.571167
2025-05-27 14:07:15,925 INFO ==> Height map loss:  6.596628
2025-05-27 14:07:39,665 INFO =====> Skill params: [ 0.27392337 -0.46042657 -0.918053   -0.96694475  0.6265405 ]
2025-05-27 14:07:39,665 INFO =====> Grad: [0. 0. 0. 0. 0.]
2025-05-27 14:07:39,665 INFO =====> Num. aborted data so far: 0
2025-05-27 14:07:39,666 INFO ===========> Epoch: 14 optimisation losses
2025-05-27 14:07:39,666 INFO =====> EMD Loss: 14.571214
2025-05-27 14:07:39,666 INFO =====> Height map loss: 6.596462
2025-05-27 14:07:49,867 INFO ==> EMD Loss: 14.571236
2025-05-27 14:07:49,868 INFO ==> Height map loss:  6.596478
2025-05-27 14:07:59,882 INFO ==> EMD Loss: 14.571112
2025-05-27 14:07:59,882 INFO ==> Height map loss:  6.596632
2025-05-27 14:08:10,083 INFO ==> EMD Loss: 14.571134
2025-05-27 14:08:10,084 INFO ==> Height map loss:  6.596563
2025-05-27 14:08:20,122 INFO ==> EMD Loss: 14.571142
2025-05-27 14:08:20,122 INFO ==> Height map loss:  6.596586
2025-05-27 14:08:30,140 INFO ==> EMD Loss: 14.571153
2025-05-27 14:08:30,140 INFO ==> Height map loss:  6.596588
2025-05-27 14:08:54,115 INFO =====> Skill params: [ 0.27392337 -0.46042657 -0.918053   -0.96694475  0.6265405 ]
2025-05-27 14:08:54,115 INFO =====> Grad: [0. 0. 0. 0. 0.]
2025-05-27 14:08:54,115 INFO =====> Num. aborted data so far: 0
2025-05-27 14:08:54,115 INFO ===========> Epoch: 15 optimisation losses
2025-05-27 14:08:54,116 INFO =====> EMD Loss: 14.571162
2025-05-27 14:08:54,116 INFO =====> Height map loss: 6.596544
2025-05-27 14:09:04,433 INFO ==> EMD Loss: 14.571164
2025-05-27 14:09:04,433 INFO ==> Height map loss:  6.596602
2025-05-27 14:09:14,485 INFO ==> EMD Loss: 14.571162
2025-05-27 14:09:14,485 INFO ==> Height map loss:  6.596594
2025-05-27 14:09:24,440 INFO ==> EMD Loss: 14.571173
2025-05-27 14:09:24,440 INFO ==> Height map loss:  6.596574
2025-05-27 14:09:34,677 INFO ==> EMD Loss: 14.571177
2025-05-27 14:09:34,677 INFO ==> Height map loss:  6.596439
2025-05-27 14:09:44,685 INFO ==> EMD Loss: 14.571150
2025-05-27 14:09:44,686 INFO ==> Height map loss:  6.596581
2025-05-27 14:10:08,581 INFO =====> Skill params: [ 0.27392337 -0.46042657 -0.918053   -0.96694475  0.6265405 ]
2025-05-27 14:10:08,581 INFO =====> Grad: [0. 0. 0. 0. 0.]
2025-05-27 14:10:08,581 INFO =====> Num. aborted data so far: 0
2025-05-27 14:10:08,582 INFO ===========> Epoch: 16 optimisation losses
2025-05-27 14:10:08,582 INFO =====> EMD Loss: 14.571123
2025-05-27 14:10:08,582 INFO =====> Height map loss: 6.596601
2025-05-27 14:10:18,625 INFO ==> EMD Loss: 14.571194
2025-05-27 14:10:18,625 INFO ==> Height map loss:  6.596467
2025-05-27 14:10:28,810 INFO ==> EMD Loss: 14.571205
2025-05-27 14:10:28,810 INFO ==> Height map loss:  6.596511
2025-05-27 14:10:38,953 INFO ==> EMD Loss: 14.571136
2025-05-27 14:10:38,953 INFO ==> Height map loss:  6.596593
2025-05-27 14:10:49,142 INFO ==> EMD Loss: 14.571157
2025-05-27 14:10:49,143 INFO ==> Height map loss:  6.596409
2025-05-27 14:10:59,159 INFO ==> EMD Loss: 14.571191
2025-05-27 14:10:59,159 INFO ==> Height map loss:  6.596421
2025-05-27 14:11:23,149 INFO =====> Skill params: [ 0.27392337 -0.46042657 -0.918053   -0.96694475  0.6265405 ]
2025-05-27 14:11:23,150 INFO =====> Grad: [0. 0. 0. 0. 0.]
2025-05-27 14:11:23,150 INFO =====> Num. aborted data so far: 0
2025-05-27 14:11:23,150 INFO ===========> Epoch: 17 optimisation losses
2025-05-27 14:11:23,150 INFO =====> EMD Loss: 14.571168
2025-05-27 14:11:23,150 INFO =====> Height map loss: 6.596585
2025-05-27 14:11:33,218 INFO ==> EMD Loss: 14.571203
2025-05-27 14:11:33,218 INFO ==> Height map loss:  6.596680
2025-05-27 14:11:43,433 INFO ==> EMD Loss: 14.571205
2025-05-27 14:11:43,434 INFO ==> Height map loss:  6.596478
2025-05-27 14:11:53,436 INFO ==> EMD Loss: 14.571171
2025-05-27 14:11:53,436 INFO ==> Height map loss:  6.596569
2025-05-27 14:12:03,682 INFO ==> EMD Loss: 14.571146
2025-05-27 14:12:03,682 INFO ==> Height map loss:  6.596578
2025-05-27 14:12:13,708 INFO ==> EMD Loss: 14.571174
2025-05-27 14:12:13,708 INFO ==> Height map loss:  6.596599
2025-05-27 14:12:50,726 INFO =====> Skill params: [ 0.27392337 -0.46042657 -0.918053   -0.96694475  0.6265405 ]
2025-05-27 14:12:50,726 INFO =====> Grad: [0. 0. 0. 0. 0.]
2025-05-27 14:12:50,726 INFO =====> Num. aborted data so far: 0
2025-05-27 14:12:50,727 INFO ===========> Epoch: 18 optimisation losses
2025-05-27 14:12:50,727 INFO =====> EMD Loss: 14.571175
2025-05-27 14:12:50,727 INFO =====> Height map loss: 6.596548
2025-05-27 14:13:00,766 INFO ==> EMD Loss: 14.571199
2025-05-27 14:13:00,766 INFO ==> Height map loss:  6.596482
2025-05-27 14:13:10,935 INFO ==> EMD Loss: 14.571143
2025-05-27 14:13:10,935 INFO ==> Height map loss:  6.596616
2025-05-27 14:13:20,941 INFO ==> EMD Loss: 14.571233
2025-05-27 14:13:20,941 INFO ==> Height map loss:  6.596443
2025-05-27 14:13:31,115 INFO ==> EMD Loss: 14.571166
2025-05-27 14:13:31,115 INFO ==> Height map loss:  6.596616
2025-05-27 14:13:41,053 INFO ==> EMD Loss: 14.571146
2025-05-27 14:13:41,053 INFO ==> Height map loss:  6.596569
2025-05-27 14:14:05,180 INFO =====> Skill params: [ 0.27392337 -0.46042657 -0.918053   -0.96694475  0.6265405 ]
2025-05-27 14:14:05,181 INFO =====> Grad: [0. 0. 0. 0. 0.]
2025-05-27 14:14:05,181 INFO =====> Num. aborted data so far: 0
2025-05-27 14:14:05,181 INFO ===========> Epoch: 19 optimisation losses
2025-05-27 14:14:05,181 INFO =====> EMD Loss: 14.571143
2025-05-27 14:14:05,181 INFO =====> Height map loss: 6.596589
2025-05-27 14:14:15,239 INFO ==> EMD Loss: 14.571104
2025-05-27 14:14:15,239 INFO ==> Height map loss:  6.596603
2025-05-27 14:14:25,256 INFO ==> EMD Loss: 14.571183
2025-05-27 14:14:25,256 INFO ==> Height map loss:  6.596488
2025-05-27 14:14:35,506 INFO ==> EMD Loss: 14.571214
2025-05-27 14:14:35,506 INFO ==> Height map loss:  6.596448
2025-05-27 14:14:45,578 INFO ==> EMD Loss: 14.571152
2025-05-27 14:14:45,578 INFO ==> Height map loss:  6.596632
2025-05-27 14:14:55,952 INFO ==> EMD Loss: 14.571109
2025-05-27 14:14:55,952 INFO ==> Height map loss:  6.596632
2025-05-27 14:15:06,016 INFO ===========> Finished training.
2025-05-27 14:15:06,017 INFO ====> Final EMD Loss: 14.571129
2025-05-27 14:15:06,017 INFO ====> Final Height map loss: 6.596631
2025-05-27 14:15:06,017 INFO ====> Final skill params: [ 0.27392337 -0.46042657 -0.918053   -0.96694475  0.6265405 ]
