2024-09-18 07:02:33,572 INFO ===> New TaichiEnv created.
2024-09-18 07:02:33,572 INFO ===> Specifications: horizon = 600, dt = 0.01, n_substeps = 20, dt_sub = 0.0005
2024-09-18 07:03:12,822 INFO =====> Epoch: 0
2024-09-18 07:03:12,822 INFO =====> EMD Loss: 27.070100784301758
2024-09-18 07:03:12,823 INFO =====> Height map loss: 28.734682083129883
2024-09-18 07:03:12,823 INFO =====> Grad: [-1.9602872e+00 -8.8095582e-01 -1.5578754e-08 -7.7907223e-01
  6.7055225e-08]
2024-09-18 07:03:12,823 INFO =====> Skill params: [ 0.3803166  -0.78194016 -0.01097262  0.9940503  -0.8933629 ]
2024-09-18 07:03:12,823 INFO =====> Num. aborted data so far: 0
2024-09-18 07:03:13,102 INFO ===> New TaichiEnv created.
2024-09-18 07:03:13,102 INFO ===> Specifications: horizon = 600, dt = 0.01, n_substeps = 20, dt_sub = 0.0005
2024-09-18 07:03:51,431 INFO =====> Epoch: 1
2024-09-18 07:03:51,432 INFO =====> EMD Loss: 27.04191780090332
2024-09-18 07:03:51,432 INFO =====> Height map loss: 28.725494384765625
2024-09-18 07:03:51,432 INFO =====> Grad: [-2.0141706e+00 -8.6471498e-01  2.9373592e-08 -3.4878969e-01
  2.9802322e-08]
2024-09-18 07:03:51,432 INFO =====> Skill params: [ 0.40032887 -0.751956   -0.01820575  1.         -1.        ]
2024-09-18 07:03:51,432 INFO =====> Num. aborted data so far: 0
2024-09-18 07:03:51,713 INFO ===> New TaichiEnv created.
2024-09-18 07:03:51,713 INFO ===> Specifications: horizon = 600, dt = 0.01, n_substeps = 20, dt_sub = 0.0005
2024-09-18 07:04:28,159 INFO =====> Epoch: 2
2024-09-18 07:04:28,159 INFO =====> EMD Loss: 27.0487060546875
2024-09-18 07:04:28,159 INFO =====> Height map loss: 28.703468322753906
2024-09-18 07:04:28,159 INFO =====> Grad: [ 1.7685862e-01 -1.0401048e-03  2.6572509e-09  0.0000000e+00
  0.0000000e+00]
2024-09-18 07:04:28,159 INFO =====> Skill params: [ 0.4149649  -0.728762   -0.02443967  1.         -1.        ]
2024-09-18 07:04:28,159 INFO =====> Num. aborted data so far: 0
2024-09-18 07:04:28,447 INFO ===> New TaichiEnv created.
2024-09-18 07:04:28,447 INFO ===> Specifications: horizon = 600, dt = 0.01, n_substeps = 20, dt_sub = 0.0005
2024-09-18 07:05:03,975 INFO =====> Epoch: 3
2024-09-18 07:05:03,976 INFO =====> EMD Loss: 27.04930877685547
2024-09-18 07:05:03,976 INFO =====> Height map loss: 28.700965881347656
2024-09-18 07:05:03,976 INFO =====> Grad: [1.7535521e-01 1.3198480e-03 2.9786822e-09 0.0000000e+00 0.0000000e+00]
2024-09-18 07:05:03,976 INFO =====> Skill params: [ 0.42620742 -0.7097815  -0.03024894  1.         -1.        ]
2024-09-18 07:05:03,976 INFO =====> Num. aborted data so far: 0
2024-09-18 07:05:04,261 INFO ===> New TaichiEnv created.
2024-09-18 07:05:04,261 INFO ===> Specifications: horizon = 600, dt = 0.01, n_substeps = 20, dt_sub = 0.0005
2024-09-18 07:05:39,320 INFO =====> Epoch: 4
2024-09-18 07:05:39,320 INFO =====> EMD Loss: 27.04266929626465
2024-09-18 07:05:39,320 INFO =====> Height map loss: 28.69898796081543
2024-09-18 07:05:39,320 INFO =====> Grad: [ 1.729671e-01  4.682918e-03 -7.816814e-10  0.000000e+00  0.000000e+00]
2024-09-18 07:05:39,320 INFO =====> Skill params: [ 0.43502337 -0.69380105 -0.03472095  1.         -1.        ]
2024-09-18 07:05:39,320 INFO =====> Num. aborted data so far: 0
2024-09-18 07:05:39,605 INFO ===> New TaichiEnv created.
2024-09-18 07:05:39,605 INFO ===> Specifications: horizon = 600, dt = 0.01, n_substeps = 20, dt_sub = 0.0005
2024-09-18 07:06:14,266 INFO =====> Epoch: 5
2024-09-18 07:06:14,266 INFO =====> EMD Loss: 27.041379928588867
2024-09-18 07:06:14,266 INFO =====> Height map loss: 28.697185516357422
2024-09-18 07:06:14,266 INFO =====> Grad: [ 1.6992566e-01  9.6266679e-03 -7.7722351e-10  0.0000000e+00
  0.0000000e+00]
2024-09-18 07:06:14,267 INFO =====> Skill params: [ 0.4419799  -0.68015075 -0.03822212  1.         -1.        ]
2024-09-18 07:06:14,267 INFO =====> Num. aborted data so far: 0
2024-09-18 07:06:14,689 INFO ===> New TaichiEnv created.
2024-09-18 07:06:14,689 INFO ===> Specifications: horizon = 600, dt = 0.01, n_substeps = 20, dt_sub = 0.0005
2024-09-18 07:06:49,141 INFO =====> Epoch: 6
2024-09-18 07:06:49,141 INFO =====> EMD Loss: 27.05430030822754
2024-09-18 07:06:49,141 INFO =====> Height map loss: 28.700410842895508
2024-09-18 07:06:49,141 INFO =====> Grad: [1.6962771e-01 1.3059871e-02 1.2365609e-09 0.0000000e+00 0.0000000e+00]
2024-09-18 07:06:49,141 INFO =====> Skill params: [ 0.44743693 -0.6683917  -0.04149194  1.         -1.        ]
2024-09-18 07:06:49,141 INFO =====> Num. aborted data so far: 0
2024-09-18 07:06:49,431 INFO ===> New TaichiEnv created.
2024-09-18 07:06:49,431 INFO ===> Specifications: horizon = 600, dt = 0.01, n_substeps = 20, dt_sub = 0.0005
2024-09-18 07:07:22,973 INFO =====> Epoch: 7
2024-09-18 07:07:22,973 INFO =====> EMD Loss: 27.054603576660156
2024-09-18 07:07:22,973 INFO =====> Height map loss: 28.698869705200195
2024-09-18 07:07:22,973 INFO =====> Grad: [ 1.6893439e-01  1.3280217e-02 -3.5535386e-10  0.0000000e+00
  0.0000000e+00]
2024-09-18 07:07:22,973 INFO =====> Skill params: [ 0.45164785 -0.65818655 -0.04420313  1.         -1.        ]
2024-09-18 07:07:22,973 INFO =====> Num. aborted data so far: 0
2024-09-18 07:07:23,275 INFO ===> New TaichiEnv created.
2024-09-18 07:07:23,275 INFO ===> Specifications: horizon = 600, dt = 0.01, n_substeps = 20, dt_sub = 0.0005
2024-09-18 07:07:56,791 INFO =====> Epoch: 8
2024-09-18 07:07:56,791 INFO =====> EMD Loss: 27.032068252563477
2024-09-18 07:07:56,791 INFO =====> Height map loss: 28.706193923950195
2024-09-18 07:07:56,791 INFO =====> Grad: [ 1.67908594e-01  1.55187985e-02 -5.95979793e-11  0.00000000e+00
  0.00000000e+00]
2024-09-18 07:07:56,791 INFO =====> Skill params: [ 0.45480087 -0.64931273 -0.04653083  1.         -1.        ]
2024-09-18 07:07:56,791 INFO =====> Num. aborted data so far: 0
2024-09-18 07:07:57,087 INFO ===> New TaichiEnv created.
2024-09-18 07:07:57,087 INFO ===> Specifications: horizon = 600, dt = 0.01, n_substeps = 20, dt_sub = 0.0005
2024-09-18 07:08:30,783 INFO =====> Epoch: 9
2024-09-18 07:08:30,784 INFO =====> EMD Loss: 27.025531768798828
2024-09-18 07:08:30,784 INFO =====> Height map loss: 28.70989418029785
2024-09-18 07:08:30,784 INFO =====> Grad: [1.6659078e-01 1.7263651e-02 5.9401273e-10 0.0000000e+00 0.0000000e+00]
2024-09-18 07:08:30,784 INFO =====> Skill params: [ 0.45704174 -0.6415979  -0.04868896  1.         -1.        ]
2024-09-18 07:08:30,784 INFO =====> Num. aborted data so far: 0
2024-09-18 07:08:31,081 INFO ===> New TaichiEnv created.
2024-09-18 07:08:31,081 INFO ===> Specifications: horizon = 600, dt = 0.01, n_substeps = 20, dt_sub = 0.0005
2024-09-18 07:09:03,952 INFO =====> Epoch: 10
2024-09-18 07:09:03,952 INFO =====> EMD Loss: 26.998830795288086
2024-09-18 07:09:03,952 INFO =====> Height map loss: 28.724685668945312
2024-09-18 07:09:03,952 INFO =====> Grad: [1.6501503e-01 2.1377571e-02 8.0741619e-10 0.0000000e+00 0.0000000e+00]
2024-09-18 07:09:03,952 INFO =====> Skill params: [ 0.45848697 -0.6349366  -0.05075343  1.         -1.        ]
2024-09-18 07:09:03,952 INFO =====> Num. aborted data so far: 0
2024-09-18 07:09:04,269 INFO ===> New TaichiEnv created.
2024-09-18 07:09:04,269 INFO ===> Specifications: horizon = 600, dt = 0.01, n_substeps = 20, dt_sub = 0.0005
2024-09-18 07:09:36,919 INFO =====> Epoch: 11
2024-09-18 07:09:36,919 INFO =====> EMD Loss: 26.99888801574707
2024-09-18 07:09:36,919 INFO =====> Height map loss: 28.720542907714844
2024-09-18 07:09:36,919 INFO =====> Grad: [1.6320245e-01 2.2259587e-02 2.3053777e-09 0.0000000e+00 0.0000000e+00]
2024-09-18 07:09:36,920 INFO =====> Skill params: [ 0.4592323  -0.62920976 -0.05305677  1.         -1.        ]
2024-09-18 07:09:36,920 INFO =====> Num. aborted data so far: 0
2024-09-18 07:09:37,227 INFO ===> New TaichiEnv created.
2024-09-18 07:09:37,227 INFO ===> Specifications: horizon = 600, dt = 0.01, n_substeps = 20, dt_sub = 0.0005
2024-09-18 07:10:10,084 INFO =====> Epoch: 12
2024-09-18 07:10:10,085 INFO =====> EMD Loss: 27.01054573059082
2024-09-18 07:10:10,085 INFO =====> Height map loss: 28.726303100585938
2024-09-18 07:10:10,085 INFO =====> Grad: [ 1.6454561e-01  2.1679256e-02 -2.6561291e-09  0.0000000e+00
  0.0000000e+00]
2024-09-18 07:10:10,085 INFO =====> Skill params: [ 0.45934653 -0.62430304 -0.05453499  1.         -1.        ]
2024-09-18 07:10:10,085 INFO =====> Num. aborted data so far: 0
2024-09-18 07:10:10,390 INFO ===> New TaichiEnv created.
2024-09-18 07:10:10,390 INFO ===> Specifications: horizon = 600, dt = 0.01, n_substeps = 20, dt_sub = 0.0005
2024-09-18 07:10:42,611 INFO =====> Epoch: 13
2024-09-18 07:10:42,612 INFO =====> EMD Loss: 27.010122299194336
2024-09-18 07:10:42,612 INFO =====> Height map loss: 28.71259880065918
2024-09-18 07:10:42,612 INFO =====> Grad: [ 1.6233967e-01  2.4703272e-02 -4.1474191e-10  0.0000000e+00
  0.0000000e+00]
2024-09-18 07:10:42,612 INFO =====> Skill params: [ 0.4588993  -0.62016296 -0.0557597   1.         -1.        ]
2024-09-18 07:10:42,612 INFO =====> Num. aborted data so far: 0
2024-09-18 07:10:42,920 INFO ===> New TaichiEnv created.
2024-09-18 07:10:42,920 INFO ===> Specifications: horizon = 600, dt = 0.01, n_substeps = 20, dt_sub = 0.0005
2024-09-18 07:11:15,423 INFO =====> Epoch: 14
2024-09-18 07:11:15,423 INFO =====> EMD Loss: 27.011428833007812
2024-09-18 07:11:15,423 INFO =====> Height map loss: 28.70589828491211
2024-09-18 07:11:15,423 INFO =====> Grad: [ 1.6334742e-01  2.6367549e-02 -2.2470530e-09  0.0000000e+00
  0.0000000e+00]
2024-09-18 07:11:15,423 INFO =====> Skill params: [ 0.45793936 -0.61673033 -0.05639275  1.         -1.        ]
2024-09-18 07:11:15,423 INFO =====> Num. aborted data so far: 0
2024-09-18 07:11:15,731 INFO ===> New TaichiEnv created.
2024-09-18 07:11:15,731 INFO ===> Specifications: horizon = 600, dt = 0.01, n_substeps = 20, dt_sub = 0.0005
2024-09-18 07:11:48,368 INFO =====> Epoch: 15
2024-09-18 07:11:48,368 INFO =====> EMD Loss: 27.04550552368164
2024-09-18 07:11:48,368 INFO =====> Height map loss: 28.71169662475586
2024-09-18 07:11:48,368 INFO =====> Grad: [1.6420889e-01 2.4684239e-02 2.7305416e-09 0.0000000e+00 0.0000000e+00]
2024-09-18 07:11:48,368 INFO =====> Skill params: [ 0.4565091  -0.61391526 -0.05750055  1.         -1.        ]
2024-09-18 07:11:48,368 INFO =====> Num. aborted data so far: 0
2024-09-18 07:11:48,739 INFO ===> New TaichiEnv created.
2024-09-18 07:11:48,739 INFO ===> Specifications: horizon = 600, dt = 0.01, n_substeps = 20, dt_sub = 0.0005
2024-09-18 07:12:21,312 INFO =====> Epoch: 16
2024-09-18 07:12:21,312 INFO =====> EMD Loss: 27.006610870361328
2024-09-18 07:12:21,312 INFO =====> Height map loss: 28.702804565429688
2024-09-18 07:12:21,312 INFO =====> Grad: [1.6152477e-01 2.6787221e-02 2.5420950e-09 0.0000000e+00 0.0000000e+00]
2024-09-18 07:12:21,312 INFO =====> Skill params: [ 0.45465738 -0.61168456 -0.05899008  1.         -1.        ]
2024-09-18 07:12:21,312 INFO =====> Num. aborted data so far: 0
2024-09-18 07:12:21,622 INFO ===> New TaichiEnv created.
2024-09-18 07:12:21,622 INFO ===> Specifications: horizon = 600, dt = 0.01, n_substeps = 20, dt_sub = 0.0005
2024-09-18 07:12:53,764 INFO =====> Epoch: 17
2024-09-18 07:12:53,764 INFO =====> EMD Loss: 27.006872177124023
2024-09-18 07:12:53,764 INFO =====> Height map loss: 28.70728302001953
2024-09-18 07:12:53,764 INFO =====> Grad: [1.6211984e-01 2.7552921e-02 2.6428908e-09 0.0000000e+00 0.0000000e+00]
2024-09-18 07:12:53,764 INFO =====> Skill params: [ 0.4524161  -0.60999423 -0.06083754  1.         -1.        ]
2024-09-18 07:12:53,764 INFO =====> Num. aborted data so far: 0
2024-09-18 07:12:54,086 INFO ===> New TaichiEnv created.
2024-09-18 07:12:54,086 INFO ===> Specifications: horizon = 600, dt = 0.01, n_substeps = 20, dt_sub = 0.0005
2024-09-18 07:13:26,473 INFO =====> Epoch: 18
2024-09-18 07:13:26,473 INFO =====> EMD Loss: 27.006948471069336
2024-09-18 07:13:26,473 INFO =====> Height map loss: 28.70656967163086
2024-09-18 07:13:26,474 INFO =====> Grad: [ 1.6259800e-01  2.4967715e-02 -3.7197325e-09  0.0000000e+00
  0.0000000e+00]
2024-09-18 07:13:26,474 INFO =====> Skill params: [ 0.44981375 -0.60876477 -0.06176376  1.         -1.        ]
2024-09-18 07:13:26,474 INFO =====> Num. aborted data so far: 0
2024-09-18 07:13:26,791 INFO ===> New TaichiEnv created.
2024-09-18 07:13:26,791 INFO ===> Specifications: horizon = 600, dt = 0.01, n_substeps = 20, dt_sub = 0.0005
2024-09-18 07:13:59,234 INFO =====> Epoch: 19
2024-09-18 07:13:59,234 INFO =====> EMD Loss: 27.00625991821289
2024-09-18 07:13:59,234 INFO =====> Height map loss: 28.701601028442383
2024-09-18 07:13:59,234 INFO =====> Grad: [ 1.6297731e-01  2.5227660e-02 -4.6886756e-10  0.0000000e+00
  0.0000000e+00]
2024-09-18 07:13:59,234 INFO =====> Skill params: [ 0.446876   -0.60795975 -0.06250308  1.         -1.        ]
2024-09-18 07:13:59,234 INFO =====> Num. aborted data so far: 0
2024-09-18 07:13:59,555 INFO ===> New TaichiEnv created.
2024-09-18 07:13:59,555 INFO ===> Specifications: horizon = 600, dt = 0.01, n_substeps = 20, dt_sub = 0.0005
2024-09-18 07:14:31,804 INFO =====> Epoch: 20
2024-09-18 07:14:31,804 INFO =====> EMD Loss: 27.007099151611328
2024-09-18 07:14:31,804 INFO =====> Height map loss: 28.706968307495117
2024-09-18 07:14:31,804 INFO =====> Grad: [ 1.6326399e-01  2.5274489e-02 -1.5806353e-09  0.0000000e+00
  0.0000000e+00]
2024-09-18 07:14:31,804 INFO =====> Skill params: [ 0.44362596 -0.6075442  -0.06286122  1.         -1.        ]
2024-09-18 07:14:31,804 INFO =====> Num. aborted data so far: 0
2024-09-18 07:14:32,131 INFO ===> New TaichiEnv created.
2024-09-18 07:14:32,131 INFO ===> Specifications: horizon = 600, dt = 0.01, n_substeps = 20, dt_sub = 0.0005
2024-09-18 07:15:03,787 INFO =====> Epoch: 21
2024-09-18 07:15:03,787 INFO =====> EMD Loss: 27.006610870361328
2024-09-18 07:15:03,787 INFO =====> Height map loss: 28.70203399658203
2024-09-18 07:15:03,787 INFO =====> Grad: [ 1.6346492e-01  2.5123831e-02 -2.0492918e-09  0.0000000e+00
  0.0000000e+00]
2024-09-18 07:15:03,787 INFO =====> Skill params: [ 0.44008473 -0.6074844  -0.0627885   1.         -1.        ]
2024-09-18 07:15:03,787 INFO =====> Num. aborted data so far: 0
2024-09-18 07:15:04,103 INFO ===> New TaichiEnv created.
2024-09-18 07:15:04,103 INFO ===> Specifications: horizon = 600, dt = 0.01, n_substeps = 20, dt_sub = 0.0005
2024-09-18 07:15:35,876 INFO =====> Epoch: 22
2024-09-18 07:15:35,876 INFO =====> EMD Loss: 27.00701141357422
2024-09-18 07:15:35,876 INFO =====> Height map loss: 28.706737518310547
2024-09-18 07:15:35,876 INFO =====> Grad: [ 1.6358674e-01  2.4792211e-02 -5.3625282e-10  0.0000000e+00
  0.0000000e+00]
2024-09-18 07:15:35,876 INFO =====> Skill params: [ 0.4362715  -0.60774773 -0.06262019  1.         -1.        ]
2024-09-18 07:15:35,876 INFO =====> Num. aborted data so far: 0
2024-09-18 07:15:36,213 INFO ===> New TaichiEnv created.
2024-09-18 07:15:36,213 INFO ===> Specifications: horizon = 600, dt = 0.01, n_substeps = 20, dt_sub = 0.0005
2024-09-18 07:16:08,135 INFO =====> Epoch: 23
2024-09-18 07:16:08,135 INFO =====> EMD Loss: 26.99843978881836
2024-09-18 07:16:08,135 INFO =====> Height map loss: 28.705148696899414
2024-09-18 07:16:08,135 INFO =====> Grad: [1.6363683e-01 2.4296604e-02 2.0267492e-09 0.0000000e+00 0.0000000e+00]
2024-09-18 07:16:08,135 INFO =====> Skill params: [ 0.43220383 -0.6083026  -0.06285752  1.         -1.        ]
2024-09-18 07:16:08,135 INFO =====> Num. aborted data so far: 0
2024-09-18 07:16:08,465 INFO ===> New TaichiEnv created.
2024-09-18 07:16:08,465 INFO ===> Specifications: horizon = 600, dt = 0.01, n_substeps = 20, dt_sub = 0.0005
2024-09-18 07:16:40,734 INFO =====> Epoch: 24
2024-09-18 07:16:40,734 INFO =====> EMD Loss: 26.997705459594727
2024-09-18 07:16:40,734 INFO =====> Height map loss: 28.699615478515625
2024-09-18 07:16:40,734 INFO =====> Grad: [1.6362219e-01 2.3653734e-02 2.4960027e-09 0.0000000e+00 0.0000000e+00]
2024-09-18 07:16:40,734 INFO =====> Skill params: [ 0.42789793 -0.60911834 -0.06354877  1.         -1.        ]
2024-09-18 07:16:40,734 INFO =====> Num. aborted data so far: 0
2024-09-18 07:16:41,055 INFO ===> New TaichiEnv created.
2024-09-18 07:16:41,055 INFO ===> Specifications: horizon = 600, dt = 0.01, n_substeps = 20, dt_sub = 0.0005
2024-09-18 07:17:12,891 INFO =====> Epoch: 25
2024-09-18 07:17:12,891 INFO =====> EMD Loss: 26.998260498046875
2024-09-18 07:17:12,891 INFO =====> Height map loss: 28.706531524658203
2024-09-18 07:17:12,891 INFO =====> Grad: [ 1.6354987e-01  2.2880387e-02 -2.5629705e-09  0.0000000e+00
  0.0000000e+00]
2024-09-18 07:17:12,891 INFO =====> Skill params: [ 0.4233687  -0.61016524 -0.06368004  1.         -1.        ]
2024-09-18 07:17:12,891 INFO =====> Num. aborted data so far: 0
2024-09-18 07:17:13,222 INFO ===> New TaichiEnv created.
2024-09-18 07:17:13,222 INFO ===> Specifications: horizon = 600, dt = 0.01, n_substeps = 20, dt_sub = 0.0005
2024-09-18 07:17:45,404 INFO =====> Epoch: 26
2024-09-18 07:17:45,404 INFO =====> EMD Loss: 27.012479782104492
2024-09-18 07:17:45,404 INFO =====> Height map loss: 28.695117950439453
2024-09-18 07:17:45,404 INFO =====> Grad: [1.6342768e-01 2.5078982e-02 1.5238204e-09 0.0000000e+00 0.0000000e+00]
2024-09-18 07:17:45,404 INFO =====> Skill params: [ 0.41862988 -0.611456   -0.06408989  1.         -1.        ]
2024-09-18 07:17:45,404 INFO =====> Num. aborted data so far: 0
2024-09-18 07:17:45,724 INFO ===> New TaichiEnv created.
2024-09-18 07:17:45,724 INFO ===> Specifications: horizon = 600, dt = 0.01, n_substeps = 20, dt_sub = 0.0005
2024-09-18 07:18:17,883 INFO =====> Epoch: 27
2024-09-18 07:18:17,884 INFO =====> EMD Loss: 27.013019561767578
2024-09-18 07:18:17,884 INFO =====> Height map loss: 28.700185775756836
2024-09-18 07:18:17,884 INFO =====> Grad: [1.6325074e-01 2.4066210e-02 3.8021728e-09 0.0000000e+00 0.0000000e+00]
2024-09-18 07:18:17,884 INFO =====> Skill params: [ 0.41369423 -0.61295915 -0.06518514  1.         -1.        ]
2024-09-18 07:18:17,884 INFO =====> Num. aborted data so far: 0
2024-09-18 07:18:18,249 INFO ===> New TaichiEnv created.
2024-09-18 07:18:18,249 INFO ===> Specifications: horizon = 600, dt = 0.01, n_substeps = 20, dt_sub = 0.0005
2024-09-18 07:18:50,330 INFO =====> Epoch: 28
2024-09-18 07:18:50,330 INFO =====> EMD Loss: 27.013023376464844
2024-09-18 07:18:50,330 INFO =====> Height map loss: 28.700490951538086
2024-09-18 07:18:50,330 INFO =====> Grad: [ 1.6302760e-01  2.2953924e-02 -9.6163555e-10  0.0000000e+00
  0.0000000e+00]
2024-09-18 07:18:50,330 INFO =====> Skill params: [ 0.4085736  -0.6146446  -0.06598812  1.         -1.        ]
2024-09-18 07:18:50,330 INFO =====> Num. aborted data so far: 0
2024-09-18 07:18:50,661 INFO ===> New TaichiEnv created.
2024-09-18 07:18:50,661 INFO ===> Specifications: horizon = 600, dt = 0.01, n_substeps = 20, dt_sub = 0.0005
2024-09-18 07:19:22,767 INFO =====> Epoch: 29
2024-09-18 07:19:22,767 INFO =====> EMD Loss: 27.012521743774414
2024-09-18 07:19:22,767 INFO =====> Height map loss: 28.695585250854492
2024-09-18 07:19:22,767 INFO =====> Grad: [ 1.6276532e-01  2.1758920e-02 -1.3584474e-09  0.0000000e+00
  0.0000000e+00]
2024-09-18 07:19:22,767 INFO =====> Skill params: [ 0.40327895 -0.6164833  -0.06645145  1.         -1.        ]
2024-09-18 07:19:22,767 INFO =====> Num. aborted data so far: 0
2024-09-18 07:19:23,110 INFO ===> New TaichiEnv created.
2024-09-18 07:19:23,110 INFO ===> Specifications: horizon = 600, dt = 0.01, n_substeps = 20, dt_sub = 0.0005
2024-09-18 07:19:56,619 INFO =====> Epoch: 30
2024-09-18 07:19:56,619 INFO =====> EMD Loss: 27.03240203857422
2024-09-18 07:19:56,619 INFO =====> Height map loss: 28.69666862487793
2024-09-18 07:19:56,619 INFO =====> Grad: [ 1.6590017e-01  1.9350477e-02 -3.0299924e-10  0.0000000e+00
  0.0000000e+00]
2024-09-18 07:19:56,619 INFO =====> Skill params: [ 0.39780733 -0.61843127 -0.06681108  1.         -1.        ]
2024-09-18 07:19:56,619 INFO =====> Num. aborted data so far: 0
2024-09-18 07:19:56,979 INFO ===> New TaichiEnv created.
2024-09-18 07:19:56,980 INFO ===> Specifications: horizon = 600, dt = 0.01, n_substeps = 20, dt_sub = 0.0005
2024-09-18 07:20:29,194 INFO =====> Epoch: 31
2024-09-18 07:20:29,194 INFO =====> EMD Loss: 27.025314331054688
2024-09-18 07:20:29,194 INFO =====> Height map loss: 28.707651138305664
2024-09-18 07:20:29,194 INFO =====> Grad: [-2.3099134e+00 -6.8392241e-01 -1.1208149e-08  0.0000000e+00
  0.0000000e+00]
2024-09-18 07:20:29,194 INFO =====> Skill params: [ 0.4011392  -0.61145794 -0.06501301  1.         -1.        ]
2024-09-18 07:20:29,194 INFO =====> Num. aborted data so far: 0
2024-09-18 07:20:29,522 INFO ===> New TaichiEnv created.
2024-09-18 07:20:29,522 INFO ===> Specifications: horizon = 600, dt = 0.01, n_substeps = 20, dt_sub = 0.0005
2024-09-18 07:21:02,187 INFO =====> Epoch: 32
2024-09-18 07:21:02,187 INFO =====> EMD Loss: 27.01249122619629
2024-09-18 07:21:02,187 INFO =====> Height map loss: 28.695693969726562
2024-09-18 07:21:02,187 INFO =====> Grad: [1.6377236e-01 2.2325072e-02 3.7433643e-09 0.0000000e+00 0.0000000e+00]
2024-09-18 07:21:02,187 INFO =====> Skill params: [ 0.40365276 -0.605388   -0.06410108  1.         -1.        ]
2024-09-18 07:21:02,187 INFO =====> Num. aborted data so far: 0
2024-09-18 07:21:02,553 INFO ===> New TaichiEnv created.
2024-09-18 07:21:02,553 INFO ===> Specifications: horizon = 600, dt = 0.01, n_substeps = 20, dt_sub = 0.0005
2024-09-18 07:21:34,919 INFO =====> Epoch: 33
2024-09-18 07:21:34,919 INFO =====> EMD Loss: 27.01307487487793
2024-09-18 07:21:34,919 INFO =====> Height map loss: 28.700115203857422
2024-09-18 07:21:34,920 INFO =====> Grad: [ 1.6521661e-01  2.1988321e-02 -9.0034946e-10  0.0000000e+00
  0.0000000e+00]
2024-09-18 07:21:34,920 INFO =====> Skill params: [ 0.405411   -0.60014033 -0.0631077   1.         -1.        ]
2024-09-18 07:21:34,920 INFO =====> Num. aborted data so far: 0
2024-09-18 07:21:35,262 INFO ===> New TaichiEnv created.
2024-09-18 07:21:35,262 INFO ===> Specifications: horizon = 600, dt = 0.01, n_substeps = 20, dt_sub = 0.0005
2024-09-18 07:22:07,515 INFO =====> Epoch: 34
2024-09-18 07:22:07,515 INFO =====> EMD Loss: 27.012985229492188
2024-09-18 07:22:07,515 INFO =====> Height map loss: 28.700502395629883
2024-09-18 07:22:07,515 INFO =====> Grad: [ 1.6301057e-01  2.5560040e-02 -2.6164173e-09  0.0000000e+00
  0.0000000e+00]
2024-09-18 07:22:07,515 INFO =====> Skill params: [ 0.40648317 -0.5956918  -0.0617156   1.         -1.        ]
2024-09-18 07:22:07,515 INFO =====> Num. aborted data so far: 0
2024-09-18 07:22:07,850 INFO ===> New TaichiEnv created.
2024-09-18 07:22:07,850 INFO ===> Specifications: horizon = 600, dt = 0.01, n_substeps = 20, dt_sub = 0.0005
2024-09-18 07:22:39,703 INFO =====> Epoch: 35
2024-09-18 07:22:39,703 INFO =====> EMD Loss: 27.012828826904297
2024-09-18 07:22:39,703 INFO =====> Height map loss: 28.69908905029297
2024-09-18 07:22:39,703 INFO =====> Grad: [1.6410156e-01 2.4402186e-02 9.5694275e-10 0.0000000e+00 0.0000000e+00]
2024-09-18 07:22:39,703 INFO =====> Skill params: [ 0.40692163 -0.5919601  -0.06064129  1.         -1.        ]
2024-09-18 07:22:39,703 INFO =====> Num. aborted data so far: 0
2024-09-18 07:22:40,040 INFO ===> New TaichiEnv created.
2024-09-18 07:22:40,040 INFO ===> Specifications: horizon = 600, dt = 0.01, n_substeps = 20, dt_sub = 0.0005
2024-09-18 07:23:11,746 INFO =====> Epoch: 36
2024-09-18 07:23:11,746 INFO =====> EMD Loss: 27.013015747070312
2024-09-18 07:23:11,746 INFO =====> Height map loss: 28.697227478027344
2024-09-18 07:23:11,746 INFO =====> Grad: [ 1.6153891e-01  2.7263980e-02 -1.0384344e-09  0.0000000e+00
  0.0000000e+00]
2024-09-18 07:23:11,746 INFO =====> Skill params: [ 0.40678623 -0.58892304 -0.05947354  1.         -1.        ]
2024-09-18 07:23:11,746 INFO =====> Num. aborted data so far: 0
2024-09-18 07:23:12,078 INFO ===> New TaichiEnv created.
2024-09-18 07:23:12,078 INFO ===> Specifications: horizon = 600, dt = 0.01, n_substeps = 20, dt_sub = 0.0005
2024-09-18 07:23:43,642 INFO =====> Epoch: 37
2024-09-18 07:23:43,642 INFO =====> EMD Loss: 27.01316261291504
2024-09-18 07:23:43,642 INFO =====> Height map loss: 28.69904899597168
2024-09-18 07:23:43,642 INFO =====> Grad: [1.6231030e-01 2.5341840e-02 2.0191964e-09 0.0000000e+00 0.0000000e+00]
2024-09-18 07:23:43,643 INFO =====> Skill params: [ 0.40612057 -0.5864971  -0.0588062   1.         -1.        ]
2024-09-18 07:23:43,643 INFO =====> Num. aborted data so far: 0
2024-09-18 07:23:43,994 INFO ===> New TaichiEnv created.
2024-09-18 07:23:43,994 INFO ===> Specifications: horizon = 600, dt = 0.01, n_substeps = 20, dt_sub = 0.0005
2024-09-18 07:24:15,504 INFO =====> Epoch: 38
2024-09-18 07:24:15,504 INFO =====> EMD Loss: 27.013107299804688
2024-09-18 07:24:15,504 INFO =====> Height map loss: 28.697006225585938
2024-09-18 07:24:15,504 INFO =====> Grad: [1.6295035e-01 2.6350828e-02 2.4447777e-11 0.0000000e+00 0.0000000e+00]
2024-09-18 07:24:15,504 INFO =====> Skill params: [ 0.40496483 -0.5846453  -0.05820844  1.         -1.        ]
2024-09-18 07:24:15,504 INFO =====> Num. aborted data so far: 0
2024-09-18 07:24:15,848 INFO ===> New TaichiEnv created.
2024-09-18 07:24:15,848 INFO ===> Specifications: horizon = 600, dt = 0.01, n_substeps = 20, dt_sub = 0.0005
2024-09-18 07:24:46,871 INFO =====> Epoch: 39
2024-09-18 07:24:46,872 INFO =====> EMD Loss: 27.01321029663086
2024-09-18 07:24:46,872 INFO =====> Height map loss: 28.69818687438965
2024-09-18 07:24:46,872 INFO =====> Grad: [1.5994529e-01 2.8261298e-02 4.8735005e-10 0.0000000e+00 0.0000000e+00]
2024-09-18 07:24:46,872 INFO =====> Skill params: [ 0.40336806 -0.5833463  -0.05776258  1.         -1.        ]
2024-09-18 07:24:46,872 INFO =====> Num. aborted data so far: 0
2024-09-18 07:24:47,222 INFO ===> New TaichiEnv created.
2024-09-18 07:24:47,222 INFO ===> Specifications: horizon = 600, dt = 0.01, n_substeps = 20, dt_sub = 0.0005
2024-09-18 07:25:17,902 INFO =====> Epoch: 40
2024-09-18 07:25:17,902 INFO =====> EMD Loss: 27.013240814208984
2024-09-18 07:25:17,902 INFO =====> Height map loss: 28.699077606201172
2024-09-18 07:25:17,902 INFO =====> Grad: [1.6032343e-01 2.8685385e-02 1.9344517e-09 0.0000000e+00 0.0000000e+00]
2024-09-18 07:25:17,902 INFO =====> Skill params: [ 0.40136358 -0.58256066 -0.05773352  1.         -1.        ]
2024-09-18 07:25:17,902 INFO =====> Num. aborted data so far: 0
2024-09-18 07:25:18,250 INFO ===> New TaichiEnv created.
2024-09-18 07:25:18,250 INFO ===> Specifications: horizon = 600, dt = 0.01, n_substeps = 20, dt_sub = 0.0005
2024-09-18 07:25:50,050 INFO =====> Epoch: 41
2024-09-18 07:25:50,050 INFO =====> EMD Loss: 27.013235092163086
2024-09-18 07:25:50,050 INFO =====> Height map loss: 28.698801040649414
2024-09-18 07:25:50,050 INFO =====> Grad: [1.6058537e-01 2.8834859e-02 3.3263423e-09 0.0000000e+00 0.0000000e+00]
2024-09-18 07:25:50,050 INFO =====> Skill params: [ 0.3989822  -0.58224857 -0.05835021  1.         -1.        ]
2024-09-18 07:25:50,050 INFO =====> Num. aborted data so far: 0
2024-09-18 07:25:50,390 INFO ===> New TaichiEnv created.
2024-09-18 07:25:50,390 INFO ===> Specifications: horizon = 600, dt = 0.01, n_substeps = 20, dt_sub = 0.0005
2024-09-18 07:26:21,660 INFO =====> Epoch: 42
2024-09-18 07:26:21,661 INFO =====> EMD Loss: 27.013206481933594
2024-09-18 07:26:21,661 INFO =====> Height map loss: 28.698253631591797
2024-09-18 07:26:21,661 INFO =====> Grad: [ 1.6073945e-01  2.8728893e-02 -1.2164176e-09  0.0000000e+00
  0.0000000e+00]
2024-09-18 07:26:21,661 INFO =====> Skill params: [ 0.3962524  -0.5823701  -0.05867106  1.         -1.        ]
2024-09-18 07:26:21,661 INFO =====> Num. aborted data so far: 0
2024-09-18 07:26:22,086 INFO ===> New TaichiEnv created.
2024-09-18 07:26:22,086 INFO ===> Specifications: horizon = 600, dt = 0.01, n_substeps = 20, dt_sub = 0.0005
2024-09-18 07:26:52,960 INFO =====> Epoch: 43
2024-09-18 07:26:52,960 INFO =====> EMD Loss: 27.01326560974121
2024-09-18 07:26:52,960 INFO =====> Height map loss: 28.698240280151367
2024-09-18 07:26:52,960 INFO =====> Grad: [ 1.6079387e-01  2.8388470e-02 -1.5069392e-09  0.0000000e+00
  0.0000000e+00]
2024-09-18 07:26:52,960 INFO =====> Skill params: [ 0.39320055 -0.5828854  -0.05866773  1.         -1.        ]
2024-09-18 07:26:52,960 INFO =====> Num. aborted data so far: 0
2024-09-18 07:26:53,293 INFO ===> New TaichiEnv created.
2024-09-18 07:26:53,293 INFO ===> Specifications: horizon = 600, dt = 0.01, n_substeps = 20, dt_sub = 0.0005
2024-09-18 07:27:24,566 INFO =====> Epoch: 44
2024-09-18 07:27:24,566 INFO =====> EMD Loss: 27.01331329345703
2024-09-18 07:27:24,566 INFO =====> Height map loss: 28.698129653930664
2024-09-18 07:27:24,566 INFO =====> Grad: [1.6075808e-01 2.7836176e-02 6.8029971e-11 0.0000000e+00 0.0000000e+00]
2024-09-18 07:27:24,566 INFO =====> Skill params: [ 0.3898511  -0.583755   -0.05867799  1.         -1.        ]
2024-09-18 07:27:24,566 INFO =====> Num. aborted data so far: 0
2024-09-18 07:27:24,920 INFO ===> New TaichiEnv created.
2024-09-18 07:27:24,920 INFO ===> Specifications: horizon = 600, dt = 0.01, n_substeps = 20, dt_sub = 0.0005
2024-09-18 07:27:56,015 INFO =====> Epoch: 45
2024-09-18 07:27:56,016 INFO =====> EMD Loss: 27.013158798217773
2024-09-18 07:27:56,016 INFO =====> Height map loss: 28.697261810302734
2024-09-18 07:27:56,016 INFO =====> Grad: [1.6064112e-01 2.7095223e-02 1.5485280e-11 0.0000000e+00 0.0000000e+00]
2024-09-18 07:27:56,016 INFO =====> Skill params: [ 0.3862266  -0.58494    -0.05869027  1.         -1.        ]
2024-09-18 07:27:56,016 INFO =====> Num. aborted data so far: 0
2024-09-18 07:27:56,361 INFO ===> New TaichiEnv created.
2024-09-18 07:27:56,361 INFO ===> Specifications: horizon = 600, dt = 0.01, n_substeps = 20, dt_sub = 0.0005
2024-09-18 07:28:28,015 INFO =====> Epoch: 46
2024-09-18 07:28:28,015 INFO =====> EMD Loss: 27.013105392456055
2024-09-18 07:28:28,015 INFO =====> Height map loss: 28.697086334228516
2024-09-18 07:28:28,015 INFO =====> Grad: [1.6045262e-01 2.6189215e-02 2.3515123e-09 0.0000000e+00 0.0000000e+00]
2024-09-18 07:28:28,015 INFO =====> Skill params: [ 0.38234797 -0.5864023  -0.0591624   1.         -1.        ]
2024-09-18 07:28:28,015 INFO =====> Num. aborted data so far: 0
2024-09-18 07:28:28,359 INFO ===> New TaichiEnv created.
2024-09-18 07:28:28,359 INFO ===> Specifications: horizon = 600, dt = 0.01, n_substeps = 20, dt_sub = 0.0005
2024-09-18 07:29:00,260 INFO =====> Epoch: 47
2024-09-18 07:29:00,260 INFO =====> EMD Loss: 27.01326560974121
2024-09-18 07:29:00,260 INFO =====> Height map loss: 28.697553634643555
2024-09-18 07:29:00,260 INFO =====> Grad: [ 1.6372125e-01  2.3904424e-02 -3.2942757e-09  0.0000000e+00
  0.0000000e+00]
2024-09-18 07:29:00,260 INFO =====> Skill params: [ 0.37822172 -0.5880864  -0.05894106  1.         -1.        ]
2024-09-18 07:29:00,260 INFO =====> Num. aborted data so far: 0
2024-09-18 07:29:00,681 INFO ===> New TaichiEnv created.
2024-09-18 07:29:00,682 INFO ===> Specifications: horizon = 600, dt = 0.01, n_substeps = 20, dt_sub = 0.0005
2024-09-18 07:29:31,952 INFO =====> Epoch: 48
2024-09-18 07:29:31,952 INFO =====> EMD Loss: 27.00644302368164
2024-09-18 07:29:31,952 INFO =====> Height map loss: 28.69748878479004
2024-09-18 07:29:31,953 INFO =====> Grad: [1.6341548e-01 2.2738855e-02 2.4214490e-09 0.0000000e+00 0.0000000e+00]
2024-09-18 07:29:31,953 INFO =====> Skill params: [ 0.3738668  -0.58995795 -0.05921803  1.         -1.        ]
2024-09-18 07:29:31,953 INFO =====> Num. aborted data so far: 0
2024-09-18 07:29:32,291 INFO ===> New TaichiEnv created.
2024-09-18 07:29:32,291 INFO ===> Specifications: horizon = 600, dt = 0.01, n_substeps = 20, dt_sub = 0.0005
2024-09-18 07:30:03,809 INFO =====> Epoch: 49
2024-09-18 07:30:03,809 INFO =====> EMD Loss: 27.006786346435547
2024-09-18 07:30:03,809 INFO =====> Height map loss: 28.69757080078125
2024-09-18 07:30:03,809 INFO =====> Grad: [ 1.6306932e-01  2.1480873e-02 -2.9213783e-09  0.0000000e+00
  0.0000000e+00]
2024-09-18 07:30:03,809 INFO =====> Skill params: [ 0.36930066 -0.5919839  -0.05889165  1.         -1.        ]
2024-09-18 07:30:03,809 INFO =====> Num. aborted data so far: 0
2024-09-18 07:30:04,154 INFO ===> New TaichiEnv created.
2024-09-18 07:30:04,154 INFO ===> Specifications: horizon = 600, dt = 0.01, n_substeps = 20, dt_sub = 0.0005
2024-09-18 07:30:35,915 INFO =====> Epoch: 50
2024-09-18 07:30:35,915 INFO =====> EMD Loss: 27.00017738342285
2024-09-18 07:30:35,915 INFO =====> Height map loss: 28.697864532470703
2024-09-18 07:30:35,915 INFO =====> Grad: [ 1.6269232e-01  2.3388784e-02 -1.6771731e-09  0.0000000e+00
  0.0000000e+00]
2024-09-18 07:30:35,915 INFO =====> Skill params: [ 0.3645394  -0.59418213 -0.05826549  1.         -1.        ]
2024-09-18 07:30:35,915 INFO =====> Num. aborted data so far: 0
2024-09-18 07:30:36,270 INFO ===> New TaichiEnv created.
2024-09-18 07:30:36,270 INFO ===> Specifications: horizon = 600, dt = 0.01, n_substeps = 20, dt_sub = 0.0005
2024-09-18 07:31:08,495 INFO =====> Epoch: 51
2024-09-18 07:31:08,495 INFO =====> EMD Loss: 27.001680374145508
2024-09-18 07:31:08,496 INFO =====> Height map loss: 28.695003509521484
2024-09-18 07:31:08,496 INFO =====> Grad: [1.6227768e-01 2.1963358e-02 4.3316928e-10 0.0000000e+00 0.0000000e+00]
2024-09-18 07:31:08,496 INFO =====> Skill params: [ 0.35959792 -0.596518   -0.0577862   1.         -1.        ]
2024-09-18 07:31:08,496 INFO =====> Num. aborted data so far: 0
2024-09-18 07:31:08,846 INFO ===> New TaichiEnv created.
2024-09-18 07:31:08,846 INFO ===> Specifications: horizon = 600, dt = 0.01, n_substeps = 20, dt_sub = 0.0005
2024-09-18 07:31:40,874 INFO =====> Epoch: 52
2024-09-18 07:31:40,874 INFO =====> EMD Loss: 27.00160026550293
2024-09-18 07:31:40,874 INFO =====> Height map loss: 28.69565200805664
2024-09-18 07:31:40,874 INFO =====> Grad: [ 1.6533837e-01  1.9222990e-02 -3.3423539e-09  0.0000000e+00
  0.0000000e+00]
2024-09-18 07:31:40,874 INFO =====> Skill params: [ 0.35447657 -0.5989392  -0.05669033  1.         -1.        ]
2024-09-18 07:31:40,874 INFO =====> Num. aborted data so far: 0
2024-09-18 07:31:41,235 INFO ===> New TaichiEnv created.
2024-09-18 07:31:41,235 INFO ===> Specifications: horizon = 600, dt = 0.01, n_substeps = 20, dt_sub = 0.0005
2024-09-18 07:32:13,320 INFO =====> Epoch: 53
2024-09-18 07:32:13,321 INFO =====> EMD Loss: 27.001527786254883
2024-09-18 07:32:13,321 INFO =====> Height map loss: 28.694190979003906
2024-09-18 07:32:13,321 INFO =====> Grad: [1.6487111e-01 1.7702818e-02 1.0400505e-09 0.0000000e+00 0.0000000e+00]
2024-09-18 07:32:13,321 INFO =====> Skill params: [ 0.34918913 -0.6014164  -0.05590848  1.         -1.        ]
2024-09-18 07:32:13,321 INFO =====> Num. aborted data so far: 0
2024-09-18 07:32:13,676 INFO ===> New TaichiEnv created.
2024-09-18 07:32:13,676 INFO ===> Specifications: horizon = 600, dt = 0.01, n_substeps = 20, dt_sub = 0.0005
2024-09-18 07:32:45,499 INFO =====> Epoch: 54
2024-09-18 07:32:45,499 INFO =====> EMD Loss: 27.001449584960938
2024-09-18 07:32:45,499 INFO =====> Height map loss: 28.69585609436035
2024-09-18 07:32:45,499 INFO =====> Grad: [ 1.6439757e-01  1.9323450e-02 -3.1266434e-09  0.0000000e+00
  0.0000000e+00]
2024-09-18 07:32:45,499 INFO =====> Skill params: [ 0.3437482  -0.6039725  -0.05457991  1.         -1.        ]
2024-09-18 07:32:45,499 INFO =====> Num. aborted data so far: 0
2024-09-18 07:32:45,844 INFO ===> New TaichiEnv created.
2024-09-18 07:32:45,844 INFO ===> Specifications: horizon = 600, dt = 0.01, n_substeps = 20, dt_sub = 0.0005
2024-09-18 07:33:18,353 INFO =====> Epoch: 55
2024-09-18 07:33:18,353 INFO =====> EMD Loss: 27.001312255859375
2024-09-18 07:33:18,353 INFO =====> Height map loss: 28.69583511352539
2024-09-18 07:33:18,353 INFO =====> Grad: [1.6391011e-01 1.7739456e-02 1.4312003e-09 0.0000000e+00 0.0000000e+00]
2024-09-18 07:33:18,353 INFO =====> Skill params: [ 0.3381654  -0.6065772  -0.05366738  1.         -1.        ]
2024-09-18 07:33:18,353 INFO =====> Num. aborted data so far: 0
2024-09-18 07:33:18,789 INFO ===> New TaichiEnv created.
2024-09-18 07:33:18,789 INFO ===> Specifications: horizon = 600, dt = 0.01, n_substeps = 20, dt_sub = 0.0005
2024-09-18 07:33:51,209 INFO =====> Epoch: 56
2024-09-18 07:33:51,209 INFO =====> EMD Loss: 27.00153923034668
2024-09-18 07:33:51,209 INFO =====> Height map loss: 28.70025634765625
2024-09-18 07:33:51,209 INFO =====> Grad: [ 1.6690283e-01  1.4873376e-02 -1.2356105e-09  0.0000000e+00
  0.0000000e+00]
2024-09-18 07:33:51,209 INFO =====> Skill params: [ 0.3324377  -0.6091822  -0.05259621  1.         -1.        ]
2024-09-18 07:33:51,209 INFO =====> Num. aborted data so far: 0
2024-09-18 07:33:51,553 INFO ===> New TaichiEnv created.
2024-09-18 07:33:51,553 INFO ===> Specifications: horizon = 600, dt = 0.01, n_substeps = 20, dt_sub = 0.0005
2024-09-18 07:34:23,965 INFO =====> Epoch: 57
2024-09-18 07:34:23,965 INFO =====> EMD Loss: 27.001514434814453
2024-09-18 07:34:23,965 INFO =====> Height map loss: 28.6965274810791
2024-09-18 07:34:23,965 INFO =====> Grad: [ 1.6640483e-01  1.3284703e-02 -5.1920068e-10  0.0000000e+00
  0.0000000e+00]
2024-09-18 07:34:23,965 INFO =====> Skill params: [ 0.32657605 -0.6117633  -0.05152517  1.         -1.        ]
2024-09-18 07:34:23,965 INFO =====> Num. aborted data so far: 0
2024-09-18 07:34:24,312 INFO ===> New TaichiEnv created.
2024-09-18 07:34:24,312 INFO ===> Specifications: horizon = 600, dt = 0.01, n_substeps = 20, dt_sub = 0.0005
2024-09-18 07:34:57,432 INFO =====> Epoch: 58
2024-09-18 07:34:57,432 INFO =====> EMD Loss: 27.001571655273438
2024-09-18 07:34:57,432 INFO =====> Height map loss: 28.700885772705078
2024-09-18 07:34:57,432 INFO =====> Grad: [1.6592000e-01 1.4788313e-02 1.2512746e-09 0.0000000e+00 0.0000000e+00]
2024-09-18 07:34:57,432 INFO =====> Skill params: [ 0.3205904  -0.61434895 -0.05081103  1.         -1.        ]
2024-09-18 07:34:57,432 INFO =====> Num. aborted data so far: 0
2024-09-18 07:34:57,831 INFO ===> New TaichiEnv created.
2024-09-18 07:34:57,831 INFO ===> Specifications: horizon = 600, dt = 0.01, n_substeps = 20, dt_sub = 0.0005
2024-09-18 07:35:30,829 INFO =====> Epoch: 59
2024-09-18 07:35:30,829 INFO =====> EMD Loss: 27.00156021118164
2024-09-18 07:35:30,829 INFO =====> Height map loss: 28.697484970092773
2024-09-18 07:35:30,829 INFO =====> Grad: [ 1.6543926e-01  1.3207268e-02 -3.8536832e-09  0.0000000e+00
  0.0000000e+00]
2024-09-18 07:35:30,829 INFO =====> Skill params: [ 0.31448984 -0.6169144  -0.04939028  1.         -1.        ]
2024-09-18 07:35:30,829 INFO =====> Num. aborted data so far: 0
2024-09-18 07:35:31,206 INFO ===> New TaichiEnv created.
2024-09-18 07:35:31,206 INFO ===> Specifications: horizon = 600, dt = 0.01, n_substeps = 20, dt_sub = 0.0005
2024-09-18 07:36:03,304 INFO =====> Epoch: 60
2024-09-18 07:36:03,304 INFO =====> EMD Loss: 27.012664794921875
2024-09-18 07:36:03,304 INFO =====> Height map loss: 28.6935977935791
2024-09-18 07:36:03,304 INFO =====> Grad: [1.6843829e-01 1.0360037e-02 5.8154781e-10 0.0000000e+00 0.0000000e+00]
2024-09-18 07:36:03,304 INFO =====> Skill params: [ 0.3082687  -0.6194155  -0.04822594  1.         -1.        ]
2024-09-18 07:36:03,304 INFO =====> Num. aborted data so far: 0
2024-09-18 07:36:03,655 INFO ===> New TaichiEnv created.
2024-09-18 07:36:03,655 INFO ===> Specifications: horizon = 600, dt = 0.01, n_substeps = 20, dt_sub = 0.0005
2024-09-18 07:36:36,269 INFO =====> Epoch: 61
2024-09-18 07:36:36,269 INFO =====> EMD Loss: 27.005844116210938
2024-09-18 07:36:36,269 INFO =====> Height map loss: 28.71198081970215
2024-09-18 07:36:36,270 INFO =====> Grad: [ 1.6797960e-01  8.8293161e-03 -2.8937657e-09  0.0000000e+00
  0.0000000e+00]
2024-09-18 07:36:36,270 INFO =====> Skill params: [ 0.30193573 -0.6218337  -0.04659011  1.         -1.        ]
2024-09-18 07:36:36,270 INFO =====> Num. aborted data so far: 0
2024-09-18 07:36:36,614 INFO ===> New TaichiEnv created.
2024-09-18 07:36:36,614 INFO ===> Specifications: horizon = 600, dt = 0.01, n_substeps = 20, dt_sub = 0.0005
2024-09-18 07:37:10,201 INFO =====> Epoch: 62
2024-09-18 07:37:10,201 INFO =====> EMD Loss: 27.001874923706055
2024-09-18 07:37:10,201 INFO =====> Height map loss: 28.71637725830078
2024-09-18 07:37:10,201 INFO =====> Grad: [ 1.6754784e-01  1.0329895e-02 -2.5175390e-10  0.0000000e+00
  0.0000000e+00]
2024-09-18 07:37:10,201 INFO =====> Skill params: [ 0.29549888 -0.62420297 -0.04506302  1.         -1.        ]
2024-09-18 07:37:10,201 INFO =====> Num. aborted data so far: 0
2024-09-18 07:37:10,547 INFO ===> New TaichiEnv created.
2024-09-18 07:37:10,547 INFO ===> Specifications: horizon = 600, dt = 0.01, n_substeps = 20, dt_sub = 0.0005
2024-09-18 07:37:43,167 INFO =====> Epoch: 63
2024-09-18 07:37:43,168 INFO =====> EMD Loss: 27.006956100463867
2024-09-18 07:37:43,168 INFO =====> Height map loss: 28.71340560913086
2024-09-18 07:37:43,168 INFO =====> Grad: [1.6713238e-01 8.8484120e-03 3.4315824e-09 0.0000000e+00 0.0000000e+00]
2024-09-18 07:37:43,168 INFO =====> Skill params: [ 0.28896528 -0.62650377 -0.0443848   1.         -1.        ]
2024-09-18 07:37:43,168 INFO =====> Num. aborted data so far: 0
2024-09-18 07:37:43,514 INFO ===> New TaichiEnv created.
2024-09-18 07:37:43,514 INFO ===> Specifications: horizon = 600, dt = 0.01, n_substeps = 20, dt_sub = 0.0005
2024-09-18 07:38:17,246 INFO =====> Epoch: 64
2024-09-18 07:38:17,246 INFO =====> EMD Loss: 26.999713897705078
2024-09-18 07:38:17,246 INFO =====> Height map loss: 28.71872901916504
2024-09-18 07:38:17,246 INFO =====> Grad: [ 1.7019583e-01  6.1011789e-03 -1.4772575e-09  0.0000000e+00
  0.0000000e+00]
2024-09-18 07:38:17,246 INFO =====> Skill params: [ 0.28232715 -0.628696   -0.04347203  1.         -1.        ]
2024-09-18 07:38:17,246 INFO =====> Num. aborted data so far: 0
2024-09-18 07:38:17,594 INFO ===> New TaichiEnv created.
2024-09-18 07:38:17,594 INFO ===> Specifications: horizon = 600, dt = 0.01, n_substeps = 20, dt_sub = 0.0005
2024-09-18 07:38:50,469 INFO =====> Epoch: 65
2024-09-18 07:38:50,469 INFO =====> EMD Loss: 26.999738693237305
2024-09-18 07:38:50,469 INFO =====> Height map loss: 28.72027587890625
2024-09-18 07:38:50,469 INFO =====> Grad: [1.6982514e-01 4.6964688e-03 3.4561496e-09 0.0000000e+00 0.0000000e+00]
2024-09-18 07:38:50,469 INFO =====> Skill params: [ 0.27559158 -0.63076603 -0.0433547   1.         -1.        ]
2024-09-18 07:38:50,469 INFO =====> Num. aborted data so far: 0
2024-09-18 07:38:50,867 INFO ===> New TaichiEnv created.
2024-09-18 07:38:50,867 INFO ===> Specifications: horizon = 600, dt = 0.01, n_substeps = 20, dt_sub = 0.0005
2024-09-18 07:39:23,944 INFO =====> Epoch: 66
2024-09-18 07:39:23,945 INFO =====> EMD Loss: 26.99994659423828
2024-09-18 07:39:23,945 INFO =====> Height map loss: 28.714946746826172
2024-09-18 07:39:23,945 INFO =====> Grad: [ 1.6949016e-01  6.2604742e-03 -2.2874551e-09  0.0000000e+00
  0.0000000e+00]
2024-09-18 07:39:23,945 INFO =====> Skill params: [ 0.26876494 -0.632753   -0.04278143  1.         -1.        ]
2024-09-18 07:39:23,945 INFO =====> Num. aborted data so far: 0
2024-09-18 07:39:24,445 INFO ===> New TaichiEnv created.
2024-09-18 07:39:24,445 INFO ===> Specifications: horizon = 600, dt = 0.01, n_substeps = 20, dt_sub = 0.0005
2024-09-18 07:39:57,056 INFO =====> Epoch: 67
2024-09-18 07:39:57,056 INFO =====> EMD Loss: 26.99711799621582
2024-09-18 07:39:57,056 INFO =====> Height map loss: 28.71579360961914
2024-09-18 07:39:57,056 INFO =====> Grad: [1.6917917e-01 4.9244817e-03 3.6047019e-09 0.0000000e+00 0.0000000e+00]
2024-09-18 07:39:57,056 INFO =====> Skill params: [ 0.26185298 -0.63464177 -0.04300237  1.         -1.        ]
2024-09-18 07:39:57,056 INFO =====> Num. aborted data so far: 0
2024-09-18 07:39:57,425 INFO ===> New TaichiEnv created.
2024-09-18 07:39:57,425 INFO ===> Specifications: horizon = 600, dt = 0.01, n_substeps = 20, dt_sub = 0.0005
2024-09-18 07:40:29,670 INFO =====> Epoch: 68
2024-09-18 07:40:29,670 INFO =====> EMD Loss: 26.99678611755371
2024-09-18 07:40:29,670 INFO =====> Height map loss: 28.71262550354004
2024-09-18 07:40:29,670 INFO =====> Grad: [1.6889614e-01 3.6282809e-03 7.0647377e-10 0.0000000e+00 0.0000000e+00]
2024-09-18 07:40:29,670 INFO =====> Skill params: [ 0.2548608  -0.6364189  -0.04334652  1.         -1.        ]
2024-09-18 07:40:29,670 INFO =====> Num. aborted data so far: 0
2024-09-18 07:40:30,018 INFO ===> New TaichiEnv created.
2024-09-18 07:40:30,018 INFO ===> Specifications: horizon = 600, dt = 0.01, n_substeps = 20, dt_sub = 0.0005
2024-09-18 07:41:02,761 INFO =====> Epoch: 69
2024-09-18 07:41:02,762 INFO =====> EMD Loss: 27.012435913085938
2024-09-18 07:41:02,762 INFO =====> Height map loss: 28.730945587158203
2024-09-18 07:41:02,762 INFO =====> Grad: [ 1.7209165e-01  1.0517389e-03 -4.8746709e-09  0.0000000e+00
  0.0000000e+00]
2024-09-18 07:41:02,762 INFO =====> Skill params: [ 0.24777822 -0.63804895 -0.04265706  1.         -1.        ]
2024-09-18 07:41:02,762 INFO =====> Num. aborted data so far: 0
2024-09-18 07:41:03,117 INFO ===> New TaichiEnv created.
2024-09-18 07:41:03,117 INFO ===> Specifications: horizon = 600, dt = 0.01, n_substeps = 20, dt_sub = 0.0005
2024-09-18 07:41:36,198 INFO =====> Epoch: 70
2024-09-18 07:41:36,198 INFO =====> EMD Loss: 27.012372970581055
2024-09-18 07:41:36,198 INFO =====> Height map loss: 28.737882614135742
2024-09-18 07:41:36,198 INFO =====> Grad: [ 1.7187402e-01 -1.5513971e-04 -1.1973558e-10  0.0000000e+00
  0.0000000e+00]
2024-09-18 07:41:36,198 INFO =====> Skill params: [ 0.24061063 -0.6395239  -0.04201055  1.         -1.        ]
2024-09-18 07:41:36,198 INFO =====> Num. aborted data so far: 0
2024-09-18 07:41:36,570 INFO ===> New TaichiEnv created.
2024-09-18 07:41:36,570 INFO ===> Specifications: horizon = 600, dt = 0.01, n_substeps = 20, dt_sub = 0.0005
2024-09-18 07:42:10,025 INFO =====> Epoch: 71
2024-09-18 07:42:10,025 INFO =====> EMD Loss: 27.00450897216797
2024-09-18 07:42:10,025 INFO =====> Height map loss: 28.736499786376953
2024-09-18 07:42:10,025 INFO =====> Grad: [ 1.7169887e-01 -1.3097962e-03  6.6385508e-12  0.0000000e+00
  0.0000000e+00]
2024-09-18 07:42:10,025 INFO =====> Skill params: [ 0.23336275 -0.6408372  -0.04142876  1.         -1.        ]
2024-09-18 07:42:10,025 INFO =====> Num. aborted data so far: 0
2024-09-18 07:42:10,380 INFO ===> New TaichiEnv created.
2024-09-18 07:42:10,380 INFO ===> Specifications: horizon = 600, dt = 0.01, n_substeps = 20, dt_sub = 0.0005
2024-09-18 07:42:43,412 INFO =====> Epoch: 72
2024-09-18 07:42:43,412 INFO =====> EMD Loss: 26.993186950683594
2024-09-18 07:42:43,412 INFO =====> Height map loss: 28.73680877685547
2024-09-18 07:42:43,412 INFO =====> Grad: [ 1.7156811e-01  4.2844377e-04 -8.2419310e-10  0.0000000e+00
  0.0000000e+00]
2024-09-18 07:42:43,412 INFO =====> Skill params: [ 0.2260387  -0.64203537 -0.040734    1.         -1.        ]
2024-09-18 07:42:43,412 INFO =====> Num. aborted data so far: 0
2024-09-18 07:42:43,871 INFO ===> New TaichiEnv created.
2024-09-18 07:42:43,871 INFO ===> Specifications: horizon = 600, dt = 0.01, n_substeps = 20, dt_sub = 0.0005
2024-09-18 07:43:16,869 INFO =====> Epoch: 73
2024-09-18 07:43:16,869 INFO =====> EMD Loss: 26.997329711914062
2024-09-18 07:43:16,869 INFO =====> Height map loss: 28.736894607543945
2024-09-18 07:43:16,869 INFO =====> Grad: [ 1.7146812e-01 -6.4610690e-04  1.7341029e-10  0.0000000e+00
  0.0000000e+00]
2024-09-18 07:43:16,869 INFO =====> Skill params: [ 0.21864213 -0.64310944 -0.04014322  1.         -1.        ]
2024-09-18 07:43:16,869 INFO =====> Num. aborted data so far: 0
2024-09-18 07:43:17,217 INFO ===> New TaichiEnv created.
2024-09-18 07:43:17,217 INFO ===> Specifications: horizon = 600, dt = 0.01, n_substeps = 20, dt_sub = 0.0005
2024-09-18 07:43:50,054 INFO =====> Epoch: 74
2024-09-18 07:43:50,054 INFO =====> EMD Loss: 27.002208709716797
2024-09-18 07:43:50,054 INFO =====> Height map loss: 28.740921020507812
2024-09-18 07:43:50,054 INFO =====> Grad: [ 1.7140162e-01 -1.6811853e-03 -4.0145132e-10  0.0000000e+00
  0.0000000e+00]
2024-09-18 07:43:50,054 INFO =====> Skill params: [ 0.21117625 -0.6440516  -0.03952722  1.         -1.        ]
2024-09-18 07:43:50,054 INFO =====> Num. aborted data so far: 0
2024-09-18 07:43:50,418 INFO ===> New TaichiEnv created.
2024-09-18 07:43:50,418 INFO ===> Specifications: horizon = 600, dt = 0.01, n_substeps = 20, dt_sub = 0.0005
2024-09-18 07:44:23,554 INFO =====> Epoch: 75
2024-09-18 07:44:23,555 INFO =====> EMD Loss: 27.000171661376953
2024-09-18 07:44:23,555 INFO =====> Height map loss: 28.739992141723633
2024-09-18 07:44:23,555 INFO =====> Grad: [ 1.7137058e-01 -2.6757345e-03  3.6503434e-09  0.0000000e+00
  0.0000000e+00]
2024-09-18 07:44:23,555 INFO =====> Skill params: [ 0.20364383 -0.6448554  -0.03972928  1.         -1.        ]
2024-09-18 07:44:23,555 INFO =====> Num. aborted data so far: 0
2024-09-18 07:44:23,914 INFO ===> New TaichiEnv created.
2024-09-18 07:44:23,914 INFO ===> Specifications: horizon = 600, dt = 0.01, n_substeps = 20, dt_sub = 0.0005
2024-09-18 07:44:56,669 INFO =====> Epoch: 76
2024-09-18 07:44:56,669 INFO =====> EMD Loss: 27.000446319580078
2024-09-18 07:44:56,669 INFO =====> Height map loss: 28.74210548400879
2024-09-18 07:44:56,669 INFO =====> Grad: [ 1.7137614e-01 -3.6290074e-03 -1.3794921e-09  0.0000000e+00
  0.0000000e+00]
2024-09-18 07:44:56,669 INFO =====> Skill params: [ 0.19604725 -0.64551544 -0.03962493  1.         -1.        ]
2024-09-18 07:44:56,669 INFO =====> Num. aborted data so far: 0
2024-09-18 07:44:57,026 INFO ===> New TaichiEnv created.
2024-09-18 07:44:57,026 INFO ===> Specifications: horizon = 600, dt = 0.01, n_substeps = 20, dt_sub = 0.0005
2024-09-18 07:45:29,901 INFO =====> Epoch: 77
2024-09-18 07:45:29,901 INFO =====> EMD Loss: 27.014644622802734
2024-09-18 07:45:29,901 INFO =====> Height map loss: 28.72661018371582
2024-09-18 07:45:29,901 INFO =====> Grad: [ 1.7487222e-01 -5.9211124e-03  4.6903231e-11  0.0000000e+00
  0.0000000e+00]
2024-09-18 07:45:29,901 INFO =====> Skill params: [ 0.18837309 -0.6460014  -0.03954059  1.         -1.        ]
2024-09-18 07:45:29,901 INFO =====> Num. aborted data so far: 0
2024-09-18 07:45:30,261 INFO ===> New TaichiEnv created.
2024-09-18 07:45:30,262 INFO ===> Specifications: horizon = 600, dt = 0.01, n_substeps = 20, dt_sub = 0.0005
2024-09-18 07:46:03,308 INFO =====> Epoch: 78
2024-09-18 07:46:03,308 INFO =====> EMD Loss: 27.01461410522461
2024-09-18 07:46:03,308 INFO =====> Height map loss: 28.733144760131836
2024-09-18 07:46:03,308 INFO =====> Grad: [ 1.7496333e-01 -6.7938035e-03  7.4862261e-10  0.0000000e+00
  0.0000000e+00]
2024-09-18 07:46:03,308 INFO =====> Skill params: [ 0.18062441 -0.6463122  -0.03962065  1.         -1.        ]
2024-09-18 07:46:03,308 INFO =====> Num. aborted data so far: 0
2024-09-18 07:46:03,667 INFO ===> New TaichiEnv created.
2024-09-18 07:46:03,667 INFO ===> Specifications: horizon = 600, dt = 0.01, n_substeps = 20, dt_sub = 0.0005
2024-09-18 07:46:36,811 INFO =====> Epoch: 79
2024-09-18 07:46:36,812 INFO =====> EMD Loss: 27.01396369934082
2024-09-18 07:46:36,812 INFO =====> Height map loss: 28.718406677246094
2024-09-18 07:46:36,812 INFO =====> Grad: [ 1.7510214e-01 -7.6198224e-03  2.8498767e-10  0.0000000e+00
  0.0000000e+00]
2024-09-18 07:46:36,812 INFO =====> Skill params: [ 0.1728038  -0.64644754 -0.0397524   1.         -1.        ]
2024-09-18 07:46:36,812 INFO =====> Num. aborted data so far: 0
2024-09-18 07:46:37,187 INFO ===> New TaichiEnv created.
2024-09-18 07:46:37,187 INFO ===> Specifications: horizon = 600, dt = 0.01, n_substeps = 20, dt_sub = 0.0005
2024-09-18 07:47:10,624 INFO =====> Epoch: 80
2024-09-18 07:47:10,624 INFO =====> EMD Loss: 27.01463508605957
2024-09-18 07:47:10,624 INFO =====> Height map loss: 28.7300968170166
2024-09-18 07:47:10,624 INFO =====> Grad: [ 1.7528890e-01 -8.4004337e-03 -3.3230314e-09  0.0000000e+00
  0.0000000e+00]
2024-09-18 07:47:10,624 INFO =====> Skill params: [ 0.16491342 -0.64640796 -0.03917615  1.         -1.        ]
2024-09-18 07:47:10,624 INFO =====> Num. aborted data so far: 0
2024-09-18 07:47:10,973 INFO ===> New TaichiEnv created.
2024-09-18 07:47:10,973 INFO ===> Specifications: horizon = 600, dt = 0.01, n_substeps = 20, dt_sub = 0.0005
2024-09-18 07:47:44,096 INFO =====> Epoch: 81
2024-09-18 07:47:44,096 INFO =====> EMD Loss: 27.014192581176758
2024-09-18 07:47:44,096 INFO =====> Height map loss: 28.725170135498047
2024-09-18 07:47:44,096 INFO =====> Grad: [ 1.7552367e-01 -9.1368398e-03  2.0319728e-09  0.0000000e+00
  0.0000000e+00]
2024-09-18 07:47:44,096 INFO =====> Skill params: [ 0.15695502 -0.64619464 -0.03908232  1.         -1.        ]
2024-09-18 07:47:44,096 INFO =====> Num. aborted data so far: 0
2024-09-18 07:47:44,532 INFO ===> New TaichiEnv created.
2024-09-18 07:47:44,532 INFO ===> Specifications: horizon = 600, dt = 0.01, n_substeps = 20, dt_sub = 0.0005
2024-09-18 07:48:17,934 INFO =====> Epoch: 82
2024-09-18 07:48:17,934 INFO =====> EMD Loss: 27.0142822265625
2024-09-18 07:48:17,934 INFO =====> Height map loss: 28.730676651000977
2024-09-18 07:48:17,934 INFO =====> Grad: [ 1.7580646e-01 -9.8301899e-03  2.0014896e-09  0.0000000e+00
  0.0000000e+00]
2024-09-18 07:48:17,934 INFO =====> Skill params: [ 0.14892998 -0.64580923 -0.03941754  1.         -1.        ]
2024-09-18 07:48:17,934 INFO =====> Num. aborted data so far: 0
2024-09-18 07:48:18,284 INFO ===> New TaichiEnv created.
2024-09-18 07:48:18,284 INFO ===> Specifications: horizon = 600, dt = 0.01, n_substeps = 20, dt_sub = 0.0005
2024-09-18 07:48:51,579 INFO =====> Epoch: 83
2024-09-18 07:48:51,579 INFO =====> EMD Loss: 27.014095306396484
2024-09-18 07:48:51,579 INFO =====> Height map loss: 28.726463317871094
2024-09-18 07:48:51,579 INFO =====> Grad: [ 1.7613731e-01 -1.0482145e-02  2.8172939e-10  0.0000000e+00
  0.0000000e+00]
2024-09-18 07:48:51,579 INFO =====> Skill params: [ 0.14083938 -0.645254   -0.039779    1.         -1.        ]
2024-09-18 07:48:51,579 INFO =====> Num. aborted data so far: 0
2024-09-18 07:48:51,932 INFO ===> New TaichiEnv created.
2024-09-18 07:48:51,932 INFO ===> Specifications: horizon = 600, dt = 0.01, n_substeps = 20, dt_sub = 0.0005
2024-09-18 07:49:25,369 INFO =====> Epoch: 84
2024-09-18 07:49:25,370 INFO =====> EMD Loss: 27.018659591674805
2024-09-18 07:49:25,370 INFO =====> Height map loss: 28.728519439697266
2024-09-18 07:49:25,370 INFO =====> Grad: [ 1.7651610e-01 -1.1094096e-02  1.8495732e-09  0.0000000e+00
  0.0000000e+00]
2024-09-18 07:49:25,371 INFO =====> Skill params: [ 0.13268398 -0.64453167 -0.04049402  1.         -1.        ]
2024-09-18 07:49:25,371 INFO =====> Num. aborted data so far: 0
2024-09-18 07:49:25,748 INFO ===> New TaichiEnv created.
2024-09-18 07:49:25,748 INFO ===> Specifications: horizon = 600, dt = 0.01, n_substeps = 20, dt_sub = 0.0005
2024-09-18 07:49:59,165 INFO =====> Epoch: 85
2024-09-18 07:49:59,165 INFO =====> EMD Loss: 27.00623321533203
2024-09-18 07:49:59,165 INFO =====> Height map loss: 28.733510971069336
2024-09-18 07:49:59,165 INFO =====> Grad: [ 1.7345794e-01 -1.0192236e-02  2.0232451e-09  0.0000000e+00
  0.0000000e+00]
2024-09-18 07:49:59,165 INFO =====> Skill params: [ 0.12448049 -0.6436747  -0.04156481  1.         -1.        ]
2024-09-18 07:49:59,165 INFO =====> Num. aborted data so far: 0
2024-09-18 07:49:59,520 INFO ===> New TaichiEnv created.
2024-09-18 07:49:59,520 INFO ===> Specifications: horizon = 600, dt = 0.01, n_substeps = 20, dt_sub = 0.0005
2024-09-18 07:50:32,786 INFO =====> Epoch: 86
2024-09-18 07:50:32,786 INFO =====> EMD Loss: 27.00572395324707
2024-09-18 07:50:32,786 INFO =====> Height map loss: 28.72823715209961
2024-09-18 07:50:32,786 INFO =====> Grad: [ 1.7391558e-01 -1.0720461e-02 -2.8196145e-10  0.0000000e+00
  0.0000000e+00]
2024-09-18 07:50:32,786 INFO =====> Skill params: [ 0.11622771 -0.642684   -0.04247071  1.         -1.        ]
2024-09-18 07:50:32,786 INFO =====> Num. aborted data so far: 0
2024-09-18 07:50:33,144 INFO ===> New TaichiEnv created.
2024-09-18 07:50:33,144 INFO ===> Specifications: horizon = 600, dt = 0.01, n_substeps = 20, dt_sub = 0.0005
2024-09-18 07:51:06,218 INFO =====> Epoch: 87
2024-09-18 07:51:06,218 INFO =====> EMD Loss: 27.004520416259766
2024-09-18 07:51:06,218 INFO =====> Height map loss: 28.73318099975586
2024-09-18 07:51:06,219 INFO =====> Grad: [ 1.7441207e-01 -1.1218731e-02  2.1268407e-09  0.0000000e+00
  0.0000000e+00]
2024-09-18 07:51:06,219 INFO =====> Skill params: [ 0.10792439 -0.641561   -0.04373667  1.         -1.        ]
2024-09-18 07:51:06,219 INFO =====> Num. aborted data so far: 0
2024-09-18 07:51:06,607 INFO ===> New TaichiEnv created.
2024-09-18 07:51:06,607 INFO ===> Specifications: horizon = 600, dt = 0.01, n_substeps = 20, dt_sub = 0.0005
2024-09-18 07:51:39,851 INFO =====> Epoch: 88
2024-09-18 07:51:39,851 INFO =====> EMD Loss: 27.00836181640625
2024-09-18 07:51:39,852 INFO =====> Height map loss: 28.727272033691406
2024-09-18 07:51:39,852 INFO =====> Grad: [ 1.7494763e-01 -1.1687859e-02  9.2573987e-10  0.0000000e+00
  0.0000000e+00]
2024-09-18 07:51:39,852 INFO =====> Skill params: [ 0.0995692  -0.6403074  -0.04507392  1.         -1.        ]
2024-09-18 07:51:39,852 INFO =====> Num. aborted data so far: 0
2024-09-18 07:51:40,210 INFO ===> New TaichiEnv created.
2024-09-18 07:51:40,210 INFO ===> Specifications: horizon = 600, dt = 0.01, n_substeps = 20, dt_sub = 0.0005
2024-09-18 07:52:13,795 INFO =====> Epoch: 89
2024-09-18 07:52:13,795 INFO =====> EMD Loss: 27.00727653503418
2024-09-18 07:52:13,795 INFO =====> Height map loss: 28.73509979248047
2024-09-18 07:52:13,795 INFO =====> Grad: [ 1.7552280e-01 -1.2129060e-02 -1.6732463e-09  0.0000000e+00
  0.0000000e+00]
2024-09-18 07:52:13,796 INFO =====> Skill params: [ 0.09116078 -0.6389254  -0.04592437  1.         -1.        ]
2024-09-18 07:52:13,796 INFO =====> Num. aborted data so far: 0
2024-09-18 07:52:14,149 INFO ===> New TaichiEnv created.
2024-09-18 07:52:14,149 INFO ===> Specifications: horizon = 600, dt = 0.01, n_substeps = 20, dt_sub = 0.0005
2024-09-18 07:52:47,205 INFO =====> Epoch: 90
2024-09-18 07:52:47,205 INFO =====> EMD Loss: 27.018247604370117
2024-09-18 07:52:47,205 INFO =====> Height map loss: 28.731185913085938
2024-09-18 07:52:47,205 INFO =====> Grad: [ 2.3456398e-01 -2.8630704e-02  7.9331175e-10  0.0000000e+00
  0.0000000e+00]
2024-09-18 07:52:47,206 INFO =====> Skill params: [ 0.08241968 -0.63708764 -0.04685951  1.         -1.        ]
2024-09-18 07:52:47,206 INFO =====> Num. aborted data so far: 0
2024-09-18 07:52:47,572 INFO ===> New TaichiEnv created.
2024-09-18 07:52:47,572 INFO ===> Specifications: horizon = 600, dt = 0.01, n_substeps = 20, dt_sub = 0.0005
2024-09-18 07:53:20,767 INFO =====> Epoch: 91
2024-09-18 07:53:20,768 INFO =====> EMD Loss: 27.007516860961914
2024-09-18 07:53:20,768 INFO =====> Height map loss: 28.733163833618164
2024-09-18 07:53:20,768 INFO =====> Grad: [ 2.3572963e-01 -2.9856604e-02  1.3616168e-09  0.0000000e+00
  0.0000000e+00]
2024-09-18 07:53:20,768 INFO =====> Skill params: [ 0.0733685  -0.6348092  -0.04799198  1.         -1.        ]
2024-09-18 07:53:20,768 INFO =====> Num. aborted data so far: 0
2024-09-18 07:53:21,129 INFO ===> New TaichiEnv created.
2024-09-18 07:53:21,129 INFO ===> Specifications: horizon = 600, dt = 0.01, n_substeps = 20, dt_sub = 0.0005
2024-09-18 07:53:54,218 INFO =====> Epoch: 92
2024-09-18 07:53:54,219 INFO =====> EMD Loss: 27.005088806152344
2024-09-18 07:53:54,219 INFO =====> Height map loss: 28.731304168701172
2024-09-18 07:53:54,219 INFO =====> Grad: [ 2.3263493e-01 -3.1265788e-02  6.4596817e-10  0.0000000e+00
  0.0000000e+00]
2024-09-18 07:53:54,219 INFO =====> Skill params: [ 0.06404801 -0.6320995  -0.04915046  1.         -1.        ]
2024-09-18 07:53:54,219 INFO =====> Num. aborted data so far: 0
2024-09-18 07:53:54,572 INFO ===> New TaichiEnv created.
2024-09-18 07:53:54,572 INFO ===> Specifications: horizon = 600, dt = 0.01, n_substeps = 20, dt_sub = 0.0005
2024-09-18 07:54:26,946 INFO =====> Epoch: 93
2024-09-18 07:54:26,946 INFO =====> EMD Loss: 27.006589889526367
2024-09-18 07:54:26,946 INFO =====> Height map loss: 28.729782104492188
2024-09-18 07:54:26,946 INFO =====> Grad: [ 2.3415205e-01 -3.2398965e-02 -1.5866143e-09  0.0000000e+00
  0.0000000e+00]
2024-09-18 07:54:26,946 INFO =====> Skill params: [ 0.0544731  -0.62897277 -0.04985604  1.         -1.        ]
2024-09-18 07:54:26,946 INFO =====> Num. aborted data so far: 0
2024-09-18 07:54:27,303 INFO ===> New TaichiEnv created.
2024-09-18 07:54:27,303 INFO ===> Specifications: horizon = 600, dt = 0.01, n_substeps = 20, dt_sub = 0.0005
2024-09-18 07:54:59,656 INFO =====> Epoch: 94
2024-09-18 07:54:59,656 INFO =====> EMD Loss: 27.04058837890625
2024-09-18 07:54:59,656 INFO =====> Height map loss: 28.705461502075195
2024-09-18 07:54:59,656 INFO =====> Grad: [ 2.3585474e-01 -3.4705307e-02 -1.9605324e-09  0.0000000e+00
  0.0000000e+00]
2024-09-18 07:54:59,656 INFO =====> Skill params: [ 0.04465637 -0.62541705 -0.0500731   1.         -1.        ]
2024-09-18 07:54:59,656 INFO =====> Num. aborted data so far: 0
2024-09-18 07:55:00,024 INFO ===> New TaichiEnv created.
2024-09-18 07:55:00,024 INFO ===> Specifications: horizon = 600, dt = 0.01, n_substeps = 20, dt_sub = 0.0005
2024-09-18 07:55:32,646 INFO =====> Epoch: 95
2024-09-18 07:55:32,646 INFO =====> EMD Loss: 27.049053192138672
2024-09-18 07:55:32,646 INFO =====> Height map loss: 28.702739715576172
2024-09-18 07:55:32,646 INFO =====> Grad: [ 2.3775612e-01 -3.5787053e-02  2.6673079e-09  0.0000000e+00
  0.0000000e+00]
2024-09-18 07:55:32,646 INFO =====> Skill params: [ 0.03460827 -0.621447   -0.05083883  1.         -1.        ]
2024-09-18 07:55:32,646 INFO =====> Num. aborted data so far: 0
2024-09-18 07:55:33,034 INFO ===> New TaichiEnv created.
2024-09-18 07:55:33,035 INFO ===> Specifications: horizon = 600, dt = 0.01, n_substeps = 20, dt_sub = 0.0005
2024-09-18 07:56:05,351 INFO =====> Epoch: 96
2024-09-18 07:56:05,351 INFO =====> EMD Loss: 27.03813934326172
2024-09-18 07:56:05,351 INFO =====> Height map loss: 28.70769691467285
2024-09-18 07:56:05,351 INFO =====> Grad: [ 2.3530559e-01 -3.6946140e-02  2.2864373e-09  0.0000000e+00
  0.0000000e+00]
2024-09-18 07:56:05,351 INFO =====> Skill params: [ 0.0243593  -0.61707413 -0.05201802  1.         -1.        ]
2024-09-18 07:56:05,351 INFO =====> Num. aborted data so far: 0
2024-09-18 07:56:05,706 INFO ===> New TaichiEnv created.
2024-09-18 07:56:05,706 INFO ===> Specifications: horizon = 600, dt = 0.01, n_substeps = 20, dt_sub = 0.0005
2024-09-18 07:56:37,668 INFO =====> Epoch: 97
2024-09-18 07:56:37,668 INFO =====> EMD Loss: 27.0432071685791
2024-09-18 07:56:37,668 INFO =====> Height map loss: 28.71164894104004
2024-09-18 07:56:37,668 INFO =====> Grad: [ 2.3756880e-01 -3.9192807e-02 -6.5853967e-10  0.0000000e+00
  0.0000000e+00]
2024-09-18 07:56:37,668 INFO =====> Skill params: [ 0.01391423 -0.6122855  -0.05293974  1.         -1.        ]
2024-09-18 07:56:37,668 INFO =====> Num. aborted data so far: 0
2024-09-18 07:56:38,025 INFO ===> New TaichiEnv created.
2024-09-18 07:56:38,025 INFO ===> Specifications: horizon = 600, dt = 0.01, n_substeps = 20, dt_sub = 0.0005
2024-09-18 07:57:10,164 INFO =====> Epoch: 98
2024-09-18 07:57:10,164 INFO =====> EMD Loss: 27.02043914794922
2024-09-18 07:57:10,164 INFO =====> Height map loss: 28.711994171142578
2024-09-18 07:57:10,164 INFO =====> Grad: [ 2.3543602e-01 -4.0217742e-02 -1.0461846e-09  0.0000000e+00
  0.0000000e+00]
2024-09-18 07:57:10,164 INFO =====> Skill params: [ 0.00329876 -0.6070952  -0.05354593  1.         -1.        ]
2024-09-18 07:57:10,164 INFO =====> Num. aborted data so far: 0
2024-09-18 07:57:10,524 INFO ===> New TaichiEnv created.
2024-09-18 07:57:10,524 INFO ===> Specifications: horizon = 600, dt = 0.01, n_substeps = 20, dt_sub = 0.0005
2024-09-18 07:57:42,791 INFO =====> Epoch: 99
2024-09-18 07:57:42,791 INFO =====> EMD Loss: 27.01922607421875
2024-09-18 07:57:42,791 INFO =====> Height map loss: 28.720495223999023
2024-09-18 07:57:42,791 INFO =====> Grad: [ 2.3808424e-01 -4.2431161e-02 -1.3793566e-09  0.0000000e+00
  0.0000000e+00]
2024-09-18 07:57:42,791 INFO =====> Skill params: [-0.00748712 -0.60149044 -0.05379577  1.         -1.        ]
2024-09-18 07:57:42,791 INFO =====> Num. aborted data so far: 0
2024-09-18 07:57:43,299 INFO ===> New TaichiEnv created.
2024-09-18 07:57:43,299 INFO ===> Specifications: horizon = 600, dt = 0.01, n_substeps = 20, dt_sub = 0.0005
2024-09-18 07:58:16,360 INFO =====> Epoch: 100
2024-09-18 07:58:16,360 INFO =====> EMD Loss: 27.0097599029541
2024-09-18 07:58:16,360 INFO =====> Height map loss: 28.722440719604492
2024-09-18 07:58:16,360 INFO =====> Grad: [ 7.1158903e-03 -4.3315683e-02  5.5371679e-10  0.0000000e+00
  0.0000000e+00]
2024-09-18 07:58:16,360 INFO =====> Skill params: [-0.0172813  -0.59548783 -0.05414013  1.         -1.        ]
2024-09-18 07:58:16,360 INFO =====> Num. aborted data so far: 0
2024-09-18 07:58:16,737 INFO ===> New TaichiEnv created.
2024-09-18 07:58:16,737 INFO ===> Specifications: horizon = 600, dt = 0.01, n_substeps = 20, dt_sub = 0.0005
2024-09-18 07:58:48,837 INFO =====> Epoch: 101
2024-09-18 07:58:48,837 INFO =====> EMD Loss: 27.009126663208008
2024-09-18 07:58:48,837 INFO =====> Height map loss: 28.71709632873535
2024-09-18 07:58:48,837 INFO =====> Grad: [ 6.5765888e-03 -4.5270376e-02  4.4622317e-10  0.0000000e+00
  0.0000000e+00]
2024-09-18 07:58:48,837 INFO =====> Skill params: [-0.0261753  -0.58907926 -0.05454668  1.         -1.        ]
2024-09-18 07:58:48,837 INFO =====> Num. aborted data so far: 0
2024-09-18 07:58:49,199 INFO ===> New TaichiEnv created.
2024-09-18 07:58:49,199 INFO ===> Specifications: horizon = 600, dt = 0.01, n_substeps = 20, dt_sub = 0.0005
2024-09-18 07:59:20,588 INFO =====> Epoch: 102
2024-09-18 07:59:20,588 INFO =====> EMD Loss: 27.00955581665039
2024-09-18 07:59:20,588 INFO =====> Height map loss: 28.714590072631836
2024-09-18 07:59:20,588 INFO =====> Grad: [ 6.7767864e-03 -4.6927739e-02 -3.9138497e-09  0.0000000e+00
  0.0000000e+00]
2024-09-18 07:59:20,588 INFO =====> Skill params: [-0.03425574 -0.58226365 -0.05406901  1.         -1.        ]
2024-09-18 07:59:20,588 INFO =====> Num. aborted data so far: 0
2024-09-18 07:59:20,947 INFO ===> New TaichiEnv created.
2024-09-18 07:59:20,947 INFO ===> Specifications: horizon = 600, dt = 0.01, n_substeps = 20, dt_sub = 0.0005
2024-09-18 07:59:52,133 INFO =====> Epoch: 103
2024-09-18 07:59:52,133 INFO =====> EMD Loss: 27.008872985839844
2024-09-18 07:59:52,133 INFO =====> Height map loss: 28.724853515625
2024-09-18 07:59:52,133 INFO =====> Grad: [ 7.0119458e-03 -4.6924796e-02 -3.6182179e-10  0.0000000e+00
  0.0000000e+00]
2024-09-18 07:59:52,133 INFO =====> Skill params: [-0.04160124 -0.57507575 -0.05356041  1.         -1.        ]
2024-09-18 07:59:52,133 INFO =====> Num. aborted data so far: 0
2024-09-18 07:59:52,517 INFO ===> New TaichiEnv created.
2024-09-18 07:59:52,517 INFO ===> Specifications: horizon = 600, dt = 0.01, n_substeps = 20, dt_sub = 0.0005
2024-09-18 08:00:23,642 INFO =====> Epoch: 104
2024-09-18 08:00:23,642 INFO =====> EMD Loss: 27.020587921142578
2024-09-18 08:00:23,642 INFO =====> Height map loss: 28.709579467773438
2024-09-18 08:00:23,643 INFO =====> Grad: [ 6.6008135e-03 -4.8213709e-02 -5.3821503e-10  0.0000000e+00
  0.0000000e+00]
2024-09-18 08:00:23,643 INFO =====> Skill params: [-0.0482797  -0.56751895 -0.05298571  1.         -1.        ]
2024-09-18 08:00:23,643 INFO =====> Num. aborted data so far: 0
2024-09-18 08:00:24,026 INFO ===> New TaichiEnv created.
2024-09-18 08:00:24,026 INFO ===> Specifications: horizon = 600, dt = 0.01, n_substeps = 20, dt_sub = 0.0005
2024-09-18 08:00:54,616 INFO =====> Epoch: 105
2024-09-18 08:00:54,616 INFO =====> EMD Loss: 27.026309967041016
2024-09-18 08:00:54,616 INFO =====> Height map loss: 28.717649459838867
2024-09-18 08:00:54,616 INFO =====> Grad: [ 6.9081536e-03 -4.9150962e-02 -2.1147102e-09  0.0000000e+00
  0.0000000e+00]
2024-09-18 08:00:54,616 INFO =====> Skill params: [-0.05435627 -0.55960387 -0.05201047  1.         -1.        ]
2024-09-18 08:00:54,616 INFO =====> Num. aborted data so far: 0
2024-09-18 08:00:55,010 INFO ===> New TaichiEnv created.
2024-09-18 08:00:55,010 INFO ===> Specifications: horizon = 600, dt = 0.01, n_substeps = 20, dt_sub = 0.0005
2024-09-18 08:01:25,749 INFO =====> Epoch: 106
2024-09-18 08:01:25,750 INFO =====> EMD Loss: 27.026460647583008
2024-09-18 08:01:25,750 INFO =====> Height map loss: 28.71794319152832
2024-09-18 08:01:25,750 INFO =====> Grad: [ 7.2391941e-03 -4.9871273e-02 -2.3556193e-09  0.0000000e+00
  0.0000000e+00]
2024-09-18 08:01:25,750 INFO =====> Skill params: [-0.0598901  -0.55134475 -0.05062192  1.         -1.        ]
2024-09-18 08:01:25,750 INFO =====> Num. aborted data so far: 0
2024-09-18 08:01:26,113 INFO ===> New TaichiEnv created.
2024-09-18 08:01:26,113 INFO ===> Specifications: horizon = 600, dt = 0.01, n_substeps = 20, dt_sub = 0.0005
2024-09-18 08:01:55,753 INFO =====> Epoch: 107
2024-09-18 08:01:55,753 INFO =====> EMD Loss: 27.0253849029541
2024-09-18 08:01:55,753 INFO =====> Height map loss: 28.710920333862305
2024-09-18 08:01:55,753 INFO =====> Grad: [ 7.5895465e-03 -4.8813906e-02  2.1153077e-09  0.0000000e+00
  0.0000000e+00]
2024-09-18 08:01:55,753 INFO =====> Skill params: [-0.06493484 -0.54279363 -0.04982951  1.         -1.        ]
2024-09-18 08:01:55,753 INFO =====> Num. aborted data so far: 0
2024-09-18 08:01:56,115 INFO ===> New TaichiEnv created.
2024-09-18 08:01:56,115 INFO ===> Specifications: horizon = 600, dt = 0.01, n_substeps = 20, dt_sub = 0.0005
2024-09-18 08:02:25,440 INFO =====> Epoch: 108
2024-09-18 08:02:25,440 INFO =====> EMD Loss: 27.037256240844727
2024-09-18 08:02:25,440 INFO =====> Height map loss: 28.708799362182617
2024-09-18 08:02:25,441 INFO =====> Grad: [ 7.9580462e-03 -4.9083233e-02  1.2581634e-09  0.0000000e+00
  0.0000000e+00]
2024-09-18 08:02:25,441 INFO =====> Skill params: [-0.06953918 -0.5339683  -0.04938851  1.         -1.        ]
2024-09-18 08:02:25,441 INFO =====> Num. aborted data so far: 0
2024-09-18 08:02:25,796 INFO ===> New TaichiEnv created.
2024-09-18 08:02:25,796 INFO ===> Specifications: horizon = 600, dt = 0.01, n_substeps = 20, dt_sub = 0.0005
2024-09-18 08:02:54,942 INFO =====> Epoch: 109
2024-09-18 08:02:54,942 INFO =====> EMD Loss: 27.038198471069336
2024-09-18 08:02:54,942 INFO =====> Height map loss: 28.709178924560547
2024-09-18 08:02:54,943 INFO =====> Grad: [ 8.341123e-03 -4.916294e-02 -5.906288e-10  0.000000e+00  0.000000e+00]
2024-09-18 08:02:54,943 INFO =====> Skill params: [-0.07374729 -0.52488923 -0.04886275  1.         -1.        ]
2024-09-18 08:02:54,943 INFO =====> Num. aborted data so far: 0
2024-09-18 08:02:55,296 INFO ===> New TaichiEnv created.
2024-09-18 08:02:55,296 INFO ===> Specifications: horizon = 600, dt = 0.01, n_substeps = 20, dt_sub = 0.0005
2024-09-18 08:03:24,170 INFO =====> Epoch: 110
2024-09-18 08:03:24,170 INFO =====> EMD Loss: 27.037227630615234
2024-09-18 08:03:24,170 INFO =====> Height map loss: 28.705829620361328
2024-09-18 08:03:24,171 INFO =====> Grad: [ 8.7366225e-03 -4.9058385e-02  4.5724886e-09  0.0000000e+00
  0.0000000e+00]
2024-09-18 08:03:24,171 INFO =====> Skill params: [-0.07759923 -0.5155788  -0.04938278  1.         -1.        ]
2024-09-18 08:03:24,171 INFO =====> Num. aborted data so far: 0
2024-09-18 08:03:24,534 INFO ===> New TaichiEnv created.
2024-09-18 08:03:24,534 INFO ===> Specifications: horizon = 600, dt = 0.01, n_substeps = 20, dt_sub = 0.0005
2024-09-18 08:03:53,867 INFO =====> Epoch: 111
2024-09-18 08:03:53,867 INFO =====> EMD Loss: 27.037500381469727
2024-09-18 08:03:53,867 INFO =====> Height map loss: 28.708709716796875
2024-09-18 08:03:53,867 INFO =====> Grad: [ 8.5235797e-03 -4.9129300e-02 -1.3233062e-10  0.0000000e+00
  0.0000000e+00]
2024-09-18 08:03:53,867 INFO =====> Skill params: [-0.08112801 -0.50605357 -0.04982265  1.         -1.        ]
2024-09-18 08:03:53,867 INFO =====> Num. aborted data so far: 0
2024-09-18 08:03:54,241 INFO ===> New TaichiEnv created.
2024-09-18 08:03:54,241 INFO ===> Specifications: horizon = 600, dt = 0.01, n_substeps = 20, dt_sub = 0.0005
2024-09-18 08:04:23,154 INFO =====> Epoch: 112
2024-09-18 08:04:23,154 INFO =====> EMD Loss: 27.0373477935791
2024-09-18 08:04:23,154 INFO =====> Height map loss: 28.69524383544922
2024-09-18 08:04:23,154 INFO =====> Grad: [ 8.9503443e-03 -4.8698373e-02 -3.1328424e-09  0.0000000e+00
  0.0000000e+00]
2024-09-18 08:04:23,154 INFO =====> Skill params: [-0.08436695 -0.49633974 -0.04953722  1.         -1.        ]
2024-09-18 08:04:23,154 INFO =====> Num. aborted data so far: 0
2024-09-18 08:04:23,529 INFO ===> New TaichiEnv created.
2024-09-18 08:04:23,529 INFO ===> Specifications: horizon = 600, dt = 0.01, n_substeps = 20, dt_sub = 0.0005
2024-09-18 08:04:52,101 INFO =====> Epoch: 113
2024-09-18 08:04:52,102 INFO =====> EMD Loss: 27.03710174560547
2024-09-18 08:04:52,102 INFO =====> Height map loss: 28.695846557617188
2024-09-18 08:04:52,102 INFO =====> Grad: [ 9.3837520e-03 -4.8095834e-02  1.2064547e-09  0.0000000e+00
  0.0000000e+00]
2024-09-18 08:04:52,102 INFO =====> Skill params: [-0.08734627 -0.48646495 -0.04954277  1.         -1.        ]
2024-09-18 08:04:52,102 INFO =====> Num. aborted data so far: 0
2024-09-18 08:04:52,543 INFO ===> New TaichiEnv created.
2024-09-18 08:04:52,543 INFO ===> Specifications: horizon = 600, dt = 0.01, n_substeps = 20, dt_sub = 0.0005
2024-09-18 08:05:20,705 INFO =====> Epoch: 114
2024-09-18 08:05:20,705 INFO =====> EMD Loss: 27.030393600463867
2024-09-18 08:05:20,705 INFO =====> Height map loss: 28.687490463256836
2024-09-18 08:05:20,706 INFO =====> Grad: [ 9.8211374e-03 -4.7326405e-02  2.8850722e-09  0.0000000e+00
  0.0000000e+00]
2024-09-18 08:05:20,706 INFO =====> Skill params: [-0.09009333 -0.47645807 -0.0501764   1.         -1.        ]
2024-09-18 08:05:20,706 INFO =====> Num. aborted data so far: 0
2024-09-18 08:05:21,069 INFO ===> New TaichiEnv created.
2024-09-18 08:05:21,070 INFO ===> Specifications: horizon = 600, dt = 0.01, n_substeps = 20, dt_sub = 0.0005
2024-09-18 08:05:49,071 INFO =====> Epoch: 115
2024-09-18 08:05:49,072 INFO =====> EMD Loss: 27.015981674194336
2024-09-18 08:05:49,072 INFO =====> Height map loss: 28.668712615966797
2024-09-18 08:05:49,072 INFO =====> Grad: [ 1.0261502e-02 -4.6395421e-02  2.8744653e-09  0.0000000e+00
  0.0000000e+00]
2024-09-18 08:05:49,072 INFO =====> Skill params: [-0.09263294 -0.466349   -0.05137361  1.         -1.        ]
2024-09-18 08:05:49,072 INFO =====> Num. aborted data so far: 0
2024-09-18 08:05:49,444 INFO ===> New TaichiEnv created.
2024-09-18 08:05:49,445 INFO ===> Specifications: horizon = 600, dt = 0.01, n_substeps = 20, dt_sub = 0.0005
2024-09-18 08:06:16,442 INFO =====> Epoch: 116
2024-09-18 08:06:16,442 INFO =====> EMD Loss: 27.009912490844727
2024-09-18 08:06:16,442 INFO =====> Height map loss: 28.658153533935547
2024-09-18 08:06:16,443 INFO =====> Grad: [ 1.0702268e-02 -4.5308679e-02  7.9640705e-10  0.0000000e+00
  0.0000000e+00]
2024-09-18 08:06:16,443 INFO =====> Skill params: [-0.09498757 -0.45616853 -0.05262621  1.         -1.        ]
2024-09-18 08:06:16,443 INFO =====> Num. aborted data so far: 0
2024-09-18 08:06:16,816 INFO ===> New TaichiEnv created.
2024-09-18 08:06:16,816 INFO ===> Specifications: horizon = 600, dt = 0.01, n_substeps = 20, dt_sub = 0.0005
2024-09-18 08:06:43,827 INFO =====> Epoch: 117
2024-09-18 08:06:43,828 INFO =====> EMD Loss: 27.00684928894043
2024-09-18 08:06:43,828 INFO =====> Height map loss: 28.62111473083496
2024-09-18 08:06:43,828 INFO =====> Grad: [ 1.1142146e-02 -4.4072762e-02 -1.6191251e-10  0.0000000e+00
  0.0000000e+00]
2024-09-18 08:06:43,828 INFO =====> Skill params: [-0.09717757 -0.44594803 -0.05371955  1.         -1.        ]
2024-09-18 08:06:43,828 INFO =====> Num. aborted data so far: 0
2024-09-18 08:06:44,219 INFO ===> New TaichiEnv created.
2024-09-18 08:06:44,219 INFO ===> Specifications: horizon = 600, dt = 0.01, n_substeps = 20, dt_sub = 0.0005
2024-09-18 08:07:10,680 INFO =====> Epoch: 118
2024-09-18 08:07:10,680 INFO =====> EMD Loss: 26.993791580200195
2024-09-18 08:07:10,680 INFO =====> Height map loss: 28.612506866455078
2024-09-18 08:07:10,680 INFO =====> Grad: [ 1.1578822e-02 -4.2695768e-02 -4.4966653e-09  0.0000000e+00
  0.0000000e+00]
2024-09-18 08:07:10,680 INFO =====> Skill params: [-0.09922135 -0.4357194  -0.05372089  1.         -1.        ]
2024-09-18 08:07:10,680 INFO =====> Num. aborted data so far: 0
2024-09-18 08:07:11,066 INFO ===> New TaichiEnv created.
2024-09-18 08:07:11,066 INFO ===> Specifications: horizon = 600, dt = 0.01, n_substeps = 20, dt_sub = 0.0005
2024-09-18 08:07:36,837 INFO =====> Epoch: 119
2024-09-18 08:07:36,838 INFO =====> EMD Loss: 26.968544006347656
2024-09-18 08:07:36,838 INFO =====> Height map loss: 28.586641311645508
2024-09-18 08:07:36,838 INFO =====> Grad: [ 1.2010677e-02 -4.1186240e-02 -4.2034394e-09  0.0000000e+00
  0.0000000e+00]
2024-09-18 08:07:36,838 INFO =====> Skill params: [-0.10113554 -0.4255147  -0.05280431  1.         -1.        ]
2024-09-18 08:07:36,838 INFO =====> Num. aborted data so far: 0
2024-09-18 08:07:37,230 INFO ===> New TaichiEnv created.
2024-09-18 08:07:37,230 INFO ===> Specifications: horizon = 600, dt = 0.01, n_substeps = 20, dt_sub = 0.0005
2024-09-18 08:08:03,493 INFO =====> Epoch: 120
2024-09-18 08:08:03,493 INFO =====> EMD Loss: 27.021955490112305
2024-09-18 08:08:03,493 INFO =====> Height map loss: 28.57333755493164
2024-09-18 08:08:03,493 INFO =====> Grad: [ 1.2435580e-02 -3.9555166e-02  6.6554158e-09  0.0000000e+00
  0.0000000e+00]
2024-09-18 08:08:03,493 INFO =====> Skill params: [-0.1029352  -0.41536602 -0.05343093  1.         -1.        ]
2024-09-18 08:08:03,493 INFO =====> Num. aborted data so far: 0
2024-09-18 08:08:03,888 INFO ===> New TaichiEnv created.
2024-09-18 08:08:03,888 INFO ===> Specifications: horizon = 600, dt = 0.01, n_substeps = 20, dt_sub = 0.0005
2024-09-18 08:08:29,310 INFO =====> Epoch: 121
2024-09-18 08:08:29,310 INFO =====> EMD Loss: 27.027719497680664
2024-09-18 08:08:29,310 INFO =====> Height map loss: 28.502206802368164
2024-09-18 08:08:29,310 INFO =====> Grad: [ 1.2851848e-02 -3.7815120e-02 -9.9612696e-10  0.0000000e+00
  0.0000000e+00]
2024-09-18 08:08:29,310 INFO =====> Skill params: [-0.1046339  -0.40530524 -0.05377833  1.         -1.        ]
2024-09-18 08:08:29,310 INFO =====> Num. aborted data so far: 0
2024-09-18 08:08:29,692 INFO ===> New TaichiEnv created.
2024-09-18 08:08:29,693 INFO ===> Specifications: horizon = 600, dt = 0.01, n_substeps = 20, dt_sub = 0.0005
2024-09-18 08:08:54,612 INFO =====> Epoch: 122
2024-09-18 08:08:54,612 INFO =====> EMD Loss: 27.01224136352539
2024-09-18 08:08:54,612 INFO =====> Height map loss: 28.502483367919922
2024-09-18 08:08:54,612 INFO =====> Grad: [ 1.3257421e-02 -3.5980336e-02 -3.6407846e-09  0.0000000e+00
  0.0000000e+00]
2024-09-18 08:08:54,612 INFO =====> Skill params: [-0.10624386 -0.3953637  -0.05329719  1.         -1.        ]
2024-09-18 08:08:54,612 INFO =====> Num. aborted data so far: 0
2024-09-18 08:08:54,980 INFO ===> New TaichiEnv created.
2024-09-18 08:08:54,980 INFO ===> Specifications: horizon = 600, dt = 0.01, n_substeps = 20, dt_sub = 0.0005
2024-09-18 08:09:19,888 INFO =====> Epoch: 123
2024-09-18 08:09:19,888 INFO =====> EMD Loss: 26.997652053833008
2024-09-18 08:09:19,888 INFO =====> Height map loss: 28.476848602294922
2024-09-18 08:09:19,889 INFO =====> Grad: [ 1.3649947e-02 -3.4067672e-02 -3.3731771e-09  0.0000000e+00
  0.0000000e+00]
2024-09-18 08:09:19,889 INFO =====> Skill params: [-0.10777612 -0.3855718  -0.05212841  1.         -1.        ]
2024-09-18 08:09:19,889 INFO =====> Num. aborted data so far: 0
2024-09-18 08:09:20,255 INFO ===> New TaichiEnv created.
2024-09-18 08:09:20,255 INFO ===> Specifications: horizon = 600, dt = 0.01, n_substeps = 20, dt_sub = 0.0005
2024-09-18 08:09:44,600 INFO =====> Epoch: 124
2024-09-18 08:09:44,600 INFO =====> EMD Loss: 26.96123504638672
2024-09-18 08:09:44,600 INFO =====> Height map loss: 28.456729888916016
2024-09-18 08:09:44,600 INFO =====> Grad: [ 1.4026985e-02 -3.2096341e-02  2.8920324e-09  0.0000000e+00
  0.0000000e+00]
2024-09-18 08:09:44,600 INFO =====> Skill params: [-0.10924055 -0.37595892 -0.05170703  1.         -1.        ]
2024-09-18 08:09:44,600 INFO =====> Num. aborted data so far: 0
2024-09-18 08:09:44,974 INFO ===> New TaichiEnv created.
2024-09-18 08:09:44,974 INFO ===> Specifications: horizon = 600, dt = 0.01, n_substeps = 20, dt_sub = 0.0005
2024-09-18 08:10:10,413 INFO =====> Epoch: 125
2024-09-18 08:10:10,413 INFO =====> EMD Loss: 26.93885040283203
2024-09-18 08:10:10,413 INFO =====> Height map loss: 28.416032791137695
2024-09-18 08:10:10,413 INFO =====> Grad: [ 1.4386434e-02 -3.0087952e-02  4.6763269e-09  0.0000000e+00
  0.0000000e+00]
2024-09-18 08:10:10,413 INFO =====> Skill params: [-0.11064603 -0.36655274 -0.05234771  1.         -1.        ]
2024-09-18 08:10:10,413 INFO =====> Num. aborted data so far: 0
2024-09-18 08:10:10,779 INFO ===> New TaichiEnv created.
2024-09-18 08:10:10,779 INFO ===> Specifications: horizon = 600, dt = 0.01, n_substeps = 20, dt_sub = 0.0005
2024-09-18 08:10:35,035 INFO =====> Epoch: 126
2024-09-18 08:10:35,035 INFO =====> EMD Loss: 26.891916275024414
2024-09-18 08:10:35,035 INFO =====> Height map loss: 28.424753189086914
2024-09-18 08:10:35,035 INFO =====> Grad: [ 1.4726031e-02 -2.8066400e-02  1.7494572e-10  0.0000000e+00
  0.0000000e+00]
2024-09-18 08:10:35,035 INFO =====> Skill params: [-0.11200047 -0.35737905 -0.05296317  1.         -1.        ]
2024-09-18 08:10:35,035 INFO =====> Num. aborted data so far: 0
2024-09-18 08:10:35,391 INFO ===> New TaichiEnv created.
2024-09-18 08:10:35,391 INFO ===> Specifications: horizon = 600, dt = 0.01, n_substeps = 20, dt_sub = 0.0005
2024-09-18 08:10:59,030 INFO =====> Epoch: 127
2024-09-18 08:10:59,031 INFO =====> EMD Loss: 26.938222885131836
2024-09-18 08:10:59,031 INFO =====> Height map loss: 28.384836196899414
2024-09-18 08:10:59,031 INFO =====> Grad: [ 1.50434505e-02 -2.60581113e-02  1.14714505e-09  0.00000000e+00
  0.00000000e+00]
2024-09-18 08:10:59,031 INFO =====> Skill params: [-0.1133109  -0.34846115 -0.05376834  1.         -1.        ]
2024-09-18 08:10:59,031 INFO =====> Num. aborted data so far: 0
2024-09-18 08:10:59,386 INFO ===> New TaichiEnv created.
2024-09-18 08:10:59,386 INFO ===> Specifications: horizon = 600, dt = 0.01, n_substeps = 20, dt_sub = 0.0005
2024-09-18 08:11:23,794 INFO =====> Epoch: 128
2024-09-18 08:11:23,794 INFO =====> EMD Loss: 26.858457565307617
2024-09-18 08:11:23,794 INFO =====> Height map loss: 28.33538246154785
2024-09-18 08:11:23,794 INFO =====> Grad: [ 1.5336935e-02 -2.4091488e-02  3.9839629e-09  0.0000000e+00
  0.0000000e+00]
2024-09-18 08:11:23,794 INFO =====> Skill params: [-0.1145836  -0.33981955 -0.05536335  1.         -1.        ]
2024-09-18 08:11:23,794 INFO =====> Num. aborted data so far: 0
2024-09-18 08:11:24,157 INFO ===> New TaichiEnv created.
2024-09-18 08:11:24,157 INFO ===> Specifications: horizon = 600, dt = 0.01, n_substeps = 20, dt_sub = 0.0005
2024-09-18 08:11:47,615 INFO =====> Epoch: 129
2024-09-18 08:11:47,615 INFO =====> EMD Loss: 26.871883392333984
2024-09-18 08:11:47,615 INFO =====> Height map loss: 28.307315826416016
2024-09-18 08:11:47,615 INFO =====> Grad: [ 1.5603417e-02 -2.2196485e-02  3.7952339e-09  0.0000000e+00
  0.0000000e+00]
2024-09-18 08:11:47,615 INFO =====> Skill params: [-0.11582405 -0.3314714  -0.05762799  1.         -1.        ]
2024-09-18 08:11:47,615 INFO =====> Num. aborted data so far: 0
2024-09-18 08:11:47,970 INFO ===> New TaichiEnv created.
2024-09-18 08:11:47,970 INFO ===> Specifications: horizon = 600, dt = 0.01, n_substeps = 20, dt_sub = 0.0005
2024-09-18 08:12:10,262 INFO =====> Epoch: 130
2024-09-18 08:12:10,262 INFO =====> EMD Loss: 26.846677780151367
2024-09-18 08:12:10,262 INFO =====> Height map loss: 28.299978256225586
2024-09-18 08:12:10,262 INFO =====> Grad: [ 1.5838098e-02 -1.6045652e-02  4.6467363e-10  0.0000000e+00
  0.0000000e+00]
2024-09-18 08:12:10,262 INFO =====> Skill params: [-0.11703707 -0.32353616 -0.05977003  1.         -1.        ]
2024-09-18 08:12:10,262 INFO =====> Num. aborted data so far: 0
2024-09-18 08:12:10,620 INFO ===> New TaichiEnv created.
2024-09-18 08:12:10,620 INFO ===> Specifications: horizon = 600, dt = 0.01, n_substeps = 20, dt_sub = 0.0005
2024-09-18 08:12:32,495 INFO =====> Epoch: 131
2024-09-18 08:12:32,496 INFO =====> EMD Loss: 26.8720760345459
2024-09-18 08:12:32,496 INFO =====> Height map loss: 28.2794132232666
2024-09-18 08:12:32,496 INFO =====> Grad: [ 1.6044721e-02 -1.4239299e-02 -1.6983022e-09  0.0000000e+00
  0.0000000e+00]
2024-09-18 08:12:32,496 INFO =====> Skill params: [-0.11822683 -0.3160168  -0.06132776  1.         -1.        ]
2024-09-18 08:12:32,496 INFO =====> Num. aborted data so far: 0
2024-09-18 08:12:32,875 INFO ===> New TaichiEnv created.
2024-09-18 08:12:32,876 INFO ===> Specifications: horizon = 600, dt = 0.01, n_substeps = 20, dt_sub = 0.0005
2024-09-18 08:12:54,907 INFO =====> Epoch: 132
2024-09-18 08:12:54,907 INFO =====> EMD Loss: 26.863224029541016
2024-09-18 08:12:54,907 INFO =====> Height map loss: 28.2884464263916
2024-09-18 08:12:54,907 INFO =====> Grad: [ 1.5961232e-02 -1.4096250e-02 -3.6242140e-09  0.0000000e+00
  0.0000000e+00]
2024-09-18 08:12:54,907 INFO =====> Skill params: [-0.11939545 -0.30887556 -0.06193636  1.         -1.        ]
2024-09-18 08:12:54,908 INFO =====> Num. aborted data so far: 0
2024-09-18 08:12:55,271 INFO ===> New TaichiEnv created.
2024-09-18 08:12:55,271 INFO ===> Specifications: horizon = 600, dt = 0.01, n_substeps = 20, dt_sub = 0.0005
2024-09-18 08:13:17,311 INFO =====> Epoch: 133
2024-09-18 08:13:17,311 INFO =====> EMD Loss: 26.840167999267578
2024-09-18 08:13:17,311 INFO =====> Height map loss: 28.290433883666992
2024-09-18 08:13:17,311 INFO =====> Grad: [ 1.61288735e-02 -1.28444135e-02  2.25435848e-09  0.00000000e+00
  0.00000000e+00]
2024-09-18 08:13:17,312 INFO =====> Skill params: [-0.12054628 -0.30210567 -0.06297833  1.         -1.        ]
2024-09-18 08:13:17,312 INFO =====> Num. aborted data so far: 0
2024-09-18 08:13:17,666 INFO ===> New TaichiEnv created.
2024-09-18 08:13:17,666 INFO ===> Specifications: horizon = 600, dt = 0.01, n_substeps = 20, dt_sub = 0.0005
2024-09-18 08:13:39,467 INFO =====> Epoch: 134
2024-09-18 08:13:39,467 INFO =====> EMD Loss: 26.85300636291504
2024-09-18 08:13:39,467 INFO =====> Height map loss: 28.30305290222168
2024-09-18 08:13:39,467 INFO =====> Grad: [ 1.6258884e-02 -6.6076638e-03 -3.8554995e-09  0.0000000e+00
  0.0000000e+00]
2024-09-18 08:13:39,467 INFO =====> Skill params: [-0.12168216 -0.2958247  -0.06307147  1.         -1.        ]
2024-09-18 08:13:39,467 INFO =====> Num. aborted data so far: 0
2024-09-18 08:13:39,831 INFO ===> New TaichiEnv created.
2024-09-18 08:13:39,831 INFO ===> Specifications: horizon = 600, dt = 0.01, n_substeps = 20, dt_sub = 0.0005
2024-09-18 08:14:01,287 INFO =====> Epoch: 135
2024-09-18 08:14:01,287 INFO =====> EMD Loss: 26.83559799194336
2024-09-18 08:14:01,287 INFO =====> Height map loss: 28.344579696655273
2024-09-18 08:14:01,288 INFO =====> Grad: [ 1.6140508e-02 -7.4566668e-03 -4.1360215e-10  0.0000000e+00
  0.0000000e+00]
2024-09-18 08:14:01,288 INFO =====> Skill params: [-0.12280418 -0.2899639  -0.06306469  1.         -1.        ]
2024-09-18 08:14:01,288 INFO =====> Num. aborted data so far: 0
2024-09-18 08:14:01,643 INFO ===> New TaichiEnv created.
2024-09-18 08:14:01,643 INFO ===> Specifications: horizon = 600, dt = 0.01, n_substeps = 20, dt_sub = 0.0005
2024-09-18 08:14:24,157 INFO =====> Epoch: 136
2024-09-18 08:14:24,157 INFO =====> EMD Loss: 26.800981521606445
2024-09-18 08:14:24,157 INFO =====> Height map loss: 28.344799041748047
2024-09-18 08:14:24,157 INFO =====> Grad: [ 1.6233535e-02 -7.0791533e-03  1.5185910e-09  0.0000000e+00
  0.0000000e+00]
2024-09-18 08:14:24,158 INFO =====> Skill params: [-0.12391457 -0.2844916  -0.06339188  1.         -1.        ]
2024-09-18 08:14:24,158 INFO =====> Num. aborted data so far: 0
2024-09-18 08:14:24,525 INFO ===> New TaichiEnv created.
2024-09-18 08:14:24,525 INFO ===> Specifications: horizon = 600, dt = 0.01, n_substeps = 20, dt_sub = 0.0005
2024-09-18 08:14:45,764 INFO =====> Epoch: 137
2024-09-18 08:14:45,764 INFO =====> EMD Loss: 26.76820182800293
2024-09-18 08:14:45,764 INFO =====> Height map loss: 28.312427520751953
2024-09-18 08:14:45,764 INFO =====> Grad: [ 1.6287839e-02 -1.1455771e-03 -2.9494533e-09  0.0000000e+00
  0.0000000e+00]
2024-09-18 08:14:45,764 INFO =====> Skill params: [-0.12501514 -0.27951857 -0.06303889  1.         -1.        ]
2024-09-18 08:14:45,764 INFO =====> Num. aborted data so far: 0
2024-09-18 08:14:46,141 INFO ===> New TaichiEnv created.
2024-09-18 08:14:46,142 INFO ===> Specifications: horizon = 600, dt = 0.01, n_substeps = 20, dt_sub = 0.0005
2024-09-18 08:15:07,638 INFO =====> Epoch: 138
2024-09-18 08:15:07,638 INFO =====> EMD Loss: 26.764404296875
2024-09-18 08:15:07,639 INFO =====> Height map loss: 28.299222946166992
2024-09-18 08:15:07,639 INFO =====> Grad: [ 1.6142057e-02 -3.3373768e-03 -1.4749230e-09  0.0000000e+00
  0.0000000e+00]
2024-09-18 08:15:07,639 INFO =====> Skill params: [-0.12610629 -0.27494144 -0.06239682  1.         -1.        ]
2024-09-18 08:15:07,639 INFO =====> Num. aborted data so far: 0
2024-09-18 08:15:08,004 INFO ===> New TaichiEnv created.
2024-09-18 08:15:08,004 INFO ===> Specifications: horizon = 600, dt = 0.01, n_substeps = 20, dt_sub = 0.0005
2024-09-18 08:15:28,591 INFO =====> Epoch: 139
2024-09-18 08:15:28,591 INFO =====> EMD Loss: 26.761760711669922
2024-09-18 08:15:28,591 INFO =====> Height map loss: 28.26401138305664
2024-09-18 08:15:28,591 INFO =====> Grad: [ 1.6159177e-02  2.2359984e-03 -1.1296042e-10  0.0000000e+00
  0.0000000e+00]
2024-09-18 08:15:28,591 INFO =====> Skill params: [-0.1271894  -0.27086273 -0.06179352  1.         -1.        ]
2024-09-18 08:15:28,591 INFO =====> Num. aborted data so far: 0
2024-09-18 08:15:28,959 INFO ===> New TaichiEnv created.
2024-09-18 08:15:28,959 INFO ===> Specifications: horizon = 600, dt = 0.01, n_substeps = 20, dt_sub = 0.0005
2024-09-18 08:15:49,825 INFO =====> Epoch: 140
2024-09-18 08:15:49,826 INFO =====> EMD Loss: 26.734905242919922
2024-09-18 08:15:49,826 INFO =====> Height map loss: 28.264495849609375
2024-09-18 08:15:49,826 INFO =====> Grad: [ 1.5995089e-02  5.5716960e-03 -1.6573833e-09  0.0000000e+00
  0.0000000e+00]
2024-09-18 08:15:49,826 INFO =====> Skill params: [-0.12826459 -0.26731932 -0.06088525  1.         -1.        ]
2024-09-18 08:15:49,826 INFO =====> Num. aborted data so far: 0
2024-09-18 08:15:50,187 INFO ===> New TaichiEnv created.
2024-09-18 08:15:50,187 INFO ===> Specifications: horizon = 600, dt = 0.01, n_substeps = 20, dt_sub = 0.0005
2024-09-18 08:16:11,345 INFO =====> Epoch: 141
2024-09-18 08:16:11,345 INFO =====> EMD Loss: 26.797550201416016
2024-09-18 08:16:11,345 INFO =====> Height map loss: 28.256179809570312
2024-09-18 08:16:11,345 INFO =====> Grad: [ 1.5822912e-02  1.8099723e-03 -8.2027141e-09  0.0000000e+00
  0.0000000e+00]
2024-09-18 08:16:11,345 INFO =====> Skill params: [-0.12933193 -0.26416427 -0.05827273  1.         -1.        ]
2024-09-18 08:16:11,345 INFO =====> Num. aborted data so far: 0
2024-09-18 08:16:11,713 INFO ===> New TaichiEnv created.
2024-09-18 08:16:11,713 INFO ===> Specifications: horizon = 600, dt = 0.01, n_substeps = 20, dt_sub = 0.0005
2024-09-18 08:16:31,885 INFO =====> Epoch: 142
2024-09-18 08:16:31,886 INFO =====> EMD Loss: 26.808208465576172
2024-09-18 08:16:31,886 INFO =====> Height map loss: 28.278139114379883
2024-09-18 08:16:31,886 INFO =====> Grad: [ 1.5814144e-02  6.5433001e-03 -6.3594774e-09  0.0000000e+00
  0.0000000e+00]
2024-09-18 08:16:31,886 INFO =====> Skill params: [-0.13039246 -0.2614814  -0.05453462  1.         -1.        ]
2024-09-18 08:16:31,886 INFO =====> Num. aborted data so far: 0
2024-09-18 08:16:32,261 INFO ===> New TaichiEnv created.
2024-09-18 08:16:32,261 INFO ===> Specifications: horizon = 600, dt = 0.01, n_substeps = 20, dt_sub = 0.0005
2024-09-18 08:16:52,491 INFO =====> Epoch: 143
2024-09-18 08:16:52,491 INFO =====> EMD Loss: 26.783794403076172
2024-09-18 08:16:52,491 INFO =====> Height map loss: 28.26076889038086
2024-09-18 08:16:52,492 INFO =====> Grad: [1.563777e-02 8.719172e-03 8.450227e-10 0.000000e+00 0.000000e+00]
2024-09-18 08:16:52,492 INFO =====> Skill params: [-0.1314461  -0.25928167 -0.05135217  1.         -1.        ]
2024-09-18 08:16:52,492 INFO =====> Num. aborted data so far: 0
2024-09-18 08:16:52,859 INFO ===> New TaichiEnv created.
2024-09-18 08:16:52,859 INFO ===> Specifications: horizon = 600, dt = 0.01, n_substeps = 20, dt_sub = 0.0005
2024-09-18 08:17:13,266 INFO =====> Epoch: 144
2024-09-18 08:17:13,266 INFO =====> EMD Loss: 26.77948570251465
2024-09-18 08:17:13,267 INFO =====> Height map loss: 28.307235717773438
2024-09-18 08:17:13,267 INFO =====> Grad: [ 1.5461975e-02  3.3247024e-03 -3.1236163e-09  0.0000000e+00
  0.0000000e+00]
2024-09-18 08:17:13,267 INFO =====> Skill params: [-0.13249275 -0.25738022 -0.04780282  1.         -1.        ]
2024-09-18 08:17:13,267 INFO =====> Num. aborted data so far: 0
2024-09-18 08:17:13,631 INFO ===> New TaichiEnv created.
2024-09-18 08:17:13,631 INFO ===> Specifications: horizon = 600, dt = 0.01, n_substeps = 20, dt_sub = 0.0005
2024-09-18 08:17:34,209 INFO =====> Epoch: 145
2024-09-18 08:17:34,209 INFO =====> EMD Loss: 26.782690048217773
2024-09-18 08:17:34,209 INFO =====> Height map loss: 28.28261947631836
2024-09-18 08:17:34,209 INFO =====> Grad: [ 1.5280733e-02  4.6869004e-03 -3.8294736e-09  0.0000000e+00
  0.0000000e+00]
2024-09-18 08:17:34,209 INFO =====> Skill params: [-0.13353232 -0.2557838  -0.04376973  1.         -1.        ]
2024-09-18 08:17:34,209 INFO =====> Num. aborted data so far: 0
2024-09-18 08:17:34,565 INFO ===> New TaichiEnv created.
2024-09-18 08:17:34,565 INFO ===> Specifications: horizon = 600, dt = 0.01, n_substeps = 20, dt_sub = 0.0005
2024-09-18 08:17:55,763 INFO =====> Epoch: 146
2024-09-18 08:17:55,763 INFO =====> EMD Loss: 26.80109214782715
2024-09-18 08:17:55,763 INFO =====> Height map loss: 28.262554168701172
2024-09-18 08:17:55,763 INFO =====> Grad: [ 1.5098930e-02  5.7694996e-03 -2.6692752e-09  0.0000000e+00
  0.0000000e+00]
2024-09-18 08:17:55,763 INFO =====> Skill params: [-0.13456468 -0.2544915  -0.03955321  1.         -1.        ]
2024-09-18 08:17:55,763 INFO =====> Num. aborted data so far: 0
2024-09-18 08:17:56,122 INFO ===> New TaichiEnv created.
2024-09-18 08:17:56,122 INFO ===> Specifications: horizon = 600, dt = 0.01, n_substeps = 20, dt_sub = 0.0005
2024-09-18 08:18:16,774 INFO =====> Epoch: 147
2024-09-18 08:18:16,774 INFO =====> EMD Loss: 26.7726993560791
2024-09-18 08:18:16,774 INFO =====> Height map loss: 28.25796890258789
2024-09-18 08:18:16,774 INFO =====> Grad: [1.5098098e-02 9.0656513e-03 5.0129230e-09 0.0000000e+00 0.0000000e+00]
2024-09-18 08:18:16,774 INFO =====> Skill params: [-0.13559085 -0.25356042 -0.03685926  1.         -1.        ]
2024-09-18 08:18:16,774 INFO =====> Num. aborted data so far: 0
2024-09-18 08:18:17,157 INFO ===> New TaichiEnv created.
2024-09-18 08:18:17,157 INFO ===> Specifications: horizon = 600, dt = 0.01, n_substeps = 20, dt_sub = 0.0005
2024-09-18 08:18:38,078 INFO =====> Epoch: 148
2024-09-18 08:18:38,078 INFO =====> EMD Loss: 26.772613525390625
2024-09-18 08:18:38,078 INFO =====> Height map loss: 28.256263732910156
2024-09-18 08:18:38,078 INFO =====> Grad: [ 1.4932171e-02  9.5367543e-03 -3.6033769e-09  0.0000000e+00
  0.0000000e+00]
2024-09-18 08:18:38,078 INFO =====> Skill params: [-0.13661072 -0.25296876 -0.03364544  1.         -1.        ]
2024-09-18 08:18:38,078 INFO =====> Num. aborted data so far: 0
2024-09-18 08:18:38,537 INFO ===> New TaichiEnv created.
2024-09-18 08:18:38,537 INFO ===> Specifications: horizon = 600, dt = 0.01, n_substeps = 20, dt_sub = 0.0005
2024-09-18 08:18:58,826 INFO =====> Epoch: 149
2024-09-18 08:18:58,826 INFO =====> EMD Loss: 26.806529998779297
2024-09-18 08:18:58,826 INFO =====> Height map loss: 28.251482009887695
2024-09-18 08:18:58,826 INFO =====> Grad: [ 1.4771478e-02  9.6583562e-03 -1.9714825e-09  0.0000000e+00
  0.0000000e+00]
2024-09-18 08:18:58,826 INFO =====> Skill params: [-0.13762419 -0.25268778 -0.03031895  1.         -1.        ]
2024-09-18 08:18:58,826 INFO =====> Num. aborted data so far: 0
2024-09-18 08:18:58,828 INFO ====> Finished training.
2024-09-18 08:18:58,828 INFO ====> Final EMD loss: 26.806529998779297
2024-09-18 08:18:58,828 INFO ====> Final height map loss: 28.251482009887695
2024-09-18 08:18:58,828 INFO ====> Final skill params: [-0.13762419 -0.25268778 -0.03031895  1.         -1.        ]
