2025-07-24 18:43:55,717 INFO =====> Skill params: [-0.8287017  -0.526379    0.60254896  0.16432407 -0.8117427 ]
2025-07-24 18:43:55,718 INFO =====> Grad: [ 739.98364 -956.6842   412.6842   491.28336 -491.38794]
2025-07-24 18:43:55,718 INFO =====> Num. aborted data so far: 0
2025-07-24 18:43:55,718 INFO ===========> Epoch: 0 optimisation losses
2025-07-24 18:43:55,718 INFO =====> EMD Loss: 15.451850
2025-07-24 18:43:55,718 INFO =====> Height map loss: 6.084380
2025-07-24 18:44:09,694 INFO ==> EMD Loss: 15.444424
2025-07-24 18:44:09,694 INFO ==> Height map loss:  6.062309
2025-07-24 18:44:23,143 INFO ==> EMD Loss: 15.481565
2025-07-24 18:44:23,143 INFO ==> Height map loss:  5.736098
2025-07-24 18:44:38,039 INFO ==> EMD Loss: 15.315404
2025-07-24 18:44:38,039 INFO ==> Height map loss:  5.401663
2025-07-24 18:44:49,739 INFO ==> EMD Loss: 15.300007
2025-07-24 18:44:49,739 INFO ==> Height map loss:  5.209651
2025-07-24 18:45:00,743 INFO ==> EMD Loss: 15.074327
2025-07-24 18:45:00,743 INFO ==> Height map loss:  5.119897
2025-07-24 18:45:30,567 INFO =====> Skill params: [-1.         -0.33664232  0.4128123  -0.02541257 -0.62200606]
2025-07-24 18:45:30,567 INFO =====> Grad: [ 518.0005   -788.13806   379.70105  -550.01654    77.187675]
2025-07-24 18:45:30,567 INFO =====> Num. aborted data so far: 0
2025-07-24 18:45:30,568 INFO ===========> Epoch: 1 optimisation losses
2025-07-24 18:45:30,568 INFO =====> EMD Loss: 15.169590
2025-07-24 18:45:30,568 INFO =====> Height map loss: 5.115015
2025-07-24 18:45:43,652 INFO ==> EMD Loss: 15.062757
2025-07-24 18:45:43,652 INFO ==> Height map loss:  5.112541
2025-07-24 18:45:59,112 INFO ==> EMD Loss: 15.155767
2025-07-24 18:45:59,112 INFO ==> Height map loss:  5.022097
2025-07-24 18:46:13,595 INFO ==> EMD Loss: 15.301374
2025-07-24 18:46:13,596 INFO ==> Height map loss:  4.931716
2025-07-24 18:46:24,238 INFO ==> EMD Loss: 15.134570
2025-07-24 18:46:24,238 INFO ==> Height map loss:  4.927201
2025-07-24 18:46:34,311 INFO ==> EMD Loss: 15.087255
2025-07-24 18:46:34,311 INFO ==> Height map loss:  4.891689
2025-07-24 18:47:00,335 INFO =====> Skill params: [-1.         -0.21223748  0.28071746  0.11934231 -0.65300024]
2025-07-24 18:47:00,336 INFO =====> Grad: [ 369.85742 -469.09946 -358.74963  109.97101   86.32592]
2025-07-24 18:47:00,336 INFO =====> Num. aborted data so far: 0
2025-07-24 18:47:00,336 INFO ===========> Epoch: 2 optimisation losses
2025-07-24 18:47:00,336 INFO =====> EMD Loss: 15.098646
2025-07-24 18:47:00,336 INFO =====> Height map loss: 4.891868
2025-07-24 18:47:13,278 INFO ==> EMD Loss: 15.108512
2025-07-24 18:47:13,279 INFO ==> Height map loss:  4.890366
2025-07-24 18:47:26,285 INFO ==> EMD Loss: 15.216914
2025-07-24 18:47:26,285 INFO ==> Height map loss:  4.877428
2025-07-24 18:47:39,266 INFO ==> EMD Loss: 15.226860
2025-07-24 18:47:39,266 INFO ==> Height map loss:  4.867357
2025-07-24 18:47:52,282 INFO ==> EMD Loss: 15.155316
2025-07-24 18:47:52,282 INFO ==> Height map loss:  4.897814
2025-07-24 18:48:06,441 INFO ==> EMD Loss: 15.169480
2025-07-24 18:48:06,441 INFO ==> Height map loss:  4.897507
2025-07-24 18:48:32,328 INFO =====> Skill params: [-1.         -0.17614636  0.33477327  0.10428173 -0.6709399 ]
2025-07-24 18:48:32,328 INFO =====> Grad: [-953.0435  1824.5522   215.89732  765.85614   26.14981]
2025-07-24 18:48:32,328 INFO =====> Num. aborted data so far: 0
2025-07-24 18:48:32,329 INFO ===========> Epoch: 3 optimisation losses
2025-07-24 18:48:32,329 INFO =====> EMD Loss: 15.184487
2025-07-24 18:48:32,329 INFO =====> Height map loss: 4.865793
2025-07-24 18:48:45,271 INFO ==> EMD Loss: 15.137825
2025-07-24 18:48:45,271 INFO ==> Height map loss:  4.874093
2025-07-24 18:48:58,343 INFO ==> EMD Loss: 15.078732
2025-07-24 18:48:58,343 INFO ==> Height map loss:  4.926614
2025-07-24 18:49:11,548 INFO ==> EMD Loss: 15.103344
2025-07-24 18:49:11,548 INFO ==> Height map loss:  4.953215
2025-07-24 18:49:22,872 INFO ==> EMD Loss: 15.293744
2025-07-24 18:49:22,872 INFO ==> Height map loss:  5.083462
2025-07-24 18:49:35,436 INFO ==> EMD Loss: 15.394078
2025-07-24 18:49:35,436 INFO ==> Height map loss:  5.262387
2025-07-24 18:50:04,015 INFO =====> Skill params: [-0.9929569  -0.18413273  0.3315484   0.09708215 -0.6715117 ]
2025-07-24 18:50:04,016 INFO =====> Grad: [ 1010.43713 -4084.8335   -236.95096   567.26904    20.35121]
2025-07-24 18:50:04,016 INFO =====> Num. aborted data so far: 0
2025-07-24 18:50:04,016 INFO ===========> Epoch: 4 optimisation losses
2025-07-24 18:50:04,016 INFO =====> EMD Loss: 15.152512
2025-07-24 18:50:04,016 INFO =====> Height map loss: 4.874273
2025-07-24 18:50:17,889 INFO ==> EMD Loss: 15.230435
2025-07-24 18:50:17,889 INFO ==> Height map loss:  4.878749
2025-07-24 18:50:28,348 INFO ==> EMD Loss: 15.153348
2025-07-24 18:50:28,348 INFO ==> Height map loss:  4.896255
2025-07-24 18:50:41,222 INFO ==> EMD Loss: 15.130578
2025-07-24 18:50:41,222 INFO ==> Height map loss:  4.910227
2025-07-24 18:50:54,260 INFO ==> EMD Loss: 15.107853
2025-07-24 18:50:54,260 INFO ==> Height map loss:  4.928468
2025-07-24 18:51:07,706 INFO ==> EMD Loss: 15.045134
2025-07-24 18:51:07,706 INFO ==> Height map loss:  4.945995
2025-07-24 18:51:36,773 INFO =====> Skill params: [-0.9990145  -0.17565885  0.33502036  0.09224615 -0.6719802 ]
2025-07-24 18:51:36,773 INFO =====> Grad: [  952.28204 -2378.7344   -159.401     291.1573    120.73098]
2025-07-24 18:51:36,774 INFO =====> Num. aborted data so far: 0
2025-07-24 18:51:36,774 INFO ===========> Epoch: 5 optimisation losses
2025-07-24 18:51:36,774 INFO =====> EMD Loss: 15.180443
2025-07-24 18:51:36,774 INFO =====> Height map loss: 4.865659
2025-07-24 18:51:46,771 INFO ==> EMD Loss: 15.128649
2025-07-24 18:51:46,771 INFO ==> Height map loss:  4.880007
2025-07-24 18:51:59,420 INFO ==> EMD Loss: 15.166954
2025-07-24 18:51:59,420 INFO ==> Height map loss:  4.892787
2025-07-24 18:52:12,444 INFO ==> EMD Loss: 15.183656
2025-07-24 18:52:12,444 INFO ==> Height map loss:  4.900032
2025-07-24 18:52:25,538 INFO ==> EMD Loss: 15.163316
2025-07-24 18:52:25,538 INFO ==> Height map loss:  4.899817
2025-07-24 18:52:38,440 INFO ==> EMD Loss: 15.096611
2025-07-24 18:52:38,440 INFO ==> Height map loss:  4.899090
2025-07-24 18:53:05,709 INFO =====> Skill params: [-1.         -0.17109789  0.33740342  0.08972392 -0.67477936]
2025-07-24 18:53:05,710 INFO =====> Grad: [ 436.9432   -947.6357   -182.69308   154.20787    49.052666]
2025-07-24 18:53:05,710 INFO =====> Num. aborted data so far: 0
2025-07-24 18:53:05,727 INFO ===========> Epoch: 6 optimisation losses
2025-07-24 18:53:05,727 INFO =====> EMD Loss: 15.195607
2025-07-24 18:53:05,727 INFO =====> Height map loss: 4.880593
2025-07-24 18:53:20,545 INFO ==> EMD Loss: 15.182041
2025-07-24 18:53:20,545 INFO ==> Height map loss:  4.881901
2025-07-24 18:53:30,584 INFO ==> EMD Loss: 15.164601
2025-07-24 18:53:30,585 INFO ==> Height map loss:  4.892918
2025-07-24 18:53:43,383 INFO ==> EMD Loss: 15.135781
2025-07-24 18:53:43,383 INFO ==> Height map loss:  4.883259
2025-07-24 18:53:56,453 INFO ==> EMD Loss: 15.156523
2025-07-24 18:53:56,453 INFO ==> Height map loss:  4.893872
2025-07-24 18:54:09,572 INFO ==> EMD Loss: 15.182736
2025-07-24 18:54:09,572 INFO ==> Height map loss:  4.896010
2025-07-24 18:54:37,525 INFO =====> Skill params: [-1.         -0.16922049  0.34015837  0.08833105 -0.6759687 ]
2025-07-24 18:54:37,525 INFO =====> Grad: [   87.08468  -1022.3363    -344.6796     -42.979332    77.58069 ]
2025-07-24 18:54:37,526 INFO =====> Num. aborted data so far: 0
2025-07-24 18:54:37,526 INFO ===========> Epoch: 7 optimisation losses
2025-07-24 18:54:37,526 INFO =====> EMD Loss: 15.191212
2025-07-24 18:54:37,526 INFO =====> Height map loss: 4.884976
2025-07-24 18:54:52,553 INFO ==> EMD Loss: 15.178133
2025-07-24 18:54:52,553 INFO ==> Height map loss:  4.884331
2025-07-24 18:55:02,663 INFO ==> EMD Loss: 15.147541
2025-07-24 18:55:02,663 INFO ==> Height map loss:  4.890567
2025-07-24 18:55:15,818 INFO ==> EMD Loss: 15.127700
2025-07-24 18:55:15,818 INFO ==> Height map loss:  4.891680
2025-07-24 18:55:28,912 INFO ==> EMD Loss: 15.203800
2025-07-24 18:55:28,912 INFO ==> Height map loss:  4.896841
2025-07-24 18:55:41,725 INFO ==> EMD Loss: 15.211886
2025-07-24 18:55:41,725 INFO ==> Height map loss:  4.885331
2025-07-24 18:56:10,037 INFO =====> Skill params: [-1.         -0.16713764  0.3449028   0.08873988 -0.67790955]
2025-07-24 18:56:10,038 INFO =====> Grad: [ 12.93885  204.62857  123.15247  622.1017    -8.657727]
2025-07-24 18:56:10,038 INFO =====> Num. aborted data so far: 0
2025-07-24 18:56:10,039 INFO ===========> Epoch: 8 optimisation losses
2025-07-24 18:56:10,039 INFO =====> EMD Loss: 15.161752
2025-07-24 18:56:10,039 INFO =====> Height map loss: 4.891250
2025-07-24 18:56:22,802 INFO ==> EMD Loss: 15.197435
2025-07-24 18:56:22,802 INFO ==> Height map loss:  4.882531
2025-07-24 18:56:35,781 INFO ==> EMD Loss: 15.179529
2025-07-24 18:56:35,781 INFO ==> Height map loss:  4.888872
2025-07-24 18:56:48,842 INFO ==> EMD Loss: 15.097997
2025-07-24 18:56:48,842 INFO ==> Height map loss:  4.887287
2025-07-24 18:57:02,066 INFO ==> EMD Loss: 15.211932
2025-07-24 18:57:02,066 INFO ==> Height map loss:  4.878726
2025-07-24 18:57:12,050 INFO ==> EMD Loss: 15.173098
2025-07-24 18:57:12,050 INFO ==> Height map loss:  4.881272
2025-07-24 18:57:41,102 INFO =====> Skill params: [-1.         -0.17372234  0.31856298  0.01056056 -0.67448586]
2025-07-24 18:57:41,102 INFO =====> Grad: [  918.99457  -2837.0093    -136.25613    475.21155     55.062862]
2025-07-24 18:57:41,102 INFO =====> Num. aborted data so far: 0
2025-07-24 18:57:41,102 INFO ===========> Epoch: 9 optimisation losses
2025-07-24 18:57:41,102 INFO =====> EMD Loss: 15.085713
2025-07-24 18:57:41,102 INFO =====> Height map loss: 4.891219
2025-07-24 18:57:54,509 INFO ==> EMD Loss: 15.174072
2025-07-24 18:57:54,509 INFO ==> Height map loss:  4.890304
2025-07-24 18:58:06,225 INFO ==> EMD Loss: 15.122332
2025-07-24 18:58:06,225 INFO ==> Height map loss:  4.917531
2025-07-24 18:58:19,104 INFO ==> EMD Loss: 15.168937
2025-07-24 18:58:19,104 INFO ==> Height map loss:  4.903999
2025-07-24 18:58:31,728 INFO ==> EMD Loss: 15.134722
2025-07-24 18:58:31,728 INFO ==> Height map loss:  4.922461
2025-07-24 18:58:45,497 INFO ==> EMD Loss: 15.080955
2025-07-24 18:58:45,497 INFO ==> Height map loss:  4.894022
2025-07-24 18:59:11,858 INFO =====> Skill params: [-1.         -0.16840805  0.3205648   0.00672264 -0.6759965 ]
2025-07-24 18:59:11,858 INFO =====> Grad: [-911.1754  3182.7761   -42.19611  313.6816   -52.64416]
2025-07-24 18:59:11,858 INFO =====> Num. aborted data so far: 0
2025-07-24 18:59:11,859 INFO ===========> Epoch: 10 optimisation losses
2025-07-24 18:59:11,859 INFO =====> EMD Loss: 15.160479
2025-07-24 18:59:11,859 INFO =====> Height map loss: 4.900604
2025-07-24 18:59:24,975 INFO ==> EMD Loss: 15.214910
2025-07-24 18:59:24,976 INFO ==> Height map loss:  4.877072
2025-07-24 18:59:38,341 INFO ==> EMD Loss: 15.076550
2025-07-24 18:59:38,341 INFO ==> Height map loss:  4.895361
2025-07-24 18:59:51,229 INFO ==> EMD Loss: 15.093657
2025-07-24 18:59:51,229 INFO ==> Height map loss:  4.937847
2025-07-24 19:00:02,126 INFO ==> EMD Loss: 15.066085
2025-07-24 19:00:02,126 INFO ==> Height map loss:  4.958686
2025-07-24 19:00:15,125 INFO ==> EMD Loss: 15.235143
2025-07-24 19:00:15,125 INFO ==> Height map loss:  4.933328
2025-07-24 19:00:43,545 INFO =====> Skill params: [-0.9954362  -0.17364724  0.32121673  0.00415213 -0.6744933 ]
2025-07-24 19:00:43,545 INFO =====> Grad: [-948.1567    2842.1497     240.80092    -12.520267    -3.1053448]
2025-07-24 19:00:43,545 INFO =====> Num. aborted data so far: 0
2025-07-24 19:00:43,547 INFO ===========> Epoch: 11 optimisation losses
2025-07-24 19:00:43,547 INFO =====> EMD Loss: 15.094643
2025-07-24 19:00:43,547 INFO =====> Height map loss: 4.887800
2025-07-24 19:00:57,366 INFO ==> EMD Loss: 15.222059
2025-07-24 19:00:57,366 INFO ==> Height map loss:  4.889054
2025-07-24 19:01:10,259 INFO ==> EMD Loss: 15.064716
2025-07-24 19:01:10,259 INFO ==> Height map loss:  4.891007
2025-07-24 19:01:23,427 INFO ==> EMD Loss: 15.231489
2025-07-24 19:01:23,427 INFO ==> Height map loss:  4.934717
2025-07-24 19:01:36,160 INFO ==> EMD Loss: 15.069457
2025-07-24 19:01:36,160 INFO ==> Height map loss:  4.940590
2025-07-24 19:01:51,733 INFO ==> EMD Loss: 15.118365
2025-07-24 19:01:51,733 INFO ==> Height map loss:  4.962085
2025-07-24 19:02:18,395 INFO =====> Skill params: [-0.9910089  -0.1780229   0.31759262  0.00426027 -0.67439985]
2025-07-24 19:02:18,395 INFO =====> Grad: [-111.621826  199.00494  -226.27896  -101.064705  -18.225773]
2025-07-24 19:02:18,395 INFO =====> Num. aborted data so far: 0
2025-07-24 19:02:18,396 INFO ===========> Epoch: 12 optimisation losses
2025-07-24 19:02:18,396 INFO =====> EMD Loss: 15.208451
2025-07-24 19:02:18,396 INFO =====> Height map loss: 4.886059
2025-07-24 19:02:32,825 INFO ==> EMD Loss: 15.203541
2025-07-24 19:02:32,825 INFO ==> Height map loss:  4.887780
2025-07-24 19:02:43,444 INFO ==> EMD Loss: 15.197557
2025-07-24 19:02:43,444 INFO ==> Height map loss:  4.890697
2025-07-24 19:02:52,838 INFO ==> EMD Loss: 15.211380
2025-07-24 19:02:52,838 INFO ==> Height map loss:  4.891189
2025-07-24 19:03:01,850 INFO ==> EMD Loss: 15.088717
2025-07-24 19:03:01,851 INFO ==> Height map loss:  4.893169
2025-07-24 19:03:14,821 INFO ==> EMD Loss: 15.102955
2025-07-24 19:03:14,822 INFO ==> Height map loss:  4.903995
2025-07-24 19:03:43,621 INFO =====> Skill params: [-0.9904604  -0.17834567  0.32095006  0.00517613 -0.6738227 ]
2025-07-24 19:03:43,621 INFO =====> Grad: [  983.6202   -5036.8584    -239.07935    238.14555    -56.690857]
2025-07-24 19:03:43,621 INFO =====> Num. aborted data so far: 0
2025-07-24 19:03:43,622 INFO ===========> Epoch: 13 optimisation losses
2025-07-24 19:03:43,622 INFO =====> EMD Loss: 15.211987
2025-07-24 19:03:43,622 INFO =====> Height map loss: 4.881038
2025-07-24 19:03:57,207 INFO ==> EMD Loss: 15.093730
2025-07-24 19:03:57,207 INFO ==> Height map loss:  4.886809
2025-07-24 19:04:08,470 INFO ==> EMD Loss: 15.121961
2025-07-24 19:04:08,470 INFO ==> Height map loss:  4.918038
2025-07-24 19:04:21,686 INFO ==> EMD Loss: 15.165374
2025-07-24 19:04:21,686 INFO ==> Height map loss:  4.902404
2025-07-24 19:04:34,619 INFO ==> EMD Loss: 15.101839
2025-07-24 19:04:34,619 INFO ==> Height map loss:  4.909373
2025-07-24 19:04:49,595 INFO ==> EMD Loss: 15.084596
2025-07-24 19:04:49,595 INFO ==> Height map loss:  4.938225
2025-07-24 19:05:14,307 INFO =====> Skill params: [-0.9949488  -0.17196949  0.32442883  0.00296401 -0.671967  ]
2025-07-24 19:05:14,307 INFO =====> Grad: [-939.9159  3767.8252   241.41425  582.51636   57.87338]
2025-07-24 19:05:14,307 INFO =====> Num. aborted data so far: 0
2025-07-24 19:05:14,308 INFO ===========> Epoch: 14 optimisation losses
2025-07-24 19:05:14,308 INFO =====> EMD Loss: 15.129505
2025-07-24 19:05:14,308 INFO =====> Height map loss: 4.893292
2025-07-24 19:05:27,215 INFO ==> EMD Loss: 15.184148
2025-07-24 19:05:27,216 INFO ==> Height map loss:  4.866644
2025-07-24 19:05:40,034 INFO ==> EMD Loss: 15.069851
2025-07-24 19:05:40,034 INFO ==> Height map loss:  4.896211
2025-07-24 19:05:53,094 INFO ==> EMD Loss: 15.204929
2025-07-24 19:05:53,095 INFO ==> Height map loss:  4.939579
2025-07-24 19:06:05,924 INFO ==> EMD Loss: 15.193302
2025-07-24 19:06:05,924 INFO ==> Height map loss:  4.960060
2025-07-24 19:06:19,950 INFO ==> EMD Loss: 15.196777
2025-07-24 19:06:19,950 INFO ==> Height map loss:  4.982784
2025-07-24 19:06:47,752 INFO =====> Skill params: [-0.99086756 -0.1764119   0.32097948 -0.00192419 -0.6739211 ]
2025-07-24 19:06:47,752 INFO =====> Grad: [-232.86423  364.4792  -296.94412  -30.24437  -59.27478]
2025-07-24 19:06:47,752 INFO =====> Num. aborted data so far: 0
2025-07-24 19:06:47,753 INFO ===========> Epoch: 15 optimisation losses
2025-07-24 19:06:47,753 INFO =====> EMD Loss: 15.185815
2025-07-24 19:06:47,753 INFO =====> Height map loss: 4.876050
2025-07-24 19:07:00,532 INFO ==> EMD Loss: 15.209292
2025-07-24 19:07:00,532 INFO ==> Height map loss:  4.882053
2025-07-24 19:07:14,095 INFO ==> EMD Loss: 15.196290
2025-07-24 19:07:14,095 INFO ==> Height map loss:  4.887027
2025-07-24 19:07:24,462 INFO ==> EMD Loss: 15.201015
2025-07-24 19:07:24,462 INFO ==> Height map loss:  4.892368
2025-07-24 19:07:37,352 INFO ==> EMD Loss: 15.086638
2025-07-24 19:07:37,352 INFO ==> Height map loss:  4.906323
2025-07-24 19:07:50,520 INFO ==> EMD Loss: 14.977889
2025-07-24 19:07:50,520 INFO ==> Height map loss:  4.909900
2025-07-24 19:08:19,212 INFO =====> Skill params: [-0.9898084  -0.17686436  0.32502475 -0.00165677 -0.67186177]
2025-07-24 19:08:19,212 INFO =====> Grad: [ 9.7673596e+02 -2.2643105e+03 -2.0789246e+02 -3.6205872e+02
 -8.6324400e-01]
2025-07-24 19:08:19,212 INFO =====> Num. aborted data so far: 0
2025-07-24 19:08:19,222 INFO ===========> Epoch: 16 optimisation losses
2025-07-24 19:08:19,222 INFO =====> EMD Loss: 15.186018
2025-07-24 19:08:19,222 INFO =====> Height map loss: 4.877572
2025-07-24 19:08:30,100 INFO ==> EMD Loss: 15.185724
2025-07-24 19:08:30,100 INFO ==> Height map loss:  4.875319
2025-07-24 19:08:40,258 INFO ==> EMD Loss: 15.150512
2025-07-24 19:08:40,258 INFO ==> Height map loss:  4.904785
2025-07-24 19:08:53,151 INFO ==> EMD Loss: 15.127445
2025-07-24 19:08:53,152 INFO ==> Height map loss:  4.906660
2025-07-24 19:09:06,083 INFO ==> EMD Loss: 15.168529
2025-07-24 19:09:06,084 INFO ==> Height map loss:  4.901791
2025-07-24 19:09:19,037 INFO ==> EMD Loss: 15.198002
2025-07-24 19:09:19,037 INFO ==> Height map loss:  4.899458
2025-07-24 19:09:48,647 INFO =====> Skill params: [-0.9940076  -0.17403613  0.32787243  0.00152255 -0.6718302 ]
2025-07-24 19:09:48,647 INFO =====> Grad: [-953.0135   3281.7803   -194.12466   321.31378   -53.124878]
2025-07-24 19:09:48,647 INFO =====> Num. aborted data so far: 0
2025-07-24 19:09:48,648 INFO ===========> Epoch: 17 optimisation losses
2025-07-24 19:09:48,648 INFO =====> EMD Loss: 15.092787
2025-07-24 19:09:48,648 INFO =====> Height map loss: 4.880168
2025-07-24 19:10:03,602 INFO ==> EMD Loss: 15.194024
2025-07-24 19:10:03,603 INFO ==> Height map loss:  4.888494
2025-07-24 19:10:14,093 INFO ==> EMD Loss: 15.088401
2025-07-24 19:10:14,093 INFO ==> Height map loss:  4.902656
2025-07-24 19:10:27,152 INFO ==> EMD Loss: 15.077260
2025-07-24 19:10:27,152 INFO ==> Height map loss:  4.944207
2025-07-24 19:10:40,138 INFO ==> EMD Loss: 15.192848
2025-07-24 19:10:40,138 INFO ==> Height map loss:  4.947051
2025-07-24 19:10:52,972 INFO ==> EMD Loss: 15.066829
2025-07-24 19:10:52,972 INFO ==> Height map loss:  4.962834
2025-07-24 19:11:19,830 INFO =====> Skill params: [-0.9900769  -0.17796832  0.33056048 -0.00131541 -0.66982573]
2025-07-24 19:11:19,830 INFO =====> Grad: [  982.2997   -4473.725       81.04563   -137.5287     -28.685034]
2025-07-24 19:11:19,830 INFO =====> Num. aborted data so far: 0
2025-07-24 19:11:19,831 INFO ===========> Epoch: 18 optimisation losses
2025-07-24 19:11:19,832 INFO =====> EMD Loss: 15.229286
2025-07-24 19:11:19,832 INFO =====> Height map loss: 4.880082
2025-07-24 19:11:32,795 INFO ==> EMD Loss: 15.193954
2025-07-24 19:11:32,795 INFO ==> Height map loss:  4.876019
2025-07-24 19:11:45,380 INFO ==> EMD Loss: 15.144955
2025-07-24 19:11:45,380 INFO ==> Height map loss:  4.911937
2025-07-24 19:12:00,528 INFO ==> EMD Loss: 15.162636
2025-07-24 19:12:00,528 INFO ==> Height map loss:  4.906844
2025-07-24 19:12:11,546 INFO ==> EMD Loss: 15.125669
2025-07-24 19:12:11,546 INFO ==> Height map loss:  4.911344
2025-07-24 19:12:22,218 INFO ==> EMD Loss: 15.091740
2025-07-24 19:12:22,218 INFO ==> Height map loss:  4.908503
2025-07-24 19:12:51,941 INFO =====> Skill params: [-9.9397111e-01 -1.7311381e-01  3.2938662e-01 -4.6502799e-05
 -6.6869307e-01]
2025-07-24 19:12:51,942 INFO =====> Grad: [-948.03265 5049.3774   223.58401 -264.98053  -51.38396]
2025-07-24 19:12:51,942 INFO =====> Num. aborted data so far: 0
2025-07-24 19:12:51,942 INFO ===========> Epoch: 19 optimisation losses
2025-07-24 19:12:51,942 INFO =====> EMD Loss: 15.090321
2025-07-24 19:12:51,943 INFO =====> Height map loss: 4.889669
2025-07-24 19:13:04,894 INFO ==> EMD Loss: 15.203840
2025-07-24 19:13:04,894 INFO ==> Height map loss:  4.888606
2025-07-24 19:13:17,873 INFO ==> EMD Loss: 15.170377
2025-07-24 19:13:17,873 INFO ==> Height map loss:  4.890465
2025-07-24 19:13:32,968 INFO ==> EMD Loss: 15.110500
2025-07-24 19:13:32,968 INFO ==> Height map loss:  4.932476
2025-07-24 19:13:44,658 INFO ==> EMD Loss: 15.090973
2025-07-24 19:13:44,658 INFO ==> Height map loss:  4.948790
2025-07-24 19:13:54,451 INFO ==> EMD Loss: 15.252773
2025-07-24 19:13:54,451 INFO ==> Height map loss:  4.949275
2025-07-24 19:14:05,080 INFO ===========> Finished training.
2025-07-24 19:14:05,081 INFO ====> Final EMD Loss: 15.203810
2025-07-24 19:14:05,081 INFO ====> Final Height map loss: 4.888608
2025-07-24 19:14:05,081 INFO ====> Final skill params: [-0.9903154  -0.17804706  0.32617468  0.00244046 -0.66660666]
