2025-05-25 23:29:02,500 INFO =====> Skill params: [ 0.46502045  0.2         0.8         0.         -0.5       ]
2025-05-25 23:29:02,501 INFO =====> Grad: [ 2421.3333  -1501.7809   -220.38199   649.26263  -777.7778 ]
2025-05-25 23:29:02,501 INFO =====> Num. aborted data so far: 0
2025-05-25 23:29:02,501 INFO ===========> Epoch: 0 optimisation losses
2025-05-25 23:29:02,501 INFO =====> EMD Loss: 25.494314
2025-05-25 23:29:02,501 INFO =====> Height map loss: 11.982482
2025-05-25 23:29:11,440 INFO ==> EMD Loss: 25.569296
2025-05-25 23:29:11,440 INFO ==> Height map loss:  12.157287
2025-05-25 23:29:20,350 INFO ==> EMD Loss: 26.732025
2025-05-25 23:29:20,350 INFO ==> Height map loss:  13.539175
2025-05-25 23:29:29,629 INFO ==> EMD Loss: 27.582623
2025-05-25 23:29:29,629 INFO ==> Height map loss:  15.033021
2025-05-25 23:29:38,892 INFO ==> EMD Loss: 27.789417
2025-05-25 23:29:38,892 INFO ==> Height map loss:  15.821024
2025-05-25 23:29:48,442 INFO ==> EMD Loss: 27.212931
2025-05-25 23:29:48,443 INFO ==> Height map loss:  15.669129
2025-05-25 23:30:08,282 INFO =====> Skill params: [ 0.45553362  0.20948684  0.80948687 -0.00948683 -0.49051318]
2025-05-25 23:30:08,282 INFO =====> Grad: [ -184.04752 -1311.7657   -279.75983  -961.7347   -980.24384]
2025-05-25 23:30:08,282 INFO =====> Num. aborted data so far: 0
2025-05-25 23:30:08,283 INFO ===========> Epoch: 1 optimisation losses
2025-05-25 23:30:08,283 INFO =====> EMD Loss: 25.575531
2025-05-25 23:30:08,283 INFO =====> Height map loss: 12.390524
2025-05-25 23:30:17,198 INFO ==> EMD Loss: 25.368179
2025-05-25 23:30:17,198 INFO ==> Height map loss:  12.376313
2025-05-25 23:30:26,277 INFO ==> EMD Loss: 26.310514
2025-05-25 23:30:26,278 INFO ==> Height map loss:  13.266961
2025-05-25 23:30:35,527 INFO ==> EMD Loss: 27.509680
2025-05-25 23:30:35,527 INFO ==> Height map loss:  14.035345
2025-05-25 23:30:44,816 INFO ==> EMD Loss: 27.998388
2025-05-25 23:30:44,816 INFO ==> Height map loss:  14.647302
2025-05-25 23:30:54,440 INFO ==> EMD Loss: 28.481966
2025-05-25 23:30:54,440 INFO ==> Height map loss:  15.352989
2025-05-25 23:31:14,282 INFO =====> Skill params: [ 0.45629132  0.2159127   0.81708604 -0.00149798 -0.48293367]
2025-05-25 23:31:14,282 INFO =====> Grad: [-2486.0046    719.5438    271.75858   917.9887    -77.22074]
2025-05-25 23:31:14,282 INFO =====> Num. aborted data so far: 0
2025-05-25 23:31:14,283 INFO ===========> Epoch: 2 optimisation losses
2025-05-25 23:31:14,283 INFO =====> EMD Loss: 26.170296
2025-05-25 23:31:14,283 INFO =====> Height map loss: 12.499151
2025-05-25 23:31:23,453 INFO ==> EMD Loss: 25.518751
2025-05-25 23:31:23,454 INFO ==> Height map loss:  11.971753
2025-05-25 23:31:32,516 INFO ==> EMD Loss: 24.664480
2025-05-25 23:31:32,516 INFO ==> Height map loss:  11.566453
2025-05-25 23:31:41,465 INFO ==> EMD Loss: 23.869555
2025-05-25 23:31:41,465 INFO ==> Height map loss:  10.604330
2025-05-25 23:31:50,564 INFO ==> EMD Loss: 23.449598
2025-05-25 23:31:50,565 INFO ==> Height map loss:  9.543117
2025-05-25 23:31:59,543 INFO ==> EMD Loss: 21.975058
2025-05-25 23:31:59,543 INFO ==> Height map loss:  8.605043
2025-05-25 23:32:19,772 INFO =====> Skill params: [ 0.5987718   0.1467211   0.6967598  -0.12415136 -0.4703735 ]
2025-05-25 23:32:19,772 INFO =====> Grad: [-1357.0657   3993.884    -243.33789   949.2255    772.62006]
2025-05-25 23:32:19,772 INFO =====> Num. aborted data so far: 0
2025-05-25 23:32:19,773 INFO ===========> Epoch: 3 optimisation losses
2025-05-25 23:32:19,773 INFO =====> EMD Loss: 22.591303
2025-05-25 23:32:19,773 INFO =====> Height map loss: 8.820238
2025-05-25 23:32:28,940 INFO ==> EMD Loss: 21.929638
2025-05-25 23:32:28,941 INFO ==> Height map loss:  8.466827
2025-05-25 23:32:37,900 INFO ==> EMD Loss: 21.842649
2025-05-25 23:32:37,900 INFO ==> Height map loss:  8.575847
2025-05-25 23:32:47,040 INFO ==> EMD Loss: 22.903234
2025-05-25 23:32:47,040 INFO ==> Height map loss:  9.998846
2025-05-25 23:32:56,113 INFO ==> EMD Loss: 23.693745
2025-05-25 23:32:56,113 INFO ==> Height map loss:  11.783363
2025-05-25 23:33:05,322 INFO ==> EMD Loss: 24.627945
2025-05-25 23:33:05,322 INFO ==> Height map loss:  13.380575
2025-05-25 23:33:25,620 INFO =====> Skill params: [ 0.6025348   0.13813095  0.7016322  -0.12961559 -0.47580424]
2025-05-25 23:33:25,620 INFO =====> Grad: [ 1261.7048   -996.4066    253.62296   827.95245 -1126.119  ]
2025-05-25 23:33:25,620 INFO =====> Num. aborted data so far: 0
2025-05-25 23:33:25,621 INFO ===========> Epoch: 4 optimisation losses
2025-05-25 23:33:25,621 INFO =====> EMD Loss: 21.987982
2025-05-25 23:33:25,621 INFO =====> Height map loss: 8.519061
2025-05-25 23:33:34,904 INFO ==> EMD Loss: 21.970062
2025-05-25 23:33:34,904 INFO ==> Height map loss:  8.422973
2025-05-25 23:33:43,981 INFO ==> EMD Loss: 22.083649
2025-05-25 23:33:43,981 INFO ==> Height map loss:  8.661222
2025-05-25 23:33:53,208 INFO ==> EMD Loss: 22.375488
2025-05-25 23:33:53,208 INFO ==> Height map loss:  8.939477
2025-05-25 23:34:02,451 INFO ==> EMD Loss: 22.806839
2025-05-25 23:34:02,451 INFO ==> Height map loss:  9.685203
2025-05-25 23:34:11,427 INFO ==> EMD Loss: 23.127911
2025-05-25 23:34:11,427 INFO ==> Height map loss:  10.441793
2025-05-25 23:34:31,830 INFO =====> Skill params: [ 0.59909755  0.14032853  0.69697016 -0.13405539 -0.469539  ]
2025-05-25 23:34:31,830 INFO =====> Grad: [-1077.2523   4113.369     340.6936     23.48729   -88.35089]
2025-05-25 23:34:31,830 INFO =====> Num. aborted data so far: 0
2025-05-25 23:34:31,831 INFO ===========> Epoch: 5 optimisation losses
2025-05-25 23:34:31,831 INFO =====> EMD Loss: 22.041246
2025-05-25 23:34:31,831 INFO =====> Height map loss: 8.697553
2025-05-25 23:34:40,922 INFO ==> EMD Loss: 22.012495
2025-05-25 23:34:40,922 INFO ==> Height map loss:  8.419136
2025-05-25 23:34:50,122 INFO ==> EMD Loss: 21.879745
2025-05-25 23:34:50,122 INFO ==> Height map loss:  8.491526
2025-05-25 23:34:59,268 INFO ==> EMD Loss: 21.838894
2025-05-25 23:34:59,269 INFO ==> Height map loss:  8.694734
2025-05-25 23:35:08,290 INFO ==> EMD Loss: 22.394962
2025-05-25 23:35:08,290 INFO ==> Height map loss:  9.818937
2025-05-25 23:35:17,487 INFO ==> EMD Loss: 23.201012
2025-05-25 23:35:17,487 INFO ==> Height map loss:  10.500315
2025-05-25 23:35:37,754 INFO =====> Skill params: [ 0.6020386   0.13359363  0.69155157 -0.13418815 -0.46902162]
2025-05-25 23:35:37,754 INFO =====> Grad: [-1222.2726   4816.8745   -255.2361    645.32904   916.3224 ]
2025-05-25 23:35:37,754 INFO =====> Num. aborted data so far: 0
2025-05-25 23:35:37,755 INFO ===========> Epoch: 6 optimisation losses
2025-05-25 23:35:37,755 INFO =====> EMD Loss: 21.839178
2025-05-25 23:35:37,755 INFO =====> Height map loss: 8.439368
2025-05-25 23:35:47,059 INFO ==> EMD Loss: 21.748608
2025-05-25 23:35:47,059 INFO ==> Height map loss:  8.496984
2025-05-25 23:35:56,149 INFO ==> EMD Loss: 21.842575
2025-05-25 23:35:56,149 INFO ==> Height map loss:  8.640800
2025-05-25 23:36:05,458 INFO ==> EMD Loss: 22.199682
2025-05-25 23:36:05,458 INFO ==> Height map loss:  9.598969
2025-05-25 23:36:14,520 INFO ==> EMD Loss: 23.371634
2025-05-25 23:36:14,520 INFO ==> Height map loss:  11.122097
2025-05-25 23:36:23,696 INFO ==> EMD Loss: 24.082933
2025-05-25 23:36:23,696 INFO ==> Height map loss:  12.581393
2025-05-25 23:36:44,125 INFO =====> Skill params: [ 0.6053367   0.12734124  0.69545215 -0.1377513  -0.47387975]
2025-05-25 23:36:44,125 INFO =====> Grad: [-362.35544  617.15845 -306.1566   182.18709 -469.14078]
2025-05-25 23:36:44,125 INFO =====> Num. aborted data so far: 0
2025-05-25 23:36:44,125 INFO ===========> Epoch: 7 optimisation losses
2025-05-25 23:36:44,126 INFO =====> EMD Loss: 21.760046
2025-05-25 23:36:44,126 INFO =====> Height map loss: 8.469103
2025-05-25 23:36:53,316 INFO ==> EMD Loss: 21.760767
2025-05-25 23:36:53,317 INFO ==> Height map loss:  8.456237
2025-05-25 23:37:02,541 INFO ==> EMD Loss: 21.752865
2025-05-25 23:37:02,541 INFO ==> Height map loss:  8.398403
2025-05-25 23:37:11,628 INFO ==> EMD Loss: 22.101040
2025-05-25 23:37:11,628 INFO ==> Height map loss:  8.445874
2025-05-25 23:37:20,853 INFO ==> EMD Loss: 21.667746
2025-05-25 23:37:20,853 INFO ==> Height map loss:  8.564288
2025-05-25 23:37:30,000 INFO ==> EMD Loss: 21.685186
2025-05-25 23:37:30,000 INFO ==> Height map loss:  8.534384
2025-05-25 23:37:50,488 INFO =====> Skill params: [ 0.6104598   0.12313578  0.71733147 -0.14302023 -0.4612443 ]
2025-05-25 23:37:50,488 INFO =====> Grad: [ 1095.7239  -2589.5713   -336.0865   -182.96222  -983.23663]
2025-05-25 23:37:50,488 INFO =====> Num. aborted data so far: 0
2025-05-25 23:37:50,489 INFO ===========> Epoch: 8 optimisation losses
2025-05-25 23:37:50,489 INFO =====> EMD Loss: 22.173368
2025-05-25 23:37:50,489 INFO =====> Height map loss: 8.452221
2025-05-25 23:37:59,586 INFO ==> EMD Loss: 22.078775
2025-05-25 23:37:59,586 INFO ==> Height map loss:  8.407058
2025-05-25 23:38:08,852 INFO ==> EMD Loss: 22.709440
2025-05-25 23:38:08,853 INFO ==> Height map loss:  9.098660
2025-05-25 23:38:17,910 INFO ==> EMD Loss: 23.549204
2025-05-25 23:38:17,910 INFO ==> Height map loss:  9.884659
2025-05-25 23:38:27,155 INFO ==> EMD Loss: 24.446486
2025-05-25 23:38:27,155 INFO ==> Height map loss:  10.714035
2025-05-25 23:38:36,287 INFO ==> EMD Loss: 24.930267
2025-05-25 23:38:36,287 INFO ==> Height map loss:  11.681175
2025-05-25 23:38:56,786 INFO =====> Skill params: [ 0.60737175  0.12659912  0.7217985  -0.14191234 -0.45643276]
2025-05-25 23:38:56,786 INFO =====> Grad: [-311.03778  2452.729     -25.796234  150.14342   698.1137  ]
2025-05-25 23:38:56,793 INFO =====> Num. aborted data so far: 0
2025-05-25 23:38:56,793 INFO ===========> Epoch: 9 optimisation losses
2025-05-25 23:38:56,793 INFO =====> EMD Loss: 22.161619
2025-05-25 23:38:56,793 INFO =====> Height map loss: 8.496991
2025-05-25 23:39:06,057 INFO ==> EMD Loss: 22.056580
2025-05-25 23:39:06,057 INFO ==> Height map loss:  8.400579
2025-05-25 23:39:15,129 INFO ==> EMD Loss: 21.776957
2025-05-25 23:39:15,129 INFO ==> Height map loss:  8.471985
2025-05-25 23:39:24,280 INFO ==> EMD Loss: 21.830030
2025-05-25 23:39:24,281 INFO ==> Height map loss:  8.585465
2025-05-25 23:39:33,256 INFO ==> EMD Loss: 22.137148
2025-05-25 23:39:33,256 INFO ==> Height map loss:  9.032095
2025-05-25 23:39:42,443 INFO ==> EMD Loss: 22.494059
2025-05-25 23:39:42,444 INFO ==> Height map loss:  9.658754
2025-05-25 23:40:02,772 INFO =====> Skill params: [ 0.6082914   0.12335042  0.7221596  -0.14286582 -0.45979944]
2025-05-25 23:40:02,772 INFO =====> Grad: [-378.38354 2915.6619   318.36768 -133.15366  937.07904]
2025-05-25 23:40:02,772 INFO =====> Num. aborted data so far: 0
2025-05-25 23:40:02,773 INFO ===========> Epoch: 10 optimisation losses
2025-05-25 23:40:02,773 INFO =====> EMD Loss: 22.082579
2025-05-25 23:40:02,773 INFO =====> Height map loss: 8.479036
2025-05-25 23:40:12,147 INFO ==> EMD Loss: 21.789387
2025-05-25 23:40:12,147 INFO ==> Height map loss:  8.416396
2025-05-25 23:40:21,288 INFO ==> EMD Loss: 21.986437
2025-05-25 23:40:21,289 INFO ==> Height map loss:  8.558192
2025-05-25 23:40:30,474 INFO ==> EMD Loss: 21.892752
2025-05-25 23:40:30,474 INFO ==> Height map loss:  8.879058
2025-05-25 23:40:39,538 INFO ==> EMD Loss: 22.401638
2025-05-25 23:40:39,538 INFO ==> Height map loss:  9.497324
2025-05-25 23:40:48,812 INFO ==> EMD Loss: 22.844591
2025-05-25 23:40:48,812 INFO ==> Height map loss:  9.944384
2025-05-25 23:41:09,136 INFO =====> Skill params: [ 0.60946167  0.11960951  0.7179494  -0.1419784  -0.46405646]
2025-05-25 23:41:09,136 INFO =====> Grad: [-648.94244 3933.7017   335.128    769.81256  108.42318]
2025-05-25 23:41:09,136 INFO =====> Num. aborted data so far: 0
2025-05-25 23:41:09,136 INFO ===========> Epoch: 11 optimisation losses
2025-05-25 23:41:09,136 INFO =====> EMD Loss: 22.020786
2025-05-25 23:41:09,137 INFO =====> Height map loss: 8.441814
2025-05-25 23:41:18,443 INFO ==> EMD Loss: 21.869736
2025-05-25 23:41:18,443 INFO ==> Height map loss:  8.385153
2025-05-25 23:41:27,608 INFO ==> EMD Loss: 21.855028
2025-05-25 23:41:27,608 INFO ==> Height map loss:  8.523524
2025-05-25 23:41:36,835 INFO ==> EMD Loss: 22.322834
2025-05-25 23:41:36,835 INFO ==> Height map loss:  8.841090
2025-05-25 23:41:45,933 INFO ==> EMD Loss: 22.689207
2025-05-25 23:41:45,934 INFO ==> Height map loss:  10.116432
2025-05-25 23:41:55,324 INFO ==> EMD Loss: 23.460575
2025-05-25 23:41:55,325 INFO ==> Height map loss:  10.849848
2025-05-25 23:42:15,846 INFO =====> Skill params: [ 0.6115266   0.11496925  0.71375835 -0.14667667 -0.46457487]
2025-05-25 23:42:15,847 INFO =====> Grad: [ 1019.48785 -2572.3896    261.79688   818.17096 -1141.223  ]
2025-05-25 23:42:15,847 INFO =====> Num. aborted data so far: 0
2025-05-25 23:42:15,847 INFO ===========> Epoch: 12 optimisation losses
2025-05-25 23:42:15,847 INFO =====> EMD Loss: 21.644917
2025-05-25 23:42:15,848 INFO =====> Height map loss: 8.557783
2025-05-25 23:42:24,983 INFO ==> EMD Loss: 21.794140
2025-05-25 23:42:24,983 INFO ==> Height map loss:  8.376490
2025-05-25 23:42:34,247 INFO ==> EMD Loss: 21.974283
2025-05-25 23:42:34,247 INFO ==> Height map loss:  8.585137
2025-05-25 23:42:43,281 INFO ==> EMD Loss: 22.029421
2025-05-25 23:42:43,281 INFO ==> Height map loss:  8.975334
2025-05-25 23:42:52,534 INFO ==> EMD Loss: 22.512924
2025-05-25 23:42:52,534 INFO ==> Height map loss:  9.170428
2025-05-25 23:43:01,706 INFO ==> EMD Loss: 22.530396
2025-05-25 23:43:01,706 INFO ==> Height map loss:  9.975544
2025-05-25 23:43:22,724 INFO =====> Skill params: [ 0.6083097   0.11800019  0.7105152  -0.15127924 -0.45965642]
2025-05-25 23:43:22,724 INFO =====> Grad: [ 1057.4609   -5566.507      163.72336     55.591866   844.25604 ]
2025-05-25 23:43:22,724 INFO =====> Num. aborted data so far: 0
2025-05-25 23:43:22,724 INFO ===========> Epoch: 13 optimisation losses
2025-05-25 23:43:22,724 INFO =====> EMD Loss: 21.722485
2025-05-25 23:43:22,724 INFO =====> Height map loss: 8.419193
2025-05-25 23:43:31,888 INFO ==> EMD Loss: 21.810034
2025-05-25 23:43:31,888 INFO ==> Height map loss:  8.389950
2025-05-25 23:43:41,123 INFO ==> EMD Loss: 22.016045
2025-05-25 23:43:41,123 INFO ==> Height map loss:  8.310396
2025-05-25 23:43:50,151 INFO ==> EMD Loss: 22.522812
2025-05-25 23:43:50,151 INFO ==> Height map loss:  8.625908
2025-05-25 23:43:59,375 INFO ==> EMD Loss: 22.439936
2025-05-25 23:43:59,375 INFO ==> Height map loss:  9.126556
2025-05-25 23:44:08,343 INFO ==> EMD Loss: 22.522030
2025-05-25 23:44:08,343 INFO ==> Height map loss:  9.402258
2025-05-25 23:44:28,795 INFO =====> Skill params: [ 0.5918204   0.14593674  0.7000871  -0.15292647 -0.4774354 ]
2025-05-25 23:44:28,795 INFO =====> Grad: [  477.5715  -2923.3591   -295.45428   404.9163    780.45135]
2025-05-25 23:44:28,795 INFO =====> Num. aborted data so far: 0
2025-05-25 23:44:28,796 INFO ===========> Epoch: 14 optimisation losses
2025-05-25 23:44:28,796 INFO =====> EMD Loss: 22.044077
2025-05-25 23:44:28,796 INFO =====> Height map loss: 8.420529
2025-05-25 23:44:37,894 INFO ==> EMD Loss: 22.135271
2025-05-25 23:44:37,894 INFO ==> Height map loss:  8.220113
2025-05-25 23:44:47,104 INFO ==> EMD Loss: 22.012512
2025-05-25 23:44:47,105 INFO ==> Height map loss:  8.334127
2025-05-25 23:44:56,099 INFO ==> EMD Loss: 22.209635
2025-05-25 23:44:56,099 INFO ==> Height map loss:  8.457724
2025-05-25 23:45:05,278 INFO ==> EMD Loss: 22.211634
2025-05-25 23:45:05,278 INFO ==> Height map loss:  8.507993
2025-05-25 23:45:14,244 INFO ==> EMD Loss: 22.075005
2025-05-25 23:45:14,244 INFO ==> Height map loss:  8.426785
2025-05-25 23:45:34,668 INFO =====> Skill params: [ 0.59027153  0.1488774   0.7037472  -0.15537049 -0.48069   ]
2025-05-25 23:45:34,668 INFO =====> Grad: [-1416.9551   4261.651     342.94345   837.92554  -145.65488]
2025-05-25 23:45:34,668 INFO =====> Num. aborted data so far: 0
2025-05-25 23:45:34,669 INFO ===========> Epoch: 15 optimisation losses
2025-05-25 23:45:34,669 INFO =====> EMD Loss: 22.036367
2025-05-25 23:45:34,669 INFO =====> Height map loss: 8.445998
2025-05-25 23:45:43,832 INFO ==> EMD Loss: 22.057997
2025-05-25 23:45:43,832 INFO ==> Height map loss:  8.183686
2025-05-25 23:45:53,082 INFO ==> EMD Loss: 21.926054
2025-05-25 23:45:53,082 INFO ==> Height map loss:  8.267685
2025-05-25 23:46:02,199 INFO ==> EMD Loss: 22.356499
2025-05-25 23:46:02,199 INFO ==> Height map loss:  8.746451
2025-05-25 23:46:11,553 INFO ==> EMD Loss: 22.439350
2025-05-25 23:46:11,554 INFO ==> Height map loss:  9.473917
2025-05-25 23:46:20,735 INFO ==> EMD Loss: 22.849302
2025-05-25 23:46:20,735 INFO ==> Height map loss:  10.465196
2025-05-25 23:46:41,673 INFO =====> Skill params: [ 0.5945858   0.14479779  0.6996975  -0.1600181  -0.4800512 ]
2025-05-25 23:46:41,674 INFO =====> Grad: [  990.43085 -3253.3064   -224.13162 -1017.09015  -696.65393]
2025-05-25 23:46:41,674 INFO =====> Num. aborted data so far: 0
2025-05-25 23:46:41,674 INFO ===========> Epoch: 16 optimisation losses
2025-05-25 23:46:41,674 INFO =====> EMD Loss: 22.086746
2025-05-25 23:46:41,674 INFO =====> Height map loss: 8.373568
2025-05-25 23:46:50,850 INFO ==> EMD Loss: 21.875233
2025-05-25 23:46:50,850 INFO ==> Height map loss:  8.339991
2025-05-25 23:46:59,988 INFO ==> EMD Loss: 22.638639
2025-05-25 23:46:59,988 INFO ==> Height map loss:  8.785183
2025-05-25 23:47:09,170 INFO ==> EMD Loss: 23.825584
2025-05-25 23:47:09,170 INFO ==> Height map loss:  9.765954
2025-05-25 23:47:18,498 INFO ==> EMD Loss: 24.187689
2025-05-25 23:47:18,498 INFO ==> Height map loss:  10.843263
2025-05-25 23:47:27,698 INFO ==> EMD Loss: 24.800489
2025-05-25 23:47:27,698 INFO ==> Height map loss:  11.640660
2025-05-25 23:47:48,215 INFO =====> Skill params: [ 0.59157175  0.1479001   0.70237404 -0.15497959 -0.47700152]
2025-05-25 23:47:48,215 INFO =====> Grad: [-1401.4728   4189.9355    342.68765  -278.9156   -481.43863]
2025-05-25 23:47:48,215 INFO =====> Num. aborted data so far: 0
2025-05-25 23:47:48,216 INFO ===========> Epoch: 17 optimisation losses
2025-05-25 23:47:48,216 INFO =====> EMD Loss: 22.041651
2025-05-25 23:47:48,216 INFO =====> Height map loss: 8.478287
2025-05-25 23:47:57,303 INFO ==> EMD Loss: 21.930647
2025-05-25 23:47:57,303 INFO ==> Height map loss:  8.321596
2025-05-25 23:48:06,665 INFO ==> EMD Loss: 21.780615
2025-05-25 23:48:06,666 INFO ==> Height map loss:  8.472919
2025-05-25 23:48:15,808 INFO ==> EMD Loss: 22.370066
2025-05-25 23:48:15,808 INFO ==> Height map loss:  8.382359
2025-05-25 23:48:25,168 INFO ==> EMD Loss: 21.822247
2025-05-25 23:48:25,168 INFO ==> Height map loss:  8.656075
2025-05-25 23:48:34,384 INFO ==> EMD Loss: 22.528744
2025-05-25 23:48:34,384 INFO ==> Height map loss:  9.084331
2025-05-25 23:48:55,343 INFO =====> Skill params: [ 0.5956343   0.14405078  0.6984472  -0.15354    -0.4748385 ]
2025-05-25 23:48:55,343 INFO =====> Grad: [-946.7125   4084.8857    -94.889145   19.806845  957.4376  ]
2025-05-25 23:48:55,343 INFO =====> Num. aborted data so far: 0
2025-05-25 23:48:55,344 INFO ===========> Epoch: 18 optimisation losses
2025-05-25 23:48:55,344 INFO =====> EMD Loss: 22.086248
2025-05-25 23:48:55,344 INFO =====> Height map loss: 8.497143
2025-05-25 23:49:04,459 INFO ==> EMD Loss: 22.052612
2025-05-25 23:49:04,459 INFO ==> Height map loss:  8.326937
2025-05-25 23:49:13,701 INFO ==> EMD Loss: 21.983438
2025-05-25 23:49:13,701 INFO ==> Height map loss:  8.300305
2025-05-25 23:49:22,820 INFO ==> EMD Loss: 22.091204
2025-05-25 23:49:22,820 INFO ==> Height map loss:  8.653730
2025-05-25 23:49:32,161 INFO ==> EMD Loss: 22.338459
2025-05-25 23:49:32,162 INFO ==> Height map loss:  9.377102
2025-05-25 23:49:41,327 INFO ==> EMD Loss: 22.804838
2025-05-25 23:49:41,327 INFO ==> Height map loss:  10.225186
2025-05-25 23:50:01,810 INFO =====> Skill params: [ 0.60946906  0.12579522  0.7041365  -0.15407877 -0.4952937 ]
2025-05-25 23:50:01,810 INFO =====> Grad: [-1123.0312    5483.391      336.8063      17.725006  -115.618484]
2025-05-25 23:50:01,817 INFO =====> Num. aborted data so far: 0
2025-05-25 23:50:01,818 INFO ===========> Epoch: 19 optimisation losses
2025-05-25 23:50:01,818 INFO =====> EMD Loss: 21.765099
2025-05-25 23:50:01,818 INFO =====> Height map loss: 8.319063
2025-05-25 23:50:10,951 INFO ==> EMD Loss: 21.946032
2025-05-25 23:50:10,951 INFO ==> Height map loss:  8.256522
2025-05-25 23:50:19,951 INFO ==> EMD Loss: 21.796869
2025-05-25 23:50:19,951 INFO ==> Height map loss:  8.634748
2025-05-25 23:50:29,279 INFO ==> EMD Loss: 22.448713
2025-05-25 23:50:29,279 INFO ==> Height map loss:  9.009132
2025-05-25 23:50:38,356 INFO ==> EMD Loss: 22.675007
2025-05-25 23:50:38,356 INFO ==> Height map loss:  9.871338
2025-05-25 23:50:47,719 INFO ==> EMD Loss: 23.167974
2025-05-25 23:50:47,719 INFO ==> Height map loss:  10.666972
2025-05-25 23:50:56,796 INFO ===========> Finished training.
2025-05-25 23:50:56,796 INFO ====> Final EMD Loss: 21.941545
2025-05-25 23:50:56,796 INFO ====> Final Height map loss: 8.256696
2025-05-25 23:50:56,797 INFO ====> Final skill params: [ 0.6127195   0.12125812  0.7002524  -0.15418041 -0.49477375]
