2024-12-11 13:33:20,676 DEBUG loaded <trimesh.Trimesh(vertices.shape=(916, 3), faces.shape=(856, 3))> using `load_obj` in 0.0030s
2024-12-11 13:33:20,829 DEBUG loaded <trimesh.Trimesh(vertices.shape=(48, 3), faces.shape=(28, 3))> using `load_obj` in 0.0007s
2024-12-11 13:33:38,317 INFO =====> Skill params: [ 0.01800392  0.2         0.8         0.         -0.5       ]
2024-12-11 13:33:38,317 INFO =====> Grad: [ 1.2860950e+03  8.1969185e+01 -1.4559859e-05 -1.7048364e+02
  4.3629261e-06]
2024-12-11 13:33:38,317 INFO =====> Num. aborted data so far: 0
2024-12-11 13:33:38,318 INFO ===========> Epoch: 0 optimisation losses
2024-12-11 13:33:38,318 INFO =====> EMD Loss: 17.290016
2024-12-11 13:33:38,318 INFO =====> Height map loss: 6.377987
2024-12-11 13:33:38,729 DEBUG loaded <trimesh.Trimesh(vertices.shape=(916, 3), faces.shape=(856, 3))> using `load_obj` in 0.0031s
2024-12-11 13:33:38,888 DEBUG loaded <trimesh.Trimesh(vertices.shape=(48, 3), faces.shape=(28, 3))> using `load_obj` in 0.0008s
2024-12-11 13:33:45,699 INFO ==> EMD Loss: 17.661011
2024-12-11 13:33:45,699 INFO ==> Height map loss:  6.416657
2024-12-11 13:33:46,177 DEBUG loaded <trimesh.Trimesh(vertices.shape=(916, 3), faces.shape=(856, 3))> using `load_obj` in 0.0030s
2024-12-11 13:33:46,336 DEBUG loaded <trimesh.Trimesh(vertices.shape=(48, 3), faces.shape=(28, 3))> using `load_obj` in 0.0007s
2024-12-11 13:33:53,078 INFO ==> EMD Loss: 17.774855
2024-12-11 13:33:53,078 INFO ==> Height map loss:  6.576468
2024-12-11 13:33:53,465 DEBUG loaded <trimesh.Trimesh(vertices.shape=(916, 3), faces.shape=(856, 3))> using `load_obj` in 0.0030s
2024-12-11 13:33:53,623 DEBUG loaded <trimesh.Trimesh(vertices.shape=(48, 3), faces.shape=(28, 3))> using `load_obj` in 0.0007s
2024-12-11 13:34:00,298 INFO ==> EMD Loss: 17.983467
2024-12-11 13:34:00,298 INFO ==> Height map loss:  6.760147
2024-12-11 13:34:00,758 DEBUG loaded <trimesh.Trimesh(vertices.shape=(916, 3), faces.shape=(856, 3))> using `load_obj` in 0.0040s
2024-12-11 13:34:00,926 DEBUG loaded <trimesh.Trimesh(vertices.shape=(48, 3), faces.shape=(28, 3))> using `load_obj` in 0.0007s
2024-12-11 13:34:07,214 INFO ==> EMD Loss: 18.191074
2024-12-11 13:34:07,215 INFO ==> Height map loss:  6.811706
2024-12-11 13:34:07,651 DEBUG loaded <trimesh.Trimesh(vertices.shape=(916, 3), faces.shape=(856, 3))> using `load_obj` in 0.0029s
2024-12-11 13:34:07,812 DEBUG loaded <trimesh.Trimesh(vertices.shape=(48, 3), faces.shape=(28, 3))> using `load_obj` in 0.0007s
2024-12-11 13:34:14,435 INFO ==> EMD Loss: 18.065714
2024-12-11 13:34:14,435 INFO ==> Height map loss:  6.919643
2024-12-11 13:34:14,900 DEBUG loaded <trimesh.Trimesh(vertices.shape=(916, 3), faces.shape=(856, 3))> using `load_obj` in 0.0040s
2024-12-11 13:34:15,102 DEBUG loaded <trimesh.Trimesh(vertices.shape=(48, 3), faces.shape=(28, 3))> using `load_obj` in 0.0009s
2024-12-11 13:34:32,373 INFO =====> Skill params: [ 0.00851709  0.19051316  0.80045986  0.00948683 -0.5001379 ]
2024-12-11 13:34:32,374 INFO =====> Grad: [-3.2452666e+03 -4.7061047e+02 -1.9492185e-05  9.0018158e+02
  4.2722579e-05]
2024-12-11 13:34:32,374 INFO =====> Num. aborted data so far: 0
2024-12-11 13:34:32,374 INFO ===========> Epoch: 1 optimisation losses
2024-12-11 13:34:32,374 INFO =====> EMD Loss: 17.660978
2024-12-11 13:34:32,374 INFO =====> Height map loss: 6.416648
2024-12-11 13:34:32,784 DEBUG loaded <trimesh.Trimesh(vertices.shape=(916, 3), faces.shape=(856, 3))> using `load_obj` in 0.0029s
2024-12-11 13:34:32,937 DEBUG loaded <trimesh.Trimesh(vertices.shape=(48, 3), faces.shape=(28, 3))> using `load_obj` in 0.0007s
2024-12-11 13:34:39,730 INFO ==> EMD Loss: 17.635607
2024-12-11 13:34:39,731 INFO ==> Height map loss:  6.358067
2024-12-11 13:34:40,196 DEBUG loaded <trimesh.Trimesh(vertices.shape=(916, 3), faces.shape=(856, 3))> using `load_obj` in 0.0040s
2024-12-11 13:34:40,402 DEBUG loaded <trimesh.Trimesh(vertices.shape=(48, 3), faces.shape=(28, 3))> using `load_obj` in 0.0009s
2024-12-11 13:34:47,569 INFO ==> EMD Loss: 17.462467
2024-12-11 13:34:47,570 INFO ==> Height map loss:  6.327298
2024-12-11 13:34:48,034 DEBUG loaded <trimesh.Trimesh(vertices.shape=(916, 3), faces.shape=(856, 3))> using `load_obj` in 0.0039s
2024-12-11 13:34:48,234 DEBUG loaded <trimesh.Trimesh(vertices.shape=(48, 3), faces.shape=(28, 3))> using `load_obj` in 0.0008s
2024-12-11 13:34:55,275 INFO ==> EMD Loss: 17.114723
2024-12-11 13:34:55,275 INFO ==> Height map loss:  6.116412
2024-12-11 13:34:55,735 DEBUG loaded <trimesh.Trimesh(vertices.shape=(916, 3), faces.shape=(856, 3))> using `load_obj` in 0.0038s
2024-12-11 13:34:55,928 DEBUG loaded <trimesh.Trimesh(vertices.shape=(48, 3), faces.shape=(28, 3))> using `load_obj` in 0.0008s
2024-12-11 13:35:03,204 INFO ==> EMD Loss: 17.114956
2024-12-11 13:35:03,204 INFO ==> Height map loss:  5.953362
2024-12-11 13:35:03,586 DEBUG loaded <trimesh.Trimesh(vertices.shape=(916, 3), faces.shape=(856, 3))> using `load_obj` in 0.0030s
2024-12-11 13:35:03,740 DEBUG loaded <trimesh.Trimesh(vertices.shape=(48, 3), faces.shape=(28, 3))> using `load_obj` in 0.0007s
2024-12-11 13:35:11,005 INFO ==> EMD Loss: 16.720043
2024-12-11 13:35:11,005 INFO ==> Height map loss:  5.729047
2024-12-11 13:35:11,443 DEBUG loaded <trimesh.Trimesh(vertices.shape=(916, 3), faces.shape=(856, 3))> using `load_obj` in 0.0030s
2024-12-11 13:35:11,602 DEBUG loaded <trimesh.Trimesh(vertices.shape=(48, 3), faces.shape=(28, 3))> using `load_obj` in 0.0007s
2024-12-11 13:35:30,506 INFO =====> Skill params: [ 0.18611683  0.37771142  0.81340766 -0.17725956 -0.5282981 ]
2024-12-11 13:35:30,506 INFO =====> Grad: [ 1.5751617e+02 -3.4124481e+02  2.7009592e-05 -4.1400684e+02
 -6.9968114e-06]
2024-12-11 13:35:30,506 INFO =====> Num. aborted data so far: 0
2024-12-11 13:35:30,507 INFO ===========> Epoch: 2 optimisation losses
2024-12-11 13:35:30,507 INFO =====> EMD Loss: 16.722265
2024-12-11 13:35:30,507 INFO =====> Height map loss: 5.729223
2024-12-11 13:35:30,908 DEBUG loaded <trimesh.Trimesh(vertices.shape=(916, 3), faces.shape=(856, 3))> using `load_obj` in 0.0030s
2024-12-11 13:35:31,058 DEBUG loaded <trimesh.Trimesh(vertices.shape=(48, 3), faces.shape=(28, 3))> using `load_obj` in 0.0007s
2024-12-11 13:35:38,222 INFO ==> EMD Loss: 16.705256
2024-12-11 13:35:38,222 INFO ==> Height map loss:  5.851613
2024-12-11 13:35:38,606 DEBUG loaded <trimesh.Trimesh(vertices.shape=(916, 3), faces.shape=(856, 3))> using `load_obj` in 0.0028s
2024-12-11 13:35:38,754 DEBUG loaded <trimesh.Trimesh(vertices.shape=(48, 3), faces.shape=(28, 3))> using `load_obj` in 0.0007s
2024-12-11 13:35:45,817 INFO ==> EMD Loss: 16.853588
2024-12-11 13:35:45,817 INFO ==> Height map loss:  6.095019
2024-12-11 13:35:46,205 DEBUG loaded <trimesh.Trimesh(vertices.shape=(916, 3), faces.shape=(856, 3))> using `load_obj` in 0.0028s
2024-12-11 13:35:46,354 DEBUG loaded <trimesh.Trimesh(vertices.shape=(48, 3), faces.shape=(28, 3))> using `load_obj` in 0.0007s
2024-12-11 13:35:54,027 INFO ==> EMD Loss: 17.021200
2024-12-11 13:35:54,027 INFO ==> Height map loss:  6.445387
2024-12-11 13:35:54,415 DEBUG loaded <trimesh.Trimesh(vertices.shape=(916, 3), faces.shape=(856, 3))> using `load_obj` in 0.0029s
2024-12-11 13:35:54,564 DEBUG loaded <trimesh.Trimesh(vertices.shape=(48, 3), faces.shape=(28, 3))> using `load_obj` in 0.0007s
2024-12-11 13:36:02,177 INFO ==> EMD Loss: 17.056616
2024-12-11 13:36:02,177 INFO ==> Height map loss:  6.646560
2024-12-11 13:36:02,559 DEBUG loaded <trimesh.Trimesh(vertices.shape=(916, 3), faces.shape=(856, 3))> using `load_obj` in 0.0029s
2024-12-11 13:36:02,707 DEBUG loaded <trimesh.Trimesh(vertices.shape=(48, 3), faces.shape=(28, 3))> using `load_obj` in 0.0007s
2024-12-11 13:36:10,640 INFO ==> EMD Loss: 17.160421
2024-12-11 13:36:10,640 INFO ==> Height map loss:  6.920964
2024-12-11 13:36:11,050 DEBUG loaded <trimesh.Trimesh(vertices.shape=(916, 3), faces.shape=(856, 3))> using `load_obj` in 0.0030s
2024-12-11 13:36:11,203 DEBUG loaded <trimesh.Trimesh(vertices.shape=(48, 3), faces.shape=(28, 3))> using `load_obj` in 0.0007s
2024-12-11 13:36:30,561 INFO =====> Skill params: [ 0.18566303  0.38342342  0.81246674 -0.17317414 -0.5280551 ]
2024-12-11 13:36:30,561 INFO =====> Grad: [-1.5603977e+03  5.8871790e+02  1.3482487e-05  8.6575287e+02
 -4.5538938e-05]
2024-12-11 13:36:30,561 INFO =====> Num. aborted data so far: 0
2024-12-11 13:36:30,562 INFO ===========> Epoch: 3 optimisation losses
2024-12-11 13:36:30,562 INFO =====> EMD Loss: 16.705269
2024-12-11 13:36:30,562 INFO =====> Height map loss: 5.851677
2024-12-11 13:36:30,962 DEBUG loaded <trimesh.Trimesh(vertices.shape=(916, 3), faces.shape=(856, 3))> using `load_obj` in 0.0031s
2024-12-11 13:36:31,111 DEBUG loaded <trimesh.Trimesh(vertices.shape=(48, 3), faces.shape=(28, 3))> using `load_obj` in 0.0007s
2024-12-11 13:36:38,042 INFO ==> EMD Loss: 16.715906
2024-12-11 13:36:38,043 INFO ==> Height map loss:  5.762566
2024-12-11 13:36:38,425 DEBUG loaded <trimesh.Trimesh(vertices.shape=(916, 3), faces.shape=(856, 3))> using `load_obj` in 0.0030s
2024-12-11 13:36:38,582 DEBUG loaded <trimesh.Trimesh(vertices.shape=(48, 3), faces.shape=(28, 3))> using `load_obj` in 0.0008s
2024-12-11 13:36:45,904 INFO ==> EMD Loss: 16.457420
2024-12-11 13:36:45,904 INFO ==> Height map loss:  5.304597
2024-12-11 13:36:46,364 DEBUG loaded <trimesh.Trimesh(vertices.shape=(916, 3), faces.shape=(856, 3))> using `load_obj` in 0.0040s
2024-12-11 13:36:46,564 DEBUG loaded <trimesh.Trimesh(vertices.shape=(48, 3), faces.shape=(28, 3))> using `load_obj` in 0.0009s
2024-12-11 13:36:53,816 INFO ==> EMD Loss: 16.117947
2024-12-11 13:36:53,816 INFO ==> Height map loss:  5.122106
2024-12-11 13:36:54,284 DEBUG loaded <trimesh.Trimesh(vertices.shape=(916, 3), faces.shape=(856, 3))> using `load_obj` in 0.0040s
2024-12-11 13:36:54,458 DEBUG loaded <trimesh.Trimesh(vertices.shape=(48, 3), faces.shape=(28, 3))> using `load_obj` in 0.0007s
2024-12-11 13:37:01,546 INFO ==> EMD Loss: 15.879565
2024-12-11 13:37:01,547 INFO ==> Height map loss:  5.342604
2024-12-11 13:37:02,003 DEBUG loaded <trimesh.Trimesh(vertices.shape=(916, 3), faces.shape=(856, 3))> using `load_obj` in 0.0029s
2024-12-11 13:37:02,157 DEBUG loaded <trimesh.Trimesh(vertices.shape=(48, 3), faces.shape=(28, 3))> using `load_obj` in 0.0007s
2024-12-11 13:37:09,195 INFO ==> EMD Loss: 16.414753
2024-12-11 13:37:09,195 INFO ==> Height map loss:  5.873130
2024-12-11 13:37:09,607 DEBUG loaded <trimesh.Trimesh(vertices.shape=(916, 3), faces.shape=(856, 3))> using `load_obj` in 0.0031s
2024-12-11 13:37:09,766 DEBUG loaded <trimesh.Trimesh(vertices.shape=(48, 3), faces.shape=(28, 3))> using `load_obj` in 0.0007s
2024-12-11 13:37:27,543 INFO =====> Skill params: [ 0.22805552  0.31337348  0.8075226  -0.23848753 -0.5116365 ]
2024-12-11 13:37:27,543 INFO =====> Grad: [ 2.9061248e+03 -5.0645169e+02 -5.0289200e-06 -1.0353091e+03
 -2.3637962e-05]
2024-12-11 13:37:27,543 INFO =====> Num. aborted data so far: 0
2024-12-11 13:37:27,544 INFO ===========> Epoch: 4 optimisation losses
2024-12-11 13:37:27,544 INFO =====> EMD Loss: 16.118183
2024-12-11 13:37:27,544 INFO =====> Height map loss: 5.122292
2024-12-11 13:37:27,968 DEBUG loaded <trimesh.Trimesh(vertices.shape=(916, 3), faces.shape=(856, 3))> using `load_obj` in 0.0029s
2024-12-11 13:37:28,121 DEBUG loaded <trimesh.Trimesh(vertices.shape=(48, 3), faces.shape=(28, 3))> using `load_obj` in 0.0007s
2024-12-11 13:37:35,190 INFO ==> EMD Loss: 16.112101
2024-12-11 13:37:35,190 INFO ==> Height map loss:  5.131361
2024-12-11 13:37:35,575 DEBUG loaded <trimesh.Trimesh(vertices.shape=(916, 3), faces.shape=(856, 3))> using `load_obj` in 0.0029s
2024-12-11 13:37:35,726 DEBUG loaded <trimesh.Trimesh(vertices.shape=(48, 3), faces.shape=(28, 3))> using `load_obj` in 0.0007s
2024-12-11 13:37:42,943 INFO ==> EMD Loss: 16.501034
2024-12-11 13:37:42,943 INFO ==> Height map loss:  5.336163
2024-12-11 13:37:43,340 DEBUG loaded <trimesh.Trimesh(vertices.shape=(916, 3), faces.shape=(856, 3))> using `load_obj` in 0.0030s
2024-12-11 13:37:43,493 DEBUG loaded <trimesh.Trimesh(vertices.shape=(48, 3), faces.shape=(28, 3))> using `load_obj` in 0.0007s
2024-12-11 13:37:50,701 INFO ==> EMD Loss: 16.795341
2024-12-11 13:37:50,701 INFO ==> Height map loss:  5.900136
2024-12-11 13:37:51,088 DEBUG loaded <trimesh.Trimesh(vertices.shape=(916, 3), faces.shape=(856, 3))> using `load_obj` in 0.0029s
2024-12-11 13:37:51,236 DEBUG loaded <trimesh.Trimesh(vertices.shape=(48, 3), faces.shape=(28, 3))> using `load_obj` in 0.0007s
2024-12-11 13:37:58,550 INFO ==> EMD Loss: 16.984663
2024-12-11 13:37:58,551 INFO ==> Height map loss:  6.576031
2024-12-11 13:37:58,941 DEBUG loaded <trimesh.Trimesh(vertices.shape=(916, 3), faces.shape=(856, 3))> using `load_obj` in 0.0029s
2024-12-11 13:37:59,086 DEBUG loaded <trimesh.Trimesh(vertices.shape=(48, 3), faces.shape=(28, 3))> using `load_obj` in 0.0007s
2024-12-11 13:38:06,295 INFO ==> EMD Loss: 17.458025
2024-12-11 13:38:06,295 INFO ==> Height map loss:  6.801654
2024-12-11 13:38:06,680 DEBUG loaded <trimesh.Trimesh(vertices.shape=(916, 3), faces.shape=(856, 3))> using `load_obj` in 0.0029s
2024-12-11 13:38:06,838 DEBUG loaded <trimesh.Trimesh(vertices.shape=(48, 3), faces.shape=(28, 3))> using `load_obj` in 0.0008s
2024-12-11 13:38:25,145 INFO =====> Skill params: [ 0.2217993   0.31865165  0.80771697 -0.23226954 -0.5107422 ]
2024-12-11 13:38:25,145 INFO =====> Grad: [ 2.7685469e+03  4.9134570e+02  2.7990445e-05 -9.0753772e+02
 -6.5400374e-05]
2024-12-11 13:38:25,145 INFO =====> Num. aborted data so far: 0
2024-12-11 13:38:25,145 INFO ===========> Epoch: 5 optimisation losses
2024-12-11 13:38:25,145 INFO =====> EMD Loss: 16.112049
2024-12-11 13:38:25,145 INFO =====> Height map loss: 5.131369
2024-12-11 13:38:25,560 DEBUG loaded <trimesh.Trimesh(vertices.shape=(916, 3), faces.shape=(856, 3))> using `load_obj` in 0.0032s
2024-12-11 13:38:25,717 DEBUG loaded <trimesh.Trimesh(vertices.shape=(48, 3), faces.shape=(28, 3))> using `load_obj` in 0.0007s
2024-12-11 13:38:33,011 INFO ==> EMD Loss: 16.155581
2024-12-11 13:38:33,011 INFO ==> Height map loss:  5.130215
2024-12-11 13:38:33,387 DEBUG loaded <trimesh.Trimesh(vertices.shape=(916, 3), faces.shape=(856, 3))> using `load_obj` in 0.0029s
2024-12-11 13:38:33,537 DEBUG loaded <trimesh.Trimesh(vertices.shape=(48, 3), faces.shape=(28, 3))> using `load_obj` in 0.0007s
2024-12-11 13:38:40,702 INFO ==> EMD Loss: 16.374001
2024-12-11 13:38:40,702 INFO ==> Height map loss:  5.305878
2024-12-11 13:38:41,087 DEBUG loaded <trimesh.Trimesh(vertices.shape=(916, 3), faces.shape=(856, 3))> using `load_obj` in 0.0029s
2024-12-11 13:38:41,235 DEBUG loaded <trimesh.Trimesh(vertices.shape=(48, 3), faces.shape=(28, 3))> using `load_obj` in 0.0007s
2024-12-11 13:38:47,987 INFO ==> EMD Loss: 16.319090
2024-12-11 13:38:47,987 INFO ==> Height map loss:  5.364131
2024-12-11 13:38:48,369 DEBUG loaded <trimesh.Trimesh(vertices.shape=(916, 3), faces.shape=(856, 3))> using `load_obj` in 0.0029s
2024-12-11 13:38:48,521 DEBUG loaded <trimesh.Trimesh(vertices.shape=(48, 3), faces.shape=(28, 3))> using `load_obj` in 0.0007s
2024-12-11 13:38:56,077 INFO ==> EMD Loss: 16.728916
2024-12-11 13:38:56,077 INFO ==> Height map loss:  5.444030
2024-12-11 13:38:56,459 DEBUG loaded <trimesh.Trimesh(vertices.shape=(916, 3), faces.shape=(856, 3))> using `load_obj` in 0.0029s
2024-12-11 13:38:56,608 DEBUG loaded <trimesh.Trimesh(vertices.shape=(48, 3), faces.shape=(28, 3))> using `load_obj` in 0.0007s
2024-12-11 13:39:04,036 INFO ==> EMD Loss: 16.851423
2024-12-11 13:39:04,036 INFO ==> Height map loss:  5.664080
2024-12-11 13:39:04,418 DEBUG loaded <trimesh.Trimesh(vertices.shape=(916, 3), faces.shape=(856, 3))> using `load_obj` in 0.0029s
2024-12-11 13:39:04,568 DEBUG loaded <trimesh.Trimesh(vertices.shape=(48, 3), faces.shape=(28, 3))> using `load_obj` in 0.0007s
2024-12-11 13:39:23,211 INFO =====> Skill params: [ 0.21656129  0.31396013  0.8065849  -0.22735511 -0.5082273 ]
2024-12-11 13:39:23,211 INFO =====> Grad: [-2.9114695e+03  8.0244135e+02  9.0007779e-07 -8.6814594e+02
  2.7704929e-05]
2024-12-11 13:39:23,211 INFO =====> Num. aborted data so far: 0
2024-12-11 13:39:23,211 INFO ===========> Epoch: 6 optimisation losses
2024-12-11 13:39:23,211 INFO =====> EMD Loss: 16.155573
2024-12-11 13:39:23,211 INFO =====> Height map loss: 5.130237
2024-12-11 13:39:23,716 DEBUG loaded <trimesh.Trimesh(vertices.shape=(916, 3), faces.shape=(856, 3))> using `load_obj` in 0.0041s
2024-12-11 13:39:23,915 DEBUG loaded <trimesh.Trimesh(vertices.shape=(48, 3), faces.shape=(28, 3))> using `load_obj` in 0.0008s
2024-12-11 13:39:31,169 INFO ==> EMD Loss: 16.130671
2024-12-11 13:39:31,170 INFO ==> Height map loss:  5.194829
2024-12-11 13:39:31,553 DEBUG loaded <trimesh.Trimesh(vertices.shape=(916, 3), faces.shape=(856, 3))> using `load_obj` in 0.0029s
2024-12-11 13:39:31,709 DEBUG loaded <trimesh.Trimesh(vertices.shape=(48, 3), faces.shape=(28, 3))> using `load_obj` in 0.0007s
2024-12-11 13:39:38,820 INFO ==> EMD Loss: 16.166410
2024-12-11 13:39:38,820 INFO ==> Height map loss:  5.334079
2024-12-11 13:39:39,208 DEBUG loaded <trimesh.Trimesh(vertices.shape=(916, 3), faces.shape=(856, 3))> using `load_obj` in 0.0040s
2024-12-11 13:39:39,405 DEBUG loaded <trimesh.Trimesh(vertices.shape=(48, 3), faces.shape=(28, 3))> using `load_obj` in 0.0008s
2024-12-11 13:39:46,550 INFO ==> EMD Loss: 16.429031
2024-12-11 13:39:46,550 INFO ==> Height map loss:  5.678031
2024-12-11 13:39:46,935 DEBUG loaded <trimesh.Trimesh(vertices.shape=(916, 3), faces.shape=(856, 3))> using `load_obj` in 0.0030s
2024-12-11 13:39:47,095 DEBUG loaded <trimesh.Trimesh(vertices.shape=(48, 3), faces.shape=(28, 3))> using `load_obj` in 0.0007s
2024-12-11 13:39:54,032 INFO ==> EMD Loss: 16.548374
2024-12-11 13:39:54,032 INFO ==> Height map loss:  6.292702
2024-12-11 13:39:54,497 DEBUG loaded <trimesh.Trimesh(vertices.shape=(916, 3), faces.shape=(856, 3))> using `load_obj` in 0.0040s
2024-12-11 13:39:54,698 DEBUG loaded <trimesh.Trimesh(vertices.shape=(48, 3), faces.shape=(28, 3))> using `load_obj` in 0.0009s
2024-12-11 13:40:01,760 INFO ==> EMD Loss: 17.142750
2024-12-11 13:40:01,760 INFO ==> Height map loss:  7.019147
2024-12-11 13:40:02,230 DEBUG loaded <trimesh.Trimesh(vertices.shape=(916, 3), faces.shape=(856, 3))> using `load_obj` in 0.0038s
2024-12-11 13:40:02,429 DEBUG loaded <trimesh.Trimesh(vertices.shape=(48, 3), faces.shape=(28, 3))> using `load_obj` in 0.0008s
2024-12-11 13:40:20,348 INFO =====> Skill params: [ 0.2215137   0.30781043  0.8065465  -0.2229628  -0.5093425 ]
2024-12-11 13:40:20,348 INFO =====> Grad: [ 2.9609915e+03 -1.0767715e+03  1.2193725e-05 -6.0123340e+02
 -2.1781421e-05]
2024-12-11 13:40:20,349 INFO =====> Num. aborted data so far: 0
2024-12-11 13:40:20,349 INFO ===========> Epoch: 7 optimisation losses
2024-12-11 13:40:20,349 INFO =====> EMD Loss: 16.131111
2024-12-11 13:40:20,349 INFO =====> Height map loss: 5.194813
2024-12-11 13:40:20,769 DEBUG loaded <trimesh.Trimesh(vertices.shape=(916, 3), faces.shape=(856, 3))> using `load_obj` in 0.0029s
2024-12-11 13:40:20,917 DEBUG loaded <trimesh.Trimesh(vertices.shape=(48, 3), faces.shape=(28, 3))> using `load_obj` in 0.0007s
2024-12-11 13:40:28,037 INFO ==> EMD Loss: 16.196533
2024-12-11 13:40:28,037 INFO ==> Height map loss:  5.137320
2024-12-11 13:40:28,430 DEBUG loaded <trimesh.Trimesh(vertices.shape=(916, 3), faces.shape=(856, 3))> using `load_obj` in 0.0030s
2024-12-11 13:40:28,579 DEBUG loaded <trimesh.Trimesh(vertices.shape=(48, 3), faces.shape=(28, 3))> using `load_obj` in 0.0007s
2024-12-11 13:40:35,740 INFO ==> EMD Loss: 16.487602
2024-12-11 13:40:35,740 INFO ==> Height map loss:  5.308928
2024-12-11 13:40:36,123 DEBUG loaded <trimesh.Trimesh(vertices.shape=(916, 3), faces.shape=(856, 3))> using `load_obj` in 0.0029s
2024-12-11 13:40:36,275 DEBUG loaded <trimesh.Trimesh(vertices.shape=(48, 3), faces.shape=(28, 3))> using `load_obj` in 0.0007s
2024-12-11 13:40:43,490 INFO ==> EMD Loss: 16.783642
2024-12-11 13:40:43,490 INFO ==> Height map loss:  5.739593
2024-12-11 13:40:43,916 DEBUG loaded <trimesh.Trimesh(vertices.shape=(916, 3), faces.shape=(856, 3))> using `load_obj` in 0.0030s
2024-12-11 13:40:44,064 DEBUG loaded <trimesh.Trimesh(vertices.shape=(48, 3), faces.shape=(28, 3))> using `load_obj` in 0.0007s
2024-12-11 13:40:51,119 INFO ==> EMD Loss: 16.908857
2024-12-11 13:40:51,120 INFO ==> Height map loss:  6.374588
2024-12-11 13:40:51,507 DEBUG loaded <trimesh.Trimesh(vertices.shape=(916, 3), faces.shape=(856, 3))> using `load_obj` in 0.0028s
2024-12-11 13:40:51,655 DEBUG loaded <trimesh.Trimesh(vertices.shape=(48, 3), faces.shape=(28, 3))> using `load_obj` in 0.0007s
2024-12-11 13:40:59,223 INFO ==> EMD Loss: 17.066496
2024-12-11 13:40:59,223 INFO ==> Height map loss:  6.571515
2024-12-11 13:40:59,616 DEBUG loaded <trimesh.Trimesh(vertices.shape=(916, 3), faces.shape=(856, 3))> using `load_obj` in 0.0030s
2024-12-11 13:40:59,770 DEBUG loaded <trimesh.Trimesh(vertices.shape=(48, 3), faces.shape=(28, 3))> using `load_obj` in 0.0007s
2024-12-11 13:41:17,826 INFO =====> Skill params: [ 0.21688074  0.3142218   0.80599946 -0.21992518 -0.5084227 ]
2024-12-11 13:41:17,826 INFO =====> Grad: [ 1.3502584e+03 -4.3438608e+02 -2.3011262e-06  3.3907275e+02
  1.6639344e-05]
2024-12-11 13:41:17,826 INFO =====> Num. aborted data so far: 0
2024-12-11 13:41:17,827 INFO ===========> Epoch: 8 optimisation losses
2024-12-11 13:41:17,827 INFO =====> EMD Loss: 16.191900
2024-12-11 13:41:17,827 INFO =====> Height map loss: 5.137298
2024-12-11 13:41:18,241 DEBUG loaded <trimesh.Trimesh(vertices.shape=(916, 3), faces.shape=(856, 3))> using `load_obj` in 0.0031s
2024-12-11 13:41:18,393 DEBUG loaded <trimesh.Trimesh(vertices.shape=(48, 3), faces.shape=(28, 3))> using `load_obj` in 0.0007s
2024-12-11 13:41:25,487 INFO ==> EMD Loss: 16.123365
2024-12-11 13:41:25,487 INFO ==> Height map loss:  5.181983
2024-12-11 13:41:25,864 DEBUG loaded <trimesh.Trimesh(vertices.shape=(916, 3), faces.shape=(856, 3))> using `load_obj` in 0.0028s
2024-12-11 13:41:26,015 DEBUG loaded <trimesh.Trimesh(vertices.shape=(48, 3), faces.shape=(28, 3))> using `load_obj` in 0.0007s
2024-12-11 13:41:32,859 INFO ==> EMD Loss: 16.262270
2024-12-11 13:41:32,859 INFO ==> Height map loss:  5.234172
2024-12-11 13:41:33,250 DEBUG loaded <trimesh.Trimesh(vertices.shape=(916, 3), faces.shape=(856, 3))> using `load_obj` in 0.0029s
2024-12-11 13:41:33,403 DEBUG loaded <trimesh.Trimesh(vertices.shape=(48, 3), faces.shape=(28, 3))> using `load_obj` in 0.0007s
2024-12-11 13:41:40,701 INFO ==> EMD Loss: 16.387302
2024-12-11 13:41:40,702 INFO ==> Height map loss:  5.271295
2024-12-11 13:41:41,104 DEBUG loaded <trimesh.Trimesh(vertices.shape=(916, 3), faces.shape=(856, 3))> using `load_obj` in 0.0030s
2024-12-11 13:41:41,259 DEBUG loaded <trimesh.Trimesh(vertices.shape=(48, 3), faces.shape=(28, 3))> using `load_obj` in 0.0007s
2024-12-11 13:41:49,041 INFO ==> EMD Loss: 16.335014
2024-12-11 13:41:49,041 INFO ==> Height map loss:  5.379443
2024-12-11 13:41:49,460 DEBUG loaded <trimesh.Trimesh(vertices.shape=(916, 3), faces.shape=(856, 3))> using `load_obj` in 0.0039s
2024-12-11 13:41:49,653 DEBUG loaded <trimesh.Trimesh(vertices.shape=(48, 3), faces.shape=(28, 3))> using `load_obj` in 0.0008s
2024-12-11 13:41:57,181 INFO ==> EMD Loss: 16.478365
2024-12-11 13:41:57,181 INFO ==> Height map loss:  5.627874
2024-12-11 13:41:57,605 DEBUG loaded <trimesh.Trimesh(vertices.shape=(916, 3), faces.shape=(856, 3))> using `load_obj` in 0.0029s
2024-12-11 13:41:57,751 DEBUG loaded <trimesh.Trimesh(vertices.shape=(48, 3), faces.shape=(28, 3))> using `load_obj` in 0.0007s
2024-12-11 13:42:15,988 INFO =====> Skill params: [ 0.2147127   0.31684208  0.8061083  -0.2216991  -0.5091611 ]
2024-12-11 13:42:15,988 INFO =====> Grad: [ 2.8883926e+03 -1.2349910e+03 -1.5712558e-06  1.8497827e+02
 -7.4562115e-05]
2024-12-11 13:42:15,988 INFO =====> Num. aborted data so far: 0
2024-12-11 13:42:15,989 INFO ===========> Epoch: 9 optimisation losses
2024-12-11 13:42:15,989 INFO =====> EMD Loss: 16.123938
2024-12-11 13:42:15,989 INFO =====> Height map loss: 5.179641
2024-12-11 13:42:16,412 DEBUG loaded <trimesh.Trimesh(vertices.shape=(916, 3), faces.shape=(856, 3))> using `load_obj` in 0.0031s
2024-12-11 13:42:16,566 DEBUG loaded <trimesh.Trimesh(vertices.shape=(48, 3), faces.shape=(28, 3))> using `load_obj` in 0.0007s
2024-12-11 13:42:23,730 INFO ==> EMD Loss: 16.261854
2024-12-11 13:42:23,730 INFO ==> Height map loss:  5.251126
2024-12-11 13:42:24,167 DEBUG loaded <trimesh.Trimesh(vertices.shape=(916, 3), faces.shape=(856, 3))> using `load_obj` in 0.0030s
2024-12-11 13:42:24,321 DEBUG loaded <trimesh.Trimesh(vertices.shape=(48, 3), faces.shape=(28, 3))> using `load_obj` in 0.0009s
2024-12-11 13:42:31,550 INFO ==> EMD Loss: 16.389885
2024-12-11 13:42:31,551 INFO ==> Height map loss:  5.459050
2024-12-11 13:42:31,982 DEBUG loaded <trimesh.Trimesh(vertices.shape=(916, 3), faces.shape=(856, 3))> using `load_obj` in 0.0040s
2024-12-11 13:42:32,132 DEBUG loaded <trimesh.Trimesh(vertices.shape=(48, 3), faces.shape=(28, 3))> using `load_obj` in 0.0007s
2024-12-11 13:42:39,596 INFO ==> EMD Loss: 16.786007
2024-12-11 13:42:39,596 INFO ==> Height map loss:  5.874352
2024-12-11 13:42:40,019 DEBUG loaded <trimesh.Trimesh(vertices.shape=(916, 3), faces.shape=(856, 3))> using `load_obj` in 0.0030s
2024-12-11 13:42:40,169 DEBUG loaded <trimesh.Trimesh(vertices.shape=(48, 3), faces.shape=(28, 3))> using `load_obj` in 0.0007s
2024-12-11 13:42:47,296 INFO ==> EMD Loss: 16.806162
2024-12-11 13:42:47,297 INFO ==> Height map loss:  6.297171
2024-12-11 13:42:47,689 DEBUG loaded <trimesh.Trimesh(vertices.shape=(916, 3), faces.shape=(856, 3))> using `load_obj` in 0.0029s
2024-12-11 13:42:47,847 DEBUG loaded <trimesh.Trimesh(vertices.shape=(48, 3), faces.shape=(28, 3))> using `load_obj` in 0.0007s
2024-12-11 13:42:55,345 INFO ==> EMD Loss: 16.826826
2024-12-11 13:42:55,345 INFO ==> Height map loss:  6.538725
2024-12-11 13:42:55,724 DEBUG loaded <trimesh.Trimesh(vertices.shape=(916, 3), faces.shape=(856, 3))> using `load_obj` in 0.0030s
2024-12-11 13:42:55,876 DEBUG loaded <trimesh.Trimesh(vertices.shape=(48, 3), faces.shape=(28, 3))> using `load_obj` in 0.0007s
2024-12-11 13:43:14,224 INFO =====> Skill params: [ 0.2103671   0.32289127  0.8061866  -0.22271335 -0.50588745]
2024-12-11 13:43:14,224 INFO =====> Grad: [-2.9706562e+03  6.3765698e+02 -2.0224588e-06 -8.9574438e+02
  8.3700033e-06]
2024-12-11 13:43:14,224 INFO =====> Num. aborted data so far: 0
2024-12-11 13:43:14,225 INFO ===========> Epoch: 10 optimisation losses
2024-12-11 13:43:14,225 INFO =====> EMD Loss: 16.261776
2024-12-11 13:43:14,225 INFO =====> Height map loss: 5.251102
2024-12-11 13:43:14,649 DEBUG loaded <trimesh.Trimesh(vertices.shape=(916, 3), faces.shape=(856, 3))> using `load_obj` in 0.0030s
2024-12-11 13:43:14,803 DEBUG loaded <trimesh.Trimesh(vertices.shape=(48, 3), faces.shape=(28, 3))> using `load_obj` in 0.0007s
2024-12-11 13:43:21,654 INFO ==> EMD Loss: 16.139854
2024-12-11 13:43:21,654 INFO ==> Height map loss:  5.211240
2024-12-11 13:43:22,038 DEBUG loaded <trimesh.Trimesh(vertices.shape=(916, 3), faces.shape=(856, 3))> using `load_obj` in 0.0028s
2024-12-11 13:43:22,187 DEBUG loaded <trimesh.Trimesh(vertices.shape=(48, 3), faces.shape=(28, 3))> using `load_obj` in 0.0007s
2024-12-11 13:43:29,767 INFO ==> EMD Loss: 16.295151
2024-12-11 13:43:29,767 INFO ==> Height map loss:  5.252227
2024-12-11 13:43:30,156 DEBUG loaded <trimesh.Trimesh(vertices.shape=(916, 3), faces.shape=(856, 3))> using `load_obj` in 0.0029s
2024-12-11 13:43:30,304 DEBUG loaded <trimesh.Trimesh(vertices.shape=(48, 3), faces.shape=(28, 3))> using `load_obj` in 0.0007s
2024-12-11 13:43:37,788 INFO ==> EMD Loss: 16.151627
2024-12-11 13:43:37,788 INFO ==> Height map loss:  5.391783
2024-12-11 13:43:38,241 DEBUG loaded <trimesh.Trimesh(vertices.shape=(916, 3), faces.shape=(856, 3))> using `load_obj` in 0.0029s
2024-12-11 13:43:38,389 DEBUG loaded <trimesh.Trimesh(vertices.shape=(48, 3), faces.shape=(28, 3))> using `load_obj` in 0.0007s
2024-12-11 13:43:45,512 INFO ==> EMD Loss: 16.249430
2024-12-11 13:43:45,512 INFO ==> Height map loss:  5.609305
2024-12-11 13:43:45,893 DEBUG loaded <trimesh.Trimesh(vertices.shape=(916, 3), faces.shape=(856, 3))> using `load_obj` in 0.0029s
2024-12-11 13:43:46,043 DEBUG loaded <trimesh.Trimesh(vertices.shape=(48, 3), faces.shape=(28, 3))> using `load_obj` in 0.0007s
2024-12-11 13:43:52,868 INFO ==> EMD Loss: 16.429279
2024-12-11 13:43:52,868 INFO ==> Height map loss:  5.737409
2024-12-11 13:43:53,321 DEBUG loaded <trimesh.Trimesh(vertices.shape=(916, 3), faces.shape=(856, 3))> using `load_obj` in 0.0030s
2024-12-11 13:43:53,474 DEBUG loaded <trimesh.Trimesh(vertices.shape=(48, 3), faces.shape=(28, 3))> using `load_obj` in 0.0007s
2024-12-11 13:44:11,287 INFO =====> Skill params: [ 0.21458659  0.31978095  0.8062929  -0.2181689  -0.50627446]
2024-12-11 13:44:11,287 INFO =====> Grad: [-2.6736191e+03  6.7735883e+02  1.8503546e-05 -3.0229025e+02
  1.3557817e-04]
2024-12-11 13:44:11,288 INFO =====> Num. aborted data so far: 0
2024-12-11 13:44:11,289 INFO ===========> Epoch: 11 optimisation losses
2024-12-11 13:44:11,289 INFO =====> EMD Loss: 16.139784
2024-12-11 13:44:11,289 INFO =====> Height map loss: 5.211111
2024-12-11 13:44:11,706 DEBUG loaded <trimesh.Trimesh(vertices.shape=(916, 3), faces.shape=(856, 3))> using `load_obj` in 0.0030s
2024-12-11 13:44:11,858 DEBUG loaded <trimesh.Trimesh(vertices.shape=(48, 3), faces.shape=(28, 3))> using `load_obj` in 0.0007s
2024-12-11 13:44:19,127 INFO ==> EMD Loss: 16.170832
2024-12-11 13:44:19,127 INFO ==> Height map loss:  5.159258
2024-12-11 13:44:19,534 DEBUG loaded <trimesh.Trimesh(vertices.shape=(916, 3), faces.shape=(856, 3))> using `load_obj` in 0.0030s
2024-12-11 13:44:19,687 DEBUG loaded <trimesh.Trimesh(vertices.shape=(48, 3), faces.shape=(28, 3))> using `load_obj` in 0.0007s
2024-12-11 13:44:27,161 INFO ==> EMD Loss: 16.064054
2024-12-11 13:44:27,161 INFO ==> Height map loss:  5.254464
2024-12-11 13:44:27,594 DEBUG loaded <trimesh.Trimesh(vertices.shape=(916, 3), faces.shape=(856, 3))> using `load_obj` in 0.0030s
2024-12-11 13:44:27,747 DEBUG loaded <trimesh.Trimesh(vertices.shape=(48, 3), faces.shape=(28, 3))> using `load_obj` in 0.0007s
2024-12-11 13:44:34,948 INFO ==> EMD Loss: 15.898324
2024-12-11 13:44:34,948 INFO ==> Height map loss:  5.284461
2024-12-11 13:44:35,344 DEBUG loaded <trimesh.Trimesh(vertices.shape=(916, 3), faces.shape=(856, 3))> using `load_obj` in 0.0030s
2024-12-11 13:44:35,496 DEBUG loaded <trimesh.Trimesh(vertices.shape=(48, 3), faces.shape=(28, 3))> using `load_obj` in 0.0007s
2024-12-11 13:44:42,122 INFO ==> EMD Loss: 16.092171
2024-12-11 13:44:42,123 INFO ==> Height map loss:  5.703240
2024-12-11 13:44:42,561 DEBUG loaded <trimesh.Trimesh(vertices.shape=(916, 3), faces.shape=(856, 3))> using `load_obj` in 0.0030s
2024-12-11 13:44:42,711 DEBUG loaded <trimesh.Trimesh(vertices.shape=(48, 3), faces.shape=(28, 3))> using `load_obj` in 0.0007s
2024-12-11 13:44:49,562 INFO ==> EMD Loss: 16.304010
2024-12-11 13:44:49,562 INFO ==> Height map loss:  6.057123
2024-12-11 13:44:49,951 DEBUG loaded <trimesh.Trimesh(vertices.shape=(916, 3), faces.shape=(856, 3))> using `load_obj` in 0.0030s
2024-12-11 13:44:50,104 DEBUG loaded <trimesh.Trimesh(vertices.shape=(48, 3), faces.shape=(28, 3))> using `load_obj` in 0.0007s
2024-12-11 13:45:08,872 INFO =====> Skill params: [ 0.2182747   0.3165116   0.8052742  -0.21657528 -0.5116968 ]
2024-12-11 13:45:08,872 INFO =====> Grad: [ 1.0594052e+03 -6.5577966e+02  1.4454750e-05  2.1350485e+02
  1.2970595e-07]
2024-12-11 13:45:08,872 INFO =====> Num. aborted data so far: 0
2024-12-11 13:45:08,872 INFO ===========> Epoch: 12 optimisation losses
2024-12-11 13:45:08,872 INFO =====> EMD Loss: 16.189995
2024-12-11 13:45:08,872 INFO =====> Height map loss: 5.184386
2024-12-11 13:45:09,379 DEBUG loaded <trimesh.Trimesh(vertices.shape=(916, 3), faces.shape=(856, 3))> using `load_obj` in 0.0040s
2024-12-11 13:45:09,576 DEBUG loaded <trimesh.Trimesh(vertices.shape=(48, 3), faces.shape=(28, 3))> using `load_obj` in 0.0008s
2024-12-11 13:45:16,560 INFO ==> EMD Loss: 16.111254
2024-12-11 13:45:16,560 INFO ==> Height map loss:  5.171636
2024-12-11 13:45:16,995 DEBUG loaded <trimesh.Trimesh(vertices.shape=(916, 3), faces.shape=(856, 3))> using `load_obj` in 0.0040s
2024-12-11 13:45:17,193 DEBUG loaded <trimesh.Trimesh(vertices.shape=(48, 3), faces.shape=(28, 3))> using `load_obj` in 0.0009s
2024-12-11 13:45:24,605 INFO ==> EMD Loss: 16.271322
2024-12-11 13:45:24,606 INFO ==> Height map loss:  5.235702
2024-12-11 13:45:24,991 DEBUG loaded <trimesh.Trimesh(vertices.shape=(916, 3), faces.shape=(856, 3))> using `load_obj` in 0.0030s
2024-12-11 13:45:25,144 DEBUG loaded <trimesh.Trimesh(vertices.shape=(48, 3), faces.shape=(28, 3))> using `load_obj` in 0.0007s
2024-12-11 13:45:32,457 INFO ==> EMD Loss: 16.432812
2024-12-11 13:45:32,457 INFO ==> Height map loss:  5.289827
2024-12-11 13:45:32,907 DEBUG loaded <trimesh.Trimesh(vertices.shape=(916, 3), faces.shape=(856, 3))> using `load_obj` in 0.0029s
2024-12-11 13:45:33,064 DEBUG loaded <trimesh.Trimesh(vertices.shape=(48, 3), faces.shape=(28, 3))> using `load_obj` in 0.0007s
2024-12-11 13:45:40,249 INFO ==> EMD Loss: 16.355055
2024-12-11 13:45:40,250 INFO ==> Height map loss:  5.419749
2024-12-11 13:45:40,703 DEBUG loaded <trimesh.Trimesh(vertices.shape=(916, 3), faces.shape=(856, 3))> using `load_obj` in 0.0029s
2024-12-11 13:45:40,850 DEBUG loaded <trimesh.Trimesh(vertices.shape=(48, 3), faces.shape=(28, 3))> using `load_obj` in 0.0007s
2024-12-11 13:45:48,238 INFO ==> EMD Loss: 16.398041
2024-12-11 13:45:48,238 INFO ==> Height map loss:  5.596347
2024-12-11 13:45:48,710 DEBUG loaded <trimesh.Trimesh(vertices.shape=(916, 3), faces.shape=(856, 3))> using `load_obj` in 0.0039s
2024-12-11 13:45:48,906 DEBUG loaded <trimesh.Trimesh(vertices.shape=(48, 3), faces.shape=(28, 3))> using `load_obj` in 0.0008s
2024-12-11 13:46:07,317 INFO =====> Skill params: [ 0.21675417  0.31965905  0.8044386  -0.21775255 -0.5117023 ]
2024-12-11 13:46:07,317 INFO =====> Grad: [ 1.6476790e+03 -6.2191754e+02  2.9353445e-05 -9.5569682e-01
  1.5494921e-05]
2024-12-11 13:46:07,317 INFO =====> Num. aborted data so far: 0
2024-12-11 13:46:07,318 INFO ===========> Epoch: 13 optimisation losses
2024-12-11 13:46:07,318 INFO =====> EMD Loss: 16.111164
2024-12-11 13:46:07,318 INFO =====> Height map loss: 5.171596
2024-12-11 13:46:07,729 DEBUG loaded <trimesh.Trimesh(vertices.shape=(916, 3), faces.shape=(856, 3))> using `load_obj` in 0.0030s
2024-12-11 13:46:07,884 DEBUG loaded <trimesh.Trimesh(vertices.shape=(48, 3), faces.shape=(28, 3))> using `load_obj` in 0.0007s
2024-12-11 13:46:15,061 INFO ==> EMD Loss: 16.147427
2024-12-11 13:46:15,061 INFO ==> Height map loss:  5.254682
2024-12-11 13:46:15,452 DEBUG loaded <trimesh.Trimesh(vertices.shape=(916, 3), faces.shape=(856, 3))> using `load_obj` in 0.0030s
2024-12-11 13:46:15,604 DEBUG loaded <trimesh.Trimesh(vertices.shape=(48, 3), faces.shape=(28, 3))> using `load_obj` in 0.0007s
2024-12-11 13:46:22,510 INFO ==> EMD Loss: 16.324768
2024-12-11 13:46:22,510 INFO ==> Height map loss:  5.184692
2024-12-11 13:46:22,894 DEBUG loaded <trimesh.Trimesh(vertices.shape=(916, 3), faces.shape=(856, 3))> using `load_obj` in 0.0028s
2024-12-11 13:46:23,048 DEBUG loaded <trimesh.Trimesh(vertices.shape=(48, 3), faces.shape=(28, 3))> using `load_obj` in 0.0007s
2024-12-11 13:46:30,295 INFO ==> EMD Loss: 16.349419
2024-12-11 13:46:30,295 INFO ==> Height map loss:  5.469429
2024-12-11 13:46:30,677 DEBUG loaded <trimesh.Trimesh(vertices.shape=(916, 3), faces.shape=(856, 3))> using `load_obj` in 0.0029s
2024-12-11 13:46:30,829 DEBUG loaded <trimesh.Trimesh(vertices.shape=(48, 3), faces.shape=(28, 3))> using `load_obj` in 0.0007s
2024-12-11 13:46:37,904 INFO ==> EMD Loss: 16.635468
2024-12-11 13:46:37,904 INFO ==> Height map loss:  5.549054
2024-12-11 13:46:38,283 DEBUG loaded <trimesh.Trimesh(vertices.shape=(916, 3), faces.shape=(856, 3))> using `load_obj` in 0.0029s
2024-12-11 13:46:38,433 DEBUG loaded <trimesh.Trimesh(vertices.shape=(48, 3), faces.shape=(28, 3))> using `load_obj` in 0.0007s
2024-12-11 13:46:45,754 INFO ==> EMD Loss: 16.835464
2024-12-11 13:46:45,754 INFO ==> Height map loss:  5.758526
2024-12-11 13:46:46,224 DEBUG loaded <trimesh.Trimesh(vertices.shape=(916, 3), faces.shape=(856, 3))> using `load_obj` in 0.0040s
2024-12-11 13:46:46,420 DEBUG loaded <trimesh.Trimesh(vertices.shape=(48, 3), faces.shape=(28, 3))> using `load_obj` in 0.0009s
2024-12-11 13:47:04,867 INFO =====> Skill params: [ 0.20469949  0.33459112  0.79565036 -0.21772477 -0.515136  ]
2024-12-11 13:47:04,867 INFO =====> Grad: [-2.1570337e+03  9.3448822e+02  1.5086072e-05 -5.4832733e+02
 -4.3109791e-05]
2024-12-11 13:47:04,867 INFO =====> Num. aborted data so far: 0
2024-12-11 13:47:04,868 INFO ===========> Epoch: 14 optimisation losses
2024-12-11 13:47:04,868 INFO =====> EMD Loss: 16.324884
2024-12-11 13:47:04,868 INFO =====> Height map loss: 5.184798
2024-12-11 13:47:05,278 DEBUG loaded <trimesh.Trimesh(vertices.shape=(916, 3), faces.shape=(856, 3))> using `load_obj` in 0.0030s
2024-12-11 13:47:05,434 DEBUG loaded <trimesh.Trimesh(vertices.shape=(48, 3), faces.shape=(28, 3))> using `load_obj` in 0.0007s
2024-12-11 13:47:12,856 INFO ==> EMD Loss: 16.305607
2024-12-11 13:47:12,856 INFO ==> Height map loss:  5.219240
2024-12-11 13:47:13,244 DEBUG loaded <trimesh.Trimesh(vertices.shape=(916, 3), faces.shape=(856, 3))> using `load_obj` in 0.0031s
2024-12-11 13:47:13,404 DEBUG loaded <trimesh.Trimesh(vertices.shape=(48, 3), faces.shape=(28, 3))> using `load_obj` in 0.0007s
2024-12-11 13:47:20,821 INFO ==> EMD Loss: 16.067570
2024-12-11 13:47:20,821 INFO ==> Height map loss:  5.154789
2024-12-11 13:47:21,209 DEBUG loaded <trimesh.Trimesh(vertices.shape=(916, 3), faces.shape=(856, 3))> using `load_obj` in 0.0030s
2024-12-11 13:47:21,364 DEBUG loaded <trimesh.Trimesh(vertices.shape=(48, 3), faces.shape=(28, 3))> using `load_obj` in 0.0007s
2024-12-11 13:47:28,549 INFO ==> EMD Loss: 16.262428
2024-12-11 13:47:28,549 INFO ==> Height map loss:  5.251292
2024-12-11 13:47:28,940 DEBUG loaded <trimesh.Trimesh(vertices.shape=(916, 3), faces.shape=(856, 3))> using `load_obj` in 0.0028s
2024-12-11 13:47:29,098 DEBUG loaded <trimesh.Trimesh(vertices.shape=(48, 3), faces.shape=(28, 3))> using `load_obj` in 0.0007s
2024-12-11 13:47:35,696 INFO ==> EMD Loss: 16.274996
2024-12-11 13:47:35,696 INFO ==> Height map loss:  5.448552
2024-12-11 13:47:36,099 DEBUG loaded <trimesh.Trimesh(vertices.shape=(916, 3), faces.shape=(856, 3))> using `load_obj` in 0.0028s
2024-12-11 13:47:36,249 DEBUG loaded <trimesh.Trimesh(vertices.shape=(48, 3), faces.shape=(28, 3))> using `load_obj` in 0.0007s
2024-12-11 13:47:43,270 INFO ==> EMD Loss: 16.509207
2024-12-11 13:47:43,270 INFO ==> Height map loss:  5.594696
2024-12-11 13:47:43,678 DEBUG loaded <trimesh.Trimesh(vertices.shape=(916, 3), faces.shape=(856, 3))> using `load_obj` in 0.0047s
2024-12-11 13:47:43,898 DEBUG loaded <trimesh.Trimesh(vertices.shape=(48, 3), faces.shape=(28, 3))> using `load_obj` in 0.0008s
2024-12-11 13:48:02,290 INFO =====> Skill params: [ 0.22039704  0.3134256   0.7909132  -0.20189103 -0.5052856 ]
2024-12-11 13:48:02,290 INFO =====> Grad: [ 2.9126218e+03 -8.5700214e+02 -5.7889356e-06 -1.0306235e+03
  3.6168418e-05]
2024-12-11 13:48:02,290 INFO =====> Num. aborted data so far: 0
2024-12-11 13:48:02,290 INFO ===========> Epoch: 15 optimisation losses
2024-12-11 13:48:02,291 INFO =====> EMD Loss: 16.067959
2024-12-11 13:48:02,291 INFO =====> Height map loss: 5.155081
2024-12-11 13:48:02,708 DEBUG loaded <trimesh.Trimesh(vertices.shape=(916, 3), faces.shape=(856, 3))> using `load_obj` in 0.0031s
2024-12-11 13:48:02,860 DEBUG loaded <trimesh.Trimesh(vertices.shape=(48, 3), faces.shape=(28, 3))> using `load_obj` in 0.0007s
2024-12-11 13:48:10,308 INFO ==> EMD Loss: 16.161034
2024-12-11 13:48:10,308 INFO ==> Height map loss:  5.159498
2024-12-11 13:48:10,714 DEBUG loaded <trimesh.Trimesh(vertices.shape=(916, 3), faces.shape=(856, 3))> using `load_obj` in 0.0040s
2024-12-11 13:48:10,912 DEBUG loaded <trimesh.Trimesh(vertices.shape=(48, 3), faces.shape=(28, 3))> using `load_obj` in 0.0009s
2024-12-11 13:48:18,678 INFO ==> EMD Loss: 16.426987
2024-12-11 13:48:18,678 INFO ==> Height map loss:  5.320075
2024-12-11 13:48:19,152 DEBUG loaded <trimesh.Trimesh(vertices.shape=(916, 3), faces.shape=(856, 3))> using `load_obj` in 0.0040s
2024-12-11 13:48:19,348 DEBUG loaded <trimesh.Trimesh(vertices.shape=(48, 3), faces.shape=(28, 3))> using `load_obj` in 0.0008s
2024-12-11 13:48:26,885 INFO ==> EMD Loss: 16.787842
2024-12-11 13:48:26,886 INFO ==> Height map loss:  5.676074
2024-12-11 13:48:27,261 DEBUG loaded <trimesh.Trimesh(vertices.shape=(916, 3), faces.shape=(856, 3))> using `load_obj` in 0.0029s
2024-12-11 13:48:27,408 DEBUG loaded <trimesh.Trimesh(vertices.shape=(48, 3), faces.shape=(28, 3))> using `load_obj` in 0.0007s
2024-12-11 13:48:34,611 INFO ==> EMD Loss: 16.869772
2024-12-11 13:48:34,611 INFO ==> Height map loss:  6.038187
2024-12-11 13:48:35,004 DEBUG loaded <trimesh.Trimesh(vertices.shape=(916, 3), faces.shape=(856, 3))> using `load_obj` in 0.0029s
2024-12-11 13:48:35,157 DEBUG loaded <trimesh.Trimesh(vertices.shape=(48, 3), faces.shape=(28, 3))> using `load_obj` in 0.0007s
2024-12-11 13:48:42,150 INFO ==> EMD Loss: 17.166529
2024-12-11 13:48:42,151 INFO ==> Height map loss:  6.417410
2024-12-11 13:48:42,534 DEBUG loaded <trimesh.Trimesh(vertices.shape=(916, 3), faces.shape=(856, 3))> using `load_obj` in 0.0030s
2024-12-11 13:48:42,684 DEBUG loaded <trimesh.Trimesh(vertices.shape=(48, 3), faces.shape=(28, 3))> using `load_obj` in 0.0007s
2024-12-11 13:49:01,403 INFO =====> Skill params: [ 0.21635449  0.31718305  0.7912961  -0.19665785 -0.5069992 ]
2024-12-11 13:49:01,403 INFO =====> Grad: [ 1.9073135e+03 -7.6347083e+02  1.1429307e-05  9.6148230e+02
  4.8264279e-05]
2024-12-11 13:49:01,403 INFO =====> Num. aborted data so far: 0
2024-12-11 13:49:01,404 INFO ===========> Epoch: 16 optimisation losses
2024-12-11 13:49:01,404 INFO =====> EMD Loss: 16.155546
2024-12-11 13:49:01,404 INFO =====> Height map loss: 5.159394
2024-12-11 13:49:01,827 DEBUG loaded <trimesh.Trimesh(vertices.shape=(916, 3), faces.shape=(856, 3))> using `load_obj` in 0.0029s
2024-12-11 13:49:01,983 DEBUG loaded <trimesh.Trimesh(vertices.shape=(48, 3), faces.shape=(28, 3))> using `load_obj` in 0.0008s
2024-12-11 13:49:09,193 INFO ==> EMD Loss: 16.100687
2024-12-11 13:49:09,193 INFO ==> Height map loss:  5.242025
2024-12-11 13:49:09,643 DEBUG loaded <trimesh.Trimesh(vertices.shape=(916, 3), faces.shape=(856, 3))> using `load_obj` in 0.0031s
2024-12-11 13:49:09,797 DEBUG loaded <trimesh.Trimesh(vertices.shape=(48, 3), faces.shape=(28, 3))> using `load_obj` in 0.0007s
2024-12-11 13:49:16,680 INFO ==> EMD Loss: 16.327047
2024-12-11 13:49:16,680 INFO ==> Height map loss:  5.197956
2024-12-11 13:49:17,071 DEBUG loaded <trimesh.Trimesh(vertices.shape=(916, 3), faces.shape=(856, 3))> using `load_obj` in 0.0029s
2024-12-11 13:49:17,223 DEBUG loaded <trimesh.Trimesh(vertices.shape=(48, 3), faces.shape=(28, 3))> using `load_obj` in 0.0007s
2024-12-11 13:49:24,328 INFO ==> EMD Loss: 16.180826
2024-12-11 13:49:24,328 INFO ==> Height map loss:  5.326250
2024-12-11 13:49:24,705 DEBUG loaded <trimesh.Trimesh(vertices.shape=(916, 3), faces.shape=(856, 3))> using `load_obj` in 0.0029s
2024-12-11 13:49:24,854 DEBUG loaded <trimesh.Trimesh(vertices.shape=(48, 3), faces.shape=(28, 3))> using `load_obj` in 0.0007s
2024-12-11 13:49:32,119 INFO ==> EMD Loss: 16.281563
2024-12-11 13:49:32,119 INFO ==> Height map loss:  5.558065
2024-12-11 13:49:32,508 DEBUG loaded <trimesh.Trimesh(vertices.shape=(916, 3), faces.shape=(856, 3))> using `load_obj` in 0.0030s
2024-12-11 13:49:32,665 DEBUG loaded <trimesh.Trimesh(vertices.shape=(48, 3), faces.shape=(28, 3))> using `load_obj` in 0.0007s
2024-12-11 13:49:40,361 INFO ==> EMD Loss: 16.284456
2024-12-11 13:49:40,361 INFO ==> Height map loss:  5.627714
2024-12-11 13:49:40,818 DEBUG loaded <trimesh.Trimesh(vertices.shape=(916, 3), faces.shape=(856, 3))> using `load_obj` in 0.0030s
2024-12-11 13:49:40,975 DEBUG loaded <trimesh.Trimesh(vertices.shape=(48, 3), faces.shape=(28, 3))> using `load_obj` in 0.0007s
2024-12-11 13:49:59,291 INFO =====> Skill params: [ 0.20296931  0.33371854  0.7873258  -0.2192754  -0.5186798 ]
2024-12-11 13:49:59,291 INFO =====> Grad: [ 2.3610056e+01  7.1084137e+02  2.5847350e-05  7.1607135e+02
 -5.6973764e-05]
2024-12-11 13:49:59,291 INFO =====> Num. aborted data so far: 0
2024-12-11 13:49:59,292 INFO ===========> Epoch: 17 optimisation losses
2024-12-11 13:49:59,292 INFO =====> EMD Loss: 16.326662
2024-12-11 13:49:59,292 INFO =====> Height map loss: 5.197827
2024-12-11 13:49:59,706 DEBUG loaded <trimesh.Trimesh(vertices.shape=(916, 3), faces.shape=(856, 3))> using `load_obj` in 0.0031s
2024-12-11 13:49:59,861 DEBUG loaded <trimesh.Trimesh(vertices.shape=(48, 3), faces.shape=(28, 3))> using `load_obj` in 0.0007s
2024-12-11 13:50:07,254 INFO ==> EMD Loss: 16.328369
2024-12-11 13:50:07,254 INFO ==> Height map loss:  5.183622
2024-12-11 13:50:07,643 DEBUG loaded <trimesh.Trimesh(vertices.shape=(916, 3), faces.shape=(856, 3))> using `load_obj` in 0.0032s
2024-12-11 13:50:07,806 DEBUG loaded <trimesh.Trimesh(vertices.shape=(48, 3), faces.shape=(28, 3))> using `load_obj` in 0.0008s
2024-12-11 13:50:15,649 INFO ==> EMD Loss: 16.059340
2024-12-11 13:50:15,649 INFO ==> Height map loss:  5.118628
2024-12-11 13:50:16,051 DEBUG loaded <trimesh.Trimesh(vertices.shape=(916, 3), faces.shape=(856, 3))> using `load_obj` in 0.0030s
2024-12-11 13:50:16,207 DEBUG loaded <trimesh.Trimesh(vertices.shape=(48, 3), faces.shape=(28, 3))> using `load_obj` in 0.0007s
2024-12-11 13:50:22,950 INFO ==> EMD Loss: 16.420982
2024-12-11 13:50:22,950 INFO ==> Height map loss:  5.151336
2024-12-11 13:50:23,342 DEBUG loaded <trimesh.Trimesh(vertices.shape=(916, 3), faces.shape=(856, 3))> using `load_obj` in 0.0030s
2024-12-11 13:50:23,501 DEBUG loaded <trimesh.Trimesh(vertices.shape=(48, 3), faces.shape=(28, 3))> using `load_obj` in 0.0007s
2024-12-11 13:50:30,619 INFO ==> EMD Loss: 15.996159
2024-12-11 13:50:30,619 INFO ==> Height map loss:  5.143348
2024-12-11 13:50:31,012 DEBUG loaded <trimesh.Trimesh(vertices.shape=(916, 3), faces.shape=(856, 3))> using `load_obj` in 0.0028s
2024-12-11 13:50:31,169 DEBUG loaded <trimesh.Trimesh(vertices.shape=(48, 3), faces.shape=(28, 3))> using `load_obj` in 0.0007s
2024-12-11 13:50:38,273 INFO ==> EMD Loss: 15.979706
2024-12-11 13:50:38,273 INFO ==> Height map loss:  5.098825
2024-12-11 13:50:38,662 DEBUG loaded <trimesh.Trimesh(vertices.shape=(916, 3), faces.shape=(856, 3))> using `load_obj` in 0.0031s
2024-12-11 13:50:38,821 DEBUG loaded <trimesh.Trimesh(vertices.shape=(48, 3), faces.shape=(28, 3))> using `load_obj` in 0.0009s
2024-12-11 13:50:56,543 INFO =====> Skill params: [ 0.2022707   0.2722999   0.7502001  -0.2857911  -0.46309456]
2024-12-11 13:50:56,543 INFO =====> Grad: [-2.0057054e+03  9.8052515e+02 -3.9445757e-05  1.0320466e+03
 -2.2474964e-05]
2024-12-11 13:50:56,543 INFO =====> Num. aborted data so far: 0
2024-12-11 13:50:56,544 INFO ===========> Epoch: 18 optimisation losses
2024-12-11 13:50:56,544 INFO =====> EMD Loss: 16.009455
2024-12-11 13:50:56,544 INFO =====> Height map loss: 5.103652
2024-12-11 13:50:56,979 DEBUG loaded <trimesh.Trimesh(vertices.shape=(916, 3), faces.shape=(856, 3))> using `load_obj` in 0.0030s
2024-12-11 13:50:57,134 DEBUG loaded <trimesh.Trimesh(vertices.shape=(48, 3), faces.shape=(28, 3))> using `load_obj` in 0.0007s
2024-12-11 13:51:04,829 INFO ==> EMD Loss: 16.067053
2024-12-11 13:51:04,829 INFO ==> Height map loss:  5.118292
2024-12-11 13:51:05,214 DEBUG loaded <trimesh.Trimesh(vertices.shape=(916, 3), faces.shape=(856, 3))> using `load_obj` in 0.0030s
2024-12-11 13:51:05,370 DEBUG loaded <trimesh.Trimesh(vertices.shape=(48, 3), faces.shape=(28, 3))> using `load_obj` in 0.0007s
2024-12-11 13:51:12,783 INFO ==> EMD Loss: 16.000732
2024-12-11 13:51:12,783 INFO ==> Height map loss:  5.219259
2024-12-11 13:51:13,162 DEBUG loaded <trimesh.Trimesh(vertices.shape=(916, 3), faces.shape=(856, 3))> using `load_obj` in 0.0028s
2024-12-11 13:51:13,314 DEBUG loaded <trimesh.Trimesh(vertices.shape=(48, 3), faces.shape=(28, 3))> using `load_obj` in 0.0007s
2024-12-11 13:51:19,975 INFO ==> EMD Loss: 16.140810
2024-12-11 13:51:19,975 INFO ==> Height map loss:  5.637640
2024-12-11 13:51:20,426 DEBUG loaded <trimesh.Trimesh(vertices.shape=(916, 3), faces.shape=(856, 3))> using `load_obj` in 0.0028s
2024-12-11 13:51:20,582 DEBUG loaded <trimesh.Trimesh(vertices.shape=(48, 3), faces.shape=(28, 3))> using `load_obj` in 0.0007s
2024-12-11 13:51:27,565 INFO ==> EMD Loss: 16.246025
2024-12-11 13:51:27,566 INFO ==> Height map loss:  6.102057
2024-12-11 13:51:27,979 DEBUG loaded <trimesh.Trimesh(vertices.shape=(916, 3), faces.shape=(856, 3))> using `load_obj` in 0.0030s
2024-12-11 13:51:28,135 DEBUG loaded <trimesh.Trimesh(vertices.shape=(48, 3), faces.shape=(28, 3))> using `load_obj` in 0.0007s
2024-12-11 13:51:35,049 INFO ==> EMD Loss: 16.850975
2024-12-11 13:51:35,050 INFO ==> Height map loss:  6.837045
2024-12-11 13:51:35,445 DEBUG loaded <trimesh.Trimesh(vertices.shape=(916, 3), faces.shape=(856, 3))> using `load_obj` in 0.0029s
2024-12-11 13:51:35,599 DEBUG loaded <trimesh.Trimesh(vertices.shape=(48, 3), faces.shape=(28, 3))> using `load_obj` in 0.0007s
2024-12-11 13:51:53,124 INFO =====> Skill params: [ 0.20524131  0.26825985  0.75304836 -0.29025066 -0.46194738]
2024-12-11 13:51:53,124 INFO =====> Grad: [ 2.9212061e+03 -1.1456625e+03  8.8627967e-06 -1.0257305e+02
  3.2326789e-05]
2024-12-11 13:51:53,124 INFO =====> Num. aborted data so far: 0
2024-12-11 13:51:53,125 INFO ===========> Epoch: 19 optimisation losses
2024-12-11 13:51:53,125 INFO =====> EMD Loss: 16.069555
2024-12-11 13:51:53,125 INFO =====> Height map loss: 5.118207
2024-12-11 13:51:53,541 DEBUG loaded <trimesh.Trimesh(vertices.shape=(916, 3), faces.shape=(856, 3))> using `load_obj` in 0.0029s
2024-12-11 13:51:53,698 DEBUG loaded <trimesh.Trimesh(vertices.shape=(48, 3), faces.shape=(28, 3))> using `load_obj` in 0.0007s
2024-12-11 13:52:00,886 INFO ==> EMD Loss: 15.892193
2024-12-11 13:52:00,886 INFO ==> Height map loss:  5.108395
2024-12-11 13:52:01,421 DEBUG loaded <trimesh.Trimesh(vertices.shape=(916, 3), faces.shape=(856, 3))> using `load_obj` in 0.0040s
2024-12-11 13:52:01,622 DEBUG loaded <trimesh.Trimesh(vertices.shape=(48, 3), faces.shape=(28, 3))> using `load_obj` in 0.0008s
2024-12-11 13:52:09,128 INFO ==> EMD Loss: 16.013077
2024-12-11 13:52:09,128 INFO ==> Height map loss:  5.083068
2024-12-11 13:52:09,507 DEBUG loaded <trimesh.Trimesh(vertices.shape=(916, 3), faces.shape=(856, 3))> using `load_obj` in 0.0030s
2024-12-11 13:52:09,658 DEBUG loaded <trimesh.Trimesh(vertices.shape=(48, 3), faces.shape=(28, 3))> using `load_obj` in 0.0007s
2024-12-11 13:52:16,748 INFO ==> EMD Loss: 16.183889
2024-12-11 13:52:16,748 INFO ==> Height map loss:  5.213143
2024-12-11 13:52:17,139 DEBUG loaded <trimesh.Trimesh(vertices.shape=(916, 3), faces.shape=(856, 3))> using `load_obj` in 0.0029s
2024-12-11 13:52:17,289 DEBUG loaded <trimesh.Trimesh(vertices.shape=(48, 3), faces.shape=(28, 3))> using `load_obj` in 0.0007s
2024-12-11 13:52:24,174 INFO ==> EMD Loss: 16.762455
2024-12-11 13:52:24,174 INFO ==> Height map loss:  5.490624
2024-12-11 13:52:24,563 DEBUG loaded <trimesh.Trimesh(vertices.shape=(916, 3), faces.shape=(856, 3))> using `load_obj` in 0.0028s
2024-12-11 13:52:24,711 DEBUG loaded <trimesh.Trimesh(vertices.shape=(48, 3), faces.shape=(28, 3))> using `load_obj` in 0.0017s
2024-12-11 13:52:31,998 INFO ==> EMD Loss: 16.432837
2024-12-11 13:52:31,998 INFO ==> Height map loss:  5.696230
2024-12-11 13:52:32,386 DEBUG loaded <trimesh.Trimesh(vertices.shape=(916, 3), faces.shape=(856, 3))> using `load_obj` in 0.0029s
2024-12-11 13:52:32,542 DEBUG loaded <trimesh.Trimesh(vertices.shape=(48, 3), faces.shape=(28, 3))> using `load_obj` in 0.0007s
2024-12-11 13:52:39,709 INFO ===========> Finished training.
2024-12-11 13:52:39,709 INFO ====> Final EMD Loss: 16.012798
2024-12-11 13:52:39,709 INFO ====> Final Height map loss: 5.078678
2024-12-11 13:52:39,709 INFO ====> Final skill params: [ 0.18468985  0.2902921   0.749684   -0.28791746 -0.47050115]
