2025-05-28 18:39:13,619 DEBUG loaded <trimesh.Trimesh(vertices.shape=(48, 3), faces.shape=(28, 3))> using `load_obj` in 0.0009s
2025-05-28 18:39:13,733 DEBUG loaded <trimesh.Trimesh(vertices.shape=(916, 3), faces.shape=(856, 3))> using `load_obj` in 0.0025s
2025-05-28 18:39:28,401 INFO =====> Skill params: [ 0.27392337 -0.46042657 -0.918053   -0.96694475  0.6265405 ]
2025-05-28 18:39:28,401 INFO =====> Grad: [0. 0. 0. 0. 0.]
2025-05-28 18:39:28,401 INFO =====> Num. aborted data so far: 0
2025-05-28 18:39:28,402 INFO ===========> Epoch: 0 optimisation losses
2025-05-28 18:39:28,402 INFO =====> EMD Loss: 17.557428
2025-05-28 18:39:28,402 INFO =====> Height map loss: 7.303481
2025-05-28 18:39:28,686 DEBUG loaded <trimesh.Trimesh(vertices.shape=(48, 3), faces.shape=(28, 3))> using `load_obj` in 0.0007s
2025-05-28 18:39:28,799 DEBUG loaded <trimesh.Trimesh(vertices.shape=(916, 3), faces.shape=(856, 3))> using `load_obj` in 0.0025s
2025-05-28 18:39:34,574 INFO ==> EMD Loss: 17.557438
2025-05-28 18:39:34,574 INFO ==> Height map loss:  7.303432
2025-05-28 18:39:34,910 DEBUG loaded <trimesh.Trimesh(vertices.shape=(48, 3), faces.shape=(28, 3))> using `load_obj` in 0.0008s
2025-05-28 18:39:35,029 DEBUG loaded <trimesh.Trimesh(vertices.shape=(916, 3), faces.shape=(856, 3))> using `load_obj` in 0.0027s
2025-05-28 18:39:40,907 INFO ==> EMD Loss: 17.557507
2025-05-28 18:39:40,907 INFO ==> Height map loss:  7.303479
2025-05-28 18:39:41,180 DEBUG loaded <trimesh.Trimesh(vertices.shape=(48, 3), faces.shape=(28, 3))> using `load_obj` in 0.0007s
2025-05-28 18:39:41,299 DEBUG loaded <trimesh.Trimesh(vertices.shape=(916, 3), faces.shape=(856, 3))> using `load_obj` in 0.0026s
2025-05-28 18:39:47,096 INFO ==> EMD Loss: 17.557436
2025-05-28 18:39:47,096 INFO ==> Height map loss:  7.303475
2025-05-28 18:39:47,378 DEBUG loaded <trimesh.Trimesh(vertices.shape=(48, 3), faces.shape=(28, 3))> using `load_obj` in 0.0007s
2025-05-28 18:39:47,495 DEBUG loaded <trimesh.Trimesh(vertices.shape=(916, 3), faces.shape=(856, 3))> using `load_obj` in 0.0027s
2025-05-28 18:39:53,384 INFO ==> EMD Loss: 17.557533
2025-05-28 18:39:53,384 INFO ==> Height map loss:  7.303547
2025-05-28 18:39:53,668 DEBUG loaded <trimesh.Trimesh(vertices.shape=(48, 3), faces.shape=(28, 3))> using `load_obj` in 0.0007s
2025-05-28 18:39:53,784 DEBUG loaded <trimesh.Trimesh(vertices.shape=(916, 3), faces.shape=(856, 3))> using `load_obj` in 0.0026s
2025-05-28 18:39:59,672 INFO ==> EMD Loss: 17.557455
2025-05-28 18:39:59,672 INFO ==> Height map loss:  7.303465
2025-05-28 18:39:59,948 DEBUG loaded <trimesh.Trimesh(vertices.shape=(48, 3), faces.shape=(28, 3))> using `load_obj` in 0.0007s
2025-05-28 18:40:00,064 DEBUG loaded <trimesh.Trimesh(vertices.shape=(916, 3), faces.shape=(856, 3))> using `load_obj` in 0.0027s
2025-05-28 18:40:14,189 INFO =====> Skill params: [ 0.27392337 -0.46042657 -0.918053   -0.96694475  0.6265405 ]
2025-05-28 18:40:14,189 INFO =====> Grad: [0. 0. 0. 0. 0.]
2025-05-28 18:40:14,189 INFO =====> Num. aborted data so far: 0
2025-05-28 18:40:14,190 INFO ===========> Epoch: 1 optimisation losses
2025-05-28 18:40:14,190 INFO =====> EMD Loss: 17.557560
2025-05-28 18:40:14,190 INFO =====> Height map loss: 7.303543
2025-05-28 18:40:14,541 DEBUG loaded <trimesh.Trimesh(vertices.shape=(48, 3), faces.shape=(28, 3))> using `load_obj` in 0.0008s
2025-05-28 18:40:14,659 DEBUG loaded <trimesh.Trimesh(vertices.shape=(916, 3), faces.shape=(856, 3))> using `load_obj` in 0.0027s
2025-05-28 18:40:20,579 INFO ==> EMD Loss: 17.557505
2025-05-28 18:40:20,579 INFO ==> Height map loss:  7.303542
2025-05-28 18:40:20,864 DEBUG loaded <trimesh.Trimesh(vertices.shape=(48, 3), faces.shape=(28, 3))> using `load_obj` in 0.0007s
2025-05-28 18:40:20,979 DEBUG loaded <trimesh.Trimesh(vertices.shape=(916, 3), faces.shape=(856, 3))> using `load_obj` in 0.0027s
2025-05-28 18:40:26,938 INFO ==> EMD Loss: 17.557489
2025-05-28 18:40:26,938 INFO ==> Height map loss:  7.303447
2025-05-28 18:40:27,228 DEBUG loaded <trimesh.Trimesh(vertices.shape=(48, 3), faces.shape=(28, 3))> using `load_obj` in 0.0007s
2025-05-28 18:40:27,348 DEBUG loaded <trimesh.Trimesh(vertices.shape=(916, 3), faces.shape=(856, 3))> using `load_obj` in 0.0027s
2025-05-28 18:40:33,169 INFO ==> EMD Loss: 17.557522
2025-05-28 18:40:33,169 INFO ==> Height map loss:  7.303493
2025-05-28 18:40:33,508 DEBUG loaded <trimesh.Trimesh(vertices.shape=(48, 3), faces.shape=(28, 3))> using `load_obj` in 0.0007s
2025-05-28 18:40:33,625 DEBUG loaded <trimesh.Trimesh(vertices.shape=(916, 3), faces.shape=(856, 3))> using `load_obj` in 0.0027s
2025-05-28 18:40:39,528 INFO ==> EMD Loss: 17.557476
2025-05-28 18:40:39,528 INFO ==> Height map loss:  7.303514
2025-05-28 18:40:39,823 DEBUG loaded <trimesh.Trimesh(vertices.shape=(48, 3), faces.shape=(28, 3))> using `load_obj` in 0.0007s
2025-05-28 18:40:39,940 DEBUG loaded <trimesh.Trimesh(vertices.shape=(916, 3), faces.shape=(856, 3))> using `load_obj` in 0.0027s
2025-05-28 18:40:45,730 INFO ==> EMD Loss: 17.557495
2025-05-28 18:40:45,730 INFO ==> Height map loss:  7.303481
2025-05-28 18:40:46,081 DEBUG loaded <trimesh.Trimesh(vertices.shape=(48, 3), faces.shape=(28, 3))> using `load_obj` in 0.0008s
2025-05-28 18:40:46,198 DEBUG loaded <trimesh.Trimesh(vertices.shape=(916, 3), faces.shape=(856, 3))> using `load_obj` in 0.0026s
2025-05-28 18:41:00,541 INFO =====> Skill params: [ 0.27392337 -0.46042657 -0.918053   -0.96694475  0.6265405 ]
2025-05-28 18:41:00,541 INFO =====> Grad: [0. 0. 0. 0. 0.]
2025-05-28 18:41:00,541 INFO =====> Num. aborted data so far: 0
2025-05-28 18:41:00,542 INFO ===========> Epoch: 2 optimisation losses
2025-05-28 18:41:00,542 INFO =====> EMD Loss: 17.557467
2025-05-28 18:41:00,542 INFO =====> Height map loss: 7.303484
2025-05-28 18:41:00,862 DEBUG loaded <trimesh.Trimesh(vertices.shape=(48, 3), faces.shape=(28, 3))> using `load_obj` in 0.0008s
2025-05-28 18:41:00,979 DEBUG loaded <trimesh.Trimesh(vertices.shape=(916, 3), faces.shape=(856, 3))> using `load_obj` in 0.0028s
2025-05-28 18:41:06,940 INFO ==> EMD Loss: 17.557508
2025-05-28 18:41:06,940 INFO ==> Height map loss:  7.303477
2025-05-28 18:41:07,247 DEBUG loaded <trimesh.Trimesh(vertices.shape=(48, 3), faces.shape=(28, 3))> using `load_obj` in 0.0008s
2025-05-28 18:41:07,365 DEBUG loaded <trimesh.Trimesh(vertices.shape=(916, 3), faces.shape=(856, 3))> using `load_obj` in 0.0027s
2025-05-28 18:41:13,228 INFO ==> EMD Loss: 17.557505
2025-05-28 18:41:13,228 INFO ==> Height map loss:  7.303482
2025-05-28 18:41:13,527 DEBUG loaded <trimesh.Trimesh(vertices.shape=(48, 3), faces.shape=(28, 3))> using `load_obj` in 0.0007s
2025-05-28 18:41:13,644 DEBUG loaded <trimesh.Trimesh(vertices.shape=(916, 3), faces.shape=(856, 3))> using `load_obj` in 0.0027s
2025-05-28 18:41:19,598 INFO ==> EMD Loss: 17.557457
2025-05-28 18:41:19,598 INFO ==> Height map loss:  7.303491
2025-05-28 18:41:19,898 DEBUG loaded <trimesh.Trimesh(vertices.shape=(48, 3), faces.shape=(28, 3))> using `load_obj` in 0.0008s
2025-05-28 18:41:20,019 DEBUG loaded <trimesh.Trimesh(vertices.shape=(916, 3), faces.shape=(856, 3))> using `load_obj` in 0.0028s
2025-05-28 18:41:25,867 INFO ==> EMD Loss: 17.557520
2025-05-28 18:41:25,867 INFO ==> Height map loss:  7.303545
2025-05-28 18:41:26,168 DEBUG loaded <trimesh.Trimesh(vertices.shape=(48, 3), faces.shape=(28, 3))> using `load_obj` in 0.0007s
2025-05-28 18:41:26,288 DEBUG loaded <trimesh.Trimesh(vertices.shape=(916, 3), faces.shape=(856, 3))> using `load_obj` in 0.0027s
2025-05-28 18:41:32,234 INFO ==> EMD Loss: 17.557529
2025-05-28 18:41:32,234 INFO ==> Height map loss:  7.303561
2025-05-28 18:41:32,535 DEBUG loaded <trimesh.Trimesh(vertices.shape=(48, 3), faces.shape=(28, 3))> using `load_obj` in 0.0007s
2025-05-28 18:41:32,652 DEBUG loaded <trimesh.Trimesh(vertices.shape=(916, 3), faces.shape=(856, 3))> using `load_obj` in 0.0027s
2025-05-28 18:41:46,951 INFO =====> Skill params: [ 0.27392337 -0.46042657 -0.918053   -0.96694475  0.6265405 ]
2025-05-28 18:41:46,951 INFO =====> Grad: [0. 0. 0. 0. 0.]
2025-05-28 18:41:46,951 INFO =====> Num. aborted data so far: 0
2025-05-28 18:41:46,952 INFO ===========> Epoch: 3 optimisation losses
2025-05-28 18:41:46,952 INFO =====> EMD Loss: 17.557470
2025-05-28 18:41:46,952 INFO =====> Height map loss: 7.303529
2025-05-28 18:41:47,279 DEBUG loaded <trimesh.Trimesh(vertices.shape=(48, 3), faces.shape=(28, 3))> using `load_obj` in 0.0008s
2025-05-28 18:41:47,398 DEBUG loaded <trimesh.Trimesh(vertices.shape=(916, 3), faces.shape=(856, 3))> using `load_obj` in 0.0027s
2025-05-28 18:41:53,290 INFO ==> EMD Loss: 17.557535
2025-05-28 18:41:53,290 INFO ==> Height map loss:  7.303494
2025-05-28 18:41:53,595 DEBUG loaded <trimesh.Trimesh(vertices.shape=(48, 3), faces.shape=(28, 3))> using `load_obj` in 0.0008s
2025-05-28 18:41:53,715 DEBUG loaded <trimesh.Trimesh(vertices.shape=(916, 3), faces.shape=(856, 3))> using `load_obj` in 0.0027s
2025-05-28 18:41:59,657 INFO ==> EMD Loss: 17.557503
2025-05-28 18:41:59,657 INFO ==> Height map loss:  7.303472
2025-05-28 18:42:00,063 DEBUG loaded <trimesh.Trimesh(vertices.shape=(48, 3), faces.shape=(28, 3))> using `load_obj` in 0.0007s
2025-05-28 18:42:00,183 DEBUG loaded <trimesh.Trimesh(vertices.shape=(916, 3), faces.shape=(856, 3))> using `load_obj` in 0.0027s
2025-05-28 18:42:06,028 INFO ==> EMD Loss: 17.557447
2025-05-28 18:42:06,028 INFO ==> Height map loss:  7.303470
2025-05-28 18:42:06,338 DEBUG loaded <trimesh.Trimesh(vertices.shape=(48, 3), faces.shape=(28, 3))> using `load_obj` in 0.0007s
2025-05-28 18:42:06,459 DEBUG loaded <trimesh.Trimesh(vertices.shape=(916, 3), faces.shape=(856, 3))> using `load_obj` in 0.0027s
2025-05-28 18:42:12,423 INFO ==> EMD Loss: 17.557491
2025-05-28 18:42:12,423 INFO ==> Height map loss:  7.303495
2025-05-28 18:42:12,735 DEBUG loaded <trimesh.Trimesh(vertices.shape=(48, 3), faces.shape=(28, 3))> using `load_obj` in 0.0007s
2025-05-28 18:42:12,852 DEBUG loaded <trimesh.Trimesh(vertices.shape=(916, 3), faces.shape=(856, 3))> using `load_obj` in 0.0028s
2025-05-28 18:42:18,778 INFO ==> EMD Loss: 17.557467
2025-05-28 18:42:18,778 INFO ==> Height map loss:  7.303500
2025-05-28 18:42:19,085 DEBUG loaded <trimesh.Trimesh(vertices.shape=(48, 3), faces.shape=(28, 3))> using `load_obj` in 0.0007s
2025-05-28 18:42:19,205 DEBUG loaded <trimesh.Trimesh(vertices.shape=(916, 3), faces.shape=(856, 3))> using `load_obj` in 0.0028s
2025-05-28 18:42:33,468 INFO =====> Skill params: [ 0.27392337 -0.46042657 -0.918053   -0.96694475  0.6265405 ]
2025-05-28 18:42:33,468 INFO =====> Grad: [0. 0. 0. 0. 0.]
2025-05-28 18:42:33,468 INFO =====> Num. aborted data so far: 0
2025-05-28 18:42:33,469 INFO ===========> Epoch: 4 optimisation losses
2025-05-28 18:42:33,469 INFO =====> EMD Loss: 17.557497
2025-05-28 18:42:33,469 INFO =====> Height map loss: 7.303491
2025-05-28 18:42:33,867 DEBUG loaded <trimesh.Trimesh(vertices.shape=(48, 3), faces.shape=(28, 3))> using `load_obj` in 0.0008s
2025-05-28 18:42:33,987 DEBUG loaded <trimesh.Trimesh(vertices.shape=(916, 3), faces.shape=(856, 3))> using `load_obj` in 0.0028s
2025-05-28 18:42:39,988 INFO ==> EMD Loss: 17.557514
2025-05-28 18:42:39,988 INFO ==> Height map loss:  7.303475
2025-05-28 18:42:40,292 DEBUG loaded <trimesh.Trimesh(vertices.shape=(48, 3), faces.shape=(28, 3))> using `load_obj` in 0.0007s
2025-05-28 18:42:40,411 DEBUG loaded <trimesh.Trimesh(vertices.shape=(916, 3), faces.shape=(856, 3))> using `load_obj` in 0.0028s
2025-05-28 18:42:46,401 INFO ==> EMD Loss: 17.557417
2025-05-28 18:42:46,401 INFO ==> Height map loss:  7.303489
2025-05-28 18:42:46,741 DEBUG loaded <trimesh.Trimesh(vertices.shape=(48, 3), faces.shape=(28, 3))> using `load_obj` in 0.0007s
2025-05-28 18:42:46,862 DEBUG loaded <trimesh.Trimesh(vertices.shape=(916, 3), faces.shape=(856, 3))> using `load_obj` in 0.0028s
2025-05-28 18:42:52,743 INFO ==> EMD Loss: 17.557528
2025-05-28 18:42:52,743 INFO ==> Height map loss:  7.303509
2025-05-28 18:42:53,060 DEBUG loaded <trimesh.Trimesh(vertices.shape=(48, 3), faces.shape=(28, 3))> using `load_obj` in 0.0007s
2025-05-28 18:42:53,180 DEBUG loaded <trimesh.Trimesh(vertices.shape=(916, 3), faces.shape=(856, 3))> using `load_obj` in 0.0027s
2025-05-28 18:42:59,156 INFO ==> EMD Loss: 17.557447
2025-05-28 18:42:59,156 INFO ==> Height map loss:  7.303452
2025-05-28 18:42:59,470 DEBUG loaded <trimesh.Trimesh(vertices.shape=(48, 3), faces.shape=(28, 3))> using `load_obj` in 0.0007s
2025-05-28 18:42:59,591 DEBUG loaded <trimesh.Trimesh(vertices.shape=(916, 3), faces.shape=(856, 3))> using `load_obj` in 0.0028s
2025-05-28 18:43:05,465 INFO ==> EMD Loss: 17.557566
2025-05-28 18:43:05,466 INFO ==> Height map loss:  7.303482
2025-05-28 18:43:05,780 DEBUG loaded <trimesh.Trimesh(vertices.shape=(48, 3), faces.shape=(28, 3))> using `load_obj` in 0.0007s
2025-05-28 18:43:05,901 DEBUG loaded <trimesh.Trimesh(vertices.shape=(916, 3), faces.shape=(856, 3))> using `load_obj` in 0.0027s
2025-05-28 18:43:20,324 INFO =====> Skill params: [ 0.27392337 -0.46042657 -0.918053   -0.96694475  0.6265405 ]
2025-05-28 18:43:20,324 INFO =====> Grad: [0. 0. 0. 0. 0.]
2025-05-28 18:43:20,324 INFO =====> Num. aborted data so far: 0
2025-05-28 18:43:20,325 INFO ===========> Epoch: 5 optimisation losses
2025-05-28 18:43:20,325 INFO =====> EMD Loss: 17.557491
2025-05-28 18:43:20,325 INFO =====> Height map loss: 7.303489
2025-05-28 18:43:20,679 DEBUG loaded <trimesh.Trimesh(vertices.shape=(48, 3), faces.shape=(28, 3))> using `load_obj` in 0.0008s
2025-05-28 18:43:20,800 DEBUG loaded <trimesh.Trimesh(vertices.shape=(916, 3), faces.shape=(856, 3))> using `load_obj` in 0.0028s
2025-05-28 18:43:26,774 INFO ==> EMD Loss: 17.557512
2025-05-28 18:43:26,774 INFO ==> Height map loss:  7.303468
2025-05-28 18:43:27,093 DEBUG loaded <trimesh.Trimesh(vertices.shape=(48, 3), faces.shape=(28, 3))> using `load_obj` in 0.0007s
2025-05-28 18:43:27,212 DEBUG loaded <trimesh.Trimesh(vertices.shape=(916, 3), faces.shape=(856, 3))> using `load_obj` in 0.0028s
2025-05-28 18:43:33,091 INFO ==> EMD Loss: 17.557493
2025-05-28 18:43:33,091 INFO ==> Height map loss:  7.303545
2025-05-28 18:43:33,474 DEBUG loaded <trimesh.Trimesh(vertices.shape=(48, 3), faces.shape=(28, 3))> using `load_obj` in 0.0008s
2025-05-28 18:43:33,591 DEBUG loaded <trimesh.Trimesh(vertices.shape=(916, 3), faces.shape=(856, 3))> using `load_obj` in 0.0026s
2025-05-28 18:43:39,586 INFO ==> EMD Loss: 17.557499
2025-05-28 18:43:39,586 INFO ==> Height map loss:  7.303512
2025-05-28 18:43:39,902 DEBUG loaded <trimesh.Trimesh(vertices.shape=(48, 3), faces.shape=(28, 3))> using `load_obj` in 0.0007s
2025-05-28 18:43:40,021 DEBUG loaded <trimesh.Trimesh(vertices.shape=(916, 3), faces.shape=(856, 3))> using `load_obj` in 0.0027s
2025-05-28 18:43:45,899 INFO ==> EMD Loss: 17.557516
2025-05-28 18:43:45,900 INFO ==> Height map loss:  7.303544
2025-05-28 18:43:46,220 DEBUG loaded <trimesh.Trimesh(vertices.shape=(48, 3), faces.shape=(28, 3))> using `load_obj` in 0.0007s
2025-05-28 18:43:46,339 DEBUG loaded <trimesh.Trimesh(vertices.shape=(916, 3), faces.shape=(856, 3))> using `load_obj` in 0.0027s
2025-05-28 18:43:52,300 INFO ==> EMD Loss: 17.557493
2025-05-28 18:43:52,300 INFO ==> Height map loss:  7.303515
2025-05-28 18:43:52,618 DEBUG loaded <trimesh.Trimesh(vertices.shape=(48, 3), faces.shape=(28, 3))> using `load_obj` in 0.0008s
2025-05-28 18:43:52,737 DEBUG loaded <trimesh.Trimesh(vertices.shape=(916, 3), faces.shape=(856, 3))> using `load_obj` in 0.0028s
2025-05-28 18:44:07,152 INFO =====> Skill params: [ 0.27392337 -0.46042657 -0.918053   -0.96694475  0.6265405 ]
2025-05-28 18:44:07,152 INFO =====> Grad: [0. 0. 0. 0. 0.]
2025-05-28 18:44:07,152 INFO =====> Num. aborted data so far: 0
2025-05-28 18:44:07,153 INFO ===========> Epoch: 6 optimisation losses
2025-05-28 18:44:07,153 INFO =====> EMD Loss: 17.557409
2025-05-28 18:44:07,153 INFO =====> Height map loss: 7.303448
2025-05-28 18:44:07,495 DEBUG loaded <trimesh.Trimesh(vertices.shape=(48, 3), faces.shape=(28, 3))> using `load_obj` in 0.0007s
2025-05-28 18:44:07,616 DEBUG loaded <trimesh.Trimesh(vertices.shape=(916, 3), faces.shape=(856, 3))> using `load_obj` in 0.0027s
2025-05-28 18:44:13,504 INFO ==> EMD Loss: 17.557524
2025-05-28 18:44:13,504 INFO ==> Height map loss:  7.303510
2025-05-28 18:44:13,824 DEBUG loaded <trimesh.Trimesh(vertices.shape=(48, 3), faces.shape=(28, 3))> using `load_obj` in 0.0007s
2025-05-28 18:44:13,947 DEBUG loaded <trimesh.Trimesh(vertices.shape=(916, 3), faces.shape=(856, 3))> using `load_obj` in 0.0028s
2025-05-28 18:44:19,997 INFO ==> EMD Loss: 17.557529
2025-05-28 18:44:19,997 INFO ==> Height map loss:  7.303545
2025-05-28 18:44:20,314 DEBUG loaded <trimesh.Trimesh(vertices.shape=(48, 3), faces.shape=(28, 3))> using `load_obj` in 0.0007s
2025-05-28 18:44:20,432 DEBUG loaded <trimesh.Trimesh(vertices.shape=(916, 3), faces.shape=(856, 3))> using `load_obj` in 0.0027s
2025-05-28 18:44:26,326 INFO ==> EMD Loss: 17.557535
2025-05-28 18:44:26,326 INFO ==> Height map loss:  7.303488
2025-05-28 18:44:26,645 DEBUG loaded <trimesh.Trimesh(vertices.shape=(48, 3), faces.shape=(28, 3))> using `load_obj` in 0.0007s
2025-05-28 18:44:26,767 DEBUG loaded <trimesh.Trimesh(vertices.shape=(916, 3), faces.shape=(856, 3))> using `load_obj` in 0.0028s
2025-05-28 18:44:32,761 INFO ==> EMD Loss: 17.557545
2025-05-28 18:44:32,762 INFO ==> Height map loss:  7.303571
2025-05-28 18:44:33,083 DEBUG loaded <trimesh.Trimesh(vertices.shape=(48, 3), faces.shape=(28, 3))> using `load_obj` in 0.0007s
2025-05-28 18:44:33,204 DEBUG loaded <trimesh.Trimesh(vertices.shape=(916, 3), faces.shape=(856, 3))> using `load_obj` in 0.0027s
2025-05-28 18:44:39,189 INFO ==> EMD Loss: 17.557505
2025-05-28 18:44:39,189 INFO ==> Height map loss:  7.303480
2025-05-28 18:44:39,516 DEBUG loaded <trimesh.Trimesh(vertices.shape=(48, 3), faces.shape=(28, 3))> using `load_obj` in 0.0008s
2025-05-28 18:44:39,638 DEBUG loaded <trimesh.Trimesh(vertices.shape=(916, 3), faces.shape=(856, 3))> using `load_obj` in 0.0028s
2025-05-28 18:44:53,951 INFO =====> Skill params: [ 0.27392337 -0.46042657 -0.918053   -0.96694475  0.6265405 ]
2025-05-28 18:44:53,951 INFO =====> Grad: [0. 0. 0. 0. 0.]
2025-05-28 18:44:53,951 INFO =====> Num. aborted data so far: 0
2025-05-28 18:44:53,952 INFO ===========> Epoch: 7 optimisation losses
2025-05-28 18:44:53,952 INFO =====> EMD Loss: 17.557541
2025-05-28 18:44:53,952 INFO =====> Height map loss: 7.303490
2025-05-28 18:44:54,298 DEBUG loaded <trimesh.Trimesh(vertices.shape=(48, 3), faces.shape=(28, 3))> using `load_obj` in 0.0008s
2025-05-28 18:44:54,419 DEBUG loaded <trimesh.Trimesh(vertices.shape=(916, 3), faces.shape=(856, 3))> using `load_obj` in 0.0028s
2025-05-28 18:45:00,443 INFO ==> EMD Loss: 17.557507
2025-05-28 18:45:00,443 INFO ==> Height map loss:  7.303459
2025-05-28 18:45:00,771 DEBUG loaded <trimesh.Trimesh(vertices.shape=(48, 3), faces.shape=(28, 3))> using `load_obj` in 0.0008s
2025-05-28 18:45:00,891 DEBUG loaded <trimesh.Trimesh(vertices.shape=(916, 3), faces.shape=(856, 3))> using `load_obj` in 0.0027s
2025-05-28 18:45:06,782 INFO ==> EMD Loss: 17.557449
2025-05-28 18:45:06,782 INFO ==> Height map loss:  7.303535
2025-05-28 18:45:07,108 DEBUG loaded <trimesh.Trimesh(vertices.shape=(48, 3), faces.shape=(28, 3))> using `load_obj` in 0.0007s
2025-05-28 18:45:07,232 DEBUG loaded <trimesh.Trimesh(vertices.shape=(916, 3), faces.shape=(856, 3))> using `load_obj` in 0.0029s
2025-05-28 18:45:13,249 INFO ==> EMD Loss: 17.557520
2025-05-28 18:45:13,249 INFO ==> Height map loss:  7.303479
2025-05-28 18:45:13,580 DEBUG loaded <trimesh.Trimesh(vertices.shape=(48, 3), faces.shape=(28, 3))> using `load_obj` in 0.0007s
2025-05-28 18:45:13,701 DEBUG loaded <trimesh.Trimesh(vertices.shape=(916, 3), faces.shape=(856, 3))> using `load_obj` in 0.0028s
2025-05-28 18:45:19,593 INFO ==> EMD Loss: 17.557539
2025-05-28 18:45:19,593 INFO ==> Height map loss:  7.303499
2025-05-28 18:45:19,920 DEBUG loaded <trimesh.Trimesh(vertices.shape=(48, 3), faces.shape=(28, 3))> using `load_obj` in 0.0008s
2025-05-28 18:45:20,039 DEBUG loaded <trimesh.Trimesh(vertices.shape=(916, 3), faces.shape=(856, 3))> using `load_obj` in 0.0027s
2025-05-28 18:45:26,023 INFO ==> EMD Loss: 17.557512
2025-05-28 18:45:26,023 INFO ==> Height map loss:  7.303483
2025-05-28 18:45:26,355 DEBUG loaded <trimesh.Trimesh(vertices.shape=(48, 3), faces.shape=(28, 3))> using `load_obj` in 0.0008s
2025-05-28 18:45:26,476 DEBUG loaded <trimesh.Trimesh(vertices.shape=(916, 3), faces.shape=(856, 3))> using `load_obj` in 0.0027s
2025-05-28 18:45:40,929 INFO =====> Skill params: [ 0.27392337 -0.46042657 -0.918053   -0.96694475  0.6265405 ]
2025-05-28 18:45:40,930 INFO =====> Grad: [0. 0. 0. 0. 0.]
2025-05-28 18:45:40,930 INFO =====> Num. aborted data so far: 0
2025-05-28 18:45:40,930 INFO ===========> Epoch: 8 optimisation losses
2025-05-28 18:45:40,931 INFO =====> EMD Loss: 17.557415
2025-05-28 18:45:40,931 INFO =====> Height map loss: 7.303483
2025-05-28 18:45:41,283 DEBUG loaded <trimesh.Trimesh(vertices.shape=(48, 3), faces.shape=(28, 3))> using `load_obj` in 0.0008s
2025-05-28 18:45:41,405 DEBUG loaded <trimesh.Trimesh(vertices.shape=(916, 3), faces.shape=(856, 3))> using `load_obj` in 0.0028s
2025-05-28 18:45:47,295 INFO ==> EMD Loss: 17.557461
2025-05-28 18:45:47,295 INFO ==> Height map loss:  7.303518
2025-05-28 18:45:47,620 DEBUG loaded <trimesh.Trimesh(vertices.shape=(48, 3), faces.shape=(28, 3))> using `load_obj` in 0.0007s
2025-05-28 18:45:47,741 DEBUG loaded <trimesh.Trimesh(vertices.shape=(916, 3), faces.shape=(856, 3))> using `load_obj` in 0.0028s
2025-05-28 18:45:53,735 INFO ==> EMD Loss: 17.557556
2025-05-28 18:45:53,735 INFO ==> Height map loss:  7.303527
2025-05-28 18:45:54,062 DEBUG loaded <trimesh.Trimesh(vertices.shape=(48, 3), faces.shape=(28, 3))> using `load_obj` in 0.0008s
2025-05-28 18:45:54,184 DEBUG loaded <trimesh.Trimesh(vertices.shape=(916, 3), faces.shape=(856, 3))> using `load_obj` in 0.0028s
2025-05-28 18:46:00,107 INFO ==> EMD Loss: 17.557556
2025-05-28 18:46:00,107 INFO ==> Height map loss:  7.303520
2025-05-28 18:46:00,432 DEBUG loaded <trimesh.Trimesh(vertices.shape=(48, 3), faces.shape=(28, 3))> using `load_obj` in 0.0007s
2025-05-28 18:46:00,553 DEBUG loaded <trimesh.Trimesh(vertices.shape=(916, 3), faces.shape=(856, 3))> using `load_obj` in 0.0028s
2025-05-28 18:46:06,523 INFO ==> EMD Loss: 17.557487
2025-05-28 18:46:06,523 INFO ==> Height map loss:  7.303463
2025-05-28 18:46:06,848 DEBUG loaded <trimesh.Trimesh(vertices.shape=(48, 3), faces.shape=(28, 3))> using `load_obj` in 0.0007s
2025-05-28 18:46:06,965 DEBUG loaded <trimesh.Trimesh(vertices.shape=(916, 3), faces.shape=(856, 3))> using `load_obj` in 0.0028s
2025-05-28 18:46:12,838 INFO ==> EMD Loss: 17.557522
2025-05-28 18:46:12,838 INFO ==> Height map loss:  7.303495
2025-05-28 18:46:13,167 DEBUG loaded <trimesh.Trimesh(vertices.shape=(48, 3), faces.shape=(28, 3))> using `load_obj` in 0.0007s
2025-05-28 18:46:13,288 DEBUG loaded <trimesh.Trimesh(vertices.shape=(916, 3), faces.shape=(856, 3))> using `load_obj` in 0.0027s
2025-05-28 18:46:27,645 INFO =====> Skill params: [ 0.27392337 -0.46042657 -0.918053   -0.96694475  0.6265405 ]
2025-05-28 18:46:27,646 INFO =====> Grad: [0. 0. 0. 0. 0.]
2025-05-28 18:46:27,646 INFO =====> Num. aborted data so far: 0
2025-05-28 18:46:27,647 INFO ===========> Epoch: 9 optimisation losses
2025-05-28 18:46:27,647 INFO =====> EMD Loss: 17.557463
2025-05-28 18:46:27,647 INFO =====> Height map loss: 7.303524
2025-05-28 18:46:28,005 DEBUG loaded <trimesh.Trimesh(vertices.shape=(48, 3), faces.shape=(28, 3))> using `load_obj` in 0.0008s
2025-05-28 18:46:28,128 DEBUG loaded <trimesh.Trimesh(vertices.shape=(916, 3), faces.shape=(856, 3))> using `load_obj` in 0.0028s
2025-05-28 18:46:33,979 INFO ==> EMD Loss: 17.557396
2025-05-28 18:46:33,979 INFO ==> Height map loss:  7.303484
2025-05-28 18:46:34,306 DEBUG loaded <trimesh.Trimesh(vertices.shape=(48, 3), faces.shape=(28, 3))> using `load_obj` in 0.0008s
2025-05-28 18:46:34,425 DEBUG loaded <trimesh.Trimesh(vertices.shape=(916, 3), faces.shape=(856, 3))> using `load_obj` in 0.0028s
2025-05-28 18:46:40,402 INFO ==> EMD Loss: 17.557468
2025-05-28 18:46:40,402 INFO ==> Height map loss:  7.303548
2025-05-28 18:46:40,727 DEBUG loaded <trimesh.Trimesh(vertices.shape=(48, 3), faces.shape=(28, 3))> using `load_obj` in 0.0007s
2025-05-28 18:46:40,845 DEBUG loaded <trimesh.Trimesh(vertices.shape=(916, 3), faces.shape=(856, 3))> using `load_obj` in 0.0027s
2025-05-28 18:46:46,731 INFO ==> EMD Loss: 17.557594
2025-05-28 18:46:46,731 INFO ==> Height map loss:  7.303498
2025-05-28 18:46:47,145 DEBUG loaded <trimesh.Trimesh(vertices.shape=(48, 3), faces.shape=(28, 3))> using `load_obj` in 0.0008s
2025-05-28 18:46:47,266 DEBUG loaded <trimesh.Trimesh(vertices.shape=(916, 3), faces.shape=(856, 3))> using `load_obj` in 0.0027s
2025-05-28 18:46:53,208 INFO ==> EMD Loss: 17.557520
2025-05-28 18:46:53,208 INFO ==> Height map loss:  7.303551
2025-05-28 18:46:53,535 DEBUG loaded <trimesh.Trimesh(vertices.shape=(48, 3), faces.shape=(28, 3))> using `load_obj` in 0.0007s
2025-05-28 18:46:53,653 DEBUG loaded <trimesh.Trimesh(vertices.shape=(916, 3), faces.shape=(856, 3))> using `load_obj` in 0.0028s
2025-05-28 18:46:59,622 INFO ==> EMD Loss: 17.557507
2025-05-28 18:46:59,622 INFO ==> Height map loss:  7.303527
2025-05-28 18:46:59,996 DEBUG loaded <trimesh.Trimesh(vertices.shape=(48, 3), faces.shape=(28, 3))> using `load_obj` in 0.0007s
2025-05-28 18:47:00,117 DEBUG loaded <trimesh.Trimesh(vertices.shape=(916, 3), faces.shape=(856, 3))> using `load_obj` in 0.0028s
2025-05-28 18:47:14,359 INFO =====> Skill params: [ 0.27392337 -0.46042657 -0.918053   -0.96694475  0.6265405 ]
2025-05-28 18:47:14,359 INFO =====> Grad: [0. 0. 0. 0. 0.]
2025-05-28 18:47:14,359 INFO =====> Num. aborted data so far: 0
2025-05-28 18:47:14,360 INFO ===========> Epoch: 10 optimisation losses
2025-05-28 18:47:14,360 INFO =====> EMD Loss: 17.557438
2025-05-28 18:47:14,360 INFO =====> Height map loss: 7.303443
2025-05-28 18:47:14,722 DEBUG loaded <trimesh.Trimesh(vertices.shape=(48, 3), faces.shape=(28, 3))> using `load_obj` in 0.0008s
2025-05-28 18:47:14,845 DEBUG loaded <trimesh.Trimesh(vertices.shape=(916, 3), faces.shape=(856, 3))> using `load_obj` in 0.0028s
2025-05-28 18:47:20,846 INFO ==> EMD Loss: 17.557552
2025-05-28 18:47:20,846 INFO ==> Height map loss:  7.303542
2025-05-28 18:47:21,176 DEBUG loaded <trimesh.Trimesh(vertices.shape=(48, 3), faces.shape=(28, 3))> using `load_obj` in 0.0007s
2025-05-28 18:47:21,298 DEBUG loaded <trimesh.Trimesh(vertices.shape=(916, 3), faces.shape=(856, 3))> using `load_obj` in 0.0028s
2025-05-28 18:47:27,209 INFO ==> EMD Loss: 17.557503
2025-05-28 18:47:27,209 INFO ==> Height map loss:  7.303505
2025-05-28 18:47:27,543 DEBUG loaded <trimesh.Trimesh(vertices.shape=(48, 3), faces.shape=(28, 3))> using `load_obj` in 0.0008s
2025-05-28 18:47:27,667 DEBUG loaded <trimesh.Trimesh(vertices.shape=(916, 3), faces.shape=(856, 3))> using `load_obj` in 0.0028s
2025-05-28 18:47:33,675 INFO ==> EMD Loss: 17.557514
2025-05-28 18:47:33,675 INFO ==> Height map loss:  7.303493
2025-05-28 18:47:34,002 DEBUG loaded <trimesh.Trimesh(vertices.shape=(48, 3), faces.shape=(28, 3))> using `load_obj` in 0.0007s
2025-05-28 18:47:34,119 DEBUG loaded <trimesh.Trimesh(vertices.shape=(916, 3), faces.shape=(856, 3))> using `load_obj` in 0.0027s
2025-05-28 18:47:39,965 INFO ==> EMD Loss: 17.557539
2025-05-28 18:47:39,965 INFO ==> Height map loss:  7.303514
2025-05-28 18:47:40,295 DEBUG loaded <trimesh.Trimesh(vertices.shape=(48, 3), faces.shape=(28, 3))> using `load_obj` in 0.0007s
2025-05-28 18:47:40,417 DEBUG loaded <trimesh.Trimesh(vertices.shape=(916, 3), faces.shape=(856, 3))> using `load_obj` in 0.0028s
2025-05-28 18:47:46,374 INFO ==> EMD Loss: 17.557430
2025-05-28 18:47:46,375 INFO ==> Height map loss:  7.303507
2025-05-28 18:47:46,708 DEBUG loaded <trimesh.Trimesh(vertices.shape=(48, 3), faces.shape=(28, 3))> using `load_obj` in 0.0007s
2025-05-28 18:47:46,826 DEBUG loaded <trimesh.Trimesh(vertices.shape=(916, 3), faces.shape=(856, 3))> using `load_obj` in 0.0027s
2025-05-28 18:48:01,162 INFO =====> Skill params: [ 0.27392337 -0.46042657 -0.918053   -0.96694475  0.6265405 ]
2025-05-28 18:48:01,162 INFO =====> Grad: [0. 0. 0. 0. 0.]
2025-05-28 18:48:01,162 INFO =====> Num. aborted data so far: 0
2025-05-28 18:48:01,163 INFO ===========> Epoch: 11 optimisation losses
2025-05-28 18:48:01,163 INFO =====> EMD Loss: 17.557537
2025-05-28 18:48:01,163 INFO =====> Height map loss: 7.303525
2025-05-28 18:48:01,533 DEBUG loaded <trimesh.Trimesh(vertices.shape=(48, 3), faces.shape=(28, 3))> using `load_obj` in 0.0008s
2025-05-28 18:48:01,653 DEBUG loaded <trimesh.Trimesh(vertices.shape=(916, 3), faces.shape=(856, 3))> using `load_obj` in 0.0027s
2025-05-28 18:48:07,718 INFO ==> EMD Loss: 17.557390
2025-05-28 18:48:07,718 INFO ==> Height map loss:  7.303419
2025-05-28 18:48:08,049 DEBUG loaded <trimesh.Trimesh(vertices.shape=(48, 3), faces.shape=(28, 3))> using `load_obj` in 0.0007s
2025-05-28 18:48:08,167 DEBUG loaded <trimesh.Trimesh(vertices.shape=(916, 3), faces.shape=(856, 3))> using `load_obj` in 0.0026s
2025-05-28 18:48:14,068 INFO ==> EMD Loss: 17.557447
2025-05-28 18:48:14,068 INFO ==> Height map loss:  7.303469
2025-05-28 18:48:14,412 DEBUG loaded <trimesh.Trimesh(vertices.shape=(48, 3), faces.shape=(28, 3))> using `load_obj` in 0.0007s
2025-05-28 18:48:14,533 DEBUG loaded <trimesh.Trimesh(vertices.shape=(916, 3), faces.shape=(856, 3))> using `load_obj` in 0.0027s
2025-05-28 18:48:20,588 INFO ==> EMD Loss: 17.557560
2025-05-28 18:48:20,588 INFO ==> Height map loss:  7.303491
2025-05-28 18:48:20,925 DEBUG loaded <trimesh.Trimesh(vertices.shape=(48, 3), faces.shape=(28, 3))> using `load_obj` in 0.0007s
2025-05-28 18:48:21,046 DEBUG loaded <trimesh.Trimesh(vertices.shape=(916, 3), faces.shape=(856, 3))> using `load_obj` in 0.0027s
2025-05-28 18:48:26,913 INFO ==> EMD Loss: 17.557568
2025-05-28 18:48:26,913 INFO ==> Height map loss:  7.303518
2025-05-28 18:48:27,253 DEBUG loaded <trimesh.Trimesh(vertices.shape=(48, 3), faces.shape=(28, 3))> using `load_obj` in 0.0007s
2025-05-28 18:48:27,373 DEBUG loaded <trimesh.Trimesh(vertices.shape=(916, 3), faces.shape=(856, 3))> using `load_obj` in 0.0027s
2025-05-28 18:48:33,350 INFO ==> EMD Loss: 17.557577
2025-05-28 18:48:33,350 INFO ==> Height map loss:  7.303525
2025-05-28 18:48:33,691 DEBUG loaded <trimesh.Trimesh(vertices.shape=(48, 3), faces.shape=(28, 3))> using `load_obj` in 0.0007s
2025-05-28 18:48:33,812 DEBUG loaded <trimesh.Trimesh(vertices.shape=(916, 3), faces.shape=(856, 3))> using `load_obj` in 0.0027s
2025-05-28 18:48:48,244 INFO =====> Skill params: [ 0.27392337 -0.46042657 -0.918053   -0.96694475  0.6265405 ]
2025-05-28 18:48:48,244 INFO =====> Grad: [0. 0. 0. 0. 0.]
2025-05-28 18:48:48,244 INFO =====> Num. aborted data so far: 0
2025-05-28 18:48:48,245 INFO ===========> Epoch: 12 optimisation losses
2025-05-28 18:48:48,245 INFO =====> EMD Loss: 17.557446
2025-05-28 18:48:48,245 INFO =====> Height map loss: 7.303484
2025-05-28 18:48:48,605 DEBUG loaded <trimesh.Trimesh(vertices.shape=(48, 3), faces.shape=(28, 3))> using `load_obj` in 0.0008s
2025-05-28 18:48:48,725 DEBUG loaded <trimesh.Trimesh(vertices.shape=(916, 3), faces.shape=(856, 3))> using `load_obj` in 0.0028s
2025-05-28 18:48:54,618 INFO ==> EMD Loss: 17.557489
2025-05-28 18:48:54,618 INFO ==> Height map loss:  7.303505
2025-05-28 18:48:54,954 DEBUG loaded <trimesh.Trimesh(vertices.shape=(48, 3), faces.shape=(28, 3))> using `load_obj` in 0.0008s
2025-05-28 18:48:55,077 DEBUG loaded <trimesh.Trimesh(vertices.shape=(916, 3), faces.shape=(856, 3))> using `load_obj` in 0.0028s
2025-05-28 18:49:01,120 INFO ==> EMD Loss: 17.557470
2025-05-28 18:49:01,120 INFO ==> Height map loss:  7.303507
2025-05-28 18:49:01,459 DEBUG loaded <trimesh.Trimesh(vertices.shape=(48, 3), faces.shape=(28, 3))> using `load_obj` in 0.0007s
2025-05-28 18:49:01,581 DEBUG loaded <trimesh.Trimesh(vertices.shape=(916, 3), faces.shape=(856, 3))> using `load_obj` in 0.0027s
2025-05-28 18:49:07,475 INFO ==> EMD Loss: 17.557419
2025-05-28 18:49:07,475 INFO ==> Height map loss:  7.303482
2025-05-28 18:49:07,914 DEBUG loaded <trimesh.Trimesh(vertices.shape=(48, 3), faces.shape=(28, 3))> using `load_obj` in 0.0008s
2025-05-28 18:49:08,034 DEBUG loaded <trimesh.Trimesh(vertices.shape=(916, 3), faces.shape=(856, 3))> using `load_obj` in 0.0026s
2025-05-28 18:49:14,081 INFO ==> EMD Loss: 17.557539
2025-05-28 18:49:14,081 INFO ==> Height map loss:  7.303502
2025-05-28 18:49:14,420 DEBUG loaded <trimesh.Trimesh(vertices.shape=(48, 3), faces.shape=(28, 3))> using `load_obj` in 0.0008s
2025-05-28 18:49:14,543 DEBUG loaded <trimesh.Trimesh(vertices.shape=(916, 3), faces.shape=(856, 3))> using `load_obj` in 0.0028s
2025-05-28 18:49:20,412 INFO ==> EMD Loss: 17.557516
2025-05-28 18:49:20,412 INFO ==> Height map loss:  7.303502
2025-05-28 18:49:20,752 DEBUG loaded <trimesh.Trimesh(vertices.shape=(48, 3), faces.shape=(28, 3))> using `load_obj` in 0.0007s
2025-05-28 18:49:20,874 DEBUG loaded <trimesh.Trimesh(vertices.shape=(916, 3), faces.shape=(856, 3))> using `load_obj` in 0.0028s
2025-05-28 18:49:35,666 INFO =====> Skill params: [ 0.27392337 -0.46042657 -0.918053   -0.96694475  0.6265405 ]
2025-05-28 18:49:35,666 INFO =====> Grad: [0. 0. 0. 0. 0.]
2025-05-28 18:49:35,666 INFO =====> Num. aborted data so far: 0
2025-05-28 18:49:35,667 INFO ===========> Epoch: 13 optimisation losses
2025-05-28 18:49:35,667 INFO =====> EMD Loss: 17.557467
2025-05-28 18:49:35,667 INFO =====> Height map loss: 7.303499
2025-05-28 18:49:36,037 DEBUG loaded <trimesh.Trimesh(vertices.shape=(48, 3), faces.shape=(28, 3))> using `load_obj` in 0.0008s
2025-05-28 18:49:36,159 DEBUG loaded <trimesh.Trimesh(vertices.shape=(916, 3), faces.shape=(856, 3))> using `load_obj` in 0.0029s
2025-05-28 18:49:42,056 INFO ==> EMD Loss: 17.557438
2025-05-28 18:49:42,056 INFO ==> Height map loss:  7.303514
2025-05-28 18:49:42,398 DEBUG loaded <trimesh.Trimesh(vertices.shape=(48, 3), faces.shape=(28, 3))> using `load_obj` in 0.0007s
2025-05-28 18:49:42,519 DEBUG loaded <trimesh.Trimesh(vertices.shape=(916, 3), faces.shape=(856, 3))> using `load_obj` in 0.0028s
2025-05-28 18:49:48,523 INFO ==> EMD Loss: 17.557541
2025-05-28 18:49:48,523 INFO ==> Height map loss:  7.303487
2025-05-28 18:49:48,867 DEBUG loaded <trimesh.Trimesh(vertices.shape=(48, 3), faces.shape=(28, 3))> using `load_obj` in 0.0007s
2025-05-28 18:49:48,989 DEBUG loaded <trimesh.Trimesh(vertices.shape=(916, 3), faces.shape=(856, 3))> using `load_obj` in 0.0028s
2025-05-28 18:49:54,905 INFO ==> EMD Loss: 17.557447
2025-05-28 18:49:54,906 INFO ==> Height map loss:  7.303491
2025-05-28 18:49:55,245 DEBUG loaded <trimesh.Trimesh(vertices.shape=(48, 3), faces.shape=(28, 3))> using `load_obj` in 0.0008s
2025-05-28 18:49:55,368 DEBUG loaded <trimesh.Trimesh(vertices.shape=(916, 3), faces.shape=(856, 3))> using `load_obj` in 0.0028s
2025-05-28 18:50:01,401 INFO ==> EMD Loss: 17.557522
2025-05-28 18:50:01,401 INFO ==> Height map loss:  7.303512
2025-05-28 18:50:01,753 DEBUG loaded <trimesh.Trimesh(vertices.shape=(48, 3), faces.shape=(28, 3))> using `load_obj` in 0.0019s
2025-05-28 18:50:01,875 DEBUG loaded <trimesh.Trimesh(vertices.shape=(916, 3), faces.shape=(856, 3))> using `load_obj` in 0.0028s
2025-05-28 18:50:07,806 INFO ==> EMD Loss: 17.557543
2025-05-28 18:50:07,806 INFO ==> Height map loss:  7.303498
2025-05-28 18:50:08,150 DEBUG loaded <trimesh.Trimesh(vertices.shape=(48, 3), faces.shape=(28, 3))> using `load_obj` in 0.0008s
2025-05-28 18:50:08,273 DEBUG loaded <trimesh.Trimesh(vertices.shape=(916, 3), faces.shape=(856, 3))> using `load_obj` in 0.0029s
2025-05-28 18:50:23,021 INFO =====> Skill params: [ 0.27392337 -0.46042657 -0.918053   -0.96694475  0.6265405 ]
2025-05-28 18:50:23,022 INFO =====> Grad: [0. 0. 0. 0. 0.]
2025-05-28 18:50:23,022 INFO =====> Num. aborted data so far: 0
2025-05-28 18:50:23,022 INFO ===========> Epoch: 14 optimisation losses
2025-05-28 18:50:23,023 INFO =====> EMD Loss: 17.557451
2025-05-28 18:50:23,023 INFO =====> Height map loss: 7.303489
2025-05-28 18:50:23,390 DEBUG loaded <trimesh.Trimesh(vertices.shape=(48, 3), faces.shape=(28, 3))> using `load_obj` in 0.0008s
2025-05-28 18:50:23,512 DEBUG loaded <trimesh.Trimesh(vertices.shape=(916, 3), faces.shape=(856, 3))> using `load_obj` in 0.0029s
2025-05-28 18:50:29,449 INFO ==> EMD Loss: 17.557543
2025-05-28 18:50:29,449 INFO ==> Height map loss:  7.303516
2025-05-28 18:50:29,821 DEBUG loaded <trimesh.Trimesh(vertices.shape=(48, 3), faces.shape=(28, 3))> using `load_obj` in 0.0008s
2025-05-28 18:50:29,944 DEBUG loaded <trimesh.Trimesh(vertices.shape=(916, 3), faces.shape=(856, 3))> using `load_obj` in 0.0027s
2025-05-28 18:50:36,031 INFO ==> EMD Loss: 17.557522
2025-05-28 18:50:36,031 INFO ==> Height map loss:  7.303487
2025-05-28 18:50:36,378 DEBUG loaded <trimesh.Trimesh(vertices.shape=(48, 3), faces.shape=(28, 3))> using `load_obj` in 0.0007s
2025-05-28 18:50:36,504 DEBUG loaded <trimesh.Trimesh(vertices.shape=(916, 3), faces.shape=(856, 3))> using `load_obj` in 0.0028s
2025-05-28 18:50:42,457 INFO ==> EMD Loss: 17.557493
2025-05-28 18:50:42,457 INFO ==> Height map loss:  7.303483
2025-05-28 18:50:42,802 DEBUG loaded <trimesh.Trimesh(vertices.shape=(48, 3), faces.shape=(28, 3))> using `load_obj` in 0.0008s
2025-05-28 18:50:42,926 DEBUG loaded <trimesh.Trimesh(vertices.shape=(916, 3), faces.shape=(856, 3))> using `load_obj` in 0.0028s
2025-05-28 18:50:48,964 INFO ==> EMD Loss: 17.557531
2025-05-28 18:50:48,964 INFO ==> Height map loss:  7.303526
2025-05-28 18:50:49,317 DEBUG loaded <trimesh.Trimesh(vertices.shape=(48, 3), faces.shape=(28, 3))> using `load_obj` in 0.0008s
2025-05-28 18:50:49,444 DEBUG loaded <trimesh.Trimesh(vertices.shape=(916, 3), faces.shape=(856, 3))> using `load_obj` in 0.0027s
2025-05-28 18:50:55,382 INFO ==> EMD Loss: 17.557516
2025-05-28 18:50:55,382 INFO ==> Height map loss:  7.303495
2025-05-28 18:50:55,736 DEBUG loaded <trimesh.Trimesh(vertices.shape=(48, 3), faces.shape=(28, 3))> using `load_obj` in 0.0007s
2025-05-28 18:50:55,861 DEBUG loaded <trimesh.Trimesh(vertices.shape=(916, 3), faces.shape=(856, 3))> using `load_obj` in 0.0027s
2025-05-28 18:51:10,365 INFO =====> Skill params: [ 0.27392337 -0.46042657 -0.918053   -0.96694475  0.6265405 ]
2025-05-28 18:51:10,365 INFO =====> Grad: [0. 0. 0. 0. 0.]
2025-05-28 18:51:10,366 INFO =====> Num. aborted data so far: 0
2025-05-28 18:51:10,366 INFO ===========> Epoch: 15 optimisation losses
2025-05-28 18:51:10,366 INFO =====> EMD Loss: 17.557499
2025-05-28 18:51:10,366 INFO =====> Height map loss: 7.303481
2025-05-28 18:51:10,744 DEBUG loaded <trimesh.Trimesh(vertices.shape=(48, 3), faces.shape=(28, 3))> using `load_obj` in 0.0008s
2025-05-28 18:51:10,870 DEBUG loaded <trimesh.Trimesh(vertices.shape=(916, 3), faces.shape=(856, 3))> using `load_obj` in 0.0029s
2025-05-28 18:51:16,971 INFO ==> EMD Loss: 17.557480
2025-05-28 18:51:16,971 INFO ==> Height map loss:  7.303495
2025-05-28 18:51:17,334 DEBUG loaded <trimesh.Trimesh(vertices.shape=(48, 3), faces.shape=(28, 3))> using `load_obj` in 0.0008s
2025-05-28 18:51:17,461 DEBUG loaded <trimesh.Trimesh(vertices.shape=(916, 3), faces.shape=(856, 3))> using `load_obj` in 0.0029s
2025-05-28 18:51:23,394 INFO ==> EMD Loss: 17.557474
2025-05-28 18:51:23,395 INFO ==> Height map loss:  7.303492
2025-05-28 18:51:23,739 DEBUG loaded <trimesh.Trimesh(vertices.shape=(48, 3), faces.shape=(28, 3))> using `load_obj` in 0.0007s
2025-05-28 18:51:23,864 DEBUG loaded <trimesh.Trimesh(vertices.shape=(916, 3), faces.shape=(856, 3))> using `load_obj` in 0.0028s
2025-05-28 18:51:29,791 INFO ==> EMD Loss: 17.557522
2025-05-28 18:51:29,791 INFO ==> Height map loss:  7.303499
2025-05-28 18:51:30,145 DEBUG loaded <trimesh.Trimesh(vertices.shape=(48, 3), faces.shape=(28, 3))> using `load_obj` in 0.0008s
2025-05-28 18:51:30,269 DEBUG loaded <trimesh.Trimesh(vertices.shape=(916, 3), faces.shape=(856, 3))> using `load_obj` in 0.0028s
2025-05-28 18:51:36,330 INFO ==> EMD Loss: 17.557550
2025-05-28 18:51:36,330 INFO ==> Height map loss:  7.303529
2025-05-28 18:51:36,676 DEBUG loaded <trimesh.Trimesh(vertices.shape=(48, 3), faces.shape=(28, 3))> using `load_obj` in 0.0008s
2025-05-28 18:51:36,802 DEBUG loaded <trimesh.Trimesh(vertices.shape=(916, 3), faces.shape=(856, 3))> using `load_obj` in 0.0028s
2025-05-28 18:51:42,699 INFO ==> EMD Loss: 17.557535
2025-05-28 18:51:42,699 INFO ==> Height map loss:  7.303526
2025-05-28 18:51:43,051 DEBUG loaded <trimesh.Trimesh(vertices.shape=(48, 3), faces.shape=(28, 3))> using `load_obj` in 0.0008s
2025-05-28 18:51:43,177 DEBUG loaded <trimesh.Trimesh(vertices.shape=(916, 3), faces.shape=(856, 3))> using `load_obj` in 0.0027s
2025-05-28 18:51:57,624 INFO =====> Skill params: [ 0.27392337 -0.46042657 -0.918053   -0.96694475  0.6265405 ]
2025-05-28 18:51:57,624 INFO =====> Grad: [0. 0. 0. 0. 0.]
2025-05-28 18:51:57,624 INFO =====> Num. aborted data so far: 0
2025-05-28 18:51:57,625 INFO ===========> Epoch: 16 optimisation losses
2025-05-28 18:51:57,625 INFO =====> EMD Loss: 17.557501
2025-05-28 18:51:57,625 INFO =====> Height map loss: 7.303500
2025-05-28 18:51:57,990 DEBUG loaded <trimesh.Trimesh(vertices.shape=(48, 3), faces.shape=(28, 3))> using `load_obj` in 0.0008s
2025-05-28 18:51:58,117 DEBUG loaded <trimesh.Trimesh(vertices.shape=(916, 3), faces.shape=(856, 3))> using `load_obj` in 0.0029s
2025-05-28 18:52:04,118 INFO ==> EMD Loss: 17.557583
2025-05-28 18:52:04,119 INFO ==> Height map loss:  7.303532
2025-05-28 18:52:04,464 DEBUG loaded <trimesh.Trimesh(vertices.shape=(48, 3), faces.shape=(28, 3))> using `load_obj` in 0.0007s
2025-05-28 18:52:04,588 DEBUG loaded <trimesh.Trimesh(vertices.shape=(916, 3), faces.shape=(856, 3))> using `load_obj` in 0.0026s
2025-05-28 18:52:10,507 INFO ==> EMD Loss: 17.557470
2025-05-28 18:52:10,507 INFO ==> Height map loss:  7.303480
2025-05-28 18:52:10,955 DEBUG loaded <trimesh.Trimesh(vertices.shape=(48, 3), faces.shape=(28, 3))> using `load_obj` in 0.0007s
2025-05-28 18:52:11,079 DEBUG loaded <trimesh.Trimesh(vertices.shape=(916, 3), faces.shape=(856, 3))> using `load_obj` in 0.0028s
2025-05-28 18:52:17,051 INFO ==> EMD Loss: 17.557386
2025-05-28 18:52:17,051 INFO ==> Height map loss:  7.303465
2025-05-28 18:52:17,396 DEBUG loaded <trimesh.Trimesh(vertices.shape=(48, 3), faces.shape=(28, 3))> using `load_obj` in 0.0008s
2025-05-28 18:52:17,521 DEBUG loaded <trimesh.Trimesh(vertices.shape=(916, 3), faces.shape=(856, 3))> using `load_obj` in 0.0028s
2025-05-28 18:52:23,411 INFO ==> EMD Loss: 17.557514
2025-05-28 18:52:23,411 INFO ==> Height map loss:  7.303522
2025-05-28 18:52:23,765 DEBUG loaded <trimesh.Trimesh(vertices.shape=(48, 3), faces.shape=(28, 3))> using `load_obj` in 0.0008s
2025-05-28 18:52:23,891 DEBUG loaded <trimesh.Trimesh(vertices.shape=(916, 3), faces.shape=(856, 3))> using `load_obj` in 0.0026s
2025-05-28 18:52:29,934 INFO ==> EMD Loss: 17.557478
2025-05-28 18:52:29,934 INFO ==> Height map loss:  7.303542
2025-05-28 18:52:30,284 DEBUG loaded <trimesh.Trimesh(vertices.shape=(48, 3), faces.shape=(28, 3))> using `load_obj` in 0.0007s
2025-05-28 18:52:30,408 DEBUG loaded <trimesh.Trimesh(vertices.shape=(916, 3), faces.shape=(856, 3))> using `load_obj` in 0.0027s
2025-05-28 18:52:44,721 INFO =====> Skill params: [ 0.27392337 -0.46042657 -0.918053   -0.96694475  0.6265405 ]
2025-05-28 18:52:44,721 INFO =====> Grad: [0. 0. 0. 0. 0.]
2025-05-28 18:52:44,721 INFO =====> Num. aborted data so far: 0
2025-05-28 18:52:44,722 INFO ===========> Epoch: 17 optimisation losses
2025-05-28 18:52:44,722 INFO =====> EMD Loss: 17.557461
2025-05-28 18:52:44,722 INFO =====> Height map loss: 7.303465
2025-05-28 18:52:45,092 DEBUG loaded <trimesh.Trimesh(vertices.shape=(48, 3), faces.shape=(28, 3))> using `load_obj` in 0.0008s
2025-05-28 18:52:45,217 DEBUG loaded <trimesh.Trimesh(vertices.shape=(916, 3), faces.shape=(856, 3))> using `load_obj` in 0.0027s
2025-05-28 18:52:51,279 INFO ==> EMD Loss: 17.557480
2025-05-28 18:52:51,279 INFO ==> Height map loss:  7.303495
2025-05-28 18:52:51,722 DEBUG loaded <trimesh.Trimesh(vertices.shape=(48, 3), faces.shape=(28, 3))> using `load_obj` in 0.0008s
2025-05-28 18:52:51,847 DEBUG loaded <trimesh.Trimesh(vertices.shape=(916, 3), faces.shape=(856, 3))> using `load_obj` in 0.0028s
2025-05-28 18:52:57,734 INFO ==> EMD Loss: 17.557493
2025-05-28 18:52:57,734 INFO ==> Height map loss:  7.303534
2025-05-28 18:52:58,079 DEBUG loaded <trimesh.Trimesh(vertices.shape=(48, 3), faces.shape=(28, 3))> using `load_obj` in 0.0007s
2025-05-28 18:52:58,204 DEBUG loaded <trimesh.Trimesh(vertices.shape=(916, 3), faces.shape=(856, 3))> using `load_obj` in 0.0028s
2025-05-28 18:53:04,200 INFO ==> EMD Loss: 17.557501
2025-05-28 18:53:04,200 INFO ==> Height map loss:  7.303485
2025-05-28 18:53:04,576 DEBUG loaded <trimesh.Trimesh(vertices.shape=(48, 3), faces.shape=(28, 3))> using `load_obj` in 0.0008s
2025-05-28 18:53:04,702 DEBUG loaded <trimesh.Trimesh(vertices.shape=(916, 3), faces.shape=(856, 3))> using `load_obj` in 0.0026s
2025-05-28 18:53:10,577 INFO ==> EMD Loss: 17.557505
2025-05-28 18:53:10,577 INFO ==> Height map loss:  7.303464
2025-05-28 18:53:10,924 DEBUG loaded <trimesh.Trimesh(vertices.shape=(48, 3), faces.shape=(28, 3))> using `load_obj` in 0.0008s
2025-05-28 18:53:11,048 DEBUG loaded <trimesh.Trimesh(vertices.shape=(916, 3), faces.shape=(856, 3))> using `load_obj` in 0.0028s
2025-05-28 18:53:17,063 INFO ==> EMD Loss: 17.557503
2025-05-28 18:53:17,064 INFO ==> Height map loss:  7.303517
2025-05-28 18:53:17,423 DEBUG loaded <trimesh.Trimesh(vertices.shape=(48, 3), faces.shape=(28, 3))> using `load_obj` in 0.0008s
2025-05-28 18:53:17,550 DEBUG loaded <trimesh.Trimesh(vertices.shape=(916, 3), faces.shape=(856, 3))> using `load_obj` in 0.0027s
2025-05-28 18:53:31,843 INFO =====> Skill params: [ 0.27392337 -0.46042657 -0.918053   -0.96694475  0.6265405 ]
2025-05-28 18:53:31,843 INFO =====> Grad: [0. 0. 0. 0. 0.]
2025-05-28 18:53:31,843 INFO =====> Num. aborted data so far: 0
2025-05-28 18:53:31,844 INFO ===========> Epoch: 18 optimisation losses
2025-05-28 18:53:31,844 INFO =====> EMD Loss: 17.557493
2025-05-28 18:53:31,844 INFO =====> Height map loss: 7.303485
2025-05-28 18:53:32,219 DEBUG loaded <trimesh.Trimesh(vertices.shape=(48, 3), faces.shape=(28, 3))> using `load_obj` in 0.0008s
2025-05-28 18:53:32,346 DEBUG loaded <trimesh.Trimesh(vertices.shape=(916, 3), faces.shape=(856, 3))> using `load_obj` in 0.0029s
2025-05-28 18:53:38,386 INFO ==> EMD Loss: 17.557537
2025-05-28 18:53:38,386 INFO ==> Height map loss:  7.303513
2025-05-28 18:53:38,733 DEBUG loaded <trimesh.Trimesh(vertices.shape=(48, 3), faces.shape=(28, 3))> using `load_obj` in 0.0007s
2025-05-28 18:53:38,858 DEBUG loaded <trimesh.Trimesh(vertices.shape=(916, 3), faces.shape=(856, 3))> using `load_obj` in 0.0028s
2025-05-28 18:53:44,778 INFO ==> EMD Loss: 17.557549
2025-05-28 18:53:44,778 INFO ==> Height map loss:  7.303500
2025-05-28 18:53:45,126 DEBUG loaded <trimesh.Trimesh(vertices.shape=(48, 3), faces.shape=(28, 3))> using `load_obj` in 0.0008s
2025-05-28 18:53:45,255 DEBUG loaded <trimesh.Trimesh(vertices.shape=(916, 3), faces.shape=(856, 3))> using `load_obj` in 0.0028s
2025-05-28 18:53:51,316 INFO ==> EMD Loss: 17.557428
2025-05-28 18:53:51,317 INFO ==> Height map loss:  7.303467
2025-05-28 18:53:51,663 DEBUG loaded <trimesh.Trimesh(vertices.shape=(48, 3), faces.shape=(28, 3))> using `load_obj` in 0.0008s
2025-05-28 18:53:51,790 DEBUG loaded <trimesh.Trimesh(vertices.shape=(916, 3), faces.shape=(856, 3))> using `load_obj` in 0.0027s
2025-05-28 18:53:57,730 INFO ==> EMD Loss: 17.557547
2025-05-28 18:53:57,730 INFO ==> Height map loss:  7.303523
2025-05-28 18:53:58,073 DEBUG loaded <trimesh.Trimesh(vertices.shape=(48, 3), faces.shape=(28, 3))> using `load_obj` in 0.0008s
2025-05-28 18:53:58,202 DEBUG loaded <trimesh.Trimesh(vertices.shape=(916, 3), faces.shape=(856, 3))> using `load_obj` in 0.0028s
2025-05-28 18:54:04,296 INFO ==> EMD Loss: 17.557528
2025-05-28 18:54:04,296 INFO ==> Height map loss:  7.303520
2025-05-28 18:54:04,645 DEBUG loaded <trimesh.Trimesh(vertices.shape=(48, 3), faces.shape=(28, 3))> using `load_obj` in 0.0007s
2025-05-28 18:54:04,773 DEBUG loaded <trimesh.Trimesh(vertices.shape=(916, 3), faces.shape=(856, 3))> using `load_obj` in 0.0029s
2025-05-28 18:54:19,427 INFO =====> Skill params: [ 0.27392337 -0.46042657 -0.918053   -0.96694475  0.6265405 ]
2025-05-28 18:54:19,427 INFO =====> Grad: [0. 0. 0. 0. 0.]
2025-05-28 18:54:19,427 INFO =====> Num. aborted data so far: 0
2025-05-28 18:54:19,428 INFO ===========> Epoch: 19 optimisation losses
2025-05-28 18:54:19,428 INFO =====> EMD Loss: 17.557522
2025-05-28 18:54:19,428 INFO =====> Height map loss: 7.303563
2025-05-28 18:54:19,802 DEBUG loaded <trimesh.Trimesh(vertices.shape=(48, 3), faces.shape=(28, 3))> using `load_obj` in 0.0008s
2025-05-28 18:54:19,929 DEBUG loaded <trimesh.Trimesh(vertices.shape=(916, 3), faces.shape=(856, 3))> using `load_obj` in 0.0029s
2025-05-28 18:54:25,990 INFO ==> EMD Loss: 17.557484
2025-05-28 18:54:25,990 INFO ==> Height map loss:  7.303521
2025-05-28 18:54:26,346 DEBUG loaded <trimesh.Trimesh(vertices.shape=(48, 3), faces.shape=(28, 3))> using `load_obj` in 0.0008s
2025-05-28 18:54:26,472 DEBUG loaded <trimesh.Trimesh(vertices.shape=(916, 3), faces.shape=(856, 3))> using `load_obj` in 0.0027s
2025-05-28 18:54:32,429 INFO ==> EMD Loss: 17.557470
2025-05-28 18:54:32,430 INFO ==> Height map loss:  7.303532
2025-05-28 18:54:32,777 DEBUG loaded <trimesh.Trimesh(vertices.shape=(48, 3), faces.shape=(28, 3))> using `load_obj` in 0.0008s
2025-05-28 18:54:32,902 DEBUG loaded <trimesh.Trimesh(vertices.shape=(916, 3), faces.shape=(856, 3))> using `load_obj` in 0.0027s
2025-05-28 18:54:38,947 INFO ==> EMD Loss: 17.557489
2025-05-28 18:54:38,947 INFO ==> Height map loss:  7.303493
2025-05-28 18:54:39,300 DEBUG loaded <trimesh.Trimesh(vertices.shape=(48, 3), faces.shape=(28, 3))> using `load_obj` in 0.0007s
2025-05-28 18:54:39,426 DEBUG loaded <trimesh.Trimesh(vertices.shape=(916, 3), faces.shape=(856, 3))> using `load_obj` in 0.0028s
2025-05-28 18:54:45,273 INFO ==> EMD Loss: 17.557507
2025-05-28 18:54:45,273 INFO ==> Height map loss:  7.303555
2025-05-28 18:54:45,622 DEBUG loaded <trimesh.Trimesh(vertices.shape=(48, 3), faces.shape=(28, 3))> using `load_obj` in 0.0008s
2025-05-28 18:54:45,746 DEBUG loaded <trimesh.Trimesh(vertices.shape=(916, 3), faces.shape=(856, 3))> using `load_obj` in 0.0028s
2025-05-28 18:54:51,798 INFO ==> EMD Loss: 17.557520
2025-05-28 18:54:51,798 INFO ==> Height map loss:  7.303508
2025-05-28 18:54:52,145 DEBUG loaded <trimesh.Trimesh(vertices.shape=(48, 3), faces.shape=(28, 3))> using `load_obj` in 0.0007s
2025-05-28 18:54:52,271 DEBUG loaded <trimesh.Trimesh(vertices.shape=(916, 3), faces.shape=(856, 3))> using `load_obj` in 0.0028s
2025-05-28 18:54:58,188 INFO ===========> Finished training.
2025-05-28 18:54:58,188 INFO ====> Final EMD Loss: 17.557526
2025-05-28 18:54:58,188 INFO ====> Final Height map loss: 7.303521
2025-05-28 18:54:58,189 INFO ====> Final skill params: [ 0.27392337 -0.46042657 -0.918053   -0.96694475  0.6265405 ]
