2025-05-28 06:29:57,480 INFO =====> Skill params: [ 0.02364325  0.90092736 -0.71168077  0.8972989  -0.37633708]
2025-05-28 06:29:57,480 INFO =====> Grad: [ -610.00006 -2094.1167    418.976     117.29049  1158.6497 ]
2025-05-28 06:29:57,480 INFO =====> Num. aborted data so far: 0
2025-05-28 06:29:57,481 INFO ===========> Epoch: 0 optimisation losses
2025-05-28 06:29:57,481 INFO =====> EMD Loss: 24.365561
2025-05-28 06:29:57,481 INFO =====> Height map loss: 12.166990
2025-05-28 06:30:08,832 INFO ==> EMD Loss: 24.295227
2025-05-28 06:30:08,832 INFO ==> Height map loss:  12.170639
2025-05-28 06:30:20,195 INFO ==> EMD Loss: 24.071098
2025-05-28 06:30:20,195 INFO ==> Height map loss:  12.029490
2025-05-28 06:30:31,860 INFO ==> EMD Loss: 24.133348
2025-05-28 06:30:31,860 INFO ==> Height map loss:  11.862506
2025-05-28 06:30:43,365 INFO ==> EMD Loss: 24.052422
2025-05-28 06:30:43,365 INFO ==> Height map loss:  11.819383
2025-05-28 06:30:54,992 INFO ==> EMD Loss: 24.095856
2025-05-28 06:30:54,993 INFO ==> Height map loss:  11.839160
2025-05-28 06:31:24,243 INFO =====> Skill params: [ 0.16594575  1.         -0.8539833   0.75499636 -0.51863956]
2025-05-28 06:31:24,243 INFO =====> Grad: [ -613.5339  8378.201    109.8076 -1185.9633  -135.2899]
2025-05-28 06:31:24,243 INFO =====> Num. aborted data so far: 0
2025-05-28 06:31:24,244 INFO ===========> Epoch: 1 optimisation losses
2025-05-28 06:31:24,244 INFO =====> EMD Loss: 24.052446
2025-05-28 06:31:24,244 INFO =====> Height map loss: 11.821845
2025-05-28 06:31:35,816 INFO ==> EMD Loss: 24.073254
2025-05-28 06:31:35,816 INFO ==> Height map loss:  11.817117
2025-05-28 06:31:47,313 INFO ==> EMD Loss: 24.217344
2025-05-28 06:31:47,313 INFO ==> Height map loss:  11.867146
2025-05-28 06:31:58,406 INFO ==> EMD Loss: 24.320734
2025-05-28 06:31:58,406 INFO ==> Height map loss:  11.937072
2025-05-28 06:32:09,640 INFO ==> EMD Loss: 24.314251
2025-05-28 06:32:09,640 INFO ==> Height map loss:  11.948011
2025-05-28 06:32:20,540 INFO ==> EMD Loss: 24.110521
2025-05-28 06:32:20,540 INFO ==> Height map loss:  12.001575
2025-05-28 06:32:49,523 INFO =====> Skill params: [ 0.17284703  0.99076915 -0.8565095   0.7644417  -0.5174807 ]
2025-05-28 06:32:49,523 INFO =====> Grad: [ -609.0909   7520.315     105.84114 -1246.5275    -84.68998]
2025-05-28 06:32:49,523 INFO =====> Num. aborted data so far: 0
2025-05-28 06:32:49,524 INFO ===========> Epoch: 2 optimisation losses
2025-05-28 06:32:49,524 INFO =====> EMD Loss: 24.076988
2025-05-28 06:32:49,524 INFO =====> Height map loss: 11.817160
2025-05-28 06:33:01,240 INFO ==> EMD Loss: 24.040998
2025-05-28 06:33:01,240 INFO ==> Height map loss:  11.807612
2025-05-28 06:33:12,590 INFO ==> EMD Loss: 24.182985
2025-05-28 06:33:12,590 INFO ==> Height map loss:  11.881457
2025-05-28 06:33:24,059 INFO ==> EMD Loss: 24.296755
2025-05-28 06:33:24,059 INFO ==> Height map loss:  11.913725
2025-05-28 06:33:35,237 INFO ==> EMD Loss: 24.257664
2025-05-28 06:33:35,237 INFO ==> Height map loss:  11.906977
2025-05-28 06:33:46,335 INFO ==> EMD Loss: 24.117268
2025-05-28 06:33:46,335 INFO ==> Height map loss:  11.995983
2025-05-28 06:34:15,446 INFO =====> Skill params: [ 0.17859337  0.98434365 -0.8589871   0.7714703  -0.51671845]
2025-05-28 06:34:15,447 INFO =====> Grad: [ -613.7405    1597.5913     103.07431  -1234.3297    -107.704346]
2025-05-28 06:34:15,447 INFO =====> Num. aborted data so far: 0
2025-05-28 06:34:15,447 INFO ===========> Epoch: 3 optimisation losses
2025-05-28 06:34:15,447 INFO =====> EMD Loss: 24.041048
2025-05-28 06:34:15,447 INFO =====> Height map loss: 11.807642
2025-05-28 06:34:27,061 INFO ==> EMD Loss: 24.042519
2025-05-28 06:34:27,062 INFO ==> Height map loss:  11.805009
2025-05-28 06:34:38,753 INFO ==> EMD Loss: 24.120056
2025-05-28 06:34:38,753 INFO ==> Height map loss:  11.867273
2025-05-28 06:34:50,262 INFO ==> EMD Loss: 24.201269
2025-05-28 06:34:50,263 INFO ==> Height map loss:  11.878181
2025-05-28 06:35:01,940 INFO ==> EMD Loss: 24.323402
2025-05-28 06:35:01,940 INFO ==> Height map loss:  11.951971
2025-05-28 06:35:13,452 INFO ==> EMD Loss: 24.378206
2025-05-28 06:35:13,452 INFO ==> Height map loss:  12.012316
2025-05-28 06:35:42,493 INFO =====> Skill params: [ 0.18372625  0.98292106 -0.8614437   0.7772737  -0.51570255]
2025-05-28 06:35:42,493 INFO =====> Grad: [ -613.7405   5260.27      102.46102 -1108.605    -244.84354]
2025-05-28 06:35:42,493 INFO =====> Num. aborted data so far: 0
2025-05-28 06:35:42,494 INFO ===========> Epoch: 4 optimisation losses
2025-05-28 06:35:42,494 INFO =====> EMD Loss: 24.064444
2025-05-28 06:35:42,494 INFO =====> Height map loss: 11.807341
2025-05-28 06:35:54,191 INFO ==> EMD Loss: 24.064386
2025-05-28 06:35:54,191 INFO ==> Height map loss:  11.819397
2025-05-28 06:36:05,955 INFO ==> EMD Loss: 24.202593
2025-05-28 06:36:05,955 INFO ==> Height map loss:  11.871995
2025-05-28 06:36:17,411 INFO ==> EMD Loss: 24.272583
2025-05-28 06:36:17,411 INFO ==> Height map loss:  11.910815
2025-05-28 06:36:29,034 INFO ==> EMD Loss: 24.206806
2025-05-28 06:36:29,034 INFO ==> Height map loss:  11.920913
2025-05-28 06:36:40,421 INFO ==> EMD Loss: 24.039213
2025-05-28 06:36:40,421 INFO ==> Height map loss:  12.000574
2025-05-28 06:37:09,082 INFO =====> Skill params: [ 0.18842615  0.9785413  -0.86392796  0.7820282  -0.5133445 ]
2025-05-28 06:37:09,082 INFO =====> Grad: [ -609.2308    919.5829    100.57168 -1312.3636    -47.42372]
2025-05-28 06:37:09,082 INFO =====> Num. aborted data so far: 0
2025-05-28 06:37:09,083 INFO ===========> Epoch: 5 optimisation losses
2025-05-28 06:37:09,083 INFO =====> EMD Loss: 24.062323
2025-05-28 06:37:09,084 INFO =====> Height map loss: 11.819381
2025-05-28 06:37:20,894 INFO ==> EMD Loss: 24.077221
2025-05-28 06:37:20,894 INFO ==> Height map loss:  11.831779
2025-05-28 06:37:32,552 INFO ==> EMD Loss: 24.188965
2025-05-28 06:37:32,552 INFO ==> Height map loss:  11.885836
2025-05-28 06:37:44,341 INFO ==> EMD Loss: 24.242912
2025-05-28 06:37:44,341 INFO ==> Height map loss:  11.880038
2025-05-28 06:37:55,897 INFO ==> EMD Loss: 24.359028
2025-05-28 06:37:55,897 INFO ==> Height map loss:  11.957134
2025-05-28 06:38:07,588 INFO ==> EMD Loss: 24.376120
2025-05-28 06:38:07,588 INFO ==> Height map loss:  11.970470
2025-05-28 06:38:36,560 INFO =====> Skill params: [ 0.19279215  0.9777371  -0.8664089   0.78705835 -0.5128637 ]
2025-05-28 06:38:36,561 INFO =====> Grad: [  609.2308   -2914.112     -100.22456   1312.8251      54.868336]
2025-05-28 06:38:36,567 INFO =====> Num. aborted data so far: 0
2025-05-28 06:38:36,568 INFO ===========> Epoch: 6 optimisation losses
2025-05-28 06:38:36,568 INFO =====> EMD Loss: 24.077215
2025-05-28 06:38:36,568 INFO =====> Height map loss: 11.831783
2025-05-28 06:38:48,175 INFO ==> EMD Loss: 24.059019
2025-05-28 06:38:48,175 INFO ==> Height map loss:  11.818012
2025-05-28 06:39:00,083 INFO ==> EMD Loss: 24.076820
2025-05-28 06:39:00,083 INFO ==> Height map loss:  11.816785
2025-05-28 06:39:11,852 INFO ==> EMD Loss: 24.040129
2025-05-28 06:39:11,852 INFO ==> Height map loss:  11.824466
2025-05-28 06:39:23,749 INFO ==> EMD Loss: 24.074402
2025-05-28 06:39:23,750 INFO ==> Height map loss:  11.830930
2025-05-28 06:39:35,366 INFO ==> EMD Loss: 24.072647
2025-05-28 06:39:35,366 INFO ==> Height map loss:  11.835213
2025-05-28 06:40:04,511 INFO =====> Skill params: [ 0.17208883  0.9906601  -0.8538439   0.7639102  -0.51579005]
2025-05-28 06:40:04,512 INFO =====> Grad: [ -609.0909   2369.9214    105.79422 -1223.5225   -110.62133]
2025-05-28 06:40:04,512 INFO =====> Num. aborted data so far: 0
2025-05-28 06:40:04,512 INFO ===========> Epoch: 7 optimisation losses
2025-05-28 06:40:04,512 INFO =====> EMD Loss: 24.076714
2025-05-28 06:40:04,512 INFO =====> Height map loss: 11.816588
2025-05-28 06:40:16,271 INFO ==> EMD Loss: 24.053411
2025-05-28 06:40:16,271 INFO ==> Height map loss:  11.814151
2025-05-28 06:40:28,078 INFO ==> EMD Loss: 24.071573
2025-05-28 06:40:28,078 INFO ==> Height map loss:  11.825628
2025-05-28 06:40:39,618 INFO ==> EMD Loss: 24.203646
2025-05-28 06:40:39,618 INFO ==> Height map loss:  11.884358
2025-05-28 06:40:51,215 INFO ==> EMD Loss: 24.210506
2025-05-28 06:40:51,215 INFO ==> Height map loss:  11.875549
2025-05-28 06:41:02,617 INFO ==> EMD Loss: 24.346087
2025-05-28 06:41:02,617 INFO ==> Height map loss:  11.957292
2025-05-28 06:41:31,771 INFO =====> Skill params: [ 0.17605321  0.9885025  -0.85652596  0.76801133 -0.5145568 ]
2025-05-28 06:41:31,772 INFO =====> Grad: [-613.7405   3770.6611    411.09998     5.627571 1382.4327  ]
2025-05-28 06:41:31,772 INFO =====> Num. aborted data so far: 0
2025-05-28 06:41:31,772 INFO ===========> Epoch: 8 optimisation losses
2025-05-28 06:41:31,772 INFO =====> EMD Loss: 24.057215
2025-05-28 06:41:31,772 INFO =====> Height map loss: 11.814295
2025-05-28 06:41:43,400 INFO ==> EMD Loss: 24.071079
2025-05-28 06:41:43,400 INFO ==> Height map loss:  11.816850
2025-05-28 06:41:55,062 INFO ==> EMD Loss: 24.066252
2025-05-28 06:41:55,062 INFO ==> Height map loss:  11.822586
2025-05-28 06:42:06,420 INFO ==> EMD Loss: 24.092142
2025-05-28 06:42:06,420 INFO ==> Height map loss:  11.836220
2025-05-28 06:42:17,842 INFO ==> EMD Loss: 24.057810
2025-05-28 06:42:17,842 INFO ==> Height map loss:  11.841505
2025-05-28 06:42:28,957 INFO ==> EMD Loss: 24.070303
2025-05-28 06:42:28,957 INFO ==> Height map loss:  11.844060
2025-05-28 06:42:57,912 INFO =====> Skill params: [ 0.17990187  0.9851216  -0.8637061   0.7679914  -0.52274907]
2025-05-28 06:42:57,912 INFO =====> Grad: [ -613.7405   -7536.247      411.46866     67.855675  1317.1729  ]
2025-05-28 06:42:57,912 INFO =====> Num. aborted data so far: 0
2025-05-28 06:42:57,913 INFO ===========> Epoch: 9 optimisation losses
2025-05-28 06:42:57,913 INFO =====> EMD Loss: 24.074753
2025-05-28 06:42:57,913 INFO =====> Height map loss: 11.816792
2025-05-28 06:43:09,796 INFO ==> EMD Loss: 24.048464
2025-05-28 06:43:09,796 INFO ==> Height map loss:  11.821243
2025-05-28 06:43:21,428 INFO ==> EMD Loss: 24.069061
2025-05-28 06:43:21,428 INFO ==> Height map loss:  11.829820
2025-05-28 06:43:33,159 INFO ==> EMD Loss: 24.088963
2025-05-28 06:43:33,159 INFO ==> Height map loss:  11.836134
2025-05-28 06:43:44,831 INFO ==> EMD Loss: 24.088852
2025-05-28 06:43:44,831 INFO ==> Height map loss:  11.841736
2025-05-28 06:43:56,597 INFO ==> EMD Loss: 24.070517
2025-05-28 06:43:56,597 INFO ==> Height map loss:  11.843049
2025-05-28 06:44:25,627 INFO =====> Skill params: [ 0.18363196  0.9908176  -0.86962575  0.7677388  -0.5289648 ]
2025-05-28 06:44:25,627 INFO =====> Grad: [ -609.0909   -3549.8313     105.86199  -1140.3333       9.668528]
2025-05-28 06:44:25,627 INFO =====> Num. aborted data so far: 0
2025-05-28 06:44:25,628 INFO ===========> Epoch: 10 optimisation losses
2025-05-28 06:44:25,628 INFO =====> EMD Loss: 24.048454
2025-05-28 06:44:25,628 INFO =====> Height map loss: 11.821298
2025-05-28 06:44:37,574 INFO ==> EMD Loss: 24.048450
2025-05-28 06:44:37,574 INFO ==> Height map loss:  11.823053
2025-05-28 06:44:49,388 INFO ==> EMD Loss: 24.057665
2025-05-28 06:44:49,388 INFO ==> Height map loss:  11.820829
2025-05-28 06:45:01,274 INFO ==> EMD Loss: 24.111599
2025-05-28 06:45:01,274 INFO ==> Height map loss:  11.854258
2025-05-28 06:45:13,022 INFO ==> EMD Loss: 24.190790
2025-05-28 06:45:13,022 INFO ==> Height map loss:  11.889056
2025-05-28 06:45:24,996 INFO ==> EMD Loss: 24.257759
2025-05-28 06:45:24,996 INFO ==> Height map loss:  11.909228
2025-05-28 06:45:54,055 INFO =====> Skill params: [ 0.20167564  1.         -0.8775401   0.78797597 -0.52920526]
2025-05-28 06:45:54,055 INFO =====> Grad: [  613.5339   -1579.284     -109.8076    1288.5934      56.226177]
2025-05-28 06:45:54,055 INFO =====> Num. aborted data so far: 0
2025-05-28 06:45:54,056 INFO ===========> Epoch: 11 optimisation losses
2025-05-28 06:45:54,056 INFO =====> EMD Loss: 24.057610
2025-05-28 06:45:54,056 INFO =====> Height map loss: 11.820834
2025-05-28 06:46:05,967 INFO ==> EMD Loss: 24.074018
2025-05-28 06:46:05,968 INFO ==> Height map loss:  11.824488
2025-05-28 06:46:17,615 INFO ==> EMD Loss: 24.043186
2025-05-28 06:46:17,615 INFO ==> Height map loss:  11.820573
2025-05-28 06:46:29,486 INFO ==> EMD Loss: 24.056395
2025-05-28 06:46:29,486 INFO ==> Height map loss:  11.825390
2025-05-28 06:46:41,187 INFO ==> EMD Loss: 24.072853
2025-05-28 06:46:41,187 INFO ==> Height map loss:  11.834311
2025-05-28 06:46:53,176 INFO ==> EMD Loss: 24.069635
2025-05-28 06:46:53,176 INFO ==> Height map loss:  11.836248
2025-05-28 06:47:22,452 INFO =====> Skill params: [ 0.18391143  1.         -0.8690272   0.76648635 -0.5306786 ]
2025-05-28 06:47:22,452 INFO =====> Grad: [ -613.5339    2926.9575     109.8076   -1287.2394     -24.414526]
2025-05-28 06:47:22,452 INFO =====> Num. aborted data so far: 0
2025-05-28 06:47:22,453 INFO ===========> Epoch: 12 optimisation losses
2025-05-28 06:47:22,453 INFO =====> EMD Loss: 24.043150
2025-05-28 06:47:22,453 INFO =====> Height map loss: 11.820621
2025-05-28 06:47:34,413 INFO ==> EMD Loss: 24.059195
2025-05-28 06:47:34,413 INFO ==> Height map loss:  11.821894
2025-05-28 06:47:46,131 INFO ==> EMD Loss: 24.073196
2025-05-28 06:47:46,131 INFO ==> Height map loss:  11.810013
2025-05-28 06:47:57,914 INFO ==> EMD Loss: 24.182152
2025-05-28 06:47:57,914 INFO ==> Height map loss:  11.883101
2025-05-28 06:48:09,411 INFO ==> EMD Loss: 24.194233
2025-05-28 06:48:09,411 INFO ==> Height map loss:  11.901869
2025-05-28 06:48:21,057 INFO ==> EMD Loss: 24.331860
2025-05-28 06:48:21,057 INFO ==> Height map loss:  11.952855
2025-05-28 06:48:49,761 INFO =====> Skill params: [ 0.20132856  0.9880891  -0.8778442   0.7869097  -0.53000426]
2025-05-28 06:48:49,762 INFO =====> Grad: [ -613.7405    3760.295      104.687706 -1287.4674     -54.648357]
2025-05-28 06:48:49,762 INFO =====> Num. aborted data so far: 0
2025-05-28 06:48:49,762 INFO ===========> Epoch: 13 optimisation losses
2025-05-28 06:48:49,762 INFO =====> EMD Loss: 24.073240
2025-05-28 06:48:49,762 INFO =====> Height map loss: 11.810127
2025-05-28 06:49:01,527 INFO ==> EMD Loss: 24.098391
2025-05-28 06:49:01,527 INFO ==> Height map loss:  11.830214
2025-05-28 06:49:13,131 INFO ==> EMD Loss: 24.180613
2025-05-28 06:49:13,131 INFO ==> Height map loss:  11.873610
2025-05-28 06:49:24,901 INFO ==> EMD Loss: 24.213642
2025-05-28 06:49:24,901 INFO ==> Height map loss:  11.899575
2025-05-28 06:49:36,326 INFO ==> EMD Loss: 24.313719
2025-05-28 06:49:36,326 INFO ==> Height map loss:  11.955065
2025-05-28 06:49:47,805 INFO ==> EMD Loss: 24.324867
2025-05-28 06:49:47,806 INFO ==> Height map loss:  11.943513
2025-05-28 06:50:16,545 INFO =====> Skill params: [ 0.20475388  0.9850349  -0.8795862   0.79083097 -0.5296863 ]
2025-05-28 06:50:16,545 INFO =====> Grad: [ -573.3253   -1338.5953     394.5264     115.732574  1240.8662  ]
2025-05-28 06:50:16,545 INFO =====> Num. aborted data so far: 0
2025-05-28 06:50:16,546 INFO ===========> Epoch: 14 optimisation losses
2025-05-28 06:50:16,546 INFO =====> EMD Loss: 24.098408
2025-05-28 06:50:16,546 INFO =====> Height map loss: 11.830265
2025-05-28 06:50:28,370 INFO ==> EMD Loss: 24.084188
2025-05-28 06:50:28,370 INFO ==> Height map loss:  11.815848
2025-05-28 06:50:40,044 INFO ==> EMD Loss: 24.110178
2025-05-28 06:50:40,044 INFO ==> Height map loss:  11.836926
2025-05-28 06:50:51,827 INFO ==> EMD Loss: 24.077692
2025-05-28 06:50:51,827 INFO ==> Height map loss:  11.840893
2025-05-28 06:51:03,350 INFO ==> EMD Loss: 24.066477
2025-05-28 06:51:03,350 INFO ==> Height map loss:  11.839703
2025-05-28 06:51:14,951 INFO ==> EMD Loss: 24.085028
2025-05-28 06:51:14,951 INFO ==> Height map loss:  11.844967
2025-05-28 06:51:43,895 INFO =====> Skill params: [ 0.20793185  0.9861727  -0.8851769   0.7904597  -0.5356231 ]
2025-05-28 06:51:43,895 INFO =====> Grad: [ -613.7405    3806.0503     103.86233  -1278.9597     -59.901314]
2025-05-28 06:51:43,895 INFO =====> Num. aborted data so far: 0
2025-05-28 06:51:43,896 INFO ===========> Epoch: 15 optimisation losses
2025-05-28 06:51:43,896 INFO =====> EMD Loss: 24.084217
2025-05-28 06:51:43,896 INFO =====> Height map loss: 11.815866
2025-05-28 06:51:55,777 INFO ==> EMD Loss: 24.064291
2025-05-28 06:51:55,777 INFO ==> Height map loss:  11.844851
2025-05-28 06:52:07,282 INFO ==> EMD Loss: 24.176205
2025-05-28 06:52:07,282 INFO ==> Height map loss:  11.876942
2025-05-28 06:52:18,925 INFO ==> EMD Loss: 24.241106
2025-05-28 06:52:18,925 INFO ==> Height map loss:  11.928875
2025-05-28 06:52:30,261 INFO ==> EMD Loss: 24.300428
2025-05-28 06:52:30,261 INFO ==> Height map loss:  11.976312
2025-05-28 06:52:41,757 INFO ==> EMD Loss: 24.280016
2025-05-28 06:52:41,757 INFO ==> Height map loss:  11.964039
2025-05-28 06:53:10,535 INFO =====> Skill params: [ 0.21128622  0.9829636  -0.88670796  0.7943949  -0.5353211 ]
2025-05-28 06:53:10,535 INFO =====> Grad: [-613.7405  411.5992  411.7013   96.1489 1256.0621]
2025-05-28 06:53:10,535 INFO =====> Num. aborted data so far: 0
2025-05-28 06:53:10,536 INFO ===========> Epoch: 16 optimisation losses
2025-05-28 06:53:10,536 INFO =====> EMD Loss: 24.084185
2025-05-28 06:53:10,536 INFO =====> Height map loss: 11.844868
2025-05-28 06:53:22,315 INFO ==> EMD Loss: 24.080641
2025-05-28 06:53:22,315 INFO ==> Height map loss:  11.840114
2025-05-28 06:53:33,852 INFO ==> EMD Loss: 24.090042
2025-05-28 06:53:33,852 INFO ==> Height map loss:  11.845556
2025-05-28 06:53:45,525 INFO ==> EMD Loss: 24.057829
2025-05-28 06:53:45,525 INFO ==> Height map loss:  11.835921
2025-05-28 06:53:57,132 INFO ==> EMD Loss: 24.052855
2025-05-28 06:53:57,133 INFO ==> Height map loss:  11.835608
2025-05-28 06:54:08,925 INFO ==> EMD Loss: 24.084324
2025-05-28 06:54:08,925 INFO ==> Height map loss:  11.836555
2025-05-28 06:54:37,279 INFO =====> Skill params: [ 0.26098385  0.97748053 -0.96626866  0.78971976 -0.6171983 ]
2025-05-28 06:54:37,279 INFO =====> Grad: [ -609.2308    1208.3049       0.       -1158.2961     -58.806484]
2025-05-28 06:54:37,279 INFO =====> Num. aborted data so far: 0
2025-05-28 06:54:37,280 INFO ===========> Epoch: 17 optimisation losses
2025-05-28 06:54:37,280 INFO =====> EMD Loss: 24.052794
2025-05-28 06:54:37,280 INFO =====> Height map loss: 11.835514
2025-05-28 06:54:49,001 INFO ==> EMD Loss: 24.049480
2025-05-28 06:54:49,001 INFO ==> Height map loss:  11.836062
2025-05-28 06:55:00,606 INFO ==> EMD Loss: 24.093252
2025-05-28 06:55:00,606 INFO ==> Height map loss:  11.856561
2025-05-28 06:55:12,252 INFO ==> EMD Loss: 24.099083
2025-05-28 06:55:12,252 INFO ==> Height map loss:  11.855807
2025-05-28 06:55:23,710 INFO ==> EMD Loss: 24.154211
2025-05-28 06:55:23,710 INFO ==> Height map loss:  11.883042
2025-05-28 06:55:35,064 INFO ==> EMD Loss: 24.173298
2025-05-28 06:55:35,064 INFO ==> Height map loss:  11.887275
2025-05-28 06:56:03,620 INFO =====> Skill params: [ 0.26424     0.97635734 -0.96626866  0.79337245 -0.616929  ]
2025-05-28 06:56:03,620 INFO =====> Grad: [ 609.2308  -465.40866    0.      1158.5016    64.21095]
2025-05-28 06:56:03,620 INFO =====> Num. aborted data so far: 0
2025-05-28 06:56:03,621 INFO ===========> Epoch: 18 optimisation losses
2025-05-28 06:56:03,621 INFO =====> EMD Loss: 24.049484
2025-05-28 06:56:03,621 INFO =====> Height map loss: 11.833529
2025-05-28 06:56:15,267 INFO ==> EMD Loss: 24.052124
2025-05-28 06:56:15,267 INFO ==> Height map loss:  11.835290
2025-05-28 06:56:26,999 INFO ==> EMD Loss: 24.084682
2025-05-28 06:56:27,000 INFO ==> Height map loss:  11.842849
2025-05-28 06:56:38,542 INFO ==> EMD Loss: 24.085867
2025-05-28 06:56:38,543 INFO ==> Height map loss:  11.842188
2025-05-28 06:56:50,269 INFO ==> EMD Loss: 24.090530
2025-05-28 06:56:50,269 INFO ==> Height map loss:  11.839634
2025-05-28 06:57:01,736 INFO ==> EMD Loss: 24.076084
2025-05-28 06:57:01,736 INFO ==> Height map loss:  11.839580
2025-05-28 06:57:30,383 INFO =====> Skill params: [ 0.26101246  0.97681284 -0.96626866  0.7898043  -0.61723876]
2025-05-28 06:57:30,383 INFO =====> Grad: [ -609.2308   5604.529       0.      -1158.2319    -58.93176]
2025-05-28 06:57:30,383 INFO =====> Num. aborted data so far: 0
2025-05-28 06:57:30,384 INFO ===========> Epoch: 19 optimisation losses
2025-05-28 06:57:30,384 INFO =====> EMD Loss: 24.052053
2025-05-28 06:57:30,384 INFO =====> Height map loss: 11.837705
2025-05-28 06:57:42,002 INFO ==> EMD Loss: 24.047432
2025-05-28 06:57:42,002 INFO ==> Height map loss:  11.835974
2025-05-28 06:57:53,635 INFO ==> EMD Loss: 24.111906
2025-05-28 06:57:53,635 INFO ==> Height map loss:  11.852560
2025-05-28 06:58:04,867 INFO ==> EMD Loss: 24.147655
2025-05-28 06:58:04,867 INFO ==> Height map loss:  11.876757
2025-05-28 06:58:16,183 INFO ==> EMD Loss: 24.220736
2025-05-28 06:58:16,184 INFO ==> Height map loss:  11.910312
2025-05-28 06:58:27,248 INFO ==> EMD Loss: 24.217863
2025-05-28 06:58:27,248 INFO ==> Height map loss:  11.903551
2025-05-28 06:58:38,912 INFO ===========> Finished training.
2025-05-28 06:58:38,912 INFO ====> Final EMD Loss: 24.050772
2025-05-28 06:58:38,912 INFO ====> Final Height map loss: 11.836003
2025-05-28 06:58:38,913 INFO ====> Final skill params: [ 0.26421487  0.97187567 -0.96626866  0.79330003 -0.61693925]
