2024-09-02 13:41:31,732 INFO ===> New TaichiEnv created.
2024-09-02 13:41:31,732 INFO ===> Specifications: horizon = 600, dt = 0.01, n_substeps = 20, dt_sub = 0.0005
2024-09-02 13:42:07,556 INFO =====> Epoch: 0
2024-09-02 13:42:07,556 INFO =====> Grad: [ 1.1655376e-02  2.3194930e-02  1.7052421e-09 -2.5217524e-01
 -3.4458935e-08]
2024-09-02 13:42:07,556 INFO =====> Num. aborted data so far: 0
2024-09-02 13:42:07,768 INFO ===> New TaichiEnv created.
2024-09-02 13:42:07,768 INFO ===> Specifications: horizon = 600, dt = 0.01, n_substeps = 20, dt_sub = 0.0005
2024-09-02 13:42:56,790 INFO =====> Epoch: 1
2024-09-02 13:42:56,790 INFO =====> Grad: [-2.1648817e+00 -5.7722735e-01  1.6924449e-08 -5.6060500e+00
  7.4505806e-09]
2024-09-02 13:42:56,790 INFO =====> Num. aborted data so far: 0
2024-09-02 13:42:57,009 INFO ===> New TaichiEnv created.
2024-09-02 13:42:57,009 INFO ===> Specifications: horizon = 600, dt = 0.01, n_substeps = 20, dt_sub = 0.0005
2024-09-02 13:43:46,346 INFO =====> Epoch: 2
2024-09-02 13:43:46,346 INFO =====> Grad: [ 1.51707223e-02 -1.14934534e-01 -8.88087159e-10  2.98390716e-01
  6.51925802e-09]
2024-09-02 13:43:46,346 INFO =====> Num. aborted data so far: 0
2024-09-02 13:43:46,762 INFO ===> New TaichiEnv created.
2024-09-02 13:43:46,762 INFO ===> Specifications: horizon = 600, dt = 0.01, n_substeps = 20, dt_sub = 0.0005
2024-09-02 13:44:38,417 INFO =====> Epoch: 3
2024-09-02 13:44:38,417 INFO =====> Grad: [-7.9415798e-02 -8.5619435e-02 -5.1499227e-10 -4.5132723e-01
  1.5133992e-08]
2024-09-02 13:44:38,417 INFO =====> Num. aborted data so far: 0
2024-09-02 13:44:38,839 INFO ===> New TaichiEnv created.
2024-09-02 13:44:38,839 INFO ===> Specifications: horizon = 600, dt = 0.01, n_substeps = 20, dt_sub = 0.0005
2024-09-02 13:45:34,016 INFO =====> Epoch: 4
2024-09-02 13:45:34,016 INFO =====> Grad: [ 7.7710271e-02  6.5154545e-02 -1.7430388e-09 -1.9733377e-01
  6.2864274e-09]
2024-09-02 13:45:34,016 INFO =====> Num. aborted data so far: 0
2024-09-02 13:45:34,445 INFO ===> New TaichiEnv created.
2024-09-02 13:45:34,445 INFO ===> Specifications: horizon = 600, dt = 0.01, n_substeps = 20, dt_sub = 0.0005
2024-09-02 13:46:06,362 INFO =====> Epoch: 5
2024-09-02 13:46:06,362 INFO =====> Grad: [ 1.1535636e+03  4.7635225e+03  2.5199557e-05 -9.2248804e+02
 -2.1934509e-05]
2024-09-02 13:46:06,362 INFO =====> Num. aborted data so far: 0
2024-09-02 13:46:06,801 INFO ===> New TaichiEnv created.
2024-09-02 13:46:06,801 INFO ===> Specifications: horizon = 600, dt = 0.01, n_substeps = 20, dt_sub = 0.0005
2024-09-02 13:47:02,286 INFO =====> Epoch: 6
2024-09-02 13:47:02,286 INFO =====> Grad: [-7.8638107e-02 -1.1435473e-01  2.5056892e-09 -1.6228346e-02
  5.5879354e-09]
2024-09-02 13:47:02,286 INFO =====> Num. aborted data so far: 0
2024-09-02 13:47:02,715 INFO ===> New TaichiEnv created.
2024-09-02 13:47:02,715 INFO ===> Specifications: horizon = 600, dt = 0.01, n_substeps = 20, dt_sub = 0.0005
2024-09-02 13:47:57,433 INFO =====> Epoch: 7
2024-09-02 13:47:57,434 INFO =====> Grad: [1.7641594e-01 8.6886793e-02 2.3953137e-09 9.7507142e-02 1.3969839e-08]
2024-09-02 13:47:57,434 INFO =====> Num. aborted data so far: 0
2024-09-02 13:47:57,864 INFO ===> New TaichiEnv created.
2024-09-02 13:47:57,865 INFO ===> Specifications: horizon = 600, dt = 0.01, n_substeps = 20, dt_sub = 0.0005
2024-09-02 13:48:45,121 INFO =====> Epoch: 8
2024-09-02 13:48:45,121 INFO =====> Grad: [ 5.2955756e+00 -6.0117972e-01 -1.5133789e-08 -2.9129782e+00
  8.9406967e-08]
2024-09-02 13:48:45,121 INFO =====> Num. aborted data so far: 0
2024-09-02 13:48:45,549 INFO ===> New TaichiEnv created.
2024-09-02 13:48:45,550 INFO ===> Specifications: horizon = 600, dt = 0.01, n_substeps = 20, dt_sub = 0.0005
2024-09-02 13:49:47,118 INFO =====> Epoch: 9
2024-09-02 13:49:47,119 INFO =====> Grad: [ 4.4232206e+00  1.2514758e-01  3.9896015e-09 -3.6936445e+00
 -4.2468309e-07]
2024-09-02 13:49:47,119 INFO =====> Num. aborted data so far: 0
2024-09-02 13:49:47,551 INFO ===> New TaichiEnv created.
2024-09-02 13:49:47,551 INFO ===> Specifications: horizon = 600, dt = 0.01, n_substeps = 20, dt_sub = 0.0005
2024-09-02 13:50:28,447 INFO =====> Epoch: 10
2024-09-02 13:50:28,447 INFO =====> Grad: [-3.5999829e+03 -3.1395244e+03 -7.8723126e-05  3.5374872e+02
  2.0751953e-03]
2024-09-02 13:50:28,447 INFO =====> Num. aborted data so far: 0
2024-09-02 13:50:28,880 INFO ===> New TaichiEnv created.
2024-09-02 13:50:28,880 INFO ===> Specifications: horizon = 600, dt = 0.01, n_substeps = 20, dt_sub = 0.0005
2024-09-02 13:50:59,192 INFO =====> Epoch: 11
2024-09-02 13:50:59,193 INFO =====> Grad: [-5.7092944e+02  4.6519985e+03  1.5957689e-07 -2.7204151e+00
 -8.9406967e-08]
2024-09-02 13:50:59,193 INFO =====> Num. aborted data so far: 0
2024-09-02 13:50:59,629 INFO ===> New TaichiEnv created.
2024-09-02 13:50:59,629 INFO ===> Specifications: horizon = 600, dt = 0.01, n_substeps = 20, dt_sub = 0.0005
2024-09-02 13:51:41,190 INFO =====> Epoch: 12
2024-09-02 13:51:41,190 INFO =====> Grad: [ 8.54909886e-03 -1.22189045e-01  9.17202136e-09 -5.38355291e-01
 -3.72529030e-09]
2024-09-02 13:51:41,190 INFO =====> Num. aborted data so far: 0
2024-09-02 13:51:41,630 INFO ===> New TaichiEnv created.
2024-09-02 13:51:41,630 INFO ===> Specifications: horizon = 600, dt = 0.01, n_substeps = 20, dt_sub = 0.0005
2024-09-02 13:52:12,333 INFO =====> Epoch: 13
2024-09-02 13:52:12,334 INFO =====> Grad: [-1.2009648e+03  1.0078237e+04 -1.4824942e-05 -4.6891191e+03
  8.3923340e-05]
2024-09-02 13:52:12,334 INFO =====> Num. aborted data so far: 0
2024-09-02 13:52:12,772 INFO ===> New TaichiEnv created.
2024-09-02 13:52:12,772 INFO ===> Specifications: horizon = 600, dt = 0.01, n_substeps = 20, dt_sub = 0.0005
2024-09-02 13:52:35,448 INFO =====> Epoch: 14
2024-09-02 13:52:35,449 INFO =====> Grad: [ 4.6449927e+02 -5.5666548e+03 -1.5970551e-05  6.5558594e-01
 -2.9802322e-07]
2024-09-02 13:52:35,449 INFO =====> Num. aborted data so far: 0
2024-09-02 13:52:35,889 INFO ===> New TaichiEnv created.
2024-09-02 13:52:35,889 INFO ===> Specifications: horizon = 600, dt = 0.01, n_substeps = 20, dt_sub = 0.0005
2024-09-02 13:53:28,085 INFO =====> Epoch: 15
2024-09-02 13:53:28,085 INFO =====> Grad: [-5.4544866e-02 -6.3793451e-02 -2.1371589e-09  9.2611454e-02
 -9.3132257e-09]
2024-09-02 13:53:28,092 INFO =====> Num. aborted data so far: 0
2024-09-02 13:53:28,568 INFO ===> New TaichiEnv created.
2024-09-02 13:53:28,568 INFO ===> Specifications: horizon = 600, dt = 0.01, n_substeps = 20, dt_sub = 0.0005
2024-09-02 13:54:11,908 INFO =====> Epoch: 16
2024-09-02 13:54:11,908 INFO =====> Grad: [-2.89316382e-02 -2.37798095e-01 -1.77936144e-09 -6.30963817e-02
 -1.21071935e-08]
2024-09-02 13:54:11,908 INFO =====> Num. aborted data so far: 0
2024-09-02 13:54:12,352 INFO ===> New TaichiEnv created.
2024-09-02 13:54:12,352 INFO ===> Specifications: horizon = 600, dt = 0.01, n_substeps = 20, dt_sub = 0.0005
2024-09-02 13:55:04,127 INFO =====> Epoch: 17
2024-09-02 13:55:04,127 INFO =====> Grad: [-1.4827126e-02 -8.6303398e-02 -2.8167322e-09 -4.7722864e-01
 -1.3038516e-08]
2024-09-02 13:55:04,127 INFO =====> Num. aborted data so far: 0
2024-09-02 13:55:04,571 INFO ===> New TaichiEnv created.
2024-09-02 13:55:04,571 INFO ===> Specifications: horizon = 600, dt = 0.01, n_substeps = 20, dt_sub = 0.0005
2024-09-02 13:55:28,250 INFO =====> Epoch: 18
2024-09-02 13:55:28,250 INFO =====> Grad: [ 8.5095477e+02 -1.3584208e+04  7.8339508e-06  5.0044098e+02
  6.7138672e-04]
2024-09-02 13:55:28,250 INFO =====> Num. aborted data so far: 0
2024-09-02 13:55:28,695 INFO ===> New TaichiEnv created.
2024-09-02 13:55:28,695 INFO ===> Specifications: horizon = 600, dt = 0.01, n_substeps = 20, dt_sub = 0.0005
2024-09-02 13:56:02,911 INFO =====> Epoch: 19
2024-09-02 13:56:02,911 INFO =====> Grad: [ 0.16182947 -0.09818872  0.          0.          0.        ]
2024-09-02 13:56:02,911 INFO =====> Num. aborted data so far: 0
2024-09-02 13:56:03,358 INFO ===> New TaichiEnv created.
2024-09-02 13:56:03,358 INFO ===> Specifications: horizon = 600, dt = 0.01, n_substeps = 20, dt_sub = 0.0005
2024-09-02 13:56:33,791 INFO =====> Epoch: 20
2024-09-02 13:56:33,791 INFO =====> Grad: [-1.6630297e+05  7.8899769e+05 -7.1990816e-03  4.5931137e+04
 -7.3242188e-04]
2024-09-02 13:56:33,791 INFO =====> Num. aborted data so far: 0
2024-09-02 13:56:34,240 INFO ===> New TaichiEnv created.
2024-09-02 13:56:34,240 INFO ===> Specifications: horizon = 600, dt = 0.01, n_substeps = 20, dt_sub = 0.0005
2024-09-02 13:57:18,738 INFO =====> Epoch: 21
2024-09-02 13:57:18,739 INFO =====> Grad: [ 1.5118820e+02  1.0223423e+04  3.7449750e-04 -5.8274429e+03
 -3.8146973e-05]
2024-09-02 13:57:18,739 INFO =====> Num. aborted data so far: 0
2024-09-02 13:57:19,191 INFO ===> New TaichiEnv created.
2024-09-02 13:57:19,191 INFO ===> Specifications: horizon = 600, dt = 0.01, n_substeps = 20, dt_sub = 0.0005
2024-09-02 13:57:56,681 INFO =====> Epoch: 22
2024-09-02 13:57:56,681 INFO =====> Grad: [ 1.3452427e+05 -4.5104478e+05  2.4373468e-03 -1.5312014e+03
 -1.9073486e-05]
2024-09-02 13:57:56,681 INFO =====> Num. aborted data so far: 0
2024-09-02 13:57:57,136 INFO ===> New TaichiEnv created.
2024-09-02 13:57:57,136 INFO ===> Specifications: horizon = 600, dt = 0.01, n_substeps = 20, dt_sub = 0.0005
2024-09-02 13:58:42,756 INFO =====> Epoch: 23
2024-09-02 13:58:42,756 INFO =====> Grad: [-1.2029402e+00  6.8973899e-03  2.6070257e-11 -9.0220785e+00
  3.5390258e-08]
2024-09-02 13:58:42,756 INFO =====> Num. aborted data so far: 0
2024-09-02 13:58:43,212 INFO ===> New TaichiEnv created.
2024-09-02 13:58:43,212 INFO ===> Specifications: horizon = 600, dt = 0.01, n_substeps = 20, dt_sub = 0.0005
2024-09-02 13:59:11,557 INFO =====> Epoch: 24
2024-09-02 13:59:11,557 INFO =====> Grad: [ 5.2130630e+01 -2.2220959e+03 -2.5073106e-05 -8.1974082e+03
  1.7089844e-03]
2024-09-02 13:59:11,557 INFO =====> Num. aborted data so far: 0
2024-09-02 13:59:12,008 INFO ===> New TaichiEnv created.
2024-09-02 13:59:12,008 INFO ===> Specifications: horizon = 600, dt = 0.01, n_substeps = 20, dt_sub = 0.0005
2024-09-02 13:59:55,650 INFO =====> Epoch: 25
2024-09-02 13:59:55,650 INFO =====> Grad: [ 3.7614310e+00 -5.2464855e-01  1.0163615e-08 -4.3188057e+00
 -3.7252903e-08]
2024-09-02 13:59:55,650 INFO =====> Num. aborted data so far: 0
2024-09-02 13:59:56,106 INFO ===> New TaichiEnv created.
2024-09-02 13:59:56,106 INFO ===> Specifications: horizon = 600, dt = 0.01, n_substeps = 20, dt_sub = 0.0005
2024-09-02 14:00:32,819 INFO =====> Epoch: 26
2024-09-02 14:00:32,819 INFO =====> Grad: [ 1.02394789e-01 -9.68957320e-02  7.06418479e-10 -2.89540887e-01
  1.17579475e-08]
2024-09-02 14:00:32,819 INFO =====> Num. aborted data so far: 0
2024-09-02 14:00:33,277 INFO ===> New TaichiEnv created.
2024-09-02 14:00:33,277 INFO ===> Specifications: horizon = 600, dt = 0.01, n_substeps = 20, dt_sub = 0.0005
2024-09-02 14:01:29,221 INFO =====> Epoch: 27
2024-09-02 14:01:29,221 INFO =====> Grad: [ 8.0496885e-02  1.9453200e-02 -7.6348892e-09  2.9203627e-01
  3.2596290e-08]
2024-09-02 14:01:29,221 INFO =====> Num. aborted data so far: 0
2024-09-02 14:01:29,678 INFO ===> New TaichiEnv created.
2024-09-02 14:01:29,679 INFO ===> Specifications: horizon = 600, dt = 0.01, n_substeps = 20, dt_sub = 0.0005
2024-09-02 14:02:11,396 INFO =====> Epoch: 28
2024-09-02 14:02:11,396 INFO =====> Grad: [-6.9714478e+02 -3.8579883e+02  3.4976169e-05  2.5743155e+02
 -3.0994415e-06]
2024-09-02 14:02:11,396 INFO =====> Num. aborted data so far: 0
2024-09-02 14:02:11,856 INFO ===> New TaichiEnv created.
2024-09-02 14:02:11,856 INFO ===> Specifications: horizon = 600, dt = 0.01, n_substeps = 20, dt_sub = 0.0005
2024-09-02 14:03:10,304 INFO =====> Epoch: 29
2024-09-02 14:03:10,304 INFO =====> Grad: [-4.2438884e+00  1.1963184e+00 -6.3334014e-09 -1.3058323e-01
  1.2665987e-07]
2024-09-02 14:03:10,304 INFO =====> Num. aborted data so far: 0
2024-09-02 14:03:10,765 INFO ===> New TaichiEnv created.
2024-09-02 14:03:10,765 INFO ===> Specifications: horizon = 600, dt = 0.01, n_substeps = 20, dt_sub = 0.0005
2024-09-02 14:04:03,080 INFO =====> Epoch: 30
2024-09-02 14:04:03,080 INFO =====> Grad: [ 2.1504321e+00 -1.4413192e+00  9.0522647e-09  2.2519789e+00
  5.9604645e-08]
2024-09-02 14:04:03,080 INFO =====> Num. aborted data so far: 0
2024-09-02 14:04:03,537 INFO ===> New TaichiEnv created.
2024-09-02 14:04:03,537 INFO ===> Specifications: horizon = 600, dt = 0.01, n_substeps = 20, dt_sub = 0.0005
2024-09-02 14:04:41,334 INFO =====> Epoch: 31
2024-09-02 14:04:41,334 INFO =====> Grad: [ 3.8663309e-02 -2.6617289e-01  9.7944408e-09 -2.0859544e-01
  1.1175871e-08]
2024-09-02 14:04:41,334 INFO =====> Num. aborted data so far: 0
2024-09-02 14:04:41,794 INFO ===> New TaichiEnv created.
2024-09-02 14:04:41,794 INFO ===> Specifications: horizon = 600, dt = 0.01, n_substeps = 20, dt_sub = 0.0005
2024-09-02 14:05:23,557 INFO =====> Epoch: 32
2024-09-02 14:05:23,557 INFO =====> Grad: [ 8.4667400e-02 -6.0741998e-02 -1.3778809e-09 -9.6238069e-02
  6.9849193e-10]
2024-09-02 14:05:23,557 INFO =====> Num. aborted data so far: 0
2024-09-02 14:05:24,022 INFO ===> New TaichiEnv created.
2024-09-02 14:05:24,022 INFO ===> Specifications: horizon = 600, dt = 0.01, n_substeps = 20, dt_sub = 0.0005
2024-09-02 14:06:19,559 INFO =====> Epoch: 33
2024-09-02 14:06:19,559 INFO =====> Grad: [ 1.7535698e-01  1.0411135e-01 -2.4248936e-10 -1.4227162e-01
 -1.0244548e-08]
2024-09-02 14:06:19,559 INFO =====> Num. aborted data so far: 0
2024-09-02 14:06:20,019 INFO ===> New TaichiEnv created.
2024-09-02 14:06:20,020 INFO ===> Specifications: horizon = 600, dt = 0.01, n_substeps = 20, dt_sub = 0.0005
2024-09-02 14:07:15,687 INFO =====> Epoch: 34
2024-09-02 14:07:15,687 INFO =====> Grad: [-4.0715423e+00  1.8104379e-01 -7.7944424e-09 -7.0708728e-01
  5.9604645e-08]
2024-09-02 14:07:15,687 INFO =====> Num. aborted data so far: 0
2024-09-02 14:07:16,186 INFO ===> New TaichiEnv created.
2024-09-02 14:07:16,186 INFO ===> Specifications: horizon = 600, dt = 0.01, n_substeps = 20, dt_sub = 0.0005
2024-09-02 14:07:50,637 INFO =====> Epoch: 35
2024-09-02 14:07:50,637 INFO =====> Grad: [ 1.6256634e+04 -5.2889360e+03  1.4467830e-04  2.3380996e+03
 -1.5258789e-03]
2024-09-02 14:07:50,637 INFO =====> Num. aborted data so far: 0
2024-09-02 14:07:51,100 INFO ===> New TaichiEnv created.
2024-09-02 14:07:51,100 INFO ===> Specifications: horizon = 600, dt = 0.01, n_substeps = 20, dt_sub = 0.0005
2024-09-02 14:08:29,277 ERROR ===> [Warning] Aborting epoch: 36
2024-09-02 14:08:29,277 ERROR ===> [Warning] Particle has nan or inf: False
2024-09-02 14:08:29,277 ERROR ===> [Warning] Strange loss or gradient.
2024-09-02 14:08:29,277 ERROR ===> [Warning] Skill params: [0.9555935  0.16865596 0.89659107 0.19463997 0.9906272 ]
2024-09-02 14:08:29,277 ERROR ===> [Warning] Skill params grad: [-1.6309402e+05  1.7798699e+06 -2.4814508e-03  6.0498523e+04
  1.1596680e-03]
2024-09-02 14:08:29,277 ERROR ===> [Warning] Loss info: {'particle_has_naninf': False, 'height_map_loss': 49.40222930908203, 'emd_loss': 59.29585266113281, 'total_loss': 59.29585266113281}
2024-09-02 14:08:29,277 INFO =====> Epoch: 36
2024-09-02 14:08:29,278 INFO =====> Grad: [-1.6309402e+05  1.7798699e+06 -2.4814508e-03  6.0498523e+04
  1.1596680e-03]
2024-09-02 14:08:29,278 INFO =====> Num. aborted data so far: 1
2024-09-02 14:08:29,744 INFO ===> New TaichiEnv created.
2024-09-02 14:08:29,745 INFO ===> Specifications: horizon = 600, dt = 0.01, n_substeps = 20, dt_sub = 0.0005
2024-09-02 14:09:07,714 ERROR ===> [Warning] Aborting epoch: 37
2024-09-02 14:09:07,714 ERROR ===> [Warning] Particle has nan or inf: False
2024-09-02 14:09:07,714 ERROR ===> [Warning] Strange loss or gradient.
2024-09-02 14:09:07,714 ERROR ===> [Warning] Skill params: [0.9555935  0.16865596 0.89659107 0.19463997 0.9906272 ]
2024-09-02 14:09:07,715 ERROR ===> [Warning] Skill params grad: [-1.6693188e+05  1.7993179e+06  3.7247769e-03  9.0899969e+04
  8.5449219e-04]
2024-09-02 14:09:07,715 ERROR ===> [Warning] Loss info: {'particle_has_naninf': False, 'height_map_loss': 49.40143966674805, 'emd_loss': 59.296173095703125, 'total_loss': 59.296173095703125}
2024-09-02 14:09:07,715 INFO =====> Epoch: 37
2024-09-02 14:09:07,715 INFO =====> Grad: [-1.6693188e+05  1.7993179e+06  3.7247769e-03  9.0899969e+04
  8.5449219e-04]
2024-09-02 14:09:07,715 INFO =====> Num. aborted data so far: 2
2024-09-02 14:09:08,182 INFO ===> New TaichiEnv created.
2024-09-02 14:09:08,182 INFO ===> Specifications: horizon = 600, dt = 0.01, n_substeps = 20, dt_sub = 0.0005
2024-09-02 14:09:46,186 INFO =====> Epoch: 38
2024-09-02 14:09:46,186 INFO =====> Grad: [-4.5744723e+04  5.0927741e+05  2.8263258e-03  1.2811539e+04
 -1.5258789e-05]
2024-09-02 14:09:46,186 INFO =====> Num. aborted data so far: 2
2024-09-02 14:09:46,652 INFO ===> New TaichiEnv created.
2024-09-02 14:09:46,652 INFO ===> Specifications: horizon = 600, dt = 0.01, n_substeps = 20, dt_sub = 0.0005
2024-09-02 14:10:37,440 INFO =====> Epoch: 39
2024-09-02 14:10:37,440 INFO =====> Grad: [-1.9695171e+00 -9.8484004e-01  1.3951059e-08 -2.3792627e+00
  2.5331974e-07]
2024-09-02 14:10:37,440 INFO =====> Num. aborted data so far: 2
2024-09-02 14:10:37,905 INFO ===> New TaichiEnv created.
2024-09-02 14:10:37,905 INFO ===> Specifications: horizon = 600, dt = 0.01, n_substeps = 20, dt_sub = 0.0005
2024-09-02 14:11:23,012 INFO =====> Epoch: 40
2024-09-02 14:11:23,012 INFO =====> Grad: [-3.8932540e+00  2.4987930e-01  2.3749259e-08 -1.1988757e+00
 -2.2351742e-08]
2024-09-02 14:11:23,012 INFO =====> Num. aborted data so far: 2
2024-09-02 14:11:23,478 INFO ===> New TaichiEnv created.
2024-09-02 14:11:23,478 INFO ===> Specifications: horizon = 600, dt = 0.01, n_substeps = 20, dt_sub = 0.0005
2024-09-02 14:12:16,242 INFO =====> Epoch: 41
2024-09-02 14:12:16,242 INFO =====> Grad: [-4.1446309e+00  1.2566369e+00 -2.0725059e-08 -1.2560501e+00
  3.7252903e-08]
2024-09-02 14:12:16,242 INFO =====> Num. aborted data so far: 2
2024-09-02 14:12:16,709 INFO ===> New TaichiEnv created.
2024-09-02 14:12:16,709 INFO ===> Specifications: horizon = 600, dt = 0.01, n_substeps = 20, dt_sub = 0.0005
2024-09-02 14:12:53,155 INFO =====> Epoch: 42
2024-09-02 14:12:53,155 INFO =====> Grad: [-1.6732629e+04  2.0729207e+04  1.5410577e-03  3.5969180e+02
  1.8310547e-04]
2024-09-02 14:12:53,155 INFO =====> Num. aborted data so far: 2
2024-09-02 14:12:53,629 INFO ===> New TaichiEnv created.
2024-09-02 14:12:53,629 INFO ===> Specifications: horizon = 600, dt = 0.01, n_substeps = 20, dt_sub = 0.0005
2024-09-02 14:13:51,454 INFO =====> Epoch: 43
2024-09-02 14:13:51,455 INFO =====> Grad: [-4.2848105e+00  4.0104151e-01 -2.8445077e-09 -2.0434980e+00
 -1.7136335e-07]
2024-09-02 14:13:51,455 INFO =====> Num. aborted data so far: 2
2024-09-02 14:13:51,924 INFO ===> New TaichiEnv created.
2024-09-02 14:13:51,924 INFO ===> Specifications: horizon = 600, dt = 0.01, n_substeps = 20, dt_sub = 0.0005
2024-09-02 14:14:19,303 INFO =====> Epoch: 44
2024-09-02 14:14:19,304 INFO =====> Grad: [ 2.2239285e+03 -1.9606557e+04  3.1453811e-04 -1.3030210e+03
 -6.7901611e-04]
2024-09-02 14:14:19,304 INFO =====> Num. aborted data so far: 2
2024-09-02 14:14:19,772 INFO ===> New TaichiEnv created.
2024-09-02 14:14:19,772 INFO ===> Specifications: horizon = 600, dt = 0.01, n_substeps = 20, dt_sub = 0.0005
2024-09-02 14:15:10,618 INFO =====> Epoch: 45
2024-09-02 14:15:10,618 INFO =====> Grad: [-4.151592e+00  6.010058e-01 -9.888549e-09 -6.856830e-01  8.195639e-08]
2024-09-02 14:15:10,618 INFO =====> Num. aborted data so far: 2
2024-09-02 14:15:11,196 INFO ===> New TaichiEnv created.
2024-09-02 14:15:11,197 INFO ===> Specifications: horizon = 600, dt = 0.01, n_substeps = 20, dt_sub = 0.0005
2024-09-02 14:16:10,090 INFO =====> Epoch: 46
2024-09-02 14:16:10,090 INFO =====> Grad: [ 1.9540973e-01  3.0890182e-03 -3.2501002e-09 -3.8370371e-01
  1.5366822e-08]
2024-09-02 14:16:10,090 INFO =====> Num. aborted data so far: 2
2024-09-02 14:16:10,561 INFO ===> New TaichiEnv created.
2024-09-02 14:16:10,561 INFO ===> Specifications: horizon = 600, dt = 0.01, n_substeps = 20, dt_sub = 0.0005
2024-09-02 14:16:53,990 INFO =====> Epoch: 47
2024-09-02 14:16:53,990 INFO =====> Grad: [-1.1831622e+00 -1.3253901e+00 -2.6400055e-08 -3.9360003e+00
 -4.4703484e-08]
2024-09-02 14:16:53,990 INFO =====> Num. aborted data so far: 2
2024-09-02 14:16:54,461 INFO ===> New TaichiEnv created.
2024-09-02 14:16:54,461 INFO ===> Specifications: horizon = 600, dt = 0.01, n_substeps = 20, dt_sub = 0.0005
2024-09-02 14:17:47,805 INFO =====> Epoch: 48
2024-09-02 14:17:47,805 INFO =====> Grad: [ 8.2711667e-02 -8.6606890e-03  5.6643481e-09  3.4701756e-01
  1.6763806e-08]
2024-09-02 14:17:47,805 INFO =====> Num. aborted data so far: 2
2024-09-02 14:17:48,278 INFO ===> New TaichiEnv created.
2024-09-02 14:17:48,278 INFO ===> Specifications: horizon = 600, dt = 0.01, n_substeps = 20, dt_sub = 0.0005
2024-09-02 14:18:24,617 INFO =====> Epoch: 49
2024-09-02 14:18:24,618 INFO =====> Grad: [-1.0648021e+03 -3.5697101e+02  2.3217908e-05 -3.6793507e+01
  2.4795532e-05]
2024-09-02 14:18:24,618 INFO =====> Num. aborted data so far: 2
2024-09-02 14:18:25,091 INFO ===> New TaichiEnv created.
2024-09-02 14:18:25,091 INFO ===> Specifications: horizon = 600, dt = 0.01, n_substeps = 20, dt_sub = 0.0005
2024-09-02 14:19:19,978 INFO =====> Epoch: 50
2024-09-02 14:19:19,978 INFO =====> Grad: [6.5731406e-02 9.8714061e-02 5.5087139e-09 3.3134181e-02 1.8626451e-09]
2024-09-02 14:19:19,978 INFO =====> Num. aborted data so far: 2
2024-09-02 14:19:20,454 INFO ===> New TaichiEnv created.
2024-09-02 14:19:20,454 INFO ===> Specifications: horizon = 600, dt = 0.01, n_substeps = 20, dt_sub = 0.0005
2024-09-02 14:19:52,923 INFO =====> Epoch: 51
2024-09-02 14:19:52,923 INFO =====> Grad: [ 3.3990361e+03 -4.6425359e+04  1.2366266e-04  7.1443853e+03
 -3.0517578e-05]
2024-09-02 14:19:52,923 INFO =====> Num. aborted data so far: 2
2024-09-02 14:19:53,399 INFO ===> New TaichiEnv created.
2024-09-02 14:19:53,399 INFO ===> Specifications: horizon = 600, dt = 0.01, n_substeps = 20, dt_sub = 0.0005
2024-09-02 14:20:30,244 INFO =====> Epoch: 52
2024-09-02 14:20:30,244 INFO =====> Grad: [ 4.1765601e+03 -1.0705655e+05 -2.0703762e-03 -7.7280109e+04
 -3.1738281e-03]
2024-09-02 14:20:30,244 INFO =====> Num. aborted data so far: 2
2024-09-02 14:20:30,720 INFO ===> New TaichiEnv created.
2024-09-02 14:20:30,720 INFO ===> Specifications: horizon = 600, dt = 0.01, n_substeps = 20, dt_sub = 0.0005
2024-09-02 14:21:06,968 INFO =====> Epoch: 53
2024-09-02 14:21:06,968 INFO =====> Grad: [ 5.4034907e+03 -2.5749363e+03  9.7785443e-05 -5.4978979e+02
 -6.1035156e-05]
2024-09-02 14:21:06,968 INFO =====> Num. aborted data so far: 2
2024-09-02 14:21:07,448 INFO ===> New TaichiEnv created.
2024-09-02 14:21:07,448 INFO ===> Specifications: horizon = 600, dt = 0.01, n_substeps = 20, dt_sub = 0.0005
2024-09-02 14:22:08,183 INFO =====> Epoch: 54
2024-09-02 14:22:08,183 INFO =====> Grad: [ 1.2095751e-02 -7.0251696e-02 -4.8904614e-09  3.3017147e-02
 -1.9557774e-08]
2024-09-02 14:22:08,183 INFO =====> Num. aborted data so far: 2
2024-09-02 14:22:08,689 INFO ===> New TaichiEnv created.
2024-09-02 14:22:08,689 INFO ===> Specifications: horizon = 600, dt = 0.01, n_substeps = 20, dt_sub = 0.0005
2024-09-02 14:22:49,238 INFO =====> Epoch: 55
2024-09-02 14:22:49,238 INFO =====> Grad: [ 3.4328703e+04 -6.4064746e+04  1.0010411e-03 -2.5623535e+02
 -1.2397766e-05]
2024-09-02 14:22:49,238 INFO =====> Num. aborted data so far: 2
2024-09-02 14:22:49,713 INFO ===> New TaichiEnv created.
2024-09-02 14:22:49,713 INFO ===> Specifications: horizon = 600, dt = 0.01, n_substeps = 20, dt_sub = 0.0005
2024-09-02 14:23:34,090 INFO =====> Epoch: 56
2024-09-02 14:23:34,090 INFO =====> Grad: [ 8.1354767e-02  2.4439642e-02  7.4199171e-09 -3.3858526e-01
 -4.8094080e-09]
2024-09-02 14:23:34,090 INFO =====> Num. aborted data so far: 2
2024-09-02 14:23:34,570 INFO ===> New TaichiEnv created.
2024-09-02 14:23:34,570 INFO ===> Specifications: horizon = 600, dt = 0.01, n_substeps = 20, dt_sub = 0.0005
2024-09-02 14:24:27,250 INFO =====> Epoch: 57
2024-09-02 14:24:27,250 INFO =====> Grad: [-1.9493487e+00 -2.7779418e-01  7.3326163e-09 -3.7817137e+00
 -7.4505806e-09]
2024-09-02 14:24:27,250 INFO =====> Num. aborted data so far: 2
2024-09-02 14:24:27,727 INFO ===> New TaichiEnv created.
2024-09-02 14:24:27,727 INFO ===> Specifications: horizon = 600, dt = 0.01, n_substeps = 20, dt_sub = 0.0005
2024-09-02 14:25:00,763 INFO =====> Epoch: 58
2024-09-02 14:25:00,763 INFO =====> Grad: [ 1.1300535e+04 -1.6837932e+04  2.3224831e-04 -9.6244122e+02
  6.4849854e-05]
2024-09-02 14:25:00,763 INFO =====> Num. aborted data so far: 2
2024-09-02 14:25:01,239 INFO ===> New TaichiEnv created.
2024-09-02 14:25:01,239 INFO ===> Specifications: horizon = 600, dt = 0.01, n_substeps = 20, dt_sub = 0.0005
2024-09-02 14:25:57,517 INFO =====> Epoch: 59
2024-09-02 14:25:57,517 INFO =====> Grad: [ 4.2864790e+00  4.6308213e-01 -8.8917842e-09  6.4256511e+00
 -1.6763806e-08]
2024-09-02 14:25:57,517 INFO =====> Num. aborted data so far: 2
2024-09-02 14:25:57,992 INFO ===> New TaichiEnv created.
2024-09-02 14:25:57,992 INFO ===> Specifications: horizon = 600, dt = 0.01, n_substeps = 20, dt_sub = 0.0005
2024-09-02 14:26:54,342 INFO =====> Epoch: 60
2024-09-02 14:26:54,343 INFO =====> Grad: [ 3.1605154e-02 -3.3050667e-02 -1.4271668e-09 -3.9359897e-01
  7.2759576e-09]
2024-09-02 14:26:54,343 INFO =====> Num. aborted data so far: 2
2024-09-02 14:26:54,824 INFO ===> New TaichiEnv created.
2024-09-02 14:26:54,824 INFO ===> Specifications: horizon = 600, dt = 0.01, n_substeps = 20, dt_sub = 0.0005
2024-09-02 14:27:30,032 INFO =====> Epoch: 61
2024-09-02 14:27:30,032 INFO =====> Grad: [-2.5212030e+01 -5.6042105e+04  3.2147425e-04  6.7690264e+03
  3.0517578e-05]
2024-09-02 14:27:30,032 INFO =====> Num. aborted data so far: 2
2024-09-02 14:27:30,510 INFO ===> New TaichiEnv created.
2024-09-02 14:27:30,511 INFO ===> Specifications: horizon = 600, dt = 0.01, n_substeps = 20, dt_sub = 0.0005
2024-09-02 14:27:56,264 INFO =====> Epoch: 62
2024-09-02 14:27:56,265 INFO =====> Grad: [-1.9729021e+04  1.6174047e+05 -1.6476253e-05  0.0000000e+00
  0.0000000e+00]
2024-09-02 14:27:56,265 INFO =====> Num. aborted data so far: 2
2024-09-02 14:27:56,748 INFO ===> New TaichiEnv created.
2024-09-02 14:27:56,748 INFO ===> Specifications: horizon = 600, dt = 0.01, n_substeps = 20, dt_sub = 0.0005
2024-09-02 14:28:23,508 INFO =====> Epoch: 63
2024-09-02 14:28:23,508 INFO =====> Grad: [-5.8204785e+03  1.1639716e+04  4.8145637e-10 -4.8481631e+02
 -1.6784668e-04]
2024-09-02 14:28:23,508 INFO =====> Num. aborted data so far: 2
2024-09-02 14:28:23,986 INFO ===> New TaichiEnv created.
2024-09-02 14:28:23,986 INFO ===> Specifications: horizon = 600, dt = 0.01, n_substeps = 20, dt_sub = 0.0005
2024-09-02 14:28:56,691 INFO =====> Epoch: 64
2024-09-02 14:28:56,691 INFO =====> Grad: [ 3.8669310e+00 -9.9377882e-01  1.3022270e-08 -5.8478814e-01
  9.1269612e-08]
2024-09-02 14:28:56,691 INFO =====> Num. aborted data so far: 2
2024-09-02 14:28:57,170 INFO ===> New TaichiEnv created.
2024-09-02 14:28:57,170 INFO ===> Specifications: horizon = 600, dt = 0.01, n_substeps = 20, dt_sub = 0.0005
2024-09-02 14:29:47,356 INFO =====> Epoch: 65
2024-09-02 14:29:47,356 INFO =====> Grad: [ 5.4458041e+00  1.4336404e-01 -1.5558577e-08  2.1659429e+00
  1.4901161e-07]
2024-09-02 14:29:47,356 INFO =====> Num. aborted data so far: 2
2024-09-02 14:29:47,837 INFO ===> New TaichiEnv created.
2024-09-02 14:29:47,837 INFO ===> Specifications: horizon = 600, dt = 0.01, n_substeps = 20, dt_sub = 0.0005
2024-09-02 14:30:24,302 INFO =====> Epoch: 66
2024-09-02 14:30:24,302 INFO =====> Grad: [ 4.5506392e+03 -3.0367891e+03  3.9516744e-05 -2.6397734e+03
  2.0599365e-04]
2024-09-02 14:30:24,302 INFO =====> Num. aborted data so far: 2
2024-09-02 14:30:24,784 INFO ===> New TaichiEnv created.
2024-09-02 14:30:24,784 INFO ===> Specifications: horizon = 600, dt = 0.01, n_substeps = 20, dt_sub = 0.0005
2024-09-02 14:31:19,162 INFO =====> Epoch: 67
2024-09-02 14:31:19,162 INFO =====> Grad: [ 1.8463668e-01 -3.9313227e-02  8.4585838e-11 -1.5436204e-01
  3.7252903e-09]
2024-09-02 14:31:19,169 INFO =====> Num. aborted data so far: 2
2024-09-02 14:31:19,655 INFO ===> New TaichiEnv created.
2024-09-02 14:31:19,655 INFO ===> Specifications: horizon = 600, dt = 0.01, n_substeps = 20, dt_sub = 0.0005
2024-09-02 14:32:08,083 INFO =====> Epoch: 68
2024-09-02 14:32:08,083 INFO =====> Grad: [-1.67478416e-02 -1.09387286e-01 -1.38446188e-09 -2.62147188e-01
  4.65661287e-10]
2024-09-02 14:32:08,083 INFO =====> Num. aborted data so far: 2
2024-09-02 14:32:08,565 INFO ===> New TaichiEnv created.
2024-09-02 14:32:08,565 INFO ===> Specifications: horizon = 600, dt = 0.01, n_substeps = 20, dt_sub = 0.0005
2024-09-02 14:32:42,387 INFO =====> Epoch: 69
2024-09-02 14:32:42,387 INFO =====> Grad: [ 4.1658413e+03  1.8307432e+04  1.3548920e-03 -4.6458996e+01
 -8.1956387e-07]
2024-09-02 14:32:42,388 INFO =====> Num. aborted data so far: 2
2024-09-02 14:32:42,869 INFO ===> New TaichiEnv created.
2024-09-02 14:32:42,869 INFO ===> Specifications: horizon = 600, dt = 0.01, n_substeps = 20, dt_sub = 0.0005
2024-09-02 14:33:38,540 INFO =====> Epoch: 70
2024-09-02 14:33:38,540 INFO =====> Grad: [-5.2040823e-02 -2.6160797e-01  2.4547648e-09 -1.5390104e-01
  1.0244548e-08]
2024-09-02 14:33:38,540 INFO =====> Num. aborted data so far: 2
2024-09-02 14:33:39,023 INFO ===> New TaichiEnv created.
2024-09-02 14:33:39,023 INFO ===> Specifications: horizon = 600, dt = 0.01, n_substeps = 20, dt_sub = 0.0005
2024-09-02 14:34:05,401 INFO =====> Epoch: 71
2024-09-02 14:34:05,401 INFO =====> Grad: [-7.1620523e+04  5.8255348e+04  7.8898243e-04  2.0393078e+04
  6.7138672e-04]
2024-09-02 14:34:05,401 INFO =====> Num. aborted data so far: 2
2024-09-02 14:34:05,882 INFO ===> New TaichiEnv created.
2024-09-02 14:34:05,882 INFO ===> Specifications: horizon = 600, dt = 0.01, n_substeps = 20, dt_sub = 0.0005
2024-09-02 14:34:53,886 INFO =====> Epoch: 72
2024-09-02 14:34:53,886 INFO =====> Grad: [ 4.0582848e+00  5.9257585e-01 -1.7378644e-08 -5.8353686e+00
 -1.3783574e-07]
2024-09-02 14:34:53,886 INFO =====> Num. aborted data so far: 2
2024-09-02 14:34:54,367 INFO ===> New TaichiEnv created.
2024-09-02 14:34:54,367 INFO ===> Specifications: horizon = 600, dt = 0.01, n_substeps = 20, dt_sub = 0.0005
2024-09-02 14:35:18,756 INFO =====> Epoch: 73
2024-09-02 14:35:18,756 INFO =====> Grad: [ 6.3452643e+02 -6.0015776e+03  5.1510391e-08  1.5423910e-01
 -3.7252903e-08]
2024-09-02 14:35:18,756 INFO =====> Num. aborted data so far: 2
2024-09-02 14:35:19,240 INFO ===> New TaichiEnv created.
2024-09-02 14:35:19,240 INFO ===> Specifications: horizon = 600, dt = 0.01, n_substeps = 20, dt_sub = 0.0005
2024-09-02 14:35:55,094 ERROR ===> [Warning] Aborting epoch: 74
2024-09-02 14:35:55,094 ERROR ===> [Warning] Particle has nan or inf: False
2024-09-02 14:35:55,094 ERROR ===> [Warning] Strange loss or gradient.
2024-09-02 14:35:55,094 ERROR ===> [Warning] Skill params: [0.7382641  0.15368886 0.9568464  0.22963956 0.815353  ]
2024-09-02 14:35:55,094 ERROR ===> [Warning] Skill params grad: [ 1.3039053e+05 -2.2533280e+06  1.4489880e-03 -5.6823650e+05
 -6.3476562e-03]
2024-09-02 14:35:55,094 ERROR ===> [Warning] Loss info: {'particle_has_naninf': False, 'height_map_loss': 49.27223587036133, 'emd_loss': 59.08263397216797, 'total_loss': 59.08263397216797}
2024-09-02 14:35:55,094 INFO =====> Epoch: 74
2024-09-02 14:35:55,094 INFO =====> Grad: [ 1.3039053e+05 -2.2533280e+06  1.4489880e-03 -5.6823650e+05
 -6.3476562e-03]
2024-09-02 14:35:55,094 INFO =====> Num. aborted data so far: 3
2024-09-02 14:35:55,578 INFO ===> New TaichiEnv created.
2024-09-02 14:35:55,578 INFO ===> Specifications: horizon = 600, dt = 0.01, n_substeps = 20, dt_sub = 0.0005
2024-09-02 14:36:31,345 ERROR ===> [Warning] Aborting epoch: 75
2024-09-02 14:36:31,345 ERROR ===> [Warning] Particle has nan or inf: False
2024-09-02 14:36:31,345 ERROR ===> [Warning] Strange loss or gradient.
2024-09-02 14:36:31,345 ERROR ===> [Warning] Skill params: [0.7382641  0.15368886 0.9568464  0.22963956 0.815353  ]
2024-09-02 14:36:31,345 ERROR ===> [Warning] Skill params grad: [ 5.8562664e+04 -1.0673869e+06  1.8709453e-03 -1.8046647e+05
 -5.7373047e-03]
2024-09-02 14:36:31,345 ERROR ===> [Warning] Loss info: {'particle_has_naninf': False, 'height_map_loss': 49.26850891113281, 'emd_loss': 59.083030700683594, 'total_loss': 59.083030700683594}
2024-09-02 14:36:31,345 INFO =====> Epoch: 75
2024-09-02 14:36:31,345 INFO =====> Grad: [ 5.8562664e+04 -1.0673869e+06  1.8709453e-03 -1.8046647e+05
 -5.7373047e-03]
2024-09-02 14:36:31,345 INFO =====> Num. aborted data so far: 4
2024-09-02 14:36:31,827 INFO ===> New TaichiEnv created.
2024-09-02 14:36:31,827 INFO ===> Specifications: horizon = 600, dt = 0.01, n_substeps = 20, dt_sub = 0.0005
2024-09-02 14:37:07,586 ERROR ===> [Warning] Aborting epoch: 76
2024-09-02 14:37:07,586 ERROR ===> [Warning] Particle has nan or inf: False
2024-09-02 14:37:07,586 ERROR ===> [Warning] Strange loss or gradient.
2024-09-02 14:37:07,586 ERROR ===> [Warning] Skill params: [0.7382641  0.15368886 0.9568464  0.22963956 0.815353  ]
2024-09-02 14:37:07,586 ERROR ===> [Warning] Skill params grad: [ 1.25595016e+05 -2.28383500e+06  4.36745118e-03 -5.18377219e+05
 -3.41796875e-03]
2024-09-02 14:37:07,586 ERROR ===> [Warning] Loss info: {'particle_has_naninf': False, 'height_map_loss': 49.269901275634766, 'emd_loss': 59.08277130126953, 'total_loss': 59.08277130126953}
2024-09-02 14:37:07,586 INFO =====> Epoch: 76
2024-09-02 14:37:07,586 INFO =====> Grad: [ 1.25595016e+05 -2.28383500e+06  4.36745118e-03 -5.18377219e+05
 -3.41796875e-03]
2024-09-02 14:37:07,586 INFO =====> Num. aborted data so far: 5
2024-09-02 14:37:08,070 INFO ===> New TaichiEnv created.
2024-09-02 14:37:08,070 INFO ===> Specifications: horizon = 600, dt = 0.01, n_substeps = 20, dt_sub = 0.0005
2024-09-02 14:37:43,896 ERROR ===> [Warning] Aborting epoch: 77
2024-09-02 14:37:43,896 ERROR ===> [Warning] Particle has nan or inf: False
2024-09-02 14:37:43,896 ERROR ===> [Warning] Strange loss or gradient.
2024-09-02 14:37:43,896 ERROR ===> [Warning] Skill params: [0.7382641  0.15368886 0.9568464  0.22963956 0.815353  ]
2024-09-02 14:37:43,896 ERROR ===> [Warning] Skill params grad: [ 9.4298383e+04 -1.4876818e+06  2.5431160e-03 -4.1187312e+05
 -1.3183594e-02]
2024-09-02 14:37:43,896 ERROR ===> [Warning] Loss info: {'particle_has_naninf': False, 'height_map_loss': 49.26994705200195, 'emd_loss': 59.082305908203125, 'total_loss': 59.082305908203125}
2024-09-02 14:37:43,896 INFO =====> Epoch: 77
2024-09-02 14:37:43,896 INFO =====> Grad: [ 9.4298383e+04 -1.4876818e+06  2.5431160e-03 -4.1187312e+05
 -1.3183594e-02]
2024-09-02 14:37:43,896 INFO =====> Num. aborted data so far: 6
2024-09-02 14:37:44,378 INFO ===> New TaichiEnv created.
2024-09-02 14:37:44,378 INFO ===> Specifications: horizon = 600, dt = 0.01, n_substeps = 20, dt_sub = 0.0005
2024-09-02 14:38:20,298 ERROR ===> [Warning] Aborting epoch: 78
2024-09-02 14:38:20,298 ERROR ===> [Warning] Particle has nan or inf: False
2024-09-02 14:38:20,298 ERROR ===> [Warning] Strange loss or gradient.
2024-09-02 14:38:20,298 ERROR ===> [Warning] Skill params: [0.7382641  0.15368886 0.9568464  0.22963956 0.815353  ]
2024-09-02 14:38:20,298 ERROR ===> [Warning] Skill params grad: [-1.5194741e+05  2.3803318e+06 -1.3132024e-02  6.1572344e+05
  9.7656250e-03]
2024-09-02 14:38:20,298 ERROR ===> [Warning] Loss info: {'particle_has_naninf': False, 'height_map_loss': 49.26837921142578, 'emd_loss': 59.08210372924805, 'total_loss': 59.08210372924805}
2024-09-02 14:38:20,298 INFO =====> Epoch: 78
2024-09-02 14:38:20,299 INFO =====> Grad: [-1.5194741e+05  2.3803318e+06 -1.3132024e-02  6.1572344e+05
  9.7656250e-03]
2024-09-02 14:38:20,299 INFO =====> Num. aborted data so far: 7
2024-09-02 14:38:20,784 INFO ===> New TaichiEnv created.
2024-09-02 14:38:20,784 INFO ===> Specifications: horizon = 600, dt = 0.01, n_substeps = 20, dt_sub = 0.0005
2024-09-02 14:38:56,507 ERROR ===> [Warning] Aborting epoch: 79
2024-09-02 14:38:56,507 ERROR ===> [Warning] Particle has nan or inf: False
2024-09-02 14:38:56,507 ERROR ===> [Warning] Strange loss or gradient.
2024-09-02 14:38:56,507 ERROR ===> [Warning] Skill params: [0.7382641  0.15368886 0.9568464  0.22963956 0.815353  ]
2024-09-02 14:38:56,508 ERROR ===> [Warning] Skill params grad: [-1.6876270e+05  2.8074510e+06 -1.5188647e-03  6.8970519e+05
 -5.3710938e-03]
2024-09-02 14:38:56,508 ERROR ===> [Warning] Loss info: {'particle_has_naninf': False, 'height_map_loss': 49.270137786865234, 'emd_loss': 59.082332611083984, 'total_loss': 59.082332611083984}
2024-09-02 14:38:56,508 INFO =====> Epoch: 79
2024-09-02 14:38:56,508 INFO =====> Grad: [-1.6876270e+05  2.8074510e+06 -1.5188647e-03  6.8970519e+05
 -5.3710938e-03]
2024-09-02 14:38:56,508 INFO =====> Num. aborted data so far: 8
2024-09-02 14:38:56,992 INFO ===> New TaichiEnv created.
2024-09-02 14:38:56,992 INFO ===> Specifications: horizon = 600, dt = 0.01, n_substeps = 20, dt_sub = 0.0005
2024-09-02 14:39:32,936 ERROR ===> [Warning] Aborting epoch: 80
2024-09-02 14:39:32,936 ERROR ===> [Warning] Particle has nan or inf: False
2024-09-02 14:39:32,936 ERROR ===> [Warning] Strange loss or gradient.
2024-09-02 14:39:32,936 ERROR ===> [Warning] Skill params: [0.7382641  0.15368886 0.9568464  0.22963956 0.815353  ]
2024-09-02 14:39:32,936 ERROR ===> [Warning] Skill params grad: [-6.4302371e+04  1.0550529e+06  5.4748924e-03  3.1750231e+05
  9.7656250e-04]
2024-09-02 14:39:32,936 ERROR ===> [Warning] Loss info: {'particle_has_naninf': False, 'height_map_loss': 49.275203704833984, 'emd_loss': 59.11294174194336, 'total_loss': 59.11294174194336}
2024-09-02 14:39:32,936 INFO =====> Epoch: 80
2024-09-02 14:39:32,936 INFO =====> Grad: [-6.4302371e+04  1.0550529e+06  5.4748924e-03  3.1750231e+05
  9.7656250e-04]
2024-09-02 14:39:32,936 INFO =====> Num. aborted data so far: 9
2024-09-02 14:39:33,422 INFO ===> New TaichiEnv created.
2024-09-02 14:39:33,422 INFO ===> Specifications: horizon = 600, dt = 0.01, n_substeps = 20, dt_sub = 0.0005
2024-09-02 14:40:09,293 ERROR ===> [Warning] Aborting epoch: 81
2024-09-02 14:40:09,293 ERROR ===> [Warning] Particle has nan or inf: False
2024-09-02 14:40:09,293 ERROR ===> [Warning] Strange loss or gradient.
2024-09-02 14:40:09,293 ERROR ===> [Warning] Skill params: [0.7382641  0.15368886 0.9568464  0.22963956 0.815353  ]
2024-09-02 14:40:09,293 ERROR ===> [Warning] Skill params grad: [ 1.1120656e+05 -1.9035315e+06  2.7642804e-03 -4.2527250e+05
 -4.8828125e-04]
2024-09-02 14:40:09,293 ERROR ===> [Warning] Loss info: {'particle_has_naninf': False, 'height_map_loss': 49.2715950012207, 'emd_loss': 59.09100341796875, 'total_loss': 59.09100341796875}
2024-09-02 14:40:09,294 INFO =====> Epoch: 81
2024-09-02 14:40:09,294 INFO =====> Grad: [ 1.1120656e+05 -1.9035315e+06  2.7642804e-03 -4.2527250e+05
 -4.8828125e-04]
2024-09-02 14:40:09,294 INFO =====> Num. aborted data so far: 10
2024-09-02 14:40:09,781 INFO ===> New TaichiEnv created.
2024-09-02 14:40:09,781 INFO ===> Specifications: horizon = 600, dt = 0.01, n_substeps = 20, dt_sub = 0.0005
2024-09-02 14:40:45,601 INFO =====> Epoch: 82
2024-09-02 14:40:45,601 INFO =====> Grad: [-1.1876122e+04  2.0770200e+05  4.1741505e-03  7.5336844e+04
  2.1362305e-03]
2024-09-02 14:40:45,601 INFO =====> Num. aborted data so far: 10
2024-09-02 14:40:46,088 INFO ===> New TaichiEnv created.
2024-09-02 14:40:46,088 INFO ===> Specifications: horizon = 600, dt = 0.01, n_substeps = 20, dt_sub = 0.0005
2024-09-02 14:41:46,559 INFO =====> Epoch: 83
2024-09-02 14:41:46,559 INFO =====> Grad: [ 1.9067359e-01  1.8665282e-02  3.9950323e-09 -4.1603965e-01
  1.6298145e-08]
2024-09-02 14:41:46,559 INFO =====> Num. aborted data so far: 10
2024-09-02 14:41:47,046 INFO ===> New TaichiEnv created.
2024-09-02 14:41:47,047 INFO ===> Specifications: horizon = 600, dt = 0.01, n_substeps = 20, dt_sub = 0.0005
2024-09-02 14:42:15,258 INFO =====> Epoch: 84
2024-09-02 14:42:15,258 INFO =====> Grad: [ 4.2031895e+01  1.0961279e+04  0.0000000e+00  5.8453895e-02
 -3.1664968e-08]
2024-09-02 14:42:15,258 INFO =====> Num. aborted data so far: 10
2024-09-02 14:42:15,746 INFO ===> New TaichiEnv created.
2024-09-02 14:42:15,746 INFO ===> Specifications: horizon = 600, dt = 0.01, n_substeps = 20, dt_sub = 0.0005
2024-09-02 14:42:49,715 INFO =====> Epoch: 85
2024-09-02 14:42:49,715 INFO =====> Grad: [ 4.3055620e+03  6.8496191e+03 -2.9727581e-04 -7.3977234e+02
 -1.5258789e-05]
2024-09-02 14:42:49,715 INFO =====> Num. aborted data so far: 10
2024-09-02 14:42:50,203 INFO ===> New TaichiEnv created.
2024-09-02 14:42:50,203 INFO ===> Specifications: horizon = 600, dt = 0.01, n_substeps = 20, dt_sub = 0.0005
2024-09-02 14:43:33,115 INFO =====> Epoch: 86
2024-09-02 14:43:33,115 INFO =====> Grad: [-4.0197001e+00  4.0898275e-01  6.3234012e-08 -1.9241683e+00
  1.3411045e-07]
2024-09-02 14:43:33,115 INFO =====> Num. aborted data so far: 10
2024-09-02 14:43:33,605 INFO ===> New TaichiEnv created.
2024-09-02 14:43:33,605 INFO ===> Specifications: horizon = 600, dt = 0.01, n_substeps = 20, dt_sub = 0.0005
2024-09-02 14:44:05,153 INFO =====> Epoch: 87
2024-09-02 14:44:05,153 INFO =====> Grad: [-2.7032770e+04  2.2433019e+05 -6.7448942e-05  1.1452462e+04
 -2.4414062e-04]
2024-09-02 14:44:05,153 INFO =====> Num. aborted data so far: 10
2024-09-02 14:44:05,639 INFO ===> New TaichiEnv created.
2024-09-02 14:44:05,639 INFO ===> Specifications: horizon = 600, dt = 0.01, n_substeps = 20, dt_sub = 0.0005
2024-09-02 14:44:43,339 INFO =====> Epoch: 88
2024-09-02 14:44:43,339 INFO =====> Grad: [-2.8242545e+00  4.4301569e-02  4.6239354e-08  4.3042774e+00
 -2.1979213e-07]
2024-09-02 14:44:43,339 INFO =====> Num. aborted data so far: 10
2024-09-02 14:44:43,832 INFO ===> New TaichiEnv created.
2024-09-02 14:44:43,832 INFO ===> Specifications: horizon = 600, dt = 0.01, n_substeps = 20, dt_sub = 0.0005
2024-09-02 14:45:22,373 INFO =====> Epoch: 89
2024-09-02 14:45:22,373 INFO =====> Grad: [-4.2805806e-02 -1.5279891e-01 -7.3653195e-10 -5.7815056e-02
  4.4703484e-08]
2024-09-02 14:45:22,373 INFO =====> Num. aborted data so far: 10
2024-09-02 14:45:22,858 INFO ===> New TaichiEnv created.
2024-09-02 14:45:22,858 INFO ===> Specifications: horizon = 600, dt = 0.01, n_substeps = 20, dt_sub = 0.0005
2024-09-02 14:46:24,629 INFO =====> Epoch: 90
2024-09-02 14:46:24,629 INFO =====> Grad: [ 7.6945208e-02 -2.7440500e-02 -1.5037616e-09 -6.9913393e-01
 -2.0954758e-08]
2024-09-02 14:46:24,629 INFO =====> Num. aborted data so far: 10
2024-09-02 14:46:25,116 INFO ===> New TaichiEnv created.
2024-09-02 14:46:25,116 INFO ===> Specifications: horizon = 600, dt = 0.01, n_substeps = 20, dt_sub = 0.0005
2024-09-02 14:47:00,439 INFO =====> Epoch: 91
2024-09-02 14:47:00,439 INFO =====> Grad: [ 4.5398259e+00 -2.6758274e+01  2.9999492e-10 -7.5108849e-02
  9.3132257e-10]
2024-09-02 14:47:00,439 INFO =====> Num. aborted data so far: 10
2024-09-02 14:47:00,926 INFO ===> New TaichiEnv created.
2024-09-02 14:47:00,926 INFO ===> Specifications: horizon = 600, dt = 0.01, n_substeps = 20, dt_sub = 0.0005
2024-09-02 14:47:50,456 INFO =====> Epoch: 92
2024-09-02 14:47:50,456 INFO =====> Grad: [ 2.2850051e+00 -1.7491994e+00  4.3502865e-08  3.4608798e+00
  5.9604645e-08]
2024-09-02 14:47:50,456 INFO =====> Num. aborted data so far: 10
2024-09-02 14:47:50,942 INFO ===> New TaichiEnv created.
2024-09-02 14:47:50,943 INFO ===> Specifications: horizon = 600, dt = 0.01, n_substeps = 20, dt_sub = 0.0005
2024-09-02 14:48:24,311 INFO =====> Epoch: 93
2024-09-02 14:48:24,311 INFO =====> Grad: [-8.9072275e+03  3.1469939e+04  2.4269408e-05 -1.6782637e+04
  4.2724609e-04]
2024-09-02 14:48:24,311 INFO =====> Num. aborted data so far: 10
2024-09-02 14:48:24,797 INFO ===> New TaichiEnv created.
2024-09-02 14:48:24,797 INFO ===> Specifications: horizon = 600, dt = 0.01, n_substeps = 20, dt_sub = 0.0005
2024-09-02 14:48:58,645 INFO =====> Epoch: 94
2024-09-02 14:48:58,645 INFO =====> Grad: [-1.8679172e+00  1.2925274e+00  2.7837173e-09 -2.3513203e+00
 -4.8428774e-08]
2024-09-02 14:48:58,645 INFO =====> Num. aborted data so far: 10
2024-09-02 14:48:59,132 INFO ===> New TaichiEnv created.
2024-09-02 14:48:59,132 INFO ===> Specifications: horizon = 600, dt = 0.01, n_substeps = 20, dt_sub = 0.0005
2024-09-02 14:49:34,839 INFO =====> Epoch: 95
2024-09-02 14:49:34,839 INFO =====> Grad: [ 1.3289362e-01  2.0249693e-01 -2.0950426e-10 -1.7574814e-01
  1.3969839e-08]
2024-09-02 14:49:34,839 INFO =====> Num. aborted data so far: 10
2024-09-02 14:49:35,329 INFO ===> New TaichiEnv created.
2024-09-02 14:49:35,329 INFO ===> Specifications: horizon = 600, dt = 0.01, n_substeps = 20, dt_sub = 0.0005
2024-09-02 14:50:09,511 INFO =====> Epoch: 96
2024-09-02 14:50:09,511 INFO =====> Grad: [ 3.1888320e+03 -1.6605010e+04  4.5201615e-03 -1.6438650e+04
  6.1035156e-04]
2024-09-02 14:50:09,511 INFO =====> Num. aborted data so far: 10
2024-09-02 14:50:10,000 INFO ===> New TaichiEnv created.
2024-09-02 14:50:10,000 INFO ===> Specifications: horizon = 600, dt = 0.01, n_substeps = 20, dt_sub = 0.0005
2024-09-02 14:50:58,646 INFO =====> Epoch: 97
2024-09-02 14:50:58,646 INFO =====> Grad: [ 2.2997099e-03 -9.4281919e-02  4.5539581e-09  4.6135011e-01
 -2.7939677e-09]
2024-09-02 14:50:58,646 INFO =====> Num. aborted data so far: 10
2024-09-02 14:50:59,134 INFO ===> New TaichiEnv created.
2024-09-02 14:50:59,134 INFO ===> Specifications: horizon = 600, dt = 0.01, n_substeps = 20, dt_sub = 0.0005
2024-09-02 14:51:31,347 INFO =====> Epoch: 98
2024-09-02 14:51:31,347 INFO =====> Grad: [-1.9189793e+04  7.2007329e+03  9.6017036e-05  2.9677915e+03
 -2.0599365e-04]
2024-09-02 14:51:31,347 INFO =====> Num. aborted data so far: 10
2024-09-02 14:51:31,838 INFO ===> New TaichiEnv created.
2024-09-02 14:51:31,838 INFO ===> Specifications: horizon = 600, dt = 0.01, n_substeps = 20, dt_sub = 0.0005
2024-09-02 14:52:15,144 INFO =====> Epoch: 99
2024-09-02 14:52:15,144 INFO =====> Grad: [ 2.6465275e+00 -6.5312147e-01  5.9044652e-08  5.8443379e+00
 -3.5390258e-08]
2024-09-02 14:52:15,144 INFO =====> Num. aborted data so far: 10
