2024-12-11 15:50:49,641 DEBUG loaded <trimesh.Trimesh(vertices.shape=(916, 3), faces.shape=(856, 3))> using `load_obj` in 0.0047s
2024-12-11 15:50:49,882 DEBUG loaded <trimesh.Trimesh(vertices.shape=(48, 3), faces.shape=(28, 3))> using `load_obj` in 0.0010s
2024-12-11 15:51:07,718 INFO =====> Skill params: [ 0.7478441  0.2        0.8        0.        -0.5      ]
2024-12-11 15:51:07,718 INFO =====> Grad: [ 1.4355328e+03 -4.2488550e+03  1.9869016e-05 -3.2767377e+02
  3.9401821e-05]
2024-12-11 15:51:07,718 INFO =====> Num. aborted data so far: 0
2024-12-11 15:51:07,719 INFO ===========> Epoch: 0 optimisation losses
2024-12-11 15:51:07,719 INFO =====> EMD Loss: 20.361742
2024-12-11 15:51:07,719 INFO =====> Height map loss: 10.874524
2024-12-11 15:51:08,015 DEBUG loaded <trimesh.Trimesh(vertices.shape=(916, 3), faces.shape=(856, 3))> using `load_obj` in 0.0030s
2024-12-11 15:51:08,151 DEBUG loaded <trimesh.Trimesh(vertices.shape=(48, 3), faces.shape=(28, 3))> using `load_obj` in 0.0007s
2024-12-11 15:51:15,040 INFO ==> EMD Loss: 20.311430
2024-12-11 15:51:15,040 INFO ==> Height map loss:  10.783040
2024-12-11 15:51:15,408 DEBUG loaded <trimesh.Trimesh(vertices.shape=(916, 3), faces.shape=(856, 3))> using `load_obj` in 0.0028s
2024-12-11 15:51:15,550 DEBUG loaded <trimesh.Trimesh(vertices.shape=(48, 3), faces.shape=(28, 3))> using `load_obj` in 0.0007s
2024-12-11 15:51:22,286 INFO ==> EMD Loss: 20.448666
2024-12-11 15:51:22,286 INFO ==> Height map loss:  10.844416
2024-12-11 15:51:22,573 DEBUG loaded <trimesh.Trimesh(vertices.shape=(916, 3), faces.shape=(856, 3))> using `load_obj` in 0.0028s
2024-12-11 15:51:22,710 DEBUG loaded <trimesh.Trimesh(vertices.shape=(48, 3), faces.shape=(28, 3))> using `load_obj` in 0.0007s
2024-12-11 15:51:29,381 INFO ==> EMD Loss: 19.854563
2024-12-11 15:51:29,381 INFO ==> Height map loss:  10.620088
2024-12-11 15:51:29,670 DEBUG loaded <trimesh.Trimesh(vertices.shape=(916, 3), faces.shape=(856, 3))> using `load_obj` in 0.0029s
2024-12-11 15:51:29,811 DEBUG loaded <trimesh.Trimesh(vertices.shape=(48, 3), faces.shape=(28, 3))> using `load_obj` in 0.0007s
2024-12-11 15:51:36,918 INFO ==> EMD Loss: 19.469822
2024-12-11 15:51:36,918 INFO ==> Height map loss:  10.169540
2024-12-11 15:51:37,365 DEBUG loaded <trimesh.Trimesh(vertices.shape=(916, 3), faces.shape=(856, 3))> using `load_obj` in 0.0041s
2024-12-11 15:51:37,596 DEBUG loaded <trimesh.Trimesh(vertices.shape=(48, 3), faces.shape=(28, 3))> using `load_obj` in 0.0011s
2024-12-11 15:51:44,973 INFO ==> EMD Loss: 19.386614
2024-12-11 15:51:44,973 INFO ==> Height map loss:  9.781487
2024-12-11 15:51:45,268 DEBUG loaded <trimesh.Trimesh(vertices.shape=(916, 3), faces.shape=(856, 3))> using `load_obj` in 0.0029s
2024-12-11 15:51:45,427 DEBUG loaded <trimesh.Trimesh(vertices.shape=(48, 3), faces.shape=(28, 3))> using `load_obj` in 0.0007s
2024-12-11 15:52:04,126 INFO =====> Skill params: [ 0.55810744  0.38973665  0.78746253  0.18973665 -0.5247051 ]
2024-12-11 15:52:04,127 INFO =====> Grad: [-2.6701833e+03  2.1751394e+03  1.1345042e-05 -3.1408179e+02
  1.4097965e-04]
2024-12-11 15:52:04,127 INFO =====> Num. aborted data so far: 0
2024-12-11 15:52:04,127 INFO ===========> Epoch: 1 optimisation losses
2024-12-11 15:52:04,127 INFO =====> EMD Loss: 19.391935
2024-12-11 15:52:04,127 INFO =====> Height map loss: 9.781501
2024-12-11 15:52:04,445 DEBUG loaded <trimesh.Trimesh(vertices.shape=(916, 3), faces.shape=(856, 3))> using `load_obj` in 0.0030s
2024-12-11 15:52:04,584 DEBUG loaded <trimesh.Trimesh(vertices.shape=(48, 3), faces.shape=(28, 3))> using `load_obj` in 0.0007s
2024-12-11 15:52:11,546 INFO ==> EMD Loss: 19.201372
2024-12-11 15:52:11,546 INFO ==> Height map loss:  9.762580
2024-12-11 15:52:11,841 DEBUG loaded <trimesh.Trimesh(vertices.shape=(916, 3), faces.shape=(856, 3))> using `load_obj` in 0.0028s
2024-12-11 15:52:11,979 DEBUG loaded <trimesh.Trimesh(vertices.shape=(48, 3), faces.shape=(28, 3))> using `load_obj` in 0.0007s
2024-12-11 15:52:18,805 INFO ==> EMD Loss: 19.247810
2024-12-11 15:52:18,806 INFO ==> Height map loss:  9.802513
2024-12-11 15:52:19,158 DEBUG loaded <trimesh.Trimesh(vertices.shape=(916, 3), faces.shape=(856, 3))> using `load_obj` in 0.0029s
2024-12-11 15:52:19,294 DEBUG loaded <trimesh.Trimesh(vertices.shape=(48, 3), faces.shape=(28, 3))> using `load_obj` in 0.0007s
2024-12-11 15:52:26,337 INFO ==> EMD Loss: 19.082809
2024-12-11 15:52:26,337 INFO ==> Height map loss:  9.780612
2024-12-11 15:52:26,714 DEBUG loaded <trimesh.Trimesh(vertices.shape=(916, 3), faces.shape=(856, 3))> using `load_obj` in 0.0029s
2024-12-11 15:52:26,857 DEBUG loaded <trimesh.Trimesh(vertices.shape=(48, 3), faces.shape=(28, 3))> using `load_obj` in 0.0007s
2024-12-11 15:52:33,757 INFO ==> EMD Loss: 19.036257
2024-12-11 15:52:33,757 INFO ==> Height map loss:  9.688638
2024-12-11 15:52:34,142 DEBUG loaded <trimesh.Trimesh(vertices.shape=(916, 3), faces.shape=(856, 3))> using `load_obj` in 0.0039s
2024-12-11 15:52:34,327 DEBUG loaded <trimesh.Trimesh(vertices.shape=(48, 3), faces.shape=(28, 3))> using `load_obj` in 0.0008s
2024-12-11 15:52:41,288 INFO ==> EMD Loss: 19.252052
2024-12-11 15:52:41,288 INFO ==> Height map loss:  9.282591
2024-12-11 15:52:41,594 DEBUG loaded <trimesh.Trimesh(vertices.shape=(916, 3), faces.shape=(856, 3))> using `load_obj` in 0.0029s
2024-12-11 15:52:41,736 DEBUG loaded <trimesh.Trimesh(vertices.shape=(48, 3), faces.shape=(28, 3))> using `load_obj` in 0.0007s
2024-12-11 15:52:59,599 INFO =====> Skill params: [ 0.7271297   0.29963166  0.7799225   0.3245909  -0.60833955]
2024-12-11 15:52:59,600 INFO =====> Grad: [-2.2749358e+03  3.3927087e+03 -1.8610146e-05 -2.1982301e+02
 -3.3145777e-06]
2024-12-11 15:52:59,600 INFO =====> Num. aborted data so far: 0
2024-12-11 15:52:59,600 INFO ===========> Epoch: 2 optimisation losses
2024-12-11 15:52:59,600 INFO =====> EMD Loss: 19.252493
2024-12-11 15:52:59,600 INFO =====> Height map loss: 9.283538
2024-12-11 15:52:59,933 DEBUG loaded <trimesh.Trimesh(vertices.shape=(916, 3), faces.shape=(856, 3))> using `load_obj` in 0.0030s
2024-12-11 15:53:00,077 DEBUG loaded <trimesh.Trimesh(vertices.shape=(48, 3), faces.shape=(28, 3))> using `load_obj` in 0.0007s
2024-12-11 15:53:06,953 INFO ==> EMD Loss: 19.218533
2024-12-11 15:53:06,953 INFO ==> Height map loss:  9.262813
2024-12-11 15:53:07,254 DEBUG loaded <trimesh.Trimesh(vertices.shape=(916, 3), faces.shape=(856, 3))> using `load_obj` in 0.0028s
2024-12-11 15:53:07,397 DEBUG loaded <trimesh.Trimesh(vertices.shape=(48, 3), faces.shape=(28, 3))> using `load_obj` in 0.0007s
2024-12-11 15:53:14,127 INFO ==> EMD Loss: 19.375893
2024-12-11 15:53:14,127 INFO ==> Height map loss:  9.166049
2024-12-11 15:53:14,432 DEBUG loaded <trimesh.Trimesh(vertices.shape=(916, 3), faces.shape=(856, 3))> using `load_obj` in 0.0028s
2024-12-11 15:53:14,573 DEBUG loaded <trimesh.Trimesh(vertices.shape=(48, 3), faces.shape=(28, 3))> using `load_obj` in 0.0007s
2024-12-11 15:53:21,587 INFO ==> EMD Loss: 19.069679
2024-12-11 15:53:21,587 INFO ==> Height map loss:  9.117541
2024-12-11 15:53:22,064 DEBUG loaded <trimesh.Trimesh(vertices.shape=(916, 3), faces.shape=(856, 3))> using `load_obj` in 0.0048s
2024-12-11 15:53:22,242 DEBUG loaded <trimesh.Trimesh(vertices.shape=(48, 3), faces.shape=(28, 3))> using `load_obj` in 0.0007s
2024-12-11 15:53:29,360 INFO ==> EMD Loss: 19.688700
2024-12-11 15:53:29,360 INFO ==> Height map loss:  8.708600
2024-12-11 15:53:29,756 DEBUG loaded <trimesh.Trimesh(vertices.shape=(916, 3), faces.shape=(856, 3))> using `load_obj` in 0.0039s
2024-12-11 15:53:29,943 DEBUG loaded <trimesh.Trimesh(vertices.shape=(48, 3), faces.shape=(28, 3))> using `load_obj` in 0.0008s
2024-12-11 15:53:37,345 INFO ==> EMD Loss: 19.579857
2024-12-11 15:53:37,345 INFO ==> Height map loss:  8.376279
2024-12-11 15:53:37,741 DEBUG loaded <trimesh.Trimesh(vertices.shape=(916, 3), faces.shape=(856, 3))> using `load_obj` in 0.0039s
2024-12-11 15:53:37,928 DEBUG loaded <trimesh.Trimesh(vertices.shape=(48, 3), faces.shape=(28, 3))> using `load_obj` in 0.0008s
2024-12-11 15:53:56,567 INFO =====> Skill params: [ 0.84565884  0.18286386  0.7929293   0.4127015  -0.606267  ]
2024-12-11 15:53:56,567 INFO =====> Grad: [ 2.9431567e+02 -2.9717868e+02 -1.5372403e-05 -6.0393787e+02
 -2.3449513e-05]
2024-12-11 15:53:56,567 INFO =====> Num. aborted data so far: 0
2024-12-11 15:53:56,568 INFO ===========> Epoch: 3 optimisation losses
2024-12-11 15:53:56,568 INFO =====> EMD Loss: 19.580404
2024-12-11 15:53:56,568 INFO =====> Height map loss: 8.376603
2024-12-11 15:53:56,908 DEBUG loaded <trimesh.Trimesh(vertices.shape=(916, 3), faces.shape=(856, 3))> using `load_obj` in 0.0030s
2024-12-11 15:53:57,048 DEBUG loaded <trimesh.Trimesh(vertices.shape=(48, 3), faces.shape=(28, 3))> using `load_obj` in 0.0007s
2024-12-11 15:54:04,022 INFO ==> EMD Loss: 19.570887
2024-12-11 15:54:04,022 INFO ==> Height map loss:  8.356511
2024-12-11 15:54:04,348 DEBUG loaded <trimesh.Trimesh(vertices.shape=(916, 3), faces.shape=(856, 3))> using `load_obj` in 0.0030s
2024-12-11 15:54:04,488 DEBUG loaded <trimesh.Trimesh(vertices.shape=(48, 3), faces.shape=(28, 3))> using `load_obj` in 0.0007s
2024-12-11 15:54:11,336 INFO ==> EMD Loss: 20.098616
2024-12-11 15:54:11,336 INFO ==> Height map loss:  8.315454
2024-12-11 15:54:11,648 DEBUG loaded <trimesh.Trimesh(vertices.shape=(916, 3), faces.shape=(856, 3))> using `load_obj` in 0.0028s
2024-12-11 15:54:11,792 DEBUG loaded <trimesh.Trimesh(vertices.shape=(48, 3), faces.shape=(28, 3))> using `load_obj` in 0.0007s
2024-12-11 15:54:18,568 INFO ==> EMD Loss: 19.418550
2024-12-11 15:54:18,568 INFO ==> Height map loss:  8.460217
2024-12-11 15:54:18,890 DEBUG loaded <trimesh.Trimesh(vertices.shape=(916, 3), faces.shape=(856, 3))> using `load_obj` in 0.0028s
2024-12-11 15:54:19,033 DEBUG loaded <trimesh.Trimesh(vertices.shape=(48, 3), faces.shape=(28, 3))> using `load_obj` in 0.0007s
2024-12-11 15:54:26,459 INFO ==> EMD Loss: 19.799761
2024-12-11 15:54:26,459 INFO ==> Height map loss:  8.436744
2024-12-11 15:54:26,778 DEBUG loaded <trimesh.Trimesh(vertices.shape=(916, 3), faces.shape=(856, 3))> using `load_obj` in 0.0029s
2024-12-11 15:54:26,920 DEBUG loaded <trimesh.Trimesh(vertices.shape=(48, 3), faces.shape=(28, 3))> using `load_obj` in 0.0007s
2024-12-11 15:54:33,862 INFO ==> EMD Loss: 19.586519
2024-12-11 15:54:33,862 INFO ==> Height map loss:  8.186317
2024-12-11 15:54:34,186 DEBUG loaded <trimesh.Trimesh(vertices.shape=(916, 3), faces.shape=(856, 3))> using `load_obj` in 0.0029s
2024-12-11 15:54:34,333 DEBUG loaded <trimesh.Trimesh(vertices.shape=(48, 3), faces.shape=(28, 3))> using `load_obj` in 0.0007s
2024-12-11 15:54:52,985 INFO =====> Skill params: [ 0.8295532   0.19362783  0.80423415  0.56495905 -0.5908623 ]
2024-12-11 15:54:52,986 INFO =====> Grad: [-1.2768212e+03  6.2408799e+03 -1.4554407e-06  2.0956172e+02
  1.5728316e-05]
2024-12-11 15:54:52,987 INFO =====> Num. aborted data so far: 0
2024-12-11 15:54:52,987 INFO ===========> Epoch: 4 optimisation losses
2024-12-11 15:54:52,987 INFO =====> EMD Loss: 19.589817
2024-12-11 15:54:52,988 INFO =====> Height map loss: 8.184708
2024-12-11 15:54:53,425 DEBUG loaded <trimesh.Trimesh(vertices.shape=(916, 3), faces.shape=(856, 3))> using `load_obj` in 0.0041s
2024-12-11 15:54:53,616 DEBUG loaded <trimesh.Trimesh(vertices.shape=(48, 3), faces.shape=(28, 3))> using `load_obj` in 0.0008s
2024-12-11 15:55:01,024 INFO ==> EMD Loss: 19.146141
2024-12-11 15:55:01,024 INFO ==> Height map loss:  8.293551
2024-12-11 15:55:01,348 DEBUG loaded <trimesh.Trimesh(vertices.shape=(916, 3), faces.shape=(856, 3))> using `load_obj` in 0.0029s
2024-12-11 15:55:01,495 DEBUG loaded <trimesh.Trimesh(vertices.shape=(48, 3), faces.shape=(28, 3))> using `load_obj` in 0.0007s
2024-12-11 15:55:08,410 INFO ==> EMD Loss: 20.402945
2024-12-11 15:55:08,411 INFO ==> Height map loss:  8.071001
2024-12-11 15:55:08,730 DEBUG loaded <trimesh.Trimesh(vertices.shape=(916, 3), faces.shape=(856, 3))> using `load_obj` in 0.0029s
2024-12-11 15:55:08,873 DEBUG loaded <trimesh.Trimesh(vertices.shape=(48, 3), faces.shape=(28, 3))> using `load_obj` in 0.0007s
2024-12-11 15:55:15,786 INFO ==> EMD Loss: 19.521053
2024-12-11 15:55:15,786 INFO ==> Height map loss:  7.708200
2024-12-11 15:55:16,134 DEBUG loaded <trimesh.Trimesh(vertices.shape=(916, 3), faces.shape=(856, 3))> using `load_obj` in 0.0030s
2024-12-11 15:55:16,278 DEBUG loaded <trimesh.Trimesh(vertices.shape=(48, 3), faces.shape=(28, 3))> using `load_obj` in 0.0007s
2024-12-11 15:55:23,225 INFO ==> EMD Loss: 19.907003
2024-12-11 15:55:23,225 INFO ==> Height map loss:  7.779999
2024-12-11 15:55:23,559 DEBUG loaded <trimesh.Trimesh(vertices.shape=(916, 3), faces.shape=(856, 3))> using `load_obj` in 0.0029s
2024-12-11 15:55:23,703 DEBUG loaded <trimesh.Trimesh(vertices.shape=(48, 3), faces.shape=(28, 3))> using `load_obj` in 0.0007s
2024-12-11 15:55:30,820 INFO ==> EMD Loss: 19.455368
2024-12-11 15:55:30,820 INFO ==> Height map loss:  7.969130
2024-12-11 15:55:31,182 DEBUG loaded <trimesh.Trimesh(vertices.shape=(916, 3), faces.shape=(856, 3))> using `load_obj` in 0.0030s
2024-12-11 15:55:31,332 DEBUG loaded <trimesh.Trimesh(vertices.shape=(48, 3), faces.shape=(28, 3))> using `load_obj` in 0.0007s
2024-12-11 15:55:49,721 INFO =====> Skill params: [ 0.8638826   0.11941402  0.80479825  0.53824115 -0.59629893]
2024-12-11 15:55:49,721 INFO =====> Grad: [-7.5402722e+02  6.5782729e+03 -3.9389815e-05  1.0021076e+02
 -9.2870760e-06]
2024-12-11 15:55:49,721 INFO =====> Num. aborted data so far: 0
2024-12-11 15:55:49,722 INFO ===========> Epoch: 5 optimisation losses
2024-12-11 15:55:49,722 INFO =====> EMD Loss: 19.523420
2024-12-11 15:55:49,722 INFO =====> Height map loss: 7.708029
2024-12-11 15:55:50,072 DEBUG loaded <trimesh.Trimesh(vertices.shape=(916, 3), faces.shape=(856, 3))> using `load_obj` in 0.0030s
2024-12-11 15:55:50,216 DEBUG loaded <trimesh.Trimesh(vertices.shape=(48, 3), faces.shape=(28, 3))> using `load_obj` in 0.0007s
2024-12-11 15:55:57,933 INFO ==> EMD Loss: 19.368073
2024-12-11 15:55:57,933 INFO ==> Height map loss:  7.689717
2024-12-11 15:55:58,261 DEBUG loaded <trimesh.Trimesh(vertices.shape=(916, 3), faces.shape=(856, 3))> using `load_obj` in 0.0028s
2024-12-11 15:55:58,406 DEBUG loaded <trimesh.Trimesh(vertices.shape=(48, 3), faces.shape=(28, 3))> using `load_obj` in 0.0007s
2024-12-11 15:56:05,552 INFO ==> EMD Loss: 19.265976
2024-12-11 15:56:05,552 INFO ==> Height map loss:  7.721315
2024-12-11 15:56:05,931 DEBUG loaded <trimesh.Trimesh(vertices.shape=(916, 3), faces.shape=(856, 3))> using `load_obj` in 0.0029s
2024-12-11 15:56:06,077 DEBUG loaded <trimesh.Trimesh(vertices.shape=(48, 3), faces.shape=(28, 3))> using `load_obj` in 0.0007s
2024-12-11 15:56:12,958 INFO ==> EMD Loss: 19.050774
2024-12-11 15:56:12,958 INFO ==> Height map loss:  7.927104
2024-12-11 15:56:13,284 DEBUG loaded <trimesh.Trimesh(vertices.shape=(916, 3), faces.shape=(856, 3))> using `load_obj` in 0.0028s
2024-12-11 15:56:13,426 DEBUG loaded <trimesh.Trimesh(vertices.shape=(48, 3), faces.shape=(28, 3))> using `load_obj` in 0.0007s
2024-12-11 15:56:20,405 INFO ==> EMD Loss: 18.074203
2024-12-11 15:56:20,405 INFO ==> Height map loss:  7.643788
2024-12-11 15:56:20,730 DEBUG loaded <trimesh.Trimesh(vertices.shape=(916, 3), faces.shape=(856, 3))> using `load_obj` in 0.0028s
2024-12-11 15:56:20,885 DEBUG loaded <trimesh.Trimesh(vertices.shape=(48, 3), faces.shape=(28, 3))> using `load_obj` in 0.0009s
2024-12-11 15:56:28,119 INFO ==> EMD Loss: 19.223663
2024-12-11 15:56:28,119 INFO ==> Height map loss:  7.648376
2024-12-11 15:56:28,444 DEBUG loaded <trimesh.Trimesh(vertices.shape=(916, 3), faces.shape=(856, 3))> using `load_obj` in 0.0028s
2024-12-11 15:56:28,587 DEBUG loaded <trimesh.Trimesh(vertices.shape=(48, 3), faces.shape=(28, 3))> using `load_obj` in 0.0007s
2024-12-11 15:56:47,221 INFO =====> Skill params: [ 0.8951539   0.02606187  0.8285969   0.5182406  -0.59122646]
2024-12-11 15:56:47,221 INFO =====> Grad: [ 1.5894456e+02 -6.8950591e+03  1.6368922e-05  2.8745038e+02
 -6.6672833e-06]
2024-12-11 15:56:47,221 INFO =====> Num. aborted data so far: 0
2024-12-11 15:56:47,222 INFO ===========> Epoch: 6 optimisation losses
2024-12-11 15:56:47,222 INFO =====> EMD Loss: 18.075247
2024-12-11 15:56:47,222 INFO =====> Height map loss: 7.642749
2024-12-11 15:56:47,618 DEBUG loaded <trimesh.Trimesh(vertices.shape=(916, 3), faces.shape=(856, 3))> using `load_obj` in 0.0031s
2024-12-11 15:56:47,765 DEBUG loaded <trimesh.Trimesh(vertices.shape=(48, 3), faces.shape=(28, 3))> using `load_obj` in 0.0008s
2024-12-11 15:56:54,981 INFO ==> EMD Loss: 18.631195
2024-12-11 15:56:54,981 INFO ==> Height map loss:  7.898416
2024-12-11 15:56:55,313 DEBUG loaded <trimesh.Trimesh(vertices.shape=(916, 3), faces.shape=(856, 3))> using `load_obj` in 0.0029s
2024-12-11 15:56:55,459 DEBUG loaded <trimesh.Trimesh(vertices.shape=(48, 3), faces.shape=(28, 3))> using `load_obj` in 0.0007s
2024-12-11 15:57:02,796 INFO ==> EMD Loss: 18.795256
2024-12-11 15:57:02,796 INFO ==> Height map loss:  8.145469
2024-12-11 15:57:03,209 DEBUG loaded <trimesh.Trimesh(vertices.shape=(916, 3), faces.shape=(856, 3))> using `load_obj` in 0.0039s
2024-12-11 15:57:03,399 DEBUG loaded <trimesh.Trimesh(vertices.shape=(48, 3), faces.shape=(28, 3))> using `load_obj` in 0.0008s
2024-12-11 15:57:10,578 INFO ==> EMD Loss: 19.583828
2024-12-11 15:57:10,579 INFO ==> Height map loss:  7.967410
2024-12-11 15:57:10,912 DEBUG loaded <trimesh.Trimesh(vertices.shape=(916, 3), faces.shape=(856, 3))> using `load_obj` in 0.0028s
2024-12-11 15:57:11,055 DEBUG loaded <trimesh.Trimesh(vertices.shape=(48, 3), faces.shape=(28, 3))> using `load_obj` in 0.0007s
2024-12-11 15:57:18,016 INFO ==> EMD Loss: 18.975739
2024-12-11 15:57:18,016 INFO ==> Height map loss:  8.139305
2024-12-11 15:57:18,354 DEBUG loaded <trimesh.Trimesh(vertices.shape=(916, 3), faces.shape=(856, 3))> using `load_obj` in 0.0029s
2024-12-11 15:57:18,501 DEBUG loaded <trimesh.Trimesh(vertices.shape=(48, 3), faces.shape=(28, 3))> using `load_obj` in 0.0007s
2024-12-11 15:57:25,502 INFO ==> EMD Loss: 19.027075
2024-12-11 15:57:25,502 INFO ==> Height map loss:  8.285416
2024-12-11 15:57:25,856 DEBUG loaded <trimesh.Trimesh(vertices.shape=(916, 3), faces.shape=(856, 3))> using `load_obj` in 0.0029s
2024-12-11 15:57:26,000 DEBUG loaded <trimesh.Trimesh(vertices.shape=(48, 3), faces.shape=(28, 3))> using `load_obj` in 0.0007s
2024-12-11 15:57:44,386 INFO =====> Skill params: [ 0.8946912   0.03162931  0.82790375  0.5145301  -0.59097064]
2024-12-11 15:57:44,386 INFO =====> Grad: [-3.7305622e+01  2.7859263e+03 -7.8835808e-07 -5.4590054e+01
  4.6650507e-06]
2024-12-11 15:57:44,386 INFO =====> Num. aborted data so far: 0
2024-12-11 15:57:44,387 INFO ===========> Epoch: 7 optimisation losses
2024-12-11 15:57:44,387 INFO =====> EMD Loss: 18.631510
2024-12-11 15:57:44,387 INFO =====> Height map loss: 7.898001
2024-12-11 15:57:44,757 DEBUG loaded <trimesh.Trimesh(vertices.shape=(916, 3), faces.shape=(856, 3))> using `load_obj` in 0.0031s
2024-12-11 15:57:44,900 DEBUG loaded <trimesh.Trimesh(vertices.shape=(48, 3), faces.shape=(28, 3))> using `load_obj` in 0.0007s
2024-12-11 15:57:51,902 INFO ==> EMD Loss: 18.796381
2024-12-11 15:57:51,902 INFO ==> Height map loss:  7.645146
2024-12-11 15:57:52,234 DEBUG loaded <trimesh.Trimesh(vertices.shape=(916, 3), faces.shape=(856, 3))> using `load_obj` in 0.0028s
2024-12-11 15:57:52,378 DEBUG loaded <trimesh.Trimesh(vertices.shape=(48, 3), faces.shape=(28, 3))> using `load_obj` in 0.0007s
2024-12-11 15:57:59,485 INFO ==> EMD Loss: 18.570230
2024-12-11 15:57:59,485 INFO ==> Height map loss:  7.644040
2024-12-11 15:57:59,829 DEBUG loaded <trimesh.Trimesh(vertices.shape=(916, 3), faces.shape=(856, 3))> using `load_obj` in 0.0029s
2024-12-11 15:57:59,975 DEBUG loaded <trimesh.Trimesh(vertices.shape=(48, 3), faces.shape=(28, 3))> using `load_obj` in 0.0007s
2024-12-11 15:58:07,132 INFO ==> EMD Loss: 19.175972
2024-12-11 15:58:07,132 INFO ==> Height map loss:  7.757699
2024-12-11 15:58:07,531 DEBUG loaded <trimesh.Trimesh(vertices.shape=(916, 3), faces.shape=(856, 3))> using `load_obj` in 0.0029s
2024-12-11 15:58:07,674 DEBUG loaded <trimesh.Trimesh(vertices.shape=(48, 3), faces.shape=(28, 3))> using `load_obj` in 0.0007s
2024-12-11 15:58:14,685 INFO ==> EMD Loss: 18.541090
2024-12-11 15:58:14,685 INFO ==> Height map loss:  7.605342
2024-12-11 15:58:15,014 DEBUG loaded <trimesh.Trimesh(vertices.shape=(916, 3), faces.shape=(856, 3))> using `load_obj` in 0.0028s
2024-12-11 15:58:15,156 DEBUG loaded <trimesh.Trimesh(vertices.shape=(48, 3), faces.shape=(28, 3))> using `load_obj` in 0.0007s
2024-12-11 15:58:22,255 INFO ==> EMD Loss: 18.870728
2024-12-11 15:58:22,255 INFO ==> Height map loss:  7.584020
2024-12-11 15:58:22,594 DEBUG loaded <trimesh.Trimesh(vertices.shape=(916, 3), faces.shape=(856, 3))> using `load_obj` in 0.0029s
2024-12-11 15:58:22,737 DEBUG loaded <trimesh.Trimesh(vertices.shape=(48, 3), faces.shape=(28, 3))> using `load_obj` in 0.0007s
2024-12-11 15:58:41,149 INFO =====> Skill params: [ 0.8969804  -0.0143791   0.8286075   0.52934027 -0.59474325]
2024-12-11 15:58:41,149 INFO =====> Grad: [-2.0051728e-01 -3.0311127e+02 -3.8129150e-05 -3.9965503e+02
  6.7183514e-06]
2024-12-11 15:58:41,149 INFO =====> Num. aborted data so far: 0
2024-12-11 15:58:41,150 INFO ===========> Epoch: 8 optimisation losses
2024-12-11 15:58:41,150 INFO =====> EMD Loss: 18.870073
2024-12-11 15:58:41,150 INFO =====> Height map loss: 7.583112
2024-12-11 15:58:41,519 DEBUG loaded <trimesh.Trimesh(vertices.shape=(916, 3), faces.shape=(856, 3))> using `load_obj` in 0.0030s
2024-12-11 15:58:41,662 DEBUG loaded <trimesh.Trimesh(vertices.shape=(48, 3), faces.shape=(28, 3))> using `load_obj` in 0.0007s
2024-12-11 15:58:48,954 INFO ==> EMD Loss: 18.811642
2024-12-11 15:58:48,954 INFO ==> Height map loss:  7.582736
2024-12-11 15:58:49,290 DEBUG loaded <trimesh.Trimesh(vertices.shape=(916, 3), faces.shape=(856, 3))> using `load_obj` in 0.0030s
2024-12-11 15:58:49,434 DEBUG loaded <trimesh.Trimesh(vertices.shape=(48, 3), faces.shape=(28, 3))> using `load_obj` in 0.0007s
2024-12-11 15:58:57,338 INFO ==> EMD Loss: 18.357216
2024-12-11 15:58:57,338 INFO ==> Height map loss:  7.524018
2024-12-11 15:58:57,686 DEBUG loaded <trimesh.Trimesh(vertices.shape=(916, 3), faces.shape=(856, 3))> using `load_obj` in 0.0028s
2024-12-11 15:58:57,832 DEBUG loaded <trimesh.Trimesh(vertices.shape=(48, 3), faces.shape=(28, 3))> using `load_obj` in 0.0007s
2024-12-11 15:59:05,389 INFO ==> EMD Loss: 18.233030
2024-12-11 15:59:05,389 INFO ==> Height map loss:  7.489527
2024-12-11 15:59:05,737 DEBUG loaded <trimesh.Trimesh(vertices.shape=(916, 3), faces.shape=(856, 3))> using `load_obj` in 0.0030s
2024-12-11 15:59:05,880 DEBUG loaded <trimesh.Trimesh(vertices.shape=(48, 3), faces.shape=(28, 3))> using `load_obj` in 0.0007s
2024-12-11 15:59:13,002 INFO ==> EMD Loss: 17.999619
2024-12-11 15:59:13,003 INFO ==> Height map loss:  7.406722
2024-12-11 15:59:13,410 DEBUG loaded <trimesh.Trimesh(vertices.shape=(916, 3), faces.shape=(856, 3))> using `load_obj` in 0.0029s
2024-12-11 15:59:13,553 DEBUG loaded <trimesh.Trimesh(vertices.shape=(48, 3), faces.shape=(28, 3))> using `load_obj` in 0.0007s
2024-12-11 15:59:20,460 INFO ==> EMD Loss: 19.589802
2024-12-11 15:59:20,460 INFO ==> Height map loss:  7.277953
2024-12-11 15:59:20,797 DEBUG loaded <trimesh.Trimesh(vertices.shape=(916, 3), faces.shape=(856, 3))> using `load_obj` in 0.0029s
2024-12-11 15:59:20,939 DEBUG loaded <trimesh.Trimesh(vertices.shape=(48, 3), faces.shape=(28, 3))> using `load_obj` in 0.0007s
2024-12-11 15:59:39,581 INFO =====> Skill params: [ 0.8969934  -0.00910461  0.8638604   0.6272413  -0.6004676 ]
2024-12-11 15:59:39,581 INFO =====> Grad: [-4.63828812e+01 -3.44494922e+03 -1.29349955e-05 -5.07670441e+01
 -4.84187003e-05]
2024-12-11 15:59:39,581 INFO =====> Num. aborted data so far: 0
2024-12-11 15:59:39,582 INFO ===========> Epoch: 9 optimisation losses
2024-12-11 15:59:39,582 INFO =====> EMD Loss: 19.226553
2024-12-11 15:59:39,582 INFO =====> Height map loss: 7.282111
2024-12-11 15:59:39,953 DEBUG loaded <trimesh.Trimesh(vertices.shape=(916, 3), faces.shape=(856, 3))> using `load_obj` in 0.0031s
2024-12-11 15:59:40,102 DEBUG loaded <trimesh.Trimesh(vertices.shape=(48, 3), faces.shape=(28, 3))> using `load_obj` in 0.0007s
2024-12-11 15:59:47,299 INFO ==> EMD Loss: 17.781748
2024-12-11 15:59:47,299 INFO ==> Height map loss:  7.372279
2024-12-11 15:59:47,641 DEBUG loaded <trimesh.Trimesh(vertices.shape=(916, 3), faces.shape=(856, 3))> using `load_obj` in 0.0030s
2024-12-11 15:59:47,789 DEBUG loaded <trimesh.Trimesh(vertices.shape=(48, 3), faces.shape=(28, 3))> using `load_obj` in 0.0007s
2024-12-11 15:59:54,982 INFO ==> EMD Loss: 18.871597
2024-12-11 15:59:54,982 INFO ==> Height map loss:  7.510799
2024-12-11 15:59:55,323 DEBUG loaded <trimesh.Trimesh(vertices.shape=(916, 3), faces.shape=(856, 3))> using `load_obj` in 0.0031s
2024-12-11 15:59:55,475 DEBUG loaded <trimesh.Trimesh(vertices.shape=(48, 3), faces.shape=(28, 3))> using `load_obj` in 0.0007s
2024-12-11 16:00:02,675 INFO ==> EMD Loss: 18.353170
2024-12-11 16:00:02,675 INFO ==> Height map loss:  7.705153
2024-12-11 16:00:03,017 DEBUG loaded <trimesh.Trimesh(vertices.shape=(916, 3), faces.shape=(856, 3))> using `load_obj` in 0.0030s
2024-12-11 16:00:03,166 DEBUG loaded <trimesh.Trimesh(vertices.shape=(48, 3), faces.shape=(28, 3))> using `load_obj` in 0.0007s
2024-12-11 16:00:10,391 INFO ==> EMD Loss: 18.219917
2024-12-11 16:00:10,391 INFO ==> Height map loss:  7.243888
2024-12-11 16:00:10,742 DEBUG loaded <trimesh.Trimesh(vertices.shape=(916, 3), faces.shape=(856, 3))> using `load_obj` in 0.0028s
2024-12-11 16:00:10,886 DEBUG loaded <trimesh.Trimesh(vertices.shape=(48, 3), faces.shape=(28, 3))> using `load_obj` in 0.0007s
2024-12-11 16:00:18,060 INFO ==> EMD Loss: 18.640976
2024-12-11 16:00:18,060 INFO ==> Height map loss:  7.557081
2024-12-11 16:00:18,410 DEBUG loaded <trimesh.Trimesh(vertices.shape=(916, 3), faces.shape=(856, 3))> using `load_obj` in 0.0030s
2024-12-11 16:00:18,554 DEBUG loaded <trimesh.Trimesh(vertices.shape=(48, 3), faces.shape=(28, 3))> using `load_obj` in 0.0007s
2024-12-11 16:00:36,920 INFO =====> Skill params: [ 0.8993649   0.03585904  0.8732942   0.63704956 -0.5686771 ]
2024-12-11 16:00:36,920 INFO =====> Grad: [ 2.1665173e+02 -5.9989321e+03 -4.8316375e-05 -2.0857629e+02
  4.5944212e-06]
2024-12-11 16:00:36,920 INFO =====> Num. aborted data so far: 0
2024-12-11 16:00:36,921 INFO ===========> Epoch: 10 optimisation losses
2024-12-11 16:00:36,921 INFO =====> EMD Loss: 18.216791
2024-12-11 16:00:36,921 INFO =====> Height map loss: 7.242521
2024-12-11 16:00:37,295 DEBUG loaded <trimesh.Trimesh(vertices.shape=(916, 3), faces.shape=(856, 3))> using `load_obj` in 0.0031s
2024-12-11 16:00:37,443 DEBUG loaded <trimesh.Trimesh(vertices.shape=(48, 3), faces.shape=(28, 3))> using `load_obj` in 0.0007s
2024-12-11 16:00:44,668 INFO ==> EMD Loss: 18.711529
2024-12-11 16:00:44,668 INFO ==> Height map loss:  7.268040
2024-12-11 16:00:45,019 DEBUG loaded <trimesh.Trimesh(vertices.shape=(916, 3), faces.shape=(856, 3))> using `load_obj` in 0.0030s
2024-12-11 16:00:45,171 DEBUG loaded <trimesh.Trimesh(vertices.shape=(48, 3), faces.shape=(28, 3))> using `load_obj` in 0.0007s
2024-12-11 16:00:52,509 INFO ==> EMD Loss: 18.261436
2024-12-11 16:00:52,509 INFO ==> Height map loss:  7.428925
2024-12-11 16:00:52,923 DEBUG loaded <trimesh.Trimesh(vertices.shape=(916, 3), faces.shape=(856, 3))> using `load_obj` in 0.0029s
2024-12-11 16:00:53,071 DEBUG loaded <trimesh.Trimesh(vertices.shape=(48, 3), faces.shape=(28, 3))> using `load_obj` in 0.0007s
2024-12-11 16:01:00,217 INFO ==> EMD Loss: 19.152163
2024-12-11 16:01:00,217 INFO ==> Height map loss:  7.314166
2024-12-11 16:01:00,564 DEBUG loaded <trimesh.Trimesh(vertices.shape=(916, 3), faces.shape=(856, 3))> using `load_obj` in 0.0029s
2024-12-11 16:01:00,714 DEBUG loaded <trimesh.Trimesh(vertices.shape=(48, 3), faces.shape=(28, 3))> using `load_obj` in 0.0007s
2024-12-11 16:01:08,042 INFO ==> EMD Loss: 18.765759
2024-12-11 16:01:08,042 INFO ==> Height map loss:  7.155005
2024-12-11 16:01:08,473 DEBUG loaded <trimesh.Trimesh(vertices.shape=(916, 3), faces.shape=(856, 3))> using `load_obj` in 0.0039s
2024-12-11 16:01:08,664 DEBUG loaded <trimesh.Trimesh(vertices.shape=(48, 3), faces.shape=(28, 3))> using `load_obj` in 0.0008s
2024-12-11 16:01:16,457 INFO ==> EMD Loss: 18.485605
2024-12-11 16:01:16,457 INFO ==> Height map loss:  7.145092
2024-12-11 16:01:16,815 DEBUG loaded <trimesh.Trimesh(vertices.shape=(916, 3), faces.shape=(856, 3))> using `load_obj` in 0.0029s
2024-12-11 16:01:16,963 DEBUG loaded <trimesh.Trimesh(vertices.shape=(48, 3), faces.shape=(28, 3))> using `load_obj` in 0.0007s
2024-12-11 16:01:35,459 INFO =====> Skill params: [ 0.8838486   0.13105187  0.9212135   0.69131917 -0.57291573]
2024-12-11 16:01:35,459 INFO =====> Grad: [ 8.1982831e+02 -3.2860903e+03 -2.1504578e-05  4.1651477e+02
  5.8857393e-05]
2024-12-11 16:01:35,459 INFO =====> Num. aborted data so far: 0
2024-12-11 16:01:35,460 INFO ===========> Epoch: 11 optimisation losses
2024-12-11 16:01:35,460 INFO =====> EMD Loss: 18.485249
2024-12-11 16:01:35,460 INFO =====> Height map loss: 7.145151
2024-12-11 16:01:35,835 DEBUG loaded <trimesh.Trimesh(vertices.shape=(916, 3), faces.shape=(856, 3))> using `load_obj` in 0.0030s
2024-12-11 16:01:35,982 DEBUG loaded <trimesh.Trimesh(vertices.shape=(48, 3), faces.shape=(28, 3))> using `load_obj` in 0.0008s
2024-12-11 16:01:43,096 INFO ==> EMD Loss: 18.889606
2024-12-11 16:01:43,096 INFO ==> Height map loss:  7.015859
2024-12-11 16:01:43,445 DEBUG loaded <trimesh.Trimesh(vertices.shape=(916, 3), faces.shape=(856, 3))> using `load_obj` in 0.0029s
2024-12-11 16:01:43,590 DEBUG loaded <trimesh.Trimesh(vertices.shape=(48, 3), faces.shape=(28, 3))> using `load_obj` in 0.0007s
2024-12-11 16:01:50,777 INFO ==> EMD Loss: 18.551153
2024-12-11 16:01:50,777 INFO ==> Height map loss:  6.958340
2024-12-11 16:01:51,124 DEBUG loaded <trimesh.Trimesh(vertices.shape=(916, 3), faces.shape=(856, 3))> using `load_obj` in 0.0028s
2024-12-11 16:01:51,269 DEBUG loaded <trimesh.Trimesh(vertices.shape=(48, 3), faces.shape=(28, 3))> using `load_obj` in 0.0007s
2024-12-11 16:01:58,449 INFO ==> EMD Loss: 19.018862
2024-12-11 16:01:58,449 INFO ==> Height map loss:  7.112851
2024-12-11 16:01:58,845 DEBUG loaded <trimesh.Trimesh(vertices.shape=(916, 3), faces.shape=(856, 3))> using `load_obj` in 0.0030s
2024-12-11 16:01:58,995 DEBUG loaded <trimesh.Trimesh(vertices.shape=(48, 3), faces.shape=(28, 3))> using `load_obj` in 0.0007s
2024-12-11 16:02:06,295 INFO ==> EMD Loss: 19.076059
2024-12-11 16:02:06,295 INFO ==> Height map loss:  7.764298
2024-12-11 16:02:06,661 DEBUG loaded <trimesh.Trimesh(vertices.shape=(916, 3), faces.shape=(856, 3))> using `load_obj` in 0.0030s
2024-12-11 16:02:06,808 DEBUG loaded <trimesh.Trimesh(vertices.shape=(48, 3), faces.shape=(28, 3))> using `load_obj` in 0.0007s
2024-12-11 16:02:13,789 INFO ==> EMD Loss: 18.947235
2024-12-11 16:02:13,789 INFO ==> Height map loss:  7.632344
2024-12-11 16:02:14,220 DEBUG loaded <trimesh.Trimesh(vertices.shape=(916, 3), faces.shape=(856, 3))> using `load_obj` in 0.0031s
2024-12-11 16:02:14,369 DEBUG loaded <trimesh.Trimesh(vertices.shape=(48, 3), faces.shape=(28, 3))> using `load_obj` in 0.0007s
2024-12-11 16:02:32,787 INFO =====> Skill params: [ 0.8691387   0.14425053  0.9267948   0.6668526  -0.58661485]
2024-12-11 16:02:32,787 INFO =====> Grad: [ 8.9987128e+02 -5.9757759e+03 -2.0893047e-05 -5.3360358e+02
  5.0957915e-05]
2024-12-11 16:02:32,787 INFO =====> Num. aborted data so far: 0
2024-12-11 16:02:32,787 INFO ===========> Epoch: 12 optimisation losses
2024-12-11 16:02:32,788 INFO =====> EMD Loss: 18.550970
2024-12-11 16:02:32,788 INFO =====> Height map loss: 6.958024
2024-12-11 16:02:33,166 DEBUG loaded <trimesh.Trimesh(vertices.shape=(916, 3), faces.shape=(856, 3))> using `load_obj` in 0.0031s
2024-12-11 16:02:33,317 DEBUG loaded <trimesh.Trimesh(vertices.shape=(48, 3), faces.shape=(28, 3))> using `load_obj` in 0.0007s
2024-12-11 16:02:40,368 INFO ==> EMD Loss: 19.607325
2024-12-11 16:02:40,368 INFO ==> Height map loss:  7.159442
2024-12-11 16:02:40,798 DEBUG loaded <trimesh.Trimesh(vertices.shape=(916, 3), faces.shape=(856, 3))> using `load_obj` in 0.0038s
2024-12-11 16:02:40,991 DEBUG loaded <trimesh.Trimesh(vertices.shape=(48, 3), faces.shape=(28, 3))> using `load_obj` in 0.0008s
2024-12-11 16:02:48,587 INFO ==> EMD Loss: 20.166845
2024-12-11 16:02:48,587 INFO ==> Height map loss:  7.001808
2024-12-11 16:02:49,039 DEBUG loaded <trimesh.Trimesh(vertices.shape=(916, 3), faces.shape=(856, 3))> using `load_obj` in 0.0039s
2024-12-11 16:02:49,237 DEBUG loaded <trimesh.Trimesh(vertices.shape=(48, 3), faces.shape=(28, 3))> using `load_obj` in 0.0008s
2024-12-11 16:02:56,812 INFO ==> EMD Loss: 19.194300
2024-12-11 16:02:56,812 INFO ==> Height map loss:  6.879290
2024-12-11 16:02:57,241 DEBUG loaded <trimesh.Trimesh(vertices.shape=(916, 3), faces.shape=(856, 3))> using `load_obj` in 0.0039s
2024-12-11 16:02:57,436 DEBUG loaded <trimesh.Trimesh(vertices.shape=(48, 3), faces.shape=(28, 3))> using `load_obj` in 0.0008s
2024-12-11 16:03:05,048 INFO ==> EMD Loss: 18.026012
2024-12-11 16:03:05,048 INFO ==> Height map loss:  6.524346
2024-12-11 16:03:05,405 DEBUG loaded <trimesh.Trimesh(vertices.shape=(916, 3), faces.shape=(856, 3))> using `load_obj` in 0.0030s
2024-12-11 16:03:05,559 DEBUG loaded <trimesh.Trimesh(vertices.shape=(48, 3), faces.shape=(28, 3))> using `load_obj` in 0.0007s
2024-12-11 16:03:12,673 INFO ==> EMD Loss: 18.564194
2024-12-11 16:03:12,673 INFO ==> Height map loss:  6.674251
2024-12-11 16:03:13,035 DEBUG loaded <trimesh.Trimesh(vertices.shape=(916, 3), faces.shape=(856, 3))> using `load_obj` in 0.0029s
2024-12-11 16:03:13,187 DEBUG loaded <trimesh.Trimesh(vertices.shape=(48, 3), faces.shape=(28, 3))> using `load_obj` in 0.0007s
2024-12-11 16:03:31,894 INFO =====> Skill params: [ 0.82108015  0.21122038  0.94381917  0.74818677 -0.62288195]
2024-12-11 16:03:31,895 INFO =====> Grad: [-1.4217246e+03  4.1471196e+03  1.9985822e-05 -6.6125800e+02
 -1.2581770e-05]
2024-12-11 16:03:31,895 INFO =====> Num. aborted data so far: 0
2024-12-11 16:03:31,895 INFO ===========> Epoch: 13 optimisation losses
2024-12-11 16:03:31,895 INFO =====> EMD Loss: 18.025974
2024-12-11 16:03:31,895 INFO =====> Height map loss: 6.524315
2024-12-11 16:03:32,272 DEBUG loaded <trimesh.Trimesh(vertices.shape=(916, 3), faces.shape=(856, 3))> using `load_obj` in 0.0030s
2024-12-11 16:03:32,422 DEBUG loaded <trimesh.Trimesh(vertices.shape=(48, 3), faces.shape=(28, 3))> using `load_obj` in 0.0007s
2024-12-11 16:03:39,393 INFO ==> EMD Loss: 18.117924
2024-12-11 16:03:39,393 INFO ==> Height map loss:  6.461203
2024-12-11 16:03:39,769 DEBUG loaded <trimesh.Trimesh(vertices.shape=(916, 3), faces.shape=(856, 3))> using `load_obj` in 0.0029s
2024-12-11 16:03:39,920 DEBUG loaded <trimesh.Trimesh(vertices.shape=(48, 3), faces.shape=(28, 3))> using `load_obj` in 0.0007s
2024-12-11 16:03:46,972 INFO ==> EMD Loss: 18.463930
2024-12-11 16:03:46,972 INFO ==> Height map loss:  6.684684
2024-12-11 16:03:47,332 DEBUG loaded <trimesh.Trimesh(vertices.shape=(916, 3), faces.shape=(856, 3))> using `load_obj` in 0.0030s
2024-12-11 16:03:47,492 DEBUG loaded <trimesh.Trimesh(vertices.shape=(48, 3), faces.shape=(28, 3))> using `load_obj` in 0.0007s
2024-12-11 16:03:54,625 INFO ==> EMD Loss: 18.047920
2024-12-11 16:03:54,625 INFO ==> Height map loss:  6.244932
2024-12-11 16:03:55,063 DEBUG loaded <trimesh.Trimesh(vertices.shape=(916, 3), faces.shape=(856, 3))> using `load_obj` in 0.0039s
2024-12-11 16:03:55,260 DEBUG loaded <trimesh.Trimesh(vertices.shape=(48, 3), faces.shape=(28, 3))> using `load_obj` in 0.0009s
2024-12-11 16:04:02,317 INFO ==> EMD Loss: 16.843361
2024-12-11 16:04:02,318 INFO ==> Height map loss:  6.178185
2024-12-11 16:04:02,733 DEBUG loaded <trimesh.Trimesh(vertices.shape=(916, 3), faces.shape=(856, 3))> using `load_obj` in 0.0033s
2024-12-11 16:04:02,930 DEBUG loaded <trimesh.Trimesh(vertices.shape=(48, 3), faces.shape=(28, 3))> using `load_obj` in 0.0009s
2024-12-11 16:04:10,368 INFO ==> EMD Loss: 17.431437
2024-12-11 16:04:10,368 INFO ==> Height map loss:  6.252759
2024-12-11 16:04:10,858 DEBUG loaded <trimesh.Trimesh(vertices.shape=(916, 3), faces.shape=(856, 3))> using `load_obj` in 0.0040s
2024-12-11 16:04:11,059 DEBUG loaded <trimesh.Trimesh(vertices.shape=(48, 3), faces.shape=(28, 3))> using `load_obj` in 0.0008s
2024-12-11 16:04:30,296 INFO =====> Skill params: [ 0.8908394   0.16489828  0.9267769   0.8333204  -0.6134638 ]
2024-12-11 16:04:30,296 INFO =====> Grad: [-2.8485281e+02 -1.1305358e+03  8.1159642e-06 -2.5322954e+02
 -6.3987973e-06]
2024-12-11 16:04:30,296 INFO =====> Num. aborted data so far: 0
2024-12-11 16:04:30,297 INFO ===========> Epoch: 14 optimisation losses
2024-12-11 16:04:30,297 INFO =====> EMD Loss: 16.843739
2024-12-11 16:04:30,297 INFO =====> Height map loss: 6.177977
2024-12-11 16:04:30,681 DEBUG loaded <trimesh.Trimesh(vertices.shape=(916, 3), faces.shape=(856, 3))> using `load_obj` in 0.0030s
2024-12-11 16:04:30,835 DEBUG loaded <trimesh.Trimesh(vertices.shape=(48, 3), faces.shape=(28, 3))> using `load_obj` in 0.0007s
2024-12-11 16:04:37,752 INFO ==> EMD Loss: 16.826643
2024-12-11 16:04:37,752 INFO ==> Height map loss:  6.163296
2024-12-11 16:04:38,100 DEBUG loaded <trimesh.Trimesh(vertices.shape=(916, 3), faces.shape=(856, 3))> using `load_obj` in 0.0029s
2024-12-11 16:04:38,254 DEBUG loaded <trimesh.Trimesh(vertices.shape=(48, 3), faces.shape=(28, 3))> using `load_obj` in 0.0007s
2024-12-11 16:04:45,369 INFO ==> EMD Loss: 16.863388
2024-12-11 16:04:45,369 INFO ==> Height map loss:  6.040469
2024-12-11 16:04:45,726 DEBUG loaded <trimesh.Trimesh(vertices.shape=(916, 3), faces.shape=(856, 3))> using `load_obj` in 0.0028s
2024-12-11 16:04:45,878 DEBUG loaded <trimesh.Trimesh(vertices.shape=(48, 3), faces.shape=(28, 3))> using `load_obj` in 0.0007s
2024-12-11 16:04:52,999 INFO ==> EMD Loss: 16.838442
2024-12-11 16:04:52,999 INFO ==> Height map loss:  6.054571
2024-12-11 16:04:53,357 DEBUG loaded <trimesh.Trimesh(vertices.shape=(916, 3), faces.shape=(856, 3))> using `load_obj` in 0.0029s
2024-12-11 16:04:53,514 DEBUG loaded <trimesh.Trimesh(vertices.shape=(48, 3), faces.shape=(28, 3))> using `load_obj` in 0.0007s
2024-12-11 16:05:00,572 INFO ==> EMD Loss: 16.941027
2024-12-11 16:05:00,572 INFO ==> Height map loss:  6.003720
2024-12-11 16:05:00,939 DEBUG loaded <trimesh.Trimesh(vertices.shape=(916, 3), faces.shape=(856, 3))> using `load_obj` in 0.0028s
2024-12-11 16:05:01,092 DEBUG loaded <trimesh.Trimesh(vertices.shape=(48, 3), faces.shape=(28, 3))> using `load_obj` in 0.0007s
2024-12-11 16:05:08,254 INFO ==> EMD Loss: 17.108589
2024-12-11 16:05:08,254 INFO ==> Height map loss:  5.982134
2024-12-11 16:05:08,703 DEBUG loaded <trimesh.Trimesh(vertices.shape=(916, 3), faces.shape=(856, 3))> using `load_obj` in 0.0029s
2024-12-11 16:05:08,859 DEBUG loaded <trimesh.Trimesh(vertices.shape=(48, 3), faces.shape=(28, 3))> using `load_obj` in 0.0007s
2024-12-11 16:05:27,704 INFO =====> Skill params: [ 0.9103787  0.1825689  0.9170631  0.8778607 -0.6067362]
2024-12-11 16:05:27,704 INFO =====> Grad: [-9.8297528e+02  4.4801167e+03  8.4113726e-06 -5.6994373e+02
  4.6601279e-05]
2024-12-11 16:05:27,704 INFO =====> Num. aborted data so far: 0
2024-12-11 16:05:27,705 INFO ===========> Epoch: 15 optimisation losses
2024-12-11 16:05:27,705 INFO =====> EMD Loss: 17.108522
2024-12-11 16:05:27,705 INFO =====> Height map loss: 5.982289
2024-12-11 16:05:28,099 DEBUG loaded <trimesh.Trimesh(vertices.shape=(916, 3), faces.shape=(856, 3))> using `load_obj` in 0.0032s
2024-12-11 16:05:28,257 DEBUG loaded <trimesh.Trimesh(vertices.shape=(48, 3), faces.shape=(28, 3))> using `load_obj` in 0.0007s
2024-12-11 16:05:35,783 INFO ==> EMD Loss: 16.793087
2024-12-11 16:05:35,783 INFO ==> Height map loss:  5.974628
2024-12-11 16:05:36,134 DEBUG loaded <trimesh.Trimesh(vertices.shape=(916, 3), faces.shape=(856, 3))> using `load_obj` in 0.0029s
2024-12-11 16:05:36,288 DEBUG loaded <trimesh.Trimesh(vertices.shape=(48, 3), faces.shape=(28, 3))> using `load_obj` in 0.0007s
2024-12-11 16:05:43,193 INFO ==> EMD Loss: 16.717855
2024-12-11 16:05:43,193 INFO ==> Height map loss:  6.012150
2024-12-11 16:05:43,546 DEBUG loaded <trimesh.Trimesh(vertices.shape=(916, 3), faces.shape=(856, 3))> using `load_obj` in 0.0029s
2024-12-11 16:05:43,699 DEBUG loaded <trimesh.Trimesh(vertices.shape=(48, 3), faces.shape=(28, 3))> using `load_obj` in 0.0007s
2024-12-11 16:05:50,806 INFO ==> EMD Loss: 16.990028
2024-12-11 16:05:50,806 INFO ==> Height map loss:  6.285976
2024-12-11 16:05:51,165 DEBUG loaded <trimesh.Trimesh(vertices.shape=(916, 3), faces.shape=(856, 3))> using `load_obj` in 0.0030s
2024-12-11 16:05:51,327 DEBUG loaded <trimesh.Trimesh(vertices.shape=(48, 3), faces.shape=(28, 3))> using `load_obj` in 0.0007s
2024-12-11 16:05:58,639 INFO ==> EMD Loss: 16.780270
2024-12-11 16:05:58,639 INFO ==> Height map loss:  6.328979
2024-12-11 16:05:59,042 DEBUG loaded <trimesh.Trimesh(vertices.shape=(916, 3), faces.shape=(856, 3))> using `load_obj` in 0.0030s
2024-12-11 16:05:59,200 DEBUG loaded <trimesh.Trimesh(vertices.shape=(48, 3), faces.shape=(28, 3))> using `load_obj` in 0.0007s
2024-12-11 16:06:06,425 INFO ==> EMD Loss: 16.717867
2024-12-11 16:06:06,425 INFO ==> Height map loss:  6.212180
2024-12-11 16:06:06,786 DEBUG loaded <trimesh.Trimesh(vertices.shape=(916, 3), faces.shape=(856, 3))> using `load_obj` in 0.0030s
2024-12-11 16:06:06,943 DEBUG loaded <trimesh.Trimesh(vertices.shape=(48, 3), faces.shape=(28, 3))> using `load_obj` in 0.0007s
2024-12-11 16:06:25,761 INFO =====> Skill params: [ 0.91370654  0.17912933  0.91653335  0.8824766  -0.6092278 ]
2024-12-11 16:06:25,761 INFO =====> Grad: [ 7.3456091e+02 -3.2456096e+03 -2.5679275e-05  5.3840479e+02
 -2.1500948e-05]
2024-12-11 16:06:25,762 INFO =====> Num. aborted data so far: 0
2024-12-11 16:06:25,762 INFO ===========> Epoch: 16 optimisation losses
2024-12-11 16:06:25,762 INFO =====> EMD Loss: 16.790768
2024-12-11 16:06:25,762 INFO =====> Height map loss: 5.976273
2024-12-11 16:06:26,234 DEBUG loaded <trimesh.Trimesh(vertices.shape=(916, 3), faces.shape=(856, 3))> using `load_obj` in 0.0032s
2024-12-11 16:06:26,397 DEBUG loaded <trimesh.Trimesh(vertices.shape=(48, 3), faces.shape=(28, 3))> using `load_obj` in 0.0008s
2024-12-11 16:06:33,668 INFO ==> EMD Loss: 17.152367
2024-12-11 16:06:33,669 INFO ==> Height map loss:  5.981730
2024-12-11 16:06:34,110 DEBUG loaded <trimesh.Trimesh(vertices.shape=(916, 3), faces.shape=(856, 3))> using `load_obj` in 0.0039s
2024-12-11 16:06:34,315 DEBUG loaded <trimesh.Trimesh(vertices.shape=(48, 3), faces.shape=(28, 3))> using `load_obj` in 0.0009s
2024-12-11 16:06:41,402 INFO ==> EMD Loss: 17.364319
2024-12-11 16:06:41,402 INFO ==> Height map loss:  5.855715
2024-12-11 16:06:41,755 DEBUG loaded <trimesh.Trimesh(vertices.shape=(916, 3), faces.shape=(856, 3))> using `load_obj` in 0.0029s
2024-12-11 16:06:41,903 DEBUG loaded <trimesh.Trimesh(vertices.shape=(48, 3), faces.shape=(28, 3))> using `load_obj` in 0.0007s
2024-12-11 16:06:48,959 INFO ==> EMD Loss: 17.450010
2024-12-11 16:06:48,959 INFO ==> Height map loss:  5.941939
2024-12-11 16:06:49,330 DEBUG loaded <trimesh.Trimesh(vertices.shape=(916, 3), faces.shape=(856, 3))> using `load_obj` in 0.0029s
2024-12-11 16:06:49,484 DEBUG loaded <trimesh.Trimesh(vertices.shape=(48, 3), faces.shape=(28, 3))> using `load_obj` in 0.0007s
2024-12-11 16:06:56,743 INFO ==> EMD Loss: 19.252377
2024-12-11 16:06:56,743 INFO ==> Height map loss:  6.087043
2024-12-11 16:06:57,150 DEBUG loaded <trimesh.Trimesh(vertices.shape=(916, 3), faces.shape=(856, 3))> using `load_obj` in 0.0029s
2024-12-11 16:06:57,301 DEBUG loaded <trimesh.Trimesh(vertices.shape=(48, 3), faces.shape=(28, 3))> using `load_obj` in 0.0007s
2024-12-11 16:07:04,476 INFO ==> EMD Loss: 17.554619
2024-12-11 16:07:04,476 INFO ==> Height map loss:  6.388124
2024-12-11 16:07:04,842 DEBUG loaded <trimesh.Trimesh(vertices.shape=(916, 3), faces.shape=(856, 3))> using `load_obj` in 0.0029s
2024-12-11 16:07:04,996 DEBUG loaded <trimesh.Trimesh(vertices.shape=(48, 3), faces.shape=(28, 3))> using `load_obj` in 0.0007s
2024-12-11 16:07:23,647 INFO =====> Skill params: [ 0.90107304  0.19178604  0.9249229   0.86179453 -0.60321784]
2024-12-11 16:07:23,647 INFO =====> Grad: [ 1.1543364e+03 -5.0566011e+03 -2.7602323e-06  1.4629823e+02
 -7.5146099e-06]
2024-12-11 16:07:23,647 INFO =====> Num. aborted data so far: 0
2024-12-11 16:07:23,647 INFO ===========> Epoch: 17 optimisation losses
2024-12-11 16:07:23,647 INFO =====> EMD Loss: 17.364868
2024-12-11 16:07:23,647 INFO =====> Height map loss: 5.853926
2024-12-11 16:07:24,116 DEBUG loaded <trimesh.Trimesh(vertices.shape=(916, 3), faces.shape=(856, 3))> using `load_obj` in 0.0030s
2024-12-11 16:07:24,276 DEBUG loaded <trimesh.Trimesh(vertices.shape=(48, 3), faces.shape=(28, 3))> using `load_obj` in 0.0007s
2024-12-11 16:07:31,359 INFO ==> EMD Loss: 16.764519
2024-12-11 16:07:31,359 INFO ==> Height map loss:  6.016392
2024-12-11 16:07:31,732 DEBUG loaded <trimesh.Trimesh(vertices.shape=(916, 3), faces.shape=(856, 3))> using `load_obj` in 0.0030s
2024-12-11 16:07:31,897 DEBUG loaded <trimesh.Trimesh(vertices.shape=(48, 3), faces.shape=(28, 3))> using `load_obj` in 0.0007s
2024-12-11 16:07:38,944 INFO ==> EMD Loss: 16.711086
2024-12-11 16:07:38,944 INFO ==> Height map loss:  5.968983
2024-12-11 16:07:39,312 DEBUG loaded <trimesh.Trimesh(vertices.shape=(916, 3), faces.shape=(856, 3))> using `load_obj` in 0.0029s
2024-12-11 16:07:39,468 DEBUG loaded <trimesh.Trimesh(vertices.shape=(48, 3), faces.shape=(28, 3))> using `load_obj` in 0.0007s
2024-12-11 16:07:46,895 INFO ==> EMD Loss: 18.005224
2024-12-11 16:07:46,895 INFO ==> Height map loss:  5.880836
2024-12-11 16:07:47,325 DEBUG loaded <trimesh.Trimesh(vertices.shape=(916, 3), faces.shape=(856, 3))> using `load_obj` in 0.0029s
2024-12-11 16:07:47,488 DEBUG loaded <trimesh.Trimesh(vertices.shape=(48, 3), faces.shape=(28, 3))> using `load_obj` in 0.0007s
2024-12-11 16:07:54,424 INFO ==> EMD Loss: 17.554398
2024-12-11 16:07:54,424 INFO ==> Height map loss:  5.956426
2024-12-11 16:07:54,778 DEBUG loaded <trimesh.Trimesh(vertices.shape=(916, 3), faces.shape=(856, 3))> using `load_obj` in 0.0029s
2024-12-11 16:07:54,931 DEBUG loaded <trimesh.Trimesh(vertices.shape=(48, 3), faces.shape=(28, 3))> using `load_obj` in 0.0007s
2024-12-11 16:08:01,911 INFO ==> EMD Loss: 18.034185
2024-12-11 16:08:01,911 INFO ==> Height map loss:  6.399492
2024-12-11 16:08:02,332 DEBUG loaded <trimesh.Trimesh(vertices.shape=(916, 3), faces.shape=(856, 3))> using `load_obj` in 0.0030s
2024-12-11 16:08:02,515 DEBUG loaded <trimesh.Trimesh(vertices.shape=(48, 3), faces.shape=(28, 3))> using `load_obj` in 0.0009s
2024-12-11 16:08:21,220 INFO =====> Skill params: [ 0.8627801   0.22986194  0.9268236   0.8500382  -0.59879446]
2024-12-11 16:08:21,220 INFO =====> Grad: [-3.7485332e+00 -1.8145885e+03  3.1832512e-06  4.6889676e+02
  6.3801599e-05]
2024-12-11 16:08:21,220 INFO =====> Num. aborted data so far: 0
2024-12-11 16:08:21,221 INFO ===========> Epoch: 18 optimisation losses
2024-12-11 16:08:21,221 INFO =====> EMD Loss: 17.993763
2024-12-11 16:08:21,221 INFO =====> Height map loss: 5.880325
2024-12-11 16:08:21,611 DEBUG loaded <trimesh.Trimesh(vertices.shape=(916, 3), faces.shape=(856, 3))> using `load_obj` in 0.0030s
2024-12-11 16:08:21,766 DEBUG loaded <trimesh.Trimesh(vertices.shape=(48, 3), faces.shape=(28, 3))> using `load_obj` in 0.0007s
2024-12-11 16:08:28,841 INFO ==> EMD Loss: 17.105274
2024-12-11 16:08:28,841 INFO ==> Height map loss:  5.749034
2024-12-11 16:08:29,274 DEBUG loaded <trimesh.Trimesh(vertices.shape=(916, 3), faces.shape=(856, 3))> using `load_obj` in 0.0029s
2024-12-11 16:08:29,432 DEBUG loaded <trimesh.Trimesh(vertices.shape=(48, 3), faces.shape=(28, 3))> using `load_obj` in 0.0007s
2024-12-11 16:08:36,456 INFO ==> EMD Loss: 16.898932
2024-12-11 16:08:36,456 INFO ==> Height map loss:  6.121474
2024-12-11 16:08:36,820 DEBUG loaded <trimesh.Trimesh(vertices.shape=(916, 3), faces.shape=(856, 3))> using `load_obj` in 0.0028s
2024-12-11 16:08:36,971 DEBUG loaded <trimesh.Trimesh(vertices.shape=(48, 3), faces.shape=(28, 3))> using `load_obj` in 0.0007s
2024-12-11 16:08:44,373 INFO ==> EMD Loss: 16.950905
2024-12-11 16:08:44,373 INFO ==> Height map loss:  5.974008
2024-12-11 16:08:44,738 DEBUG loaded <trimesh.Trimesh(vertices.shape=(916, 3), faces.shape=(856, 3))> using `load_obj` in 0.0029s
2024-12-11 16:08:44,893 DEBUG loaded <trimesh.Trimesh(vertices.shape=(48, 3), faces.shape=(28, 3))> using `load_obj` in 0.0007s
2024-12-11 16:08:51,795 INFO ==> EMD Loss: 16.599861
2024-12-11 16:08:51,795 INFO ==> Height map loss:  5.998271
2024-12-11 16:08:52,167 DEBUG loaded <trimesh.Trimesh(vertices.shape=(916, 3), faces.shape=(856, 3))> using `load_obj` in 0.0030s
2024-12-11 16:08:52,329 DEBUG loaded <trimesh.Trimesh(vertices.shape=(48, 3), faces.shape=(28, 3))> using `load_obj` in 0.0008s
2024-12-11 16:08:59,381 INFO ==> EMD Loss: 16.993000
2024-12-11 16:08:59,381 INFO ==> Height map loss:  5.922102
2024-12-11 16:08:59,752 DEBUG loaded <trimesh.Trimesh(vertices.shape=(916, 3), faces.shape=(856, 3))> using `load_obj` in 0.0040s
2024-12-11 16:08:59,954 DEBUG loaded <trimesh.Trimesh(vertices.shape=(48, 3), faces.shape=(28, 3))> using `load_obj` in 0.0008s
2024-12-11 16:09:18,574 INFO =====> Skill params: [ 0.8627932   0.23128591  0.92659265  0.84637445 -0.6024478 ]
2024-12-11 16:09:18,575 INFO =====> Grad: [ 8.1768896e+02 -3.7974187e+03  9.6028971e-06 -1.5796996e+02
  2.7896956e-05]
2024-12-11 16:09:18,575 INFO =====> Num. aborted data so far: 0
2024-12-11 16:09:18,575 INFO ===========> Epoch: 19 optimisation losses
2024-12-11 16:09:18,575 INFO =====> EMD Loss: 17.105633
2024-12-11 16:09:18,575 INFO =====> Height map loss: 5.749044
2024-12-11 16:09:18,965 DEBUG loaded <trimesh.Trimesh(vertices.shape=(916, 3), faces.shape=(856, 3))> using `load_obj` in 0.0030s
2024-12-11 16:09:19,118 DEBUG loaded <trimesh.Trimesh(vertices.shape=(48, 3), faces.shape=(28, 3))> using `load_obj` in 0.0007s
2024-12-11 16:09:26,667 INFO ==> EMD Loss: 16.980030
2024-12-11 16:09:26,667 INFO ==> Height map loss:  5.752041
2024-12-11 16:09:27,033 DEBUG loaded <trimesh.Trimesh(vertices.shape=(916, 3), faces.shape=(856, 3))> using `load_obj` in 0.0029s
2024-12-11 16:09:27,186 DEBUG loaded <trimesh.Trimesh(vertices.shape=(48, 3), faces.shape=(28, 3))> using `load_obj` in 0.0007s
2024-12-11 16:09:34,236 INFO ==> EMD Loss: 17.406000
2024-12-11 16:09:34,237 INFO ==> Height map loss:  5.866854
2024-12-11 16:09:34,601 DEBUG loaded <trimesh.Trimesh(vertices.shape=(916, 3), faces.shape=(856, 3))> using `load_obj` in 0.0030s
2024-12-11 16:09:34,762 DEBUG loaded <trimesh.Trimesh(vertices.shape=(48, 3), faces.shape=(28, 3))> using `load_obj` in 0.0007s
2024-12-11 16:09:41,951 INFO ==> EMD Loss: 18.001116
2024-12-11 16:09:41,951 INFO ==> Height map loss:  5.782707
2024-12-11 16:09:42,314 DEBUG loaded <trimesh.Trimesh(vertices.shape=(916, 3), faces.shape=(856, 3))> using `load_obj` in 0.0028s
2024-12-11 16:09:42,473 DEBUG loaded <trimesh.Trimesh(vertices.shape=(48, 3), faces.shape=(28, 3))> using `load_obj` in 0.0007s
2024-12-11 16:09:49,463 INFO ==> EMD Loss: 16.861338
2024-12-11 16:09:49,464 INFO ==> Height map loss:  5.729283
2024-12-11 16:09:49,818 DEBUG loaded <trimesh.Trimesh(vertices.shape=(916, 3), faces.shape=(856, 3))> using `load_obj` in 0.0029s
2024-12-11 16:09:49,974 DEBUG loaded <trimesh.Trimesh(vertices.shape=(48, 3), faces.shape=(28, 3))> using `load_obj` in 0.0007s
2024-12-11 16:09:56,901 INFO ==> EMD Loss: 17.156702
2024-12-11 16:09:56,901 INFO ==> Height map loss:  5.927969
2024-12-11 16:09:57,435 DEBUG loaded <trimesh.Trimesh(vertices.shape=(916, 3), faces.shape=(856, 3))> using `load_obj` in 0.0045s
2024-12-11 16:09:57,686 DEBUG loaded <trimesh.Trimesh(vertices.shape=(48, 3), faces.shape=(28, 3))> using `load_obj` in 0.0010s
2024-12-11 16:10:05,684 INFO ===========> Finished training.
2024-12-11 16:10:05,684 INFO ====> Final EMD Loss: 16.857292
2024-12-11 16:10:05,684 INFO ====> Final Height map loss: 5.728741
2024-12-11 16:10:05,684 INFO ====> Final skill params: [ 0.81970656  0.27601513  0.91560805  0.86570925 -0.6273159 ]
