2024-12-03 15:24:43,697 DEBUG loaded <trimesh.Trimesh(vertices.shape=(916, 3), faces.shape=(856, 3))> using `load_obj` in 0.0029s
2024-12-03 15:24:43,848 DEBUG loaded <trimesh.Trimesh(vertices.shape=(48, 3), faces.shape=(28, 3))> using `load_obj` in 0.0007s
2024-12-03 15:25:04,518 INFO =====> Skill params: [ 1.    0.45  0.8   0.   -0.1 ]
2024-12-03 15:25:04,518 INFO =====> Grad: [ 2.4347346e+03 -7.4737103e+02  8.0266982e-06  1.2985253e+03
  6.1100771e-05]
2024-12-03 15:25:04,518 INFO =====> Num. aborted data so far: 0
2024-12-03 15:25:04,527 INFO ===========> Epoch: 0 optimisation losses
2024-12-03 15:25:04,527 INFO =====> EMD Loss: 18.993406
2024-12-03 15:25:04,527 INFO =====> Height map loss: 11.330625
2024-12-03 15:25:04,527 INFO =====> Insertion loss: 0.000000
2024-12-03 15:25:04,955 DEBUG loaded <trimesh.Trimesh(vertices.shape=(916, 3), faces.shape=(856, 3))> using `load_obj` in 0.0029s
2024-12-03 15:25:05,103 DEBUG loaded <trimesh.Trimesh(vertices.shape=(48, 3), faces.shape=(28, 3))> using `load_obj` in 0.0007s
2024-12-03 15:25:12,940 INFO ==> EMD Loss: 18.684612
2024-12-03 15:25:12,940 INFO ==> Height map loss:  11.099919
2024-12-03 15:25:12,940 INFO ==> Insertion loss: 0.000000
2024-12-03 15:25:13,320 DEBUG loaded <trimesh.Trimesh(vertices.shape=(916, 3), faces.shape=(856, 3))> using `load_obj` in 0.0029s
2024-12-03 15:25:13,476 DEBUG loaded <trimesh.Trimesh(vertices.shape=(48, 3), faces.shape=(28, 3))> using `load_obj` in 0.0007s
2024-12-03 15:25:21,519 INFO ==> EMD Loss: 18.015059
2024-12-03 15:25:21,519 INFO ==> Height map loss:  10.342992
2024-12-03 15:25:21,519 INFO ==> Insertion loss: 0.000000
2024-12-03 15:25:21,896 DEBUG loaded <trimesh.Trimesh(vertices.shape=(916, 3), faces.shape=(856, 3))> using `load_obj` in 0.0029s
2024-12-03 15:25:22,050 DEBUG loaded <trimesh.Trimesh(vertices.shape=(48, 3), faces.shape=(28, 3))> using `load_obj` in 0.0007s
2024-12-03 15:25:30,241 INFO ==> EMD Loss: 17.209593
2024-12-03 15:25:30,241 INFO ==> Height map loss:  9.317983
2024-12-03 15:25:30,241 INFO ==> Insertion loss: 0.000000
2024-12-03 15:25:30,615 DEBUG loaded <trimesh.Trimesh(vertices.shape=(916, 3), faces.shape=(856, 3))> using `load_obj` in 0.0029s
2024-12-03 15:25:30,768 DEBUG loaded <trimesh.Trimesh(vertices.shape=(48, 3), faces.shape=(28, 3))> using `load_obj` in 0.0007s
2024-12-03 15:25:39,147 INFO ==> EMD Loss: 16.872597
2024-12-03 15:25:39,147 INFO ==> Height map loss:  9.041682
2024-12-03 15:25:39,147 INFO ==> Insertion loss: 0.000000
2024-12-03 15:25:39,524 DEBUG loaded <trimesh.Trimesh(vertices.shape=(916, 3), faces.shape=(856, 3))> using `load_obj` in 0.0029s
2024-12-03 15:25:39,673 DEBUG loaded <trimesh.Trimesh(vertices.shape=(48, 3), faces.shape=(28, 3))> using `load_obj` in 0.0007s
2024-12-03 15:25:48,366 INFO ==> EMD Loss: 17.378838
2024-12-03 15:25:48,366 INFO ==> Height map loss:  10.078436
2024-12-03 15:25:48,366 INFO ==> Insertion loss: 0.000000
2024-12-03 15:25:48,751 DEBUG loaded <trimesh.Trimesh(vertices.shape=(916, 3), faces.shape=(856, 3))> using `load_obj` in 0.0030s
2024-12-03 15:25:48,906 DEBUG loaded <trimesh.Trimesh(vertices.shape=(48, 3), faces.shape=(28, 3))> using `load_obj` in 0.0007s
2024-12-03 15:26:12,207 INFO =====> Skill params: [ 0.8576975   0.5923025   0.7961944  -0.1423025  -0.12839667]
2024-12-03 15:26:12,207 INFO =====> Grad: [-2.5985520e+03  1.6283325e+03 -1.5723181e-05  5.5212146e+02
 -1.5168043e-05]
2024-12-03 15:26:12,207 INFO =====> Num. aborted data so far: 0
2024-12-03 15:26:12,215 INFO ===========> Epoch: 1 optimisation losses
2024-12-03 15:26:12,215 INFO =====> EMD Loss: 16.873198
2024-12-03 15:26:12,215 INFO =====> Height map loss: 9.042482
2024-12-03 15:26:12,215 INFO =====> Insertion loss: 0.000000
2024-12-03 15:26:12,619 DEBUG loaded <trimesh.Trimesh(vertices.shape=(916, 3), faces.shape=(856, 3))> using `load_obj` in 0.0030s
2024-12-03 15:26:12,769 DEBUG loaded <trimesh.Trimesh(vertices.shape=(48, 3), faces.shape=(28, 3))> using `load_obj` in 0.0007s
2024-12-03 15:26:21,176 INFO ==> EMD Loss: 16.833626
2024-12-03 15:26:21,176 INFO ==> Height map loss:  9.062345
2024-12-03 15:26:21,176 INFO ==> Insertion loss: 0.000000
2024-12-03 15:26:21,559 DEBUG loaded <trimesh.Trimesh(vertices.shape=(916, 3), faces.shape=(856, 3))> using `load_obj` in 0.0030s
2024-12-03 15:26:21,709 DEBUG loaded <trimesh.Trimesh(vertices.shape=(48, 3), faces.shape=(28, 3))> using `load_obj` in 0.0007s
2024-12-03 15:26:29,912 INFO ==> EMD Loss: 16.935413
2024-12-03 15:26:29,912 INFO ==> Height map loss:  9.480884
2024-12-03 15:26:29,912 INFO ==> Insertion loss: 0.000000
2024-12-03 15:26:30,289 DEBUG loaded <trimesh.Trimesh(vertices.shape=(916, 3), faces.shape=(856, 3))> using `load_obj` in 0.0029s
2024-12-03 15:26:30,446 DEBUG loaded <trimesh.Trimesh(vertices.shape=(48, 3), faces.shape=(28, 3))> using `load_obj` in 0.0007s
2024-12-03 15:26:38,572 INFO ==> EMD Loss: 17.931025
2024-12-03 15:26:38,572 INFO ==> Height map loss:  10.590303
2024-12-03 15:26:38,572 INFO ==> Insertion loss: 0.000000
2024-12-03 15:26:38,949 DEBUG loaded <trimesh.Trimesh(vertices.shape=(916, 3), faces.shape=(856, 3))> using `load_obj` in 0.0029s
2024-12-03 15:26:39,102 DEBUG loaded <trimesh.Trimesh(vertices.shape=(48, 3), faces.shape=(28, 3))> using `load_obj` in 0.0007s
2024-12-03 15:26:46,951 INFO ==> EMD Loss: 19.045862
2024-12-03 15:26:46,951 INFO ==> Height map loss:  11.640598
2024-12-03 15:26:46,951 INFO ==> Insertion loss: 0.000000
2024-12-03 15:26:47,334 DEBUG loaded <trimesh.Trimesh(vertices.shape=(916, 3), faces.shape=(856, 3))> using `load_obj` in 0.0030s
2024-12-03 15:26:47,490 DEBUG loaded <trimesh.Trimesh(vertices.shape=(48, 3), faces.shape=(28, 3))> using `load_obj` in 0.0007s
2024-12-03 15:26:55,218 INFO ==> EMD Loss: 19.579384
2024-12-03 15:26:55,218 INFO ==> Height map loss:  12.441731
2024-12-03 15:26:55,218 INFO ==> Insertion loss: 0.000000
2024-12-03 15:26:55,596 DEBUG loaded <trimesh.Trimesh(vertices.shape=(916, 3), faces.shape=(856, 3))> using `load_obj` in 0.0028s
2024-12-03 15:26:55,752 DEBUG loaded <trimesh.Trimesh(vertices.shape=(48, 3), faces.shape=(28, 3))> using `load_obj` in 0.0007s
2024-12-03 15:27:18,594 INFO =====> Skill params: [ 0.86478806  0.58360445  0.79671746 -0.14618254 -0.12790197]
2024-12-03 15:27:18,594 INFO =====> Grad: [-2.6279172e+03  1.0728661e+03  3.5165089e-05  2.7323074e+02
  6.8328147e-05]
2024-12-03 15:27:18,594 INFO =====> Num. aborted data so far: 0
2024-12-03 15:27:18,602 INFO ===========> Epoch: 2 optimisation losses
2024-12-03 15:27:18,602 INFO =====> EMD Loss: 16.833452
2024-12-03 15:27:18,602 INFO =====> Height map loss: 9.062108
2024-12-03 15:27:18,602 INFO =====> Insertion loss: 0.000000
2024-12-03 15:27:19,007 DEBUG loaded <trimesh.Trimesh(vertices.shape=(916, 3), faces.shape=(856, 3))> using `load_obj` in 0.0030s
2024-12-03 15:27:19,159 DEBUG loaded <trimesh.Trimesh(vertices.shape=(48, 3), faces.shape=(28, 3))> using `load_obj` in 0.0007s
2024-12-03 15:27:27,478 INFO ==> EMD Loss: 16.721849
2024-12-03 15:27:27,478 INFO ==> Height map loss:  9.160179
2024-12-03 15:27:27,478 INFO ==> Insertion loss: 0.000000
2024-12-03 15:27:27,856 DEBUG loaded <trimesh.Trimesh(vertices.shape=(916, 3), faces.shape=(856, 3))> using `load_obj` in 0.0030s
2024-12-03 15:27:28,009 DEBUG loaded <trimesh.Trimesh(vertices.shape=(48, 3), faces.shape=(28, 3))> using `load_obj` in 0.0007s
2024-12-03 15:27:36,261 INFO ==> EMD Loss: 17.020285
2024-12-03 15:27:36,261 INFO ==> Height map loss:  9.364971
2024-12-03 15:27:36,261 INFO ==> Insertion loss: 0.000000
2024-12-03 15:27:36,638 DEBUG loaded <trimesh.Trimesh(vertices.shape=(916, 3), faces.shape=(856, 3))> using `load_obj` in 0.0030s
2024-12-03 15:27:36,790 DEBUG loaded <trimesh.Trimesh(vertices.shape=(48, 3), faces.shape=(28, 3))> using `load_obj` in 0.0007s
2024-12-03 15:27:44,900 INFO ==> EMD Loss: 17.383532
2024-12-03 15:27:44,900 INFO ==> Height map loss:  10.225717
2024-12-03 15:27:44,900 INFO ==> Insertion loss: 0.000000
2024-12-03 15:27:45,275 DEBUG loaded <trimesh.Trimesh(vertices.shape=(916, 3), faces.shape=(856, 3))> using `load_obj` in 0.0029s
2024-12-03 15:27:45,430 DEBUG loaded <trimesh.Trimesh(vertices.shape=(48, 3), faces.shape=(28, 3))> using `load_obj` in 0.0007s
2024-12-03 15:27:53,372 INFO ==> EMD Loss: 18.361588
2024-12-03 15:27:53,372 INFO ==> Height map loss:  11.023575
2024-12-03 15:27:53,372 INFO ==> Insertion loss: 0.000000
2024-12-03 15:27:53,748 DEBUG loaded <trimesh.Trimesh(vertices.shape=(916, 3), faces.shape=(856, 3))> using `load_obj` in 0.0029s
2024-12-03 15:27:53,900 DEBUG loaded <trimesh.Trimesh(vertices.shape=(48, 3), faces.shape=(28, 3))> using `load_obj` in 0.0007s
2024-12-03 15:28:01,804 INFO ==> EMD Loss: 18.453323
2024-12-03 15:28:01,804 INFO ==> Height map loss:  11.408930
2024-12-03 15:28:01,804 INFO ==> Insertion loss: 0.000000
2024-12-03 15:28:02,180 DEBUG loaded <trimesh.Trimesh(vertices.shape=(916, 3), faces.shape=(856, 3))> using `load_obj` in 0.0030s
2024-12-03 15:28:02,338 DEBUG loaded <trimesh.Trimesh(vertices.shape=(48, 3), faces.shape=(28, 3))> using `load_obj` in 0.0007s
2024-12-03 15:28:25,730 INFO =====> Skill params: [ 0.8706997   0.5785089   0.7954946  -0.14816198 -0.13018215]
2024-12-03 15:28:25,730 INFO =====> Grad: [ 1.0921133e+03 -1.3667482e+03  3.1472846e-06 -2.9882224e+02
  4.0974275e-05]
2024-12-03 15:28:25,730 INFO =====> Num. aborted data so far: 0
2024-12-03 15:28:25,739 INFO ===========> Epoch: 3 optimisation losses
2024-12-03 15:28:25,739 INFO =====> EMD Loss: 16.723019
2024-12-03 15:28:25,739 INFO =====> Height map loss: 9.145562
2024-12-03 15:28:25,739 INFO =====> Insertion loss: 0.000000
2024-12-03 15:28:26,146 DEBUG loaded <trimesh.Trimesh(vertices.shape=(916, 3), faces.shape=(856, 3))> using `load_obj` in 0.0029s
2024-12-03 15:28:26,299 DEBUG loaded <trimesh.Trimesh(vertices.shape=(48, 3), faces.shape=(28, 3))> using `load_obj` in 0.0007s
2024-12-03 15:28:34,685 INFO ==> EMD Loss: 16.720114
2024-12-03 15:28:34,685 INFO ==> Height map loss:  9.063333
2024-12-03 15:28:34,685 INFO ==> Insertion loss: 0.000000
2024-12-03 15:28:35,066 DEBUG loaded <trimesh.Trimesh(vertices.shape=(916, 3), faces.shape=(856, 3))> using `load_obj` in 0.0029s
2024-12-03 15:28:35,220 DEBUG loaded <trimesh.Trimesh(vertices.shape=(48, 3), faces.shape=(28, 3))> using `load_obj` in 0.0007s
2024-12-03 15:28:43,623 INFO ==> EMD Loss: 16.935638
2024-12-03 15:28:43,623 INFO ==> Height map loss:  9.193832
2024-12-03 15:28:43,623 INFO ==> Insertion loss: 0.000000
2024-12-03 15:28:44,004 DEBUG loaded <trimesh.Trimesh(vertices.shape=(916, 3), faces.shape=(856, 3))> using `load_obj` in 0.0030s
2024-12-03 15:28:44,152 DEBUG loaded <trimesh.Trimesh(vertices.shape=(48, 3), faces.shape=(28, 3))> using `load_obj` in 0.0007s
2024-12-03 15:28:52,766 INFO ==> EMD Loss: 17.115070
2024-12-03 15:28:52,766 INFO ==> Height map loss:  9.466056
2024-12-03 15:28:52,766 INFO ==> Insertion loss: 0.000000
2024-12-03 15:28:53,147 DEBUG loaded <trimesh.Trimesh(vertices.shape=(916, 3), faces.shape=(856, 3))> using `load_obj` in 0.0029s
2024-12-03 15:28:53,298 DEBUG loaded <trimesh.Trimesh(vertices.shape=(48, 3), faces.shape=(28, 3))> using `load_obj` in 0.0008s
2024-12-03 15:29:02,003 INFO ==> EMD Loss: 17.456865
2024-12-03 15:29:02,003 INFO ==> Height map loss:  10.049291
2024-12-03 15:29:02,003 INFO ==> Insertion loss: 0.000000
2024-12-03 15:29:02,381 DEBUG loaded <trimesh.Trimesh(vertices.shape=(916, 3), faces.shape=(856, 3))> using `load_obj` in 0.0029s
2024-12-03 15:29:02,530 DEBUG loaded <trimesh.Trimesh(vertices.shape=(48, 3), faces.shape=(28, 3))> using `load_obj` in 0.0007s
2024-12-03 15:29:11,330 INFO ==> EMD Loss: 17.574062
2024-12-03 15:29:11,330 INFO ==> Height map loss:  10.516647
2024-12-03 15:29:11,330 INFO ==> Insertion loss: 0.000000
2024-12-03 15:29:11,703 DEBUG loaded <trimesh.Trimesh(vertices.shape=(916, 3), faces.shape=(856, 3))> using `load_obj` in 0.0029s
2024-12-03 15:29:11,852 DEBUG loaded <trimesh.Trimesh(vertices.shape=(48, 3), faces.shape=(28, 3))> using `load_obj` in 0.0007s
2024-12-03 15:29:35,084 INFO =====> Skill params: [ 0.86820143  0.5840585   0.7953793  -0.14594331 -0.1316071 ]
2024-12-03 15:29:35,084 INFO =====> Grad: [ 4.5130655e+02 -9.9545569e+02 -6.5703913e-05 -1.2565636e+03
  1.1692016e-04]
2024-12-03 15:29:35,084 INFO =====> Num. aborted data so far: 0
2024-12-03 15:29:35,092 INFO ===========> Epoch: 4 optimisation losses
2024-12-03 15:29:35,092 INFO =====> EMD Loss: 16.721472
2024-12-03 15:29:35,092 INFO =====> Height map loss: 9.063578
2024-12-03 15:29:35,093 INFO =====> Insertion loss: 0.000000
2024-12-03 15:29:35,496 DEBUG loaded <trimesh.Trimesh(vertices.shape=(916, 3), faces.shape=(856, 3))> using `load_obj` in 0.0029s
2024-12-03 15:29:35,651 DEBUG loaded <trimesh.Trimesh(vertices.shape=(48, 3), faces.shape=(28, 3))> using `load_obj` in 0.0007s
2024-12-03 15:29:44,010 INFO ==> EMD Loss: 16.792484
2024-12-03 15:29:44,010 INFO ==> Height map loss:  9.117582
2024-12-03 15:29:44,010 INFO ==> Insertion loss: 0.000000
2024-12-03 15:29:44,388 DEBUG loaded <trimesh.Trimesh(vertices.shape=(916, 3), faces.shape=(856, 3))> using `load_obj` in 0.0029s
2024-12-03 15:29:44,541 DEBUG loaded <trimesh.Trimesh(vertices.shape=(48, 3), faces.shape=(28, 3))> using `load_obj` in 0.0007s
2024-12-03 15:29:53,004 INFO ==> EMD Loss: 16.814678
2024-12-03 15:29:53,004 INFO ==> Height map loss:  8.860312
2024-12-03 15:29:53,004 INFO ==> Insertion loss: 0.000000
2024-12-03 15:29:53,383 DEBUG loaded <trimesh.Trimesh(vertices.shape=(916, 3), faces.shape=(856, 3))> using `load_obj` in 0.0029s
2024-12-03 15:29:53,537 DEBUG loaded <trimesh.Trimesh(vertices.shape=(48, 3), faces.shape=(28, 3))> using `load_obj` in 0.0007s
2024-12-03 15:30:02,153 INFO ==> EMD Loss: 16.898046
2024-12-03 15:30:02,153 INFO ==> Height map loss:  8.843298
2024-12-03 15:30:02,153 INFO ==> Insertion loss: 0.000000
2024-12-03 15:30:02,533 DEBUG loaded <trimesh.Trimesh(vertices.shape=(916, 3), faces.shape=(856, 3))> using `load_obj` in 0.0029s
2024-12-03 15:30:02,684 DEBUG loaded <trimesh.Trimesh(vertices.shape=(48, 3), faces.shape=(28, 3))> using `load_obj` in 0.0007s
2024-12-03 15:30:11,329 INFO ==> EMD Loss: 16.867094
2024-12-03 15:30:11,329 INFO ==> Height map loss:  8.874729
2024-12-03 15:30:11,329 INFO ==> Insertion loss: 0.000000
2024-12-03 15:30:11,710 DEBUG loaded <trimesh.Trimesh(vertices.shape=(916, 3), faces.shape=(856, 3))> using `load_obj` in 0.0029s
2024-12-03 15:30:11,860 DEBUG loaded <trimesh.Trimesh(vertices.shape=(48, 3), faces.shape=(28, 3))> using `load_obj` in 0.0007s
2024-12-03 15:30:20,655 INFO ==> EMD Loss: 17.127605
2024-12-03 15:30:20,655 INFO ==> Height map loss:  9.305425
2024-12-03 15:30:20,655 INFO ==> Insertion loss: 0.000000
2024-12-03 15:30:21,112 DEBUG loaded <trimesh.Trimesh(vertices.shape=(916, 3), faces.shape=(856, 3))> using `load_obj` in 0.0029s
2024-12-03 15:30:21,260 DEBUG loaded <trimesh.Trimesh(vertices.shape=(48, 3), faces.shape=(28, 3))> using `load_obj` in 0.0007s
2024-12-03 15:30:44,693 INFO =====> Skill params: [ 0.85739005  0.622925    0.8199007  -0.07766604 -0.17066567]
2024-12-03 15:30:44,694 INFO =====> Grad: [ 2.6761592e+03 -1.6902506e+03  2.1092660e-06  7.9200562e+02
  5.2781612e-05]
2024-12-03 15:30:44,694 INFO =====> Num. aborted data so far: 0
2024-12-03 15:30:44,702 INFO ===========> Epoch: 5 optimisation losses
2024-12-03 15:30:44,702 INFO =====> EMD Loss: 16.898041
2024-12-03 15:30:44,702 INFO =====> Height map loss: 8.839694
2024-12-03 15:30:44,702 INFO =====> Insertion loss: 0.000000
2024-12-03 15:30:45,156 DEBUG loaded <trimesh.Trimesh(vertices.shape=(916, 3), faces.shape=(856, 3))> using `load_obj` in 0.0029s
2024-12-03 15:30:45,306 DEBUG loaded <trimesh.Trimesh(vertices.shape=(48, 3), faces.shape=(28, 3))> using `load_obj` in 0.0007s
2024-12-03 15:30:53,858 INFO ==> EMD Loss: 16.912132
2024-12-03 15:30:53,858 INFO ==> Height map loss:  8.961811
2024-12-03 15:30:53,858 INFO ==> Insertion loss: 0.000000
2024-12-03 15:30:54,233 DEBUG loaded <trimesh.Trimesh(vertices.shape=(916, 3), faces.shape=(856, 3))> using `load_obj` in 0.0029s
2024-12-03 15:30:54,384 DEBUG loaded <trimesh.Trimesh(vertices.shape=(48, 3), faces.shape=(28, 3))> using `load_obj` in 0.0007s
2024-12-03 15:31:03,138 INFO ==> EMD Loss: 17.293465
2024-12-03 15:31:03,138 INFO ==> Height map loss:  9.663936
2024-12-03 15:31:03,138 INFO ==> Insertion loss: 0.000000
2024-12-03 15:31:03,512 DEBUG loaded <trimesh.Trimesh(vertices.shape=(916, 3), faces.shape=(856, 3))> using `load_obj` in 0.0029s
2024-12-03 15:31:03,663 DEBUG loaded <trimesh.Trimesh(vertices.shape=(48, 3), faces.shape=(28, 3))> using `load_obj` in 0.0007s
2024-12-03 15:31:12,498 INFO ==> EMD Loss: 17.612589
2024-12-03 15:31:12,498 INFO ==> Height map loss:  10.270018
2024-12-03 15:31:12,499 INFO ==> Insertion loss: 0.000000
2024-12-03 15:31:12,878 DEBUG loaded <trimesh.Trimesh(vertices.shape=(916, 3), faces.shape=(856, 3))> using `load_obj` in 0.0029s
2024-12-03 15:31:13,028 DEBUG loaded <trimesh.Trimesh(vertices.shape=(48, 3), faces.shape=(28, 3))> using `load_obj` in 0.0007s
2024-12-03 15:31:21,979 INFO ==> EMD Loss: 17.609377
2024-12-03 15:31:21,979 INFO ==> Height map loss:  10.808657
2024-12-03 15:31:21,979 INFO ==> Insertion loss: 0.000000
2024-12-03 15:31:22,363 DEBUG loaded <trimesh.Trimesh(vertices.shape=(916, 3), faces.shape=(856, 3))> using `load_obj` in 0.0030s
2024-12-03 15:31:22,512 DEBUG loaded <trimesh.Trimesh(vertices.shape=(48, 3), faces.shape=(28, 3))> using `load_obj` in 0.0007s
2024-12-03 15:31:31,553 INFO ==> EMD Loss: 18.033958
2024-12-03 15:31:31,553 INFO ==> Height map loss:  11.340210
2024-12-03 15:31:31,553 INFO ==> Insertion loss: 0.000000
2024-12-03 15:31:31,993 DEBUG loaded <trimesh.Trimesh(vertices.shape=(916, 3), faces.shape=(856, 3))> using `load_obj` in 0.0030s
2024-12-03 15:31:32,146 DEBUG loaded <trimesh.Trimesh(vertices.shape=(48, 3), faces.shape=(28, 3))> using `load_obj` in 0.0007s
2024-12-03 15:31:55,812 INFO =====> Skill params: [ 0.851886    0.6285348   0.8198177  -0.08175851 -0.17248958]
2024-12-03 15:31:55,812 INFO =====> Grad: [ 2.6581045e+03 -1.7879868e+03 -4.4832850e-06 -9.3864038e+02
  2.0785526e-06]
2024-12-03 15:31:55,812 INFO =====> Num. aborted data so far: 0
2024-12-03 15:31:55,821 INFO ===========> Epoch: 6 optimisation losses
2024-12-03 15:31:55,821 INFO =====> EMD Loss: 16.912327
2024-12-03 15:31:55,821 INFO =====> Height map loss: 8.963171
2024-12-03 15:31:55,821 INFO =====> Insertion loss: 0.000000
2024-12-03 15:31:56,234 DEBUG loaded <trimesh.Trimesh(vertices.shape=(916, 3), faces.shape=(856, 3))> using `load_obj` in 0.0030s
2024-12-03 15:31:56,386 DEBUG loaded <trimesh.Trimesh(vertices.shape=(48, 3), faces.shape=(28, 3))> using `load_obj` in 0.0007s
2024-12-03 15:32:05,093 INFO ==> EMD Loss: 16.896950
2024-12-03 15:32:05,093 INFO ==> Height map loss:  8.999914
2024-12-03 15:32:05,093 INFO ==> Insertion loss: 0.000000
2024-12-03 15:32:05,477 DEBUG loaded <trimesh.Trimesh(vertices.shape=(916, 3), faces.shape=(856, 3))> using `load_obj` in 0.0030s
2024-12-03 15:32:05,627 DEBUG loaded <trimesh.Trimesh(vertices.shape=(48, 3), faces.shape=(28, 3))> using `load_obj` in 0.0007s
2024-12-03 15:32:14,322 INFO ==> EMD Loss: 17.311270
2024-12-03 15:32:14,322 INFO ==> Height map loss:  9.634104
2024-12-03 15:32:14,323 INFO ==> Insertion loss: 0.000000
2024-12-03 15:32:14,703 DEBUG loaded <trimesh.Trimesh(vertices.shape=(916, 3), faces.shape=(856, 3))> using `load_obj` in 0.0030s
2024-12-03 15:32:14,852 DEBUG loaded <trimesh.Trimesh(vertices.shape=(48, 3), faces.shape=(28, 3))> using `load_obj` in 0.0007s
2024-12-03 15:32:23,632 INFO ==> EMD Loss: 17.673891
2024-12-03 15:32:23,632 INFO ==> Height map loss:  10.044319
2024-12-03 15:32:23,632 INFO ==> Insertion loss: 0.000000
2024-12-03 15:32:24,011 DEBUG loaded <trimesh.Trimesh(vertices.shape=(916, 3), faces.shape=(856, 3))> using `load_obj` in 0.0029s
2024-12-03 15:32:24,159 DEBUG loaded <trimesh.Trimesh(vertices.shape=(48, 3), faces.shape=(28, 3))> using `load_obj` in 0.0007s
2024-12-03 15:32:33,160 INFO ==> EMD Loss: 17.739779
2024-12-03 15:32:33,161 INFO ==> Height map loss:  10.528114
2024-12-03 15:32:33,161 INFO ==> Insertion loss: 0.000000
2024-12-03 15:32:33,543 DEBUG loaded <trimesh.Trimesh(vertices.shape=(916, 3), faces.shape=(856, 3))> using `load_obj` in 0.0030s
2024-12-03 15:32:33,696 DEBUG loaded <trimesh.Trimesh(vertices.shape=(48, 3), faces.shape=(28, 3))> using `load_obj` in 0.0007s
2024-12-03 15:32:42,756 INFO ==> EMD Loss: 17.969004
2024-12-03 15:32:42,756 INFO ==> Height map loss:  10.992030
2024-12-03 15:32:42,756 INFO ==> Insertion loss: 0.000000
2024-12-03 15:32:43,137 DEBUG loaded <trimesh.Trimesh(vertices.shape=(916, 3), faces.shape=(856, 3))> using `load_obj` in 0.0029s
2024-12-03 15:32:43,284 DEBUG loaded <trimesh.Trimesh(vertices.shape=(48, 3), faces.shape=(28, 3))> using `load_obj` in 0.0007s
2024-12-03 15:33:07,005 INFO =====> Skill params: [ 0.8469608   0.633757    0.82000357 -0.07725792 -0.1725653 ]
2024-12-03 15:33:07,006 INFO =====> Grad: [-8.4039709e+02 -8.0875909e+02 -3.7924194e-05 -1.0928640e+03
  2.8240367e-05]
2024-12-03 15:33:07,006 INFO =====> Num. aborted data so far: 0
2024-12-03 15:33:07,014 INFO ===========> Epoch: 7 optimisation losses
2024-12-03 15:33:07,014 INFO =====> EMD Loss: 16.885033
2024-12-03 15:33:07,014 INFO =====> Height map loss: 9.000001
2024-12-03 15:33:07,014 INFO =====> Insertion loss: 0.000000
2024-12-03 15:33:07,419 DEBUG loaded <trimesh.Trimesh(vertices.shape=(916, 3), faces.shape=(856, 3))> using `load_obj` in 0.0030s
2024-12-03 15:33:07,569 DEBUG loaded <trimesh.Trimesh(vertices.shape=(48, 3), faces.shape=(28, 3))> using `load_obj` in 0.0007s
2024-12-03 15:33:16,283 INFO ==> EMD Loss: 16.920879
2024-12-03 15:33:16,283 INFO ==> Height map loss:  8.993798
2024-12-03 15:33:16,283 INFO ==> Insertion loss: 0.000000
2024-12-03 15:33:16,667 DEBUG loaded <trimesh.Trimesh(vertices.shape=(916, 3), faces.shape=(856, 3))> using `load_obj` in 0.0029s
2024-12-03 15:33:16,816 DEBUG loaded <trimesh.Trimesh(vertices.shape=(48, 3), faces.shape=(28, 3))> using `load_obj` in 0.0007s
2024-12-03 15:33:25,549 INFO ==> EMD Loss: 16.980400
2024-12-03 15:33:25,549 INFO ==> Height map loss:  9.111134
2024-12-03 15:33:25,549 INFO ==> Insertion loss: 0.000000
2024-12-03 15:33:25,948 DEBUG loaded <trimesh.Trimesh(vertices.shape=(916, 3), faces.shape=(856, 3))> using `load_obj` in 0.0029s
2024-12-03 15:33:26,096 DEBUG loaded <trimesh.Trimesh(vertices.shape=(48, 3), faces.shape=(28, 3))> using `load_obj` in 0.0007s
2024-12-03 15:33:34,728 INFO ==> EMD Loss: 17.068863
2024-12-03 15:33:34,728 INFO ==> Height map loss:  9.271994
2024-12-03 15:33:34,728 INFO ==> Insertion loss: 0.000000
2024-12-03 15:33:35,111 DEBUG loaded <trimesh.Trimesh(vertices.shape=(916, 3), faces.shape=(856, 3))> using `load_obj` in 0.0029s
2024-12-03 15:33:35,258 DEBUG loaded <trimesh.Trimesh(vertices.shape=(48, 3), faces.shape=(28, 3))> using `load_obj` in 0.0007s
2024-12-03 15:33:43,832 INFO ==> EMD Loss: 17.119741
2024-12-03 15:33:43,832 INFO ==> Height map loss:  9.340633
2024-12-03 15:33:43,832 INFO ==> Insertion loss: 0.000000
2024-12-03 15:33:44,266 DEBUG loaded <trimesh.Trimesh(vertices.shape=(916, 3), faces.shape=(856, 3))> using `load_obj` in 0.0029s
2024-12-03 15:33:44,421 DEBUG loaded <trimesh.Trimesh(vertices.shape=(48, 3), faces.shape=(28, 3))> using `load_obj` in 0.0007s
2024-12-03 15:33:53,271 INFO ==> EMD Loss: 17.198837
2024-12-03 15:33:53,271 INFO ==> Height map loss:  9.334016
2024-12-03 15:33:53,271 INFO ==> Insertion loss: 0.000000
2024-12-03 15:33:53,657 DEBUG loaded <trimesh.Trimesh(vertices.shape=(916, 3), faces.shape=(856, 3))> using `load_obj` in 0.0029s
2024-12-03 15:33:53,811 DEBUG loaded <trimesh.Trimesh(vertices.shape=(48, 3), faces.shape=(28, 3))> using `load_obj` in 0.0007s
2024-12-03 15:34:17,566 INFO =====> Skill params: [ 0.84857816  0.6361654   0.82163614 -0.07248453 -0.17364255]
2024-12-03 15:34:17,566 INFO =====> Grad: [-1.52842761e+03  1.00947723e+03 -1.54972186e-05 -1.05005371e+02
  6.33689269e-05]
2024-12-03 15:34:17,566 INFO =====> Num. aborted data so far: 0
2024-12-03 15:34:17,576 INFO ===========> Epoch: 8 optimisation losses
2024-12-03 15:34:17,576 INFO =====> EMD Loss: 16.918783
2024-12-03 15:34:17,576 INFO =====> Height map loss: 8.993683
2024-12-03 15:34:17,576 INFO =====> Insertion loss: 0.000000
2024-12-03 15:34:17,985 DEBUG loaded <trimesh.Trimesh(vertices.shape=(916, 3), faces.shape=(856, 3))> using `load_obj` in 0.0031s
2024-12-03 15:34:18,135 DEBUG loaded <trimesh.Trimesh(vertices.shape=(48, 3), faces.shape=(28, 3))> using `load_obj` in 0.0007s
2024-12-03 15:34:26,764 INFO ==> EMD Loss: 16.902821
2024-12-03 15:34:26,764 INFO ==> Height map loss:  8.977030
2024-12-03 15:34:26,764 INFO ==> Insertion loss: 0.000000
2024-12-03 15:34:27,217 DEBUG loaded <trimesh.Trimesh(vertices.shape=(916, 3), faces.shape=(856, 3))> using `load_obj` in 0.0031s
2024-12-03 15:34:27,365 DEBUG loaded <trimesh.Trimesh(vertices.shape=(48, 3), faces.shape=(28, 3))> using `load_obj` in 0.0007s
2024-12-03 15:34:35,858 INFO ==> EMD Loss: 16.773350
2024-12-03 15:34:35,858 INFO ==> Height map loss:  8.793844
2024-12-03 15:34:35,858 INFO ==> Insertion loss: 0.000000
2024-12-03 15:34:36,237 DEBUG loaded <trimesh.Trimesh(vertices.shape=(916, 3), faces.shape=(856, 3))> using `load_obj` in 0.0030s
2024-12-03 15:34:36,389 DEBUG loaded <trimesh.Trimesh(vertices.shape=(48, 3), faces.shape=(28, 3))> using `load_obj` in 0.0007s
2024-12-03 15:34:44,931 INFO ==> EMD Loss: 16.702002
2024-12-03 15:34:44,931 INFO ==> Height map loss:  8.753167
2024-12-03 15:34:44,931 INFO ==> Insertion loss: 0.000000
2024-12-03 15:34:45,310 DEBUG loaded <trimesh.Trimesh(vertices.shape=(916, 3), faces.shape=(856, 3))> using `load_obj` in 0.0029s
2024-12-03 15:34:45,459 DEBUG loaded <trimesh.Trimesh(vertices.shape=(48, 3), faces.shape=(28, 3))> using `load_obj` in 0.0007s
2024-12-03 15:34:53,878 INFO ==> EMD Loss: 16.667747
2024-12-03 15:34:53,879 INFO ==> Height map loss:  9.010569
2024-12-03 15:34:53,879 INFO ==> Insertion loss: 0.000000
2024-12-03 15:34:54,261 DEBUG loaded <trimesh.Trimesh(vertices.shape=(916, 3), faces.shape=(856, 3))> using `load_obj` in 0.0029s
2024-12-03 15:34:54,416 DEBUG loaded <trimesh.Trimesh(vertices.shape=(48, 3), faces.shape=(28, 3))> using `load_obj` in 0.0007s
2024-12-03 15:35:02,696 INFO ==> EMD Loss: 17.117027
2024-12-03 15:35:02,696 INFO ==> Height map loss:  9.427039
2024-12-03 15:35:02,696 INFO ==> Insertion loss: 0.000000
2024-12-03 15:35:03,076 DEBUG loaded <trimesh.Trimesh(vertices.shape=(916, 3), faces.shape=(856, 3))> using `load_obj` in 0.0030s
2024-12-03 15:35:03,234 DEBUG loaded <trimesh.Trimesh(vertices.shape=(48, 3), faces.shape=(28, 3))> using `load_obj` in 0.0007s
2024-12-03 15:35:26,434 INFO =====> Skill params: [ 0.87805027  0.6061108   0.8286489  -0.0676563  -0.1982501 ]
2024-12-03 15:35:26,434 INFO =====> Grad: [-2.6026743e+03  1.6369550e+03  1.4134162e-05 -1.2045188e+03
 -1.6391166e-05]
2024-12-03 15:35:26,434 INFO =====> Num. aborted data so far: 0
2024-12-03 15:35:26,443 INFO ===========> Epoch: 9 optimisation losses
2024-12-03 15:35:26,444 INFO =====> EMD Loss: 16.702599
2024-12-03 15:35:26,444 INFO =====> Height map loss: 8.758789
2024-12-03 15:35:26,444 INFO =====> Insertion loss: 0.000000
2024-12-03 15:35:26,887 DEBUG loaded <trimesh.Trimesh(vertices.shape=(916, 3), faces.shape=(856, 3))> using `load_obj` in 0.0029s
2024-12-03 15:35:27,043 DEBUG loaded <trimesh.Trimesh(vertices.shape=(48, 3), faces.shape=(28, 3))> using `load_obj` in 0.0007s
2024-12-03 15:35:35,577 INFO ==> EMD Loss: 16.689003
2024-12-03 15:35:35,577 INFO ==> Height map loss:  8.808185
2024-12-03 15:35:35,577 INFO ==> Insertion loss: 0.000000
2024-12-03 15:35:35,963 DEBUG loaded <trimesh.Trimesh(vertices.shape=(916, 3), faces.shape=(856, 3))> using `load_obj` in 0.0029s
2024-12-03 15:35:36,116 DEBUG loaded <trimesh.Trimesh(vertices.shape=(48, 3), faces.shape=(28, 3))> using `load_obj` in 0.0007s
2024-12-03 15:35:44,489 INFO ==> EMD Loss: 16.675055
2024-12-03 15:35:44,489 INFO ==> Height map loss:  9.001583
2024-12-03 15:35:44,489 INFO ==> Insertion loss: 0.000000
2024-12-03 15:35:44,870 DEBUG loaded <trimesh.Trimesh(vertices.shape=(916, 3), faces.shape=(856, 3))> using `load_obj` in 0.0029s
2024-12-03 15:35:45,024 DEBUG loaded <trimesh.Trimesh(vertices.shape=(48, 3), faces.shape=(28, 3))> using `load_obj` in 0.0008s
2024-12-03 15:35:53,006 INFO ==> EMD Loss: 17.532833
2024-12-03 15:35:53,006 INFO ==> Height map loss:  9.525498
2024-12-03 15:35:53,006 INFO ==> Insertion loss: 0.000000
2024-12-03 15:35:53,393 DEBUG loaded <trimesh.Trimesh(vertices.shape=(916, 3), faces.shape=(856, 3))> using `load_obj` in 0.0029s
2024-12-03 15:35:53,549 DEBUG loaded <trimesh.Trimesh(vertices.shape=(48, 3), faces.shape=(28, 3))> using `load_obj` in 0.0007s
2024-12-03 15:36:01,683 INFO ==> EMD Loss: 17.934828
2024-12-03 15:36:01,683 INFO ==> Height map loss:  10.050547
2024-12-03 15:36:01,683 INFO ==> Insertion loss: 0.000000
2024-12-03 15:36:02,058 DEBUG loaded <trimesh.Trimesh(vertices.shape=(916, 3), faces.shape=(856, 3))> using `load_obj` in 0.0030s
2024-12-03 15:36:02,212 DEBUG loaded <trimesh.Trimesh(vertices.shape=(48, 3), faces.shape=(28, 3))> using `load_obj` in 0.0007s
2024-12-03 15:36:10,201 INFO ==> EMD Loss: 18.271248
2024-12-03 15:36:10,201 INFO ==> Height map loss:  10.582574
2024-12-03 15:36:10,201 INFO ==> Insertion loss: 0.000000
2024-12-03 15:36:10,580 DEBUG loaded <trimesh.Trimesh(vertices.shape=(916, 3), faces.shape=(856, 3))> using `load_obj` in 0.0030s
2024-12-03 15:36:10,737 DEBUG loaded <trimesh.Trimesh(vertices.shape=(48, 3), faces.shape=(28, 3))> using `load_obj` in 0.0007s
2024-12-03 15:36:33,938 INFO =====> Skill params: [ 0.8826706   0.6015934   0.8279764  -0.06268427 -0.19758084]
2024-12-03 15:36:33,938 INFO =====> Grad: [-2.2033376e+03  1.7124539e+03  4.9486057e-06 -5.3938660e+02
 -1.3070722e-04]
2024-12-03 15:36:33,938 INFO =====> Num. aborted data so far: 0
2024-12-03 15:36:33,947 INFO ===========> Epoch: 10 optimisation losses
2024-12-03 15:36:33,947 INFO =====> EMD Loss: 16.689114
2024-12-03 15:36:33,947 INFO =====> Height map loss: 8.805830
2024-12-03 15:36:33,947 INFO =====> Insertion loss: 0.000000
2024-12-03 15:36:34,425 DEBUG loaded <trimesh.Trimesh(vertices.shape=(916, 3), faces.shape=(856, 3))> using `load_obj` in 0.0029s
2024-12-03 15:36:34,581 DEBUG loaded <trimesh.Trimesh(vertices.shape=(48, 3), faces.shape=(28, 3))> using `load_obj` in 0.0007s
2024-12-03 15:36:42,955 INFO ==> EMD Loss: 16.593775
2024-12-03 15:36:42,955 INFO ==> Height map loss:  8.898848
2024-12-03 15:36:42,955 INFO ==> Insertion loss: 0.000000
2024-12-03 15:36:43,382 DEBUG loaded <trimesh.Trimesh(vertices.shape=(916, 3), faces.shape=(856, 3))> using `load_obj` in 0.0030s
2024-12-03 15:36:43,541 DEBUG loaded <trimesh.Trimesh(vertices.shape=(48, 3), faces.shape=(28, 3))> using `load_obj` in 0.0007s
2024-12-03 15:36:51,922 INFO ==> EMD Loss: 16.816153
2024-12-03 15:36:51,922 INFO ==> Height map loss:  8.989632
2024-12-03 15:36:51,922 INFO ==> Insertion loss: 0.000000
2024-12-03 15:36:52,309 DEBUG loaded <trimesh.Trimesh(vertices.shape=(916, 3), faces.shape=(856, 3))> using `load_obj` in 0.0031s
2024-12-03 15:36:52,464 DEBUG loaded <trimesh.Trimesh(vertices.shape=(48, 3), faces.shape=(28, 3))> using `load_obj` in 0.0007s
2024-12-03 15:37:00,837 INFO ==> EMD Loss: 17.252518
2024-12-03 15:37:00,837 INFO ==> Height map loss:  9.302789
2024-12-03 15:37:00,837 INFO ==> Insertion loss: 0.000000
2024-12-03 15:37:01,211 DEBUG loaded <trimesh.Trimesh(vertices.shape=(916, 3), faces.shape=(856, 3))> using `load_obj` in 0.0030s
2024-12-03 15:37:01,367 DEBUG loaded <trimesh.Trimesh(vertices.shape=(48, 3), faces.shape=(28, 3))> using `load_obj` in 0.0007s
2024-12-03 15:37:09,568 INFO ==> EMD Loss: 17.643438
2024-12-03 15:37:09,568 INFO ==> Height map loss:  9.763380
2024-12-03 15:37:09,568 INFO ==> Insertion loss: 0.000000
2024-12-03 15:37:09,949 DEBUG loaded <trimesh.Trimesh(vertices.shape=(916, 3), faces.shape=(856, 3))> using `load_obj` in 0.0030s
2024-12-03 15:37:10,106 DEBUG loaded <trimesh.Trimesh(vertices.shape=(48, 3), faces.shape=(28, 3))> using `load_obj` in 0.0007s
2024-12-03 15:37:18,199 INFO ==> EMD Loss: 18.112961
2024-12-03 15:37:18,199 INFO ==> Height map loss:  10.068151
2024-12-03 15:37:18,199 INFO ==> Insertion loss: 0.000000
2024-12-03 15:37:18,579 DEBUG loaded <trimesh.Trimesh(vertices.shape=(916, 3), faces.shape=(856, 3))> using `load_obj` in 0.0029s
2024-12-03 15:37:18,736 DEBUG loaded <trimesh.Trimesh(vertices.shape=(48, 3), faces.shape=(28, 3))> using `load_obj` in 0.0007s
2024-12-03 15:37:41,608 INFO =====> Skill params: [ 0.8864519   0.597183    0.82772833 -0.06040602 -0.1927422 ]
2024-12-03 15:37:41,608 INFO =====> Grad: [ 9.0296412e+00 -1.2536998e+03  7.2855346e-06 -1.2820941e+03
  5.2931435e-05]
2024-12-03 15:37:41,609 INFO =====> Num. aborted data so far: 0
2024-12-03 15:37:41,617 INFO ===========> Epoch: 11 optimisation losses
2024-12-03 15:37:41,617 INFO =====> EMD Loss: 16.593519
2024-12-03 15:37:41,617 INFO =====> Height map loss: 8.899356
2024-12-03 15:37:41,617 INFO =====> Insertion loss: 0.000000
2024-12-03 15:37:42,022 DEBUG loaded <trimesh.Trimesh(vertices.shape=(916, 3), faces.shape=(856, 3))> using `load_obj` in 0.0029s
2024-12-03 15:37:42,179 DEBUG loaded <trimesh.Trimesh(vertices.shape=(48, 3), faces.shape=(28, 3))> using `load_obj` in 0.0007s
2024-12-03 15:37:50,720 INFO ==> EMD Loss: 16.647404
2024-12-03 15:37:50,720 INFO ==> Height map loss:  8.830625
2024-12-03 15:37:50,721 INFO ==> Insertion loss: 0.000000
2024-12-03 15:37:51,136 DEBUG loaded <trimesh.Trimesh(vertices.shape=(916, 3), faces.shape=(856, 3))> using `load_obj` in 0.0030s
2024-12-03 15:37:51,290 DEBUG loaded <trimesh.Trimesh(vertices.shape=(48, 3), faces.shape=(28, 3))> using `load_obj` in 0.0007s
2024-12-03 15:37:59,757 INFO ==> EMD Loss: 16.660368
2024-12-03 15:37:59,757 INFO ==> Height map loss:  8.866722
2024-12-03 15:37:59,757 INFO ==> Insertion loss: 0.000000
2024-12-03 15:38:00,138 DEBUG loaded <trimesh.Trimesh(vertices.shape=(916, 3), faces.shape=(856, 3))> using `load_obj` in 0.0029s
2024-12-03 15:38:00,291 DEBUG loaded <trimesh.Trimesh(vertices.shape=(48, 3), faces.shape=(28, 3))> using `load_obj` in 0.0007s
2024-12-03 15:38:08,889 INFO ==> EMD Loss: 16.610926
2024-12-03 15:38:08,889 INFO ==> Height map loss:  8.813893
2024-12-03 15:38:08,889 INFO ==> Insertion loss: 0.000000
2024-12-03 15:38:09,331 DEBUG loaded <trimesh.Trimesh(vertices.shape=(916, 3), faces.shape=(856, 3))> using `load_obj` in 0.0031s
2024-12-03 15:38:09,486 DEBUG loaded <trimesh.Trimesh(vertices.shape=(48, 3), faces.shape=(28, 3))> using `load_obj` in 0.0007s
2024-12-03 15:38:18,268 INFO ==> EMD Loss: 16.656656
2024-12-03 15:38:18,268 INFO ==> Height map loss:  8.879267
2024-12-03 15:38:18,268 INFO ==> Insertion loss: 0.000000
2024-12-03 15:38:18,652 DEBUG loaded <trimesh.Trimesh(vertices.shape=(916, 3), faces.shape=(856, 3))> using `load_obj` in 0.0030s
2024-12-03 15:38:18,805 DEBUG loaded <trimesh.Trimesh(vertices.shape=(48, 3), faces.shape=(28, 3))> using `load_obj` in 0.0007s
2024-12-03 15:38:27,448 INFO ==> EMD Loss: 16.729147
2024-12-03 15:38:27,448 INFO ==> Height map loss:  8.939789
2024-12-03 15:38:27,449 INFO ==> Insertion loss: 0.000000
2024-12-03 15:38:27,826 DEBUG loaded <trimesh.Trimesh(vertices.shape=(916, 3), faces.shape=(856, 3))> using `load_obj` in 0.0029s
2024-12-03 15:38:27,977 DEBUG loaded <trimesh.Trimesh(vertices.shape=(48, 3), faces.shape=(28, 3))> using `load_obj` in 0.0007s
2024-12-03 15:38:51,511 INFO =====> Skill params: [ 0.8862885   0.6292189   0.8238813  -0.0114953  -0.21292384]
2024-12-03 15:38:51,511 INFO =====> Grad: [-2.6404900e+03  1.4815566e+03  4.5097440e-06 -6.7111017e+02
  1.4440951e-05]
2024-12-03 15:38:51,511 INFO =====> Num. aborted data so far: 0
2024-12-03 15:38:51,519 INFO ===========> Epoch: 12 optimisation losses
2024-12-03 15:38:51,519 INFO =====> EMD Loss: 16.613560
2024-12-03 15:38:51,519 INFO =====> Height map loss: 8.812256
2024-12-03 15:38:51,519 INFO =====> Insertion loss: 0.000000
2024-12-03 15:38:51,930 DEBUG loaded <trimesh.Trimesh(vertices.shape=(916, 3), faces.shape=(856, 3))> using `load_obj` in 0.0029s
2024-12-03 15:38:52,086 DEBUG loaded <trimesh.Trimesh(vertices.shape=(48, 3), faces.shape=(28, 3))> using `load_obj` in 0.0007s
2024-12-03 15:39:00,654 INFO ==> EMD Loss: 16.703098
2024-12-03 15:39:00,654 INFO ==> Height map loss:  8.879365
2024-12-03 15:39:00,654 INFO ==> Insertion loss: 0.000000
2024-12-03 15:39:01,031 DEBUG loaded <trimesh.Trimesh(vertices.shape=(916, 3), faces.shape=(856, 3))> using `load_obj` in 0.0029s
2024-12-03 15:39:01,183 DEBUG loaded <trimesh.Trimesh(vertices.shape=(48, 3), faces.shape=(28, 3))> using `load_obj` in 0.0007s
2024-12-03 15:39:09,488 INFO ==> EMD Loss: 16.880505
2024-12-03 15:39:09,488 INFO ==> Height map loss:  8.989479
2024-12-03 15:39:09,488 INFO ==> Insertion loss: 0.000000
2024-12-03 15:39:09,869 DEBUG loaded <trimesh.Trimesh(vertices.shape=(916, 3), faces.shape=(856, 3))> using `load_obj` in 0.0028s
2024-12-03 15:39:10,024 DEBUG loaded <trimesh.Trimesh(vertices.shape=(48, 3), faces.shape=(28, 3))> using `load_obj` in 0.0007s
2024-12-03 15:39:18,384 INFO ==> EMD Loss: 17.118004
2024-12-03 15:39:18,384 INFO ==> Height map loss:  9.259226
2024-12-03 15:39:18,384 INFO ==> Insertion loss: 0.000000
2024-12-03 15:39:18,769 DEBUG loaded <trimesh.Trimesh(vertices.shape=(916, 3), faces.shape=(856, 3))> using `load_obj` in 0.0029s
2024-12-03 15:39:18,926 DEBUG loaded <trimesh.Trimesh(vertices.shape=(48, 3), faces.shape=(28, 3))> using `load_obj` in 0.0007s
2024-12-03 15:39:27,183 INFO ==> EMD Loss: 17.605707
2024-12-03 15:39:27,183 INFO ==> Height map loss:  9.870783
2024-12-03 15:39:27,183 INFO ==> Insertion loss: 0.000000
2024-12-03 15:39:27,566 DEBUG loaded <trimesh.Trimesh(vertices.shape=(916, 3), faces.shape=(856, 3))> using `load_obj` in 0.0029s
2024-12-03 15:39:27,719 DEBUG loaded <trimesh.Trimesh(vertices.shape=(48, 3), faces.shape=(28, 3))> using `load_obj` in 0.0007s
2024-12-03 15:39:35,915 INFO ==> EMD Loss: 17.969852
2024-12-03 15:39:35,915 INFO ==> Height map loss:  10.085485
2024-12-03 15:39:35,915 INFO ==> Insertion loss: 0.000000
2024-12-03 15:39:36,292 DEBUG loaded <trimesh.Trimesh(vertices.shape=(916, 3), faces.shape=(856, 3))> using `load_obj` in 0.0029s
2024-12-03 15:39:36,450 DEBUG loaded <trimesh.Trimesh(vertices.shape=(48, 3), faces.shape=(28, 3))> using `load_obj` in 0.0007s
2024-12-03 15:40:00,011 INFO =====> Skill params: [ 0.890736    0.62554044  0.8236304  -0.00889957 -0.21350314]
2024-12-03 15:40:00,011 INFO =====> Grad: [-2.2072524e+03 -7.1885925e+02 -5.1928655e-06 -1.2365477e+03
  1.6917780e-06]
2024-12-03 15:40:00,011 INFO =====> Num. aborted data so far: 0
2024-12-03 15:40:00,020 INFO ===========> Epoch: 13 optimisation losses
2024-12-03 15:40:00,020 INFO =====> EMD Loss: 16.707773
2024-12-03 15:40:00,020 INFO =====> Height map loss: 8.881167
2024-12-03 15:40:00,020 INFO =====> Insertion loss: 0.000000
2024-12-03 15:40:00,431 DEBUG loaded <trimesh.Trimesh(vertices.shape=(916, 3), faces.shape=(856, 3))> using `load_obj` in 0.0030s
2024-12-03 15:40:00,582 DEBUG loaded <trimesh.Trimesh(vertices.shape=(48, 3), faces.shape=(28, 3))> using `load_obj` in 0.0007s
2024-12-03 15:40:09,138 INFO ==> EMD Loss: 16.690796
2024-12-03 15:40:09,138 INFO ==> Height map loss:  8.855327
2024-12-03 15:40:09,138 INFO ==> Insertion loss: 0.000000
2024-12-03 15:40:09,514 DEBUG loaded <trimesh.Trimesh(vertices.shape=(916, 3), faces.shape=(856, 3))> using `load_obj` in 0.0029s
2024-12-03 15:40:09,664 DEBUG loaded <trimesh.Trimesh(vertices.shape=(48, 3), faces.shape=(28, 3))> using `load_obj` in 0.0007s
2024-12-03 15:40:18,243 INFO ==> EMD Loss: 16.651783
2024-12-03 15:40:18,244 INFO ==> Height map loss:  8.856548
2024-12-03 15:40:18,244 INFO ==> Insertion loss: 0.000000
2024-12-03 15:40:18,625 DEBUG loaded <trimesh.Trimesh(vertices.shape=(916, 3), faces.shape=(856, 3))> using `load_obj` in 0.0029s
2024-12-03 15:40:18,779 DEBUG loaded <trimesh.Trimesh(vertices.shape=(48, 3), faces.shape=(28, 3))> using `load_obj` in 0.0007s
2024-12-03 15:40:27,116 INFO ==> EMD Loss: 16.705677
2024-12-03 15:40:27,116 INFO ==> Height map loss:  8.875187
2024-12-03 15:40:27,116 INFO ==> Insertion loss: 0.000000
2024-12-03 15:40:27,497 DEBUG loaded <trimesh.Trimesh(vertices.shape=(916, 3), faces.shape=(856, 3))> using `load_obj` in 0.0029s
2024-12-03 15:40:27,654 DEBUG loaded <trimesh.Trimesh(vertices.shape=(48, 3), faces.shape=(28, 3))> using `load_obj` in 0.0007s
2024-12-03 15:40:36,314 INFO ==> EMD Loss: 16.716206
2024-12-03 15:40:36,314 INFO ==> Height map loss:  8.995862
2024-12-03 15:40:36,314 INFO ==> Insertion loss: 0.000000
2024-12-03 15:40:36,696 DEBUG loaded <trimesh.Trimesh(vertices.shape=(916, 3), faces.shape=(856, 3))> using `load_obj` in 0.0029s
2024-12-03 15:40:36,847 DEBUG loaded <trimesh.Trimesh(vertices.shape=(48, 3), faces.shape=(28, 3))> using `load_obj` in 0.0007s
2024-12-03 15:40:45,656 INFO ==> EMD Loss: 16.626616
2024-12-03 15:40:45,656 INFO ==> Height map loss:  9.063554
2024-12-03 15:40:45,656 INFO ==> Insertion loss: 0.000000
2024-12-03 15:40:46,038 DEBUG loaded <trimesh.Trimesh(vertices.shape=(916, 3), faces.shape=(856, 3))> using `load_obj` in 0.0031s
2024-12-03 15:40:46,192 DEBUG loaded <trimesh.Trimesh(vertices.shape=(48, 3), faces.shape=(28, 3))> using `load_obj` in 0.0007s
2024-12-03 15:41:09,714 INFO =====> Skill params: [ 0.894358    0.62738585  0.8239348  -0.00444769 -0.21357468]
2024-12-03 15:41:09,714 INFO =====> Grad: [-2.6434917e+03  1.3928849e+03  1.1860626e-05  9.3495557e+02
 -4.7999176e-05]
2024-12-03 15:41:09,714 INFO =====> Num. aborted data so far: 0
2024-12-03 15:41:09,722 INFO ===========> Epoch: 14 optimisation losses
2024-12-03 15:41:09,722 INFO =====> EMD Loss: 16.682198
2024-12-03 15:41:09,722 INFO =====> Height map loss: 8.860072
2024-12-03 15:41:09,722 INFO =====> Insertion loss: 0.000000
2024-12-03 15:41:10,129 DEBUG loaded <trimesh.Trimesh(vertices.shape=(916, 3), faces.shape=(856, 3))> using `load_obj` in 0.0030s
2024-12-03 15:41:10,286 DEBUG loaded <trimesh.Trimesh(vertices.shape=(48, 3), faces.shape=(28, 3))> using `load_obj` in 0.0007s
2024-12-03 15:41:18,855 INFO ==> EMD Loss: 16.631123
2024-12-03 15:41:18,855 INFO ==> Height map loss:  8.853493
2024-12-03 15:41:18,855 INFO ==> Insertion loss: 0.000000
2024-12-03 15:41:19,235 DEBUG loaded <trimesh.Trimesh(vertices.shape=(916, 3), faces.shape=(856, 3))> using `load_obj` in 0.0030s
2024-12-03 15:41:19,389 DEBUG loaded <trimesh.Trimesh(vertices.shape=(48, 3), faces.shape=(28, 3))> using `load_obj` in 0.0007s
2024-12-03 15:41:27,925 INFO ==> EMD Loss: 16.726377
2024-12-03 15:41:27,925 INFO ==> Height map loss:  8.996023
2024-12-03 15:41:27,925 INFO ==> Insertion loss: 0.000000
2024-12-03 15:41:28,309 DEBUG loaded <trimesh.Trimesh(vertices.shape=(916, 3), faces.shape=(856, 3))> using `load_obj` in 0.0029s
2024-12-03 15:41:28,464 DEBUG loaded <trimesh.Trimesh(vertices.shape=(48, 3), faces.shape=(28, 3))> using `load_obj` in 0.0007s
2024-12-03 15:41:36,949 INFO ==> EMD Loss: 16.891113
2024-12-03 15:41:36,950 INFO ==> Height map loss:  9.229850
2024-12-03 15:41:36,950 INFO ==> Insertion loss: 0.000000
2024-12-03 15:41:37,330 DEBUG loaded <trimesh.Trimesh(vertices.shape=(916, 3), faces.shape=(856, 3))> using `load_obj` in 0.0029s
2024-12-03 15:41:37,483 DEBUG loaded <trimesh.Trimesh(vertices.shape=(48, 3), faces.shape=(28, 3))> using `load_obj` in 0.0007s
2024-12-03 15:41:45,939 INFO ==> EMD Loss: 17.520760
2024-12-03 15:41:45,939 INFO ==> Height map loss:  9.678267
2024-12-03 15:41:45,939 INFO ==> Insertion loss: 0.000000
2024-12-03 15:41:46,318 DEBUG loaded <trimesh.Trimesh(vertices.shape=(916, 3), faces.shape=(856, 3))> using `load_obj` in 0.0029s
2024-12-03 15:41:46,471 DEBUG loaded <trimesh.Trimesh(vertices.shape=(48, 3), faces.shape=(28, 3))> using `load_obj` in 0.0007s
2024-12-03 15:41:54,643 INFO ==> EMD Loss: 17.761595
2024-12-03 15:41:54,643 INFO ==> Height map loss:  9.749722
2024-12-03 15:41:54,643 INFO ==> Insertion loss: 0.000000
2024-12-03 15:41:55,028 DEBUG loaded <trimesh.Trimesh(vertices.shape=(916, 3), faces.shape=(856, 3))> using `load_obj` in 0.0028s
2024-12-03 15:41:55,180 DEBUG loaded <trimesh.Trimesh(vertices.shape=(48, 3), faces.shape=(28, 3))> using `load_obj` in 0.0007s
2024-12-03 15:42:18,787 INFO =====> Skill params: [ 0.898477    0.62388307  0.8232041  -0.00777101 -0.21148776]
2024-12-03 15:42:18,787 INFO =====> Grad: [ 2.6542568e+03 -9.4961017e+02 -3.8266167e-05  7.7019299e+02
 -5.0217659e-05]
2024-12-03 15:42:18,787 INFO =====> Num. aborted data so far: 0
2024-12-03 15:42:18,795 INFO ===========> Epoch: 15 optimisation losses
2024-12-03 15:42:18,795 INFO =====> EMD Loss: 16.626194
2024-12-03 15:42:18,795 INFO =====> Height map loss: 8.853442
2024-12-03 15:42:18,795 INFO =====> Insertion loss: 0.000000
2024-12-03 15:42:19,201 DEBUG loaded <trimesh.Trimesh(vertices.shape=(916, 3), faces.shape=(856, 3))> using `load_obj` in 0.0030s
2024-12-03 15:42:19,359 DEBUG loaded <trimesh.Trimesh(vertices.shape=(48, 3), faces.shape=(28, 3))> using `load_obj` in 0.0007s
2024-12-03 15:42:27,911 INFO ==> EMD Loss: 16.684383
2024-12-03 15:42:27,911 INFO ==> Height map loss:  8.846725
2024-12-03 15:42:27,911 INFO ==> Insertion loss: 0.000000
2024-12-03 15:42:28,288 DEBUG loaded <trimesh.Trimesh(vertices.shape=(916, 3), faces.shape=(856, 3))> using `load_obj` in 0.0029s
2024-12-03 15:42:28,440 DEBUG loaded <trimesh.Trimesh(vertices.shape=(48, 3), faces.shape=(28, 3))> using `load_obj` in 0.0007s
2024-12-03 15:42:37,142 INFO ==> EMD Loss: 16.701265
2024-12-03 15:42:37,142 INFO ==> Height map loss:  8.743837
2024-12-03 15:42:37,142 INFO ==> Insertion loss: 0.000000
2024-12-03 15:42:37,529 DEBUG loaded <trimesh.Trimesh(vertices.shape=(916, 3), faces.shape=(856, 3))> using `load_obj` in 0.0030s
2024-12-03 15:42:37,682 DEBUG loaded <trimesh.Trimesh(vertices.shape=(48, 3), faces.shape=(28, 3))> using `load_obj` in 0.0007s
2024-12-03 15:42:46,364 INFO ==> EMD Loss: 16.884125
2024-12-03 15:42:46,364 INFO ==> Height map loss:  8.912400
2024-12-03 15:42:46,364 INFO ==> Insertion loss: 0.000000
2024-12-03 15:42:46,747 DEBUG loaded <trimesh.Trimesh(vertices.shape=(916, 3), faces.shape=(856, 3))> using `load_obj` in 0.0029s
2024-12-03 15:42:46,896 DEBUG loaded <trimesh.Trimesh(vertices.shape=(48, 3), faces.shape=(28, 3))> using `load_obj` in 0.0007s
2024-12-03 15:42:55,634 INFO ==> EMD Loss: 17.337894
2024-12-03 15:42:55,635 INFO ==> Height map loss:  9.635360
2024-12-03 15:42:55,635 INFO ==> Insertion loss: 0.000000
2024-12-03 15:42:56,018 DEBUG loaded <trimesh.Trimesh(vertices.shape=(916, 3), faces.shape=(856, 3))> using `load_obj` in 0.0030s
2024-12-03 15:42:56,167 DEBUG loaded <trimesh.Trimesh(vertices.shape=(48, 3), faces.shape=(28, 3))> using `load_obj` in 0.0007s
2024-12-03 15:43:05,003 INFO ==> EMD Loss: 17.427784
2024-12-03 15:43:05,004 INFO ==> Height map loss:  9.889446
2024-12-03 15:43:05,004 INFO ==> Insertion loss: 0.000000
2024-12-03 15:43:05,387 DEBUG loaded <trimesh.Trimesh(vertices.shape=(916, 3), faces.shape=(856, 3))> using `load_obj` in 0.0029s
2024-12-03 15:43:05,535 DEBUG loaded <trimesh.Trimesh(vertices.shape=(48, 3), faces.shape=(28, 3))> using `load_obj` in 0.0007s
2024-12-03 15:43:28,895 INFO =====> Skill params: [ 0.8786707   0.63604826  0.835223   -0.02157527 -0.20030482]
2024-12-03 15:43:28,895 INFO =====> Grad: [-1.6948865e+03  1.6614978e+03  3.0493452e-06  8.4452179e+02
 -4.2349606e-05]
2024-12-03 15:43:28,895 INFO =====> Num. aborted data so far: 0
2024-12-03 15:43:28,903 INFO ===========> Epoch: 16 optimisation losses
2024-12-03 15:43:28,903 INFO =====> EMD Loss: 16.709429
2024-12-03 15:43:28,903 INFO =====> Height map loss: 8.744163
2024-12-03 15:43:28,903 INFO =====> Insertion loss: 0.000000
2024-12-03 15:43:29,315 DEBUG loaded <trimesh.Trimesh(vertices.shape=(916, 3), faces.shape=(856, 3))> using `load_obj` in 0.0030s
2024-12-03 15:43:29,470 DEBUG loaded <trimesh.Trimesh(vertices.shape=(48, 3), faces.shape=(28, 3))> using `load_obj` in 0.0007s
2024-12-03 15:43:38,079 INFO ==> EMD Loss: 16.657942
2024-12-03 15:43:38,079 INFO ==> Height map loss:  8.756202
2024-12-03 15:43:38,079 INFO ==> Insertion loss: 0.000000
2024-12-03 15:43:38,466 DEBUG loaded <trimesh.Trimesh(vertices.shape=(916, 3), faces.shape=(856, 3))> using `load_obj` in 0.0030s
2024-12-03 15:43:38,623 DEBUG loaded <trimesh.Trimesh(vertices.shape=(48, 3), faces.shape=(28, 3))> using `load_obj` in 0.0007s
2024-12-03 15:43:47,186 INFO ==> EMD Loss: 16.663923
2024-12-03 15:43:47,187 INFO ==> Height map loss:  8.828127
2024-12-03 15:43:47,187 INFO ==> Insertion loss: 0.000000
2024-12-03 15:43:47,569 DEBUG loaded <trimesh.Trimesh(vertices.shape=(916, 3), faces.shape=(856, 3))> using `load_obj` in 0.0029s
2024-12-03 15:43:47,724 DEBUG loaded <trimesh.Trimesh(vertices.shape=(48, 3), faces.shape=(28, 3))> using `load_obj` in 0.0007s
2024-12-03 15:43:56,297 INFO ==> EMD Loss: 16.635603
2024-12-03 15:43:56,297 INFO ==> Height map loss:  8.986048
2024-12-03 15:43:56,297 INFO ==> Insertion loss: 0.000000
2024-12-03 15:43:56,676 DEBUG loaded <trimesh.Trimesh(vertices.shape=(916, 3), faces.shape=(856, 3))> using `load_obj` in 0.0029s
2024-12-03 15:43:56,830 DEBUG loaded <trimesh.Trimesh(vertices.shape=(48, 3), faces.shape=(28, 3))> using `load_obj` in 0.0007s
2024-12-03 15:44:05,226 INFO ==> EMD Loss: 17.128489
2024-12-03 15:44:05,226 INFO ==> Height map loss:  9.267818
2024-12-03 15:44:05,226 INFO ==> Insertion loss: 0.000000
2024-12-03 15:44:05,619 DEBUG loaded <trimesh.Trimesh(vertices.shape=(916, 3), faces.shape=(856, 3))> using `load_obj` in 0.0029s
2024-12-03 15:44:05,778 DEBUG loaded <trimesh.Trimesh(vertices.shape=(48, 3), faces.shape=(28, 3))> using `load_obj` in 0.0007s
2024-12-03 15:44:14,066 INFO ==> EMD Loss: 17.343922
2024-12-03 15:44:14,066 INFO ==> Height map loss:  9.551286
2024-12-03 15:44:14,066 INFO ==> Insertion loss: 0.000000
2024-12-03 15:44:14,447 DEBUG loaded <trimesh.Trimesh(vertices.shape=(916, 3), faces.shape=(856, 3))> using `load_obj` in 0.0029s
2024-12-03 15:44:14,602 DEBUG loaded <trimesh.Trimesh(vertices.shape=(48, 3), faces.shape=(28, 3))> using `load_obj` in 0.0007s
2024-12-03 15:44:38,453 INFO =====> Skill params: [ 0.88123757  0.63199186  0.83502114 -0.0245998  -0.19835892]
2024-12-03 15:44:38,453 INFO =====> Grad: [ 2.6328093e+03 -1.6946570e+03  8.2682427e-06  1.2238518e+03
 -2.2065786e-05]
2024-12-03 15:44:38,453 INFO =====> Num. aborted data so far: 0
2024-12-03 15:44:38,461 INFO ===========> Epoch: 17 optimisation losses
2024-12-03 15:44:38,461 INFO =====> EMD Loss: 16.655979
2024-12-03 15:44:38,461 INFO =====> Height map loss: 8.756176
2024-12-03 15:44:38,461 INFO =====> Insertion loss: 0.000000
2024-12-03 15:44:38,872 DEBUG loaded <trimesh.Trimesh(vertices.shape=(916, 3), faces.shape=(856, 3))> using `load_obj` in 0.0030s
2024-12-03 15:44:39,029 DEBUG loaded <trimesh.Trimesh(vertices.shape=(48, 3), faces.shape=(28, 3))> using `load_obj` in 0.0007s
2024-12-03 15:44:47,667 INFO ==> EMD Loss: 16.688257
2024-12-03 15:44:47,667 INFO ==> Height map loss:  8.748097
2024-12-03 15:44:47,667 INFO ==> Insertion loss: 0.000000
2024-12-03 15:44:48,048 DEBUG loaded <trimesh.Trimesh(vertices.shape=(916, 3), faces.shape=(856, 3))> using `load_obj` in 0.0029s
2024-12-03 15:44:48,204 DEBUG loaded <trimesh.Trimesh(vertices.shape=(48, 3), faces.shape=(28, 3))> using `load_obj` in 0.0007s
2024-12-03 15:44:56,988 INFO ==> EMD Loss: 16.987688
2024-12-03 15:44:56,988 INFO ==> Height map loss:  9.154353
2024-12-03 15:44:56,988 INFO ==> Insertion loss: 0.000000
2024-12-03 15:44:57,369 DEBUG loaded <trimesh.Trimesh(vertices.shape=(916, 3), faces.shape=(856, 3))> using `load_obj` in 0.0029s
2024-12-03 15:44:57,524 DEBUG loaded <trimesh.Trimesh(vertices.shape=(48, 3), faces.shape=(28, 3))> using `load_obj` in 0.0007s
2024-12-03 15:45:06,354 INFO ==> EMD Loss: 17.321943
2024-12-03 15:45:06,354 INFO ==> Height map loss:  9.775878
2024-12-03 15:45:06,354 INFO ==> Insertion loss: 0.000000
2024-12-03 15:45:06,736 DEBUG loaded <trimesh.Trimesh(vertices.shape=(916, 3), faces.shape=(856, 3))> using `load_obj` in 0.0030s
2024-12-03 15:45:06,890 DEBUG loaded <trimesh.Trimesh(vertices.shape=(48, 3), faces.shape=(28, 3))> using `load_obj` in 0.0007s
2024-12-03 15:45:15,851 INFO ==> EMD Loss: 17.568167
2024-12-03 15:45:15,851 INFO ==> Height map loss:  10.343678
2024-12-03 15:45:15,852 INFO ==> Insertion loss: 0.000000
2024-12-03 15:45:16,273 DEBUG loaded <trimesh.Trimesh(vertices.shape=(916, 3), faces.shape=(856, 3))> using `load_obj` in 0.0030s
2024-12-03 15:45:16,424 DEBUG loaded <trimesh.Trimesh(vertices.shape=(48, 3), faces.shape=(28, 3))> using `load_obj` in 0.0007s
2024-12-03 15:45:25,387 INFO ==> EMD Loss: 17.621138
2024-12-03 15:45:25,387 INFO ==> Height map loss:  10.696156
2024-12-03 15:45:25,387 INFO ==> Insertion loss: 0.000000
2024-12-03 15:45:25,773 DEBUG loaded <trimesh.Trimesh(vertices.shape=(916, 3), faces.shape=(856, 3))> using `load_obj` in 0.0029s
2024-12-03 15:45:25,928 DEBUG loaded <trimesh.Trimesh(vertices.shape=(48, 3), faces.shape=(28, 3))> using `load_obj` in 0.0007s
2024-12-03 15:45:49,716 INFO =====> Skill params: [ 0.8773948   0.6359544   0.83444524 -0.02875354 -0.19729692]
2024-12-03 15:45:49,716 INFO =====> Grad: [ 2.1589783e+03  5.9474805e+02 -7.8779431e-06  2.9376193e+02
 -1.1264307e-05]
2024-12-03 15:45:49,716 INFO =====> Num. aborted data so far: 0
2024-12-03 15:45:49,724 INFO ===========> Epoch: 18 optimisation losses
2024-12-03 15:45:49,724 INFO =====> EMD Loss: 16.688091
2024-12-03 15:45:49,724 INFO =====> Height map loss: 8.748281
2024-12-03 15:45:49,724 INFO =====> Insertion loss: 0.000000
2024-12-03 15:45:50,136 DEBUG loaded <trimesh.Trimesh(vertices.shape=(916, 3), faces.shape=(856, 3))> using `load_obj` in 0.0031s
2024-12-03 15:45:50,289 DEBUG loaded <trimesh.Trimesh(vertices.shape=(48, 3), faces.shape=(28, 3))> using `load_obj` in 0.0007s
2024-12-03 15:45:58,884 INFO ==> EMD Loss: 16.699078
2024-12-03 15:45:58,884 INFO ==> Height map loss:  8.736491
2024-12-03 15:45:58,884 INFO ==> Insertion loss: 0.000000
2024-12-03 15:45:59,271 DEBUG loaded <trimesh.Trimesh(vertices.shape=(916, 3), faces.shape=(856, 3))> using `load_obj` in 0.0030s
2024-12-03 15:45:59,422 DEBUG loaded <trimesh.Trimesh(vertices.shape=(48, 3), faces.shape=(28, 3))> using `load_obj` in 0.0007s
2024-12-03 15:46:08,063 INFO ==> EMD Loss: 16.689875
2024-12-03 15:46:08,063 INFO ==> Height map loss:  8.730123
2024-12-03 15:46:08,063 INFO ==> Insertion loss: 0.000000
2024-12-03 15:46:08,449 DEBUG loaded <trimesh.Trimesh(vertices.shape=(916, 3), faces.shape=(856, 3))> using `load_obj` in 0.0031s
2024-12-03 15:46:08,599 DEBUG loaded <trimesh.Trimesh(vertices.shape=(48, 3), faces.shape=(28, 3))> using `load_obj` in 0.0007s
2024-12-03 15:46:17,179 INFO ==> EMD Loss: 16.776432
2024-12-03 15:46:17,179 INFO ==> Height map loss:  8.738210
2024-12-03 15:46:17,179 INFO ==> Insertion loss: 0.000000
2024-12-03 15:46:17,562 DEBUG loaded <trimesh.Trimesh(vertices.shape=(916, 3), faces.shape=(856, 3))> using `load_obj` in 0.0029s
2024-12-03 15:46:17,713 DEBUG loaded <trimesh.Trimesh(vertices.shape=(48, 3), faces.shape=(28, 3))> using `load_obj` in 0.0007s
2024-12-03 15:46:26,292 INFO ==> EMD Loss: 16.804945
2024-12-03 15:46:26,292 INFO ==> Height map loss:  8.677732
2024-12-03 15:46:26,292 INFO ==> Insertion loss: 0.000000
2024-12-03 15:46:26,672 DEBUG loaded <trimesh.Trimesh(vertices.shape=(916, 3), faces.shape=(856, 3))> using `load_obj` in 0.0030s
2024-12-03 15:46:26,822 DEBUG loaded <trimesh.Trimesh(vertices.shape=(48, 3), faces.shape=(28, 3))> using `load_obj` in 0.0007s
2024-12-03 15:46:35,361 INFO ==> EMD Loss: 16.817995
2024-12-03 15:46:35,361 INFO ==> Height map loss:  8.690077
2024-12-03 15:46:35,361 INFO ==> Insertion loss: 0.000000
2024-12-03 15:46:35,747 DEBUG loaded <trimesh.Trimesh(vertices.shape=(916, 3), faces.shape=(856, 3))> using `load_obj` in 0.0029s
2024-12-03 15:46:35,896 DEBUG loaded <trimesh.Trimesh(vertices.shape=(48, 3), faces.shape=(28, 3))> using `load_obj` in 0.0007s
2024-12-03 15:46:58,960 INFO =====> Skill params: [ 0.83036953  0.614224    0.84310484 -0.04442203 -0.18874054]
2024-12-03 15:46:58,960 INFO =====> Grad: [ 2.6577346e+03 -1.7489048e+03  8.9781806e-06  9.5920410e+02
  4.0803316e-05]
2024-12-03 15:46:58,960 INFO =====> Num. aborted data so far: 0
2024-12-03 15:46:58,968 INFO ===========> Epoch: 19 optimisation losses
2024-12-03 15:46:58,968 INFO =====> EMD Loss: 16.805031
2024-12-03 15:46:58,968 INFO =====> Height map loss: 8.673952
2024-12-03 15:46:58,968 INFO =====> Insertion loss: 0.000000
2024-12-03 15:46:59,375 DEBUG loaded <trimesh.Trimesh(vertices.shape=(916, 3), faces.shape=(856, 3))> using `load_obj` in 0.0031s
2024-12-03 15:46:59,525 DEBUG loaded <trimesh.Trimesh(vertices.shape=(48, 3), faces.shape=(28, 3))> using `load_obj` in 0.0007s
2024-12-03 15:47:08,144 INFO ==> EMD Loss: 16.782314
2024-12-03 15:47:08,144 INFO ==> Height map loss:  8.703968
2024-12-03 15:47:08,144 INFO ==> Insertion loss: 0.000000
2024-12-03 15:47:08,525 DEBUG loaded <trimesh.Trimesh(vertices.shape=(916, 3), faces.shape=(856, 3))> using `load_obj` in 0.0029s
2024-12-03 15:47:08,675 DEBUG loaded <trimesh.Trimesh(vertices.shape=(48, 3), faces.shape=(28, 3))> using `load_obj` in 0.0007s
2024-12-03 15:47:17,295 INFO ==> EMD Loss: 17.061382
2024-12-03 15:47:17,295 INFO ==> Height map loss:  9.091124
2024-12-03 15:47:17,295 INFO ==> Insertion loss: 0.000000
2024-12-03 15:47:17,682 DEBUG loaded <trimesh.Trimesh(vertices.shape=(916, 3), faces.shape=(856, 3))> using `load_obj` in 0.0029s
2024-12-03 15:47:17,831 DEBUG loaded <trimesh.Trimesh(vertices.shape=(48, 3), faces.shape=(28, 3))> using `load_obj` in 0.0007s
2024-12-03 15:47:26,623 INFO ==> EMD Loss: 17.387959
2024-12-03 15:47:26,623 INFO ==> Height map loss:  9.729432
2024-12-03 15:47:26,623 INFO ==> Insertion loss: 0.000000
2024-12-03 15:47:27,007 DEBUG loaded <trimesh.Trimesh(vertices.shape=(916, 3), faces.shape=(856, 3))> using `load_obj` in 0.0029s
2024-12-03 15:47:27,155 DEBUG loaded <trimesh.Trimesh(vertices.shape=(48, 3), faces.shape=(28, 3))> using `load_obj` in 0.0007s
2024-12-03 15:47:35,994 INFO ==> EMD Loss: 17.432699
2024-12-03 15:47:35,994 INFO ==> Height map loss:  10.231744
2024-12-03 15:47:35,994 INFO ==> Insertion loss: 0.000000
2024-12-03 15:47:36,377 DEBUG loaded <trimesh.Trimesh(vertices.shape=(916, 3), faces.shape=(856, 3))> using `load_obj` in 0.0029s
2024-12-03 15:47:36,526 DEBUG loaded <trimesh.Trimesh(vertices.shape=(48, 3), faces.shape=(28, 3))> using `load_obj` in 0.0007s
2024-12-03 15:47:45,438 INFO ==> EMD Loss: 17.614265
2024-12-03 15:47:45,438 INFO ==> Height map loss:  10.565194
2024-12-03 15:47:45,438 INFO ==> Insertion loss: 0.000000
2024-12-03 15:47:45,821 DEBUG loaded <trimesh.Trimesh(vertices.shape=(916, 3), faces.shape=(856, 3))> using `load_obj` in 0.0029s
2024-12-03 15:47:45,970 DEBUG loaded <trimesh.Trimesh(vertices.shape=(48, 3), faces.shape=(28, 3))> using `load_obj` in 0.0007s
2024-12-03 15:47:54,192 INFO ===========> Finished training.
2024-12-03 15:47:54,193 INFO ====> Final EMD Loss: 16.782114
2024-12-03 15:47:54,193 INFO ====> Final Height map loss: 8.699323
2024-12-03 15:47:54,193 INFO ====> Final Insertion loss: 0.000000
2024-12-03 15:47:54,193 INFO ====> Final skill params: [ 0.8266308   0.61828274  0.8424132  -0.04778396 -0.19086333]
