2024-12-10 12:45:38,855 DEBUG loaded <trimesh.Trimesh(vertices.shape=(916, 3), faces.shape=(856, 3))> using `load_obj` in 0.0029s
2024-12-10 12:45:39,001 DEBUG loaded <trimesh.Trimesh(vertices.shape=(48, 3), faces.shape=(28, 3))> using `load_obj` in 0.0007s
2024-12-10 12:46:00,598 INFO =====> Skill params: [ 0.8861122   0.02265511  0.9524874  -0.83832794  0.21471167]
2024-12-10 12:46:00,598 INFO =====> Grad: [ 1.4100168e+02 -7.2276772e+03 -2.5477984e-06  3.3935822e+02
 -2.3325308e-06]
2024-12-10 12:46:00,598 INFO =====> Num. aborted data so far: 0
2024-12-10 12:46:00,599 INFO ===========> Epoch: 0 optimisation losses
2024-12-10 12:46:00,599 INFO =====> EMD Loss: 15.214457
2024-12-10 12:46:00,599 INFO =====> Height map loss: 8.063776
2024-12-10 12:46:01,249 DEBUG loaded <trimesh.Trimesh(vertices.shape=(916, 3), faces.shape=(856, 3))> using `load_obj` in 0.0030s
2024-12-10 12:46:01,395 DEBUG loaded <trimesh.Trimesh(vertices.shape=(48, 3), faces.shape=(28, 3))> using `load_obj` in 0.0007s
2024-12-10 12:46:09,140 INFO ==> EMD Loss: 15.147395
2024-12-10 12:46:09,141 INFO ==> Height map loss:  7.959834
2024-12-10 12:46:09,752 DEBUG loaded <trimesh.Trimesh(vertices.shape=(916, 3), faces.shape=(856, 3))> using `load_obj` in 0.0029s
2024-12-10 12:46:09,901 DEBUG loaded <trimesh.Trimesh(vertices.shape=(48, 3), faces.shape=(28, 3))> using `load_obj` in 0.0007s
2024-12-10 12:46:17,590 INFO ==> EMD Loss: 14.830791
2024-12-10 12:46:17,591 INFO ==> Height map loss:  7.492901
2024-12-10 12:46:18,210 DEBUG loaded <trimesh.Trimesh(vertices.shape=(916, 3), faces.shape=(856, 3))> using `load_obj` in 0.0029s
2024-12-10 12:46:18,362 DEBUG loaded <trimesh.Trimesh(vertices.shape=(48, 3), faces.shape=(28, 3))> using `load_obj` in 0.0007s
2024-12-10 12:46:26,020 INFO ==> EMD Loss: 14.302432
2024-12-10 12:46:26,020 INFO ==> Height map loss:  6.734410
2024-12-10 12:46:26,646 DEBUG loaded <trimesh.Trimesh(vertices.shape=(916, 3), faces.shape=(856, 3))> using `load_obj` in 0.0029s
2024-12-10 12:46:26,796 DEBUG loaded <trimesh.Trimesh(vertices.shape=(48, 3), faces.shape=(28, 3))> using `load_obj` in 0.0007s
2024-12-10 12:46:34,036 INFO ==> EMD Loss: 13.893881
2024-12-10 12:46:34,036 INFO ==> Height map loss:  6.160371
2024-12-10 12:46:34,658 DEBUG loaded <trimesh.Trimesh(vertices.shape=(916, 3), faces.shape=(856, 3))> using `load_obj` in 0.0028s
2024-12-10 12:46:34,808 DEBUG loaded <trimesh.Trimesh(vertices.shape=(48, 3), faces.shape=(28, 3))> using `load_obj` in 0.0007s
2024-12-10 12:46:42,397 INFO ==> EMD Loss: 13.869669
2024-12-10 12:46:42,397 INFO ==> Height map loss:  5.931493
2024-12-10 12:46:43,089 DEBUG loaded <trimesh.Trimesh(vertices.shape=(916, 3), faces.shape=(856, 3))> using `load_obj` in 0.0029s
2024-12-10 12:46:43,241 DEBUG loaded <trimesh.Trimesh(vertices.shape=(48, 3), faces.shape=(28, 3))> using `load_obj` in 0.0007s
2024-12-10 12:47:04,364 INFO =====> Skill params: [ 0.69637555  0.21239175  0.9540985  -1.          0.21618669]
2024-12-10 12:47:04,364 INFO =====> Grad: [ 1.6817085e+03 -3.9072288e+03  2.8548428e-05 -1.4985858e+02
 -1.5084888e-05]
2024-12-10 12:47:04,364 INFO =====> Num. aborted data so far: 0
2024-12-10 12:47:04,365 INFO ===========> Epoch: 1 optimisation losses
2024-12-10 12:47:04,365 INFO =====> EMD Loss: 13.883615
2024-12-10 12:47:04,365 INFO =====> Height map loss: 5.932013
2024-12-10 12:47:05,008 DEBUG loaded <trimesh.Trimesh(vertices.shape=(916, 3), faces.shape=(856, 3))> using `load_obj` in 0.0029s
2024-12-10 12:47:05,153 DEBUG loaded <trimesh.Trimesh(vertices.shape=(48, 3), faces.shape=(28, 3))> using `load_obj` in 0.0007s
2024-12-10 12:47:12,363 INFO ==> EMD Loss: 13.942882
2024-12-10 12:47:12,363 INFO ==> Height map loss:  5.883250
2024-12-10 12:47:12,974 DEBUG loaded <trimesh.Trimesh(vertices.shape=(916, 3), faces.shape=(856, 3))> using `load_obj` in 0.0029s
2024-12-10 12:47:13,120 DEBUG loaded <trimesh.Trimesh(vertices.shape=(48, 3), faces.shape=(28, 3))> using `load_obj` in 0.0007s
2024-12-10 12:47:20,562 INFO ==> EMD Loss: 14.291906
2024-12-10 12:47:20,562 INFO ==> Height map loss:  6.372405
2024-12-10 12:47:21,184 DEBUG loaded <trimesh.Trimesh(vertices.shape=(916, 3), faces.shape=(856, 3))> using `load_obj` in 0.0030s
2024-12-10 12:47:21,331 DEBUG loaded <trimesh.Trimesh(vertices.shape=(48, 3), faces.shape=(28, 3))> using `load_obj` in 0.0007s
2024-12-10 12:47:28,811 INFO ==> EMD Loss: 15.015487
2024-12-10 12:47:28,811 INFO ==> Height map loss:  7.283409
2024-12-10 12:47:29,431 DEBUG loaded <trimesh.Trimesh(vertices.shape=(916, 3), faces.shape=(856, 3))> using `load_obj` in 0.0029s
2024-12-10 12:47:29,584 DEBUG loaded <trimesh.Trimesh(vertices.shape=(48, 3), faces.shape=(28, 3))> using `load_obj` in 0.0007s
2024-12-10 12:47:37,041 INFO ==> EMD Loss: 15.624515
2024-12-10 12:47:37,041 INFO ==> Height map loss:  8.133964
2024-12-10 12:47:37,663 DEBUG loaded <trimesh.Trimesh(vertices.shape=(916, 3), faces.shape=(856, 3))> using `load_obj` in 0.0029s
2024-12-10 12:47:37,812 DEBUG loaded <trimesh.Trimesh(vertices.shape=(48, 3), faces.shape=(28, 3))> using `load_obj` in 0.0007s
2024-12-10 12:47:45,010 INFO ==> EMD Loss: 16.016979
2024-12-10 12:47:45,010 INFO ==> Height map loss:  8.603590
2024-12-10 12:47:45,685 DEBUG loaded <trimesh.Trimesh(vertices.shape=(916, 3), faces.shape=(856, 3))> using `load_obj` in 0.0029s
2024-12-10 12:47:45,830 DEBUG loaded <trimesh.Trimesh(vertices.shape=(48, 3), faces.shape=(28, 3))> using `load_obj` in 0.0007s
2024-12-10 12:48:06,926 INFO =====> Skill params: [ 0.68691856  0.21708862  0.9531518  -0.99599653  0.21668874]
2024-12-10 12:48:06,926 INFO =====> Grad: [-1.7665529e+03  3.8161729e+03 -8.4169387e-06 -4.7255930e+02
 -1.8403298e-06]
2024-12-10 12:48:06,928 INFO =====> Num. aborted data so far: 0
2024-12-10 12:48:06,929 INFO ===========> Epoch: 2 optimisation losses
2024-12-10 12:48:06,929 INFO =====> EMD Loss: 13.943039
2024-12-10 12:48:06,929 INFO =====> Height map loss: 5.886372
2024-12-10 12:48:07,577 DEBUG loaded <trimesh.Trimesh(vertices.shape=(916, 3), faces.shape=(856, 3))> using `load_obj` in 0.0031s
2024-12-10 12:48:07,721 DEBUG loaded <trimesh.Trimesh(vertices.shape=(48, 3), faces.shape=(28, 3))> using `load_obj` in 0.0007s
2024-12-10 12:48:15,274 INFO ==> EMD Loss: 13.903715
2024-12-10 12:48:15,274 INFO ==> Height map loss:  5.951825
2024-12-10 12:48:15,899 DEBUG loaded <trimesh.Trimesh(vertices.shape=(916, 3), faces.shape=(856, 3))> using `load_obj` in 0.0029s
2024-12-10 12:48:16,048 DEBUG loaded <trimesh.Trimesh(vertices.shape=(48, 3), faces.shape=(28, 3))> using `load_obj` in 0.0007s
2024-12-10 12:48:23,297 INFO ==> EMD Loss: 13.727453
2024-12-10 12:48:23,297 INFO ==> Height map loss:  5.906054
2024-12-10 12:48:23,920 DEBUG loaded <trimesh.Trimesh(vertices.shape=(916, 3), faces.shape=(856, 3))> using `load_obj` in 0.0028s
2024-12-10 12:48:24,069 DEBUG loaded <trimesh.Trimesh(vertices.shape=(48, 3), faces.shape=(28, 3))> using `load_obj` in 0.0007s
2024-12-10 12:48:31,672 INFO ==> EMD Loss: 13.815507
2024-12-10 12:48:31,672 INFO ==> Height map loss:  6.145685
2024-12-10 12:48:32,294 DEBUG loaded <trimesh.Trimesh(vertices.shape=(916, 3), faces.shape=(856, 3))> using `load_obj` in 0.0029s
2024-12-10 12:48:32,443 DEBUG loaded <trimesh.Trimesh(vertices.shape=(48, 3), faces.shape=(28, 3))> using `load_obj` in 0.0007s
2024-12-10 12:48:40,046 INFO ==> EMD Loss: 13.939733
2024-12-10 12:48:40,046 INFO ==> Height map loss:  6.467866
2024-12-10 12:48:40,653 DEBUG loaded <trimesh.Trimesh(vertices.shape=(916, 3), faces.shape=(856, 3))> using `load_obj` in 0.0029s
2024-12-10 12:48:40,800 DEBUG loaded <trimesh.Trimesh(vertices.shape=(48, 3), faces.shape=(28, 3))> using `load_obj` in 0.0007s
2024-12-10 12:48:48,448 INFO ==> EMD Loss: 14.143302
2024-12-10 12:48:48,448 INFO ==> Height map loss:  6.731698
2024-12-10 12:48:49,071 DEBUG loaded <trimesh.Trimesh(vertices.shape=(916, 3), faces.shape=(856, 3))> using `load_obj` in 0.0029s
2024-12-10 12:48:49,214 DEBUG loaded <trimesh.Trimesh(vertices.shape=(48, 3), faces.shape=(28, 3))> using `load_obj` in 0.0007s
2024-12-10 12:49:10,217 INFO =====> Skill params: [ 0.7220715   0.19554766  0.9546222  -0.95737255  0.21701154]
2024-12-10 12:49:10,217 INFO =====> Grad: [-1.5055580e+03  4.3305166e+03 -7.3190704e-06 -3.7950974e+02
  1.5909773e-05]
2024-12-10 12:49:10,217 INFO =====> Num. aborted data so far: 0
2024-12-10 12:49:10,218 INFO ===========> Epoch: 3 optimisation losses
2024-12-10 12:49:10,218 INFO =====> EMD Loss: 13.726172
2024-12-10 12:49:10,218 INFO =====> Height map loss: 5.905075
2024-12-10 12:49:10,882 DEBUG loaded <trimesh.Trimesh(vertices.shape=(916, 3), faces.shape=(856, 3))> using `load_obj` in 0.0030s
2024-12-10 12:49:11,027 DEBUG loaded <trimesh.Trimesh(vertices.shape=(48, 3), faces.shape=(28, 3))> using `load_obj` in 0.0007s
2024-12-10 12:49:18,625 INFO ==> EMD Loss: 13.694033
2024-12-10 12:49:18,625 INFO ==> Height map loss:  5.896153
2024-12-10 12:49:19,315 DEBUG loaded <trimesh.Trimesh(vertices.shape=(916, 3), faces.shape=(856, 3))> using `load_obj` in 0.0029s
2024-12-10 12:49:19,462 DEBUG loaded <trimesh.Trimesh(vertices.shape=(48, 3), faces.shape=(28, 3))> using `load_obj` in 0.0007s
2024-12-10 12:49:27,064 INFO ==> EMD Loss: 13.796176
2024-12-10 12:49:27,064 INFO ==> Height map loss:  6.090560
2024-12-10 12:49:27,683 DEBUG loaded <trimesh.Trimesh(vertices.shape=(916, 3), faces.shape=(856, 3))> using `load_obj` in 0.0029s
2024-12-10 12:49:27,835 DEBUG loaded <trimesh.Trimesh(vertices.shape=(48, 3), faces.shape=(28, 3))> using `load_obj` in 0.0007s
2024-12-10 12:49:35,478 INFO ==> EMD Loss: 13.887623
2024-12-10 12:49:35,479 INFO ==> Height map loss:  6.357646
2024-12-10 12:49:36,094 DEBUG loaded <trimesh.Trimesh(vertices.shape=(916, 3), faces.shape=(856, 3))> using `load_obj` in 0.0029s
2024-12-10 12:49:36,239 DEBUG loaded <trimesh.Trimesh(vertices.shape=(48, 3), faces.shape=(28, 3))> using `load_obj` in 0.0007s
2024-12-10 12:49:43,605 INFO ==> EMD Loss: 14.049738
2024-12-10 12:49:43,606 INFO ==> Height map loss:  6.657304
2024-12-10 12:49:44,222 DEBUG loaded <trimesh.Trimesh(vertices.shape=(916, 3), faces.shape=(856, 3))> using `load_obj` in 0.0029s
2024-12-10 12:49:44,372 DEBUG loaded <trimesh.Trimesh(vertices.shape=(48, 3), faces.shape=(28, 3))> using `load_obj` in 0.0007s
2024-12-10 12:49:52,059 INFO ==> EMD Loss: 14.284381
2024-12-10 12:49:52,059 INFO ==> Height map loss:  7.048199
2024-12-10 12:49:52,707 DEBUG loaded <trimesh.Trimesh(vertices.shape=(916, 3), faces.shape=(856, 3))> using `load_obj` in 0.0030s
2024-12-10 12:49:52,856 DEBUG loaded <trimesh.Trimesh(vertices.shape=(48, 3), faces.shape=(28, 3))> using `load_obj` in 0.0007s
2024-12-10 12:50:13,825 INFO =====> Skill params: [ 0.72732896  0.19101933  0.9548916  -0.9519884   0.21642435]
2024-12-10 12:50:13,825 INFO =====> Grad: [-1.4495085e+03  4.1780703e+03  5.6567460e-05  6.0966119e+02
 -1.5354764e-05]
2024-12-10 12:50:13,825 INFO =====> Num. aborted data so far: 0
2024-12-10 12:50:13,826 INFO ===========> Epoch: 4 optimisation losses
2024-12-10 12:50:13,826 INFO =====> EMD Loss: 13.690104
2024-12-10 12:50:13,826 INFO =====> Height map loss: 5.896461
2024-12-10 12:50:14,484 DEBUG loaded <trimesh.Trimesh(vertices.shape=(916, 3), faces.shape=(856, 3))> using `load_obj` in 0.0030s
2024-12-10 12:50:14,632 DEBUG loaded <trimesh.Trimesh(vertices.shape=(48, 3), faces.shape=(28, 3))> using `load_obj` in 0.0007s
2024-12-10 12:50:22,272 INFO ==> EMD Loss: 13.723227
2024-12-10 12:50:22,272 INFO ==> Height map loss:  5.853278
2024-12-10 12:50:22,892 DEBUG loaded <trimesh.Trimesh(vertices.shape=(916, 3), faces.shape=(856, 3))> using `load_obj` in 0.0030s
2024-12-10 12:50:23,041 DEBUG loaded <trimesh.Trimesh(vertices.shape=(48, 3), faces.shape=(28, 3))> using `load_obj` in 0.0007s
2024-12-10 12:50:30,698 INFO ==> EMD Loss: 13.954207
2024-12-10 12:50:30,698 INFO ==> Height map loss:  6.213517
2024-12-10 12:50:31,321 DEBUG loaded <trimesh.Trimesh(vertices.shape=(916, 3), faces.shape=(856, 3))> using `load_obj` in 0.0030s
2024-12-10 12:50:31,467 DEBUG loaded <trimesh.Trimesh(vertices.shape=(48, 3), faces.shape=(28, 3))> using `load_obj` in 0.0007s
2024-12-10 12:50:39,138 INFO ==> EMD Loss: 14.249483
2024-12-10 12:50:39,138 INFO ==> Height map loss:  6.544974
2024-12-10 12:50:39,763 DEBUG loaded <trimesh.Trimesh(vertices.shape=(916, 3), faces.shape=(856, 3))> using `load_obj` in 0.0029s
2024-12-10 12:50:39,909 DEBUG loaded <trimesh.Trimesh(vertices.shape=(48, 3), faces.shape=(28, 3))> using `load_obj` in 0.0007s
2024-12-10 12:50:47,595 INFO ==> EMD Loss: 14.472418
2024-12-10 12:50:47,595 INFO ==> Height map loss:  6.845481
2024-12-10 12:50:48,208 DEBUG loaded <trimesh.Trimesh(vertices.shape=(916, 3), faces.shape=(856, 3))> using `load_obj` in 0.0029s
2024-12-10 12:50:48,353 DEBUG loaded <trimesh.Trimesh(vertices.shape=(48, 3), faces.shape=(28, 3))> using `load_obj` in 0.0007s
2024-12-10 12:50:55,711 INFO ==> EMD Loss: 14.641790
2024-12-10 12:50:55,711 INFO ==> Height map loss:  7.079247
2024-12-10 12:50:56,359 DEBUG loaded <trimesh.Trimesh(vertices.shape=(916, 3), faces.shape=(856, 3))> using `load_obj` in 0.0030s
2024-12-10 12:50:56,515 DEBUG loaded <trimesh.Trimesh(vertices.shape=(48, 3), faces.shape=(28, 3))> using `load_obj` in 0.0007s
2024-12-10 12:51:17,857 INFO =====> Skill params: [ 0.7319794   0.18687642  0.95275307 -0.958562    0.21702053]
2024-12-10 12:51:17,857 INFO =====> Grad: [-1.4001095e+03  4.4568184e+03  6.4464130e-06  3.5748138e+02
 -3.9779670e-06]
2024-12-10 12:51:17,857 INFO =====> Num. aborted data so far: 0
2024-12-10 12:51:17,858 INFO ===========> Epoch: 5 optimisation losses
2024-12-10 12:51:17,858 INFO =====> EMD Loss: 13.727815
2024-12-10 12:51:17,858 INFO =====> Height map loss: 5.851109
2024-12-10 12:51:18,510 DEBUG loaded <trimesh.Trimesh(vertices.shape=(916, 3), faces.shape=(856, 3))> using `load_obj` in 0.0030s
2024-12-10 12:51:18,656 DEBUG loaded <trimesh.Trimesh(vertices.shape=(48, 3), faces.shape=(28, 3))> using `load_obj` in 0.0007s
2024-12-10 12:51:25,926 INFO ==> EMD Loss: 13.787122
2024-12-10 12:51:25,926 INFO ==> Height map loss:  6.000350
2024-12-10 12:51:26,550 DEBUG loaded <trimesh.Trimesh(vertices.shape=(916, 3), faces.shape=(856, 3))> using `load_obj` in 0.0029s
2024-12-10 12:51:26,695 DEBUG loaded <trimesh.Trimesh(vertices.shape=(48, 3), faces.shape=(28, 3))> using `load_obj` in 0.0007s
2024-12-10 12:51:34,347 INFO ==> EMD Loss: 13.944540
2024-12-10 12:51:34,347 INFO ==> Height map loss:  6.241273
2024-12-10 12:51:34,974 DEBUG loaded <trimesh.Trimesh(vertices.shape=(916, 3), faces.shape=(856, 3))> using `load_obj` in 0.0030s
2024-12-10 12:51:35,120 DEBUG loaded <trimesh.Trimesh(vertices.shape=(48, 3), faces.shape=(28, 3))> using `load_obj` in 0.0007s
2024-12-10 12:51:42,774 INFO ==> EMD Loss: 14.281116
2024-12-10 12:51:42,774 INFO ==> Height map loss:  6.561765
2024-12-10 12:51:43,399 DEBUG loaded <trimesh.Trimesh(vertices.shape=(916, 3), faces.shape=(856, 3))> using `load_obj` in 0.0030s
2024-12-10 12:51:43,547 DEBUG loaded <trimesh.Trimesh(vertices.shape=(48, 3), faces.shape=(28, 3))> using `load_obj` in 0.0007s
2024-12-10 12:51:51,230 INFO ==> EMD Loss: 14.433202
2024-12-10 12:51:51,230 INFO ==> Height map loss:  6.890053
2024-12-10 12:51:51,855 DEBUG loaded <trimesh.Trimesh(vertices.shape=(916, 3), faces.shape=(856, 3))> using `load_obj` in 0.0029s
2024-12-10 12:51:52,001 DEBUG loaded <trimesh.Trimesh(vertices.shape=(48, 3), faces.shape=(28, 3))> using `load_obj` in 0.0007s
2024-12-10 12:51:59,392 INFO ==> EMD Loss: 14.694279
2024-12-10 12:51:59,392 INFO ==> Height map loss:  7.161037
2024-12-10 12:52:00,024 DEBUG loaded <trimesh.Trimesh(vertices.shape=(916, 3), faces.shape=(856, 3))> using `load_obj` in 0.0028s
2024-12-10 12:52:00,178 DEBUG loaded <trimesh.Trimesh(vertices.shape=(48, 3), faces.shape=(28, 3))> using `load_obj` in 0.0007s
2024-12-10 12:52:21,579 INFO =====> Skill params: [ 0.736216    0.18269496  0.9524963  -0.9622969   0.2171833 ]
2024-12-10 12:52:21,579 INFO =====> Grad: [-1.3530731e+03  4.5459932e+03 -1.4950419e-05  1.7278944e+02
 -9.0649555e-05]
2024-12-10 12:52:21,579 INFO =====> Num. aborted data so far: 0
2024-12-10 12:52:21,580 INFO ===========> Epoch: 6 optimisation losses
2024-12-10 12:52:21,580 INFO =====> EMD Loss: 13.787526
2024-12-10 12:52:21,580 INFO =====> Height map loss: 5.996503
2024-12-10 12:52:22,237 DEBUG loaded <trimesh.Trimesh(vertices.shape=(916, 3), faces.shape=(856, 3))> using `load_obj` in 0.0031s
2024-12-10 12:52:22,383 DEBUG loaded <trimesh.Trimesh(vertices.shape=(48, 3), faces.shape=(28, 3))> using `load_obj` in 0.0007s
2024-12-10 12:52:30,014 INFO ==> EMD Loss: 13.844172
2024-12-10 12:52:30,014 INFO ==> Height map loss:  6.028963
2024-12-10 12:52:30,635 DEBUG loaded <trimesh.Trimesh(vertices.shape=(916, 3), faces.shape=(856, 3))> using `load_obj` in 0.0030s
2024-12-10 12:52:30,782 DEBUG loaded <trimesh.Trimesh(vertices.shape=(48, 3), faces.shape=(28, 3))> using `load_obj` in 0.0007s
2024-12-10 12:52:38,098 INFO ==> EMD Loss: 13.979530
2024-12-10 12:52:38,098 INFO ==> Height map loss:  6.240829
2024-12-10 12:52:38,796 DEBUG loaded <trimesh.Trimesh(vertices.shape=(916, 3), faces.shape=(856, 3))> using `load_obj` in 0.0030s
2024-12-10 12:52:38,943 DEBUG loaded <trimesh.Trimesh(vertices.shape=(48, 3), faces.shape=(28, 3))> using `load_obj` in 0.0007s
2024-12-10 12:52:46,677 INFO ==> EMD Loss: 14.214931
2024-12-10 12:52:46,677 INFO ==> Height map loss:  6.529371
2024-12-10 12:52:47,304 DEBUG loaded <trimesh.Trimesh(vertices.shape=(916, 3), faces.shape=(856, 3))> using `load_obj` in 0.0030s
2024-12-10 12:52:47,452 DEBUG loaded <trimesh.Trimesh(vertices.shape=(48, 3), faces.shape=(28, 3))> using `load_obj` in 0.0007s
2024-12-10 12:52:55,175 INFO ==> EMD Loss: 14.404962
2024-12-10 12:52:55,175 INFO ==> Height map loss:  6.836105
2024-12-10 12:52:55,789 DEBUG loaded <trimesh.Trimesh(vertices.shape=(916, 3), faces.shape=(856, 3))> using `load_obj` in 0.0030s
2024-12-10 12:52:55,935 DEBUG loaded <trimesh.Trimesh(vertices.shape=(48, 3), faces.shape=(28, 3))> using `load_obj` in 0.0007s
2024-12-10 12:53:03,710 INFO ==> EMD Loss: 14.601529
2024-12-10 12:53:03,710 INFO ==> Height map loss:  7.096038
2024-12-10 12:53:04,331 DEBUG loaded <trimesh.Trimesh(vertices.shape=(916, 3), faces.shape=(856, 3))> using `load_obj` in 0.0030s
2024-12-10 12:53:04,477 DEBUG loaded <trimesh.Trimesh(vertices.shape=(48, 3), faces.shape=(28, 3))> using `load_obj` in 0.0007s
2024-12-10 12:53:25,636 INFO =====> Skill params: [ 0.7401444   0.17863224  0.9531227  -0.96416265  0.22079834]
2024-12-10 12:53:25,636 INFO =====> Grad: [-1.3089775e+03  4.6056216e+03  1.4524280e-05 -6.7175525e+02
 -9.8704886e-06]
2024-12-10 12:53:25,636 INFO =====> Num. aborted data so far: 0
2024-12-10 12:53:25,637 INFO ===========> Epoch: 7 optimisation losses
2024-12-10 12:53:25,637 INFO =====> EMD Loss: 13.845811
2024-12-10 12:53:25,637 INFO =====> Height map loss: 6.032971
2024-12-10 12:53:26,291 DEBUG loaded <trimesh.Trimesh(vertices.shape=(916, 3), faces.shape=(856, 3))> using `load_obj` in 0.0031s
2024-12-10 12:53:26,437 DEBUG loaded <trimesh.Trimesh(vertices.shape=(48, 3), faces.shape=(28, 3))> using `load_obj` in 0.0007s
2024-12-10 12:53:34,106 INFO ==> EMD Loss: 13.861695
2024-12-10 12:53:34,106 INFO ==> Height map loss:  6.076781
2024-12-10 12:53:34,790 DEBUG loaded <trimesh.Trimesh(vertices.shape=(916, 3), faces.shape=(856, 3))> using `load_obj` in 0.0030s
2024-12-10 12:53:34,938 DEBUG loaded <trimesh.Trimesh(vertices.shape=(48, 3), faces.shape=(28, 3))> using `load_obj` in 0.0007s
2024-12-10 12:53:42,616 INFO ==> EMD Loss: 13.912087
2024-12-10 12:53:42,616 INFO ==> Height map loss:  6.225387
2024-12-10 12:53:43,237 DEBUG loaded <trimesh.Trimesh(vertices.shape=(916, 3), faces.shape=(856, 3))> using `load_obj` in 0.0029s
2024-12-10 12:53:43,384 DEBUG loaded <trimesh.Trimesh(vertices.shape=(48, 3), faces.shape=(28, 3))> using `load_obj` in 0.0007s
2024-12-10 12:53:50,734 INFO ==> EMD Loss: 13.999514
2024-12-10 12:53:50,734 INFO ==> Height map loss:  6.429149
2024-12-10 12:53:51,386 DEBUG loaded <trimesh.Trimesh(vertices.shape=(916, 3), faces.shape=(856, 3))> using `load_obj` in 0.0029s
2024-12-10 12:53:51,537 DEBUG loaded <trimesh.Trimesh(vertices.shape=(48, 3), faces.shape=(28, 3))> using `load_obj` in 0.0007s
2024-12-10 12:53:59,235 INFO ==> EMD Loss: 13.970910
2024-12-10 12:53:59,235 INFO ==> Height map loss:  6.573184
2024-12-10 12:53:59,856 DEBUG loaded <trimesh.Trimesh(vertices.shape=(916, 3), faces.shape=(856, 3))> using `load_obj` in 0.0029s
2024-12-10 12:54:00,004 DEBUG loaded <trimesh.Trimesh(vertices.shape=(48, 3), faces.shape=(28, 3))> using `load_obj` in 0.0007s
2024-12-10 12:54:07,744 INFO ==> EMD Loss: 14.310081
2024-12-10 12:54:07,744 INFO ==> Height map loss:  6.889276
2024-12-10 12:54:08,365 DEBUG loaded <trimesh.Trimesh(vertices.shape=(916, 3), faces.shape=(856, 3))> using `load_obj` in 0.0029s
2024-12-10 12:54:08,510 DEBUG loaded <trimesh.Trimesh(vertices.shape=(48, 3), faces.shape=(28, 3))> using `load_obj` in 0.0007s
2024-12-10 12:54:29,629 INFO =====> Skill params: [ 0.74383473  0.17468664  0.9524827  -0.9582095   0.22121286]
2024-12-10 12:54:29,629 INFO =====> Grad: [ 4.1234485e+02  6.1959778e+02  2.5416904e-05 -4.6494235e+02
 -1.1934161e-05]
2024-12-10 12:54:29,629 INFO =====> Num. aborted data so far: 0
2024-12-10 12:54:29,630 INFO ===========> Epoch: 8 optimisation losses
2024-12-10 12:54:29,630 INFO =====> EMD Loss: 13.863525
2024-12-10 12:54:29,630 INFO =====> Height map loss: 6.081158
2024-12-10 12:54:30,286 DEBUG loaded <trimesh.Trimesh(vertices.shape=(916, 3), faces.shape=(856, 3))> using `load_obj` in 0.0030s
2024-12-10 12:54:30,432 DEBUG loaded <trimesh.Trimesh(vertices.shape=(48, 3), faces.shape=(28, 3))> using `load_obj` in 0.0007s
2024-12-10 12:54:38,090 INFO ==> EMD Loss: 13.817412
2024-12-10 12:54:38,090 INFO ==> Height map loss:  6.082164
2024-12-10 12:54:38,711 DEBUG loaded <trimesh.Trimesh(vertices.shape=(916, 3), faces.shape=(856, 3))> using `load_obj` in 0.0030s
2024-12-10 12:54:38,858 DEBUG loaded <trimesh.Trimesh(vertices.shape=(48, 3), faces.shape=(28, 3))> using `load_obj` in 0.0007s
2024-12-10 12:54:46,507 INFO ==> EMD Loss: 13.772635
2024-12-10 12:54:46,507 INFO ==> Height map loss:  6.077732
2024-12-10 12:54:47,132 DEBUG loaded <trimesh.Trimesh(vertices.shape=(916, 3), faces.shape=(856, 3))> using `load_obj` in 0.0030s
2024-12-10 12:54:47,278 DEBUG loaded <trimesh.Trimesh(vertices.shape=(48, 3), faces.shape=(28, 3))> using `load_obj` in 0.0007s
2024-12-10 12:54:54,530 INFO ==> EMD Loss: 13.729778
2024-12-10 12:54:54,531 INFO ==> Height map loss:  6.007463
2024-12-10 12:54:55,150 DEBUG loaded <trimesh.Trimesh(vertices.shape=(916, 3), faces.shape=(856, 3))> using `load_obj` in 0.0028s
2024-12-10 12:54:55,296 DEBUG loaded <trimesh.Trimesh(vertices.shape=(48, 3), faces.shape=(28, 3))> using `load_obj` in 0.0007s
2024-12-10 12:55:02,899 INFO ==> EMD Loss: 13.839373
2024-12-10 12:55:02,899 INFO ==> Height map loss:  6.143523
2024-12-10 12:55:03,520 DEBUG loaded <trimesh.Trimesh(vertices.shape=(916, 3), faces.shape=(856, 3))> using `load_obj` in 0.0029s
2024-12-10 12:55:03,665 DEBUG loaded <trimesh.Trimesh(vertices.shape=(48, 3), faces.shape=(28, 3))> using `load_obj` in 0.0007s
2024-12-10 12:55:11,266 INFO ==> EMD Loss: 13.831422
2024-12-10 12:55:11,266 INFO ==> Height map loss:  6.114236
2024-12-10 12:55:11,886 DEBUG loaded <trimesh.Trimesh(vertices.shape=(916, 3), faces.shape=(856, 3))> using `load_obj` in 0.0030s
2024-12-10 12:55:12,034 DEBUG loaded <trimesh.Trimesh(vertices.shape=(48, 3), faces.shape=(28, 3))> using `load_obj` in 0.0007s
2024-12-10 12:55:33,103 INFO =====> Skill params: [ 0.7316817   0.16910116  0.9407676  -0.9187191   0.22648762]
2024-12-10 12:55:33,103 INFO =====> Grad: [-1.2679658e+03  4.6469009e+03 -1.7956061e-05 -6.4325000e+02
 -1.6504911e-05]
2024-12-10 12:55:33,103 INFO =====> Num. aborted data so far: 0
2024-12-10 12:55:33,104 INFO ===========> Epoch: 9 optimisation losses
2024-12-10 12:55:33,104 INFO =====> EMD Loss: 13.727049
2024-12-10 12:55:33,104 INFO =====> Height map loss: 6.007777
2024-12-10 12:55:33,783 DEBUG loaded <trimesh.Trimesh(vertices.shape=(916, 3), faces.shape=(856, 3))> using `load_obj` in 0.0030s
2024-12-10 12:55:33,928 DEBUG loaded <trimesh.Trimesh(vertices.shape=(48, 3), faces.shape=(28, 3))> using `load_obj` in 0.0007s
2024-12-10 12:55:41,587 INFO ==> EMD Loss: 13.806152
2024-12-10 12:55:41,587 INFO ==> Height map loss:  6.098668
2024-12-10 12:55:42,208 DEBUG loaded <trimesh.Trimesh(vertices.shape=(916, 3), faces.shape=(856, 3))> using `load_obj` in 0.0029s
2024-12-10 12:55:42,352 DEBUG loaded <trimesh.Trimesh(vertices.shape=(48, 3), faces.shape=(28, 3))> using `load_obj` in 0.0007s
2024-12-10 12:55:50,011 INFO ==> EMD Loss: 13.837234
2024-12-10 12:55:50,011 INFO ==> Height map loss:  6.168434
2024-12-10 12:55:50,626 DEBUG loaded <trimesh.Trimesh(vertices.shape=(916, 3), faces.shape=(856, 3))> using `load_obj` in 0.0030s
2024-12-10 12:55:50,772 DEBUG loaded <trimesh.Trimesh(vertices.shape=(48, 3), faces.shape=(28, 3))> using `load_obj` in 0.0007s
2024-12-10 12:55:58,455 INFO ==> EMD Loss: 13.970860
2024-12-10 12:55:58,455 INFO ==> Height map loss:  6.455318
2024-12-10 12:55:59,096 DEBUG loaded <trimesh.Trimesh(vertices.shape=(916, 3), faces.shape=(856, 3))> using `load_obj` in 0.0029s
2024-12-10 12:55:59,242 DEBUG loaded <trimesh.Trimesh(vertices.shape=(48, 3), faces.shape=(28, 3))> using `load_obj` in 0.0007s
2024-12-10 12:56:06,596 INFO ==> EMD Loss: 14.252645
2024-12-10 12:56:06,596 INFO ==> Height map loss:  6.683008
2024-12-10 12:56:07,217 DEBUG loaded <trimesh.Trimesh(vertices.shape=(916, 3), faces.shape=(856, 3))> using `load_obj` in 0.0029s
2024-12-10 12:56:07,363 DEBUG loaded <trimesh.Trimesh(vertices.shape=(48, 3), faces.shape=(28, 3))> using `load_obj` in 0.0007s
2024-12-10 12:56:15,102 INFO ==> EMD Loss: 14.148501
2024-12-10 12:56:15,102 INFO ==> Height map loss:  6.899540
2024-12-10 12:56:15,725 DEBUG loaded <trimesh.Trimesh(vertices.shape=(916, 3), faces.shape=(856, 3))> using `load_obj` in 0.0031s
2024-12-10 12:56:15,871 DEBUG loaded <trimesh.Trimesh(vertices.shape=(48, 3), faces.shape=(28, 3))> using `load_obj` in 0.0007s
2024-12-10 12:56:36,975 INFO =====> Skill params: [ 0.73531973  0.16509794  0.9416363  -0.9137962   0.22725406]
2024-12-10 12:56:36,975 INFO =====> Grad: [-1.2257289e+03  4.7587134e+03  2.7471779e-06 -5.9058398e+02
 -1.2643601e-05]
2024-12-10 12:56:36,975 INFO =====> Num. aborted data so far: 0
2024-12-10 12:56:36,976 INFO ===========> Epoch: 10 optimisation losses
2024-12-10 12:56:36,976 INFO =====> EMD Loss: 13.805462
2024-12-10 12:56:36,976 INFO =====> Height map loss: 6.097855
2024-12-10 12:56:37,651 DEBUG loaded <trimesh.Trimesh(vertices.shape=(916, 3), faces.shape=(856, 3))> using `load_obj` in 0.0029s
2024-12-10 12:56:37,797 DEBUG loaded <trimesh.Trimesh(vertices.shape=(48, 3), faces.shape=(28, 3))> using `load_obj` in 0.0007s
2024-12-10 12:56:45,443 INFO ==> EMD Loss: 13.804357
2024-12-10 12:56:45,443 INFO ==> Height map loss:  6.112318
2024-12-10 12:56:46,053 DEBUG loaded <trimesh.Trimesh(vertices.shape=(916, 3), faces.shape=(856, 3))> using `load_obj` in 0.0030s
2024-12-10 12:56:46,199 DEBUG loaded <trimesh.Trimesh(vertices.shape=(48, 3), faces.shape=(28, 3))> using `load_obj` in 0.0007s
2024-12-10 12:56:53,865 INFO ==> EMD Loss: 13.823347
2024-12-10 12:56:53,865 INFO ==> Height map loss:  6.328773
2024-12-10 12:56:54,487 DEBUG loaded <trimesh.Trimesh(vertices.shape=(916, 3), faces.shape=(856, 3))> using `load_obj` in 0.0031s
2024-12-10 12:56:54,632 DEBUG loaded <trimesh.Trimesh(vertices.shape=(48, 3), faces.shape=(28, 3))> using `load_obj` in 0.0007s
2024-12-10 12:57:02,378 INFO ==> EMD Loss: 13.988276
2024-12-10 12:57:02,379 INFO ==> Height map loss:  6.463357
2024-12-10 12:57:02,996 DEBUG loaded <trimesh.Trimesh(vertices.shape=(916, 3), faces.shape=(856, 3))> using `load_obj` in 0.0029s
2024-12-10 12:57:03,141 DEBUG loaded <trimesh.Trimesh(vertices.shape=(48, 3), faces.shape=(28, 3))> using `load_obj` in 0.0007s
2024-12-10 12:57:10,468 INFO ==> EMD Loss: 14.303681
2024-12-10 12:57:10,468 INFO ==> Height map loss:  6.666271
2024-12-10 12:57:11,093 DEBUG loaded <trimesh.Trimesh(vertices.shape=(916, 3), faces.shape=(856, 3))> using `load_obj` in 0.0028s
2024-12-10 12:57:11,239 DEBUG loaded <trimesh.Trimesh(vertices.shape=(48, 3), faces.shape=(28, 3))> using `load_obj` in 0.0007s
2024-12-10 12:57:18,959 INFO ==> EMD Loss: 14.274673
2024-12-10 12:57:18,959 INFO ==> Height map loss:  7.046861
2024-12-10 12:57:19,619 DEBUG loaded <trimesh.Trimesh(vertices.shape=(916, 3), faces.shape=(856, 3))> using `load_obj` in 0.0029s
2024-12-10 12:57:19,765 DEBUG loaded <trimesh.Trimesh(vertices.shape=(48, 3), faces.shape=(28, 3))> using `load_obj` in 0.0007s
2024-12-10 12:57:40,855 INFO =====> Skill params: [ 0.7387726   0.16116539  0.94149625 -0.90953857  0.22787163]
2024-12-10 12:57:40,855 INFO =====> Grad: [-1.1853743e+03  4.8839639e+03 -2.1816541e-06 -6.6429822e+02
 -5.5320765e-05]
2024-12-10 12:57:40,855 INFO =====> Num. aborted data so far: 0
2024-12-10 12:57:40,856 INFO ===========> Epoch: 11 optimisation losses
2024-12-10 12:57:40,856 INFO =====> EMD Loss: 13.784569
2024-12-10 12:57:40,856 INFO =====> Height map loss: 6.103834
2024-12-10 12:57:41,506 DEBUG loaded <trimesh.Trimesh(vertices.shape=(916, 3), faces.shape=(856, 3))> using `load_obj` in 0.0029s
2024-12-10 12:57:41,651 DEBUG loaded <trimesh.Trimesh(vertices.shape=(48, 3), faces.shape=(28, 3))> using `load_obj` in 0.0007s
2024-12-10 12:57:49,316 INFO ==> EMD Loss: 13.844089
2024-12-10 12:57:49,316 INFO ==> Height map loss:  6.170901
2024-12-10 12:57:49,945 DEBUG loaded <trimesh.Trimesh(vertices.shape=(916, 3), faces.shape=(856, 3))> using `load_obj` in 0.0030s
2024-12-10 12:57:50,093 DEBUG loaded <trimesh.Trimesh(vertices.shape=(48, 3), faces.shape=(28, 3))> using `load_obj` in 0.0007s
2024-12-10 12:57:57,842 INFO ==> EMD Loss: 13.834880
2024-12-10 12:57:57,842 INFO ==> Height map loss:  6.344281
2024-12-10 12:57:58,456 DEBUG loaded <trimesh.Trimesh(vertices.shape=(916, 3), faces.shape=(856, 3))> using `load_obj` in 0.0029s
2024-12-10 12:57:58,600 DEBUG loaded <trimesh.Trimesh(vertices.shape=(48, 3), faces.shape=(28, 3))> using `load_obj` in 0.0007s
2024-12-10 12:58:06,305 INFO ==> EMD Loss: 13.954402
2024-12-10 12:58:06,305 INFO ==> Height map loss:  6.469482
2024-12-10 12:58:06,925 DEBUG loaded <trimesh.Trimesh(vertices.shape=(916, 3), faces.shape=(856, 3))> using `load_obj` in 0.0029s
2024-12-10 12:58:07,067 DEBUG loaded <trimesh.Trimesh(vertices.shape=(48, 3), faces.shape=(28, 3))> using `load_obj` in 0.0007s
2024-12-10 12:58:14,435 INFO ==> EMD Loss: 14.297864
2024-12-10 12:58:14,435 INFO ==> Height map loss:  6.644716
2024-12-10 12:58:15,060 DEBUG loaded <trimesh.Trimesh(vertices.shape=(916, 3), faces.shape=(856, 3))> using `load_obj` in 0.0029s
2024-12-10 12:58:15,205 DEBUG loaded <trimesh.Trimesh(vertices.shape=(48, 3), faces.shape=(28, 3))> using `load_obj` in 0.0007s
2024-12-10 12:58:22,980 INFO ==> EMD Loss: 14.226299
2024-12-10 12:58:22,980 INFO ==> Height map loss:  6.941278
2024-12-10 12:58:23,598 DEBUG loaded <trimesh.Trimesh(vertices.shape=(916, 3), faces.shape=(856, 3))> using `load_obj` in 0.0029s
2024-12-10 12:58:23,743 DEBUG loaded <trimesh.Trimesh(vertices.shape=(48, 3), faces.shape=(28, 3))> using `load_obj` in 0.0007s
2024-12-10 12:58:44,876 INFO =====> Skill params: [ 0.7420726   0.15728348  0.9416135  -0.9050821   0.23059957]
2024-12-10 12:58:44,876 INFO =====> Grad: [-1.1465568e+03  4.9378823e+03  4.1599353e-05 -1.0314954e+01
  1.8390108e-05]
2024-12-10 12:58:44,876 INFO =====> Num. aborted data so far: 0
2024-12-10 12:58:44,877 INFO ===========> Epoch: 12 optimisation losses
2024-12-10 12:58:44,877 INFO =====> EMD Loss: 13.839546
2024-12-10 12:58:44,877 INFO =====> Height map loss: 6.165119
2024-12-10 12:58:45,527 DEBUG loaded <trimesh.Trimesh(vertices.shape=(916, 3), faces.shape=(856, 3))> using `load_obj` in 0.0028s
2024-12-10 12:58:45,673 DEBUG loaded <trimesh.Trimesh(vertices.shape=(48, 3), faces.shape=(28, 3))> using `load_obj` in 0.0007s
2024-12-10 12:58:53,362 INFO ==> EMD Loss: 13.815250
2024-12-10 12:58:53,362 INFO ==> Height map loss:  6.188796
2024-12-10 12:58:53,985 DEBUG loaded <trimesh.Trimesh(vertices.shape=(916, 3), faces.shape=(856, 3))> using `load_obj` in 0.0030s
2024-12-10 12:58:54,132 DEBUG loaded <trimesh.Trimesh(vertices.shape=(48, 3), faces.shape=(28, 3))> using `load_obj` in 0.0007s
2024-12-10 12:59:01,798 INFO ==> EMD Loss: 13.932830
2024-12-10 12:59:01,798 INFO ==> Height map loss:  6.403637
2024-12-10 12:59:02,436 DEBUG loaded <trimesh.Trimesh(vertices.shape=(916, 3), faces.shape=(856, 3))> using `load_obj` in 0.0029s
2024-12-10 12:59:02,582 DEBUG loaded <trimesh.Trimesh(vertices.shape=(48, 3), faces.shape=(28, 3))> using `load_obj` in 0.0007s
2024-12-10 12:59:10,258 INFO ==> EMD Loss: 14.182760
2024-12-10 12:59:10,258 INFO ==> Height map loss:  6.603669
2024-12-10 12:59:10,877 DEBUG loaded <trimesh.Trimesh(vertices.shape=(916, 3), faces.shape=(856, 3))> using `load_obj` in 0.0030s
2024-12-10 12:59:11,024 DEBUG loaded <trimesh.Trimesh(vertices.shape=(48, 3), faces.shape=(28, 3))> using `load_obj` in 0.0007s
2024-12-10 12:59:18,324 INFO ==> EMD Loss: 14.374471
2024-12-10 12:59:18,324 INFO ==> Height map loss:  6.945516
2024-12-10 12:59:18,946 DEBUG loaded <trimesh.Trimesh(vertices.shape=(916, 3), faces.shape=(856, 3))> using `load_obj` in 0.0028s
2024-12-10 12:59:19,094 DEBUG loaded <trimesh.Trimesh(vertices.shape=(48, 3), faces.shape=(28, 3))> using `load_obj` in 0.0007s
2024-12-10 12:59:26,847 INFO ==> EMD Loss: 14.510120
2024-12-10 12:59:26,847 INFO ==> Height map loss:  7.152563
2024-12-10 12:59:27,473 DEBUG loaded <trimesh.Trimesh(vertices.shape=(916, 3), faces.shape=(856, 3))> using `load_obj` in 0.0030s
2024-12-10 12:59:27,621 DEBUG loaded <trimesh.Trimesh(vertices.shape=(48, 3), faces.shape=(28, 3))> using `load_obj` in 0.0007s
2024-12-10 12:59:48,794 INFO =====> Skill params: [ 0.7452436   0.15349132  0.93932635 -0.90500915  0.2296485 ]
2024-12-10 12:59:48,794 INFO =====> Grad: [ 1.1094111e+03 -4.9895601e+03  2.9077708e-05  8.2146240e+02
 -1.1798883e-06]
2024-12-10 12:59:48,794 INFO =====> Num. aborted data so far: 0
2024-12-10 12:59:48,795 INFO ===========> Epoch: 13 optimisation losses
2024-12-10 12:59:48,795 INFO =====> EMD Loss: 13.830535
2024-12-10 12:59:48,795 INFO =====> Height map loss: 6.191251
2024-12-10 12:59:49,456 DEBUG loaded <trimesh.Trimesh(vertices.shape=(916, 3), faces.shape=(856, 3))> using `load_obj` in 0.0029s
2024-12-10 12:59:49,602 DEBUG loaded <trimesh.Trimesh(vertices.shape=(48, 3), faces.shape=(28, 3))> using `load_obj` in 0.0007s
2024-12-10 12:59:57,302 INFO ==> EMD Loss: 13.790187
2024-12-10 12:59:57,302 INFO ==> Height map loss:  6.160972
2024-12-10 12:59:57,928 DEBUG loaded <trimesh.Trimesh(vertices.shape=(916, 3), faces.shape=(856, 3))> using `load_obj` in 0.0030s
2024-12-10 12:59:58,075 DEBUG loaded <trimesh.Trimesh(vertices.shape=(48, 3), faces.shape=(28, 3))> using `load_obj` in 0.0007s
2024-12-10 13:00:05,719 INFO ==> EMD Loss: 13.733467
2024-12-10 13:00:05,719 INFO ==> Height map loss:  5.960967
2024-12-10 13:00:06,341 DEBUG loaded <trimesh.Trimesh(vertices.shape=(916, 3), faces.shape=(856, 3))> using `load_obj` in 0.0029s
2024-12-10 13:00:06,490 DEBUG loaded <trimesh.Trimesh(vertices.shape=(48, 3), faces.shape=(28, 3))> using `load_obj` in 0.0007s
2024-12-10 13:00:14,103 INFO ==> EMD Loss: 13.669319
2024-12-10 13:00:14,103 INFO ==> Height map loss:  5.774882
2024-12-10 13:00:14,730 DEBUG loaded <trimesh.Trimesh(vertices.shape=(916, 3), faces.shape=(856, 3))> using `load_obj` in 0.0030s
2024-12-10 13:00:14,876 DEBUG loaded <trimesh.Trimesh(vertices.shape=(48, 3), faces.shape=(28, 3))> using `load_obj` in 0.0007s
2024-12-10 13:00:22,133 INFO ==> EMD Loss: 13.846205
2024-12-10 13:00:22,133 INFO ==> Height map loss:  5.840170
2024-12-10 13:00:22,771 DEBUG loaded <trimesh.Trimesh(vertices.shape=(916, 3), faces.shape=(856, 3))> using `load_obj` in 0.0029s
2024-12-10 13:00:22,921 DEBUG loaded <trimesh.Trimesh(vertices.shape=(48, 3), faces.shape=(28, 3))> using `load_obj` in 0.0007s
2024-12-10 13:00:30,552 INFO ==> EMD Loss: 13.935063
2024-12-10 13:00:30,552 INFO ==> Height map loss:  5.851635
2024-12-10 13:00:31,172 DEBUG loaded <trimesh.Trimesh(vertices.shape=(916, 3), faces.shape=(856, 3))> using `load_obj` in 0.0029s
2024-12-10 13:00:31,321 DEBUG loaded <trimesh.Trimesh(vertices.shape=(48, 3), faces.shape=(28, 3))> using `load_obj` in 0.0007s
2024-12-10 13:00:52,289 INFO =====> Skill params: [ 0.71463084  0.1906545   0.92273444 -0.9564539   0.23029168]
2024-12-10 13:00:52,289 INFO =====> Grad: [ 1.4334535e+03 -4.2468813e+03  9.7085676e-06  6.0132239e+02
 -4.1530449e-05]
2024-12-10 13:00:52,289 INFO =====> Num. aborted data so far: 0
2024-12-10 13:00:52,290 INFO ===========> Epoch: 14 optimisation losses
2024-12-10 13:00:52,290 INFO =====> EMD Loss: 13.669015
2024-12-10 13:00:52,290 INFO =====> Height map loss: 5.778181
2024-12-10 13:00:52,944 DEBUG loaded <trimesh.Trimesh(vertices.shape=(916, 3), faces.shape=(856, 3))> using `load_obj` in 0.0030s
2024-12-10 13:00:53,090 DEBUG loaded <trimesh.Trimesh(vertices.shape=(48, 3), faces.shape=(28, 3))> using `load_obj` in 0.0007s
2024-12-10 13:01:00,733 INFO ==> EMD Loss: 13.688578
2024-12-10 13:01:00,733 INFO ==> Height map loss:  5.765295
2024-12-10 13:01:01,404 DEBUG loaded <trimesh.Trimesh(vertices.shape=(916, 3), faces.shape=(856, 3))> using `load_obj` in 0.0030s
2024-12-10 13:01:01,556 DEBUG loaded <trimesh.Trimesh(vertices.shape=(48, 3), faces.shape=(28, 3))> using `load_obj` in 0.0007s
2024-12-10 13:01:09,173 INFO ==> EMD Loss: 13.843454
2024-12-10 13:01:09,173 INFO ==> Height map loss:  5.842931
2024-12-10 13:01:09,801 DEBUG loaded <trimesh.Trimesh(vertices.shape=(916, 3), faces.shape=(856, 3))> using `load_obj` in 0.0029s
2024-12-10 13:01:09,951 DEBUG loaded <trimesh.Trimesh(vertices.shape=(48, 3), faces.shape=(28, 3))> using `load_obj` in 0.0007s
2024-12-10 13:01:17,178 INFO ==> EMD Loss: 13.959941
2024-12-10 13:01:17,178 INFO ==> Height map loss:  5.931869
2024-12-10 13:01:17,805 DEBUG loaded <trimesh.Trimesh(vertices.shape=(916, 3), faces.shape=(856, 3))> using `load_obj` in 0.0029s
2024-12-10 13:01:17,955 DEBUG loaded <trimesh.Trimesh(vertices.shape=(48, 3), faces.shape=(28, 3))> using `load_obj` in 0.0007s
2024-12-10 13:01:25,554 INFO ==> EMD Loss: 14.077777
2024-12-10 13:01:25,554 INFO ==> Height map loss:  6.122362
2024-12-10 13:01:26,178 DEBUG loaded <trimesh.Trimesh(vertices.shape=(916, 3), faces.shape=(856, 3))> using `load_obj` in 0.0029s
2024-12-10 13:01:26,326 DEBUG loaded <trimesh.Trimesh(vertices.shape=(48, 3), faces.shape=(28, 3))> using `load_obj` in 0.0007s
2024-12-10 13:01:33,882 INFO ==> EMD Loss: 14.338179
2024-12-10 13:01:33,882 INFO ==> Height map loss:  6.372028
2024-12-10 13:01:34,500 DEBUG loaded <trimesh.Trimesh(vertices.shape=(916, 3), faces.shape=(856, 3))> using `load_obj` in 0.0030s
2024-12-10 13:01:34,655 DEBUG loaded <trimesh.Trimesh(vertices.shape=(48, 3), faces.shape=(28, 3))> using `load_obj` in 0.0007s
2024-12-10 13:01:55,675 INFO =====> Skill params: [ 0.7108138   0.19380014  0.9221516  -0.9601158   0.23260592]
2024-12-10 13:01:55,676 INFO =====> Grad: [ 1.4727955e+03 -3.4056250e+03 -2.0584775e-06 -4.6165237e+02
  2.3196078e-05]
2024-12-10 13:01:55,676 INFO =====> Num. aborted data so far: 0
2024-12-10 13:01:55,677 INFO ===========> Epoch: 15 optimisation losses
2024-12-10 13:01:55,677 INFO =====> EMD Loss: 13.688215
2024-12-10 13:01:55,677 INFO =====> Height map loss: 5.765207
2024-12-10 13:01:56,334 DEBUG loaded <trimesh.Trimesh(vertices.shape=(916, 3), faces.shape=(856, 3))> using `load_obj` in 0.0030s
2024-12-10 13:01:56,485 DEBUG loaded <trimesh.Trimesh(vertices.shape=(48, 3), faces.shape=(28, 3))> using `load_obj` in 0.0007s
2024-12-10 13:02:04,119 INFO ==> EMD Loss: 13.758093
2024-12-10 13:02:04,119 INFO ==> Height map loss:  5.726048
2024-12-10 13:02:04,753 DEBUG loaded <trimesh.Trimesh(vertices.shape=(916, 3), faces.shape=(856, 3))> using `load_obj` in 0.0031s
2024-12-10 13:02:04,906 DEBUG loaded <trimesh.Trimesh(vertices.shape=(48, 3), faces.shape=(28, 3))> using `load_obj` in 0.0007s
2024-12-10 13:02:12,549 INFO ==> EMD Loss: 13.935457
2024-12-10 13:02:12,549 INFO ==> Height map loss:  5.970379
2024-12-10 13:02:13,252 DEBUG loaded <trimesh.Trimesh(vertices.shape=(916, 3), faces.shape=(856, 3))> using `load_obj` in 0.0029s
2024-12-10 13:02:13,399 DEBUG loaded <trimesh.Trimesh(vertices.shape=(48, 3), faces.shape=(28, 3))> using `load_obj` in 0.0007s
2024-12-10 13:02:20,593 INFO ==> EMD Loss: 14.134176
2024-12-10 13:02:20,593 INFO ==> Height map loss:  6.220796
2024-12-10 13:02:21,252 DEBUG loaded <trimesh.Trimesh(vertices.shape=(916, 3), faces.shape=(856, 3))> using `load_obj` in 0.0028s
2024-12-10 13:02:21,400 DEBUG loaded <trimesh.Trimesh(vertices.shape=(48, 3), faces.shape=(28, 3))> using `load_obj` in 0.0007s
2024-12-10 13:02:28,940 INFO ==> EMD Loss: 14.490006
2024-12-10 13:02:28,940 INFO ==> Height map loss:  6.638158
2024-12-10 13:02:29,565 DEBUG loaded <trimesh.Trimesh(vertices.shape=(916, 3), faces.shape=(856, 3))> using `load_obj` in 0.0029s
2024-12-10 13:02:29,716 DEBUG loaded <trimesh.Trimesh(vertices.shape=(48, 3), faces.shape=(28, 3))> using `load_obj` in 0.0007s
2024-12-10 13:02:37,245 INFO ==> EMD Loss: 14.935701
2024-12-10 13:02:37,245 INFO ==> Height map loss:  7.136567
2024-12-10 13:02:37,873 DEBUG loaded <trimesh.Trimesh(vertices.shape=(916, 3), faces.shape=(856, 3))> using `load_obj` in 0.0030s
2024-12-10 13:02:38,023 DEBUG loaded <trimesh.Trimesh(vertices.shape=(48, 3), faces.shape=(28, 3))> using `load_obj` in 0.0007s
2024-12-10 13:02:59,004 INFO =====> Skill params: [ 0.7070241   0.19636044  0.92228186 -0.9572872   0.23125727]
2024-12-10 13:02:59,004 INFO =====> Grad: [-1.50829272e+03  4.15582715e+03  7.58484293e-06  1.11304886e+02
  5.40413737e-07]
2024-12-10 13:02:59,004 INFO =====> Num. aborted data so far: 0
2024-12-10 13:02:59,005 INFO ===========> Epoch: 16 optimisation losses
2024-12-10 13:02:59,005 INFO =====> EMD Loss: 13.762527
2024-12-10 13:02:59,005 INFO =====> Height map loss: 5.725664
2024-12-10 13:02:59,662 DEBUG loaded <trimesh.Trimesh(vertices.shape=(916, 3), faces.shape=(856, 3))> using `load_obj` in 0.0030s
2024-12-10 13:02:59,809 DEBUG loaded <trimesh.Trimesh(vertices.shape=(48, 3), faces.shape=(28, 3))> using `load_obj` in 0.0007s
2024-12-10 13:03:07,465 INFO ==> EMD Loss: 13.670125
2024-12-10 13:03:07,465 INFO ==> Height map loss:  5.779008
2024-12-10 13:03:08,101 DEBUG loaded <trimesh.Trimesh(vertices.shape=(916, 3), faces.shape=(856, 3))> using `load_obj` in 0.0029s
2024-12-10 13:03:08,251 DEBUG loaded <trimesh.Trimesh(vertices.shape=(48, 3), faces.shape=(28, 3))> using `load_obj` in 0.0007s
2024-12-10 13:03:15,526 INFO ==> EMD Loss: 13.797119
2024-12-10 13:03:15,526 INFO ==> Height map loss:  5.941482
2024-12-10 13:03:16,156 DEBUG loaded <trimesh.Trimesh(vertices.shape=(916, 3), faces.shape=(856, 3))> using `load_obj` in 0.0029s
2024-12-10 13:03:16,307 DEBUG loaded <trimesh.Trimesh(vertices.shape=(48, 3), faces.shape=(28, 3))> using `load_obj` in 0.0007s
2024-12-10 13:03:23,970 INFO ==> EMD Loss: 13.923077
2024-12-10 13:03:23,970 INFO ==> Height map loss:  6.197948
2024-12-10 13:03:24,594 DEBUG loaded <trimesh.Trimesh(vertices.shape=(916, 3), faces.shape=(856, 3))> using `load_obj` in 0.0029s
2024-12-10 13:03:24,746 DEBUG loaded <trimesh.Trimesh(vertices.shape=(48, 3), faces.shape=(28, 3))> using `load_obj` in 0.0007s
2024-12-10 13:03:32,436 INFO ==> EMD Loss: 14.117742
2024-12-10 13:03:32,436 INFO ==> Height map loss:  6.361051
2024-12-10 13:03:33,066 DEBUG loaded <trimesh.Trimesh(vertices.shape=(916, 3), faces.shape=(856, 3))> using `load_obj` in 0.0030s
2024-12-10 13:03:33,211 DEBUG loaded <trimesh.Trimesh(vertices.shape=(48, 3), faces.shape=(28, 3))> using `load_obj` in 0.0007s
2024-12-10 13:03:40,910 INFO ==> EMD Loss: 14.281889
2024-12-10 13:03:40,911 INFO ==> Height map loss:  6.675695
2024-12-10 13:03:41,580 DEBUG loaded <trimesh.Trimesh(vertices.shape=(916, 3), faces.shape=(856, 3))> using `load_obj` in 0.0031s
2024-12-10 13:03:41,727 DEBUG loaded <trimesh.Trimesh(vertices.shape=(48, 3), faces.shape=(28, 3))> using `load_obj` in 0.0007s
2024-12-10 13:04:02,731 INFO =====> Skill params: [ 0.71078074  0.19324927  0.9217767  -0.958004    0.23122415]
2024-12-10 13:04:02,731 INFO =====> Grad: [-1.4687458e+03  3.8063455e+03 -5.8946571e-06  2.4413660e+02
 -1.0367550e-05]
2024-12-10 13:04:02,731 INFO =====> Num. aborted data so far: 0
2024-12-10 13:04:02,732 INFO ===========> Epoch: 17 optimisation losses
2024-12-10 13:04:02,732 INFO =====> EMD Loss: 13.669935
2024-12-10 13:04:02,732 INFO =====> Height map loss: 5.779071
2024-12-10 13:04:03,412 DEBUG loaded <trimesh.Trimesh(vertices.shape=(916, 3), faces.shape=(856, 3))> using `load_obj` in 0.0031s
2024-12-10 13:04:03,559 DEBUG loaded <trimesh.Trimesh(vertices.shape=(48, 3), faces.shape=(28, 3))> using `load_obj` in 0.0007s
2024-12-10 13:04:11,233 INFO ==> EMD Loss: 13.669291
2024-12-10 13:04:11,233 INFO ==> Height map loss:  5.788685
2024-12-10 13:04:11,853 DEBUG loaded <trimesh.Trimesh(vertices.shape=(916, 3), faces.shape=(856, 3))> using `load_obj` in 0.0029s
2024-12-10 13:04:12,006 DEBUG loaded <trimesh.Trimesh(vertices.shape=(48, 3), faces.shape=(28, 3))> using `load_obj` in 0.0007s
2024-12-10 13:04:19,292 INFO ==> EMD Loss: 13.829383
2024-12-10 13:04:19,292 INFO ==> Height map loss:  5.969147
2024-12-10 13:04:19,919 DEBUG loaded <trimesh.Trimesh(vertices.shape=(916, 3), faces.shape=(856, 3))> using `load_obj` in 0.0030s
2024-12-10 13:04:20,071 DEBUG loaded <trimesh.Trimesh(vertices.shape=(48, 3), faces.shape=(28, 3))> using `load_obj` in 0.0007s
2024-12-10 13:04:27,755 INFO ==> EMD Loss: 13.989034
2024-12-10 13:04:27,755 INFO ==> Height map loss:  6.193435
2024-12-10 13:04:28,384 DEBUG loaded <trimesh.Trimesh(vertices.shape=(916, 3), faces.shape=(856, 3))> using `load_obj` in 0.0030s
2024-12-10 13:04:28,530 DEBUG loaded <trimesh.Trimesh(vertices.shape=(48, 3), faces.shape=(28, 3))> using `load_obj` in 0.0007s
2024-12-10 13:04:36,266 INFO ==> EMD Loss: 14.192595
2024-12-10 13:04:36,266 INFO ==> Height map loss:  6.407400
2024-12-10 13:04:36,891 DEBUG loaded <trimesh.Trimesh(vertices.shape=(916, 3), faces.shape=(856, 3))> using `load_obj` in 0.0030s
2024-12-10 13:04:37,037 DEBUG loaded <trimesh.Trimesh(vertices.shape=(48, 3), faces.shape=(28, 3))> using `load_obj` in 0.0007s
2024-12-10 13:04:44,391 INFO ==> EMD Loss: 14.342909
2024-12-10 13:04:44,391 INFO ==> Height map loss:  6.689401
2024-12-10 13:04:45,025 DEBUG loaded <trimesh.Trimesh(vertices.shape=(916, 3), faces.shape=(856, 3))> using `load_obj` in 0.0028s
2024-12-10 13:04:45,179 DEBUG loaded <trimesh.Trimesh(vertices.shape=(48, 3), faces.shape=(28, 3))> using `load_obj` in 0.0007s
2024-12-10 13:05:06,541 INFO =====> Skill params: [ 0.7143529   0.1903857   0.9221901  -0.95963657  0.23189223]
2024-12-10 13:05:06,542 INFO =====> Grad: [-1.43254675e+03  4.25139062e+03  6.49365211e-06 -1.89784454e+02
  1.05553545e-05]
2024-12-10 13:05:06,542 INFO =====> Num. aborted data so far: 0
2024-12-10 13:05:06,543 INFO ===========> Epoch: 18 optimisation losses
2024-12-10 13:05:06,543 INFO =====> EMD Loss: 13.669414
2024-12-10 13:05:06,543 INFO =====> Height map loss: 5.790594
2024-12-10 13:05:07,263 DEBUG loaded <trimesh.Trimesh(vertices.shape=(916, 3), faces.shape=(856, 3))> using `load_obj` in 0.0031s
2024-12-10 13:05:07,416 DEBUG loaded <trimesh.Trimesh(vertices.shape=(48, 3), faces.shape=(28, 3))> using `load_obj` in 0.0007s
2024-12-10 13:05:14,708 INFO ==> EMD Loss: 13.756512
2024-12-10 13:05:14,708 INFO ==> Height map loss:  5.882483
2024-12-10 13:05:15,339 DEBUG loaded <trimesh.Trimesh(vertices.shape=(916, 3), faces.shape=(856, 3))> using `load_obj` in 0.0029s
2024-12-10 13:05:15,486 DEBUG loaded <trimesh.Trimesh(vertices.shape=(48, 3), faces.shape=(28, 3))> using `load_obj` in 0.0007s
2024-12-10 13:05:23,182 INFO ==> EMD Loss: 13.812586
2024-12-10 13:05:23,182 INFO ==> Height map loss:  5.971371
2024-12-10 13:05:23,803 DEBUG loaded <trimesh.Trimesh(vertices.shape=(916, 3), faces.shape=(856, 3))> using `load_obj` in 0.0029s
2024-12-10 13:05:23,950 DEBUG loaded <trimesh.Trimesh(vertices.shape=(48, 3), faces.shape=(28, 3))> using `load_obj` in 0.0007s
2024-12-10 13:05:31,655 INFO ==> EMD Loss: 13.910830
2024-12-10 13:05:31,655 INFO ==> Height map loss:  6.171205
2024-12-10 13:05:32,275 DEBUG loaded <trimesh.Trimesh(vertices.shape=(916, 3), faces.shape=(856, 3))> using `load_obj` in 0.0031s
2024-12-10 13:05:32,424 DEBUG loaded <trimesh.Trimesh(vertices.shape=(48, 3), faces.shape=(28, 3))> using `load_obj` in 0.0007s
2024-12-10 13:05:40,123 INFO ==> EMD Loss: 14.142484
2024-12-10 13:05:40,123 INFO ==> Height map loss:  6.433537
2024-12-10 13:05:40,759 DEBUG loaded <trimesh.Trimesh(vertices.shape=(916, 3), faces.shape=(856, 3))> using `load_obj` in 0.0029s
2024-12-10 13:05:40,906 DEBUG loaded <trimesh.Trimesh(vertices.shape=(48, 3), faces.shape=(28, 3))> using `load_obj` in 0.0007s
2024-12-10 13:05:48,252 INFO ==> EMD Loss: 14.260772
2024-12-10 13:05:48,252 INFO ==> Height map loss:  6.633939
2024-12-10 13:05:48,885 DEBUG loaded <trimesh.Trimesh(vertices.shape=(916, 3), faces.shape=(856, 3))> using `load_obj` in 0.0029s
2024-12-10 13:05:49,034 DEBUG loaded <trimesh.Trimesh(vertices.shape=(48, 3), faces.shape=(28, 3))> using `load_obj` in 0.0007s
2024-12-10 13:06:10,502 INFO =====> Skill params: [ 0.71777785  0.18720894  0.92171067 -0.9583119   0.23117732]
2024-12-10 13:06:10,502 INFO =====> Grad: [ 1.4586520e+03 -3.7021719e+03 -8.8933066e-06 -4.8949240e+02
  7.2652301e-06]
2024-12-10 13:06:10,502 INFO =====> Num. aborted data so far: 0
2024-12-10 13:06:10,503 INFO ===========> Epoch: 19 optimisation losses
2024-12-10 13:06:10,503 INFO =====> EMD Loss: 13.765779
2024-12-10 13:06:10,503 INFO =====> Height map loss: 5.880070
2024-12-10 13:06:11,162 DEBUG loaded <trimesh.Trimesh(vertices.shape=(916, 3), faces.shape=(856, 3))> using `load_obj` in 0.0031s
2024-12-10 13:06:11,308 DEBUG loaded <trimesh.Trimesh(vertices.shape=(48, 3), faces.shape=(28, 3))> using `load_obj` in 0.0007s
2024-12-10 13:06:18,563 INFO ==> EMD Loss: 13.659673
2024-12-10 13:06:18,563 INFO ==> Height map loss:  5.781507
2024-12-10 13:06:19,184 DEBUG loaded <trimesh.Trimesh(vertices.shape=(916, 3), faces.shape=(856, 3))> using `load_obj` in 0.0029s
2024-12-10 13:06:19,330 DEBUG loaded <trimesh.Trimesh(vertices.shape=(48, 3), faces.shape=(28, 3))> using `load_obj` in 0.0007s
2024-12-10 13:06:26,943 INFO ==> EMD Loss: 13.839540
2024-12-10 13:06:26,944 INFO ==> Height map loss:  5.897923
2024-12-10 13:06:27,569 DEBUG loaded <trimesh.Trimesh(vertices.shape=(916, 3), faces.shape=(856, 3))> using `load_obj` in 0.0030s
2024-12-10 13:06:27,720 DEBUG loaded <trimesh.Trimesh(vertices.shape=(48, 3), faces.shape=(28, 3))> using `load_obj` in 0.0007s
2024-12-10 13:06:35,335 INFO ==> EMD Loss: 14.043254
2024-12-10 13:06:35,335 INFO ==> Height map loss:  6.220446
2024-12-10 13:06:35,964 DEBUG loaded <trimesh.Trimesh(vertices.shape=(916, 3), faces.shape=(856, 3))> using `load_obj` in 0.0029s
2024-12-10 13:06:36,110 DEBUG loaded <trimesh.Trimesh(vertices.shape=(48, 3), faces.shape=(28, 3))> using `load_obj` in 0.0007s
2024-12-10 13:06:43,306 INFO ==> EMD Loss: 14.468030
2024-12-10 13:06:43,306 INFO ==> Height map loss:  6.566509
2024-12-10 13:06:43,928 DEBUG loaded <trimesh.Trimesh(vertices.shape=(916, 3), faces.shape=(856, 3))> using `load_obj` in 0.0029s
2024-12-10 13:06:44,073 DEBUG loaded <trimesh.Trimesh(vertices.shape=(48, 3), faces.shape=(28, 3))> using `load_obj` in 0.0007s
2024-12-10 13:06:51,632 INFO ==> EMD Loss: 15.199691
2024-12-10 13:06:51,632 INFO ==> Height map loss:  7.446620
2024-12-10 13:06:52,319 DEBUG loaded <trimesh.Trimesh(vertices.shape=(916, 3), faces.shape=(856, 3))> using `load_obj` in 0.0029s
2024-12-10 13:06:52,465 DEBUG loaded <trimesh.Trimesh(vertices.shape=(48, 3), faces.shape=(28, 3))> using `load_obj` in 0.0007s
2024-12-10 13:07:00,115 INFO ===========> Finished training.
2024-12-10 13:07:00,115 INFO ====> Final EMD Loss: 13.659673
2024-12-10 13:07:00,115 INFO ====> Final Height map loss: 5.781574
2024-12-10 13:07:00,115 INFO ====> Final skill params: [ 0.71435016  0.18999624  0.92240095 -0.95494497  0.2306594 ]
