2024-09-21 12:05:27,445 INFO ===> New TaichiEnv created.
2024-09-21 12:05:27,445 INFO ===> Specifications: horizon = 600, dt = 0.01, n_substeps = 20, dt_sub = 0.0005
2024-09-21 12:05:56,916 INFO =====> Epoch: 0
2024-09-21 12:05:56,916 INFO =====> EMD Loss: 27.34636688232422
2024-09-21 12:05:56,916 INFO =====> Height map loss: 31.632295608520508
2024-09-21 12:05:56,916 INFO =====> Grad: [ 3.6793951e-02 -3.2975629e-01  7.0160384e-09 -1.5857486e-02
  1.5366822e-08]
2024-09-21 12:05:56,917 INFO =====> Skill params: [ 0.2749662   0.34480146  0.6118199   0.21181525 -1.        ]
2024-09-21 12:05:56,917 INFO =====> Num. aborted data so far: 0
2024-09-21 12:05:57,208 INFO ===> New TaichiEnv created.
2024-09-21 12:05:57,208 INFO ===> Specifications: horizon = 600, dt = 0.01, n_substeps = 20, dt_sub = 0.0005
2024-09-21 12:06:27,796 INFO =====> Epoch: 1
2024-09-21 12:06:27,796 INFO =====> EMD Loss: 27.688066482543945
2024-09-21 12:06:27,796 INFO =====> Height map loss: 31.96157455444336
2024-09-21 12:06:27,796 INFO =====> Grad: [ 4.3561235e-02 -2.8972864e-01 -2.8685796e-09  0.0000000e+00
  0.0000000e+00]
2024-09-21 12:06:27,796 INFO =====> Skill params: [ 0.25494927  0.37463817  0.60827744  0.21851583 -1.        ]
2024-09-21 12:06:27,796 INFO =====> Num. aborted data so far: 0
2024-09-21 12:06:28,087 INFO ===> New TaichiEnv created.
2024-09-21 12:06:28,087 INFO ===> Specifications: horizon = 600, dt = 0.01, n_substeps = 20, dt_sub = 0.0005
2024-09-21 12:07:00,451 INFO =====> Epoch: 2
2024-09-21 12:07:00,451 INFO =====> EMD Loss: 28.122323989868164
2024-09-21 12:07:00,451 INFO =====> Height map loss: 32.55193328857422
2024-09-21 12:07:00,451 INFO =====> Grad: [ 4.9492225e-02 -2.5468647e-01 -1.6904838e-08  0.0000000e+00
  0.0000000e+00]
2024-09-21 12:07:00,451 INFO =====> Skill params: [ 0.23488934  0.40420675  0.6156595   0.2236954  -1.        ]
2024-09-21 12:07:00,451 INFO =====> Num. aborted data so far: 0
2024-09-21 12:07:00,736 INFO ===> New TaichiEnv created.
2024-09-21 12:07:00,736 INFO ===> Specifications: horizon = 600, dt = 0.01, n_substeps = 20, dt_sub = 0.0005
2024-09-21 12:07:34,209 INFO =====> Epoch: 3
2024-09-21 12:07:34,209 INFO =====> EMD Loss: 28.616439819335938
2024-09-21 12:07:34,209 INFO =====> Height map loss: 33.13480758666992
2024-09-21 12:07:34,209 INFO =====> Grad: [ 5.4791346e-02 -2.2360285e-01 -5.2821392e-09  0.0000000e+00
  0.0000000e+00]
2024-09-21 12:07:34,209 INFO =====> Skill params: [ 0.21476407  0.4334033   0.62352616  0.22793818 -1.        ]
2024-09-21 12:07:34,209 INFO =====> Num. aborted data so far: 0
2024-09-21 12:07:34,498 INFO ===> New TaichiEnv created.
2024-09-21 12:07:34,498 INFO ===> Specifications: horizon = 600, dt = 0.01, n_substeps = 20, dt_sub = 0.0005
2024-09-21 12:08:09,415 INFO =====> Epoch: 4
2024-09-21 12:08:09,415 INFO =====> EMD Loss: 28.786029815673828
2024-09-21 12:08:09,415 INFO =====> Height map loss: 33.432369232177734
2024-09-21 12:08:09,415 INFO =====> Grad: [ 5.9609331e-02 -1.9573024e-01  5.8883138e-09  0.0000000e+00
  0.0000000e+00]
2024-09-21 12:08:09,415 INFO =====> Skill params: [ 0.19455571  0.46212387  0.627398    0.23152429 -1.        ]
2024-09-21 12:08:09,415 INFO =====> Num. aborted data so far: 0
2024-09-21 12:08:09,708 INFO ===> New TaichiEnv created.
2024-09-21 12:08:09,708 INFO ===> Specifications: horizon = 600, dt = 0.01, n_substeps = 20, dt_sub = 0.0005
2024-09-21 12:08:45,894 INFO =====> Epoch: 5
2024-09-21 12:08:45,894 INFO =====> EMD Loss: 28.748126983642578
2024-09-21 12:08:45,894 INFO =====> Height map loss: 33.47798538208008
2024-09-21 12:08:45,894 INFO =====> Grad: [ 6.4062223e-02 -1.7051740e-01 -4.3632644e-09  0.0000000e+00
  0.0000000e+00]
2024-09-21 12:08:45,895 INFO =====> Skill params: [ 0.17425048  0.49026388  0.6320593   0.23461506 -1.        ]
2024-09-21 12:08:45,895 INFO =====> Num. aborted data so far: 0
2024-09-21 12:08:46,196 INFO ===> New TaichiEnv created.
2024-09-21 12:08:46,196 INFO ===> Specifications: horizon = 600, dt = 0.01, n_substeps = 20, dt_sub = 0.0005
2024-09-21 12:09:23,605 INFO =====> Epoch: 6
2024-09-21 12:09:23,605 INFO =====> EMD Loss: 28.567602157592773
2024-09-21 12:09:23,605 INFO =====> Height map loss: 33.09806442260742
2024-09-21 12:09:23,605 INFO =====> Grad: [ 6.8242326e-02 -1.4755313e-01 -1.6464075e-08  0.0000000e+00
  0.0000000e+00]
2024-09-21 12:09:23,606 INFO =====> Skill params: [ 0.1538377   0.517718    0.64027256  0.23731424 -1.        ]
2024-09-21 12:09:23,606 INFO =====> Num. aborted data so far: 0
2024-09-21 12:09:23,895 INFO ===> New TaichiEnv created.
2024-09-21 12:09:23,895 INFO ===> Specifications: horizon = 600, dt = 0.01, n_substeps = 20, dt_sub = 0.0005
2024-09-21 12:10:02,964 INFO =====> Epoch: 7
2024-09-21 12:10:02,964 INFO =====> EMD Loss: 28.14957618713379
2024-09-21 12:10:02,964 INFO =====> Height map loss: 32.417057037353516
2024-09-21 12:10:02,964 INFO =====> Grad: [ 7.22240508e-02 -1.24697052e-01  1.05721805e-08  0.00000000e+00
  0.00000000e+00]
2024-09-21 12:10:02,964 INFO =====> Skill params: [ 0.13330889  0.54435277  0.6442404   0.23969373 -1.        ]
2024-09-21 12:10:02,964 INFO =====> Num. aborted data so far: 0
2024-09-21 12:10:03,256 INFO ===> New TaichiEnv created.
2024-09-21 12:10:03,256 INFO ===> Specifications: horizon = 600, dt = 0.01, n_substeps = 20, dt_sub = 0.0005
2024-09-21 12:10:43,467 INFO =====> Epoch: 8
2024-09-21 12:10:43,467 INFO =====> EMD Loss: 27.736597061157227
2024-09-21 12:10:43,467 INFO =====> Height map loss: 31.87771224975586
2024-09-21 12:10:43,467 INFO =====> Grad: [ 7.4201755e-02 -1.0502300e-01  1.7480128e-09  0.0000000e+00
  0.0000000e+00]
2024-09-21 12:10:43,467 INFO =====> Skill params: [ 0.11266845  0.5700592   0.64721656  0.24180609 -1.        ]
2024-09-21 12:10:43,467 INFO =====> Num. aborted data so far: 0
2024-09-21 12:10:43,773 INFO ===> New TaichiEnv created.
2024-09-21 12:10:43,773 INFO ===> Specifications: horizon = 600, dt = 0.01, n_substeps = 20, dt_sub = 0.0005
2024-09-21 12:11:24,965 INFO =====> Epoch: 9
2024-09-21 12:11:24,965 INFO =====> EMD Loss: 27.47184181213379
2024-09-21 12:11:24,965 INFO =====> Height map loss: 31.446840286254883
2024-09-21 12:11:24,965 INFO =====> Grad: [ 7.7967711e-02 -8.7536633e-02  7.3643966e-09  0.0000000e+00
  0.0000000e+00]
2024-09-21 12:11:24,965 INFO =====> Skill params: [ 0.0919072   0.59473956  0.6480032   0.24369133 -1.        ]
2024-09-21 12:11:24,965 INFO =====> Num. aborted data so far: 0
2024-09-21 12:11:25,289 INFO ===> New TaichiEnv created.
2024-09-21 12:11:25,289 INFO ===> Specifications: horizon = 600, dt = 0.01, n_substeps = 20, dt_sub = 0.0005
2024-09-21 12:12:06,437 INFO =====> Epoch: 10
2024-09-21 12:12:06,437 INFO =====> EMD Loss: 27.331140518188477
2024-09-21 12:12:06,437 INFO =====> Height map loss: 31.112749099731445
2024-09-21 12:12:06,437 INFO =====> Grad: [ 7.986354e-02 -6.968974e-02 -5.645426e-09  0.000000e+00  0.000000e+00]
2024-09-21 12:12:06,437 INFO =====> Skill params: [ 0.07103153  0.61826587  0.64998204  0.24538085 -1.        ]
2024-09-21 12:12:06,437 INFO =====> Num. aborted data so far: 0
2024-09-21 12:12:06,750 INFO ===> New TaichiEnv created.
2024-09-21 12:12:06,750 INFO ===> Specifications: horizon = 600, dt = 0.01, n_substeps = 20, dt_sub = 0.0005
2024-09-21 12:12:49,260 INFO =====> Epoch: 11
2024-09-21 12:12:49,260 INFO =====> EMD Loss: 27.202016830444336
2024-09-21 12:12:49,260 INFO =====> Height map loss: 30.86152458190918
2024-09-21 12:12:49,260 INFO =====> Grad: [ 8.3593369e-02 -5.3718995e-02 -1.4160726e-09  0.0000000e+00
  0.0000000e+00]
2024-09-21 12:12:49,260 INFO =====> Skill params: [ 0.05003045  0.6405253   0.6520369   0.24689996 -1.        ]
2024-09-21 12:12:49,260 INFO =====> Num. aborted data so far: 0
2024-09-21 12:12:49,561 INFO ===> New TaichiEnv created.
2024-09-21 12:12:49,561 INFO ===> Specifications: horizon = 600, dt = 0.01, n_substeps = 20, dt_sub = 0.0005
2024-09-21 12:13:33,913 INFO =====> Epoch: 12
2024-09-21 12:13:33,913 INFO =====> EMD Loss: 27.176471710205078
2024-09-21 12:13:33,913 INFO =====> Height map loss: 30.740169525146484
2024-09-21 12:13:33,913 INFO =====> Grad: [ 8.5553743e-02 -4.0122449e-02 -3.7011092e-09  0.0000000e+00
  0.0000000e+00]
2024-09-21 12:13:33,913 INFO =====> Skill params: [ 0.02891017  0.6614336   0.6546535   0.24826944 -1.        ]
2024-09-21 12:13:33,913 INFO =====> Num. aborted data so far: 0
2024-09-21 12:13:34,227 INFO ===> New TaichiEnv created.
2024-09-21 12:13:34,227 INFO ===> Specifications: horizon = 600, dt = 0.01, n_substeps = 20, dt_sub = 0.0005
2024-09-21 12:14:19,648 INFO =====> Epoch: 13
2024-09-21 12:14:19,649 INFO =====> EMD Loss: 27.175662994384766
2024-09-21 12:14:19,649 INFO =====> Height map loss: 30.68378448486328
2024-09-21 12:14:19,649 INFO =====> Grad: [ 8.7600686e-02 -2.6595598e-02  5.6604281e-09  0.0000000e+00
  0.0000000e+00]
2024-09-21 12:14:19,649 INFO =====> Skill params: [ 0.00767439  0.6808912   0.65574217  0.24950665 -1.        ]
2024-09-21 12:14:19,649 INFO =====> Num. aborted data so far: 0
2024-09-21 12:14:19,975 INFO ===> New TaichiEnv created.
2024-09-21 12:14:19,975 INFO ===> Specifications: horizon = 600, dt = 0.01, n_substeps = 20, dt_sub = 0.0005
2024-09-21 12:15:05,412 INFO =====> Epoch: 14
2024-09-21 12:15:05,412 INFO =====> EMD Loss: 27.145021438598633
2024-09-21 12:15:05,412 INFO =====> Height map loss: 30.680212020874023
2024-09-21 12:15:05,412 INFO =====> Grad: [2.9158987e-02 2.2598829e-02 9.8836015e-09 0.0000000e+00 0.0000000e+00]
2024-09-21 12:15:05,412 INFO =====> Skill params: [-0.01251846  0.69799095  0.65465045  0.2506263  -1.        ]
2024-09-21 12:15:05,412 INFO =====> Num. aborted data so far: 0
2024-09-21 12:15:05,719 INFO ===> New TaichiEnv created.
2024-09-21 12:15:05,720 INFO ===> Specifications: horizon = 600, dt = 0.01, n_substeps = 20, dt_sub = 0.0005
2024-09-21 12:15:52,085 INFO =====> Epoch: 15
2024-09-21 12:15:52,085 INFO =====> EMD Loss: 27.140029907226562
2024-09-21 12:15:52,085 INFO =====> Height map loss: 30.726032257080078
2024-09-21 12:15:52,085 INFO =====> Grad: [9.1333494e-02 2.9109964e-02 2.1938948e-09 0.0000000e+00 0.0000000e+00]
2024-09-21 12:15:52,085 INFO =====> Skill params: [-0.0330338   0.7128264   0.6532329   0.25164098 -1.        ]
2024-09-21 12:15:52,086 INFO =====> Num. aborted data so far: 0
2024-09-21 12:15:52,477 INFO ===> New TaichiEnv created.
2024-09-21 12:15:52,477 INFO ===> Specifications: horizon = 600, dt = 0.01, n_substeps = 20, dt_sub = 0.0005
2024-09-21 12:16:40,552 INFO =====> Epoch: 16
2024-09-21 12:16:40,552 INFO =====> EMD Loss: 27.16615104675293
2024-09-21 12:16:40,552 INFO =====> Height map loss: 30.74122428894043
2024-09-21 12:16:40,552 INFO =====> Grad: [ 8.9721546e-02  3.6330137e-02 -6.9960393e-09  0.0000000e+00
  0.0000000e+00]
2024-09-21 12:16:40,552 INFO =====> Skill params: [-0.05379217  0.72545433  0.65337884  0.2525616  -1.        ]
2024-09-21 12:16:40,552 INFO =====> Num. aborted data so far: 0
2024-09-21 12:16:40,866 INFO ===> New TaichiEnv created.
2024-09-21 12:16:40,866 INFO ===> Specifications: horizon = 600, dt = 0.01, n_substeps = 20, dt_sub = 0.0005
2024-09-21 12:17:29,099 INFO =====> Epoch: 17
2024-09-21 12:17:29,099 INFO =====> EMD Loss: 27.160751342773438
2024-09-21 12:17:29,099 INFO =====> Height map loss: 30.74123191833496
2024-09-21 12:17:29,099 INFO =====> Grad: [8.9188397e-02 4.0807109e-02 2.2981883e-09 0.0000000e+00 0.0000000e+00]
2024-09-21 12:17:29,099 INFO =====> Skill params: [-0.07474189  0.73598224  0.65305376  0.25339764 -1.        ]
2024-09-21 12:17:29,099 INFO =====> Num. aborted data so far: 0
2024-09-21 12:17:29,420 INFO ===> New TaichiEnv created.
2024-09-21 12:17:29,420 INFO ===> Specifications: horizon = 600, dt = 0.01, n_substeps = 20, dt_sub = 0.0005
2024-09-21 12:18:18,421 INFO =====> Epoch: 18
2024-09-21 12:18:18,421 INFO =====> EMD Loss: 27.16390037536621
2024-09-21 12:18:18,421 INFO =====> Height map loss: 30.74332046508789
2024-09-21 12:18:18,421 INFO =====> Grad: [ 8.8148698e-02  4.5687716e-02 -6.5073986e-09  0.0000000e+00
  0.0000000e+00]
2024-09-21 12:18:18,421 INFO =====> Skill params: [-0.0958341   0.74449193  0.6540369   0.25415748 -1.        ]
2024-09-21 12:18:18,421 INFO =====> Num. aborted data so far: 0
2024-09-21 12:18:18,751 INFO ===> New TaichiEnv created.
2024-09-21 12:18:18,751 INFO ===> Specifications: horizon = 600, dt = 0.01, n_substeps = 20, dt_sub = 0.0005
2024-09-21 12:19:07,417 INFO =====> Epoch: 19
2024-09-21 12:19:07,417 INFO =====> EMD Loss: 27.184066772460938
2024-09-21 12:19:07,418 INFO =====> Height map loss: 30.746976852416992
2024-09-21 12:19:07,418 INFO =====> Grad: [ 8.6648658e-02  5.0871525e-02 -2.6743296e-09  0.0000000e+00
  0.0000000e+00]
2024-09-21 12:19:07,418 INFO =====> Skill params: [-0.11702168  0.75104606  0.65543634  0.25484848 -1.        ]
2024-09-21 12:19:07,418 INFO =====> Num. aborted data so far: 0
2024-09-21 12:19:07,743 INFO ===> New TaichiEnv created.
2024-09-21 12:19:07,743 INFO ===> Specifications: horizon = 600, dt = 0.01, n_substeps = 20, dt_sub = 0.0005
2024-09-21 12:19:56,896 INFO =====> Epoch: 20
2024-09-21 12:19:56,896 INFO =====> EMD Loss: 27.172670364379883
2024-09-21 12:19:56,896 INFO =====> Height map loss: 30.74584197998047
2024-09-21 12:19:56,896 INFO =====> Grad: [8.610206e-02 5.412981e-02 4.573767e-09 0.000000e+00 0.000000e+00]
2024-09-21 12:19:56,896 INFO =====> Skill params: [-0.13827829  0.75574386  0.6558045   0.25547722 -1.        ]
2024-09-21 12:19:56,896 INFO =====> Num. aborted data so far: 0
2024-09-21 12:19:57,235 INFO ===> New TaichiEnv created.
2024-09-21 12:19:57,235 INFO ===> Specifications: horizon = 600, dt = 0.01, n_substeps = 20, dt_sub = 0.0005
2024-09-21 12:20:46,728 INFO =====> Epoch: 21
2024-09-21 12:20:46,728 INFO =====> EMD Loss: 27.192140579223633
2024-09-21 12:20:46,729 INFO =====> Height map loss: 30.74778938293457
2024-09-21 12:20:46,729 INFO =====> Grad: [ 8.5751139e-02  5.6423455e-02 -4.3242681e-09  0.0000000e+00
  0.0000000e+00]
2024-09-21 12:20:46,729 INFO =====> Skill params: [-0.15958455  0.75869596  0.65696365  0.2560495  -1.        ]
2024-09-21 12:20:46,729 INFO =====> Num. aborted data so far: 0
2024-09-21 12:20:47,050 INFO ===> New TaichiEnv created.
2024-09-21 12:20:47,050 INFO ===> Specifications: horizon = 600, dt = 0.01, n_substeps = 20, dt_sub = 0.0005
2024-09-21 12:21:36,508 INFO =====> Epoch: 22
2024-09-21 12:21:36,508 INFO =====> EMD Loss: 27.187824249267578
2024-09-21 12:21:36,508 INFO =====> Height map loss: 30.74557113647461
2024-09-21 12:21:36,508 INFO =====> Grad: [ 8.4916934e-02  5.9149511e-02 -1.0498853e-09  0.0000000e+00
  0.0000000e+00]
2024-09-21 12:21:36,508 INFO =====> Skill params: [-0.1809168   0.7599908   0.6582063   0.25657058 -1.        ]
2024-09-21 12:21:36,509 INFO =====> Num. aborted data so far: 0
2024-09-21 12:21:36,843 INFO ===> New TaichiEnv created.
2024-09-21 12:21:36,843 INFO ===> Specifications: horizon = 600, dt = 0.01, n_substeps = 20, dt_sub = 0.0005
2024-09-21 12:22:25,383 INFO =====> Epoch: 23
2024-09-21 12:22:25,384 INFO =====> EMD Loss: 27.187414169311523
2024-09-21 12:22:25,384 INFO =====> Height map loss: 30.746450424194336
2024-09-21 12:22:25,384 INFO =====> Grad: [ 8.4266827e-02  6.1293337e-02 -1.7405015e-09  0.0000000e+00
  0.0000000e+00]
2024-09-21 12:22:25,384 INFO =====> Skill params: [-0.20225753  0.7597214   0.6596562   0.25704512 -1.        ]
2024-09-21 12:22:25,384 INFO =====> Num. aborted data so far: 0
2024-09-21 12:22:25,702 INFO ===> New TaichiEnv created.
2024-09-21 12:22:25,702 INFO ===> Specifications: horizon = 600, dt = 0.01, n_substeps = 20, dt_sub = 0.0005
2024-09-21 12:23:14,919 INFO =====> Epoch: 24
2024-09-21 12:23:14,919 INFO =====> EMD Loss: 27.188770294189453
2024-09-21 12:23:14,919 INFO =====> Height map loss: 30.744550704956055
2024-09-21 12:23:14,919 INFO =====> Grad: [ 8.378300e-02  6.291183e-02 -5.747556e-10  0.000000e+00  0.000000e+00]
2024-09-21 12:23:14,919 INFO =====> Skill params: [-0.22359432  0.7579836   0.6610709   0.2574774  -1.        ]
2024-09-21 12:23:14,919 INFO =====> Num. aborted data so far: 0
2024-09-21 12:23:15,321 INFO ===> New TaichiEnv created.
2024-09-21 12:23:15,321 INFO ===> Specifications: horizon = 600, dt = 0.01, n_substeps = 20, dt_sub = 0.0005
2024-09-21 12:24:04,361 INFO =====> Epoch: 25
2024-09-21 12:24:04,361 INFO =====> EMD Loss: 27.188692092895508
2024-09-21 12:24:04,361 INFO =====> Height map loss: 30.746013641357422
2024-09-21 12:24:04,362 INFO =====> Grad: [8.3449222e-02 6.4055346e-02 8.1751161e-10 0.0000000e+00 0.0000000e+00]
2024-09-21 12:24:04,362 INFO =====> Skill params: [-0.24491887  0.7548753   0.66218793  0.2578712  -1.        ]
2024-09-21 12:24:04,362 INFO =====> Num. aborted data so far: 0
2024-09-21 12:24:04,682 INFO ===> New TaichiEnv created.
2024-09-21 12:24:04,682 INFO ===> Specifications: horizon = 600, dt = 0.01, n_substeps = 20, dt_sub = 0.0005
2024-09-21 12:24:53,488 INFO =====> Epoch: 26
2024-09-21 12:24:53,489 INFO =====> EMD Loss: 27.18556022644043
2024-09-21 12:24:53,489 INFO =====> Height map loss: 30.7430477142334
2024-09-21 12:24:53,489 INFO =====> Grad: [8.260841e-02 6.569732e-02 4.117131e-10 0.000000e+00 0.000000e+00]
2024-09-21 12:24:53,489 INFO =====> Skill params: [-0.26621568  0.750473    0.66311526  0.25823    -1.        ]
2024-09-21 12:24:53,489 INFO =====> Num. aborted data so far: 0
2024-09-21 12:24:53,819 INFO ===> New TaichiEnv created.
2024-09-21 12:24:53,819 INFO ===> Specifications: horizon = 600, dt = 0.01, n_substeps = 20, dt_sub = 0.0005
2024-09-21 12:25:42,765 INFO =====> Epoch: 27
2024-09-21 12:25:42,765 INFO =====> EMD Loss: 27.187124252319336
2024-09-21 12:25:42,765 INFO =====> Height map loss: 30.7441349029541
2024-09-21 12:25:42,765 INFO =====> Grad: [8.2541876e-02 6.6008657e-02 6.2155170e-09 0.0000000e+00 0.0000000e+00]
2024-09-21 12:25:42,765 INFO =====> Skill params: [-0.28748423  0.7448775   0.6627617   0.2585569  -1.        ]
2024-09-21 12:25:42,765 INFO =====> Num. aborted data so far: 0
2024-09-21 12:25:43,098 INFO ===> New TaichiEnv created.
2024-09-21 12:25:43,098 INFO ===> Specifications: horizon = 600, dt = 0.01, n_substeps = 20, dt_sub = 0.0005
2024-09-21 12:26:32,658 INFO =====> Epoch: 28
2024-09-21 12:26:32,658 INFO =====> EMD Loss: 27.18158531188965
2024-09-21 12:26:32,658 INFO =====> Height map loss: 30.739898681640625
2024-09-21 12:26:32,659 INFO =====> Grad: [ 8.1941977e-02  6.6553138e-02 -3.5875627e-09  0.0000000e+00
  0.0000000e+00]
2024-09-21 12:26:32,659 INFO =====> Skill params: [-0.30871502  0.7381745   0.6631265   0.25885475 -1.        ]
2024-09-21 12:26:32,659 INFO =====> Num. aborted data so far: 0
2024-09-21 12:26:33,002 INFO ===> New TaichiEnv created.
2024-09-21 12:26:33,002 INFO ===> Specifications: horizon = 600, dt = 0.01, n_substeps = 20, dt_sub = 0.0005
2024-09-21 12:27:21,361 INFO =====> Epoch: 29
2024-09-21 12:27:21,361 INFO =====> EMD Loss: 27.167722702026367
2024-09-21 12:27:21,361 INFO =====> Height map loss: 30.740032196044922
2024-09-21 12:27:21,362 INFO =====> Grad: [8.2095377e-02 6.5824613e-02 1.4374466e-09 0.0000000e+00 0.0000000e+00]
2024-09-21 12:27:21,362 INFO =====> Skill params: [-0.32991278  0.73047173  0.66318136  0.25912613 -1.        ]
2024-09-21 12:27:21,362 INFO =====> Num. aborted data so far: 0
2024-09-21 12:27:21,830 INFO ===> New TaichiEnv created.
2024-09-21 12:27:21,830 INFO ===> Specifications: horizon = 600, dt = 0.01, n_substeps = 20, dt_sub = 0.0005
2024-09-21 12:28:10,893 INFO =====> Epoch: 30
2024-09-21 12:28:10,894 INFO =====> EMD Loss: 27.162691116333008
2024-09-21 12:28:10,894 INFO =====> Height map loss: 30.736568450927734
2024-09-21 12:28:10,894 INFO =====> Grad: [ 8.1693351e-02  6.6066235e-02 -3.4134049e-09  0.0000000e+00
  0.0000000e+00]
2024-09-21 12:28:10,894 INFO =====> Skill params: [-0.35107207  0.72184396  0.6638816   0.25937337 -1.        ]
2024-09-21 12:28:10,894 INFO =====> Num. aborted data so far: 0
2024-09-21 12:28:11,239 INFO ===> New TaichiEnv created.
2024-09-21 12:28:11,239 INFO ===> Specifications: horizon = 600, dt = 0.01, n_substeps = 20, dt_sub = 0.0005
2024-09-21 12:28:58,650 INFO =====> Epoch: 31
2024-09-21 12:28:58,651 INFO =====> EMD Loss: 27.15329360961914
2024-09-21 12:28:58,651 INFO =====> Height map loss: 30.729867935180664
2024-09-21 12:28:58,651 INFO =====> Grad: [8.1369638e-02 6.5673672e-02 3.5380332e-09 0.0000000e+00 0.0000000e+00]
2024-09-21 12:28:58,651 INFO =====> Skill params: [-0.37218952  0.71237427  0.66383713  0.2595986  -1.        ]
2024-09-21 12:28:58,651 INFO =====> Num. aborted data so far: 0
2024-09-21 12:28:58,985 INFO ===> New TaichiEnv created.
2024-09-21 12:28:58,985 INFO ===> Specifications: horizon = 600, dt = 0.01, n_substeps = 20, dt_sub = 0.0005
2024-09-21 12:29:46,980 INFO =====> Epoch: 32
2024-09-21 12:29:46,980 INFO =====> EMD Loss: 27.16089630126953
2024-09-21 12:29:46,980 INFO =====> Height map loss: 30.735328674316406
2024-09-21 12:29:46,980 INFO =====> Grad: [ 8.1116982e-02  6.5022402e-02 -1.1562038e-09  0.0000000e+00
  0.0000000e+00]
2024-09-21 12:29:46,981 INFO =====> Skill params: [-0.3932635  0.7021442  0.6640181  0.2598038 -1.       ]
2024-09-21 12:29:46,981 INFO =====> Num. aborted data so far: 0
2024-09-21 12:29:47,312 INFO ===> New TaichiEnv created.
2024-09-21 12:29:47,312 INFO ===> Specifications: horizon = 600, dt = 0.01, n_substeps = 20, dt_sub = 0.0005
2024-09-21 12:30:34,299 INFO =====> Epoch: 33
2024-09-21 12:30:34,299 INFO =====> EMD Loss: 27.16189956665039
2024-09-21 12:30:34,299 INFO =====> Height map loss: 30.728639602661133
2024-09-21 12:30:34,299 INFO =====> Grad: [ 8.0926612e-02  6.4139463e-02 -7.2992745e-10  0.0000000e+00
  0.0000000e+00]
2024-09-21 12:30:34,299 INFO =====> Skill params: [-0.41429368  0.69123363  0.66432124  0.2599907  -1.        ]
2024-09-21 12:30:34,299 INFO =====> Num. aborted data so far: 0
2024-09-21 12:30:34,636 INFO ===> New TaichiEnv created.
2024-09-21 12:30:34,636 INFO ===> Specifications: horizon = 600, dt = 0.01, n_substeps = 20, dt_sub = 0.0005
2024-09-21 12:31:21,096 INFO =====> Epoch: 34
2024-09-21 12:31:21,097 INFO =====> EMD Loss: 27.152965545654297
2024-09-21 12:31:21,097 INFO =====> Height map loss: 30.69817543029785
2024-09-21 12:31:21,097 INFO =====> Grad: [8.0789462e-02 6.3051067e-02 5.0499986e-09 0.0000000e+00 0.0000000e+00]
2024-09-21 12:31:21,097 INFO =====> Skill params: [-0.43528092  0.67972016  0.66362697  0.2601609  -1.        ]
2024-09-21 12:31:21,097 INFO =====> Num. aborted data so far: 0
2024-09-21 12:31:21,444 INFO ===> New TaichiEnv created.
2024-09-21 12:31:21,444 INFO ===> Specifications: horizon = 600, dt = 0.01, n_substeps = 20, dt_sub = 0.0005
2024-09-21 12:32:06,698 INFO =====> Epoch: 35
2024-09-21 12:32:06,698 INFO =====> EMD Loss: 27.142316818237305
2024-09-21 12:32:06,698 INFO =====> Height map loss: 30.666202545166016
2024-09-21 12:32:06,698 INFO =====> Grad: [8.0696374e-02 6.1337620e-02 4.9517501e-11 0.0000000e+00 0.0000000e+00]
2024-09-21 12:32:06,698 INFO =====> Skill params: [-0.45622677  0.66768986  0.66299087  0.2603159  -1.        ]
2024-09-21 12:32:06,698 INFO =====> Num. aborted data so far: 0
2024-09-21 12:32:07,036 INFO ===> New TaichiEnv created.
2024-09-21 12:32:07,036 INFO ===> Specifications: horizon = 600, dt = 0.01, n_substeps = 20, dt_sub = 0.0005
2024-09-21 12:32:53,469 INFO =====> Epoch: 36
2024-09-21 12:32:53,469 INFO =====> EMD Loss: 27.120162963867188
2024-09-21 12:32:53,469 INFO =====> Height map loss: 30.644811630249023
2024-09-21 12:32:53,469 INFO =====> Grad: [ 8.0642007e-02  5.9906732e-02 -2.3228341e-09  0.0000000e+00
  0.0000000e+00]
2024-09-21 12:32:53,469 INFO =====> Skill params: [-0.4771334   0.65521425  0.662864    0.26045704 -1.        ]
2024-09-21 12:32:53,469 INFO =====> Num. aborted data so far: 0
2024-09-21 12:32:53,890 INFO ===> New TaichiEnv created.
2024-09-21 12:32:53,890 INFO ===> Specifications: horizon = 600, dt = 0.01, n_substeps = 20, dt_sub = 0.0005
2024-09-21 12:33:38,380 INFO =====> Epoch: 37
2024-09-21 12:33:38,380 INFO =====> EMD Loss: 27.111377716064453
2024-09-21 12:33:38,380 INFO =====> Height map loss: 30.617420196533203
2024-09-21 12:33:38,380 INFO =====> Grad: [8.0616064e-02 5.8353875e-02 4.8516506e-09 0.0000000e+00 0.0000000e+00]
2024-09-21 12:33:38,381 INFO =====> Skill params: [-0.4980033   0.6423619   0.66181695  0.26058555 -1.        ]
2024-09-21 12:33:38,381 INFO =====> Num. aborted data so far: 0
2024-09-21 12:33:38,713 INFO ===> New TaichiEnv created.
2024-09-21 12:33:38,713 INFO ===> Specifications: horizon = 600, dt = 0.01, n_substeps = 20, dt_sub = 0.0005
2024-09-21 12:34:22,636 INFO =====> Epoch: 38
2024-09-21 12:34:22,636 INFO =====> EMD Loss: 27.057756423950195
2024-09-21 12:34:22,636 INFO =====> Height map loss: 30.559635162353516
2024-09-21 12:34:22,636 INFO =====> Grad: [ 7.9864860e-02  5.7661865e-02 -1.4151504e-09  0.0000000e+00
  0.0000000e+00]
2024-09-21 12:34:22,636 INFO =====> Skill params: [-0.51882505  0.62917393  0.66114485  0.26070252 -1.        ]
2024-09-21 12:34:22,636 INFO =====> Num. aborted data so far: 0
2024-09-21 12:34:22,988 INFO ===> New TaichiEnv created.
2024-09-21 12:34:22,988 INFO ===> Specifications: horizon = 600, dt = 0.01, n_substeps = 20, dt_sub = 0.0005
2024-09-21 12:35:06,827 INFO =====> Epoch: 39
2024-09-21 12:35:06,827 INFO =====> EMD Loss: 27.022201538085938
2024-09-21 12:35:06,827 INFO =====> Height map loss: 30.498390197753906
2024-09-21 12:35:06,827 INFO =====> Grad: [ 7.9859771e-02  5.5444811e-02 -6.1804952e-09  0.0000000e+00
  0.0000000e+00]
2024-09-21 12:35:06,827 INFO =====> Skill params: [-0.5396028   0.6157266   0.66173047  0.26080897 -1.        ]
2024-09-21 12:35:06,827 INFO =====> Num. aborted data so far: 0
2024-09-21 12:35:07,177 INFO ===> New TaichiEnv created.
2024-09-21 12:35:07,177 INFO ===> Specifications: horizon = 600, dt = 0.01, n_substeps = 20, dt_sub = 0.0005
2024-09-21 12:35:50,461 INFO =====> Epoch: 40
2024-09-21 12:35:50,461 INFO =====> EMD Loss: 27.013683319091797
2024-09-21 12:35:50,461 INFO =====> Height map loss: 30.4660701751709
2024-09-21 12:35:50,461 INFO =====> Grad: [ 7.9862967e-02  5.3658012e-02 -2.2628499e-09  0.0000000e+00
  0.0000000e+00]
2024-09-21 12:35:50,461 INFO =====> Skill params: [-0.5603404   0.6020789   0.6626952   0.26090586 -1.        ]
2024-09-21 12:35:50,461 INFO =====> Num. aborted data so far: 0
2024-09-21 12:35:50,797 INFO ===> New TaichiEnv created.
2024-09-21 12:35:50,797 INFO ===> Specifications: horizon = 600, dt = 0.01, n_substeps = 20, dt_sub = 0.0005
2024-09-21 12:36:33,508 INFO =====> Epoch: 41
2024-09-21 12:36:33,508 INFO =====> EMD Loss: 27.0385684967041
2024-09-21 12:36:33,508 INFO =====> Height map loss: 30.43217658996582
2024-09-21 12:36:33,508 INFO =====> Grad: [ 7.906379e-02  5.276782e-02 -6.430340e-09  0.000000e+00  0.000000e+00]
2024-09-21 12:36:33,508 INFO =====> Skill params: [-0.58102584  0.58826214  0.66479856  0.26099402 -1.        ]
2024-09-21 12:36:33,508 INFO =====> Num. aborted data so far: 0
2024-09-21 12:36:33,931 INFO ===> New TaichiEnv created.
2024-09-21 12:36:33,931 INFO ===> Specifications: horizon = 600, dt = 0.01, n_substeps = 20, dt_sub = 0.0005
2024-09-21 12:37:15,926 INFO =====> Epoch: 42
2024-09-21 12:37:15,927 INFO =====> EMD Loss: 27.03274154663086
2024-09-21 12:37:15,927 INFO =====> Height map loss: 30.42937660217285
2024-09-21 12:37:15,927 INFO =====> Grad: [ 7.904025e-02  5.045925e-02 -2.801797e-09  0.000000e+00  0.000000e+00]
2024-09-21 12:37:15,927 INFO =====> Skill params: [-0.6016636   0.57434195  0.66723585  0.26107422 -1.        ]
2024-09-21 12:37:15,927 INFO =====> Num. aborted data so far: 0
2024-09-21 12:37:16,266 INFO ===> New TaichiEnv created.
2024-09-21 12:37:16,266 INFO ===> Specifications: horizon = 600, dt = 0.01, n_substeps = 20, dt_sub = 0.0005
2024-09-21 12:37:58,448 INFO =====> Epoch: 43
2024-09-21 12:37:58,448 INFO =====> EMD Loss: 27.057655334472656
2024-09-21 12:37:58,448 INFO =====> Height map loss: 30.389266967773438
2024-09-21 12:37:58,448 INFO =====> Grad: [-3.9484644e+00  1.2612588e+00 -1.7580408e-08  0.0000000e+00
  0.0000000e+00]
2024-09-21 12:37:58,448 INFO =====> Skill params: [-0.5909021   0.55079997  0.6726296   0.26114717 -1.        ]
2024-09-21 12:37:58,448 INFO =====> Num. aborted data so far: 0
2024-09-21 12:37:58,780 INFO ===> New TaichiEnv created.
2024-09-21 12:37:58,780 INFO ===> Specifications: horizon = 600, dt = 0.01, n_substeps = 20, dt_sub = 0.0005
2024-09-21 12:38:39,337 INFO =====> Epoch: 44
2024-09-21 12:38:39,338 INFO =====> EMD Loss: 27.00453758239746
2024-09-21 12:38:39,338 INFO =====> Height map loss: 30.427532196044922
2024-09-21 12:38:39,338 INFO =====> Grad: [-3.9545341e+00  1.2158917e+00 -2.2326212e-08  0.0000000e+00
  0.0000000e+00]
2024-09-21 12:38:39,338 INFO =====> Skill params: [-0.574523    0.5214913   0.6812198   0.26121354 -1.        ]
2024-09-21 12:38:39,338 INFO =====> Num. aborted data so far: 0
2024-09-21 12:38:39,720 INFO ===> New TaichiEnv created.
2024-09-21 12:38:39,720 INFO ===> Specifications: horizon = 600, dt = 0.01, n_substeps = 20, dt_sub = 0.0005
2024-09-21 12:39:18,663 INFO =====> Epoch: 45
2024-09-21 12:39:18,663 INFO =====> EMD Loss: 27.01301383972168
2024-09-21 12:39:18,663 INFO =====> Height map loss: 30.50117301940918
2024-09-21 12:39:18,663 INFO =====> Grad: [-3.9213529e+00  1.1566782e+00  4.3559069e-08  0.0000000e+00
  0.0000000e+00]
2024-09-21 12:39:18,663 INFO =====> Skill params: [-0.55456877  0.4881739   0.68121827  0.2612739  -1.        ]
2024-09-21 12:39:18,663 INFO =====> Num. aborted data so far: 0
2024-09-21 12:39:19,007 INFO ===> New TaichiEnv created.
2024-09-21 12:39:19,007 INFO ===> Specifications: horizon = 600, dt = 0.01, n_substeps = 20, dt_sub = 0.0005
2024-09-21 12:39:56,906 INFO =====> Epoch: 46
2024-09-21 12:39:56,906 INFO =====> EMD Loss: 27.00644302368164
2024-09-21 12:39:56,906 INFO =====> Height map loss: 30.571744918823242
2024-09-21 12:39:56,906 INFO =====> Grad: [-3.9194844e+00  1.1347606e+00 -3.1267831e-08  0.0000000e+00
  0.0000000e+00]
2024-09-21 12:39:56,906 INFO =====> Skill params: [-0.5320394   0.4518771   0.6858274   0.26132876 -1.        ]
2024-09-21 12:39:56,906 INFO =====> Num. aborted data so far: 0
2024-09-21 12:39:57,243 INFO ===> New TaichiEnv created.
2024-09-21 12:39:57,244 INFO ===> Specifications: horizon = 600, dt = 0.01, n_substeps = 20, dt_sub = 0.0005
2024-09-21 12:40:33,021 INFO =====> Epoch: 47
2024-09-21 12:40:33,021 INFO =====> EMD Loss: 27.029024124145508
2024-09-21 12:40:33,022 INFO =====> Height map loss: 30.604785919189453
2024-09-21 12:40:33,022 INFO =====> Grad: [-3.8515892e+00  1.0052097e+00  2.9603147e-08  0.0000000e+00
  0.0000000e+00]
2024-09-21 12:40:33,022 INFO =====> Skill params: [-0.5075855   0.41353834  0.6856184   0.26137865 -1.        ]
2024-09-21 12:40:33,022 INFO =====> Num. aborted data so far: 0
2024-09-21 12:40:33,370 INFO ===> New TaichiEnv created.
2024-09-21 12:40:33,370 INFO ===> Specifications: horizon = 600, dt = 0.01, n_substeps = 20, dt_sub = 0.0005
2024-09-21 12:41:07,313 INFO =====> Epoch: 48
2024-09-21 12:41:07,314 INFO =====> EMD Loss: 27.098562240600586
2024-09-21 12:41:07,314 INFO =====> Height map loss: 30.57462501525879
2024-09-21 12:41:07,314 INFO =====> Grad: [-3.7979934e+00  9.1571009e-01 -5.3765195e-08  0.0000000e+00
  0.0000000e+00]
2024-09-21 12:41:07,314 INFO =====> Skill params: [-0.4816582   0.37381616  0.6923314   0.26142398 -1.        ]
2024-09-21 12:41:07,314 INFO =====> Num. aborted data so far: 0
2024-09-21 12:41:07,674 INFO ===> New TaichiEnv created.
2024-09-21 12:41:07,674 INFO ===> Specifications: horizon = 600, dt = 0.01, n_substeps = 20, dt_sub = 0.0005
2024-09-21 12:41:40,047 INFO =====> Epoch: 49
2024-09-21 12:41:40,047 INFO =====> EMD Loss: 27.06435775756836
2024-09-21 12:41:40,047 INFO =====> Height map loss: 30.343538284301758
2024-09-21 12:41:40,047 INFO =====> Grad: [-3.7558975e+00  8.1865084e-01  1.2110537e-08  0.0000000e+00
  0.0000000e+00]
2024-09-21 12:41:40,047 INFO =====> Skill params: [-0.4545892  0.3332866  0.6968256  0.2614652 -1.       ]
2024-09-21 12:41:40,047 INFO =====> Num. aborted data so far: 0
2024-09-21 12:41:40,405 INFO ===> New TaichiEnv created.
2024-09-21 12:41:40,405 INFO ===> Specifications: horizon = 600, dt = 0.01, n_substeps = 20, dt_sub = 0.0005
2024-09-21 12:42:11,173 INFO =====> Epoch: 50
2024-09-21 12:42:11,174 INFO =====> EMD Loss: 26.896678924560547
2024-09-21 12:42:11,174 INFO =====> Height map loss: 30.086259841918945
2024-09-21 12:42:11,174 INFO =====> Grad: [-2.9633133e+00  1.0970809e+00  6.2908498e-08  0.0000000e+00
  0.0000000e+00]
2024-09-21 12:42:11,174 INFO =====> Skill params: [-0.42702383  0.2913552   0.693208    0.26150262 -1.        ]
2024-09-21 12:42:11,174 INFO =====> Num. aborted data so far: 0
2024-09-21 12:42:11,524 INFO ===> New TaichiEnv created.
2024-09-21 12:42:11,524 INFO ===> Specifications: horizon = 600, dt = 0.01, n_substeps = 20, dt_sub = 0.0005
2024-09-21 12:42:40,781 INFO =====> Epoch: 51
2024-09-21 12:42:40,782 INFO =====> EMD Loss: 26.79885482788086
2024-09-21 12:42:40,782 INFO =====> Height map loss: 30.07482147216797
2024-09-21 12:42:40,782 INFO =====> Grad: [-2.9831655e+00  1.0846460e+00 -4.7852829e-08  0.0000000e+00
  0.0000000e+00]
2024-09-21 12:42:40,782 INFO =====> Skill params: [-0.39905274  0.24834432  0.69537693  0.26153666 -1.        ]
2024-09-21 12:42:40,782 INFO =====> Num. aborted data so far: 0
2024-09-21 12:42:41,123 INFO ===> New TaichiEnv created.
2024-09-21 12:42:41,123 INFO ===> Specifications: horizon = 600, dt = 0.01, n_substeps = 20, dt_sub = 0.0005
2024-09-21 12:43:08,007 INFO =====> Epoch: 52
2024-09-21 12:43:08,007 INFO =====> EMD Loss: 26.945425033569336
2024-09-21 12:43:08,007 INFO =====> Height map loss: 30.403718948364258
2024-09-21 12:43:08,007 INFO =====> Grad: [ 1.2164091e-01 -8.1940137e-02  5.8157670e-09  0.0000000e+00
  0.0000000e+00]
2024-09-21 12:43:08,007 INFO =====> Skill params: [-0.37380213  0.2098158   0.6966939   0.26156756 -1.        ]
2024-09-21 12:43:08,008 INFO =====> Num. aborted data so far: 0
2024-09-21 12:43:08,349 INFO ===> New TaichiEnv created.
2024-09-21 12:43:08,349 INFO ===> Specifications: horizon = 600, dt = 0.01, n_substeps = 20, dt_sub = 0.0005
2024-09-21 12:43:34,716 INFO =====> Epoch: 53
2024-09-21 12:43:34,716 INFO =====> EMD Loss: 27.067718505859375
2024-09-21 12:43:34,716 INFO =====> Height map loss: 30.552244186401367
2024-09-21 12:43:34,716 INFO =====> Grad: [ 1.1781847e-01 -1.0084233e-01 -2.8956162e-09  0.0000000e+00
  0.0000000e+00]
2024-09-21 12:43:34,716 INFO =====> Skill params: [-0.35102224  0.1754971   0.69820863  0.26159564 -1.        ]
2024-09-21 12:43:34,716 INFO =====> Num. aborted data so far: 0
2024-09-21 12:43:35,058 INFO ===> New TaichiEnv created.
2024-09-21 12:43:35,058 INFO ===> Specifications: horizon = 600, dt = 0.01, n_substeps = 20, dt_sub = 0.0005
2024-09-21 12:44:00,641 INFO =====> Epoch: 54
2024-09-21 12:44:00,641 INFO =====> EMD Loss: 27.16510581970215
2024-09-21 12:44:00,641 INFO =====> Height map loss: 30.80930519104004
2024-09-21 12:44:00,641 INFO =====> Grad: [ 1.14810199e-01 -1.03060715e-01 -2.29322472e-09  0.00000000e+00
  0.00000000e+00]
2024-09-21 12:44:00,641 INFO =====> Skill params: [-0.33048663  0.1450258   0.6998365   0.26162115 -1.        ]
2024-09-21 12:44:00,641 INFO =====> Num. aborted data so far: 0
2024-09-21 12:44:00,986 INFO ===> New TaichiEnv created.
2024-09-21 12:44:00,986 INFO ===> Specifications: horizon = 600, dt = 0.01, n_substeps = 20, dt_sub = 0.0005
2024-09-21 12:44:25,827 INFO =====> Epoch: 55
2024-09-21 12:44:25,827 INFO =====> EMD Loss: 27.20377540588379
2024-09-21 12:44:25,827 INFO =====> Height map loss: 30.8729190826416
2024-09-21 12:44:25,827 INFO =====> Grad: [ 1.07921265e-01 -9.63976830e-02 -4.48832793e-09  0.00000000e+00
  0.00000000e+00]
2024-09-21 12:44:25,827 INFO =====> Skill params: [-0.31198367  0.11801042  0.7018149   0.2616443  -1.        ]
2024-09-21 12:44:25,827 INFO =====> Num. aborted data so far: 0
2024-09-21 12:44:26,171 INFO ===> New TaichiEnv created.
2024-09-21 12:44:26,171 INFO ===> Specifications: horizon = 600, dt = 0.01, n_substeps = 20, dt_sub = 0.0005
2024-09-21 12:44:49,909 INFO =====> Epoch: 56
2024-09-21 12:44:49,909 INFO =====> EMD Loss: 27.22681999206543
2024-09-21 12:44:49,909 INFO =====> Height map loss: 30.757524490356445
2024-09-21 12:44:49,909 INFO =====> Grad: [ 9.5542431e-02 -8.1577875e-02  2.1587843e-09  0.0000000e+00
  0.0000000e+00]
2024-09-21 12:44:49,909 INFO =====> Skill params: [-0.295313    0.09403792  0.7033603   0.2616653  -1.        ]
2024-09-21 12:44:49,909 INFO =====> Num. aborted data so far: 0
2024-09-21 12:44:50,277 INFO ===> New TaichiEnv created.
2024-09-21 12:44:50,277 INFO ===> Specifications: horizon = 600, dt = 0.01, n_substeps = 20, dt_sub = 0.0005
2024-09-21 12:45:13,137 INFO =====> Epoch: 57
2024-09-21 12:45:13,137 INFO =====> EMD Loss: 27.27803611755371
2024-09-21 12:45:13,137 INFO =====> Height map loss: 30.920381546020508
2024-09-21 12:45:13,137 INFO =====> Grad: [-3.510999e+00  9.849439e+00  4.647885e-08  0.000000e+00  0.000000e+00]
2024-09-21 12:45:13,137 INFO =====> Skill params: [-0.2763308   0.06569059  0.6996243   0.2616844  -1.        ]
2024-09-21 12:45:13,137 INFO =====> Num. aborted data so far: 0
2024-09-21 12:45:13,501 INFO ===> New TaichiEnv created.
2024-09-21 12:45:13,501 INFO ===> Specifications: horizon = 600, dt = 0.01, n_substeps = 20, dt_sub = 0.0005
2024-09-21 12:45:35,748 INFO =====> Epoch: 58
2024-09-21 12:45:35,748 INFO =====> EMD Loss: 27.194372177124023
2024-09-21 12:45:35,748 INFO =====> Height map loss: 30.682281494140625
2024-09-21 12:45:35,748 INFO =====> Grad: [-2.8776171e+00  8.8164377e+00 -1.0849743e-07  0.0000000e+00
  0.0000000e+00]
2024-09-21 12:45:35,748 INFO =====> Skill params: [-0.25595057  0.03134505  0.7068079   0.2617017  -1.        ]
2024-09-21 12:45:35,748 INFO =====> Num. aborted data so far: 0
2024-09-21 12:45:36,185 INFO ===> New TaichiEnv created.
2024-09-21 12:45:36,185 INFO ===> Specifications: horizon = 600, dt = 0.01, n_substeps = 20, dt_sub = 0.0005
2024-09-21 12:45:59,233 INFO =====> Epoch: 59
2024-09-21 12:45:59,233 INFO =====> EMD Loss: 27.166336059570312
2024-09-21 12:45:59,233 INFO =====> Height map loss: 30.802248001098633
2024-09-21 12:45:59,233 INFO =====> Grad: [ 3.2115374e-02  8.2755759e-02 -9.0260723e-09  0.0000000e+00
  0.0000000e+00]
2024-09-21 12:45:59,233 INFO =====> Skill params: [-2.3749384e-01  3.2752752e-05  7.1414274e-01  2.6171744e-01
 -1.0000000e+00]
2024-09-21 12:45:59,233 INFO =====> Num. aborted data so far: 0
2024-09-21 12:45:59,591 INFO ===> New TaichiEnv created.
2024-09-21 12:45:59,591 INFO ===> Specifications: horizon = 600, dt = 0.01, n_substeps = 20, dt_sub = 0.0005
2024-09-21 12:46:22,229 INFO =====> Epoch: 60
2024-09-21 12:46:22,229 INFO =====> EMD Loss: 27.149723052978516
2024-09-21 12:46:22,229 INFO =====> Height map loss: 30.669252395629883
2024-09-21 12:46:22,229 INFO =====> Grad: [-1.6836848e-03  1.7578701e+00 -3.3350993e-08  0.0000000e+00
  0.0000000e+00]
2024-09-21 12:46:22,229 INFO =====> Skill params: [-0.22074154 -0.03111135  0.7237715   0.2617317  -1.        ]
2024-09-21 12:46:22,229 INFO =====> Num. aborted data so far: 0
2024-09-21 12:46:22,573 INFO ===> New TaichiEnv created.
2024-09-21 12:46:22,573 INFO ===> Specifications: horizon = 600, dt = 0.01, n_substeps = 20, dt_sub = 0.0005
2024-09-21 12:46:45,529 INFO =====> Epoch: 61
2024-09-21 12:46:45,530 INFO =====> EMD Loss: 26.974018096923828
2024-09-21 12:46:45,530 INFO =====> Height map loss: 30.536117553710938
2024-09-21 12:46:45,530 INFO =====> Grad: [-4.0314954e-02 -5.0694549e-01 -1.4082688e-09  0.0000000e+00
  0.0000000e+00]
2024-09-21 12:46:45,530 INFO =====> Skill params: [-0.20548756 -0.05849275  0.73261684  0.26174468 -1.        ]
2024-09-21 12:46:45,530 INFO =====> Num. aborted data so far: 0
2024-09-21 12:46:45,874 INFO ===> New TaichiEnv created.
2024-09-21 12:46:45,874 INFO ===> Specifications: horizon = 600, dt = 0.01, n_substeps = 20, dt_sub = 0.0005
2024-09-21 12:47:08,356 INFO =====> Epoch: 62
2024-09-21 12:47:08,356 INFO =====> EMD Loss: 27.00612449645996
2024-09-21 12:47:08,356 INFO =====> Height map loss: 30.665090560913086
2024-09-21 12:47:08,356 INFO =====> Grad: [3.4318116e+00 7.6593399e-01 7.6219209e-10 0.0000000e+00 0.0000000e+00]
2024-09-21 12:47:08,356 INFO =====> Skill params: [-0.19652006 -0.0846065   0.7405508   0.26175642 -1.        ]
2024-09-21 12:47:08,356 INFO =====> Num. aborted data so far: 0
2024-09-21 12:47:08,709 INFO ===> New TaichiEnv created.
2024-09-21 12:47:08,709 INFO ===> Specifications: horizon = 600, dt = 0.01, n_substeps = 20, dt_sub = 0.0005
2024-09-21 12:47:31,914 INFO =====> Epoch: 63
2024-09-21 12:47:31,915 INFO =====> EMD Loss: 26.864065170288086
2024-09-21 12:47:31,915 INFO =====> Height map loss: 30.55887222290039
2024-09-21 12:47:31,915 INFO =====> Grad: [-4.0087417e-02 -4.4704250e-01 -2.5635025e-09  0.0000000e+00
  0.0000000e+00]
2024-09-21 12:47:31,915 INFO =====> Skill params: [-0.18833354 -0.10751557  0.74797034  0.2617671  -1.        ]
2024-09-21 12:47:31,915 INFO =====> Num. aborted data so far: 0
2024-09-21 12:47:32,281 INFO ===> New TaichiEnv created.
2024-09-21 12:47:32,281 INFO ===> Specifications: horizon = 600, dt = 0.01, n_substeps = 20, dt_sub = 0.0005
2024-09-21 12:47:55,592 INFO =====> Epoch: 64
2024-09-21 12:47:55,593 INFO =====> EMD Loss: 26.89031410217285
2024-09-21 12:47:55,593 INFO =====> Height map loss: 30.590408325195312
2024-09-21 12:47:55,593 INFO =====> Grad: [ 4.1797047e+00  1.3925173e+00 -7.8727780e-08  0.0000000e+00
  0.0000000e+00]
2024-09-21 12:47:55,593 INFO =====> Skill params: [-0.18637644 -0.13059448  0.76121247  0.26177675 -1.        ]
2024-09-21 12:47:55,593 INFO =====> Num. aborted data so far: 0
2024-09-21 12:47:55,962 INFO ===> New TaichiEnv created.
2024-09-21 12:47:55,962 INFO ===> Specifications: horizon = 600, dt = 0.01, n_substeps = 20, dt_sub = 0.0005
2024-09-21 12:48:20,374 INFO =====> Epoch: 65
2024-09-21 12:48:20,374 INFO =====> EMD Loss: 26.786273956298828
2024-09-21 12:48:20,374 INFO =====> Height map loss: 30.513715744018555
2024-09-21 12:48:20,374 INFO =====> Grad: [-9.7706700e-03 -3.0434039e-01  1.0826173e-08  0.0000000e+00
  0.0000000e+00]
2024-09-21 12:48:20,374 INFO =====> Skill params: [-0.18458931 -0.15099338  0.7722218   0.2617855  -1.        ]
2024-09-21 12:48:20,374 INFO =====> Num. aborted data so far: 0
2024-09-21 12:48:20,759 INFO ===> New TaichiEnv created.
2024-09-21 12:48:20,759 INFO ===> Specifications: horizon = 600, dt = 0.01, n_substeps = 20, dt_sub = 0.0005
2024-09-21 12:48:45,868 INFO =====> Epoch: 66
2024-09-21 12:48:45,868 INFO =====> EMD Loss: 26.782127380371094
2024-09-21 12:48:45,868 INFO =====> Height map loss: 30.525360107421875
2024-09-21 12:48:45,868 INFO =====> Grad: [-3.2819733e-03 -2.6084819e-01 -2.0514037e-09  0.0000000e+00
  0.0000000e+00]
2024-09-21 12:48:45,868 INFO =====> Skill params: [-0.18296446 -0.16903351  0.7823661   0.26179346 -1.        ]
2024-09-21 12:48:45,868 INFO =====> Num. aborted data so far: 0
2024-09-21 12:48:46,307 INFO ===> New TaichiEnv created.
2024-09-21 12:48:46,307 INFO ===> Specifications: horizon = 600, dt = 0.01, n_substeps = 20, dt_sub = 0.0005
2024-09-21 12:49:11,799 INFO =====> Epoch: 67
2024-09-21 12:49:11,799 INFO =====> EMD Loss: 26.798742294311523
2024-09-21 12:49:11,800 INFO =====> Height map loss: 30.471426010131836
2024-09-21 12:49:11,800 INFO =====> Grad: [ 4.1802187e+00 -3.3254576e-01  3.4660818e-08  0.0000000e+00
  0.0000000e+00]
2024-09-21 12:49:11,800 INFO =====> Skill params: [-0.1865118  -0.1848014   0.78836846  0.26180068 -1.        ]
2024-09-21 12:49:11,800 INFO =====> Num. aborted data so far: 0
2024-09-21 12:49:12,298 INFO ===> New TaichiEnv created.
2024-09-21 12:49:12,298 INFO ===> Specifications: horizon = 600, dt = 0.01, n_substeps = 20, dt_sub = 0.0005
2024-09-21 12:49:38,312 INFO =====> Epoch: 68
2024-09-21 12:49:38,312 INFO =====> EMD Loss: 26.76712417602539
2024-09-21 12:49:38,312 INFO =====> Height map loss: 30.447874069213867
2024-09-21 12:49:38,312 INFO =====> Grad: [ 2.8390961e-03 -2.0203233e-01 -3.1828449e-09  0.0000000e+00
  0.0000000e+00]
2024-09-21 12:49:38,312 INFO =====> Skill params: [-0.18973175 -0.19873823  0.794082    0.2618072  -1.        ]
2024-09-21 12:49:38,312 INFO =====> Num. aborted data so far: 0
2024-09-21 12:49:38,752 INFO ===> New TaichiEnv created.
2024-09-21 12:49:38,752 INFO ===> Specifications: horizon = 600, dt = 0.01, n_substeps = 20, dt_sub = 0.0005
2024-09-21 12:50:05,148 INFO =====> Epoch: 69
2024-09-21 12:50:05,148 INFO =====> EMD Loss: 26.737321853637695
2024-09-21 12:50:05,148 INFO =====> Height map loss: 30.317623138427734
2024-09-21 12:50:05,148 INFO =====> Grad: [ 4.1545420e+00 -1.4327195e+00  3.6723122e-09  0.0000000e+00
  0.0000000e+00]
2024-09-21 12:50:05,149 INFO =====> Skill params: [-0.19730411 -0.20875408  0.79892135  0.26181313 -1.        ]
2024-09-21 12:50:05,149 INFO =====> Num. aborted data so far: 0
2024-09-21 12:50:05,590 INFO ===> New TaichiEnv created.
2024-09-21 12:50:05,590 INFO ===> Specifications: horizon = 600, dt = 0.01, n_substeps = 20, dt_sub = 0.0005
2024-09-21 12:50:31,802 INFO =====> Epoch: 70
2024-09-21 12:50:31,802 INFO =====> EMD Loss: 26.681739807128906
2024-09-21 12:50:31,802 INFO =====> Height map loss: 30.329797744750977
2024-09-21 12:50:31,802 INFO =====> Grad: [ 4.1320124e+00 -1.8417478e+00 -1.0414052e-09  0.0000000e+00
  0.0000000e+00]
2024-09-21 12:50:31,802 INFO =====> Skill params: [-0.20849875 -0.21447869  0.80339265  0.2618185  -1.        ]
2024-09-21 12:50:31,802 INFO =====> Num. aborted data so far: 0
2024-09-21 12:50:32,244 INFO ===> New TaichiEnv created.
2024-09-21 12:50:32,244 INFO ===> Specifications: horizon = 600, dt = 0.01, n_substeps = 20, dt_sub = 0.0005
2024-09-21 12:50:58,916 INFO =====> Epoch: 71
2024-09-21 12:50:58,916 INFO =====> EMD Loss: 26.667024612426758
2024-09-21 12:50:58,916 INFO =====> Height map loss: 30.28262710571289
2024-09-21 12:50:58,916 INFO =====> Grad: [ 4.0042887e+00 -2.1715662e+00 -1.8232662e-08  0.0000000e+00
  0.0000000e+00]
2024-09-21 12:50:58,916 INFO =====> Skill params: [-0.22263315 -0.21576166  0.80906826  0.2618234  -1.        ]
2024-09-21 12:50:58,916 INFO =====> Num. aborted data so far: 0
2024-09-21 12:50:59,357 INFO ===> New TaichiEnv created.
2024-09-21 12:50:59,358 INFO ===> Specifications: horizon = 600, dt = 0.01, n_substeps = 20, dt_sub = 0.0005
2024-09-21 12:51:25,752 INFO =====> Epoch: 72
2024-09-21 12:51:25,752 INFO =====> EMD Loss: 26.654762268066406
2024-09-21 12:51:25,752 INFO =====> Height map loss: 30.194965362548828
2024-09-21 12:51:25,752 INFO =====> Grad: [-8.4489508e-04 -1.9055469e-01 -1.8521003e-09  0.0000000e+00
  0.0000000e+00]
2024-09-21 12:51:25,752 INFO =====> Skill params: [-0.23544383 -0.21658471  0.81436926  0.2618278  -1.        ]
2024-09-21 12:51:25,752 INFO =====> Num. aborted data so far: 0
2024-09-21 12:51:26,196 INFO ===> New TaichiEnv created.
2024-09-21 12:51:26,196 INFO ===> Specifications: horizon = 600, dt = 0.01, n_substeps = 20, dt_sub = 0.0005
2024-09-21 12:51:52,294 INFO =====> Epoch: 73
2024-09-21 12:51:52,294 INFO =====> EMD Loss: 26.599872589111328
2024-09-21 12:51:52,294 INFO =====> Height map loss: 30.18549346923828
2024-09-21 12:51:52,294 INFO =====> Grad: [-2.8911522e-03 -1.9628073e-01 -6.7493233e-10  0.0000000e+00
  0.0000000e+00]
2024-09-21 12:51:52,294 INFO =====> Skill params: [-0.24705137 -0.21697822  0.8192249   0.2618318  -1.        ]
2024-09-21 12:51:52,294 INFO =====> Num. aborted data so far: 0
2024-09-21 12:51:52,736 INFO ===> New TaichiEnv created.
2024-09-21 12:51:52,736 INFO ===> Specifications: horizon = 600, dt = 0.01, n_substeps = 20, dt_sub = 0.0005
2024-09-21 12:52:19,152 INFO =====> Epoch: 74
2024-09-21 12:52:19,152 INFO =====> EMD Loss: 26.6066837310791
2024-09-21 12:52:19,152 INFO =====> Height map loss: 30.25709342956543
2024-09-21 12:52:19,152 INFO =====> Grad: [-4.8227198e-03 -2.0219660e-01 -1.1314636e-09  0.0000000e+00
  0.0000000e+00]
2024-09-21 12:52:19,152 INFO =====> Skill params: [-0.2575654  -0.21696931  0.82371944  0.26183543 -1.        ]
2024-09-21 12:52:19,152 INFO =====> Num. aborted data so far: 0
2024-09-21 12:52:19,598 INFO ===> New TaichiEnv created.
2024-09-21 12:52:19,598 INFO ===> Specifications: horizon = 600, dt = 0.01, n_substeps = 20, dt_sub = 0.0005
2024-09-21 12:52:45,607 INFO =====> Epoch: 75
2024-09-21 12:52:45,607 INFO =====> EMD Loss: 26.560022354125977
2024-09-21 12:52:45,608 INFO =====> Height map loss: 30.244104385375977
2024-09-21 12:52:45,608 INFO =====> Grad: [-6.6746399e-03 -2.0838155e-01  3.9964005e-09  0.0000000e+00
  0.0000000e+00]
2024-09-21 12:52:45,609 INFO =====> Skill params: [-0.26708555 -0.21658203  0.8274159   0.2618387  -1.        ]
2024-09-21 12:52:45,609 INFO =====> Num. aborted data so far: 0
2024-09-21 12:52:46,054 INFO ===> New TaichiEnv created.
2024-09-21 12:52:46,054 INFO ===> Specifications: horizon = 600, dt = 0.01, n_substeps = 20, dt_sub = 0.0005
2024-09-21 12:53:12,369 INFO =====> Epoch: 76
2024-09-21 12:53:12,369 INFO =====> EMD Loss: 26.533615112304688
2024-09-21 12:53:12,369 INFO =====> Height map loss: 30.28951644897461
2024-09-21 12:53:12,369 INFO =====> Grad: [-8.4771868e-03 -2.1490450e-01 -1.1241592e-09  0.0000000e+00
  0.0000000e+00]
2024-09-21 12:53:12,369 INFO =====> Skill params: [-0.27570227 -0.21583746  0.83086205  0.26184168 -1.        ]
2024-09-21 12:53:12,369 INFO =====> Num. aborted data so far: 0
2024-09-21 12:53:12,775 INFO ===> New TaichiEnv created.
2024-09-21 12:53:12,775 INFO ===> Specifications: horizon = 600, dt = 0.01, n_substeps = 20, dt_sub = 0.0005
2024-09-21 12:53:38,587 INFO =====> Epoch: 77
2024-09-21 12:53:38,587 INFO =====> EMD Loss: 26.526660919189453
2024-09-21 12:53:38,587 INFO =====> Height map loss: 30.238265991210938
2024-09-21 12:53:38,587 INFO =====> Grad: [-1.0257311e-02 -2.2182849e-01 -1.3582797e-09  0.0000000e+00
  0.0000000e+00]
2024-09-21 12:53:38,587 INFO =====> Skill params: [-0.28349766 -0.21475391  0.8341038   0.2618444  -1.        ]
2024-09-21 12:53:38,587 INFO =====> Num. aborted data so far: 0
2024-09-21 12:53:38,950 INFO ===> New TaichiEnv created.
2024-09-21 12:53:38,950 INFO ===> Specifications: horizon = 600, dt = 0.01, n_substeps = 20, dt_sub = 0.0005
2024-09-21 12:54:04,817 INFO =====> Epoch: 78
2024-09-21 12:54:04,817 INFO =====> EMD Loss: 26.55872344970703
2024-09-21 12:54:04,817 INFO =====> Height map loss: 30.20063591003418
2024-09-21 12:54:04,818 INFO =====> Grad: [ 3.8584046e+00 -2.6516407e+00  7.7214978e-08  0.0000000e+00
  0.0000000e+00]
2024-09-21 12:54:04,818 INFO =====> Skill params: [-0.2945971  -0.20895219  0.8300543   0.26184684 -1.        ]
2024-09-21 12:54:04,818 INFO =====> Num. aborted data so far: 0
2024-09-21 12:54:05,200 INFO ===> New TaichiEnv created.
2024-09-21 12:54:05,200 INFO ===> Specifications: horizon = 600, dt = 0.01, n_substeps = 20, dt_sub = 0.0005
2024-09-21 12:54:31,514 INFO =====> Epoch: 79
2024-09-21 12:54:31,515 INFO =====> EMD Loss: 26.61898422241211
2024-09-21 12:54:31,515 INFO =====> Height map loss: 30.227327346801758
2024-09-21 12:54:31,515 INFO =====> Grad: [-1.4183952e-02 -2.4263394e-01 -5.8347034e-09  0.0000000e+00
  0.0000000e+00]
2024-09-21 12:54:31,515 INFO =====> Skill params: [-0.30463618 -0.20325181  0.8269126   0.26184905 -1.        ]
2024-09-21 12:54:31,515 INFO =====> Num. aborted data so far: 0
2024-09-21 12:54:31,899 INFO ===> New TaichiEnv created.
2024-09-21 12:54:31,899 INFO ===> Specifications: horizon = 600, dt = 0.01, n_substeps = 20, dt_sub = 0.0005
2024-09-21 12:54:57,721 INFO =====> Epoch: 80
2024-09-21 12:54:57,721 INFO =====> EMD Loss: 26.633079528808594
2024-09-21 12:54:57,722 INFO =====> Height map loss: 30.180633544921875
2024-09-21 12:54:57,722 INFO =====> Grad: [ 3.8312995e+00 -2.4259360e+00  1.4700458e-08  0.0000000e+00
  0.0000000e+00]
2024-09-21 12:54:57,722 INFO =====> Skill params: [-0.31762925 -0.19374129  0.82276696  0.26185104 -1.        ]
2024-09-21 12:54:57,722 INFO =====> Num. aborted data so far: 0
2024-09-21 12:54:58,103 INFO ===> New TaichiEnv created.
2024-09-21 12:54:58,103 INFO ===> Specifications: horizon = 600, dt = 0.01, n_substeps = 20, dt_sub = 0.0005
2024-09-21 12:55:23,665 INFO =====> Epoch: 81
2024-09-21 12:55:23,666 INFO =====> EMD Loss: 26.533132553100586
2024-09-21 12:55:23,666 INFO =====> Height map loss: 30.196334838867188
2024-09-21 12:55:23,666 INFO =====> Grad: [ 3.7864268e+00 -2.2076330e+00 -2.5253938e-08  0.0000000e+00
  0.0000000e+00]
2024-09-21 12:55:23,666 INFO =====> Skill params: [-0.33311632 -0.18122342  0.82128763  0.26185286 -1.        ]
2024-09-21 12:55:23,666 INFO =====> Num. aborted data so far: 0
2024-09-21 12:55:24,041 INFO ===> New TaichiEnv created.
2024-09-21 12:55:24,041 INFO ===> Specifications: horizon = 600, dt = 0.01, n_substeps = 20, dt_sub = 0.0005
2024-09-21 12:55:49,976 INFO =====> Epoch: 82
2024-09-21 12:55:49,976 INFO =====> EMD Loss: 26.68204116821289
2024-09-21 12:55:49,976 INFO =====> Height map loss: 30.263168334960938
2024-09-21 12:55:49,976 INFO =====> Grad: [ 3.7745903e+00 -1.9822379e+00 -2.4430332e-08  0.0000000e+00
  0.0000000e+00]
2024-09-21 12:55:49,976 INFO =====> Skill params: [-0.3507357  -0.16640492  0.82213205  0.2618545  -1.        ]
2024-09-21 12:55:49,976 INFO =====> Num. aborted data so far: 0
2024-09-21 12:55:50,352 INFO ===> New TaichiEnv created.
2024-09-21 12:55:50,352 INFO ===> Specifications: horizon = 600, dt = 0.01, n_substeps = 20, dt_sub = 0.0005
2024-09-21 12:56:15,476 INFO =====> Epoch: 83
2024-09-21 12:56:15,476 INFO =====> EMD Loss: 26.835708618164062
2024-09-21 12:56:15,476 INFO =====> Height map loss: 30.33720588684082
2024-09-21 12:56:15,476 INFO =====> Grad: [-3.8915146e-02 -3.7445095e-01 -5.6933294e-09  0.0000000e+00
  0.0000000e+00]
2024-09-21 12:56:15,476 INFO =====> Skill params: [-0.36665127 -0.15230837  0.8234042   0.261856   -1.        ]
2024-09-21 12:56:15,476 INFO =====> Num. aborted data so far: 0
2024-09-21 12:56:15,851 INFO ===> New TaichiEnv created.
2024-09-21 12:56:15,851 INFO ===> Specifications: horizon = 600, dt = 0.01, n_substeps = 20, dt_sub = 0.0005
2024-09-21 12:56:40,531 INFO =====> Epoch: 84
2024-09-21 12:56:40,531 INFO =====> EMD Loss: 26.83209991455078
2024-09-21 12:56:40,531 INFO =====> Height map loss: 30.347084045410156
2024-09-21 12:56:40,531 INFO =====> Grad: [ 3.5929072e+00 -1.4962183e+00  9.9957944e-08  0.0000000e+00
  0.0000000e+00]
2024-09-21 12:56:40,531 INFO =====> Skill params: [-0.38447002 -0.13688424  0.8161199   0.26185733 -1.        ]
2024-09-21 12:56:40,531 INFO =====> Num. aborted data so far: 0
2024-09-21 12:56:40,910 INFO ===> New TaichiEnv created.
2024-09-21 12:56:40,910 INFO ===> Specifications: horizon = 600, dt = 0.01, n_substeps = 20, dt_sub = 0.0005
2024-09-21 12:57:04,997 INFO =====> Epoch: 85
2024-09-21 12:57:04,998 INFO =====> EMD Loss: 26.95254898071289
2024-09-21 12:57:04,998 INFO =====> Height map loss: 30.454607009887695
2024-09-21 12:57:04,998 INFO =====> Grad: [-6.4769439e-02 -4.9268985e-01  3.3993490e-09  0.0000000e+00
  0.0000000e+00]
2024-09-21 12:57:04,998 INFO =====> Skill params: [-0.40053734 -0.12202357  0.8092504   0.26185855 -1.        ]
2024-09-21 12:57:04,998 INFO =====> Num. aborted data so far: 0
2024-09-21 12:57:05,371 INFO ===> New TaichiEnv created.
2024-09-21 12:57:05,371 INFO ===> Specifications: horizon = 600, dt = 0.01, n_substeps = 20, dt_sub = 0.0005
2024-09-21 12:57:29,232 INFO =====> Epoch: 86
2024-09-21 12:57:29,233 INFO =====> EMD Loss: 26.982986450195312
2024-09-21 12:57:29,233 INFO =====> Height map loss: 30.436017990112305
2024-09-21 12:57:29,233 INFO =====> Grad: [ 3.3202183e+00 -1.3987060e+00 -2.5579077e-08  0.0000000e+00
  0.0000000e+00]
2024-09-21 12:57:29,233 INFO =====> Skill params: [-0.41824204 -0.10606288  0.8052148   0.26185966 -1.        ]
2024-09-21 12:57:29,233 INFO =====> Num. aborted data so far: 0
2024-09-21 12:57:29,606 INFO ===> New TaichiEnv created.
2024-09-21 12:57:29,606 INFO ===> Specifications: horizon = 600, dt = 0.01, n_substeps = 20, dt_sub = 0.0005
2024-09-21 12:57:53,826 INFO =====> Epoch: 87
2024-09-21 12:57:53,826 INFO =====> EMD Loss: 27.116870880126953
2024-09-21 12:57:53,826 INFO =====> Height map loss: 30.58429527282715
2024-09-21 12:57:53,826 INFO =====> Grad: [-7.1763992e-02 -5.4769886e-01  2.9333642e-09  0.0000000e+00
  0.0000000e+00]
2024-09-21 12:57:53,826 INFO =====> Skill params: [-0.43419713 -0.09061267  0.80132014  0.26186067 -1.        ]
2024-09-21 12:57:53,826 INFO =====> Num. aborted data so far: 0
2024-09-21 12:57:54,198 INFO ===> New TaichiEnv created.
2024-09-21 12:57:54,198 INFO ===> Specifications: horizon = 600, dt = 0.01, n_substeps = 20, dt_sub = 0.0005
2024-09-21 12:58:18,157 INFO =====> Epoch: 88
2024-09-21 12:58:18,158 INFO =====> EMD Loss: 27.1224422454834
2024-09-21 12:58:18,158 INFO =====> Height map loss: 30.545368194580078
2024-09-21 12:58:18,158 INFO =====> Grad: [ 2.3446043e+00 -3.4731388e+00 -5.7565046e-09  0.0000000e+00
  0.0000000e+00]
2024-09-21 12:58:18,158 INFO =====> Skill params: [-0.45093507 -0.07071686  0.79828805  0.26186156 -1.        ]
2024-09-21 12:58:18,158 INFO =====> Num. aborted data so far: 0
2024-09-21 12:58:18,541 INFO ===> New TaichiEnv created.
2024-09-21 12:58:18,541 INFO ===> Specifications: horizon = 600, dt = 0.01, n_substeps = 20, dt_sub = 0.0005
2024-09-21 12:58:43,078 INFO =====> Epoch: 89
2024-09-21 12:58:43,078 INFO =====> EMD Loss: 27.2045841217041
2024-09-21 12:58:43,078 INFO =====> Height map loss: 30.65797233581543
2024-09-21 12:58:43,078 INFO =====> Grad: [ 1.8339309e+00 -4.7575831e+00  8.9903409e-09  0.0000000e+00
  0.0000000e+00]
2024-09-21 12:58:43,078 INFO =====> Skill params: [-0.46790075 -0.04526228  0.79478544  0.2618624  -1.        ]
2024-09-21 12:58:43,078 INFO =====> Num. aborted data so far: 0
2024-09-21 12:58:43,452 INFO ===> New TaichiEnv created.
2024-09-21 12:58:43,452 INFO ===> Specifications: horizon = 600, dt = 0.01, n_substeps = 20, dt_sub = 0.0005
2024-09-21 12:59:07,600 INFO =====> Epoch: 90
2024-09-21 12:59:07,600 INFO =====> EMD Loss: 27.165184020996094
2024-09-21 12:59:07,600 INFO =====> Height map loss: 30.685815811157227
2024-09-21 12:59:07,600 INFO =====> Grad: [-2.4820641e-02 -4.2833325e-01  4.7360063e-09  0.0000000e+00
  0.0000000e+00]
2024-09-21 12:59:07,600 INFO =====> Skill params: [-0.48323247 -0.0214817   0.79121655  0.26186314 -1.        ]
2024-09-21 12:59:07,600 INFO =====> Num. aborted data so far: 0
2024-09-21 12:59:07,981 INFO ===> New TaichiEnv created.
2024-09-21 12:59:07,981 INFO ===> Specifications: horizon = 600, dt = 0.01, n_substeps = 20, dt_sub = 0.0005
2024-09-21 12:59:32,571 INFO =====> Epoch: 91
2024-09-21 12:59:32,571 INFO =====> EMD Loss: 27.24005889892578
2024-09-21 12:59:32,571 INFO =====> Height map loss: 30.78214454650879
2024-09-21 12:59:32,571 INFO =====> Grad: [-1.0790343e-02 -3.9380938e-01  3.8857948e-09  0.0000000e+00
  0.0000000e+00]
2024-09-21 12:59:32,572 INFO =====> Skill params: [-4.9709877e-01  7.2751753e-04  7.8765899e-01  2.6186383e-01
 -1.0000000e+00]
2024-09-21 12:59:32,572 INFO =====> Num. aborted data so far: 0
2024-09-21 12:59:32,952 INFO ===> New TaichiEnv created.
2024-09-21 12:59:32,952 INFO ===> Specifications: horizon = 600, dt = 0.01, n_substeps = 20, dt_sub = 0.0005
2024-09-21 12:59:57,335 INFO =====> Epoch: 92
2024-09-21 12:59:57,335 INFO =====> EMD Loss: 27.17967414855957
2024-09-21 12:59:57,335 INFO =====> Height map loss: 30.69041633605957
2024-09-21 12:59:57,335 INFO =====> Grad: [-1.7078741e-02  2.0348525e+00  8.9652204e-08  0.0000000e+00
  0.0000000e+00]
2024-09-21 12:59:57,335 INFO =====> Skill params: [-0.5096313   0.01710917  0.77725935  0.26186442 -1.        ]
2024-09-21 12:59:57,335 INFO =====> Num. aborted data so far: 0
2024-09-21 12:59:57,704 INFO ===> New TaichiEnv created.
2024-09-21 12:59:57,704 INFO ===> Specifications: horizon = 600, dt = 0.01, n_substeps = 20, dt_sub = 0.0005
2024-09-21 13:00:22,592 INFO =====> Epoch: 93
2024-09-21 13:00:22,592 INFO =====> EMD Loss: 27.181129455566406
2024-09-21 13:00:22,592 INFO =====> Height map loss: 30.694751739501953
2024-09-21 13:00:22,592 INFO =====> Grad: [ 7.9624485e-03  6.2804706e-02 -8.9413188e-09  0.0000000e+00
  0.0000000e+00]
2024-09-21 13:00:22,592 INFO =====> Skill params: [-0.5209822   0.03182479  0.76860046  0.26186496 -1.        ]
2024-09-21 13:00:22,592 INFO =====> Num. aborted data so far: 0
2024-09-21 13:00:22,966 INFO ===> New TaichiEnv created.
2024-09-21 13:00:22,966 INFO ===> Specifications: horizon = 600, dt = 0.01, n_substeps = 20, dt_sub = 0.0005
2024-09-21 13:00:48,128 INFO =====> Epoch: 94
2024-09-21 13:00:48,128 INFO =====> EMD Loss: 27.141061782836914
2024-09-21 13:00:48,128 INFO =====> Height map loss: 30.73671531677246
2024-09-21 13:00:48,128 INFO =====> Grad: [-7.3192692e-01  3.0272079e+00  1.0960835e-07  0.0000000e+00
  0.0000000e+00]
2024-09-21 13:00:48,128 INFO =====> Skill params: [-0.53047     0.03965063  0.7527801   0.26186547 -1.        ]
2024-09-21 13:00:48,128 INFO =====> Num. aborted data so far: 0
2024-09-21 13:00:48,499 INFO ===> New TaichiEnv created.
2024-09-21 13:00:48,499 INFO ===> Specifications: horizon = 600, dt = 0.01, n_substeps = 20, dt_sub = 0.0005
2024-09-21 13:01:13,845 INFO =====> Epoch: 95
2024-09-21 13:01:13,845 INFO =====> EMD Loss: 27.142995834350586
2024-09-21 13:01:13,845 INFO =====> Height map loss: 30.69426727294922
2024-09-21 13:01:13,845 INFO =====> Grad: [-8.8184911e-01  3.3272614e+00  3.7957896e-08  0.0000000e+00
  0.0000000e+00]
2024-09-21 13:01:13,845 INFO =====> Skill params: [-0.5381064   0.04089009  0.73565614  0.2618659  -1.        ]
2024-09-21 13:01:13,845 INFO =====> Num. aborted data so far: 0
2024-09-21 13:01:14,210 INFO ===> New TaichiEnv created.
2024-09-21 13:01:14,210 INFO ===> Specifications: horizon = 600, dt = 0.01, n_substeps = 20, dt_sub = 0.0005
2024-09-21 13:01:39,521 INFO =====> Epoch: 96
2024-09-21 13:01:39,521 INFO =====> EMD Loss: 27.162353515625
2024-09-21 13:01:39,521 INFO =====> Height map loss: 30.71360969543457
2024-09-21 13:01:39,521 INFO =====> Grad: [1.7726978e-02 6.1130732e-02 2.4730005e-09 0.0000000e+00 0.0000000e+00]
2024-09-21 13:01:39,521 INFO =====> Skill params: [-0.54503554  0.04190635  0.71999127  0.26186633 -1.        ]
2024-09-21 13:01:39,521 INFO =====> Num. aborted data so far: 0
2024-09-21 13:01:39,891 INFO ===> New TaichiEnv created.
2024-09-21 13:01:39,891 INFO ===> Specifications: horizon = 600, dt = 0.01, n_substeps = 20, dt_sub = 0.0005
2024-09-21 13:02:04,530 INFO =====> Epoch: 97
2024-09-21 13:02:04,530 INFO =====> EMD Loss: 27.164793014526367
2024-09-21 13:02:04,530 INFO =====> Height map loss: 30.717180252075195
2024-09-21 13:02:04,530 INFO =====> Grad: [-8.8377690e-01  3.4923973e+00 -9.7196811e-09  0.0000000e+00
  0.0000000e+00]
2024-09-21 13:02:04,530 INFO =====> Skill params: [-0.5503474  0.0368846  0.7065985  0.2618667 -1.       ]
2024-09-21 13:02:04,530 INFO =====> Num. aborted data so far: 0
2024-09-21 13:02:04,891 INFO ===> New TaichiEnv created.
2024-09-21 13:02:04,892 INFO ===> Specifications: horizon = 600, dt = 0.01, n_substeps = 20, dt_sub = 0.0005
2024-09-21 13:02:29,718 INFO =====> Epoch: 98
2024-09-21 13:02:29,718 INFO =====> EMD Loss: 27.168153762817383
2024-09-21 13:02:29,718 INFO =====> Height map loss: 30.69115447998047
2024-09-21 13:02:29,718 INFO =====> Grad: [1.6238471e-02 9.0629749e-02 3.0500078e-09 0.0000000e+00 0.0000000e+00]
2024-09-21 13:02:29,719 INFO =====> Skill params: [-0.55517113  0.03218646  0.69425994  0.26186702 -1.        ]
2024-09-21 13:02:29,719 INFO =====> Num. aborted data so far: 0
2024-09-21 13:02:30,075 INFO ===> New TaichiEnv created.
2024-09-21 13:02:30,075 INFO ===> Specifications: horizon = 600, dt = 0.01, n_substeps = 20, dt_sub = 0.0005
2024-09-21 13:02:56,266 INFO =====> Epoch: 99
2024-09-21 13:02:56,266 INFO =====> EMD Loss: 27.160411834716797
2024-09-21 13:02:56,266 INFO =====> Height map loss: 30.705472946166992
2024-09-21 13:02:56,266 INFO =====> Grad: [1.3995635e-02 8.7064259e-02 9.5667598e-09 0.0000000e+00 0.0000000e+00]
2024-09-21 13:02:56,266 INFO =====> Skill params: [-0.5595507   0.02778662  0.6823677   0.2618673  -1.        ]
2024-09-21 13:02:56,266 INFO =====> Num. aborted data so far: 0
2024-09-21 13:02:56,631 INFO ===> New TaichiEnv created.
2024-09-21 13:02:56,631 INFO ===> Specifications: horizon = 600, dt = 0.01, n_substeps = 20, dt_sub = 0.0005
2024-09-21 13:03:22,086 INFO =====> Epoch: 100
2024-09-21 13:03:22,086 INFO =====> EMD Loss: 27.15739631652832
2024-09-21 13:03:22,086 INFO =====> Height map loss: 30.694002151489258
2024-09-21 13:03:22,087 INFO =====> Grad: [1.1948594e-02 8.3748825e-02 2.5788678e-09 0.0000000e+00 0.0000000e+00]
2024-09-21 13:03:22,087 INFO =====> Skill params: [-0.56352603  0.02366178  0.67142093  0.26186758 -1.        ]
2024-09-21 13:03:22,087 INFO =====> Num. aborted data so far: 0
2024-09-21 13:03:22,444 INFO ===> New TaichiEnv created.
2024-09-21 13:03:22,444 INFO ===> Specifications: horizon = 600, dt = 0.01, n_substeps = 20, dt_sub = 0.0005
2024-09-21 13:03:47,329 INFO =====> Epoch: 101
2024-09-21 13:03:47,329 INFO =====> EMD Loss: 27.178529739379883
2024-09-21 13:03:47,329 INFO =====> Height map loss: 30.667312622070312
2024-09-21 13:03:47,329 INFO =====> Grad: [1.0073428e-02 8.0675833e-02 3.9736752e-09 0.0000000e+00 0.0000000e+00]
2024-09-21 13:03:47,329 INFO =====> Skill params: [-0.5671334   0.01979051  0.6612184   0.26186782 -1.        ]
2024-09-21 13:03:47,329 INFO =====> Num. aborted data so far: 0
2024-09-21 13:03:47,686 INFO ===> New TaichiEnv created.
2024-09-21 13:03:47,686 INFO ===> Specifications: horizon = 600, dt = 0.01, n_substeps = 20, dt_sub = 0.0005
2024-09-21 13:04:12,621 INFO =====> Epoch: 102
2024-09-21 13:04:12,621 INFO =====> EMD Loss: 27.16396141052246
2024-09-21 13:04:12,621 INFO =====> Height map loss: 30.705533981323242
2024-09-21 13:04:12,621 INFO =====> Grad: [ 8.3405403e-03  8.3916642e-02 -6.5805095e-09  0.0000000e+00
  0.0000000e+00]
2024-09-21 13:04:12,622 INFO =====> Skill params: [-0.570406    0.01614243  0.65252435  0.26186806 -1.        ]
2024-09-21 13:04:12,622 INFO =====> Num. aborted data so far: 0
2024-09-21 13:04:12,983 INFO ===> New TaichiEnv created.
2024-09-21 13:04:12,983 INFO ===> Specifications: horizon = 600, dt = 0.01, n_substeps = 20, dt_sub = 0.0005
2024-09-21 13:04:37,738 INFO =====> Epoch: 103
2024-09-21 13:04:37,739 INFO =====> EMD Loss: 27.164772033691406
2024-09-21 13:04:37,739 INFO =====> Height map loss: 30.675384521484375
2024-09-21 13:04:37,739 INFO =====> Grad: [6.7498703e-03 8.1340954e-02 6.4586443e-09 0.0000000e+00 0.0000000e+00]
2024-09-21 13:04:37,739 INFO =====> Skill params: [-0.57337385  0.01270017  0.6441588   0.26186827 -1.        ]
2024-09-21 13:04:37,739 INFO =====> Num. aborted data so far: 0
2024-09-21 13:04:38,099 INFO ===> New TaichiEnv created.
2024-09-21 13:04:38,099 INFO ===> Specifications: horizon = 600, dt = 0.01, n_substeps = 20, dt_sub = 0.0005
2024-09-21 13:05:02,889 INFO =====> Epoch: 104
2024-09-21 13:05:02,889 INFO =====> EMD Loss: 27.173782348632812
2024-09-21 13:05:02,889 INFO =====> Height map loss: 30.67870330810547
2024-09-21 13:05:02,889 INFO =====> Grad: [5.2734660e-03 7.8979723e-02 3.6650256e-09 0.0000000e+00 0.0000000e+00]
2024-09-21 13:05:02,889 INFO =====> Skill params: [-0.5760643   0.00944767  0.6363101   0.26186845 -1.        ]
2024-09-21 13:05:02,889 INFO =====> Num. aborted data so far: 0
2024-09-21 13:05:03,247 INFO ===> New TaichiEnv created.
2024-09-21 13:05:03,247 INFO ===> Specifications: horizon = 600, dt = 0.01, n_substeps = 20, dt_sub = 0.0005
2024-09-21 13:05:28,442 INFO =====> Epoch: 105
2024-09-21 13:05:28,442 INFO =====> EMD Loss: 27.185007095336914
2024-09-21 13:05:28,442 INFO =====> Height map loss: 30.700185775756836
2024-09-21 13:05:28,443 INFO =====> Grad: [3.8984597e-03 7.6815717e-02 4.0596193e-10 0.0000000e+00 0.0000000e+00]
2024-09-21 13:05:28,443 INFO =====> Skill params: [-0.5785021   0.00637007  0.6291879   0.26186863 -1.        ]
2024-09-21 13:05:28,443 INFO =====> Num. aborted data so far: 0
2024-09-21 13:05:28,802 INFO ===> New TaichiEnv created.
2024-09-21 13:05:28,802 INFO ===> Specifications: horizon = 600, dt = 0.01, n_substeps = 20, dt_sub = 0.0005
2024-09-21 13:05:53,894 INFO =====> Epoch: 106
2024-09-21 13:05:53,894 INFO =====> EMD Loss: 27.189424514770508
2024-09-21 13:05:53,895 INFO =====> Height map loss: 30.689430236816406
2024-09-21 13:05:53,895 INFO =====> Grad: [ 2.6139414e-03  7.4843585e-02 -7.9746023e-09  0.0000000e+00
  0.0000000e+00]
2024-09-21 13:05:53,895 INFO =====> Skill params: [-0.58071     0.00345362  0.62339693  0.26186877 -1.        ]
2024-09-21 13:05:53,895 INFO =====> Num. aborted data so far: 0
2024-09-21 13:05:54,259 INFO ===> New TaichiEnv created.
2024-09-21 13:05:54,259 INFO ===> Specifications: horizon = 600, dt = 0.01, n_substeps = 20, dt_sub = 0.0005
2024-09-21 13:06:19,440 INFO =====> Epoch: 107
2024-09-21 13:06:19,440 INFO =====> EMD Loss: 27.156169891357422
2024-09-21 13:06:19,440 INFO =====> Height map loss: 30.67751693725586
2024-09-21 13:06:19,440 INFO =====> Grad: [1.4102155e-03 7.3047057e-02 7.3958120e-09 0.0000000e+00 0.0000000e+00]
2024-09-21 13:06:19,440 INFO =====> Skill params: [-5.8270848e-01  6.8559987e-04  6.1757183e-01  2.6186892e-01
 -1.0000000e+00]
2024-09-21 13:06:19,440 INFO =====> Num. aborted data so far: 0
2024-09-21 13:06:19,799 INFO ===> New TaichiEnv created.
2024-09-21 13:06:19,799 INFO ===> Specifications: horizon = 600, dt = 0.01, n_substeps = 20, dt_sub = 0.0005
2024-09-21 13:06:44,867 INFO =====> Epoch: 108
2024-09-21 13:06:44,867 INFO =====> EMD Loss: 27.181013107299805
2024-09-21 13:06:44,867 INFO =====> Height map loss: 30.726430892944336
2024-09-21 13:06:44,868 INFO =====> Grad: [2.7872287e-04 7.1413316e-02 1.8106174e-09 0.0000000e+00 0.0000000e+00]
2024-09-21 13:06:44,868 INFO =====> Skill params: [-0.58451617 -0.00194579  0.61216426  0.26186904 -1.        ]
2024-09-21 13:06:44,868 INFO =====> Num. aborted data so far: 0
2024-09-21 13:06:45,231 INFO ===> New TaichiEnv created.
2024-09-21 13:06:45,231 INFO ===> Specifications: horizon = 600, dt = 0.01, n_substeps = 20, dt_sub = 0.0005
2024-09-21 13:07:09,940 INFO =====> Epoch: 109
2024-09-21 13:07:09,940 INFO =====> EMD Loss: 27.18797492980957
2024-09-21 13:07:09,940 INFO =====> Height map loss: 30.694337844848633
2024-09-21 13:07:09,941 INFO =====> Grad: [ 3.918735e-02 -7.164468e+00 -4.151758e-08  0.000000e+00  0.000000e+00]
2024-09-21 13:07:09,941 INFO =====> Skill params: [-0.58619577  0.00775626  0.61066157  0.26186916 -1.        ]
2024-09-21 13:07:09,941 INFO =====> Num. aborted data so far: 0
2024-09-21 13:07:10,304 INFO ===> New TaichiEnv created.
2024-09-21 13:07:10,304 INFO ===> Specifications: horizon = 600, dt = 0.01, n_substeps = 20, dt_sub = 0.0005
2024-09-21 13:07:35,243 INFO =====> Epoch: 110
2024-09-21 13:07:35,243 INFO =====> EMD Loss: 27.18254280090332
2024-09-21 13:07:35,243 INFO =====> Height map loss: 30.699241638183594
2024-09-21 13:07:35,243 INFO =====> Grad: [-1.5594466e-01  2.2957697e+00 -3.1012792e-08  0.0000000e+00
  0.0000000e+00]
2024-09-21 13:07:35,243 INFO =====> Skill params: [-0.5875355   0.0126622   0.6118039   0.26186925 -1.        ]
2024-09-21 13:07:35,243 INFO =====> Num. aborted data so far: 0
2024-09-21 13:07:35,603 INFO ===> New TaichiEnv created.
2024-09-21 13:07:35,604 INFO ===> Specifications: horizon = 600, dt = 0.01, n_substeps = 20, dt_sub = 0.0005
2024-09-21 13:08:00,544 INFO =====> Epoch: 111
2024-09-21 13:08:00,544 INFO =====> EMD Loss: 27.177963256835938
2024-09-21 13:08:00,544 INFO =====> Height map loss: 30.706533432006836
2024-09-21 13:08:00,544 INFO =====> Grad: [-2.53928959e-01  2.43433833e+00 -1.26722455e-08  0.00000000e+00
  0.00000000e+00]
2024-09-21 13:08:00,544 INFO =====> Skill params: [-0.58845395  0.01304621  0.6138563   0.26186934 -1.        ]
2024-09-21 13:08:00,544 INFO =====> Num. aborted data so far: 0
2024-09-21 13:08:00,913 INFO ===> New TaichiEnv created.
2024-09-21 13:08:00,913 INFO ===> Specifications: horizon = 600, dt = 0.01, n_substeps = 20, dt_sub = 0.0005
2024-09-21 13:08:25,715 INFO =====> Epoch: 112
2024-09-21 13:08:25,715 INFO =====> EMD Loss: 27.188119888305664
2024-09-21 13:08:25,715 INFO =====> Height map loss: 30.70458984375
2024-09-21 13:08:25,715 INFO =====> Grad: [-2.6084995e-01  2.4523869e+00 -1.3557738e-07  0.0000000e+00
  0.0000000e+00]
2024-09-21 13:08:25,715 INFO =====> Skill params: [-0.58898205  0.00936143  0.6257156   0.26186943 -1.        ]
2024-09-21 13:08:25,715 INFO =====> Num. aborted data so far: 0
2024-09-21 13:08:26,090 INFO ===> New TaichiEnv created.
2024-09-21 13:08:26,090 INFO ===> Specifications: horizon = 600, dt = 0.01, n_substeps = 20, dt_sub = 0.0005
2024-09-21 13:08:50,981 INFO =====> Epoch: 113
2024-09-21 13:08:50,981 INFO =====> EMD Loss: 27.17184066772461
2024-09-21 13:08:50,981 INFO =====> Height map loss: 30.70419692993164
2024-09-21 13:08:50,981 INFO =====> Grad: [-1.8655893e-01  2.3643878e+00 -5.3076587e-08  0.0000000e+00
  0.0000000e+00]
2024-09-21 13:08:50,981 INFO =====> Skill params: [-0.58924234  0.00218313  0.64025414  0.2618695  -1.        ]
2024-09-21 13:08:50,981 INFO =====> Num. aborted data so far: 0
2024-09-21 13:08:51,356 INFO ===> New TaichiEnv created.
2024-09-21 13:08:51,356 INFO ===> Specifications: horizon = 600, dt = 0.01, n_substeps = 20, dt_sub = 0.0005
2024-09-21 13:09:16,513 INFO =====> Epoch: 114
2024-09-21 13:09:16,513 INFO =====> EMD Loss: 27.15513038635254
2024-09-21 13:09:16,513 INFO =====> Height map loss: 30.681598663330078
2024-09-21 13:09:16,513 INFO =====> Grad: [-4.3339115e-02  2.1878643e+00  7.3567783e-09  0.0000000e+00
  0.0000000e+00]
2024-09-21 13:09:16,513 INFO =====> Skill params: [-0.589427   -0.00784093  0.6528334   0.26186955 -1.        ]
2024-09-21 13:09:16,513 INFO =====> Num. aborted data so far: 0
2024-09-21 13:09:16,891 INFO ===> New TaichiEnv created.
2024-09-21 13:09:16,891 INFO ===> Specifications: horizon = 600, dt = 0.01, n_substeps = 20, dt_sub = 0.0005
2024-09-21 13:09:41,816 INFO =====> Epoch: 115
2024-09-21 13:09:41,816 INFO =====> EMD Loss: 27.19980239868164
2024-09-21 13:09:41,816 INFO =====> Height map loss: 30.71256446838379
2024-09-21 13:09:41,816 INFO =====> Grad: [ 1.549174e-01 -6.909955e+00 -6.589371e-09  0.000000e+00  0.000000e+00]
2024-09-21 13:09:41,816 INFO =====> Skill params: [-0.589776   -0.00569317  0.6646846   0.2618696  -1.        ]
2024-09-21 13:09:41,816 INFO =====> Num. aborted data so far: 0
2024-09-21 13:09:42,185 INFO ===> New TaichiEnv created.
2024-09-21 13:09:42,185 INFO ===> Specifications: horizon = 600, dt = 0.01, n_substeps = 20, dt_sub = 0.0005
2024-09-21 13:10:07,037 INFO =====> Epoch: 116
2024-09-21 13:10:07,037 INFO =====> EMD Loss: 27.19607925415039
2024-09-21 13:10:07,037 INFO =====> Height map loss: 30.69303321838379
2024-09-21 13:10:07,037 INFO =====> Grad: [ 1.12450175e-01 -6.94395590e+00 -3.99688815e-08  0.00000000e+00
  0.00000000e+00]
2024-09-21 13:10:07,037 INFO =====> Skill params: [-0.5902242   0.00633865  0.6783041   0.26186967 -1.        ]
2024-09-21 13:10:07,037 INFO =====> Num. aborted data so far: 0
2024-09-21 13:10:07,403 INFO ===> New TaichiEnv created.
2024-09-21 13:10:07,403 INFO ===> Specifications: horizon = 600, dt = 0.01, n_substeps = 20, dt_sub = 0.0005
2024-09-21 13:10:32,667 INFO =====> Epoch: 117
2024-09-21 13:10:32,667 INFO =====> EMD Loss: 27.182132720947266
2024-09-21 13:10:32,667 INFO =====> Height map loss: 30.690298080444336
2024-09-21 13:10:32,667 INFO =====> Grad: [ 2.6373756e-03  9.1070406e-02 -3.3601135e-09  0.0000000e+00
  0.0000000e+00]
2024-09-21 13:10:32,667 INFO =====> Skill params: [-0.59063256  0.01708184  0.6908541   0.26186973 -1.        ]
2024-09-21 13:10:32,667 INFO =====> Num. aborted data so far: 0
2024-09-21 13:10:33,035 INFO ===> New TaichiEnv created.
2024-09-21 13:10:33,035 INFO ===> Specifications: horizon = 600, dt = 0.01, n_substeps = 20, dt_sub = 0.0005
2024-09-21 13:10:58,308 INFO =====> Epoch: 118
2024-09-21 13:10:58,308 INFO =====> EMD Loss: 27.184188842773438
2024-09-21 13:10:58,308 INFO =====> Height map loss: 30.688886642456055
2024-09-21 13:10:58,308 INFO =====> Grad: [7.0270994e-03 8.8155061e-02 3.5909267e-09 0.0000000e+00 0.0000000e+00]
2024-09-21 13:10:58,309 INFO =====> Skill params: [-0.5910101   0.0266634   0.70191693  0.2618698  -1.        ]
2024-09-21 13:10:58,309 INFO =====> Num. aborted data so far: 0
2024-09-21 13:10:58,681 INFO ===> New TaichiEnv created.
2024-09-21 13:10:58,681 INFO ===> Specifications: horizon = 600, dt = 0.01, n_substeps = 20, dt_sub = 0.0005
2024-09-21 13:11:23,822 INFO =====> Epoch: 119
2024-09-21 13:11:23,823 INFO =====> EMD Loss: 27.156190872192383
2024-09-21 13:11:23,823 INFO =====> Height map loss: 30.668777465820312
2024-09-21 13:11:23,823 INFO =====> Grad: [1.0857451e-02 8.5702412e-02 7.6778850e-10 0.0000000e+00 0.0000000e+00]
2024-09-21 13:11:23,823 INFO =====> Skill params: [-0.5913644   0.03519758  0.7118488   0.26186982 -1.        ]
2024-09-21 13:11:23,823 INFO =====> Num. aborted data so far: 0
2024-09-21 13:11:24,273 INFO ===> New TaichiEnv created.
2024-09-21 13:11:24,273 INFO ===> Specifications: horizon = 600, dt = 0.01, n_substeps = 20, dt_sub = 0.0005
2024-09-21 13:11:49,496 INFO =====> Epoch: 120
2024-09-21 13:11:49,496 INFO =====> EMD Loss: 27.1494083404541
2024-09-21 13:11:49,496 INFO =====> Height map loss: 30.66189193725586
2024-09-21 13:11:49,496 INFO =====> Grad: [ 1.4201876e-02  8.3624750e-02 -1.0898493e-08  0.0000000e+00
  0.0000000e+00]
2024-09-21 13:11:49,496 INFO =====> Skill params: [-0.5917017   0.04278721  0.72163635  0.26186985 -1.        ]
2024-09-21 13:11:49,496 INFO =====> Num. aborted data so far: 0
2024-09-21 13:11:49,998 INFO ===> New TaichiEnv created.
2024-09-21 13:11:49,998 INFO ===> Specifications: horizon = 600, dt = 0.01, n_substeps = 20, dt_sub = 0.0005
2024-09-21 13:12:15,557 INFO =====> Epoch: 121
2024-09-21 13:12:15,558 INFO =====> EMD Loss: 27.15964698791504
2024-09-21 13:12:15,558 INFO =====> Height map loss: 30.6732120513916
2024-09-21 13:12:15,558 INFO =====> Grad: [1.7122701e-02 8.1855595e-02 2.5837865e-10 0.0000000e+00 0.0000000e+00]
2024-09-21 13:12:15,558 INFO =====> Skill params: [-0.59202725  0.04952489  0.7304544   0.26186988 -1.        ]
2024-09-21 13:12:15,558 INFO =====> Num. aborted data so far: 0
2024-09-21 13:12:16,009 INFO ===> New TaichiEnv created.
2024-09-21 13:12:16,009 INFO ===> Specifications: horizon = 600, dt = 0.01, n_substeps = 20, dt_sub = 0.0005
2024-09-21 13:12:41,126 INFO =====> Epoch: 122
2024-09-21 13:12:41,126 INFO =====> EMD Loss: 27.168365478515625
2024-09-21 13:12:41,126 INFO =====> Height map loss: 30.69877052307129
2024-09-21 13:12:41,126 INFO =====> Grad: [1.9672796e-02 8.0338970e-02 4.8990656e-09 0.0000000e+00 0.0000000e+00]
2024-09-21 13:12:41,126 INFO =====> Skill params: [-0.5923454  0.055494   0.7380432  0.2618699 -1.       ]
2024-09-21 13:12:41,126 INFO =====> Num. aborted data so far: 0
2024-09-21 13:12:41,579 INFO ===> New TaichiEnv created.
2024-09-21 13:12:41,579 INFO ===> Specifications: horizon = 600, dt = 0.01, n_substeps = 20, dt_sub = 0.0005
2024-09-21 13:13:06,773 INFO =====> Epoch: 123
2024-09-21 13:13:06,773 INFO =====> EMD Loss: 27.24277687072754
2024-09-21 13:13:06,773 INFO =====> Height map loss: 30.76624298095703
2024-09-21 13:13:06,773 INFO =====> Grad: [-1.1135858e+00  3.4191866e+00 -3.0431167e-08  0.0000000e+00
  0.0000000e+00]
2024-09-21 13:13:06,774 INFO =====> Skill params: [-0.59127957  0.05571     0.74718475  0.26186994 -1.        ]
2024-09-21 13:13:06,774 INFO =====> Num. aborted data so far: 0
2024-09-21 13:13:07,166 INFO ===> New TaichiEnv created.
2024-09-21 13:13:07,166 INFO ===> Specifications: horizon = 600, dt = 0.01, n_substeps = 20, dt_sub = 0.0005
2024-09-21 13:13:32,216 INFO =====> Epoch: 124
2024-09-21 13:13:32,216 INFO =====> EMD Loss: 27.233278274536133
2024-09-21 13:13:32,216 INFO =====> Height map loss: 30.768192291259766
2024-09-21 13:13:32,216 INFO =====> Grad: [-1.1221381e+00  3.4252481e+00  1.8221957e-08  0.0000000e+00
  0.0000000e+00]
2024-09-21 13:13:32,216 INFO =====> Skill params: [-0.58895177  0.05082316  0.75404054  0.26186997 -1.        ]
2024-09-21 13:13:32,216 INFO =====> Num. aborted data so far: 0
2024-09-21 13:13:32,597 INFO ===> New TaichiEnv created.
2024-09-21 13:13:32,597 INFO ===> Specifications: horizon = 600, dt = 0.01, n_substeps = 20, dt_sub = 0.0005
2024-09-21 13:13:58,139 INFO =====> Epoch: 125
2024-09-21 13:13:58,139 INFO =====> EMD Loss: 27.191631317138672
2024-09-21 13:13:58,139 INFO =====> Height map loss: 30.732595443725586
2024-09-21 13:13:58,139 INFO =====> Grad: [-1.0299996e+00  3.2978444e+00 -5.5816951e-08  0.0000000e+00
  0.0000000e+00]
2024-09-21 13:13:58,139 INFO =====> Skill params: [-0.585594    0.04159858  0.7643774   0.26187    -1.        ]
2024-09-21 13:13:58,139 INFO =====> Num. aborted data so far: 0
2024-09-21 13:13:58,521 INFO ===> New TaichiEnv created.
2024-09-21 13:13:58,521 INFO ===> Specifications: horizon = 600, dt = 0.01, n_substeps = 20, dt_sub = 0.0005
2024-09-21 13:14:23,886 INFO =====> Epoch: 126
2024-09-21 13:14:23,887 INFO =====> EMD Loss: 27.150150299072266
2024-09-21 13:14:23,887 INFO =====> Height map loss: 30.675851821899414
2024-09-21 13:14:23,887 INFO =====> Grad: [-8.4978563e-01  3.0475912e+00  2.3228104e-08  0.0000000e+00
  0.0000000e+00]
2024-09-21 13:14:23,887 INFO =====> Skill params: [-0.58152217  0.02887401  0.7719351   0.26187003 -1.        ]
2024-09-21 13:14:23,887 INFO =====> Num. aborted data so far: 0
2024-09-21 13:14:24,267 INFO ===> New TaichiEnv created.
2024-09-21 13:14:24,267 INFO ===> Specifications: horizon = 600, dt = 0.01, n_substeps = 20, dt_sub = 0.0005
2024-09-21 13:14:49,505 INFO =====> Epoch: 127
2024-09-21 13:14:49,505 INFO =====> EMD Loss: 27.171056747436523
2024-09-21 13:14:49,506 INFO =====> Height map loss: 30.681127548217773
2024-09-21 13:14:49,506 INFO =====> Grad: [ 1.1489507e-02  5.5227436e-02 -4.8282667e-09  0.0000000e+00
  0.0000000e+00]
2024-09-21 13:14:49,507 INFO =====> Skill params: [-0.5778563   0.01729274  0.779124    0.26187006 -1.        ]
2024-09-21 13:14:49,507 INFO =====> Num. aborted data so far: 0
2024-09-21 13:14:49,891 INFO ===> New TaichiEnv created.
2024-09-21 13:14:49,891 INFO ===> Specifications: horizon = 600, dt = 0.01, n_substeps = 20, dt_sub = 0.0005
2024-09-21 13:15:15,314 INFO =====> Epoch: 128
2024-09-21 13:15:15,314 INFO =====> EMD Loss: 27.154022216796875
2024-09-21 13:15:15,314 INFO =====> Height map loss: 30.68743896484375
2024-09-21 13:15:15,315 INFO =====> Grad: [7.041036e-03 6.095467e-02 6.428464e-09 0.000000e+00 0.000000e+00]
2024-09-21 13:15:15,315 INFO =====> Skill params: [-0.574552    0.00673627  0.785124    0.2618701  -1.        ]
2024-09-21 13:15:15,315 INFO =====> Num. aborted data so far: 0
2024-09-21 13:15:15,688 INFO ===> New TaichiEnv created.
2024-09-21 13:15:15,688 INFO ===> Specifications: horizon = 600, dt = 0.01, n_substeps = 20, dt_sub = 0.0005
2024-09-21 13:15:41,240 INFO =====> Epoch: 129
2024-09-21 13:15:41,240 INFO =====> EMD Loss: 27.190032958984375
2024-09-21 13:15:41,240 INFO =====> Height map loss: 30.69603157043457
2024-09-21 13:15:41,241 INFO =====> Grad: [ 2.8012518e-03  6.6689014e-02 -4.8337911e-10  0.0000000e+00
  0.0000000e+00]
2024-09-21 13:15:41,241 INFO =====> Skill params: [-0.5715693  -0.00290262  0.7905775   0.2618701  -1.        ]
2024-09-21 13:15:41,241 INFO =====> Num. aborted data so far: 0
2024-09-21 13:15:41,612 INFO ===> New TaichiEnv created.
2024-09-21 13:15:41,612 INFO ===> Specifications: horizon = 600, dt = 0.01, n_substeps = 20, dt_sub = 0.0005
2024-09-21 13:16:07,355 INFO =====> Epoch: 130
2024-09-21 13:16:07,355 INFO =====> EMD Loss: 27.290531158447266
2024-09-21 13:16:07,355 INFO =====> Height map loss: 30.859004974365234
2024-09-21 13:16:07,355 INFO =====> Grad: [-1.2305317e-03 -3.7737173e-01  5.1716973e-09  0.0000000e+00
  0.0000000e+00]
2024-09-21 13:16:07,356 INFO =====> Skill params: [-0.5688724  -0.01104988  0.7951042   0.2618701  -1.        ]
2024-09-21 13:16:07,356 INFO =====> Num. aborted data so far: 0
2024-09-21 13:16:07,716 INFO ===> New TaichiEnv created.
2024-09-21 13:16:07,716 INFO ===> Specifications: horizon = 600, dt = 0.01, n_substeps = 20, dt_sub = 0.0005
2024-09-21 13:16:33,124 INFO =====> Epoch: 131
2024-09-21 13:16:33,124 INFO =====> EMD Loss: 27.22181510925293
2024-09-21 13:16:33,124 INFO =====> Height map loss: 30.694093704223633
2024-09-21 13:16:33,124 INFO =====> Grad: [-4.7654612e-03 -3.8438585e-01  6.1599423e-09  0.0000000e+00
  0.0000000e+00]
2024-09-21 13:16:33,124 INFO =====> Skill params: [-0.5664293  -0.0178364   0.79871714  0.2618701  -1.        ]
2024-09-21 13:16:33,124 INFO =====> Num. aborted data so far: 0
2024-09-21 13:16:33,492 INFO ===> New TaichiEnv created.
2024-09-21 13:16:33,492 INFO ===> Specifications: horizon = 600, dt = 0.01, n_substeps = 20, dt_sub = 0.0005
2024-09-21 13:16:58,563 INFO =====> Epoch: 132
2024-09-21 13:16:58,563 INFO =====> EMD Loss: 27.158323287963867
2024-09-21 13:16:58,563 INFO =====> Height map loss: 30.690387725830078
2024-09-21 13:16:58,563 INFO =====> Grad: [ 3.6011761e-01 -6.5899887e+00 -2.4386551e-08  0.0000000e+00
  0.0000000e+00]
2024-09-21 13:16:58,563 INFO =====> Skill params: [-0.564674   -0.01423003  0.8038455   0.2618701  -1.        ]
2024-09-21 13:16:58,563 INFO =====> Num. aborted data so far: 0
2024-09-21 13:16:58,927 INFO ===> New TaichiEnv created.
2024-09-21 13:16:58,927 INFO ===> Specifications: horizon = 600, dt = 0.01, n_substeps = 20, dt_sub = 0.0005
2024-09-21 13:17:23,973 INFO =====> Epoch: 133
2024-09-21 13:17:23,973 INFO =====> EMD Loss: 27.18151092529297
2024-09-21 13:17:23,973 INFO =====> Height map loss: 30.699275970458984
2024-09-21 13:17:23,973 INFO =====> Grad: [-6.2432596e-03 -3.9483267e-01 -2.2807378e-10  0.0000000e+00
  0.0000000e+00]
2024-09-21 13:17:23,973 INFO =====> Skill params: [-0.56308    -0.01040112  0.80849236  0.2618701  -1.        ]
2024-09-21 13:17:23,974 INFO =====> Num. aborted data so far: 0
2024-09-21 13:17:24,341 INFO ===> New TaichiEnv created.
2024-09-21 13:17:24,341 INFO ===> Specifications: horizon = 600, dt = 0.01, n_substeps = 20, dt_sub = 0.0005
2024-09-21 13:17:50,048 INFO =====> Epoch: 134
2024-09-21 13:17:50,048 INFO =====> EMD Loss: 27.172195434570312
2024-09-21 13:17:50,048 INFO =====> Height map loss: 30.690990447998047
2024-09-21 13:17:50,049 INFO =====> Grad: [-4.5738788e-03 -3.9241147e-01 -4.1999084e-09  0.0000000e+00
  0.0000000e+00]
2024-09-21 13:17:50,049 INFO =====> Skill params: [-0.56163394 -0.00637256  0.8130112   0.2618701  -1.        ]
2024-09-21 13:17:50,049 INFO =====> Num. aborted data so far: 0
2024-09-21 13:17:50,418 INFO ===> New TaichiEnv created.
2024-09-21 13:17:50,418 INFO ===> Specifications: horizon = 600, dt = 0.01, n_substeps = 20, dt_sub = 0.0005
2024-09-21 13:18:15,940 INFO =====> Epoch: 135
2024-09-21 13:18:15,940 INFO =====> EMD Loss: 27.19551658630371
2024-09-21 13:18:15,940 INFO =====> Height map loss: 30.70418357849121
2024-09-21 13:18:15,940 INFO =====> Grad: [-2.8067101e-03 -3.8973048e-01 -4.6805413e-09  0.0000000e+00
  0.0000000e+00]
2024-09-21 13:18:15,940 INFO =====> Skill params: [-0.5603238  -0.00216546  0.8174526   0.2618701  -1.        ]
2024-09-21 13:18:15,940 INFO =====> Num. aborted data so far: 0
2024-09-21 13:18:16,305 INFO ===> New TaichiEnv created.
2024-09-21 13:18:16,305 INFO ===> Specifications: horizon = 600, dt = 0.01, n_substeps = 20, dt_sub = 0.0005
2024-09-21 13:18:41,131 INFO =====> Epoch: 136
2024-09-21 13:18:41,131 INFO =====> EMD Loss: 27.227153778076172
2024-09-21 13:18:41,131 INFO =====> Height map loss: 30.686002731323242
2024-09-21 13:18:41,131 INFO =====> Grad: [-9.5454528e-04 -3.8682544e-01 -5.0556226e-10  0.0000000e+00
  0.0000000e+00]
2024-09-21 13:18:41,132 INFO =====> Skill params: [-0.5591388   0.00220076  0.8215008   0.2618701  -1.        ]
2024-09-21 13:18:41,132 INFO =====> Num. aborted data so far: 0
2024-09-21 13:18:41,495 INFO ===> New TaichiEnv created.
2024-09-21 13:18:41,495 INFO ===> Specifications: horizon = 600, dt = 0.01, n_substeps = 20, dt_sub = 0.0005
2024-09-21 13:19:06,803 INFO =====> Epoch: 137
2024-09-21 13:19:06,803 INFO =====> EMD Loss: 27.234920501708984
2024-09-21 13:19:06,803 INFO =====> Height map loss: 30.767290115356445
2024-09-21 13:19:06,803 INFO =====> Grad: [9.7039132e-04 7.9400614e-02 4.0827475e-10 0.0000000e+00 0.0000000e+00]
2024-09-21 13:19:06,803 INFO =====> Skill params: [-0.55806935  0.00602914  0.82512283  0.2618701  -1.        ]
2024-09-21 13:19:06,803 INFO =====> Num. aborted data so far: 0
2024-09-21 13:19:07,163 INFO ===> New TaichiEnv created.
2024-09-21 13:19:07,163 INFO ===> Specifications: horizon = 600, dt = 0.01, n_substeps = 20, dt_sub = 0.0005
2024-09-21 13:19:32,099 INFO =====> Epoch: 138
2024-09-21 13:19:32,099 INFO =====> EMD Loss: 27.299358367919922
2024-09-21 13:19:32,099 INFO =====> Height map loss: 30.890317916870117
2024-09-21 13:19:32,099 INFO =====> Grad: [2.6591921e-03 7.9517245e-02 4.5842556e-09 0.0000000e+00 0.0000000e+00]
2024-09-21 13:19:32,099 INFO =====> Skill params: [-0.55710655  0.00937085  0.8280334   0.2618701  -1.        ]
2024-09-21 13:19:32,099 INFO =====> Num. aborted data so far: 0
2024-09-21 13:19:32,466 INFO ===> New TaichiEnv created.
2024-09-21 13:19:32,466 INFO ===> Specifications: horizon = 600, dt = 0.01, n_substeps = 20, dt_sub = 0.0005
2024-09-21 13:19:58,079 INFO =====> Epoch: 139
2024-09-21 13:19:58,079 INFO =====> EMD Loss: 27.203481674194336
2024-09-21 13:19:58,079 INFO =====> Height map loss: 30.770164489746094
2024-09-21 13:19:58,079 INFO =====> Grad: [4.1344273e-03 7.9636768e-02 6.8991315e-09 0.0000000e+00 0.0000000e+00]
2024-09-21 13:19:58,079 INFO =====> Skill params: [-0.55624205  0.01227218  0.8301191   0.2618701  -1.        ]
2024-09-21 13:19:58,079 INFO =====> Num. aborted data so far: 0
2024-09-21 13:19:58,443 INFO ===> New TaichiEnv created.
2024-09-21 13:19:58,443 INFO ===> Specifications: horizon = 600, dt = 0.01, n_substeps = 20, dt_sub = 0.0005
2024-09-21 13:20:23,451 INFO =====> Epoch: 140
2024-09-21 13:20:23,451 INFO =====> EMD Loss: 27.1514835357666
2024-09-21 13:20:23,451 INFO =====> Height map loss: 30.692543029785156
2024-09-21 13:20:23,452 INFO =====> Grad: [ 5.4165195e-03  7.9762906e-02 -3.3578789e-09  0.0000000e+00
  0.0000000e+00]
2024-09-21 13:20:23,452 INFO =====> Skill params: [-0.555468    0.01477492  0.8322654   0.2618701  -1.        ]
2024-09-21 13:20:23,452 INFO =====> Num. aborted data so far: 0
2024-09-21 13:20:23,813 INFO ===> New TaichiEnv created.
2024-09-21 13:20:23,813 INFO ===> Specifications: horizon = 600, dt = 0.01, n_substeps = 20, dt_sub = 0.0005
2024-09-21 13:20:49,269 INFO =====> Epoch: 141
2024-09-21 13:20:49,269 INFO =====> EMD Loss: 27.160655975341797
2024-09-21 13:20:49,269 INFO =====> Height map loss: 30.684009552001953
2024-09-21 13:20:49,269 INFO =====> Grad: [ 6.5238797e-03  7.9893060e-02 -5.7384897e-10  0.0000000e+00
  0.0000000e+00]
2024-09-21 13:20:49,269 INFO =====> Skill params: [-0.5547772   0.01691688  0.83424765  0.2618701  -1.        ]
2024-09-21 13:20:49,269 INFO =====> Num. aborted data so far: 0
2024-09-21 13:20:49,652 INFO ===> New TaichiEnv created.
2024-09-21 13:20:49,652 INFO ===> Specifications: horizon = 600, dt = 0.01, n_substeps = 20, dt_sub = 0.0005
2024-09-21 13:21:15,187 INFO =====> Epoch: 142
2024-09-21 13:21:15,188 INFO =====> EMD Loss: 27.16634178161621
2024-09-21 13:21:15,188 INFO =====> Height map loss: 30.68716049194336
2024-09-21 13:21:15,188 INFO =====> Grad: [ 7.4729915e-03  8.0026977e-02 -2.9102898e-09  0.0000000e+00
  0.0000000e+00]
2024-09-21 13:21:15,188 INFO =====> Skill params: [-0.5541629   0.0187322   0.83626664  0.2618701  -1.        ]
2024-09-21 13:21:15,188 INFO =====> Num. aborted data so far: 0
2024-09-21 13:21:15,561 INFO ===> New TaichiEnv created.
2024-09-21 13:21:15,561 INFO ===> Specifications: horizon = 600, dt = 0.01, n_substeps = 20, dt_sub = 0.0005
2024-09-21 13:21:41,193 INFO =====> Epoch: 143
2024-09-21 13:21:41,193 INFO =====> EMD Loss: 27.177248001098633
2024-09-21 13:21:41,193 INFO =====> Height map loss: 30.699424743652344
2024-09-21 13:21:41,193 INFO =====> Grad: [ 8.278738e-03  8.016746e-02 -3.847749e-09  0.000000e+00  0.000000e+00]
2024-09-21 13:21:41,193 INFO =====> Skill params: [-0.5536188   0.02025174  0.8383936   0.2618701  -1.        ]
2024-09-21 13:21:41,193 INFO =====> Num. aborted data so far: 0
2024-09-21 13:21:41,569 INFO ===> New TaichiEnv created.
2024-09-21 13:21:41,569 INFO ===> Specifications: horizon = 600, dt = 0.01, n_substeps = 20, dt_sub = 0.0005
2024-09-21 13:22:06,719 INFO =====> Epoch: 144
2024-09-21 13:22:06,719 INFO =====> EMD Loss: 27.1997127532959
2024-09-21 13:22:06,719 INFO =====> Height map loss: 30.699399948120117
2024-09-21 13:22:06,719 INFO =====> Grad: [8.954883e-03 8.031579e-02 5.926952e-09 0.000000e+00 0.000000e+00]
2024-09-21 13:22:06,720 INFO =====> Skill params: [-0.55313903  0.02150338  0.83984196  0.2618701  -1.        ]
2024-09-21 13:22:06,720 INFO =====> Num. aborted data so far: 0
2024-09-21 13:22:07,084 INFO ===> New TaichiEnv created.
2024-09-21 13:22:07,084 INFO ===> Specifications: horizon = 600, dt = 0.01, n_substeps = 20, dt_sub = 0.0005
2024-09-21 13:22:32,402 INFO =====> Epoch: 145
2024-09-21 13:22:32,402 INFO =====> EMD Loss: 27.19998550415039
2024-09-21 13:22:32,402 INFO =====> Height map loss: 30.68338394165039
2024-09-21 13:22:32,403 INFO =====> Grad: [9.5130987e-03 8.0465876e-02 9.1825196e-09 0.0000000e+00 0.0000000e+00]
2024-09-21 13:22:32,403 INFO =====> Skill params: [-0.5527182   0.02251231  0.84041715  0.2618701  -1.        ]
2024-09-21 13:22:32,403 INFO =====> Num. aborted data so far: 0
2024-09-21 13:22:32,775 INFO ===> New TaichiEnv created.
2024-09-21 13:22:32,776 INFO ===> Specifications: horizon = 600, dt = 0.01, n_substeps = 20, dt_sub = 0.0005
2024-09-21 13:22:58,114 INFO =====> Epoch: 146
2024-09-21 13:22:58,115 INFO =====> EMD Loss: 27.193859100341797
2024-09-21 13:22:58,115 INFO =====> Height map loss: 30.689579010009766
2024-09-21 13:22:58,115 INFO =====> Grad: [ 9.9647213e-03  8.0624051e-02 -1.3520562e-10  0.0000000e+00
  0.0000000e+00]
2024-09-21 13:22:58,116 INFO =====> Skill params: [-0.5523513   0.02330128  0.84094703  0.2618701  -1.        ]
2024-09-21 13:22:58,116 INFO =====> Num. aborted data so far: 0
2024-09-21 13:22:58,483 INFO ===> New TaichiEnv created.
2024-09-21 13:22:58,483 INFO ===> Specifications: horizon = 600, dt = 0.01, n_substeps = 20, dt_sub = 0.0005
2024-09-21 13:23:24,126 INFO =====> Epoch: 147
2024-09-21 13:23:24,126 INFO =====> EMD Loss: 27.156389236450195
2024-09-21 13:23:24,126 INFO =====> Height map loss: 30.675798416137695
2024-09-21 13:23:24,126 INFO =====> Grad: [ 1.0319697e-02  8.0787517e-02 -8.9861114e-09  0.0000000e+00
  0.0000000e+00]
2024-09-21 13:23:24,127 INFO =====> Skill params: [-0.55203354  0.02389086  0.8421445   0.2618701  -1.        ]
2024-09-21 13:23:24,127 INFO =====> Num. aborted data so far: 0
2024-09-21 13:23:24,538 INFO ===> New TaichiEnv created.
2024-09-21 13:23:24,538 INFO ===> Specifications: horizon = 600, dt = 0.01, n_substeps = 20, dt_sub = 0.0005
2024-09-21 13:23:49,473 INFO =====> Epoch: 148
2024-09-21 13:23:49,473 INFO =====> EMD Loss: 27.165449142456055
2024-09-21 13:23:49,473 INFO =====> Height map loss: 30.674562454223633
2024-09-21 13:23:49,473 INFO =====> Grad: [ 1.0586809e-02  8.0956340e-02 -2.4676639e-09  0.0000000e+00
  0.0000000e+00]
2024-09-21 13:23:49,474 INFO =====> Skill params: [-0.5517607   0.02429962  0.8434231   0.2618701  -1.        ]
2024-09-21 13:23:49,474 INFO =====> Num. aborted data so far: 0
2024-09-21 13:23:49,916 INFO ===> New TaichiEnv created.
2024-09-21 13:23:49,916 INFO ===> Specifications: horizon = 600, dt = 0.01, n_substeps = 20, dt_sub = 0.0005
2024-09-21 13:24:14,476 INFO =====> Epoch: 149
2024-09-21 13:24:14,476 INFO =====> EMD Loss: 27.16250991821289
2024-09-21 13:24:14,476 INFO =====> Height map loss: 30.676145553588867
2024-09-21 13:24:14,476 INFO =====> Grad: [ 1.0774196e-02  8.1131056e-02 -8.9865413e-09  0.0000000e+00
  0.0000000e+00]
2024-09-21 13:24:14,476 INFO =====> Skill params: [-0.55152863  0.02454432  0.84529966  0.2618701  -1.        ]
2024-09-21 13:24:14,477 INFO =====> Num. aborted data so far: 0
2024-09-21 13:24:14,478 INFO ====> Finished training.
2024-09-21 13:24:14,478 INFO ====> Final EMD loss: 27.16250991821289
2024-09-21 13:24:14,478 INFO ====> Final height map loss: 30.676145553588867
2024-09-21 13:24:14,478 INFO ====> Final skill params: [-0.55152863  0.02454432  0.84529966  0.2618701  -1.        ]
