2024-09-19 16:27:38,557 INFO ===> New TaichiEnv created.
2024-09-19 16:27:38,557 INFO ===> Specifications: horizon = 600, dt = 0.01, n_substeps = 20, dt_sub = 0.0005
2024-09-19 16:28:46,035 INFO =====> Epoch: 0
2024-09-19 16:28:46,035 INFO =====> EMD Loss: 27.13290786743164
2024-09-19 16:28:46,035 INFO =====> Height map loss: 30.77654457092285
2024-09-19 16:28:46,035 INFO =====> Grad: [ 3.8577032e+00 -1.0373855e+00 -1.4214048e-08 -4.6882448e+00
 -3.2782555e-07]
2024-09-19 16:28:46,036 INFO =====> Skill params: [-0.0926359  -0.48763153 -0.30547264  0.07796013  0.42261204]
2024-09-19 16:28:46,036 INFO =====> Num. aborted data so far: 0
2024-09-19 16:28:46,680 INFO ===> New TaichiEnv created.
2024-09-19 16:28:46,680 INFO ===> Specifications: horizon = 600, dt = 0.01, n_substeps = 20, dt_sub = 0.0005
2024-09-19 16:29:29,820 INFO =====> Epoch: 1
2024-09-19 16:29:29,821 INFO =====> EMD Loss: 27.150421142578125
2024-09-19 16:29:29,821 INFO =====> Height map loss: 30.76715660095215
2024-09-19 16:29:29,821 INFO =====> Grad: [ 3.8692875e+00 -1.1798191e+00  2.7880802e-08 -5.4698482e+00
 -6.7055225e-08]
2024-09-19 16:29:29,821 INFO =====> Skill params: [-0.14263976 -0.457593   -0.31288683  0.14803378  0.47671998]
2024-09-19 16:29:29,821 INFO =====> Num. aborted data so far: 0
2024-09-19 16:29:30,360 INFO ===> New TaichiEnv created.
2024-09-19 16:29:30,361 INFO ===> Specifications: horizon = 600, dt = 0.01, n_substeps = 20, dt_sub = 0.0005
2024-09-19 16:30:12,504 INFO =====> Epoch: 2
2024-09-19 16:30:12,505 INFO =====> EMD Loss: 27.1456356048584
2024-09-19 16:30:12,505 INFO =====> Height map loss: 30.76128387451172
2024-09-19 16:30:12,505 INFO =====> Grad: [ 3.8758001e+00 -1.3392889e+00 -4.2981836e-09 -6.0722742e+00
 -1.2665987e-07]
2024-09-19 16:30:12,505 INFO =====> Skill params: [-0.19264774 -0.42748988 -0.31652555  0.21827003  0.5307147 ]
2024-09-19 16:30:12,505 INFO =====> Num. aborted data so far: 0
2024-09-19 16:30:13,037 INFO ===> New TaichiEnv created.
2024-09-19 16:30:13,037 INFO ===> Specifications: horizon = 600, dt = 0.01, n_substeps = 20, dt_sub = 0.0005
2024-09-19 16:31:04,539 INFO =====> Epoch: 3
2024-09-19 16:31:04,539 INFO =====> EMD Loss: 27.13193130493164
2024-09-19 16:31:04,539 INFO =====> Height map loss: 30.765087127685547
2024-09-19 16:31:04,539 INFO =====> Grad: [ 4.4871951e-03 -3.1489950e-02  1.0899679e-09 -6.1026257e-01
  4.6566129e-10]
2024-09-19 16:31:04,539 INFO =====> Skill params: [-0.23363072 -0.40256798 -0.3197186   0.27831447  0.57457924]
2024-09-19 16:31:04,539 INFO =====> Num. aborted data so far: 0
2024-09-19 16:31:05,103 INFO ===> New TaichiEnv created.
2024-09-19 16:31:05,103 INFO ===> Specifications: horizon = 600, dt = 0.01, n_substeps = 20, dt_sub = 0.0005
2024-09-19 16:31:45,192 INFO =====> Epoch: 4
2024-09-19 16:31:45,192 INFO =====> EMD Loss: 27.13905906677246
2024-09-19 16:31:45,192 INFO =====> Height map loss: 30.767086029052734
2024-09-19 16:31:45,192 INFO =====> Grad: [ 1.9795869e-03 -3.7983753e-02 -4.8223003e-09 -6.5149099e-01
  1.8626451e-09]
2024-09-19 16:31:45,192 INFO =====> Skill params: [-0.26827875 -0.38120544 -0.32082736  0.33157724  0.611236  ]
2024-09-19 16:31:45,192 INFO =====> Num. aborted data so far: 0
2024-09-19 16:31:45,755 INFO ===> New TaichiEnv created.
2024-09-19 16:31:45,755 INFO ===> Specifications: horizon = 600, dt = 0.01, n_substeps = 20, dt_sub = 0.0005
2024-09-19 16:32:25,126 INFO =====> Epoch: 5
2024-09-19 16:32:25,126 INFO =====> EMD Loss: 27.138431549072266
2024-09-19 16:32:25,126 INFO =====> Height map loss: 30.76103401184082
2024-09-19 16:32:25,126 INFO =====> Grad: [-1.0306356e-03 -4.5760065e-02  1.5787183e-09 -6.8612903e-01
 -6.0535967e-09]
2024-09-19 16:32:25,126 INFO =====> Skill params: [-0.29813683 -0.36245054 -0.32218447  0.38001     0.64322805]
2024-09-19 16:32:25,126 INFO =====> Num. aborted data so far: 0
2024-09-19 16:32:25,423 INFO ===> New TaichiEnv created.
2024-09-19 16:32:25,423 INFO ===> Specifications: horizon = 600, dt = 0.01, n_substeps = 20, dt_sub = 0.0005
2024-09-19 16:33:04,255 INFO =====> Epoch: 6
2024-09-19 16:33:04,255 INFO =====> EMD Loss: 27.143308639526367
2024-09-19 16:33:04,255 INFO =====> Height map loss: 30.76378059387207
2024-09-19 16:33:04,255 INFO =====> Grad: [-5.0014909e-02  2.3410216e-02  1.3436325e-09 -5.0266641e-01
 -4.6566129e-09]
2024-09-19 16:33:04,255 INFO =====> Skill params: [-0.3240218  -0.34624544 -0.3236788   0.42412663  0.67145205]
2024-09-19 16:33:04,255 INFO =====> Num. aborted data so far: 0
2024-09-19 16:33:04,579 INFO ===> New TaichiEnv created.
2024-09-19 16:33:04,579 INFO ===> Specifications: horizon = 600, dt = 0.01, n_substeps = 20, dt_sub = 0.0005
2024-09-19 16:33:43,031 INFO =====> Epoch: 7
2024-09-19 16:33:43,031 INFO =====> EMD Loss: 27.131078720092773
2024-09-19 16:33:43,031 INFO =====> Height map loss: 30.759614944458008
2024-09-19 16:33:43,031 INFO =====> Grad: [ 2.9040923e+00 -3.6295176e-01  1.7732638e-08 -3.7502730e+00
  5.2154064e-08]
2024-09-19 16:33:43,031 INFO =====> Skill params: [-0.35483235 -0.32959536 -0.32893732  0.47306022  0.69131696]
2024-09-19 16:33:43,031 INFO =====> Num. aborted data so far: 0
2024-09-19 16:33:43,332 INFO ===> New TaichiEnv created.
2024-09-19 16:33:43,332 INFO ===> Specifications: horizon = 600, dt = 0.01, n_substeps = 20, dt_sub = 0.0005
2024-09-19 16:34:21,996 INFO =====> Epoch: 8
2024-09-19 16:34:21,997 INFO =====> EMD Loss: 27.131336212158203
2024-09-19 16:34:21,997 INFO =====> Height map loss: 30.759000778198242
2024-09-19 16:34:21,997 INFO =====> Grad: [-5.2977607e-02  1.9256648e-02 -3.2865985e-09 -5.5140805e-01
  6.9849193e-10]
2024-09-19 16:34:21,997 INFO =====> Skill params: [-0.38200542 -0.31495017 -0.33275113  0.51828635  0.7088128 ]
2024-09-19 16:34:21,997 INFO =====> Num. aborted data so far: 0
2024-09-19 16:34:22,297 INFO ===> New TaichiEnv created.
2024-09-19 16:34:22,297 INFO ===> Specifications: horizon = 600, dt = 0.01, n_substeps = 20, dt_sub = 0.0005
2024-09-19 16:34:59,439 INFO =====> Epoch: 9
2024-09-19 16:34:59,439 INFO =====> EMD Loss: 27.13116455078125
2024-09-19 16:34:59,439 INFO =====> Height map loss: 30.75423240661621
2024-09-19 16:34:59,439 INFO =====> Grad: [ 2.8954144e+00 -3.4079179e-01  9.4391694e-08 -4.4550099e+00
 -1.4156103e-07]
2024-09-19 16:34:59,439 INFO =====> Skill params: [-0.4134938  -0.29971066 -0.34478635  0.5688508   0.7348366 ]
2024-09-19 16:34:59,439 INFO =====> Num. aborted data so far: 0
2024-09-19 16:34:59,734 INFO ===> New TaichiEnv created.
2024-09-19 16:34:59,734 INFO ===> Specifications: horizon = 600, dt = 0.01, n_substeps = 20, dt_sub = 0.0005
2024-09-19 16:35:46,846 INFO =====> Epoch: 10
2024-09-19 16:35:46,846 INFO =====> EMD Loss: 27.12689971923828
2024-09-19 16:35:46,846 INFO =====> Height map loss: 30.753755569458008
2024-09-19 16:35:46,846 INFO =====> Grad: [ 2.9602628e+00 -2.9949960e-01 -3.6508538e-09 -4.8013854e+00
  1.3038516e-07]
2024-09-19 16:35:46,846 INFO =====> Skill params: [-0.44841647 -0.28416088 -0.3550496   0.62383205  0.74697286]
2024-09-19 16:35:46,846 INFO =====> Num. aborted data so far: 0
2024-09-19 16:35:47,191 INFO ===> New TaichiEnv created.
2024-09-19 16:35:47,191 INFO ===> Specifications: horizon = 600, dt = 0.01, n_substeps = 20, dt_sub = 0.0005
2024-09-19 16:36:24,239 INFO =====> Epoch: 11
2024-09-19 16:36:24,239 INFO =====> EMD Loss: 27.163278579711914
2024-09-19 16:36:24,239 INFO =====> Height map loss: 30.741378784179688
2024-09-19 16:36:24,239 INFO =====> Grad: [ 8.0905337e+03 -1.7111215e+04 -8.9497480e-06 -5.9288979e+03
 -8.3923340e-05]
2024-09-19 16:36:24,239 INFO =====> Skill params: [-0.47252038 -0.26971626 -0.34080112  0.65763295  0.78071594]
2024-09-19 16:36:24,239 INFO =====> Num. aborted data so far: 0
2024-09-19 16:36:24,540 INFO ===> New TaichiEnv created.
2024-09-19 16:36:24,540 INFO ===> Specifications: horizon = 600, dt = 0.01, n_substeps = 20, dt_sub = 0.0005
2024-09-19 16:37:01,410 INFO =====> Epoch: 12
2024-09-19 16:37:01,410 INFO =====> EMD Loss: 27.126943588256836
2024-09-19 16:37:01,410 INFO =====> Height map loss: 30.749380111694336
2024-09-19 16:37:01,411 INFO =====> Grad: [ 4.6138184e+03 -2.6669406e+04  6.4897141e-04 -6.2349093e-01
 -3.4924597e-10]
2024-09-19 16:37:01,411 INFO =====> Skill params: [-0.50333714 -0.25051486 -0.35508096  0.6881081   0.81113505]
2024-09-19 16:37:01,411 INFO =====> Num. aborted data so far: 0
2024-09-19 16:37:01,713 INFO ===> New TaichiEnv created.
2024-09-19 16:37:01,713 INFO ===> Specifications: horizon = 600, dt = 0.01, n_substeps = 20, dt_sub = 0.0005
2024-09-19 16:37:36,150 INFO =====> Epoch: 13
2024-09-19 16:37:36,151 INFO =====> EMD Loss: 27.158477783203125
2024-09-19 16:37:36,151 INFO =====> Height map loss: 30.73214340209961
2024-09-19 16:37:36,151 INFO =====> Grad: [ 6.3905811e+02 -1.8276656e+03 -8.4705198e-06 -5.5946527e+02
 -1.4781952e-05]
2024-09-19 16:37:36,151 INFO =====> Skill params: [-0.5327687  -0.23236087 -0.36779112  0.7187011   0.84407353]
2024-09-19 16:37:36,151 INFO =====> Num. aborted data so far: 0
2024-09-19 16:37:36,471 INFO ===> New TaichiEnv created.
2024-09-19 16:37:36,471 INFO ===> Specifications: horizon = 600, dt = 0.01, n_substeps = 20, dt_sub = 0.0005
2024-09-19 16:38:10,543 INFO =====> Epoch: 14
2024-09-19 16:38:10,543 INFO =====> EMD Loss: 27.10535430908203
2024-09-19 16:38:10,543 INFO =====> Height map loss: 30.717208862304688
2024-09-19 16:38:10,543 INFO =====> Grad: [-2.6187404e+04  6.6616156e+04 -3.4283839e-05  3.6867582e+04
  7.9345703e-04]
2024-09-19 16:38:10,543 INFO =====> Skill params: [-0.5188085  -0.2384664  -0.3785077   0.68952286  0.81342804]
2024-09-19 16:38:10,543 INFO =====> Num. aborted data so far: 0
2024-09-19 16:38:10,938 INFO ===> New TaichiEnv created.
2024-09-19 16:38:10,938 INFO ===> Specifications: horizon = 600, dt = 0.01, n_substeps = 20, dt_sub = 0.0005
2024-09-19 16:38:55,955 INFO =====> Epoch: 15
2024-09-19 16:38:55,955 INFO =====> EMD Loss: 27.157800674438477
2024-09-19 16:38:55,955 INFO =====> Height map loss: 30.730798721313477
2024-09-19 16:38:55,955 INFO =====> Grad: [-4.1169522e+02 -6.7339798e+01 -1.6802190e-04 -2.5116539e+02
  1.5258789e-05]
2024-09-19 16:38:55,955 INFO =====> Skill params: [-0.50579596 -0.24398614 -0.38423216  0.663311    0.7850057 ]
2024-09-19 16:38:55,955 INFO =====> Num. aborted data so far: 0
2024-09-19 16:38:56,358 INFO ===> New TaichiEnv created.
2024-09-19 16:38:56,358 INFO ===> Specifications: horizon = 600, dt = 0.01, n_substeps = 20, dt_sub = 0.0005
2024-09-19 16:39:30,932 INFO =====> Epoch: 16
2024-09-19 16:39:30,932 INFO =====> EMD Loss: 27.15521812438965
2024-09-19 16:39:30,932 INFO =====> Height map loss: 30.7308349609375
2024-09-19 16:39:30,933 INFO =====> Grad: [ 1.7994789e+02 -2.2233350e+03  1.0596616e-04  3.8978123e+03
 -2.2888184e-05]
2024-09-19 16:39:30,933 INFO =====> Skill params: [-0.49414968 -0.24854606 -0.39167157  0.6360728   0.7602188 ]
2024-09-19 16:39:30,933 INFO =====> Num. aborted data so far: 0
2024-09-19 16:39:31,240 INFO ===> New TaichiEnv created.
2024-09-19 16:39:31,240 INFO ===> Specifications: horizon = 600, dt = 0.01, n_substeps = 20, dt_sub = 0.0005
2024-09-19 16:40:06,436 INFO =====> Epoch: 17
2024-09-19 16:40:06,436 INFO =====> EMD Loss: 27.153919219970703
2024-09-19 16:40:06,436 INFO =====> Height map loss: 30.73143768310547
2024-09-19 16:40:06,436 INFO =====> Grad: [-5.4571753e+02  2.4198210e+03  2.9748426e-06 -1.7385259e+03
 -1.7166138e-05]
2024-09-19 16:40:06,436 INFO =====> Skill params: [-0.4830867  -0.25317428 -0.398493    0.6129748   0.7384628 ]
2024-09-19 16:40:06,436 INFO =====> Num. aborted data so far: 0
2024-09-19 16:40:06,750 INFO ===> New TaichiEnv created.
2024-09-19 16:40:06,750 INFO ===> Specifications: horizon = 600, dt = 0.01, n_substeps = 20, dt_sub = 0.0005
2024-09-19 16:40:41,260 INFO =====> Epoch: 18
2024-09-19 16:40:41,260 INFO =====> EMD Loss: 27.161415100097656
2024-09-19 16:40:41,260 INFO =====> Height map loss: 30.736377716064453
2024-09-19 16:40:41,260 INFO =====> Grad: [ 3.25865631e+02 -1.24943713e+03  1.01982005e-05  4.57375305e+02
  1.76429749e-05]
2024-09-19 16:40:41,260 INFO =====> Skill params: [-0.4733274  -0.25712487 -0.40491834  0.5915558   0.71791774]
2024-09-19 16:40:41,260 INFO =====> Num. aborted data so far: 0
2024-09-19 16:40:41,578 INFO ===> New TaichiEnv created.
2024-09-19 16:40:41,578 INFO ===> Specifications: horizon = 600, dt = 0.01, n_substeps = 20, dt_sub = 0.0005
2024-09-19 16:41:15,734 INFO =====> Epoch: 19
2024-09-19 16:41:15,734 INFO =====> EMD Loss: 27.161157608032227
2024-09-19 16:41:15,734 INFO =====> Height map loss: 30.738441467285156
2024-09-19 16:41:15,734 INFO =====> Grad: [ 3.0602655e+00 -2.4589625e-01 -4.5085653e-08 -4.8663874e+00
  1.3038516e-07]
2024-09-19 16:41:15,734 INFO =====> Skill params: [-0.464455   -0.26071754 -0.41076058  0.5720817   0.6992281 ]
2024-09-19 16:41:15,734 INFO =====> Num. aborted data so far: 0
2024-09-19 16:41:16,068 INFO ===> New TaichiEnv created.
2024-09-19 16:41:16,068 INFO ===> Specifications: horizon = 600, dt = 0.01, n_substeps = 20, dt_sub = 0.0005
2024-09-19 16:41:50,290 INFO =====> Epoch: 20
2024-09-19 16:41:50,290 INFO =====> EMD Loss: 27.160232543945312
2024-09-19 16:41:50,290 INFO =====> Height map loss: 30.743825912475586
2024-09-19 16:41:50,290 INFO =====> Grad: [-3.2884558e+03  5.7453628e+03 -6.1718275e-10 -5.7730168e-01
 -1.0710210e-08]
2024-09-19 16:41:50,291 INFO =====> Skill params: [-0.45342326 -0.26517126 -0.4160762   0.5543635   0.6822236 ]
2024-09-19 16:41:50,291 INFO =====> Num. aborted data so far: 0
2024-09-19 16:41:50,613 INFO ===> New TaichiEnv created.
2024-09-19 16:41:50,614 INFO ===> Specifications: horizon = 600, dt = 0.01, n_substeps = 20, dt_sub = 0.0005
2024-09-19 16:42:25,805 INFO =====> Epoch: 21
2024-09-19 16:42:25,805 INFO =====> EMD Loss: 27.064632415771484
2024-09-19 16:42:25,805 INFO =====> Height map loss: 30.737693786621094
2024-09-19 16:42:25,805 INFO =====> Grad: [ 1.0941216e+04 -3.5392355e+04 -1.4943595e-03 -5.7367867e-01
 -7.9162419e-09]
2024-09-19 16:42:25,805 INFO =====> Skill params: [-0.4535209  -0.2621146  -0.4039291   0.53823644  0.666746  ]
2024-09-19 16:42:25,805 INFO =====> Num. aborted data so far: 0
2024-09-19 16:42:26,143 INFO ===> New TaichiEnv created.
2024-09-19 16:42:26,143 INFO ===> Specifications: horizon = 600, dt = 0.01, n_substeps = 20, dt_sub = 0.0005
2024-09-19 16:43:00,987 INFO =====> Epoch: 22
2024-09-19 16:43:00,987 INFO =====> EMD Loss: 27.140029907226562
2024-09-19 16:43:00,987 INFO =====> Height map loss: 30.74595832824707
2024-09-19 16:43:00,987 INFO =====> Grad: [-1.8026066e+05  3.1890125e+05  1.1300910e-03 -4.4655023e+00
  1.4156103e-07]
2024-09-19 16:43:00,987 INFO =====> Skill params: [-0.42772254 -0.2766304  -0.40373197  0.52355695  0.65264696]
2024-09-19 16:43:00,987 INFO =====> Num. aborted data so far: 0
2024-09-19 16:43:01,306 INFO ===> New TaichiEnv created.
2024-09-19 16:43:01,306 INFO ===> Specifications: horizon = 600, dt = 0.01, n_substeps = 20, dt_sub = 0.0005
2024-09-19 16:43:36,623 INFO =====> Epoch: 23
2024-09-19 16:43:36,624 INFO =====> EMD Loss: 27.125743865966797
2024-09-19 16:43:36,624 INFO =====> Height map loss: 30.749164581298828
2024-09-19 16:43:36,624 INFO =====> Grad: [-5.8887165e-02  3.1664982e-02 -1.4454384e-09 -5.5283940e-01
 -1.2805685e-08]
2024-09-19 16:43:36,624 INFO =====> Skill params: [-0.40422717 -0.28985038 -0.4035524   0.5101884   0.63980716]
2024-09-19 16:43:36,624 INFO =====> Num. aborted data so far: 0
2024-09-19 16:43:36,951 INFO ===> New TaichiEnv created.
2024-09-19 16:43:36,951 INFO ===> Specifications: horizon = 600, dt = 0.01, n_substeps = 20, dt_sub = 0.0005
2024-09-19 16:44:12,674 INFO =====> Epoch: 24
2024-09-19 16:44:12,674 INFO =====> EMD Loss: 27.126054763793945
2024-09-19 16:44:12,674 INFO =====> Height map loss: 30.75020980834961
2024-09-19 16:44:12,674 INFO =====> Grad: [ 2.9777141e+00 -2.5540900e-01  7.8809528e-08 -4.1984859e+00
 -2.4959445e-07]
2024-09-19 16:44:12,674 INFO =====> Skill params: [-0.38282582 -0.30189237 -0.40338948  0.49801528  0.6281232 ]
2024-09-19 16:44:12,674 INFO =====> Num. aborted data so far: 0
2024-09-19 16:44:13,015 INFO ===> New TaichiEnv created.
2024-09-19 16:44:13,015 INFO ===> Specifications: horizon = 600, dt = 0.01, n_substeps = 20, dt_sub = 0.0005
2024-09-19 16:44:48,587 INFO =====> Epoch: 25
2024-09-19 16:44:48,587 INFO =====> EMD Loss: 27.170692443847656
2024-09-19 16:44:48,587 INFO =====> Height map loss: 30.738727569580078
2024-09-19 16:44:48,587 INFO =====> Grad: [-6.5109156e+04  1.0726739e+05  4.4659094e-04 -4.3633823e+03
 -4.3869019e-05]
2024-09-19 16:44:48,587 INFO =====> Skill params: [-0.3553597  -0.31736296 -0.40680602  0.4913964   0.6195859 ]
2024-09-19 16:44:48,587 INFO =====> Num. aborted data so far: 0
2024-09-19 16:44:48,992 INFO ===> New TaichiEnv created.
2024-09-19 16:44:48,992 INFO ===> Specifications: horizon = 600, dt = 0.01, n_substeps = 20, dt_sub = 0.0005
2024-09-19 16:45:27,198 INFO =====> Epoch: 26
2024-09-19 16:45:27,198 INFO =====> EMD Loss: 27.126937866210938
2024-09-19 16:45:27,198 INFO =====> Height map loss: 30.754493713378906
2024-09-19 16:45:27,198 INFO =====> Grad: [-5.3448085e-02  3.4786638e-02  3.6872438e-10 -5.3069556e-01
  2.7939677e-09]
2024-09-19 16:45:27,199 INFO =====> Skill params: [-0.33033583 -0.33145794 -0.40991879  0.48536658  0.6118075 ]
2024-09-19 16:45:27,199 INFO =====> Num. aborted data so far: 0
2024-09-19 16:45:27,527 INFO ===> New TaichiEnv created.
2024-09-19 16:45:27,527 INFO ===> Specifications: horizon = 600, dt = 0.01, n_substeps = 20, dt_sub = 0.0005
2024-09-19 16:46:05,261 INFO =====> Epoch: 27
2024-09-19 16:46:05,261 INFO =====> EMD Loss: 27.13220977783203
2024-09-19 16:46:05,261 INFO =====> Height map loss: 30.756227493286133
2024-09-19 16:46:05,261 INFO =====> Grad: [-5.1205423e-02  3.8898297e-02  6.6054451e-10 -5.2892047e-01
  1.3504177e-08]
2024-09-19 16:46:05,261 INFO =====> Skill params: [-0.30753604 -0.34430018 -0.4127549   0.47987324  0.6047199 ]
2024-09-19 16:46:05,261 INFO =====> Num. aborted data so far: 0
2024-09-19 16:46:05,588 INFO ===> New TaichiEnv created.
2024-09-19 16:46:05,589 INFO ===> Specifications: horizon = 600, dt = 0.01, n_substeps = 20, dt_sub = 0.0005
2024-09-19 16:46:43,435 INFO =====> Epoch: 28
2024-09-19 16:46:43,435 INFO =====> EMD Loss: 27.127531051635742
2024-09-19 16:46:43,435 INFO =====> Height map loss: 30.760583877563477
2024-09-19 16:46:43,435 INFO =====> Grad: [-4.959891e-02  3.851509e-02 -9.140624e-10 -5.272620e-01 -3.259629e-09]
2024-09-19 16:46:43,435 INFO =====> Skill params: [-0.2867625  -0.3560011  -0.41533893  0.47486866  0.59826225]
2024-09-19 16:46:43,435 INFO =====> Num. aborted data so far: 0
2024-09-19 16:46:43,756 INFO ===> New TaichiEnv created.
2024-09-19 16:46:43,756 INFO ===> Specifications: horizon = 600, dt = 0.01, n_substeps = 20, dt_sub = 0.0005
2024-09-19 16:47:21,876 INFO =====> Epoch: 29
2024-09-19 16:47:21,876 INFO =====> EMD Loss: 27.14195442199707
2024-09-19 16:47:21,876 INFO =====> Height map loss: 30.762678146362305
2024-09-19 16:47:21,876 INFO =====> Grad: [ 2.8892863e+00 -2.8732169e-01 -3.1524195e-08 -3.8877680e+00
  2.9802322e-08]
2024-09-19 16:47:21,876 INFO =====> Skill params: [-0.26783592 -0.36666197 -0.41769302  0.470313    0.5923772 ]
2024-09-19 16:47:21,876 INFO =====> Num. aborted data so far: 0
2024-09-19 16:47:22,198 INFO ===> New TaichiEnv created.
2024-09-19 16:47:22,198 INFO ===> Specifications: horizon = 600, dt = 0.01, n_substeps = 20, dt_sub = 0.0005
2024-09-19 16:48:00,379 INFO =====> Epoch: 30
2024-09-19 16:48:00,380 INFO =====> EMD Loss: 27.139381408691406
2024-09-19 16:48:00,380 INFO =====> Height map loss: 30.763429641723633
2024-09-19 16:48:00,380 INFO =====> Grad: [ 2.8663821e+00 -2.9259929e-01 -1.4786679e-09 -3.8601773e+00
  1.8253922e-07]
2024-09-19 16:48:00,380 INFO =====> Skill params: [-0.2505928  -0.37637478 -0.41983774  0.46616665  0.5870062 ]
2024-09-19 16:48:00,380 INFO =====> Num. aborted data so far: 0
2024-09-19 16:48:00,720 INFO ===> New TaichiEnv created.
2024-09-19 16:48:00,720 INFO ===> Specifications: horizon = 600, dt = 0.01, n_substeps = 20, dt_sub = 0.0005
2024-09-19 16:48:40,081 INFO =====> Epoch: 31
2024-09-19 16:48:40,081 INFO =====> EMD Loss: 27.142000198364258
2024-09-19 16:48:40,081 INFO =====> Height map loss: 30.758882522583008
2024-09-19 16:48:40,081 INFO =====> Grad: [ 2.8509381e+00 -2.9753634e-01 -3.8500595e-08 -3.8348925e+00
 -1.3411045e-07]
2024-09-19 16:48:40,081 INFO =====> Skill params: [-0.23488446 -0.3852233  -0.42179132  0.46239337  0.58212   ]
2024-09-19 16:48:40,081 INFO =====> Num. aborted data so far: 0
2024-09-19 16:48:40,434 INFO ===> New TaichiEnv created.
2024-09-19 16:48:40,435 INFO ===> Specifications: horizon = 600, dt = 0.01, n_substeps = 20, dt_sub = 0.0005
2024-09-19 16:49:19,266 INFO =====> Epoch: 32
2024-09-19 16:49:19,266 INFO =====> EMD Loss: 27.137943267822266
2024-09-19 16:49:19,266 INFO =====> Height map loss: 30.76396369934082
2024-09-19 16:49:19,266 INFO =====> Grad: [ 2.8416739e+00 -3.0212086e-01  6.4211250e-09 -3.8117421e+00
  2.1606684e-07]
2024-09-19 16:49:19,266 INFO =====> Skill params: [-0.22057545 -0.39328378 -0.42357096  0.45896032  0.57765776]
2024-09-19 16:49:19,266 INFO =====> Num. aborted data so far: 0
2024-09-19 16:49:19,602 INFO ===> New TaichiEnv created.
2024-09-19 16:49:19,602 INFO ===> Specifications: horizon = 600, dt = 0.01, n_substeps = 20, dt_sub = 0.0005
2024-09-19 16:49:59,735 INFO =====> Epoch: 33
2024-09-19 16:49:59,735 INFO =====> EMD Loss: 27.142404556274414
2024-09-19 16:49:59,735 INFO =====> Height map loss: 30.75939178466797
2024-09-19 16:49:59,735 INFO =====> Grad: [-4.7306132e-02  3.9555784e-02  2.2195601e-09 -5.0757533e-01
 -5.5879354e-09]
2024-09-19 16:49:59,735 INFO =====> Skill params: [-0.20754194 -0.40062577 -0.42519197  0.45583385  0.57359356]
2024-09-19 16:49:59,735 INFO =====> Num. aborted data so far: 0
2024-09-19 16:50:00,071 INFO ===> New TaichiEnv created.
2024-09-19 16:50:00,071 INFO ===> Specifications: horizon = 600, dt = 0.01, n_substeps = 20, dt_sub = 0.0005
2024-09-19 16:50:39,853 INFO =====> Epoch: 34
2024-09-19 16:50:39,853 INFO =====> EMD Loss: 27.137548446655273
2024-09-19 16:50:39,853 INFO =====> Height map loss: 30.761133193969727
2024-09-19 16:50:39,853 INFO =====> Grad: [-4.7576677e-02  4.0210415e-02 -7.7206586e-10 -5.0655556e-01
 -6.9849193e-09]
2024-09-19 16:50:39,853 INFO =====> Skill params: [-0.1956715  -0.40731257 -0.42666832  0.45298696  0.5698924 ]
2024-09-19 16:50:39,853 INFO =====> Num. aborted data so far: 0
2024-09-19 16:50:40,190 INFO ===> New TaichiEnv created.
2024-09-19 16:50:40,190 INFO ===> Specifications: horizon = 600, dt = 0.01, n_substeps = 20, dt_sub = 0.0005
2024-09-19 16:51:20,796 INFO =====> Epoch: 35
2024-09-19 16:51:20,796 INFO =====> EMD Loss: 27.13869857788086
2024-09-19 16:51:20,796 INFO =====> Height map loss: 30.76296043395996
2024-09-19 16:51:20,796 INFO =====> Grad: [-4.8009560e-02  3.8096525e-02  2.9856428e-09 -5.0561637e-01
  6.5192580e-09]
2024-09-19 16:51:20,796 INFO =====> Skill params: [-0.18486157 -0.41340196 -0.4280128   0.450395    0.5665216 ]
2024-09-19 16:51:20,796 INFO =====> Num. aborted data so far: 0
2024-09-19 16:51:21,124 INFO ===> New TaichiEnv created.
2024-09-19 16:51:21,124 INFO ===> Specifications: horizon = 600, dt = 0.01, n_substeps = 20, dt_sub = 0.0005
2024-09-19 16:52:01,940 INFO =====> Epoch: 36
2024-09-19 16:52:01,941 INFO =====> EMD Loss: 27.13875389099121
2024-09-19 16:52:01,941 INFO =====> Height map loss: 30.767166137695312
2024-09-19 16:52:01,941 INFO =====> Grad: [-4.6695326e-02  3.9704144e-02  1.3856679e-09 -5.0475252e-01
  1.7462298e-08]
2024-09-19 16:52:01,941 INFO =====> Skill params: [-0.17501864 -0.41894665 -0.429237    0.44803545  0.56345135]
2024-09-19 16:52:01,941 INFO =====> Num. aborted data so far: 0
2024-09-19 16:52:02,270 INFO ===> New TaichiEnv created.
2024-09-19 16:52:02,270 INFO ===> Specifications: horizon = 600, dt = 0.01, n_substeps = 20, dt_sub = 0.0005
2024-09-19 16:52:43,524 INFO =====> Epoch: 37
2024-09-19 16:52:43,524 INFO =====> EMD Loss: 27.131587982177734
2024-09-19 16:52:43,524 INFO =====> Height map loss: 30.76007843017578
2024-09-19 16:52:43,524 INFO =====> Grad: [-4.7401462e-02  3.7962798e-02 -1.0029866e-10 -5.0395882e-01
  7.4505806e-09]
2024-09-19 16:52:43,524 INFO =====> Skill params: [-0.16605736 -0.4239947  -0.4303516   0.44588786  0.5606557 ]
2024-09-19 16:52:43,524 INFO =====> Num. aborted data so far: 0
2024-09-19 16:52:43,854 INFO ===> New TaichiEnv created.
2024-09-19 16:52:43,854 INFO ===> Specifications: horizon = 600, dt = 0.01, n_substeps = 20, dt_sub = 0.0005
2024-09-19 16:53:24,827 INFO =====> Epoch: 38
2024-09-19 16:53:24,827 INFO =====> EMD Loss: 27.144973754882812
2024-09-19 16:53:24,827 INFO =====> Height map loss: 30.760358810424805
2024-09-19 16:53:24,827 INFO =====> Grad: [-4.6361290e-02  3.9648775e-02  3.7665995e-09 -5.0323039e-01
  6.0535967e-09]
2024-09-19 16:53:24,827 INFO =====> Skill params: [-0.15789989 -0.4285899  -0.4313662   0.4439335   0.55811054]
2024-09-19 16:53:24,827 INFO =====> Num. aborted data so far: 0
2024-09-19 16:53:25,162 INFO ===> New TaichiEnv created.
2024-09-19 16:53:25,162 INFO ===> Specifications: horizon = 600, dt = 0.01, n_substeps = 20, dt_sub = 0.0005
2024-09-19 16:54:06,423 INFO =====> Epoch: 39
2024-09-19 16:54:06,423 INFO =====> EMD Loss: 27.131271362304688
2024-09-19 16:54:06,423 INFO =====> Height map loss: 30.75994300842285
2024-09-19 16:54:06,423 INFO =====> Grad: [ 3.8999000e+00 -1.2132362e+00 -4.0689134e-08 -7.4970751e+00
 -8.3819032e-09]
2024-09-19 16:54:06,423 INFO =====> Skill params: [-0.1504758 -0.4327723 -0.4322893  0.4421636  0.5557944]
2024-09-19 16:54:06,423 INFO =====> Num. aborted data so far: 0
2024-09-19 16:54:06,757 INFO ===> New TaichiEnv created.
2024-09-19 16:54:06,757 INFO ===> Specifications: horizon = 600, dt = 0.01, n_substeps = 20, dt_sub = 0.0005
2024-09-19 16:54:48,653 INFO =====> Epoch: 40
2024-09-19 16:54:48,653 INFO =====> EMD Loss: 27.12200164794922
2024-09-19 16:54:48,653 INFO =====> Height map loss: 30.761661529541016
2024-09-19 16:54:48,653 INFO =====> Grad: [ 3.8705356e+00 -1.1816926e+00 -7.7388922e-09 -7.4952064e+00
 -9.3132257e-08]
2024-09-19 16:54:48,653 INFO =====> Skill params: [-0.1437202  -0.43657842 -0.4331293   0.44056192  0.553692  ]
2024-09-19 16:54:48,653 INFO =====> Num. aborted data so far: 0
2024-09-19 16:54:48,987 INFO ===> New TaichiEnv created.
2024-09-19 16:54:48,987 INFO ===> Specifications: horizon = 600, dt = 0.01, n_substeps = 20, dt_sub = 0.0005
2024-09-19 16:55:31,105 INFO =====> Epoch: 41
2024-09-19 16:55:31,105 INFO =====> EMD Loss: 27.144990921020508
2024-09-19 16:55:31,105 INFO =====> Height map loss: 30.762451171875
2024-09-19 16:55:31,106 INFO =====> Grad: [ 3.9152009e+00 -1.1641870e+00  1.5401843e-08 -7.4934640e+00
  1.0803342e-07]
2024-09-19 16:55:31,106 INFO =====> Skill params: [-0.13757384 -0.44004157 -0.43389377  0.43911368  0.5517727 ]
2024-09-19 16:55:31,106 INFO =====> Num. aborted data so far: 0
2024-09-19 16:55:31,439 INFO ===> New TaichiEnv created.
2024-09-19 16:55:31,439 INFO ===> Specifications: horizon = 600, dt = 0.01, n_substeps = 20, dt_sub = 0.0005
2024-09-19 16:56:13,485 INFO =====> Epoch: 42
2024-09-19 16:56:13,485 INFO =====> EMD Loss: 27.145368576049805
2024-09-19 16:56:13,485 INFO =====> Height map loss: 30.761938095092773
2024-09-19 16:56:13,485 INFO =====> Grad: [ 3.8910754e+00 -1.1391227e+00 -1.9227549e-08 -7.4918485e+00
 -1.8626451e-08]
2024-09-19 16:56:13,485 INFO =====> Skill params: [-0.13198268 -0.4431922  -0.4345891   0.43780532  0.55002767]
2024-09-19 16:56:13,485 INFO =====> Num. aborted data so far: 0
2024-09-19 16:56:13,827 INFO ===> New TaichiEnv created.
2024-09-19 16:56:13,827 INFO ===> Specifications: horizon = 600, dt = 0.01, n_substeps = 20, dt_sub = 0.0005
2024-09-19 16:56:55,588 INFO =====> Epoch: 43
2024-09-19 16:56:55,588 INFO =====> EMD Loss: 27.145427703857422
2024-09-19 16:56:55,588 INFO =====> Height map loss: 30.7633113861084
2024-09-19 16:56:55,588 INFO =====> Grad: [ 3.8693852e+00 -1.1170933e+00  4.7905737e-09 -7.4903560e+00
  6.7055225e-08]
2024-09-19 16:56:55,588 INFO =====> Skill params: [-0.1268974 -0.4460581 -0.4352216  0.4366245  0.5484364]
2024-09-19 16:56:55,588 INFO =====> Num. aborted data so far: 0
2024-09-19 16:56:55,919 INFO ===> New TaichiEnv created.
2024-09-19 16:56:55,919 INFO ===> Specifications: horizon = 600, dt = 0.01, n_substeps = 20, dt_sub = 0.0005
2024-09-19 16:57:40,540 INFO =====> Epoch: 44
2024-09-19 16:57:40,540 INFO =====> EMD Loss: 27.14772605895996
2024-09-19 16:57:40,540 INFO =====> Height map loss: 30.759851455688477
2024-09-19 16:57:40,540 INFO =====> Grad: [ 3.9189944e+00 -1.1060851e+00  8.2959328e-09 -7.4889812e+00
 -5.9604645e-08]
2024-09-19 16:57:40,540 INFO =====> Skill params: [-0.12227297 -0.44866458 -0.43579698  0.43555993  0.54699266]
2024-09-19 16:57:40,540 INFO =====> Num. aborted data so far: 0
2024-09-19 16:57:40,877 INFO ===> New TaichiEnv created.
2024-09-19 16:57:40,877 INFO ===> Specifications: horizon = 600, dt = 0.01, n_substeps = 20, dt_sub = 0.0005
2024-09-19 16:58:23,301 INFO =====> Epoch: 45
2024-09-19 16:58:23,301 INFO =====> EMD Loss: 27.145421981811523
2024-09-19 16:58:23,301 INFO =====> Height map loss: 30.764286041259766
2024-09-19 16:58:23,301 INFO =====> Grad: [ 3.9010918e+00 -1.0883250e+00 -7.3125035e-09 -7.4877200e+00
 -4.2840838e-08]
2024-09-19 16:58:23,301 INFO =====> Skill params: [-0.11806832 -0.45103478 -0.43632013  0.43460134  0.5456823 ]
2024-09-19 16:58:23,301 INFO =====> Num. aborted data so far: 0
2024-09-19 16:58:23,647 INFO ===> New TaichiEnv created.
2024-09-19 16:58:23,647 INFO ===> Specifications: horizon = 600, dt = 0.01, n_substeps = 20, dt_sub = 0.0005
2024-09-19 16:59:06,322 INFO =====> Epoch: 46
2024-09-19 16:59:06,322 INFO =====> EMD Loss: 27.145774841308594
2024-09-19 16:59:06,322 INFO =====> Height map loss: 30.766443252563477
2024-09-19 16:59:06,323 INFO =====> Grad: [ 3.8849173e+00 -1.0723504e+00  4.4580101e-08 -7.4865656e+00
  3.8184226e-08]
2024-09-19 16:59:06,323 INFO =====> Skill params: [-0.11424598 -0.45318982 -0.43679625  0.43373936  0.5444886 ]
2024-09-19 16:59:06,323 INFO =====> Num. aborted data so far: 0
2024-09-19 16:59:06,701 INFO ===> New TaichiEnv created.
2024-09-19 16:59:06,701 INFO ===> Specifications: horizon = 600, dt = 0.01, n_substeps = 20, dt_sub = 0.0005
2024-09-19 16:59:49,127 INFO =====> Epoch: 47
2024-09-19 16:59:49,127 INFO =====> EMD Loss: 27.145645141601562
2024-09-19 16:59:49,127 INFO =====> Height map loss: 30.766231536865234
2024-09-19 16:59:49,127 INFO =====> Grad: [ 3.8703401e+00 -1.0582312e+00 -1.6235479e-08 -7.4855132e+00
  3.7252903e-08]
2024-09-19 16:59:49,127 INFO =====> Skill params: [-0.11077177 -0.4551489  -0.43722892  0.43296543  0.5434011 ]
2024-09-19 16:59:49,127 INFO =====> Num. aborted data so far: 0
2024-09-19 16:59:49,473 INFO ===> New TaichiEnv created.
2024-09-19 16:59:49,473 INFO ===> Specifications: horizon = 600, dt = 0.01, n_substeps = 20, dt_sub = 0.0005
2024-09-19 17:00:32,655 INFO =====> Epoch: 48
2024-09-19 17:00:32,655 INFO =====> EMD Loss: 27.135709762573242
2024-09-19 17:00:32,655 INFO =====> Height map loss: 30.764854431152344
2024-09-19 17:00:32,655 INFO =====> Grad: [ 3.9245527e+00 -1.0527769e+00  1.6290915e-09 -7.4845586e+00
  3.2596290e-08]
2024-09-19 17:00:32,655 INFO =====> Skill params: [-0.10761451 -0.4569296  -0.43762222  0.43227175  0.5424106 ]
2024-09-19 17:00:32,655 INFO =====> Num. aborted data so far: 0
2024-09-19 17:00:33,002 INFO ===> New TaichiEnv created.
2024-09-19 17:00:33,002 INFO ===> Specifications: horizon = 600, dt = 0.01, n_substeps = 20, dt_sub = 0.0005
2024-09-19 17:01:15,702 INFO =====> Epoch: 49
2024-09-19 17:01:15,702 INFO =====> EMD Loss: 27.137483596801758
2024-09-19 17:01:15,702 INFO =====> Height map loss: 30.764280319213867
2024-09-19 17:01:15,703 INFO =====> Grad: [ 3.9124610e+00 -1.0412331e+00 -7.0642048e-09 -7.4836917e+00
  5.4016709e-08]
2024-09-19 17:01:15,703 INFO =====> Skill params: [-0.10474578 -0.4585479  -0.4379796   0.4316512   0.541507  ]
2024-09-19 17:01:15,703 INFO =====> Num. aborted data so far: 0
2024-09-19 17:01:16,051 INFO ===> New TaichiEnv created.
2024-09-19 17:01:16,051 INFO ===> Specifications: horizon = 600, dt = 0.01, n_substeps = 20, dt_sub = 0.0005
2024-09-19 17:01:58,709 INFO =====> Epoch: 50
2024-09-19 17:01:58,709 INFO =====> EMD Loss: 27.145652770996094
2024-09-19 17:01:58,709 INFO =====> Height map loss: 30.768600463867188
2024-09-19 17:01:58,709 INFO =====> Grad: [ 3.9015372e+00 -1.0308892e+00 -1.3210213e-08 -7.4829097e+00
  4.5634806e-08]
2024-09-19 17:01:58,709 INFO =====> Skill params: [-0.10213964 -0.4600184  -0.43830425  0.43109727  0.54068303]
2024-09-19 17:01:58,709 INFO =====> Num. aborted data so far: 0
2024-09-19 17:01:59,153 INFO ===> New TaichiEnv created.
2024-09-19 17:01:59,153 INFO ===> Specifications: horizon = 600, dt = 0.01, n_substeps = 20, dt_sub = 0.0005
2024-09-19 17:02:44,469 INFO =====> Epoch: 51
2024-09-19 17:02:44,469 INFO =====> EMD Loss: 27.148155212402344
2024-09-19 17:02:44,469 INFO =====> Height map loss: 30.76774787902832
2024-09-19 17:02:44,469 INFO =====> Grad: [ 3.8916318e+00 -1.0214698e+00  2.7430085e-08 -7.4822049e+00
 -9.1269612e-08]
2024-09-19 17:02:44,469 INFO =====> Skill params: [-0.09977246 -0.4613544  -0.4385995   0.43060407  0.5399402 ]
2024-09-19 17:02:44,469 INFO =====> Num. aborted data so far: 0
2024-09-19 17:02:44,852 INFO ===> New TaichiEnv created.
2024-09-19 17:02:44,852 INFO ===> Specifications: horizon = 600, dt = 0.01, n_substeps = 20, dt_sub = 0.0005
2024-09-19 17:03:27,646 INFO =====> Epoch: 52
2024-09-19 17:03:27,646 INFO =====> EMD Loss: 27.14845085144043
2024-09-19 17:03:27,646 INFO =====> Height map loss: 30.766206741333008
2024-09-19 17:03:27,646 INFO =====> Grad: [ 1.0721915e-02  8.2909288e-03  1.7845518e-09 -6.7130995e-01
  7.9162419e-09]
2024-09-19 17:03:27,646 INFO =====> Skill params: [-0.09762198 -0.46256813 -0.43886772  0.43015692  0.5392648 ]
2024-09-19 17:03:27,646 INFO =====> Num. aborted data so far: 0
2024-09-19 17:03:28,011 INFO ===> New TaichiEnv created.
2024-09-19 17:03:28,011 INFO ===> Specifications: horizon = 600, dt = 0.01, n_substeps = 20, dt_sub = 0.0005
2024-09-19 17:04:11,181 INFO =====> Epoch: 53
2024-09-19 17:04:11,181 INFO =====> EMD Loss: 27.149330139160156
2024-09-19 17:04:11,181 INFO =====> Height map loss: 30.763954162597656
2024-09-19 17:04:11,182 INFO =====> Grad: [ 1.0884418e-02  8.4405718e-03  2.1434072e-09 -6.7125809e-01
  8.6147338e-09]
2024-09-19 17:04:11,182 INFO =====> Skill params: [-0.09566861 -0.4636706  -0.43911138  0.42975166  0.53865075]
2024-09-19 17:04:11,182 INFO =====> Num. aborted data so far: 0
2024-09-19 17:04:11,543 INFO ===> New TaichiEnv created.
2024-09-19 17:04:11,543 INFO ===> Specifications: horizon = 600, dt = 0.01, n_substeps = 20, dt_sub = 0.0005
2024-09-19 17:04:54,534 INFO =====> Epoch: 54
2024-09-19 17:04:54,535 INFO =====> EMD Loss: 27.1472110748291
2024-09-19 17:04:54,535 INFO =====> Height map loss: 30.768346786499023
2024-09-19 17:04:54,535 INFO =====> Grad: [ 1.10310735e-02  8.57434981e-03  6.38745945e-10 -6.71210885e-01
 -3.37604433e-09]
2024-09-19 17:04:54,536 INFO =====> Skill params: [-0.09389454 -0.46467188 -0.4393327   0.42938456  0.5380933 ]
2024-09-19 17:04:54,536 INFO =====> Num. aborted data so far: 0
2024-09-19 17:04:54,896 INFO ===> New TaichiEnv created.
2024-09-19 17:04:54,896 INFO ===> Specifications: horizon = 600, dt = 0.01, n_substeps = 20, dt_sub = 0.0005
2024-09-19 17:05:37,590 INFO =====> Epoch: 55
2024-09-19 17:05:37,591 INFO =====> EMD Loss: 27.14718246459961
2024-09-19 17:05:37,591 INFO =====> Height map loss: 30.768632888793945
2024-09-19 17:05:37,591 INFO =====> Grad: [ 1.1162534e-02  8.6940043e-03  3.1496181e-09 -6.7116797e-01
  4.5401976e-09]
2024-09-19 17:05:37,591 INFO =====> Skill params: [-0.09228351 -0.46558115 -0.4395337   0.4290521   0.5375868 ]
2024-09-19 17:05:37,591 INFO =====> Num. aborted data so far: 0
2024-09-19 17:05:37,947 INFO ===> New TaichiEnv created.
2024-09-19 17:05:37,947 INFO ===> Specifications: horizon = 600, dt = 0.01, n_substeps = 20, dt_sub = 0.0005
2024-09-19 17:06:20,920 INFO =====> Epoch: 56
2024-09-19 17:06:20,920 INFO =====> EMD Loss: 27.14767074584961
2024-09-19 17:06:20,920 INFO =====> Height map loss: 30.769981384277344
2024-09-19 17:06:20,920 INFO =====> Grad: [ 1.0735661e-02  8.2856482e-03  2.1673072e-09 -6.7112881e-01
 -6.9849193e-10]
2024-09-19 17:06:20,920 INFO =====> Skill params: [-0.09082073 -0.46640673 -0.43971625  0.4287512   0.53712696]
2024-09-19 17:06:20,920 INFO =====> Num. aborted data so far: 0
2024-09-19 17:06:21,266 INFO ===> New TaichiEnv created.
2024-09-19 17:06:21,266 INFO ===> Specifications: horizon = 600, dt = 0.01, n_substeps = 20, dt_sub = 0.0005
2024-09-19 17:07:04,542 INFO =====> Epoch: 57
2024-09-19 17:07:04,542 INFO =====> EMD Loss: 27.13994789123535
2024-09-19 17:07:04,542 INFO =====> Height map loss: 30.76724624633789
2024-09-19 17:07:04,542 INFO =====> Grad: [ 1.0845879e-02  8.3918134e-03  2.2611786e-09 -6.7109323e-01
 -7.2177500e-09]
2024-09-19 17:07:04,542 INFO =====> Skill params: [-0.08949272 -0.46715626 -0.43988198  0.428479    0.53670996]
2024-09-19 17:07:04,542 INFO =====> Num. aborted data so far: 0
2024-09-19 17:07:04,887 INFO ===> New TaichiEnv created.
2024-09-19 17:07:04,887 INFO ===> Specifications: horizon = 600, dt = 0.01, n_substeps = 20, dt_sub = 0.0005
2024-09-19 17:07:47,329 INFO =====> Epoch: 58
2024-09-19 17:07:47,329 INFO =====> EMD Loss: 27.147573471069336
2024-09-19 17:07:47,329 INFO =====> Height map loss: 30.768089294433594
2024-09-19 17:07:47,330 INFO =====> Grad: [ 1.0945415e-02  8.4870737e-03  2.0634112e-09 -6.7106098e-01
  4.8894435e-09]
2024-09-19 17:07:47,330 INFO =====> Skill params: [-0.08828723 -0.46783665 -0.44003245  0.42823285  0.5363311 ]
2024-09-19 17:07:47,330 INFO =====> Num. aborted data so far: 0
2024-09-19 17:07:47,675 INFO ===> New TaichiEnv created.
2024-09-19 17:07:47,675 INFO ===> Specifications: horizon = 600, dt = 0.01, n_substeps = 20, dt_sub = 0.0005
2024-09-19 17:08:31,642 INFO =====> Epoch: 59
2024-09-19 17:08:31,642 INFO =====> EMD Loss: 27.139434814453125
2024-09-19 17:08:31,642 INFO =====> Height map loss: 30.769426345825195
2024-09-19 17:08:31,642 INFO =====> Grad: [ 1.1034818e-02  8.5727740e-03  5.2120379e-09 -6.7103159e-01
 -2.5611371e-09]
2024-09-19 17:08:31,642 INFO =====> Skill params: [-0.08719306 -0.46845418 -0.4401691   0.4280104   0.53598744]
2024-09-19 17:08:31,642 INFO =====> Num. aborted data so far: 0
2024-09-19 17:08:31,984 INFO ===> New TaichiEnv created.
2024-09-19 17:08:31,984 INFO ===> Specifications: horizon = 600, dt = 0.01, n_substeps = 20, dt_sub = 0.0005
2024-09-19 17:09:14,780 INFO =====> Epoch: 60
2024-09-19 17:09:14,781 INFO =====> EMD Loss: 27.137470245361328
2024-09-19 17:09:14,781 INFO =====> Height map loss: 30.769941329956055
2024-09-19 17:09:14,781 INFO =====> Grad: [ 1.1115989e-02  8.6498167e-03 -3.4187816e-10 -6.7100495e-01
 -9.3132257e-09]
2024-09-19 17:09:14,781 INFO =====> Skill params: [-0.08620008 -0.4690146  -0.4402931   0.4278095   0.5356762 ]
2024-09-19 17:09:14,781 INFO =====> Num. aborted data so far: 0
2024-09-19 17:09:15,126 INFO ===> New TaichiEnv created.
2024-09-19 17:09:15,126 INFO ===> Specifications: horizon = 600, dt = 0.01, n_substeps = 20, dt_sub = 0.0005
2024-09-19 17:09:57,763 INFO =====> Epoch: 61
2024-09-19 17:09:57,763 INFO =====> EMD Loss: 27.137489318847656
2024-09-19 17:09:57,763 INFO =====> Height map loss: 30.769319534301758
2024-09-19 17:09:57,763 INFO =====> Grad: [ 1.11887595e-02  8.71917233e-03  1.78716530e-09 -6.70980990e-01
  6.86850399e-09]
2024-09-19 17:09:57,764 INFO =====> Skill params: [-0.08529902 -0.4695232  -0.44040564  0.4276282   0.53539324]
2024-09-19 17:09:57,764 INFO =====> Num. aborted data so far: 0
2024-09-19 17:09:58,109 INFO ===> New TaichiEnv created.
2024-09-19 17:09:58,109 INFO ===> Specifications: horizon = 600, dt = 0.01, n_substeps = 20, dt_sub = 0.0005
2024-09-19 17:10:41,166 INFO =====> Epoch: 62
2024-09-19 17:10:41,167 INFO =====> EMD Loss: 27.152076721191406
2024-09-19 17:10:41,167 INFO =====> Height map loss: 30.7679443359375
2024-09-19 17:10:41,167 INFO =====> Grad: [ 1.1254702e-02  8.7817349e-03  2.8680593e-09 -6.7095917e-01
 -4.1909516e-09]
2024-09-19 17:10:41,167 INFO =====> Skill params: [-0.08448147 -0.46998462 -0.44050777  0.42746466  0.5351368 ]
2024-09-19 17:10:41,167 INFO =====> Num. aborted data so far: 0
2024-09-19 17:10:41,515 INFO ===> New TaichiEnv created.
2024-09-19 17:10:41,515 INFO ===> Specifications: horizon = 600, dt = 0.01, n_substeps = 20, dt_sub = 0.0005
2024-09-19 17:11:24,043 INFO =====> Epoch: 63
2024-09-19 17:11:24,043 INFO =====> EMD Loss: 27.13751983642578
2024-09-19 17:11:24,043 INFO =====> Height map loss: 30.76597785949707
2024-09-19 17:11:24,043 INFO =====> Grad: [ 1.1314173e-02  8.8381404e-03  7.4715795e-10 -6.7093945e-01
  7.7998266e-09]
2024-09-19 17:11:24,043 INFO =====> Skill params: [-0.08373976 -0.47040325 -0.44060045  0.42731732  0.53490365]
2024-09-19 17:11:24,043 INFO =====> Num. aborted data so far: 0
2024-09-19 17:11:24,419 INFO ===> New TaichiEnv created.
2024-09-19 17:11:24,419 INFO ===> Specifications: horizon = 600, dt = 0.01, n_substeps = 20, dt_sub = 0.0005
2024-09-19 17:12:07,529 INFO =====> Epoch: 64
2024-09-19 17:12:07,529 INFO =====> EMD Loss: 27.141809463500977
2024-09-19 17:12:07,529 INFO =====> Height map loss: 30.768386840820312
2024-09-19 17:12:07,529 INFO =====> Grad: [ 1.1366735e-02  1.1047139e-02  1.8855455e-09 -6.7092162e-01
 -6.1700121e-09]
2024-09-19 17:12:07,529 INFO =====> Skill params: [-0.08306695 -0.470783   -0.44068456  0.42718467  0.5346926 ]
2024-09-19 17:12:07,529 INFO =====> Num. aborted data so far: 0
2024-09-19 17:12:07,873 INFO ===> New TaichiEnv created.
2024-09-19 17:12:07,873 INFO ===> Specifications: horizon = 600, dt = 0.01, n_substeps = 20, dt_sub = 0.0005
2024-09-19 17:12:51,497 INFO =====> Epoch: 65
2024-09-19 17:12:51,497 INFO =====> EMD Loss: 27.140779495239258
2024-09-19 17:12:51,497 INFO =====> Height map loss: 30.768905639648438
2024-09-19 17:12:51,497 INFO =====> Grad: [ 1.1415540e-02  1.1089540e-02  2.8786445e-10 -6.7090565e-01
 -6.9849193e-10]
2024-09-19 17:12:51,498 INFO =====> Skill params: [-0.08245669 -0.47112745 -0.44076082  0.42706537  0.5345012 ]
2024-09-19 17:12:51,498 INFO =====> Num. aborted data so far: 0
2024-09-19 17:12:51,844 INFO ===> New TaichiEnv created.
2024-09-19 17:12:51,844 INFO ===> Specifications: horizon = 600, dt = 0.01, n_substeps = 20, dt_sub = 0.0005
2024-09-19 17:13:35,694 INFO =====> Epoch: 66
2024-09-19 17:13:35,694 INFO =====> EMD Loss: 27.13800048828125
2024-09-19 17:13:35,694 INFO =====> Height map loss: 30.770343780517578
2024-09-19 17:13:35,694 INFO =====> Grad: [ 1.1459550e-02  1.1127870e-02 -5.8250171e-10 -6.7089111e-01
  2.6775524e-09]
2024-09-19 17:13:35,694 INFO =====> Skill params: [-0.08190322 -0.47143984 -0.44083     0.4269582   0.5343274 ]
2024-09-19 17:13:35,694 INFO =====> Num. aborted data so far: 0
2024-09-19 17:13:36,048 INFO ===> New TaichiEnv created.
2024-09-19 17:13:36,048 INFO ===> Specifications: horizon = 600, dt = 0.01, n_substeps = 20, dt_sub = 0.0005
2024-09-19 17:14:19,658 INFO =====> Epoch: 67
2024-09-19 17:14:19,658 INFO =====> EMD Loss: 27.137802124023438
2024-09-19 17:14:19,658 INFO =====> Height map loss: 30.770347595214844
2024-09-19 17:14:19,659 INFO =====> Grad: [ 1.1499183e-02  1.1162510e-02  4.7896482e-09 -6.7087817e-01
 -1.6414560e-08]
2024-09-19 17:14:19,659 INFO =====> Skill params: [-0.08140132 -0.47172314 -0.4408928   0.42686206  0.534171  ]
2024-09-19 17:14:19,659 INFO =====> Num. aborted data so far: 0
2024-09-19 17:14:20,101 INFO ===> New TaichiEnv created.
2024-09-19 17:14:20,101 INFO ===> Specifications: horizon = 600, dt = 0.01, n_substeps = 20, dt_sub = 0.0005
2024-09-19 17:15:03,917 INFO =====> Epoch: 68
2024-09-19 17:15:03,918 INFO =====> EMD Loss: 27.140045166015625
2024-09-19 17:15:03,918 INFO =====> Height map loss: 30.768918991088867
2024-09-19 17:15:03,918 INFO =====> Grad: [ 1.1534893e-02  1.1193733e-02  2.0415982e-09 -6.7086643e-01
  2.2118911e-09]
2024-09-19 17:15:03,918 INFO =====> Skill params: [-0.08094621 -0.47198    -0.44094974  0.42677593  0.534029  ]
2024-09-19 17:15:03,918 INFO =====> Num. aborted data so far: 0
2024-09-19 17:15:04,287 INFO ===> New TaichiEnv created.
2024-09-19 17:15:04,287 INFO ===> Specifications: horizon = 600, dt = 0.01, n_substeps = 20, dt_sub = 0.0005
2024-09-19 17:15:48,091 INFO =====> Epoch: 69
2024-09-19 17:15:48,091 INFO =====> EMD Loss: 27.13787078857422
2024-09-19 17:15:48,091 INFO =====> Height map loss: 30.768949508666992
2024-09-19 17:15:48,091 INFO =====> Grad: [ 1.1567410e-02  1.1221861e-02  1.1268790e-09 -6.7085612e-01
 -1.3969839e-08]
2024-09-19 17:15:48,092 INFO =====> Skill params: [-0.08053359 -0.4722129  -0.4410014   0.4266989   0.53390133]
2024-09-19 17:15:48,092 INFO =====> Num. aborted data so far: 0
2024-09-19 17:15:48,460 INFO ===> New TaichiEnv created.
2024-09-19 17:15:48,460 INFO ===> Specifications: horizon = 600, dt = 0.01, n_substeps = 20, dt_sub = 0.0005
2024-09-19 17:16:32,307 INFO =====> Epoch: 70
2024-09-19 17:16:32,307 INFO =====> EMD Loss: 27.149944305419922
2024-09-19 17:16:32,307 INFO =====> Height map loss: 30.771059036254883
2024-09-19 17:16:32,307 INFO =====> Grad: [ 1.1596931e-02  1.1247377e-02  3.7345266e-11 -6.7084664e-01
 -5.8207661e-10]
2024-09-19 17:16:32,307 INFO =====> Skill params: [-0.08015952 -0.47242406 -0.4410482   0.4266301   0.5337856 ]
2024-09-19 17:16:32,307 INFO =====> Num. aborted data so far: 0
2024-09-19 17:16:32,657 INFO ===> New TaichiEnv created.
2024-09-19 17:16:32,658 INFO ===> Specifications: horizon = 600, dt = 0.01, n_substeps = 20, dt_sub = 0.0005
2024-09-19 17:17:16,645 INFO =====> Epoch: 71
2024-09-19 17:17:16,645 INFO =====> EMD Loss: 27.148244857788086
2024-09-19 17:17:16,645 INFO =====> Height map loss: 30.770671844482422
2024-09-19 17:17:16,645 INFO =====> Grad: [ 1.1623441e-02  1.1270437e-02  2.7165847e-09 -6.7083824e-01
 -1.0128133e-08]
2024-09-19 17:17:16,645 INFO =====> Skill params: [-0.07982043 -0.47261545 -0.4410907   0.4265688   0.53368145]
2024-09-19 17:17:16,645 INFO =====> Num. aborted data so far: 0
2024-09-19 17:17:16,998 INFO ===> New TaichiEnv created.
2024-09-19 17:17:16,999 INFO ===> Specifications: horizon = 600, dt = 0.01, n_substeps = 20, dt_sub = 0.0005
2024-09-19 17:18:00,434 INFO =====> Epoch: 72
2024-09-19 17:18:00,434 INFO =====> EMD Loss: 27.14751434326172
2024-09-19 17:18:00,434 INFO =====> Height map loss: 30.771318435668945
2024-09-19 17:18:00,434 INFO =====> Grad: [ 1.16473101e-02  1.12912655e-02  3.41660611e-09 -6.70830667e-01
 -3.25962901e-09]
2024-09-19 17:18:00,434 INFO =====> Skill params: [-0.07951308 -0.47278893 -0.44112927  0.42651433  0.5335873 ]
2024-09-19 17:18:00,434 INFO =====> Num. aborted data so far: 0
2024-09-19 17:18:00,877 INFO ===> New TaichiEnv created.
2024-09-19 17:18:00,877 INFO ===> Specifications: horizon = 600, dt = 0.01, n_substeps = 20, dt_sub = 0.0005
2024-09-19 17:18:44,238 INFO =====> Epoch: 73
2024-09-19 17:18:44,238 INFO =====> EMD Loss: 27.137943267822266
2024-09-19 17:18:44,238 INFO =====> Height map loss: 30.770870208740234
2024-09-19 17:18:44,238 INFO =====> Grad: [ 1.1669200e-02  1.1310011e-02  1.9191451e-09 -6.7082411e-01
  2.4447218e-09]
2024-09-19 17:18:44,238 INFO =====> Skill params: [-0.07923452 -0.47294617 -0.44116423  0.42646602  0.53350174]
2024-09-19 17:18:44,238 INFO =====> Num. aborted data so far: 0
2024-09-19 17:18:44,675 INFO ===> New TaichiEnv created.
2024-09-19 17:18:44,675 INFO ===> Specifications: horizon = 600, dt = 0.01, n_substeps = 20, dt_sub = 0.0005
2024-09-19 17:19:28,578 INFO =====> Epoch: 74
2024-09-19 17:19:28,578 INFO =====> EMD Loss: 27.137741088867188
2024-09-19 17:19:28,578 INFO =====> Height map loss: 30.771574020385742
2024-09-19 17:19:28,578 INFO =====> Grad: [ 1.1688831e-02  1.1327089e-02  3.2737295e-09 -6.7081815e-01
 -7.1013346e-09]
2024-09-19 17:19:28,578 INFO =====> Skill params: [-0.07898208 -0.47308865 -0.44119596  0.42642334  0.5334248 ]
2024-09-19 17:19:28,578 INFO =====> Num. aborted data so far: 0
2024-09-19 17:19:28,937 INFO ===> New TaichiEnv created.
2024-09-19 17:19:28,937 INFO ===> Specifications: horizon = 600, dt = 0.01, n_substeps = 20, dt_sub = 0.0005
2024-09-19 17:20:12,364 INFO =====> Epoch: 75
2024-09-19 17:20:12,364 INFO =====> EMD Loss: 27.14783477783203
2024-09-19 17:20:12,364 INFO =====> Height map loss: 30.768356323242188
2024-09-19 17:20:12,364 INFO =====> Grad: [ 1.1706662e-02  1.1342458e-02  1.7614695e-09 -6.7081296e-01
  8.1490725e-10]
2024-09-19 17:20:12,364 INFO =====> Skill params: [-0.07875332 -0.4732178  -0.44122475  0.42638576  0.533355  ]
2024-09-19 17:20:12,364 INFO =====> Num. aborted data so far: 0
2024-09-19 17:20:12,716 INFO ===> New TaichiEnv created.
2024-09-19 17:20:12,716 INFO ===> Specifications: horizon = 600, dt = 0.01, n_substeps = 20, dt_sub = 0.0005
2024-09-19 17:20:56,804 INFO =====> Epoch: 76
2024-09-19 17:20:56,805 INFO =====> EMD Loss: 27.141408920288086
2024-09-19 17:20:56,805 INFO =====> Height map loss: 30.766822814941406
2024-09-19 17:20:56,805 INFO =====> Grad: [ 1.1722900e-02  1.1356338e-02  4.5564694e-09 -6.7080837e-01
  6.4028427e-09]
2024-09-19 17:20:56,805 INFO =====> Skill params: [-0.07854605 -0.4733348  -0.4412509   0.4263528   0.5332913 ]
2024-09-19 17:20:56,805 INFO =====> Num. aborted data so far: 0
2024-09-19 17:20:57,157 INFO ===> New TaichiEnv created.
2024-09-19 17:20:57,158 INFO ===> Specifications: horizon = 600, dt = 0.01, n_substeps = 20, dt_sub = 0.0005
2024-09-19 17:21:41,314 INFO =====> Epoch: 77
2024-09-19 17:21:41,314 INFO =====> EMD Loss: 27.13861083984375
2024-09-19 17:21:41,314 INFO =====> Height map loss: 30.77081871032715
2024-09-19 17:21:41,314 INFO =====> Grad: [ 1.1737664e-02  1.1368986e-02  4.6311427e-11 -6.7080426e-01
 -1.6065314e-08]
2024-09-19 17:21:41,314 INFO =====> Skill params: [-0.07835826 -0.4734408  -0.44127455  0.42632404  0.5332348 ]
2024-09-19 17:21:41,314 INFO =====> Num. aborted data so far: 0
2024-09-19 17:21:41,669 INFO ===> New TaichiEnv created.
2024-09-19 17:21:41,669 INFO ===> Specifications: horizon = 600, dt = 0.01, n_substeps = 20, dt_sub = 0.0005
2024-09-19 17:22:25,442 INFO =====> Epoch: 78
2024-09-19 17:22:25,442 INFO =====> EMD Loss: 27.137733459472656
2024-09-19 17:22:25,442 INFO =====> Height map loss: 30.770299911499023
2024-09-19 17:22:25,442 INFO =====> Grad: [ 1.1750902e-02  1.1380355e-02 -1.2043053e-09 -6.7080086e-01
 -5.1222742e-09]
2024-09-19 17:22:25,442 INFO =====> Skill params: [-0.07818813 -0.47353685 -0.44129598  0.4262991   0.533184  ]
2024-09-19 17:22:25,442 INFO =====> Num. aborted data so far: 0
2024-09-19 17:22:25,801 INFO ===> New TaichiEnv created.
2024-09-19 17:22:25,801 INFO ===> Specifications: horizon = 600, dt = 0.01, n_substeps = 20, dt_sub = 0.0005
2024-09-19 17:23:09,527 INFO =====> Epoch: 79
2024-09-19 17:23:09,527 INFO =====> EMD Loss: 27.147863388061523
2024-09-19 17:23:09,527 INFO =====> Height map loss: 30.768869400024414
2024-09-19 17:23:09,527 INFO =====> Grad: [ 1.1762918e-02  1.1390654e-02  2.4780971e-09 -6.7079771e-01
  1.5133992e-09]
2024-09-19 17:23:09,527 INFO =====> Skill params: [-0.07803401 -0.47362384 -0.44131544  0.42627764  0.53313786]
2024-09-19 17:23:09,527 INFO =====> Num. aborted data so far: 0
2024-09-19 17:23:09,903 INFO ===> New TaichiEnv created.
2024-09-19 17:23:09,903 INFO ===> Specifications: horizon = 600, dt = 0.01, n_substeps = 20, dt_sub = 0.0005
2024-09-19 17:23:53,832 INFO =====> Epoch: 80
2024-09-19 17:23:53,832 INFO =====> EMD Loss: 27.147817611694336
2024-09-19 17:23:53,832 INFO =====> Height map loss: 30.770263671875
2024-09-19 17:23:53,832 INFO =====> Grad: [ 1.1773807e-02  1.1400003e-02  1.1691204e-09 -6.7079508e-01
  4.4237822e-09]
2024-09-19 17:23:53,832 INFO =====> Skill params: [-0.07789442 -0.47370264 -0.4413331   0.42625934  0.5330957 ]
2024-09-19 17:23:53,832 INFO =====> Num. aborted data so far: 0
2024-09-19 17:23:54,278 INFO ===> New TaichiEnv created.
2024-09-19 17:23:54,278 INFO ===> Specifications: horizon = 600, dt = 0.01, n_substeps = 20, dt_sub = 0.0005
2024-09-19 17:24:37,613 INFO =====> Epoch: 81
2024-09-19 17:24:37,614 INFO =====> EMD Loss: 27.14023780822754
2024-09-19 17:24:37,614 INFO =====> Height map loss: 30.769615173339844
2024-09-19 17:24:37,614 INFO =====> Grad: [ 1.1783579e-02  1.1408442e-02 -8.9662144e-10 -6.7079288e-01
  1.1059456e-08]
2024-09-19 17:24:37,614 INFO =====> Skill params: [-0.07776798 -0.47377402 -0.44134906  0.4262439   0.5330567 ]
2024-09-19 17:24:37,614 INFO =====> Num. aborted data so far: 0
2024-09-19 17:24:38,059 INFO ===> New TaichiEnv created.
2024-09-19 17:24:38,060 INFO ===> Specifications: horizon = 600, dt = 0.01, n_substeps = 20, dt_sub = 0.0005
2024-09-19 17:25:22,077 INFO =====> Epoch: 82
2024-09-19 17:25:22,077 INFO =====> EMD Loss: 27.14743423461914
2024-09-19 17:25:22,077 INFO =====> Height map loss: 30.770936965942383
2024-09-19 17:25:22,077 INFO =====> Grad: [ 1.1792590e-02  1.1416059e-02  2.3926821e-09 -6.7079097e-01
  3.7252903e-09]
2024-09-19 17:25:22,077 INFO =====> Skill params: [-0.07765348 -0.47383866 -0.44136354  0.42623106  0.53302103]
2024-09-19 17:25:22,077 INFO =====> Num. aborted data so far: 0
2024-09-19 17:25:22,436 INFO ===> New TaichiEnv created.
2024-09-19 17:25:22,436 INFO ===> Specifications: horizon = 600, dt = 0.01, n_substeps = 20, dt_sub = 0.0005
2024-09-19 17:26:06,163 INFO =====> Epoch: 83
2024-09-19 17:26:06,164 INFO =====> EMD Loss: 27.14763832092285
2024-09-19 17:26:06,164 INFO =====> Height map loss: 30.76824378967285
2024-09-19 17:26:06,164 INFO =====> Grad: [ 1.1800466e-02  1.1422962e-02  2.9752758e-09 -6.7078936e-01
  7.1013346e-09]
2024-09-19 17:26:06,164 INFO =====> Skill params: [-0.07754978 -0.47389722 -0.44137672  0.4262206   0.53298813]
2024-09-19 17:26:06,164 INFO =====> Num. aborted data so far: 0
2024-09-19 17:26:06,516 INFO ===> New TaichiEnv created.
2024-09-19 17:26:06,516 INFO ===> Specifications: horizon = 600, dt = 0.01, n_substeps = 20, dt_sub = 0.0005
2024-09-19 17:26:50,440 INFO =====> Epoch: 84
2024-09-19 17:26:50,440 INFO =====> EMD Loss: 27.14019012451172
2024-09-19 17:26:50,440 INFO =====> Height map loss: 30.770837783813477
2024-09-19 17:26:50,440 INFO =====> Grad: [ 1.1807839e-02  1.1429140e-02  4.8238373e-09 -6.7078805e-01
 -7.3341653e-09]
2024-09-19 17:26:50,440 INFO =====> Skill params: [-0.07745588 -0.47395024 -0.4413887   0.42621228  0.532959  ]
2024-09-19 17:26:50,440 INFO =====> Num. aborted data so far: 0
2024-09-19 17:26:50,796 INFO ===> New TaichiEnv created.
2024-09-19 17:26:50,796 INFO ===> Specifications: horizon = 600, dt = 0.01, n_substeps = 20, dt_sub = 0.0005
2024-09-19 17:27:34,198 INFO =====> Epoch: 85
2024-09-19 17:27:34,198 INFO =====> EMD Loss: 27.13807487487793
2024-09-19 17:27:34,198 INFO =====> Height map loss: 30.770727157592773
2024-09-19 17:27:34,198 INFO =====> Grad: [ 1.18144220e-02  1.14348205e-02  3.71375486e-10 -6.70787156e-01
  5.23868948e-09]
2024-09-19 17:27:34,198 INFO =====> Skill params: [-0.07737085 -0.47399825 -0.44139954  0.4262059   0.53293216]
2024-09-19 17:27:34,199 INFO =====> Num. aborted data so far: 0
2024-09-19 17:27:34,553 INFO ===> New TaichiEnv created.
2024-09-19 17:27:34,554 INFO ===> Specifications: horizon = 600, dt = 0.01, n_substeps = 20, dt_sub = 0.0005
2024-09-19 17:28:17,932 INFO =====> Epoch: 86
2024-09-19 17:28:17,932 INFO =====> EMD Loss: 27.150243759155273
2024-09-19 17:28:17,932 INFO =====> Height map loss: 30.768945693969727
2024-09-19 17:28:17,932 INFO =====> Grad: [ 1.1820287e-02  1.1439884e-02  9.9749209e-10 -6.7078638e-01
  2.6775524e-09]
2024-09-19 17:28:17,932 INFO =====> Skill params: [-0.07729387 -0.47404173 -0.44140938  0.4262013   0.5329076 ]
2024-09-19 17:28:17,932 INFO =====> Num. aborted data so far: 0
2024-09-19 17:28:18,290 INFO ===> New TaichiEnv created.
2024-09-19 17:28:18,290 INFO ===> Specifications: horizon = 600, dt = 0.01, n_substeps = 20, dt_sub = 0.0005
2024-09-19 17:29:02,810 INFO =====> Epoch: 87
2024-09-19 17:29:02,811 INFO =====> EMD Loss: 27.140186309814453
2024-09-19 17:29:02,811 INFO =====> Height map loss: 30.76849937438965
2024-09-19 17:29:02,811 INFO =====> Grad: [ 1.1825745e-02  1.1444525e-02  4.4175392e-09 -6.7078578e-01
  9.7788870e-09]
2024-09-19 17:29:02,811 INFO =====> Skill params: [-0.07722418 -0.4740811  -0.44141835  0.42619833  0.5328846 ]
2024-09-19 17:29:02,811 INFO =====> Num. aborted data so far: 0
2024-09-19 17:29:03,162 INFO ===> New TaichiEnv created.
2024-09-19 17:29:03,162 INFO ===> Specifications: horizon = 600, dt = 0.01, n_substeps = 20, dt_sub = 0.0005
2024-09-19 17:29:46,470 INFO =====> Epoch: 88
2024-09-19 17:29:46,471 INFO =====> EMD Loss: 27.137989044189453
2024-09-19 17:29:46,471 INFO =====> Height map loss: 30.768545150756836
2024-09-19 17:29:46,471 INFO =====> Grad: [ 1.1830597e-02  1.1448778e-02  2.5988651e-09 -6.7078543e-01
 -2.0954758e-09]
2024-09-19 17:29:46,471 INFO =====> Skill params: [-0.07716109 -0.47411674 -0.44142652  0.4261968   0.5328639 ]
2024-09-19 17:29:46,471 INFO =====> Num. aborted data so far: 0
2024-09-19 17:29:46,824 INFO ===> New TaichiEnv created.
2024-09-19 17:29:46,824 INFO ===> Specifications: horizon = 600, dt = 0.01, n_substeps = 20, dt_sub = 0.0005
2024-09-19 17:30:29,763 INFO =====> Epoch: 89
2024-09-19 17:30:29,763 INFO =====> EMD Loss: 27.13751220703125
2024-09-19 17:30:29,763 INFO =====> Height map loss: 30.769378662109375
2024-09-19 17:30:29,763 INFO =====> Grad: [ 1.18350005e-02  1.14524579e-02  3.58155394e-10 -6.70785248e-01
  8.14907253e-10]
2024-09-19 17:30:29,763 INFO =====> Skill params: [-0.07710397 -0.474149   -0.4414339   0.42619663  0.53284514]
2024-09-19 17:30:29,763 INFO =====> Num. aborted data so far: 0
2024-09-19 17:30:30,115 INFO ===> New TaichiEnv created.
2024-09-19 17:30:30,115 INFO ===> Specifications: horizon = 600, dt = 0.01, n_substeps = 20, dt_sub = 0.0005
2024-09-19 17:31:13,080 INFO =====> Epoch: 90
2024-09-19 17:31:13,080 INFO =====> EMD Loss: 27.131492614746094
2024-09-19 17:31:13,080 INFO =====> Height map loss: 30.77075958251953
2024-09-19 17:31:13,080 INFO =====> Grad: [ 1.1838982e-02  1.1455981e-02 -1.5187837e-09 -6.7078525e-01
  9.6624717e-09]
2024-09-19 17:31:13,080 INFO =====> Skill params: [-0.07705227 -0.4741782  -0.44144058  0.42619768  0.5328273 ]
2024-09-19 17:31:13,080 INFO =====> Num. aborted data so far: 0
2024-09-19 17:31:13,437 INFO ===> New TaichiEnv created.
2024-09-19 17:31:13,437 INFO ===> Specifications: horizon = 600, dt = 0.01, n_substeps = 20, dt_sub = 0.0005
2024-09-19 17:31:56,331 INFO =====> Epoch: 91
2024-09-19 17:31:56,331 INFO =====> EMD Loss: 27.131528854370117
2024-09-19 17:31:56,332 INFO =====> Height map loss: 30.770658493041992
2024-09-19 17:31:56,332 INFO =====> Grad: [ 1.1842566e-02  1.1458985e-02  4.8697406e-09 -6.7078531e-01
 -4.8894435e-09]
2024-09-19 17:31:56,332 INFO =====> Skill params: [-0.07700548 -0.47420463 -0.4414467   0.42619982  0.5328116 ]
2024-09-19 17:31:56,332 INFO =====> Num. aborted data so far: 0
2024-09-19 17:31:56,688 INFO ===> New TaichiEnv created.
2024-09-19 17:31:56,688 INFO ===> Specifications: horizon = 600, dt = 0.01, n_substeps = 20, dt_sub = 0.0005
2024-09-19 17:32:39,573 INFO =====> Epoch: 92
2024-09-19 17:32:39,573 INFO =====> EMD Loss: 27.13402557373047
2024-09-19 17:32:39,573 INFO =====> Height map loss: 30.771907806396484
2024-09-19 17:32:39,573 INFO =====> Grad: [ 1.18457815e-02  1.14617823e-02  2.41644482e-11 -6.70785666e-01
  2.32830644e-09]
2024-09-19 17:32:39,573 INFO =====> Skill params: [-0.07696313 -0.47422856 -0.4414522   0.42620298  0.53279716]
2024-09-19 17:32:39,573 INFO =====> Num. aborted data so far: 0
2024-09-19 17:32:39,938 INFO ===> New TaichiEnv created.
2024-09-19 17:32:39,938 INFO ===> Specifications: horizon = 600, dt = 0.01, n_substeps = 20, dt_sub = 0.0005
2024-09-19 17:33:23,130 INFO =====> Epoch: 93
2024-09-19 17:33:23,130 INFO =====> EMD Loss: 27.133258819580078
2024-09-19 17:33:23,130 INFO =====> Height map loss: 30.77033233642578
2024-09-19 17:33:23,131 INFO =====> Grad: [ 1.1848730e-02  1.1464296e-02  8.3926299e-10 -6.7078602e-01
 -1.3154931e-08]
2024-09-19 17:33:23,131 INFO =====> Skill params: [-0.07692481 -0.47425023 -0.4414572   0.42620707  0.53278524]
2024-09-19 17:33:23,131 INFO =====> Num. aborted data so far: 0
2024-09-19 17:33:23,483 INFO ===> New TaichiEnv created.
2024-09-19 17:33:23,483 INFO ===> Specifications: horizon = 600, dt = 0.01, n_substeps = 20, dt_sub = 0.0005
2024-09-19 17:34:06,977 INFO =====> Epoch: 94
2024-09-19 17:34:06,977 INFO =====> EMD Loss: 27.141199111938477
2024-09-19 17:34:06,977 INFO =====> Height map loss: 30.770328521728516
2024-09-19 17:34:06,977 INFO =====> Grad: [ 1.1851428e-02  1.1466594e-02  1.0431632e-09 -6.7078656e-01
  1.1525117e-08]
2024-09-19 17:34:06,977 INFO =====> Skill params: [-0.07689013 -0.47426984 -0.44146177  0.426212    0.53277344]
2024-09-19 17:34:06,977 INFO =====> Num. aborted data so far: 0
2024-09-19 17:34:07,347 INFO ===> New TaichiEnv created.
2024-09-19 17:34:07,347 INFO ===> Specifications: horizon = 600, dt = 0.01, n_substeps = 20, dt_sub = 0.0005
2024-09-19 17:34:50,922 INFO =====> Epoch: 95
2024-09-19 17:34:50,923 INFO =====> EMD Loss: 27.141239166259766
2024-09-19 17:34:50,923 INFO =====> Height map loss: 30.770038604736328
2024-09-19 17:34:50,923 INFO =====> Grad: [ 1.1853860e-02  1.1468685e-02  2.8477576e-09 -6.7078710e-01
  8.6147338e-09]
2024-09-19 17:34:50,923 INFO =====> Skill params: [-0.07685874 -0.47428757 -0.44146594  0.4262177   0.53276205]
2024-09-19 17:34:50,923 INFO =====> Num. aborted data so far: 0
2024-09-19 17:34:51,277 INFO ===> New TaichiEnv created.
2024-09-19 17:34:51,277 INFO ===> Specifications: horizon = 600, dt = 0.01, n_substeps = 20, dt_sub = 0.0005
2024-09-19 17:35:34,670 INFO =====> Epoch: 96
2024-09-19 17:35:34,671 INFO =====> EMD Loss: 27.141454696655273
2024-09-19 17:35:34,671 INFO =====> Height map loss: 30.77202606201172
2024-09-19 17:35:34,671 INFO =====> Grad: [ 1.1856028e-02  1.1470539e-02  2.8770029e-09 -6.7078781e-01
  6.8685040e-09]
2024-09-19 17:35:34,671 INFO =====> Skill params: [-0.07683035 -0.47430363 -0.44146976  0.4262241   0.53275114]
2024-09-19 17:35:34,671 INFO =====> Num. aborted data so far: 0
2024-09-19 17:35:35,028 INFO ===> New TaichiEnv created.
2024-09-19 17:35:35,028 INFO ===> Specifications: horizon = 600, dt = 0.01, n_substeps = 20, dt_sub = 0.0005
2024-09-19 17:36:17,998 INFO =====> Epoch: 97
2024-09-19 17:36:17,998 INFO =====> EMD Loss: 27.143312454223633
2024-09-19 17:36:17,998 INFO =====> Height map loss: 30.770553588867188
2024-09-19 17:36:17,998 INFO =====> Grad: [ 1.1858006e-02  1.1472203e-02  9.9993436e-10 -6.7078859e-01
 -6.6356733e-09]
2024-09-19 17:36:17,998 INFO =====> Skill params: [-0.07680466 -0.47431815 -0.44147322  0.42623115  0.53274184]
2024-09-19 17:36:17,998 INFO =====> Num. aborted data so far: 0
2024-09-19 17:36:18,361 INFO ===> New TaichiEnv created.
2024-09-19 17:36:18,361 INFO ===> Specifications: horizon = 600, dt = 0.01, n_substeps = 20, dt_sub = 0.0005
2024-09-19 17:37:01,794 INFO =====> Epoch: 98
2024-09-19 17:37:01,794 INFO =====> EMD Loss: 27.142276763916016
2024-09-19 17:37:01,794 INFO =====> Height map loss: 30.7689266204834
2024-09-19 17:37:01,794 INFO =====> Grad: [ 1.1859771e-02  1.1473736e-02  6.3625294e-10 -6.7078948e-01
 -3.9581209e-09]
2024-09-19 17:37:01,794 INFO =====> Skill params: [-0.07678142 -0.4743313  -0.44147635  0.42623878  0.5327338 ]
2024-09-19 17:37:01,794 INFO =====> Num. aborted data so far: 0
2024-09-19 17:37:02,153 INFO ===> New TaichiEnv created.
2024-09-19 17:37:02,153 INFO ===> Specifications: horizon = 600, dt = 0.01, n_substeps = 20, dt_sub = 0.0005
2024-09-19 17:37:45,705 INFO =====> Epoch: 99
2024-09-19 17:37:45,705 INFO =====> EMD Loss: 27.14362907409668
2024-09-19 17:37:45,705 INFO =====> Height map loss: 30.769107818603516
2024-09-19 17:37:45,705 INFO =====> Grad: [ 1.1861363e-02  1.1475074e-02  2.7463853e-09 -6.7079049e-01
 -6.1700121e-09]
2024-09-19 17:37:45,705 INFO =====> Skill params: [-0.0767604  -0.47434318 -0.44147924  0.42624694  0.53272706]
2024-09-19 17:37:45,705 INFO =====> Num. aborted data so far: 0
2024-09-19 17:37:46,076 INFO ===> New TaichiEnv created.
2024-09-19 17:37:46,076 INFO ===> Specifications: horizon = 600, dt = 0.01, n_substeps = 20, dt_sub = 0.0005
2024-09-19 17:38:30,093 INFO =====> Epoch: 100
2024-09-19 17:38:30,093 INFO =====> EMD Loss: 27.14390754699707
2024-09-19 17:38:30,093 INFO =====> Height map loss: 30.770530700683594
2024-09-19 17:38:30,093 INFO =====> Grad: [ 1.1862849e-02  1.1476386e-02 -1.2024662e-10 -6.7079133e-01
 -7.7998266e-09]
2024-09-19 17:38:30,093 INFO =====> Skill params: [-0.07674138 -0.47435394 -0.44148183  0.42625558  0.53272164]
2024-09-19 17:38:30,093 INFO =====> Num. aborted data so far: 0
2024-09-19 17:38:30,473 INFO ===> New TaichiEnv created.
2024-09-19 17:38:30,473 INFO ===> Specifications: horizon = 600, dt = 0.01, n_substeps = 20, dt_sub = 0.0005
2024-09-19 17:39:13,851 INFO =====> Epoch: 101
2024-09-19 17:39:13,851 INFO =====> EMD Loss: 27.131303787231445
2024-09-19 17:39:13,851 INFO =====> Height map loss: 30.77077293395996
2024-09-19 17:39:13,851 INFO =====> Grad: [ 1.18641015e-02  1.14775058e-02 -4.98510622e-10 -6.70792401e-01
  5.70435077e-09]
2024-09-19 17:39:13,851 INFO =====> Skill params: [-0.07672418 -0.47436368 -0.44148418  0.4262647   0.5327162 ]
2024-09-19 17:39:13,851 INFO =====> Num. aborted data so far: 0
2024-09-19 17:39:14,221 INFO ===> New TaichiEnv created.
2024-09-19 17:39:14,221 INFO ===> Specifications: horizon = 600, dt = 0.01, n_substeps = 20, dt_sub = 0.0005
2024-09-19 17:39:57,758 INFO =====> Epoch: 102
2024-09-19 17:39:57,758 INFO =====> EMD Loss: 27.143957138061523
2024-09-19 17:39:57,758 INFO =====> Height map loss: 30.769193649291992
2024-09-19 17:39:57,758 INFO =====> Grad: [ 1.1865329e-02  1.1478610e-02  7.6758383e-10 -6.7079353e-01
  9.3132257e-10]
2024-09-19 17:39:57,758 INFO =====> Skill params: [-0.07670862 -0.4743725  -0.44148633  0.42627424  0.53271127]
2024-09-19 17:39:57,758 INFO =====> Num. aborted data so far: 0
2024-09-19 17:39:58,127 INFO ===> New TaichiEnv created.
2024-09-19 17:39:58,127 INFO ===> Specifications: horizon = 600, dt = 0.01, n_substeps = 20, dt_sub = 0.0005
2024-09-19 17:40:42,174 INFO =====> Epoch: 103
2024-09-19 17:40:42,175 INFO =====> EMD Loss: 27.141298294067383
2024-09-19 17:40:42,175 INFO =====> Height map loss: 30.771095275878906
2024-09-19 17:40:42,175 INFO =====> Grad: [ 1.1866417e-02  1.1479465e-02 -1.0367828e-09 -6.7079467e-01
  4.1909516e-09]
2024-09-19 17:40:42,175 INFO =====> Skill params: [-0.07669456 -0.47438046 -0.44148824  0.42628413  0.5327064 ]
2024-09-19 17:40:42,175 INFO =====> Num. aborted data so far: 0
2024-09-19 17:40:42,544 INFO ===> New TaichiEnv created.
2024-09-19 17:40:42,544 INFO ===> Specifications: horizon = 600, dt = 0.01, n_substeps = 20, dt_sub = 0.0005
2024-09-19 17:41:25,997 INFO =====> Epoch: 104
2024-09-19 17:41:25,997 INFO =====> EMD Loss: 27.133018493652344
2024-09-19 17:41:25,997 INFO =====> Height map loss: 30.77069091796875
2024-09-19 17:41:25,997 INFO =====> Grad: [ 1.1867408e-02  1.1480225e-02  1.6117292e-09 -6.7079598e-01
  3.8417056e-09]
2024-09-19 17:41:25,997 INFO =====> Skill params: [-0.07668183 -0.47438768 -0.44149     0.4262944   0.5327016 ]
2024-09-19 17:41:25,997 INFO =====> Num. aborted data so far: 0
2024-09-19 17:41:26,368 INFO ===> New TaichiEnv created.
2024-09-19 17:41:26,368 INFO ===> Specifications: horizon = 600, dt = 0.01, n_substeps = 20, dt_sub = 0.0005
2024-09-19 17:42:09,657 INFO =====> Epoch: 105
2024-09-19 17:42:09,657 INFO =====> EMD Loss: 27.1413631439209
2024-09-19 17:42:09,657 INFO =====> Height map loss: 30.770998001098633
2024-09-19 17:42:09,657 INFO =====> Grad: [ 1.1868284e-02  1.1481097e-02  1.4662676e-09 -6.7079723e-01
  7.9162419e-09]
2024-09-19 17:42:09,657 INFO =====> Skill params: [-0.07667033 -0.4743942  -0.4414916   0.42630497  0.53269655]
2024-09-19 17:42:09,657 INFO =====> Num. aborted data so far: 0
2024-09-19 17:42:10,040 INFO ===> New TaichiEnv created.
2024-09-19 17:42:10,040 INFO ===> Specifications: horizon = 600, dt = 0.01, n_substeps = 20, dt_sub = 0.0005
2024-09-19 17:42:53,489 INFO =====> Epoch: 106
2024-09-19 17:42:53,489 INFO =====> EMD Loss: 27.141576766967773
2024-09-19 17:42:53,489 INFO =====> Height map loss: 30.768712997436523
2024-09-19 17:42:53,489 INFO =====> Grad: [ 1.1869116e-02  1.1481749e-02  8.8424329e-10 -6.7079854e-01
 -1.5483238e-08]
2024-09-19 17:42:53,489 INFO =====> Skill params: [-0.07665993 -0.4744001  -0.44149306  0.42631584  0.53269345]
2024-09-19 17:42:53,489 INFO =====> Num. aborted data so far: 0
2024-09-19 17:42:53,878 INFO ===> New TaichiEnv created.
2024-09-19 17:42:53,878 INFO ===> Specifications: horizon = 600, dt = 0.01, n_substeps = 20, dt_sub = 0.0005
2024-09-19 17:43:37,235 INFO =====> Epoch: 107
2024-09-19 17:43:37,235 INFO =====> EMD Loss: 27.133136749267578
2024-09-19 17:43:37,236 INFO =====> Height map loss: 30.770349502563477
2024-09-19 17:43:37,236 INFO =====> Grad: [ 1.1869832e-02  1.1482331e-02 -1.8951252e-09 -6.7079985e-01
  1.3969839e-09]
2024-09-19 17:43:37,236 INFO =====> Skill params: [-0.07665052 -0.47440544 -0.44149438  0.426327    0.53269047]
2024-09-19 17:43:37,236 INFO =====> Num. aborted data so far: 0
2024-09-19 17:43:37,604 INFO ===> New TaichiEnv created.
2024-09-19 17:43:37,605 INFO ===> Specifications: horizon = 600, dt = 0.01, n_substeps = 20, dt_sub = 0.0005
2024-09-19 17:44:21,180 INFO =====> Epoch: 108
2024-09-19 17:44:21,180 INFO =====> EMD Loss: 27.13326072692871
2024-09-19 17:44:21,180 INFO =====> Height map loss: 30.76923370361328
2024-09-19 17:44:21,180 INFO =====> Grad: [ 1.1870431e-02  1.1482904e-02  1.2917866e-09 -6.7080122e-01
  7.7998266e-09]
2024-09-19 17:44:21,180 INFO =====> Skill params: [-0.07664202 -0.47441027 -0.44149557  0.4263384   0.53268707]
2024-09-19 17:44:21,181 INFO =====> Num. aborted data so far: 0
2024-09-19 17:44:21,546 INFO ===> New TaichiEnv created.
2024-09-19 17:44:21,546 INFO ===> Specifications: horizon = 600, dt = 0.01, n_substeps = 20, dt_sub = 0.0005
2024-09-19 17:45:05,394 INFO =====> Epoch: 109
2024-09-19 17:45:05,394 INFO =====> EMD Loss: 27.14042091369629
2024-09-19 17:45:05,394 INFO =====> Height map loss: 30.770544052124023
2024-09-19 17:45:05,394 INFO =====> Grad: [ 1.1871094e-02  1.1483414e-02 -3.8164466e-10 -6.7080259e-01
  1.0593794e-08]
2024-09-19 17:45:05,394 INFO =====> Skill params: [-0.07663433 -0.47441465 -0.44149664  0.42635006  0.532683  ]
2024-09-19 17:45:05,394 INFO =====> Num. aborted data so far: 0
2024-09-19 17:45:05,763 INFO ===> New TaichiEnv created.
2024-09-19 17:45:05,763 INFO ===> Specifications: horizon = 600, dt = 0.01, n_substeps = 20, dt_sub = 0.0005
2024-09-19 17:45:49,025 INFO =====> Epoch: 110
2024-09-19 17:45:49,025 INFO =====> EMD Loss: 27.141386032104492
2024-09-19 17:45:49,025 INFO =====> Height map loss: 30.76973533630371
2024-09-19 17:45:49,025 INFO =====> Grad: [ 1.1871611e-02  1.1483896e-02 -1.9243472e-10 -6.7080402e-01
  1.0477379e-09]
2024-09-19 17:45:49,025 INFO =====> Skill params: [-0.07662738 -0.4744186  -0.44149762  0.42636192  0.53267926]
2024-09-19 17:45:49,025 INFO =====> Num. aborted data so far: 0
2024-09-19 17:45:49,386 INFO ===> New TaichiEnv created.
2024-09-19 17:45:49,386 INFO ===> Specifications: horizon = 600, dt = 0.01, n_substeps = 20, dt_sub = 0.0005
2024-09-19 17:46:33,071 INFO =====> Epoch: 111
2024-09-19 17:46:33,071 INFO =====> EMD Loss: 27.13232421875
2024-09-19 17:46:33,071 INFO =====> Height map loss: 30.76799964904785
2024-09-19 17:46:33,071 INFO =====> Grad: [ 1.18721062e-02  1.14842746e-02  2.03403983e-09 -6.70805454e-01
  1.17579475e-08]
2024-09-19 17:46:33,071 INFO =====> Skill params: [-0.0766211  -0.4744222  -0.44149855  0.426374    0.53267473]
2024-09-19 17:46:33,071 INFO =====> Num. aborted data so far: 0
2024-09-19 17:46:33,431 INFO ===> New TaichiEnv created.
2024-09-19 17:46:33,431 INFO ===> Specifications: horizon = 600, dt = 0.01, n_substeps = 20, dt_sub = 0.0005
2024-09-19 17:47:16,854 INFO =====> Epoch: 112
2024-09-19 17:47:16,854 INFO =====> EMD Loss: 27.141279220581055
2024-09-19 17:47:16,854 INFO =====> Height map loss: 30.768699645996094
2024-09-19 17:47:16,854 INFO =====> Grad: [ 1.1872545e-02  1.1484665e-02  4.7701354e-10 -6.7080694e-01
 -1.5133992e-09]
2024-09-19 17:47:16,855 INFO =====> Skill params: [-0.07661542 -0.4744254  -0.44149938  0.42638624  0.5326708 ]
2024-09-19 17:47:16,855 INFO =====> Num. aborted data so far: 0
2024-09-19 17:47:17,221 INFO ===> New TaichiEnv created.
2024-09-19 17:47:17,221 INFO ===> Specifications: horizon = 600, dt = 0.01, n_substeps = 20, dt_sub = 0.0005
2024-09-19 17:48:00,960 INFO =====> Epoch: 113
2024-09-19 17:48:00,960 INFO =====> EMD Loss: 27.143638610839844
2024-09-19 17:48:00,960 INFO =====> Height map loss: 30.7711238861084
2024-09-19 17:48:00,960 INFO =====> Grad: [ 1.1872941e-02  1.1484950e-02  2.2669249e-09 -6.7080843e-01
 -2.7939677e-09]
2024-09-19 17:48:00,960 INFO =====> Skill params: [-0.0766103  -0.47442833 -0.44150016  0.42639866  0.5326675 ]
2024-09-19 17:48:00,960 INFO =====> Num. aborted data so far: 0
2024-09-19 17:48:01,413 INFO ===> New TaichiEnv created.
2024-09-19 17:48:01,413 INFO ===> Specifications: horizon = 600, dt = 0.01, n_substeps = 20, dt_sub = 0.0005
2024-09-19 17:48:45,838 INFO =====> Epoch: 114
2024-09-19 17:48:45,838 INFO =====> EMD Loss: 27.14345932006836
2024-09-19 17:48:45,838 INFO =====> Height map loss: 30.768573760986328
2024-09-19 17:48:45,838 INFO =====> Grad: [ 1.1873222e-02  1.1485241e-02  4.3333199e-09 -6.7080986e-01
  4.3073669e-09]
2024-09-19 17:48:45,838 INFO =====> Skill params: [-0.07660566 -0.47443098 -0.44150093  0.42641127  0.5326641 ]
2024-09-19 17:48:45,838 INFO =====> Num. aborted data so far: 0
2024-09-19 17:48:46,219 INFO ===> New TaichiEnv created.
2024-09-19 17:48:46,220 INFO ===> Specifications: horizon = 600, dt = 0.01, n_substeps = 20, dt_sub = 0.0005
2024-09-19 17:49:29,461 INFO =====> Epoch: 115
2024-09-19 17:49:29,461 INFO =====> EMD Loss: 27.13156509399414
2024-09-19 17:49:29,461 INFO =====> Height map loss: 30.770801544189453
2024-09-19 17:49:29,461 INFO =====> Grad: [ 1.1873578e-02  1.1485536e-02 -7.5889170e-11 -6.7081141e-01
  3.4924597e-10]
2024-09-19 17:49:29,461 INFO =====> Skill params: [-0.07660148 -0.47443336 -0.44150165  0.42642403  0.532661  ]
2024-09-19 17:49:29,461 INFO =====> Num. aborted data so far: 0
2024-09-19 17:49:29,850 INFO ===> New TaichiEnv created.
2024-09-19 17:49:29,850 INFO ===> Specifications: horizon = 600, dt = 0.01, n_substeps = 20, dt_sub = 0.0005
2024-09-19 17:50:12,873 INFO =====> Epoch: 116
2024-09-19 17:50:12,873 INFO =====> EMD Loss: 27.14136505126953
2024-09-19 17:50:12,873 INFO =====> Height map loss: 30.769485473632812
2024-09-19 17:50:12,873 INFO =====> Grad: [ 1.1873882e-02  1.1485749e-02  1.5684963e-09 -6.7081302e-01
 -1.0826625e-08]
2024-09-19 17:50:12,873 INFO =====> Skill params: [-0.0765977  -0.47443554 -0.4415023   0.42643693  0.53265923]
2024-09-19 17:50:12,873 INFO =====> Num. aborted data so far: 0
2024-09-19 17:50:13,251 INFO ===> New TaichiEnv created.
2024-09-19 17:50:13,251 INFO ===> Specifications: horizon = 600, dt = 0.01, n_substeps = 20, dt_sub = 0.0005
2024-09-19 17:50:56,595 INFO =====> Epoch: 117
2024-09-19 17:50:56,596 INFO =====> EMD Loss: 27.1412353515625
2024-09-19 17:50:56,596 INFO =====> Height map loss: 30.770761489868164
2024-09-19 17:50:56,596 INFO =====> Grad: [ 1.1874190e-02  1.1485939e-02  3.9259240e-09 -6.7081463e-01
  6.6356733e-09]
2024-09-19 17:50:56,596 INFO =====> Skill params: [-0.07659429 -0.4744375  -0.44150296  0.42644998  0.53265697]
2024-09-19 17:50:56,596 INFO =====> Num. aborted data so far: 0
2024-09-19 17:50:56,957 INFO ===> New TaichiEnv created.
2024-09-19 17:50:56,957 INFO ===> Specifications: horizon = 600, dt = 0.01, n_substeps = 20, dt_sub = 0.0005
2024-09-19 17:51:42,578 INFO =====> Epoch: 118
2024-09-19 17:51:42,579 INFO =====> EMD Loss: 27.142045974731445
2024-09-19 17:51:42,579 INFO =====> Height map loss: 30.77083396911621
2024-09-19 17:51:42,579 INFO =====> Grad: [ 1.1874402e-02  1.1486140e-02  2.7181304e-09 -6.7081630e-01
 -2.2118911e-09]
2024-09-19 17:51:42,579 INFO =====> Skill params: [-0.0765912  -0.47443926 -0.4415036   0.42646316  0.5326552 ]
2024-09-19 17:51:42,579 INFO =====> Num. aborted data so far: 0
2024-09-19 17:51:42,944 INFO ===> New TaichiEnv created.
2024-09-19 17:51:42,944 INFO ===> Specifications: horizon = 600, dt = 0.01, n_substeps = 20, dt_sub = 0.0005
2024-09-19 17:52:28,238 INFO =====> Epoch: 119
2024-09-19 17:52:28,239 INFO =====> EMD Loss: 27.141633987426758
2024-09-19 17:52:28,239 INFO =====> Height map loss: 30.771791458129883
2024-09-19 17:52:28,239 INFO =====> Grad: [ 1.18746385e-02  1.14863403e-02  1.88868543e-09 -6.70817792e-01
  1.51339918e-09]
2024-09-19 17:52:28,239 INFO =====> Skill params: [-0.07658841 -0.47444087 -0.44150424  0.42647648  0.5326534 ]
2024-09-19 17:52:28,239 INFO =====> Num. aborted data so far: 0
2024-09-19 17:52:28,597 INFO ===> New TaichiEnv created.
2024-09-19 17:52:28,597 INFO ===> Specifications: horizon = 600, dt = 0.01, n_substeps = 20, dt_sub = 0.0005
2024-09-19 17:53:12,560 INFO =====> Epoch: 120
2024-09-19 17:53:12,561 INFO =====> EMD Loss: 27.14820098876953
2024-09-19 17:53:12,561 INFO =====> Height map loss: 30.770965576171875
2024-09-19 17:53:12,561 INFO =====> Grad: [ 1.18748164e-02  1.14864865e-02  1.91780192e-09 -6.70819461e-01
 -3.25962901e-09]
2024-09-19 17:53:12,561 INFO =====> Skill params: [-0.0765859  -0.47444233 -0.44150484  0.42648992  0.5326521 ]
2024-09-19 17:53:12,561 INFO =====> Num. aborted data so far: 0
2024-09-19 17:53:12,929 INFO ===> New TaichiEnv created.
2024-09-19 17:53:12,929 INFO ===> Specifications: horizon = 600, dt = 0.01, n_substeps = 20, dt_sub = 0.0005
2024-09-19 17:53:56,784 INFO =====> Epoch: 121
2024-09-19 17:53:56,784 INFO =====> EMD Loss: 27.141382217407227
2024-09-19 17:53:56,784 INFO =====> Height map loss: 30.77079200744629
2024-09-19 17:53:56,784 INFO =====> Grad: [ 1.1875017e-02  1.1486579e-02  3.9987373e-09 -6.7082107e-01
 -6.5192580e-09]
2024-09-19 17:53:56,784 INFO =====> Skill params: [-0.07658364 -0.47444364 -0.44150543  0.42650345  0.53265154]
2024-09-19 17:53:56,784 INFO =====> Num. aborted data so far: 0
2024-09-19 17:53:57,153 INFO ===> New TaichiEnv created.
2024-09-19 17:53:57,153 INFO ===> Specifications: horizon = 600, dt = 0.01, n_substeps = 20, dt_sub = 0.0005
2024-09-19 17:54:40,473 INFO =====> Epoch: 122
2024-09-19 17:54:40,473 INFO =====> EMD Loss: 27.131425857543945
2024-09-19 17:54:40,473 INFO =====> Height map loss: 30.768474578857422
2024-09-19 17:54:40,473 INFO =====> Grad: [ 1.1875122e-02  1.1486768e-02  5.3539201e-10 -6.7082286e-01
 -1.6763806e-08]
2024-09-19 17:54:40,474 INFO =====> Skill params: [-0.07658159 -0.47444484 -0.44150597  0.4265171   0.53265274]
2024-09-19 17:54:40,474 INFO =====> Num. aborted data so far: 0
2024-09-19 17:54:40,922 INFO ===> New TaichiEnv created.
2024-09-19 17:54:40,922 INFO ===> Specifications: horizon = 600, dt = 0.01, n_substeps = 20, dt_sub = 0.0005
2024-09-19 17:55:24,612 INFO =====> Epoch: 123
2024-09-19 17:55:24,612 INFO =====> EMD Loss: 27.131633758544922
2024-09-19 17:55:24,612 INFO =====> Height map loss: 30.77058982849121
2024-09-19 17:55:24,612 INFO =====> Grad: [ 1.1875256e-02  1.1486783e-02  1.4958278e-09 -6.7082453e-01
 -1.4551915e-08]
2024-09-19 17:55:24,612 INFO =====> Skill params: [-0.07657974 -0.4744459  -0.44150648  0.42653084  0.53265524]
2024-09-19 17:55:24,612 INFO =====> Num. aborted data so far: 0
2024-09-19 17:55:24,998 INFO ===> New TaichiEnv created.
2024-09-19 17:55:24,998 INFO ===> Specifications: horizon = 600, dt = 0.01, n_substeps = 20, dt_sub = 0.0005
2024-09-19 17:56:08,438 INFO =====> Epoch: 124
2024-09-19 17:56:08,438 INFO =====> EMD Loss: 27.14128303527832
2024-09-19 17:56:08,438 INFO =====> Height map loss: 30.77180290222168
2024-09-19 17:56:08,438 INFO =====> Grad: [ 1.18753994e-02  1.14869615e-02  4.33546476e-10 -6.70826018e-01
  4.07453626e-09]
2024-09-19 17:56:08,438 INFO =====> Skill params: [-0.07657807 -0.4744469  -0.44150695  0.4265447   0.53265715]
2024-09-19 17:56:08,438 INFO =====> Num. aborted data so far: 0
2024-09-19 17:56:08,811 INFO ===> New TaichiEnv created.
2024-09-19 17:56:08,811 INFO ===> Specifications: horizon = 600, dt = 0.01, n_substeps = 20, dt_sub = 0.0005
2024-09-19 17:56:52,331 INFO =====> Epoch: 125
2024-09-19 17:56:52,331 INFO =====> EMD Loss: 27.131561279296875
2024-09-19 17:56:52,331 INFO =====> Height map loss: 30.770980834960938
2024-09-19 17:56:52,332 INFO =====> Grad: [ 1.1875565e-02  1.1486992e-02 -4.6658968e-11 -6.7082775e-01
  8.1490725e-10]
2024-09-19 17:56:52,332 INFO =====> Skill params: [-0.07657657 -0.47444776 -0.44150737  0.42655864  0.53265876]
2024-09-19 17:56:52,332 INFO =====> Num. aborted data so far: 0
2024-09-19 17:56:52,696 INFO ===> New TaichiEnv created.
2024-09-19 17:56:52,696 INFO ===> Specifications: horizon = 600, dt = 0.01, n_substeps = 20, dt_sub = 0.0005
2024-09-19 17:57:35,972 INFO =====> Epoch: 126
2024-09-19 17:57:35,972 INFO =====> EMD Loss: 27.131282806396484
2024-09-19 17:57:35,972 INFO =====> Height map loss: 30.770347595214844
2024-09-19 17:57:35,972 INFO =====> Grad: [ 1.1875551e-02  1.1487131e-02  1.2193646e-09 -6.7082953e-01
  1.2805685e-09]
2024-09-19 17:57:35,972 INFO =====> Skill params: [-0.07657521 -0.47444856 -0.4415078   0.42657268  0.53266007]
2024-09-19 17:57:35,972 INFO =====> Num. aborted data so far: 0
2024-09-19 17:57:36,333 INFO ===> New TaichiEnv created.
2024-09-19 17:57:36,333 INFO ===> Specifications: horizon = 600, dt = 0.01, n_substeps = 20, dt_sub = 0.0005
2024-09-19 17:58:20,486 INFO =====> Epoch: 127
2024-09-19 17:58:20,486 INFO =====> EMD Loss: 27.131893157958984
2024-09-19 17:58:20,486 INFO =====> Height map loss: 30.77100372314453
2024-09-19 17:58:20,486 INFO =====> Grad: [ 1.1875650e-02  1.1487149e-02 -6.1197353e-11 -6.7083126e-01
  4.0745363e-09]
2024-09-19 17:58:20,486 INFO =====> Skill params: [-0.07657399 -0.47444928 -0.44150814  0.4265868   0.53266084]
2024-09-19 17:58:20,486 INFO =====> Num. aborted data so far: 0
2024-09-19 17:58:20,846 INFO ===> New TaichiEnv created.
2024-09-19 17:58:20,846 INFO ===> Specifications: horizon = 600, dt = 0.01, n_substeps = 20, dt_sub = 0.0005
2024-09-19 17:59:04,214 INFO =====> Epoch: 128
2024-09-19 17:59:04,214 INFO =====> EMD Loss: 27.141420364379883
2024-09-19 17:59:04,214 INFO =====> Height map loss: 30.771217346191406
2024-09-19 17:59:04,214 INFO =====> Grad: [ 1.1875842e-02  1.1487289e-02  2.1215953e-09 -6.7083299e-01
  2.5611371e-09]
2024-09-19 17:59:04,214 INFO =====> Skill params: [-0.07657289 -0.47444993 -0.4415085   0.42660102  0.5326613 ]
2024-09-19 17:59:04,214 INFO =====> Num. aborted data so far: 0
2024-09-19 17:59:04,572 INFO ===> New TaichiEnv created.
2024-09-19 17:59:04,572 INFO ===> Specifications: horizon = 600, dt = 0.01, n_substeps = 20, dt_sub = 0.0005
2024-09-19 17:59:47,974 INFO =====> Epoch: 129
2024-09-19 17:59:47,974 INFO =====> EMD Loss: 27.133440017700195
2024-09-19 17:59:47,975 INFO =====> Height map loss: 30.77060317993164
2024-09-19 17:59:47,975 INFO =====> Grad: [ 1.1875894e-02  1.1487288e-02  2.4417426e-09 -6.7083472e-01
  6.4028427e-09]
2024-09-19 17:59:47,975 INFO =====> Skill params: [-0.0765719  -0.47445053 -0.4415089   0.42661533  0.5326611 ]
2024-09-19 17:59:47,975 INFO =====> Num. aborted data so far: 0
2024-09-19 17:59:48,350 INFO ===> New TaichiEnv created.
2024-09-19 17:59:48,350 INFO ===> Specifications: horizon = 600, dt = 0.01, n_substeps = 20, dt_sub = 0.0005
2024-09-19 18:00:31,519 INFO =====> Epoch: 130
2024-09-19 18:00:31,519 INFO =====> EMD Loss: 27.141233444213867
2024-09-19 18:00:31,519 INFO =====> Height map loss: 30.77082061767578
2024-09-19 18:00:31,519 INFO =====> Grad: [ 1.18759535e-02  1.14873499e-02 -1.39995815e-09 -6.70836449e-01
 -4.30736691e-09]
2024-09-19 18:00:31,519 INFO =====> Skill params: [-0.076571   -0.47445107 -0.44150922  0.4266297   0.5326613 ]
2024-09-19 18:00:31,519 INFO =====> Num. aborted data so far: 0
2024-09-19 18:00:31,889 INFO ===> New TaichiEnv created.
2024-09-19 18:00:31,889 INFO ===> Specifications: horizon = 600, dt = 0.01, n_substeps = 20, dt_sub = 0.0005
2024-09-19 18:01:15,711 INFO =====> Epoch: 131
2024-09-19 18:01:15,711 INFO =====> EMD Loss: 27.134042739868164
2024-09-19 18:01:15,711 INFO =====> Height map loss: 30.769813537597656
2024-09-19 18:01:15,711 INFO =====> Grad: [ 1.1876015e-02  1.1487374e-02  2.1216093e-09 -6.7083824e-01
  3.1432137e-09]
2024-09-19 18:01:15,711 INFO =====> Skill params: [-0.0765702  -0.47445154 -0.44150954  0.42664415  0.5326612 ]
2024-09-19 18:01:15,711 INFO =====> Num. aborted data so far: 0
2024-09-19 18:01:16,161 INFO ===> New TaichiEnv created.
2024-09-19 18:01:16,161 INFO ===> Specifications: horizon = 600, dt = 0.01, n_substeps = 20, dt_sub = 0.0005
2024-09-19 18:02:00,003 INFO =====> Epoch: 132
2024-09-19 18:02:00,004 INFO =====> EMD Loss: 27.13163948059082
2024-09-19 18:02:00,004 INFO =====> Height map loss: 30.770315170288086
2024-09-19 18:02:00,004 INFO =====> Grad: [ 1.1876091e-02  1.1487439e-02  3.1717545e-10 -6.7083997e-01
 -5.0058588e-09]
2024-09-19 18:02:00,004 INFO =====> Skill params: [-0.07656948 -0.474452   -0.44150984  0.4266587   0.5326616 ]
2024-09-19 18:02:00,004 INFO =====> Num. aborted data so far: 0
2024-09-19 18:02:00,379 INFO ===> New TaichiEnv created.
2024-09-19 18:02:00,379 INFO ===> Specifications: horizon = 600, dt = 0.01, n_substeps = 20, dt_sub = 0.0005
2024-09-19 18:02:43,913 INFO =====> Epoch: 133
2024-09-19 18:02:43,913 INFO =====> EMD Loss: 27.143770217895508
2024-09-19 18:02:43,913 INFO =====> Height map loss: 30.766817092895508
2024-09-19 18:02:43,913 INFO =====> Grad: [ 1.1876147e-02  1.1487421e-02  1.2800437e-10 -6.7084175e-01
 -6.4028427e-09]
2024-09-19 18:02:43,913 INFO =====> Skill params: [-0.07656883 -0.47445238 -0.4415101   0.4266733   0.53266263]
2024-09-19 18:02:43,913 INFO =====> Num. aborted data so far: 0
2024-09-19 18:02:44,294 INFO ===> New TaichiEnv created.
2024-09-19 18:02:44,294 INFO ===> Specifications: horizon = 600, dt = 0.01, n_substeps = 20, dt_sub = 0.0005
2024-09-19 18:03:27,140 INFO =====> Epoch: 134
2024-09-19 18:03:27,140 INFO =====> EMD Loss: 27.141361236572266
2024-09-19 18:03:27,140 INFO =====> Height map loss: 30.768774032592773
2024-09-19 18:03:27,140 INFO =====> Grad: [ 1.1876155e-02  1.1487469e-02  2.4563134e-09 -6.7084354e-01
  1.1292286e-08]
2024-09-19 18:03:27,140 INFO =====> Skill params: [-0.07656825 -0.47445273 -0.4415104   0.426688    0.5326624 ]
2024-09-19 18:03:27,140 INFO =====> Num. aborted data so far: 0
2024-09-19 18:03:27,518 INFO ===> New TaichiEnv created.
2024-09-19 18:03:27,518 INFO ===> Specifications: horizon = 600, dt = 0.01, n_substeps = 20, dt_sub = 0.0005
2024-09-19 18:04:10,488 INFO =====> Epoch: 135
2024-09-19 18:04:10,488 INFO =====> EMD Loss: 27.14131736755371
2024-09-19 18:04:10,488 INFO =====> Height map loss: 30.77021026611328
2024-09-19 18:04:10,488 INFO =====> Grad: [ 1.1876184e-02  1.1487521e-02  1.1757479e-09 -6.7084533e-01
 -7.3341653e-09]
2024-09-19 18:04:10,488 INFO =====> Skill params: [-0.07656772 -0.47445306 -0.44151068  0.42670274  0.5326629 ]
2024-09-19 18:04:10,488 INFO =====> Num. aborted data so far: 0
2024-09-19 18:04:10,853 INFO ===> New TaichiEnv created.
2024-09-19 18:04:10,853 INFO ===> Specifications: horizon = 600, dt = 0.01, n_substeps = 20, dt_sub = 0.0005
2024-09-19 18:04:54,041 INFO =====> Epoch: 136
2024-09-19 18:04:54,041 INFO =====> EMD Loss: 27.14141845703125
2024-09-19 18:04:54,041 INFO =====> Height map loss: 30.771835327148438
2024-09-19 18:04:54,042 INFO =====> Grad: [ 1.1876207e-02  1.1487512e-02  2.4442781e-10 -6.7084706e-01
 -3.0267984e-09]
2024-09-19 18:04:54,042 INFO =====> Skill params: [-0.07656725 -0.47445336 -0.44151095  0.42671755  0.53266376]
2024-09-19 18:04:54,042 INFO =====> Num. aborted data so far: 0
2024-09-19 18:04:54,414 INFO ===> New TaichiEnv created.
2024-09-19 18:04:54,414 INFO ===> Specifications: horizon = 600, dt = 0.01, n_substeps = 20, dt_sub = 0.0005
2024-09-19 18:05:37,538 INFO =====> Epoch: 137
2024-09-19 18:05:37,538 INFO =====> EMD Loss: 27.131641387939453
2024-09-19 18:05:37,538 INFO =====> Height map loss: 30.770862579345703
2024-09-19 18:05:37,538 INFO =====> Grad: [ 1.1876258e-02  1.1487514e-02 -1.6327668e-09 -6.7084891e-01
  2.5611371e-09]
2024-09-19 18:05:37,538 INFO =====> Skill params: [-0.07656684 -0.47445363 -0.44151115  0.42673245  0.53266424]
2024-09-19 18:05:37,538 INFO =====> Num. aborted data so far: 0
2024-09-19 18:05:37,902 INFO ===> New TaichiEnv created.
2024-09-19 18:05:37,902 INFO ===> Specifications: horizon = 600, dt = 0.01, n_substeps = 20, dt_sub = 0.0005
2024-09-19 18:06:20,977 INFO =====> Epoch: 138
2024-09-19 18:06:20,977 INFO =====> EMD Loss: 27.141515731811523
2024-09-19 18:06:20,977 INFO =====> Height map loss: 30.770660400390625
2024-09-19 18:06:20,977 INFO =====> Grad: [ 1.1876275e-02  1.1487528e-02  5.5257382e-11 -6.7085075e-01
 -6.2864274e-09]
2024-09-19 18:06:20,977 INFO =====> Skill params: [-0.07656647 -0.47445387 -0.44151133  0.4267474   0.5326653 ]
2024-09-19 18:06:20,977 INFO =====> Num. aborted data so far: 0
2024-09-19 18:06:21,342 INFO ===> New TaichiEnv created.
2024-09-19 18:06:21,342 INFO ===> Specifications: horizon = 600, dt = 0.01, n_substeps = 20, dt_sub = 0.0005
2024-09-19 18:07:04,561 INFO =====> Epoch: 139
2024-09-19 18:07:04,562 INFO =====> EMD Loss: 27.143877029418945
2024-09-19 18:07:04,562 INFO =====> Height map loss: 30.76914405822754
2024-09-19 18:07:04,562 INFO =====> Grad: [ 1.18763065e-02  1.14875929e-02  4.33609315e-10 -6.70852542e-01
 -9.54605639e-09]
2024-09-19 18:07:04,562 INFO =====> Skill params: [-0.07656613 -0.47445408 -0.4415115   0.42676243  0.5326673 ]
2024-09-19 18:07:04,562 INFO =====> Num. aborted data so far: 0
2024-09-19 18:07:04,935 INFO ===> New TaichiEnv created.
2024-09-19 18:07:04,935 INFO ===> Specifications: horizon = 600, dt = 0.01, n_substeps = 20, dt_sub = 0.0005
2024-09-19 18:07:48,801 INFO =====> Epoch: 140
2024-09-19 18:07:48,801 INFO =====> EMD Loss: 27.146785736083984
2024-09-19 18:07:48,801 INFO =====> Height map loss: 30.77008056640625
2024-09-19 18:07:48,801 INFO =====> Grad: [ 1.1876337e-02  1.1487554e-02 -3.5219264e-10 -6.7085439e-01
 -1.0360964e-08]
2024-09-19 18:07:48,801 INFO =====> Skill params: [-0.07656583 -0.47445428 -0.44151166  0.4267775   0.5326702 ]
2024-09-19 18:07:48,801 INFO =====> Num. aborted data so far: 0
2024-09-19 18:07:49,254 INFO ===> New TaichiEnv created.
2024-09-19 18:07:49,254 INFO ===> Specifications: horizon = 600, dt = 0.01, n_substeps = 20, dt_sub = 0.0005
2024-09-19 18:08:33,363 INFO =====> Epoch: 141
2024-09-19 18:08:33,363 INFO =====> EMD Loss: 27.131973266601562
2024-09-19 18:08:33,363 INFO =====> Height map loss: 30.77157974243164
2024-09-19 18:08:33,363 INFO =====> Grad: [ 1.1876341e-02  1.1487547e-02 -2.0984205e-09 -6.7085630e-01
 -1.7345883e-08]
2024-09-19 18:08:33,363 INFO =====> Skill params: [-0.07656556 -0.47445446 -0.44151175  0.42679265  0.5326747 ]
2024-09-19 18:08:33,363 INFO =====> Num. aborted data so far: 0
2024-09-19 18:08:33,736 INFO ===> New TaichiEnv created.
2024-09-19 18:08:33,736 INFO ===> Specifications: horizon = 600, dt = 0.01, n_substeps = 20, dt_sub = 0.0005
2024-09-19 18:09:16,856 INFO =====> Epoch: 142
2024-09-19 18:09:16,856 INFO =====> EMD Loss: 27.141380310058594
2024-09-19 18:09:16,856 INFO =====> Height map loss: 30.77094268798828
2024-09-19 18:09:16,856 INFO =====> Grad: [ 1.1876380e-02  1.1487600e-02  2.8492317e-09 -6.7085809e-01
  4.8894435e-09]
2024-09-19 18:09:16,856 INFO =====> Skill params: [-0.07656533 -0.47445464 -0.4415119   0.42680788  0.5326782 ]
2024-09-19 18:09:16,856 INFO =====> Num. aborted data so far: 0
2024-09-19 18:09:17,238 INFO ===> New TaichiEnv created.
2024-09-19 18:09:17,238 INFO ===> Specifications: horizon = 600, dt = 0.01, n_substeps = 20, dt_sub = 0.0005
2024-09-19 18:09:59,787 INFO =====> Epoch: 143
2024-09-19 18:09:59,787 INFO =====> EMD Loss: 27.141788482666016
2024-09-19 18:09:59,787 INFO =====> Height map loss: 30.772459030151367
2024-09-19 18:09:59,787 INFO =====> Grad: [ 1.1876405e-02  1.1487625e-02  1.9179105e-09 -6.7085981e-01
 -4.6566129e-09]
2024-09-19 18:09:59,787 INFO =====> Skill params: [-0.07656512 -0.4744548  -0.44151205  0.42682317  0.5326819 ]
2024-09-19 18:09:59,787 INFO =====> Num. aborted data so far: 0
2024-09-19 18:10:00,154 INFO ===> New TaichiEnv created.
2024-09-19 18:10:00,154 INFO ===> Specifications: horizon = 600, dt = 0.01, n_substeps = 20, dt_sub = 0.0005
2024-09-19 18:10:42,645 INFO =====> Epoch: 144
2024-09-19 18:10:42,645 INFO =====> EMD Loss: 27.14217758178711
2024-09-19 18:10:42,645 INFO =====> Height map loss: 30.770597457885742
2024-09-19 18:10:42,645 INFO =====> Grad: [ 1.1876409e-02  1.1487616e-02  3.7369010e-09 -6.7086178e-01
  5.7043508e-09]
2024-09-19 18:10:42,645 INFO =====> Skill params: [-0.07656493 -0.47445494 -0.44151226  0.42683852  0.5326846 ]
2024-09-19 18:10:42,645 INFO =====> Num. aborted data so far: 0
2024-09-19 18:10:43,016 INFO ===> New TaichiEnv created.
2024-09-19 18:10:43,016 INFO ===> Specifications: horizon = 600, dt = 0.01, n_substeps = 20, dt_sub = 0.0005
2024-09-19 18:11:25,514 INFO =====> Epoch: 145
2024-09-19 18:11:25,514 INFO =====> EMD Loss: 27.14129066467285
2024-09-19 18:11:25,514 INFO =====> Height map loss: 30.76853370666504
2024-09-19 18:11:25,514 INFO =====> Grad: [ 1.18764350e-02  1.14875585e-02 -1.92379268e-09 -6.70863628e-01
  5.93718141e-09]
2024-09-19 18:11:25,515 INFO =====> Skill params: [-0.07656477 -0.47445506 -0.4415124   0.42685392  0.5326864 ]
2024-09-19 18:11:25,515 INFO =====> Num. aborted data so far: 0
2024-09-19 18:11:25,887 INFO ===> New TaichiEnv created.
2024-09-19 18:11:25,887 INFO ===> Specifications: horizon = 600, dt = 0.01, n_substeps = 20, dt_sub = 0.0005
2024-09-19 18:12:08,683 INFO =====> Epoch: 146
2024-09-19 18:12:08,683 INFO =====> EMD Loss: 27.13395881652832
2024-09-19 18:12:08,683 INFO =====> Height map loss: 30.76654624938965
2024-09-19 18:12:08,684 INFO =====> Grad: [ 1.1876455e-02  1.1487582e-02 -2.3576988e-10 -6.7086554e-01
  5.2386895e-09]
2024-09-19 18:12:08,684 INFO =====> Skill params: [-0.07656462 -0.47445518 -0.44151255  0.4268694   0.5326875 ]
2024-09-19 18:12:08,684 INFO =====> Num. aborted data so far: 0
2024-09-19 18:12:09,052 INFO ===> New TaichiEnv created.
2024-09-19 18:12:09,052 INFO ===> Specifications: horizon = 600, dt = 0.01, n_substeps = 20, dt_sub = 0.0005
2024-09-19 18:12:51,679 INFO =====> Epoch: 147
2024-09-19 18:12:51,679 INFO =====> EMD Loss: 27.143550872802734
2024-09-19 18:12:51,679 INFO =====> Height map loss: 30.769285202026367
2024-09-19 18:12:51,679 INFO =====> Grad: [ 1.1876439e-02  1.1487600e-02  9.2838426e-10 -6.7086744e-01
  1.8626451e-09]
2024-09-19 18:12:51,679 INFO =====> Skill params: [-0.0765645  -0.4744553  -0.4415127   0.42688492  0.53268826]
2024-09-19 18:12:51,679 INFO =====> Num. aborted data so far: 0
2024-09-19 18:12:52,054 INFO ===> New TaichiEnv created.
2024-09-19 18:12:52,054 INFO ===> Specifications: horizon = 600, dt = 0.01, n_substeps = 20, dt_sub = 0.0005
2024-09-19 18:13:35,515 INFO =====> Epoch: 148
2024-09-19 18:13:35,515 INFO =====> EMD Loss: 27.131296157836914
2024-09-19 18:13:35,515 INFO =====> Height map loss: 30.768238067626953
2024-09-19 18:13:35,515 INFO =====> Grad: [ 1.1876457e-02  1.1487600e-02 -4.3949488e-10 -6.7086923e-01
  9.7788870e-09]
2024-09-19 18:13:35,515 INFO =====> Skill params: [-0.07656439 -0.4744554  -0.44151282  0.4269005   0.53268784]
2024-09-19 18:13:35,515 INFO =====> Num. aborted data so far: 0
2024-09-19 18:13:35,888 INFO ===> New TaichiEnv created.
2024-09-19 18:13:35,888 INFO ===> Specifications: horizon = 600, dt = 0.01, n_substeps = 20, dt_sub = 0.0005
2024-09-19 18:14:19,082 INFO =====> Epoch: 149
2024-09-19 18:14:19,082 INFO =====> EMD Loss: 27.133161544799805
2024-09-19 18:14:19,082 INFO =====> Height map loss: 30.770706176757812
2024-09-19 18:14:19,083 INFO =====> Grad: [ 1.1876470e-02  1.1487601e-02 -6.5777273e-10 -6.7087114e-01
 -5.4715201e-09]
2024-09-19 18:14:19,083 INFO =====> Skill params: [-0.07656429 -0.47445548 -0.4415129   0.42691615  0.5326881 ]
2024-09-19 18:14:19,083 INFO =====> Num. aborted data so far: 0
2024-09-19 18:14:19,084 INFO ====> Finished training.
2024-09-19 18:14:19,084 INFO ====> Final EMD loss: 27.133161544799805
2024-09-19 18:14:19,084 INFO ====> Final height map loss: 30.770706176757812
2024-09-19 18:14:19,084 INFO ====> Final skill params: [-0.07656429 -0.47445548 -0.4415129   0.42691615  0.5326881 ]
