2024-09-18 16:33:34,258 INFO ===> New TaichiEnv created.
2024-09-18 16:33:34,258 INFO ===> Specifications: horizon = 600, dt = 0.01, n_substeps = 20, dt_sub = 0.0005
2024-09-18 16:34:03,388 INFO =====> Epoch: 0
2024-09-18 16:34:03,388 INFO =====> EMD Loss: 28.714473724365234
2024-09-18 16:34:03,388 INFO =====> Height map loss: 26.80472755432129
2024-09-18 16:34:03,388 INFO =====> Grad: [ 3.7704711e+00 -1.1101134e+00 -1.7095111e-08 -4.4924769e+00
  1.2665987e-07]
2024-09-18 16:34:03,388 INFO =====> Skill params: [0.99       0.31       0.8189279  1.         0.27219525]
2024-09-18 16:34:03,388 INFO =====> Num. aborted data so far: 0
2024-09-18 16:34:03,663 INFO ===> New TaichiEnv created.
2024-09-18 16:34:03,663 INFO ===> Specifications: horizon = 600, dt = 0.01, n_substeps = 20, dt_sub = 0.0005
2024-09-18 16:34:33,006 INFO =====> Epoch: 1
2024-09-18 16:34:33,006 INFO =====> EMD Loss: 28.527589797973633
2024-09-18 16:34:33,006 INFO =====> Height map loss: 26.651655197143555
2024-09-18 16:34:33,006 INFO =====> Grad: [-4.9092509e-02 -4.2741483e-01  4.8528470e-10 -3.9584064e-01
 -1.5832484e-08]
2024-09-18 16:34:33,006 INFO =====> Skill params: [0.98339695 0.31892762 0.82957834 1.         0.25673276]
2024-09-18 16:34:33,006 INFO =====> Num. aborted data so far: 0
2024-09-18 16:34:33,283 INFO ===> New TaichiEnv created.
2024-09-18 16:34:33,283 INFO ===> Specifications: horizon = 600, dt = 0.01, n_substeps = 20, dt_sub = 0.0005
2024-09-18 16:35:02,893 INFO =====> Epoch: 2
2024-09-18 16:35:02,894 INFO =====> EMD Loss: 28.41619873046875
2024-09-18 16:35:02,894 INFO =====> Height map loss: 26.157033920288086
2024-09-18 16:35:02,894 INFO =====> Grad: [ 3.8079801e+00 -1.1637294e+00 -6.7213549e-08 -4.2851315e+00
 -3.3527613e-07]
2024-09-18 16:35:02,894 INFO =====> Skill params: [0.97526586 0.3283278  0.8474073  1.         0.26931798]
2024-09-18 16:35:02,894 INFO =====> Num. aborted data so far: 0
2024-09-18 16:35:03,173 INFO ===> New TaichiEnv created.
2024-09-18 16:35:03,173 INFO ===> Specifications: horizon = 600, dt = 0.01, n_substeps = 20, dt_sub = 0.0005
2024-09-18 16:35:33,090 INFO =====> Epoch: 3
2024-09-18 16:35:33,090 INFO =====> EMD Loss: 28.221141815185547
2024-09-18 16:35:33,090 INFO =====> Height map loss: 25.460556030273438
2024-09-18 16:35:33,090 INFO =====> Grad: [-4.3712236e-02 -4.0037313e-01  1.9185218e-09 -3.9584059e-01
  3.4458935e-08]
2024-09-18 16:35:33,090 INFO =====> Skill params: [0.968653   0.33717445 0.86119443 1.         0.27792925]
2024-09-18 16:35:33,090 INFO =====> Num. aborted data so far: 0
2024-09-18 16:35:33,375 INFO ===> New TaichiEnv created.
2024-09-18 16:35:33,375 INFO ===> Specifications: horizon = 600, dt = 0.01, n_substeps = 20, dt_sub = 0.0005
2024-09-18 16:36:03,442 INFO =====> Epoch: 4
2024-09-18 16:36:03,442 INFO =====> EMD Loss: 27.79888153076172
2024-09-18 16:36:03,442 INFO =====> Height map loss: 24.900169372558594
2024-09-18 16:36:03,442 INFO =====> Grad: [-4.1366585e-02 -3.8797233e-01  2.4028850e-09 -3.9584059e-01
  2.7939677e-09]
2024-09-18 16:36:03,443 INFO =====> Skill params: [0.963106   0.3456739  0.8721132  1.         0.28504297]
2024-09-18 16:36:03,443 INFO =====> Num. aborted data so far: 0
2024-09-18 16:36:03,729 INFO ===> New TaichiEnv created.
2024-09-18 16:36:03,729 INFO ===> Specifications: horizon = 600, dt = 0.01, n_substeps = 20, dt_sub = 0.0005
2024-09-18 16:36:35,168 INFO =====> Epoch: 5
2024-09-18 16:36:35,169 INFO =====> EMD Loss: 27.578367233276367
2024-09-18 16:36:35,169 INFO =====> Height map loss: 24.16461181640625
2024-09-18 16:36:35,169 INFO =====> Grad: [-3.9256811e-02 -3.7907806e-01  2.2287594e-09 -4.0212381e-01
  2.3283064e-08]
2024-09-18 16:36:35,169 INFO =====> Skill params: [0.9583636  0.35393786 0.8809337  1.         0.29018092]
2024-09-18 16:36:35,169 INFO =====> Num. aborted data so far: 0
2024-09-18 16:36:35,471 INFO ===> New TaichiEnv created.
2024-09-18 16:36:35,471 INFO ===> Specifications: horizon = 600, dt = 0.01, n_substeps = 20, dt_sub = 0.0005
2024-09-18 16:37:06,477 INFO =====> Epoch: 6
2024-09-18 16:37:06,477 INFO =====> EMD Loss: 27.427204132080078
2024-09-18 16:37:06,477 INFO =====> Height map loss: 23.606231689453125
2024-09-18 16:37:06,477 INFO =====> Grad: [-3.7183024e-02 -3.5970590e-01  2.2370017e-09 -4.0212381e-01
 -9.3132257e-09]
2024-09-18 16:37:06,477 INFO =====> Skill params: [0.95425737 0.36201048 0.88812083 1.         0.29500934]
2024-09-18 16:37:06,477 INFO =====> Num. aborted data so far: 0
2024-09-18 16:37:06,773 INFO ===> New TaichiEnv created.
2024-09-18 16:37:06,773 INFO ===> Specifications: horizon = 600, dt = 0.01, n_substeps = 20, dt_sub = 0.0005
2024-09-18 16:37:37,810 INFO =====> Epoch: 7
2024-09-18 16:37:37,810 INFO =====> EMD Loss: 27.326332092285156
2024-09-18 16:37:37,810 INFO =====> Height map loss: 23.44886589050293
2024-09-18 16:37:37,810 INFO =====> Grad: [-3.5475783e-02 -3.5072789e-01 -4.2773740e-09 -4.0212384e-01
  1.5832484e-08]
2024-09-18 16:37:37,810 INFO =====> Skill params: [0.9506705  0.36993426 0.89498067 1.         0.29863662]
2024-09-18 16:37:37,810 INFO =====> Num. aborted data so far: 0
2024-09-18 16:37:38,112 INFO ===> New TaichiEnv created.
2024-09-18 16:37:38,112 INFO ===> Specifications: horizon = 600, dt = 0.01, n_substeps = 20, dt_sub = 0.0005
2024-09-18 16:38:08,882 INFO =====> Epoch: 8
2024-09-18 16:38:08,882 INFO =====> EMD Loss: 27.09386444091797
2024-09-18 16:38:08,882 INFO =====> Height map loss: 22.603904724121094
2024-09-18 16:38:08,882 INFO =====> Grad: [-1.9742694e-02 -4.9712235e-01 -1.9440347e-09 -4.0212381e-01
  2.0489097e-08]
2024-09-18 16:38:08,883 INFO =====> Skill params: [0.94750434 0.37799245 0.9012502  1.         0.30106944]
2024-09-18 16:38:08,883 INFO =====> Num. aborted data so far: 0
2024-09-18 16:38:09,191 INFO ===> New TaichiEnv created.
2024-09-18 16:38:09,191 INFO ===> Specifications: horizon = 600, dt = 0.01, n_substeps = 20, dt_sub = 0.0005
2024-09-18 16:38:40,863 INFO =====> Epoch: 9
2024-09-18 16:38:40,863 INFO =====> EMD Loss: 26.980350494384766
2024-09-18 16:38:40,863 INFO =====> Height map loss: 22.02016258239746
2024-09-18 16:38:40,863 INFO =====> Grad: [ 4.199826e+00 -4.030614e+00  3.966094e-08 -4.492477e+00 -9.685755e-08]
2024-09-18 16:38:40,864 INFO =====> Skill params: [0.9422883  0.38546145 0.9010656  1.         0.3066371 ]
2024-09-18 16:38:40,864 INFO =====> Num. aborted data so far: 0
2024-09-18 16:38:41,168 INFO ===> New TaichiEnv created.
2024-09-18 16:38:41,168 INFO ===> Specifications: horizon = 600, dt = 0.01, n_substeps = 20, dt_sub = 0.0005
2024-09-18 16:39:13,327 INFO =====> Epoch: 10
2024-09-18 16:39:13,327 INFO =====> EMD Loss: 26.81524658203125
2024-09-18 16:39:13,327 INFO =====> Height map loss: 21.839519500732422
2024-09-18 16:39:13,327 INFO =====> Grad: [ 4.2615108e+00 -3.9326313e+00  8.4232589e-08 -4.4924769e+00
 -8.1956387e-08]
2024-09-18 16:39:13,327 INFO =====> Skill params: [0.93576586 0.3936711  0.8927753  1.         0.31435472]
2024-09-18 16:39:13,327 INFO =====> Num. aborted data so far: 0
2024-09-18 16:39:13,630 INFO ===> New TaichiEnv created.
2024-09-18 16:39:13,630 INFO ===> Specifications: horizon = 600, dt = 0.01, n_substeps = 20, dt_sub = 0.0005
2024-09-18 16:39:45,850 INFO =====> Epoch: 11
2024-09-18 16:39:45,850 INFO =====> EMD Loss: 26.593414306640625
2024-09-18 16:39:45,850 INFO =====> Height map loss: 21.664234161376953
2024-09-18 16:39:45,850 INFO =====> Grad: [ 4.1997938e+00 -3.7359188e+00 -8.3786830e-08 -4.4924769e+00
  9.6857548e-08]
2024-09-18 16:39:45,850 INFO =====> Skill params: [0.9283365  0.4024826  0.8933305  1.         0.31781223]
2024-09-18 16:39:45,850 INFO =====> Num. aborted data so far: 0
2024-09-18 16:39:46,167 INFO ===> New TaichiEnv created.
2024-09-18 16:39:46,167 INFO ===> Specifications: horizon = 600, dt = 0.01, n_substeps = 20, dt_sub = 0.0005
2024-09-18 16:40:18,983 INFO =====> Epoch: 12
2024-09-18 16:40:18,983 INFO =====> EMD Loss: 26.5891056060791
2024-09-18 16:40:18,983 INFO =====> Height map loss: 21.365478515625
2024-09-18 16:40:18,983 INFO =====> Grad: [ 4.2506418e+00 -3.6104090e+00  5.5079603e-09 -4.4924769e+00
  2.2351742e-08]
2024-09-18 16:40:18,983 INFO =====> Skill params: [0.92022467 0.41175118 0.89338213 1.         0.32016385]
2024-09-18 16:40:18,983 INFO =====> Num. aborted data so far: 0
2024-09-18 16:40:19,305 INFO ===> New TaichiEnv created.
2024-09-18 16:40:19,305 INFO ===> Specifications: horizon = 600, dt = 0.01, n_substeps = 20, dt_sub = 0.0005
2024-09-18 16:40:51,919 INFO =====> Epoch: 13
2024-09-18 16:40:51,919 INFO =====> EMD Loss: 26.933734893798828
2024-09-18 16:40:51,919 INFO =====> Height map loss: 21.169017791748047
2024-09-18 16:40:51,920 INFO =====> Grad: [-5.0783181e-03 -4.2737257e-01 -9.9242685e-09 -4.1469014e-01
  3.7252903e-09]
2024-09-18 16:40:51,920 INFO =====> Skill params: [0.9128987  0.42037392 0.89422494 1.         0.32215637]
2024-09-18 16:40:51,920 INFO =====> Num. aborted data so far: 0
2024-09-18 16:40:52,225 INFO ===> New TaichiEnv created.
2024-09-18 16:40:52,225 INFO ===> Specifications: horizon = 600, dt = 0.01, n_substeps = 20, dt_sub = 0.0005
2024-09-18 16:41:25,438 INFO =====> Epoch: 14
2024-09-18 16:41:25,438 INFO =====> EMD Loss: 26.975196838378906
2024-09-18 16:41:25,438 INFO =====> Height map loss: 21.264711380004883
2024-09-18 16:41:25,438 INFO =====> Grad: [-2.2102776e-03 -4.1499147e-01  7.7637363e-09 -4.1469014e-01
 -1.1175871e-08]
2024-09-18 16:41:25,438 INFO =====> Skill params: [0.90626997 0.42842162 0.8943599  1.         0.32432967]
2024-09-18 16:41:25,438 INFO =====> Num. aborted data so far: 0
2024-09-18 16:41:25,785 INFO ===> New TaichiEnv created.
2024-09-18 16:41:25,785 INFO ===> Specifications: horizon = 600, dt = 0.01, n_substeps = 20, dt_sub = 0.0005
2024-09-18 16:41:59,168 INFO =====> Epoch: 15
2024-09-18 16:41:59,169 INFO =====> EMD Loss: 27.140121459960938
2024-09-18 16:41:59,169 INFO =====> Height map loss: 21.427322387695312
2024-09-18 16:41:59,169 INFO =====> Grad: [ 4.1328592e-04 -4.0167663e-01 -3.4197196e-09 -4.1469014e-01
  1.7695129e-08]
2024-09-18 16:41:59,169 INFO =====> Skill params: [0.9002625  0.43595374 0.89475495 1.         0.32569408]
2024-09-18 16:41:59,169 INFO =====> Num. aborted data so far: 0
2024-09-18 16:41:59,494 INFO ===> New TaichiEnv created.
2024-09-18 16:41:59,494 INFO ===> Specifications: horizon = 600, dt = 0.01, n_substeps = 20, dt_sub = 0.0005
2024-09-18 16:42:33,158 INFO =====> Epoch: 16
2024-09-18 16:42:33,158 INFO =====> EMD Loss: 27.281789779663086
2024-09-18 16:42:33,158 INFO =====> Height map loss: 21.501466751098633
2024-09-18 16:42:33,158 INFO =====> Grad: [ 2.8362714e-03 -3.9256868e-01 -2.4939810e-09 -4.1469020e-01
  6.5192580e-09]
2024-09-18 16:42:33,158 INFO =====> Skill params: [0.8948105  0.4430235  0.89531076 1.         0.32670707]
2024-09-18 16:42:33,158 INFO =====> Num. aborted data so far: 0
2024-09-18 16:42:33,467 INFO ===> New TaichiEnv created.
2024-09-18 16:42:33,467 INFO ===> Specifications: horizon = 600, dt = 0.01, n_substeps = 20, dt_sub = 0.0005
2024-09-18 16:43:07,722 INFO =====> Epoch: 17
2024-09-18 16:43:07,722 INFO =====> EMD Loss: 27.419281005859375
2024-09-18 16:43:07,722 INFO =====> Height map loss: 21.944835662841797
2024-09-18 16:43:07,722 INFO =====> Grad: [ 4.4442499e-03 -3.7919521e-01 -1.5667077e-09 -4.1469020e-01
  1.9557774e-08]
2024-09-18 16:43:07,722 INFO =====> Skill params: [0.88985705 0.4496744  0.89593804 1.         0.32695618]
2024-09-18 16:43:07,722 INFO =====> Num. aborted data so far: 0
2024-09-18 16:43:08,034 INFO ===> New TaichiEnv created.
2024-09-18 16:43:08,034 INFO ===> Specifications: horizon = 600, dt = 0.01, n_substeps = 20, dt_sub = 0.0005
2024-09-18 16:43:42,374 INFO =====> Epoch: 18
2024-09-18 16:43:42,374 INFO =====> EMD Loss: 27.80640983581543
2024-09-18 16:43:42,374 INFO =====> Height map loss: 22.344066619873047
2024-09-18 16:43:42,374 INFO =====> Grad: [ 6.5260902e-03 -3.7011027e-01 -1.1039663e-09 -4.1469014e-01
  7.4505806e-09]
2024-09-18 16:43:42,374 INFO =====> Skill params: [0.8853519  0.45594662 0.8965935  1.         0.326926  ]
2024-09-18 16:43:42,374 INFO =====> Num. aborted data so far: 0
2024-09-18 16:43:42,698 INFO ===> New TaichiEnv created.
2024-09-18 16:43:42,699 INFO ===> Specifications: horizon = 600, dt = 0.01, n_substeps = 20, dt_sub = 0.0005
2024-09-18 16:44:18,309 INFO =====> Epoch: 19
2024-09-18 16:44:18,310 INFO =====> EMD Loss: 28.077970504760742
2024-09-18 16:44:18,310 INFO =====> Height map loss: 23.05803108215332
2024-09-18 16:44:18,310 INFO =====> Grad: [ 8.4961345e-03 -3.6438608e-01  8.2072145e-09 -4.1469014e-01
  1.7695129e-08]
2024-09-18 16:44:18,310 INFO =====> Skill params: [0.88125056 0.46187735 0.8965218  1.         0.3262865 ]
2024-09-18 16:44:18,310 INFO =====> Num. aborted data so far: 0
2024-09-18 16:44:18,642 INFO ===> New TaichiEnv created.
2024-09-18 16:44:18,642 INFO ===> Specifications: horizon = 600, dt = 0.01, n_substeps = 20, dt_sub = 0.0005
2024-09-18 16:44:53,065 INFO =====> Epoch: 20
2024-09-18 16:44:53,066 INFO =====> EMD Loss: 28.258506774902344
2024-09-18 16:44:53,066 INFO =====> Height map loss: 23.366100311279297
2024-09-18 16:44:53,066 INFO =====> Grad: [ 9.6241478e-03 -3.5444197e-01 -6.4374017e-10 -4.1469014e-01
 -4.6566129e-09]
2024-09-18 16:44:53,066 INFO =====> Skill params: [0.87751395 0.46749672 0.89650923 1.         0.32586858]
2024-09-18 16:44:53,066 INFO =====> Num. aborted data so far: 0
2024-09-18 16:44:53,381 INFO ===> New TaichiEnv created.
2024-09-18 16:44:53,381 INFO ===> Specifications: horizon = 600, dt = 0.01, n_substeps = 20, dt_sub = 0.0005
2024-09-18 16:45:28,326 INFO =====> Epoch: 21
2024-09-18 16:45:28,326 INFO =====> EMD Loss: 28.3394718170166
2024-09-18 16:45:28,326 INFO =====> Height map loss: 23.429073333740234
2024-09-18 16:45:28,327 INFO =====> Grad: [ 1.1394172e-02 -3.4801278e-01 -4.8373248e-09 -4.1469020e-01
  3.2596290e-08]
2024-09-18 16:45:28,327 INFO =====> Skill params: [0.8741068  0.47283354 0.8968929  1.         0.3243466 ]
2024-09-18 16:45:28,327 INFO =====> Num. aborted data so far: 0
2024-09-18 16:45:28,654 INFO ===> New TaichiEnv created.
2024-09-18 16:45:28,654 INFO ===> Specifications: horizon = 600, dt = 0.01, n_substeps = 20, dt_sub = 0.0005
2024-09-18 16:46:04,074 INFO =====> Epoch: 22
2024-09-18 16:46:04,074 INFO =====> EMD Loss: 28.450477600097656
2024-09-18 16:46:04,074 INFO =====> Height map loss: 23.968345642089844
2024-09-18 16:46:04,074 INFO =====> Grad: [ 1.2301559e-02 -3.3973014e-01 -8.5636280e-09 -4.1469014e-01
 -1.0244548e-08]
2024-09-18 16:46:04,074 INFO =====> Skill params: [0.87099814 0.47791213 0.8979425  1.         0.3233272 ]
2024-09-18 16:46:04,074 INFO =====> Num. aborted data so far: 0
2024-09-18 16:46:04,404 INFO ===> New TaichiEnv created.
2024-09-18 16:46:04,404 INFO ===> Specifications: horizon = 600, dt = 0.01, n_substeps = 20, dt_sub = 0.0005
2024-09-18 16:46:40,293 INFO =====> Epoch: 23
2024-09-18 16:46:40,293 INFO =====> EMD Loss: 28.55708122253418
2024-09-18 16:46:40,293 INFO =====> Height map loss: 24.307857513427734
2024-09-18 16:46:40,293 INFO =====> Grad: [ 1.3926099e-02 -3.3460259e-01  1.2165549e-09 -4.1469020e-01
  4.0046871e-08]
2024-09-18 16:46:40,293 INFO =====> Skill params: [0.86815953 0.4827561  0.89879274 1.         0.32098046]
2024-09-18 16:46:40,293 INFO =====> Num. aborted data so far: 0
2024-09-18 16:46:40,633 INFO ===> New TaichiEnv created.
2024-09-18 16:46:40,633 INFO ===> Specifications: horizon = 600, dt = 0.01, n_substeps = 20, dt_sub = 0.0005
2024-09-18 16:47:15,588 INFO =====> Epoch: 24
2024-09-18 16:47:15,588 INFO =====> EMD Loss: 28.664819717407227
2024-09-18 16:47:15,588 INFO =====> Height map loss: 24.59535026550293
2024-09-18 16:47:15,588 INFO =====> Grad: [-1.3377176e-02 -1.5421881e-01  7.1637807e-09 -4.1469014e-01
 -7.9162419e-09]
2024-09-18 16:47:15,588 INFO =====> Skill params: [0.8655811  0.48727155 0.8989674  1.         0.3191324 ]
2024-09-18 16:47:15,588 INFO =====> Num. aborted data so far: 0
2024-09-18 16:47:15,909 INFO ===> New TaichiEnv created.
2024-09-18 16:47:15,909 INFO ===> Specifications: horizon = 600, dt = 0.01, n_substeps = 20, dt_sub = 0.0005
2024-09-18 16:47:51,527 INFO =====> Epoch: 25
2024-09-18 16:47:51,527 INFO =====> EMD Loss: 28.671205520629883
2024-09-18 16:47:51,527 INFO =====> Height map loss: 24.804956436157227
2024-09-18 16:47:51,527 INFO =====> Grad: [ 3.9960785e+00  1.0903528e+00 -5.7119987e-08 -4.4924774e+00
  6.0535967e-09]
2024-09-18 16:47:51,528 INFO =====> Skill params: [0.8613789  0.49061    0.9036405  1.         0.31723312]
2024-09-18 16:47:51,528 INFO =====> Num. aborted data so far: 0
2024-09-18 16:47:51,851 INFO ===> New TaichiEnv created.
2024-09-18 16:47:51,851 INFO ===> Specifications: horizon = 600, dt = 0.01, n_substeps = 20, dt_sub = 0.0005
2024-09-18 16:48:27,512 INFO =====> Epoch: 26
2024-09-18 16:48:27,512 INFO =====> EMD Loss: 28.743473052978516
2024-09-18 16:48:27,512 INFO =====> Height map loss: 25.116708755493164
2024-09-18 16:48:27,512 INFO =====> Grad: [ 3.9692249e+00  1.0996388e+00  1.0154292e-08 -4.4924769e+00
 -3.7252903e-09]
2024-09-18 16:48:27,512 INFO =====> Skill params: [0.8558824  0.49287802 0.90706223 1.         0.31564304]
2024-09-18 16:48:27,512 INFO =====> Num. aborted data so far: 0
2024-09-18 16:48:27,850 INFO ===> New TaichiEnv created.
2024-09-18 16:48:27,850 INFO ===> Specifications: horizon = 600, dt = 0.01, n_substeps = 20, dt_sub = 0.0005
2024-09-18 16:49:03,789 INFO =====> Epoch: 27
2024-09-18 16:49:03,790 INFO =====> EMD Loss: 28.86294937133789
2024-09-18 16:49:03,790 INFO =====> Height map loss: 25.283079147338867
2024-09-18 16:49:03,790 INFO =====> Grad: [ 3.9513290e+00  1.1070657e+00  1.7757532e-08 -4.4924774e+00
  2.3283064e-09]
2024-09-18 16:49:03,790 INFO =====> Skill params: [0.8493344  0.49417272 0.9087319  1.         0.31411126]
2024-09-18 16:49:03,790 INFO =====> Num. aborted data so far: 0
2024-09-18 16:49:04,267 INFO ===> New TaichiEnv created.
2024-09-18 16:49:04,267 INFO ===> Specifications: horizon = 600, dt = 0.01, n_substeps = 20, dt_sub = 0.0005
2024-09-18 16:49:40,829 INFO =====> Epoch: 28
2024-09-18 16:49:40,829 INFO =====> EMD Loss: 29.019664764404297
2024-09-18 16:49:40,829 INFO =====> Height map loss: 25.535411834716797
2024-09-18 16:49:40,829 INFO =====> Grad: [ 3.9413157e+00  1.1117048e+00 -1.9412841e-08 -4.4924774e+00
 -1.5832484e-08]
2024-09-18 16:49:40,829 INFO =====> Skill params: [0.8419203  0.49458343 0.9117913  1.         0.31331107]
2024-09-18 16:49:40,829 INFO =====> Num. aborted data so far: 0
2024-09-18 16:49:41,171 INFO ===> New TaichiEnv created.
2024-09-18 16:49:41,171 INFO ===> Specifications: horizon = 600, dt = 0.01, n_substeps = 20, dt_sub = 0.0005
2024-09-18 16:50:16,596 INFO =====> Epoch: 29
2024-09-18 16:50:16,596 INFO =====> EMD Loss: 28.958894729614258
2024-09-18 16:50:16,596 INFO =====> Height map loss: 25.543987274169922
2024-09-18 16:50:16,596 INFO =====> Grad: [ 3.9383411e+00  1.1138272e+00  1.4181396e-08 -4.4924779e+00
  1.2572855e-08]
2024-09-18 16:50:16,596 INFO =====> Skill params: [0.83378506 0.49419227 0.9134177  1.         0.31210944]
2024-09-18 16:50:16,596 INFO =====> Num. aborted data so far: 0
2024-09-18 16:50:16,923 INFO ===> New TaichiEnv created.
2024-09-18 16:50:16,923 INFO ===> Specifications: horizon = 600, dt = 0.01, n_substeps = 20, dt_sub = 0.0005
2024-09-18 16:50:52,560 INFO =====> Epoch: 30
2024-09-18 16:50:52,560 INFO =====> EMD Loss: 28.97516441345215
2024-09-18 16:50:52,560 INFO =====> Height map loss: 25.459428787231445
2024-09-18 16:50:52,560 INFO =====> Grad: [ 3.9417353e+00  1.1136743e+00 -3.7963538e-08 -4.4924774e+00
  1.5832484e-08]
2024-09-18 16:50:52,561 INFO =====> Skill params: [0.8250443  0.4930747  0.9178759  1.         0.31041455]
2024-09-18 16:50:52,561 INFO =====> Num. aborted data so far: 0
2024-09-18 16:50:52,888 INFO ===> New TaichiEnv created.
2024-09-18 16:50:52,888 INFO ===> Specifications: horizon = 600, dt = 0.01, n_substeps = 20, dt_sub = 0.0005
2024-09-18 16:51:28,907 INFO =====> Epoch: 31
2024-09-18 16:51:28,907 INFO =====> EMD Loss: 28.98175811767578
2024-09-18 16:51:28,907 INFO =====> Height map loss: 25.661685943603516
2024-09-18 16:51:28,907 INFO =====> Grad: [ 3.9509051e+00  1.1114575e+00  1.0488304e-08 -4.4924774e+00
 -1.7229468e-08]
2024-09-18 16:51:28,907 INFO =====> Skill params: [0.8157915  0.49129993 0.92107636 1.         0.3095373 ]
2024-09-18 16:51:28,907 INFO =====> Num. aborted data so far: 0
2024-09-18 16:51:29,240 INFO ===> New TaichiEnv created.
2024-09-18 16:51:29,240 INFO ===> Specifications: horizon = 600, dt = 0.01, n_substeps = 20, dt_sub = 0.0005
2024-09-18 16:52:05,452 INFO =====> Epoch: 32
2024-09-18 16:52:05,452 INFO =====> EMD Loss: 29.04145050048828
2024-09-18 16:52:05,452 INFO =====> Height map loss: 25.609792709350586
2024-09-18 16:52:05,452 INFO =====> Grad: [ 3.96540046e+00  1.10736048e+00 -1.18883285e-08 -4.49247694e+00
 -5.58793545e-09]
2024-09-18 16:52:05,452 INFO =====> Skill params: [0.806103  0.4889316 0.9249299 1.        0.3089568]
2024-09-18 16:52:05,452 INFO =====> Num. aborted data so far: 0
2024-09-18 16:52:05,859 INFO ===> New TaichiEnv created.
2024-09-18 16:52:05,859 INFO ===> Specifications: horizon = 600, dt = 0.01, n_substeps = 20, dt_sub = 0.0005
2024-09-18 16:52:41,505 INFO =====> Epoch: 33
2024-09-18 16:52:41,505 INFO =====> EMD Loss: 28.849702835083008
2024-09-18 16:52:41,505 INFO =====> Height map loss: 25.392515182495117
2024-09-18 16:52:41,505 INFO =====> Grad: [ 3.98486710e+00  1.10280037e+00  1.04240705e-08 -4.49247742e+00
  1.02445483e-08]
2024-09-18 16:52:41,505 INFO =====> Skill params: [0.79604167 0.48602727 0.9275774  1.         0.30802742]
2024-09-18 16:52:41,505 INFO =====> Num. aborted data so far: 0
2024-09-18 16:52:41,838 INFO ===> New TaichiEnv created.
2024-09-18 16:52:41,838 INFO ===> Specifications: horizon = 600, dt = 0.01, n_substeps = 20, dt_sub = 0.0005
2024-09-18 16:53:17,121 INFO =====> Epoch: 34
2024-09-18 16:53:17,121 INFO =====> EMD Loss: 28.84853744506836
2024-09-18 16:53:17,121 INFO =====> Height map loss: 25.424772262573242
2024-09-18 16:53:17,121 INFO =====> Grad: [ 4.0088725e+00  1.0954393e+00 -3.0634567e-08 -4.4924779e+00
  1.6763806e-08]
2024-09-18 16:53:17,121 INFO =====> Skill params: [0.7856596  0.48264068 0.9324152  1.         0.30651963]
2024-09-18 16:53:17,121 INFO =====> Num. aborted data so far: 0
2024-09-18 16:53:17,450 INFO ===> New TaichiEnv created.
2024-09-18 16:53:17,450 INFO ===> Specifications: horizon = 600, dt = 0.01, n_substeps = 20, dt_sub = 0.0005
2024-09-18 16:53:53,136 INFO =====> Epoch: 35
2024-09-18 16:53:53,136 INFO =====> EMD Loss: 28.898622512817383
2024-09-18 16:53:53,136 INFO =====> Height map loss: 25.23263168334961
2024-09-18 16:53:53,136 INFO =====> Grad: [ 3.9453773e+00  1.0888536e+00  2.8281626e-09 -4.4924774e+00
 -1.1641532e-08]
2024-09-18 16:53:53,137 INFO =====> Skill params: [0.77501976 0.47881973 0.93657416 1.         0.30561486]
2024-09-18 16:53:53,137 INFO =====> Num. aborted data so far: 0
2024-09-18 16:53:53,469 INFO ===> New TaichiEnv created.
2024-09-18 16:53:53,469 INFO ===> Specifications: horizon = 600, dt = 0.01, n_substeps = 20, dt_sub = 0.0005
2024-09-18 16:54:29,942 INFO =====> Epoch: 36
2024-09-18 16:54:29,942 INFO =====> EMD Loss: 28.81928825378418
2024-09-18 16:54:29,942 INFO =====> Height map loss: 24.97140884399414
2024-09-18 16:54:29,942 INFO =====> Grad: [-1.0174577e-02 -1.4278303e-01  1.5060575e-09 -4.0840700e-01
  1.2572855e-08]
2024-09-18 16:54:29,942 INFO =====> Skill params: [0.7653355  0.475442   0.9402238  1.         0.30428568]
2024-09-18 16:54:29,942 INFO =====> Num. aborted data so far: 0
2024-09-18 16:54:30,282 INFO ===> New TaichiEnv created.
2024-09-18 16:54:30,282 INFO ===> Specifications: horizon = 600, dt = 0.01, n_substeps = 20, dt_sub = 0.0005
2024-09-18 16:55:06,213 INFO =====> Epoch: 37
2024-09-18 16:55:06,213 INFO =====> EMD Loss: 28.7071475982666
2024-09-18 16:55:06,213 INFO =====> Height map loss: 24.92608642578125
2024-09-18 16:55:06,213 INFO =====> Grad: [-1.0083276e-02 -1.4541470e-01  5.7605565e-10 -4.0840700e-01
 -5.5879354e-09]
2024-09-18 16:55:06,213 INFO =====> Skill params: [0.75652254 0.47247127 0.9434869  1.         0.30330545]
2024-09-18 16:55:06,213 INFO =====> Num. aborted data so far: 0
2024-09-18 16:55:06,701 INFO ===> New TaichiEnv created.
2024-09-18 16:55:06,701 INFO ===> Specifications: horizon = 600, dt = 0.01, n_substeps = 20, dt_sub = 0.0005
2024-09-18 16:55:41,871 INFO =====> Epoch: 38
2024-09-18 16:55:41,872 INFO =====> EMD Loss: 28.78281021118164
2024-09-18 16:55:41,872 INFO =====> Height map loss: 24.67828369140625
2024-09-18 16:55:41,872 INFO =====> Grad: [-1.0314055e-02 -1.4566985e-01  7.5623383e-09 -4.0840700e-01
 -1.6298145e-08]
2024-09-18 16:55:41,872 INFO =====> Skill params: [0.748504   0.46987274 0.9458166  1.         0.30308512]
2024-09-18 16:55:41,872 INFO =====> Num. aborted data so far: 0
2024-09-18 16:55:42,231 INFO ===> New TaichiEnv created.
2024-09-18 16:55:42,231 INFO ===> Specifications: horizon = 600, dt = 0.01, n_substeps = 20, dt_sub = 0.0005
2024-09-18 16:56:17,208 INFO =====> Epoch: 39
2024-09-18 16:56:17,208 INFO =====> EMD Loss: 28.69829559326172
2024-09-18 16:56:17,208 INFO =====> Height map loss: 24.50762176513672
2024-09-18 16:56:17,208 INFO =====> Grad: [-1.0217706e-02 -1.4543451e-01  6.6311787e-09 -4.0840700e-01
 -1.2572855e-08]
2024-09-18 16:56:17,208 INFO =====> Skill params: [0.7412097  0.46761432 0.94737375 1.         0.30340642]
2024-09-18 16:56:17,208 INFO =====> Num. aborted data so far: 0
2024-09-18 16:56:17,546 INFO ===> New TaichiEnv created.
2024-09-18 16:56:17,546 INFO ===> Specifications: horizon = 600, dt = 0.01, n_substeps = 20, dt_sub = 0.0005
2024-09-18 16:56:53,180 INFO =====> Epoch: 40
2024-09-18 16:56:53,180 INFO =====> EMD Loss: 28.6585636138916
2024-09-18 16:56:53,180 INFO =====> Height map loss: 24.4479923248291
2024-09-18 16:56:53,180 INFO =====> Grad: [-1.0121448e-02 -1.4710671e-01 -2.2171687e-09 -4.0840709e-01
  1.0710210e-08]
2024-09-18 16:56:53,180 INFO =====> Skill params: [0.7345755  0.46566814 0.94897264 1.         0.30325004]
2024-09-18 16:56:53,180 INFO =====> Num. aborted data so far: 0
2024-09-18 16:56:53,516 INFO ===> New TaichiEnv created.
2024-09-18 16:56:53,516 INFO ===> Specifications: horizon = 600, dt = 0.01, n_substeps = 20, dt_sub = 0.0005
2024-09-18 16:57:29,020 INFO =====> Epoch: 41
2024-09-18 16:57:29,021 INFO =====> EMD Loss: 28.744159698486328
2024-09-18 16:57:29,021 INFO =====> Height map loss: 24.510711669921875
2024-09-18 16:57:29,021 INFO =====> Grad: [-1.0022907e-02 -1.4850977e-01 -4.5455697e-09 -4.0840703e-01
 -6.5192580e-09]
2024-09-18 16:57:29,021 INFO =====> Skill params: [0.728543   0.46400857 0.9508079  1.         0.30338332]
2024-09-18 16:57:29,021 INFO =====> Num. aborted data so far: 0
2024-09-18 16:57:29,358 INFO ===> New TaichiEnv created.
2024-09-18 16:57:29,358 INFO ===> Specifications: horizon = 600, dt = 0.01, n_substeps = 20, dt_sub = 0.0005
2024-09-18 16:58:04,671 INFO =====> Epoch: 42
2024-09-18 16:58:04,671 INFO =====> EMD Loss: 28.707605361938477
2024-09-18 16:58:04,671 INFO =====> Height map loss: 24.39501953125
2024-09-18 16:58:04,671 INFO =====> Grad: [-1.0247200e-02 -1.4762191e-01 -6.4072787e-09 -4.0840703e-01
 -4.6566129e-09]
2024-09-18 16:58:04,671 INFO =====> Skill params: [0.7230588  0.46261045 0.95301867 1.         0.3037028 ]
2024-09-18 16:58:04,671 INFO =====> Num. aborted data so far: 0
2024-09-18 16:58:05,014 INFO ===> New TaichiEnv created.
2024-09-18 16:58:05,014 INFO ===> Specifications: horizon = 600, dt = 0.01, n_substeps = 20, dt_sub = 0.0005
2024-09-18 16:58:40,153 INFO =====> Epoch: 43
2024-09-18 16:58:40,154 INFO =====> EMD Loss: 28.752349853515625
2024-09-18 16:58:40,154 INFO =====> Height map loss: 24.416828155517578
2024-09-18 16:58:40,154 INFO =====> Grad: [-1.0148390e-02 -1.4854434e-01 -5.0080979e-09 -4.0840703e-01
 -2.3283064e-09]
2024-09-18 16:58:40,155 INFO =====> Skill params: [0.7180743  0.46145228 0.9554533  1.         0.30409303]
2024-09-18 16:58:40,155 INFO =====> Num. aborted data so far: 0
2024-09-18 16:58:40,505 INFO ===> New TaichiEnv created.
2024-09-18 16:58:40,505 INFO ===> Specifications: horizon = 600, dt = 0.01, n_substeps = 20, dt_sub = 0.0005
2024-09-18 16:59:16,459 INFO =====> Epoch: 44
2024-09-18 16:59:16,459 INFO =====> EMD Loss: 28.789199829101562
2024-09-18 16:59:16,459 INFO =====> Height map loss: 24.384475708007812
2024-09-18 16:59:16,459 INFO =====> Grad: [-1.0047547e-02 -1.4925170e-01  6.6365220e-09 -4.0840703e-01
 -7.4505806e-09]
2024-09-18 16:59:16,459 INFO =====> Skill params: [0.71354496 0.4605142  0.9570841  1.         0.3047705 ]
2024-09-18 16:59:16,459 INFO =====> Num. aborted data so far: 0
2024-09-18 16:59:16,914 INFO ===> New TaichiEnv created.
2024-09-18 16:59:16,914 INFO ===> Specifications: horizon = 600, dt = 0.01, n_substeps = 20, dt_sub = 0.0005
2024-09-18 16:59:52,174 INFO =====> Epoch: 45
2024-09-18 16:59:52,174 INFO =====> EMD Loss: 28.73594093322754
2024-09-18 16:59:52,174 INFO =====> Height map loss: 24.416810989379883
2024-09-18 16:59:52,174 INFO =====> Grad: [-9.9465065e-03 -1.4976026e-01 -2.6749079e-09 -4.0840703e-01
  9.3132257e-10]
2024-09-18 16:59:52,176 INFO =====> Skill params: [0.7094302  0.45977795 0.9587956  1.         0.30534482]
2024-09-18 16:59:52,176 INFO =====> Num. aborted data so far: 0
2024-09-18 16:59:52,529 INFO ===> New TaichiEnv created.
2024-09-18 16:59:52,529 INFO ===> Specifications: horizon = 600, dt = 0.01, n_substeps = 20, dt_sub = 0.0005
2024-09-18 17:00:26,861 INFO =====> Epoch: 46
2024-09-18 17:00:26,861 INFO =====> EMD Loss: 28.656158447265625
2024-09-18 17:00:26,861 INFO =====> Height map loss: 24.18913459777832
2024-09-18 17:00:26,861 INFO =====> Grad: [-9.8400880e-03 -1.4776757e-01 -2.2069369e-09 -4.0840700e-01
 -4.6566129e-10]
2024-09-18 17:00:26,861 INFO =====> Skill params: [0.70569307 0.45922497 0.9605406  1.         0.30588672]
2024-09-18 17:00:26,861 INFO =====> Num. aborted data so far: 0
2024-09-18 17:00:27,214 INFO ===> New TaichiEnv created.
2024-09-18 17:00:27,215 INFO ===> Specifications: horizon = 600, dt = 0.01, n_substeps = 20, dt_sub = 0.0005
2024-09-18 17:01:01,391 INFO =====> Epoch: 47
2024-09-18 17:01:01,391 INFO =====> EMD Loss: 28.667179107666016
2024-09-18 17:01:01,391 INFO =====> Height map loss: 24.21390151977539
2024-09-18 17:01:01,391 INFO =====> Grad: [-9.7368592e-03 -1.4791912e-01  2.4523663e-09 -4.0840703e-01
  1.8626451e-09]
2024-09-18 17:01:01,391 INFO =====> Skill params: [0.7022997  0.45883992 0.96190494 1.         0.30629566]
2024-09-18 17:01:01,391 INFO =====> Num. aborted data so far: 0
2024-09-18 17:01:01,733 INFO ===> New TaichiEnv created.
2024-09-18 17:01:01,733 INFO ===> Specifications: horizon = 600, dt = 0.01, n_substeps = 20, dt_sub = 0.0005
2024-09-18 17:01:36,155 INFO =====> Epoch: 48
2024-09-18 17:01:36,155 INFO =====> EMD Loss: 28.656312942504883
2024-09-18 17:01:36,155 INFO =====> Height map loss: 24.26344871520996
2024-09-18 17:01:36,155 INFO =====> Grad: [-9.6326992e-03 -1.4791833e-01 -5.4616947e-09 -4.0840703e-01
  1.0244548e-08]
2024-09-18 17:01:36,155 INFO =====> Skill params: [0.69921935 0.45860875 0.96362704 1.         0.30620703]
2024-09-18 17:01:36,155 INFO =====> Num. aborted data so far: 0
2024-09-18 17:01:36,496 INFO ===> New TaichiEnv created.
2024-09-18 17:01:36,496 INFO ===> Specifications: horizon = 600, dt = 0.01, n_substeps = 20, dt_sub = 0.0005
2024-09-18 17:02:10,821 INFO =====> Epoch: 49
2024-09-18 17:02:10,821 INFO =====> EMD Loss: 28.61113739013672
2024-09-18 17:02:10,821 INFO =====> Height map loss: 24.24288558959961
2024-09-18 17:02:10,821 INFO =====> Grad: [-9.5278751e-03 -1.4777760e-01 -4.5271951e-09 -4.0840703e-01
  1.2572855e-08]
2024-09-18 17:02:10,822 INFO =====> Skill params: [0.6964239  0.45851848 0.96559256 1.         0.30555806]
2024-09-18 17:02:10,822 INFO =====> Num. aborted data so far: 0
2024-09-18 17:02:11,162 INFO ===> New TaichiEnv created.
2024-09-18 17:02:11,162 INFO ===> Specifications: horizon = 600, dt = 0.01, n_substeps = 20, dt_sub = 0.0005
2024-09-18 17:02:46,419 INFO =====> Epoch: 50
2024-09-18 17:02:46,420 INFO =====> EMD Loss: 28.64670181274414
2024-09-18 17:02:46,420 INFO =====> Height map loss: 24.269399642944336
2024-09-18 17:02:46,420 INFO =====> Grad: [-9.42280982e-03 -1.47508934e-01  1.22405215e-08 -4.08407032e-01
  2.56113708e-08]
2024-09-18 17:02:46,420 INFO =====> Skill params: [0.6938877  0.4585572  0.96626794 1.         0.3038047 ]
2024-09-18 17:02:46,420 INFO =====> Num. aborted data so far: 0
2024-09-18 17:02:46,761 INFO ===> New TaichiEnv created.
2024-09-18 17:02:46,761 INFO ===> Specifications: horizon = 600, dt = 0.01, n_substeps = 20, dt_sub = 0.0005
2024-09-18 17:03:22,366 INFO =====> Epoch: 51
2024-09-18 17:03:22,366 INFO =====> EMD Loss: 28.749252319335938
2024-09-18 17:03:22,366 INFO =====> Height map loss: 24.303775787353516
2024-09-18 17:03:22,366 INFO =====> Grad: [-9.3176309e-03 -1.4712326e-01  1.3478685e-10 -4.0840703e-01
  2.3283064e-09]
2024-09-18 17:03:22,366 INFO =====> Skill params: [0.69158745 0.4587139  0.9668675  1.         0.30210721]
2024-09-18 17:03:22,367 INFO =====> Num. aborted data so far: 0
2024-09-18 17:03:22,706 INFO ===> New TaichiEnv created.
2024-09-18 17:03:22,707 INFO ===> Specifications: horizon = 600, dt = 0.01, n_substeps = 20, dt_sub = 0.0005
2024-09-18 17:03:57,785 INFO =====> Epoch: 52
2024-09-18 17:03:57,786 INFO =====> EMD Loss: 28.77762222290039
2024-09-18 17:03:57,786 INFO =====> Height map loss: 24.336503982543945
2024-09-18 17:03:57,786 INFO =====> Grad: [-9.2125526e-03 -1.4663112e-01 -8.2456175e-09 -4.0840703e-01
  1.0244548e-08]
2024-09-18 17:03:57,787 INFO =====> Skill params: [0.6895018  0.45897847 0.9681614  1.         0.30009434]
2024-09-18 17:03:57,787 INFO =====> Num. aborted data so far: 0
2024-09-18 17:03:58,135 INFO ===> New TaichiEnv created.
2024-09-18 17:03:58,135 INFO ===> Specifications: horizon = 600, dt = 0.01, n_substeps = 20, dt_sub = 0.0005
2024-09-18 17:04:33,469 INFO =====> Epoch: 53
2024-09-18 17:04:33,469 INFO =====> EMD Loss: 28.71691131591797
2024-09-18 17:04:33,469 INFO =====> Height map loss: 24.497238159179688
2024-09-18 17:04:33,469 INFO =====> Grad: [-9.1072796e-03 -1.4604203e-01  2.4676998e-09 -4.0840703e-01
  1.1641532e-08]
2024-09-18 17:04:33,469 INFO =====> Skill params: [0.68761146 0.45934165 0.969107   1.         0.29772723]
2024-09-18 17:04:33,469 INFO =====> Num. aborted data so far: 0
2024-09-18 17:04:33,831 INFO ===> New TaichiEnv created.
2024-09-18 17:04:33,832 INFO ===> Specifications: horizon = 600, dt = 0.01, n_substeps = 20, dt_sub = 0.0005
2024-09-18 17:05:08,344 INFO =====> Epoch: 54
2024-09-18 17:05:08,344 INFO =====> EMD Loss: 28.778095245361328
2024-09-18 17:05:08,344 INFO =====> Height map loss: 24.4864559173584
2024-09-18 17:05:08,344 INFO =====> Grad: [ 3.9562709e+00  1.0825686e+00 -2.0993344e-08 -4.4233627e+00
 -2.3283064e-09]
2024-09-18 17:05:08,345 INFO =====> Skill params: [0.6842081  0.45875692 0.97188455 1.         0.29568982]
2024-09-18 17:05:08,345 INFO =====> Num. aborted data so far: 0
2024-09-18 17:05:08,694 INFO ===> New TaichiEnv created.
2024-09-18 17:05:08,694 INFO ===> Specifications: horizon = 600, dt = 0.01, n_substeps = 20, dt_sub = 0.0005
2024-09-18 17:05:43,626 INFO =====> Epoch: 55
2024-09-18 17:05:43,626 INFO =====> EMD Loss: 28.800039291381836
2024-09-18 17:05:43,626 INFO =====> Height map loss: 24.51420021057129
2024-09-18 17:05:43,626 INFO =====> Grad: [ 3.9614160e+00  1.0811801e+00 -2.8422274e-08 -4.4233623e+00
  6.5192580e-09]
2024-09-18 17:05:43,627 INFO =====> Skill params: [0.6794948  0.45731798 0.97697246 1.         0.29353437]
2024-09-18 17:05:43,627 INFO =====> Num. aborted data so far: 0
2024-09-18 17:05:43,996 INFO ===> New TaichiEnv created.
2024-09-18 17:05:43,996 INFO ===> Specifications: horizon = 600, dt = 0.01, n_substeps = 20, dt_sub = 0.0005
2024-09-18 17:06:18,645 INFO =====> Epoch: 56
2024-09-18 17:06:18,645 INFO =====> EMD Loss: 28.887968063354492
2024-09-18 17:06:18,645 INFO =====> Height map loss: 24.494796752929688
2024-09-18 17:06:18,645 INFO =====> Grad: [ 3.9739785e+00  1.0772624e+00 -2.4672197e-08 -4.4233623e+00
 -6.9849193e-09]
2024-09-18 17:06:18,645 INFO =====> Skill params: [0.67364323 0.45511124 0.9837978  1.         0.2919129 ]
2024-09-18 17:06:18,645 INFO =====> Num. aborted data so far: 0
2024-09-18 17:06:19,001 INFO ===> New TaichiEnv created.
2024-09-18 17:06:19,001 INFO ===> Specifications: horizon = 600, dt = 0.01, n_substeps = 20, dt_sub = 0.0005
2024-09-18 17:06:53,689 INFO =====> Epoch: 57
2024-09-18 17:06:53,690 INFO =====> EMD Loss: 28.77244758605957
2024-09-18 17:06:53,690 INFO =====> Height map loss: 24.501070022583008
2024-09-18 17:06:53,690 INFO =====> Grad: [ 3.9933314e+00  1.0710549e+00  1.6328261e-08 -4.4233627e+00
  6.9849193e-09]
2024-09-18 17:06:53,690 INFO =====> Skill params: [0.66679925 0.45221645 0.9884633  1.         0.29010817]
2024-09-18 17:06:53,690 INFO =====> Num. aborted data so far: 0
2024-09-18 17:06:54,045 INFO ===> New TaichiEnv created.
2024-09-18 17:06:54,045 INFO ===> Specifications: horizon = 600, dt = 0.01, n_substeps = 20, dt_sub = 0.0005
2024-09-18 17:07:28,231 INFO =====> Epoch: 58
2024-09-18 17:07:28,232 INFO =====> EMD Loss: 28.66908073425293
2024-09-18 17:07:28,232 INFO =====> Height map loss: 24.249406814575195
2024-09-18 17:07:28,232 INFO =====> Grad: [ 3.9222176e+00  1.0649240e+00 -6.9393003e-08 -4.4233627e+00
  1.1641532e-08]
2024-09-18 17:07:28,232 INFO =====> Skill params: [0.6591183  0.44870526 0.99852645 1.         0.28791073]
2024-09-18 17:07:28,232 INFO =====> Num. aborted data so far: 0
2024-09-18 17:07:28,651 INFO ===> New TaichiEnv created.
2024-09-18 17:07:28,651 INFO ===> Specifications: horizon = 600, dt = 0.01, n_substeps = 20, dt_sub = 0.0005
2024-09-18 17:08:03,273 INFO =====> Epoch: 59
2024-09-18 17:08:03,273 INFO =====> EMD Loss: 28.59735870361328
2024-09-18 17:08:03,273 INFO =====> Height map loss: 24.039142608642578
2024-09-18 17:08:03,274 INFO =====> Grad: [ 3.9530463e+00  1.0561469e+00 -1.3489608e-08 -4.4233623e+00
 -1.3969839e-09]
2024-09-18 17:08:03,274 INFO =====> Skill params: [0.650701   0.44464427 1.         1.         0.28598696]
2024-09-18 17:08:03,274 INFO =====> Num. aborted data so far: 0
2024-09-18 17:08:03,631 INFO ===> New TaichiEnv created.
2024-09-18 17:08:03,631 INFO ===> Specifications: horizon = 600, dt = 0.01, n_substeps = 20, dt_sub = 0.0005
2024-09-18 17:08:37,303 INFO =====> Epoch: 60
2024-09-18 17:08:37,303 INFO =====> EMD Loss: 28.604938507080078
2024-09-18 17:08:37,303 INFO =====> Height map loss: 23.913530349731445
2024-09-18 17:08:37,303 INFO =====> Grad: [ 3.8912315e+00  1.0464253e+00 -6.2052749e-08 -4.4233623e+00
 -2.3283064e-09]
2024-09-18 17:08:37,303 INFO =====> Skill params: [0.64166373 0.44009414 1.         1.         0.28435752]
2024-09-18 17:08:37,303 INFO =====> Num. aborted data so far: 0
2024-09-18 17:08:37,660 INFO ===> New TaichiEnv created.
2024-09-18 17:08:37,660 INFO ===> Specifications: horizon = 600, dt = 0.01, n_substeps = 20, dt_sub = 0.0005
2024-09-18 17:09:11,834 INFO =====> Epoch: 61
2024-09-18 17:09:11,834 INFO =====> EMD Loss: 28.608261108398438
2024-09-18 17:09:11,834 INFO =====> Height map loss: 23.84372901916504
2024-09-18 17:09:11,834 INFO =====> Grad: [ 3.9315410e+00  1.0329666e+00 -3.6151224e-08 -4.4233627e+00
  1.3969839e-09]
2024-09-18 17:09:11,834 INFO =====> Skill params: [0.63207597 0.43511242 1.         1.         0.28281206]
2024-09-18 17:09:11,834 INFO =====> Num. aborted data so far: 0
2024-09-18 17:09:12,192 INFO ===> New TaichiEnv created.
2024-09-18 17:09:12,192 INFO ===> Specifications: horizon = 600, dt = 0.01, n_substeps = 20, dt_sub = 0.0005
2024-09-18 17:09:46,761 INFO =====> Epoch: 62
2024-09-18 17:09:46,762 INFO =====> EMD Loss: 28.628196716308594
2024-09-18 17:09:46,762 INFO =====> Height map loss: 23.71788215637207
2024-09-18 17:09:46,762 INFO =====> Grad: [ 3.9766841e+00  1.0195316e+00  1.9537872e-08 -4.4233627e+00
  8.3819032e-09]
2024-09-18 17:09:46,762 INFO =====> Skill params: [0.62199765 0.4297508  1.         1.         0.28099605]
2024-09-18 17:09:46,762 INFO =====> Num. aborted data so far: 0
2024-09-18 17:09:47,113 INFO ===> New TaichiEnv created.
2024-09-18 17:09:47,114 INFO ===> Specifications: horizon = 600, dt = 0.01, n_substeps = 20, dt_sub = 0.0005
2024-09-18 17:10:20,750 INFO =====> Epoch: 63
2024-09-18 17:10:20,750 INFO =====> EMD Loss: 28.50701332092285
2024-09-18 17:10:20,750 INFO =====> Height map loss: 23.46070671081543
2024-09-18 17:10:20,750 INFO =====> Grad: [ 3.9254868e+00  1.0070620e+00  2.3060633e-08 -4.4233623e+00
  3.7252903e-09]
2024-09-18 17:10:20,750 INFO =====> Skill params: [0.6115095 0.424055  1.        1.        0.2791647]
2024-09-18 17:10:20,750 INFO =====> Num. aborted data so far: 0
2024-09-18 17:10:21,185 INFO ===> New TaichiEnv created.
2024-09-18 17:10:21,185 INFO ===> Specifications: horizon = 600, dt = 0.01, n_substeps = 20, dt_sub = 0.0005
2024-09-18 17:10:55,170 INFO =====> Epoch: 64
2024-09-18 17:10:55,170 INFO =====> EMD Loss: 28.305740356445312
2024-09-18 17:10:55,170 INFO =====> Height map loss: 23.243337631225586
2024-09-18 17:10:55,170 INFO =====> Grad: [-1.0078096e-02 -1.6214614e-01 -3.5729282e-09 -3.9584070e-01
 -1.5366822e-08]
2024-09-18 17:10:55,171 INFO =====> Skill params: [0.60199934 0.41902867 1.         1.         0.2782789 ]
2024-09-18 17:10:55,171 INFO =====> Num. aborted data so far: 0
2024-09-18 17:10:55,610 INFO ===> New TaichiEnv created.
2024-09-18 17:10:55,610 INFO ===> Specifications: horizon = 600, dt = 0.01, n_substeps = 20, dt_sub = 0.0005
2024-09-18 17:11:28,810 INFO =====> Epoch: 65
2024-09-18 17:11:28,810 INFO =====> EMD Loss: 28.2498722076416
2024-09-18 17:11:28,810 INFO =====> Height map loss: 23.058256149291992
2024-09-18 17:11:28,810 INFO =====> Grad: [-1.0096636e-02 -1.6442440e-01  1.0772658e-09 -3.9584070e-01
 -1.2572855e-08]
2024-09-18 17:11:28,810 INFO =====> Skill params: [0.5933773  0.41461304 1.         1.         0.27811244]
2024-09-18 17:11:28,810 INFO =====> Num. aborted data so far: 0
2024-09-18 17:11:29,168 INFO ===> New TaichiEnv created.
2024-09-18 17:11:29,168 INFO ===> Specifications: horizon = 600, dt = 0.01, n_substeps = 20, dt_sub = 0.0005
2024-09-18 17:12:02,184 INFO =====> Epoch: 66
2024-09-18 17:12:02,184 INFO =====> EMD Loss: 28.06962013244629
2024-09-18 17:12:02,184 INFO =====> Height map loss: 22.872629165649414
2024-09-18 17:12:02,184 INFO =====> Grad: [-1.0415604e-02 -1.6678582e-01 -1.7221331e-09 -3.9584070e-01
  1.4901161e-08]
2024-09-18 17:12:02,184 INFO =====> Skill params: [0.58556175 0.41075483 1.         1.         0.2772041 ]
2024-09-18 17:12:02,184 INFO =====> Num. aborted data so far: 0
2024-09-18 17:12:02,618 INFO ===> New TaichiEnv created.
2024-09-18 17:12:02,618 INFO ===> Specifications: horizon = 600, dt = 0.01, n_substeps = 20, dt_sub = 0.0005
2024-09-18 17:12:36,736 INFO =====> Epoch: 67
2024-09-18 17:12:36,736 INFO =====> EMD Loss: 28.160310745239258
2024-09-18 17:12:36,736 INFO =====> Height map loss: 22.792390823364258
2024-09-18 17:12:36,736 INFO =====> Grad: [-1.0410192e-02 -1.7068312e-01  2.4642324e-09 -3.9584064e-01
  6.0535967e-09]
2024-09-18 17:12:36,736 INFO =====> Skill params: [0.57847846 0.40740702 1.         1.         0.27607182]
2024-09-18 17:12:36,736 INFO =====> Num. aborted data so far: 0
2024-09-18 17:12:37,096 INFO ===> New TaichiEnv created.
2024-09-18 17:12:37,096 INFO ===> Specifications: horizon = 600, dt = 0.01, n_substeps = 20, dt_sub = 0.0005
2024-09-18 17:13:10,212 INFO =====> Epoch: 68
2024-09-18 17:13:10,212 INFO =====> EMD Loss: 28.11264991760254
2024-09-18 17:13:10,212 INFO =====> Height map loss: 22.702613830566406
2024-09-18 17:13:10,212 INFO =====> Grad: [-1.0389779e-02 -1.7112789e-01  1.5290507e-09 -3.9584059e-01
  4.6566129e-09]
2024-09-18 17:13:10,212 INFO =====> Skill params: [0.5720598  0.40452373 1.         1.         0.2748068 ]
2024-09-18 17:13:10,212 INFO =====> Num. aborted data so far: 0
2024-09-18 17:13:10,572 INFO ===> New TaichiEnv created.
2024-09-18 17:13:10,572 INFO ===> Specifications: horizon = 600, dt = 0.01, n_substeps = 20, dt_sub = 0.0005
2024-09-18 17:13:43,436 INFO =====> Epoch: 69
2024-09-18 17:13:43,436 INFO =====> EMD Loss: 28.201160430908203
2024-09-18 17:13:43,436 INFO =====> Height map loss: 22.59525489807129
2024-09-18 17:13:43,436 INFO =====> Grad: [-1.0659294e-02 -1.7188895e-01  1.5258177e-09 -3.9584070e-01
 -1.3038516e-08]
2024-09-18 17:13:43,436 INFO =====> Skill params: [0.56624454 0.40206364 1.         1.         0.2743368 ]
2024-09-18 17:13:43,436 INFO =====> Num. aborted data so far: 0
2024-09-18 17:13:43,797 INFO ===> New TaichiEnv created.
2024-09-18 17:13:43,797 INFO ===> Specifications: horizon = 600, dt = 0.01, n_substeps = 20, dt_sub = 0.0005
2024-09-18 17:14:16,599 INFO =====> Epoch: 70
2024-09-18 17:14:16,599 INFO =====> EMD Loss: 28.10368537902832
2024-09-18 17:14:16,599 INFO =====> Height map loss: 22.62970542907715
2024-09-18 17:14:16,599 INFO =====> Grad: [-1.0619230e-02 -1.7430800e-01 -5.9274559e-09 -3.9584070e-01
  1.1641532e-08]
2024-09-18 17:14:16,600 INFO =====> Skill params: [0.5609769  0.39999068 1.         1.         0.27330536]
2024-09-18 17:14:16,600 INFO =====> Num. aborted data so far: 0
2024-09-18 17:14:16,957 INFO ===> New TaichiEnv created.
2024-09-18 17:14:16,957 INFO ===> Specifications: horizon = 600, dt = 0.01, n_substeps = 20, dt_sub = 0.0005
2024-09-18 17:14:50,682 INFO =====> Epoch: 71
2024-09-18 17:14:50,682 INFO =====> EMD Loss: 28.074481964111328
2024-09-18 17:14:50,682 INFO =====> Height map loss: 22.547496795654297
2024-09-18 17:14:50,682 INFO =====> Grad: [-1.0563886e-02 -1.7325442e-01  2.9178859e-09 -3.9584070e-01
 -6.0535967e-09]
2024-09-18 17:14:50,682 INFO =====> Skill params: [0.55620617 0.39826894 1.         1.         0.2726886 ]
2024-09-18 17:14:50,682 INFO =====> Num. aborted data so far: 0
2024-09-18 17:14:51,041 INFO ===> New TaichiEnv created.
2024-09-18 17:14:51,041 INFO ===> Specifications: horizon = 600, dt = 0.01, n_substeps = 20, dt_sub = 0.0005
2024-09-18 17:15:24,133 INFO =====> Epoch: 72
2024-09-18 17:15:24,133 INFO =====> EMD Loss: 28.057275772094727
2024-09-18 17:15:24,133 INFO =====> Height map loss: 22.5566349029541
2024-09-18 17:15:24,133 INFO =====> Grad: [-1.0500271e-02 -1.7484213e-01 -4.5345065e-09 -3.9584064e-01
  9.3132257e-09]
2024-09-18 17:15:24,133 INFO =====> Skill params: [0.5518862  0.3968682  1.         1.         0.27163997]
2024-09-18 17:15:24,134 INFO =====> Num. aborted data so far: 0
2024-09-18 17:15:24,503 INFO ===> New TaichiEnv created.
2024-09-18 17:15:24,504 INFO ===> Specifications: horizon = 600, dt = 0.01, n_substeps = 20, dt_sub = 0.0005
2024-09-18 17:15:57,755 INFO =====> Epoch: 73
2024-09-18 17:15:57,755 INFO =====> EMD Loss: 28.1096134185791
2024-09-18 17:15:57,755 INFO =====> Height map loss: 22.547866821289062
2024-09-18 17:15:57,755 INFO =====> Grad: [-1.0426994e-02 -1.7607322e-01 -1.2763310e-09 -3.9584070e-01
  2.2817403e-08]
2024-09-18 17:15:57,755 INFO =====> Skill params: [0.54797524 0.39576072 1.         1.         0.26948518]
2024-09-18 17:15:57,755 INFO =====> Num. aborted data so far: 0
2024-09-18 17:15:58,122 INFO ===> New TaichiEnv created.
2024-09-18 17:15:58,122 INFO ===> Specifications: horizon = 600, dt = 0.01, n_substeps = 20, dt_sub = 0.0005
2024-09-18 17:16:31,123 INFO =====> Epoch: 74
2024-09-18 17:16:31,123 INFO =====> EMD Loss: 28.223806381225586
2024-09-18 17:16:31,123 INFO =====> Height map loss: 22.61297607421875
2024-09-18 17:16:31,123 INFO =====> Grad: [-1.0345064e-02 -1.7697309e-01  1.0508407e-09 -3.9584070e-01
 -1.8626451e-09]
2024-09-18 17:16:31,123 INFO =====> Skill params: [0.54443526 0.39492097 1.         1.         0.2676339 ]
2024-09-18 17:16:31,123 INFO =====> Num. aborted data so far: 0
2024-09-18 17:16:31,474 INFO ===> New TaichiEnv created.
2024-09-18 17:16:31,474 INFO ===> Specifications: horizon = 600, dt = 0.01, n_substeps = 20, dt_sub = 0.0005
2024-09-18 17:17:04,405 INFO =====> Epoch: 75
2024-09-18 17:17:04,405 INFO =====> EMD Loss: 28.025249481201172
2024-09-18 17:17:04,405 INFO =====> Height map loss: 22.49386978149414
2024-09-18 17:17:04,405 INFO =====> Grad: [-1.0556985e-02 -1.7546180e-01  1.5156498e-09 -3.9584064e-01
  1.0710210e-08]
2024-09-18 17:17:04,405 INFO =====> Skill params: [0.5412319 0.3943236 1.        1.        0.2653861]
2024-09-18 17:17:04,405 INFO =====> Num. aborted data so far: 0
2024-09-18 17:17:04,768 INFO ===> New TaichiEnv created.
2024-09-18 17:17:04,768 INFO ===> Specifications: horizon = 600, dt = 0.01, n_substeps = 20, dt_sub = 0.0005
2024-09-18 17:17:37,870 INFO =====> Epoch: 76
2024-09-18 17:17:37,871 INFO =====> EMD Loss: 28.123414993286133
2024-09-18 17:17:37,871 INFO =====> Height map loss: 22.591766357421875
2024-09-18 17:17:37,871 INFO =====> Grad: [-1.0461810e-02 -1.7578208e-01 -3.6072261e-09 -3.9584070e-01
 -5.1222742e-09]
2024-09-18 17:17:37,871 INFO =====> Skill params: [0.5383337  0.39394718 1.         1.         0.2636274 ]
2024-09-18 17:17:37,871 INFO =====> Num. aborted data so far: 0
2024-09-18 17:17:38,223 INFO ===> New TaichiEnv created.
2024-09-18 17:17:38,223 INFO ===> Specifications: horizon = 600, dt = 0.01, n_substeps = 20, dt_sub = 0.0005
2024-09-18 17:18:11,921 INFO =====> Epoch: 77
2024-09-18 17:18:11,921 INFO =====> EMD Loss: 28.144540786743164
2024-09-18 17:18:11,921 INFO =====> Height map loss: 22.622631072998047
2024-09-18 17:18:11,921 INFO =====> Grad: [-1.03615215e-02 -1.75847977e-01 -4.53892612e-09 -3.95840645e-01
 -9.31322575e-10]
2024-09-18 17:18:11,921 INFO =====> Skill params: [0.5357123  0.39377216 1.         1.         0.26208627]
2024-09-18 17:18:11,921 INFO =====> Num. aborted data so far: 0
2024-09-18 17:18:12,280 INFO ===> New TaichiEnv created.
2024-09-18 17:18:12,280 INFO ===> Specifications: horizon = 600, dt = 0.01, n_substeps = 20, dt_sub = 0.0005
2024-09-18 17:18:45,205 INFO =====> Epoch: 78
2024-09-18 17:18:45,206 INFO =====> EMD Loss: 28.258777618408203
2024-09-18 17:18:45,206 INFO =====> Height map loss: 22.725746154785156
2024-09-18 17:18:45,206 INFO =====> Grad: [-1.0256732e-02 -1.7568134e-01  5.2397855e-09 -3.9584070e-01
  4.6566129e-10]
2024-09-18 17:18:45,206 INFO =====> Skill params: [0.5333418  0.39378047 1.         1.         0.26066643]
2024-09-18 17:18:45,206 INFO =====> Num. aborted data so far: 0
2024-09-18 17:18:45,566 INFO ===> New TaichiEnv created.
2024-09-18 17:18:45,566 INFO ===> Specifications: horizon = 600, dt = 0.01, n_substeps = 20, dt_sub = 0.0005
2024-09-18 17:19:18,493 INFO =====> Epoch: 79
2024-09-18 17:19:18,493 INFO =====> EMD Loss: 28.241924285888672
2024-09-18 17:19:18,493 INFO =====> Height map loss: 22.74631118774414
2024-09-18 17:19:18,494 INFO =====> Grad: [-1.0145941e-02 -1.7530306e-01  6.6367778e-09 -3.9584070e-01
 -9.7788870e-09]
2024-09-18 17:19:18,494 INFO =====> Skill params: [0.53119886 0.39395556 1.         1.         0.25991634]
2024-09-18 17:19:18,494 INFO =====> Num. aborted data so far: 0
2024-09-18 17:19:18,860 INFO ===> New TaichiEnv created.
2024-09-18 17:19:18,860 INFO ===> Specifications: horizon = 600, dt = 0.01, n_substeps = 20, dt_sub = 0.0005
2024-09-18 17:19:51,776 INFO =====> Epoch: 80
2024-09-18 17:19:51,776 INFO =====> EMD Loss: 28.305871963500977
2024-09-18 17:19:51,776 INFO =====> Height map loss: 22.702550888061523
2024-09-18 17:19:51,776 INFO =====> Grad: [ 3.8485210e+00  9.1360295e-01 -2.6659954e-08 -4.2851329e+00
  5.1222742e-09]
2024-09-18 17:19:51,776 INFO =====> Skill params: [0.52764446 0.39323887 1.         1.         0.25895643]
2024-09-18 17:19:51,776 INFO =====> Num. aborted data so far: 0
2024-09-18 17:19:52,132 INFO ===> New TaichiEnv created.
2024-09-18 17:19:52,132 INFO ===> Specifications: horizon = 600, dt = 0.01, n_substeps = 20, dt_sub = 0.0005
2024-09-18 17:20:25,470 INFO =====> Epoch: 81
2024-09-18 17:20:25,470 INFO =====> EMD Loss: 28.339752197265625
2024-09-18 17:20:25,470 INFO =====> Height map loss: 22.72591781616211
2024-09-18 17:20:25,470 INFO =====> Grad: [ 3.8556724e+00  9.1168231e-01 -1.1783563e-08 -4.2851319e+00
 -4.6566129e-10]
2024-09-18 17:20:25,470 INFO =====> Skill params: [0.5228473  0.39171892 1.         1.         0.2581137 ]
2024-09-18 17:20:25,470 INFO =====> Num. aborted data so far: 0
2024-09-18 17:20:25,831 INFO ===> New TaichiEnv created.
2024-09-18 17:20:25,831 INFO ===> Specifications: horizon = 600, dt = 0.01, n_substeps = 20, dt_sub = 0.0005
2024-09-18 17:20:57,932 INFO =====> Epoch: 82
2024-09-18 17:20:57,932 INFO =====> EMD Loss: 28.319669723510742
2024-09-18 17:20:57,932 INFO =====> Height map loss: 22.738811492919922
2024-09-18 17:20:57,932 INFO =====> Grad: [ 3.8707373e+00  9.0717047e-01  4.4043379e-08 -4.2851319e+00
  4.6566129e-09]
2024-09-18 17:20:57,932 INFO =====> Skill params: [0.51695293 0.38947794 1.         1.         0.25709304]
2024-09-18 17:20:57,932 INFO =====> Num. aborted data so far: 0
2024-09-18 17:20:58,287 INFO ===> New TaichiEnv created.
2024-09-18 17:20:58,287 INFO ===> Specifications: horizon = 600, dt = 0.01, n_substeps = 20, dt_sub = 0.0005
2024-09-18 17:21:30,394 INFO =====> Epoch: 83
2024-09-18 17:21:30,394 INFO =====> EMD Loss: 28.339529037475586
2024-09-18 17:21:30,394 INFO =====> Height map loss: 22.698001861572266
2024-09-18 17:21:30,394 INFO =====> Grad: [ 3.8932211e+00  9.0204132e-01  5.1417057e-08 -4.2851324e+00
 -4.1909516e-09]
2024-09-18 17:21:30,394 INFO =====> Skill params: [0.51008713 0.38659057 0.9954589  1.         0.2564035 ]
2024-09-18 17:21:30,394 INFO =====> Num. aborted data so far: 0
2024-09-18 17:21:30,750 INFO ===> New TaichiEnv created.
2024-09-18 17:21:30,750 INFO ===> Specifications: horizon = 600, dt = 0.01, n_substeps = 20, dt_sub = 0.0005
2024-09-18 17:22:02,449 INFO =====> Epoch: 84
2024-09-18 17:22:02,450 INFO =====> EMD Loss: 28.291772842407227
2024-09-18 17:22:02,450 INFO =====> Height map loss: 22.70819091796875
2024-09-18 17:22:02,450 INFO =====> Grad: [ 3.9224238e+00  8.9308280e-01  5.4965682e-08 -4.2851315e+00
  4.6566129e-10]
2024-09-18 17:22:02,450 INFO =====> Skill params: [0.50235873 0.38312766 0.98663706 1.         0.25575373]
2024-09-18 17:22:02,450 INFO =====> Num. aborted data so far: 0
2024-09-18 17:22:02,810 INFO ===> New TaichiEnv created.
2024-09-18 17:22:02,810 INFO ===> Specifications: horizon = 600, dt = 0.01, n_substeps = 20, dt_sub = 0.0005
2024-09-18 17:22:34,981 INFO =====> Epoch: 85
2024-09-18 17:22:34,982 INFO =====> EMD Loss: 28.176097869873047
2024-09-18 17:22:34,982 INFO =====> Height map loss: 22.559040069580078
2024-09-18 17:22:34,982 INFO =====> Grad: [ 3.8473265e+00  8.8448691e-01 -2.3536291e-08 -4.2851329e+00
 -4.1909516e-09]
2024-09-18 17:22:34,982 INFO =====> Skill params: [0.4938998  0.3791526  0.98075557 1.         0.2554021 ]
2024-09-18 17:22:34,982 INFO =====> Num. aborted data so far: 0
2024-09-18 17:22:35,365 INFO ===> New TaichiEnv created.
2024-09-18 17:22:35,365 INFO ===> Specifications: horizon = 600, dt = 0.01, n_substeps = 20, dt_sub = 0.0005
2024-09-18 17:23:06,909 INFO =====> Epoch: 86
2024-09-18 17:23:06,909 INFO =====> EMD Loss: 28.19443130493164
2024-09-18 17:23:06,909 INFO =====> Height map loss: 22.564695358276367
2024-09-18 17:23:06,909 INFO =====> Grad: [ 3.8878849e+00  8.7367284e-01 -1.2808201e-07 -4.2851324e+00
  6.0535967e-09]
2024-09-18 17:23:06,909 INFO =====> Skill params: [0.48478642 0.37472457 0.98610586 1.         0.25474152]
2024-09-18 17:23:06,909 INFO =====> Num. aborted data so far: 0
2024-09-18 17:23:07,275 INFO ===> New TaichiEnv created.
2024-09-18 17:23:07,275 INFO ===> Specifications: horizon = 600, dt = 0.01, n_substeps = 20, dt_sub = 0.0005
2024-09-18 17:23:39,243 INFO =====> Epoch: 87
2024-09-18 17:23:39,243 INFO =====> EMD Loss: 28.26102066040039
2024-09-18 17:23:39,243 INFO =====> Height map loss: 22.567068099975586
2024-09-18 17:23:39,243 INFO =====> Grad: [ 3.8213511e+00  8.6180913e-01  6.1854088e-08 -4.2851319e+00
  2.7939677e-09]
2024-09-18 17:23:39,244 INFO =====> Skill params: [0.4751217  0.36989778 0.9860275  1.         0.25398526]
2024-09-18 17:23:39,244 INFO =====> Num. aborted data so far: 0
2024-09-18 17:23:39,736 INFO ===> New TaichiEnv created.
2024-09-18 17:23:39,736 INFO ===> Specifications: horizon = 600, dt = 0.01, n_substeps = 20, dt_sub = 0.0005
2024-09-18 17:24:12,724 INFO =====> Epoch: 88
2024-09-18 17:24:12,724 INFO =====> EMD Loss: 28.402145385742188
2024-09-18 17:24:12,724 INFO =====> Height map loss: 22.508323669433594
2024-09-18 17:24:12,724 INFO =====> Grad: [ 3.8714030e+00  8.4809107e-01 -8.7318135e-08 -4.2851319e+00
 -4.6566129e-09]
2024-09-18 17:24:12,724 INFO =====> Skill params: [0.46495777 0.36472276 0.9925219  1.         0.25356746]
2024-09-18 17:24:12,724 INFO =====> Num. aborted data so far: 0
2024-09-18 17:24:13,090 INFO ===> New TaichiEnv created.
2024-09-18 17:24:13,090 INFO ===> Specifications: horizon = 600, dt = 0.01, n_substeps = 20, dt_sub = 0.0005
2024-09-18 17:24:44,402 INFO =====> Epoch: 89
2024-09-18 17:24:44,402 INFO =====> EMD Loss: 28.2083797454834
2024-09-18 17:24:44,402 INFO =====> Height map loss: 22.407522201538086
2024-09-18 17:24:44,402 INFO =====> Grad: [ 3.8113508e+00  8.3358639e-01 -2.7766809e-08 -4.2851324e+00
 -2.7939677e-09]
2024-09-18 17:24:44,402 INFO =====> Skill params: [0.45437664 0.35924572 1.         1.         0.25335005]
2024-09-18 17:24:44,403 INFO =====> Num. aborted data so far: 0
2024-09-18 17:24:44,769 INFO ===> New TaichiEnv created.
2024-09-18 17:24:44,769 INFO ===> Specifications: horizon = 600, dt = 0.01, n_substeps = 20, dt_sub = 0.0005
2024-09-18 17:25:16,404 INFO =====> Epoch: 90
2024-09-18 17:25:16,404 INFO =====> EMD Loss: 28.37894058227539
2024-09-18 17:25:16,404 INFO =====> Height map loss: 22.3079776763916
2024-09-18 17:25:16,404 INFO =====> Grad: [ 3.8697011e+00  8.1754911e-01  2.8069682e-08 -4.2851319e+00
 -7.9162419e-09]
2024-09-18 17:25:16,404 INFO =====> Skill params: [0.44341248 0.35350966 1.         1.         0.25360996]
2024-09-18 17:25:16,404 INFO =====> Num. aborted data so far: 0
2024-09-18 17:25:16,760 INFO ===> New TaichiEnv created.
2024-09-18 17:25:16,761 INFO ===> Specifications: horizon = 600, dt = 0.01, n_substeps = 20, dt_sub = 0.0005
2024-09-18 17:25:48,329 INFO =====> Epoch: 91
2024-09-18 17:25:48,329 INFO =====> EMD Loss: 28.50365447998047
2024-09-18 17:25:48,329 INFO =====> Height map loss: 22.4034423828125
2024-09-18 17:25:48,329 INFO =====> Grad: [ 3.8144460e+00  8.0093241e-01 -1.9126354e-09 -4.2851324e+00
  4.6566129e-10]
2024-09-18 17:25:48,329 INFO =====> Skill params: [0.4321318  0.34755388 1.         1.         0.25381798]
2024-09-18 17:25:48,329 INFO =====> Num. aborted data so far: 0
2024-09-18 17:25:48,699 INFO ===> New TaichiEnv created.
2024-09-18 17:25:48,700 INFO ===> Specifications: horizon = 600, dt = 0.01, n_substeps = 20, dt_sub = 0.0005
2024-09-18 17:26:20,396 INFO =====> Epoch: 92
2024-09-18 17:26:20,397 INFO =====> EMD Loss: 28.58745574951172
2024-09-18 17:26:20,397 INFO =====> Height map loss: 22.128726959228516
2024-09-18 17:26:20,397 INFO =====> Grad: [ 3.8800311e+00  7.8306925e-01  3.5156415e-08 -4.2851324e+00
 -5.5879354e-09]
2024-09-18 17:26:20,397 INFO =====> Skill params: [0.42055526 0.34141496 1.         1.         0.25433117]
2024-09-18 17:26:20,397 INFO =====> Num. aborted data so far: 0
2024-09-18 17:26:20,756 INFO ===> New TaichiEnv created.
2024-09-18 17:26:20,756 INFO ===> Specifications: horizon = 600, dt = 0.01, n_substeps = 20, dt_sub = 0.0005
2024-09-18 17:26:53,122 INFO =====> Epoch: 93
2024-09-18 17:26:53,122 INFO =====> EMD Loss: 28.561542510986328
2024-09-18 17:26:53,122 INFO =====> Height map loss: 22.073326110839844
2024-09-18 17:26:53,122 INFO =====> Grad: [ 3.8281977e+00  7.6480156e-01 -3.5810331e-08 -4.2851319e+00
 -1.8626451e-09]
2024-09-18 17:26:53,122 INFO =====> Skill params: [0.40873796 0.33512622 1.         1.         0.254904  ]
2024-09-18 17:26:53,122 INFO =====> Num. aborted data so far: 0
2024-09-18 17:26:53,484 INFO ===> New TaichiEnv created.
2024-09-18 17:26:53,484 INFO ===> Specifications: horizon = 600, dt = 0.01, n_substeps = 20, dt_sub = 0.0005
2024-09-18 17:27:24,228 INFO =====> Epoch: 94
2024-09-18 17:27:24,228 INFO =====> EMD Loss: 28.501890182495117
2024-09-18 17:27:24,228 INFO =====> Height map loss: 21.95633316040039
2024-09-18 17:27:24,228 INFO =====> Grad: [ 3.9003146e+00  7.4555802e-01 -9.9206297e-09 -4.2851319e+00
 -6.0535967e-09]
2024-09-18 17:27:24,228 INFO =====> Skill params: [0.3966902  0.32871866 1.         1.         0.25577718]
2024-09-18 17:27:24,228 INFO =====> Num. aborted data so far: 0
2024-09-18 17:27:24,587 INFO ===> New TaichiEnv created.
2024-09-18 17:27:24,587 INFO ===> Specifications: horizon = 600, dt = 0.01, n_substeps = 20, dt_sub = 0.0005
2024-09-18 17:27:55,143 INFO =====> Epoch: 95
2024-09-18 17:27:55,143 INFO =====> EMD Loss: 28.492639541625977
2024-09-18 17:27:55,143 INFO =====> Height map loss: 21.74595832824707
2024-09-18 17:27:55,143 INFO =====> Grad: [ 3.8507690e+00  7.2825825e-01  3.4595597e-08 -4.2851324e+00
 -9.3132257e-10]
2024-09-18 17:27:55,143 INFO =====> Skill params: [0.38445863 0.32221845 1.         1.         0.25662142]
2024-09-18 17:27:55,143 INFO =====> Num. aborted data so far: 0
2024-09-18 17:27:55,507 INFO ===> New TaichiEnv created.
2024-09-18 17:27:55,507 INFO ===> Specifications: horizon = 600, dt = 0.01, n_substeps = 20, dt_sub = 0.0005
2024-09-18 17:28:26,399 INFO =====> Epoch: 96
2024-09-18 17:28:26,399 INFO =====> EMD Loss: 28.595294952392578
2024-09-18 17:28:26,399 INFO =====> Height map loss: 21.741313934326172
2024-09-18 17:28:26,400 INFO =====> Grad: [ 3.8009448e+00  7.0828319e-01 -8.1074617e-08 -4.2851324e+00
 -9.3132257e-10]
2024-09-18 17:28:26,400 INFO =====> Skill params: [0.37208435 0.3156517  1.         1.         0.2574397 ]
2024-09-18 17:28:26,400 INFO =====> Num. aborted data so far: 0
2024-09-18 17:28:26,782 INFO ===> New TaichiEnv created.
2024-09-18 17:28:26,782 INFO ===> Specifications: horizon = 600, dt = 0.01, n_substeps = 20, dt_sub = 0.0005
2024-09-18 17:28:56,810 INFO =====> Epoch: 97
2024-09-18 17:28:56,810 INFO =====> EMD Loss: 28.63286018371582
2024-09-18 17:28:56,810 INFO =====> Height map loss: 21.72140884399414
2024-09-18 17:28:56,810 INFO =====> Grad: [ 3.8803251e+00  6.8771976e-01 -7.0083018e-08 -4.2851324e+00
 -2.3283064e-08]
2024-09-18 17:28:56,810 INFO =====> Skill params: [0.35956427 0.30904266 1.         1.         0.25956115]
2024-09-18 17:28:56,810 INFO =====> Num. aborted data so far: 0
2024-09-18 17:28:57,292 INFO ===> New TaichiEnv created.
2024-09-18 17:28:57,292 INFO ===> Specifications: horizon = 600, dt = 0.01, n_substeps = 20, dt_sub = 0.0005
2024-09-18 17:29:27,421 INFO =====> Epoch: 98
2024-09-18 17:29:27,421 INFO =====> EMD Loss: 28.791343688964844
2024-09-18 17:29:27,421 INFO =====> Height map loss: 21.498342514038086
2024-09-18 17:29:27,421 INFO =====> Grad: [ 3.8311539e+00  6.6944081e-01  6.7571179e-08 -4.2851324e+00
 -5.5879354e-09]
2024-09-18 17:29:27,421 INFO =====> Skill params: [0.34693483 0.30241105 1.         1.         0.26181173]
2024-09-18 17:29:27,421 INFO =====> Num. aborted data so far: 0
2024-09-18 17:29:27,788 INFO ===> New TaichiEnv created.
2024-09-18 17:29:27,788 INFO ===> Specifications: horizon = 600, dt = 0.01, n_substeps = 20, dt_sub = 0.0005
2024-09-18 17:29:58,574 INFO =====> Epoch: 99
2024-09-18 17:29:58,574 INFO =====> EMD Loss: 28.68229866027832
2024-09-18 17:29:58,574 INFO =====> Height map loss: 21.423912048339844
2024-09-18 17:29:58,574 INFO =====> Grad: [-1.1578679e-02 -2.3000653e-01  1.9310691e-09 -3.9584064e-01
 -6.5192580e-09]
2024-09-18 17:29:58,574 INFO =====> Skill params: [0.3355125  0.29664257 1.         1.         0.26423603]
2024-09-18 17:29:58,574 INFO =====> Num. aborted data so far: 0
2024-09-18 17:29:58,934 INFO ===> New TaichiEnv created.
2024-09-18 17:29:58,934 INFO ===> Specifications: horizon = 600, dt = 0.01, n_substeps = 20, dt_sub = 0.0005
2024-09-18 17:30:28,736 INFO =====> Epoch: 100
2024-09-18 17:30:28,736 INFO =====> EMD Loss: 28.60036849975586
2024-09-18 17:30:28,736 INFO =====> Height map loss: 21.424848556518555
2024-09-18 17:30:28,736 INFO =====> Grad: [-1.1496938e-02 -2.3298152e-01  1.4651516e-09 -3.9584070e-01
 -1.3969839e-09]
2024-09-18 17:30:28,736 INFO =====> Skill params: [0.32518286 0.29165924 1.         1.         0.26651105]
2024-09-18 17:30:28,736 INFO =====> Num. aborted data so far: 0
2024-09-18 17:30:29,095 INFO ===> New TaichiEnv created.
2024-09-18 17:30:29,095 INFO ===> Specifications: horizon = 600, dt = 0.01, n_substeps = 20, dt_sub = 0.0005
2024-09-18 17:30:58,851 INFO =====> Epoch: 101
2024-09-18 17:30:58,851 INFO =====> EMD Loss: 28.632421493530273
2024-09-18 17:30:58,851 INFO =====> Height map loss: 21.432781219482422
2024-09-18 17:30:58,851 INFO =====> Grad: [-1.1610649e-02 -2.3801635e-01  3.3278482e-09 -3.9584070e-01
  0.0000000e+00]
2024-09-18 17:30:58,852 INFO =====> Skill params: [0.3158423  0.28739256 1.         1.         0.26856706]
2024-09-18 17:30:58,852 INFO =====> Num. aborted data so far: 0
2024-09-18 17:30:59,209 INFO ===> New TaichiEnv created.
2024-09-18 17:30:59,209 INFO ===> Specifications: horizon = 600, dt = 0.01, n_substeps = 20, dt_sub = 0.0005
2024-09-18 17:31:27,853 INFO =====> Epoch: 102
2024-09-18 17:31:27,853 INFO =====> EMD Loss: 28.56845474243164
2024-09-18 17:31:27,853 INFO =====> Height map loss: 21.547847747802734
2024-09-18 17:31:27,854 INFO =====> Grad: [-1.1480900e-02 -2.3850119e-01 -3.9719694e-10 -3.9584070e-01
  7.9162419e-09]
2024-09-18 17:31:27,854 INFO =====> Skill params: [0.30739692 0.28377584 1.         1.         0.26994482]
2024-09-18 17:31:27,854 INFO =====> Num. aborted data so far: 0
2024-09-18 17:31:28,212 INFO ===> New TaichiEnv created.
2024-09-18 17:31:28,212 INFO ===> Specifications: horizon = 600, dt = 0.01, n_substeps = 20, dt_sub = 0.0005
2024-09-18 17:31:56,758 INFO =====> Epoch: 103
2024-09-18 17:31:56,759 INFO =====> EMD Loss: 28.729604721069336
2024-09-18 17:31:56,759 INFO =====> Height map loss: 21.499103546142578
2024-09-18 17:31:56,759 INFO =====> Grad: [-1.1541082e-02 -2.4149036e-01 -3.1908121e-09 -3.9584064e-01
  1.3969839e-08]
2024-09-18 17:31:56,759 INFO =====> Skill params: [0.29976174 0.28075132 1.         1.         0.27033928]
2024-09-18 17:31:56,759 INFO =====> Num. aborted data so far: 0
2024-09-18 17:31:57,124 INFO ===> New TaichiEnv created.
2024-09-18 17:31:57,124 INFO ===> Specifications: horizon = 600, dt = 0.01, n_substeps = 20, dt_sub = 0.0005
2024-09-18 17:32:25,752 INFO =====> Epoch: 104
2024-09-18 17:32:25,752 INFO =====> EMD Loss: 28.730276107788086
2024-09-18 17:32:25,752 INFO =====> Height map loss: 21.50669288635254
2024-09-18 17:32:25,752 INFO =====> Grad: [-1.1377536e-02 -2.4589802e-01 -4.1217376e-09 -3.9584070e-01
  6.9849193e-09]
2024-09-18 17:32:25,752 INFO =====> Skill params: [0.29285973 0.27826816 1.         1.         0.27026904]
2024-09-18 17:32:25,752 INFO =====> Num. aborted data so far: 0
2024-09-18 17:32:26,200 INFO ===> New TaichiEnv created.
2024-09-18 17:32:26,200 INFO ===> Specifications: horizon = 600, dt = 0.01, n_substeps = 20, dt_sub = 0.0005
2024-09-18 17:32:55,785 INFO =====> Epoch: 105
2024-09-18 17:32:55,785 INFO =====> EMD Loss: 28.75595474243164
2024-09-18 17:32:55,785 INFO =====> Height map loss: 21.57459831237793
2024-09-18 17:32:55,785 INFO =====> Grad: [-1.1189357e-02 -2.4315819e-01  5.3527049e-10 -3.9584064e-01
  1.3969839e-09]
2024-09-18 17:32:55,785 INFO =====> Skill params: [0.28662115 0.27627295 1.         1.         0.2701199 ]
2024-09-18 17:32:55,785 INFO =====> Num. aborted data so far: 0
2024-09-18 17:32:56,151 INFO ===> New TaichiEnv created.
2024-09-18 17:32:56,151 INFO ===> Specifications: horizon = 600, dt = 0.01, n_substeps = 20, dt_sub = 0.0005
2024-09-18 17:33:25,492 INFO =====> Epoch: 106
2024-09-18 17:33:25,492 INFO =====> EMD Loss: 28.970535278320312
2024-09-18 17:33:25,492 INFO =====> Height map loss: 21.674352645874023
2024-09-18 17:33:25,492 INFO =====> Grad: [-1.0987984e-02 -2.4580304e-01 -5.9836243e-09 -3.9584064e-01
  1.6763806e-08]
2024-09-18 17:33:25,492 INFO =====> Skill params: [0.28098282 0.274723   1.         1.         0.26895398]
2024-09-18 17:33:25,492 INFO =====> Num. aborted data so far: 0
2024-09-18 17:33:25,852 INFO ===> New TaichiEnv created.
2024-09-18 17:33:25,852 INFO ===> Specifications: horizon = 600, dt = 0.01, n_substeps = 20, dt_sub = 0.0005
2024-09-18 17:33:54,913 INFO =====> Epoch: 107
2024-09-18 17:33:54,913 INFO =====> EMD Loss: 28.972780227661133
2024-09-18 17:33:54,913 INFO =====> Height map loss: 21.692554473876953
2024-09-18 17:33:54,913 INFO =====> Grad: [-1.0991403e-02 -2.4545002e-01 -8.6103968e-10 -3.9584064e-01
  5.5879354e-09]
2024-09-18 17:33:54,914 INFO =====> Skill params: [0.27588767 0.27357647 1.         1.         0.26755556]
2024-09-18 17:33:54,914 INFO =====> Num. aborted data so far: 0
2024-09-18 17:33:55,280 INFO ===> New TaichiEnv created.
2024-09-18 17:33:55,280 INFO ===> Specifications: horizon = 600, dt = 0.01, n_substeps = 20, dt_sub = 0.0005
2024-09-18 17:34:23,892 INFO =====> Epoch: 108
2024-09-18 17:34:23,892 INFO =====> EMD Loss: 28.94780158996582
2024-09-18 17:34:23,892 INFO =====> Height map loss: 21.728363037109375
2024-09-18 17:34:23,892 INFO =====> Grad: [-1.0773692e-02 -2.4666905e-01  2.3988340e-09 -3.9584070e-01
  1.0710210e-08]
2024-09-18 17:34:23,892 INFO =====> Skill params: [0.2712839  0.27279717 1.         1.         0.26562876]
2024-09-18 17:34:23,892 INFO =====> Num. aborted data so far: 0
2024-09-18 17:34:24,254 INFO ===> New TaichiEnv created.
2024-09-18 17:34:24,254 INFO ===> Specifications: horizon = 600, dt = 0.01, n_substeps = 20, dt_sub = 0.0005
2024-09-18 17:34:52,568 INFO =====> Epoch: 109
2024-09-18 17:34:52,569 INFO =====> EMD Loss: 29.060266494750977
2024-09-18 17:34:52,569 INFO =====> Height map loss: 21.746562957763672
2024-09-18 17:34:52,569 INFO =====> Grad: [-1.05463695e-02 -2.47243464e-01 -1.32628220e-09 -3.95840704e-01
  1.02445483e-08]
2024-09-18 17:34:52,569 INFO =====> Skill params: [0.26712462 0.27235165 1.         1.         0.26325133]
2024-09-18 17:34:52,569 INFO =====> Num. aborted data so far: 0
2024-09-18 17:34:52,953 INFO ===> New TaichiEnv created.
2024-09-18 17:34:52,953 INFO ===> Specifications: horizon = 600, dt = 0.01, n_substeps = 20, dt_sub = 0.0005
2024-09-18 17:35:21,260 INFO =====> Epoch: 110
2024-09-18 17:35:21,260 INFO =====> EMD Loss: 29.08814239501953
2024-09-18 17:35:21,260 INFO =====> Height map loss: 21.761816024780273
2024-09-18 17:35:21,260 INFO =====> Grad: [-1.0311028e-02 -2.4722581e-01  8.9183683e-09 -3.9584064e-01
  9.3132257e-09]
2024-09-18 17:35:21,260 INFO =====> Skill params: [0.2633674  0.27220908 1.         1.         0.26052272]
2024-09-18 17:35:21,260 INFO =====> Num. aborted data so far: 0
2024-09-18 17:35:21,703 INFO ===> New TaichiEnv created.
2024-09-18 17:35:21,703 INFO ===> Specifications: horizon = 600, dt = 0.01, n_substeps = 20, dt_sub = 0.0005
2024-09-18 17:35:51,273 INFO =====> Epoch: 111
2024-09-18 17:35:51,274 INFO =====> EMD Loss: 29.141647338867188
2024-09-18 17:35:51,274 INFO =====> Height map loss: 21.790197372436523
2024-09-18 17:35:51,274 INFO =====> Grad: [-1.0070738e-02 -2.4666961e-01 -3.9482373e-10 -3.9584070e-01
 -4.6566129e-09]
2024-09-18 17:35:51,274 INFO =====> Skill params: [0.25997385 0.27234092 1.         1.         0.2583496 ]
2024-09-18 17:35:51,274 INFO =====> Num. aborted data so far: 0
2024-09-18 17:35:51,633 INFO ===> New TaichiEnv created.
2024-09-18 17:35:51,633 INFO ===> Specifications: horizon = 600, dt = 0.01, n_substeps = 20, dt_sub = 0.0005
2024-09-18 17:36:20,937 INFO =====> Epoch: 112
2024-09-18 17:36:20,937 INFO =====> EMD Loss: 29.123943328857422
2024-09-18 17:36:20,937 INFO =====> Height map loss: 21.782394409179688
2024-09-18 17:36:20,937 INFO =====> Grad: [ 3.7581463e+00  5.6182456e-01  1.1506441e-07 -4.2851319e+00
 -9.3132257e-09]
2024-09-18 17:36:20,937 INFO =====> Skill params: [0.25545517 0.2718643  0.9927846  1.         0.25697243]
2024-09-18 17:36:20,937 INFO =====> Num. aborted data so far: 0
2024-09-18 17:36:21,298 INFO ===> New TaichiEnv created.
2024-09-18 17:36:21,298 INFO ===> Specifications: horizon = 600, dt = 0.01, n_substeps = 20, dt_sub = 0.0005
2024-09-18 17:36:50,210 INFO =====> Epoch: 113
2024-09-18 17:36:50,210 INFO =====> EMD Loss: 29.12152099609375
2024-09-18 17:36:50,210 INFO =====> Height map loss: 21.839059829711914
2024-09-18 17:36:50,210 INFO =====> Grad: [ 3.7650054e+00  5.6089783e-01  1.4333800e-08 -4.2851319e+00
  2.3283064e-09]
2024-09-18 17:36:50,210 INFO =====> Skill params: [0.24993461 0.27083755 0.9852438  1.         0.25558153]
2024-09-18 17:36:50,210 INFO =====> Num. aborted data so far: 0
2024-09-18 17:36:50,569 INFO ===> New TaichiEnv created.
2024-09-18 17:36:50,569 INFO ===> Specifications: horizon = 600, dt = 0.01, n_substeps = 20, dt_sub = 0.0005
2024-09-18 17:37:18,871 INFO =====> Epoch: 114
2024-09-18 17:37:18,871 INFO =====> EMD Loss: 29.025856018066406
2024-09-18 17:37:18,871 INFO =====> Height map loss: 21.674882888793945
2024-09-18 17:37:18,871 INFO =====> Grad: [ 3.7795818e+00  5.5794966e-01 -1.9361988e-08 -4.2851319e+00
  5.1222742e-09]
2024-09-18 17:37:18,871 INFO =====> Skill params: [0.24351935 0.26931557 0.97983456 1.         0.25400087]
2024-09-18 17:37:18,871 INFO =====> Num. aborted data so far: 0
2024-09-18 17:37:19,247 INFO ===> New TaichiEnv created.
2024-09-18 17:37:19,247 INFO ===> Specifications: horizon = 600, dt = 0.01, n_substeps = 20, dt_sub = 0.0005
2024-09-18 17:37:47,175 INFO =====> Epoch: 115
2024-09-18 17:37:47,175 INFO =====> EMD Loss: 28.922618865966797
2024-09-18 17:37:47,175 INFO =====> Height map loss: 21.793970108032227
2024-09-18 17:37:47,175 INFO =====> Grad: [ 3.8013752e+00  5.5620790e-01 -1.2753546e-07 -4.2851329e+00
 -5.1222742e-09]
2024-09-18 17:37:47,175 INFO =====> Skill params: [0.23630257 0.2673467  0.98393    1.         0.25289872]
2024-09-18 17:37:47,175 INFO =====> Num. aborted data so far: 0
2024-09-18 17:37:47,545 INFO ===> New TaichiEnv created.
2024-09-18 17:37:47,545 INFO ===> Specifications: horizon = 600, dt = 0.01, n_substeps = 20, dt_sub = 0.0005
2024-09-18 17:38:15,718 INFO =====> Epoch: 116
2024-09-18 17:38:15,718 INFO =====> EMD Loss: 28.959232330322266
2024-09-18 17:38:15,718 INFO =====> Height map loss: 21.87604331970215
2024-09-18 17:38:15,718 INFO =====> Grad: [ 3.8297400e+00  5.4980868e-01  2.5233650e-08 -4.2851324e+00
  2.3283064e-09]
2024-09-18 17:38:15,718 INFO =====> Skill params: [0.22836533 0.26497954 0.98589206 1.         0.25175476]
2024-09-18 17:38:15,718 INFO =====> Num. aborted data so far: 0
2024-09-18 17:38:16,097 INFO ===> New TaichiEnv created.
2024-09-18 17:38:16,097 INFO ===> Specifications: horizon = 600, dt = 0.01, n_substeps = 20, dt_sub = 0.0005
2024-09-18 17:38:44,598 INFO =====> Epoch: 117
2024-09-18 17:38:44,598 INFO =====> EMD Loss: 28.926546096801758
2024-09-18 17:38:44,598 INFO =====> Height map loss: 21.845048904418945
2024-09-18 17:38:44,599 INFO =====> Grad: [ 3.7138672e+00  5.4419351e-01 -1.9487555e-08 -4.2851324e+00
  5.1222742e-09]
2024-09-18 17:38:44,599 INFO =====> Skill params: [0.21982946 0.26225713 0.98900086 1.         0.2503938 ]
2024-09-18 17:38:44,599 INFO =====> Num. aborted data so far: 0
2024-09-18 17:38:44,960 INFO ===> New TaichiEnv created.
2024-09-18 17:38:44,960 INFO ===> Specifications: horizon = 600, dt = 0.01, n_substeps = 20, dt_sub = 0.0005
2024-09-18 17:39:14,150 INFO =====> Epoch: 118
2024-09-18 17:39:14,150 INFO =====> EMD Loss: 28.966676712036133
2024-09-18 17:39:14,150 INFO =====> Height map loss: 21.874042510986328
2024-09-18 17:39:14,151 INFO =====> Grad: [ 3.7528317e+00  5.3496742e-01 -1.5765615e-08 -4.2851319e+00
 -7.4505806e-09]
2024-09-18 17:39:14,151 INFO =====> Skill params: [0.21074975 0.25922218 0.9928923  1.         0.24964322]
2024-09-18 17:39:14,151 INFO =====> Num. aborted data so far: 0
2024-09-18 17:39:14,516 INFO ===> New TaichiEnv created.
2024-09-18 17:39:14,516 INFO ===> Specifications: horizon = 600, dt = 0.01, n_substeps = 20, dt_sub = 0.0005
2024-09-18 17:39:42,407 INFO =====> Epoch: 119
2024-09-18 17:39:42,407 INFO =====> EMD Loss: 29.23703384399414
2024-09-18 17:39:42,407 INFO =====> Height map loss: 22.076650619506836
2024-09-18 17:39:42,407 INFO =====> Grad: [ 3.7973115e+00  5.2777851e-01  5.5020141e-08 -4.2851324e+00
 -7.4505806e-09]
2024-09-18 17:39:42,407 INFO =====> Skill params: [0.2011737  0.25591117 0.9926062  1.         0.24944547]
2024-09-18 17:39:42,407 INFO =====> Num. aborted data so far: 0
2024-09-18 17:39:42,770 INFO ===> New TaichiEnv created.
2024-09-18 17:39:42,770 INFO ===> Specifications: horizon = 600, dt = 0.01, n_substeps = 20, dt_sub = 0.0005
2024-09-18 17:40:10,361 INFO =====> Epoch: 120
2024-09-18 17:40:10,361 INFO =====> EMD Loss: 29.374080657958984
2024-09-18 17:40:10,361 INFO =====> Height map loss: 22.128158569335938
2024-09-18 17:40:10,361 INFO =====> Grad: [ 3.8469195e+00  5.1635242e-01  6.2390754e-08 -4.2851324e+00
 -8.8475645e-09]
2024-09-18 17:40:10,361 INFO =====> Skill params: [0.19114245 0.25236154 0.98811185 1.         0.2498388 ]
2024-09-18 17:40:10,361 INFO =====> Num. aborted data so far: 0
2024-09-18 17:40:10,815 INFO ===> New TaichiEnv created.
2024-09-18 17:40:10,816 INFO ===> Specifications: horizon = 600, dt = 0.01, n_substeps = 20, dt_sub = 0.0005
2024-09-18 17:40:38,722 INFO =====> Epoch: 121
2024-09-18 17:40:38,722 INFO =====> EMD Loss: 29.424062728881836
2024-09-18 17:40:38,722 INFO =====> Height map loss: 22.119544982910156
2024-09-18 17:40:38,722 INFO =====> Grad: [ 3.7443805e+00  5.0614458e-01  2.6208617e-09 -4.2851329e+00
  4.6566129e-09]
2024-09-18 17:40:38,722 INFO =====> Skill params: [0.18074307 0.24860582 0.9838746  1.         0.24989198]
2024-09-18 17:40:38,722 INFO =====> Num. aborted data so far: 0
2024-09-18 17:40:39,090 INFO ===> New TaichiEnv created.
2024-09-18 17:40:39,091 INFO ===> Specifications: horizon = 600, dt = 0.01, n_substeps = 20, dt_sub = 0.0005
2024-09-18 17:41:07,822 INFO =====> Epoch: 122
2024-09-18 17:41:07,822 INFO =====> EMD Loss: 29.424531936645508
2024-09-18 17:41:07,822 INFO =====> Height map loss: 22.17932891845703
2024-09-18 17:41:07,823 INFO =====> Grad: [-7.4635781e-03 -2.5858709e-01 -5.0765161e-09 -3.8955745e-01
 -3.2596290e-09]
2024-09-18 17:41:07,823 INFO =====> Skill params: [0.17134577 0.24549493 0.9803958  1.         0.25015214]
2024-09-18 17:41:07,823 INFO =====> Num. aborted data so far: 0
2024-09-18 17:41:08,197 INFO ===> New TaichiEnv created.
2024-09-18 17:41:08,197 INFO ===> Specifications: horizon = 600, dt = 0.01, n_substeps = 20, dt_sub = 0.0005
2024-09-18 17:41:36,472 INFO =====> Epoch: 123
2024-09-18 17:41:36,472 INFO =====> EMD Loss: 29.51453971862793
2024-09-18 17:41:36,472 INFO =====> Height map loss: 22.33700180053711
2024-09-18 17:41:36,473 INFO =====> Grad: [-6.8098526e-03 -2.6054159e-01  4.6966249e-09 -3.8955742e-01
 -2.3283064e-09]
2024-09-18 17:41:36,473 INFO =====> Skill params: [0.16285431 0.2429701  0.9769324  1.         0.2505391 ]
2024-09-18 17:41:36,473 INFO =====> Num. aborted data so far: 0
2024-09-18 17:41:36,834 INFO ===> New TaichiEnv created.
2024-09-18 17:41:36,834 INFO ===> Specifications: horizon = 600, dt = 0.01, n_substeps = 20, dt_sub = 0.0005
2024-09-18 17:42:04,961 INFO =====> Epoch: 124
2024-09-18 17:42:04,961 INFO =====> EMD Loss: 29.549156188964844
2024-09-18 17:42:04,961 INFO =====> Height map loss: 22.3700008392334
2024-09-18 17:42:04,961 INFO =====> Grad: [ 3.7246244e+00  8.1717098e-01 -7.6031291e-08 -4.2851324e+00
 -1.3969839e-09]
2024-09-18 17:42:04,961 INFO =====> Skill params: [0.15383509 0.23979793 0.97900486 1.         0.25098002]
2024-09-18 17:42:04,961 INFO =====> Num. aborted data so far: 0
2024-09-18 17:42:05,322 INFO ===> New TaichiEnv created.
2024-09-18 17:42:05,322 INFO ===> Specifications: horizon = 600, dt = 0.01, n_substeps = 20, dt_sub = 0.0005
2024-09-18 17:42:32,838 INFO =====> Epoch: 125
2024-09-18 17:42:32,838 INFO =====> EMD Loss: 29.438371658325195
2024-09-18 17:42:32,838 INFO =====> Height map loss: 22.432729721069336
2024-09-18 17:42:32,838 INFO =====> Grad: [-6.5245684e-03 -2.6230982e-01 -3.6851229e-09 -3.8955751e-01
 -9.3132257e-10]
2024-09-18 17:42:32,838 INFO =====> Skill params: [0.14568578 0.23722123 0.9811265  1.         0.2514394 ]
2024-09-18 17:42:32,838 INFO =====> Num. aborted data so far: 0
2024-09-18 17:42:33,228 INFO ===> New TaichiEnv created.
2024-09-18 17:42:33,228 INFO ===> Specifications: horizon = 600, dt = 0.01, n_substeps = 20, dt_sub = 0.0005
2024-09-18 17:43:00,509 INFO =====> Epoch: 126
2024-09-18 17:43:00,509 INFO =====> EMD Loss: 29.512596130371094
2024-09-18 17:43:00,509 INFO =====> Height map loss: 22.201744079589844
2024-09-18 17:43:00,510 INFO =====> Grad: [-5.9151161e-03 -2.6368898e-01 -1.5320712e-08 -3.8955748e-01
  7.9162419e-09]
2024-09-18 17:43:00,510 INFO =====> Skill params: [0.13832273 0.23518524 0.9840845  1.         0.25133216]
2024-09-18 17:43:00,510 INFO =====> Num. aborted data so far: 0
2024-09-18 17:43:00,917 INFO ===> New TaichiEnv created.
2024-09-18 17:43:00,917 INFO ===> Specifications: horizon = 600, dt = 0.01, n_substeps = 20, dt_sub = 0.0005
2024-09-18 17:43:29,692 INFO =====> Epoch: 127
2024-09-18 17:43:29,693 INFO =====> EMD Loss: 29.550569534301758
2024-09-18 17:43:29,693 INFO =====> Height map loss: 22.272140502929688
2024-09-18 17:43:29,693 INFO =====> Grad: [-5.3415913e-03 -2.6447341e-01  3.7788088e-09 -3.8955748e-01
 -1.4901161e-08]
2024-09-18 17:43:29,693 INFO =====> Skill params: [0.1316703  0.23363982 0.986497   1.         0.25222054]
2024-09-18 17:43:29,693 INFO =====> Num. aborted data so far: 0
2024-09-18 17:43:30,061 INFO ===> New TaichiEnv created.
2024-09-18 17:43:30,062 INFO ===> Specifications: horizon = 600, dt = 0.01, n_substeps = 20, dt_sub = 0.0005
2024-09-18 17:43:58,451 INFO =====> Epoch: 128
2024-09-18 17:43:58,452 INFO =====> EMD Loss: 29.63422966003418
2024-09-18 17:43:58,452 INFO =====> Height map loss: 22.33915901184082
2024-09-18 17:43:58,452 INFO =====> Grad: [ 3.7067821e+00  1.2381283e+00  4.3171177e-08 -4.2851319e+00
  2.7939677e-09]
2024-09-18 17:43:58,452 INFO =====> Skill params: [0.12429365 0.23088284 0.9857198  1.         0.25283733]
2024-09-18 17:43:58,452 INFO =====> Num. aborted data so far: 0
2024-09-18 17:43:58,812 INFO ===> New TaichiEnv created.
2024-09-18 17:43:58,812 INFO ===> Specifications: horizon = 600, dt = 0.01, n_substeps = 20, dt_sub = 0.0005
2024-09-18 17:44:27,926 INFO =====> Epoch: 129
2024-09-18 17:44:27,926 INFO =====> EMD Loss: 29.611696243286133
2024-09-18 17:44:27,926 INFO =====> Height map loss: 22.395437240600586
2024-09-18 17:44:27,926 INFO =====> Grad: [ 3.7550895e+00  1.3627316e+00 -3.8856001e-08 -4.2851319e+00
 -4.1909516e-09]
2024-09-18 17:44:27,926 INFO =====> Skill params: [0.11625641 0.22691308 0.9876683  1.         0.25367305]
2024-09-18 17:44:27,926 INFO =====> Num. aborted data so far: 0
2024-09-18 17:44:28,286 INFO ===> New TaichiEnv created.
2024-09-18 17:44:28,286 INFO ===> Specifications: horizon = 600, dt = 0.01, n_substeps = 20, dt_sub = 0.0005
2024-09-18 17:44:56,048 INFO =====> Epoch: 130
2024-09-18 17:44:56,048 INFO =====> EMD Loss: 29.519699096679688
2024-09-18 17:44:56,048 INFO =====> Height map loss: 22.44273567199707
2024-09-18 17:44:56,048 INFO =====> Grad: [-4.6062549e-03 -2.6829508e-01  7.5169773e-09 -3.8955748e-01
  5.5879354e-09]
2024-09-18 17:44:56,048 INFO =====> Skill params: [0.10899503 0.22362365 0.98891354 1.         0.25405458]
2024-09-18 17:44:56,048 INFO =====> Num. aborted data so far: 0
2024-09-18 17:44:56,409 INFO ===> New TaichiEnv created.
2024-09-18 17:44:56,409 INFO ===> Specifications: horizon = 600, dt = 0.01, n_substeps = 20, dt_sub = 0.0005
2024-09-18 17:45:23,306 INFO =====> Epoch: 131
2024-09-18 17:45:23,307 INFO =====> EMD Loss: 29.630523681640625
2024-09-18 17:45:23,307 INFO =====> Height map loss: 22.405263900756836
2024-09-18 17:45:23,307 INFO =====> Grad: [ 3.7000282e+00  1.6842980e+00 -3.5211027e-08 -4.2851319e+00
  1.5366822e-08]
2024-09-18 17:45:23,307 INFO =====> Skill params: [0.1010799  0.218848   0.99243957 1.         0.25337064]
2024-09-18 17:45:23,307 INFO =====> Num. aborted data so far: 0
2024-09-18 17:45:23,691 INFO ===> New TaichiEnv created.
2024-09-18 17:45:23,691 INFO ===> Specifications: horizon = 600, dt = 0.01, n_substeps = 20, dt_sub = 0.0005
2024-09-18 17:45:51,751 INFO =====> Epoch: 132
2024-09-18 17:45:51,751 INFO =====> EMD Loss: 29.7860164642334
2024-09-18 17:45:51,751 INFO =====> Height map loss: 22.467910766601562
2024-09-18 17:45:51,751 INFO =====> Grad: [-4.3697706e-03 -2.7366304e-01 -5.9713816e-09 -3.8955745e-01
  2.3283064e-09]
2024-09-18 17:45:51,752 INFO =====> Skill params: [0.09392919 0.2148349  0.99603176 1.         0.25259688]
2024-09-18 17:45:51,752 INFO =====> Num. aborted data so far: 0
2024-09-18 17:45:52,115 INFO ===> New TaichiEnv created.
2024-09-18 17:45:52,115 INFO ===> Specifications: horizon = 600, dt = 0.01, n_substeps = 20, dt_sub = 0.0005
2024-09-18 17:46:19,824 INFO =====> Epoch: 133
2024-09-18 17:46:19,824 INFO =====> EMD Loss: 29.87436294555664
2024-09-18 17:46:19,824 INFO =====> Height map loss: 22.403654098510742
2024-09-18 17:46:19,824 INFO =====> Grad: [ 3.6704583e+00  2.0706685e+00 -5.7589336e-08 -4.2851329e+00
 -5.1222742e-09]
2024-09-18 17:46:19,824 INFO =====> Skill params: [0.08612304 0.20904309 1.         1.         0.25224325]
2024-09-18 17:46:19,824 INFO =====> Num. aborted data so far: 0
2024-09-18 17:46:20,186 INFO ===> New TaichiEnv created.
2024-09-18 17:46:20,186 INFO ===> Specifications: horizon = 600, dt = 0.01, n_substeps = 20, dt_sub = 0.0005
2024-09-18 17:46:48,132 INFO =====> Epoch: 134
2024-09-18 17:46:48,132 INFO =====> EMD Loss: 29.702917098999023
2024-09-18 17:46:48,132 INFO =====> Height map loss: 22.312286376953125
2024-09-18 17:46:48,132 INFO =====> Grad: [-4.0734066e-03 -2.8126800e-01  1.5028103e-09 -3.8955748e-01
 -7.4505806e-09]
2024-09-18 17:46:48,132 INFO =====> Skill params: [0.0790711  0.20411682 1.         1.         0.2524271 ]
2024-09-18 17:46:48,132 INFO =====> Num. aborted data so far: 0
2024-09-18 17:46:48,493 INFO ===> New TaichiEnv created.
2024-09-18 17:46:48,493 INFO ===> Specifications: horizon = 600, dt = 0.01, n_substeps = 20, dt_sub = 0.0005
2024-09-18 17:47:15,435 INFO =====> Epoch: 135
2024-09-18 17:47:15,435 INFO =====> EMD Loss: 29.629194259643555
2024-09-18 17:47:15,435 INFO =====> Height map loss: 22.329160690307617
2024-09-18 17:47:15,435 INFO =====> Grad: [ 3.6764743e+00  2.5394590e+00 -7.6329776e-08 -4.2851324e+00
 -8.3819032e-09]
2024-09-18 17:47:15,436 INFO =====> Skill params: [0.07135081 0.19710709 1.         1.         0.25316066]
2024-09-18 17:47:15,436 INFO =====> Num. aborted data so far: 0
2024-09-18 17:47:15,800 INFO ===> New TaichiEnv created.
2024-09-18 17:47:15,801 INFO ===> Specifications: horizon = 600, dt = 0.01, n_substeps = 20, dt_sub = 0.0005
2024-09-18 17:47:42,870 INFO =====> Epoch: 136
2024-09-18 17:47:42,870 INFO =====> EMD Loss: 29.45968246459961
2024-09-18 17:47:42,870 INFO =====> Height map loss: 22.274200439453125
2024-09-18 17:47:42,870 INFO =====> Grad: [-3.6814814e-03 -2.9146796e-01 -4.5396438e-09 -3.8955748e-01
 -5.1222742e-09]
2024-09-18 17:47:42,870 INFO =====> Skill params: [0.06437667 0.19108538 1.         1.         0.2541707 ]
2024-09-18 17:47:42,870 INFO =====> Num. aborted data so far: 0
2024-09-18 17:47:43,316 INFO ===> New TaichiEnv created.
2024-09-18 17:47:43,316 INFO ===> Specifications: horizon = 600, dt = 0.01, n_substeps = 20, dt_sub = 0.0005
2024-09-18 17:48:10,624 INFO =====> Epoch: 137
2024-09-18 17:48:10,624 INFO =====> EMD Loss: 29.61849021911621
2024-09-18 17:48:10,624 INFO =====> Height map loss: 22.136873245239258
2024-09-18 17:48:10,624 INFO =====> Grad: [ 3.7319086e+00  3.1079955e+00 -2.8118667e-08 -4.2851319e+00
 -9.3132257e-10]
2024-09-18 17:48:10,624 INFO =====> Skill params: [0.05670626 0.18268222 1.         1.         0.2551459 ]
2024-09-18 17:48:10,624 INFO =====> Num. aborted data so far: 0
2024-09-18 17:48:10,996 INFO ===> New TaichiEnv created.
2024-09-18 17:48:10,996 INFO ===> Specifications: horizon = 600, dt = 0.01, n_substeps = 20, dt_sub = 0.0005
2024-09-18 17:48:38,959 INFO =====> Epoch: 138
2024-09-18 17:48:38,959 INFO =====> EMD Loss: 29.65046501159668
2024-09-18 17:48:38,959 INFO =====> Height map loss: 22.019840240478516
2024-09-18 17:48:38,959 INFO =====> Grad: [ 3.6935585e+00  3.4649782e+00  4.9980798e-08 -4.2851319e+00
  1.5366822e-08]
2024-09-18 17:48:38,959 INFO =====> Skill params: [0.04842982 0.17203806 1.         1.         0.2549764 ]
2024-09-18 17:48:38,959 INFO =====> Num. aborted data so far: 0
2024-09-18 17:48:39,317 INFO ===> New TaichiEnv created.
2024-09-18 17:48:39,317 INFO ===> Specifications: horizon = 600, dt = 0.01, n_substeps = 20, dt_sub = 0.0005
2024-09-18 17:49:06,440 INFO =====> Epoch: 139
2024-09-18 17:49:06,441 INFO =====> EMD Loss: 29.576379776000977
2024-09-18 17:49:06,441 INFO =====> Height map loss: 21.946880340576172
2024-09-18 17:49:06,441 INFO =====> Grad: [ 3.7036974e+00  3.9185503e+00 -5.0758910e-08 -4.2851324e+00
 -1.8160790e-08]
2024-09-18 17:49:06,441 INFO =====> Skill params: [0.03961101 0.15927155 1.         1.         0.2560662 ]
2024-09-18 17:49:06,441 INFO =====> Num. aborted data so far: 0
2024-09-18 17:49:06,804 INFO ===> New TaichiEnv created.
2024-09-18 17:49:06,805 INFO ===> Specifications: horizon = 600, dt = 0.01, n_substeps = 20, dt_sub = 0.0005
2024-09-18 17:49:33,135 INFO =====> Epoch: 140
2024-09-18 17:49:33,135 INFO =====> EMD Loss: 29.552696228027344
2024-09-18 17:49:33,135 INFO =====> Height map loss: 21.833585739135742
2024-09-18 17:49:33,135 INFO =====> Grad: [-4.2495076e-03 -3.2786134e-01 -4.9605413e-09 -3.8955748e-01
 -4.1909516e-09]
2024-09-18 17:49:33,135 INFO =====> Skill params: [0.03164535 0.14804873 1.         1.         0.25733748]
2024-09-18 17:49:33,135 INFO =====> Num. aborted data so far: 0
2024-09-18 17:49:33,510 INFO ===> New TaichiEnv created.
2024-09-18 17:49:33,510 INFO ===> Specifications: horizon = 600, dt = 0.01, n_substeps = 20, dt_sub = 0.0005
2024-09-18 17:49:59,442 INFO =====> Epoch: 141
2024-09-18 17:49:59,443 INFO =====> EMD Loss: 29.290210723876953
2024-09-18 17:49:59,443 INFO =====> Height map loss: 21.46822738647461
2024-09-18 17:49:59,443 INFO =====> Grad: [-4.2064888e-03 -3.3890516e-01  9.0253192e-09 -3.8955745e-01
 -3.2596290e-09]
2024-09-18 17:49:59,443 INFO =====> Skill params: [0.02445064 0.13823196 1.         1.         0.2587093 ]
2024-09-18 17:49:59,443 INFO =====> Num. aborted data so far: 0
2024-09-18 17:49:59,889 INFO ===> New TaichiEnv created.
2024-09-18 17:49:59,889 INFO ===> Specifications: horizon = 600, dt = 0.01, n_substeps = 20, dt_sub = 0.0005
2024-09-18 17:50:26,508 INFO =====> Epoch: 142
2024-09-18 17:50:26,508 INFO =====> EMD Loss: 29.123525619506836
2024-09-18 17:50:26,508 INFO =====> Height map loss: 21.257524490356445
2024-09-18 17:50:26,509 INFO =====> Grad: [-4.1860850e-03 -3.4838021e-01 -2.6011748e-09 -3.8955745e-01
 -7.4505806e-09]
2024-09-18 17:50:26,509 INFO =====> Skill params: [0.01795258 0.12969537 1.         1.         0.26046157]
2024-09-18 17:50:26,509 INFO =====> Num. aborted data so far: 0
2024-09-18 17:50:26,875 INFO ===> New TaichiEnv created.
2024-09-18 17:50:26,875 INFO ===> Specifications: horizon = 600, dt = 0.01, n_substeps = 20, dt_sub = 0.0005
2024-09-18 17:50:52,932 INFO =====> Epoch: 143
2024-09-18 17:50:52,932 INFO =====> EMD Loss: 28.877077102661133
2024-09-18 17:50:52,932 INFO =====> Height map loss: 20.818592071533203
2024-09-18 17:50:52,932 INFO =====> Grad: [ 3.7573698e+00  5.6677461e+00 -4.3822414e-08 -4.3542471e+00
  1.0244548e-08]
2024-09-18 17:50:52,932 INFO =====> Skill params: [0.01069892 0.11783211 1.         1.         0.26133385]
2024-09-18 17:50:52,932 INFO =====> Num. aborted data so far: 0
2024-09-18 17:50:53,291 INFO ===> New TaichiEnv created.
2024-09-18 17:50:53,291 INFO ===> Specifications: horizon = 600, dt = 0.01, n_substeps = 20, dt_sub = 0.0005
2024-09-18 17:51:18,949 INFO =====> Epoch: 144
2024-09-18 17:51:18,950 INFO =====> EMD Loss: 28.99224090576172
2024-09-18 17:51:18,950 INFO =====> Height map loss: 20.620548248291016
2024-09-18 17:51:18,950 INFO =====> Grad: [ 3.829448e+00  6.157063e+00  2.684579e-08 -4.354247e+00 -9.778887e-09]
2024-09-18 17:51:18,950 INFO =====> Skill params: [0.00274782 0.10325769 1.         1.         0.26279938]
2024-09-18 17:51:18,950 INFO =====> Num. aborted data so far: 0
2024-09-18 17:51:19,312 INFO ===> New TaichiEnv created.
2024-09-18 17:51:19,312 INFO ===> Specifications: horizon = 600, dt = 0.01, n_substeps = 20, dt_sub = 0.0005
2024-09-18 17:51:45,044 INFO =====> Epoch: 145
2024-09-18 17:51:45,044 INFO =====> EMD Loss: 28.982383728027344
2024-09-18 17:51:45,044 INFO =====> Height map loss: 20.41939926147461
2024-09-18 17:51:45,044 INFO =====> Grad: [-3.5561691e-03 -3.8180369e-01 -5.3338680e-09 -3.9584064e-01
  6.5192580e-09]
2024-09-18 17:51:45,044 INFO =====> Skill params: [-0.00443329  0.09039677  1.          1.          0.26366845]
2024-09-18 17:51:45,044 INFO =====> Num. aborted data so far: 0
2024-09-18 17:51:45,494 INFO ===> New TaichiEnv created.
2024-09-18 17:51:45,494 INFO ===> Specifications: horizon = 600, dt = 0.01, n_substeps = 20, dt_sub = 0.0005
2024-09-18 17:52:11,599 INFO =====> Epoch: 146
2024-09-18 17:52:11,599 INFO =====> EMD Loss: 28.794239044189453
2024-09-18 17:52:11,599 INFO =====> Height map loss: 20.423948287963867
2024-09-18 17:52:11,599 INFO =====> Grad: [ 1.3543160e-01 -3.9247105e-01 -1.1173862e-09 -3.9584070e-01
  3.7252903e-09]
2024-09-18 17:52:11,600 INFO =====> Skill params: [-0.01097163  0.07909311  1.          1.          0.2641929 ]
2024-09-18 17:52:11,600 INFO =====> Num. aborted data so far: 0
2024-09-18 17:52:11,983 INFO ===> New TaichiEnv created.
2024-09-18 17:52:11,984 INFO ===> Specifications: horizon = 600, dt = 0.01, n_substeps = 20, dt_sub = 0.0005
2024-09-18 17:52:37,617 INFO =====> Epoch: 147
2024-09-18 17:52:37,617 INFO =====> EMD Loss: 28.6290283203125
2024-09-18 17:52:37,617 INFO =====> Height map loss: 20.525371551513672
2024-09-18 17:52:37,618 INFO =====> Grad: [-3.7557003e+00  7.6919460e+00  6.3829347e-08 -4.3542471e+00
 -1.3969839e-09]
2024-09-18 17:52:37,618 INFO =====> Skill params: [-0.01540697  0.0646255   1.          1.          0.26476395]
2024-09-18 17:52:37,618 INFO =====> Num. aborted data so far: 0
2024-09-18 17:52:37,981 INFO ===> New TaichiEnv created.
2024-09-18 17:52:37,981 INFO ===> Specifications: horizon = 600, dt = 0.01, n_substeps = 20, dt_sub = 0.0005
2024-09-18 17:53:02,736 INFO =====> Epoch: 148
2024-09-18 17:53:02,737 INFO =====> EMD Loss: 28.71342658996582
2024-09-18 17:53:02,737 INFO =====> Height map loss: 20.203563690185547
2024-09-18 17:53:02,737 INFO =====> Grad: [ 1.3126959e-01 -4.1504213e-01 -1.0614345e-09 -3.9584064e-01
  2.3283064e-09]
2024-09-18 17:53:02,737 INFO =====> Skill params: [-0.01946328  0.05185407  1.          1.          0.265116  ]
2024-09-18 17:53:02,737 INFO =====> Num. aborted data so far: 0
2024-09-18 17:53:03,114 INFO ===> New TaichiEnv created.
2024-09-18 17:53:03,114 INFO ===> Specifications: horizon = 600, dt = 0.01, n_substeps = 20, dt_sub = 0.0005
2024-09-18 17:53:27,724 INFO =====> Epoch: 149
2024-09-18 17:53:27,724 INFO =====> EMD Loss: 28.651596069335938
2024-09-18 17:53:27,724 INFO =====> Height map loss: 20.17040252685547
2024-09-18 17:53:27,724 INFO =====> Grad: [ 1.3791251e-01 -4.2062974e-01  3.6562442e-10 -3.9584064e-01
  7.4505806e-09]
2024-09-18 17:53:27,724 INFO =====> Skill params: [-0.02317987  0.04061956  1.          1.          0.26490965]
2024-09-18 17:53:27,724 INFO =====> Num. aborted data so far: 0
2024-09-18 17:53:27,725 INFO ====> Finished training.
2024-09-18 17:53:27,725 INFO ====> Final EMD loss: 28.651596069335938
2024-09-18 17:53:27,725 INFO ====> Final height map loss: 20.17040252685547
2024-09-18 17:53:27,725 INFO ====> Final skill params: [-0.02317987  0.04061956  1.          1.          0.26490965]
