2025-05-28 11:22:40,282 INFO =====> Skill params: [-0.8287017  -0.526379    0.60254896  0.16432407 -0.8117427 ]
2025-05-28 11:22:40,282 INFO =====> Grad: [ 617.1429  5325.962    412.6842    97.72005  -47.67306]
2025-05-28 11:22:40,283 INFO =====> Num. aborted data so far: 0
2025-05-28 11:22:40,284 INFO ===========> Epoch: 0 optimisation losses
2025-05-28 11:22:40,284 INFO =====> EMD Loss: 24.080427
2025-05-28 11:22:40,284 INFO =====> Height map loss: 11.894776
2025-05-28 11:22:50,086 INFO ==> EMD Loss: 24.003424
2025-05-28 11:22:50,086 INFO ==> Height map loss:  11.801993
2025-05-28 11:22:59,828 INFO ==> EMD Loss: 23.930431
2025-05-28 11:22:59,829 INFO ==> Height map loss:  11.669230
2025-05-28 11:23:09,917 INFO ==> EMD Loss: 24.145960
2025-05-28 11:23:09,917 INFO ==> Height map loss:  11.833648
2025-05-28 11:23:20,199 INFO ==> EMD Loss: 24.106092
2025-05-28 11:23:20,199 INFO ==> Height map loss:  11.864175
2025-05-28 11:23:30,864 INFO ==> EMD Loss: 24.100193
2025-05-28 11:23:30,864 INFO ==> Height map loss:  11.851091
2025-05-28 11:23:54,112 INFO =====> Skill params: [-0.8761358  -0.57381314  0.5551148   0.11688991 -0.7643086 ]
2025-05-28 11:23:54,113 INFO =====> Grad: [-615.7895   7916.9487     77.834435 -129.16307    62.391193]
2025-05-28 11:23:54,113 INFO =====> Num. aborted data so far: 0
2025-05-28 11:23:54,113 INFO ===========> Epoch: 1 optimisation losses
2025-05-28 11:23:54,113 INFO =====> EMD Loss: 23.930458
2025-05-28 11:23:54,113 INFO =====> Height map loss: 11.669350
2025-05-28 11:24:03,969 INFO ==> EMD Loss: 23.856880
2025-05-28 11:24:03,969 INFO ==> Height map loss:  11.593895
2025-05-28 11:24:13,964 INFO ==> EMD Loss: 23.774254
2025-05-28 11:24:13,964 INFO ==> Height map loss:  11.503464
2025-05-28 11:24:24,177 INFO ==> EMD Loss: 23.784613
2025-05-28 11:24:24,177 INFO ==> Height map loss:  11.739534
2025-05-28 11:24:34,686 INFO ==> EMD Loss: 23.974852
2025-05-28 11:24:34,686 INFO ==> Height map loss:  11.814122
2025-05-28 11:24:45,202 INFO ==> EMD Loss: 24.106440
2025-05-28 11:24:45,202 INFO ==> Height map loss:  11.852221
2025-05-28 11:25:08,991 INFO =====> Skill params: [-0.84175926 -0.6137981   0.54586554  0.15542564 -0.8027138 ]
2025-05-28 11:25:08,991 INFO =====> Grad: [ -622.2222  -5541.653    -419.95587  -682.87286   477.24503]
2025-05-28 11:25:08,991 INFO =====> Num. aborted data so far: 0
2025-05-28 11:25:08,992 INFO ===========> Epoch: 2 optimisation losses
2025-05-28 11:25:08,992 INFO =====> EMD Loss: 23.774227
2025-05-28 11:25:08,992 INFO =====> Height map loss: 11.502586
2025-05-28 11:25:19,128 INFO ==> EMD Loss: 23.749062
2025-05-28 11:25:19,128 INFO ==> Height map loss:  11.505641
2025-05-28 11:25:28,939 INFO ==> EMD Loss: 23.748085
2025-05-28 11:25:28,939 INFO ==> Height map loss:  11.515350
2025-05-28 11:25:38,869 INFO ==> EMD Loss: 23.876282
2025-05-28 11:25:38,869 INFO ==> Height map loss:  11.641562
2025-05-28 11:25:48,560 INFO ==> EMD Loss: 23.855545
2025-05-28 11:25:48,560 INFO ==> Height map loss:  11.660648
2025-05-28 11:25:58,194 INFO ==> EMD Loss: 23.866501
2025-05-28 11:25:58,194 INFO ==> Height map loss:  11.496247
2025-05-28 11:26:20,073 INFO =====> Skill params: [-0.72582275 -0.5135898   0.68677473  0.34069678 -0.99026287]
2025-05-28 11:26:20,073 INFO =====> Grad: [ 617.64703  -628.71124   411.32877   -30.278683 -869.34863 ]
2025-05-28 11:26:20,073 INFO =====> Num. aborted data so far: 0
2025-05-28 11:26:20,074 INFO ===========> Epoch: 3 optimisation losses
2025-05-28 11:26:20,074 INFO =====> EMD Loss: 23.866295
2025-05-28 11:26:20,074 INFO =====> Height map loss: 11.496088
2025-05-28 11:26:29,550 INFO ==> EMD Loss: 23.896189
2025-05-28 11:26:29,550 INFO ==> Height map loss:  11.583173
2025-05-28 11:26:39,147 INFO ==> EMD Loss: 24.077198
2025-05-28 11:26:39,147 INFO ==> Height map loss:  11.972242
2025-05-28 11:26:48,604 INFO ==> EMD Loss: 24.210930
2025-05-28 11:26:48,604 INFO ==> Height map loss:  12.335237
2025-05-28 11:26:58,318 INFO ==> EMD Loss: 24.476927
2025-05-28 11:26:58,318 INFO ==> Height map loss:  12.471697
2025-05-28 11:27:07,882 INFO ==> EMD Loss: 24.414196
2025-05-28 11:27:07,882 INFO ==> Height map loss:  12.338353
2025-05-28 11:27:29,700 INFO =====> Skill params: [-0.730933   -0.5129918   0.68100226  0.3411293  -0.9818697 ]
2025-05-28 11:27:29,700 INFO =====> Grad: [-617.64703 3944.3188    45.92353  255.74878 1285.3895 ]
2025-05-28 11:27:29,700 INFO =====> Num. aborted data so far: 0
2025-05-28 11:27:29,701 INFO ===========> Epoch: 4 optimisation losses
2025-05-28 11:27:29,701 INFO =====> EMD Loss: 23.895233
2025-05-28 11:27:29,701 INFO =====> Height map loss: 11.583010
2025-05-28 11:27:39,186 INFO ==> EMD Loss: 23.848707
2025-05-28 11:27:39,186 INFO ==> Height map loss:  11.491412
2025-05-28 11:27:48,838 INFO ==> EMD Loss: 23.853657
2025-05-28 11:27:48,838 INFO ==> Height map loss:  11.360541
2025-05-28 11:27:58,659 INFO ==> EMD Loss: 23.502157
2025-05-28 11:27:58,659 INFO ==> Height map loss:  11.012139
2025-05-28 11:28:08,467 INFO ==> EMD Loss: 23.697327
2025-05-28 11:28:08,468 INFO ==> Height map loss:  10.928251
2025-05-28 11:28:18,625 INFO ==> EMD Loss: 23.524151
2025-05-28 11:28:18,625 INFO ==> Height map loss:  10.827053
2025-05-28 11:28:41,598 INFO =====> Skill params: [-0.63724816 -0.58599454  0.6674502   0.26976722 -1.        ]
2025-05-28 11:28:41,598 INFO =====> Grad: [ 615.38464 4517.043    418.02225  452.11383 -508.76608]
2025-05-28 11:28:41,598 INFO =====> Num. aborted data so far: 0
2025-05-28 11:28:41,599 INFO ===========> Epoch: 5 optimisation losses
2025-05-28 11:28:41,599 INFO =====> EMD Loss: 23.515856
2025-05-28 11:28:41,599 INFO =====> Height map loss: 10.827085
2025-05-28 11:28:51,722 INFO ==> EMD Loss: 23.673296
2025-05-28 11:28:51,722 INFO ==> Height map loss:  10.831991
2025-05-28 11:29:01,551 INFO ==> EMD Loss: 23.528154
2025-05-28 11:29:01,551 INFO ==> Height map loss:  10.977777
2025-05-28 11:29:11,828 INFO ==> EMD Loss: 23.417244
2025-05-28 11:29:11,828 INFO ==> Height map loss:  11.081088
2025-05-28 11:29:21,962 INFO ==> EMD Loss: 23.500187
2025-05-28 11:29:21,962 INFO ==> Height map loss:  11.340034
2025-05-28 11:29:32,468 INFO ==> EMD Loss: 23.856342
2025-05-28 11:29:32,468 INFO ==> Height map loss:  11.686451
2025-05-28 11:29:55,624 INFO =====> Skill params: [-0.6416154  -0.5899908   0.6620872   0.26432243 -0.99696434]
2025-05-28 11:29:55,625 INFO =====> Grad: [  615.38464 -5441.0723    -70.75803   161.90344   252.99963]
2025-05-28 11:29:55,625 INFO =====> Num. aborted data so far: 0
2025-05-28 11:29:55,625 INFO ===========> Epoch: 6 optimisation losses
2025-05-28 11:29:55,625 INFO =====> EMD Loss: 23.673952
2025-05-28 11:29:55,625 INFO =====> Height map loss: 10.831724
2025-05-28 11:30:05,664 INFO ==> EMD Loss: 23.537302
2025-05-28 11:30:05,665 INFO ==> Height map loss:  10.833914
2025-05-28 11:30:15,550 INFO ==> EMD Loss: 23.662477
2025-05-28 11:30:15,550 INFO ==> Height map loss:  10.885556
2025-05-28 11:30:25,112 INFO ==> EMD Loss: 23.513781
2025-05-28 11:30:25,112 INFO ==> Height map loss:  10.949286
2025-05-28 11:30:34,731 INFO ==> EMD Loss: 23.697693
2025-05-28 11:30:34,731 INFO ==> Height map loss:  11.201279
2025-05-28 11:30:44,161 INFO ==> EMD Loss: 23.778481
2025-05-28 11:30:44,161 INFO ==> Height map loss:  11.363647
2025-05-28 11:31:07,234 INFO =====> Skill params: [-0.645757   -0.58551645  0.66303927  0.26231375 -0.99853367]
2025-05-28 11:31:07,235 INFO =====> Grad: [ 615.38464 6899.695    417.9859   155.60733 -207.37654]
2025-05-28 11:31:07,235 INFO =====> Num. aborted data so far: 0
2025-05-28 11:31:07,236 INFO ===========> Epoch: 7 optimisation losses
2025-05-28 11:31:07,236 INFO =====> EMD Loss: 23.539186
2025-05-28 11:31:07,236 INFO =====> Height map loss: 10.832663
2025-05-28 11:31:17,184 INFO ==> EMD Loss: 23.541098
2025-05-28 11:31:17,184 INFO ==> Height map loss:  10.899145
2025-05-28 11:31:27,344 INFO ==> EMD Loss: 23.393354
2025-05-28 11:31:27,344 INFO ==> Height map loss:  11.031459
2025-05-28 11:31:37,307 INFO ==> EMD Loss: 23.420185
2025-05-28 11:31:37,307 INFO ==> Height map loss:  11.155931
2025-05-28 11:31:47,637 INFO ==> EMD Loss: 23.607260
2025-05-28 11:31:47,637 INFO ==> Height map loss:  11.456548
2025-05-28 11:31:58,024 INFO ==> EMD Loss: 24.021317
2025-05-28 11:31:58,024 INFO ==> Height map loss:  11.730968
2025-05-28 11:32:21,113 INFO =====> Skill params: [-0.64972293 -0.5905757   0.65801185  0.26032403 -0.9971914 ]
2025-05-28 11:32:21,114 INFO =====> Grad: [ -615.38464 -6110.013    -418.3653   -377.65936   127.48036]
2025-05-28 11:32:21,114 INFO =====> Num. aborted data so far: 0
2025-05-28 11:32:21,114 INFO ===========> Epoch: 8 optimisation losses
2025-05-28 11:32:21,114 INFO =====> EMD Loss: 23.541340
2025-05-28 11:32:21,114 INFO =====> Height map loss: 10.899409
2025-05-28 11:32:31,282 INFO ==> EMD Loss: 23.524662
2025-05-28 11:32:31,282 INFO ==> Height map loss:  10.827316
2025-05-28 11:32:40,989 INFO ==> EMD Loss: 23.985256
2025-05-28 11:32:40,990 INFO ==> Height map loss:  10.859803
2025-05-28 11:32:50,736 INFO ==> EMD Loss: 23.567904
2025-05-28 11:32:50,736 INFO ==> Height map loss:  10.778987
2025-05-28 11:33:00,260 INFO ==> EMD Loss: 23.748613
2025-05-28 11:33:00,260 INFO ==> Height map loss:  10.727876
2025-05-28 11:33:09,895 INFO ==> EMD Loss: 23.322142
2025-05-28 11:33:09,895 INFO ==> Height map loss:  10.604625
2025-05-28 11:33:31,568 INFO =====> Skill params: [-0.5732134  -0.5060216   0.7506055   0.35003212 -1.        ]
2025-05-28 11:33:31,568 INFO =====> Grad: [ -304.66724 -1275.6493   -348.10046   417.3768   -609.5715 ]
2025-05-28 11:33:31,568 INFO =====> Num. aborted data so far: 0
2025-05-28 11:33:31,569 INFO ===========> Epoch: 9 optimisation losses
2025-05-28 11:33:31,569 INFO =====> EMD Loss: 23.329035
2025-05-28 11:33:31,569 INFO =====> Height map loss: 10.604753
2025-05-28 11:33:41,338 INFO ==> EMD Loss: 23.358627
2025-05-28 11:33:41,338 INFO ==> Height map loss:  10.610341
2025-05-28 11:33:50,824 INFO ==> EMD Loss: 23.304827
2025-05-28 11:33:50,824 INFO ==> Height map loss:  10.538938
2025-05-28 11:34:00,414 INFO ==> EMD Loss: 23.226807
2025-05-28 11:34:00,414 INFO ==> Height map loss:  10.532410
2025-05-28 11:34:09,833 INFO ==> EMD Loss: 23.204309
2025-05-28 11:34:09,833 INFO ==> Height map loss:  10.473535
2025-05-28 11:34:19,518 INFO ==> EMD Loss: 23.188246
2025-05-28 11:34:19,519 INFO ==> Height map loss:  10.535340
2025-05-28 11:34:41,379 INFO =====> Skill params: [-0.5439095  -0.49213216  0.8065996   0.28137815 -0.9405125 ]
2025-05-28 11:34:41,379 INFO =====> Grad: [-627.6923  5414.2793   113.18035 -471.9164   747.38574]
2025-05-28 11:34:41,379 INFO =====> Num. aborted data so far: 0
2025-05-28 11:34:41,380 INFO ===========> Epoch: 10 optimisation losses
2025-05-28 11:34:41,380 INFO =====> EMD Loss: 23.203293
2025-05-28 11:34:41,380 INFO =====> Height map loss: 10.473462
2025-05-28 11:34:50,941 INFO ==> EMD Loss: 23.240551
2025-05-28 11:34:50,941 INFO ==> Height map loss:  10.487790
2025-05-28 11:35:00,719 INFO ==> EMD Loss: 23.427298
2025-05-28 11:35:00,719 INFO ==> Height map loss:  10.344204
2025-05-28 11:35:10,323 INFO ==> EMD Loss: 23.786570
2025-05-28 11:35:10,323 INFO ==> Height map loss:  10.255759
2025-05-28 11:35:20,107 INFO ==> EMD Loss: 23.598288
2025-05-28 11:35:20,107 INFO ==> Height map loss:  10.321287
2025-05-28 11:35:29,906 INFO ==> EMD Loss: 23.568689
2025-05-28 11:35:29,907 INFO ==> Height map loss:  10.361650
2025-05-28 11:35:52,151 INFO =====> Skill params: [-0.5051798  -0.5300971   0.7939207   0.32866734 -0.9856066 ]
2025-05-28 11:35:52,151 INFO =====> Grad: [  617.1429  -3929.6648    -96.83908  -262.07556 -1278.7772 ]
2025-05-28 11:35:52,151 INFO =====> Num. aborted data so far: 0
2025-05-28 11:35:52,152 INFO ===========> Epoch: 11 optimisation losses
2025-05-28 11:35:52,152 INFO =====> EMD Loss: 23.785257
2025-05-28 11:35:52,152 INFO =====> Height map loss: 10.255648
2025-05-28 11:36:01,859 INFO ==> EMD Loss: 23.860031
2025-05-28 11:36:01,859 INFO ==> Height map loss:  10.272689
2025-05-28 11:36:11,579 INFO ==> EMD Loss: 23.325672
2025-05-28 11:36:11,579 INFO ==> Height map loss:  10.409257
2025-05-28 11:36:21,167 INFO ==> EMD Loss: 23.271603
2025-05-28 11:36:21,167 INFO ==> Height map loss:  10.671781
2025-05-28 11:36:30,806 INFO ==> EMD Loss: 23.784853
2025-05-28 11:36:30,806 INFO ==> Height map loss:  11.052156
2025-05-28 11:36:40,300 INFO ==> EMD Loss: 24.628490
2025-05-28 11:36:40,300 INFO ==> Height map loss:  11.615363
2025-05-28 11:37:02,713 INFO =====> Skill params: [-0.50887644 -0.52731985  0.795056    0.33132476 -0.97943205]
2025-05-28 11:37:02,713 INFO =====> Grad: [  617.1429   -5070.1675     -98.040016  -276.26776  -1206.0076  ]
2025-05-28 11:37:02,713 INFO =====> Num. aborted data so far: 0
2025-05-28 11:37:02,714 INFO ===========> Epoch: 12 optimisation losses
2025-05-28 11:37:02,714 INFO =====> EMD Loss: 23.860008
2025-05-28 11:37:02,714 INFO =====> Height map loss: 10.277363
2025-05-28 11:37:12,387 INFO ==> EMD Loss: 23.536804
2025-05-28 11:37:12,387 INFO ==> Height map loss:  10.343512
2025-05-28 11:37:22,160 INFO ==> EMD Loss: 23.219353
2025-05-28 11:37:22,161 INFO ==> Height map loss:  10.483568
2025-05-28 11:37:31,748 INFO ==> EMD Loss: 23.378641
2025-05-28 11:37:31,749 INFO ==> Height map loss:  10.734158
2025-05-28 11:37:41,412 INFO ==> EMD Loss: 24.146605
2025-05-28 11:37:41,412 INFO ==> Height map loss:  11.184223
2025-05-28 11:37:50,793 INFO ==> EMD Loss: 24.842787
2025-05-28 11:37:50,794 INFO ==> Height map loss:  11.744687
2025-05-28 11:38:12,938 INFO =====> Skill params: [-0.5124808  -0.5238106   0.7962578   0.33414418 -0.9742785 ]
2025-05-28 11:38:12,938 INFO =====> Grad: [ 626.087   3145.7317   412.41794  542.5211  -417.65005]
2025-05-28 11:38:12,938 INFO =====> Num. aborted data so far: 0
2025-05-28 11:38:12,939 INFO ===========> Epoch: 13 optimisation losses
2025-05-28 11:38:12,940 INFO =====> EMD Loss: 23.360029
2025-05-28 11:38:12,940 INFO =====> Height map loss: 10.343669
2025-05-28 11:38:22,698 INFO ==> EMD Loss: 23.509619
2025-05-28 11:38:22,698 INFO ==> Height map loss:  10.342477
2025-05-28 11:38:32,625 INFO ==> EMD Loss: 23.546598
2025-05-28 11:38:32,625 INFO ==> Height map loss:  10.354190
2025-05-28 11:38:42,437 INFO ==> EMD Loss: 23.709528
2025-05-28 11:38:42,437 INFO ==> Height map loss:  10.394536
2025-05-28 11:38:52,392 INFO ==> EMD Loss: 23.514753
2025-05-28 11:38:52,392 INFO ==> Height map loss:  10.524402
2025-05-28 11:39:02,202 INFO ==> EMD Loss: 23.724672
2025-05-28 11:39:02,202 INFO ==> Height map loss:  10.607020
2025-05-28 11:39:24,581 INFO =====> Skill params: [-0.5160517  -0.5260413   0.7916117   0.32917333 -0.9724332 ]
2025-05-28 11:39:24,581 INFO =====> Grad: [  617.1429  -5387.5576    -98.59257   314.15436  -248.67229]
2025-05-28 11:39:24,581 INFO =====> Num. aborted data so far: 0
2025-05-28 11:39:24,582 INFO ===========> Epoch: 14 optimisation losses
2025-05-28 11:39:24,582 INFO =====> EMD Loss: 23.686369
2025-05-28 11:39:24,582 INFO =====> Height map loss: 10.343301
2025-05-28 11:39:34,243 INFO ==> EMD Loss: 23.388824
2025-05-28 11:39:34,243 INFO ==> Height map loss:  10.336489
2025-05-28 11:39:43,996 INFO ==> EMD Loss: 23.302107
2025-05-28 11:39:43,996 INFO ==> Height map loss:  10.413349
2025-05-28 11:39:53,479 INFO ==> EMD Loss: 23.389441
2025-05-28 11:39:53,479 INFO ==> Height map loss:  10.509214
2025-05-28 11:40:03,030 INFO ==> EMD Loss: 23.128248
2025-05-28 11:40:03,030 INFO ==> Height map loss:  10.731686
2025-05-28 11:40:12,258 INFO ==> EMD Loss: 23.627296
2025-05-28 11:40:12,258 INFO ==> Height map loss:  11.156343
2025-05-28 11:40:34,482 INFO =====> Skill params: [-0.51950717 -0.5223344   0.79277366  0.3262834  -0.9712836 ]
2025-05-28 11:40:34,482 INFO =====> Grad: [ 626.087   3763.4067   412.26355  464.20468 -491.4769 ]
2025-05-28 11:40:34,483 INFO =====> Num. aborted data so far: 0
2025-05-28 11:40:34,483 INFO ===========> Epoch: 15 optimisation losses
2025-05-28 11:40:34,483 INFO =====> EMD Loss: 23.388752
2025-05-28 11:40:34,483 INFO =====> Height map loss: 10.336443
2025-05-28 11:40:44,163 INFO ==> EMD Loss: 23.374807
2025-05-28 11:40:44,164 INFO ==> Height map loss:  10.341354
2025-05-28 11:40:54,092 INFO ==> EMD Loss: 23.515629
2025-05-28 11:40:54,092 INFO ==> Height map loss:  10.359563
2025-05-28 11:41:03,916 INFO ==> EMD Loss: 23.503044
2025-05-28 11:41:03,916 INFO ==> Height map loss:  10.408662
2025-05-28 11:41:13,932 INFO ==> EMD Loss: 23.391361
2025-05-28 11:41:13,932 INFO ==> Height map loss:  10.561394
2025-05-28 11:41:23,779 INFO ==> EMD Loss: 23.521015
2025-05-28 11:41:23,779 INFO ==> Height map loss:  10.582213
2025-05-28 11:41:46,172 INFO =====> Skill params: [-0.52295035 -0.5249575   0.7882669   0.3222167  -0.9689615 ]
2025-05-28 11:41:46,172 INFO =====> Grad: [ 626.087   -240.91159  412.5372   559.2665  -510.90967]
2025-05-28 11:41:46,172 INFO =====> Num. aborted data so far: 0
2025-05-28 11:41:46,173 INFO ===========> Epoch: 16 optimisation losses
2025-05-28 11:41:46,173 INFO =====> EMD Loss: 23.369799
2025-05-28 11:41:46,173 INFO =====> Height map loss: 10.341396
2025-05-28 11:41:55,896 INFO ==> EMD Loss: 23.386377
2025-05-28 11:41:55,896 INFO ==> Height map loss:  10.312286
2025-05-28 11:42:05,828 INFO ==> EMD Loss: 23.445005
2025-05-28 11:42:05,828 INFO ==> Height map loss:  10.397034
2025-05-28 11:42:15,489 INFO ==> EMD Loss: 23.535843
2025-05-28 11:42:15,489 INFO ==> Height map loss:  10.529143
2025-05-28 11:42:25,176 INFO ==> EMD Loss: 23.702103
2025-05-28 11:42:25,176 INFO ==> Height map loss:  10.546884
2025-05-28 11:42:34,958 INFO ==> EMD Loss: 23.555822
2025-05-28 11:42:34,959 INFO ==> Height map loss:  10.802178
2025-05-28 11:42:57,217 INFO =====> Skill params: [-0.5263402  -0.5247805   0.7840169   0.31768075 -0.9665038 ]
2025-05-28 11:42:57,217 INFO =====> Grad: [  626.087   -8720.659     -99.13732  -459.04645  -135.43517]
2025-05-28 11:42:57,217 INFO =====> Num. aborted data so far: 0
2025-05-28 11:42:57,218 INFO ===========> Epoch: 17 optimisation losses
2025-05-28 11:42:57,218 INFO =====> EMD Loss: 23.386297
2025-05-28 11:42:57,218 INFO =====> Height map loss: 10.312326
2025-05-28 11:43:06,899 INFO ==> EMD Loss: 23.344610
2025-05-28 11:43:06,899 INFO ==> Height map loss:  10.377486
2025-05-28 11:43:16,478 INFO ==> EMD Loss: 23.275841
2025-05-28 11:43:16,478 INFO ==> Height map loss:  10.574286
2025-05-28 11:43:26,172 INFO ==> EMD Loss: 23.542215
2025-05-28 11:43:26,172 INFO ==> Height map loss:  10.897450
2025-05-28 11:43:35,475 INFO ==> EMD Loss: 23.938026
2025-05-28 11:43:35,475 INFO ==> Height map loss:  11.294845
2025-05-28 11:43:44,884 INFO ==> EMD Loss: 24.493469
2025-05-28 11:43:44,884 INFO ==> Height map loss:  11.777890
2025-05-28 11:44:06,826 INFO =====> Skill params: [-0.52968407 -0.5192793   0.78508663  0.3213072  -0.9658189 ]
2025-05-28 11:44:06,826 INFO =====> Grad: [-626.087    6694.0684    101.5121    479.21594    15.517318]
2025-05-28 11:44:06,826 INFO =====> Num. aborted data so far: 0
2025-05-28 11:44:06,827 INFO ===========> Epoch: 18 optimisation losses
2025-05-28 11:44:06,827 INFO =====> EMD Loss: 23.344637
2025-05-28 11:44:06,827 INFO =====> Height map loss: 10.379189
2025-05-28 11:44:16,690 INFO ==> EMD Loss: 23.374441
2025-05-28 11:44:16,690 INFO ==> Height map loss:  10.344248
2025-05-28 11:44:26,356 INFO ==> EMD Loss: 23.696289
2025-05-28 11:44:26,356 INFO ==> Height map loss:  10.316404
2025-05-28 11:44:36,341 INFO ==> EMD Loss: 23.562620
2025-05-28 11:44:36,342 INFO ==> Height map loss:  10.249660
2025-05-28 11:44:46,233 INFO ==> EMD Loss: 23.129776
2025-05-28 11:44:46,234 INFO ==> Height map loss:  10.229301
2025-05-28 11:44:56,341 INFO ==> EMD Loss: 22.954155
2025-05-28 11:44:56,341 INFO ==> Height map loss:  10.326258
2025-05-28 11:45:19,161 INFO =====> Skill params: [-0.48012316 -0.5797249   0.7678949   0.2661313  -0.9670597 ]
2025-05-28 11:45:19,161 INFO =====> Grad: [ -623.37665 -3998.6162   -417.53714  -228.50371   895.91644]
2025-05-28 11:45:19,161 INFO =====> Num. aborted data so far: 0
2025-05-28 11:45:19,162 INFO ===========> Epoch: 19 optimisation losses
2025-05-28 11:45:19,162 INFO =====> EMD Loss: 23.128387
2025-05-28 11:45:19,162 INFO =====> Height map loss: 10.229328
2025-05-28 11:45:29,264 INFO ==> EMD Loss: 23.261972
2025-05-28 11:45:29,264 INFO ==> Height map loss:  10.230161
2025-05-28 11:45:39,098 INFO ==> EMD Loss: 23.544537
2025-05-28 11:45:39,098 INFO ==> Height map loss:  10.294355
2025-05-28 11:45:48,945 INFO ==> EMD Loss: 23.356243
2025-05-28 11:45:48,945 INFO ==> Height map loss:  10.295672
2025-05-28 11:45:58,853 INFO ==> EMD Loss: 23.460623
2025-05-28 11:45:58,853 INFO ==> Height map loss:  10.199634
2025-05-28 11:46:08,479 INFO ==> EMD Loss: 23.541996
2025-05-28 11:46:08,479 INFO ==> Height map loss:  10.098399
2025-05-28 11:46:18,240 INFO ===========> Finished training.
2025-05-28 11:46:18,240 INFO ====> Final EMD Loss: 23.541992
2025-05-28 11:46:18,240 INFO ====> Final Height map loss: 10.098539
2025-05-28 11:46:18,240 INFO ====> Final skill params: [-0.41498423 -0.530702    0.8559325   0.30242527 -1.        ]
